[2025-12-16T22:32:26.684+0800][0.002s][warning][gc] Consider setting -Xms equal to -Xmx to avoid resizing hiccups
[2025-12-16T22:32:26.684+0800][0.002s][warning][gc] Consider enabling -XX:+AlwaysPreTouch to avoid memory commit hiccups
[2025-12-16T22:32:26.687+0800][0.006s][info   ][gc] Resizeable heap; starting at 256M, max: 4096M, step: 128M
[2025-12-16T22:32:26.687+0800][0.006s][info   ][gc] Using TLAB allocation; max: 4096K
[2025-12-16T22:32:26.687+0800][0.006s][info   ][gc] Elastic TLABs enabled; elasticity: 1.10x
[2025-12-16T22:32:26.687+0800][0.006s][info   ][gc] Elastic TLABs decay enabled; decay time: 1000ms
[2025-12-16T22:32:26.687+0800][0.006s][info   ][gc] Using Epsilon
[2025-12-16T22:32:26.688+0800][0.006s][info   ][gc,heap,coops] Heap address: 0x0000000300004000, size: 4096 MB, Compressed Oops mode: Zero based, Oop shift amount: 3
[2025-12-16T22:32:26.741+0800][0.059s][info   ][gc,heap,exit ] Heap
[2025-12-16T22:32:26.741+0800][0.059s][info   ][gc,heap,exit ] Epsilon Heap
[2025-12-16T22:32:26.741+0800][0.059s][info   ][gc,heap,exit ] Allocation space:
[2025-12-16T22:32:26.741+0800][0.059s][info   ][gc,heap,exit ]  space 262144K,   0% used [0x0000000300004000, 0x0000000300104778, 0x0000000310004000)
[2025-12-16T22:32:26.741+0800][0.059s][info   ][gc,heap,exit ]  Metaspace       used 4590K, capacity 4662K, committed 4864K, reserved 1056768K
[2025-12-16T22:32:26.741+0800][0.059s][info   ][gc,heap,exit ]   class space    used 378K, capacity 398K, committed 512K, reserved 1048576K
[2025-12-16T22:32:26.741+0800][0.059s][info   ][gc           ] Heap: 4096M reserved, 256M (6.25%) committed, 1025K (0.02%) used
[2025-12-16T22:32:26.741+0800][0.059s][info   ][gc,metaspace ] Metaspace: 1032M reserved, 4864K (0.46%) committed, 4590K (0.43%) used
