[2025-12-16T22:32:26.953+0800][0.003s][info][gc] Using Parallel
[2025-12-16T22:32:26.954+0800][0.003s][info][gc,init] Version: 17.0.17+0 (release)
[2025-12-16T22:32:26.954+0800][0.003s][info][gc,init] CPUs: 10 total, 10 available
[2025-12-16T22:32:26.954+0800][0.003s][info][gc,init] Memory: 16384M
[2025-12-16T22:32:26.954+0800][0.003s][info][gc,init] Large Page Support: Disabled
[2025-12-16T22:32:26.954+0800][0.003s][info][gc,init] NUMA Support: Disabled
[2025-12-16T22:32:26.954+0800][0.003s][info][gc,init] Compressed Oops: Enabled (Zero based)
[2025-12-16T22:32:26.954+0800][0.003s][info][gc,init] Alignments: Space 512K, Generation 512K, Heap 8M
[2025-12-16T22:32:26.954+0800][0.003s][info][gc,init] Heap Min Capacity: 8M
[2025-12-16T22:32:26.954+0800][0.003s][info][gc,init] Heap Initial Capacity: 256M
[2025-12-16T22:32:26.954+0800][0.003s][info][gc,init] Heap Max Capacity: 4G
[2025-12-16T22:32:26.954+0800][0.003s][info][gc,init] Pre-touch: Disabled
[2025-12-16T22:32:26.954+0800][0.003s][info][gc,init] Parallel Workers: 9
[2025-12-16T22:32:26.956+0800][0.006s][info][gc,metaspace] CDS archive(s) mapped at: [0x0000007000000000-0x0000007000bc0000-0x0000007000bc0000), size 12320768, SharedBaseAddress: 0x0000007000000000, ArchiveRelocationMode: 1.
[2025-12-16T22:32:26.956+0800][0.006s][info][gc,metaspace] Compressed class space mapped at: 0x0000007001000000-0x0000007041000000, reserved size: 1073741824
[2025-12-16T22:32:26.956+0800][0.006s][info][gc,metaspace] Narrow klass base: 0x0000007000000000, Narrow klass shift: 0, Narrow klass range: 0x100000000
[2025-12-16T22:32:26.970+0800][0.020s][info][gc,heap,exit] Heap
[2025-12-16T22:32:26.970+0800][0.020s][info][gc,heap,exit]  PSYoungGen      total 76288K, used 13107K [0x00000007aab00000, 0x00000007b0000000, 0x0000000800000000)
[2025-12-16T22:32:26.970+0800][0.020s][info][gc,heap,exit]   eden space 65536K, 20% used [0x00000007aab00000,0x00000007ab7ccfc0,0x00000007aeb00000)
[2025-12-16T22:32:26.970+0800][0.020s][info][gc,heap,exit]   from space 10752K, 0% used [0x00000007af580000,0x00000007af580000,0x00000007b0000000)
[2025-12-16T22:32:26.970+0800][0.020s][info][gc,heap,exit]   to   space 10752K, 0% used [0x00000007aeb00000,0x00000007aeb00000,0x00000007af580000)
[2025-12-16T22:32:26.970+0800][0.020s][info][gc,heap,exit]  ParOldGen       total 175104K, used 0K [0x0000000700000000, 0x000000070ab00000, 0x00000007aab00000)
[2025-12-16T22:32:26.970+0800][0.020s][info][gc,heap,exit]   object space 175104K, 0% used [0x0000000700000000,0x0000000700000000,0x000000070ab00000)
[2025-12-16T22:32:26.970+0800][0.020s][info][gc,heap,exit]  Metaspace       used 249K, committed 448K, reserved 1114112K
[2025-12-16T22:32:26.970+0800][0.020s][info][gc,heap,exit]   class space    used 15K, committed 128K, reserved 1048576K
