[2025-12-16T22:32:26.261+0800][0.004s][info][gc] Using Serial
[2025-12-16T22:32:26.261+0800][0.004s][info][gc,heap,coops] Heap address: 0x00000004aa800000, size: 4096 MB, Compressed Oops mode: Zero based, Oop shift amount: 3
[2025-12-16T22:32:26.303+0800][0.046s][info][gc,heap,exit ] Heap
[2025-12-16T22:32:26.303+0800][0.046s][info][gc,heap,exit ]  def new generation   total 78656K, used 13991K [0x00000004aa800000, 0x00000004afd50000, 0x00000004ffd50000)
[2025-12-16T22:32:26.303+0800][0.046s][info][gc,heap,exit ]   eden space 69952K,  20% used [0x00000004aa800000, 0x00000004ab5a9c80, 0x00000004aec50000)
[2025-12-16T22:32:26.303+0800][0.046s][info][gc,heap,exit ]   from space 8704K,   0% used [0x00000004aec50000, 0x00000004aec50000, 0x00000004af4d0000)
[2025-12-16T22:32:26.303+0800][0.046s][info][gc,heap,exit ]   to   space 8704K,   0% used [0x00000004af4d0000, 0x00000004af4d0000, 0x00000004afd50000)
[2025-12-16T22:32:26.303+0800][0.046s][info][gc,heap,exit ]  tenured generation   total 174784K, used 0K [0x00000004ffd50000, 0x000000050a800000, 0x00000005aa800000)
[2025-12-16T22:32:26.303+0800][0.046s][info][gc,heap,exit ]    the space 174784K,   0% used [0x00000004ffd50000, 0x00000004ffd50000, 0x00000004ffd50200, 0x000000050a800000)
[2025-12-16T22:32:26.303+0800][0.046s][info][gc,heap,exit ]  Metaspace       used 4585K, capacity 4662K, committed 4864K, reserved 1056768K
[2025-12-16T22:32:26.303+0800][0.046s][info][gc,heap,exit ]   class space    used 378K, capacity 398K, committed 512K, reserved 1048576K
