[2025-12-16T22:32:28.303+0800][0.003s][info][gc] Using Epsilon
[2025-12-16T22:32:28.303+0800][0.003s][info][gc,init] Version: 25.0.1 (release)
[2025-12-16T22:32:28.303+0800][0.003s][info][gc,init] CPUs: 10 total, 10 available
[2025-12-16T22:32:28.303+0800][0.003s][info][gc,init] Memory: 16384M
[2025-12-16T22:32:28.303+0800][0.003s][info][gc,init] Large Page Support: Disabled
[2025-12-16T22:32:28.303+0800][0.003s][info][gc,init] NUMA Support: Disabled
[2025-12-16T22:32:28.303+0800][0.003s][info][gc,init] Compressed Oops: Enabled (Zero based)
[2025-12-16T22:32:28.303+0800][0.003s][info][gc,init] Heap Min Capacity: 6656K
[2025-12-16T22:32:28.303+0800][0.003s][info][gc,init] Heap Initial Capacity: 256M
[2025-12-16T22:32:28.303+0800][0.003s][info][gc,init] Heap Max Capacity: 4G
[2025-12-16T22:32:28.303+0800][0.003s][info][gc,init] Pre-touch: Disabled
[2025-12-16T22:32:28.303+0800][0.003s][info][gc,init] TLAB Size Max: 4M
[2025-12-16T22:32:28.303+0800][0.003s][info][gc,init] TLAB Size Elasticity: 1.10x
[2025-12-16T22:32:28.303+0800][0.003s][info][gc,init] TLAB Size Decay Time: 1000ms
[2025-12-16T22:32:28.303+0800][0.003s][info][gc     ] Consider setting -Xms equal to -Xmx to avoid resizing hiccups
[2025-12-16T22:32:28.303+0800][0.003s][info][gc     ] Consider enabling -XX:+AlwaysPreTouch to avoid memory commit hiccups
[2025-12-16T22:32:28.305+0800][0.005s][info][gc,metaspace] CDS archive(s) mapped at: [0x000003fc00000000-0x000003fc00d94000-0x000003fc00d94000), size 14237696, SharedBaseAddress: 0x000003fc00000000, ArchiveRelocationMode: 1.
[2025-12-16T22:32:28.305+0800][0.005s][info][gc,metaspace] Compressed class space mapped at: 0x000003fc01000000-0x000003fc41000000, reserved size: 1073741824
[2025-12-16T22:32:28.305+0800][0.005s][info][gc,metaspace] UseCompressedClassPointers 1, UseCompactObjectHeaders 0
[2025-12-16T22:32:28.305+0800][0.005s][info][gc,metaspace] Narrow klass pointer bits 32, Max shift 3
[2025-12-16T22:32:28.305+0800][0.005s][info][gc,metaspace] Narrow klass base: 0x000003fc00000000, Narrow klass shift: 0
[2025-12-16T22:32:28.305+0800][0.005s][info][gc,metaspace] Encoding Range: [0x000003fc00000000 - 0x000003fd00000000), (4294967296 bytes)
[2025-12-16T22:32:28.305+0800][0.005s][info][gc,metaspace] Klass Range:    [0x000003fc00004000 - 0x000003fc41000000), (1090502656 bytes)
[2025-12-16T22:32:28.305+0800][0.005s][info][gc,metaspace] Klass ID Range:  [16384 - 1090519033) (1090502649)
[2025-12-16T22:32:28.305+0800][0.005s][info][gc,metaspace] Protection zone: [0x000003fc00000000 - 0x000003fc00004000), (16384 bytes)
[2025-12-16T22:32:28.317+0800][0.017s][info][gc,exit     ] Heap
[2025-12-16T22:32:28.317+0800][0.017s][info][gc,exit     ]  Epsilon Heap
[2025-12-16T22:32:28.317+0800][0.017s][info][gc,exit     ]   Allocation space:
[2025-12-16T22:32:28.317+0800][0.017s][info][gc,exit     ]    space 262144K,   0% used [0x00000003c0000000, 0x00000003c01a9b80, 0x00000003d0000000)
[2025-12-16T22:32:28.317+0800][0.017s][info][gc,exit     ]  Metaspace       used 238K, committed 448K, reserved 1114112K
[2025-12-16T22:32:28.317+0800][0.017s][info][gc,exit     ]   class space    used 13K, committed 128K, reserved 1048576K
[2025-12-16T22:32:28.317+0800][0.017s][info][gc          ] Heap: 4096M reserved, 256M (6.25%) committed, 1702K (0.04%) used
[2025-12-16T22:32:28.317+0800][0.017s][info][gc,metaspace] Metaspace: 1088M reserved, 448K (0.04%) committed, 238K (0.02%) used
