[2025-12-16T22:32:28.059+0800][0.003s][info][gc,init] CardTable entry size: 512
[2025-12-16T22:32:28.059+0800][0.003s][info][gc     ] Using G1
[2025-12-16T22:32:28.059+0800][0.004s][info][gc,init] Version: 25.0.1 (release)
[2025-12-16T22:32:28.059+0800][0.004s][info][gc,init] CPUs: 10 total, 10 available
[2025-12-16T22:32:28.059+0800][0.004s][info][gc,init] Memory: 16384M
[2025-12-16T22:32:28.059+0800][0.004s][info][gc,init] Large Page Support: Disabled
[2025-12-16T22:32:28.059+0800][0.004s][info][gc,init] NUMA Support: Disabled
[2025-12-16T22:32:28.059+0800][0.004s][info][gc,init] Compressed Oops: Enabled (Zero based)
[2025-12-16T22:32:28.059+0800][0.004s][info][gc,init] Heap Region Size: 2M
[2025-12-16T22:32:28.059+0800][0.004s][info][gc,init] Heap Min Capacity: 8M
[2025-12-16T22:32:28.059+0800][0.004s][info][gc,init] Heap Initial Capacity: 256M
[2025-12-16T22:32:28.059+0800][0.004s][info][gc,init] Heap Max Capacity: 4G
[2025-12-16T22:32:28.059+0800][0.004s][info][gc,init] Pre-touch: Disabled
[2025-12-16T22:32:28.059+0800][0.004s][info][gc,init] Parallel Workers: 9
[2025-12-16T22:32:28.059+0800][0.004s][info][gc,init] Concurrent Workers: 2
[2025-12-16T22:32:28.059+0800][0.004s][info][gc,init] Concurrent Refinement Workers: 9
[2025-12-16T22:32:28.059+0800][0.004s][info][gc,init] Periodic GC: Disabled
[2025-12-16T22:32:28.061+0800][0.005s][info][gc,metaspace] CDS archive(s) mapped at: [0x00000ff800000000-0x00000ff800d94000-0x00000ff800d94000), size 14237696, SharedBaseAddress: 0x00000ff800000000, ArchiveRelocationMode: 1.
[2025-12-16T22:32:28.061+0800][0.005s][info][gc,metaspace] Compressed class space mapped at: 0x00000ff801000000-0x00000ff841000000, reserved size: 1073741824
[2025-12-16T22:32:28.061+0800][0.005s][info][gc,metaspace] UseCompressedClassPointers 1, UseCompactObjectHeaders 0
[2025-12-16T22:32:28.061+0800][0.005s][info][gc,metaspace] Narrow klass pointer bits 32, Max shift 3
[2025-12-16T22:32:28.061+0800][0.005s][info][gc,metaspace] Narrow klass base: 0x00000ff800000000, Narrow klass shift: 0
[2025-12-16T22:32:28.061+0800][0.005s][info][gc,metaspace] Encoding Range: [0x00000ff800000000 - 0x00000ff900000000), (4294967296 bytes)
[2025-12-16T22:32:28.061+0800][0.005s][info][gc,metaspace] Klass Range:    [0x00000ff800004000 - 0x00000ff841000000), (1090502656 bytes)
[2025-12-16T22:32:28.061+0800][0.005s][info][gc,metaspace] Klass ID Range:  [16384 - 1090519033) (1090502649)
[2025-12-16T22:32:28.061+0800][0.005s][info][gc,metaspace] Protection zone: [0x00000ff800000000 - 0x00000ff800004000), (16384 bytes)
[2025-12-16T22:32:28.074+0800][0.018s][info][gc,exit     ] Heap
[2025-12-16T22:32:28.074+0800][0.018s][info][gc,exit     ]  garbage-first heap   total reserved 4194304K, committed 264192K, used 7293K [0x0000000300800000, 0x0000000400800000)
[2025-12-16T22:32:28.074+0800][0.018s][info][gc,exit     ]   region size 2048K, 3 young (6144K), 0 survivors (0K)
[2025-12-16T22:32:28.074+0800][0.018s][info][gc,exit     ]  Metaspace       used 238K, committed 448K, reserved 1114112K
[2025-12-16T22:32:28.074+0800][0.018s][info][gc,exit     ]   class space    used 13K, committed 128K, reserved 1048576K
