[2025-12-16T22:32:27.991+0800][0.003s][info][gc,init] CardTable entry size: 512
[2025-12-16T22:32:27.991+0800][0.003s][info][gc     ] Using Parallel
[2025-12-16T22:32:27.991+0800][0.003s][info][gc,init] Version: 25.0.1 (release)
[2025-12-16T22:32:27.991+0800][0.003s][info][gc,init] CPUs: 10 total, 10 available
[2025-12-16T22:32:27.991+0800][0.003s][info][gc,init] Memory: 16384M
[2025-12-16T22:32:27.991+0800][0.003s][info][gc,init] Large Page Support: Disabled
[2025-12-16T22:32:27.991+0800][0.003s][info][gc,init] NUMA Support: Disabled
[2025-12-16T22:32:27.991+0800][0.003s][info][gc,init] Compressed Oops: Enabled (Zero based)
[2025-12-16T22:32:27.991+0800][0.003s][info][gc,init] Alignments: Space 512K, Generation 512K, Heap 8M
[2025-12-16T22:32:27.991+0800][0.003s][info][gc,init] Heap Min Capacity: 8M
[2025-12-16T22:32:27.991+0800][0.003s][info][gc,init] Heap Initial Capacity: 256M
[2025-12-16T22:32:27.991+0800][0.003s][info][gc,init] Heap Max Capacity: 4G
[2025-12-16T22:32:27.991+0800][0.003s][info][gc,init] Pre-touch: Disabled
[2025-12-16T22:32:27.991+0800][0.003s][info][gc,init] Parallel Workers: 9
[2025-12-16T22:32:27.993+0800][0.005s][info][gc,metaspace] CDS archive(s) mapped at: [0x000003ff00000000-0x000003ff00d94000-0x000003ff00d94000), size 14237696, SharedBaseAddress: 0x000003ff00000000, ArchiveRelocationMode: 1.
[2025-12-16T22:32:27.993+0800][0.005s][info][gc,metaspace] Compressed class space mapped at: 0x000003ff01000000-0x000003ff41000000, reserved size: 1073741824
[2025-12-16T22:32:27.993+0800][0.005s][info][gc,metaspace] UseCompressedClassPointers 1, UseCompactObjectHeaders 0
[2025-12-16T22:32:27.993+0800][0.005s][info][gc,metaspace] Narrow klass pointer bits 32, Max shift 3
[2025-12-16T22:32:27.993+0800][0.005s][info][gc,metaspace] Narrow klass base: 0x000003ff00000000, Narrow klass shift: 0
[2025-12-16T22:32:27.993+0800][0.005s][info][gc,metaspace] Encoding Range: [0x000003ff00000000 - 0x0000040000000000), (4294967296 bytes)
[2025-12-16T22:32:27.993+0800][0.005s][info][gc,metaspace] Klass Range:    [0x000003ff00004000 - 0x000003ff41000000), (1090502656 bytes)
[2025-12-16T22:32:27.993+0800][0.005s][info][gc,metaspace] Klass ID Range:  [16384 - 1090519033) (1090502649)
[2025-12-16T22:32:27.993+0800][0.005s][info][gc,metaspace] Protection zone: [0x000003ff00000000 - 0x000003ff00004000), (16384 bytes)
[2025-12-16T22:32:28.005+0800][0.018s][info][gc,exit     ] Heap
[2025-12-16T22:32:28.006+0800][0.018s][info][gc,exit     ]  PSYoungGen      total 76288K, used 11796K [0x000000046ab00000, 0x0000000470000000, 0x00000004c0000000)
[2025-12-16T22:32:28.006+0800][0.018s][info][gc,exit     ]   eden space 65536K, 18% used [0x000000046ab00000,0x000000046b685300,0x000000046eb00000)
[2025-12-16T22:32:28.006+0800][0.018s][info][gc,exit     ]   from space 10752K, 0% used [0x000000046f580000,0x000000046f580000,0x0000000470000000)
[2025-12-16T22:32:28.006+0800][0.018s][info][gc,exit     ]   to   space 10752K, 0% used [0x000000046eb00000,0x000000046eb00000,0x000000046f580000)
[2025-12-16T22:32:28.006+0800][0.018s][info][gc,exit     ]  ParOldGen       total 175104K, used 1149K [0x00000003c0000000, 0x00000003cab00000, 0x000000046ab00000)
[2025-12-16T22:32:28.006+0800][0.018s][info][gc,exit     ]   object space 175104K, 0% used [0x00000003c0000000,0x00000003c011f730,0x00000003cab00000)
[2025-12-16T22:32:28.006+0800][0.018s][info][gc,exit     ]  Metaspace       used 238K, committed 448K, reserved 1114112K
[2025-12-16T22:32:28.006+0800][0.018s][info][gc,exit     ]   class space    used 13K, committed 128K, reserved 1048576K
