[2025-12-16T22:32:28.573+0800][0.003s][info][gc,init] CardTable entry size: 512
[2025-12-16T22:32:28.573+0800][0.003s][info][gc     ] Using G1
[2025-12-16T22:32:28.573+0800][0.004s][info][gc,init] Version: 26-ea+25-2529 (release)
[2025-12-16T22:32:28.573+0800][0.004s][info][gc,init] CPUs: 10 total, 10 available
[2025-12-16T22:32:28.573+0800][0.004s][info][gc,init] Memory: 16384M
[2025-12-16T22:32:28.573+0800][0.004s][info][gc,init] Large Page Support: Disabled
[2025-12-16T22:32:28.573+0800][0.004s][info][gc,init] NUMA Support: Disabled
[2025-12-16T22:32:28.573+0800][0.004s][info][gc,init] Compressed Oops: Enabled (Zero based)
[2025-12-16T22:32:28.573+0800][0.004s][info][gc,init] Heap Region Size: 2M
[2025-12-16T22:32:28.573+0800][0.004s][info][gc,init] Heap Min Capacity: 8M
[2025-12-16T22:32:28.573+0800][0.004s][info][gc,init] Heap Initial Capacity: 40M
[2025-12-16T22:32:28.573+0800][0.004s][info][gc,init] Heap Max Capacity: 4G
[2025-12-16T22:32:28.573+0800][0.004s][info][gc,init] Pre-touch: Disabled
[2025-12-16T22:32:28.573+0800][0.004s][info][gc,init] Parallel Workers: 9
[2025-12-16T22:32:28.573+0800][0.004s][info][gc,init] Concurrent Workers: 2
[2025-12-16T22:32:28.573+0800][0.004s][info][gc,init] Concurrent Refinement Workers: 9
[2025-12-16T22:32:28.573+0800][0.004s][info][gc,init] Periodic GC: Disabled
[2025-12-16T22:32:28.575+0800][0.005s][info][gc,metaspace] CDS archive(s) mapped at: [0x00001fe000000000-0x00001fe000da8000-0x00001fe000da8000), size 14319616, SharedBaseAddress: 0x00001fe000000000, ArchiveRelocationMode: 1.
[2025-12-16T22:32:28.575+0800][0.005s][info][gc,metaspace] Compressed class space mapped at: 0x00001fe001000000-0x00001fe041000000, reserved size: 1073741824
[2025-12-16T22:32:28.575+0800][0.005s][info][gc,metaspace] UseCompressedClassPointers 1, UseCompactObjectHeaders 0
[2025-12-16T22:32:28.575+0800][0.005s][info][gc,metaspace] Narrow klass pointer bits 32, Max shift 3
[2025-12-16T22:32:28.575+0800][0.005s][info][gc,metaspace] Narrow klass base: 0x00001fe000000000, Narrow klass shift: 0
[2025-12-16T22:32:28.575+0800][0.005s][info][gc,metaspace] Encoding Range: [0x00001fe000000000 - 0x00001fe100000000), (4294967296 bytes)
[2025-12-16T22:32:28.575+0800][0.005s][info][gc,metaspace] Klass Range:    [0x00001fe000000000 - 0x00001fe041000000), (1090519040 bytes)
[2025-12-16T22:32:28.575+0800][0.005s][info][gc,metaspace] Klass ID Range:  [8 - 1090519033) (1090519025)
[2025-12-16T22:32:28.575+0800][0.005s][info][gc,metaspace] Protection zone: [0x00001fe000000000 - 0x00001fe000004000), (16384 bytes)
[2025-12-16T22:32:28.588+0800][0.018s][info][gc,exit     ] Heap
[2025-12-16T22:32:28.588+0800][0.018s][info][gc,exit     ]  garbage-first heap   total reserved 4194304K, committed 43008K, used 4440K [0x0000000300800000, 0x0000000400800000)
[2025-12-16T22:32:28.588+0800][0.018s][info][gc,exit     ]   region size 2M, 2 eden (4M), 0 survivor (0M), 1 old (2M), 0 humongous (0M), 18 free (36M)
[2025-12-16T22:32:28.588+0800][0.018s][info][gc,exit     ]  Metaspace       used 239K, committed 448K, reserved 1114112K
[2025-12-16T22:32:28.588+0800][0.018s][info][gc,exit     ]   class space    used 15K, committed 128K, reserved 1048576K
