[2025-12-16T22:32:27.463+0800][0.003s][info][gc,init] CardTable entry size: 512
[2025-12-16T22:32:27.463+0800][0.003s][info][gc     ] Using Parallel
[2025-12-16T22:32:27.463+0800][0.003s][info][gc,init] Version: 21.0.9 (release)
[2025-12-16T22:32:27.463+0800][0.003s][info][gc,init] CPUs: 10 total, 10 available
[2025-12-16T22:32:27.463+0800][0.003s][info][gc,init] Memory: 16384M
[2025-12-16T22:32:27.463+0800][0.003s][info][gc,init] Large Page Support: Disabled
[2025-12-16T22:32:27.463+0800][0.003s][info][gc,init] NUMA Support: Disabled
[2025-12-16T22:32:27.463+0800][0.003s][info][gc,init] Compressed Oops: Enabled (Zero based)
[2025-12-16T22:32:27.463+0800][0.003s][info][gc,init] Alignments: Space 512K, Generation 512K, Heap 8M
[2025-12-16T22:32:27.463+0800][0.003s][info][gc,init] Heap Min Capacity: 8M
[2025-12-16T22:32:27.463+0800][0.003s][info][gc,init] Heap Initial Capacity: 256M
[2025-12-16T22:32:27.463+0800][0.003s][info][gc,init] Heap Max Capacity: 4G
[2025-12-16T22:32:27.463+0800][0.003s][info][gc,init] Pre-touch: Disabled
[2025-12-16T22:32:27.463+0800][0.003s][info][gc,init] Parallel Workers: 9
[2025-12-16T22:32:27.466+0800][0.006s][info][gc,metaspace] CDS archive(s) mapped at: [0x0000007800000000-0x0000007800c9c000-0x0000007800c9c000), size 13221888, SharedBaseAddress: 0x0000007800000000, ArchiveRelocationMode: 1.
[2025-12-16T22:32:27.466+0800][0.006s][info][gc,metaspace] Compressed class space mapped at: 0x0000007801000000-0x0000007841000000, reserved size: 1073741824
[2025-12-16T22:32:27.466+0800][0.006s][info][gc,metaspace] Narrow klass base: 0x0000007800000000, Narrow klass shift: 0, Narrow klass range: 0x100000000
[2025-12-16T22:32:27.478+0800][0.018s][info][gc,heap,exit] Heap
[2025-12-16T22:32:27.478+0800][0.018s][info][gc,heap,exit]  PSYoungGen      total 76288K, used 14418K [0x000000057fb00000, 0x0000000585000000, 0x00000005d5000000)
[2025-12-16T22:32:27.478+0800][0.018s][info][gc,heap,exit]   eden space 65536K, 22% used [0x000000057fb00000,0x00000005809148e8,0x0000000583b00000)
[2025-12-16T22:32:27.478+0800][0.018s][info][gc,heap,exit]   from space 10752K, 0% used [0x0000000584580000,0x0000000584580000,0x0000000585000000)
[2025-12-16T22:32:27.478+0800][0.018s][info][gc,heap,exit]   to   space 10752K, 0% used [0x0000000583b00000,0x0000000583b00000,0x0000000584580000)
[2025-12-16T22:32:27.478+0800][0.018s][info][gc,heap,exit]  ParOldGen       total 175104K, used 1056K [0x00000004d5000000, 0x00000004dfb00000, 0x000000057fb00000)
[2025-12-16T22:32:27.478+0800][0.018s][info][gc,heap,exit]   object space 175104K, 0% used [0x00000004d5000000,0x00000004d5108150,0x00000004dfb00000)
[2025-12-16T22:32:27.478+0800][0.018s][info][gc,heap,exit]  Metaspace       used 178K, committed 384K, reserved 1114112K
[2025-12-16T22:32:27.478+0800][0.018s][info][gc,heap,exit]   class space    used 12K, committed 128K, reserved 1048576K
