[2025-12-16T22:32:49.182+0800][0.004s][info][gc,heap] Heap region size: 1M
[2025-12-16T22:32:49.183+0800][0.004s][info][gc     ] Using G1
[2025-12-16T22:32:49.183+0800][0.004s][info][gc,heap,coops] Heap address: 0x00000006c0000000, size: 4096 MB, Compressed Oops mode: Zero based, Oop shift amount: 3
[2025-12-16T22:32:49.204+0800][0.026s][info][gc,start     ] GC(0) Pause Young (Concurrent Start) (G1 Humongous Allocation)
[2025-12-16T22:32:49.205+0800][0.026s][info][gc,task      ] GC(0) Using 6 workers of 9 for evacuation
[2025-12-16T22:32:49.205+0800][0.027s][info][gc,phases    ] GC(0)   Pre Evacuate Collection Set: 0.0ms
[2025-12-16T22:32:49.205+0800][0.027s][info][gc,phases    ] GC(0)   Evacuate Collection Set: 0.5ms
[2025-12-16T22:32:49.205+0800][0.027s][info][gc,phases    ] GC(0)   Post Evacuate Collection Set: 0.0ms
[2025-12-16T22:32:49.205+0800][0.027s][info][gc,phases    ] GC(0)   Other: 0.1ms
[2025-12-16T22:32:49.205+0800][0.027s][info][gc,heap      ] GC(0) Eden regions: 2->0(152)
[2025-12-16T22:32:49.205+0800][0.027s][info][gc,heap      ] GC(0) Survivor regions: 0->1(3)
[2025-12-16T22:32:49.205+0800][0.027s][info][gc,heap      ] GC(0) Old regions: 0->0
[2025-12-16T22:32:49.205+0800][0.027s][info][gc,heap      ] GC(0) Humongous regions: 0->0
[2025-12-16T22:32:49.205+0800][0.027s][info][gc,metaspace ] GC(0) Metaspace: 3373K(4864K)->3373K(4864K) NonClass: 3074K(4352K)->3074K(4352K) Class: 298K(512K)->298K(512K)
[2025-12-16T22:32:49.205+0800][0.027s][info][gc           ] GC(0) Pause Young (Concurrent Start) (G1 Humongous Allocation) 1M->0M(256M) 0.683ms
[2025-12-16T22:32:49.205+0800][0.027s][info][gc,cpu       ] GC(0) User=0.00s Sys=0.00s Real=0.00s
[2025-12-16T22:32:49.205+0800][0.027s][info][gc           ] GC(1) Concurrent Cycle
[2025-12-16T22:32:49.205+0800][0.027s][info][gc,marking   ] GC(1) Concurrent Clear Claimed Marks
[2025-12-16T22:32:49.205+0800][0.027s][info][gc,marking   ] GC(1) Concurrent Clear Claimed Marks 0.006ms
[2025-12-16T22:32:49.205+0800][0.027s][info][gc,marking   ] GC(1) Concurrent Scan Root Regions
[2025-12-16T22:32:49.205+0800][0.027s][info][gc,marking   ] GC(1) Concurrent Scan Root Regions 0.175ms
[2025-12-16T22:32:49.205+0800][0.027s][info][gc,marking   ] GC(1) Concurrent Mark (0.027s)
[2025-12-16T22:32:49.205+0800][0.027s][info][gc,marking   ] GC(1) Concurrent Mark From Roots
[2025-12-16T22:32:49.205+0800][0.027s][info][gc,task      ] GC(1) Using 2 workers of 2 for marking
[2025-12-16T22:32:49.206+0800][0.027s][info][gc,marking   ] GC(1) Concurrent Mark From Roots 0.122ms
[2025-12-16T22:32:49.206+0800][0.027s][info][gc,marking   ] GC(1) Concurrent Preclean
[2025-12-16T22:32:49.206+0800][0.027s][info][gc,marking   ] GC(1) Concurrent Preclean 0.010ms
[2025-12-16T22:32:49.206+0800][0.027s][info][gc,marking   ] GC(1) Concurrent Mark (0.027s, 0.027s) 0.143ms
[2025-12-16T22:32:49.213+0800][0.034s][info][gc,start     ] GC(1) Pause Remark
[2025-12-16T22:32:49.213+0800][0.035s][info][gc,stringtable] GC(1) Cleaned string and symbol table, strings: 1367 processed, 0 removed, symbols: 16268 processed, 0 removed
[2025-12-16T22:32:49.213+0800][0.035s][info][gc            ] GC(1) Pause Remark 129M->129M(256M) 0.268ms
[2025-12-16T22:32:49.213+0800][0.035s][info][gc,cpu        ] GC(1) User=0.00s Sys=0.00s Real=0.00s
[2025-12-16T22:32:49.213+0800][0.035s][info][gc,marking    ] GC(1) Concurrent Rebuild Remembered Sets
[2025-12-16T22:32:49.213+0800][0.035s][info][gc,marking    ] GC(1) Concurrent Rebuild Remembered Sets 0.041ms
[2025-12-16T22:32:49.213+0800][0.035s][info][gc,start      ] GC(1) Pause Cleanup
[2025-12-16T22:32:49.213+0800][0.035s][info][gc            ] GC(1) Pause Cleanup 130M->130M(256M) 0.036ms
[2025-12-16T22:32:49.213+0800][0.035s][info][gc,cpu        ] GC(1) User=0.00s Sys=0.00s Real=0.00s
[2025-12-16T22:32:49.213+0800][0.035s][info][gc,marking    ] GC(1) Concurrent Cleanup for Next Mark
[2025-12-16T22:32:49.214+0800][0.035s][info][gc,marking    ] GC(1) Concurrent Cleanup for Next Mark 0.333ms
[2025-12-16T22:32:49.214+0800][0.035s][info][gc            ] GC(1) Concurrent Cycle 8.580ms
[2025-12-16T22:32:49.214+0800][0.036s][info][gc,heap,exit  ] Heap
[2025-12-16T22:32:49.214+0800][0.036s][info][gc,heap,exit  ]  garbage-first heap   total 262144K, used 132677K [0x00000006c0000000, 0x00000007c0000000)
[2025-12-16T22:32:49.214+0800][0.036s][info][gc,heap,exit  ]   region size 1024K, 2 young (2048K), 1 survivors (1024K)
[2025-12-16T22:32:49.214+0800][0.036s][info][gc,heap,exit  ]  Metaspace       used 3425K, capacity 4486K, committed 4864K, reserved 1056768K
[2025-12-16T22:32:49.214+0800][0.036s][info][gc,heap,exit  ]   class space    used 303K, capacity 386K, committed 512K, reserved 1048576K
