[2025-12-16T22:32:48.934+0800][0.004s][info][gc] Using Serial
[2025-12-16T22:32:48.934+0800][0.004s][info][gc,heap,coops] Heap address: 0x00000006c0000000, size: 4096 MB, Compressed Oops mode: Zero based, Oop shift amount: 3
[2025-12-16T22:32:48.960+0800][0.030s][info][gc,heap,exit ] Heap
[2025-12-16T22:32:48.960+0800][0.030s][info][gc,heap,exit ]  def new generation   total 78656K, used 5596K [0x00000006c0000000, 0x00000006c5550000, 0x0000000715550000)
[2025-12-16T22:32:48.960+0800][0.030s][info][gc,heap,exit ]   eden space 69952K,   8% used [0x00000006c0000000, 0x00000006c05772f8, 0x00000006c4450000)
[2025-12-16T22:32:48.960+0800][0.030s][info][gc,heap,exit ]   from space 8704K,   0% used [0x00000006c4450000, 0x00000006c4450000, 0x00000006c4cd0000)
[2025-12-16T22:32:48.960+0800][0.030s][info][gc,heap,exit ]   to   space 8704K,   0% used [0x00000006c4cd0000, 0x00000006c4cd0000, 0x00000006c5550000)
[2025-12-16T22:32:48.960+0800][0.030s][info][gc,heap,exit ]  tenured generation   total 174784K, used 131072K [0x0000000715550000, 0x0000000720000000, 0x00000007c0000000)
[2025-12-16T22:32:48.960+0800][0.030s][info][gc,heap,exit ]    the space 174784K,  74% used [0x0000000715550000, 0x000000071d550010, 0x000000071d550200, 0x0000000720000000)
[2025-12-16T22:32:48.960+0800][0.030s][info][gc,heap,exit ]  Metaspace       used 3425K, capacity 4486K, committed 4864K, reserved 1056768K
[2025-12-16T22:32:48.960+0800][0.030s][info][gc,heap,exit ]   class space    used 303K, capacity 386K, committed 512K, reserved 1048576K
