[2025-12-16T22:32:49.476+0800][0.003s][info][gc] Using Serial
[2025-12-16T22:32:49.476+0800][0.003s][info][gc,init] Version: 17.0.17+0 (release)
[2025-12-16T22:32:49.476+0800][0.003s][info][gc,init] CPUs: 10 total, 10 available
[2025-12-16T22:32:49.476+0800][0.003s][info][gc,init] Memory: 16384M
[2025-12-16T22:32:49.476+0800][0.003s][info][gc,init] Large Page Support: Disabled
[2025-12-16T22:32:49.476+0800][0.003s][info][gc,init] NUMA Support: Disabled
[2025-12-16T22:32:49.476+0800][0.003s][info][gc,init] Compressed Oops: Enabled (Zero based)
[2025-12-16T22:32:49.476+0800][0.003s][info][gc,init] Heap Min Capacity: 8M
[2025-12-16T22:32:49.476+0800][0.003s][info][gc,init] Heap Initial Capacity: 256M
[2025-12-16T22:32:49.476+0800][0.003s][info][gc,init] Heap Max Capacity: 4G
[2025-12-16T22:32:49.476+0800][0.003s][info][gc,init] Pre-touch: Disabled
[2025-12-16T22:32:49.478+0800][0.006s][info][gc,metaspace] CDS archive(s) mapped at: [0x000000e800000000-0x000000e800bc0000-0x000000e800bc0000), size 12320768, SharedBaseAddress: 0x000000e800000000, ArchiveRelocationMode: 1.
[2025-12-16T22:32:49.478+0800][0.006s][info][gc,metaspace] Compressed class space mapped at: 0x000000e801000000-0x000000e841000000, reserved size: 1073741824
[2025-12-16T22:32:49.479+0800][0.006s][info][gc,metaspace] Narrow klass base: 0x000000e800000000, Narrow klass shift: 0, Narrow klass range: 0x100000000
[2025-12-16T22:32:49.495+0800][0.022s][info][gc,heap,exit] Heap
[2025-12-16T22:32:49.495+0800][0.022s][info][gc,heap,exit]  def new generation   total 78656K, used 5596K [0x00000004d5000000, 0x00000004da550000, 0x000000052a550000)
[2025-12-16T22:32:49.495+0800][0.022s][info][gc,heap,exit]   eden space 69952K,   8% used [0x00000004d5000000, 0x00000004d5577310, 0x00000004d9450000)
[2025-12-16T22:32:49.495+0800][0.022s][info][gc,heap,exit]   from space 8704K,   0% used [0x00000004d9450000, 0x00000004d9450000, 0x00000004d9cd0000)
[2025-12-16T22:32:49.495+0800][0.022s][info][gc,heap,exit]   to   space 8704K,   0% used [0x00000004d9cd0000, 0x00000004d9cd0000, 0x00000004da550000)
[2025-12-16T22:32:49.495+0800][0.022s][info][gc,heap,exit]  tenured generation   total 174784K, used 131072K [0x000000052a550000, 0x0000000535000000, 0x00000005d5000000)
[2025-12-16T22:32:49.495+0800][0.022s][info][gc,heap,exit]    the space 174784K,  74% used [0x000000052a550000, 0x0000000532550010, 0x0000000532550200, 0x0000000535000000)
[2025-12-16T22:32:49.495+0800][0.022s][info][gc,heap,exit]  Metaspace       used 133K, committed 320K, reserved 1114112K
[2025-12-16T22:32:49.495+0800][0.022s][info][gc,heap,exit]   class space    used 4K, committed 128K, reserved 1048576K
