[2025-12-16T22:32:49.622+0800][0.003s][info][gc] Using G1
[2025-12-16T22:32:49.623+0800][0.003s][info][gc,init] Version: 17.0.17+0 (release)
[2025-12-16T22:32:49.623+0800][0.003s][info][gc,init] CPUs: 10 total, 10 available
[2025-12-16T22:32:49.623+0800][0.003s][info][gc,init] Memory: 16384M
[2025-12-16T22:32:49.623+0800][0.003s][info][gc,init] Large Page Support: Disabled
[2025-12-16T22:32:49.623+0800][0.003s][info][gc,init] NUMA Support: Disabled
[2025-12-16T22:32:49.623+0800][0.003s][info][gc,init] Compressed Oops: Enabled (Zero based)
[2025-12-16T22:32:49.623+0800][0.003s][info][gc,init] Heap Region Size: 2M
[2025-12-16T22:32:49.623+0800][0.003s][info][gc,init] Heap Min Capacity: 8M
[2025-12-16T22:32:49.623+0800][0.003s][info][gc,init] Heap Initial Capacity: 256M
[2025-12-16T22:32:49.623+0800][0.003s][info][gc,init] Heap Max Capacity: 4G
[2025-12-16T22:32:49.623+0800][0.003s][info][gc,init] Pre-touch: Disabled
[2025-12-16T22:32:49.623+0800][0.003s][info][gc,init] Parallel Workers: 9
[2025-12-16T22:32:49.623+0800][0.003s][info][gc,init] Concurrent Workers: 2
[2025-12-16T22:32:49.623+0800][0.003s][info][gc,init] Concurrent Refinement Workers: 9
[2025-12-16T22:32:49.623+0800][0.003s][info][gc,init] Periodic GC: Disabled
[2025-12-16T22:32:49.625+0800][0.006s][info][gc,metaspace] CDS archive(s) mapped at: [0x0000000600000000-0x0000000600bc0000-0x0000000600bc0000), size 12320768, SharedBaseAddress: 0x0000000600000000, ArchiveRelocationMode: 1.
[2025-12-16T22:32:49.625+0800][0.006s][info][gc,metaspace] Compressed class space mapped at: 0x0000000601000000-0x0000000641000000, reserved size: 1073741824
[2025-12-16T22:32:49.625+0800][0.006s][info][gc,metaspace] Narrow klass base: 0x0000000600000000, Narrow klass shift: 0, Narrow klass range: 0x100000000
[2025-12-16T22:32:49.632+0800][0.013s][info][gc,start    ] GC(0) Pause Young (Concurrent Start) (G1 Humongous Allocation)
[2025-12-16T22:32:49.632+0800][0.013s][info][gc,task     ] GC(0) Using 6 workers of 9 for evacuation
[2025-12-16T22:32:49.632+0800][0.013s][info][gc,phases   ] GC(0)   Pre Evacuate Collection Set: 0.1ms
[2025-12-16T22:32:49.632+0800][0.013s][info][gc,phases   ] GC(0)   Merge Heap Roots: 0.0ms
[2025-12-16T22:32:49.632+0800][0.013s][info][gc,phases   ] GC(0)   Evacuate Collection Set: 0.1ms
[2025-12-16T22:32:49.632+0800][0.013s][info][gc,phases   ] GC(0)   Post Evacuate Collection Set: 0.1ms
[2025-12-16T22:32:49.632+0800][0.013s][info][gc,phases   ] GC(0)   Other: 0.1ms
[2025-12-16T22:32:49.632+0800][0.013s][info][gc,heap     ] GC(0) Eden regions: 1->0(14)
[2025-12-16T22:32:49.632+0800][0.013s][info][gc,heap     ] GC(0) Survivor regions: 0->1(2)
[2025-12-16T22:32:49.632+0800][0.013s][info][gc,heap     ] GC(0) Old regions: 0->0
[2025-12-16T22:32:49.632+0800][0.013s][info][gc,heap     ] GC(0) Archive regions: 2->2
[2025-12-16T22:32:49.632+0800][0.013s][info][gc,heap     ] GC(0) Humongous regions: 0->0
[2025-12-16T22:32:49.632+0800][0.013s][info][gc,metaspace] GC(0) Metaspace: 78K(320K)->78K(320K) NonClass: 74K(192K)->74K(192K) Class: 3K(128K)->3K(128K)
[2025-12-16T22:32:49.632+0800][0.013s][info][gc          ] GC(0) Pause Young (Concurrent Start) (G1 Humongous Allocation) 2M->2M(260M) 0.417ms
[2025-12-16T22:32:49.632+0800][0.013s][info][gc,cpu      ] GC(0) User=0.00s Sys=0.01s Real=0.00s
[2025-12-16T22:32:49.632+0800][0.013s][info][gc          ] GC(1) Concurrent Undo Cycle
[2025-12-16T22:32:49.632+0800][0.013s][info][gc,marking  ] GC(1) Concurrent Cleanup for Next Mark
[2025-12-16T22:32:49.633+0800][0.014s][info][gc,marking  ] GC(1) Concurrent Cleanup for Next Mark 0.354ms
[2025-12-16T22:32:49.633+0800][0.014s][info][gc          ] GC(1) Concurrent Undo Cycle 0.368ms
[2025-12-16T22:32:49.640+0800][0.020s][info][gc,heap,exit] Heap
[2025-12-16T22:32:49.640+0800][0.020s][info][gc,heap,exit]  garbage-first heap   total 266240K, used 136292K [0x00000004d5000000, 0x00000005d5000000)
[2025-12-16T22:32:49.640+0800][0.020s][info][gc,heap,exit]   region size 2048K, 2 young (4096K), 1 survivors (2048K)
[2025-12-16T22:32:49.640+0800][0.020s][info][gc,heap,exit]  Metaspace       used 82K, committed 320K, reserved 1114112K
[2025-12-16T22:32:49.640+0800][0.020s][info][gc,heap,exit]   class space    used 3K, committed 128K, reserved 1048576K
