[2025-12-16T22:32:49.364+0800][0.002s][warning][gc] Consider setting -Xms equal to -Xmx to avoid resizing hiccups
[2025-12-16T22:32:49.364+0800][0.002s][warning][gc] Consider enabling -XX:+AlwaysPreTouch to avoid memory commit hiccups
[2025-12-16T22:32:49.366+0800][0.004s][info   ][gc] Resizeable heap; starting at 256M, max: 4096M, step: 128M
[2025-12-16T22:32:49.366+0800][0.004s][info   ][gc] Using TLAB allocation; max: 4096K
[2025-12-16T22:32:49.366+0800][0.004s][info   ][gc] Elastic TLABs enabled; elasticity: 1.10x
[2025-12-16T22:32:49.366+0800][0.004s][info   ][gc] Elastic TLABs decay enabled; decay time: 1000ms
[2025-12-16T22:32:49.366+0800][0.004s][info   ][gc] Using Epsilon
[2025-12-16T22:32:49.366+0800][0.004s][info   ][gc,heap,coops] Heap address: 0x00000006c0000000, size: 4096 MB, Compressed Oops mode: Zero based, Oop shift amount: 3
[2025-12-16T22:32:49.393+0800][0.031s][info   ][gc,heap,exit ] Heap
[2025-12-16T22:32:49.393+0800][0.031s][info   ][gc,heap,exit ] Epsilon Heap
[2025-12-16T22:32:49.393+0800][0.031s][info   ][gc,heap,exit ] Allocation space:
[2025-12-16T22:32:49.393+0800][0.031s][info   ][gc,heap,exit ]  space 262144K,  50% used [0x00000006c0000000, 0x00000006c80f70a8, 0x00000006d0000000)
[2025-12-16T22:32:49.393+0800][0.031s][info   ][gc,heap,exit ]  Metaspace       used 3427K, capacity 4486K, committed 4864K, reserved 1056768K
[2025-12-16T22:32:49.393+0800][0.031s][info   ][gc,heap,exit ]   class space    used 303K, capacity 386K, committed 512K, reserved 1048576K
[2025-12-16T22:32:49.393+0800][0.031s][info   ][gc           ] Heap: 4096M reserved, 256M (6.25%) committed, 128M (3.15%) used
[2025-12-16T22:32:49.393+0800][0.031s][info   ][gc,metaspace ] Metaspace: 1032M reserved, 4864K (0.46%) committed, 3427K (0.32%) used
