[2025-12-16T22:32:50.998+0800][0.003s][info][gc,init] CardTable entry size: 512
[2025-12-16T22:32:50.998+0800][0.003s][info][gc     ] Using Parallel
[2025-12-16T22:32:50.998+0800][0.003s][info][gc,init] Version: 26-ea+25-2529 (release)
[2025-12-16T22:32:50.998+0800][0.003s][info][gc,init] CPUs: 10 total, 10 available
[2025-12-16T22:32:50.998+0800][0.003s][info][gc,init] Memory: 16384M
[2025-12-16T22:32:50.998+0800][0.003s][info][gc,init] Large Page Support: Disabled
[2025-12-16T22:32:50.998+0800][0.003s][info][gc,init] NUMA Support: Disabled
[2025-12-16T22:32:50.998+0800][0.003s][info][gc,init] Compressed Oops: Enabled (Zero based)
[2025-12-16T22:32:50.998+0800][0.003s][info][gc,init] Alignments: Space 512K, Heap 8M
[2025-12-16T22:32:50.998+0800][0.003s][info][gc,init] Heap Min Capacity: 8M
[2025-12-16T22:32:50.998+0800][0.003s][info][gc,init] Heap Initial Capacity: 40M
[2025-12-16T22:32:50.998+0800][0.003s][info][gc,init] Heap Max Capacity: 4G
[2025-12-16T22:32:50.998+0800][0.003s][info][gc,init] Pre-touch: Disabled
[2025-12-16T22:32:50.998+0800][0.003s][info][gc,init] Parallel Workers: 9
[2025-12-16T22:32:51.000+0800][0.005s][info][gc,metaspace] CDS archive(s) mapped at: [0x00007ff800000000-0x00007ff800da8000-0x00007ff800da8000), size 14319616, SharedBaseAddress: 0x00007ff800000000, ArchiveRelocationMode: 1.
[2025-12-16T22:32:51.000+0800][0.005s][info][gc,metaspace] Compressed class space mapped at: 0x00007ff801000000-0x00007ff841000000, reserved size: 1073741824
[2025-12-16T22:32:51.000+0800][0.005s][info][gc,metaspace] UseCompressedClassPointers 1, UseCompactObjectHeaders 0
[2025-12-16T22:32:51.000+0800][0.005s][info][gc,metaspace] Narrow klass pointer bits 32, Max shift 3
[2025-12-16T22:32:51.000+0800][0.005s][info][gc,metaspace] Narrow klass base: 0x00007ff800000000, Narrow klass shift: 0
[2025-12-16T22:32:51.000+0800][0.005s][info][gc,metaspace] Encoding Range: [0x00007ff800000000 - 0x00007ff900000000), (4294967296 bytes)
[2025-12-16T22:32:51.000+0800][0.005s][info][gc,metaspace] Klass Range:    [0x00007ff800000000 - 0x00007ff841000000), (1090519040 bytes)
[2025-12-16T22:32:51.000+0800][0.005s][info][gc,metaspace] Klass ID Range:  [8 - 1090519033) (1090519025)
[2025-12-16T22:32:51.000+0800][0.005s][info][gc,metaspace] Protection zone: [0x00007ff800000000 - 0x00007ff800004000), (16384 bytes)
[2025-12-16T22:32:51.006+0800][0.011s][info][gc,start    ] GC(0) Pause Full (Allocation Failure)
[2025-12-16T22:32:51.006+0800][0.011s][info][gc,phases,start] GC(0) Marking Phase
[2025-12-16T22:32:51.006+0800][0.012s][info][gc,phases      ] GC(0) Marking Phase 0.387ms
[2025-12-16T22:32:51.006+0800][0.012s][info][gc,phases,start] GC(0) Summary Phase
[2025-12-16T22:32:51.006+0800][0.012s][info][gc,phases,start] GC(0) Summary Phase: expand
[2025-12-16T22:32:51.006+0800][0.012s][info][gc,phases      ] GC(0) Summary Phase: expand 0.004ms
[2025-12-16T22:32:51.006+0800][0.012s][info][gc,phases      ] GC(0) Summary Phase 0.013ms
[2025-12-16T22:32:51.006+0800][0.012s][info][gc,phases,start] GC(0) Forward
[2025-12-16T22:32:51.006+0800][0.012s][info][gc,phases      ] GC(0) Forward 0.040ms
[2025-12-16T22:32:51.006+0800][0.012s][info][gc,phases,start] GC(0) Adjust Pointers
[2025-12-16T22:32:51.007+0800][0.012s][info][gc,phases      ] GC(0) Adjust Pointers 0.243ms
[2025-12-16T22:32:51.007+0800][0.012s][info][gc,phases,start] GC(0) Compaction Phase
[2025-12-16T22:32:51.007+0800][0.012s][info][gc,phases      ] GC(0) Compaction Phase 0.165ms
[2025-12-16T22:32:51.007+0800][0.012s][info][gc,phases,start] GC(0) Post Compact
[2025-12-16T22:32:51.007+0800][0.012s][info][gc,phases      ] GC(0) Post Compact 0.009ms
[2025-12-16T22:32:51.007+0800][0.012s][info][gc,heap        ] GC(0) PSYoungGen: 268K(11776K)->0K(11776K) Eden: 268K(10240K)->0K(10240K) From: 0K(1536K)->0K(1536K)
[2025-12-16T22:32:51.007+0800][0.012s][info][gc,heap        ] GC(0) ParOldGen: 1163K(27648K)->1307K(27648K)
[2025-12-16T22:32:51.007+0800][0.012s][info][gc,metaspace   ] GC(0) Metaspace: 84K(320K)->84K(320K) NonClass: 80K(192K)->80K(192K) Class: 3K(128K)->3K(128K)
[2025-12-16T22:32:51.007+0800][0.012s][info][gc             ] GC(0) Pause Full (Allocation Failure) 1M->1M(38M) 0.940ms
[2025-12-16T22:32:51.007+0800][0.012s][info][gc,cpu         ] GC(0) User=0.00s Sys=0.00s Real=0.00s
[2025-12-16T22:32:51.013+0800][0.019s][info][gc,exit        ] Heap
[2025-12-16T22:32:51.013+0800][0.019s][info][gc,exit        ]  PSYoungGen      total 133120K, used 131584K [0x00000007aab00000, 0x00000007b2e80000, 0x0000000800000000)
[2025-12-16T22:32:51.013+0800][0.019s][info][gc,exit        ]   eden space 131584K, 100% used [0x00000007aae00000,0x00000007b2e80000,0x00000007b2e80000)
[2025-12-16T22:32:51.013+0800][0.019s][info][gc,exit        ]   from space 1536K, 0% used [0x00000007aac80000,0x00000007aac80000,0x00000007aae00000)
[2025-12-16T22:32:51.013+0800][0.019s][info][gc,exit        ]   to   space 1536K, 0% used [0x00000007aab00000,0x00000007aab00000,0x00000007aac80000)
[2025-12-16T22:32:51.013+0800][0.019s][info][gc,exit        ]  ParOldGen       total 27648K, used 1307K [0x0000000700000000, 0x0000000701b00000, 0x00000007aab00000)
[2025-12-16T22:32:51.013+0800][0.019s][info][gc,exit        ]   object space 27648K, 4% used [0x0000000700000000,0x0000000700146ea0,0x0000000701b00000)
[2025-12-16T22:32:51.013+0800][0.019s][info][gc,exit        ]  Metaspace       used 91K, committed 320K, reserved 1114112K
[2025-12-16T22:32:51.013+0800][0.019s][info][gc,exit        ]   class space    used 4K, committed 128K, reserved 1048576K
