[2025-12-16T22:32:51.066+0800][0.003s][info][gc,init] CardTable entry size: 512
[2025-12-16T22:32:51.066+0800][0.003s][info][gc     ] Using G1
[2025-12-16T22:32:51.066+0800][0.003s][info][gc,init] Version: 26-ea+25-2529 (release)
[2025-12-16T22:32:51.066+0800][0.003s][info][gc,init] CPUs: 10 total, 10 available
[2025-12-16T22:32:51.066+0800][0.003s][info][gc,init] Memory: 16384M
[2025-12-16T22:32:51.066+0800][0.003s][info][gc,init] Large Page Support: Disabled
[2025-12-16T22:32:51.066+0800][0.003s][info][gc,init] NUMA Support: Disabled
[2025-12-16T22:32:51.066+0800][0.003s][info][gc,init] Compressed Oops: Enabled (Zero based)
[2025-12-16T22:32:51.066+0800][0.003s][info][gc,init] Heap Region Size: 2M
[2025-12-16T22:32:51.066+0800][0.003s][info][gc,init] Heap Min Capacity: 8M
[2025-12-16T22:32:51.066+0800][0.003s][info][gc,init] Heap Initial Capacity: 40M
[2025-12-16T22:32:51.066+0800][0.003s][info][gc,init] Heap Max Capacity: 4G
[2025-12-16T22:32:51.066+0800][0.003s][info][gc,init] Pre-touch: Disabled
[2025-12-16T22:32:51.066+0800][0.003s][info][gc,init] Parallel Workers: 9
[2025-12-16T22:32:51.066+0800][0.003s][info][gc,init] Concurrent Workers: 2
[2025-12-16T22:32:51.066+0800][0.003s][info][gc,init] Concurrent Refinement Workers: 9
[2025-12-16T22:32:51.066+0800][0.003s][info][gc,init] Periodic GC: Disabled
[2025-12-16T22:32:51.067+0800][0.005s][info][gc,metaspace] CDS archive(s) mapped at: [0x000003c000000000-0x000003c000da8000-0x000003c000da8000), size 14319616, SharedBaseAddress: 0x000003c000000000, ArchiveRelocationMode: 1.
[2025-12-16T22:32:51.067+0800][0.005s][info][gc,metaspace] Compressed class space mapped at: 0x000003c001000000-0x000003c041000000, reserved size: 1073741824
[2025-12-16T22:32:51.067+0800][0.005s][info][gc,metaspace] UseCompressedClassPointers 1, UseCompactObjectHeaders 0
[2025-12-16T22:32:51.067+0800][0.005s][info][gc,metaspace] Narrow klass pointer bits 32, Max shift 3
[2025-12-16T22:32:51.067+0800][0.005s][info][gc,metaspace] Narrow klass base: 0x000003c000000000, Narrow klass shift: 0
[2025-12-16T22:32:51.067+0800][0.005s][info][gc,metaspace] Encoding Range: [0x000003c000000000 - 0x000003c100000000), (4294967296 bytes)
[2025-12-16T22:32:51.067+0800][0.005s][info][gc,metaspace] Klass Range:    [0x000003c000000000 - 0x000003c041000000), (1090519040 bytes)
[2025-12-16T22:32:51.067+0800][0.005s][info][gc,metaspace] Klass ID Range:  [8 - 1090519033) (1090519025)
[2025-12-16T22:32:51.067+0800][0.005s][info][gc,metaspace] Protection zone: [0x000003c000000000 - 0x000003c000004000), (16384 bytes)
[2025-12-16T22:32:51.074+0800][0.012s][info][gc,start    ] GC(0) Pause Young (Concurrent Start) (G1 Humongous Allocation)
[2025-12-16T22:32:51.074+0800][0.012s][info][gc,task     ] GC(0) Using 2 workers of 9 for evacuation
[2025-12-16T22:32:51.074+0800][0.012s][info][gc,phases   ] GC(0)   Pre Evacuate Collection Set: 0.04ms
[2025-12-16T22:32:51.074+0800][0.012s][info][gc,phases   ] GC(0)   Merge Heap Roots: 0.01ms
[2025-12-16T22:32:51.074+0800][0.012s][info][gc,phases   ] GC(0)   Evacuate Collection Set: 0.11ms
[2025-12-16T22:32:51.074+0800][0.012s][info][gc,phases   ] GC(0)   Post Evacuate Collection Set: 0.02ms
[2025-12-16T22:32:51.074+0800][0.012s][info][gc,phases   ] GC(0)   Other: 0.04ms
[2025-12-16T22:32:51.074+0800][0.012s][info][gc,heap     ] GC(0) Eden regions: 1->0(8)
[2025-12-16T22:32:51.074+0800][0.012s][info][gc,heap     ] GC(0) Survivor regions: 0->1(2)
[2025-12-16T22:32:51.074+0800][0.012s][info][gc,heap     ] GC(0) Old regions: 1->1
[2025-12-16T22:32:51.074+0800][0.012s][info][gc,heap     ] GC(0) Humongous regions: 0->0
[2025-12-16T22:32:51.074+0800][0.012s][info][gc,metaspace] GC(0) Metaspace: 84K(320K)->84K(320K) NonClass: 80K(192K)->80K(192K) Class: 3K(128K)->3K(128K)
[2025-12-16T22:32:51.074+0800][0.012s][info][gc          ] GC(0) Pause Young (Concurrent Start) (G1 Humongous Allocation) 1M->1M(42M) 0.326ms
[2025-12-16T22:32:51.074+0800][0.012s][info][gc,cpu      ] GC(0) User=0.00s Sys=0.00s Real=0.00s
[2025-12-16T22:32:51.074+0800][0.012s][info][gc          ] GC(1) Concurrent Mark Cycle
[2025-12-16T22:32:51.074+0800][0.012s][info][gc,marking  ] GC(1) Concurrent Scan Root Regions
[2025-12-16T22:32:51.074+0800][0.012s][info][gc,marking  ] GC(1) Concurrent Scan Root Regions 0.038ms
[2025-12-16T22:32:51.074+0800][0.012s][info][gc,marking  ] GC(1) Concurrent Mark
[2025-12-16T22:32:51.074+0800][0.012s][info][gc,marking  ] GC(1) Concurrent Mark From Roots
[2025-12-16T22:32:51.074+0800][0.012s][info][gc,task     ] GC(1) Concurrent Mark Using 2 of 2 Workers
[2025-12-16T22:32:51.075+0800][0.013s][info][gc,marking  ] GC(1) Concurrent Mark From Roots 0.756ms
[2025-12-16T22:32:51.075+0800][0.013s][info][gc,marking  ] GC(1) Concurrent Preclean
[2025-12-16T22:32:51.075+0800][0.013s][info][gc,marking  ] GC(1) Concurrent Preclean 0.005ms
[2025-12-16T22:32:51.081+0800][0.019s][info][gc,start    ] GC(1) Pause Remark
[2025-12-16T22:32:51.081+0800][0.019s][info][gc          ] GC(1) Pause Remark 131M->131M(170M) 0.092ms
[2025-12-16T22:32:51.081+0800][0.019s][info][gc,cpu      ] GC(1) User=0.00s Sys=0.00s Real=0.00s
[2025-12-16T22:32:51.081+0800][0.019s][info][gc,marking  ] GC(1) Concurrent Mark 6.921ms
[2025-12-16T22:32:51.081+0800][0.019s][info][gc,marking  ] GC(1) Concurrent Rebuild Remembered Sets and Scrub Regions
[2025-12-16T22:32:51.082+0800][0.019s][info][gc,marking  ] GC(1) Concurrent Rebuild Remembered Sets and Scrub Regions 0.330ms
[2025-12-16T22:32:51.082+0800][0.019s][info][gc,start    ] GC(1) Pause Cleanup
[2025-12-16T22:32:51.082+0800][0.019s][info][gc          ] GC(1) Pause Cleanup 132M->132M(170M) 0.017ms
[2025-12-16T22:32:51.082+0800][0.019s][info][gc,cpu      ] GC(1) User=0.00s Sys=0.00s Real=0.00s
[2025-12-16T22:32:51.082+0800][0.019s][info][gc,marking  ] GC(1) Concurrent Clear Claimed Marks
[2025-12-16T22:32:51.082+0800][0.019s][info][gc,marking  ] GC(1) Concurrent Clear Claimed Marks 0.006ms
[2025-12-16T22:32:51.082+0800][0.019s][info][gc,marking  ] GC(1) Concurrent Cleanup for Next Mark
[2025-12-16T22:32:51.082+0800][0.019s][info][gc,marking  ] GC(1) Concurrent Cleanup for Next Mark 0.046ms
[2025-12-16T22:32:51.082+0800][0.019s][info][gc,marking  ] GC(1) Concurrent Mark Abort
[2025-12-16T22:32:51.082+0800][0.019s][info][gc          ] GC(1) Concurrent Mark Cycle 7.443ms
[2025-12-16T22:32:51.082+0800][0.019s][info][gc,exit     ] Heap
[2025-12-16T22:32:51.082+0800][0.019s][info][gc,exit     ]  garbage-first heap   total reserved 4194304K, committed 174080K, used 135267K [0x0000000700000000, 0x0000000800000000)
[2025-12-16T22:32:51.082+0800][0.019s][info][gc,exit     ]   region size 2M, 1 eden (2M), 1 survivor (2M), 1 old (2M), 65 humongous (130M), 17 free (34M)
[2025-12-16T22:32:51.082+0800][0.019s][info][gc,exit     ]  Metaspace       used 91K, committed 320K, reserved 1114112K
[2025-12-16T22:32:51.082+0800][0.019s][info][gc,exit     ]   class space    used 4K, committed 128K, reserved 1048576K
