[2025-12-16T22:32:50.334+0800][0.003s][info][gc] Using Epsilon
[2025-12-16T22:32:50.334+0800][0.003s][info][gc,init] Version: 21.0.9 (release)
[2025-12-16T22:32:50.334+0800][0.003s][info][gc,init] CPUs: 10 total, 10 available
[2025-12-16T22:32:50.334+0800][0.003s][info][gc,init] Memory: 16384M
[2025-12-16T22:32:50.334+0800][0.003s][info][gc,init] Large Page Support: Disabled
[2025-12-16T22:32:50.334+0800][0.003s][info][gc,init] NUMA Support: Disabled
[2025-12-16T22:32:50.334+0800][0.003s][info][gc,init] Compressed Oops: Enabled (Zero based)
[2025-12-16T22:32:50.334+0800][0.003s][info][gc,init] Heap Min Capacity: 6656K
[2025-12-16T22:32:50.334+0800][0.003s][info][gc,init] Heap Initial Capacity: 256M
[2025-12-16T22:32:50.334+0800][0.003s][info][gc,init] Heap Max Capacity: 4G
[2025-12-16T22:32:50.334+0800][0.003s][info][gc,init] Pre-touch: Disabled
[2025-12-16T22:32:50.334+0800][0.003s][info][gc,init] TLAB Size Max: 4M
[2025-12-16T22:32:50.334+0800][0.003s][info][gc,init] TLAB Size Elasticity: 1.10x
[2025-12-16T22:32:50.334+0800][0.003s][info][gc,init] TLAB Size Decay Time: 1000ms
[2025-12-16T22:32:50.334+0800][0.003s][info][gc     ] Consider setting -Xms equal to -Xmx to avoid resizing hiccups
[2025-12-16T22:32:50.334+0800][0.003s][info][gc     ] Consider enabling -XX:+AlwaysPreTouch to avoid memory commit hiccups
[2025-12-16T22:32:50.337+0800][0.006s][info][gc,metaspace] CDS archive(s) mapped at: [0x000000a800000000-0x000000a800c9c000-0x000000a800c9c000), size 13221888, SharedBaseAddress: 0x000000a800000000, ArchiveRelocationMode: 1.
[2025-12-16T22:32:50.337+0800][0.006s][info][gc,metaspace] Compressed class space mapped at: 0x000000a801000000-0x000000a841000000, reserved size: 1073741824
[2025-12-16T22:32:50.337+0800][0.006s][info][gc,metaspace] Narrow klass base: 0x000000a800000000, Narrow klass shift: 0, Narrow klass range: 0x100000000
[2025-12-16T22:32:50.350+0800][0.020s][info][gc,heap,exit] Heap
[2025-12-16T22:32:50.350+0800][0.020s][info][gc,heap,exit] Epsilon Heap
[2025-12-16T22:32:50.350+0800][0.020s][info][gc,heap,exit] Allocation space:
[2025-12-16T22:32:50.350+0800][0.020s][info][gc,heap,exit]  space 262144K,  50% used [0x0000000700000000, 0x000000070815ccd0, 0x0000000710000000)
[2025-12-16T22:32:50.350+0800][0.020s][info][gc,heap,exit]  Metaspace       used 83K, committed 320K, reserved 1114112K
[2025-12-16T22:32:50.350+0800][0.020s][info][gc,heap,exit]   class space    used 5K, committed 128K, reserved 1048576K
[2025-12-16T22:32:50.350+0800][0.020s][info][gc          ] Heap: 4096M reserved, 256M (6.25%) committed, 129M (3.16%) used
[2025-12-16T22:32:50.350+0800][0.020s][info][gc,metaspace] Metaspace: 1088M reserved, 320K (0.03%) committed, 85040B (0.01%) used
