[2025-12-16T22:32:50.905+0800][0.003s][info][gc,init] CardTable entry size: 512
[2025-12-16T22:32:50.905+0800][0.003s][info][gc     ] Using Serial
[2025-12-16T22:32:50.905+0800][0.003s][info][gc,init] Version: 26-ea+25-2529 (release)
[2025-12-16T22:32:50.905+0800][0.003s][info][gc,init] CPUs: 10 total, 10 available
[2025-12-16T22:32:50.905+0800][0.003s][info][gc,init] Memory: 16384M
[2025-12-16T22:32:50.905+0800][0.003s][info][gc,init] Large Page Support: Disabled
[2025-12-16T22:32:50.905+0800][0.003s][info][gc,init] NUMA Support: Disabled
[2025-12-16T22:32:50.905+0800][0.003s][info][gc,init] Compressed Oops: Enabled (Zero based)
[2025-12-16T22:32:50.905+0800][0.003s][info][gc,init] Heap Min Capacity: 8M
[2025-12-16T22:32:50.905+0800][0.003s][info][gc,init] Heap Initial Capacity: 40M
[2025-12-16T22:32:50.905+0800][0.003s][info][gc,init] Heap Max Capacity: 4G
[2025-12-16T22:32:50.905+0800][0.003s][info][gc,init] Pre-touch: Disabled
[2025-12-16T22:32:50.907+0800][0.005s][info][gc,metaspace] CDS archive(s) mapped at: [0x000000f000000000-0x000000f000da8000-0x000000f000da8000), size 14319616, SharedBaseAddress: 0x000000f000000000, ArchiveRelocationMode: 1.
[2025-12-16T22:32:50.907+0800][0.005s][info][gc,metaspace] Compressed class space mapped at: 0x000000f001000000-0x000000f041000000, reserved size: 1073741824
[2025-12-16T22:32:50.907+0800][0.005s][info][gc,metaspace] UseCompressedClassPointers 1, UseCompactObjectHeaders 0
[2025-12-16T22:32:50.907+0800][0.005s][info][gc,metaspace] Narrow klass pointer bits 32, Max shift 3
[2025-12-16T22:32:50.907+0800][0.005s][info][gc,metaspace] Narrow klass base: 0x000000f000000000, Narrow klass shift: 0
[2025-12-16T22:32:50.907+0800][0.005s][info][gc,metaspace] Encoding Range: [0x000000f000000000 - 0x000000f100000000), (4294967296 bytes)
[2025-12-16T22:32:50.907+0800][0.005s][info][gc,metaspace] Klass Range:    [0x000000f000000000 - 0x000000f041000000), (1090519040 bytes)
[2025-12-16T22:32:50.907+0800][0.005s][info][gc,metaspace] Klass ID Range:  [8 - 1090519033) (1090519025)
[2025-12-16T22:32:50.907+0800][0.005s][info][gc,metaspace] Protection zone: [0x000000f000000000 - 0x000000f000004000), (16384 bytes)
[2025-12-16T22:32:50.913+0800][0.011s][info][gc,start    ] GC(0) Pause Full (Allocation Failure)
[2025-12-16T22:32:50.913+0800][0.011s][info][gc,phases,start] GC(0) Phase 1: Mark live objects
[2025-12-16T22:32:50.913+0800][0.012s][info][gc,phases      ] GC(0) Phase 1: Mark live objects 0.630ms
[2025-12-16T22:32:50.913+0800][0.012s][info][gc,phases,start] GC(0) Phase 2: Compute new object addresses
[2025-12-16T22:32:50.914+0800][0.012s][info][gc,phases      ] GC(0) Phase 2: Compute new object addresses 0.132ms
[2025-12-16T22:32:50.914+0800][0.012s][info][gc,phases,start] GC(0) Phase 3: Adjust pointers
[2025-12-16T22:32:50.914+0800][0.012s][info][gc,phases      ] GC(0) Phase 3: Adjust pointers 0.205ms
[2025-12-16T22:32:50.914+0800][0.012s][info][gc,phases,start] GC(0) Phase 4: Move objects
[2025-12-16T22:32:50.914+0800][0.012s][info][gc,phases      ] GC(0) Phase 4: Move objects 0.023ms
[2025-12-16T22:32:50.914+0800][0.012s][info][gc,heap        ] GC(0) DefNew: 282K(12288K)->0K(12352K) Eden: 282K(10944K)->0K(11008K) From: 0K(1344K)->0K(1344K)
[2025-12-16T22:32:50.914+0800][0.012s][info][gc,heap        ] GC(0) Tenured: 1163K(27328K)->1308K(27328K)
[2025-12-16T22:32:50.914+0800][0.012s][info][gc,metaspace   ] GC(0) Metaspace: 84K(320K)->84K(320K) NonClass: 80K(192K)->80K(192K) Class: 3K(128K)->3K(128K)
[2025-12-16T22:32:50.914+0800][0.012s][info][gc             ] GC(0) Pause Full (Allocation Failure) 1M->1M(38M) 1.058ms
[2025-12-16T22:32:50.914+0800][0.012s][info][gc,cpu         ] GC(0) User=0.00s Sys=0.00s Real=0.00s
[2025-12-16T22:32:50.921+0800][0.019s][info][gc,start       ] GC(1) Pause Young (Allocation Failure)
[2025-12-16T22:32:50.942+0800][0.040s][info][gc,heap        ] GC(1) DefNew: 131136K(132480K)->0K(132480K) Eden: 131136K(131136K)->0K(131136K) From: 0K(1344K)->0K(1344K)
[2025-12-16T22:32:50.942+0800][0.040s][info][gc,heap        ] GC(1) Tenured: 1308K(27328K)->132380K(158416K)
[2025-12-16T22:32:50.942+0800][0.040s][info][gc,metaspace   ] GC(1) Metaspace: 90K(320K)->90K(320K) NonClass: 86K(192K)->86K(192K) Class: 4K(128K)->4K(128K)
[2025-12-16T22:32:50.942+0800][0.040s][info][gc             ] GC(1) Pause Young (Allocation Failure) 129M->129M(284M) 21.317ms
[2025-12-16T22:32:50.942+0800][0.040s][info][gc,cpu         ] GC(1) User=0.01s Sys=0.01s Real=0.02s
[2025-12-16T22:32:50.942+0800][0.040s][info][gc,exit        ] Heap
[2025-12-16T22:32:50.942+0800][0.040s][info][gc,exit        ]  DefNew     total 132480K, used 2623K [0x0000000300800000, 0x0000000308ab0000, 0x0000000355d50000)
[2025-12-16T22:32:50.942+0800][0.040s][info][gc,exit        ]   eden space 131136K,   2% used [0x0000000300aa0000, 0x0000000300d2fb68, 0x0000000308ab0000)
[2025-12-16T22:32:50.942+0800][0.040s][info][gc,exit        ]   from space 1344K,   0% used [0x0000000300950000, 0x00000003009502a8, 0x0000000300aa0000)
[2025-12-16T22:32:50.942+0800][0.040s][info][gc,exit        ]   to   space 1344K,   0% used [0x0000000300800000, 0x0000000300800000, 0x0000000300950000)
[2025-12-16T22:32:50.942+0800][0.040s][info][gc,exit        ]  Tenured    total 158416K, used 132380K [0x0000000355d50000, 0x000000035f804000, 0x0000000400800000)
[2025-12-16T22:32:50.942+0800][0.040s][info][gc,exit        ]   the  space 158416K,  83% used [0x0000000355d50000, 0x000000035de97380, 0x000000035f804000)
[2025-12-16T22:32:50.942+0800][0.040s][info][gc,exit        ]  Metaspace       used 91K, committed 320K, reserved 1114112K
[2025-12-16T22:32:50.942+0800][0.040s][info][gc,exit        ]   class space    used 4K, committed 128K, reserved 1048576K
