[2025-12-16T22:32:50.096+0800][0.003s][info][gc,init] CardTable entry size: 512
[2025-12-16T22:32:50.096+0800][0.003s][info][gc     ] Using G1
[2025-12-16T22:32:50.097+0800][0.004s][info][gc,init] Version: 21.0.9 (release)
[2025-12-16T22:32:50.097+0800][0.004s][info][gc,init] CPUs: 10 total, 10 available
[2025-12-16T22:32:50.097+0800][0.004s][info][gc,init] Memory: 16384M
[2025-12-16T22:32:50.097+0800][0.004s][info][gc,init] Large Page Support: Disabled
[2025-12-16T22:32:50.097+0800][0.004s][info][gc,init] NUMA Support: Disabled
[2025-12-16T22:32:50.097+0800][0.004s][info][gc,init] Compressed Oops: Enabled (Zero based)
[2025-12-16T22:32:50.097+0800][0.004s][info][gc,init] Heap Region Size: 2M
[2025-12-16T22:32:50.097+0800][0.004s][info][gc,init] Heap Min Capacity: 8M
[2025-12-16T22:32:50.097+0800][0.004s][info][gc,init] Heap Initial Capacity: 256M
[2025-12-16T22:32:50.097+0800][0.004s][info][gc,init] Heap Max Capacity: 4G
[2025-12-16T22:32:50.097+0800][0.004s][info][gc,init] Pre-touch: Disabled
[2025-12-16T22:32:50.097+0800][0.004s][info][gc,init] Parallel Workers: 9
[2025-12-16T22:32:50.097+0800][0.004s][info][gc,init] Concurrent Workers: 2
[2025-12-16T22:32:50.097+0800][0.004s][info][gc,init] Concurrent Refinement Workers: 9
[2025-12-16T22:32:50.097+0800][0.004s][info][gc,init] Periodic GC: Disabled
[2025-12-16T22:32:50.099+0800][0.006s][info][gc,metaspace] CDS archive(s) mapped at: [0x0000000400000000-0x0000000400c9c000-0x0000000400c9c000), size 13221888, SharedBaseAddress: 0x0000000400000000, ArchiveRelocationMode: 1.
[2025-12-16T22:32:50.099+0800][0.006s][info][gc,metaspace] Compressed class space mapped at: 0x0000000401000000-0x0000000441000000, reserved size: 1073741824
[2025-12-16T22:32:50.099+0800][0.006s][info][gc,metaspace] Narrow klass base: 0x0000000400000000, Narrow klass shift: 0, Narrow klass range: 0x100000000
[2025-12-16T22:32:50.106+0800][0.013s][info][gc,start    ] GC(0) Pause Young (Concurrent Start) (G1 Humongous Allocation)
[2025-12-16T22:32:50.106+0800][0.013s][info][gc,task     ] GC(0) Using 6 workers of 9 for evacuation
[2025-12-16T22:32:50.107+0800][0.014s][info][gc,phases   ] GC(0)   Pre Evacuate Collection Set: 0.07ms
[2025-12-16T22:32:50.107+0800][0.014s][info][gc,phases   ] GC(0)   Merge Heap Roots: 0.03ms
[2025-12-16T22:32:50.107+0800][0.014s][info][gc,phases   ] GC(0)   Evacuate Collection Set: 0.11ms
[2025-12-16T22:32:50.107+0800][0.014s][info][gc,phases   ] GC(0)   Post Evacuate Collection Set: 0.05ms
[2025-12-16T22:32:50.107+0800][0.014s][info][gc,phases   ] GC(0)   Other: 0.11ms
[2025-12-16T22:32:50.107+0800][0.014s][info][gc,heap     ] GC(0) Eden regions: 1->0(14)
[2025-12-16T22:32:50.107+0800][0.014s][info][gc,heap     ] GC(0) Survivor regions: 0->1(2)
[2025-12-16T22:32:50.107+0800][0.014s][info][gc,heap     ] GC(0) Old regions: 1->1
[2025-12-16T22:32:50.107+0800][0.014s][info][gc,heap     ] GC(0) Humongous regions: 0->0
[2025-12-16T22:32:50.107+0800][0.014s][info][gc,metaspace] GC(0) Metaspace: 78K(320K)->78K(320K) NonClass: 73K(192K)->73K(192K) Class: 4K(128K)->4K(128K)
[2025-12-16T22:32:50.107+0800][0.014s][info][gc          ] GC(0) Pause Young (Concurrent Start) (G1 Humongous Allocation) 2M->1M(258M) 0.468ms
[2025-12-16T22:32:50.107+0800][0.014s][info][gc,cpu      ] GC(0) User=0.00s Sys=0.01s Real=0.00s
[2025-12-16T22:32:50.107+0800][0.014s][info][gc          ] GC(1) Concurrent Undo Cycle
[2025-12-16T22:32:50.107+0800][0.014s][info][gc,marking  ] GC(1) Concurrent Clear Claimed Marks
[2025-12-16T22:32:50.107+0800][0.014s][info][gc,marking  ] GC(1) Concurrent Clear Claimed Marks 0.006ms
[2025-12-16T22:32:50.107+0800][0.014s][info][gc,marking  ] GC(1) Concurrent Cleanup for Next Mark
[2025-12-16T22:32:50.107+0800][0.014s][info][gc,marking  ] GC(1) Concurrent Cleanup for Next Mark 0.012ms
[2025-12-16T22:32:50.107+0800][0.014s][info][gc          ] GC(1) Concurrent Undo Cycle 0.045ms
[2025-12-16T22:32:50.114+0800][0.021s][info][gc,heap,exit] Heap
[2025-12-16T22:32:50.114+0800][0.021s][info][gc,heap,exit]  garbage-first heap   total 264192K, used 135129K [0x00000004d5000000, 0x00000005d5000000)
[2025-12-16T22:32:50.114+0800][0.021s][info][gc,heap,exit]   region size 2048K, 2 young (4096K), 1 survivors (2048K)
[2025-12-16T22:32:50.114+0800][0.021s][info][gc,heap,exit]  Metaspace       used 83K, committed 320K, reserved 1114112K
[2025-12-16T22:32:50.114+0800][0.021s][info][gc,heap,exit]   class space    used 5K, committed 128K, reserved 1048576K
