[2025-12-16T22:32:47.396+0800][0.003s][info][gc] Using G1
[2025-12-16T22:32:47.396+0800][0.004s][info][gc,init] Version: 17.0.17+0 (release)
[2025-12-16T22:32:47.396+0800][0.004s][info][gc,init] CPUs: 10 total, 10 available
[2025-12-16T22:32:47.396+0800][0.004s][info][gc,init] Memory: 16384M
[2025-12-16T22:32:47.396+0800][0.004s][info][gc,init] Large Page Support: Disabled
[2025-12-16T22:32:47.396+0800][0.004s][info][gc,init] NUMA Support: Disabled
[2025-12-16T22:32:47.396+0800][0.004s][info][gc,init] Compressed Oops: Enabled (Zero based)
[2025-12-16T22:32:47.396+0800][0.004s][info][gc,init] Heap Region Size: 2M
[2025-12-16T22:32:47.396+0800][0.004s][info][gc,init] Heap Min Capacity: 8M
[2025-12-16T22:32:47.396+0800][0.004s][info][gc,init] Heap Initial Capacity: 256M
[2025-12-16T22:32:47.396+0800][0.004s][info][gc,init] Heap Max Capacity: 4G
[2025-12-16T22:32:47.396+0800][0.004s][info][gc,init] Pre-touch: Disabled
[2025-12-16T22:32:47.396+0800][0.004s][info][gc,init] Parallel Workers: 9
[2025-12-16T22:32:47.396+0800][0.004s][info][gc,init] Concurrent Workers: 2
[2025-12-16T22:32:47.396+0800][0.004s][info][gc,init] Concurrent Refinement Workers: 9
[2025-12-16T22:32:47.396+0800][0.004s][info][gc,init] Periodic GC: Disabled
[2025-12-16T22:32:47.399+0800][0.006s][info][gc,metaspace] CDS archive(s) mapped at: [0x0000000600000000-0x0000000600bc0000-0x0000000600bc0000), size 12320768, SharedBaseAddress: 0x0000000600000000, ArchiveRelocationMode: 1.
[2025-12-16T22:32:47.399+0800][0.006s][info][gc,metaspace] Compressed class space mapped at: 0x0000000601000000-0x0000000641000000, reserved size: 1073741824
[2025-12-16T22:32:47.399+0800][0.006s][info][gc,metaspace] Narrow klass base: 0x0000000600000000, Narrow klass shift: 0, Narrow klass range: 0x100000000
[2025-12-16T22:32:47.406+0800][0.013s][info][gc,heap,exit] Heap
[2025-12-16T22:32:47.406+0800][0.013s][info][gc,heap,exit]  garbage-first heap   total 266240K, used 3304K [0x0000000700000000, 0x0000000800000000)
[2025-12-16T22:32:47.406+0800][0.013s][info][gc,heap,exit]   region size 2048K, 1 young (2048K), 0 survivors (0K)
[2025-12-16T22:32:47.406+0800][0.013s][info][gc,heap,exit]  Metaspace       used 81K, committed 320K, reserved 1114112K
[2025-12-16T22:32:47.406+0800][0.013s][info][gc,heap,exit]   class space    used 3K, committed 128K, reserved 1048576K
