[2025-12-16T22:32:47.161+0800][0.002s][warning][gc] Consider setting -Xms equal to -Xmx to avoid resizing hiccups
[2025-12-16T22:32:47.161+0800][0.002s][warning][gc] Consider enabling -XX:+AlwaysPreTouch to avoid memory commit hiccups
[2025-12-16T22:32:47.162+0800][0.004s][info   ][gc] Resizeable heap; starting at 256M, max: 4096M, step: 128M
[2025-12-16T22:32:47.162+0800][0.004s][info   ][gc] Using TLAB allocation; max: 4096K
[2025-12-16T22:32:47.162+0800][0.004s][info   ][gc] Elastic TLABs enabled; elasticity: 1.10x
[2025-12-16T22:32:47.162+0800][0.004s][info   ][gc] Elastic TLABs decay enabled; decay time: 1000ms
[2025-12-16T22:32:47.162+0800][0.004s][info   ][gc] Using Epsilon
[2025-12-16T22:32:47.162+0800][0.004s][info   ][gc,heap,coops] Heap address: 0x00000004aaaa8000, size: 4096 MB, Compressed Oops mode: Zero based, Oop shift amount: 3
[2025-12-16T22:32:47.182+0800][0.023s][info   ][gc,heap,exit ] Heap
[2025-12-16T22:32:47.182+0800][0.024s][info   ][gc,heap,exit ] Epsilon Heap
[2025-12-16T22:32:47.182+0800][0.024s][info   ][gc,heap,exit ] Allocation space:
[2025-12-16T22:32:47.182+0800][0.024s][info   ][gc,heap,exit ]  space 262144K,   0% used [0x00000004aaaa8000, 0x00000004aab5e770, 0x00000004baaa8000)
[2025-12-16T22:32:47.182+0800][0.024s][info   ][gc,heap,exit ]  Metaspace       used 3422K, capacity 4486K, committed 4864K, reserved 1056768K
[2025-12-16T22:32:47.182+0800][0.024s][info   ][gc,heap,exit ]   class space    used 303K, capacity 386K, committed 512K, reserved 1048576K
[2025-12-16T22:32:47.182+0800][0.024s][info   ][gc           ] Heap: 4096M reserved, 256M (6.25%) committed, 729K (0.02%) used
[2025-12-16T22:32:47.182+0800][0.024s][info   ][gc,metaspace ] Metaspace: 1032M reserved, 4864K (0.46%) committed, 3422K (0.32%) used
