[2025-12-16T22:32:47.813+0800][0.003s][info][gc,init] CardTable entry size: 512
[2025-12-16T22:32:47.813+0800][0.003s][info][gc     ] Using G1
[2025-12-16T22:32:47.813+0800][0.003s][info][gc,init] Version: 21.0.9 (release)
[2025-12-16T22:32:47.813+0800][0.003s][info][gc,init] CPUs: 10 total, 10 available
[2025-12-16T22:32:47.813+0800][0.003s][info][gc,init] Memory: 16384M
[2025-12-16T22:32:47.813+0800][0.003s][info][gc,init] Large Page Support: Disabled
[2025-12-16T22:32:47.813+0800][0.003s][info][gc,init] NUMA Support: Disabled
[2025-12-16T22:32:47.813+0800][0.003s][info][gc,init] Compressed Oops: Enabled (Zero based)
[2025-12-16T22:32:47.813+0800][0.003s][info][gc,init] Heap Region Size: 2M
[2025-12-16T22:32:47.813+0800][0.003s][info][gc,init] Heap Min Capacity: 8M
[2025-12-16T22:32:47.813+0800][0.003s][info][gc,init] Heap Initial Capacity: 256M
[2025-12-16T22:32:47.813+0800][0.003s][info][gc,init] Heap Max Capacity: 4G
[2025-12-16T22:32:47.813+0800][0.003s][info][gc,init] Pre-touch: Disabled
[2025-12-16T22:32:47.813+0800][0.003s][info][gc,init] Parallel Workers: 9
[2025-12-16T22:32:47.813+0800][0.003s][info][gc,init] Concurrent Workers: 2
[2025-12-16T22:32:47.813+0800][0.003s][info][gc,init] Concurrent Refinement Workers: 9
[2025-12-16T22:32:47.813+0800][0.003s][info][gc,init] Periodic GC: Disabled
[2025-12-16T22:32:47.816+0800][0.006s][info][gc,metaspace] CDS archive(s) mapped at: [0x000000f800000000-0x000000f800c9c000-0x000000f800c9c000), size 13221888, SharedBaseAddress: 0x000000f800000000, ArchiveRelocationMode: 1.
[2025-12-16T22:32:47.816+0800][0.006s][info][gc,metaspace] Compressed class space mapped at: 0x000000f801000000-0x000000f841000000, reserved size: 1073741824
[2025-12-16T22:32:47.816+0800][0.006s][info][gc,metaspace] Narrow klass base: 0x000000f800000000, Narrow klass shift: 0, Narrow klass range: 0x100000000
[2025-12-16T22:32:47.823+0800][0.013s][info][gc,heap,exit] Heap
[2025-12-16T22:32:47.823+0800][0.013s][info][gc,heap,exit]  garbage-first heap   total 264192K, used 3104K [0x0000000300800000, 0x0000000400800000)
[2025-12-16T22:32:47.823+0800][0.013s][info][gc,heap,exit]   region size 2048K, 1 young (2048K), 0 survivors (0K)
[2025-12-16T22:32:47.823+0800][0.013s][info][gc,heap,exit]  Metaspace       used 79K, committed 320K, reserved 1114112K
[2025-12-16T22:32:47.823+0800][0.013s][info][gc,heap,exit]   class space    used 4K, committed 128K, reserved 1048576K
