[2025-12-16T22:32:47.750+0800][0.003s][info][gc,init] CardTable entry size: 512
[2025-12-16T22:32:47.750+0800][0.003s][info][gc     ] Using Parallel
[2025-12-16T22:32:47.750+0800][0.003s][info][gc,init] Version: 21.0.9 (release)
[2025-12-16T22:32:47.750+0800][0.003s][info][gc,init] CPUs: 10 total, 10 available
[2025-12-16T22:32:47.750+0800][0.003s][info][gc,init] Memory: 16384M
[2025-12-16T22:32:47.750+0800][0.003s][info][gc,init] Large Page Support: Disabled
[2025-12-16T22:32:47.750+0800][0.003s][info][gc,init] NUMA Support: Disabled
[2025-12-16T22:32:47.750+0800][0.003s][info][gc,init] Compressed Oops: Enabled (Zero based)
[2025-12-16T22:32:47.750+0800][0.003s][info][gc,init] Alignments: Space 512K, Generation 512K, Heap 8M
[2025-12-16T22:32:47.750+0800][0.003s][info][gc,init] Heap Min Capacity: 8M
[2025-12-16T22:32:47.750+0800][0.003s][info][gc,init] Heap Initial Capacity: 256M
[2025-12-16T22:32:47.750+0800][0.003s][info][gc,init] Heap Max Capacity: 4G
[2025-12-16T22:32:47.750+0800][0.003s][info][gc,init] Pre-touch: Disabled
[2025-12-16T22:32:47.750+0800][0.003s][info][gc,init] Parallel Workers: 9
[2025-12-16T22:32:47.753+0800][0.006s][info][gc,metaspace] CDS archive(s) mapped at: [0x0000009800000000-0x0000009800c9c000-0x0000009800c9c000), size 13221888, SharedBaseAddress: 0x0000009800000000, ArchiveRelocationMode: 1.
[2025-12-16T22:32:47.753+0800][0.006s][info][gc,metaspace] Compressed class space mapped at: 0x0000009801000000-0x0000009841000000, reserved size: 1073741824
[2025-12-16T22:32:47.753+0800][0.006s][info][gc,metaspace] Narrow klass base: 0x0000009800000000, Narrow klass shift: 0, Narrow klass range: 0x100000000
[2025-12-16T22:32:47.760+0800][0.013s][info][gc,heap,exit] Heap
[2025-12-16T22:32:47.760+0800][0.013s][info][gc,heap,exit]  PSYoungGen      total 76288K, used 6553K [0x00000007aab00000, 0x00000007b0000000, 0x0000000800000000)
[2025-12-16T22:32:47.760+0800][0.013s][info][gc,heap,exit]   eden space 65536K, 10% used [0x00000007aab00000,0x00000007ab166718,0x00000007aeb00000)
[2025-12-16T22:32:47.760+0800][0.013s][info][gc,heap,exit]   from space 10752K, 0% used [0x00000007af580000,0x00000007af580000,0x00000007b0000000)
[2025-12-16T22:32:47.760+0800][0.013s][info][gc,heap,exit]   to   space 10752K, 0% used [0x00000007aeb00000,0x00000007aeb00000,0x00000007af580000)
[2025-12-16T22:32:47.760+0800][0.013s][info][gc,heap,exit]  ParOldGen       total 175104K, used 1056K [0x0000000700000000, 0x000000070ab00000, 0x00000007aab00000)
[2025-12-16T22:32:47.760+0800][0.013s][info][gc,heap,exit]   object space 175104K, 0% used [0x0000000700000000,0x0000000700108150,0x000000070ab00000)
[2025-12-16T22:32:47.760+0800][0.013s][info][gc,heap,exit]  Metaspace       used 79K, committed 320K, reserved 1114112K
[2025-12-16T22:32:47.760+0800][0.013s][info][gc,heap,exit]   class space    used 4K, committed 128K, reserved 1048576K
