[2025-12-16T22:32:48.165+0800][0.003s][info][gc,init] CardTable entry size: 512
[2025-12-16T22:32:48.165+0800][0.003s][info][gc     ] Using Parallel
[2025-12-16T22:32:48.165+0800][0.004s][info][gc,init] Version: 25.0.1 (release)
[2025-12-16T22:32:48.165+0800][0.004s][info][gc,init] CPUs: 10 total, 10 available
[2025-12-16T22:32:48.165+0800][0.004s][info][gc,init] Memory: 16384M
[2025-12-16T22:32:48.165+0800][0.004s][info][gc,init] Large Page Support: Disabled
[2025-12-16T22:32:48.165+0800][0.004s][info][gc,init] NUMA Support: Disabled
[2025-12-16T22:32:48.165+0800][0.004s][info][gc,init] Compressed Oops: Enabled (Zero based)
[2025-12-16T22:32:48.165+0800][0.004s][info][gc,init] Alignments: Space 512K, Generation 512K, Heap 8M
[2025-12-16T22:32:48.165+0800][0.004s][info][gc,init] Heap Min Capacity: 8M
[2025-12-16T22:32:48.165+0800][0.004s][info][gc,init] Heap Initial Capacity: 256M
[2025-12-16T22:32:48.165+0800][0.004s][info][gc,init] Heap Max Capacity: 4G
[2025-12-16T22:32:48.165+0800][0.004s][info][gc,init] Pre-touch: Disabled
[2025-12-16T22:32:48.165+0800][0.004s][info][gc,init] Parallel Workers: 9
[2025-12-16T22:32:48.168+0800][0.006s][info][gc,metaspace] CDS archive(s) mapped at: [0x0000400000000000-0x0000400000d94000-0x0000400000d94000), size 14237696, SharedBaseAddress: 0x0000400000000000, ArchiveRelocationMode: 1.
[2025-12-16T22:32:48.168+0800][0.006s][info][gc,metaspace] Compressed class space mapped at: 0x0000400001000000-0x0000400041000000, reserved size: 1073741824
[2025-12-16T22:32:48.168+0800][0.006s][info][gc,metaspace] UseCompressedClassPointers 1, UseCompactObjectHeaders 0
[2025-12-16T22:32:48.168+0800][0.006s][info][gc,metaspace] Narrow klass pointer bits 32, Max shift 3
[2025-12-16T22:32:48.168+0800][0.006s][info][gc,metaspace] Narrow klass base: 0x0000400000000000, Narrow klass shift: 0
[2025-12-16T22:32:48.168+0800][0.006s][info][gc,metaspace] Encoding Range: [0x0000400000000000 - 0x0000400100000000), (4294967296 bytes)
[2025-12-16T22:32:48.168+0800][0.006s][info][gc,metaspace] Klass Range:    [0x0000400000004000 - 0x0000400041000000), (1090502656 bytes)
[2025-12-16T22:32:48.168+0800][0.006s][info][gc,metaspace] Klass ID Range:  [16384 - 1090519033) (1090502649)
[2025-12-16T22:32:48.168+0800][0.006s][info][gc,metaspace] Protection zone: [0x0000400000000000 - 0x0000400000004000), (16384 bytes)
[2025-12-16T22:32:48.175+0800][0.013s][info][gc,exit     ] Heap
[2025-12-16T22:32:48.175+0800][0.013s][info][gc,exit     ]  PSYoungGen      total 76288K, used 3932K [0x00000003ab300000, 0x00000003b0800000, 0x0000000400800000)
[2025-12-16T22:32:48.175+0800][0.013s][info][gc,exit     ]   eden space 65536K, 6% used [0x00000003ab300000,0x00000003ab6d7130,0x00000003af300000)
[2025-12-16T22:32:48.175+0800][0.013s][info][gc,exit     ]   from space 10752K, 0% used [0x00000003afd80000,0x00000003afd80000,0x00000003b0800000)
[2025-12-16T22:32:48.175+0800][0.013s][info][gc,exit     ]   to   space 10752K, 0% used [0x00000003af300000,0x00000003af300000,0x00000003afd80000)
[2025-12-16T22:32:48.175+0800][0.013s][info][gc,exit     ]  ParOldGen       total 175104K, used 1149K [0x0000000300800000, 0x000000030b300000, 0x00000003ab300000)
[2025-12-16T22:32:48.175+0800][0.013s][info][gc,exit     ]   object space 175104K, 0% used [0x0000000300800000,0x000000030091f730,0x000000030b300000)
[2025-12-16T22:32:48.175+0800][0.013s][info][gc,exit     ]  Metaspace       used 86K, committed 320K, reserved 1114112K
[2025-12-16T22:32:48.175+0800][0.013s][info][gc,exit     ]   class space    used 4K, committed 128K, reserved 1048576K
