[2025-12-16T22:32:47.685+0800][0.003s][info][gc,init] CardTable entry size: 512
[2025-12-16T22:32:47.685+0800][0.003s][info][gc     ] Using Serial
[2025-12-16T22:32:47.685+0800][0.003s][info][gc,init] Version: 21.0.9 (release)
[2025-12-16T22:32:47.685+0800][0.003s][info][gc,init] CPUs: 10 total, 10 available
[2025-12-16T22:32:47.685+0800][0.003s][info][gc,init] Memory: 16384M
[2025-12-16T22:32:47.685+0800][0.003s][info][gc,init] Large Page Support: Disabled
[2025-12-16T22:32:47.685+0800][0.003s][info][gc,init] NUMA Support: Disabled
[2025-12-16T22:32:47.685+0800][0.003s][info][gc,init] Compressed Oops: Enabled (Zero based)
[2025-12-16T22:32:47.685+0800][0.003s][info][gc,init] Heap Min Capacity: 8M
[2025-12-16T22:32:47.685+0800][0.003s][info][gc,init] Heap Initial Capacity: 256M
[2025-12-16T22:32:47.685+0800][0.003s][info][gc,init] Heap Max Capacity: 4G
[2025-12-16T22:32:47.685+0800][0.003s][info][gc,init] Pre-touch: Disabled
[2025-12-16T22:32:47.688+0800][0.006s][info][gc,metaspace] CDS archive(s) mapped at: [0x0000008000000000-0x0000008000c9c000-0x0000008000c9c000), size 13221888, SharedBaseAddress: 0x0000008000000000, ArchiveRelocationMode: 1.
[2025-12-16T22:32:47.688+0800][0.006s][info][gc,metaspace] Compressed class space mapped at: 0x0000008001000000-0x0000008041000000, reserved size: 1073741824
[2025-12-16T22:32:47.688+0800][0.006s][info][gc,metaspace] Narrow klass base: 0x0000008000000000, Narrow klass shift: 0, Narrow klass range: 0x100000000
[2025-12-16T22:32:47.695+0800][0.013s][info][gc,heap,exit] Heap
[2025-12-16T22:32:47.695+0800][0.013s][info][gc,heap,exit]  def new generation   total 78656K, used 6995K [0x0000000300800000, 0x0000000305d50000, 0x0000000355d50000)
[2025-12-16T22:32:47.695+0800][0.013s][info][gc,heap,exit]   eden space 69952K,  10% used [0x0000000300800000, 0x0000000300ed4d80, 0x0000000304c50000)
[2025-12-16T22:32:47.695+0800][0.013s][info][gc,heap,exit]   from space 8704K,   0% used [0x0000000304c50000, 0x0000000304c50000, 0x00000003054d0000)
[2025-12-16T22:32:47.695+0800][0.013s][info][gc,heap,exit]   to   space 8704K,   0% used [0x00000003054d0000, 0x00000003054d0000, 0x0000000305d50000)
[2025-12-16T22:32:47.695+0800][0.013s][info][gc,heap,exit]  tenured generation   total 174784K, used 1056K [0x0000000355d50000, 0x0000000360800000, 0x0000000400800000)
[2025-12-16T22:32:47.695+0800][0.013s][info][gc,heap,exit]    the space 174784K,   0% used [0x0000000355d50000, 0x0000000355e58150, 0x0000000355e58200, 0x0000000360800000)
[2025-12-16T22:32:47.695+0800][0.013s][info][gc,heap,exit]  Metaspace       used 79K, committed 320K, reserved 1114112K
[2025-12-16T22:32:47.695+0800][0.013s][info][gc,heap,exit]   class space    used 4K, committed 128K, reserved 1048576K
