[2025-12-16T22:32:48.353+0800][0.003s][info][gc,init] CardTable entry size: 512
[2025-12-16T22:32:48.353+0800][0.003s][info][gc     ] Heuristics ergonomically sets -XX:GCTimeRatio=70
[2025-12-16T22:32:48.353+0800][0.003s][info][gc     ] Heuristics ergonomically sets -XX:+ExplicitGCInvokesConcurrent
[2025-12-16T22:32:48.353+0800][0.003s][info][gc     ] Heuristics ergonomically sets -XX:+ShenandoahImplicitGCInvokesConcurrent
[2025-12-16T22:32:48.353+0800][0.003s][info][gc     ] Heuristics ergonomically sets -XX:+UseCondCardMark
[2025-12-16T22:32:48.353+0800][0.003s][info][gc     ] Using Shenandoah
[2025-12-16T22:32:48.353+0800][0.003s][info][gc,ref ] Clearing All SoftReferences
[2025-12-16T22:32:48.364+0800][0.014s][info][gc,free] Free: 3890M, Max: 2048K regular, 3890M humongous, Frag: 0% external, 0% internal; Used: 0B, Mutator Free: 1945 Collector Reserve: 206M, Max: 2048K; Used: 0B Old Collector Reserve: 0B, Max: 0B; Used: 0B
[2025-12-16T22:32:48.364+0800][0.014s][info][gc,ergo] Pacer for Idle. Initial: 83886K, Alloc Tax Rate: 1.0x
[2025-12-16T22:32:48.364+0800][0.014s][info][gc,init] Version: 25.0.1 (release)
[2025-12-16T22:32:48.364+0800][0.014s][info][gc,init] CPUs: 10 total, 10 available
[2025-12-16T22:32:48.364+0800][0.014s][info][gc,init] Memory: 16384M
[2025-12-16T22:32:48.364+0800][0.014s][info][gc,init] Large Page Support: Disabled
[2025-12-16T22:32:48.364+0800][0.014s][info][gc,init] NUMA Support: Disabled
[2025-12-16T22:32:48.364+0800][0.014s][info][gc,init] Compressed Oops: Enabled (Zero based)
[2025-12-16T22:32:48.364+0800][0.014s][info][gc,init] Heap Min Capacity: 8M
[2025-12-16T22:32:48.364+0800][0.014s][info][gc,init] Heap Initial Capacity: 256M
[2025-12-16T22:32:48.364+0800][0.014s][info][gc,init] Heap Max Capacity: 4G
[2025-12-16T22:32:48.364+0800][0.014s][info][gc,init] Pre-touch: Disabled
[2025-12-16T22:32:48.364+0800][0.014s][info][gc,init] Heap Region Count: 2048
[2025-12-16T22:32:48.364+0800][0.014s][info][gc,init] Heap Region Size: 2M
[2025-12-16T22:32:48.364+0800][0.014s][info][gc,init] TLAB Size Max: 2M
[2025-12-16T22:32:48.364+0800][0.014s][info][gc,init] Young Generation Soft Size: 4G
[2025-12-16T22:32:48.364+0800][0.014s][info][gc,init] Young Generation Max: 4G
[2025-12-16T22:32:48.364+0800][0.014s][info][gc,init] Old Generation Soft Size: 0B
[2025-12-16T22:32:48.364+0800][0.014s][info][gc,init] Old Generation Max: 0B
[2025-12-16T22:32:48.364+0800][0.014s][info][gc,init] Parallel Workers: 5
[2025-12-16T22:32:48.364+0800][0.014s][info][gc,init] Concurrent Workers: 2
[2025-12-16T22:32:48.364+0800][0.014s][info][gc,init] Mode: Generational
[2025-12-16T22:32:48.364+0800][0.014s][info][gc,init] Heuristics: Adaptive
[2025-12-16T22:32:48.364+0800][0.014s][info][gc,init] Young Heuristics: Adaptive
[2025-12-16T22:32:48.364+0800][0.014s][info][gc,init] Old Heuristics: Old
[2025-12-16T22:32:48.366+0800][0.016s][info][gc,metaspace] CDS archive(s) mapped at: [0x00007ffc00000000-0x00007ffc00d94000-0x00007ffc00d94000), size 14237696, SharedBaseAddress: 0x00007ffc00000000, ArchiveRelocationMode: 1.
[2025-12-16T22:32:48.366+0800][0.016s][info][gc,metaspace] Compressed class space mapped at: 0x00007ffc01000000-0x00007ffc41000000, reserved size: 1073741824
[2025-12-16T22:32:48.366+0800][0.016s][info][gc,metaspace] UseCompressedClassPointers 1, UseCompactObjectHeaders 0
[2025-12-16T22:32:48.366+0800][0.016s][info][gc,metaspace] Narrow klass pointer bits 32, Max shift 3
[2025-12-16T22:32:48.366+0800][0.016s][info][gc,metaspace] Narrow klass base: 0x00007ffc00000000, Narrow klass shift: 0
[2025-12-16T22:32:48.366+0800][0.016s][info][gc,metaspace] Encoding Range: [0x00007ffc00000000 - 0x00007ffd00000000), (4294967296 bytes)
[2025-12-16T22:32:48.366+0800][0.016s][info][gc,metaspace] Klass Range:    [0x00007ffc00004000 - 0x00007ffc41000000), (1090502656 bytes)
[2025-12-16T22:32:48.366+0800][0.016s][info][gc,metaspace] Klass ID Range:  [16384 - 1090519033) (1090502649)
[2025-12-16T22:32:48.366+0800][0.016s][info][gc,metaspace] Protection zone: [0x00007ffc00000000 - 0x00007ffc00004000), (16384 bytes)
[2025-12-16T22:32:48.376+0800][0.026s][info][gc,thread   ] Cancelling GC: Stopping VM
[2025-12-16T22:32:48.377+0800][0.027s][info][gc,exit     ] Heap
[2025-12-16T22:32:48.377+0800][0.027s][info][gc,exit     ]  Shenandoah Heap
[2025-12-16T22:32:48.377+0800][0.027s][info][gc,exit     ]   4096M max, 4096M soft max, 264M committed, 8192K used
[2025-12-16T22:32:48.377+0800][0.027s][info][gc,exit     ]   2048 x 2048 K regions
[2025-12-16T22:32:48.377+0800][0.027s][info][gc,exit     ]  Status: cancelled
[2025-12-16T22:32:48.377+0800][0.027s][info][gc,exit     ]  Reserved region:
[2025-12-16T22:32:48.377+0800][0.027s][info][gc,exit     ]   - [0x00000003c0000000, 0x00000004c0000000) 
[2025-12-16T22:32:48.377+0800][0.027s][info][gc,exit     ]  Collection set:
[2025-12-16T22:32:48.377+0800][0.027s][info][gc,exit     ]   - map (vanilla): 0x0000000105045e00
[2025-12-16T22:32:48.377+0800][0.027s][info][gc,exit     ]   - map (biased):  0x0000000105044000
[2025-12-16T22:32:48.377+0800][0.027s][info][gc,exit     ] 
[2025-12-16T22:32:48.377+0800][0.027s][info][gc,exit     ]  Metaspace       used 150K, committed 384K, reserved 1114112K
[2025-12-16T22:32:48.377+0800][0.027s][info][gc,exit     ]   class space    used 4K, committed 128K, reserved 1048576K
[2025-12-16T22:32:48.377+0800][0.027s][info][gc,stats    ] 
[2025-12-16T22:32:48.377+0800][0.027s][info][gc,stats    ] GC STATISTICS:
[2025-12-16T22:32:48.377+0800][0.027s][info][gc,stats    ]   "(G)" (gross) pauses include VM time: time to notify and block threads, do the pre-
[2025-12-16T22:32:48.377+0800][0.027s][info][gc,stats    ]         and post-safepoint housekeeping. Use -Xlog:safepoint+stats to dissect.
[2025-12-16T22:32:48.377+0800][0.027s][info][gc,stats    ]   "(N)" (net) pauses are the times spent in the actual GC code.
[2025-12-16T22:32:48.377+0800][0.027s][info][gc,stats    ]   "a" is average time for each phase, look at levels to see if average makes sense.
[2025-12-16T22:32:48.377+0800][0.027s][info][gc,stats    ]   "lvls" are quantiles: 0% (minimum), 25%, 50% (median), 75%, 100% (maximum).
[2025-12-16T22:32:48.377+0800][0.027s][info][gc,stats    ] 
[2025-12-16T22:32:48.377+0800][0.027s][info][gc,stats    ]   All times are wall-clock times, except per-root-class counters, that are sum over
[2025-12-16T22:32:48.377+0800][0.027s][info][gc,stats    ]   all workers. Dividing the <total> over the root stage time estimates parallelism.
[2025-12-16T22:32:48.377+0800][0.027s][info][gc,stats    ] 
[2025-12-16T22:32:48.377+0800][0.027s][info][gc,stats    ]   Pacing delays are measured from entering the pacing code till exiting it. Therefore,
[2025-12-16T22:32:48.377+0800][0.027s][info][gc,stats    ]   observed pacing delays may be higher than the threshold when paced thread spent more
[2025-12-16T22:32:48.377+0800][0.027s][info][gc,stats    ]   time in the pacing code. It usually happens when thread is de-scheduled while paced,
[2025-12-16T22:32:48.377+0800][0.027s][info][gc,stats    ]   OS takes longer to unblock the thread, or JVM experiences an STW pause.
[2025-12-16T22:32:48.377+0800][0.027s][info][gc,stats    ] 
[2025-12-16T22:32:48.377+0800][0.027s][info][gc,stats    ]   Higher delay would prevent application outpacing the GC, but it will hide the GC latencies
[2025-12-16T22:32:48.377+0800][0.027s][info][gc,stats    ]   from the STW pause times. Pacing affects the individual threads, and so it would also be
[2025-12-16T22:32:48.377+0800][0.027s][info][gc,stats    ]   invisible to the usual profiling tools, but would add up to end-to-end application latency.
[2025-12-16T22:32:48.377+0800][0.027s][info][gc,stats    ]   Raise max pacing delay with care.
[2025-12-16T22:32:48.377+0800][0.027s][info][gc,stats    ] 
[2025-12-16T22:32:48.377+0800][0.027s][info][gc,stats    ] 
[2025-12-16T22:32:48.377+0800][0.027s][info][gc,stats    ] 
[2025-12-16T22:32:48.377+0800][0.027s][info][gc,stats    ] Under allocation pressure, concurrent cycles may cancel, and either continue cycle
[2025-12-16T22:32:48.377+0800][0.027s][info][gc,stats    ] under stop-the-world pause or result in stop-the-world Full GC. Increase heap size,
[2025-12-16T22:32:48.377+0800][0.027s][info][gc,stats    ] tune GC heuristics, set more aggressive pacing delay, or lower allocation rate
[2025-12-16T22:32:48.377+0800][0.027s][info][gc,stats    ] to avoid Degenerated and Full GC cycles. Abbreviated cycles are those which found
[2025-12-16T22:32:48.377+0800][0.027s][info][gc,stats    ] enough regions with no live objects to skip evacuation.
[2025-12-16T22:32:48.377+0800][0.027s][info][gc,stats    ] 
[2025-12-16T22:32:48.377+0800][0.027s][info][gc,stats    ]     0 Completed GCs
[2025-12-16T22:32:48.377+0800][0.027s][info][gc,stats    ] 
[2025-12-16T22:32:48.377+0800][0.027s][info][gc,stats    ]     0 Successful Concurrent GCs (0.00%)
[2025-12-16T22:32:48.377+0800][0.027s][info][gc,stats    ]       0 invoked explicitly (0.00%)
[2025-12-16T22:32:48.377+0800][0.027s][info][gc,stats    ]       0 invoked implicitly (0.00%)
[2025-12-16T22:32:48.377+0800][0.027s][info][gc,stats    ]       0 abbreviated (0.00%)
[2025-12-16T22:32:48.377+0800][0.027s][info][gc,stats    ] 
[2025-12-16T22:32:48.377+0800][0.027s][info][gc,stats    ]     0 Completed Old GCs (0.00%)
[2025-12-16T22:32:48.377+0800][0.027s][info][gc,stats    ]       0 mixed
[2025-12-16T22:32:48.377+0800][0.027s][info][gc,stats    ]       0 interruptions
[2025-12-16T22:32:48.377+0800][0.027s][info][gc,stats    ] 
[2025-12-16T22:32:48.377+0800][0.027s][info][gc,stats    ]     0 Degenerated GCs (0.00%)
[2025-12-16T22:32:48.377+0800][0.027s][info][gc,stats    ]       0 upgraded to Full GC (0.00%)
[2025-12-16T22:32:48.377+0800][0.027s][info][gc,stats    ]       0 caused by allocation failure (0.00%)
[2025-12-16T22:32:48.377+0800][0.027s][info][gc,stats    ]       0 abbreviated (0.00%)
[2025-12-16T22:32:48.377+0800][0.027s][info][gc,stats    ] 
[2025-12-16T22:32:48.377+0800][0.027s][info][gc,stats    ]     0 Full GCs (0.00%)
[2025-12-16T22:32:48.377+0800][0.027s][info][gc,stats    ]       0 caused by allocation failure (0.00%)
[2025-12-16T22:32:48.377+0800][0.027s][info][gc,stats    ]       0 upgraded from Degenerated GC (0.00%)
[2025-12-16T22:32:48.377+0800][0.027s][info][gc,stats    ] 
[2025-12-16T22:32:48.377+0800][0.027s][info][gc,stats    ] 
[2025-12-16T22:32:48.377+0800][0.027s][info][gc,stats    ] 
[2025-12-16T22:32:48.377+0800][0.027s][info][gc,stats    ] 
[2025-12-16T22:32:48.377+0800][0.027s][info][gc,stats    ] Workers: 
[2025-12-16T22:32:48.377+0800][0.027s][info][gc,stats    ] Mutators: 
[2025-12-16T22:32:48.377+0800][0.027s][info][gc,stats    ] Young regions: Age table:
[2025-12-16T22:32:48.377+0800][0.027s][info][gc,stats    ] 
