[2025-12-16T22:32:30.770+0800][0.004s][info][gc,heap] Heap region size: 1M
[2025-12-16T22:32:30.770+0800][0.004s][info][gc     ] Using G1
[2025-12-16T22:32:30.770+0800][0.004s][info][gc,heap,coops] Heap address: 0x00000006c0000000, size: 4096 MB, Compressed Oops mode: Zero based, Oop shift amount: 3
[2025-12-16T22:32:30.902+0800][0.136s][info][gc,start     ] GC(0) Pause Young (Normal) (G1 Evacuation Pause)
[2025-12-16T22:32:30.902+0800][0.136s][info][gc,task      ] GC(0) Using 9 workers of 9 for evacuation
[2025-12-16T22:32:30.903+0800][0.137s][info][gc,phases    ] GC(0)   Pre Evacuate Collection Set: 0.0ms
[2025-12-16T22:32:30.903+0800][0.137s][info][gc,phases    ] GC(0)   Evacuate Collection Set: 0.7ms
[2025-12-16T22:32:30.903+0800][0.137s][info][gc,phases    ] GC(0)   Post Evacuate Collection Set: 0.1ms
[2025-12-16T22:32:30.903+0800][0.137s][info][gc,phases    ] GC(0)   Other: 0.2ms
[2025-12-16T22:32:30.903+0800][0.137s][info][gc,heap      ] GC(0) Eden regions: 24->0(152)
[2025-12-16T22:32:30.903+0800][0.137s][info][gc,heap      ] GC(0) Survivor regions: 0->1(3)
[2025-12-16T22:32:30.903+0800][0.137s][info][gc,heap      ] GC(0) Old regions: 0->0
[2025-12-16T22:32:30.903+0800][0.137s][info][gc,heap      ] GC(0) Humongous regions: 0->0
[2025-12-16T22:32:30.903+0800][0.137s][info][gc,metaspace ] GC(0) Metaspace: 4396K(4864K)->4396K(4864K) NonClass: 4036K(4352K)->4036K(4352K) Class: 360K(512K)->360K(512K)
[2025-12-16T22:32:30.903+0800][0.137s][info][gc           ] GC(0) Pause Young (Normal) (G1 Evacuation Pause) 24M->0M(256M) 1.105ms
[2025-12-16T22:32:30.903+0800][0.137s][info][gc,cpu       ] GC(0) User=0.00s Sys=0.00s Real=0.00s
[2025-12-16T22:32:31.306+0800][0.540s][info][gc,heap,exit ] Heap
[2025-12-16T22:32:31.306+0800][0.540s][info][gc,heap,exit ]  garbage-first heap   total 262144K, used 5715K [0x00000006c0000000, 0x00000007c0000000)
[2025-12-16T22:32:31.306+0800][0.540s][info][gc,heap,exit ]   region size 1024K, 7 young (7168K), 1 survivors (1024K)
[2025-12-16T22:32:31.306+0800][0.540s][info][gc,heap,exit ]  Metaspace       used 4760K, capacity 4822K, committed 5120K, reserved 1056768K
[2025-12-16T22:32:31.306+0800][0.540s][info][gc,heap,exit ]   class space    used 402K, capacity 417K, committed 512K, reserved 1048576K
