[2025-12-16T22:32:33.861+0800][0.004s][info][gc] Using G1
[2025-12-16T22:32:33.862+0800][0.004s][info][gc,init] Version: 17.0.17+0 (release)
[2025-12-16T22:32:33.862+0800][0.004s][info][gc,init] CPUs: 10 total, 10 available
[2025-12-16T22:32:33.862+0800][0.004s][info][gc,init] Memory: 16384M
[2025-12-16T22:32:33.862+0800][0.004s][info][gc,init] Large Page Support: Disabled
[2025-12-16T22:32:33.862+0800][0.004s][info][gc,init] NUMA Support: Disabled
[2025-12-16T22:32:33.862+0800][0.004s][info][gc,init] Compressed Oops: Enabled (Zero based)
[2025-12-16T22:32:33.862+0800][0.004s][info][gc,init] Heap Region Size: 2M
[2025-12-16T22:32:33.862+0800][0.004s][info][gc,init] Heap Min Capacity: 8M
[2025-12-16T22:32:33.862+0800][0.004s][info][gc,init] Heap Initial Capacity: 256M
[2025-12-16T22:32:33.862+0800][0.004s][info][gc,init] Heap Max Capacity: 4G
[2025-12-16T22:32:33.862+0800][0.004s][info][gc,init] Pre-touch: Disabled
[2025-12-16T22:32:33.862+0800][0.004s][info][gc,init] Parallel Workers: 9
[2025-12-16T22:32:33.862+0800][0.004s][info][gc,init] Concurrent Workers: 2
[2025-12-16T22:32:33.862+0800][0.004s][info][gc,init] Concurrent Refinement Workers: 9
[2025-12-16T22:32:33.862+0800][0.004s][info][gc,init] Periodic GC: Disabled
[2025-12-16T22:32:33.864+0800][0.006s][info][gc,metaspace] CDS archive(s) mapped at: [0x000000a000000000-0x000000a000bc0000-0x000000a000bc0000), size 12320768, SharedBaseAddress: 0x000000a000000000, ArchiveRelocationMode: 1.
[2025-12-16T22:32:33.864+0800][0.006s][info][gc,metaspace] Compressed class space mapped at: 0x000000a001000000-0x000000a041000000, reserved size: 1073741824
[2025-12-16T22:32:33.864+0800][0.006s][info][gc,metaspace] Narrow klass base: 0x000000a000000000, Narrow klass shift: 0, Narrow klass range: 0x100000000
[2025-12-16T22:32:33.979+0800][0.121s][info][gc,start    ] GC(0) Pause Young (Normal) (G1 Evacuation Pause)
[2025-12-16T22:32:33.979+0800][0.121s][info][gc,task     ] GC(0) Using 9 workers of 9 for evacuation
[2025-12-16T22:32:33.979+0800][0.122s][info][gc,phases   ] GC(0)   Pre Evacuate Collection Set: 0.0ms
[2025-12-16T22:32:33.979+0800][0.122s][info][gc,phases   ] GC(0)   Merge Heap Roots: 0.0ms
[2025-12-16T22:32:33.979+0800][0.122s][info][gc,phases   ] GC(0)   Evacuate Collection Set: 0.3ms
[2025-12-16T22:32:33.979+0800][0.122s][info][gc,phases   ] GC(0)   Post Evacuate Collection Set: 0.1ms
[2025-12-16T22:32:33.979+0800][0.122s][info][gc,phases   ] GC(0)   Other: 0.3ms
[2025-12-16T22:32:33.979+0800][0.122s][info][gc,heap     ] GC(0) Eden regions: 11->0(50)
[2025-12-16T22:32:33.979+0800][0.122s][info][gc,heap     ] GC(0) Survivor regions: 0->1(2)
[2025-12-16T22:32:33.979+0800][0.122s][info][gc,heap     ] GC(0) Old regions: 0->0
[2025-12-16T22:32:33.980+0800][0.122s][info][gc,heap     ] GC(0) Archive regions: 2->2
[2025-12-16T22:32:33.980+0800][0.122s][info][gc,heap     ] GC(0) Humongous regions: 0->0
[2025-12-16T22:32:33.980+0800][0.122s][info][gc,metaspace] GC(0) Metaspace: 138K(320K)->138K(320K) NonClass: 133K(192K)->133K(192K) Class: 4K(128K)->4K(128K)
[2025-12-16T22:32:33.980+0800][0.122s][info][gc          ] GC(0) Pause Young (Normal) (G1 Evacuation Pause) 23M->2M(260M) 0.860ms
[2025-12-16T22:32:33.980+0800][0.122s][info][gc,cpu      ] GC(0) User=0.00s Sys=0.00s Real=0.01s
[2025-12-16T22:32:34.381+0800][0.523s][info][gc,heap,exit] Heap
[2025-12-16T22:32:34.381+0800][0.523s][info][gc,heap,exit]  garbage-first heap   total 266240K, used 84249K [0x0000000300800000, 0x0000000400800000)
[2025-12-16T22:32:34.381+0800][0.523s][info][gc,heap,exit]   region size 2048K, 42 young (86016K), 1 survivors (2048K)
[2025-12-16T22:32:34.381+0800][0.523s][info][gc,heap,exit]  Metaspace       used 164K, committed 384K, reserved 1114112K
[2025-12-16T22:32:34.381+0800][0.523s][info][gc,heap,exit]   class space    used 5K, committed 128K, reserved 1048576K
