[2025-12-16T22:32:35.664+0800][0.003s][info][gc] Using Epsilon
[2025-12-16T22:32:35.664+0800][0.003s][info][gc,init] Version: 17.0.17+0 (release)
[2025-12-16T22:32:35.664+0800][0.004s][info][gc,init] CPUs: 10 total, 10 available
[2025-12-16T22:32:35.664+0800][0.004s][info][gc,init] Memory: 16384M
[2025-12-16T22:32:35.664+0800][0.004s][info][gc,init] Large Page Support: Disabled
[2025-12-16T22:32:35.664+0800][0.004s][info][gc,init] NUMA Support: Disabled
[2025-12-16T22:32:35.664+0800][0.004s][info][gc,init] Compressed Oops: Enabled (Zero based)
[2025-12-16T22:32:35.664+0800][0.004s][info][gc,init] Heap Min Capacity: 6656K
[2025-12-16T22:32:35.664+0800][0.004s][info][gc,init] Heap Initial Capacity: 256M
[2025-12-16T22:32:35.664+0800][0.004s][info][gc,init] Heap Max Capacity: 4G
[2025-12-16T22:32:35.664+0800][0.004s][info][gc,init] Pre-touch: Disabled
[2025-12-16T22:32:35.664+0800][0.004s][warning][gc,init] Consider setting -Xms equal to -Xmx to avoid resizing hiccups
[2025-12-16T22:32:35.664+0800][0.004s][warning][gc,init] Consider enabling -XX:+AlwaysPreTouch to avoid memory commit hiccups
[2025-12-16T22:32:35.664+0800][0.004s][info   ][gc,init] TLAB Size Max: 4M
[2025-12-16T22:32:35.664+0800][0.004s][info   ][gc,init] TLAB Size Elasticity: 1.10x
[2025-12-16T22:32:35.664+0800][0.004s][info   ][gc,init] TLAB Size Decay Time: 1000ms
[2025-12-16T22:32:35.666+0800][0.006s][info   ][gc,metaspace] CDS archive(s) mapped at: [0x0000007000000000-0x0000007000bc0000-0x0000007000bc0000), size 12320768, SharedBaseAddress: 0x0000007000000000, ArchiveRelocationMode: 1.
[2025-12-16T22:32:35.666+0800][0.006s][info   ][gc,metaspace] Compressed class space mapped at: 0x0000007001000000-0x0000007041000000, reserved size: 1073741824
[2025-12-16T22:32:35.666+0800][0.006s][info   ][gc,metaspace] Narrow klass base: 0x0000007000000000, Narrow klass shift: 0, Narrow klass range: 0x100000000
[2025-12-16T22:32:36.186+0800][0.526s][info   ][gc,heap,exit] Heap
[2025-12-16T22:32:36.186+0800][0.526s][info   ][gc,heap,exit] Epsilon Heap
[2025-12-16T22:32:36.186+0800][0.526s][info   ][gc,heap,exit] Allocation space:
[2025-12-16T22:32:36.186+0800][0.526s][info   ][gc,heap,exit]  space 262144K,   0% used [0x0000000300004000, 0x000000030010deb8, 0x0000000310004000)
[2025-12-16T22:32:36.186+0800][0.526s][info   ][gc,heap,exit]  Metaspace       used 207K, committed 448K, reserved 1114112K
[2025-12-16T22:32:36.186+0800][0.526s][info   ][gc,heap,exit]   class space    used 5K, committed 128K, reserved 1048576K
[2025-12-16T22:32:36.186+0800][0.526s][info   ][gc          ] Heap: 4096M reserved, 256M (6.25%) committed, 1063K (0.03%) used
[2025-12-16T22:32:36.186+0800][0.526s][info   ][gc,metaspace] Metaspace: 1088M reserved, 448K (0.04%) committed, 207K (0.02%) used
