[2025-12-16T22:32:35.060+0800][0.003s][info][gc] Heuristics ergonomically sets -XX:+ExplicitGCInvokesConcurrent
[2025-12-16T22:32:35.060+0800][0.003s][info][gc] Heuristics ergonomically sets -XX:+ShenandoahImplicitGCInvokesConcurrent
[2025-12-16T22:32:35.060+0800][0.003s][info][gc] Using Shenandoah
[2025-12-16T22:32:35.060+0800][0.004s][info][gc,ergo] Pacer for Idle. Initial: 83886K, Alloc Tax Rate: 1.0x
[2025-12-16T22:32:35.060+0800][0.004s][info][gc,init] Version: 17.0.17+0 (release)
[2025-12-16T22:32:35.060+0800][0.004s][info][gc,init] CPUs: 10 total, 10 available
[2025-12-16T22:32:35.060+0800][0.004s][info][gc,init] Memory: 16384M
[2025-12-16T22:32:35.060+0800][0.004s][info][gc,init] Large Page Support: Disabled
[2025-12-16T22:32:35.060+0800][0.004s][info][gc,init] NUMA Support: Disabled
[2025-12-16T22:32:35.060+0800][0.004s][info][gc,init] Compressed Oops: Enabled (Zero based)
[2025-12-16T22:32:35.060+0800][0.004s][info][gc,init] Heap Min Capacity: 8M
[2025-12-16T22:32:35.060+0800][0.004s][info][gc,init] Heap Initial Capacity: 256M
[2025-12-16T22:32:35.060+0800][0.004s][info][gc,init] Heap Max Capacity: 4G
[2025-12-16T22:32:35.061+0800][0.004s][info][gc,init] Pre-touch: Disabled
[2025-12-16T22:32:35.061+0800][0.004s][info][gc,init] Mode: Snapshot-At-The-Beginning (SATB)
[2025-12-16T22:32:35.061+0800][0.004s][info][gc,init] Heuristics: Adaptive
[2025-12-16T22:32:35.061+0800][0.004s][info][gc,init] Heap Region Count: 2048
[2025-12-16T22:32:35.061+0800][0.004s][info][gc,init] Heap Region Size: 2M
[2025-12-16T22:32:35.061+0800][0.004s][info][gc,init] TLAB Size Max: 2M
[2025-12-16T22:32:35.061+0800][0.004s][info][gc,init] Humongous Object Threshold: 2M
[2025-12-16T22:32:35.061+0800][0.004s][info][gc,init] Parallel Workers: 5
[2025-12-16T22:32:35.061+0800][0.004s][info][gc,init] Concurrent Workers: 2
[2025-12-16T22:32:35.063+0800][0.006s][info][gc,metaspace] CDS archive(s) mapped at: [0x0000007000000000-0x0000007000bc0000-0x0000007000bc0000), size 12320768, SharedBaseAddress: 0x0000007000000000, ArchiveRelocationMode: 1.
[2025-12-16T22:32:35.063+0800][0.006s][info][gc,metaspace] Compressed class space mapped at: 0x0000007001000000-0x0000007041000000, reserved size: 1073741824
[2025-12-16T22:32:35.063+0800][0.006s][info][gc,metaspace] Narrow klass base: 0x0000007000000000, Narrow klass shift: 0, Narrow klass range: 0x100000000
[2025-12-16T22:32:35.584+0800][0.527s][info][gc          ] Cancelling GC: Stopping VM
[2025-12-16T22:32:35.584+0800][0.527s][info][gc,heap,exit] Heap
[2025-12-16T22:32:35.584+0800][0.527s][info][gc,heap,exit] Shenandoah Heap
[2025-12-16T22:32:35.584+0800][0.527s][info][gc,heap,exit]  4096M max, 4096M soft max, 256M committed, 208M used
[2025-12-16T22:32:35.584+0800][0.527s][info][gc,heap,exit]  2048 x 2048K regions
[2025-12-16T22:32:35.584+0800][0.528s][info][gc,heap,exit] Status: cancelled
[2025-12-16T22:32:35.584+0800][0.528s][info][gc,heap,exit] Reserved region:
[2025-12-16T22:32:35.584+0800][0.528s][info][gc,heap,exit]  - [0x00000004d5400000, 0x00000005d5400000) 
[2025-12-16T22:32:35.584+0800][0.528s][info][gc,heap,exit] Collection set:
[2025-12-16T22:32:35.584+0800][0.528s][info][gc,heap,exit]  - map (vanilla): 0x00000001005c66aa
[2025-12-16T22:32:35.584+0800][0.528s][info][gc,heap,exit]  - map (biased):  0x00000001005c4000
[2025-12-16T22:32:35.585+0800][0.528s][info][gc,heap,exit] 
[2025-12-16T22:32:35.585+0800][0.528s][info][gc,heap,exit]  Metaspace       used 207K, committed 448K, reserved 1114112K
[2025-12-16T22:32:35.585+0800][0.528s][info][gc,heap,exit]   class space    used 5K, committed 128K, reserved 1048576K
[2025-12-16T22:32:35.585+0800][0.528s][info][gc,stats    ] 
[2025-12-16T22:32:35.585+0800][0.528s][info][gc,stats    ] GC STATISTICS:
[2025-12-16T22:32:35.585+0800][0.528s][info][gc,stats    ]   "(G)" (gross) pauses include VM time: time to notify and block threads, do the pre-
[2025-12-16T22:32:35.585+0800][0.528s][info][gc,stats    ]         and post-safepoint housekeeping. Use -Xlog:safepoint+stats to dissect.
[2025-12-16T22:32:35.585+0800][0.528s][info][gc,stats    ]   "(N)" (net) pauses are the times spent in the actual GC code.
[2025-12-16T22:32:35.585+0800][0.528s][info][gc,stats    ]   "a" is average time for each phase, look at levels to see if average makes sense.
[2025-12-16T22:32:35.585+0800][0.528s][info][gc,stats    ]   "lvls" are quantiles: 0% (minimum), 25%, 50% (median), 75%, 100% (maximum).
[2025-12-16T22:32:35.585+0800][0.528s][info][gc,stats    ] 
[2025-12-16T22:32:35.585+0800][0.528s][info][gc,stats    ]   All times are wall-clock times, except per-root-class counters, that are sum over
[2025-12-16T22:32:35.585+0800][0.528s][info][gc,stats    ]   all workers. Dividing the <total> over the root stage time estimates parallelism.
[2025-12-16T22:32:35.585+0800][0.528s][info][gc,stats    ] 
[2025-12-16T22:32:35.585+0800][0.528s][info][gc,stats    ]   Pacing delays are measured from entering the pacing code till exiting it. Therefore,
[2025-12-16T22:32:35.585+0800][0.528s][info][gc,stats    ]   observed pacing delays may be higher than the threshold when paced thread spent more
[2025-12-16T22:32:35.585+0800][0.528s][info][gc,stats    ]   time in the pacing code. It usually happens when thread is de-scheduled while paced,
[2025-12-16T22:32:35.585+0800][0.528s][info][gc,stats    ]   OS takes longer to unblock the thread, or JVM experiences an STW pause.
[2025-12-16T22:32:35.585+0800][0.528s][info][gc,stats    ] 
[2025-12-16T22:32:35.585+0800][0.528s][info][gc,stats    ]   Higher delay would prevent application outpacing the GC, but it will hide the GC latencies
[2025-12-16T22:32:35.585+0800][0.528s][info][gc,stats    ]   from the STW pause times. Pacing affects the individual threads, and so it would also be
[2025-12-16T22:32:35.585+0800][0.528s][info][gc,stats    ]   invisible to the usual profiling tools, but would add up to end-to-end application latency.
[2025-12-16T22:32:35.585+0800][0.528s][info][gc,stats    ]   Raise max pacing delay with care.
[2025-12-16T22:32:35.585+0800][0.528s][info][gc,stats    ] 
[2025-12-16T22:32:35.585+0800][0.528s][info][gc,stats    ] 
[2025-12-16T22:32:35.585+0800][0.528s][info][gc,stats    ] 
[2025-12-16T22:32:35.585+0800][0.528s][info][gc,stats    ] Under allocation pressure, concurrent cycles may cancel, and either continue cycle
[2025-12-16T22:32:35.585+0800][0.528s][info][gc,stats    ] under stop-the-world pause or result in stop-the-world Full GC. Increase heap size,
[2025-12-16T22:32:35.585+0800][0.528s][info][gc,stats    ] tune GC heuristics, set more aggressive pacing delay, or lower allocation rate
[2025-12-16T22:32:35.585+0800][0.528s][info][gc,stats    ] to avoid Degenerated and Full GC cycles.
[2025-12-16T22:32:35.585+0800][0.528s][info][gc,stats    ] 
[2025-12-16T22:32:35.585+0800][0.528s][info][gc,stats    ]     0 successful concurrent GCs
[2025-12-16T22:32:35.585+0800][0.528s][info][gc,stats    ]       0 invoked explicitly
[2025-12-16T22:32:35.585+0800][0.528s][info][gc,stats    ]       0 invoked implicitly
[2025-12-16T22:32:35.585+0800][0.528s][info][gc,stats    ] 
[2025-12-16T22:32:35.585+0800][0.528s][info][gc,stats    ]     0 Degenerated GCs
[2025-12-16T22:32:35.585+0800][0.528s][info][gc,stats    ]       0 caused by allocation failure
[2025-12-16T22:32:35.585+0800][0.528s][info][gc,stats    ]       0 upgraded to Full GC
[2025-12-16T22:32:35.585+0800][0.528s][info][gc,stats    ] 
[2025-12-16T22:32:35.585+0800][0.528s][info][gc,stats    ]     0 Full GCs
[2025-12-16T22:32:35.585+0800][0.528s][info][gc,stats    ]       0 invoked explicitly
[2025-12-16T22:32:35.585+0800][0.528s][info][gc,stats    ]       0 invoked implicitly
[2025-12-16T22:32:35.585+0800][0.528s][info][gc,stats    ]       0 caused by allocation failure
[2025-12-16T22:32:35.585+0800][0.528s][info][gc,stats    ]       0 upgraded from Degenerated GC
[2025-12-16T22:32:35.585+0800][0.528s][info][gc,stats    ] 
[2025-12-16T22:32:35.585+0800][0.528s][info][gc,stats    ] 
