[2025-12-16T22:32:32.666+0800][0.003s][info][gc] Using Serial
[2025-12-16T22:32:32.667+0800][0.003s][info][gc,init] Version: 17.0.17+0 (release)
[2025-12-16T22:32:32.667+0800][0.003s][info][gc,init] CPUs: 10 total, 10 available
[2025-12-16T22:32:32.667+0800][0.003s][info][gc,init] Memory: 16384M
[2025-12-16T22:32:32.667+0800][0.003s][info][gc,init] Large Page Support: Disabled
[2025-12-16T22:32:32.667+0800][0.003s][info][gc,init] NUMA Support: Disabled
[2025-12-16T22:32:32.667+0800][0.003s][info][gc,init] Compressed Oops: Enabled (Zero based)
[2025-12-16T22:32:32.667+0800][0.003s][info][gc,init] Heap Min Capacity: 8M
[2025-12-16T22:32:32.667+0800][0.003s][info][gc,init] Heap Initial Capacity: 256M
[2025-12-16T22:32:32.667+0800][0.003s][info][gc,init] Heap Max Capacity: 4G
[2025-12-16T22:32:32.667+0800][0.003s][info][gc,init] Pre-touch: Disabled
[2025-12-16T22:32:32.669+0800][0.006s][info][gc,metaspace] CDS archive(s) mapped at: [0x0000007000000000-0x0000007000bc0000-0x0000007000bc0000), size 12320768, SharedBaseAddress: 0x0000007000000000, ArchiveRelocationMode: 1.
[2025-12-16T22:32:32.669+0800][0.006s][info][gc,metaspace] Compressed class space mapped at: 0x0000007001000000-0x0000007041000000, reserved size: 1073741824
[2025-12-16T22:32:32.669+0800][0.006s][info][gc,metaspace] Narrow klass base: 0x0000007000000000, Narrow klass shift: 0, Narrow klass range: 0x100000000
[2025-12-16T22:32:32.786+0800][0.123s][info][gc,start    ] GC(0) Pause Young (Allocation Failure)
[2025-12-16T22:32:32.787+0800][0.124s][info][gc,heap     ] GC(0) DefNew: 69952K(78656K)->583K(78656K) Eden: 69952K(69952K)->0K(69952K) From: 0K(8704K)->583K(8704K)
[2025-12-16T22:32:32.787+0800][0.124s][info][gc,heap     ] GC(0) Tenured: 0K(174784K)->0K(174784K)
[2025-12-16T22:32:32.787+0800][0.124s][info][gc,metaspace] GC(0) Metaspace: 186K(384K)->186K(384K) NonClass: 181K(256K)->181K(256K) Class: 5K(128K)->5K(128K)
[2025-12-16T22:32:32.787+0800][0.124s][info][gc          ] GC(0) Pause Young (Allocation Failure) 68M->0M(247M) 0.793ms
[2025-12-16T22:32:32.787+0800][0.124s][info][gc,cpu      ] GC(0) User=0.00s Sys=0.00s Real=0.00s
[2025-12-16T22:32:32.787+0800][0.124s][info][gc,start    ] GC(1) Pause Young (Allocation Failure)
[2025-12-16T22:32:32.787+0800][0.124s][info][gc,heap     ] GC(1) DefNew: 70535K(78656K)->579K(78656K) Eden: 69952K(69952K)->0K(69952K) From: 583K(8704K)->579K(8704K)
[2025-12-16T22:32:32.788+0800][0.124s][info][gc,heap     ] GC(1) Tenured: 0K(174784K)->0K(174784K)
[2025-12-16T22:32:32.788+0800][0.124s][info][gc,metaspace] GC(1) Metaspace: 187K(384K)->187K(384K) NonClass: 182K(256K)->182K(256K) Class: 5K(128K)->5K(128K)
[2025-12-16T22:32:32.788+0800][0.124s][info][gc          ] GC(1) Pause Young (Allocation Failure) 68M->0M(247M) 0.502ms
[2025-12-16T22:32:32.788+0800][0.124s][info][gc,cpu      ] GC(1) User=0.00s Sys=0.00s Real=0.00s
[2025-12-16T22:32:33.188+0800][0.525s][info][gc,heap,exit] Heap
[2025-12-16T22:32:33.188+0800][0.525s][info][gc,heap,exit]  def new generation   total 78656K, used 67220K [0x0000000300800000, 0x0000000305d50000, 0x0000000355d50000)
[2025-12-16T22:32:33.188+0800][0.525s][info][gc,heap,exit]   eden space 69952K,  95% used [0x0000000300800000, 0x0000000304914500, 0x0000000304c50000)
[2025-12-16T22:32:33.188+0800][0.525s][info][gc,heap,exit]   from space 8704K,   6% used [0x0000000304c50000, 0x0000000304ce0ce8, 0x00000003054d0000)
[2025-12-16T22:32:33.188+0800][0.525s][info][gc,heap,exit]   to   space 8704K,   0% used [0x00000003054d0000, 0x00000003054d0000, 0x0000000305d50000)
[2025-12-16T22:32:33.188+0800][0.525s][info][gc,heap,exit]  tenured generation   total 174784K, used 0K [0x0000000355d50000, 0x0000000360800000, 0x0000000400800000)
[2025-12-16T22:32:33.188+0800][0.525s][info][gc,heap,exit]    the space 174784K,   0% used [0x0000000355d50000, 0x0000000355d50000, 0x0000000355d50200, 0x0000000360800000)
[2025-12-16T22:32:33.188+0800][0.525s][info][gc,heap,exit]  Metaspace       used 211K, committed 448K, reserved 1114112K
[2025-12-16T22:32:33.188+0800][0.525s][info][gc,heap,exit]   class space    used 5K, committed 128K, reserved 1048576K
