[2025-12-16T22:32:33.250+0800][0.003s][info][gc] Using Parallel
[2025-12-16T22:32:33.250+0800][0.003s][info][gc,init] Version: 17.0.17+0 (release)
[2025-12-16T22:32:33.250+0800][0.003s][info][gc,init] CPUs: 10 total, 10 available
[2025-12-16T22:32:33.250+0800][0.003s][info][gc,init] Memory: 16384M
[2025-12-16T22:32:33.250+0800][0.003s][info][gc,init] Large Page Support: Disabled
[2025-12-16T22:32:33.250+0800][0.003s][info][gc,init] NUMA Support: Disabled
[2025-12-16T22:32:33.250+0800][0.003s][info][gc,init] Compressed Oops: Enabled (Zero based)
[2025-12-16T22:32:33.250+0800][0.003s][info][gc,init] Alignments: Space 512K, Generation 512K, Heap 8M
[2025-12-16T22:32:33.250+0800][0.003s][info][gc,init] Heap Min Capacity: 8M
[2025-12-16T22:32:33.250+0800][0.003s][info][gc,init] Heap Initial Capacity: 256M
[2025-12-16T22:32:33.250+0800][0.003s][info][gc,init] Heap Max Capacity: 4G
[2025-12-16T22:32:33.250+0800][0.003s][info][gc,init] Pre-touch: Disabled
[2025-12-16T22:32:33.250+0800][0.003s][info][gc,init] Parallel Workers: 9
[2025-12-16T22:32:33.252+0800][0.006s][info][gc,metaspace] CDS archive(s) mapped at: [0x0000007000000000-0x0000007000bc0000-0x0000007000bc0000), size 12320768, SharedBaseAddress: 0x0000007000000000, ArchiveRelocationMode: 1.
[2025-12-16T22:32:33.252+0800][0.006s][info][gc,metaspace] Compressed class space mapped at: 0x0000007001000000-0x0000007041000000, reserved size: 1073741824
[2025-12-16T22:32:33.252+0800][0.006s][info][gc,metaspace] Narrow klass base: 0x0000007000000000, Narrow klass shift: 0, Narrow klass range: 0x100000000
[2025-12-16T22:32:33.369+0800][0.123s][info][gc,start    ] GC(0) Pause Young (Allocation Failure)
[2025-12-16T22:32:33.370+0800][0.123s][info][gc,heap     ] GC(0) PSYoungGen: 65536K(76288K)->736K(76288K) Eden: 65536K(65536K)->0K(65536K) From: 0K(10752K)->736K(10752K)
[2025-12-16T22:32:33.370+0800][0.123s][info][gc,heap     ] GC(0) ParOldGen: 0K(175104K)->8K(175104K)
[2025-12-16T22:32:33.370+0800][0.123s][info][gc,metaspace] GC(0) Metaspace: 188K(384K)->188K(384K) NonClass: 183K(256K)->183K(256K) Class: 5K(128K)->5K(128K)
[2025-12-16T22:32:33.370+0800][0.123s][info][gc          ] GC(0) Pause Young (Allocation Failure) 64M->0M(245M) 0.733ms
[2025-12-16T22:32:33.370+0800][0.123s][info][gc,cpu      ] GC(0) User=0.00s Sys=0.00s Real=0.01s
[2025-12-16T22:32:33.370+0800][0.124s][info][gc,start    ] GC(1) Pause Young (Allocation Failure)
[2025-12-16T22:32:33.371+0800][0.124s][info][gc,heap     ] GC(1) PSYoungGen: 66272K(76288K)->704K(76288K) Eden: 65536K(65536K)->0K(65536K) From: 736K(10752K)->704K(10752K)
[2025-12-16T22:32:33.371+0800][0.124s][info][gc,heap     ] GC(1) ParOldGen: 8K(175104K)->8K(175104K)
[2025-12-16T22:32:33.371+0800][0.124s][info][gc,metaspace] GC(1) Metaspace: 189K(384K)->189K(384K) NonClass: 183K(256K)->183K(256K) Class: 5K(128K)->5K(128K)
[2025-12-16T22:32:33.371+0800][0.125s][info][gc          ] GC(1) Pause Young (Allocation Failure) 64M->0M(245M) 0.638ms
[2025-12-16T22:32:33.371+0800][0.125s][info][gc,cpu      ] GC(1) User=0.00s Sys=0.00s Real=0.00s
[2025-12-16T22:32:33.772+0800][0.526s][info][gc,heap,exit] Heap
[2025-12-16T22:32:33.772+0800][0.526s][info][gc,heap,exit]  PSYoungGen      total 76288K, used 65530K [0x000000057fb00000, 0x0000000589000000, 0x00000005d5000000)
[2025-12-16T22:32:33.772+0800][0.526s][info][gc,heap,exit]   eden space 65536K, 98% used [0x000000057fb00000,0x0000000583a4e8e8,0x0000000583b00000)
[2025-12-16T22:32:33.772+0800][0.526s][info][gc,heap,exit]   from space 10752K, 6% used [0x0000000584580000,0x0000000584630000,0x0000000585000000)
[2025-12-16T22:32:33.772+0800][0.526s][info][gc,heap,exit]   to   space 10752K, 0% used [0x0000000583b00000,0x0000000583b00000,0x0000000584580000)
[2025-12-16T22:32:33.772+0800][0.526s][info][gc,heap,exit]  ParOldGen       total 175104K, used 8K [0x00000004d5000000, 0x00000004dfb00000, 0x000000057fb00000)
[2025-12-16T22:32:33.772+0800][0.526s][info][gc,heap,exit]   object space 175104K, 0% used [0x00000004d5000000,0x00000004d5002000,0x00000004dfb00000)
[2025-12-16T22:32:33.772+0800][0.526s][info][gc,heap,exit]  Metaspace       used 212K, committed 448K, reserved 1114112K
[2025-12-16T22:32:33.772+0800][0.526s][info][gc,heap,exit]   class space    used 5K, committed 128K, reserved 1048576K
