[2025-12-16T22:32:44.260+0800][0.003s][info][gc,init] CardTable entry size: 512
[2025-12-16T22:32:44.260+0800][0.003s][info][gc     ] Using Parallel
[2025-12-16T22:32:44.260+0800][0.003s][info][gc,init] Version: 26-ea+25-2529 (release)
[2025-12-16T22:32:44.260+0800][0.003s][info][gc,init] CPUs: 10 total, 10 available
[2025-12-16T22:32:44.260+0800][0.003s][info][gc,init] Memory: 16384M
[2025-12-16T22:32:44.260+0800][0.003s][info][gc,init] Large Page Support: Disabled
[2025-12-16T22:32:44.260+0800][0.003s][info][gc,init] NUMA Support: Disabled
[2025-12-16T22:32:44.260+0800][0.003s][info][gc,init] Compressed Oops: Enabled (Zero based)
[2025-12-16T22:32:44.260+0800][0.003s][info][gc,init] Alignments: Space 512K, Heap 8M
[2025-12-16T22:32:44.260+0800][0.003s][info][gc,init] Heap Min Capacity: 8M
[2025-12-16T22:32:44.260+0800][0.003s][info][gc,init] Heap Initial Capacity: 40M
[2025-12-16T22:32:44.260+0800][0.003s][info][gc,init] Heap Max Capacity: 4G
[2025-12-16T22:32:44.260+0800][0.003s][info][gc,init] Pre-touch: Disabled
[2025-12-16T22:32:44.260+0800][0.003s][info][gc,init] Parallel Workers: 9
[2025-12-16T22:32:44.262+0800][0.005s][info][gc,metaspace] CDS archive(s) mapped at: [0x00003ffe00000000-0x00003ffe00da8000-0x00003ffe00da8000), size 14319616, SharedBaseAddress: 0x00003ffe00000000, ArchiveRelocationMode: 1.
[2025-12-16T22:32:44.262+0800][0.005s][info][gc,metaspace] Compressed class space mapped at: 0x00003ffe01000000-0x00003ffe41000000, reserved size: 1073741824
[2025-12-16T22:32:44.262+0800][0.005s][info][gc,metaspace] UseCompressedClassPointers 1, UseCompactObjectHeaders 0
[2025-12-16T22:32:44.262+0800][0.005s][info][gc,metaspace] Narrow klass pointer bits 32, Max shift 3
[2025-12-16T22:32:44.262+0800][0.005s][info][gc,metaspace] Narrow klass base: 0x00003ffe00000000, Narrow klass shift: 0
[2025-12-16T22:32:44.262+0800][0.005s][info][gc,metaspace] Encoding Range: [0x00003ffe00000000 - 0x00003fff00000000), (4294967296 bytes)
[2025-12-16T22:32:44.262+0800][0.005s][info][gc,metaspace] Klass Range:    [0x00003ffe00000000 - 0x00003ffe41000000), (1090519040 bytes)
[2025-12-16T22:32:44.262+0800][0.005s][info][gc,metaspace] Klass ID Range:  [8 - 1090519033) (1090519025)
[2025-12-16T22:32:44.262+0800][0.005s][info][gc,metaspace] Protection zone: [0x00003ffe00000000 - 0x00003ffe00004000), (16384 bytes)
[2025-12-16T22:32:44.271+0800][0.014s][info][gc,start    ] GC(0) Pause Young (Allocation Failure)
[2025-12-16T22:32:44.271+0800][0.014s][info][gc,heap     ] GC(0) PSYoungGen: 10240K(11776K)->288K(22016K) Eden: 10240K(10240K)->0K(20480K) From: 0K(1536K)->288K(1536K)
[2025-12-16T22:32:44.271+0800][0.014s][info][gc,heap     ] GC(0) ParOldGen: 1163K(27648K)->1171K(27648K)
[2025-12-16T22:32:44.271+0800][0.014s][info][gc,metaspace] GC(0) Metaspace: 160K(384K)->160K(384K) NonClass: 152K(256K)->152K(256K) Class: 8K(128K)->8K(128K)
[2025-12-16T22:32:44.271+0800][0.014s][info][gc          ] GC(0) Pause Young (Allocation Failure) 11M->1M(48M) 0.362ms
[2025-12-16T22:32:44.271+0800][0.014s][info][gc,cpu      ] GC(0) User=0.00s Sys=0.00s Real=0.00s
[2025-12-16T22:32:44.778+0800][0.522s][info][gc,exit     ] Heap
[2025-12-16T22:32:44.778+0800][0.522s][info][gc,exit     ]  PSYoungGen      total 22016K, used 12177K [0x00000007aab00000, 0x00000007ac200000, 0x0000000800000000)
[2025-12-16T22:32:44.778+0800][0.522s][info][gc,exit     ]   eden space 20480K, 58% used [0x00000007aae00000,0x00000007ab99c648,0x00000007ac200000)
[2025-12-16T22:32:44.778+0800][0.522s][info][gc,exit     ]   from space 1536K, 18% used [0x00000007aab00000,0x00000007aab48000,0x00000007aac80000)
[2025-12-16T22:32:44.778+0800][0.522s][info][gc,exit     ]   to   space 1536K, 0% used [0x00000007aac80000,0x00000007aac80000,0x00000007aae00000)
[2025-12-16T22:32:44.778+0800][0.522s][info][gc,exit     ]  ParOldGen       total 27648K, used 1171K [0x0000000700000000, 0x0000000701b00000, 0x00000007aab00000)
[2025-12-16T22:32:44.778+0800][0.522s][info][gc,exit     ]   object space 27648K, 4% used [0x0000000700000000,0x0000000700124c78,0x0000000701b00000)
[2025-12-16T22:32:44.778+0800][0.522s][info][gc,exit     ]  Metaspace       used 195K, committed 384K, reserved 1114112K
[2025-12-16T22:32:44.778+0800][0.522s][info][gc,exit     ]   class space    used 9K, committed 128K, reserved 1048576K
