[2025-12-16T22:32:36.995+0800][0.003s][info][gc,init] CardTable entry size: 512
[2025-12-16T22:32:36.995+0800][0.003s][info][gc     ] Using Parallel
[2025-12-16T22:32:36.995+0800][0.004s][info][gc,init] Version: 21.0.9 (release)
[2025-12-16T22:32:36.995+0800][0.004s][info][gc,init] CPUs: 10 total, 10 available
[2025-12-16T22:32:36.995+0800][0.004s][info][gc,init] Memory: 16384M
[2025-12-16T22:32:36.995+0800][0.004s][info][gc,init] Large Page Support: Disabled
[2025-12-16T22:32:36.995+0800][0.004s][info][gc,init] NUMA Support: Disabled
[2025-12-16T22:32:36.995+0800][0.004s][info][gc,init] Compressed Oops: Enabled (Zero based)
[2025-12-16T22:32:36.995+0800][0.004s][info][gc,init] Alignments: Space 512K, Generation 512K, Heap 8M
[2025-12-16T22:32:36.995+0800][0.004s][info][gc,init] Heap Min Capacity: 8M
[2025-12-16T22:32:36.995+0800][0.004s][info][gc,init] Heap Initial Capacity: 256M
[2025-12-16T22:32:36.995+0800][0.004s][info][gc,init] Heap Max Capacity: 4G
[2025-12-16T22:32:36.995+0800][0.004s][info][gc,init] Pre-touch: Disabled
[2025-12-16T22:32:36.995+0800][0.004s][info][gc,init] Parallel Workers: 9
[2025-12-16T22:32:36.998+0800][0.006s][info][gc,metaspace] CDS archive(s) mapped at: [0x000000f800000000-0x000000f800c9c000-0x000000f800c9c000), size 13221888, SharedBaseAddress: 0x000000f800000000, ArchiveRelocationMode: 1.
[2025-12-16T22:32:36.998+0800][0.006s][info][gc,metaspace] Compressed class space mapped at: 0x000000f801000000-0x000000f841000000, reserved size: 1073741824
[2025-12-16T22:32:36.998+0800][0.006s][info][gc,metaspace] Narrow klass base: 0x000000f800000000, Narrow klass shift: 0, Narrow klass range: 0x100000000
[2025-12-16T22:32:37.112+0800][0.121s][info][gc,start    ] GC(0) Pause Young (Allocation Failure)
[2025-12-16T22:32:37.113+0800][0.121s][info][gc,heap     ] GC(0) PSYoungGen: 65536K(76288K)->336K(76288K) Eden: 65536K(65536K)->0K(65536K) From: 0K(10752K)->336K(10752K)
[2025-12-16T22:32:37.113+0800][0.121s][info][gc,heap     ] GC(0) ParOldGen: 1056K(175104K)->1064K(175104K)
[2025-12-16T22:32:37.113+0800][0.121s][info][gc,metaspace] GC(0) Metaspace: 149K(384K)->149K(384K) NonClass: 140K(256K)->140K(256K) Class: 9K(128K)->9K(128K)
[2025-12-16T22:32:37.113+0800][0.121s][info][gc          ] GC(0) Pause Young (Allocation Failure) 65M->1M(245M) 0.576ms
[2025-12-16T22:32:37.113+0800][0.121s][info][gc,cpu      ] GC(0) User=0.00s Sys=0.01s Real=0.00s
[2025-12-16T22:32:37.113+0800][0.122s][info][gc,start    ] GC(1) Pause Young (Allocation Failure)
[2025-12-16T22:32:37.114+0800][0.122s][info][gc,heap     ] GC(1) PSYoungGen: 65872K(76288K)->304K(76288K) Eden: 65536K(65536K)->0K(65536K) From: 336K(10752K)->304K(10752K)
[2025-12-16T22:32:37.114+0800][0.122s][info][gc,heap     ] GC(1) ParOldGen: 1064K(175104K)->1064K(175104K)
[2025-12-16T22:32:37.114+0800][0.122s][info][gc,metaspace] GC(1) Metaspace: 153K(384K)->153K(384K) NonClass: 144K(256K)->144K(256K) Class: 9K(128K)->9K(128K)
[2025-12-16T22:32:37.114+0800][0.122s][info][gc          ] GC(1) Pause Young (Allocation Failure) 65M->1M(245M) 0.380ms
[2025-12-16T22:32:37.114+0800][0.122s][info][gc,cpu      ] GC(1) User=0.00s Sys=0.00s Real=0.00s
[2025-12-16T22:32:37.514+0800][0.523s][info][gc,heap,exit] Heap
[2025-12-16T22:32:37.514+0800][0.523s][info][gc,heap,exit]  PSYoungGen      total 76288K, used 34462K [0x000000057fb00000, 0x0000000589000000, 0x00000005d5000000)
[2025-12-16T22:32:37.514+0800][0.523s][info][gc,heap,exit]   eden space 65536K, 52% used [0x000000057fb00000,0x0000000581c5b980,0x0000000583b00000)
[2025-12-16T22:32:37.514+0800][0.523s][info][gc,heap,exit]   from space 10752K, 2% used [0x0000000584580000,0x00000005845cc010,0x0000000585000000)
[2025-12-16T22:32:37.514+0800][0.523s][info][gc,heap,exit]   to   space 10752K, 0% used [0x0000000583b00000,0x0000000583b00000,0x0000000584580000)
[2025-12-16T22:32:37.514+0800][0.523s][info][gc,heap,exit]  ParOldGen       total 175104K, used 1064K [0x00000004d5000000, 0x00000004dfb00000, 0x000000057fb00000)
[2025-12-16T22:32:37.514+0800][0.523s][info][gc,heap,exit]   object space 175104K, 0% used [0x00000004d5000000,0x00000004d510a150,0x00000004dfb00000)
[2025-12-16T22:32:37.514+0800][0.523s][info][gc,heap,exit]  Metaspace       used 172K, committed 384K, reserved 1114112K
[2025-12-16T22:32:37.514+0800][0.523s][info][gc,heap,exit]   class space    used 10K, committed 128K, reserved 1048576K
