[2025-12-16T22:32:41.220+0800][0.004s][info][gc,init] CardTable entry size: 512
[2025-12-16T22:32:41.220+0800][0.004s][info][gc     ] Using G1
[2025-12-16T22:32:41.220+0800][0.004s][info][gc,init] Version: 25.0.1 (release)
[2025-12-16T22:32:41.220+0800][0.004s][info][gc,init] CPUs: 10 total, 10 available
[2025-12-16T22:32:41.220+0800][0.004s][info][gc,init] Memory: 16384M
[2025-12-16T22:32:41.220+0800][0.004s][info][gc,init] Large Page Support: Disabled
[2025-12-16T22:32:41.220+0800][0.004s][info][gc,init] NUMA Support: Disabled
[2025-12-16T22:32:41.220+0800][0.004s][info][gc,init] Compressed Oops: Enabled (Zero based)
[2025-12-16T22:32:41.220+0800][0.004s][info][gc,init] Heap Region Size: 2M
[2025-12-16T22:32:41.220+0800][0.004s][info][gc,init] Heap Min Capacity: 8M
[2025-12-16T22:32:41.220+0800][0.004s][info][gc,init] Heap Initial Capacity: 256M
[2025-12-16T22:32:41.220+0800][0.004s][info][gc,init] Heap Max Capacity: 4G
[2025-12-16T22:32:41.220+0800][0.004s][info][gc,init] Pre-touch: Disabled
[2025-12-16T22:32:41.220+0800][0.004s][info][gc,init] Parallel Workers: 9
[2025-12-16T22:32:41.220+0800][0.004s][info][gc,init] Concurrent Workers: 2
[2025-12-16T22:32:41.220+0800][0.004s][info][gc,init] Concurrent Refinement Workers: 9
[2025-12-16T22:32:41.220+0800][0.004s][info][gc,init] Periodic GC: Disabled
[2025-12-16T22:32:41.222+0800][0.005s][info][gc,metaspace] CDS archive(s) mapped at: [0x000001f800000000-0x000001f800d94000-0x000001f800d94000), size 14237696, SharedBaseAddress: 0x000001f800000000, ArchiveRelocationMode: 1.
[2025-12-16T22:32:41.222+0800][0.005s][info][gc,metaspace] Compressed class space mapped at: 0x000001f801000000-0x000001f841000000, reserved size: 1073741824
[2025-12-16T22:32:41.222+0800][0.005s][info][gc,metaspace] UseCompressedClassPointers 1, UseCompactObjectHeaders 0
[2025-12-16T22:32:41.222+0800][0.005s][info][gc,metaspace] Narrow klass pointer bits 32, Max shift 3
[2025-12-16T22:32:41.222+0800][0.005s][info][gc,metaspace] Narrow klass base: 0x000001f800000000, Narrow klass shift: 0
[2025-12-16T22:32:41.222+0800][0.005s][info][gc,metaspace] Encoding Range: [0x000001f800000000 - 0x000001f900000000), (4294967296 bytes)
[2025-12-16T22:32:41.222+0800][0.005s][info][gc,metaspace] Klass Range:    [0x000001f800004000 - 0x000001f841000000), (1090502656 bytes)
[2025-12-16T22:32:41.222+0800][0.005s][info][gc,metaspace] Klass ID Range:  [16384 - 1090519033) (1090502649)
[2025-12-16T22:32:41.222+0800][0.005s][info][gc,metaspace] Protection zone: [0x000001f800000000 - 0x000001f800004000), (16384 bytes)
[2025-12-16T22:32:41.233+0800][0.016s][info][gc,start    ] GC(0) Pause Young (Normal) (G1 Evacuation Pause)
[2025-12-16T22:32:41.233+0800][0.016s][info][gc,task     ] GC(0) Using 9 workers of 9 for evacuation
[2025-12-16T22:32:41.233+0800][0.017s][info][gc,phases   ] GC(0)   Pre Evacuate Collection Set: 0.07ms
[2025-12-16T22:32:41.233+0800][0.017s][info][gc,phases   ] GC(0)   Merge Heap Roots: 0.03ms
[2025-12-16T22:32:41.233+0800][0.017s][info][gc,phases   ] GC(0)   Evacuate Collection Set: 0.18ms
[2025-12-16T22:32:41.233+0800][0.017s][info][gc,phases   ] GC(0)   Post Evacuate Collection Set: 0.09ms
[2025-12-16T22:32:41.233+0800][0.017s][info][gc,phases   ] GC(0)   Other: 0.13ms
[2025-12-16T22:32:41.233+0800][0.017s][info][gc,heap     ] GC(0) Eden regions: 24->0(59)
[2025-12-16T22:32:41.233+0800][0.017s][info][gc,heap     ] GC(0) Survivor regions: 0->1(3)
[2025-12-16T22:32:41.233+0800][0.017s][info][gc,heap     ] GC(0) Old regions: 1->1
[2025-12-16T22:32:41.233+0800][0.017s][info][gc,heap     ] GC(0) Humongous regions: 0->0
[2025-12-16T22:32:41.233+0800][0.017s][info][gc,metaspace] GC(0) Metaspace: 159K(384K)->159K(384K) NonClass: 152K(256K)->152K(256K) Class: 7K(128K)->7K(128K)
[2025-12-16T22:32:41.233+0800][0.017s][info][gc          ] GC(0) Pause Young (Normal) (G1 Evacuation Pause) 49M->1M(258M) 0.588ms
[2025-12-16T22:32:41.233+0800][0.017s][info][gc,cpu      ] GC(0) User=0.00s Sys=0.00s Real=0.00s
[2025-12-16T22:32:41.740+0800][0.523s][info][gc,exit     ] Heap
[2025-12-16T22:32:41.740+0800][0.523s][info][gc,exit     ]  garbage-first heap   total reserved 4194304K, committed 264192K, used 34155K [0x00000003c0000000, 0x00000004c0000000)
[2025-12-16T22:32:41.740+0800][0.523s][info][gc,exit     ]   region size 2048K, 17 young (34816K), 1 survivors (2048K)
[2025-12-16T22:32:41.740+0800][0.523s][info][gc,exit     ]  Metaspace       used 195K, committed 384K, reserved 1114112K
[2025-12-16T22:32:41.740+0800][0.523s][info][gc,exit     ]   class space    used 9K, committed 128K, reserved 1048576K
