[2025-12-16T22:32:44.857+0800][0.003s][info][gc,init] CardTable entry size: 512
[2025-12-16T22:32:44.857+0800][0.003s][info][gc     ] Using G1
[2025-12-16T22:32:44.857+0800][0.003s][info][gc,init] Version: 26-ea+25-2529 (release)
[2025-12-16T22:32:44.857+0800][0.003s][info][gc,init] CPUs: 10 total, 10 available
[2025-12-16T22:32:44.857+0800][0.003s][info][gc,init] Memory: 16384M
[2025-12-16T22:32:44.857+0800][0.003s][info][gc,init] Large Page Support: Disabled
[2025-12-16T22:32:44.857+0800][0.003s][info][gc,init] NUMA Support: Disabled
[2025-12-16T22:32:44.857+0800][0.003s][info][gc,init] Compressed Oops: Enabled (Zero based)
[2025-12-16T22:32:44.857+0800][0.003s][info][gc,init] Heap Region Size: 2M
[2025-12-16T22:32:44.857+0800][0.003s][info][gc,init] Heap Min Capacity: 8M
[2025-12-16T22:32:44.857+0800][0.003s][info][gc,init] Heap Initial Capacity: 40M
[2025-12-16T22:32:44.857+0800][0.003s][info][gc,init] Heap Max Capacity: 4G
[2025-12-16T22:32:44.857+0800][0.003s][info][gc,init] Pre-touch: Disabled
[2025-12-16T22:32:44.857+0800][0.003s][info][gc,init] Parallel Workers: 9
[2025-12-16T22:32:44.857+0800][0.003s][info][gc,init] Concurrent Workers: 2
[2025-12-16T22:32:44.857+0800][0.003s][info][gc,init] Concurrent Refinement Workers: 9
[2025-12-16T22:32:44.857+0800][0.003s][info][gc,init] Periodic GC: Disabled
[2025-12-16T22:32:44.859+0800][0.005s][info][gc,metaspace] CDS archive(s) mapped at: [0x00000ff000000000-0x00000ff000da8000-0x00000ff000da8000), size 14319616, SharedBaseAddress: 0x00000ff000000000, ArchiveRelocationMode: 1.
[2025-12-16T22:32:44.859+0800][0.005s][info][gc,metaspace] Compressed class space mapped at: 0x00000ff001000000-0x00000ff041000000, reserved size: 1073741824
[2025-12-16T22:32:44.859+0800][0.005s][info][gc,metaspace] UseCompressedClassPointers 1, UseCompactObjectHeaders 0
[2025-12-16T22:32:44.859+0800][0.005s][info][gc,metaspace] Narrow klass pointer bits 32, Max shift 3
[2025-12-16T22:32:44.859+0800][0.005s][info][gc,metaspace] Narrow klass base: 0x00000ff000000000, Narrow klass shift: 0
[2025-12-16T22:32:44.859+0800][0.005s][info][gc,metaspace] Encoding Range: [0x00000ff000000000 - 0x00000ff100000000), (4294967296 bytes)
[2025-12-16T22:32:44.859+0800][0.005s][info][gc,metaspace] Klass Range:    [0x00000ff000000000 - 0x00000ff041000000), (1090519040 bytes)
[2025-12-16T22:32:44.859+0800][0.005s][info][gc,metaspace] Klass ID Range:  [8 - 1090519033) (1090519025)
[2025-12-16T22:32:44.859+0800][0.005s][info][gc,metaspace] Protection zone: [0x00000ff000000000 - 0x00000ff000004000), (16384 bytes)
[2025-12-16T22:32:44.870+0800][0.015s][info][gc,start    ] GC(0) Pause Young (Normal) (G1 Evacuation Pause)
[2025-12-16T22:32:44.870+0800][0.016s][info][gc,task     ] GC(0) Using 9 workers of 9 for evacuation
[2025-12-16T22:32:44.870+0800][0.016s][info][gc,phases   ] GC(0)   Pre Evacuate Collection Set: 0.05ms
[2025-12-16T22:32:44.870+0800][0.016s][info][gc,phases   ] GC(0)   Merge Heap Roots: 0.04ms
[2025-12-16T22:32:44.870+0800][0.016s][info][gc,phases   ] GC(0)   Evacuate Collection Set: 0.23ms
[2025-12-16T22:32:44.870+0800][0.016s][info][gc,phases   ] GC(0)   Post Evacuate Collection Set: 0.07ms
[2025-12-16T22:32:44.870+0800][0.016s][info][gc,phases   ] GC(0)   Other: 0.14ms
[2025-12-16T22:32:44.870+0800][0.016s][info][gc,heap     ] GC(0) Eden regions: 10->0(9)
[2025-12-16T22:32:44.870+0800][0.016s][info][gc,heap     ] GC(0) Survivor regions: 0->1(2)
[2025-12-16T22:32:44.870+0800][0.016s][info][gc,heap     ] GC(0) Old regions: 1->1
[2025-12-16T22:32:44.870+0800][0.016s][info][gc,heap     ] GC(0) Humongous regions: 0->0
[2025-12-16T22:32:44.870+0800][0.016s][info][gc,metaspace] GC(0) Metaspace: 160K(384K)->160K(384K) NonClass: 152K(256K)->152K(256K) Class: 8K(128K)->8K(128K)
[2025-12-16T22:32:44.870+0800][0.016s][info][gc          ] GC(0) Pause Young (Normal) (G1 Evacuation Pause) 21M->1M(42M) 0.635ms
[2025-12-16T22:32:44.870+0800][0.016s][info][gc,cpu      ] GC(0) User=0.00s Sys=0.01s Real=0.00s
[2025-12-16T22:32:45.378+0800][0.523s][info][gc,exit     ] Heap
[2025-12-16T22:32:45.378+0800][0.523s][info][gc,exit     ]  garbage-first heap   total reserved 4194304K, committed 43008K, used 11782K [0x0000000300800000, 0x0000000400800000)
[2025-12-16T22:32:45.378+0800][0.524s][info][gc,exit     ]   region size 2M, 6 eden (12M), 1 survivor (2M), 1 old (2M), 0 humongous (0M), 13 free (26M)
[2025-12-16T22:32:45.378+0800][0.524s][info][gc,exit     ]  Metaspace       used 195K, committed 384K, reserved 1114112K
[2025-12-16T22:32:45.378+0800][0.524s][info][gc,exit     ]   class space    used 9K, committed 128K, reserved 1048576K
