[2025-12-16T22:32:40.614+0800][0.003s][info][gc,init] CardTable entry size: 512
[2025-12-16T22:32:40.614+0800][0.003s][info][gc     ] Using Parallel
[2025-12-16T22:32:40.614+0800][0.003s][info][gc,init] Version: 25.0.1 (release)
[2025-12-16T22:32:40.614+0800][0.003s][info][gc,init] CPUs: 10 total, 10 available
[2025-12-16T22:32:40.614+0800][0.003s][info][gc,init] Memory: 16384M
[2025-12-16T22:32:40.614+0800][0.003s][info][gc,init] Large Page Support: Disabled
[2025-12-16T22:32:40.614+0800][0.003s][info][gc,init] NUMA Support: Disabled
[2025-12-16T22:32:40.614+0800][0.003s][info][gc,init] Compressed Oops: Enabled (Zero based)
[2025-12-16T22:32:40.614+0800][0.003s][info][gc,init] Alignments: Space 512K, Generation 512K, Heap 8M
[2025-12-16T22:32:40.614+0800][0.003s][info][gc,init] Heap Min Capacity: 8M
[2025-12-16T22:32:40.614+0800][0.003s][info][gc,init] Heap Initial Capacity: 256M
[2025-12-16T22:32:40.614+0800][0.003s][info][gc,init] Heap Max Capacity: 4G
[2025-12-16T22:32:40.614+0800][0.003s][info][gc,init] Pre-touch: Disabled
[2025-12-16T22:32:40.614+0800][0.003s][info][gc,init] Parallel Workers: 9
[2025-12-16T22:32:40.616+0800][0.005s][info][gc,metaspace] CDS archive(s) mapped at: [0x000007fc00000000-0x000007fc00d94000-0x000007fc00d94000), size 14237696, SharedBaseAddress: 0x000007fc00000000, ArchiveRelocationMode: 1.
[2025-12-16T22:32:40.616+0800][0.005s][info][gc,metaspace] Compressed class space mapped at: 0x000007fc01000000-0x000007fc41000000, reserved size: 1073741824
[2025-12-16T22:32:40.616+0800][0.005s][info][gc,metaspace] UseCompressedClassPointers 1, UseCompactObjectHeaders 0
[2025-12-16T22:32:40.616+0800][0.005s][info][gc,metaspace] Narrow klass pointer bits 32, Max shift 3
[2025-12-16T22:32:40.616+0800][0.005s][info][gc,metaspace] Narrow klass base: 0x000007fc00000000, Narrow klass shift: 0
[2025-12-16T22:32:40.616+0800][0.005s][info][gc,metaspace] Encoding Range: [0x000007fc00000000 - 0x000007fd00000000), (4294967296 bytes)
[2025-12-16T22:32:40.616+0800][0.005s][info][gc,metaspace] Klass Range:    [0x000007fc00004000 - 0x000007fc41000000), (1090502656 bytes)
[2025-12-16T22:32:40.616+0800][0.005s][info][gc,metaspace] Klass ID Range:  [16384 - 1090519033) (1090502649)
[2025-12-16T22:32:40.616+0800][0.005s][info][gc,metaspace] Protection zone: [0x000007fc00000000 - 0x000007fc00004000), (16384 bytes)
[2025-12-16T22:32:40.626+0800][0.015s][info][gc,start    ] GC(0) Pause Young (Allocation Failure)
[2025-12-16T22:32:40.626+0800][0.015s][info][gc,heap     ] GC(0) PSYoungGen: 65536K(76288K)->336K(76288K) Eden: 65536K(65536K)->0K(65536K) From: 0K(10752K)->336K(10752K)
[2025-12-16T22:32:40.626+0800][0.015s][info][gc,heap     ] GC(0) ParOldGen: 1149K(175104K)->1157K(175104K)
[2025-12-16T22:32:40.626+0800][0.015s][info][gc,metaspace] GC(0) Metaspace: 159K(384K)->159K(384K) NonClass: 152K(256K)->152K(256K) Class: 7K(128K)->7K(128K)
[2025-12-16T22:32:40.626+0800][0.015s][info][gc          ] GC(0) Pause Young (Allocation Failure) 65M->1M(245M) 0.427ms
[2025-12-16T22:32:40.626+0800][0.015s][info][gc,cpu      ] GC(0) User=0.00s Sys=0.00s Real=0.00s
[2025-12-16T22:32:41.132+0800][0.521s][info][gc,exit     ] Heap
[2025-12-16T22:32:41.132+0800][0.521s][info][gc,exit     ]  PSYoungGen      total 76288K, used 37696K [0x000000046ab00000, 0x0000000474000000, 0x00000004c0000000)
[2025-12-16T22:32:41.132+0800][0.521s][info][gc,exit     ]   eden space 65536K, 57% used [0x000000046ab00000,0x000000046cf7c240,0x000000046eb00000)
[2025-12-16T22:32:41.132+0800][0.521s][info][gc,exit     ]   from space 10752K, 3% used [0x000000046eb00000,0x000000046eb54010,0x000000046f580000)
[2025-12-16T22:32:41.132+0800][0.521s][info][gc,exit     ]   to   space 10752K, 0% used [0x0000000473580000,0x0000000473580000,0x0000000474000000)
[2025-12-16T22:32:41.132+0800][0.521s][info][gc,exit     ]  ParOldGen       total 175104K, used 1157K [0x00000003c0000000, 0x00000003cab00000, 0x000000046ab00000)
[2025-12-16T22:32:41.132+0800][0.521s][info][gc,exit     ]   object space 175104K, 0% used [0x00000003c0000000,0x00000003c0121730,0x00000003cab00000)
[2025-12-16T22:32:41.132+0800][0.521s][info][gc,exit     ]  Metaspace       used 195K, committed 384K, reserved 1114112K
[2025-12-16T22:32:41.132+0800][0.521s][info][gc,exit     ]   class space    used 9K, committed 128K, reserved 1048576K
