[2025-12-16T22:32:41.817+0800][0.004s][info][gc,init] Initializing The Z Garbage Collector
[2025-12-16T22:32:41.817+0800][0.004s][info][gc,init] Version: 25.0.1 (release)
[2025-12-16T22:32:41.817+0800][0.004s][info][gc,init] NUMA Support: Disabled
[2025-12-16T22:32:41.817+0800][0.004s][info][gc,init] CPUs: 10 total, 10 available
[2025-12-16T22:32:41.817+0800][0.004s][info][gc,init] Memory: 16384M
[2025-12-16T22:32:41.817+0800][0.004s][info][gc,init] Large Page Support: Disabled
[2025-12-16T22:32:41.817+0800][0.004s][info][gc,init] Address Space Size: unlimited
[2025-12-16T22:32:41.817+0800][0.004s][info][gc,init] Reserved Space Type: Contiguous/Unrestricted/Complete
[2025-12-16T22:32:41.817+0800][0.004s][info][gc,init] Reserved Space Size: 64G
[2025-12-16T22:32:41.817+0800][0.004s][info][gc,init] Min Capacity: 8M
[2025-12-16T22:32:41.817+0800][0.004s][info][gc,init] Initial Capacity: 256M
[2025-12-16T22:32:41.817+0800][0.004s][info][gc,init] Max Capacity: 4096M
[2025-12-16T22:32:41.817+0800][0.004s][info][gc,init] Soft Max Capacity: 3686M
[2025-12-16T22:32:41.817+0800][0.004s][info][gc,init] Page Size Medium: Range [4M, 32M]
[2025-12-16T22:32:41.817+0800][0.004s][info][gc,init] Pre-touch: Disabled
[2025-12-16T22:32:41.817+0800][0.004s][info][gc,init] Uncommit: Enabled
[2025-12-16T22:32:41.817+0800][0.004s][info][gc,init] Uncommit Delay: 300s
[2025-12-16T22:32:41.817+0800][0.004s][info][gc,init] GC Workers for Old Generation: 3 (dynamic)
[2025-12-16T22:32:41.817+0800][0.004s][info][gc,init] GC Workers for Young Generation: 3 (dynamic)
[2025-12-16T22:32:41.817+0800][0.004s][info][gc,init] GC Workers Max: 3 (dynamic)
[2025-12-16T22:32:41.818+0800][0.004s][info][gc,init] Runtime Workers: 6
[2025-12-16T22:32:41.818+0800][0.004s][info][gc     ] Using The Z Garbage Collector
[2025-12-16T22:32:41.819+0800][0.006s][info][gc,metaspace] CDS archive(s) mapped at: [0x0000010000000000-0x0000010000d94000-0x0000010000d94000), size 14237696, SharedBaseAddress: 0x0000010000000000, ArchiveRelocationMode: 1.
[2025-12-16T22:32:41.819+0800][0.006s][info][gc,metaspace] Compressed class space mapped at: 0x0000010001000000-0x0000010041000000, reserved size: 1073741824
[2025-12-16T22:32:41.819+0800][0.006s][info][gc,metaspace] UseCompressedClassPointers 1, UseCompactObjectHeaders 0
[2025-12-16T22:32:41.819+0800][0.006s][info][gc,metaspace] Narrow klass pointer bits 32, Max shift 3
[2025-12-16T22:32:41.819+0800][0.006s][info][gc,metaspace] Narrow klass base: 0x0000010000000000, Narrow klass shift: 0
[2025-12-16T22:32:41.819+0800][0.006s][info][gc,metaspace] Encoding Range: [0x0000010000000000 - 0x0000010100000000), (4294967296 bytes)
[2025-12-16T22:32:41.819+0800][0.006s][info][gc,metaspace] Klass Range:    [0x0000010000004000 - 0x0000010041000000), (1090502656 bytes)
[2025-12-16T22:32:41.819+0800][0.006s][info][gc,metaspace] Klass ID Range:  [16384 - 1090519033) (1090502649)
[2025-12-16T22:32:41.819+0800][0.006s][info][gc,metaspace] Protection zone: [0x0000010000000000 - 0x0000010000004000), (16384 bytes)
[2025-12-16T22:32:42.341+0800][0.527s][info][gc,exit     ] Stopping ZGC
[2025-12-16T22:32:42.341+0800][0.527s][info][gc,stats    ] === Garbage Collection Statistics =======================================================================================================================
[2025-12-16T22:32:42.341+0800][0.527s][info][gc,stats    ]                                                              Last 10s              Last 10m              Last 10h                Total
[2025-12-16T22:32:42.341+0800][0.527s][info][gc,stats    ]                                                              Avg / Max             Avg / Max             Avg / Max             Avg / Max
[2025-12-16T22:32:42.341+0800][0.527s][info][gc,stats    ]        Contention: Mark Segment Reset Contention                     0 / 0                 0 / 0                 0 / 0                 0 / 0           ops/s
[2025-12-16T22:32:42.341+0800][0.527s][info][gc,stats    ]        Contention: Mark SeqNum Reset Contention                      0 / 0                 0 / 0                 0 / 0                 0 / 0           ops/s
[2025-12-16T22:32:42.341+0800][0.528s][info][gc,stats    ]          Critical: Allocation Stall                                  0 / 0                 0 / 0                 0 / 0                 0 / 0           ops/s
[2025-12-16T22:32:42.341+0800][0.528s][info][gc,stats    ]          Critical: Allocation Stall                              0.000 / 0.000         0.000 / 0.000         0.000 / 0.000         0.000 / 0.000       ms
[2025-12-16T22:32:42.341+0800][0.528s][info][gc,stats    ]          Critical: JNI Critical Stall                                0 / 0                 0 / 0                 0 / 0                 0 / 0           ops/s
[2025-12-16T22:32:42.341+0800][0.528s][info][gc,stats    ]          Critical: JNI Critical Stall                            0.000 / 0.000         0.000 / 0.000         0.000 / 0.000         0.000 / 0.000       ms
[2025-12-16T22:32:42.341+0800][0.528s][info][gc,stats    ]          Critical: Relocation Stall                                  0 / 0                 0 / 0                 0 / 0                 0 / 0           ops/s
[2025-12-16T22:32:42.341+0800][0.528s][info][gc,stats    ]          Critical: Relocation Stall                              0.000 / 0.000         0.000 / 0.000         0.000 / 0.000         0.000 / 0.000       ms
[2025-12-16T22:32:42.341+0800][0.528s][info][gc,stats    ]  Major Collection: Major Collection                              0.000 / 0.000         0.000 / 0.000         0.000 / 0.000         0.000 / 0.000       ms
[2025-12-16T22:32:42.341+0800][0.528s][info][gc,stats    ]            Memory: Allocation Rate                                   0 / 0                 0 / 0                 0 / 0                 0 / 0           MB/s
[2025-12-16T22:32:42.341+0800][0.528s][info][gc,stats    ]            Memory: Defragment                                        0 / 0                 0 / 0                 0 / 0                 0 / 0           ops/s
[2025-12-16T22:32:42.341+0800][0.528s][info][gc,stats    ]            Memory: Mapped Cache Harvest                              0 / 0                 0 / 0                 0 / 0                 0 / 0           MB/s
[2025-12-16T22:32:42.341+0800][0.528s][info][gc,stats    ]            Memory: Out Of Memory                                     0 / 0                 0 / 0                 0 / 0                 0 / 0           ops/s
[2025-12-16T22:32:42.341+0800][0.528s][info][gc,stats    ]            Memory: Uncommit                                          0 / 0                 0 / 0                 0 / 0                 0 / 0           MB/s
[2025-12-16T22:32:42.341+0800][0.528s][info][gc,stats    ]            Memory: Undo Object Allocation Failed                     0 / 0                 0 / 0                 0 / 0                 0 / 0           ops/s
[2025-12-16T22:32:42.341+0800][0.528s][info][gc,stats    ]            Memory: Undo Object Allocation Succeeded                  0 / 0                 0 / 0                 0 / 0                 0 / 0           ops/s
[2025-12-16T22:32:42.341+0800][0.528s][info][gc,stats    ]            Memory: Undo Page Allocation                              0 / 0                 0 / 0                 0 / 0                 0 / 0           ops/s
[2025-12-16T22:32:42.341+0800][0.528s][info][gc,stats    ]  Minor Collection: Minor Collection                              0.000 / 0.000         0.000 / 0.000         0.000 / 0.000         0.000 / 0.000       ms
[2025-12-16T22:32:42.341+0800][0.528s][info][gc,stats    ]    Old Generation: Old Generation                                0.000 / 0.000         0.000 / 0.000         0.000 / 0.000         0.000 / 0.000       ms
[2025-12-16T22:32:42.341+0800][0.528s][info][gc,stats    ]         Old Pause: Pause Mark End                                0.000 / 0.000         0.000 / 0.000         0.000 / 0.000         0.000 / 0.000       ms
[2025-12-16T22:32:42.341+0800][0.528s][info][gc,stats    ]         Old Pause: Pause Relocate Start                          0.000 / 0.000         0.000 / 0.000         0.000 / 0.000         0.000 / 0.000       ms
[2025-12-16T22:32:42.341+0800][0.528s][info][gc,stats    ]         Old Phase: Concurrent Mark                               0.000 / 0.000         0.000 / 0.000         0.000 / 0.000         0.000 / 0.000       ms
[2025-12-16T22:32:42.341+0800][0.528s][info][gc,stats    ]         Old Phase: Concurrent Mark Continue                      0.000 / 0.000         0.000 / 0.000         0.000 / 0.000         0.000 / 0.000       ms
[2025-12-16T22:32:42.342+0800][0.528s][info][gc,stats    ]         Old Phase: Concurrent Mark Free                          0.000 / 0.000         0.000 / 0.000         0.000 / 0.000         0.000 / 0.000       ms
[2025-12-16T22:32:42.342+0800][0.528s][info][gc,stats    ]         Old Phase: Concurrent Process Non-Strong                 0.000 / 0.000         0.000 / 0.000         0.000 / 0.000         0.000 / 0.000       ms
[2025-12-16T22:32:42.342+0800][0.528s][info][gc,stats    ]         Old Phase: Concurrent Relocate                           0.000 / 0.000         0.000 / 0.000         0.000 / 0.000         0.000 / 0.000       ms
[2025-12-16T22:32:42.342+0800][0.528s][info][gc,stats    ]         Old Phase: Concurrent Remap Roots                        0.000 / 0.000         0.000 / 0.000         0.000 / 0.000         0.000 / 0.000       ms
[2025-12-16T22:32:42.342+0800][0.528s][info][gc,stats    ]         Old Phase: Concurrent Reset Relocation Set               0.000 / 0.000         0.000 / 0.000         0.000 / 0.000         0.000 / 0.000       ms
[2025-12-16T22:32:42.342+0800][0.528s][info][gc,stats    ]         Old Phase: Concurrent Select Relocation Set              0.000 / 0.000         0.000 / 0.000         0.000 / 0.000         0.000 / 0.000       ms
[2025-12-16T22:32:42.342+0800][0.528s][info][gc,stats    ]      Old Subphase: Concurrent Classes Purge                      0.000 / 0.000         0.000 / 0.000         0.000 / 0.000         0.000 / 0.000       ms
[2025-12-16T22:32:42.342+0800][0.528s][info][gc,stats    ]      Old Subphase: Concurrent Classes Unlink                     0.000 / 0.000         0.000 / 0.000         0.000 / 0.000         0.000 / 0.000       ms
[2025-12-16T22:32:42.342+0800][0.528s][info][gc,stats    ]      Old Subphase: Concurrent Mark Follow                        0.000 / 0.000         0.000 / 0.000         0.000 / 0.000         0.000 / 0.000       ms
[2025-12-16T22:32:42.342+0800][0.528s][info][gc,stats    ]      Old Subphase: Concurrent Mark Root Colored                  0.000 / 0.000         0.000 / 0.000         0.000 / 0.000         0.000 / 0.000       ms
[2025-12-16T22:32:42.342+0800][0.528s][info][gc,stats    ]      Old Subphase: Concurrent Mark Root Uncolored                0.000 / 0.000         0.000 / 0.000         0.000 / 0.000         0.000 / 0.000       ms
[2025-12-16T22:32:42.342+0800][0.528s][info][gc,stats    ]      Old Subphase: Concurrent Mark Roots                         0.000 / 0.000         0.000 / 0.000         0.000 / 0.000         0.000 / 0.000       ms
[2025-12-16T22:32:42.342+0800][0.528s][info][gc,stats    ]      Old Subphase: Concurrent References Enqueue                 0.000 / 0.000         0.000 / 0.000         0.000 / 0.000         0.000 / 0.000       ms
[2025-12-16T22:32:42.342+0800][0.528s][info][gc,stats    ]      Old Subphase: Concurrent References Process                 0.000 / 0.000         0.000 / 0.000         0.000 / 0.000         0.000 / 0.000       ms
[2025-12-16T22:32:42.342+0800][0.528s][info][gc,stats    ]      Old Subphase: Concurrent Remap Remembered                   0.000 / 0.000         0.000 / 0.000         0.000 / 0.000         0.000 / 0.000       ms
[2025-12-16T22:32:42.342+0800][0.528s][info][gc,stats    ]      Old Subphase: Concurrent Remap Roots Colored                0.000 / 0.000         0.000 / 0.000         0.000 / 0.000         0.000 / 0.000       ms
[2025-12-16T22:32:42.342+0800][0.528s][info][gc,stats    ]      Old Subphase: Concurrent Remap Roots Uncolored              0.000 / 0.000         0.000 / 0.000         0.000 / 0.000         0.000 / 0.000       ms
[2025-12-16T22:32:42.342+0800][0.528s][info][gc,stats    ]      Old Subphase: Concurrent Roots ClassLoaderDataGraph         0.000 / 0.000         0.000 / 0.000         0.000 / 0.000         0.000 / 0.000       ms
[2025-12-16T22:32:42.342+0800][0.528s][info][gc,stats    ]      Old Subphase: Concurrent Roots CodeCache                    0.000 / 0.000         0.000 / 0.000         0.000 / 0.000         0.000 / 0.000       ms
[2025-12-16T22:32:42.342+0800][0.528s][info][gc,stats    ]      Old Subphase: Concurrent Roots JavaThreads                  0.000 / 0.000         0.000 / 0.000         0.000 / 0.000         0.000 / 0.000       ms
[2025-12-16T22:32:42.342+0800][0.528s][info][gc,stats    ]      Old Subphase: Concurrent Roots OopStorageSet                0.000 / 0.000         0.000 / 0.000         0.000 / 0.000         0.000 / 0.000       ms
[2025-12-16T22:32:42.342+0800][0.528s][info][gc,stats    ]      Old Subphase: Concurrent Weak Roots OopStorageSet           0.000 / 0.000         0.000 / 0.000         0.000 / 0.000         0.000 / 0.000       ms
[2025-12-16T22:32:42.342+0800][0.528s][info][gc,stats    ]            System: Java Threads                                      0 / 0                 0 / 0                 0 / 0                 0 / 0           threads
[2025-12-16T22:32:42.342+0800][0.528s][info][gc,stats    ]  Young Generation: Young Generation                              0.000 / 0.000         0.000 / 0.000         0.000 / 0.000         0.000 / 0.000       ms
[2025-12-16T22:32:42.342+0800][0.528s][info][gc,stats    ]  Young Generation: Young Generation                              0.000 / 0.000         0.000 / 0.000         0.000 / 0.000         0.000 / 0.000       ms
[2025-12-16T22:32:42.342+0800][0.528s][info][gc,stats    ]  Young Generation: Young Generation (Collect Roots)              0.000 / 0.000         0.000 / 0.000         0.000 / 0.000         0.000 / 0.000       ms
[2025-12-16T22:32:42.342+0800][0.528s][info][gc,stats    ]  Young Generation: Young Generation (Promote All)                0.000 / 0.000         0.000 / 0.000         0.000 / 0.000         0.000 / 0.000       ms
[2025-12-16T22:32:42.342+0800][0.528s][info][gc,stats    ]       Young Pause: Pause Mark End                                0.000 / 0.000         0.000 / 0.000         0.000 / 0.000         0.000 / 0.000       ms
[2025-12-16T22:32:42.342+0800][0.528s][info][gc,stats    ]       Young Pause: Pause Mark Start                              0.000 / 0.000         0.000 / 0.000         0.000 / 0.000         0.000 / 0.000       ms
[2025-12-16T22:32:42.342+0800][0.528s][info][gc,stats    ]       Young Pause: Pause Mark Start (Major)                      0.000 / 0.000         0.000 / 0.000         0.000 / 0.000         0.000 / 0.000       ms
[2025-12-16T22:32:42.342+0800][0.528s][info][gc,stats    ]       Young Pause: Pause Relocate Start                          0.000 / 0.000         0.000 / 0.000         0.000 / 0.000         0.000 / 0.000       ms
[2025-12-16T22:32:42.342+0800][0.529s][info][gc,stats    ]       Young Phase: Concurrent Mark                               0.000 / 0.000         0.000 / 0.000         0.000 / 0.000         0.000 / 0.000       ms
[2025-12-16T22:32:42.342+0800][0.529s][info][gc,stats    ]       Young Phase: Concurrent Mark Continue                      0.000 / 0.000         0.000 / 0.000         0.000 / 0.000         0.000 / 0.000       ms
[2025-12-16T22:32:42.342+0800][0.529s][info][gc,stats    ]       Young Phase: Concurrent Mark Free                          0.000 / 0.000         0.000 / 0.000         0.000 / 0.000         0.000 / 0.000       ms
[2025-12-16T22:32:42.342+0800][0.529s][info][gc,stats    ]       Young Phase: Concurrent Relocate                           0.000 / 0.000         0.000 / 0.000         0.000 / 0.000         0.000 / 0.000       ms
[2025-12-16T22:32:42.342+0800][0.529s][info][gc,stats    ]       Young Phase: Concurrent Reset Relocation Set               0.000 / 0.000         0.000 / 0.000         0.000 / 0.000         0.000 / 0.000       ms
[2025-12-16T22:32:42.342+0800][0.529s][info][gc,stats    ]       Young Phase: Concurrent Select Relocation Set              0.000 / 0.000         0.000 / 0.000         0.000 / 0.000         0.000 / 0.000       ms
[2025-12-16T22:32:42.342+0800][0.529s][info][gc,stats    ]    Young Subphase: Concurrent Mark Follow                        0.000 / 0.000         0.000 / 0.000         0.000 / 0.000         0.000 / 0.000       ms
[2025-12-16T22:32:42.342+0800][0.529s][info][gc,stats    ]    Young Subphase: Concurrent Mark Root Colored                  0.000 / 0.000         0.000 / 0.000         0.000 / 0.000         0.000 / 0.000       ms
[2025-12-16T22:32:42.342+0800][0.529s][info][gc,stats    ]    Young Subphase: Concurrent Mark Root Uncolored                0.000 / 0.000         0.000 / 0.000         0.000 / 0.000         0.000 / 0.000       ms
[2025-12-16T22:32:42.342+0800][0.529s][info][gc,stats    ]    Young Subphase: Concurrent Mark Roots                         0.000 / 0.000         0.000 / 0.000         0.000 / 0.000         0.000 / 0.000       ms
[2025-12-16T22:32:42.342+0800][0.529s][info][gc,stats    ]    Young Subphase: Concurrent Relocate Remset FP                 0.000 / 0.000         0.000 / 0.000         0.000 / 0.000         0.000 / 0.000       ms
[2025-12-16T22:32:42.342+0800][0.529s][info][gc,stats    ]    Young Subphase: Concurrent Roots ClassLoaderDataGraph         0.000 / 0.000         0.000 / 0.000         0.000 / 0.000         0.000 / 0.000       ms
[2025-12-16T22:32:42.342+0800][0.529s][info][gc,stats    ]    Young Subphase: Concurrent Roots CodeCache                    0.000 / 0.000         0.000 / 0.000         0.000 / 0.000         0.000 / 0.000       ms
[2025-12-16T22:32:42.342+0800][0.529s][info][gc,stats    ]    Young Subphase: Concurrent Roots JavaThreads                  0.000 / 0.000         0.000 / 0.000         0.000 / 0.000         0.000 / 0.000       ms
[2025-12-16T22:32:42.342+0800][0.529s][info][gc,stats    ]    Young Subphase: Concurrent Roots OopStorageSet                0.000 / 0.000         0.000 / 0.000         0.000 / 0.000         0.000 / 0.000       ms
[2025-12-16T22:32:42.342+0800][0.529s][info][gc,stats    ]    Young Subphase: Concurrent Weak Roots OopStorageSet           0.000 / 0.000         0.000 / 0.000         0.000 / 0.000         0.000 / 0.000       ms
[2025-12-16T22:32:42.342+0800][0.529s][info][gc,stats    ] =========================================================================================================================================================
[2025-12-16T22:32:42.342+0800][0.529s][info][gc,exit     ] Heap
[2025-12-16T22:32:42.343+0800][0.529s][info][gc,exit     ]  ZHeap           used 28M, capacity 256M, max capacity 4096M
[2025-12-16T22:32:42.343+0800][0.529s][info][gc,exit     ]   Cache          228M (1)
[2025-12-16T22:32:42.343+0800][0.529s][info][gc,exit     ]    size classes  128M (1)
[2025-12-16T22:32:42.343+0800][0.529s][info][gc,exit     ]  Metaspace       used 256K, committed 448K, reserved 1114112K
[2025-12-16T22:32:42.343+0800][0.529s][info][gc,exit     ]   class space    used 10K, committed 128K, reserved 1048576K
