[2025-12-16T22:32:36.392+0800][0.003s][info][gc,init] CardTable entry size: 512
[2025-12-16T22:32:36.392+0800][0.003s][info][gc     ] Using Serial
[2025-12-16T22:32:36.392+0800][0.003s][info][gc,init] Version: 21.0.9 (release)
[2025-12-16T22:32:36.392+0800][0.003s][info][gc,init] CPUs: 10 total, 10 available
[2025-12-16T22:32:36.392+0800][0.003s][info][gc,init] Memory: 16384M
[2025-12-16T22:32:36.392+0800][0.003s][info][gc,init] Large Page Support: Disabled
[2025-12-16T22:32:36.392+0800][0.003s][info][gc,init] NUMA Support: Disabled
[2025-12-16T22:32:36.392+0800][0.003s][info][gc,init] Compressed Oops: Enabled (Zero based)
[2025-12-16T22:32:36.392+0800][0.003s][info][gc,init] Heap Min Capacity: 8M
[2025-12-16T22:32:36.392+0800][0.003s][info][gc,init] Heap Initial Capacity: 256M
[2025-12-16T22:32:36.392+0800][0.003s][info][gc,init] Heap Max Capacity: 4G
[2025-12-16T22:32:36.392+0800][0.003s][info][gc,init] Pre-touch: Disabled
[2025-12-16T22:32:36.395+0800][0.006s][info][gc,metaspace] CDS archive(s) mapped at: [0x0000007000000000-0x0000007000c9c000-0x0000007000c9c000), size 13221888, SharedBaseAddress: 0x0000007000000000, ArchiveRelocationMode: 1.
[2025-12-16T22:32:36.395+0800][0.006s][info][gc,metaspace] Compressed class space mapped at: 0x0000007001000000-0x0000007041000000, reserved size: 1073741824
[2025-12-16T22:32:36.395+0800][0.006s][info][gc,metaspace] Narrow klass base: 0x0000007000000000, Narrow klass shift: 0, Narrow klass range: 0x100000000
[2025-12-16T22:32:36.511+0800][0.122s][info][gc,start    ] GC(0) Pause Young (Allocation Failure)
[2025-12-16T22:32:36.512+0800][0.123s][info][gc,heap     ] GC(0) DefNew: 69952K(78656K)->136K(78656K) Eden: 69952K(69952K)->0K(69952K) From: 0K(8704K)->136K(8704K)
[2025-12-16T22:32:36.512+0800][0.123s][info][gc,heap     ] GC(0) Tenured: 1056K(174784K)->1056K(174784K)
[2025-12-16T22:32:36.512+0800][0.123s][info][gc,metaspace] GC(0) Metaspace: 145K(384K)->145K(384K) NonClass: 136K(256K)->136K(256K) Class: 9K(128K)->9K(128K)
[2025-12-16T22:32:36.512+0800][0.123s][info][gc          ] GC(0) Pause Young (Allocation Failure) 69M->1M(247M) 1.058ms
[2025-12-16T22:32:36.512+0800][0.123s][info][gc,cpu      ] GC(0) User=0.00s Sys=0.00s Real=0.00s
[2025-12-16T22:32:36.513+0800][0.124s][info][gc,start    ] GC(1) Pause Young (Allocation Failure)
[2025-12-16T22:32:36.513+0800][0.124s][info][gc,heap     ] GC(1) DefNew: 70088K(78656K)->137K(78656K) Eden: 69952K(69952K)->0K(69952K) From: 136K(8704K)->137K(8704K)
[2025-12-16T22:32:36.513+0800][0.124s][info][gc,heap     ] GC(1) Tenured: 1056K(174784K)->1056K(174784K)
[2025-12-16T22:32:36.513+0800][0.124s][info][gc,metaspace] GC(1) Metaspace: 151K(384K)->151K(384K) NonClass: 142K(256K)->142K(256K) Class: 9K(128K)->9K(128K)
[2025-12-16T22:32:36.513+0800][0.124s][info][gc          ] GC(1) Pause Young (Allocation Failure) 69M->1M(247M) 0.429ms
[2025-12-16T22:32:36.513+0800][0.124s][info][gc,cpu      ] GC(1) User=0.00s Sys=0.00s Real=0.00s
[2025-12-16T22:32:36.914+0800][0.525s][info][gc,heap,exit] Heap
[2025-12-16T22:32:36.914+0800][0.525s][info][gc,heap,exit]  def new generation   total 78656K, used 54757K [0x0000000300800000, 0x0000000305d50000, 0x0000000355d50000)
[2025-12-16T22:32:36.914+0800][0.525s][info][gc,heap,exit]   eden space 69952K,  78% used [0x0000000300800000, 0x0000000303d57008, 0x0000000304c50000)
[2025-12-16T22:32:36.914+0800][0.525s][info][gc,heap,exit]   from space 8704K,   1% used [0x0000000304c50000, 0x0000000304c724c8, 0x00000003054d0000)
[2025-12-16T22:32:36.914+0800][0.525s][info][gc,heap,exit]   to   space 8704K,   0% used [0x00000003054d0000, 0x00000003054d0000, 0x0000000305d50000)
[2025-12-16T22:32:36.914+0800][0.525s][info][gc,heap,exit]  tenured generation   total 174784K, used 1056K [0x0000000355d50000, 0x0000000360800000, 0x0000000400800000)
[2025-12-16T22:32:36.914+0800][0.525s][info][gc,heap,exit]    the space 174784K,   0% used [0x0000000355d50000, 0x0000000355e58150, 0x0000000355e58200, 0x0000000360800000)
[2025-12-16T22:32:36.914+0800][0.525s][info][gc,heap,exit]  Metaspace       used 171K, committed 384K, reserved 1114112K
[2025-12-16T22:32:36.914+0800][0.525s][info][gc,heap,exit]   class space    used 10K, committed 128K, reserved 1048576K
