[2025-12-16T20:44:03.543+0800][0.003s][info][gc,init] Initializing The Z Garbage Collector
[2025-12-16T20:44:03.543+0800][0.004s][info][gc,init] Version: 17.0.17+0 (release)
[2025-12-16T20:44:03.543+0800][0.004s][info][gc,init] NUMA Support: Disabled
[2025-12-16T20:44:03.543+0800][0.004s][info][gc,init] CPUs: 10 total, 10 available
[2025-12-16T20:44:03.543+0800][0.004s][info][gc,init] Memory: 16384M
[2025-12-16T20:44:03.543+0800][0.004s][info][gc,init] Large Page Support: Disabled
[2025-12-16T20:44:03.543+0800][0.004s][info][gc,init] GC Workers: 3 (dynamic)
[2025-12-16T20:44:03.544+0800][0.004s][info][gc,init] Address Space Type: Contiguous/Unrestricted/Complete
[2025-12-16T20:44:03.544+0800][0.004s][info][gc,init] Address Space Size: 65536M x 3 = 196608M
[2025-12-16T20:44:03.544+0800][0.004s][info][gc,init] Min Capacity: 8M
[2025-12-16T20:44:03.544+0800][0.004s][info][gc,init] Initial Capacity: 256M
[2025-12-16T20:44:03.544+0800][0.004s][info][gc,init] Max Capacity: 4096M
[2025-12-16T20:44:03.544+0800][0.004s][info][gc,init] Medium Page Size: 32M
[2025-12-16T20:44:03.544+0800][0.004s][info][gc,init] Pre-touch: Disabled
[2025-12-16T20:44:03.544+0800][0.004s][info][gc,init] Uncommit: Enabled
[2025-12-16T20:44:03.544+0800][0.004s][info][gc,init] Uncommit Delay: 300s
[2025-12-16T20:44:03.544+0800][0.004s][info][gc,init] Runtime Workers: 6
[2025-12-16T20:44:03.544+0800][0.004s][info][gc     ] Using The Z Garbage Collector
[2025-12-16T20:44:03.564+0800][0.025s][info][gc,metaspace] CDS archive(s) mapped at: [0x0000007000000000-0x0000007000b98000-0x0000007000b98000), size 12156928, SharedBaseAddress: 0x0000007000000000, ArchiveRelocationMode: 1.
[2025-12-16T20:44:03.564+0800][0.025s][info][gc,metaspace] Compressed class space mapped at: 0x0000007001000000-0x0000007041000000, reserved size: 1073741824
[2025-12-16T20:44:03.564+0800][0.025s][info][gc,metaspace] Narrow klass base: 0x0000007000000000, Narrow klass shift: 0, Narrow klass range: 0x100000000
[2025-12-16T20:44:03.775+0800][0.236s][info][gc,start    ] GC(0) Garbage Collection (Warmup)
[2025-12-16T20:44:03.775+0800][0.236s][info][gc,task     ] GC(0) Using 3 workers
[2025-12-16T20:44:03.775+0800][0.236s][info][gc,phases   ] GC(0) Pause Mark Start 0.002ms
[2025-12-16T20:44:03.777+0800][0.237s][info][gc,phases   ] GC(0) Concurrent Mark 1.457ms
[2025-12-16T20:44:03.777+0800][0.237s][info][gc,phases   ] GC(0) Pause Mark End 0.004ms
[2025-12-16T20:44:03.777+0800][0.237s][info][gc,phases   ] GC(0) Concurrent Mark Free 0.000ms
[2025-12-16T20:44:03.777+0800][0.237s][info][gc,phases   ] GC(0) Concurrent Process Non-Strong References 0.078ms
[2025-12-16T20:44:03.777+0800][0.237s][info][gc,phases   ] GC(0) Concurrent Reset Relocation Set 0.000ms
[2025-12-16T20:44:03.780+0800][0.240s][info][gc,phases   ] GC(0) Concurrent Select Relocation Set 2.825ms
[2025-12-16T20:44:03.780+0800][0.240s][info][gc,phases   ] GC(0) Pause Relocate Start 0.002ms
[2025-12-16T20:44:03.780+0800][0.240s][info][gc,phases   ] GC(0) Concurrent Relocate 0.199ms
[2025-12-16T20:44:03.780+0800][0.240s][info][gc,load     ] GC(0) Load: 1.88/2.03/2.04
[2025-12-16T20:44:03.780+0800][0.240s][info][gc,mmu      ] GC(0) MMU: 2ms/99.7%, 5ms/99.8%, 10ms/99.9%, 20ms/100.0%, 50ms/100.0%, 100ms/100.0%
[2025-12-16T20:44:03.780+0800][0.240s][info][gc,marking  ] GC(0) Mark: 2 stripe(s), 2 proactive flush(es), 1 terminate flush(es), 0 completion(s), 0 continuation(s) 
[2025-12-16T20:44:03.780+0800][0.240s][info][gc,marking  ] GC(0) Mark Stack Usage: 32M
[2025-12-16T20:44:03.780+0800][0.240s][info][gc,nmethod  ] GC(0) NMethods: 79 registered, 0 unregistered
[2025-12-16T20:44:03.780+0800][0.240s][info][gc,metaspace] GC(0) Metaspace: 0M used, 0M committed, 1088M reserved
[2025-12-16T20:44:03.780+0800][0.240s][info][gc,ref      ] GC(0) Soft: 4 encountered, 0 discovered, 0 enqueued
[2025-12-16T20:44:03.780+0800][0.240s][info][gc,ref      ] GC(0) Weak: 5 encountered, 0 discovered, 0 enqueued
[2025-12-16T20:44:03.780+0800][0.240s][info][gc,ref      ] GC(0) Final: 0 encountered, 0 discovered, 0 enqueued
[2025-12-16T20:44:03.780+0800][0.240s][info][gc,ref      ] GC(0) Phantom: 1 encountered, 1 discovered, 0 enqueued
[2025-12-16T20:44:03.780+0800][0.240s][info][gc,reloc    ] GC(0) Small Pages: 357 / 714M, Empty: 710M, Relocated: 0M, In-Place: 0
[2025-12-16T20:44:03.780+0800][0.240s][info][gc,reloc    ] GC(0) Medium Pages: 1 / 32M, Empty: 32M, Relocated: 0M, In-Place: 0
[2025-12-16T20:44:03.780+0800][0.240s][info][gc,reloc    ] GC(0) Large Pages: 0 / 0M, Empty: 0M, Relocated: 0M, In-Place: 0
[2025-12-16T20:44:03.780+0800][0.240s][info][gc,reloc    ] GC(0) Forwarding Usage: 0M
[2025-12-16T20:44:03.780+0800][0.240s][info][gc,heap     ] GC(0) Min Capacity: 8M(0%)
[2025-12-16T20:44:03.780+0800][0.240s][info][gc,heap     ] GC(0) Max Capacity: 4096M(100%)
[2025-12-16T20:44:03.780+0800][0.240s][info][gc,heap     ] GC(0) Soft Max Capacity: 4096M(100%)
[2025-12-16T20:44:03.780+0800][0.240s][info][gc,heap     ] GC(0)                Mark Start          Mark End        Relocate Start      Relocate End           High               Low         
[2025-12-16T20:44:03.780+0800][0.240s][info][gc,heap     ] GC(0)  Capacity:      746M (18%)         752M (18%)         752M (18%)         752M (18%)         752M (18%)         746M (18%)    
[2025-12-16T20:44:03.780+0800][0.240s][info][gc,heap     ] GC(0)      Free:     3350M (82%)        3344M (82%)        4076M (100%)       4074M (99%)        4076M (100%)       3344M (82%)    
[2025-12-16T20:44:03.780+0800][0.240s][info][gc,heap     ] GC(0)      Used:      746M (18%)         752M (18%)          20M (0%)           22M (1%)          752M (18%)          20M (0%)     
[2025-12-16T20:44:03.780+0800][0.240s][info][gc,heap     ] GC(0)      Live:         -                 0M (0%)            0M (0%)            0M (0%)             -                  -          
[2025-12-16T20:44:03.780+0800][0.241s][info][gc,heap     ] GC(0) Allocated:         -                 6M (0%)           16M (0%)           17M (0%)             -                  -          
[2025-12-16T20:44:03.780+0800][0.241s][info][gc,heap     ] GC(0)   Garbage:         -               745M (18%)           3M (0%)            3M (0%)             -                  -          
[2025-12-16T20:44:03.780+0800][0.241s][info][gc,heap     ] GC(0) Reclaimed:         -                  -               742M (18%)         741M (18%)            -                  -          
[2025-12-16T20:44:03.780+0800][0.241s][info][gc          ] GC(0) Garbage Collection (Warmup) 746M(18%)->22M(1%)
[2025-12-16T20:44:04.075+0800][0.536s][info][gc,start    ] GC(1) Garbage Collection (Warmup)
[2025-12-16T20:44:04.075+0800][0.536s][info][gc,task     ] GC(1) Using 3 workers
[2025-12-16T20:44:04.075+0800][0.536s][info][gc,phases   ] GC(1) Pause Mark Start 0.003ms
[2025-12-16T20:44:04.077+0800][0.537s][info][gc,phases   ] GC(1) Concurrent Mark 1.519ms
[2025-12-16T20:44:04.077+0800][0.537s][info][gc,phases   ] GC(1) Pause Mark End 0.003ms
[2025-12-16T20:44:04.077+0800][0.537s][info][gc,phases   ] GC(1) Concurrent Mark Free 0.000ms
[2025-12-16T20:44:04.077+0800][0.537s][info][gc,phases   ] GC(1) Concurrent Process Non-Strong References 0.082ms
[2025-12-16T20:44:04.077+0800][0.537s][info][gc,phases   ] GC(1) Concurrent Reset Relocation Set 0.000ms
[2025-12-16T20:44:04.079+0800][0.539s][info][gc,phases   ] GC(1) Concurrent Select Relocation Set 1.506ms
[2025-12-16T20:44:04.079+0800][0.539s][info][gc,phases   ] GC(1) Pause Relocate Start 0.002ms
[2025-12-16T20:44:04.079+0800][0.539s][info][gc,phases   ] GC(1) Concurrent Relocate 0.169ms
[2025-12-16T20:44:04.079+0800][0.539s][info][gc,load     ] GC(1) Load: 1.88/2.03/2.04
[2025-12-16T20:44:04.079+0800][0.539s][info][gc,mmu      ] GC(1) MMU: 2ms/99.7%, 5ms/99.8%, 10ms/99.9%, 20ms/100.0%, 50ms/100.0%, 100ms/100.0%
[2025-12-16T20:44:04.079+0800][0.539s][info][gc,marking  ] GC(1) Mark: 2 stripe(s), 2 proactive flush(es), 1 terminate flush(es), 0 completion(s), 0 continuation(s) 
[2025-12-16T20:44:04.079+0800][0.539s][info][gc,marking  ] GC(1) Mark Stack Usage: 32M
[2025-12-16T20:44:04.079+0800][0.539s][info][gc,nmethod  ] GC(1) NMethods: 79 registered, 0 unregistered
[2025-12-16T20:44:04.079+0800][0.539s][info][gc,metaspace] GC(1) Metaspace: 0M used, 0M committed, 1088M reserved
[2025-12-16T20:44:04.079+0800][0.539s][info][gc,ref      ] GC(1) Soft: 4 encountered, 0 discovered, 0 enqueued
[2025-12-16T20:44:04.079+0800][0.539s][info][gc,ref      ] GC(1) Weak: 5 encountered, 0 discovered, 0 enqueued
[2025-12-16T20:44:04.079+0800][0.539s][info][gc,ref      ] GC(1) Final: 0 encountered, 0 discovered, 0 enqueued
[2025-12-16T20:44:04.079+0800][0.539s][info][gc,ref      ] GC(1) Phantom: 1 encountered, 1 discovered, 0 enqueued
[2025-12-16T20:44:04.079+0800][0.539s][info][gc,reloc    ] GC(1) Small Pages: 591 / 1182M, Empty: 1176M, Relocated: 0M, In-Place: 0
[2025-12-16T20:44:04.079+0800][0.539s][info][gc,reloc    ] GC(1) Medium Pages: 0 / 0M, Empty: 0M, Relocated: 0M, In-Place: 0
[2025-12-16T20:44:04.079+0800][0.539s][info][gc,reloc    ] GC(1) Large Pages: 0 / 0M, Empty: 0M, Relocated: 0M, In-Place: 0
[2025-12-16T20:44:04.079+0800][0.539s][info][gc,reloc    ] GC(1) Forwarding Usage: 0M
[2025-12-16T20:44:04.079+0800][0.539s][info][gc,heap     ] GC(1) Min Capacity: 8M(0%)
[2025-12-16T20:44:04.079+0800][0.539s][info][gc,heap     ] GC(1) Max Capacity: 4096M(100%)
[2025-12-16T20:44:04.079+0800][0.539s][info][gc,heap     ] GC(1) Soft Max Capacity: 4096M(100%)
[2025-12-16T20:44:04.079+0800][0.539s][info][gc,heap     ] GC(1)                Mark Start          Mark End        Relocate Start      Relocate End           High               Low         
[2025-12-16T20:44:04.079+0800][0.539s][info][gc,heap     ] GC(1)  Capacity:     1182M (29%)        1188M (29%)        1188M (29%)        1188M (29%)        1188M (29%)        1182M (29%)    
[2025-12-16T20:44:04.079+0800][0.539s][info][gc,heap     ] GC(1)      Free:     2914M (71%)        2908M (71%)        4078M (100%)       4078M (100%)       4078M (100%)       2908M (71%)    
[2025-12-16T20:44:04.079+0800][0.539s][info][gc,heap     ] GC(1)      Used:     1182M (29%)        1188M (29%)          18M (0%)           18M (0%)         1188M (29%)          18M (0%)     
[2025-12-16T20:44:04.079+0800][0.539s][info][gc,heap     ] GC(1)      Live:         -                 0M (0%)            0M (0%)            0M (0%)             -                  -          
[2025-12-16T20:44:04.079+0800][0.539s][info][gc,heap     ] GC(1) Allocated:         -                 6M (0%)           12M (0%)           11M (0%)             -                  -          
[2025-12-16T20:44:04.079+0800][0.539s][info][gc,heap     ] GC(1)   Garbage:         -              1181M (29%)           5M (0%)            5M (0%)             -                  -          
[2025-12-16T20:44:04.079+0800][0.539s][info][gc,heap     ] GC(1) Reclaimed:         -                  -              1176M (29%)        1175M (29%)            -                  -          
[2025-12-16T20:44:04.079+0800][0.539s][info][gc          ] GC(1) Garbage Collection (Warmup) 1182M(29%)->18M(0%)
[2025-12-16T20:44:04.475+0800][0.936s][info][gc,start    ] GC(2) Garbage Collection (Warmup)
[2025-12-16T20:44:04.476+0800][0.936s][info][gc,task     ] GC(2) Using 3 workers
[2025-12-16T20:44:04.476+0800][0.936s][info][gc,phases   ] GC(2) Pause Mark Start 0.003ms
[2025-12-16T20:44:04.477+0800][0.937s][info][gc,phases   ] GC(2) Concurrent Mark 1.636ms
[2025-12-16T20:44:04.477+0800][0.937s][info][gc,phases   ] GC(2) Pause Mark End 0.003ms
[2025-12-16T20:44:04.477+0800][0.938s][info][gc,phases   ] GC(2) Concurrent Mark Free 0.000ms
[2025-12-16T20:44:04.477+0800][0.938s][info][gc,phases   ] GC(2) Concurrent Process Non-Strong References 0.128ms
[2025-12-16T20:44:04.477+0800][0.938s][info][gc,phases   ] GC(2) Concurrent Reset Relocation Set 0.000ms
[2025-12-16T20:44:04.479+0800][0.939s][info][gc,phases   ] GC(2) Concurrent Select Relocation Set 1.215ms
[2025-12-16T20:44:04.479+0800][0.939s][info][gc,phases   ] GC(2) Pause Relocate Start 0.002ms
[2025-12-16T20:44:04.479+0800][0.939s][info][gc,phases   ] GC(2) Concurrent Relocate 0.262ms
[2025-12-16T20:44:04.479+0800][0.939s][info][gc,load     ] GC(2) Load: 1.88/2.03/2.04
[2025-12-16T20:44:04.479+0800][0.939s][info][gc,mmu      ] GC(2) MMU: 2ms/99.7%, 5ms/99.8%, 10ms/99.9%, 20ms/100.0%, 50ms/100.0%, 100ms/100.0%
[2025-12-16T20:44:04.479+0800][0.939s][info][gc,marking  ] GC(2) Mark: 2 stripe(s), 2 proactive flush(es), 1 terminate flush(es), 0 completion(s), 0 continuation(s) 
[2025-12-16T20:44:04.479+0800][0.939s][info][gc,marking  ] GC(2) Mark Stack Usage: 32M
[2025-12-16T20:44:04.479+0800][0.939s][info][gc,nmethod  ] GC(2) NMethods: 79 registered, 0 unregistered
[2025-12-16T20:44:04.479+0800][0.939s][info][gc,metaspace] GC(2) Metaspace: 0M used, 0M committed, 1088M reserved
[2025-12-16T20:44:04.479+0800][0.939s][info][gc,ref      ] GC(2) Soft: 4 encountered, 0 discovered, 0 enqueued
[2025-12-16T20:44:04.479+0800][0.939s][info][gc,ref      ] GC(2) Weak: 5 encountered, 0 discovered, 0 enqueued
[2025-12-16T20:44:04.479+0800][0.939s][info][gc,ref      ] GC(2) Final: 0 encountered, 0 discovered, 0 enqueued
[2025-12-16T20:44:04.479+0800][0.939s][info][gc,ref      ] GC(2) Phantom: 1 encountered, 0 discovered, 0 enqueued
[2025-12-16T20:44:04.479+0800][0.939s][info][gc,reloc    ] GC(2) Small Pages: 791 / 1582M, Empty: 1574M, Relocated: 0M, In-Place: 0
[2025-12-16T20:44:04.479+0800][0.939s][info][gc,reloc    ] GC(2) Medium Pages: 0 / 0M, Empty: 0M, Relocated: 0M, In-Place: 0
[2025-12-16T20:44:04.479+0800][0.939s][info][gc,reloc    ] GC(2) Large Pages: 0 / 0M, Empty: 0M, Relocated: 0M, In-Place: 0
[2025-12-16T20:44:04.479+0800][0.939s][info][gc,reloc    ] GC(2) Forwarding Usage: 0M
[2025-12-16T20:44:04.479+0800][0.939s][info][gc,heap     ] GC(2) Min Capacity: 8M(0%)
[2025-12-16T20:44:04.479+0800][0.939s][info][gc,heap     ] GC(2) Max Capacity: 4096M(100%)
[2025-12-16T20:44:04.479+0800][0.939s][info][gc,heap     ] GC(2) Soft Max Capacity: 4096M(100%)
[2025-12-16T20:44:04.479+0800][0.939s][info][gc,heap     ] GC(2)                Mark Start          Mark End        Relocate Start      Relocate End           High               Low         
[2025-12-16T20:44:04.479+0800][0.939s][info][gc,heap     ] GC(2)  Capacity:     1582M (39%)        1588M (39%)        1590M (39%)        1590M (39%)        1590M (39%)        1582M (39%)    
[2025-12-16T20:44:04.479+0800][0.939s][info][gc,heap     ] GC(2)      Free:     2514M (61%)        2508M (61%)        4076M (100%)       4078M (100%)       4078M (100%)       2506M (61%)    
[2025-12-16T20:44:04.479+0800][0.939s][info][gc,heap     ] GC(2)      Used:     1582M (39%)        1588M (39%)          20M (0%)           18M (0%)         1590M (39%)          18M (0%)     
[2025-12-16T20:44:04.479+0800][0.939s][info][gc,heap     ] GC(2)      Live:         -                 0M (0%)            0M (0%)            0M (0%)             -                  -          
[2025-12-16T20:44:04.479+0800][0.939s][info][gc,heap     ] GC(2) Allocated:         -                 6M (0%)           12M (0%)           11M (0%)             -                  -          
[2025-12-16T20:44:04.479+0800][0.939s][info][gc,heap     ] GC(2)   Garbage:         -              1581M (39%)           7M (0%)            5M (0%)             -                  -          
[2025-12-16T20:44:04.479+0800][0.939s][info][gc,heap     ] GC(2) Reclaimed:         -                  -              1574M (38%)        1575M (38%)            -                  -          
[2025-12-16T20:44:04.479+0800][0.939s][info][gc          ] GC(2) Garbage Collection (Warmup) 1582M(39%)->18M(0%)
[2025-12-16T20:44:04.776+0800][1.236s][info][gc,start    ] GC(3) Garbage Collection (Proactive)
[2025-12-16T20:44:04.776+0800][1.236s][info][gc,task     ] GC(3) Using 3 workers
[2025-12-16T20:44:04.776+0800][1.236s][info][gc,phases   ] GC(3) Pause Mark Start 0.003ms
[2025-12-16T20:44:04.777+0800][1.237s][info][gc,phases   ] GC(3) Concurrent Mark 1.514ms
[2025-12-16T20:44:04.777+0800][1.237s][info][gc,phases   ] GC(3) Pause Mark End 0.003ms
[2025-12-16T20:44:04.777+0800][1.237s][info][gc,phases   ] GC(3) Concurrent Mark Free 0.000ms
[2025-12-16T20:44:04.777+0800][1.237s][info][gc,phases   ] GC(3) Concurrent Process Non-Strong References 0.081ms
[2025-12-16T20:44:04.777+0800][1.237s][info][gc,phases   ] GC(3) Concurrent Reset Relocation Set 0.000ms
[2025-12-16T20:44:04.778+0800][1.239s][info][gc,phases   ] GC(3) Concurrent Select Relocation Set 1.144ms
[2025-12-16T20:44:04.778+0800][1.239s][info][gc,phases   ] GC(3) Pause Relocate Start 0.001ms
[2025-12-16T20:44:04.779+0800][1.239s][info][gc,phases   ] GC(3) Concurrent Relocate 0.193ms
[2025-12-16T20:44:04.779+0800][1.239s][info][gc,load     ] GC(3) Load: 1.88/2.03/2.04
[2025-12-16T20:44:04.779+0800][1.239s][info][gc,mmu      ] GC(3) MMU: 2ms/99.7%, 5ms/99.8%, 10ms/99.9%, 20ms/100.0%, 50ms/100.0%, 100ms/100.0%
[2025-12-16T20:44:04.779+0800][1.239s][info][gc,marking  ] GC(3) Mark: 2 stripe(s), 2 proactive flush(es), 1 terminate flush(es), 0 completion(s), 0 continuation(s) 
[2025-12-16T20:44:04.779+0800][1.239s][info][gc,marking  ] GC(3) Mark Stack Usage: 32M
[2025-12-16T20:44:04.779+0800][1.239s][info][gc,nmethod  ] GC(3) NMethods: 79 registered, 0 unregistered
[2025-12-16T20:44:04.779+0800][1.239s][info][gc,metaspace] GC(3) Metaspace: 0M used, 0M committed, 1088M reserved
[2025-12-16T20:44:04.779+0800][1.239s][info][gc,ref      ] GC(3) Soft: 4 encountered, 0 discovered, 0 enqueued
[2025-12-16T20:44:04.779+0800][1.239s][info][gc,ref      ] GC(3) Weak: 5 encountered, 0 discovered, 0 enqueued
[2025-12-16T20:44:04.779+0800][1.239s][info][gc,ref      ] GC(3) Final: 0 encountered, 0 discovered, 0 enqueued
[2025-12-16T20:44:04.779+0800][1.239s][info][gc,ref      ] GC(3) Phantom: 1 encountered, 0 discovered, 0 enqueued
[2025-12-16T20:44:04.779+0800][1.239s][info][gc,reloc    ] GC(3) Small Pages: 583 / 1166M, Empty: 1158M, Relocated: 0M, In-Place: 0
[2025-12-16T20:44:04.779+0800][1.239s][info][gc,reloc    ] GC(3) Medium Pages: 0 / 0M, Empty: 0M, Relocated: 0M, In-Place: 0
[2025-12-16T20:44:04.779+0800][1.239s][info][gc,reloc    ] GC(3) Large Pages: 0 / 0M, Empty: 0M, Relocated: 0M, In-Place: 0
[2025-12-16T20:44:04.779+0800][1.239s][info][gc,reloc    ] GC(3) Forwarding Usage: 0M
[2025-12-16T20:44:04.779+0800][1.239s][info][gc,heap     ] GC(3) Min Capacity: 8M(0%)
[2025-12-16T20:44:04.779+0800][1.239s][info][gc,heap     ] GC(3) Max Capacity: 4096M(100%)
[2025-12-16T20:44:04.779+0800][1.239s][info][gc,heap     ] GC(3) Soft Max Capacity: 4096M(100%)
[2025-12-16T20:44:04.779+0800][1.239s][info][gc,heap     ] GC(3)                Mark Start          Mark End        Relocate Start      Relocate End           High               Low         
[2025-12-16T20:44:04.779+0800][1.239s][info][gc,heap     ] GC(3)  Capacity:     1590M (39%)        1590M (39%)        1590M (39%)        1590M (39%)        1590M (39%)        1590M (39%)    
[2025-12-16T20:44:04.779+0800][1.239s][info][gc,heap     ] GC(3)      Free:     2930M (72%)        2924M (71%)        4078M (100%)       4078M (100%)       4078M (100%)       2924M (71%)    
[2025-12-16T20:44:04.779+0800][1.239s][info][gc,heap     ] GC(3)      Used:     1166M (28%)        1172M (29%)          18M (0%)           18M (0%)         1172M (29%)          18M (0%)     
[2025-12-16T20:44:04.779+0800][1.239s][info][gc,heap     ] GC(3)      Live:         -                 0M (0%)            0M (0%)            0M (0%)             -                  -          
[2025-12-16T20:44:04.779+0800][1.239s][info][gc,heap     ] GC(3) Allocated:         -                 6M (0%)           10M (0%)           11M (0%)             -                  -          
[2025-12-16T20:44:04.779+0800][1.239s][info][gc,heap     ] GC(3)   Garbage:         -              1165M (28%)           7M (0%)            5M (0%)             -                  -          
[2025-12-16T20:44:04.779+0800][1.239s][info][gc,heap     ] GC(3) Reclaimed:         -                  -              1158M (28%)        1159M (28%)            -                  -          
[2025-12-16T20:44:04.779+0800][1.239s][info][gc          ] GC(3) Garbage Collection (Proactive) 1166M(28%)->18M(0%)
[2025-12-16T20:44:05.075+0800][1.536s][info][gc,start    ] GC(4) Garbage Collection (Proactive)
[2025-12-16T20:44:05.076+0800][1.536s][info][gc,task     ] GC(4) Using 3 workers
[2025-12-16T20:44:05.076+0800][1.536s][info][gc,phases   ] GC(4) Pause Mark Start 0.002ms
[2025-12-16T20:44:05.077+0800][1.537s][info][gc,phases   ] GC(4) Concurrent Mark 1.513ms
[2025-12-16T20:44:05.077+0800][1.537s][info][gc,phases   ] GC(4) Pause Mark End 0.002ms
[2025-12-16T20:44:05.077+0800][1.537s][info][gc,phases   ] GC(4) Concurrent Mark Free 0.000ms
[2025-12-16T20:44:05.077+0800][1.537s][info][gc,phases   ] GC(4) Concurrent Process Non-Strong References 0.087ms
[2025-12-16T20:44:05.077+0800][1.537s][info][gc,phases   ] GC(4) Concurrent Reset Relocation Set 0.000ms
[2025-12-16T20:44:05.078+0800][1.539s][info][gc,phases   ] GC(4) Concurrent Select Relocation Set 1.125ms
[2025-12-16T20:44:05.078+0800][1.539s][info][gc,phases   ] GC(4) Pause Relocate Start 0.001ms
[2025-12-16T20:44:05.079+0800][1.539s][info][gc,phases   ] GC(4) Concurrent Relocate 0.163ms
[2025-12-16T20:44:05.079+0800][1.539s][info][gc,load     ] GC(4) Load: 1.88/2.03/2.04
[2025-12-16T20:44:05.079+0800][1.539s][info][gc,mmu      ] GC(4) MMU: 2ms/99.7%, 5ms/99.8%, 10ms/99.9%, 20ms/100.0%, 50ms/100.0%, 100ms/100.0%
[2025-12-16T20:44:05.079+0800][1.539s][info][gc,marking  ] GC(4) Mark: 2 stripe(s), 2 proactive flush(es), 1 terminate flush(es), 0 completion(s), 0 continuation(s) 
[2025-12-16T20:44:05.079+0800][1.539s][info][gc,marking  ] GC(4) Mark Stack Usage: 32M
[2025-12-16T20:44:05.079+0800][1.539s][info][gc,nmethod  ] GC(4) NMethods: 79 registered, 0 unregistered
[2025-12-16T20:44:05.079+0800][1.539s][info][gc,metaspace] GC(4) Metaspace: 0M used, 0M committed, 1088M reserved
[2025-12-16T20:44:05.079+0800][1.539s][info][gc,ref      ] GC(4) Soft: 4 encountered, 0 discovered, 0 enqueued
[2025-12-16T20:44:05.079+0800][1.539s][info][gc,ref      ] GC(4) Weak: 5 encountered, 0 discovered, 0 enqueued
[2025-12-16T20:44:05.079+0800][1.539s][info][gc,ref      ] GC(4) Final: 0 encountered, 0 discovered, 0 enqueued
[2025-12-16T20:44:05.079+0800][1.539s][info][gc,ref      ] GC(4) Phantom: 1 encountered, 0 discovered, 0 enqueued
[2025-12-16T20:44:05.079+0800][1.539s][info][gc,reloc    ] GC(4) Small Pages: 611 / 1222M, Empty: 1214M, Relocated: 0M, In-Place: 0
[2025-12-16T20:44:05.079+0800][1.539s][info][gc,reloc    ] GC(4) Medium Pages: 0 / 0M, Empty: 0M, Relocated: 0M, In-Place: 0
[2025-12-16T20:44:05.079+0800][1.539s][info][gc,reloc    ] GC(4) Large Pages: 0 / 0M, Empty: 0M, Relocated: 0M, In-Place: 0
[2025-12-16T20:44:05.079+0800][1.539s][info][gc,reloc    ] GC(4) Forwarding Usage: 0M
[2025-12-16T20:44:05.079+0800][1.539s][info][gc,heap     ] GC(4) Min Capacity: 8M(0%)
[2025-12-16T20:44:05.079+0800][1.539s][info][gc,heap     ] GC(4) Max Capacity: 4096M(100%)
[2025-12-16T20:44:05.079+0800][1.539s][info][gc,heap     ] GC(4) Soft Max Capacity: 4096M(100%)
[2025-12-16T20:44:05.079+0800][1.539s][info][gc,heap     ] GC(4)                Mark Start          Mark End        Relocate Start      Relocate End           High               Low         
[2025-12-16T20:44:05.079+0800][1.539s][info][gc,heap     ] GC(4)  Capacity:     1590M (39%)        1590M (39%)        1590M (39%)        1590M (39%)        1590M (39%)        1590M (39%)    
[2025-12-16T20:44:05.079+0800][1.539s][info][gc,heap     ] GC(4)      Free:     2874M (70%)        2868M (70%)        4078M (100%)       4080M (100%)       4080M (100%)       2868M (70%)    
[2025-12-16T20:44:05.079+0800][1.539s][info][gc,heap     ] GC(4)      Used:     1222M (30%)        1228M (30%)          18M (0%)           16M (0%)         1228M (30%)          16M (0%)     
[2025-12-16T20:44:05.079+0800][1.539s][info][gc,heap     ] GC(4)      Live:         -                 0M (0%)            0M (0%)            0M (0%)             -                  -          
[2025-12-16T20:44:05.079+0800][1.539s][info][gc,heap     ] GC(4) Allocated:         -                 6M (0%)           10M (0%)            9M (0%)             -                  -          
[2025-12-16T20:44:05.079+0800][1.539s][info][gc,heap     ] GC(4)   Garbage:         -              1221M (30%)           7M (0%)            5M (0%)             -                  -          
[2025-12-16T20:44:05.079+0800][1.539s][info][gc,heap     ] GC(4) Reclaimed:         -                  -              1214M (30%)        1215M (30%)            -                  -          
[2025-12-16T20:44:05.079+0800][1.539s][info][gc          ] GC(4) Garbage Collection (Proactive) 1222M(30%)->16M(0%)
[2025-12-16T20:44:05.271+0800][1.731s][info][gc,start    ] GC(5) Garbage Collection (Proactive)
[2025-12-16T20:44:05.271+0800][1.731s][info][gc,task     ] GC(5) Using 3 workers
[2025-12-16T20:44:05.271+0800][1.731s][info][gc,phases   ] GC(5) Pause Mark Start 0.002ms
[2025-12-16T20:44:05.273+0800][1.733s][info][gc,phases   ] GC(5) Concurrent Mark 1.470ms
[2025-12-16T20:44:05.273+0800][1.733s][info][gc,phases   ] GC(5) Pause Mark End 0.002ms
[2025-12-16T20:44:05.273+0800][1.733s][info][gc,phases   ] GC(5) Concurrent Mark Free 0.000ms
[2025-12-16T20:44:05.273+0800][1.733s][info][gc,phases   ] GC(5) Concurrent Process Non-Strong References 0.124ms
[2025-12-16T20:44:05.273+0800][1.733s][info][gc,phases   ] GC(5) Concurrent Reset Relocation Set 0.000ms
[2025-12-16T20:44:05.274+0800][1.734s][info][gc,phases   ] GC(5) Concurrent Select Relocation Set 1.032ms
[2025-12-16T20:44:05.274+0800][1.734s][info][gc,phases   ] GC(5) Pause Relocate Start 0.001ms
[2025-12-16T20:44:05.274+0800][1.734s][info][gc,phases   ] GC(5) Concurrent Relocate 0.162ms
[2025-12-16T20:44:05.274+0800][1.734s][info][gc,load     ] GC(5) Load: 1.88/2.03/2.04
[2025-12-16T20:44:05.274+0800][1.734s][info][gc,mmu      ] GC(5) MMU: 2ms/99.7%, 5ms/99.8%, 10ms/99.9%, 20ms/100.0%, 50ms/100.0%, 100ms/100.0%
[2025-12-16T20:44:05.274+0800][1.734s][info][gc,marking  ] GC(5) Mark: 2 stripe(s), 2 proactive flush(es), 1 terminate flush(es), 0 completion(s), 0 continuation(s) 
[2025-12-16T20:44:05.274+0800][1.734s][info][gc,marking  ] GC(5) Mark Stack Usage: 32M
[2025-12-16T20:44:05.274+0800][1.734s][info][gc,nmethod  ] GC(5) NMethods: 79 registered, 0 unregistered
[2025-12-16T20:44:05.274+0800][1.734s][info][gc,metaspace] GC(5) Metaspace: 0M used, 0M committed, 1088M reserved
[2025-12-16T20:44:05.274+0800][1.734s][info][gc,ref      ] GC(5) Soft: 4 encountered, 0 discovered, 0 enqueued
[2025-12-16T20:44:05.274+0800][1.734s][info][gc,ref      ] GC(5) Weak: 5 encountered, 0 discovered, 0 enqueued
[2025-12-16T20:44:05.274+0800][1.734s][info][gc,ref      ] GC(5) Final: 0 encountered, 0 discovered, 0 enqueued
[2025-12-16T20:44:05.274+0800][1.734s][info][gc,ref      ] GC(5) Phantom: 1 encountered, 1 discovered, 0 enqueued
[2025-12-16T20:44:05.274+0800][1.734s][info][gc,reloc    ] GC(5) Small Pages: 407 / 814M, Empty: 806M, Relocated: 0M, In-Place: 0
[2025-12-16T20:44:05.274+0800][1.734s][info][gc,reloc    ] GC(5) Medium Pages: 0 / 0M, Empty: 0M, Relocated: 0M, In-Place: 0
[2025-12-16T20:44:05.274+0800][1.734s][info][gc,reloc    ] GC(5) Large Pages: 0 / 0M, Empty: 0M, Relocated: 0M, In-Place: 0
[2025-12-16T20:44:05.274+0800][1.734s][info][gc,reloc    ] GC(5) Forwarding Usage: 0M
[2025-12-16T20:44:05.274+0800][1.734s][info][gc,heap     ] GC(5) Min Capacity: 8M(0%)
[2025-12-16T20:44:05.274+0800][1.734s][info][gc,heap     ] GC(5) Max Capacity: 4096M(100%)
[2025-12-16T20:44:05.274+0800][1.734s][info][gc,heap     ] GC(5) Soft Max Capacity: 4096M(100%)
[2025-12-16T20:44:05.274+0800][1.734s][info][gc,heap     ] GC(5)                Mark Start          Mark End        Relocate Start      Relocate End           High               Low         
[2025-12-16T20:44:05.274+0800][1.734s][info][gc,heap     ] GC(5)  Capacity:     1590M (39%)        1590M (39%)        1590M (39%)        1590M (39%)        1590M (39%)        1590M (39%)    
[2025-12-16T20:44:05.274+0800][1.734s][info][gc,heap     ] GC(5)      Free:     3282M (80%)        3276M (80%)        4078M (100%)       4080M (100%)       4080M (100%)       3276M (80%)    
[2025-12-16T20:44:05.274+0800][1.734s][info][gc,heap     ] GC(5)      Used:      814M (20%)         820M (20%)          18M (0%)           16M (0%)          820M (20%)          16M (0%)     
[2025-12-16T20:44:05.274+0800][1.734s][info][gc,heap     ] GC(5)      Live:         -                 0M (0%)            0M (0%)            0M (0%)             -                  -          
[2025-12-16T20:44:05.274+0800][1.734s][info][gc,heap     ] GC(5) Allocated:         -                 6M (0%)           10M (0%)            9M (0%)             -                  -          
[2025-12-16T20:44:05.274+0800][1.734s][info][gc,heap     ] GC(5)   Garbage:         -               813M (20%)           7M (0%)            5M (0%)             -                  -          
[2025-12-16T20:44:05.274+0800][1.734s][info][gc,heap     ] GC(5) Reclaimed:         -                  -               806M (20%)         807M (20%)            -                  -          
[2025-12-16T20:44:05.274+0800][1.734s][info][gc          ] GC(5) Garbage Collection (Proactive) 814M(20%)->16M(0%)
[2025-12-16T20:44:05.476+0800][1.936s][info][gc,start    ] GC(6) Garbage Collection (Proactive)
[2025-12-16T20:44:05.476+0800][1.936s][info][gc,task     ] GC(6) Using 3 workers
[2025-12-16T20:44:05.476+0800][1.936s][info][gc,phases   ] GC(6) Pause Mark Start 0.002ms
[2025-12-16T20:44:05.477+0800][1.937s][info][gc,phases   ] GC(6) Concurrent Mark 1.504ms
[2025-12-16T20:44:05.477+0800][1.937s][info][gc,phases   ] GC(6) Pause Mark End 0.002ms
[2025-12-16T20:44:05.477+0800][1.937s][info][gc,phases   ] GC(6) Concurrent Mark Free 0.000ms
[2025-12-16T20:44:05.477+0800][1.937s][info][gc,phases   ] GC(6) Concurrent Process Non-Strong References 0.081ms
[2025-12-16T20:44:05.477+0800][1.937s][info][gc,phases   ] GC(6) Concurrent Reset Relocation Set 0.000ms
[2025-12-16T20:44:05.478+0800][1.939s][info][gc,phases   ] GC(6) Concurrent Select Relocation Set 1.097ms
[2025-12-16T20:44:05.478+0800][1.939s][info][gc,phases   ] GC(6) Pause Relocate Start 0.001ms
[2025-12-16T20:44:05.479+0800][1.939s][info][gc,phases   ] GC(6) Concurrent Relocate 0.167ms
[2025-12-16T20:44:05.479+0800][1.939s][info][gc,load     ] GC(6) Load: 1.88/2.03/2.04
[2025-12-16T20:44:05.479+0800][1.939s][info][gc,mmu      ] GC(6) MMU: 2ms/99.7%, 5ms/99.8%, 10ms/99.9%, 20ms/100.0%, 50ms/100.0%, 100ms/100.0%
[2025-12-16T20:44:05.479+0800][1.939s][info][gc,marking  ] GC(6) Mark: 2 stripe(s), 2 proactive flush(es), 1 terminate flush(es), 0 completion(s), 0 continuation(s) 
[2025-12-16T20:44:05.479+0800][1.939s][info][gc,marking  ] GC(6) Mark Stack Usage: 32M
[2025-12-16T20:44:05.479+0800][1.939s][info][gc,nmethod  ] GC(6) NMethods: 79 registered, 0 unregistered
[2025-12-16T20:44:05.479+0800][1.939s][info][gc,metaspace] GC(6) Metaspace: 0M used, 0M committed, 1088M reserved
[2025-12-16T20:44:05.479+0800][1.939s][info][gc,ref      ] GC(6) Soft: 4 encountered, 0 discovered, 0 enqueued
[2025-12-16T20:44:05.479+0800][1.939s][info][gc,ref      ] GC(6) Weak: 5 encountered, 0 discovered, 0 enqueued
[2025-12-16T20:44:05.479+0800][1.939s][info][gc,ref      ] GC(6) Final: 0 encountered, 0 discovered, 0 enqueued
[2025-12-16T20:44:05.479+0800][1.939s][info][gc,ref      ] GC(6) Phantom: 1 encountered, 1 discovered, 0 enqueued
[2025-12-16T20:44:05.479+0800][1.939s][info][gc,reloc    ] GC(6) Small Pages: 420 / 840M, Empty: 832M, Relocated: 0M, In-Place: 0
[2025-12-16T20:44:05.479+0800][1.939s][info][gc,reloc    ] GC(6) Medium Pages: 0 / 0M, Empty: 0M, Relocated: 0M, In-Place: 0
[2025-12-16T20:44:05.479+0800][1.939s][info][gc,reloc    ] GC(6) Large Pages: 0 / 0M, Empty: 0M, Relocated: 0M, In-Place: 0
[2025-12-16T20:44:05.479+0800][1.939s][info][gc,reloc    ] GC(6) Forwarding Usage: 0M
[2025-12-16T20:44:05.479+0800][1.939s][info][gc,heap     ] GC(6) Min Capacity: 8M(0%)
[2025-12-16T20:44:05.479+0800][1.939s][info][gc,heap     ] GC(6) Max Capacity: 4096M(100%)
[2025-12-16T20:44:05.479+0800][1.939s][info][gc,heap     ] GC(6) Soft Max Capacity: 4096M(100%)
[2025-12-16T20:44:05.479+0800][1.939s][info][gc,heap     ] GC(6)                Mark Start          Mark End        Relocate Start      Relocate End           High               Low         
[2025-12-16T20:44:05.479+0800][1.939s][info][gc,heap     ] GC(6)  Capacity:     1590M (39%)        1590M (39%)        1590M (39%)        1590M (39%)        1590M (39%)        1590M (39%)    
[2025-12-16T20:44:05.479+0800][1.939s][info][gc,heap     ] GC(6)      Free:     3256M (79%)        3250M (79%)        4078M (100%)       4080M (100%)       4082M (100%)       3250M (79%)    
[2025-12-16T20:44:05.479+0800][1.939s][info][gc,heap     ] GC(6)      Used:      840M (21%)         846M (21%)          18M (0%)           16M (0%)          846M (21%)          14M (0%)     
[2025-12-16T20:44:05.479+0800][1.939s][info][gc,heap     ] GC(6)      Live:         -                 0M (0%)            0M (0%)            0M (0%)             -                  -          
[2025-12-16T20:44:05.479+0800][1.939s][info][gc,heap     ] GC(6) Allocated:         -                 6M (0%)           10M (0%)           11M (0%)             -                  -          
[2025-12-16T20:44:05.479+0800][1.939s][info][gc,heap     ] GC(6)   Garbage:         -               839M (20%)           7M (0%)            3M (0%)             -                  -          
[2025-12-16T20:44:05.479+0800][1.939s][info][gc,heap     ] GC(6) Reclaimed:         -                  -               832M (20%)         835M (20%)            -                  -          
[2025-12-16T20:44:05.479+0800][1.939s][info][gc          ] GC(6) Garbage Collection (Proactive) 840M(21%)->16M(0%)
[2025-12-16T20:44:05.676+0800][2.136s][info][gc,start    ] GC(7) Garbage Collection (Proactive)
[2025-12-16T20:44:05.676+0800][2.136s][info][gc,task     ] GC(7) Using 3 workers
[2025-12-16T20:44:05.676+0800][2.136s][info][gc,phases   ] GC(7) Pause Mark Start 0.002ms
[2025-12-16T20:44:05.677+0800][2.137s][info][gc,phases   ] GC(7) Concurrent Mark 1.497ms
[2025-12-16T20:44:05.677+0800][2.137s][info][gc,phases   ] GC(7) Pause Mark End 0.003ms
[2025-12-16T20:44:05.677+0800][2.137s][info][gc,phases   ] GC(7) Concurrent Mark Free 0.000ms
[2025-12-16T20:44:05.677+0800][2.138s][info][gc,phases   ] GC(7) Concurrent Process Non-Strong References 0.076ms
[2025-12-16T20:44:05.677+0800][2.138s][info][gc,phases   ] GC(7) Concurrent Reset Relocation Set 0.000ms
[2025-12-16T20:44:05.678+0800][2.139s][info][gc,phases   ] GC(7) Concurrent Select Relocation Set 1.048ms
[2025-12-16T20:44:05.678+0800][2.139s][info][gc,phases   ] GC(7) Pause Relocate Start 0.002ms
[2025-12-16T20:44:05.679+0800][2.139s][info][gc,phases   ] GC(7) Concurrent Relocate 0.172ms
[2025-12-16T20:44:05.679+0800][2.139s][info][gc,load     ] GC(7) Load: 1.88/2.03/2.04
[2025-12-16T20:44:05.679+0800][2.139s][info][gc,mmu      ] GC(7) MMU: 2ms/99.7%, 5ms/99.8%, 10ms/99.9%, 20ms/100.0%, 50ms/100.0%, 100ms/100.0%
[2025-12-16T20:44:05.679+0800][2.139s][info][gc,marking  ] GC(7) Mark: 2 stripe(s), 2 proactive flush(es), 1 terminate flush(es), 0 completion(s), 0 continuation(s) 
[2025-12-16T20:44:05.679+0800][2.139s][info][gc,marking  ] GC(7) Mark Stack Usage: 32M
[2025-12-16T20:44:05.679+0800][2.139s][info][gc,nmethod  ] GC(7) NMethods: 79 registered, 0 unregistered
[2025-12-16T20:44:05.679+0800][2.139s][info][gc,metaspace] GC(7) Metaspace: 0M used, 0M committed, 1088M reserved
[2025-12-16T20:44:05.679+0800][2.139s][info][gc,ref      ] GC(7) Soft: 4 encountered, 0 discovered, 0 enqueued
[2025-12-16T20:44:05.679+0800][2.139s][info][gc,ref      ] GC(7) Weak: 5 encountered, 0 discovered, 0 enqueued
[2025-12-16T20:44:05.679+0800][2.139s][info][gc,ref      ] GC(7) Final: 0 encountered, 0 discovered, 0 enqueued
[2025-12-16T20:44:05.679+0800][2.139s][info][gc,ref      ] GC(7) Phantom: 1 encountered, 1 discovered, 0 enqueued
[2025-12-16T20:44:05.679+0800][2.139s][info][gc,reloc    ] GC(7) Small Pages: 414 / 828M, Empty: 822M, Relocated: 0M, In-Place: 0
[2025-12-16T20:44:05.679+0800][2.139s][info][gc,reloc    ] GC(7) Medium Pages: 0 / 0M, Empty: 0M, Relocated: 0M, In-Place: 0
[2025-12-16T20:44:05.679+0800][2.139s][info][gc,reloc    ] GC(7) Large Pages: 0 / 0M, Empty: 0M, Relocated: 0M, In-Place: 0
[2025-12-16T20:44:05.679+0800][2.139s][info][gc,reloc    ] GC(7) Forwarding Usage: 0M
[2025-12-16T20:44:05.679+0800][2.139s][info][gc,heap     ] GC(7) Min Capacity: 8M(0%)
[2025-12-16T20:44:05.679+0800][2.139s][info][gc,heap     ] GC(7) Max Capacity: 4096M(100%)
[2025-12-16T20:44:05.679+0800][2.139s][info][gc,heap     ] GC(7) Soft Max Capacity: 4096M(100%)
[2025-12-16T20:44:05.679+0800][2.139s][info][gc,heap     ] GC(7)                Mark Start          Mark End        Relocate Start      Relocate End           High               Low         
[2025-12-16T20:44:05.679+0800][2.139s][info][gc,heap     ] GC(7)  Capacity:     1590M (39%)        1590M (39%)        1590M (39%)        1590M (39%)        1590M (39%)        1590M (39%)    
[2025-12-16T20:44:05.679+0800][2.139s][info][gc,heap     ] GC(7)      Free:     3268M (80%)        3262M (80%)        4080M (100%)       4080M (100%)       4080M (100%)       3262M (80%)    
[2025-12-16T20:44:05.679+0800][2.139s][info][gc,heap     ] GC(7)      Used:      828M (20%)         834M (20%)          16M (0%)           16M (0%)          834M (20%)          16M (0%)     
[2025-12-16T20:44:05.679+0800][2.139s][info][gc,heap     ] GC(7)      Live:         -                 0M (0%)            0M (0%)            0M (0%)             -                  -          
[2025-12-16T20:44:05.679+0800][2.139s][info][gc,heap     ] GC(7) Allocated:         -                 6M (0%)           10M (0%)            9M (0%)             -                  -          
[2025-12-16T20:44:05.679+0800][2.139s][info][gc,heap     ] GC(7)   Garbage:         -               827M (20%)           5M (0%)            5M (0%)             -                  -          
[2025-12-16T20:44:05.679+0800][2.139s][info][gc,heap     ] GC(7) Reclaimed:         -                  -               822M (20%)         821M (20%)            -                  -          
[2025-12-16T20:44:05.679+0800][2.139s][info][gc          ] GC(7) Garbage Collection (Proactive) 828M(20%)->16M(0%)
[2025-12-16T20:44:05.874+0800][2.334s][info][gc,start    ] GC(8) Garbage Collection (Proactive)
[2025-12-16T20:44:05.874+0800][2.334s][info][gc,task     ] GC(8) Using 3 workers
[2025-12-16T20:44:05.874+0800][2.334s][info][gc,phases   ] GC(8) Pause Mark Start 0.002ms
[2025-12-16T20:44:05.875+0800][2.335s][info][gc,phases   ] GC(8) Concurrent Mark 1.469ms
[2025-12-16T20:44:05.875+0800][2.335s][info][gc,phases   ] GC(8) Pause Mark End 0.002ms
[2025-12-16T20:44:05.875+0800][2.335s][info][gc,phases   ] GC(8) Concurrent Mark Free 0.000ms
[2025-12-16T20:44:05.875+0800][2.335s][info][gc,phases   ] GC(8) Concurrent Process Non-Strong References 0.076ms
[2025-12-16T20:44:05.875+0800][2.335s][info][gc,phases   ] GC(8) Concurrent Reset Relocation Set 0.000ms
[2025-12-16T20:44:05.876+0800][2.337s][info][gc,phases   ] GC(8) Concurrent Select Relocation Set 1.113ms
[2025-12-16T20:44:05.876+0800][2.337s][info][gc,phases   ] GC(8) Pause Relocate Start 0.001ms
[2025-12-16T20:44:05.877+0800][2.337s][info][gc,phases   ] GC(8) Concurrent Relocate 0.164ms
[2025-12-16T20:44:05.877+0800][2.337s][info][gc,load     ] GC(8) Load: 1.88/2.03/2.04
[2025-12-16T20:44:05.877+0800][2.337s][info][gc,mmu      ] GC(8) MMU: 2ms/99.7%, 5ms/99.8%, 10ms/99.9%, 20ms/100.0%, 50ms/100.0%, 100ms/100.0%
[2025-12-16T20:44:05.877+0800][2.337s][info][gc,marking  ] GC(8) Mark: 2 stripe(s), 2 proactive flush(es), 1 terminate flush(es), 0 completion(s), 0 continuation(s) 
[2025-12-16T20:44:05.877+0800][2.337s][info][gc,marking  ] GC(8) Mark Stack Usage: 32M
[2025-12-16T20:44:05.877+0800][2.337s][info][gc,nmethod  ] GC(8) NMethods: 79 registered, 0 unregistered
[2025-12-16T20:44:05.877+0800][2.337s][info][gc,metaspace] GC(8) Metaspace: 0M used, 0M committed, 1088M reserved
[2025-12-16T20:44:05.877+0800][2.337s][info][gc,ref      ] GC(8) Soft: 4 encountered, 0 discovered, 0 enqueued
[2025-12-16T20:44:05.877+0800][2.337s][info][gc,ref      ] GC(8) Weak: 5 encountered, 0 discovered, 0 enqueued
[2025-12-16T20:44:05.877+0800][2.337s][info][gc,ref      ] GC(8) Final: 0 encountered, 0 discovered, 0 enqueued
[2025-12-16T20:44:05.877+0800][2.337s][info][gc,ref      ] GC(8) Phantom: 1 encountered, 1 discovered, 0 enqueued
[2025-12-16T20:44:05.877+0800][2.337s][info][gc,reloc    ] GC(8) Small Pages: 424 / 848M, Empty: 840M, Relocated: 0M, In-Place: 0
[2025-12-16T20:44:05.877+0800][2.337s][info][gc,reloc    ] GC(8) Medium Pages: 0 / 0M, Empty: 0M, Relocated: 0M, In-Place: 0
[2025-12-16T20:44:05.877+0800][2.337s][info][gc,reloc    ] GC(8) Large Pages: 0 / 0M, Empty: 0M, Relocated: 0M, In-Place: 0
[2025-12-16T20:44:05.877+0800][2.337s][info][gc,reloc    ] GC(8) Forwarding Usage: 0M
[2025-12-16T20:44:05.877+0800][2.337s][info][gc,heap     ] GC(8) Min Capacity: 8M(0%)
[2025-12-16T20:44:05.877+0800][2.337s][info][gc,heap     ] GC(8) Max Capacity: 4096M(100%)
[2025-12-16T20:44:05.877+0800][2.337s][info][gc,heap     ] GC(8) Soft Max Capacity: 4096M(100%)
[2025-12-16T20:44:05.877+0800][2.337s][info][gc,heap     ] GC(8)                Mark Start          Mark End        Relocate Start      Relocate End           High               Low         
[2025-12-16T20:44:05.877+0800][2.337s][info][gc,heap     ] GC(8)  Capacity:     1590M (39%)        1590M (39%)        1590M (39%)        1590M (39%)        1590M (39%)        1590M (39%)    
[2025-12-16T20:44:05.877+0800][2.337s][info][gc,heap     ] GC(8)      Free:     3248M (79%)        3242M (79%)        4078M (100%)       4080M (100%)       4080M (100%)       3242M (79%)    
[2025-12-16T20:44:05.877+0800][2.337s][info][gc,heap     ] GC(8)      Used:      848M (21%)         854M (21%)          18M (0%)           16M (0%)          854M (21%)          16M (0%)     
[2025-12-16T20:44:05.877+0800][2.337s][info][gc,heap     ] GC(8)      Live:         -                 0M (0%)            0M (0%)            0M (0%)             -                  -          
[2025-12-16T20:44:05.877+0800][2.337s][info][gc,heap     ] GC(8) Allocated:         -                 6M (0%)           10M (0%)           11M (0%)             -                  -          
[2025-12-16T20:44:05.877+0800][2.337s][info][gc,heap     ] GC(8)   Garbage:         -               847M (21%)           7M (0%)            3M (0%)             -                  -          
[2025-12-16T20:44:05.877+0800][2.337s][info][gc,heap     ] GC(8) Reclaimed:         -                  -               840M (21%)         843M (21%)            -                  -          
[2025-12-16T20:44:05.877+0800][2.337s][info][gc          ] GC(8) Garbage Collection (Proactive) 848M(21%)->16M(0%)
[2025-12-16T20:44:06.075+0800][2.535s][info][gc,start    ] GC(9) Garbage Collection (Proactive)
[2025-12-16T20:44:06.075+0800][2.535s][info][gc,task     ] GC(9) Using 3 workers
[2025-12-16T20:44:06.075+0800][2.536s][info][gc,phases   ] GC(9) Pause Mark Start 0.002ms
[2025-12-16T20:44:06.077+0800][2.537s][info][gc,phases   ] GC(9) Concurrent Mark 1.485ms
[2025-12-16T20:44:06.077+0800][2.537s][info][gc,phases   ] GC(9) Pause Mark End 0.001ms
[2025-12-16T20:44:06.077+0800][2.537s][info][gc,phases   ] GC(9) Concurrent Mark Free 0.000ms
[2025-12-16T20:44:06.077+0800][2.537s][info][gc,phases   ] GC(9) Concurrent Process Non-Strong References 0.070ms
[2025-12-16T20:44:06.077+0800][2.537s][info][gc,phases   ] GC(9) Concurrent Reset Relocation Set 0.000ms
[2025-12-16T20:44:06.078+0800][2.538s][info][gc,phases   ] GC(9) Concurrent Select Relocation Set 1.118ms
[2025-12-16T20:44:06.078+0800][2.538s][info][gc,phases   ] GC(9) Pause Relocate Start 0.001ms
[2025-12-16T20:44:06.078+0800][2.538s][info][gc,phases   ] GC(9) Concurrent Relocate 0.168ms
[2025-12-16T20:44:06.078+0800][2.538s][info][gc,load     ] GC(9) Load: 1.88/2.03/2.04
[2025-12-16T20:44:06.078+0800][2.538s][info][gc,mmu      ] GC(9) MMU: 2ms/99.7%, 5ms/99.8%, 10ms/99.9%, 20ms/100.0%, 50ms/100.0%, 100ms/100.0%
[2025-12-16T20:44:06.078+0800][2.538s][info][gc,marking  ] GC(9) Mark: 2 stripe(s), 2 proactive flush(es), 1 terminate flush(es), 0 completion(s), 0 continuation(s) 
[2025-12-16T20:44:06.078+0800][2.538s][info][gc,marking  ] GC(9) Mark Stack Usage: 32M
[2025-12-16T20:44:06.078+0800][2.538s][info][gc,nmethod  ] GC(9) NMethods: 79 registered, 0 unregistered
[2025-12-16T20:44:06.078+0800][2.538s][info][gc,metaspace] GC(9) Metaspace: 0M used, 0M committed, 1088M reserved
[2025-12-16T20:44:06.078+0800][2.539s][info][gc,ref      ] GC(9) Soft: 4 encountered, 0 discovered, 0 enqueued
[2025-12-16T20:44:06.078+0800][2.539s][info][gc,ref      ] GC(9) Weak: 5 encountered, 0 discovered, 0 enqueued
[2025-12-16T20:44:06.078+0800][2.539s][info][gc,ref      ] GC(9) Final: 0 encountered, 0 discovered, 0 enqueued
[2025-12-16T20:44:06.078+0800][2.539s][info][gc,ref      ] GC(9) Phantom: 1 encountered, 0 discovered, 0 enqueued
[2025-12-16T20:44:06.078+0800][2.539s][info][gc,reloc    ] GC(9) Small Pages: 415 / 830M, Empty: 824M, Relocated: 0M, In-Place: 0
[2025-12-16T20:44:06.078+0800][2.539s][info][gc,reloc    ] GC(9) Medium Pages: 0 / 0M, Empty: 0M, Relocated: 0M, In-Place: 0
[2025-12-16T20:44:06.078+0800][2.539s][info][gc,reloc    ] GC(9) Large Pages: 0 / 0M, Empty: 0M, Relocated: 0M, In-Place: 0
[2025-12-16T20:44:06.078+0800][2.539s][info][gc,reloc    ] GC(9) Forwarding Usage: 0M
[2025-12-16T20:44:06.078+0800][2.539s][info][gc,heap     ] GC(9) Min Capacity: 8M(0%)
[2025-12-16T20:44:06.078+0800][2.539s][info][gc,heap     ] GC(9) Max Capacity: 4096M(100%)
[2025-12-16T20:44:06.078+0800][2.539s][info][gc,heap     ] GC(9) Soft Max Capacity: 4096M(100%)
[2025-12-16T20:44:06.078+0800][2.539s][info][gc,heap     ] GC(9)                Mark Start          Mark End        Relocate Start      Relocate End           High               Low         
[2025-12-16T20:44:06.078+0800][2.539s][info][gc,heap     ] GC(9)  Capacity:     1590M (39%)        1590M (39%)        1590M (39%)        1590M (39%)        1590M (39%)        1590M (39%)    
[2025-12-16T20:44:06.078+0800][2.539s][info][gc,heap     ] GC(9)      Free:     3266M (80%)        3260M (80%)        4080M (100%)       4080M (100%)       4082M (100%)       3260M (80%)    
[2025-12-16T20:44:06.078+0800][2.539s][info][gc,heap     ] GC(9)      Used:      830M (20%)         836M (20%)          16M (0%)           16M (0%)          836M (20%)          14M (0%)     
[2025-12-16T20:44:06.078+0800][2.539s][info][gc,heap     ] GC(9)      Live:         -                 0M (0%)            0M (0%)            0M (0%)             -                  -          
[2025-12-16T20:44:06.078+0800][2.539s][info][gc,heap     ] GC(9) Allocated:         -                 6M (0%)           10M (0%)           11M (0%)             -                  -          
[2025-12-16T20:44:06.078+0800][2.539s][info][gc,heap     ] GC(9)   Garbage:         -               829M (20%)           5M (0%)            3M (0%)             -                  -          
[2025-12-16T20:44:06.078+0800][2.539s][info][gc,heap     ] GC(9) Reclaimed:         -                  -               824M (20%)         825M (20%)            -                  -          
[2025-12-16T20:44:06.078+0800][2.539s][info][gc          ] GC(9) Garbage Collection (Proactive) 830M(20%)->16M(0%)
[2025-12-16T20:44:06.275+0800][2.735s][info][gc,start    ] GC(10) Garbage Collection (Proactive)
[2025-12-16T20:44:06.275+0800][2.736s][info][gc,task     ] GC(10) Using 3 workers
[2025-12-16T20:44:06.275+0800][2.736s][info][gc,phases   ] GC(10) Pause Mark Start 0.002ms
[2025-12-16T20:44:06.277+0800][2.737s][info][gc,phases   ] GC(10) Concurrent Mark 1.463ms
[2025-12-16T20:44:06.277+0800][2.737s][info][gc,phases   ] GC(10) Pause Mark End 0.002ms
[2025-12-16T20:44:06.277+0800][2.737s][info][gc,phases   ] GC(10) Concurrent Mark Free 0.000ms
[2025-12-16T20:44:06.277+0800][2.737s][info][gc,phases   ] GC(10) Concurrent Process Non-Strong References 0.082ms
[2025-12-16T20:44:06.277+0800][2.737s][info][gc,phases   ] GC(10) Concurrent Reset Relocation Set 0.000ms
[2025-12-16T20:44:06.278+0800][2.738s][info][gc,phases   ] GC(10) Concurrent Select Relocation Set 1.124ms
[2025-12-16T20:44:06.278+0800][2.738s][info][gc,phases   ] GC(10) Pause Relocate Start 0.001ms
[2025-12-16T20:44:06.278+0800][2.738s][info][gc,phases   ] GC(10) Concurrent Relocate 0.169ms
[2025-12-16T20:44:06.278+0800][2.738s][info][gc,load     ] GC(10) Load: 1.88/2.03/2.04
[2025-12-16T20:44:06.278+0800][2.738s][info][gc,mmu      ] GC(10) MMU: 2ms/99.7%, 5ms/99.8%, 10ms/99.9%, 20ms/100.0%, 50ms/100.0%, 100ms/100.0%
[2025-12-16T20:44:06.278+0800][2.739s][info][gc,marking  ] GC(10) Mark: 2 stripe(s), 2 proactive flush(es), 1 terminate flush(es), 0 completion(s), 0 continuation(s) 
[2025-12-16T20:44:06.278+0800][2.739s][info][gc,marking  ] GC(10) Mark Stack Usage: 32M
[2025-12-16T20:44:06.278+0800][2.739s][info][gc,nmethod  ] GC(10) NMethods: 79 registered, 0 unregistered
[2025-12-16T20:44:06.278+0800][2.739s][info][gc,metaspace] GC(10) Metaspace: 0M used, 0M committed, 1088M reserved
[2025-12-16T20:44:06.278+0800][2.739s][info][gc,ref      ] GC(10) Soft: 4 encountered, 0 discovered, 0 enqueued
[2025-12-16T20:44:06.278+0800][2.739s][info][gc,ref      ] GC(10) Weak: 5 encountered, 0 discovered, 0 enqueued
[2025-12-16T20:44:06.278+0800][2.739s][info][gc,ref      ] GC(10) Final: 0 encountered, 0 discovered, 0 enqueued
[2025-12-16T20:44:06.278+0800][2.739s][info][gc,ref      ] GC(10) Phantom: 1 encountered, 0 discovered, 0 enqueued
[2025-12-16T20:44:06.278+0800][2.739s][info][gc,reloc    ] GC(10) Small Pages: 429 / 858M, Empty: 852M, Relocated: 0M, In-Place: 0
[2025-12-16T20:44:06.278+0800][2.739s][info][gc,reloc    ] GC(10) Medium Pages: 0 / 0M, Empty: 0M, Relocated: 0M, In-Place: 0
[2025-12-16T20:44:06.278+0800][2.739s][info][gc,reloc    ] GC(10) Large Pages: 0 / 0M, Empty: 0M, Relocated: 0M, In-Place: 0
[2025-12-16T20:44:06.278+0800][2.739s][info][gc,reloc    ] GC(10) Forwarding Usage: 0M
[2025-12-16T20:44:06.278+0800][2.739s][info][gc,heap     ] GC(10) Min Capacity: 8M(0%)
[2025-12-16T20:44:06.278+0800][2.739s][info][gc,heap     ] GC(10) Max Capacity: 4096M(100%)
[2025-12-16T20:44:06.278+0800][2.739s][info][gc,heap     ] GC(10) Soft Max Capacity: 4096M(100%)
[2025-12-16T20:44:06.278+0800][2.739s][info][gc,heap     ] GC(10)                Mark Start          Mark End        Relocate Start      Relocate End           High               Low         
[2025-12-16T20:44:06.278+0800][2.739s][info][gc,heap     ] GC(10)  Capacity:     1590M (39%)        1590M (39%)        1590M (39%)        1590M (39%)        1590M (39%)        1590M (39%)    
[2025-12-16T20:44:06.278+0800][2.739s][info][gc,heap     ] GC(10)      Free:     3238M (79%)        3232M (79%)        4080M (100%)       4078M (100%)       4080M (100%)       3232M (79%)    
[2025-12-16T20:44:06.278+0800][2.739s][info][gc,heap     ] GC(10)      Used:      858M (21%)         864M (21%)          16M (0%)           18M (0%)          864M (21%)          16M (0%)     
[2025-12-16T20:44:06.278+0800][2.739s][info][gc,heap     ] GC(10)      Live:         -                 0M (0%)            0M (0%)            0M (0%)             -                  -          
[2025-12-16T20:44:06.278+0800][2.739s][info][gc,heap     ] GC(10) Allocated:         -                 6M (0%)           10M (0%)           11M (0%)             -                  -          
[2025-12-16T20:44:06.278+0800][2.739s][info][gc,heap     ] GC(10)   Garbage:         -               857M (21%)           5M (0%)            5M (0%)             -                  -          
[2025-12-16T20:44:06.278+0800][2.739s][info][gc,heap     ] GC(10) Reclaimed:         -                  -               852M (21%)         851M (21%)            -                  -          
[2025-12-16T20:44:06.278+0800][2.739s][info][gc          ] GC(10) Garbage Collection (Proactive) 858M(21%)->18M(0%)
[2025-12-16T20:44:06.437+0800][2.897s][info][gc,heap,exit] Heap
[2025-12-16T20:44:06.437+0800][2.897s][info][gc,heap,exit]  ZHeap           used 664M, capacity 1590M, max capacity 4096M
[2025-12-16T20:44:06.437+0800][2.897s][info][gc,heap,exit]  Metaspace       used 137K, committed 320K, reserved 1114112K
[2025-12-16T20:44:06.437+0800][2.897s][info][gc,heap,exit]   class space    used 9K, committed 128K, reserved 1048576K
