[2025-12-16T20:43:44.168+0800][0.004s][info][gc] Using Parallel
[2025-12-16T20:43:44.168+0800][0.004s][info][gc,heap,coops] Heap address: 0x00000004aa800000, size: 4096 MB, Compressed Oops mode: Zero based, Oop shift amount: 3
[2025-12-16T20:43:44.215+0800][0.052s][info][gc,start     ] GC(0) Pause Young (Allocation Failure)
[2025-12-16T20:43:44.216+0800][0.052s][info][gc,heap      ] GC(0) PSYoungGen: 65536K->608K(76288K)
[2025-12-16T20:43:44.216+0800][0.052s][info][gc,heap      ] GC(0) ParOldGen: 0K->8K(175104K)
[2025-12-16T20:43:44.216+0800][0.052s][info][gc,metaspace ] GC(0) Metaspace: 3387K(4864K)->3387K(4864K) NonClass: 3082K(4352K)->3082K(4352K) Class: 305K(512K)->305K(512K)
[2025-12-16T20:43:44.216+0800][0.052s][info][gc           ] GC(0) Pause Young (Allocation Failure) 64M->0M(245M) 0.398ms
[2025-12-16T20:43:44.216+0800][0.052s][info][gc,cpu       ] GC(0) User=0.00s Sys=0.00s Real=0.00s
[2025-12-16T20:43:44.242+0800][0.079s][info][gc,start     ] GC(1) Pause Young (Allocation Failure)
[2025-12-16T20:43:44.243+0800][0.079s][info][gc,heap      ] GC(1) PSYoungGen: 66144K->592K(76288K)
[2025-12-16T20:43:44.243+0800][0.079s][info][gc,heap      ] GC(1) ParOldGen: 8K->8K(175104K)
[2025-12-16T20:43:44.243+0800][0.079s][info][gc,metaspace ] GC(1) Metaspace: 3388K(4864K)->3388K(4864K) NonClass: 3083K(4352K)->3083K(4352K) Class: 305K(512K)->305K(512K)
[2025-12-16T20:43:44.243+0800][0.079s][info][gc           ] GC(1) Pause Young (Allocation Failure) 64M->0M(245M) 0.218ms
[2025-12-16T20:43:44.243+0800][0.079s][info][gc,cpu       ] GC(1) User=0.00s Sys=0.00s Real=0.00s
[2025-12-16T20:43:44.268+0800][0.104s][info][gc,start     ] GC(2) Pause Young (Allocation Failure)
[2025-12-16T20:43:44.268+0800][0.105s][info][gc,heap      ] GC(2) PSYoungGen: 66128K->560K(76288K)
[2025-12-16T20:43:44.268+0800][0.105s][info][gc,heap      ] GC(2) ParOldGen: 8K->8K(175104K)
[2025-12-16T20:43:44.268+0800][0.105s][info][gc,metaspace ] GC(2) Metaspace: 3388K(4864K)->3388K(4864K) NonClass: 3083K(4352K)->3083K(4352K) Class: 305K(512K)->305K(512K)
[2025-12-16T20:43:44.268+0800][0.105s][info][gc           ] GC(2) Pause Young (Allocation Failure) 64M->0M(245M) 0.225ms
[2025-12-16T20:43:44.268+0800][0.105s][info][gc,cpu       ] GC(2) User=0.00s Sys=0.00s Real=0.00s
[2025-12-16T20:43:44.293+0800][0.130s][info][gc,start     ] GC(3) Pause Young (Allocation Failure)
[2025-12-16T20:43:44.293+0800][0.130s][info][gc,heap      ] GC(3) PSYoungGen: 66096K->576K(76288K)
[2025-12-16T20:43:44.293+0800][0.130s][info][gc,heap      ] GC(3) ParOldGen: 8K->8K(175104K)
[2025-12-16T20:43:44.293+0800][0.130s][info][gc,metaspace ] GC(3) Metaspace: 3388K(4864K)->3388K(4864K) NonClass: 3083K(4352K)->3083K(4352K) Class: 305K(512K)->305K(512K)
[2025-12-16T20:43:44.293+0800][0.130s][info][gc           ] GC(3) Pause Young (Allocation Failure) 64M->0M(245M) 0.215ms
[2025-12-16T20:43:44.293+0800][0.130s][info][gc,cpu       ] GC(3) User=0.00s Sys=0.00s Real=0.00s
[2025-12-16T20:43:44.318+0800][0.155s][info][gc,start     ] GC(4) Pause Young (Allocation Failure)
[2025-12-16T20:43:44.319+0800][0.155s][info][gc,heap      ] GC(4) PSYoungGen: 66112K->576K(65024K)
[2025-12-16T20:43:44.319+0800][0.155s][info][gc,heap      ] GC(4) ParOldGen: 8K->8K(175104K)
[2025-12-16T20:43:44.319+0800][0.155s][info][gc,metaspace ] GC(4) Metaspace: 3388K(4864K)->3388K(4864K) NonClass: 3083K(4352K)->3083K(4352K) Class: 305K(512K)->305K(512K)
[2025-12-16T20:43:44.319+0800][0.155s][info][gc           ] GC(4) Pause Young (Allocation Failure) 64M->0M(234M) 0.347ms
[2025-12-16T20:43:44.319+0800][0.155s][info][gc,cpu       ] GC(4) User=0.00s Sys=0.00s Real=0.00s
[2025-12-16T20:43:44.344+0800][0.180s][info][gc,start     ] GC(5) Pause Young (Allocation Failure)
[2025-12-16T20:43:44.344+0800][0.181s][info][gc,heap      ] GC(5) PSYoungGen: 64576K->592K(63488K)
[2025-12-16T20:43:44.344+0800][0.181s][info][gc,heap      ] GC(5) ParOldGen: 8K->8K(175104K)
[2025-12-16T20:43:44.344+0800][0.181s][info][gc,metaspace ] GC(5) Metaspace: 3388K(4864K)->3388K(4864K) NonClass: 3083K(4352K)->3083K(4352K) Class: 305K(512K)->305K(512K)
[2025-12-16T20:43:44.344+0800][0.181s][info][gc           ] GC(5) Pause Young (Allocation Failure) 63M->0M(233M) 0.433ms
[2025-12-16T20:43:44.344+0800][0.181s][info][gc,cpu       ] GC(5) User=0.00s Sys=0.00s Real=0.00s
[2025-12-16T20:43:44.369+0800][0.205s][info][gc,start     ] GC(6) Pause Young (Allocation Failure)
[2025-12-16T20:43:44.369+0800][0.206s][info][gc,heap      ] GC(6) PSYoungGen: 63056K->32K(61952K)
[2025-12-16T20:43:44.369+0800][0.206s][info][gc,heap      ] GC(6) ParOldGen: 8K->524K(175104K)
[2025-12-16T20:43:44.369+0800][0.206s][info][gc,metaspace ] GC(6) Metaspace: 3388K(4864K)->3388K(4864K) NonClass: 3083K(4352K)->3083K(4352K) Class: 305K(512K)->305K(512K)
[2025-12-16T20:43:44.369+0800][0.206s][info][gc           ] GC(6) Pause Young (Allocation Failure) 61M->0M(231M) 0.297ms
[2025-12-16T20:43:44.369+0800][0.206s][info][gc,cpu       ] GC(6) User=0.00s Sys=0.00s Real=0.00s
[2025-12-16T20:43:44.392+0800][0.229s][info][gc,start     ] GC(7) Pause Young (Allocation Failure)
[2025-12-16T20:43:44.392+0800][0.229s][info][gc,heap      ] GC(7) PSYoungGen: 61472K->64K(60928K)
[2025-12-16T20:43:44.392+0800][0.229s][info][gc,heap      ] GC(7) ParOldGen: 524K->524K(175104K)
[2025-12-16T20:43:44.392+0800][0.229s][info][gc,metaspace ] GC(7) Metaspace: 3388K(4864K)->3388K(4864K) NonClass: 3083K(4352K)->3083K(4352K) Class: 305K(512K)->305K(512K)
[2025-12-16T20:43:44.392+0800][0.229s][info][gc           ] GC(7) Pause Young (Allocation Failure) 60M->0M(230M) 0.130ms
[2025-12-16T20:43:44.392+0800][0.229s][info][gc,cpu       ] GC(7) User=0.00s Sys=0.00s Real=0.00s
[2025-12-16T20:43:44.415+0800][0.252s][info][gc,start     ] GC(8) Pause Young (Allocation Failure)
[2025-12-16T20:43:44.415+0800][0.252s][info][gc,heap      ] GC(8) PSYoungGen: 60480K->96K(60416K)
[2025-12-16T20:43:44.415+0800][0.252s][info][gc,heap      ] GC(8) ParOldGen: 524K->524K(175104K)
[2025-12-16T20:43:44.415+0800][0.252s][info][gc,metaspace ] GC(8) Metaspace: 3388K(4864K)->3388K(4864K) NonClass: 3083K(4352K)->3083K(4352K) Class: 305K(512K)->305K(512K)
[2025-12-16T20:43:44.415+0800][0.252s][info][gc           ] GC(8) Pause Young (Allocation Failure) 59M->0M(230M) 0.099ms
[2025-12-16T20:43:44.415+0800][0.252s][info][gc,cpu       ] GC(8) User=0.00s Sys=0.00s Real=0.00s
[2025-12-16T20:43:44.438+0800][0.275s][info][gc,start     ] GC(9) Pause Young (Allocation Failure)
[2025-12-16T20:43:44.438+0800][0.275s][info][gc,heap      ] GC(9) PSYoungGen: 59488K->96K(58880K)
[2025-12-16T20:43:44.438+0800][0.275s][info][gc,heap      ] GC(9) ParOldGen: 524K->524K(175104K)
[2025-12-16T20:43:44.438+0800][0.275s][info][gc,metaspace ] GC(9) Metaspace: 3388K(4864K)->3388K(4864K) NonClass: 3083K(4352K)->3083K(4352K) Class: 305K(512K)->305K(512K)
[2025-12-16T20:43:44.438+0800][0.275s][info][gc           ] GC(9) Pause Young (Allocation Failure) 58M->0M(228M) 0.105ms
[2025-12-16T20:43:44.438+0800][0.275s][info][gc,cpu       ] GC(9) User=0.00s Sys=0.00s Real=0.00s
[2025-12-16T20:43:44.461+0800][0.297s][info][gc,start     ] GC(10) Pause Young (Allocation Failure)
[2025-12-16T20:43:44.461+0800][0.298s][info][gc,heap      ] GC(10) PSYoungGen: 58464K->96K(58368K)
[2025-12-16T20:43:44.461+0800][0.298s][info][gc,heap      ] GC(10) ParOldGen: 524K->524K(175104K)
[2025-12-16T20:43:44.461+0800][0.298s][info][gc,metaspace ] GC(10) Metaspace: 3388K(4864K)->3388K(4864K) NonClass: 3083K(4352K)->3083K(4352K) Class: 305K(512K)->305K(512K)
[2025-12-16T20:43:44.461+0800][0.298s][info][gc           ] GC(10) Pause Young (Allocation Failure) 57M->0M(228M) 0.097ms
[2025-12-16T20:43:44.461+0800][0.298s][info][gc,cpu       ] GC(10) User=0.00s Sys=0.00s Real=0.00s
[2025-12-16T20:43:44.482+0800][0.319s][info][gc,start     ] GC(11) Pause Young (Allocation Failure)
[2025-12-16T20:43:44.482+0800][0.319s][info][gc,heap      ] GC(11) PSYoungGen: 57440K->96K(56832K)
[2025-12-16T20:43:44.482+0800][0.319s][info][gc,heap      ] GC(11) ParOldGen: 524K->524K(175104K)
[2025-12-16T20:43:44.482+0800][0.319s][info][gc,metaspace ] GC(11) Metaspace: 3388K(4864K)->3388K(4864K) NonClass: 3083K(4352K)->3083K(4352K) Class: 305K(512K)->305K(512K)
[2025-12-16T20:43:44.482+0800][0.319s][info][gc           ] GC(11) Pause Young (Allocation Failure) 56M->0M(226M) 0.105ms
[2025-12-16T20:43:44.482+0800][0.319s][info][gc,cpu       ] GC(11) User=0.00s Sys=0.00s Real=0.00s
[2025-12-16T20:43:44.504+0800][0.340s][info][gc,start     ] GC(12) Pause Young (Allocation Failure)
[2025-12-16T20:43:44.504+0800][0.340s][info][gc,heap      ] GC(12) PSYoungGen: 56416K->96K(56320K)
[2025-12-16T20:43:44.504+0800][0.340s][info][gc,heap      ] GC(12) ParOldGen: 524K->524K(175104K)
[2025-12-16T20:43:44.504+0800][0.340s][info][gc,metaspace ] GC(12) Metaspace: 3388K(4864K)->3388K(4864K) NonClass: 3083K(4352K)->3083K(4352K) Class: 305K(512K)->305K(512K)
[2025-12-16T20:43:44.504+0800][0.340s][info][gc           ] GC(12) Pause Young (Allocation Failure) 55M->0M(226M) 0.079ms
[2025-12-16T20:43:44.504+0800][0.340s][info][gc,cpu       ] GC(12) User=0.00s Sys=0.00s Real=0.00s
[2025-12-16T20:43:44.524+0800][0.361s][info][gc,start     ] GC(13) Pause Young (Allocation Failure)
[2025-12-16T20:43:44.525+0800][0.361s][info][gc,heap      ] GC(13) PSYoungGen: 55392K->96K(54784K)
[2025-12-16T20:43:44.525+0800][0.361s][info][gc,heap      ] GC(13) ParOldGen: 524K->524K(175104K)
[2025-12-16T20:43:44.525+0800][0.361s][info][gc,metaspace ] GC(13) Metaspace: 3388K(4864K)->3388K(4864K) NonClass: 3083K(4352K)->3083K(4352K) Class: 305K(512K)->305K(512K)
[2025-12-16T20:43:44.525+0800][0.361s][info][gc           ] GC(13) Pause Young (Allocation Failure) 54M->0M(224M) 0.111ms
[2025-12-16T20:43:44.525+0800][0.361s][info][gc,cpu       ] GC(13) User=0.00s Sys=0.00s Real=0.00s
[2025-12-16T20:43:44.545+0800][0.382s][info][gc,start     ] GC(14) Pause Young (Allocation Failure)
[2025-12-16T20:43:44.546+0800][0.382s][info][gc,heap      ] GC(14) PSYoungGen: 54368K->96K(54272K)
[2025-12-16T20:43:44.546+0800][0.382s][info][gc,heap      ] GC(14) ParOldGen: 524K->524K(175104K)
[2025-12-16T20:43:44.546+0800][0.382s][info][gc,metaspace ] GC(14) Metaspace: 3388K(4864K)->3388K(4864K) NonClass: 3083K(4352K)->3083K(4352K) Class: 305K(512K)->305K(512K)
[2025-12-16T20:43:44.546+0800][0.382s][info][gc           ] GC(14) Pause Young (Allocation Failure) 53M->0M(224M) 0.092ms
[2025-12-16T20:43:44.546+0800][0.382s][info][gc,cpu       ] GC(14) User=0.00s Sys=0.00s Real=0.00s
[2025-12-16T20:43:44.565+0800][0.402s][info][gc,start     ] GC(15) Pause Young (Allocation Failure)
[2025-12-16T20:43:44.565+0800][0.402s][info][gc,heap      ] GC(15) PSYoungGen: 53344K->32K(52736K)
[2025-12-16T20:43:44.565+0800][0.402s][info][gc,heap      ] GC(15) ParOldGen: 524K->524K(175104K)
[2025-12-16T20:43:44.565+0800][0.402s][info][gc,metaspace ] GC(15) Metaspace: 3388K(4864K)->3388K(4864K) NonClass: 3083K(4352K)->3083K(4352K) Class: 305K(512K)->305K(512K)
[2025-12-16T20:43:44.565+0800][0.402s][info][gc           ] GC(15) Pause Young (Allocation Failure) 52M->0M(222M) 0.102ms
[2025-12-16T20:43:44.565+0800][0.402s][info][gc,cpu       ] GC(15) User=0.00s Sys=0.00s Real=0.00s
[2025-12-16T20:43:44.585+0800][0.422s][info][gc,start     ] GC(16) Pause Young (Allocation Failure)
[2025-12-16T20:43:44.585+0800][0.422s][info][gc,heap      ] GC(16) PSYoungGen: 52256K->64K(52224K)
[2025-12-16T20:43:44.585+0800][0.422s][info][gc,heap      ] GC(16) ParOldGen: 524K->524K(175104K)
[2025-12-16T20:43:44.585+0800][0.422s][info][gc,metaspace ] GC(16) Metaspace: 3388K(4864K)->3388K(4864K) NonClass: 3083K(4352K)->3083K(4352K) Class: 305K(512K)->305K(512K)
[2025-12-16T20:43:44.585+0800][0.422s][info][gc           ] GC(16) Pause Young (Allocation Failure) 51M->0M(222M) 0.104ms
[2025-12-16T20:43:44.585+0800][0.422s][info][gc,cpu       ] GC(16) User=0.00s Sys=0.00s Real=0.00s
[2025-12-16T20:43:44.605+0800][0.441s][info][gc,start     ] GC(17) Pause Young (Allocation Failure)
[2025-12-16T20:43:44.605+0800][0.441s][info][gc,heap      ] GC(17) PSYoungGen: 51264K->64K(50688K)
[2025-12-16T20:43:44.605+0800][0.441s][info][gc,heap      ] GC(17) ParOldGen: 524K->524K(175104K)
[2025-12-16T20:43:44.605+0800][0.441s][info][gc,metaspace ] GC(17) Metaspace: 3388K(4864K)->3388K(4864K) NonClass: 3083K(4352K)->3083K(4352K) Class: 305K(512K)->305K(512K)
[2025-12-16T20:43:44.605+0800][0.441s][info][gc           ] GC(17) Pause Young (Allocation Failure) 50M->0M(220M) 0.104ms
[2025-12-16T20:43:44.605+0800][0.441s][info][gc,cpu       ] GC(17) User=0.00s Sys=0.00s Real=0.00s
[2025-12-16T20:43:44.623+0800][0.460s][info][gc,start     ] GC(18) Pause Young (Allocation Failure)
[2025-12-16T20:43:44.623+0800][0.460s][info][gc,heap      ] GC(18) PSYoungGen: 50240K->32K(50176K)
[2025-12-16T20:43:44.623+0800][0.460s][info][gc,heap      ] GC(18) ParOldGen: 524K->524K(175104K)
[2025-12-16T20:43:44.623+0800][0.460s][info][gc,metaspace ] GC(18) Metaspace: 3388K(4864K)->3388K(4864K) NonClass: 3083K(4352K)->3083K(4352K) Class: 305K(512K)->305K(512K)
[2025-12-16T20:43:44.623+0800][0.460s][info][gc           ] GC(18) Pause Young (Allocation Failure) 49M->0M(220M) 0.105ms
[2025-12-16T20:43:44.623+0800][0.460s][info][gc,cpu       ] GC(18) User=0.00s Sys=0.00s Real=0.00s
[2025-12-16T20:43:44.642+0800][0.479s][info][gc,start     ] GC(19) Pause Young (Allocation Failure)
[2025-12-16T20:43:44.642+0800][0.479s][info][gc,heap      ] GC(19) PSYoungGen: 49184K->32K(48640K)
[2025-12-16T20:43:44.642+0800][0.479s][info][gc,heap      ] GC(19) ParOldGen: 524K->524K(175104K)
[2025-12-16T20:43:44.642+0800][0.479s][info][gc,metaspace ] GC(19) Metaspace: 3388K(4864K)->3388K(4864K) NonClass: 3083K(4352K)->3083K(4352K) Class: 305K(512K)->305K(512K)
[2025-12-16T20:43:44.642+0800][0.479s][info][gc           ] GC(19) Pause Young (Allocation Failure) 48M->0M(218M) 0.112ms
[2025-12-16T20:43:44.642+0800][0.479s][info][gc,cpu       ] GC(19) User=0.00s Sys=0.00s Real=0.00s
[2025-12-16T20:43:44.661+0800][0.497s][info][gc,start     ] GC(20) Pause Young (Allocation Failure)
[2025-12-16T20:43:44.661+0800][0.497s][info][gc,heap      ] GC(20) PSYoungGen: 48160K->64K(48640K)
[2025-12-16T20:43:44.661+0800][0.497s][info][gc,heap      ] GC(20) ParOldGen: 524K->524K(175104K)
[2025-12-16T20:43:44.661+0800][0.497s][info][gc,metaspace ] GC(20) Metaspace: 3388K(4864K)->3388K(4864K) NonClass: 3083K(4352K)->3083K(4352K) Class: 305K(512K)->305K(512K)
[2025-12-16T20:43:44.661+0800][0.497s][info][gc           ] GC(20) Pause Young (Allocation Failure) 47M->0M(218M) 0.094ms
[2025-12-16T20:43:44.661+0800][0.497s][info][gc,cpu       ] GC(20) User=0.00s Sys=0.00s Real=0.00s
[2025-12-16T20:43:44.679+0800][0.515s][info][gc,start     ] GC(21) Pause Young (Allocation Failure)
[2025-12-16T20:43:44.679+0800][0.515s][info][gc,heap      ] GC(21) PSYoungGen: 47680K->96K(47616K)
[2025-12-16T20:43:44.679+0800][0.515s][info][gc,heap      ] GC(21) ParOldGen: 524K->524K(175104K)
[2025-12-16T20:43:44.679+0800][0.515s][info][gc,metaspace ] GC(21) Metaspace: 3388K(4864K)->3388K(4864K) NonClass: 3083K(4352K)->3083K(4352K) Class: 305K(512K)->305K(512K)
[2025-12-16T20:43:44.679+0800][0.515s][info][gc           ] GC(21) Pause Young (Allocation Failure) 47M->0M(217M) 0.100ms
[2025-12-16T20:43:44.679+0800][0.515s][info][gc,cpu       ] GC(21) User=0.00s Sys=0.00s Real=0.00s
[2025-12-16T20:43:44.696+0800][0.533s][info][gc,start     ] GC(22) Pause Young (Allocation Failure)
[2025-12-16T20:43:44.696+0800][0.533s][info][gc,heap      ] GC(22) PSYoungGen: 47200K->96K(47616K)
[2025-12-16T20:43:44.696+0800][0.533s][info][gc,heap      ] GC(22) ParOldGen: 524K->524K(175104K)
[2025-12-16T20:43:44.696+0800][0.533s][info][gc,metaspace ] GC(22) Metaspace: 3388K(4864K)->3388K(4864K) NonClass: 3083K(4352K)->3083K(4352K) Class: 305K(512K)->305K(512K)
[2025-12-16T20:43:44.696+0800][0.533s][info][gc           ] GC(22) Pause Young (Allocation Failure) 46M->0M(217M) 0.095ms
[2025-12-16T20:43:44.696+0800][0.533s][info][gc,cpu       ] GC(22) User=0.00s Sys=0.00s Real=0.00s
[2025-12-16T20:43:44.713+0800][0.550s][info][gc,start     ] GC(23) Pause Young (Allocation Failure)
[2025-12-16T20:43:44.713+0800][0.550s][info][gc,heap      ] GC(23) PSYoungGen: 46688K->96K(46592K)
[2025-12-16T20:43:44.713+0800][0.550s][info][gc,heap      ] GC(23) ParOldGen: 524K->524K(175104K)
[2025-12-16T20:43:44.713+0800][0.550s][info][gc,metaspace ] GC(23) Metaspace: 3388K(4864K)->3388K(4864K) NonClass: 3083K(4352K)->3083K(4352K) Class: 305K(512K)->305K(512K)
[2025-12-16T20:43:44.713+0800][0.550s][info][gc           ] GC(23) Pause Young (Allocation Failure) 46M->0M(216M) 0.101ms
[2025-12-16T20:43:44.713+0800][0.550s][info][gc,cpu       ] GC(23) User=0.00s Sys=0.00s Real=0.00s
[2025-12-16T20:43:44.731+0800][0.567s][info][gc,start     ] GC(24) Pause Young (Allocation Failure)
[2025-12-16T20:43:44.731+0800][0.568s][info][gc,heap      ] GC(24) PSYoungGen: 46176K->128K(46592K)
[2025-12-16T20:43:44.731+0800][0.568s][info][gc,heap      ] GC(24) ParOldGen: 524K->524K(175104K)
[2025-12-16T20:43:44.731+0800][0.568s][info][gc,metaspace ] GC(24) Metaspace: 3388K(4864K)->3388K(4864K) NonClass: 3083K(4352K)->3083K(4352K) Class: 305K(512K)->305K(512K)
[2025-12-16T20:43:44.731+0800][0.568s][info][gc           ] GC(24) Pause Young (Allocation Failure) 45M->0M(216M) 0.096ms
[2025-12-16T20:43:44.731+0800][0.568s][info][gc,cpu       ] GC(24) User=0.00s Sys=0.00s Real=0.00s
[2025-12-16T20:43:44.748+0800][0.584s][info][gc,start     ] GC(25) Pause Young (Allocation Failure)
[2025-12-16T20:43:44.748+0800][0.585s][info][gc,heap      ] GC(25) PSYoungGen: 45696K->96K(45568K)
[2025-12-16T20:43:44.748+0800][0.585s][info][gc,heap      ] GC(25) ParOldGen: 524K->524K(175104K)
[2025-12-16T20:43:44.748+0800][0.585s][info][gc,metaspace ] GC(25) Metaspace: 3388K(4864K)->3388K(4864K) NonClass: 3083K(4352K)->3083K(4352K) Class: 305K(512K)->305K(512K)
[2025-12-16T20:43:44.748+0800][0.585s][info][gc           ] GC(25) Pause Young (Allocation Failure) 45M->0M(215M) 0.086ms
[2025-12-16T20:43:44.748+0800][0.585s][info][gc,cpu       ] GC(25) User=0.00s Sys=0.00s Real=0.00s
[2025-12-16T20:43:44.765+0800][0.602s][info][gc,start     ] GC(26) Pause Young (Allocation Failure)
[2025-12-16T20:43:44.765+0800][0.602s][info][gc,heap      ] GC(26) PSYoungGen: 45152K->96K(45056K)
[2025-12-16T20:43:44.765+0800][0.602s][info][gc,heap      ] GC(26) ParOldGen: 524K->524K(175104K)
[2025-12-16T20:43:44.765+0800][0.602s][info][gc,metaspace ] GC(26) Metaspace: 3388K(4864K)->3388K(4864K) NonClass: 3083K(4352K)->3083K(4352K) Class: 305K(512K)->305K(512K)
[2025-12-16T20:43:44.765+0800][0.602s][info][gc           ] GC(26) Pause Young (Allocation Failure) 44M->0M(215M) 0.088ms
[2025-12-16T20:43:44.765+0800][0.602s][info][gc,cpu       ] GC(26) User=0.00s Sys=0.00s Real=0.00s
[2025-12-16T20:43:44.783+0800][0.619s][info][gc,start     ] GC(27) Pause Young (Allocation Failure)
[2025-12-16T20:43:44.783+0800][0.619s][info][gc,heap      ] GC(27) PSYoungGen: 44640K->64K(44544K)
[2025-12-16T20:43:44.783+0800][0.619s][info][gc,heap      ] GC(27) ParOldGen: 524K->524K(175104K)
[2025-12-16T20:43:44.783+0800][0.619s][info][gc,metaspace ] GC(27) Metaspace: 3388K(4864K)->3388K(4864K) NonClass: 3083K(4352K)->3083K(4352K) Class: 305K(512K)->305K(512K)
[2025-12-16T20:43:44.783+0800][0.619s][info][gc           ] GC(27) Pause Young (Allocation Failure) 44M->0M(214M) 0.089ms
[2025-12-16T20:43:44.783+0800][0.619s][info][gc,cpu       ] GC(27) User=0.00s Sys=0.00s Real=0.00s
[2025-12-16T20:43:44.800+0800][0.636s][info][gc,start     ] GC(28) Pause Young (Allocation Failure)
[2025-12-16T20:43:44.800+0800][0.636s][info][gc,heap      ] GC(28) PSYoungGen: 44096K->96K(44032K)
[2025-12-16T20:43:44.800+0800][0.636s][info][gc,heap      ] GC(28) ParOldGen: 524K->524K(175104K)
[2025-12-16T20:43:44.800+0800][0.636s][info][gc,metaspace ] GC(28) Metaspace: 3388K(4864K)->3388K(4864K) NonClass: 3083K(4352K)->3083K(4352K) Class: 305K(512K)->305K(512K)
[2025-12-16T20:43:44.800+0800][0.636s][info][gc           ] GC(28) Pause Young (Allocation Failure) 43M->0M(214M) 0.099ms
[2025-12-16T20:43:44.800+0800][0.636s][info][gc,cpu       ] GC(28) User=0.00s Sys=0.00s Real=0.00s
[2025-12-16T20:43:44.817+0800][0.653s][info][gc,start     ] GC(29) Pause Young (Allocation Failure)
[2025-12-16T20:43:44.817+0800][0.653s][info][gc,heap      ] GC(29) PSYoungGen: 43616K->32K(43520K)
[2025-12-16T20:43:44.817+0800][0.653s][info][gc,heap      ] GC(29) ParOldGen: 524K->524K(175104K)
[2025-12-16T20:43:44.817+0800][0.653s][info][gc,metaspace ] GC(29) Metaspace: 3388K(4864K)->3388K(4864K) NonClass: 3083K(4352K)->3083K(4352K) Class: 305K(512K)->305K(512K)
[2025-12-16T20:43:44.817+0800][0.653s][info][gc           ] GC(29) Pause Young (Allocation Failure) 43M->0M(213M) 0.099ms
[2025-12-16T20:43:44.817+0800][0.653s][info][gc,cpu       ] GC(29) User=0.00s Sys=0.00s Real=0.00s
[2025-12-16T20:43:44.833+0800][0.670s][info][gc,start     ] GC(30) Pause Young (Allocation Failure)
[2025-12-16T20:43:44.833+0800][0.670s][info][gc,heap      ] GC(30) PSYoungGen: 43040K->64K(43008K)
[2025-12-16T20:43:44.833+0800][0.670s][info][gc,heap      ] GC(30) ParOldGen: 524K->524K(175104K)
[2025-12-16T20:43:44.833+0800][0.670s][info][gc,metaspace ] GC(30) Metaspace: 3388K(4864K)->3388K(4864K) NonClass: 3083K(4352K)->3083K(4352K) Class: 305K(512K)->305K(512K)
[2025-12-16T20:43:44.833+0800][0.670s][info][gc           ] GC(30) Pause Young (Allocation Failure) 42M->0M(213M) 0.083ms
[2025-12-16T20:43:44.833+0800][0.670s][info][gc,cpu       ] GC(30) User=0.00s Sys=0.00s Real=0.00s
[2025-12-16T20:43:44.850+0800][0.686s][info][gc,start     ] GC(31) Pause Young (Allocation Failure)
[2025-12-16T20:43:44.850+0800][0.686s][info][gc,heap      ] GC(31) PSYoungGen: 42560K->64K(42496K)
[2025-12-16T20:43:44.850+0800][0.686s][info][gc,heap      ] GC(31) ParOldGen: 524K->524K(175104K)
[2025-12-16T20:43:44.850+0800][0.686s][info][gc,metaspace ] GC(31) Metaspace: 3388K(4864K)->3388K(4864K) NonClass: 3083K(4352K)->3083K(4352K) Class: 305K(512K)->305K(512K)
[2025-12-16T20:43:44.850+0800][0.686s][info][gc           ] GC(31) Pause Young (Allocation Failure) 42M->0M(212M) 0.107ms
[2025-12-16T20:43:44.850+0800][0.686s][info][gc,cpu       ] GC(31) User=0.00s Sys=0.00s Real=0.00s
[2025-12-16T20:43:44.865+0800][0.702s][info][gc,start     ] GC(32) Pause Young (Allocation Failure)
[2025-12-16T20:43:44.866+0800][0.702s][info][gc,heap      ] GC(32) PSYoungGen: 42048K->64K(41984K)
[2025-12-16T20:43:44.866+0800][0.702s][info][gc,heap      ] GC(32) ParOldGen: 524K->524K(175104K)
[2025-12-16T20:43:44.866+0800][0.702s][info][gc,metaspace ] GC(32) Metaspace: 3388K(4864K)->3388K(4864K) NonClass: 3083K(4352K)->3083K(4352K) Class: 305K(512K)->305K(512K)
[2025-12-16T20:43:44.866+0800][0.702s][info][gc           ] GC(32) Pause Young (Allocation Failure) 41M->0M(212M) 0.098ms
[2025-12-16T20:43:44.866+0800][0.702s][info][gc,cpu       ] GC(32) User=0.00s Sys=0.00s Real=0.00s
[2025-12-16T20:43:44.882+0800][0.718s][info][gc,start     ] GC(33) Pause Young (Allocation Failure)
[2025-12-16T20:43:44.882+0800][0.718s][info][gc,heap      ] GC(33) PSYoungGen: 41536K->64K(41472K)
[2025-12-16T20:43:44.882+0800][0.718s][info][gc,heap      ] GC(33) ParOldGen: 524K->524K(175104K)
[2025-12-16T20:43:44.882+0800][0.718s][info][gc,metaspace ] GC(33) Metaspace: 3388K(4864K)->3388K(4864K) NonClass: 3083K(4352K)->3083K(4352K) Class: 305K(512K)->305K(512K)
[2025-12-16T20:43:44.882+0800][0.718s][info][gc           ] GC(33) Pause Young (Allocation Failure) 41M->0M(211M) 0.087ms
[2025-12-16T20:43:44.882+0800][0.718s][info][gc,cpu       ] GC(33) User=0.00s Sys=0.00s Real=0.00s
[2025-12-16T20:43:44.898+0800][0.734s][info][gc,start     ] GC(34) Pause Young (Allocation Failure)
[2025-12-16T20:43:44.898+0800][0.734s][info][gc,heap      ] GC(34) PSYoungGen: 41024K->32K(40960K)
[2025-12-16T20:43:44.898+0800][0.734s][info][gc,heap      ] GC(34) ParOldGen: 524K->524K(175104K)
[2025-12-16T20:43:44.898+0800][0.734s][info][gc,metaspace ] GC(34) Metaspace: 3388K(4864K)->3388K(4864K) NonClass: 3083K(4352K)->3083K(4352K) Class: 305K(512K)->305K(512K)
[2025-12-16T20:43:44.898+0800][0.734s][info][gc           ] GC(34) Pause Young (Allocation Failure) 40M->0M(211M) 0.107ms
[2025-12-16T20:43:44.898+0800][0.734s][info][gc,cpu       ] GC(34) User=0.00s Sys=0.00s Real=0.00s
[2025-12-16T20:43:44.913+0800][0.750s][info][gc,start     ] GC(35) Pause Young (Allocation Failure)
[2025-12-16T20:43:44.913+0800][0.750s][info][gc,heap      ] GC(35) PSYoungGen: 40480K->32K(40448K)
[2025-12-16T20:43:44.913+0800][0.750s][info][gc,heap      ] GC(35) ParOldGen: 524K->524K(175104K)
[2025-12-16T20:43:44.913+0800][0.750s][info][gc,metaspace ] GC(35) Metaspace: 3388K(4864K)->3388K(4864K) NonClass: 3083K(4352K)->3083K(4352K) Class: 305K(512K)->305K(512K)
[2025-12-16T20:43:44.913+0800][0.750s][info][gc           ] GC(35) Pause Young (Allocation Failure) 40M->0M(210M) 0.106ms
[2025-12-16T20:43:44.913+0800][0.750s][info][gc,cpu       ] GC(35) User=0.00s Sys=0.00s Real=0.00s
[2025-12-16T20:43:44.928+0800][0.765s][info][gc,start     ] GC(36) Pause Young (Allocation Failure)
[2025-12-16T20:43:44.928+0800][0.765s][info][gc,heap      ] GC(36) PSYoungGen: 39968K->32K(39936K)
[2025-12-16T20:43:44.928+0800][0.765s][info][gc,heap      ] GC(36) ParOldGen: 524K->524K(175104K)
[2025-12-16T20:43:44.928+0800][0.765s][info][gc,metaspace ] GC(36) Metaspace: 3388K(4864K)->3388K(4864K) NonClass: 3083K(4352K)->3083K(4352K) Class: 305K(512K)->305K(512K)
[2025-12-16T20:43:44.928+0800][0.765s][info][gc           ] GC(36) Pause Young (Allocation Failure) 39M->0M(210M) 0.096ms
[2025-12-16T20:43:44.928+0800][0.765s][info][gc,cpu       ] GC(36) User=0.00s Sys=0.00s Real=0.00s
[2025-12-16T20:43:44.943+0800][0.780s][info][gc,start     ] GC(37) Pause Young (Allocation Failure)
[2025-12-16T20:43:44.943+0800][0.780s][info][gc,heap      ] GC(37) PSYoungGen: 39456K->64K(39424K)
[2025-12-16T20:43:44.943+0800][0.780s][info][gc,heap      ] GC(37) ParOldGen: 524K->524K(175104K)
[2025-12-16T20:43:44.943+0800][0.780s][info][gc,metaspace ] GC(37) Metaspace: 3388K(4864K)->3388K(4864K) NonClass: 3083K(4352K)->3083K(4352K) Class: 305K(512K)->305K(512K)
[2025-12-16T20:43:44.943+0800][0.780s][info][gc           ] GC(37) Pause Young (Allocation Failure) 39M->0M(209M) 0.098ms
[2025-12-16T20:43:44.943+0800][0.780s][info][gc,cpu       ] GC(37) User=0.00s Sys=0.00s Real=0.00s
[2025-12-16T20:43:44.957+0800][0.794s][info][gc,start     ] GC(38) Pause Young (Allocation Failure)
[2025-12-16T20:43:44.958+0800][0.794s][info][gc,heap      ] GC(38) PSYoungGen: 38976K->32K(38912K)
[2025-12-16T20:43:44.958+0800][0.794s][info][gc,heap      ] GC(38) ParOldGen: 524K->524K(175104K)
[2025-12-16T20:43:44.958+0800][0.794s][info][gc,metaspace ] GC(38) Metaspace: 3388K(4864K)->3388K(4864K) NonClass: 3083K(4352K)->3083K(4352K) Class: 305K(512K)->305K(512K)
[2025-12-16T20:43:44.958+0800][0.794s][info][gc           ] GC(38) Pause Young (Allocation Failure) 38M->0M(209M) 0.091ms
[2025-12-16T20:43:44.958+0800][0.794s][info][gc,cpu       ] GC(38) User=0.00s Sys=0.00s Real=0.00s
[2025-12-16T20:43:44.972+0800][0.809s][info][gc,start     ] GC(39) Pause Young (Allocation Failure)
[2025-12-16T20:43:44.972+0800][0.809s][info][gc,heap      ] GC(39) PSYoungGen: 38432K->64K(38400K)
[2025-12-16T20:43:44.972+0800][0.809s][info][gc,heap      ] GC(39) ParOldGen: 524K->524K(175104K)
[2025-12-16T20:43:44.972+0800][0.809s][info][gc,metaspace ] GC(39) Metaspace: 3388K(4864K)->3388K(4864K) NonClass: 3083K(4352K)->3083K(4352K) Class: 305K(512K)->305K(512K)
[2025-12-16T20:43:44.972+0800][0.809s][info][gc           ] GC(39) Pause Young (Allocation Failure) 38M->0M(208M) 0.109ms
[2025-12-16T20:43:44.972+0800][0.809s][info][gc,cpu       ] GC(39) User=0.00s Sys=0.00s Real=0.00s
[2025-12-16T20:43:44.987+0800][0.823s][info][gc,start     ] GC(40) Pause Young (Allocation Failure)
[2025-12-16T20:43:44.987+0800][0.823s][info][gc,heap      ] GC(40) PSYoungGen: 37952K->64K(37888K)
[2025-12-16T20:43:44.987+0800][0.823s][info][gc,heap      ] GC(40) ParOldGen: 524K->524K(175104K)
[2025-12-16T20:43:44.987+0800][0.823s][info][gc,metaspace ] GC(40) Metaspace: 3388K(4864K)->3388K(4864K) NonClass: 3083K(4352K)->3083K(4352K) Class: 305K(512K)->305K(512K)
[2025-12-16T20:43:44.987+0800][0.823s][info][gc           ] GC(40) Pause Young (Allocation Failure) 37M->0M(208M) 0.094ms
[2025-12-16T20:43:44.987+0800][0.823s][info][gc,cpu       ] GC(40) User=0.00s Sys=0.00s Real=0.00s
[2025-12-16T20:43:45.000+0800][0.837s][info][gc,start     ] GC(41) Pause Young (Allocation Failure)
[2025-12-16T20:43:45.000+0800][0.837s][info][gc,heap      ] GC(41) PSYoungGen: 37440K->32K(37376K)
[2025-12-16T20:43:45.000+0800][0.837s][info][gc,heap      ] GC(41) ParOldGen: 524K->524K(175104K)
[2025-12-16T20:43:45.000+0800][0.837s][info][gc,metaspace ] GC(41) Metaspace: 3388K(4864K)->3388K(4864K) NonClass: 3083K(4352K)->3083K(4352K) Class: 305K(512K)->305K(512K)
[2025-12-16T20:43:45.000+0800][0.837s][info][gc           ] GC(41) Pause Young (Allocation Failure) 37M->0M(207M) 0.111ms
[2025-12-16T20:43:45.000+0800][0.837s][info][gc,cpu       ] GC(41) User=0.00s Sys=0.00s Real=0.00s
[2025-12-16T20:43:45.014+0800][0.851s][info][gc,start     ] GC(42) Pause Young (Allocation Failure)
[2025-12-16T20:43:45.014+0800][0.851s][info][gc,heap      ] GC(42) PSYoungGen: 36896K->64K(36864K)
[2025-12-16T20:43:45.014+0800][0.851s][info][gc,heap      ] GC(42) ParOldGen: 524K->524K(175104K)
[2025-12-16T20:43:45.014+0800][0.851s][info][gc,metaspace ] GC(42) Metaspace: 3388K(4864K)->3388K(4864K) NonClass: 3083K(4352K)->3083K(4352K) Class: 305K(512K)->305K(512K)
[2025-12-16T20:43:45.014+0800][0.851s][info][gc           ] GC(42) Pause Young (Allocation Failure) 36M->0M(207M) 0.067ms
[2025-12-16T20:43:45.014+0800][0.851s][info][gc,cpu       ] GC(42) User=0.00s Sys=0.00s Real=0.00s
[2025-12-16T20:43:45.028+0800][0.865s][info][gc,start     ] GC(43) Pause Young (Allocation Failure)
[2025-12-16T20:43:45.028+0800][0.865s][info][gc,heap      ] GC(43) PSYoungGen: 36416K->64K(36352K)
[2025-12-16T20:43:45.028+0800][0.865s][info][gc,heap      ] GC(43) ParOldGen: 524K->524K(175104K)
[2025-12-16T20:43:45.028+0800][0.865s][info][gc,metaspace ] GC(43) Metaspace: 3388K(4864K)->3388K(4864K) NonClass: 3083K(4352K)->3083K(4352K) Class: 305K(512K)->305K(512K)
[2025-12-16T20:43:45.028+0800][0.865s][info][gc           ] GC(43) Pause Young (Allocation Failure) 36M->0M(206M) 0.067ms
[2025-12-16T20:43:45.028+0800][0.865s][info][gc,cpu       ] GC(43) User=0.00s Sys=0.00s Real=0.00s
[2025-12-16T20:43:45.042+0800][0.879s][info][gc,start     ] GC(44) Pause Young (Allocation Failure)
[2025-12-16T20:43:45.042+0800][0.879s][info][gc,heap      ] GC(44) PSYoungGen: 35904K->64K(35840K)
[2025-12-16T20:43:45.042+0800][0.879s][info][gc,heap      ] GC(44) ParOldGen: 524K->524K(175104K)
[2025-12-16T20:43:45.042+0800][0.879s][info][gc,metaspace ] GC(44) Metaspace: 3388K(4864K)->3388K(4864K) NonClass: 3083K(4352K)->3083K(4352K) Class: 305K(512K)->305K(512K)
[2025-12-16T20:43:45.042+0800][0.879s][info][gc           ] GC(44) Pause Young (Allocation Failure) 35M->0M(206M) 0.092ms
[2025-12-16T20:43:45.042+0800][0.879s][info][gc,cpu       ] GC(44) User=0.00s Sys=0.00s Real=0.00s
[2025-12-16T20:43:45.056+0800][0.893s][info][gc,start     ] GC(45) Pause Young (Allocation Failure)
[2025-12-16T20:43:45.056+0800][0.893s][info][gc,heap      ] GC(45) PSYoungGen: 35392K->64K(35328K)
[2025-12-16T20:43:45.056+0800][0.893s][info][gc,heap      ] GC(45) ParOldGen: 524K->524K(175104K)
[2025-12-16T20:43:45.056+0800][0.893s][info][gc,metaspace ] GC(45) Metaspace: 3388K(4864K)->3388K(4864K) NonClass: 3083K(4352K)->3083K(4352K) Class: 305K(512K)->305K(512K)
[2025-12-16T20:43:45.056+0800][0.893s][info][gc           ] GC(45) Pause Young (Allocation Failure) 35M->0M(205M) 0.063ms
[2025-12-16T20:43:45.056+0800][0.893s][info][gc,cpu       ] GC(45) User=0.00s Sys=0.00s Real=0.00s
[2025-12-16T20:43:45.069+0800][0.905s][info][gc,start     ] GC(46) Pause Young (Allocation Failure)
[2025-12-16T20:43:45.069+0800][0.905s][info][gc,heap      ] GC(46) PSYoungGen: 34880K->32K(34816K)
[2025-12-16T20:43:45.069+0800][0.905s][info][gc,heap      ] GC(46) ParOldGen: 524K->524K(175104K)
[2025-12-16T20:43:45.069+0800][0.905s][info][gc,metaspace ] GC(46) Metaspace: 3388K(4864K)->3388K(4864K) NonClass: 3083K(4352K)->3083K(4352K) Class: 305K(512K)->305K(512K)
[2025-12-16T20:43:45.069+0800][0.905s][info][gc           ] GC(46) Pause Young (Allocation Failure) 34M->0M(205M) 0.057ms
[2025-12-16T20:43:45.069+0800][0.905s][info][gc,cpu       ] GC(46) User=0.00s Sys=0.00s Real=0.00s
[2025-12-16T20:43:45.082+0800][0.918s][info][gc,start     ] GC(47) Pause Young (Allocation Failure)
[2025-12-16T20:43:45.082+0800][0.918s][info][gc,heap      ] GC(47) PSYoungGen: 34336K->64K(34304K)
[2025-12-16T20:43:45.082+0800][0.918s][info][gc,heap      ] GC(47) ParOldGen: 524K->524K(175104K)
[2025-12-16T20:43:45.082+0800][0.918s][info][gc,metaspace ] GC(47) Metaspace: 3388K(4864K)->3388K(4864K) NonClass: 3083K(4352K)->3083K(4352K) Class: 305K(512K)->305K(512K)
[2025-12-16T20:43:45.082+0800][0.918s][info][gc           ] GC(47) Pause Young (Allocation Failure) 34M->0M(204M) 0.071ms
[2025-12-16T20:43:45.082+0800][0.918s][info][gc,cpu       ] GC(47) User=0.00s Sys=0.00s Real=0.00s
[2025-12-16T20:43:45.095+0800][0.931s][info][gc,start     ] GC(48) Pause Young (Allocation Failure)
[2025-12-16T20:43:45.095+0800][0.931s][info][gc,heap      ] GC(48) PSYoungGen: 33856K->64K(33792K)
[2025-12-16T20:43:45.095+0800][0.931s][info][gc,heap      ] GC(48) ParOldGen: 524K->524K(175104K)
[2025-12-16T20:43:45.095+0800][0.931s][info][gc,metaspace ] GC(48) Metaspace: 3388K(4864K)->3388K(4864K) NonClass: 3083K(4352K)->3083K(4352K) Class: 305K(512K)->305K(512K)
[2025-12-16T20:43:45.095+0800][0.931s][info][gc           ] GC(48) Pause Young (Allocation Failure) 33M->0M(204M) 0.063ms
[2025-12-16T20:43:45.095+0800][0.931s][info][gc,cpu       ] GC(48) User=0.00s Sys=0.00s Real=0.00s
[2025-12-16T20:43:45.107+0800][0.944s][info][gc,start     ] GC(49) Pause Young (Allocation Failure)
[2025-12-16T20:43:45.107+0800][0.944s][info][gc,heap      ] GC(49) PSYoungGen: 33344K->64K(33280K)
[2025-12-16T20:43:45.107+0800][0.944s][info][gc,heap      ] GC(49) ParOldGen: 524K->524K(175104K)
[2025-12-16T20:43:45.107+0800][0.944s][info][gc,metaspace ] GC(49) Metaspace: 3388K(4864K)->3388K(4864K) NonClass: 3083K(4352K)->3083K(4352K) Class: 305K(512K)->305K(512K)
[2025-12-16T20:43:45.107+0800][0.944s][info][gc           ] GC(49) Pause Young (Allocation Failure) 33M->0M(203M) 0.061ms
[2025-12-16T20:43:45.107+0800][0.944s][info][gc,cpu       ] GC(49) User=0.00s Sys=0.00s Real=0.00s
[2025-12-16T20:43:45.120+0800][0.956s][info][gc,start     ] GC(50) Pause Young (Allocation Failure)
[2025-12-16T20:43:45.120+0800][0.956s][info][gc,heap      ] GC(50) PSYoungGen: 32832K->64K(32768K)
[2025-12-16T20:43:45.120+0800][0.956s][info][gc,heap      ] GC(50) ParOldGen: 524K->524K(175104K)
[2025-12-16T20:43:45.120+0800][0.956s][info][gc,metaspace ] GC(50) Metaspace: 3388K(4864K)->3388K(4864K) NonClass: 3083K(4352K)->3083K(4352K) Class: 305K(512K)->305K(512K)
[2025-12-16T20:43:45.120+0800][0.956s][info][gc           ] GC(50) Pause Young (Allocation Failure) 32M->0M(203M) 0.058ms
[2025-12-16T20:43:45.120+0800][0.956s][info][gc,cpu       ] GC(50) User=0.00s Sys=0.00s Real=0.00s
[2025-12-16T20:43:45.132+0800][0.968s][info][gc,start     ] GC(51) Pause Young (Allocation Failure)
[2025-12-16T20:43:45.132+0800][0.968s][info][gc,heap      ] GC(51) PSYoungGen: 32320K->64K(32256K)
[2025-12-16T20:43:45.132+0800][0.968s][info][gc,heap      ] GC(51) ParOldGen: 524K->524K(175104K)
[2025-12-16T20:43:45.132+0800][0.968s][info][gc,metaspace ] GC(51) Metaspace: 3388K(4864K)->3388K(4864K) NonClass: 3083K(4352K)->3083K(4352K) Class: 305K(512K)->305K(512K)
[2025-12-16T20:43:45.132+0800][0.968s][info][gc           ] GC(51) Pause Young (Allocation Failure) 32M->0M(202M) 0.068ms
[2025-12-16T20:43:45.132+0800][0.968s][info][gc,cpu       ] GC(51) User=0.00s Sys=0.00s Real=0.00s
[2025-12-16T20:43:45.144+0800][0.980s][info][gc,start     ] GC(52) Pause Young (Allocation Failure)
[2025-12-16T20:43:45.144+0800][0.980s][info][gc,heap      ] GC(52) PSYoungGen: 31808K->64K(31744K)
[2025-12-16T20:43:45.144+0800][0.980s][info][gc,heap      ] GC(52) ParOldGen: 524K->524K(175104K)
[2025-12-16T20:43:45.144+0800][0.980s][info][gc,metaspace ] GC(52) Metaspace: 3388K(4864K)->3388K(4864K) NonClass: 3083K(4352K)->3083K(4352K) Class: 305K(512K)->305K(512K)
[2025-12-16T20:43:45.144+0800][0.980s][info][gc           ] GC(52) Pause Young (Allocation Failure) 31M->0M(202M) 0.062ms
[2025-12-16T20:43:45.144+0800][0.980s][info][gc,cpu       ] GC(52) User=0.00s Sys=0.00s Real=0.00s
[2025-12-16T20:43:45.156+0800][0.992s][info][gc,start     ] GC(53) Pause Young (Allocation Failure)
[2025-12-16T20:43:45.156+0800][0.992s][info][gc,heap      ] GC(53) PSYoungGen: 31296K->64K(31744K)
[2025-12-16T20:43:45.156+0800][0.992s][info][gc,heap      ] GC(53) ParOldGen: 524K->524K(175104K)
[2025-12-16T20:43:45.156+0800][0.992s][info][gc,metaspace ] GC(53) Metaspace: 3388K(4864K)->3388K(4864K) NonClass: 3083K(4352K)->3083K(4352K) Class: 305K(512K)->305K(512K)
[2025-12-16T20:43:45.156+0800][0.992s][info][gc           ] GC(53) Pause Young (Allocation Failure) 31M->0M(202M) 0.051ms
[2025-12-16T20:43:45.156+0800][0.992s][info][gc,cpu       ] GC(53) User=0.00s Sys=0.00s Real=0.00s
[2025-12-16T20:43:45.167+0800][1.004s][info][gc,start     ] GC(54) Pause Young (Allocation Failure)
[2025-12-16T20:43:45.168+0800][1.004s][info][gc,heap      ] GC(54) PSYoungGen: 31296K->64K(31744K)
[2025-12-16T20:43:45.168+0800][1.004s][info][gc,heap      ] GC(54) ParOldGen: 524K->524K(175104K)
[2025-12-16T20:43:45.168+0800][1.004s][info][gc,metaspace ] GC(54) Metaspace: 3388K(4864K)->3388K(4864K) NonClass: 3083K(4352K)->3083K(4352K) Class: 305K(512K)->305K(512K)
[2025-12-16T20:43:45.168+0800][1.004s][info][gc           ] GC(54) Pause Young (Allocation Failure) 31M->0M(202M) 0.063ms
[2025-12-16T20:43:45.168+0800][1.004s][info][gc,cpu       ] GC(54) User=0.00s Sys=0.00s Real=0.00s
[2025-12-16T20:43:45.179+0800][1.016s][info][gc,start     ] GC(55) Pause Young (Allocation Failure)
[2025-12-16T20:43:45.179+0800][1.016s][info][gc,heap      ] GC(55) PSYoungGen: 31296K->64K(31744K)
[2025-12-16T20:43:45.179+0800][1.016s][info][gc,heap      ] GC(55) ParOldGen: 524K->524K(175104K)
[2025-12-16T20:43:45.179+0800][1.016s][info][gc,metaspace ] GC(55) Metaspace: 3388K(4864K)->3388K(4864K) NonClass: 3083K(4352K)->3083K(4352K) Class: 305K(512K)->305K(512K)
[2025-12-16T20:43:45.179+0800][1.016s][info][gc           ] GC(55) Pause Young (Allocation Failure) 31M->0M(202M) 0.066ms
[2025-12-16T20:43:45.179+0800][1.016s][info][gc,cpu       ] GC(55) User=0.00s Sys=0.00s Real=0.00s
[2025-12-16T20:43:45.191+0800][1.027s][info][gc,start     ] GC(56) Pause Young (Allocation Failure)
[2025-12-16T20:43:45.191+0800][1.027s][info][gc,heap      ] GC(56) PSYoungGen: 31296K->64K(31744K)
[2025-12-16T20:43:45.191+0800][1.027s][info][gc,heap      ] GC(56) ParOldGen: 524K->524K(175104K)
[2025-12-16T20:43:45.191+0800][1.027s][info][gc,metaspace ] GC(56) Metaspace: 3388K(4864K)->3388K(4864K) NonClass: 3083K(4352K)->3083K(4352K) Class: 305K(512K)->305K(512K)
[2025-12-16T20:43:45.191+0800][1.027s][info][gc           ] GC(56) Pause Young (Allocation Failure) 31M->0M(202M) 0.060ms
[2025-12-16T20:43:45.191+0800][1.027s][info][gc,cpu       ] GC(56) User=0.00s Sys=0.00s Real=0.00s
[2025-12-16T20:43:45.203+0800][1.040s][info][gc,start     ] GC(57) Pause Young (Allocation Failure)
[2025-12-16T20:43:45.203+0800][1.040s][info][gc,heap      ] GC(57) PSYoungGen: 31296K->64K(31744K)
[2025-12-16T20:43:45.203+0800][1.040s][info][gc,heap      ] GC(57) ParOldGen: 524K->524K(175104K)
[2025-12-16T20:43:45.203+0800][1.040s][info][gc,metaspace ] GC(57) Metaspace: 3388K(4864K)->3388K(4864K) NonClass: 3083K(4352K)->3083K(4352K) Class: 305K(512K)->305K(512K)
[2025-12-16T20:43:45.203+0800][1.040s][info][gc           ] GC(57) Pause Young (Allocation Failure) 31M->0M(202M) 0.054ms
[2025-12-16T20:43:45.203+0800][1.040s][info][gc,cpu       ] GC(57) User=0.00s Sys=0.00s Real=0.00s
[2025-12-16T20:43:45.215+0800][1.051s][info][gc,start     ] GC(58) Pause Young (Allocation Failure)
[2025-12-16T20:43:45.215+0800][1.051s][info][gc,heap      ] GC(58) PSYoungGen: 31296K->64K(31744K)
[2025-12-16T20:43:45.215+0800][1.051s][info][gc,heap      ] GC(58) ParOldGen: 524K->524K(175104K)
[2025-12-16T20:43:45.215+0800][1.051s][info][gc,metaspace ] GC(58) Metaspace: 3388K(4864K)->3388K(4864K) NonClass: 3083K(4352K)->3083K(4352K) Class: 305K(512K)->305K(512K)
[2025-12-16T20:43:45.215+0800][1.051s][info][gc           ] GC(58) Pause Young (Allocation Failure) 31M->0M(202M) 0.053ms
[2025-12-16T20:43:45.215+0800][1.051s][info][gc,cpu       ] GC(58) User=0.00s Sys=0.00s Real=0.00s
[2025-12-16T20:43:45.227+0800][1.063s][info][gc,start     ] GC(59) Pause Young (Allocation Failure)
[2025-12-16T20:43:45.227+0800][1.063s][info][gc,heap      ] GC(59) PSYoungGen: 31296K->64K(31744K)
[2025-12-16T20:43:45.227+0800][1.063s][info][gc,heap      ] GC(59) ParOldGen: 524K->524K(175104K)
[2025-12-16T20:43:45.227+0800][1.063s][info][gc,metaspace ] GC(59) Metaspace: 3388K(4864K)->3388K(4864K) NonClass: 3083K(4352K)->3083K(4352K) Class: 305K(512K)->305K(512K)
[2025-12-16T20:43:45.227+0800][1.063s][info][gc           ] GC(59) Pause Young (Allocation Failure) 31M->0M(202M) 0.060ms
[2025-12-16T20:43:45.227+0800][1.063s][info][gc,cpu       ] GC(59) User=0.00s Sys=0.00s Real=0.00s
[2025-12-16T20:43:45.238+0800][1.075s][info][gc,start     ] GC(60) Pause Young (Allocation Failure)
[2025-12-16T20:43:45.238+0800][1.075s][info][gc,heap      ] GC(60) PSYoungGen: 31296K->64K(31744K)
[2025-12-16T20:43:45.238+0800][1.075s][info][gc,heap      ] GC(60) ParOldGen: 524K->524K(175104K)
[2025-12-16T20:43:45.238+0800][1.075s][info][gc,metaspace ] GC(60) Metaspace: 3388K(4864K)->3388K(4864K) NonClass: 3083K(4352K)->3083K(4352K) Class: 305K(512K)->305K(512K)
[2025-12-16T20:43:45.238+0800][1.075s][info][gc           ] GC(60) Pause Young (Allocation Failure) 31M->0M(202M) 0.059ms
[2025-12-16T20:43:45.238+0800][1.075s][info][gc,cpu       ] GC(60) User=0.00s Sys=0.00s Real=0.00s
[2025-12-16T20:43:45.250+0800][1.086s][info][gc,start     ] GC(61) Pause Young (Allocation Failure)
[2025-12-16T20:43:45.250+0800][1.086s][info][gc,heap      ] GC(61) PSYoungGen: 31296K->64K(31744K)
[2025-12-16T20:43:45.250+0800][1.086s][info][gc,heap      ] GC(61) ParOldGen: 524K->524K(175104K)
[2025-12-16T20:43:45.250+0800][1.086s][info][gc,metaspace ] GC(61) Metaspace: 3388K(4864K)->3388K(4864K) NonClass: 3083K(4352K)->3083K(4352K) Class: 305K(512K)->305K(512K)
[2025-12-16T20:43:45.250+0800][1.086s][info][gc           ] GC(61) Pause Young (Allocation Failure) 31M->0M(202M) 0.062ms
[2025-12-16T20:43:45.250+0800][1.086s][info][gc,cpu       ] GC(61) User=0.00s Sys=0.00s Real=0.00s
[2025-12-16T20:43:45.262+0800][1.098s][info][gc,start     ] GC(62) Pause Young (Allocation Failure)
[2025-12-16T20:43:45.262+0800][1.098s][info][gc,heap      ] GC(62) PSYoungGen: 31296K->64K(31744K)
[2025-12-16T20:43:45.262+0800][1.098s][info][gc,heap      ] GC(62) ParOldGen: 524K->524K(175104K)
[2025-12-16T20:43:45.262+0800][1.098s][info][gc,metaspace ] GC(62) Metaspace: 3388K(4864K)->3388K(4864K) NonClass: 3083K(4352K)->3083K(4352K) Class: 305K(512K)->305K(512K)
[2025-12-16T20:43:45.262+0800][1.098s][info][gc           ] GC(62) Pause Young (Allocation Failure) 31M->0M(202M) 0.071ms
[2025-12-16T20:43:45.262+0800][1.098s][info][gc,cpu       ] GC(62) User=0.00s Sys=0.00s Real=0.00s
[2025-12-16T20:43:45.274+0800][1.110s][info][gc,start     ] GC(63) Pause Young (Allocation Failure)
[2025-12-16T20:43:45.274+0800][1.110s][info][gc,heap      ] GC(63) PSYoungGen: 31296K->64K(31744K)
[2025-12-16T20:43:45.274+0800][1.110s][info][gc,heap      ] GC(63) ParOldGen: 524K->524K(175104K)
[2025-12-16T20:43:45.274+0800][1.110s][info][gc,metaspace ] GC(63) Metaspace: 3388K(4864K)->3388K(4864K) NonClass: 3083K(4352K)->3083K(4352K) Class: 305K(512K)->305K(512K)
[2025-12-16T20:43:45.274+0800][1.110s][info][gc           ] GC(63) Pause Young (Allocation Failure) 31M->0M(202M) 0.068ms
[2025-12-16T20:43:45.274+0800][1.110s][info][gc,cpu       ] GC(63) User=0.00s Sys=0.00s Real=0.00s
[2025-12-16T20:43:45.286+0800][1.122s][info][gc,start     ] GC(64) Pause Young (Allocation Failure)
[2025-12-16T20:43:45.286+0800][1.122s][info][gc,heap      ] GC(64) PSYoungGen: 31296K->64K(31744K)
[2025-12-16T20:43:45.286+0800][1.122s][info][gc,heap      ] GC(64) ParOldGen: 524K->524K(175104K)
[2025-12-16T20:43:45.286+0800][1.122s][info][gc,metaspace ] GC(64) Metaspace: 3388K(4864K)->3388K(4864K) NonClass: 3083K(4352K)->3083K(4352K) Class: 305K(512K)->305K(512K)
[2025-12-16T20:43:45.286+0800][1.122s][info][gc           ] GC(64) Pause Young (Allocation Failure) 31M->0M(202M) 0.068ms
[2025-12-16T20:43:45.286+0800][1.122s][info][gc,cpu       ] GC(64) User=0.00s Sys=0.00s Real=0.00s
[2025-12-16T20:43:45.298+0800][1.135s][info][gc,start     ] GC(65) Pause Young (Allocation Failure)
[2025-12-16T20:43:45.298+0800][1.135s][info][gc,heap      ] GC(65) PSYoungGen: 31296K->32K(31744K)
[2025-12-16T20:43:45.298+0800][1.135s][info][gc,heap      ] GC(65) ParOldGen: 524K->524K(175104K)
[2025-12-16T20:43:45.298+0800][1.135s][info][gc,metaspace ] GC(65) Metaspace: 3388K(4864K)->3388K(4864K) NonClass: 3083K(4352K)->3083K(4352K) Class: 305K(512K)->305K(512K)
[2025-12-16T20:43:45.298+0800][1.135s][info][gc           ] GC(65) Pause Young (Allocation Failure) 31M->0M(202M) 0.073ms
[2025-12-16T20:43:45.298+0800][1.135s][info][gc,cpu       ] GC(65) User=0.00s Sys=0.00s Real=0.00s
[2025-12-16T20:43:45.310+0800][1.146s][info][gc,start     ] GC(66) Pause Young (Allocation Failure)
[2025-12-16T20:43:45.310+0800][1.146s][info][gc,heap      ] GC(66) PSYoungGen: 31264K->64K(31744K)
[2025-12-16T20:43:45.310+0800][1.146s][info][gc,heap      ] GC(66) ParOldGen: 524K->524K(175104K)
[2025-12-16T20:43:45.310+0800][1.146s][info][gc,metaspace ] GC(66) Metaspace: 3388K(4864K)->3388K(4864K) NonClass: 3083K(4352K)->3083K(4352K) Class: 305K(512K)->305K(512K)
[2025-12-16T20:43:45.310+0800][1.146s][info][gc           ] GC(66) Pause Young (Allocation Failure) 31M->0M(202M) 0.064ms
[2025-12-16T20:43:45.310+0800][1.146s][info][gc,cpu       ] GC(66) User=0.00s Sys=0.00s Real=0.00s
[2025-12-16T20:43:45.321+0800][1.158s][info][gc,start     ] GC(67) Pause Young (Allocation Failure)
[2025-12-16T20:43:45.322+0800][1.158s][info][gc,heap      ] GC(67) PSYoungGen: 31296K->96K(31744K)
[2025-12-16T20:43:45.322+0800][1.158s][info][gc,heap      ] GC(67) ParOldGen: 524K->524K(175104K)
[2025-12-16T20:43:45.322+0800][1.158s][info][gc,metaspace ] GC(67) Metaspace: 3388K(4864K)->3388K(4864K) NonClass: 3083K(4352K)->3083K(4352K) Class: 305K(512K)->305K(512K)
[2025-12-16T20:43:45.322+0800][1.158s][info][gc           ] GC(67) Pause Young (Allocation Failure) 31M->0M(202M) 0.072ms
[2025-12-16T20:43:45.322+0800][1.158s][info][gc,cpu       ] GC(67) User=0.00s Sys=0.00s Real=0.00s
[2025-12-16T20:43:45.333+0800][1.170s][info][gc,start     ] GC(68) Pause Young (Allocation Failure)
[2025-12-16T20:43:45.333+0800][1.170s][info][gc,heap      ] GC(68) PSYoungGen: 31328K->64K(31744K)
[2025-12-16T20:43:45.333+0800][1.170s][info][gc,heap      ] GC(68) ParOldGen: 524K->524K(175104K)
[2025-12-16T20:43:45.333+0800][1.170s][info][gc,metaspace ] GC(68) Metaspace: 3388K(4864K)->3388K(4864K) NonClass: 3083K(4352K)->3083K(4352K) Class: 305K(512K)->305K(512K)
[2025-12-16T20:43:45.333+0800][1.170s][info][gc           ] GC(68) Pause Young (Allocation Failure) 31M->0M(202M) 0.073ms
[2025-12-16T20:43:45.333+0800][1.170s][info][gc,cpu       ] GC(68) User=0.00s Sys=0.00s Real=0.00s
[2025-12-16T20:43:45.345+0800][1.182s][info][gc,start     ] GC(69) Pause Young (Allocation Failure)
[2025-12-16T20:43:45.345+0800][1.182s][info][gc,heap      ] GC(69) PSYoungGen: 31296K->64K(31744K)
[2025-12-16T20:43:45.345+0800][1.182s][info][gc,heap      ] GC(69) ParOldGen: 524K->524K(175104K)
[2025-12-16T20:43:45.345+0800][1.182s][info][gc,metaspace ] GC(69) Metaspace: 3388K(4864K)->3388K(4864K) NonClass: 3083K(4352K)->3083K(4352K) Class: 305K(512K)->305K(512K)
[2025-12-16T20:43:45.345+0800][1.182s][info][gc           ] GC(69) Pause Young (Allocation Failure) 31M->0M(202M) 0.062ms
[2025-12-16T20:43:45.345+0800][1.182s][info][gc,cpu       ] GC(69) User=0.00s Sys=0.00s Real=0.00s
[2025-12-16T20:43:45.358+0800][1.194s][info][gc,start     ] GC(70) Pause Young (Allocation Failure)
[2025-12-16T20:43:45.358+0800][1.194s][info][gc,heap      ] GC(70) PSYoungGen: 31296K->64K(31744K)
[2025-12-16T20:43:45.358+0800][1.194s][info][gc,heap      ] GC(70) ParOldGen: 524K->524K(175104K)
[2025-12-16T20:43:45.358+0800][1.194s][info][gc,metaspace ] GC(70) Metaspace: 3388K(4864K)->3388K(4864K) NonClass: 3083K(4352K)->3083K(4352K) Class: 305K(512K)->305K(512K)
[2025-12-16T20:43:45.358+0800][1.194s][info][gc           ] GC(70) Pause Young (Allocation Failure) 31M->0M(202M) 0.069ms
[2025-12-16T20:43:45.358+0800][1.194s][info][gc,cpu       ] GC(70) User=0.00s Sys=0.00s Real=0.00s
[2025-12-16T20:43:45.370+0800][1.206s][info][gc,start     ] GC(71) Pause Young (Allocation Failure)
[2025-12-16T20:43:45.370+0800][1.206s][info][gc,heap      ] GC(71) PSYoungGen: 31296K->64K(31744K)
[2025-12-16T20:43:45.370+0800][1.206s][info][gc,heap      ] GC(71) ParOldGen: 524K->524K(175104K)
[2025-12-16T20:43:45.370+0800][1.206s][info][gc,metaspace ] GC(71) Metaspace: 3388K(4864K)->3388K(4864K) NonClass: 3083K(4352K)->3083K(4352K) Class: 305K(512K)->305K(512K)
[2025-12-16T20:43:45.370+0800][1.206s][info][gc           ] GC(71) Pause Young (Allocation Failure) 31M->0M(202M) 0.108ms
[2025-12-16T20:43:45.370+0800][1.206s][info][gc,cpu       ] GC(71) User=0.00s Sys=0.00s Real=0.00s
[2025-12-16T20:43:45.383+0800][1.219s][info][gc,start     ] GC(72) Pause Young (Allocation Failure)
[2025-12-16T20:43:45.383+0800][1.219s][info][gc,heap      ] GC(72) PSYoungGen: 31296K->64K(31744K)
[2025-12-16T20:43:45.383+0800][1.219s][info][gc,heap      ] GC(72) ParOldGen: 524K->524K(175104K)
[2025-12-16T20:43:45.383+0800][1.219s][info][gc,metaspace ] GC(72) Metaspace: 3388K(4864K)->3388K(4864K) NonClass: 3083K(4352K)->3083K(4352K) Class: 305K(512K)->305K(512K)
[2025-12-16T20:43:45.383+0800][1.219s][info][gc           ] GC(72) Pause Young (Allocation Failure) 31M->0M(202M) 0.159ms
[2025-12-16T20:43:45.383+0800][1.219s][info][gc,cpu       ] GC(72) User=0.00s Sys=0.00s Real=0.00s
[2025-12-16T20:43:45.395+0800][1.232s][info][gc,start     ] GC(73) Pause Young (Allocation Failure)
[2025-12-16T20:43:45.395+0800][1.232s][info][gc,heap      ] GC(73) PSYoungGen: 31296K->32K(31744K)
[2025-12-16T20:43:45.395+0800][1.232s][info][gc,heap      ] GC(73) ParOldGen: 524K->524K(175104K)
[2025-12-16T20:43:45.395+0800][1.232s][info][gc,metaspace ] GC(73) Metaspace: 3388K(4864K)->3388K(4864K) NonClass: 3083K(4352K)->3083K(4352K) Class: 305K(512K)->305K(512K)
[2025-12-16T20:43:45.395+0800][1.232s][info][gc           ] GC(73) Pause Young (Allocation Failure) 31M->0M(202M) 0.136ms
[2025-12-16T20:43:45.395+0800][1.232s][info][gc,cpu       ] GC(73) User=0.00s Sys=0.00s Real=0.00s
[2025-12-16T20:43:45.408+0800][1.244s][info][gc,start     ] GC(74) Pause Young (Allocation Failure)
[2025-12-16T20:43:45.408+0800][1.244s][info][gc,heap      ] GC(74) PSYoungGen: 31264K->64K(31744K)
[2025-12-16T20:43:45.408+0800][1.244s][info][gc,heap      ] GC(74) ParOldGen: 524K->524K(175104K)
[2025-12-16T20:43:45.408+0800][1.244s][info][gc,metaspace ] GC(74) Metaspace: 3388K(4864K)->3388K(4864K) NonClass: 3083K(4352K)->3083K(4352K) Class: 305K(512K)->305K(512K)
[2025-12-16T20:43:45.408+0800][1.244s][info][gc           ] GC(74) Pause Young (Allocation Failure) 31M->0M(202M) 0.148ms
[2025-12-16T20:43:45.408+0800][1.244s][info][gc,cpu       ] GC(74) User=0.00s Sys=0.00s Real=0.00s
[2025-12-16T20:43:45.420+0800][1.257s][info][gc,start     ] GC(75) Pause Young (Allocation Failure)
[2025-12-16T20:43:45.420+0800][1.257s][info][gc,heap      ] GC(75) PSYoungGen: 31296K->64K(31744K)
[2025-12-16T20:43:45.420+0800][1.257s][info][gc,heap      ] GC(75) ParOldGen: 524K->524K(175104K)
[2025-12-16T20:43:45.420+0800][1.257s][info][gc,metaspace ] GC(75) Metaspace: 3388K(4864K)->3388K(4864K) NonClass: 3083K(4352K)->3083K(4352K) Class: 305K(512K)->305K(512K)
[2025-12-16T20:43:45.420+0800][1.257s][info][gc           ] GC(75) Pause Young (Allocation Failure) 31M->0M(202M) 0.094ms
[2025-12-16T20:43:45.420+0800][1.257s][info][gc,cpu       ] GC(75) User=0.00s Sys=0.00s Real=0.00s
[2025-12-16T20:43:45.432+0800][1.269s][info][gc,start     ] GC(76) Pause Young (Allocation Failure)
[2025-12-16T20:43:45.432+0800][1.269s][info][gc,heap      ] GC(76) PSYoungGen: 31296K->64K(31744K)
[2025-12-16T20:43:45.432+0800][1.269s][info][gc,heap      ] GC(76) ParOldGen: 524K->524K(175104K)
[2025-12-16T20:43:45.432+0800][1.269s][info][gc,metaspace ] GC(76) Metaspace: 3388K(4864K)->3388K(4864K) NonClass: 3083K(4352K)->3083K(4352K) Class: 305K(512K)->305K(512K)
[2025-12-16T20:43:45.432+0800][1.269s][info][gc           ] GC(76) Pause Young (Allocation Failure) 31M->0M(202M) 0.086ms
[2025-12-16T20:43:45.432+0800][1.269s][info][gc,cpu       ] GC(76) User=0.00s Sys=0.00s Real=0.00s
[2025-12-16T20:43:45.444+0800][1.281s][info][gc,start     ] GC(77) Pause Young (Allocation Failure)
[2025-12-16T20:43:45.444+0800][1.281s][info][gc,heap      ] GC(77) PSYoungGen: 31296K->64K(31744K)
[2025-12-16T20:43:45.444+0800][1.281s][info][gc,heap      ] GC(77) ParOldGen: 524K->524K(175104K)
[2025-12-16T20:43:45.444+0800][1.281s][info][gc,metaspace ] GC(77) Metaspace: 3388K(4864K)->3388K(4864K) NonClass: 3083K(4352K)->3083K(4352K) Class: 305K(512K)->305K(512K)
[2025-12-16T20:43:45.444+0800][1.281s][info][gc           ] GC(77) Pause Young (Allocation Failure) 31M->0M(202M) 0.068ms
[2025-12-16T20:43:45.444+0800][1.281s][info][gc,cpu       ] GC(77) User=0.00s Sys=0.00s Real=0.00s
[2025-12-16T20:43:45.456+0800][1.292s][info][gc,start     ] GC(78) Pause Young (Allocation Failure)
[2025-12-16T20:43:45.456+0800][1.292s][info][gc,heap      ] GC(78) PSYoungGen: 31296K->96K(31744K)
[2025-12-16T20:43:45.456+0800][1.292s][info][gc,heap      ] GC(78) ParOldGen: 524K->524K(175104K)
[2025-12-16T20:43:45.456+0800][1.292s][info][gc,metaspace ] GC(78) Metaspace: 3388K(4864K)->3388K(4864K) NonClass: 3083K(4352K)->3083K(4352K) Class: 305K(512K)->305K(512K)
[2025-12-16T20:43:45.456+0800][1.292s][info][gc           ] GC(78) Pause Young (Allocation Failure) 31M->0M(202M) 0.069ms
[2025-12-16T20:43:45.456+0800][1.292s][info][gc,cpu       ] GC(78) User=0.00s Sys=0.00s Real=0.00s
[2025-12-16T20:43:45.468+0800][1.304s][info][gc,start     ] GC(79) Pause Young (Allocation Failure)
[2025-12-16T20:43:45.468+0800][1.304s][info][gc,heap      ] GC(79) PSYoungGen: 31328K->64K(31744K)
[2025-12-16T20:43:45.468+0800][1.304s][info][gc,heap      ] GC(79) ParOldGen: 524K->524K(175104K)
[2025-12-16T20:43:45.468+0800][1.304s][info][gc,metaspace ] GC(79) Metaspace: 3388K(4864K)->3388K(4864K) NonClass: 3083K(4352K)->3083K(4352K) Class: 305K(512K)->305K(512K)
[2025-12-16T20:43:45.468+0800][1.304s][info][gc           ] GC(79) Pause Young (Allocation Failure) 31M->0M(202M) 0.064ms
[2025-12-16T20:43:45.468+0800][1.304s][info][gc,cpu       ] GC(79) User=0.00s Sys=0.00s Real=0.00s
[2025-12-16T20:43:45.480+0800][1.316s][info][gc,start     ] GC(80) Pause Young (Allocation Failure)
[2025-12-16T20:43:45.480+0800][1.316s][info][gc,heap      ] GC(80) PSYoungGen: 31296K->64K(31744K)
[2025-12-16T20:43:45.480+0800][1.316s][info][gc,heap      ] GC(80) ParOldGen: 524K->524K(175104K)
[2025-12-16T20:43:45.480+0800][1.316s][info][gc,metaspace ] GC(80) Metaspace: 3388K(4864K)->3388K(4864K) NonClass: 3083K(4352K)->3083K(4352K) Class: 305K(512K)->305K(512K)
[2025-12-16T20:43:45.480+0800][1.316s][info][gc           ] GC(80) Pause Young (Allocation Failure) 31M->0M(202M) 0.059ms
[2025-12-16T20:43:45.480+0800][1.316s][info][gc,cpu       ] GC(80) User=0.00s Sys=0.00s Real=0.00s
[2025-12-16T20:43:45.492+0800][1.328s][info][gc,start     ] GC(81) Pause Young (Allocation Failure)
[2025-12-16T20:43:45.492+0800][1.328s][info][gc,heap      ] GC(81) PSYoungGen: 31296K->64K(31744K)
[2025-12-16T20:43:45.492+0800][1.328s][info][gc,heap      ] GC(81) ParOldGen: 524K->524K(175104K)
[2025-12-16T20:43:45.492+0800][1.328s][info][gc,metaspace ] GC(81) Metaspace: 3388K(4864K)->3388K(4864K) NonClass: 3083K(4352K)->3083K(4352K) Class: 305K(512K)->305K(512K)
[2025-12-16T20:43:45.492+0800][1.328s][info][gc           ] GC(81) Pause Young (Allocation Failure) 31M->0M(202M) 0.063ms
[2025-12-16T20:43:45.492+0800][1.328s][info][gc,cpu       ] GC(81) User=0.00s Sys=0.00s Real=0.00s
[2025-12-16T20:43:45.504+0800][1.341s][info][gc,start     ] GC(82) Pause Young (Allocation Failure)
[2025-12-16T20:43:45.504+0800][1.341s][info][gc,heap      ] GC(82) PSYoungGen: 31296K->64K(31744K)
[2025-12-16T20:43:45.504+0800][1.341s][info][gc,heap      ] GC(82) ParOldGen: 524K->524K(175104K)
[2025-12-16T20:43:45.504+0800][1.341s][info][gc,metaspace ] GC(82) Metaspace: 3388K(4864K)->3388K(4864K) NonClass: 3083K(4352K)->3083K(4352K) Class: 305K(512K)->305K(512K)
[2025-12-16T20:43:45.504+0800][1.341s][info][gc           ] GC(82) Pause Young (Allocation Failure) 31M->0M(202M) 0.089ms
[2025-12-16T20:43:45.504+0800][1.341s][info][gc,cpu       ] GC(82) User=0.00s Sys=0.00s Real=0.00s
[2025-12-16T20:43:45.516+0800][1.352s][info][gc,start     ] GC(83) Pause Young (Allocation Failure)
[2025-12-16T20:43:45.516+0800][1.352s][info][gc,heap      ] GC(83) PSYoungGen: 31296K->64K(31744K)
[2025-12-16T20:43:45.516+0800][1.352s][info][gc,heap      ] GC(83) ParOldGen: 524K->524K(175104K)
[2025-12-16T20:43:45.516+0800][1.352s][info][gc,metaspace ] GC(83) Metaspace: 3388K(4864K)->3388K(4864K) NonClass: 3083K(4352K)->3083K(4352K) Class: 305K(512K)->305K(512K)
[2025-12-16T20:43:45.516+0800][1.352s][info][gc           ] GC(83) Pause Young (Allocation Failure) 31M->0M(202M) 0.059ms
[2025-12-16T20:43:45.516+0800][1.352s][info][gc,cpu       ] GC(83) User=0.00s Sys=0.00s Real=0.00s
[2025-12-16T20:43:45.527+0800][1.364s][info][gc,start     ] GC(84) Pause Young (Allocation Failure)
[2025-12-16T20:43:45.527+0800][1.364s][info][gc,heap      ] GC(84) PSYoungGen: 31296K->64K(31744K)
[2025-12-16T20:43:45.527+0800][1.364s][info][gc,heap      ] GC(84) ParOldGen: 524K->524K(175104K)
[2025-12-16T20:43:45.527+0800][1.364s][info][gc,metaspace ] GC(84) Metaspace: 3388K(4864K)->3388K(4864K) NonClass: 3083K(4352K)->3083K(4352K) Class: 305K(512K)->305K(512K)
[2025-12-16T20:43:45.527+0800][1.364s][info][gc           ] GC(84) Pause Young (Allocation Failure) 31M->0M(202M) 0.057ms
[2025-12-16T20:43:45.527+0800][1.364s][info][gc,cpu       ] GC(84) User=0.00s Sys=0.00s Real=0.00s
[2025-12-16T20:43:45.539+0800][1.376s][info][gc,start     ] GC(85) Pause Young (Allocation Failure)
[2025-12-16T20:43:45.539+0800][1.376s][info][gc,heap      ] GC(85) PSYoungGen: 31296K->64K(31744K)
[2025-12-16T20:43:45.539+0800][1.376s][info][gc,heap      ] GC(85) ParOldGen: 524K->524K(175104K)
[2025-12-16T20:43:45.539+0800][1.376s][info][gc,metaspace ] GC(85) Metaspace: 3388K(4864K)->3388K(4864K) NonClass: 3083K(4352K)->3083K(4352K) Class: 305K(512K)->305K(512K)
[2025-12-16T20:43:45.539+0800][1.376s][info][gc           ] GC(85) Pause Young (Allocation Failure) 31M->0M(202M) 0.063ms
[2025-12-16T20:43:45.539+0800][1.376s][info][gc,cpu       ] GC(85) User=0.00s Sys=0.00s Real=0.00s
[2025-12-16T20:43:45.551+0800][1.387s][info][gc,start     ] GC(86) Pause Young (Allocation Failure)
[2025-12-16T20:43:45.551+0800][1.387s][info][gc,heap      ] GC(86) PSYoungGen: 31296K->64K(31744K)
[2025-12-16T20:43:45.551+0800][1.387s][info][gc,heap      ] GC(86) ParOldGen: 524K->524K(175104K)
[2025-12-16T20:43:45.551+0800][1.387s][info][gc,metaspace ] GC(86) Metaspace: 3388K(4864K)->3388K(4864K) NonClass: 3083K(4352K)->3083K(4352K) Class: 305K(512K)->305K(512K)
[2025-12-16T20:43:45.551+0800][1.387s][info][gc           ] GC(86) Pause Young (Allocation Failure) 31M->0M(202M) 0.060ms
[2025-12-16T20:43:45.551+0800][1.387s][info][gc,cpu       ] GC(86) User=0.00s Sys=0.00s Real=0.00s
[2025-12-16T20:43:45.563+0800][1.399s][info][gc,start     ] GC(87) Pause Young (Allocation Failure)
[2025-12-16T20:43:45.563+0800][1.399s][info][gc,heap      ] GC(87) PSYoungGen: 31296K->64K(31744K)
[2025-12-16T20:43:45.563+0800][1.399s][info][gc,heap      ] GC(87) ParOldGen: 524K->524K(175104K)
[2025-12-16T20:43:45.563+0800][1.399s][info][gc,metaspace ] GC(87) Metaspace: 3388K(4864K)->3388K(4864K) NonClass: 3083K(4352K)->3083K(4352K) Class: 305K(512K)->305K(512K)
[2025-12-16T20:43:45.563+0800][1.399s][info][gc           ] GC(87) Pause Young (Allocation Failure) 31M->0M(202M) 0.063ms
[2025-12-16T20:43:45.563+0800][1.399s][info][gc,cpu       ] GC(87) User=0.00s Sys=0.00s Real=0.00s
[2025-12-16T20:43:45.574+0800][1.411s][info][gc,start     ] GC(88) Pause Young (Allocation Failure)
[2025-12-16T20:43:45.574+0800][1.411s][info][gc,heap      ] GC(88) PSYoungGen: 31296K->64K(31744K)
[2025-12-16T20:43:45.574+0800][1.411s][info][gc,heap      ] GC(88) ParOldGen: 524K->524K(175104K)
[2025-12-16T20:43:45.574+0800][1.411s][info][gc,metaspace ] GC(88) Metaspace: 3388K(4864K)->3388K(4864K) NonClass: 3083K(4352K)->3083K(4352K) Class: 305K(512K)->305K(512K)
[2025-12-16T20:43:45.574+0800][1.411s][info][gc           ] GC(88) Pause Young (Allocation Failure) 31M->0M(202M) 0.059ms
[2025-12-16T20:43:45.574+0800][1.411s][info][gc,cpu       ] GC(88) User=0.00s Sys=0.00s Real=0.00s
[2025-12-16T20:43:45.586+0800][1.423s][info][gc,start     ] GC(89) Pause Young (Allocation Failure)
[2025-12-16T20:43:45.586+0800][1.423s][info][gc,heap      ] GC(89) PSYoungGen: 31296K->64K(31744K)
[2025-12-16T20:43:45.586+0800][1.423s][info][gc,heap      ] GC(89) ParOldGen: 524K->524K(175104K)
[2025-12-16T20:43:45.586+0800][1.423s][info][gc,metaspace ] GC(89) Metaspace: 3388K(4864K)->3388K(4864K) NonClass: 3083K(4352K)->3083K(4352K) Class: 305K(512K)->305K(512K)
[2025-12-16T20:43:45.586+0800][1.423s][info][gc           ] GC(89) Pause Young (Allocation Failure) 31M->0M(202M) 0.062ms
[2025-12-16T20:43:45.586+0800][1.423s][info][gc,cpu       ] GC(89) User=0.00s Sys=0.00s Real=0.00s
[2025-12-16T20:43:45.598+0800][1.435s][info][gc,start     ] GC(90) Pause Young (Allocation Failure)
[2025-12-16T20:43:45.598+0800][1.435s][info][gc,heap      ] GC(90) PSYoungGen: 31296K->64K(31744K)
[2025-12-16T20:43:45.598+0800][1.435s][info][gc,heap      ] GC(90) ParOldGen: 524K->524K(175104K)
[2025-12-16T20:43:45.598+0800][1.435s][info][gc,metaspace ] GC(90) Metaspace: 3388K(4864K)->3388K(4864K) NonClass: 3083K(4352K)->3083K(4352K) Class: 305K(512K)->305K(512K)
[2025-12-16T20:43:45.598+0800][1.435s][info][gc           ] GC(90) Pause Young (Allocation Failure) 31M->0M(202M) 0.063ms
[2025-12-16T20:43:45.598+0800][1.435s][info][gc,cpu       ] GC(90) User=0.00s Sys=0.00s Real=0.00s
[2025-12-16T20:43:45.610+0800][1.446s][info][gc,start     ] GC(91) Pause Young (Allocation Failure)
[2025-12-16T20:43:45.610+0800][1.446s][info][gc,heap      ] GC(91) PSYoungGen: 31296K->64K(31744K)
[2025-12-16T20:43:45.610+0800][1.446s][info][gc,heap      ] GC(91) ParOldGen: 524K->524K(175104K)
[2025-12-16T20:43:45.610+0800][1.446s][info][gc,metaspace ] GC(91) Metaspace: 3388K(4864K)->3388K(4864K) NonClass: 3083K(4352K)->3083K(4352K) Class: 305K(512K)->305K(512K)
[2025-12-16T20:43:45.610+0800][1.446s][info][gc           ] GC(91) Pause Young (Allocation Failure) 31M->0M(202M) 0.056ms
[2025-12-16T20:43:45.610+0800][1.446s][info][gc,cpu       ] GC(91) User=0.00s Sys=0.00s Real=0.00s
[2025-12-16T20:43:45.622+0800][1.458s][info][gc,start     ] GC(92) Pause Young (Allocation Failure)
[2025-12-16T20:43:45.622+0800][1.458s][info][gc,heap      ] GC(92) PSYoungGen: 31296K->64K(31744K)
[2025-12-16T20:43:45.622+0800][1.458s][info][gc,heap      ] GC(92) ParOldGen: 524K->524K(175104K)
[2025-12-16T20:43:45.622+0800][1.458s][info][gc,metaspace ] GC(92) Metaspace: 3388K(4864K)->3388K(4864K) NonClass: 3083K(4352K)->3083K(4352K) Class: 305K(512K)->305K(512K)
[2025-12-16T20:43:45.622+0800][1.458s][info][gc           ] GC(92) Pause Young (Allocation Failure) 31M->0M(202M) 0.071ms
[2025-12-16T20:43:45.622+0800][1.458s][info][gc,cpu       ] GC(92) User=0.00s Sys=0.00s Real=0.00s
[2025-12-16T20:43:45.633+0800][1.470s][info][gc,start     ] GC(93) Pause Young (Allocation Failure)
[2025-12-16T20:43:45.633+0800][1.470s][info][gc,heap      ] GC(93) PSYoungGen: 31296K->64K(31744K)
[2025-12-16T20:43:45.633+0800][1.470s][info][gc,heap      ] GC(93) ParOldGen: 524K->524K(175104K)
[2025-12-16T20:43:45.633+0800][1.470s][info][gc,metaspace ] GC(93) Metaspace: 3388K(4864K)->3388K(4864K) NonClass: 3083K(4352K)->3083K(4352K) Class: 305K(512K)->305K(512K)
[2025-12-16T20:43:45.633+0800][1.470s][info][gc           ] GC(93) Pause Young (Allocation Failure) 31M->0M(202M) 0.062ms
[2025-12-16T20:43:45.633+0800][1.470s][info][gc,cpu       ] GC(93) User=0.00s Sys=0.00s Real=0.00s
[2025-12-16T20:43:45.646+0800][1.482s][info][gc,start     ] GC(94) Pause Young (Allocation Failure)
[2025-12-16T20:43:45.646+0800][1.482s][info][gc,heap      ] GC(94) PSYoungGen: 31296K->64K(31744K)
[2025-12-16T20:43:45.646+0800][1.482s][info][gc,heap      ] GC(94) ParOldGen: 524K->524K(175104K)
[2025-12-16T20:43:45.646+0800][1.482s][info][gc,metaspace ] GC(94) Metaspace: 3388K(4864K)->3388K(4864K) NonClass: 3083K(4352K)->3083K(4352K) Class: 305K(512K)->305K(512K)
[2025-12-16T20:43:45.646+0800][1.482s][info][gc           ] GC(94) Pause Young (Allocation Failure) 31M->0M(202M) 0.072ms
[2025-12-16T20:43:45.646+0800][1.482s][info][gc,cpu       ] GC(94) User=0.00s Sys=0.00s Real=0.00s
[2025-12-16T20:43:45.657+0800][1.494s][info][gc,start     ] GC(95) Pause Young (Allocation Failure)
[2025-12-16T20:43:45.657+0800][1.494s][info][gc,heap      ] GC(95) PSYoungGen: 31296K->64K(31744K)
[2025-12-16T20:43:45.657+0800][1.494s][info][gc,heap      ] GC(95) ParOldGen: 524K->524K(175104K)
[2025-12-16T20:43:45.657+0800][1.494s][info][gc,metaspace ] GC(95) Metaspace: 3388K(4864K)->3388K(4864K) NonClass: 3083K(4352K)->3083K(4352K) Class: 305K(512K)->305K(512K)
[2025-12-16T20:43:45.657+0800][1.494s][info][gc           ] GC(95) Pause Young (Allocation Failure) 31M->0M(202M) 0.066ms
[2025-12-16T20:43:45.657+0800][1.494s][info][gc,cpu       ] GC(95) User=0.00s Sys=0.00s Real=0.00s
[2025-12-16T20:43:45.669+0800][1.505s][info][gc,start     ] GC(96) Pause Young (Allocation Failure)
[2025-12-16T20:43:45.669+0800][1.505s][info][gc,heap      ] GC(96) PSYoungGen: 31296K->32K(31744K)
[2025-12-16T20:43:45.669+0800][1.505s][info][gc,heap      ] GC(96) ParOldGen: 524K->524K(175104K)
[2025-12-16T20:43:45.669+0800][1.505s][info][gc,metaspace ] GC(96) Metaspace: 3388K(4864K)->3388K(4864K) NonClass: 3083K(4352K)->3083K(4352K) Class: 305K(512K)->305K(512K)
[2025-12-16T20:43:45.669+0800][1.505s][info][gc           ] GC(96) Pause Young (Allocation Failure) 31M->0M(202M) 0.073ms
[2025-12-16T20:43:45.669+0800][1.505s][info][gc,cpu       ] GC(96) User=0.00s Sys=0.00s Real=0.00s
[2025-12-16T20:43:45.681+0800][1.517s][info][gc,start     ] GC(97) Pause Young (Allocation Failure)
[2025-12-16T20:43:45.681+0800][1.517s][info][gc,heap      ] GC(97) PSYoungGen: 31264K->64K(31744K)
[2025-12-16T20:43:45.681+0800][1.517s][info][gc,heap      ] GC(97) ParOldGen: 524K->524K(175104K)
[2025-12-16T20:43:45.681+0800][1.517s][info][gc,metaspace ] GC(97) Metaspace: 3388K(4864K)->3388K(4864K) NonClass: 3083K(4352K)->3083K(4352K) Class: 305K(512K)->305K(512K)
[2025-12-16T20:43:45.681+0800][1.517s][info][gc           ] GC(97) Pause Young (Allocation Failure) 31M->0M(202M) 0.069ms
[2025-12-16T20:43:45.681+0800][1.517s][info][gc,cpu       ] GC(97) User=0.00s Sys=0.00s Real=0.00s
[2025-12-16T20:43:45.693+0800][1.529s][info][gc,start     ] GC(98) Pause Young (Allocation Failure)
[2025-12-16T20:43:45.693+0800][1.530s][info][gc,heap      ] GC(98) PSYoungGen: 31296K->64K(31744K)
[2025-12-16T20:43:45.693+0800][1.530s][info][gc,heap      ] GC(98) ParOldGen: 524K->524K(175104K)
[2025-12-16T20:43:45.693+0800][1.530s][info][gc,metaspace ] GC(98) Metaspace: 3388K(4864K)->3388K(4864K) NonClass: 3083K(4352K)->3083K(4352K) Class: 305K(512K)->305K(512K)
[2025-12-16T20:43:45.693+0800][1.530s][info][gc           ] GC(98) Pause Young (Allocation Failure) 31M->0M(202M) 0.077ms
[2025-12-16T20:43:45.693+0800][1.530s][info][gc,cpu       ] GC(98) User=0.00s Sys=0.00s Real=0.00s
[2025-12-16T20:43:45.705+0800][1.542s][info][gc,start     ] GC(99) Pause Young (Allocation Failure)
[2025-12-16T20:43:45.705+0800][1.542s][info][gc,heap      ] GC(99) PSYoungGen: 31296K->32K(31744K)
[2025-12-16T20:43:45.705+0800][1.542s][info][gc,heap      ] GC(99) ParOldGen: 524K->524K(175104K)
[2025-12-16T20:43:45.705+0800][1.542s][info][gc,metaspace ] GC(99) Metaspace: 3388K(4864K)->3388K(4864K) NonClass: 3083K(4352K)->3083K(4352K) Class: 305K(512K)->305K(512K)
[2025-12-16T20:43:45.705+0800][1.542s][info][gc           ] GC(99) Pause Young (Allocation Failure) 31M->0M(202M) 0.070ms
[2025-12-16T20:43:45.705+0800][1.542s][info][gc,cpu       ] GC(99) User=0.00s Sys=0.00s Real=0.00s
[2025-12-16T20:43:45.717+0800][1.553s][info][gc,start     ] GC(100) Pause Young (Allocation Failure)
[2025-12-16T20:43:45.717+0800][1.553s][info][gc,heap      ] GC(100) PSYoungGen: 31264K->64K(31744K)
[2025-12-16T20:43:45.717+0800][1.553s][info][gc,heap      ] GC(100) ParOldGen: 524K->524K(175104K)
[2025-12-16T20:43:45.717+0800][1.553s][info][gc,metaspace ] GC(100) Metaspace: 3388K(4864K)->3388K(4864K) NonClass: 3083K(4352K)->3083K(4352K) Class: 305K(512K)->305K(512K)
[2025-12-16T20:43:45.717+0800][1.553s][info][gc           ] GC(100) Pause Young (Allocation Failure) 31M->0M(202M) 0.061ms
[2025-12-16T20:43:45.717+0800][1.553s][info][gc,cpu       ] GC(100) User=0.00s Sys=0.00s Real=0.00s
[2025-12-16T20:43:45.728+0800][1.565s][info][gc,start     ] GC(101) Pause Young (Allocation Failure)
[2025-12-16T20:43:45.728+0800][1.565s][info][gc,heap      ] GC(101) PSYoungGen: 31296K->64K(31744K)
[2025-12-16T20:43:45.728+0800][1.565s][info][gc,heap      ] GC(101) ParOldGen: 524K->524K(175104K)
[2025-12-16T20:43:45.728+0800][1.565s][info][gc,metaspace ] GC(101) Metaspace: 3388K(4864K)->3388K(4864K) NonClass: 3083K(4352K)->3083K(4352K) Class: 305K(512K)->305K(512K)
[2025-12-16T20:43:45.728+0800][1.565s][info][gc           ] GC(101) Pause Young (Allocation Failure) 31M->0M(202M) 0.065ms
[2025-12-16T20:43:45.728+0800][1.565s][info][gc,cpu       ] GC(101) User=0.00s Sys=0.00s Real=0.00s
[2025-12-16T20:43:45.740+0800][1.577s][info][gc,start     ] GC(102) Pause Young (Allocation Failure)
[2025-12-16T20:43:45.740+0800][1.577s][info][gc,heap      ] GC(102) PSYoungGen: 31296K->64K(31744K)
[2025-12-16T20:43:45.740+0800][1.577s][info][gc,heap      ] GC(102) ParOldGen: 524K->524K(175104K)
[2025-12-16T20:43:45.740+0800][1.577s][info][gc,metaspace ] GC(102) Metaspace: 3388K(4864K)->3388K(4864K) NonClass: 3083K(4352K)->3083K(4352K) Class: 305K(512K)->305K(512K)
[2025-12-16T20:43:45.740+0800][1.577s][info][gc           ] GC(102) Pause Young (Allocation Failure) 31M->0M(202M) 0.066ms
[2025-12-16T20:43:45.740+0800][1.577s][info][gc,cpu       ] GC(102) User=0.00s Sys=0.00s Real=0.00s
[2025-12-16T20:43:45.752+0800][1.588s][info][gc,start     ] GC(103) Pause Young (Allocation Failure)
[2025-12-16T20:43:45.752+0800][1.589s][info][gc,heap      ] GC(103) PSYoungGen: 31296K->64K(31744K)
[2025-12-16T20:43:45.752+0800][1.589s][info][gc,heap      ] GC(103) ParOldGen: 524K->524K(175104K)
[2025-12-16T20:43:45.752+0800][1.589s][info][gc,metaspace ] GC(103) Metaspace: 3388K(4864K)->3388K(4864K) NonClass: 3083K(4352K)->3083K(4352K) Class: 305K(512K)->305K(512K)
[2025-12-16T20:43:45.752+0800][1.589s][info][gc           ] GC(103) Pause Young (Allocation Failure) 31M->0M(202M) 0.061ms
[2025-12-16T20:43:45.752+0800][1.589s][info][gc,cpu       ] GC(103) User=0.00s Sys=0.00s Real=0.00s
[2025-12-16T20:43:45.764+0800][1.600s][info][gc,start     ] GC(104) Pause Young (Allocation Failure)
[2025-12-16T20:43:45.764+0800][1.600s][info][gc,heap      ] GC(104) PSYoungGen: 31296K->64K(31744K)
[2025-12-16T20:43:45.764+0800][1.600s][info][gc,heap      ] GC(104) ParOldGen: 524K->524K(175104K)
[2025-12-16T20:43:45.764+0800][1.600s][info][gc,metaspace ] GC(104) Metaspace: 3388K(4864K)->3388K(4864K) NonClass: 3083K(4352K)->3083K(4352K) Class: 305K(512K)->305K(512K)
[2025-12-16T20:43:45.764+0800][1.600s][info][gc           ] GC(104) Pause Young (Allocation Failure) 31M->0M(202M) 0.058ms
[2025-12-16T20:43:45.764+0800][1.600s][info][gc,cpu       ] GC(104) User=0.00s Sys=0.00s Real=0.00s
[2025-12-16T20:43:45.776+0800][1.612s][info][gc,start     ] GC(105) Pause Young (Allocation Failure)
[2025-12-16T20:43:45.776+0800][1.612s][info][gc,heap      ] GC(105) PSYoungGen: 31296K->64K(31744K)
[2025-12-16T20:43:45.776+0800][1.612s][info][gc,heap      ] GC(105) ParOldGen: 524K->524K(175104K)
[2025-12-16T20:43:45.776+0800][1.612s][info][gc,metaspace ] GC(105) Metaspace: 3388K(4864K)->3388K(4864K) NonClass: 3083K(4352K)->3083K(4352K) Class: 305K(512K)->305K(512K)
[2025-12-16T20:43:45.776+0800][1.612s][info][gc           ] GC(105) Pause Young (Allocation Failure) 31M->0M(202M) 0.061ms
[2025-12-16T20:43:45.776+0800][1.612s][info][gc,cpu       ] GC(105) User=0.00s Sys=0.00s Real=0.00s
[2025-12-16T20:43:45.788+0800][1.624s][info][gc,start     ] GC(106) Pause Young (Allocation Failure)
[2025-12-16T20:43:45.788+0800][1.624s][info][gc,heap      ] GC(106) PSYoungGen: 31296K->64K(31744K)
[2025-12-16T20:43:45.788+0800][1.624s][info][gc,heap      ] GC(106) ParOldGen: 524K->524K(175104K)
[2025-12-16T20:43:45.788+0800][1.624s][info][gc,metaspace ] GC(106) Metaspace: 3388K(4864K)->3388K(4864K) NonClass: 3083K(4352K)->3083K(4352K) Class: 305K(512K)->305K(512K)
[2025-12-16T20:43:45.788+0800][1.624s][info][gc           ] GC(106) Pause Young (Allocation Failure) 31M->0M(202M) 0.062ms
[2025-12-16T20:43:45.788+0800][1.624s][info][gc,cpu       ] GC(106) User=0.00s Sys=0.00s Real=0.00s
[2025-12-16T20:43:45.800+0800][1.636s][info][gc,start     ] GC(107) Pause Young (Allocation Failure)
[2025-12-16T20:43:45.800+0800][1.636s][info][gc,heap      ] GC(107) PSYoungGen: 31296K->64K(31744K)
[2025-12-16T20:43:45.800+0800][1.636s][info][gc,heap      ] GC(107) ParOldGen: 524K->524K(175104K)
[2025-12-16T20:43:45.800+0800][1.636s][info][gc,metaspace ] GC(107) Metaspace: 3388K(4864K)->3388K(4864K) NonClass: 3083K(4352K)->3083K(4352K) Class: 305K(512K)->305K(512K)
[2025-12-16T20:43:45.800+0800][1.636s][info][gc           ] GC(107) Pause Young (Allocation Failure) 31M->0M(202M) 0.051ms
[2025-12-16T20:43:45.800+0800][1.636s][info][gc,cpu       ] GC(107) User=0.00s Sys=0.00s Real=0.00s
[2025-12-16T20:43:45.812+0800][1.648s][info][gc,start     ] GC(108) Pause Young (Allocation Failure)
[2025-12-16T20:43:45.812+0800][1.649s][info][gc,heap      ] GC(108) PSYoungGen: 31296K->64K(31744K)
[2025-12-16T20:43:45.812+0800][1.649s][info][gc,heap      ] GC(108) ParOldGen: 524K->524K(175104K)
[2025-12-16T20:43:45.812+0800][1.649s][info][gc,metaspace ] GC(108) Metaspace: 3388K(4864K)->3388K(4864K) NonClass: 3083K(4352K)->3083K(4352K) Class: 305K(512K)->305K(512K)
[2025-12-16T20:43:45.812+0800][1.649s][info][gc           ] GC(108) Pause Young (Allocation Failure) 31M->0M(202M) 0.058ms
[2025-12-16T20:43:45.812+0800][1.649s][info][gc,cpu       ] GC(108) User=0.00s Sys=0.00s Real=0.00s
[2025-12-16T20:43:45.823+0800][1.660s][info][gc,start     ] GC(109) Pause Young (Allocation Failure)
[2025-12-16T20:43:45.824+0800][1.660s][info][gc,heap      ] GC(109) PSYoungGen: 31296K->64K(31744K)
[2025-12-16T20:43:45.824+0800][1.660s][info][gc,heap      ] GC(109) ParOldGen: 524K->524K(175104K)
[2025-12-16T20:43:45.824+0800][1.660s][info][gc,metaspace ] GC(109) Metaspace: 3388K(4864K)->3388K(4864K) NonClass: 3083K(4352K)->3083K(4352K) Class: 305K(512K)->305K(512K)
[2025-12-16T20:43:45.824+0800][1.660s][info][gc           ] GC(109) Pause Young (Allocation Failure) 31M->0M(202M) 0.109ms
[2025-12-16T20:43:45.824+0800][1.660s][info][gc,cpu       ] GC(109) User=0.00s Sys=0.00s Real=0.00s
[2025-12-16T20:43:45.836+0800][1.672s][info][gc,start     ] GC(110) Pause Young (Allocation Failure)
[2025-12-16T20:43:45.836+0800][1.672s][info][gc,heap      ] GC(110) PSYoungGen: 31296K->64K(31744K)
[2025-12-16T20:43:45.836+0800][1.672s][info][gc,heap      ] GC(110) ParOldGen: 524K->524K(175104K)
[2025-12-16T20:43:45.836+0800][1.672s][info][gc,metaspace ] GC(110) Metaspace: 3388K(4864K)->3388K(4864K) NonClass: 3083K(4352K)->3083K(4352K) Class: 305K(512K)->305K(512K)
[2025-12-16T20:43:45.836+0800][1.672s][info][gc           ] GC(110) Pause Young (Allocation Failure) 31M->0M(202M) 0.061ms
[2025-12-16T20:43:45.836+0800][1.672s][info][gc,cpu       ] GC(110) User=0.00s Sys=0.00s Real=0.00s
[2025-12-16T20:43:45.847+0800][1.684s][info][gc,start     ] GC(111) Pause Young (Allocation Failure)
[2025-12-16T20:43:45.847+0800][1.684s][info][gc,heap      ] GC(111) PSYoungGen: 31296K->64K(31744K)
[2025-12-16T20:43:45.847+0800][1.684s][info][gc,heap      ] GC(111) ParOldGen: 524K->524K(175104K)
[2025-12-16T20:43:45.847+0800][1.684s][info][gc,metaspace ] GC(111) Metaspace: 3388K(4864K)->3388K(4864K) NonClass: 3083K(4352K)->3083K(4352K) Class: 305K(512K)->305K(512K)
[2025-12-16T20:43:45.847+0800][1.684s][info][gc           ] GC(111) Pause Young (Allocation Failure) 31M->0M(202M) 0.064ms
[2025-12-16T20:43:45.847+0800][1.684s][info][gc,cpu       ] GC(111) User=0.00s Sys=0.00s Real=0.00s
[2025-12-16T20:43:45.859+0800][1.696s][info][gc,start     ] GC(112) Pause Young (Allocation Failure)
[2025-12-16T20:43:45.859+0800][1.696s][info][gc,heap      ] GC(112) PSYoungGen: 31296K->64K(31744K)
[2025-12-16T20:43:45.859+0800][1.696s][info][gc,heap      ] GC(112) ParOldGen: 524K->524K(175104K)
[2025-12-16T20:43:45.859+0800][1.696s][info][gc,metaspace ] GC(112) Metaspace: 3388K(4864K)->3388K(4864K) NonClass: 3083K(4352K)->3083K(4352K) Class: 305K(512K)->305K(512K)
[2025-12-16T20:43:45.859+0800][1.696s][info][gc           ] GC(112) Pause Young (Allocation Failure) 31M->0M(202M) 0.053ms
[2025-12-16T20:43:45.859+0800][1.696s][info][gc,cpu       ] GC(112) User=0.00s Sys=0.00s Real=0.00s
[2025-12-16T20:43:45.871+0800][1.707s][info][gc,start     ] GC(113) Pause Young (Allocation Failure)
[2025-12-16T20:43:45.871+0800][1.707s][info][gc,heap      ] GC(113) PSYoungGen: 31296K->32K(31744K)
[2025-12-16T20:43:45.871+0800][1.707s][info][gc,heap      ] GC(113) ParOldGen: 524K->524K(175104K)
[2025-12-16T20:43:45.871+0800][1.707s][info][gc,metaspace ] GC(113) Metaspace: 3388K(4864K)->3388K(4864K) NonClass: 3083K(4352K)->3083K(4352K) Class: 305K(512K)->305K(512K)
[2025-12-16T20:43:45.871+0800][1.707s][info][gc           ] GC(113) Pause Young (Allocation Failure) 31M->0M(202M) 0.065ms
[2025-12-16T20:43:45.871+0800][1.707s][info][gc,cpu       ] GC(113) User=0.00s Sys=0.00s Real=0.00s
[2025-12-16T20:43:45.883+0800][1.719s][info][gc,start     ] GC(114) Pause Young (Allocation Failure)
[2025-12-16T20:43:45.883+0800][1.719s][info][gc,heap      ] GC(114) PSYoungGen: 31264K->96K(31744K)
[2025-12-16T20:43:45.883+0800][1.719s][info][gc,heap      ] GC(114) ParOldGen: 524K->524K(175104K)
[2025-12-16T20:43:45.883+0800][1.719s][info][gc,metaspace ] GC(114) Metaspace: 3388K(4864K)->3388K(4864K) NonClass: 3083K(4352K)->3083K(4352K) Class: 305K(512K)->305K(512K)
[2025-12-16T20:43:45.883+0800][1.719s][info][gc           ] GC(114) Pause Young (Allocation Failure) 31M->0M(202M) 0.056ms
[2025-12-16T20:43:45.883+0800][1.719s][info][gc,cpu       ] GC(114) User=0.00s Sys=0.00s Real=0.00s
[2025-12-16T20:43:45.895+0800][1.732s][info][gc,start     ] GC(115) Pause Young (Allocation Failure)
[2025-12-16T20:43:45.896+0800][1.732s][info][gc,heap      ] GC(115) PSYoungGen: 31328K->64K(31744K)
[2025-12-16T20:43:45.896+0800][1.732s][info][gc,heap      ] GC(115) ParOldGen: 524K->524K(175104K)
[2025-12-16T20:43:45.896+0800][1.732s][info][gc,metaspace ] GC(115) Metaspace: 3388K(4864K)->3388K(4864K) NonClass: 3083K(4352K)->3083K(4352K) Class: 305K(512K)->305K(512K)
[2025-12-16T20:43:45.896+0800][1.732s][info][gc           ] GC(115) Pause Young (Allocation Failure) 31M->0M(202M) 0.063ms
[2025-12-16T20:43:45.896+0800][1.732s][info][gc,cpu       ] GC(115) User=0.00s Sys=0.00s Real=0.00s
[2025-12-16T20:43:45.907+0800][1.743s][info][gc,start     ] GC(116) Pause Young (Allocation Failure)
[2025-12-16T20:43:45.907+0800][1.743s][info][gc,heap      ] GC(116) PSYoungGen: 31296K->32K(31744K)
[2025-12-16T20:43:45.907+0800][1.743s][info][gc,heap      ] GC(116) ParOldGen: 524K->524K(175104K)
[2025-12-16T20:43:45.907+0800][1.743s][info][gc,metaspace ] GC(116) Metaspace: 3388K(4864K)->3388K(4864K) NonClass: 3083K(4352K)->3083K(4352K) Class: 305K(512K)->305K(512K)
[2025-12-16T20:43:45.907+0800][1.743s][info][gc           ] GC(116) Pause Young (Allocation Failure) 31M->0M(202M) 0.063ms
[2025-12-16T20:43:45.907+0800][1.743s][info][gc,cpu       ] GC(116) User=0.00s Sys=0.00s Real=0.00s
[2025-12-16T20:43:45.919+0800][1.755s][info][gc,start     ] GC(117) Pause Young (Allocation Failure)
[2025-12-16T20:43:45.919+0800][1.755s][info][gc,heap      ] GC(117) PSYoungGen: 31264K->32K(31744K)
[2025-12-16T20:43:45.919+0800][1.755s][info][gc,heap      ] GC(117) ParOldGen: 524K->524K(175104K)
[2025-12-16T20:43:45.919+0800][1.755s][info][gc,metaspace ] GC(117) Metaspace: 3388K(4864K)->3388K(4864K) NonClass: 3083K(4352K)->3083K(4352K) Class: 305K(512K)->305K(512K)
[2025-12-16T20:43:45.919+0800][1.755s][info][gc           ] GC(117) Pause Young (Allocation Failure) 31M->0M(202M) 0.068ms
[2025-12-16T20:43:45.919+0800][1.755s][info][gc,cpu       ] GC(117) User=0.00s Sys=0.00s Real=0.00s
[2025-12-16T20:43:45.930+0800][1.767s][info][gc,start     ] GC(118) Pause Young (Allocation Failure)
[2025-12-16T20:43:45.930+0800][1.767s][info][gc,heap      ] GC(118) PSYoungGen: 31264K->64K(31744K)
[2025-12-16T20:43:45.930+0800][1.767s][info][gc,heap      ] GC(118) ParOldGen: 524K->524K(175104K)
[2025-12-16T20:43:45.930+0800][1.767s][info][gc,metaspace ] GC(118) Metaspace: 3388K(4864K)->3388K(4864K) NonClass: 3083K(4352K)->3083K(4352K) Class: 305K(512K)->305K(512K)
[2025-12-16T20:43:45.930+0800][1.767s][info][gc           ] GC(118) Pause Young (Allocation Failure) 31M->0M(202M) 0.074ms
[2025-12-16T20:43:45.930+0800][1.767s][info][gc,cpu       ] GC(118) User=0.00s Sys=0.00s Real=0.00s
[2025-12-16T20:43:45.942+0800][1.778s][info][gc,start     ] GC(119) Pause Young (Allocation Failure)
[2025-12-16T20:43:45.942+0800][1.778s][info][gc,heap      ] GC(119) PSYoungGen: 31296K->64K(31744K)
[2025-12-16T20:43:45.942+0800][1.778s][info][gc,heap      ] GC(119) ParOldGen: 524K->524K(175104K)
[2025-12-16T20:43:45.942+0800][1.778s][info][gc,metaspace ] GC(119) Metaspace: 3388K(4864K)->3388K(4864K) NonClass: 3083K(4352K)->3083K(4352K) Class: 305K(512K)->305K(512K)
[2025-12-16T20:43:45.942+0800][1.778s][info][gc           ] GC(119) Pause Young (Allocation Failure) 31M->0M(202M) 0.075ms
[2025-12-16T20:43:45.942+0800][1.778s][info][gc,cpu       ] GC(119) User=0.00s Sys=0.00s Real=0.00s
[2025-12-16T20:43:45.954+0800][1.790s][info][gc,start     ] GC(120) Pause Young (Allocation Failure)
[2025-12-16T20:43:45.954+0800][1.790s][info][gc,heap      ] GC(120) PSYoungGen: 31296K->64K(31744K)
[2025-12-16T20:43:45.954+0800][1.790s][info][gc,heap      ] GC(120) ParOldGen: 524K->524K(175104K)
[2025-12-16T20:43:45.954+0800][1.790s][info][gc,metaspace ] GC(120) Metaspace: 3388K(4864K)->3388K(4864K) NonClass: 3083K(4352K)->3083K(4352K) Class: 305K(512K)->305K(512K)
[2025-12-16T20:43:45.954+0800][1.790s][info][gc           ] GC(120) Pause Young (Allocation Failure) 31M->0M(202M) 0.063ms
[2025-12-16T20:43:45.954+0800][1.790s][info][gc,cpu       ] GC(120) User=0.00s Sys=0.00s Real=0.00s
[2025-12-16T20:43:45.966+0800][1.802s][info][gc,start     ] GC(121) Pause Young (Allocation Failure)
[2025-12-16T20:43:45.966+0800][1.802s][info][gc,heap      ] GC(121) PSYoungGen: 31296K->64K(31744K)
[2025-12-16T20:43:45.966+0800][1.802s][info][gc,heap      ] GC(121) ParOldGen: 524K->524K(175104K)
[2025-12-16T20:43:45.966+0800][1.802s][info][gc,metaspace ] GC(121) Metaspace: 3388K(4864K)->3388K(4864K) NonClass: 3083K(4352K)->3083K(4352K) Class: 305K(512K)->305K(512K)
[2025-12-16T20:43:45.966+0800][1.802s][info][gc           ] GC(121) Pause Young (Allocation Failure) 31M->0M(202M) 0.055ms
[2025-12-16T20:43:45.966+0800][1.802s][info][gc,cpu       ] GC(121) User=0.00s Sys=0.00s Real=0.00s
[2025-12-16T20:43:45.977+0800][1.814s][info][gc,start     ] GC(122) Pause Young (Allocation Failure)
[2025-12-16T20:43:45.978+0800][1.814s][info][gc,heap      ] GC(122) PSYoungGen: 31296K->64K(31744K)
[2025-12-16T20:43:45.978+0800][1.814s][info][gc,heap      ] GC(122) ParOldGen: 524K->524K(175104K)
[2025-12-16T20:43:45.978+0800][1.814s][info][gc,metaspace ] GC(122) Metaspace: 3388K(4864K)->3388K(4864K) NonClass: 3083K(4352K)->3083K(4352K) Class: 305K(512K)->305K(512K)
[2025-12-16T20:43:45.978+0800][1.814s][info][gc           ] GC(122) Pause Young (Allocation Failure) 31M->0M(202M) 0.062ms
[2025-12-16T20:43:45.978+0800][1.814s][info][gc,cpu       ] GC(122) User=0.00s Sys=0.00s Real=0.00s
[2025-12-16T20:43:45.989+0800][1.826s][info][gc,start     ] GC(123) Pause Young (Allocation Failure)
[2025-12-16T20:43:45.989+0800][1.826s][info][gc,heap      ] GC(123) PSYoungGen: 31296K->64K(31744K)
[2025-12-16T20:43:45.989+0800][1.826s][info][gc,heap      ] GC(123) ParOldGen: 524K->524K(175104K)
[2025-12-16T20:43:45.989+0800][1.826s][info][gc,metaspace ] GC(123) Metaspace: 3388K(4864K)->3388K(4864K) NonClass: 3083K(4352K)->3083K(4352K) Class: 305K(512K)->305K(512K)
[2025-12-16T20:43:45.989+0800][1.826s][info][gc           ] GC(123) Pause Young (Allocation Failure) 31M->0M(202M) 0.062ms
[2025-12-16T20:43:45.989+0800][1.826s][info][gc,cpu       ] GC(123) User=0.00s Sys=0.00s Real=0.00s
[2025-12-16T20:43:46.001+0800][1.838s][info][gc,start     ] GC(124) Pause Young (Allocation Failure)
[2025-12-16T20:43:46.001+0800][1.838s][info][gc,heap      ] GC(124) PSYoungGen: 31296K->64K(31744K)
[2025-12-16T20:43:46.001+0800][1.838s][info][gc,heap      ] GC(124) ParOldGen: 524K->524K(175104K)
[2025-12-16T20:43:46.001+0800][1.838s][info][gc,metaspace ] GC(124) Metaspace: 3388K(4864K)->3388K(4864K) NonClass: 3083K(4352K)->3083K(4352K) Class: 305K(512K)->305K(512K)
[2025-12-16T20:43:46.001+0800][1.838s][info][gc           ] GC(124) Pause Young (Allocation Failure) 31M->0M(202M) 0.071ms
[2025-12-16T20:43:46.001+0800][1.838s][info][gc,cpu       ] GC(124) User=0.00s Sys=0.00s Real=0.00s
[2025-12-16T20:43:46.013+0800][1.849s][info][gc,start     ] GC(125) Pause Young (Allocation Failure)
[2025-12-16T20:43:46.013+0800][1.849s][info][gc,heap      ] GC(125) PSYoungGen: 31296K->64K(31744K)
[2025-12-16T20:43:46.013+0800][1.849s][info][gc,heap      ] GC(125) ParOldGen: 524K->524K(175104K)
[2025-12-16T20:43:46.013+0800][1.849s][info][gc,metaspace ] GC(125) Metaspace: 3388K(4864K)->3388K(4864K) NonClass: 3083K(4352K)->3083K(4352K) Class: 305K(512K)->305K(512K)
[2025-12-16T20:43:46.013+0800][1.849s][info][gc           ] GC(125) Pause Young (Allocation Failure) 31M->0M(202M) 0.057ms
[2025-12-16T20:43:46.013+0800][1.849s][info][gc,cpu       ] GC(125) User=0.00s Sys=0.00s Real=0.00s
[2025-12-16T20:43:46.025+0800][1.861s][info][gc,start     ] GC(126) Pause Young (Allocation Failure)
[2025-12-16T20:43:46.025+0800][1.861s][info][gc,heap      ] GC(126) PSYoungGen: 31296K->64K(31744K)
[2025-12-16T20:43:46.025+0800][1.861s][info][gc,heap      ] GC(126) ParOldGen: 524K->524K(175104K)
[2025-12-16T20:43:46.025+0800][1.861s][info][gc,metaspace ] GC(126) Metaspace: 3388K(4864K)->3388K(4864K) NonClass: 3083K(4352K)->3083K(4352K) Class: 305K(512K)->305K(512K)
[2025-12-16T20:43:46.025+0800][1.861s][info][gc           ] GC(126) Pause Young (Allocation Failure) 31M->0M(202M) 0.074ms
[2025-12-16T20:43:46.025+0800][1.861s][info][gc,cpu       ] GC(126) User=0.00s Sys=0.00s Real=0.00s
[2025-12-16T20:43:46.037+0800][1.873s][info][gc,start     ] GC(127) Pause Young (Allocation Failure)
[2025-12-16T20:43:46.037+0800][1.873s][info][gc,heap      ] GC(127) PSYoungGen: 31296K->64K(31744K)
[2025-12-16T20:43:46.037+0800][1.873s][info][gc,heap      ] GC(127) ParOldGen: 524K->524K(175104K)
[2025-12-16T20:43:46.037+0800][1.873s][info][gc,metaspace ] GC(127) Metaspace: 3388K(4864K)->3388K(4864K) NonClass: 3083K(4352K)->3083K(4352K) Class: 305K(512K)->305K(512K)
[2025-12-16T20:43:46.037+0800][1.873s][info][gc           ] GC(127) Pause Young (Allocation Failure) 31M->0M(202M) 0.066ms
[2025-12-16T20:43:46.037+0800][1.873s][info][gc,cpu       ] GC(127) User=0.00s Sys=0.00s Real=0.00s
[2025-12-16T20:43:46.048+0800][1.885s][info][gc,start     ] GC(128) Pause Young (Allocation Failure)
[2025-12-16T20:43:46.048+0800][1.885s][info][gc,heap      ] GC(128) PSYoungGen: 31296K->64K(31744K)
[2025-12-16T20:43:46.048+0800][1.885s][info][gc,heap      ] GC(128) ParOldGen: 524K->524K(175104K)
[2025-12-16T20:43:46.048+0800][1.885s][info][gc,metaspace ] GC(128) Metaspace: 3388K(4864K)->3388K(4864K) NonClass: 3083K(4352K)->3083K(4352K) Class: 305K(512K)->305K(512K)
[2025-12-16T20:43:46.048+0800][1.885s][info][gc           ] GC(128) Pause Young (Allocation Failure) 31M->0M(202M) 0.073ms
[2025-12-16T20:43:46.048+0800][1.885s][info][gc,cpu       ] GC(128) User=0.00s Sys=0.00s Real=0.00s
[2025-12-16T20:43:46.060+0800][1.896s][info][gc,start     ] GC(129) Pause Young (Allocation Failure)
[2025-12-16T20:43:46.060+0800][1.896s][info][gc,heap      ] GC(129) PSYoungGen: 31296K->64K(31744K)
[2025-12-16T20:43:46.060+0800][1.896s][info][gc,heap      ] GC(129) ParOldGen: 524K->524K(175104K)
[2025-12-16T20:43:46.060+0800][1.896s][info][gc,metaspace ] GC(129) Metaspace: 3388K(4864K)->3388K(4864K) NonClass: 3083K(4352K)->3083K(4352K) Class: 305K(512K)->305K(512K)
[2025-12-16T20:43:46.060+0800][1.896s][info][gc           ] GC(129) Pause Young (Allocation Failure) 31M->0M(202M) 0.057ms
[2025-12-16T20:43:46.060+0800][1.896s][info][gc,cpu       ] GC(129) User=0.00s Sys=0.00s Real=0.00s
[2025-12-16T20:43:46.072+0800][1.908s][info][gc,start     ] GC(130) Pause Young (Allocation Failure)
[2025-12-16T20:43:46.072+0800][1.908s][info][gc,heap      ] GC(130) PSYoungGen: 31296K->64K(31744K)
[2025-12-16T20:43:46.072+0800][1.908s][info][gc,heap      ] GC(130) ParOldGen: 524K->524K(175104K)
[2025-12-16T20:43:46.072+0800][1.908s][info][gc,metaspace ] GC(130) Metaspace: 3388K(4864K)->3388K(4864K) NonClass: 3083K(4352K)->3083K(4352K) Class: 305K(512K)->305K(512K)
[2025-12-16T20:43:46.072+0800][1.908s][info][gc           ] GC(130) Pause Young (Allocation Failure) 31M->0M(202M) 0.073ms
[2025-12-16T20:43:46.072+0800][1.908s][info][gc,cpu       ] GC(130) User=0.00s Sys=0.00s Real=0.00s
[2025-12-16T20:43:46.083+0800][1.920s][info][gc,start     ] GC(131) Pause Young (Allocation Failure)
[2025-12-16T20:43:46.083+0800][1.920s][info][gc,heap      ] GC(131) PSYoungGen: 31296K->64K(31744K)
[2025-12-16T20:43:46.083+0800][1.920s][info][gc,heap      ] GC(131) ParOldGen: 524K->524K(175104K)
[2025-12-16T20:43:46.083+0800][1.920s][info][gc,metaspace ] GC(131) Metaspace: 3388K(4864K)->3388K(4864K) NonClass: 3083K(4352K)->3083K(4352K) Class: 305K(512K)->305K(512K)
[2025-12-16T20:43:46.083+0800][1.920s][info][gc           ] GC(131) Pause Young (Allocation Failure) 31M->0M(202M) 0.058ms
[2025-12-16T20:43:46.083+0800][1.920s][info][gc,cpu       ] GC(131) User=0.00s Sys=0.00s Real=0.00s
[2025-12-16T20:43:46.095+0800][1.932s][info][gc,start     ] GC(132) Pause Young (Allocation Failure)
[2025-12-16T20:43:46.095+0800][1.932s][info][gc,heap      ] GC(132) PSYoungGen: 31296K->64K(31744K)
[2025-12-16T20:43:46.095+0800][1.932s][info][gc,heap      ] GC(132) ParOldGen: 524K->524K(175104K)
[2025-12-16T20:43:46.095+0800][1.932s][info][gc,metaspace ] GC(132) Metaspace: 3388K(4864K)->3388K(4864K) NonClass: 3083K(4352K)->3083K(4352K) Class: 305K(512K)->305K(512K)
[2025-12-16T20:43:46.095+0800][1.932s][info][gc           ] GC(132) Pause Young (Allocation Failure) 31M->0M(202M) 0.064ms
[2025-12-16T20:43:46.095+0800][1.932s][info][gc,cpu       ] GC(132) User=0.00s Sys=0.00s Real=0.00s
[2025-12-16T20:43:46.107+0800][1.943s][info][gc,start     ] GC(133) Pause Young (Allocation Failure)
[2025-12-16T20:43:46.107+0800][1.943s][info][gc,heap      ] GC(133) PSYoungGen: 31296K->64K(31744K)
[2025-12-16T20:43:46.107+0800][1.943s][info][gc,heap      ] GC(133) ParOldGen: 524K->524K(175104K)
[2025-12-16T20:43:46.107+0800][1.943s][info][gc,metaspace ] GC(133) Metaspace: 3388K(4864K)->3388K(4864K) NonClass: 3083K(4352K)->3083K(4352K) Class: 305K(512K)->305K(512K)
[2025-12-16T20:43:46.107+0800][1.943s][info][gc           ] GC(133) Pause Young (Allocation Failure) 31M->0M(202M) 0.058ms
[2025-12-16T20:43:46.107+0800][1.943s][info][gc,cpu       ] GC(133) User=0.00s Sys=0.00s Real=0.00s
[2025-12-16T20:43:46.119+0800][1.955s][info][gc,start     ] GC(134) Pause Young (Allocation Failure)
[2025-12-16T20:43:46.119+0800][1.955s][info][gc,heap      ] GC(134) PSYoungGen: 31296K->64K(31744K)
[2025-12-16T20:43:46.119+0800][1.955s][info][gc,heap      ] GC(134) ParOldGen: 524K->524K(175104K)
[2025-12-16T20:43:46.119+0800][1.955s][info][gc,metaspace ] GC(134) Metaspace: 3388K(4864K)->3388K(4864K) NonClass: 3083K(4352K)->3083K(4352K) Class: 305K(512K)->305K(512K)
[2025-12-16T20:43:46.119+0800][1.955s][info][gc           ] GC(134) Pause Young (Allocation Failure) 31M->0M(202M) 0.064ms
[2025-12-16T20:43:46.119+0800][1.955s][info][gc,cpu       ] GC(134) User=0.00s Sys=0.00s Real=0.00s
[2025-12-16T20:43:46.131+0800][1.967s][info][gc,start     ] GC(135) Pause Young (Allocation Failure)
[2025-12-16T20:43:46.131+0800][1.967s][info][gc,heap      ] GC(135) PSYoungGen: 31296K->64K(31744K)
[2025-12-16T20:43:46.131+0800][1.967s][info][gc,heap      ] GC(135) ParOldGen: 524K->524K(175104K)
[2025-12-16T20:43:46.131+0800][1.967s][info][gc,metaspace ] GC(135) Metaspace: 3388K(4864K)->3388K(4864K) NonClass: 3083K(4352K)->3083K(4352K) Class: 305K(512K)->305K(512K)
[2025-12-16T20:43:46.131+0800][1.967s][info][gc           ] GC(135) Pause Young (Allocation Failure) 31M->0M(202M) 0.061ms
[2025-12-16T20:43:46.131+0800][1.967s][info][gc,cpu       ] GC(135) User=0.00s Sys=0.00s Real=0.00s
[2025-12-16T20:43:46.143+0800][1.979s][info][gc,start     ] GC(136) Pause Young (Allocation Failure)
[2025-12-16T20:43:46.143+0800][1.979s][info][gc,heap      ] GC(136) PSYoungGen: 31296K->64K(31744K)
[2025-12-16T20:43:46.143+0800][1.979s][info][gc,heap      ] GC(136) ParOldGen: 524K->524K(175104K)
[2025-12-16T20:43:46.143+0800][1.979s][info][gc,metaspace ] GC(136) Metaspace: 3388K(4864K)->3388K(4864K) NonClass: 3083K(4352K)->3083K(4352K) Class: 305K(512K)->305K(512K)
[2025-12-16T20:43:46.143+0800][1.979s][info][gc           ] GC(136) Pause Young (Allocation Failure) 31M->0M(202M) 0.057ms
[2025-12-16T20:43:46.143+0800][1.979s][info][gc,cpu       ] GC(136) User=0.00s Sys=0.00s Real=0.00s
[2025-12-16T20:43:46.154+0800][1.991s][info][gc,start     ] GC(137) Pause Young (Allocation Failure)
[2025-12-16T20:43:46.154+0800][1.991s][info][gc,heap      ] GC(137) PSYoungGen: 31296K->64K(31744K)
[2025-12-16T20:43:46.154+0800][1.991s][info][gc,heap      ] GC(137) ParOldGen: 524K->524K(175104K)
[2025-12-16T20:43:46.154+0800][1.991s][info][gc,metaspace ] GC(137) Metaspace: 3388K(4864K)->3388K(4864K) NonClass: 3083K(4352K)->3083K(4352K) Class: 305K(512K)->305K(512K)
[2025-12-16T20:43:46.154+0800][1.991s][info][gc           ] GC(137) Pause Young (Allocation Failure) 31M->0M(202M) 0.074ms
[2025-12-16T20:43:46.154+0800][1.991s][info][gc,cpu       ] GC(137) User=0.00s Sys=0.00s Real=0.00s
[2025-12-16T20:43:46.166+0800][2.002s][info][gc,start     ] GC(138) Pause Young (Allocation Failure)
[2025-12-16T20:43:46.166+0800][2.003s][info][gc,heap      ] GC(138) PSYoungGen: 31296K->64K(31744K)
[2025-12-16T20:43:46.166+0800][2.003s][info][gc,heap      ] GC(138) ParOldGen: 524K->524K(175104K)
[2025-12-16T20:43:46.166+0800][2.003s][info][gc,metaspace ] GC(138) Metaspace: 3388K(4864K)->3388K(4864K) NonClass: 3083K(4352K)->3083K(4352K) Class: 305K(512K)->305K(512K)
[2025-12-16T20:43:46.166+0800][2.003s][info][gc           ] GC(138) Pause Young (Allocation Failure) 31M->0M(202M) 0.062ms
[2025-12-16T20:43:46.166+0800][2.003s][info][gc,cpu       ] GC(138) User=0.00s Sys=0.00s Real=0.00s
[2025-12-16T20:43:46.178+0800][2.014s][info][gc,start     ] GC(139) Pause Young (Allocation Failure)
[2025-12-16T20:43:46.178+0800][2.014s][info][gc,heap      ] GC(139) PSYoungGen: 31296K->64K(31744K)
[2025-12-16T20:43:46.178+0800][2.014s][info][gc,heap      ] GC(139) ParOldGen: 524K->524K(175104K)
[2025-12-16T20:43:46.178+0800][2.014s][info][gc,metaspace ] GC(139) Metaspace: 3388K(4864K)->3388K(4864K) NonClass: 3083K(4352K)->3083K(4352K) Class: 305K(512K)->305K(512K)
[2025-12-16T20:43:46.178+0800][2.014s][info][gc           ] GC(139) Pause Young (Allocation Failure) 31M->0M(202M) 0.051ms
[2025-12-16T20:43:46.178+0800][2.014s][info][gc,cpu       ] GC(139) User=0.00s Sys=0.00s Real=0.00s
[2025-12-16T20:43:46.189+0800][2.026s][info][gc,start     ] GC(140) Pause Young (Allocation Failure)
[2025-12-16T20:43:46.189+0800][2.026s][info][gc,heap      ] GC(140) PSYoungGen: 31296K->64K(31744K)
[2025-12-16T20:43:46.189+0800][2.026s][info][gc,heap      ] GC(140) ParOldGen: 524K->524K(175104K)
[2025-12-16T20:43:46.189+0800][2.026s][info][gc,metaspace ] GC(140) Metaspace: 3388K(4864K)->3388K(4864K) NonClass: 3083K(4352K)->3083K(4352K) Class: 305K(512K)->305K(512K)
[2025-12-16T20:43:46.189+0800][2.026s][info][gc           ] GC(140) Pause Young (Allocation Failure) 31M->0M(202M) 0.055ms
[2025-12-16T20:43:46.189+0800][2.026s][info][gc,cpu       ] GC(140) User=0.00s Sys=0.00s Real=0.00s
[2025-12-16T20:43:46.201+0800][2.037s][info][gc,start     ] GC(141) Pause Young (Allocation Failure)
[2025-12-16T20:43:46.201+0800][2.037s][info][gc,heap      ] GC(141) PSYoungGen: 31296K->64K(31744K)
[2025-12-16T20:43:46.201+0800][2.037s][info][gc,heap      ] GC(141) ParOldGen: 524K->524K(175104K)
[2025-12-16T20:43:46.201+0800][2.037s][info][gc,metaspace ] GC(141) Metaspace: 3388K(4864K)->3388K(4864K) NonClass: 3083K(4352K)->3083K(4352K) Class: 305K(512K)->305K(512K)
[2025-12-16T20:43:46.201+0800][2.037s][info][gc           ] GC(141) Pause Young (Allocation Failure) 31M->0M(202M) 0.056ms
[2025-12-16T20:43:46.201+0800][2.037s][info][gc,cpu       ] GC(141) User=0.00s Sys=0.00s Real=0.00s
[2025-12-16T20:43:46.212+0800][2.049s][info][gc,start     ] GC(142) Pause Young (Allocation Failure)
[2025-12-16T20:43:46.212+0800][2.049s][info][gc,heap      ] GC(142) PSYoungGen: 31296K->64K(31744K)
[2025-12-16T20:43:46.212+0800][2.049s][info][gc,heap      ] GC(142) ParOldGen: 524K->524K(175104K)
[2025-12-16T20:43:46.212+0800][2.049s][info][gc,metaspace ] GC(142) Metaspace: 3388K(4864K)->3388K(4864K) NonClass: 3083K(4352K)->3083K(4352K) Class: 305K(512K)->305K(512K)
[2025-12-16T20:43:46.212+0800][2.049s][info][gc           ] GC(142) Pause Young (Allocation Failure) 31M->0M(202M) 0.056ms
[2025-12-16T20:43:46.212+0800][2.049s][info][gc,cpu       ] GC(142) User=0.00s Sys=0.00s Real=0.00s
[2025-12-16T20:43:46.224+0800][2.061s][info][gc,start     ] GC(143) Pause Young (Allocation Failure)
[2025-12-16T20:43:46.224+0800][2.061s][info][gc,heap      ] GC(143) PSYoungGen: 31296K->64K(31744K)
[2025-12-16T20:43:46.224+0800][2.061s][info][gc,heap      ] GC(143) ParOldGen: 524K->524K(175104K)
[2025-12-16T20:43:46.224+0800][2.061s][info][gc,metaspace ] GC(143) Metaspace: 3388K(4864K)->3388K(4864K) NonClass: 3083K(4352K)->3083K(4352K) Class: 305K(512K)->305K(512K)
[2025-12-16T20:43:46.224+0800][2.061s][info][gc           ] GC(143) Pause Young (Allocation Failure) 31M->0M(202M) 0.057ms
[2025-12-16T20:43:46.224+0800][2.061s][info][gc,cpu       ] GC(143) User=0.00s Sys=0.00s Real=0.00s
[2025-12-16T20:43:46.236+0800][2.072s][info][gc,start     ] GC(144) Pause Young (Allocation Failure)
[2025-12-16T20:43:46.236+0800][2.072s][info][gc,heap      ] GC(144) PSYoungGen: 31296K->64K(31744K)
[2025-12-16T20:43:46.236+0800][2.072s][info][gc,heap      ] GC(144) ParOldGen: 524K->524K(175104K)
[2025-12-16T20:43:46.236+0800][2.072s][info][gc,metaspace ] GC(144) Metaspace: 3388K(4864K)->3388K(4864K) NonClass: 3083K(4352K)->3083K(4352K) Class: 305K(512K)->305K(512K)
[2025-12-16T20:43:46.236+0800][2.072s][info][gc           ] GC(144) Pause Young (Allocation Failure) 31M->0M(202M) 0.062ms
[2025-12-16T20:43:46.236+0800][2.072s][info][gc,cpu       ] GC(144) User=0.00s Sys=0.00s Real=0.00s
[2025-12-16T20:43:46.248+0800][2.084s][info][gc,start     ] GC(145) Pause Young (Allocation Failure)
[2025-12-16T20:43:46.248+0800][2.084s][info][gc,heap      ] GC(145) PSYoungGen: 31296K->64K(31744K)
[2025-12-16T20:43:46.248+0800][2.084s][info][gc,heap      ] GC(145) ParOldGen: 524K->524K(175104K)
[2025-12-16T20:43:46.248+0800][2.084s][info][gc,metaspace ] GC(145) Metaspace: 3388K(4864K)->3388K(4864K) NonClass: 3083K(4352K)->3083K(4352K) Class: 305K(512K)->305K(512K)
[2025-12-16T20:43:46.248+0800][2.084s][info][gc           ] GC(145) Pause Young (Allocation Failure) 31M->0M(202M) 0.062ms
[2025-12-16T20:43:46.248+0800][2.084s][info][gc,cpu       ] GC(145) User=0.00s Sys=0.00s Real=0.00s
[2025-12-16T20:43:46.259+0800][2.096s][info][gc,start     ] GC(146) Pause Young (Allocation Failure)
[2025-12-16T20:43:46.259+0800][2.096s][info][gc,heap      ] GC(146) PSYoungGen: 31296K->64K(31744K)
[2025-12-16T20:43:46.259+0800][2.096s][info][gc,heap      ] GC(146) ParOldGen: 524K->524K(175104K)
[2025-12-16T20:43:46.259+0800][2.096s][info][gc,metaspace ] GC(146) Metaspace: 3388K(4864K)->3388K(4864K) NonClass: 3083K(4352K)->3083K(4352K) Class: 305K(512K)->305K(512K)
[2025-12-16T20:43:46.259+0800][2.096s][info][gc           ] GC(146) Pause Young (Allocation Failure) 31M->0M(202M) 0.060ms
[2025-12-16T20:43:46.259+0800][2.096s][info][gc,cpu       ] GC(146) User=0.00s Sys=0.00s Real=0.00s
[2025-12-16T20:43:46.271+0800][2.107s][info][gc,start     ] GC(147) Pause Young (Allocation Failure)
[2025-12-16T20:43:46.271+0800][2.108s][info][gc,heap      ] GC(147) PSYoungGen: 31296K->32K(31744K)
[2025-12-16T20:43:46.271+0800][2.108s][info][gc,heap      ] GC(147) ParOldGen: 524K->524K(175104K)
[2025-12-16T20:43:46.271+0800][2.108s][info][gc,metaspace ] GC(147) Metaspace: 3388K(4864K)->3388K(4864K) NonClass: 3083K(4352K)->3083K(4352K) Class: 305K(512K)->305K(512K)
[2025-12-16T20:43:46.271+0800][2.108s][info][gc           ] GC(147) Pause Young (Allocation Failure) 31M->0M(202M) 0.069ms
[2025-12-16T20:43:46.271+0800][2.108s][info][gc,cpu       ] GC(147) User=0.00s Sys=0.00s Real=0.00s
[2025-12-16T20:43:46.283+0800][2.119s][info][gc,start     ] GC(148) Pause Young (Allocation Failure)
[2025-12-16T20:43:46.283+0800][2.119s][info][gc,heap      ] GC(148) PSYoungGen: 31264K->96K(31744K)
[2025-12-16T20:43:46.283+0800][2.119s][info][gc,heap      ] GC(148) ParOldGen: 524K->524K(175104K)
[2025-12-16T20:43:46.283+0800][2.119s][info][gc,metaspace ] GC(148) Metaspace: 3388K(4864K)->3388K(4864K) NonClass: 3083K(4352K)->3083K(4352K) Class: 305K(512K)->305K(512K)
[2025-12-16T20:43:46.283+0800][2.119s][info][gc           ] GC(148) Pause Young (Allocation Failure) 31M->0M(202M) 0.062ms
[2025-12-16T20:43:46.283+0800][2.119s][info][gc,cpu       ] GC(148) User=0.00s Sys=0.00s Real=0.00s
[2025-12-16T20:43:46.294+0800][2.131s][info][gc,start     ] GC(149) Pause Young (Allocation Failure)
[2025-12-16T20:43:46.294+0800][2.131s][info][gc,heap      ] GC(149) PSYoungGen: 31328K->64K(31744K)
[2025-12-16T20:43:46.294+0800][2.131s][info][gc,heap      ] GC(149) ParOldGen: 524K->524K(175104K)
[2025-12-16T20:43:46.294+0800][2.131s][info][gc,metaspace ] GC(149) Metaspace: 3388K(4864K)->3388K(4864K) NonClass: 3083K(4352K)->3083K(4352K) Class: 305K(512K)->305K(512K)
[2025-12-16T20:43:46.294+0800][2.131s][info][gc           ] GC(149) Pause Young (Allocation Failure) 31M->0M(202M) 0.053ms
[2025-12-16T20:43:46.294+0800][2.131s][info][gc,cpu       ] GC(149) User=0.00s Sys=0.00s Real=0.00s
[2025-12-16T20:43:46.306+0800][2.142s][info][gc,start     ] GC(150) Pause Young (Allocation Failure)
[2025-12-16T20:43:46.306+0800][2.142s][info][gc,heap      ] GC(150) PSYoungGen: 31296K->64K(31744K)
[2025-12-16T20:43:46.306+0800][2.142s][info][gc,heap      ] GC(150) ParOldGen: 524K->524K(175104K)
[2025-12-16T20:43:46.306+0800][2.142s][info][gc,metaspace ] GC(150) Metaspace: 3388K(4864K)->3388K(4864K) NonClass: 3083K(4352K)->3083K(4352K) Class: 305K(512K)->305K(512K)
[2025-12-16T20:43:46.306+0800][2.142s][info][gc           ] GC(150) Pause Young (Allocation Failure) 31M->0M(202M) 0.071ms
[2025-12-16T20:43:46.306+0800][2.142s][info][gc,cpu       ] GC(150) User=0.00s Sys=0.00s Real=0.00s
[2025-12-16T20:43:46.318+0800][2.155s][info][gc,start     ] GC(151) Pause Young (Allocation Failure)
[2025-12-16T20:43:46.318+0800][2.155s][info][gc,heap      ] GC(151) PSYoungGen: 31296K->96K(31744K)
[2025-12-16T20:43:46.318+0800][2.155s][info][gc,heap      ] GC(151) ParOldGen: 524K->524K(175104K)
[2025-12-16T20:43:46.318+0800][2.155s][info][gc,metaspace ] GC(151) Metaspace: 3388K(4864K)->3388K(4864K) NonClass: 3083K(4352K)->3083K(4352K) Class: 305K(512K)->305K(512K)
[2025-12-16T20:43:46.318+0800][2.155s][info][gc           ] GC(151) Pause Young (Allocation Failure) 31M->0M(202M) 0.064ms
[2025-12-16T20:43:46.318+0800][2.155s][info][gc,cpu       ] GC(151) User=0.00s Sys=0.00s Real=0.00s
[2025-12-16T20:43:46.330+0800][2.167s][info][gc,start     ] GC(152) Pause Young (Allocation Failure)
[2025-12-16T20:43:46.330+0800][2.167s][info][gc,heap      ] GC(152) PSYoungGen: 31328K->64K(31744K)
[2025-12-16T20:43:46.330+0800][2.167s][info][gc,heap      ] GC(152) ParOldGen: 524K->524K(175104K)
[2025-12-16T20:43:46.330+0800][2.167s][info][gc,metaspace ] GC(152) Metaspace: 3388K(4864K)->3388K(4864K) NonClass: 3083K(4352K)->3083K(4352K) Class: 305K(512K)->305K(512K)
[2025-12-16T20:43:46.330+0800][2.167s][info][gc           ] GC(152) Pause Young (Allocation Failure) 31M->0M(202M) 0.056ms
[2025-12-16T20:43:46.330+0800][2.167s][info][gc,cpu       ] GC(152) User=0.00s Sys=0.00s Real=0.00s
[2025-12-16T20:43:46.342+0800][2.179s][info][gc,start     ] GC(153) Pause Young (Allocation Failure)
[2025-12-16T20:43:46.342+0800][2.179s][info][gc,heap      ] GC(153) PSYoungGen: 31296K->64K(31744K)
[2025-12-16T20:43:46.342+0800][2.179s][info][gc,heap      ] GC(153) ParOldGen: 524K->524K(175104K)
[2025-12-16T20:43:46.342+0800][2.179s][info][gc,metaspace ] GC(153) Metaspace: 3388K(4864K)->3388K(4864K) NonClass: 3083K(4352K)->3083K(4352K) Class: 305K(512K)->305K(512K)
[2025-12-16T20:43:46.342+0800][2.179s][info][gc           ] GC(153) Pause Young (Allocation Failure) 31M->0M(202M) 0.057ms
[2025-12-16T20:43:46.342+0800][2.179s][info][gc,cpu       ] GC(153) User=0.00s Sys=0.00s Real=0.00s
[2025-12-16T20:43:46.354+0800][2.191s][info][gc,start     ] GC(154) Pause Young (Allocation Failure)
[2025-12-16T20:43:46.354+0800][2.191s][info][gc,heap      ] GC(154) PSYoungGen: 31296K->64K(31744K)
[2025-12-16T20:43:46.354+0800][2.191s][info][gc,heap      ] GC(154) ParOldGen: 524K->524K(175104K)
[2025-12-16T20:43:46.354+0800][2.191s][info][gc,metaspace ] GC(154) Metaspace: 3388K(4864K)->3388K(4864K) NonClass: 3083K(4352K)->3083K(4352K) Class: 305K(512K)->305K(512K)
[2025-12-16T20:43:46.354+0800][2.191s][info][gc           ] GC(154) Pause Young (Allocation Failure) 31M->0M(202M) 0.069ms
[2025-12-16T20:43:46.354+0800][2.191s][info][gc,cpu       ] GC(154) User=0.00s Sys=0.00s Real=0.00s
[2025-12-16T20:43:46.366+0800][2.202s][info][gc,start     ] GC(155) Pause Young (Allocation Failure)
[2025-12-16T20:43:46.366+0800][2.203s][info][gc,heap      ] GC(155) PSYoungGen: 31296K->32K(31744K)
[2025-12-16T20:43:46.366+0800][2.203s][info][gc,heap      ] GC(155) ParOldGen: 524K->524K(175104K)
[2025-12-16T20:43:46.366+0800][2.203s][info][gc,metaspace ] GC(155) Metaspace: 3388K(4864K)->3388K(4864K) NonClass: 3083K(4352K)->3083K(4352K) Class: 305K(512K)->305K(512K)
[2025-12-16T20:43:46.366+0800][2.203s][info][gc           ] GC(155) Pause Young (Allocation Failure) 31M->0M(202M) 0.094ms
[2025-12-16T20:43:46.366+0800][2.203s][info][gc,cpu       ] GC(155) User=0.00s Sys=0.00s Real=0.00s
[2025-12-16T20:43:46.378+0800][2.215s][info][gc,start     ] GC(156) Pause Young (Allocation Failure)
[2025-12-16T20:43:46.378+0800][2.215s][info][gc,heap      ] GC(156) PSYoungGen: 31264K->64K(31744K)
[2025-12-16T20:43:46.378+0800][2.215s][info][gc,heap      ] GC(156) ParOldGen: 524K->524K(175104K)
[2025-12-16T20:43:46.378+0800][2.215s][info][gc,metaspace ] GC(156) Metaspace: 3388K(4864K)->3388K(4864K) NonClass: 3083K(4352K)->3083K(4352K) Class: 305K(512K)->305K(512K)
[2025-12-16T20:43:46.378+0800][2.215s][info][gc           ] GC(156) Pause Young (Allocation Failure) 31M->0M(202M) 0.072ms
[2025-12-16T20:43:46.378+0800][2.215s][info][gc,cpu       ] GC(156) User=0.00s Sys=0.00s Real=0.00s
[2025-12-16T20:43:46.391+0800][2.227s][info][gc,start     ] GC(157) Pause Young (Allocation Failure)
[2025-12-16T20:43:46.391+0800][2.227s][info][gc,heap      ] GC(157) PSYoungGen: 31296K->64K(31744K)
[2025-12-16T20:43:46.391+0800][2.227s][info][gc,heap      ] GC(157) ParOldGen: 524K->524K(175104K)
[2025-12-16T20:43:46.391+0800][2.227s][info][gc,metaspace ] GC(157) Metaspace: 3388K(4864K)->3388K(4864K) NonClass: 3083K(4352K)->3083K(4352K) Class: 305K(512K)->305K(512K)
[2025-12-16T20:43:46.391+0800][2.227s][info][gc           ] GC(157) Pause Young (Allocation Failure) 31M->0M(202M) 0.058ms
[2025-12-16T20:43:46.391+0800][2.227s][info][gc,cpu       ] GC(157) User=0.00s Sys=0.00s Real=0.00s
[2025-12-16T20:43:46.402+0800][2.238s][info][gc,start     ] GC(158) Pause Young (Allocation Failure)
[2025-12-16T20:43:46.402+0800][2.238s][info][gc,heap      ] GC(158) PSYoungGen: 31296K->96K(31744K)
[2025-12-16T20:43:46.402+0800][2.238s][info][gc,heap      ] GC(158) ParOldGen: 524K->524K(175104K)
[2025-12-16T20:43:46.402+0800][2.238s][info][gc,metaspace ] GC(158) Metaspace: 3388K(4864K)->3388K(4864K) NonClass: 3083K(4352K)->3083K(4352K) Class: 305K(512K)->305K(512K)
[2025-12-16T20:43:46.402+0800][2.238s][info][gc           ] GC(158) Pause Young (Allocation Failure) 31M->0M(202M) 0.070ms
[2025-12-16T20:43:46.402+0800][2.239s][info][gc,cpu       ] GC(158) User=0.00s Sys=0.00s Real=0.00s
[2025-12-16T20:43:46.414+0800][2.250s][info][gc,start     ] GC(159) Pause Young (Allocation Failure)
[2025-12-16T20:43:46.414+0800][2.250s][info][gc,heap      ] GC(159) PSYoungGen: 31328K->64K(31744K)
[2025-12-16T20:43:46.414+0800][2.250s][info][gc,heap      ] GC(159) ParOldGen: 524K->524K(175104K)
[2025-12-16T20:43:46.414+0800][2.250s][info][gc,metaspace ] GC(159) Metaspace: 3388K(4864K)->3388K(4864K) NonClass: 3083K(4352K)->3083K(4352K) Class: 305K(512K)->305K(512K)
[2025-12-16T20:43:46.414+0800][2.250s][info][gc           ] GC(159) Pause Young (Allocation Failure) 31M->0M(202M) 0.066ms
[2025-12-16T20:43:46.414+0800][2.250s][info][gc,cpu       ] GC(159) User=0.00s Sys=0.00s Real=0.00s
[2025-12-16T20:43:46.425+0800][2.262s][info][gc,start     ] GC(160) Pause Young (Allocation Failure)
[2025-12-16T20:43:46.425+0800][2.262s][info][gc,heap      ] GC(160) PSYoungGen: 31296K->64K(31744K)
[2025-12-16T20:43:46.425+0800][2.262s][info][gc,heap      ] GC(160) ParOldGen: 524K->524K(175104K)
[2025-12-16T20:43:46.425+0800][2.262s][info][gc,metaspace ] GC(160) Metaspace: 3388K(4864K)->3388K(4864K) NonClass: 3083K(4352K)->3083K(4352K) Class: 305K(512K)->305K(512K)
[2025-12-16T20:43:46.425+0800][2.262s][info][gc           ] GC(160) Pause Young (Allocation Failure) 31M->0M(202M) 0.086ms
[2025-12-16T20:43:46.425+0800][2.262s][info][gc,cpu       ] GC(160) User=0.00s Sys=0.00s Real=0.00s
[2025-12-16T20:43:46.438+0800][2.274s][info][gc,start     ] GC(161) Pause Young (Allocation Failure)
[2025-12-16T20:43:46.438+0800][2.274s][info][gc,heap      ] GC(161) PSYoungGen: 31296K->32K(31744K)
[2025-12-16T20:43:46.438+0800][2.274s][info][gc,heap      ] GC(161) ParOldGen: 524K->524K(175104K)
[2025-12-16T20:43:46.438+0800][2.274s][info][gc,metaspace ] GC(161) Metaspace: 3388K(4864K)->3388K(4864K) NonClass: 3083K(4352K)->3083K(4352K) Class: 305K(512K)->305K(512K)
[2025-12-16T20:43:46.438+0800][2.274s][info][gc           ] GC(161) Pause Young (Allocation Failure) 31M->0M(202M) 0.154ms
[2025-12-16T20:43:46.438+0800][2.274s][info][gc,cpu       ] GC(161) User=0.00s Sys=0.00s Real=0.00s
[2025-12-16T20:43:46.450+0800][2.287s][info][gc,start     ] GC(162) Pause Young (Allocation Failure)
[2025-12-16T20:43:46.450+0800][2.287s][info][gc,heap      ] GC(162) PSYoungGen: 31264K->32K(31744K)
[2025-12-16T20:43:46.450+0800][2.287s][info][gc,heap      ] GC(162) ParOldGen: 524K->524K(175104K)
[2025-12-16T20:43:46.450+0800][2.287s][info][gc,metaspace ] GC(162) Metaspace: 3388K(4864K)->3388K(4864K) NonClass: 3083K(4352K)->3083K(4352K) Class: 305K(512K)->305K(512K)
[2025-12-16T20:43:46.450+0800][2.287s][info][gc           ] GC(162) Pause Young (Allocation Failure) 31M->0M(202M) 0.148ms
[2025-12-16T20:43:46.450+0800][2.287s][info][gc,cpu       ] GC(162) User=0.00s Sys=0.00s Real=0.00s
[2025-12-16T20:43:46.463+0800][2.299s][info][gc,start     ] GC(163) Pause Young (Allocation Failure)
[2025-12-16T20:43:46.463+0800][2.299s][info][gc,heap      ] GC(163) PSYoungGen: 31264K->64K(31744K)
[2025-12-16T20:43:46.463+0800][2.299s][info][gc,heap      ] GC(163) ParOldGen: 524K->524K(175104K)
[2025-12-16T20:43:46.463+0800][2.299s][info][gc,metaspace ] GC(163) Metaspace: 3388K(4864K)->3388K(4864K) NonClass: 3083K(4352K)->3083K(4352K) Class: 305K(512K)->305K(512K)
[2025-12-16T20:43:46.463+0800][2.299s][info][gc           ] GC(163) Pause Young (Allocation Failure) 31M->0M(202M) 0.138ms
[2025-12-16T20:43:46.463+0800][2.299s][info][gc,cpu       ] GC(163) User=0.00s Sys=0.00s Real=0.00s
[2025-12-16T20:43:46.475+0800][2.311s][info][gc,start     ] GC(164) Pause Young (Allocation Failure)
[2025-12-16T20:43:46.475+0800][2.312s][info][gc,heap      ] GC(164) PSYoungGen: 31296K->64K(31744K)
[2025-12-16T20:43:46.475+0800][2.312s][info][gc,heap      ] GC(164) ParOldGen: 524K->524K(175104K)
[2025-12-16T20:43:46.475+0800][2.312s][info][gc,metaspace ] GC(164) Metaspace: 3388K(4864K)->3388K(4864K) NonClass: 3083K(4352K)->3083K(4352K) Class: 305K(512K)->305K(512K)
[2025-12-16T20:43:46.475+0800][2.312s][info][gc           ] GC(164) Pause Young (Allocation Failure) 31M->0M(202M) 0.077ms
[2025-12-16T20:43:46.475+0800][2.312s][info][gc,cpu       ] GC(164) User=0.00s Sys=0.00s Real=0.00s
[2025-12-16T20:43:46.487+0800][2.324s][info][gc,start     ] GC(165) Pause Young (Allocation Failure)
[2025-12-16T20:43:46.487+0800][2.324s][info][gc,heap      ] GC(165) PSYoungGen: 31296K->64K(31744K)
[2025-12-16T20:43:46.487+0800][2.324s][info][gc,heap      ] GC(165) ParOldGen: 524K->524K(175104K)
[2025-12-16T20:43:46.487+0800][2.324s][info][gc,metaspace ] GC(165) Metaspace: 3388K(4864K)->3388K(4864K) NonClass: 3083K(4352K)->3083K(4352K) Class: 305K(512K)->305K(512K)
[2025-12-16T20:43:46.487+0800][2.324s][info][gc           ] GC(165) Pause Young (Allocation Failure) 31M->0M(202M) 0.078ms
[2025-12-16T20:43:46.487+0800][2.324s][info][gc,cpu       ] GC(165) User=0.00s Sys=0.00s Real=0.00s
[2025-12-16T20:43:46.499+0800][2.335s][info][gc,start     ] GC(166) Pause Young (Allocation Failure)
[2025-12-16T20:43:46.499+0800][2.335s][info][gc,heap      ] GC(166) PSYoungGen: 31296K->64K(31744K)
[2025-12-16T20:43:46.499+0800][2.335s][info][gc,heap      ] GC(166) ParOldGen: 524K->524K(175104K)
[2025-12-16T20:43:46.499+0800][2.335s][info][gc,metaspace ] GC(166) Metaspace: 3388K(4864K)->3388K(4864K) NonClass: 3083K(4352K)->3083K(4352K) Class: 305K(512K)->305K(512K)
[2025-12-16T20:43:46.499+0800][2.336s][info][gc           ] GC(166) Pause Young (Allocation Failure) 31M->0M(202M) 0.060ms
[2025-12-16T20:43:46.499+0800][2.336s][info][gc,cpu       ] GC(166) User=0.00s Sys=0.00s Real=0.00s
[2025-12-16T20:43:46.511+0800][2.347s][info][gc,start     ] GC(167) Pause Young (Allocation Failure)
[2025-12-16T20:43:46.511+0800][2.347s][info][gc,heap      ] GC(167) PSYoungGen: 31296K->64K(31744K)
[2025-12-16T20:43:46.511+0800][2.347s][info][gc,heap      ] GC(167) ParOldGen: 524K->524K(175104K)
[2025-12-16T20:43:46.511+0800][2.347s][info][gc,metaspace ] GC(167) Metaspace: 3388K(4864K)->3388K(4864K) NonClass: 3083K(4352K)->3083K(4352K) Class: 305K(512K)->305K(512K)
[2025-12-16T20:43:46.511+0800][2.347s][info][gc           ] GC(167) Pause Young (Allocation Failure) 31M->0M(202M) 0.065ms
[2025-12-16T20:43:46.511+0800][2.347s][info][gc,cpu       ] GC(167) User=0.00s Sys=0.00s Real=0.00s
[2025-12-16T20:43:46.523+0800][2.359s][info][gc,start     ] GC(168) Pause Young (Allocation Failure)
[2025-12-16T20:43:46.523+0800][2.359s][info][gc,heap      ] GC(168) PSYoungGen: 31296K->64K(31744K)
[2025-12-16T20:43:46.523+0800][2.359s][info][gc,heap      ] GC(168) ParOldGen: 524K->524K(175104K)
[2025-12-16T20:43:46.523+0800][2.359s][info][gc,metaspace ] GC(168) Metaspace: 3388K(4864K)->3388K(4864K) NonClass: 3083K(4352K)->3083K(4352K) Class: 305K(512K)->305K(512K)
[2025-12-16T20:43:46.523+0800][2.359s][info][gc           ] GC(168) Pause Young (Allocation Failure) 31M->0M(202M) 0.081ms
[2025-12-16T20:43:46.523+0800][2.359s][info][gc,cpu       ] GC(168) User=0.00s Sys=0.00s Real=0.00s
[2025-12-16T20:43:46.535+0800][2.371s][info][gc,start     ] GC(169) Pause Young (Allocation Failure)
[2025-12-16T20:43:46.535+0800][2.371s][info][gc,heap      ] GC(169) PSYoungGen: 31296K->64K(31744K)
[2025-12-16T20:43:46.535+0800][2.371s][info][gc,heap      ] GC(169) ParOldGen: 524K->524K(175104K)
[2025-12-16T20:43:46.535+0800][2.371s][info][gc,metaspace ] GC(169) Metaspace: 3388K(4864K)->3388K(4864K) NonClass: 3083K(4352K)->3083K(4352K) Class: 305K(512K)->305K(512K)
[2025-12-16T20:43:46.535+0800][2.371s][info][gc           ] GC(169) Pause Young (Allocation Failure) 31M->0M(202M) 0.062ms
[2025-12-16T20:43:46.535+0800][2.371s][info][gc,cpu       ] GC(169) User=0.00s Sys=0.00s Real=0.00s
[2025-12-16T20:43:46.546+0800][2.383s][info][gc,start     ] GC(170) Pause Young (Allocation Failure)
[2025-12-16T20:43:46.546+0800][2.383s][info][gc,heap      ] GC(170) PSYoungGen: 31296K->64K(31744K)
[2025-12-16T20:43:46.547+0800][2.383s][info][gc,heap      ] GC(170) ParOldGen: 524K->524K(175104K)
[2025-12-16T20:43:46.547+0800][2.383s][info][gc,metaspace ] GC(170) Metaspace: 3388K(4864K)->3388K(4864K) NonClass: 3083K(4352K)->3083K(4352K) Class: 305K(512K)->305K(512K)
[2025-12-16T20:43:46.547+0800][2.383s][info][gc           ] GC(170) Pause Young (Allocation Failure) 31M->0M(202M) 0.064ms
[2025-12-16T20:43:46.547+0800][2.383s][info][gc,cpu       ] GC(170) User=0.00s Sys=0.00s Real=0.00s
[2025-12-16T20:43:46.558+0800][2.395s][info][gc,start     ] GC(171) Pause Young (Allocation Failure)
[2025-12-16T20:43:46.558+0800][2.395s][info][gc,heap      ] GC(171) PSYoungGen: 31296K->64K(31744K)
[2025-12-16T20:43:46.558+0800][2.395s][info][gc,heap      ] GC(171) ParOldGen: 524K->524K(175104K)
[2025-12-16T20:43:46.558+0800][2.395s][info][gc,metaspace ] GC(171) Metaspace: 3388K(4864K)->3388K(4864K) NonClass: 3083K(4352K)->3083K(4352K) Class: 305K(512K)->305K(512K)
[2025-12-16T20:43:46.558+0800][2.395s][info][gc           ] GC(171) Pause Young (Allocation Failure) 31M->0M(202M) 0.058ms
[2025-12-16T20:43:46.558+0800][2.395s][info][gc,cpu       ] GC(171) User=0.00s Sys=0.00s Real=0.00s
[2025-12-16T20:43:46.570+0800][2.407s][info][gc,start     ] GC(172) Pause Young (Allocation Failure)
[2025-12-16T20:43:46.570+0800][2.407s][info][gc,heap      ] GC(172) PSYoungGen: 31296K->64K(31744K)
[2025-12-16T20:43:46.570+0800][2.407s][info][gc,heap      ] GC(172) ParOldGen: 524K->524K(175104K)
[2025-12-16T20:43:46.570+0800][2.407s][info][gc,metaspace ] GC(172) Metaspace: 3388K(4864K)->3388K(4864K) NonClass: 3083K(4352K)->3083K(4352K) Class: 305K(512K)->305K(512K)
[2025-12-16T20:43:46.570+0800][2.407s][info][gc           ] GC(172) Pause Young (Allocation Failure) 31M->0M(202M) 0.058ms
[2025-12-16T20:43:46.570+0800][2.407s][info][gc,cpu       ] GC(172) User=0.00s Sys=0.00s Real=0.00s
[2025-12-16T20:43:46.582+0800][2.419s][info][gc,start     ] GC(173) Pause Young (Allocation Failure)
[2025-12-16T20:43:46.582+0800][2.419s][info][gc,heap      ] GC(173) PSYoungGen: 31296K->64K(31744K)
[2025-12-16T20:43:46.582+0800][2.419s][info][gc,heap      ] GC(173) ParOldGen: 524K->524K(175104K)
[2025-12-16T20:43:46.582+0800][2.419s][info][gc,metaspace ] GC(173) Metaspace: 3388K(4864K)->3388K(4864K) NonClass: 3083K(4352K)->3083K(4352K) Class: 305K(512K)->305K(512K)
[2025-12-16T20:43:46.582+0800][2.419s][info][gc           ] GC(173) Pause Young (Allocation Failure) 31M->0M(202M) 0.066ms
[2025-12-16T20:43:46.582+0800][2.419s][info][gc,cpu       ] GC(173) User=0.01s Sys=0.00s Real=0.00s
[2025-12-16T20:43:46.594+0800][2.431s][info][gc,start     ] GC(174) Pause Young (Allocation Failure)
[2025-12-16T20:43:46.595+0800][2.431s][info][gc,heap      ] GC(174) PSYoungGen: 31296K->64K(31744K)
[2025-12-16T20:43:46.595+0800][2.431s][info][gc,heap      ] GC(174) ParOldGen: 524K->524K(175104K)
[2025-12-16T20:43:46.595+0800][2.431s][info][gc,metaspace ] GC(174) Metaspace: 3388K(4864K)->3388K(4864K) NonClass: 3083K(4352K)->3083K(4352K) Class: 305K(512K)->305K(512K)
[2025-12-16T20:43:46.595+0800][2.431s][info][gc           ] GC(174) Pause Young (Allocation Failure) 31M->0M(202M) 0.069ms
[2025-12-16T20:43:46.595+0800][2.431s][info][gc,cpu       ] GC(174) User=0.00s Sys=0.00s Real=0.00s
[2025-12-16T20:43:46.606+0800][2.443s][info][gc,start     ] GC(175) Pause Young (Allocation Failure)
[2025-12-16T20:43:46.607+0800][2.443s][info][gc,heap      ] GC(175) PSYoungGen: 31296K->64K(31744K)
[2025-12-16T20:43:46.607+0800][2.443s][info][gc,heap      ] GC(175) ParOldGen: 524K->524K(175104K)
[2025-12-16T20:43:46.607+0800][2.443s][info][gc,metaspace ] GC(175) Metaspace: 3388K(4864K)->3388K(4864K) NonClass: 3083K(4352K)->3083K(4352K) Class: 305K(512K)->305K(512K)
[2025-12-16T20:43:46.607+0800][2.443s][info][gc           ] GC(175) Pause Young (Allocation Failure) 31M->0M(202M) 0.062ms
[2025-12-16T20:43:46.607+0800][2.443s][info][gc,cpu       ] GC(175) User=0.00s Sys=0.00s Real=0.00s
[2025-12-16T20:43:46.619+0800][2.455s][info][gc,start     ] GC(176) Pause Young (Allocation Failure)
[2025-12-16T20:43:46.619+0800][2.455s][info][gc,heap      ] GC(176) PSYoungGen: 31296K->96K(31744K)
[2025-12-16T20:43:46.619+0800][2.455s][info][gc,heap      ] GC(176) ParOldGen: 524K->524K(175104K)
[2025-12-16T20:43:46.619+0800][2.455s][info][gc,metaspace ] GC(176) Metaspace: 3388K(4864K)->3388K(4864K) NonClass: 3083K(4352K)->3083K(4352K) Class: 305K(512K)->305K(512K)
[2025-12-16T20:43:46.619+0800][2.455s][info][gc           ] GC(176) Pause Young (Allocation Failure) 31M->0M(202M) 0.061ms
[2025-12-16T20:43:46.619+0800][2.455s][info][gc,cpu       ] GC(176) User=0.00s Sys=0.00s Real=0.00s
[2025-12-16T20:43:46.630+0800][2.467s][info][gc,start     ] GC(177) Pause Young (Allocation Failure)
[2025-12-16T20:43:46.630+0800][2.467s][info][gc,heap      ] GC(177) PSYoungGen: 31328K->64K(31744K)
[2025-12-16T20:43:46.630+0800][2.467s][info][gc,heap      ] GC(177) ParOldGen: 524K->524K(175104K)
[2025-12-16T20:43:46.630+0800][2.467s][info][gc,metaspace ] GC(177) Metaspace: 3388K(4864K)->3388K(4864K) NonClass: 3083K(4352K)->3083K(4352K) Class: 305K(512K)->305K(512K)
[2025-12-16T20:43:46.630+0800][2.467s][info][gc           ] GC(177) Pause Young (Allocation Failure) 31M->0M(202M) 0.069ms
[2025-12-16T20:43:46.630+0800][2.467s][info][gc,cpu       ] GC(177) User=0.00s Sys=0.00s Real=0.00s
[2025-12-16T20:43:46.642+0800][2.479s][info][gc,start     ] GC(178) Pause Young (Allocation Failure)
[2025-12-16T20:43:46.642+0800][2.479s][info][gc,heap      ] GC(178) PSYoungGen: 31296K->64K(31744K)
[2025-12-16T20:43:46.642+0800][2.479s][info][gc,heap      ] GC(178) ParOldGen: 524K->524K(175104K)
[2025-12-16T20:43:46.642+0800][2.479s][info][gc,metaspace ] GC(178) Metaspace: 3388K(4864K)->3388K(4864K) NonClass: 3083K(4352K)->3083K(4352K) Class: 305K(512K)->305K(512K)
[2025-12-16T20:43:46.642+0800][2.479s][info][gc           ] GC(178) Pause Young (Allocation Failure) 31M->0M(202M) 0.057ms
[2025-12-16T20:43:46.642+0800][2.479s][info][gc,cpu       ] GC(178) User=0.00s Sys=0.00s Real=0.00s
[2025-12-16T20:43:46.654+0800][2.490s][info][gc,start     ] GC(179) Pause Young (Allocation Failure)
[2025-12-16T20:43:46.654+0800][2.491s][info][gc,heap      ] GC(179) PSYoungGen: 31296K->64K(31744K)
[2025-12-16T20:43:46.654+0800][2.491s][info][gc,heap      ] GC(179) ParOldGen: 524K->524K(175104K)
[2025-12-16T20:43:46.654+0800][2.491s][info][gc,metaspace ] GC(179) Metaspace: 3388K(4864K)->3388K(4864K) NonClass: 3083K(4352K)->3083K(4352K) Class: 305K(512K)->305K(512K)
[2025-12-16T20:43:46.654+0800][2.491s][info][gc           ] GC(179) Pause Young (Allocation Failure) 31M->0M(202M) 0.058ms
[2025-12-16T20:43:46.654+0800][2.491s][info][gc,cpu       ] GC(179) User=0.00s Sys=0.00s Real=0.00s
[2025-12-16T20:43:46.666+0800][2.503s][info][gc,start     ] GC(180) Pause Young (Allocation Failure)
[2025-12-16T20:43:46.666+0800][2.503s][info][gc,heap      ] GC(180) PSYoungGen: 31296K->64K(31744K)
[2025-12-16T20:43:46.666+0800][2.503s][info][gc,heap      ] GC(180) ParOldGen: 524K->524K(175104K)
[2025-12-16T20:43:46.666+0800][2.503s][info][gc,metaspace ] GC(180) Metaspace: 3388K(4864K)->3388K(4864K) NonClass: 3083K(4352K)->3083K(4352K) Class: 305K(512K)->305K(512K)
[2025-12-16T20:43:46.666+0800][2.503s][info][gc           ] GC(180) Pause Young (Allocation Failure) 31M->0M(202M) 0.066ms
[2025-12-16T20:43:46.666+0800][2.503s][info][gc,cpu       ] GC(180) User=0.00s Sys=0.00s Real=0.00s
[2025-12-16T20:43:46.678+0800][2.515s][info][gc,start     ] GC(181) Pause Young (Allocation Failure)
[2025-12-16T20:43:46.678+0800][2.515s][info][gc,heap      ] GC(181) PSYoungGen: 31296K->64K(31744K)
[2025-12-16T20:43:46.678+0800][2.515s][info][gc,heap      ] GC(181) ParOldGen: 524K->524K(175104K)
[2025-12-16T20:43:46.678+0800][2.515s][info][gc,metaspace ] GC(181) Metaspace: 3388K(4864K)->3388K(4864K) NonClass: 3083K(4352K)->3083K(4352K) Class: 305K(512K)->305K(512K)
[2025-12-16T20:43:46.678+0800][2.515s][info][gc           ] GC(181) Pause Young (Allocation Failure) 31M->0M(202M) 0.052ms
[2025-12-16T20:43:46.678+0800][2.515s][info][gc,cpu       ] GC(181) User=0.00s Sys=0.00s Real=0.00s
[2025-12-16T20:43:46.690+0800][2.527s][info][gc,start     ] GC(182) Pause Young (Allocation Failure)
[2025-12-16T20:43:46.690+0800][2.527s][info][gc,heap      ] GC(182) PSYoungGen: 31296K->64K(31744K)
[2025-12-16T20:43:46.690+0800][2.527s][info][gc,heap      ] GC(182) ParOldGen: 524K->524K(175104K)
[2025-12-16T20:43:46.690+0800][2.527s][info][gc,metaspace ] GC(182) Metaspace: 3388K(4864K)->3388K(4864K) NonClass: 3083K(4352K)->3083K(4352K) Class: 305K(512K)->305K(512K)
[2025-12-16T20:43:46.690+0800][2.527s][info][gc           ] GC(182) Pause Young (Allocation Failure) 31M->0M(202M) 0.059ms
[2025-12-16T20:43:46.690+0800][2.527s][info][gc,cpu       ] GC(182) User=0.00s Sys=0.00s Real=0.00s
[2025-12-16T20:43:46.702+0800][2.538s][info][gc,start     ] GC(183) Pause Young (Allocation Failure)
[2025-12-16T20:43:46.702+0800][2.538s][info][gc,heap      ] GC(183) PSYoungGen: 31296K->64K(31744K)
[2025-12-16T20:43:46.702+0800][2.538s][info][gc,heap      ] GC(183) ParOldGen: 524K->524K(175104K)
[2025-12-16T20:43:46.702+0800][2.538s][info][gc,metaspace ] GC(183) Metaspace: 3388K(4864K)->3388K(4864K) NonClass: 3083K(4352K)->3083K(4352K) Class: 305K(512K)->305K(512K)
[2025-12-16T20:43:46.702+0800][2.538s][info][gc           ] GC(183) Pause Young (Allocation Failure) 31M->0M(202M) 0.066ms
[2025-12-16T20:43:46.702+0800][2.538s][info][gc,cpu       ] GC(183) User=0.00s Sys=0.00s Real=0.00s
[2025-12-16T20:43:46.714+0800][2.550s][info][gc,start     ] GC(184) Pause Young (Allocation Failure)
[2025-12-16T20:43:46.714+0800][2.550s][info][gc,heap      ] GC(184) PSYoungGen: 31296K->64K(31744K)
[2025-12-16T20:43:46.714+0800][2.550s][info][gc,heap      ] GC(184) ParOldGen: 524K->524K(175104K)
[2025-12-16T20:43:46.714+0800][2.550s][info][gc,metaspace ] GC(184) Metaspace: 3388K(4864K)->3388K(4864K) NonClass: 3083K(4352K)->3083K(4352K) Class: 305K(512K)->305K(512K)
[2025-12-16T20:43:46.714+0800][2.550s][info][gc           ] GC(184) Pause Young (Allocation Failure) 31M->0M(202M) 0.062ms
[2025-12-16T20:43:46.714+0800][2.550s][info][gc,cpu       ] GC(184) User=0.00s Sys=0.00s Real=0.00s
[2025-12-16T20:43:46.726+0800][2.562s][info][gc,start     ] GC(185) Pause Young (Allocation Failure)
[2025-12-16T20:43:46.726+0800][2.562s][info][gc,heap      ] GC(185) PSYoungGen: 31296K->64K(31744K)
[2025-12-16T20:43:46.726+0800][2.562s][info][gc,heap      ] GC(185) ParOldGen: 524K->524K(175104K)
[2025-12-16T20:43:46.726+0800][2.562s][info][gc,metaspace ] GC(185) Metaspace: 3388K(4864K)->3388K(4864K) NonClass: 3083K(4352K)->3083K(4352K) Class: 305K(512K)->305K(512K)
[2025-12-16T20:43:46.726+0800][2.562s][info][gc           ] GC(185) Pause Young (Allocation Failure) 31M->0M(202M) 0.057ms
[2025-12-16T20:43:46.726+0800][2.562s][info][gc,cpu       ] GC(185) User=0.00s Sys=0.00s Real=0.00s
[2025-12-16T20:43:46.738+0800][2.574s][info][gc,start     ] GC(186) Pause Young (Allocation Failure)
[2025-12-16T20:43:46.738+0800][2.574s][info][gc,heap      ] GC(186) PSYoungGen: 31296K->96K(31744K)
[2025-12-16T20:43:46.738+0800][2.574s][info][gc,heap      ] GC(186) ParOldGen: 524K->524K(175104K)
[2025-12-16T20:43:46.738+0800][2.574s][info][gc,metaspace ] GC(186) Metaspace: 3388K(4864K)->3388K(4864K) NonClass: 3083K(4352K)->3083K(4352K) Class: 305K(512K)->305K(512K)
[2025-12-16T20:43:46.738+0800][2.574s][info][gc           ] GC(186) Pause Young (Allocation Failure) 31M->0M(202M) 0.060ms
[2025-12-16T20:43:46.738+0800][2.574s][info][gc,cpu       ] GC(186) User=0.00s Sys=0.00s Real=0.00s
[2025-12-16T20:43:46.750+0800][2.586s][info][gc,start     ] GC(187) Pause Young (Allocation Failure)
[2025-12-16T20:43:46.750+0800][2.586s][info][gc,heap      ] GC(187) PSYoungGen: 31328K->64K(31744K)
[2025-12-16T20:43:46.750+0800][2.586s][info][gc,heap      ] GC(187) ParOldGen: 524K->524K(175104K)
[2025-12-16T20:43:46.750+0800][2.586s][info][gc,metaspace ] GC(187) Metaspace: 3388K(4864K)->3388K(4864K) NonClass: 3083K(4352K)->3083K(4352K) Class: 305K(512K)->305K(512K)
[2025-12-16T20:43:46.750+0800][2.586s][info][gc           ] GC(187) Pause Young (Allocation Failure) 31M->0M(202M) 0.076ms
[2025-12-16T20:43:46.750+0800][2.586s][info][gc,cpu       ] GC(187) User=0.00s Sys=0.00s Real=0.00s
[2025-12-16T20:43:46.762+0800][2.599s][info][gc,start     ] GC(188) Pause Young (Allocation Failure)
[2025-12-16T20:43:46.762+0800][2.599s][info][gc,heap      ] GC(188) PSYoungGen: 31296K->64K(31744K)
[2025-12-16T20:43:46.762+0800][2.599s][info][gc,heap      ] GC(188) ParOldGen: 524K->524K(175104K)
[2025-12-16T20:43:46.762+0800][2.599s][info][gc,metaspace ] GC(188) Metaspace: 3388K(4864K)->3388K(4864K) NonClass: 3083K(4352K)->3083K(4352K) Class: 305K(512K)->305K(512K)
[2025-12-16T20:43:46.762+0800][2.599s][info][gc           ] GC(188) Pause Young (Allocation Failure) 31M->0M(202M) 0.058ms
[2025-12-16T20:43:46.762+0800][2.599s][info][gc,cpu       ] GC(188) User=0.00s Sys=0.01s Real=0.00s
[2025-12-16T20:43:46.774+0800][2.610s][info][gc,start     ] GC(189) Pause Young (Allocation Failure)
[2025-12-16T20:43:46.774+0800][2.610s][info][gc,heap      ] GC(189) PSYoungGen: 31296K->64K(31744K)
[2025-12-16T20:43:46.774+0800][2.610s][info][gc,heap      ] GC(189) ParOldGen: 524K->524K(175104K)
[2025-12-16T20:43:46.774+0800][2.610s][info][gc,metaspace ] GC(189) Metaspace: 3388K(4864K)->3388K(4864K) NonClass: 3083K(4352K)->3083K(4352K) Class: 305K(512K)->305K(512K)
[2025-12-16T20:43:46.774+0800][2.610s][info][gc           ] GC(189) Pause Young (Allocation Failure) 31M->0M(202M) 0.074ms
[2025-12-16T20:43:46.774+0800][2.610s][info][gc,cpu       ] GC(189) User=0.00s Sys=0.00s Real=0.00s
[2025-12-16T20:43:46.786+0800][2.622s][info][gc,start     ] GC(190) Pause Young (Allocation Failure)
[2025-12-16T20:43:46.786+0800][2.622s][info][gc,heap      ] GC(190) PSYoungGen: 31296K->64K(31744K)
[2025-12-16T20:43:46.786+0800][2.622s][info][gc,heap      ] GC(190) ParOldGen: 524K->524K(175104K)
[2025-12-16T20:43:46.786+0800][2.622s][info][gc,metaspace ] GC(190) Metaspace: 3388K(4864K)->3388K(4864K) NonClass: 3083K(4352K)->3083K(4352K) Class: 305K(512K)->305K(512K)
[2025-12-16T20:43:46.786+0800][2.622s][info][gc           ] GC(190) Pause Young (Allocation Failure) 31M->0M(202M) 0.068ms
[2025-12-16T20:43:46.786+0800][2.622s][info][gc,cpu       ] GC(190) User=0.00s Sys=0.00s Real=0.00s
[2025-12-16T20:43:46.797+0800][2.634s][info][gc,start     ] GC(191) Pause Young (Allocation Failure)
[2025-12-16T20:43:46.797+0800][2.634s][info][gc,heap      ] GC(191) PSYoungGen: 31296K->64K(31744K)
[2025-12-16T20:43:46.797+0800][2.634s][info][gc,heap      ] GC(191) ParOldGen: 524K->524K(175104K)
[2025-12-16T20:43:46.797+0800][2.634s][info][gc,metaspace ] GC(191) Metaspace: 3388K(4864K)->3388K(4864K) NonClass: 3083K(4352K)->3083K(4352K) Class: 305K(512K)->305K(512K)
[2025-12-16T20:43:46.797+0800][2.634s][info][gc           ] GC(191) Pause Young (Allocation Failure) 31M->0M(202M) 0.069ms
[2025-12-16T20:43:46.797+0800][2.634s][info][gc,cpu       ] GC(191) User=0.00s Sys=0.00s Real=0.00s
[2025-12-16T20:43:46.809+0800][2.645s][info][gc,start     ] GC(192) Pause Young (Allocation Failure)
[2025-12-16T20:43:46.809+0800][2.645s][info][gc,heap      ] GC(192) PSYoungGen: 31296K->64K(31744K)
[2025-12-16T20:43:46.809+0800][2.645s][info][gc,heap      ] GC(192) ParOldGen: 524K->524K(175104K)
[2025-12-16T20:43:46.809+0800][2.645s][info][gc,metaspace ] GC(192) Metaspace: 3388K(4864K)->3388K(4864K) NonClass: 3083K(4352K)->3083K(4352K) Class: 305K(512K)->305K(512K)
[2025-12-16T20:43:46.809+0800][2.645s][info][gc           ] GC(192) Pause Young (Allocation Failure) 31M->0M(202M) 0.053ms
[2025-12-16T20:43:46.809+0800][2.645s][info][gc,cpu       ] GC(192) User=0.00s Sys=0.00s Real=0.00s
[2025-12-16T20:43:46.820+0800][2.657s][info][gc,start     ] GC(193) Pause Young (Allocation Failure)
[2025-12-16T20:43:46.820+0800][2.657s][info][gc,heap      ] GC(193) PSYoungGen: 31296K->64K(31744K)
[2025-12-16T20:43:46.820+0800][2.657s][info][gc,heap      ] GC(193) ParOldGen: 524K->524K(175104K)
[2025-12-16T20:43:46.820+0800][2.657s][info][gc,metaspace ] GC(193) Metaspace: 3388K(4864K)->3388K(4864K) NonClass: 3083K(4352K)->3083K(4352K) Class: 305K(512K)->305K(512K)
[2025-12-16T20:43:46.820+0800][2.657s][info][gc           ] GC(193) Pause Young (Allocation Failure) 31M->0M(202M) 0.060ms
[2025-12-16T20:43:46.820+0800][2.657s][info][gc,cpu       ] GC(193) User=0.00s Sys=0.00s Real=0.00s
[2025-12-16T20:43:46.832+0800][2.669s][info][gc,start     ] GC(194) Pause Young (Allocation Failure)
[2025-12-16T20:43:46.832+0800][2.669s][info][gc,heap      ] GC(194) PSYoungGen: 31296K->64K(31744K)
[2025-12-16T20:43:46.832+0800][2.669s][info][gc,heap      ] GC(194) ParOldGen: 524K->524K(175104K)
[2025-12-16T20:43:46.832+0800][2.669s][info][gc,metaspace ] GC(194) Metaspace: 3388K(4864K)->3388K(4864K) NonClass: 3083K(4352K)->3083K(4352K) Class: 305K(512K)->305K(512K)
[2025-12-16T20:43:46.832+0800][2.669s][info][gc           ] GC(194) Pause Young (Allocation Failure) 31M->0M(202M) 0.057ms
[2025-12-16T20:43:46.832+0800][2.669s][info][gc,cpu       ] GC(194) User=0.00s Sys=0.00s Real=0.00s
[2025-12-16T20:43:46.844+0800][2.680s][info][gc,start     ] GC(195) Pause Young (Allocation Failure)
[2025-12-16T20:43:46.844+0800][2.680s][info][gc,heap      ] GC(195) PSYoungGen: 31296K->32K(31744K)
[2025-12-16T20:43:46.844+0800][2.680s][info][gc,heap      ] GC(195) ParOldGen: 524K->524K(175104K)
[2025-12-16T20:43:46.844+0800][2.680s][info][gc,metaspace ] GC(195) Metaspace: 3388K(4864K)->3388K(4864K) NonClass: 3083K(4352K)->3083K(4352K) Class: 305K(512K)->305K(512K)
[2025-12-16T20:43:46.844+0800][2.680s][info][gc           ] GC(195) Pause Young (Allocation Failure) 31M->0M(202M) 0.073ms
[2025-12-16T20:43:46.844+0800][2.680s][info][gc,cpu       ] GC(195) User=0.00s Sys=0.00s Real=0.00s
[2025-12-16T20:43:46.851+0800][2.687s][info][gc,heap,exit ] Heap
[2025-12-16T20:43:46.851+0800][2.687s][info][gc,heap,exit ]  PSYoungGen      total 31744K, used 18742K [0x0000000555300000, 0x0000000559900000, 0x00000005aa800000)
[2025-12-16T20:43:46.851+0800][2.687s][info][gc,heap,exit ]   eden space 31232K, 59% used [0x0000000555300000,0x0000000556545b60,0x0000000557180000)
[2025-12-16T20:43:46.851+0800][2.687s][info][gc,heap,exit ]   from space 512K, 6% used [0x0000000559880000,0x0000000559888000,0x0000000559900000)
[2025-12-16T20:43:46.851+0800][2.687s][info][gc,heap,exit ]   to   space 512K, 0% used [0x0000000559800000,0x0000000559800000,0x0000000559880000)
[2025-12-16T20:43:46.851+0800][2.687s][info][gc,heap,exit ]  ParOldGen       total 175104K, used 524K [0x00000004aa800000, 0x00000004b5300000, 0x0000000555300000)
[2025-12-16T20:43:46.851+0800][2.687s][info][gc,heap,exit ]   object space 175104K, 0% used [0x00000004aa800000,0x00000004aa883090,0x00000004b5300000)
[2025-12-16T20:43:46.851+0800][2.687s][info][gc,heap,exit ]  Metaspace       used 3397K, capacity 4486K, committed 4864K, reserved 1056768K
[2025-12-16T20:43:46.851+0800][2.687s][info][gc,heap,exit ]   class space    used 306K, capacity 386K, committed 512K, reserved 1048576K
