[2025-12-16T20:44:09.590+0800][0.003s][info][gc] Using Epsilon
[2025-12-16T20:44:09.590+0800][0.003s][info][gc,init] Version: 17.0.17+0 (release)
[2025-12-16T20:44:09.590+0800][0.003s][info][gc,init] CPUs: 10 total, 10 available
[2025-12-16T20:44:09.590+0800][0.003s][info][gc,init] Memory: 16384M
[2025-12-16T20:44:09.590+0800][0.003s][info][gc,init] Large Page Support: Disabled
[2025-12-16T20:44:09.590+0800][0.003s][info][gc,init] NUMA Support: Disabled
[2025-12-16T20:44:09.590+0800][0.003s][info][gc,init] Compressed Oops: Enabled (Zero based)
[2025-12-16T20:44:09.590+0800][0.003s][info][gc,init] Heap Min Capacity: 6656K
[2025-12-16T20:44:09.590+0800][0.003s][info][gc,init] Heap Initial Capacity: 256M
[2025-12-16T20:44:09.590+0800][0.003s][info][gc,init] Heap Max Capacity: 4G
[2025-12-16T20:44:09.590+0800][0.003s][info][gc,init] Pre-touch: Disabled
[2025-12-16T20:44:09.590+0800][0.003s][warning][gc,init] Consider setting -Xms equal to -Xmx to avoid resizing hiccups
[2025-12-16T20:44:09.590+0800][0.003s][warning][gc,init] Consider enabling -XX:+AlwaysPreTouch to avoid memory commit hiccups
[2025-12-16T20:44:09.590+0800][0.003s][info   ][gc,init] TLAB Size Max: 4M
[2025-12-16T20:44:09.590+0800][0.003s][info   ][gc,init] TLAB Size Elasticity: 1.10x
[2025-12-16T20:44:09.590+0800][0.003s][info   ][gc,init] TLAB Size Decay Time: 1000ms
[2025-12-16T20:44:09.592+0800][0.006s][info   ][gc,metaspace] CDS archive(s) mapped at: [0x0000007000000000-0x0000007000bc0000-0x0000007000bc0000), size 12320768, SharedBaseAddress: 0x0000007000000000, ArchiveRelocationMode: 1.
[2025-12-16T20:44:09.592+0800][0.006s][info   ][gc,metaspace] Compressed class space mapped at: 0x0000007001000000-0x0000007041000000, reserved size: 1073741824
[2025-12-16T20:44:09.592+0800][0.006s][info   ][gc,metaspace] Narrow klass base: 0x0000007000000000, Narrow klass shift: 0, Narrow klass range: 0x100000000
[2025-12-16T20:44:09.690+0800][0.103s][info   ][gc          ] Heap: 4096M reserved, 256M (6.25%) committed, 205M (5.03%) used
[2025-12-16T20:44:09.690+0800][0.103s][info   ][gc,metaspace] Metaspace: 1088M reserved, 320K (0.03%) committed, 138K (0.01%) used
[2025-12-16T20:44:09.780+0800][0.194s][info   ][gc          ] Heap: 4096M reserved, 512M (12.50%) committed, 413M (10.10%) used
[2025-12-16T20:44:09.780+0800][0.194s][info   ][gc,metaspace] Metaspace: 1088M reserved, 320K (0.03%) committed, 138K (0.01%) used
[2025-12-16T20:44:09.869+0800][0.283s][info   ][gc          ] Heap: 4096M reserved, 640M (15.62%) committed, 621M (15.18%) used
[2025-12-16T20:44:09.869+0800][0.283s][info   ][gc,metaspace] Metaspace: 1088M reserved, 320K (0.03%) committed, 138K (0.01%) used
[2025-12-16T20:44:09.957+0800][0.370s][info   ][gc          ] Heap: 4096M reserved, 896M (21.88%) committed, 829M (20.26%) used
[2025-12-16T20:44:09.957+0800][0.370s][info   ][gc,metaspace] Metaspace: 1088M reserved, 320K (0.03%) committed, 138K (0.01%) used
[2025-12-16T20:44:10.044+0800][0.458s][info   ][gc          ] Heap: 4096M reserved, 1152M (28.12%) committed, 1037M (25.34%) used
[2025-12-16T20:44:10.044+0800][0.458s][info   ][gc,metaspace] Metaspace: 1088M reserved, 320K (0.03%) committed, 138K (0.01%) used
[2025-12-16T20:44:10.132+0800][0.545s][info   ][gc          ] Heap: 4096M reserved, 1280M (31.25%) committed, 1245M (30.42%) used
[2025-12-16T20:44:10.132+0800][0.545s][info   ][gc,metaspace] Metaspace: 1088M reserved, 320K (0.03%) committed, 138K (0.01%) used
[2025-12-16T20:44:10.220+0800][0.633s][info   ][gc          ] Heap: 4096M reserved, 1536M (37.50%) committed, 1453M (35.49%) used
[2025-12-16T20:44:10.220+0800][0.633s][info   ][gc,metaspace] Metaspace: 1088M reserved, 320K (0.03%) committed, 138K (0.01%) used
[2025-12-16T20:44:10.309+0800][0.722s][info   ][gc          ] Heap: 4096M reserved, 1664M (40.62%) committed, 1661M (40.57%) used
[2025-12-16T20:44:10.309+0800][0.722s][info   ][gc,metaspace] Metaspace: 1088M reserved, 320K (0.03%) committed, 138K (0.01%) used
[2025-12-16T20:44:10.397+0800][0.811s][info   ][gc          ] Heap: 4096M reserved, 1920M (46.88%) committed, 1869M (45.65%) used
[2025-12-16T20:44:10.397+0800][0.811s][info   ][gc,metaspace] Metaspace: 1088M reserved, 320K (0.03%) committed, 138K (0.01%) used
[2025-12-16T20:44:10.488+0800][0.902s][info   ][gc          ] Heap: 4096M reserved, 2176M (53.12%) committed, 2077M (50.73%) used
[2025-12-16T20:44:10.488+0800][0.902s][info   ][gc,metaspace] Metaspace: 1088M reserved, 320K (0.03%) committed, 138K (0.01%) used
[2025-12-16T20:44:10.580+0800][0.994s][info   ][gc          ] Heap: 4096M reserved, 2304M (56.25%) committed, 2285M (55.81%) used
[2025-12-16T20:44:10.580+0800][0.994s][info   ][gc,metaspace] Metaspace: 1088M reserved, 320K (0.03%) committed, 138K (0.01%) used
[2025-12-16T20:44:10.673+0800][1.086s][info   ][gc          ] Heap: 4096M reserved, 2560M (62.50%) committed, 2493M (60.89%) used
[2025-12-16T20:44:10.673+0800][1.086s][info   ][gc,metaspace] Metaspace: 1088M reserved, 320K (0.03%) committed, 138K (0.01%) used
[2025-12-16T20:44:10.767+0800][1.180s][info   ][gc          ] Heap: 4096M reserved, 2816M (68.75%) committed, 2701M (65.96%) used
[2025-12-16T20:44:10.767+0800][1.180s][info   ][gc,metaspace] Metaspace: 1088M reserved, 320K (0.03%) committed, 138K (0.01%) used
[2025-12-16T20:44:10.946+0800][1.360s][info   ][gc          ] Heap: 4096M reserved, 2944M (71.88%) committed, 2909M (71.04%) used
[2025-12-16T20:44:10.946+0800][1.360s][info   ][gc,metaspace] Metaspace: 1088M reserved, 320K (0.03%) committed, 138K (0.01%) used
[2025-12-16T20:44:11.054+0800][1.468s][info   ][gc          ] Heap: 4096M reserved, 3200M (78.12%) committed, 3117M (76.12%) used
[2025-12-16T20:44:11.055+0800][1.468s][info   ][gc,metaspace] Metaspace: 1088M reserved, 320K (0.03%) committed, 138K (0.01%) used
[2025-12-16T20:44:11.154+0800][1.567s][info   ][gc          ] Heap: 4096M reserved, 3328M (81.25%) committed, 3325M (81.20%) used
[2025-12-16T20:44:11.154+0800][1.567s][info   ][gc,metaspace] Metaspace: 1088M reserved, 320K (0.03%) committed, 138K (0.01%) used
[2025-12-16T20:44:11.252+0800][1.666s][info   ][gc          ] Heap: 4096M reserved, 3584M (87.50%) committed, 3533M (86.28%) used
[2025-12-16T20:44:11.252+0800][1.666s][info   ][gc,metaspace] Metaspace: 1088M reserved, 320K (0.03%) committed, 138K (0.01%) used
[2025-12-16T20:44:11.350+0800][1.763s][info   ][gc          ] Heap: 4096M reserved, 3840M (93.75%) committed, 3741M (91.35%) used
[2025-12-16T20:44:11.350+0800][1.764s][info   ][gc,metaspace] Metaspace: 1088M reserved, 320K (0.03%) committed, 138K (0.01%) used
[2025-12-16T20:44:11.444+0800][1.858s][info   ][gc          ] Heap: 4096M reserved, 3968M (96.88%) committed, 3949M (96.43%) used
[2025-12-16T20:44:11.444+0800][1.858s][info   ][gc,metaspace] Metaspace: 1088M reserved, 320K (0.03%) committed, 138K (0.01%) used
