[2025-12-16T20:44:00.699+0800][0.004s][info][gc] Using G1
[2025-12-16T20:44:00.700+0800][0.004s][info][gc,init] Version: 17.0.17+0 (release)
[2025-12-16T20:44:00.700+0800][0.004s][info][gc,init] CPUs: 10 total, 10 available
[2025-12-16T20:44:00.700+0800][0.004s][info][gc,init] Memory: 16384M
[2025-12-16T20:44:00.700+0800][0.004s][info][gc,init] Large Page Support: Disabled
[2025-12-16T20:44:00.700+0800][0.004s][info][gc,init] NUMA Support: Disabled
[2025-12-16T20:44:00.700+0800][0.004s][info][gc,init] Compressed Oops: Enabled (Zero based)
[2025-12-16T20:44:00.700+0800][0.004s][info][gc,init] Heap Region Size: 2M
[2025-12-16T20:44:00.700+0800][0.004s][info][gc,init] Heap Min Capacity: 8M
[2025-12-16T20:44:00.700+0800][0.004s][info][gc,init] Heap Initial Capacity: 256M
[2025-12-16T20:44:00.700+0800][0.004s][info][gc,init] Heap Max Capacity: 4G
[2025-12-16T20:44:00.700+0800][0.004s][info][gc,init] Pre-touch: Disabled
[2025-12-16T20:44:00.700+0800][0.004s][info][gc,init] Parallel Workers: 9
[2025-12-16T20:44:00.700+0800][0.004s][info][gc,init] Concurrent Workers: 2
[2025-12-16T20:44:00.700+0800][0.004s][info][gc,init] Concurrent Refinement Workers: 9
[2025-12-16T20:44:00.700+0800][0.004s][info][gc,init] Periodic GC: Disabled
[2025-12-16T20:44:00.702+0800][0.006s][info][gc,metaspace] CDS archive(s) mapped at: [0x000000e800000000-0x000000e800bc0000-0x000000e800bc0000), size 12320768, SharedBaseAddress: 0x000000e800000000, ArchiveRelocationMode: 1.
[2025-12-16T20:44:00.702+0800][0.006s][info][gc,metaspace] Compressed class space mapped at: 0x000000e801000000-0x000000e841000000, reserved size: 1073741824
[2025-12-16T20:44:00.702+0800][0.006s][info][gc,metaspace] Narrow klass base: 0x000000e800000000, Narrow klass shift: 0, Narrow klass range: 0x100000000
[2025-12-16T20:44:00.720+0800][0.024s][info][gc,start    ] GC(0) Pause Young (Normal) (G1 Evacuation Pause)
[2025-12-16T20:44:00.720+0800][0.024s][info][gc,task     ] GC(0) Using 6 workers of 9 for evacuation
[2025-12-16T20:44:00.720+0800][0.025s][info][gc,phases   ] GC(0)   Pre Evacuate Collection Set: 0.0ms
[2025-12-16T20:44:00.720+0800][0.025s][info][gc,phases   ] GC(0)   Merge Heap Roots: 0.0ms
[2025-12-16T20:44:00.720+0800][0.025s][info][gc,phases   ] GC(0)   Evacuate Collection Set: 0.1ms
[2025-12-16T20:44:00.720+0800][0.025s][info][gc,phases   ] GC(0)   Post Evacuate Collection Set: 0.1ms
[2025-12-16T20:44:00.720+0800][0.025s][info][gc,phases   ] GC(0)   Other: 0.1ms
[2025-12-16T20:44:00.720+0800][0.025s][info][gc,heap     ] GC(0) Eden regions: 11->0(75)
[2025-12-16T20:44:00.720+0800][0.025s][info][gc,heap     ] GC(0) Survivor regions: 0->1(2)
[2025-12-16T20:44:00.720+0800][0.025s][info][gc,heap     ] GC(0) Old regions: 0->0
[2025-12-16T20:44:00.720+0800][0.025s][info][gc,heap     ] GC(0) Archive regions: 2->2
[2025-12-16T20:44:00.720+0800][0.025s][info][gc,heap     ] GC(0) Humongous regions: 0->0
[2025-12-16T20:44:00.720+0800][0.025s][info][gc,metaspace] GC(0) Metaspace: 86K(320K)->86K(320K) NonClass: 77K(192K)->77K(192K) Class: 8K(128K)->8K(128K)
[2025-12-16T20:44:00.720+0800][0.025s][info][gc          ] GC(0) Pause Young (Normal) (G1 Evacuation Pause) 23M->2M(260M) 0.399ms
[2025-12-16T20:44:00.720+0800][0.025s][info][gc,cpu      ] GC(0) User=0.00s Sys=0.00s Real=0.00s
[2025-12-16T20:44:00.788+0800][0.092s][info][gc,start    ] GC(1) Pause Young (Normal) (G1 Evacuation Pause)
[2025-12-16T20:44:00.788+0800][0.092s][info][gc,task     ] GC(1) Using 6 workers of 9 for evacuation
[2025-12-16T20:44:00.788+0800][0.092s][info][gc,phases   ] GC(1)   Pre Evacuate Collection Set: 0.0ms
[2025-12-16T20:44:00.788+0800][0.092s][info][gc,phases   ] GC(1)   Merge Heap Roots: 0.0ms
[2025-12-16T20:44:00.788+0800][0.092s][info][gc,phases   ] GC(1)   Evacuate Collection Set: 0.1ms
[2025-12-16T20:44:00.788+0800][0.092s][info][gc,phases   ] GC(1)   Post Evacuate Collection Set: 0.1ms
[2025-12-16T20:44:00.788+0800][0.092s][info][gc,phases   ] GC(1)   Other: 0.0ms
[2025-12-16T20:44:00.788+0800][0.092s][info][gc,heap     ] GC(1) Eden regions: 75->0(75)
[2025-12-16T20:44:00.788+0800][0.092s][info][gc,heap     ] GC(1) Survivor regions: 1->1(10)
[2025-12-16T20:44:00.788+0800][0.092s][info][gc,heap     ] GC(1) Old regions: 0->0
[2025-12-16T20:44:00.788+0800][0.092s][info][gc,heap     ] GC(1) Archive regions: 2->2
[2025-12-16T20:44:00.788+0800][0.092s][info][gc,heap     ] GC(1) Humongous regions: 0->0
[2025-12-16T20:44:00.788+0800][0.092s][info][gc,metaspace] GC(1) Metaspace: 86K(320K)->86K(320K) NonClass: 78K(192K)->78K(192K) Class: 8K(128K)->8K(128K)
[2025-12-16T20:44:00.788+0800][0.092s][info][gc          ] GC(1) Pause Young (Normal) (G1 Evacuation Pause) 152M->2M(260M) 0.310ms
[2025-12-16T20:44:00.788+0800][0.093s][info][gc,cpu      ] GC(1) User=0.00s Sys=0.00s Real=0.00s
[2025-12-16T20:44:00.851+0800][0.155s][info][gc,start    ] GC(2) Pause Young (Normal) (G1 Evacuation Pause)
[2025-12-16T20:44:00.851+0800][0.155s][info][gc,task     ] GC(2) Using 6 workers of 9 for evacuation
[2025-12-16T20:44:00.851+0800][0.155s][info][gc,phases   ] GC(2)   Pre Evacuate Collection Set: 0.0ms
[2025-12-16T20:44:00.851+0800][0.155s][info][gc,phases   ] GC(2)   Merge Heap Roots: 0.0ms
[2025-12-16T20:44:00.851+0800][0.155s][info][gc,phases   ] GC(2)   Evacuate Collection Set: 0.1ms
[2025-12-16T20:44:00.851+0800][0.155s][info][gc,phases   ] GC(2)   Post Evacuate Collection Set: 0.1ms
[2025-12-16T20:44:00.851+0800][0.155s][info][gc,phases   ] GC(2)   Other: 0.0ms
[2025-12-16T20:44:00.851+0800][0.155s][info][gc,heap     ] GC(2) Eden regions: 75->0(75)
[2025-12-16T20:44:00.851+0800][0.155s][info][gc,heap     ] GC(2) Survivor regions: 1->1(10)
[2025-12-16T20:44:00.851+0800][0.155s][info][gc,heap     ] GC(2) Old regions: 0->0
[2025-12-16T20:44:00.851+0800][0.155s][info][gc,heap     ] GC(2) Archive regions: 2->2
[2025-12-16T20:44:00.851+0800][0.155s][info][gc,heap     ] GC(2) Humongous regions: 0->0
[2025-12-16T20:44:00.851+0800][0.155s][info][gc,metaspace] GC(2) Metaspace: 86K(320K)->86K(320K) NonClass: 78K(192K)->78K(192K) Class: 8K(128K)->8K(128K)
[2025-12-16T20:44:00.851+0800][0.155s][info][gc          ] GC(2) Pause Young (Normal) (G1 Evacuation Pause) 152M->2M(260M) 0.251ms
[2025-12-16T20:44:00.851+0800][0.155s][info][gc,cpu      ] GC(2) User=0.00s Sys=0.00s Real=0.00s
[2025-12-16T20:44:00.912+0800][0.216s][info][gc,start    ] GC(3) Pause Young (Normal) (G1 Evacuation Pause)
[2025-12-16T20:44:00.912+0800][0.216s][info][gc,task     ] GC(3) Using 6 workers of 9 for evacuation
[2025-12-16T20:44:00.912+0800][0.216s][info][gc,phases   ] GC(3)   Pre Evacuate Collection Set: 0.0ms
[2025-12-16T20:44:00.912+0800][0.216s][info][gc,phases   ] GC(3)   Merge Heap Roots: 0.0ms
[2025-12-16T20:44:00.912+0800][0.216s][info][gc,phases   ] GC(3)   Evacuate Collection Set: 0.1ms
[2025-12-16T20:44:00.912+0800][0.216s][info][gc,phases   ] GC(3)   Post Evacuate Collection Set: 0.1ms
[2025-12-16T20:44:00.912+0800][0.216s][info][gc,phases   ] GC(3)   Other: 0.0ms
[2025-12-16T20:44:00.912+0800][0.216s][info][gc,heap     ] GC(3) Eden regions: 75->0(75)
[2025-12-16T20:44:00.912+0800][0.216s][info][gc,heap     ] GC(3) Survivor regions: 1->1(10)
[2025-12-16T20:44:00.912+0800][0.216s][info][gc,heap     ] GC(3) Old regions: 0->0
[2025-12-16T20:44:00.912+0800][0.216s][info][gc,heap     ] GC(3) Archive regions: 2->2
[2025-12-16T20:44:00.912+0800][0.216s][info][gc,heap     ] GC(3) Humongous regions: 0->0
[2025-12-16T20:44:00.912+0800][0.216s][info][gc,metaspace] GC(3) Metaspace: 86K(320K)->86K(320K) NonClass: 78K(192K)->78K(192K) Class: 8K(128K)->8K(128K)
[2025-12-16T20:44:00.912+0800][0.216s][info][gc          ] GC(3) Pause Young (Normal) (G1 Evacuation Pause) 152M->2M(260M) 0.231ms
[2025-12-16T20:44:00.912+0800][0.216s][info][gc,cpu      ] GC(3) User=0.00s Sys=0.00s Real=0.00s
[2025-12-16T20:44:00.974+0800][0.278s][info][gc,start    ] GC(4) Pause Young (Normal) (G1 Evacuation Pause)
[2025-12-16T20:44:00.974+0800][0.278s][info][gc,task     ] GC(4) Using 6 workers of 9 for evacuation
[2025-12-16T20:44:00.974+0800][0.278s][info][gc,phases   ] GC(4)   Pre Evacuate Collection Set: 0.0ms
[2025-12-16T20:44:00.974+0800][0.278s][info][gc,phases   ] GC(4)   Merge Heap Roots: 0.0ms
[2025-12-16T20:44:00.974+0800][0.278s][info][gc,phases   ] GC(4)   Evacuate Collection Set: 0.1ms
[2025-12-16T20:44:00.974+0800][0.278s][info][gc,phases   ] GC(4)   Post Evacuate Collection Set: 0.1ms
[2025-12-16T20:44:00.974+0800][0.278s][info][gc,phases   ] GC(4)   Other: 0.0ms
[2025-12-16T20:44:00.974+0800][0.278s][info][gc,heap     ] GC(4) Eden regions: 75->0(75)
[2025-12-16T20:44:00.974+0800][0.278s][info][gc,heap     ] GC(4) Survivor regions: 1->1(10)
[2025-12-16T20:44:00.974+0800][0.278s][info][gc,heap     ] GC(4) Old regions: 0->0
[2025-12-16T20:44:00.974+0800][0.278s][info][gc,heap     ] GC(4) Archive regions: 2->2
[2025-12-16T20:44:00.974+0800][0.278s][info][gc,heap     ] GC(4) Humongous regions: 0->0
[2025-12-16T20:44:00.974+0800][0.278s][info][gc,metaspace] GC(4) Metaspace: 86K(320K)->86K(320K) NonClass: 78K(192K)->78K(192K) Class: 8K(128K)->8K(128K)
[2025-12-16T20:44:00.974+0800][0.278s][info][gc          ] GC(4) Pause Young (Normal) (G1 Evacuation Pause) 152M->2M(260M) 0.265ms
[2025-12-16T20:44:00.974+0800][0.278s][info][gc,cpu      ] GC(4) User=0.00s Sys=0.00s Real=0.00s
[2025-12-16T20:44:01.036+0800][0.340s][info][gc,start    ] GC(5) Pause Young (Normal) (G1 Evacuation Pause)
[2025-12-16T20:44:01.036+0800][0.340s][info][gc,task     ] GC(5) Using 6 workers of 9 for evacuation
[2025-12-16T20:44:01.036+0800][0.340s][info][gc,phases   ] GC(5)   Pre Evacuate Collection Set: 0.0ms
[2025-12-16T20:44:01.036+0800][0.340s][info][gc,phases   ] GC(5)   Merge Heap Roots: 0.0ms
[2025-12-16T20:44:01.036+0800][0.340s][info][gc,phases   ] GC(5)   Evacuate Collection Set: 0.0ms
[2025-12-16T20:44:01.036+0800][0.340s][info][gc,phases   ] GC(5)   Post Evacuate Collection Set: 0.1ms
[2025-12-16T20:44:01.036+0800][0.340s][info][gc,phases   ] GC(5)   Other: 0.0ms
[2025-12-16T20:44:01.036+0800][0.340s][info][gc,heap     ] GC(5) Eden regions: 75->0(75)
[2025-12-16T20:44:01.036+0800][0.340s][info][gc,heap     ] GC(5) Survivor regions: 1->1(10)
[2025-12-16T20:44:01.036+0800][0.340s][info][gc,heap     ] GC(5) Old regions: 0->0
[2025-12-16T20:44:01.036+0800][0.340s][info][gc,heap     ] GC(5) Archive regions: 2->2
[2025-12-16T20:44:01.036+0800][0.340s][info][gc,heap     ] GC(5) Humongous regions: 0->0
[2025-12-16T20:44:01.036+0800][0.340s][info][gc,metaspace] GC(5) Metaspace: 86K(320K)->86K(320K) NonClass: 78K(192K)->78K(192K) Class: 8K(128K)->8K(128K)
[2025-12-16T20:44:01.036+0800][0.340s][info][gc          ] GC(5) Pause Young (Normal) (G1 Evacuation Pause) 152M->2M(260M) 0.231ms
[2025-12-16T20:44:01.036+0800][0.340s][info][gc,cpu      ] GC(5) User=0.00s Sys=0.00s Real=0.00s
[2025-12-16T20:44:01.101+0800][0.405s][info][gc,start    ] GC(6) Pause Young (Normal) (G1 Evacuation Pause)
[2025-12-16T20:44:01.101+0800][0.405s][info][gc,task     ] GC(6) Using 6 workers of 9 for evacuation
[2025-12-16T20:44:01.101+0800][0.405s][info][gc,phases   ] GC(6)   Pre Evacuate Collection Set: 0.0ms
[2025-12-16T20:44:01.101+0800][0.405s][info][gc,phases   ] GC(6)   Merge Heap Roots: 0.0ms
[2025-12-16T20:44:01.101+0800][0.405s][info][gc,phases   ] GC(6)   Evacuate Collection Set: 0.1ms
[2025-12-16T20:44:01.101+0800][0.405s][info][gc,phases   ] GC(6)   Post Evacuate Collection Set: 0.1ms
[2025-12-16T20:44:01.101+0800][0.405s][info][gc,phases   ] GC(6)   Other: 0.0ms
[2025-12-16T20:44:01.101+0800][0.405s][info][gc,heap     ] GC(6) Eden regions: 75->0(75)
[2025-12-16T20:44:01.101+0800][0.405s][info][gc,heap     ] GC(6) Survivor regions: 1->1(10)
[2025-12-16T20:44:01.101+0800][0.405s][info][gc,heap     ] GC(6) Old regions: 0->0
[2025-12-16T20:44:01.101+0800][0.405s][info][gc,heap     ] GC(6) Archive regions: 2->2
[2025-12-16T20:44:01.101+0800][0.405s][info][gc,heap     ] GC(6) Humongous regions: 0->0
[2025-12-16T20:44:01.101+0800][0.405s][info][gc,metaspace] GC(6) Metaspace: 86K(320K)->86K(320K) NonClass: 78K(192K)->78K(192K) Class: 8K(128K)->8K(128K)
[2025-12-16T20:44:01.101+0800][0.405s][info][gc          ] GC(6) Pause Young (Normal) (G1 Evacuation Pause) 152M->2M(260M) 0.245ms
[2025-12-16T20:44:01.101+0800][0.405s][info][gc,cpu      ] GC(6) User=0.00s Sys=0.00s Real=0.00s
[2025-12-16T20:44:01.161+0800][0.465s][info][gc,start    ] GC(7) Pause Young (Normal) (G1 Evacuation Pause)
[2025-12-16T20:44:01.161+0800][0.465s][info][gc,task     ] GC(7) Using 6 workers of 9 for evacuation
[2025-12-16T20:44:01.161+0800][0.465s][info][gc,phases   ] GC(7)   Pre Evacuate Collection Set: 0.0ms
[2025-12-16T20:44:01.161+0800][0.465s][info][gc,phases   ] GC(7)   Merge Heap Roots: 0.0ms
[2025-12-16T20:44:01.161+0800][0.465s][info][gc,phases   ] GC(7)   Evacuate Collection Set: 0.1ms
[2025-12-16T20:44:01.161+0800][0.465s][info][gc,phases   ] GC(7)   Post Evacuate Collection Set: 0.1ms
[2025-12-16T20:44:01.161+0800][0.465s][info][gc,phases   ] GC(7)   Other: 0.0ms
[2025-12-16T20:44:01.161+0800][0.465s][info][gc,heap     ] GC(7) Eden regions: 75->0(75)
[2025-12-16T20:44:01.161+0800][0.465s][info][gc,heap     ] GC(7) Survivor regions: 1->1(10)
[2025-12-16T20:44:01.161+0800][0.465s][info][gc,heap     ] GC(7) Old regions: 0->0
[2025-12-16T20:44:01.161+0800][0.465s][info][gc,heap     ] GC(7) Archive regions: 2->2
[2025-12-16T20:44:01.161+0800][0.465s][info][gc,heap     ] GC(7) Humongous regions: 0->0
[2025-12-16T20:44:01.161+0800][0.465s][info][gc,metaspace] GC(7) Metaspace: 86K(320K)->86K(320K) NonClass: 78K(192K)->78K(192K) Class: 8K(128K)->8K(128K)
[2025-12-16T20:44:01.161+0800][0.465s][info][gc          ] GC(7) Pause Young (Normal) (G1 Evacuation Pause) 152M->2M(260M) 0.230ms
[2025-12-16T20:44:01.161+0800][0.465s][info][gc,cpu      ] GC(7) User=0.00s Sys=0.00s Real=0.00s
[2025-12-16T20:44:01.224+0800][0.528s][info][gc,start    ] GC(8) Pause Young (Normal) (G1 Evacuation Pause)
[2025-12-16T20:44:01.224+0800][0.528s][info][gc,task     ] GC(8) Using 6 workers of 9 for evacuation
[2025-12-16T20:44:01.224+0800][0.528s][info][gc,phases   ] GC(8)   Pre Evacuate Collection Set: 0.0ms
[2025-12-16T20:44:01.224+0800][0.528s][info][gc,phases   ] GC(8)   Merge Heap Roots: 0.0ms
[2025-12-16T20:44:01.224+0800][0.528s][info][gc,phases   ] GC(8)   Evacuate Collection Set: 0.1ms
[2025-12-16T20:44:01.224+0800][0.528s][info][gc,phases   ] GC(8)   Post Evacuate Collection Set: 0.1ms
[2025-12-16T20:44:01.224+0800][0.528s][info][gc,phases   ] GC(8)   Other: 0.0ms
[2025-12-16T20:44:01.224+0800][0.528s][info][gc,heap     ] GC(8) Eden regions: 75->0(75)
[2025-12-16T20:44:01.224+0800][0.528s][info][gc,heap     ] GC(8) Survivor regions: 1->1(10)
[2025-12-16T20:44:01.224+0800][0.528s][info][gc,heap     ] GC(8) Old regions: 0->0
[2025-12-16T20:44:01.224+0800][0.528s][info][gc,heap     ] GC(8) Archive regions: 2->2
[2025-12-16T20:44:01.224+0800][0.528s][info][gc,heap     ] GC(8) Humongous regions: 0->0
[2025-12-16T20:44:01.224+0800][0.528s][info][gc,metaspace] GC(8) Metaspace: 86K(320K)->86K(320K) NonClass: 78K(192K)->78K(192K) Class: 8K(128K)->8K(128K)
[2025-12-16T20:44:01.224+0800][0.528s][info][gc          ] GC(8) Pause Young (Normal) (G1 Evacuation Pause) 152M->2M(260M) 0.243ms
[2025-12-16T20:44:01.224+0800][0.528s][info][gc,cpu      ] GC(8) User=0.00s Sys=0.00s Real=0.00s
[2025-12-16T20:44:01.284+0800][0.588s][info][gc,start    ] GC(9) Pause Young (Normal) (G1 Evacuation Pause)
[2025-12-16T20:44:01.284+0800][0.588s][info][gc,task     ] GC(9) Using 6 workers of 9 for evacuation
[2025-12-16T20:44:01.284+0800][0.588s][info][gc,phases   ] GC(9)   Pre Evacuate Collection Set: 0.1ms
[2025-12-16T20:44:01.284+0800][0.588s][info][gc,phases   ] GC(9)   Merge Heap Roots: 0.0ms
[2025-12-16T20:44:01.284+0800][0.588s][info][gc,phases   ] GC(9)   Evacuate Collection Set: 0.1ms
[2025-12-16T20:44:01.284+0800][0.588s][info][gc,phases   ] GC(9)   Post Evacuate Collection Set: 0.1ms
[2025-12-16T20:44:01.284+0800][0.588s][info][gc,phases   ] GC(9)   Other: 0.0ms
[2025-12-16T20:44:01.284+0800][0.588s][info][gc,heap     ] GC(9) Eden regions: 75->0(75)
[2025-12-16T20:44:01.284+0800][0.588s][info][gc,heap     ] GC(9) Survivor regions: 1->1(10)
[2025-12-16T20:44:01.284+0800][0.588s][info][gc,heap     ] GC(9) Old regions: 0->0
[2025-12-16T20:44:01.284+0800][0.588s][info][gc,heap     ] GC(9) Archive regions: 2->2
[2025-12-16T20:44:01.284+0800][0.588s][info][gc,heap     ] GC(9) Humongous regions: 0->0
[2025-12-16T20:44:01.284+0800][0.588s][info][gc,metaspace] GC(9) Metaspace: 86K(320K)->86K(320K) NonClass: 78K(192K)->78K(192K) Class: 8K(128K)->8K(128K)
[2025-12-16T20:44:01.284+0800][0.588s][info][gc          ] GC(9) Pause Young (Normal) (G1 Evacuation Pause) 152M->2M(260M) 0.384ms
[2025-12-16T20:44:01.284+0800][0.588s][info][gc,cpu      ] GC(9) User=0.00s Sys=0.01s Real=0.00s
[2025-12-16T20:44:01.347+0800][0.651s][info][gc,start    ] GC(10) Pause Young (Normal) (G1 Evacuation Pause)
[2025-12-16T20:44:01.347+0800][0.651s][info][gc,task     ] GC(10) Using 6 workers of 9 for evacuation
[2025-12-16T20:44:01.347+0800][0.651s][info][gc,phases   ] GC(10)   Pre Evacuate Collection Set: 0.0ms
[2025-12-16T20:44:01.347+0800][0.651s][info][gc,phases   ] GC(10)   Merge Heap Roots: 0.0ms
[2025-12-16T20:44:01.347+0800][0.651s][info][gc,phases   ] GC(10)   Evacuate Collection Set: 0.1ms
[2025-12-16T20:44:01.347+0800][0.651s][info][gc,phases   ] GC(10)   Post Evacuate Collection Set: 0.1ms
[2025-12-16T20:44:01.347+0800][0.651s][info][gc,phases   ] GC(10)   Other: 0.1ms
[2025-12-16T20:44:01.347+0800][0.651s][info][gc,heap     ] GC(10) Eden regions: 75->0(75)
[2025-12-16T20:44:01.347+0800][0.651s][info][gc,heap     ] GC(10) Survivor regions: 1->1(10)
[2025-12-16T20:44:01.347+0800][0.651s][info][gc,heap     ] GC(10) Old regions: 0->0
[2025-12-16T20:44:01.347+0800][0.651s][info][gc,heap     ] GC(10) Archive regions: 2->2
[2025-12-16T20:44:01.347+0800][0.651s][info][gc,heap     ] GC(10) Humongous regions: 0->0
[2025-12-16T20:44:01.347+0800][0.651s][info][gc,metaspace] GC(10) Metaspace: 86K(320K)->86K(320K) NonClass: 78K(192K)->78K(192K) Class: 8K(128K)->8K(128K)
[2025-12-16T20:44:01.347+0800][0.651s][info][gc          ] GC(10) Pause Young (Normal) (G1 Evacuation Pause) 152M->2M(260M) 0.301ms
[2025-12-16T20:44:01.347+0800][0.651s][info][gc,cpu      ] GC(10) User=0.00s Sys=0.00s Real=0.00s
[2025-12-16T20:44:01.410+0800][0.714s][info][gc,start    ] GC(11) Pause Young (Normal) (G1 Evacuation Pause)
[2025-12-16T20:44:01.410+0800][0.714s][info][gc,task     ] GC(11) Using 6 workers of 9 for evacuation
[2025-12-16T20:44:01.410+0800][0.714s][info][gc,phases   ] GC(11)   Pre Evacuate Collection Set: 0.0ms
[2025-12-16T20:44:01.410+0800][0.714s][info][gc,phases   ] GC(11)   Merge Heap Roots: 0.0ms
[2025-12-16T20:44:01.410+0800][0.714s][info][gc,phases   ] GC(11)   Evacuate Collection Set: 0.1ms
[2025-12-16T20:44:01.410+0800][0.714s][info][gc,phases   ] GC(11)   Post Evacuate Collection Set: 0.1ms
[2025-12-16T20:44:01.410+0800][0.714s][info][gc,phases   ] GC(11)   Other: 0.0ms
[2025-12-16T20:44:01.410+0800][0.714s][info][gc,heap     ] GC(11) Eden regions: 75->0(75)
[2025-12-16T20:44:01.410+0800][0.714s][info][gc,heap     ] GC(11) Survivor regions: 1->1(10)
[2025-12-16T20:44:01.410+0800][0.714s][info][gc,heap     ] GC(11) Old regions: 0->0
[2025-12-16T20:44:01.410+0800][0.714s][info][gc,heap     ] GC(11) Archive regions: 2->2
[2025-12-16T20:44:01.410+0800][0.714s][info][gc,heap     ] GC(11) Humongous regions: 0->0
[2025-12-16T20:44:01.410+0800][0.714s][info][gc,metaspace] GC(11) Metaspace: 86K(320K)->86K(320K) NonClass: 78K(192K)->78K(192K) Class: 8K(128K)->8K(128K)
[2025-12-16T20:44:01.410+0800][0.714s][info][gc          ] GC(11) Pause Young (Normal) (G1 Evacuation Pause) 152M->2M(260M) 0.262ms
[2025-12-16T20:44:01.410+0800][0.714s][info][gc,cpu      ] GC(11) User=0.00s Sys=0.00s Real=0.00s
[2025-12-16T20:44:01.470+0800][0.774s][info][gc,start    ] GC(12) Pause Young (Normal) (G1 Evacuation Pause)
[2025-12-16T20:44:01.470+0800][0.774s][info][gc,task     ] GC(12) Using 6 workers of 9 for evacuation
[2025-12-16T20:44:01.470+0800][0.774s][info][gc,phases   ] GC(12)   Pre Evacuate Collection Set: 0.0ms
[2025-12-16T20:44:01.470+0800][0.774s][info][gc,phases   ] GC(12)   Merge Heap Roots: 0.0ms
[2025-12-16T20:44:01.470+0800][0.775s][info][gc,phases   ] GC(12)   Evacuate Collection Set: 0.1ms
[2025-12-16T20:44:01.470+0800][0.775s][info][gc,phases   ] GC(12)   Post Evacuate Collection Set: 0.1ms
[2025-12-16T20:44:01.470+0800][0.775s][info][gc,phases   ] GC(12)   Other: 0.0ms
[2025-12-16T20:44:01.470+0800][0.775s][info][gc,heap     ] GC(12) Eden regions: 75->0(75)
[2025-12-16T20:44:01.470+0800][0.775s][info][gc,heap     ] GC(12) Survivor regions: 1->1(10)
[2025-12-16T20:44:01.470+0800][0.775s][info][gc,heap     ] GC(12) Old regions: 0->0
[2025-12-16T20:44:01.470+0800][0.775s][info][gc,heap     ] GC(12) Archive regions: 2->2
[2025-12-16T20:44:01.470+0800][0.775s][info][gc,heap     ] GC(12) Humongous regions: 0->0
[2025-12-16T20:44:01.470+0800][0.775s][info][gc,metaspace] GC(12) Metaspace: 86K(320K)->86K(320K) NonClass: 78K(192K)->78K(192K) Class: 8K(128K)->8K(128K)
[2025-12-16T20:44:01.470+0800][0.775s][info][gc          ] GC(12) Pause Young (Normal) (G1 Evacuation Pause) 152M->2M(260M) 0.247ms
[2025-12-16T20:44:01.470+0800][0.775s][info][gc,cpu      ] GC(12) User=0.00s Sys=0.00s Real=0.00s
[2025-12-16T20:44:01.529+0800][0.834s][info][gc,start    ] GC(13) Pause Young (Normal) (G1 Evacuation Pause)
[2025-12-16T20:44:01.530+0800][0.834s][info][gc,task     ] GC(13) Using 6 workers of 9 for evacuation
[2025-12-16T20:44:01.530+0800][0.834s][info][gc,phases   ] GC(13)   Pre Evacuate Collection Set: 0.0ms
[2025-12-16T20:44:01.530+0800][0.834s][info][gc,phases   ] GC(13)   Merge Heap Roots: 0.0ms
[2025-12-16T20:44:01.530+0800][0.834s][info][gc,phases   ] GC(13)   Evacuate Collection Set: 0.1ms
[2025-12-16T20:44:01.530+0800][0.834s][info][gc,phases   ] GC(13)   Post Evacuate Collection Set: 0.1ms
[2025-12-16T20:44:01.530+0800][0.834s][info][gc,phases   ] GC(13)   Other: 0.0ms
[2025-12-16T20:44:01.530+0800][0.834s][info][gc,heap     ] GC(13) Eden regions: 75->0(75)
[2025-12-16T20:44:01.530+0800][0.834s][info][gc,heap     ] GC(13) Survivor regions: 1->1(10)
[2025-12-16T20:44:01.530+0800][0.834s][info][gc,heap     ] GC(13) Old regions: 0->0
[2025-12-16T20:44:01.530+0800][0.834s][info][gc,heap     ] GC(13) Archive regions: 2->2
[2025-12-16T20:44:01.530+0800][0.834s][info][gc,heap     ] GC(13) Humongous regions: 0->0
[2025-12-16T20:44:01.530+0800][0.834s][info][gc,metaspace] GC(13) Metaspace: 86K(320K)->86K(320K) NonClass: 78K(192K)->78K(192K) Class: 8K(128K)->8K(128K)
[2025-12-16T20:44:01.530+0800][0.834s][info][gc          ] GC(13) Pause Young (Normal) (G1 Evacuation Pause) 152M->2M(260M) 0.260ms
[2025-12-16T20:44:01.530+0800][0.834s][info][gc,cpu      ] GC(13) User=0.00s Sys=0.00s Real=0.01s
[2025-12-16T20:44:01.589+0800][0.893s][info][gc,start    ] GC(14) Pause Young (Normal) (G1 Evacuation Pause)
[2025-12-16T20:44:01.589+0800][0.893s][info][gc,task     ] GC(14) Using 6 workers of 9 for evacuation
[2025-12-16T20:44:01.589+0800][0.893s][info][gc,phases   ] GC(14)   Pre Evacuate Collection Set: 0.0ms
[2025-12-16T20:44:01.589+0800][0.893s][info][gc,phases   ] GC(14)   Merge Heap Roots: 0.0ms
[2025-12-16T20:44:01.589+0800][0.893s][info][gc,phases   ] GC(14)   Evacuate Collection Set: 0.1ms
[2025-12-16T20:44:01.589+0800][0.893s][info][gc,phases   ] GC(14)   Post Evacuate Collection Set: 0.1ms
[2025-12-16T20:44:01.589+0800][0.893s][info][gc,phases   ] GC(14)   Other: 0.0ms
[2025-12-16T20:44:01.589+0800][0.893s][info][gc,heap     ] GC(14) Eden regions: 75->0(75)
[2025-12-16T20:44:01.589+0800][0.893s][info][gc,heap     ] GC(14) Survivor regions: 1->1(10)
[2025-12-16T20:44:01.589+0800][0.893s][info][gc,heap     ] GC(14) Old regions: 0->0
[2025-12-16T20:44:01.589+0800][0.893s][info][gc,heap     ] GC(14) Archive regions: 2->2
[2025-12-16T20:44:01.589+0800][0.893s][info][gc,heap     ] GC(14) Humongous regions: 0->0
[2025-12-16T20:44:01.589+0800][0.893s][info][gc,metaspace] GC(14) Metaspace: 86K(320K)->86K(320K) NonClass: 78K(192K)->78K(192K) Class: 8K(128K)->8K(128K)
[2025-12-16T20:44:01.589+0800][0.893s][info][gc          ] GC(14) Pause Young (Normal) (G1 Evacuation Pause) 152M->2M(260M) 0.262ms
[2025-12-16T20:44:01.589+0800][0.893s][info][gc,cpu      ] GC(14) User=0.00s Sys=0.00s Real=0.00s
[2025-12-16T20:44:01.649+0800][0.953s][info][gc,start    ] GC(15) Pause Young (Normal) (G1 Evacuation Pause)
[2025-12-16T20:44:01.649+0800][0.953s][info][gc,task     ] GC(15) Using 6 workers of 9 for evacuation
[2025-12-16T20:44:01.649+0800][0.953s][info][gc,phases   ] GC(15)   Pre Evacuate Collection Set: 0.0ms
[2025-12-16T20:44:01.649+0800][0.953s][info][gc,phases   ] GC(15)   Merge Heap Roots: 0.0ms
[2025-12-16T20:44:01.649+0800][0.953s][info][gc,phases   ] GC(15)   Evacuate Collection Set: 0.1ms
[2025-12-16T20:44:01.649+0800][0.953s][info][gc,phases   ] GC(15)   Post Evacuate Collection Set: 0.1ms
[2025-12-16T20:44:01.649+0800][0.953s][info][gc,phases   ] GC(15)   Other: 0.0ms
[2025-12-16T20:44:01.649+0800][0.953s][info][gc,heap     ] GC(15) Eden regions: 75->0(75)
[2025-12-16T20:44:01.649+0800][0.953s][info][gc,heap     ] GC(15) Survivor regions: 1->1(10)
[2025-12-16T20:44:01.649+0800][0.953s][info][gc,heap     ] GC(15) Old regions: 0->1
[2025-12-16T20:44:01.649+0800][0.953s][info][gc,heap     ] GC(15) Archive regions: 2->2
[2025-12-16T20:44:01.649+0800][0.953s][info][gc,heap     ] GC(15) Humongous regions: 0->0
[2025-12-16T20:44:01.649+0800][0.953s][info][gc,metaspace] GC(15) Metaspace: 86K(320K)->86K(320K) NonClass: 78K(192K)->78K(192K) Class: 8K(128K)->8K(128K)
[2025-12-16T20:44:01.649+0800][0.953s][info][gc          ] GC(15) Pause Young (Normal) (G1 Evacuation Pause) 152M->2M(260M) 0.263ms
[2025-12-16T20:44:01.649+0800][0.953s][info][gc,cpu      ] GC(15) User=0.00s Sys=0.00s Real=0.00s
[2025-12-16T20:44:01.710+0800][1.015s][info][gc,start    ] GC(16) Pause Young (Normal) (G1 Evacuation Pause)
[2025-12-16T20:44:01.710+0800][1.015s][info][gc,task     ] GC(16) Using 6 workers of 9 for evacuation
[2025-12-16T20:44:01.711+0800][1.015s][info][gc,phases   ] GC(16)   Pre Evacuate Collection Set: 0.0ms
[2025-12-16T20:44:01.711+0800][1.015s][info][gc,phases   ] GC(16)   Merge Heap Roots: 0.0ms
[2025-12-16T20:44:01.711+0800][1.015s][info][gc,phases   ] GC(16)   Evacuate Collection Set: 0.0ms
[2025-12-16T20:44:01.711+0800][1.015s][info][gc,phases   ] GC(16)   Post Evacuate Collection Set: 0.1ms
[2025-12-16T20:44:01.711+0800][1.015s][info][gc,phases   ] GC(16)   Other: 0.0ms
[2025-12-16T20:44:01.711+0800][1.015s][info][gc,heap     ] GC(16) Eden regions: 75->0(75)
[2025-12-16T20:44:01.711+0800][1.015s][info][gc,heap     ] GC(16) Survivor regions: 1->1(10)
[2025-12-16T20:44:01.711+0800][1.015s][info][gc,heap     ] GC(16) Old regions: 1->1
[2025-12-16T20:44:01.711+0800][1.015s][info][gc,heap     ] GC(16) Archive regions: 2->2
[2025-12-16T20:44:01.711+0800][1.015s][info][gc,heap     ] GC(16) Humongous regions: 0->0
[2025-12-16T20:44:01.711+0800][1.015s][info][gc,metaspace] GC(16) Metaspace: 86K(320K)->86K(320K) NonClass: 78K(192K)->78K(192K) Class: 8K(128K)->8K(128K)
[2025-12-16T20:44:01.711+0800][1.015s][info][gc          ] GC(16) Pause Young (Normal) (G1 Evacuation Pause) 152M->2M(260M) 0.250ms
[2025-12-16T20:44:01.711+0800][1.015s][info][gc,cpu      ] GC(16) User=0.00s Sys=0.00s Real=0.00s
[2025-12-16T20:44:01.771+0800][1.075s][info][gc,start    ] GC(17) Pause Young (Normal) (G1 Evacuation Pause)
[2025-12-16T20:44:01.771+0800][1.075s][info][gc,task     ] GC(17) Using 6 workers of 9 for evacuation
[2025-12-16T20:44:01.771+0800][1.075s][info][gc,phases   ] GC(17)   Pre Evacuate Collection Set: 0.0ms
[2025-12-16T20:44:01.771+0800][1.075s][info][gc,phases   ] GC(17)   Merge Heap Roots: 0.0ms
[2025-12-16T20:44:01.771+0800][1.075s][info][gc,phases   ] GC(17)   Evacuate Collection Set: 0.1ms
[2025-12-16T20:44:01.771+0800][1.075s][info][gc,phases   ] GC(17)   Post Evacuate Collection Set: 0.1ms
[2025-12-16T20:44:01.771+0800][1.075s][info][gc,phases   ] GC(17)   Other: 0.0ms
[2025-12-16T20:44:01.771+0800][1.075s][info][gc,heap     ] GC(17) Eden regions: 75->0(75)
[2025-12-16T20:44:01.771+0800][1.075s][info][gc,heap     ] GC(17) Survivor regions: 1->1(10)
[2025-12-16T20:44:01.771+0800][1.075s][info][gc,heap     ] GC(17) Old regions: 1->1
[2025-12-16T20:44:01.771+0800][1.075s][info][gc,heap     ] GC(17) Archive regions: 2->2
[2025-12-16T20:44:01.771+0800][1.075s][info][gc,heap     ] GC(17) Humongous regions: 0->0
[2025-12-16T20:44:01.771+0800][1.076s][info][gc,metaspace] GC(17) Metaspace: 86K(320K)->86K(320K) NonClass: 78K(192K)->78K(192K) Class: 8K(128K)->8K(128K)
[2025-12-16T20:44:01.771+0800][1.076s][info][gc          ] GC(17) Pause Young (Normal) (G1 Evacuation Pause) 152M->2M(260M) 0.221ms
[2025-12-16T20:44:01.771+0800][1.076s][info][gc,cpu      ] GC(17) User=0.00s Sys=0.00s Real=0.00s
[2025-12-16T20:44:01.833+0800][1.137s][info][gc,start    ] GC(18) Pause Young (Normal) (G1 Evacuation Pause)
[2025-12-16T20:44:01.833+0800][1.137s][info][gc,task     ] GC(18) Using 6 workers of 9 for evacuation
[2025-12-16T20:44:01.833+0800][1.137s][info][gc,phases   ] GC(18)   Pre Evacuate Collection Set: 0.0ms
[2025-12-16T20:44:01.833+0800][1.137s][info][gc,phases   ] GC(18)   Merge Heap Roots: 0.0ms
[2025-12-16T20:44:01.833+0800][1.137s][info][gc,phases   ] GC(18)   Evacuate Collection Set: 0.0ms
[2025-12-16T20:44:01.833+0800][1.137s][info][gc,phases   ] GC(18)   Post Evacuate Collection Set: 0.1ms
[2025-12-16T20:44:01.833+0800][1.137s][info][gc,phases   ] GC(18)   Other: 0.0ms
[2025-12-16T20:44:01.833+0800][1.137s][info][gc,heap     ] GC(18) Eden regions: 75->0(75)
[2025-12-16T20:44:01.833+0800][1.137s][info][gc,heap     ] GC(18) Survivor regions: 1->1(10)
[2025-12-16T20:44:01.833+0800][1.137s][info][gc,heap     ] GC(18) Old regions: 1->1
[2025-12-16T20:44:01.833+0800][1.137s][info][gc,heap     ] GC(18) Archive regions: 2->2
[2025-12-16T20:44:01.833+0800][1.137s][info][gc,heap     ] GC(18) Humongous regions: 0->0
[2025-12-16T20:44:01.833+0800][1.137s][info][gc,metaspace] GC(18) Metaspace: 86K(320K)->86K(320K) NonClass: 78K(192K)->78K(192K) Class: 8K(128K)->8K(128K)
[2025-12-16T20:44:01.833+0800][1.137s][info][gc          ] GC(18) Pause Young (Normal) (G1 Evacuation Pause) 152M->2M(260M) 0.213ms
[2025-12-16T20:44:01.833+0800][1.137s][info][gc,cpu      ] GC(18) User=0.00s Sys=0.00s Real=0.00s
[2025-12-16T20:44:01.895+0800][1.199s][info][gc,start    ] GC(19) Pause Young (Normal) (G1 Evacuation Pause)
[2025-12-16T20:44:01.895+0800][1.199s][info][gc,task     ] GC(19) Using 6 workers of 9 for evacuation
[2025-12-16T20:44:01.895+0800][1.199s][info][gc,phases   ] GC(19)   Pre Evacuate Collection Set: 0.0ms
[2025-12-16T20:44:01.895+0800][1.199s][info][gc,phases   ] GC(19)   Merge Heap Roots: 0.0ms
[2025-12-16T20:44:01.895+0800][1.199s][info][gc,phases   ] GC(19)   Evacuate Collection Set: 0.0ms
[2025-12-16T20:44:01.895+0800][1.199s][info][gc,phases   ] GC(19)   Post Evacuate Collection Set: 0.1ms
[2025-12-16T20:44:01.895+0800][1.199s][info][gc,phases   ] GC(19)   Other: 0.0ms
[2025-12-16T20:44:01.895+0800][1.199s][info][gc,heap     ] GC(19) Eden regions: 75->0(75)
[2025-12-16T20:44:01.895+0800][1.199s][info][gc,heap     ] GC(19) Survivor regions: 1->1(10)
[2025-12-16T20:44:01.895+0800][1.199s][info][gc,heap     ] GC(19) Old regions: 1->1
[2025-12-16T20:44:01.895+0800][1.199s][info][gc,heap     ] GC(19) Archive regions: 2->2
[2025-12-16T20:44:01.895+0800][1.199s][info][gc,heap     ] GC(19) Humongous regions: 0->0
[2025-12-16T20:44:01.895+0800][1.199s][info][gc,metaspace] GC(19) Metaspace: 86K(320K)->86K(320K) NonClass: 78K(192K)->78K(192K) Class: 8K(128K)->8K(128K)
[2025-12-16T20:44:01.895+0800][1.199s][info][gc          ] GC(19) Pause Young (Normal) (G1 Evacuation Pause) 152M->2M(260M) 0.209ms
[2025-12-16T20:44:01.895+0800][1.199s][info][gc,cpu      ] GC(19) User=0.00s Sys=0.00s Real=0.00s
[2025-12-16T20:44:01.956+0800][1.260s][info][gc,start    ] GC(20) Pause Young (Normal) (G1 Evacuation Pause)
[2025-12-16T20:44:01.956+0800][1.260s][info][gc,task     ] GC(20) Using 6 workers of 9 for evacuation
[2025-12-16T20:44:01.956+0800][1.261s][info][gc,phases   ] GC(20)   Pre Evacuate Collection Set: 0.0ms
[2025-12-16T20:44:01.956+0800][1.261s][info][gc,phases   ] GC(20)   Merge Heap Roots: 0.0ms
[2025-12-16T20:44:01.956+0800][1.261s][info][gc,phases   ] GC(20)   Evacuate Collection Set: 0.1ms
[2025-12-16T20:44:01.956+0800][1.261s][info][gc,phases   ] GC(20)   Post Evacuate Collection Set: 0.1ms
[2025-12-16T20:44:01.956+0800][1.261s][info][gc,phases   ] GC(20)   Other: 0.0ms
[2025-12-16T20:44:01.956+0800][1.261s][info][gc,heap     ] GC(20) Eden regions: 75->0(75)
[2025-12-16T20:44:01.956+0800][1.261s][info][gc,heap     ] GC(20) Survivor regions: 1->1(10)
[2025-12-16T20:44:01.956+0800][1.261s][info][gc,heap     ] GC(20) Old regions: 1->1
[2025-12-16T20:44:01.956+0800][1.261s][info][gc,heap     ] GC(20) Archive regions: 2->2
[2025-12-16T20:44:01.956+0800][1.261s][info][gc,heap     ] GC(20) Humongous regions: 0->0
[2025-12-16T20:44:01.956+0800][1.261s][info][gc,metaspace] GC(20) Metaspace: 86K(320K)->86K(320K) NonClass: 78K(192K)->78K(192K) Class: 8K(128K)->8K(128K)
[2025-12-16T20:44:01.956+0800][1.261s][info][gc          ] GC(20) Pause Young (Normal) (G1 Evacuation Pause) 152M->2M(260M) 0.246ms
[2025-12-16T20:44:01.956+0800][1.261s][info][gc,cpu      ] GC(20) User=0.00s Sys=0.00s Real=0.00s
[2025-12-16T20:44:02.016+0800][1.320s][info][gc,start    ] GC(21) Pause Young (Normal) (G1 Evacuation Pause)
[2025-12-16T20:44:02.016+0800][1.320s][info][gc,task     ] GC(21) Using 6 workers of 9 for evacuation
[2025-12-16T20:44:02.016+0800][1.320s][info][gc,phases   ] GC(21)   Pre Evacuate Collection Set: 0.0ms
[2025-12-16T20:44:02.016+0800][1.320s][info][gc,phases   ] GC(21)   Merge Heap Roots: 0.0ms
[2025-12-16T20:44:02.016+0800][1.320s][info][gc,phases   ] GC(21)   Evacuate Collection Set: 0.1ms
[2025-12-16T20:44:02.016+0800][1.320s][info][gc,phases   ] GC(21)   Post Evacuate Collection Set: 0.1ms
[2025-12-16T20:44:02.016+0800][1.320s][info][gc,phases   ] GC(21)   Other: 0.0ms
[2025-12-16T20:44:02.016+0800][1.320s][info][gc,heap     ] GC(21) Eden regions: 75->0(75)
[2025-12-16T20:44:02.016+0800][1.320s][info][gc,heap     ] GC(21) Survivor regions: 1->1(10)
[2025-12-16T20:44:02.016+0800][1.320s][info][gc,heap     ] GC(21) Old regions: 1->1
[2025-12-16T20:44:02.016+0800][1.320s][info][gc,heap     ] GC(21) Archive regions: 2->2
[2025-12-16T20:44:02.016+0800][1.320s][info][gc,heap     ] GC(21) Humongous regions: 0->0
[2025-12-16T20:44:02.016+0800][1.320s][info][gc,metaspace] GC(21) Metaspace: 86K(320K)->86K(320K) NonClass: 78K(192K)->78K(192K) Class: 8K(128K)->8K(128K)
[2025-12-16T20:44:02.016+0800][1.320s][info][gc          ] GC(21) Pause Young (Normal) (G1 Evacuation Pause) 152M->2M(260M) 0.224ms
[2025-12-16T20:44:02.016+0800][1.320s][info][gc,cpu      ] GC(21) User=0.00s Sys=0.00s Real=0.00s
[2025-12-16T20:44:02.075+0800][1.379s][info][gc,start    ] GC(22) Pause Young (Normal) (G1 Evacuation Pause)
[2025-12-16T20:44:02.075+0800][1.379s][info][gc,task     ] GC(22) Using 6 workers of 9 for evacuation
[2025-12-16T20:44:02.075+0800][1.380s][info][gc,phases   ] GC(22)   Pre Evacuate Collection Set: 0.0ms
[2025-12-16T20:44:02.075+0800][1.380s][info][gc,phases   ] GC(22)   Merge Heap Roots: 0.0ms
[2025-12-16T20:44:02.075+0800][1.380s][info][gc,phases   ] GC(22)   Evacuate Collection Set: 0.0ms
[2025-12-16T20:44:02.075+0800][1.380s][info][gc,phases   ] GC(22)   Post Evacuate Collection Set: 0.1ms
[2025-12-16T20:44:02.075+0800][1.380s][info][gc,phases   ] GC(22)   Other: 0.0ms
[2025-12-16T20:44:02.075+0800][1.380s][info][gc,heap     ] GC(22) Eden regions: 75->0(75)
[2025-12-16T20:44:02.075+0800][1.380s][info][gc,heap     ] GC(22) Survivor regions: 1->1(10)
[2025-12-16T20:44:02.075+0800][1.380s][info][gc,heap     ] GC(22) Old regions: 1->1
[2025-12-16T20:44:02.075+0800][1.380s][info][gc,heap     ] GC(22) Archive regions: 2->2
[2025-12-16T20:44:02.075+0800][1.380s][info][gc,heap     ] GC(22) Humongous regions: 0->0
[2025-12-16T20:44:02.075+0800][1.380s][info][gc,metaspace] GC(22) Metaspace: 86K(320K)->86K(320K) NonClass: 78K(192K)->78K(192K) Class: 8K(128K)->8K(128K)
[2025-12-16T20:44:02.075+0800][1.380s][info][gc          ] GC(22) Pause Young (Normal) (G1 Evacuation Pause) 152M->2M(260M) 0.227ms
[2025-12-16T20:44:02.075+0800][1.380s][info][gc,cpu      ] GC(22) User=0.00s Sys=0.00s Real=0.00s
[2025-12-16T20:44:02.135+0800][1.439s][info][gc,start    ] GC(23) Pause Young (Normal) (G1 Evacuation Pause)
[2025-12-16T20:44:02.135+0800][1.439s][info][gc,task     ] GC(23) Using 6 workers of 9 for evacuation
[2025-12-16T20:44:02.135+0800][1.439s][info][gc,phases   ] GC(23)   Pre Evacuate Collection Set: 0.0ms
[2025-12-16T20:44:02.135+0800][1.439s][info][gc,phases   ] GC(23)   Merge Heap Roots: 0.0ms
[2025-12-16T20:44:02.135+0800][1.439s][info][gc,phases   ] GC(23)   Evacuate Collection Set: 0.0ms
[2025-12-16T20:44:02.135+0800][1.439s][info][gc,phases   ] GC(23)   Post Evacuate Collection Set: 0.1ms
[2025-12-16T20:44:02.135+0800][1.439s][info][gc,phases   ] GC(23)   Other: 0.0ms
[2025-12-16T20:44:02.135+0800][1.439s][info][gc,heap     ] GC(23) Eden regions: 75->0(75)
[2025-12-16T20:44:02.135+0800][1.439s][info][gc,heap     ] GC(23) Survivor regions: 1->1(10)
[2025-12-16T20:44:02.135+0800][1.439s][info][gc,heap     ] GC(23) Old regions: 1->1
[2025-12-16T20:44:02.135+0800][1.439s][info][gc,heap     ] GC(23) Archive regions: 2->2
[2025-12-16T20:44:02.135+0800][1.439s][info][gc,heap     ] GC(23) Humongous regions: 0->0
[2025-12-16T20:44:02.135+0800][1.439s][info][gc,metaspace] GC(23) Metaspace: 86K(320K)->86K(320K) NonClass: 78K(192K)->78K(192K) Class: 8K(128K)->8K(128K)
[2025-12-16T20:44:02.135+0800][1.439s][info][gc          ] GC(23) Pause Young (Normal) (G1 Evacuation Pause) 152M->2M(260M) 0.225ms
[2025-12-16T20:44:02.135+0800][1.439s][info][gc,cpu      ] GC(23) User=0.00s Sys=0.00s Real=0.00s
[2025-12-16T20:44:02.196+0800][1.500s][info][gc,start    ] GC(24) Pause Young (Normal) (G1 Evacuation Pause)
[2025-12-16T20:44:02.196+0800][1.500s][info][gc,task     ] GC(24) Using 6 workers of 9 for evacuation
[2025-12-16T20:44:02.196+0800][1.500s][info][gc,phases   ] GC(24)   Pre Evacuate Collection Set: 0.0ms
[2025-12-16T20:44:02.196+0800][1.500s][info][gc,phases   ] GC(24)   Merge Heap Roots: 0.0ms
[2025-12-16T20:44:02.196+0800][1.500s][info][gc,phases   ] GC(24)   Evacuate Collection Set: 0.0ms
[2025-12-16T20:44:02.196+0800][1.500s][info][gc,phases   ] GC(24)   Post Evacuate Collection Set: 0.1ms
[2025-12-16T20:44:02.196+0800][1.500s][info][gc,phases   ] GC(24)   Other: 0.0ms
[2025-12-16T20:44:02.196+0800][1.500s][info][gc,heap     ] GC(24) Eden regions: 75->0(75)
[2025-12-16T20:44:02.196+0800][1.500s][info][gc,heap     ] GC(24) Survivor regions: 1->1(10)
[2025-12-16T20:44:02.196+0800][1.500s][info][gc,heap     ] GC(24) Old regions: 1->1
[2025-12-16T20:44:02.196+0800][1.500s][info][gc,heap     ] GC(24) Archive regions: 2->2
[2025-12-16T20:44:02.196+0800][1.500s][info][gc,heap     ] GC(24) Humongous regions: 0->0
[2025-12-16T20:44:02.196+0800][1.500s][info][gc,metaspace] GC(24) Metaspace: 86K(320K)->86K(320K) NonClass: 78K(192K)->78K(192K) Class: 8K(128K)->8K(128K)
[2025-12-16T20:44:02.196+0800][1.500s][info][gc          ] GC(24) Pause Young (Normal) (G1 Evacuation Pause) 152M->2M(260M) 0.207ms
[2025-12-16T20:44:02.196+0800][1.500s][info][gc,cpu      ] GC(24) User=0.00s Sys=0.00s Real=0.00s
[2025-12-16T20:44:02.255+0800][1.559s][info][gc,start    ] GC(25) Pause Young (Normal) (G1 Evacuation Pause)
[2025-12-16T20:44:02.255+0800][1.559s][info][gc,task     ] GC(25) Using 6 workers of 9 for evacuation
[2025-12-16T20:44:02.255+0800][1.559s][info][gc,phases   ] GC(25)   Pre Evacuate Collection Set: 0.0ms
[2025-12-16T20:44:02.255+0800][1.559s][info][gc,phases   ] GC(25)   Merge Heap Roots: 0.0ms
[2025-12-16T20:44:02.255+0800][1.559s][info][gc,phases   ] GC(25)   Evacuate Collection Set: 0.0ms
[2025-12-16T20:44:02.255+0800][1.559s][info][gc,phases   ] GC(25)   Post Evacuate Collection Set: 0.1ms
[2025-12-16T20:44:02.255+0800][1.559s][info][gc,phases   ] GC(25)   Other: 0.0ms
[2025-12-16T20:44:02.255+0800][1.559s][info][gc,heap     ] GC(25) Eden regions: 75->0(75)
[2025-12-16T20:44:02.255+0800][1.559s][info][gc,heap     ] GC(25) Survivor regions: 1->1(10)
[2025-12-16T20:44:02.255+0800][1.559s][info][gc,heap     ] GC(25) Old regions: 1->1
[2025-12-16T20:44:02.255+0800][1.559s][info][gc,heap     ] GC(25) Archive regions: 2->2
[2025-12-16T20:44:02.255+0800][1.559s][info][gc,heap     ] GC(25) Humongous regions: 0->0
[2025-12-16T20:44:02.255+0800][1.559s][info][gc,metaspace] GC(25) Metaspace: 86K(320K)->86K(320K) NonClass: 78K(192K)->78K(192K) Class: 8K(128K)->8K(128K)
[2025-12-16T20:44:02.255+0800][1.559s][info][gc          ] GC(25) Pause Young (Normal) (G1 Evacuation Pause) 152M->2M(260M) 0.218ms
[2025-12-16T20:44:02.255+0800][1.560s][info][gc,cpu      ] GC(25) User=0.00s Sys=0.00s Real=0.00s
[2025-12-16T20:44:02.317+0800][1.621s][info][gc,start    ] GC(26) Pause Young (Normal) (G1 Evacuation Pause)
[2025-12-16T20:44:02.317+0800][1.621s][info][gc,task     ] GC(26) Using 6 workers of 9 for evacuation
[2025-12-16T20:44:02.317+0800][1.621s][info][gc,phases   ] GC(26)   Pre Evacuate Collection Set: 0.0ms
[2025-12-16T20:44:02.317+0800][1.621s][info][gc,phases   ] GC(26)   Merge Heap Roots: 0.0ms
[2025-12-16T20:44:02.317+0800][1.621s][info][gc,phases   ] GC(26)   Evacuate Collection Set: 0.1ms
[2025-12-16T20:44:02.317+0800][1.621s][info][gc,phases   ] GC(26)   Post Evacuate Collection Set: 0.1ms
[2025-12-16T20:44:02.317+0800][1.621s][info][gc,phases   ] GC(26)   Other: 0.0ms
[2025-12-16T20:44:02.317+0800][1.621s][info][gc,heap     ] GC(26) Eden regions: 75->0(75)
[2025-12-16T20:44:02.317+0800][1.621s][info][gc,heap     ] GC(26) Survivor regions: 1->1(10)
[2025-12-16T20:44:02.317+0800][1.621s][info][gc,heap     ] GC(26) Old regions: 1->1
[2025-12-16T20:44:02.317+0800][1.621s][info][gc,heap     ] GC(26) Archive regions: 2->2
[2025-12-16T20:44:02.317+0800][1.621s][info][gc,heap     ] GC(26) Humongous regions: 0->0
[2025-12-16T20:44:02.317+0800][1.621s][info][gc,metaspace] GC(26) Metaspace: 86K(320K)->86K(320K) NonClass: 78K(192K)->78K(192K) Class: 8K(128K)->8K(128K)
[2025-12-16T20:44:02.317+0800][1.621s][info][gc          ] GC(26) Pause Young (Normal) (G1 Evacuation Pause) 152M->2M(260M) 0.245ms
[2025-12-16T20:44:02.317+0800][1.621s][info][gc,cpu      ] GC(26) User=0.00s Sys=0.00s Real=0.00s
[2025-12-16T20:44:02.379+0800][1.683s][info][gc,start    ] GC(27) Pause Young (Normal) (G1 Evacuation Pause)
[2025-12-16T20:44:02.379+0800][1.683s][info][gc,task     ] GC(27) Using 6 workers of 9 for evacuation
[2025-12-16T20:44:02.379+0800][1.683s][info][gc,phases   ] GC(27)   Pre Evacuate Collection Set: 0.1ms
[2025-12-16T20:44:02.379+0800][1.683s][info][gc,phases   ] GC(27)   Merge Heap Roots: 0.0ms
[2025-12-16T20:44:02.379+0800][1.683s][info][gc,phases   ] GC(27)   Evacuate Collection Set: 0.1ms
[2025-12-16T20:44:02.379+0800][1.683s][info][gc,phases   ] GC(27)   Post Evacuate Collection Set: 0.1ms
[2025-12-16T20:44:02.379+0800][1.683s][info][gc,phases   ] GC(27)   Other: 0.0ms
[2025-12-16T20:44:02.379+0800][1.683s][info][gc,heap     ] GC(27) Eden regions: 75->0(75)
[2025-12-16T20:44:02.379+0800][1.683s][info][gc,heap     ] GC(27) Survivor regions: 1->1(10)
[2025-12-16T20:44:02.379+0800][1.683s][info][gc,heap     ] GC(27) Old regions: 1->1
[2025-12-16T20:44:02.379+0800][1.683s][info][gc,heap     ] GC(27) Archive regions: 2->2
[2025-12-16T20:44:02.379+0800][1.683s][info][gc,heap     ] GC(27) Humongous regions: 0->0
[2025-12-16T20:44:02.379+0800][1.683s][info][gc,metaspace] GC(27) Metaspace: 86K(320K)->86K(320K) NonClass: 78K(192K)->78K(192K) Class: 8K(128K)->8K(128K)
[2025-12-16T20:44:02.379+0800][1.683s][info][gc          ] GC(27) Pause Young (Normal) (G1 Evacuation Pause) 152M->2M(260M) 0.293ms
[2025-12-16T20:44:02.379+0800][1.683s][info][gc,cpu      ] GC(27) User=0.00s Sys=0.00s Real=0.00s
[2025-12-16T20:44:02.439+0800][1.743s][info][gc,start    ] GC(28) Pause Young (Normal) (G1 Evacuation Pause)
[2025-12-16T20:44:02.439+0800][1.743s][info][gc,task     ] GC(28) Using 6 workers of 9 for evacuation
[2025-12-16T20:44:02.439+0800][1.744s][info][gc,phases   ] GC(28)   Pre Evacuate Collection Set: 0.0ms
[2025-12-16T20:44:02.439+0800][1.744s][info][gc,phases   ] GC(28)   Merge Heap Roots: 0.0ms
[2025-12-16T20:44:02.439+0800][1.744s][info][gc,phases   ] GC(28)   Evacuate Collection Set: 0.0ms
[2025-12-16T20:44:02.439+0800][1.744s][info][gc,phases   ] GC(28)   Post Evacuate Collection Set: 0.1ms
[2025-12-16T20:44:02.439+0800][1.744s][info][gc,phases   ] GC(28)   Other: 0.0ms
[2025-12-16T20:44:02.439+0800][1.744s][info][gc,heap     ] GC(28) Eden regions: 75->0(75)
[2025-12-16T20:44:02.439+0800][1.744s][info][gc,heap     ] GC(28) Survivor regions: 1->1(10)
[2025-12-16T20:44:02.440+0800][1.744s][info][gc,heap     ] GC(28) Old regions: 1->1
[2025-12-16T20:44:02.440+0800][1.744s][info][gc,heap     ] GC(28) Archive regions: 2->2
[2025-12-16T20:44:02.440+0800][1.744s][info][gc,heap     ] GC(28) Humongous regions: 0->0
[2025-12-16T20:44:02.440+0800][1.744s][info][gc,metaspace] GC(28) Metaspace: 86K(320K)->86K(320K) NonClass: 78K(192K)->78K(192K) Class: 8K(128K)->8K(128K)
[2025-12-16T20:44:02.440+0800][1.744s][info][gc          ] GC(28) Pause Young (Normal) (G1 Evacuation Pause) 152M->2M(260M) 0.255ms
[2025-12-16T20:44:02.440+0800][1.744s][info][gc,cpu      ] GC(28) User=0.00s Sys=0.00s Real=0.01s
[2025-12-16T20:44:02.501+0800][1.805s][info][gc,start    ] GC(29) Pause Young (Normal) (G1 Evacuation Pause)
[2025-12-16T20:44:02.501+0800][1.805s][info][gc,task     ] GC(29) Using 6 workers of 9 for evacuation
[2025-12-16T20:44:02.501+0800][1.805s][info][gc,phases   ] GC(29)   Pre Evacuate Collection Set: 0.0ms
[2025-12-16T20:44:02.501+0800][1.805s][info][gc,phases   ] GC(29)   Merge Heap Roots: 0.0ms
[2025-12-16T20:44:02.501+0800][1.805s][info][gc,phases   ] GC(29)   Evacuate Collection Set: 0.1ms
[2025-12-16T20:44:02.501+0800][1.805s][info][gc,phases   ] GC(29)   Post Evacuate Collection Set: 0.1ms
[2025-12-16T20:44:02.501+0800][1.805s][info][gc,phases   ] GC(29)   Other: 0.0ms
[2025-12-16T20:44:02.501+0800][1.805s][info][gc,heap     ] GC(29) Eden regions: 75->0(75)
[2025-12-16T20:44:02.501+0800][1.805s][info][gc,heap     ] GC(29) Survivor regions: 1->1(10)
[2025-12-16T20:44:02.501+0800][1.805s][info][gc,heap     ] GC(29) Old regions: 1->1
[2025-12-16T20:44:02.501+0800][1.805s][info][gc,heap     ] GC(29) Archive regions: 2->2
[2025-12-16T20:44:02.501+0800][1.805s][info][gc,heap     ] GC(29) Humongous regions: 0->0
[2025-12-16T20:44:02.501+0800][1.805s][info][gc,metaspace] GC(29) Metaspace: 86K(320K)->86K(320K) NonClass: 78K(192K)->78K(192K) Class: 8K(128K)->8K(128K)
[2025-12-16T20:44:02.501+0800][1.805s][info][gc          ] GC(29) Pause Young (Normal) (G1 Evacuation Pause) 152M->2M(260M) 0.222ms
[2025-12-16T20:44:02.501+0800][1.805s][info][gc,cpu      ] GC(29) User=0.00s Sys=0.00s Real=0.00s
[2025-12-16T20:44:02.561+0800][1.865s][info][gc,start    ] GC(30) Pause Young (Normal) (G1 Evacuation Pause)
[2025-12-16T20:44:02.561+0800][1.865s][info][gc,task     ] GC(30) Using 6 workers of 9 for evacuation
[2025-12-16T20:44:02.561+0800][1.865s][info][gc,phases   ] GC(30)   Pre Evacuate Collection Set: 0.0ms
[2025-12-16T20:44:02.561+0800][1.865s][info][gc,phases   ] GC(30)   Merge Heap Roots: 0.0ms
[2025-12-16T20:44:02.561+0800][1.865s][info][gc,phases   ] GC(30)   Evacuate Collection Set: 0.1ms
[2025-12-16T20:44:02.561+0800][1.865s][info][gc,phases   ] GC(30)   Post Evacuate Collection Set: 0.1ms
[2025-12-16T20:44:02.561+0800][1.865s][info][gc,phases   ] GC(30)   Other: 0.0ms
[2025-12-16T20:44:02.561+0800][1.865s][info][gc,heap     ] GC(30) Eden regions: 75->0(75)
[2025-12-16T20:44:02.561+0800][1.865s][info][gc,heap     ] GC(30) Survivor regions: 1->1(10)
[2025-12-16T20:44:02.561+0800][1.865s][info][gc,heap     ] GC(30) Old regions: 1->1
[2025-12-16T20:44:02.561+0800][1.865s][info][gc,heap     ] GC(30) Archive regions: 2->2
[2025-12-16T20:44:02.561+0800][1.865s][info][gc,heap     ] GC(30) Humongous regions: 0->0
[2025-12-16T20:44:02.561+0800][1.865s][info][gc,metaspace] GC(30) Metaspace: 86K(320K)->86K(320K) NonClass: 78K(192K)->78K(192K) Class: 8K(128K)->8K(128K)
[2025-12-16T20:44:02.561+0800][1.865s][info][gc          ] GC(30) Pause Young (Normal) (G1 Evacuation Pause) 152M->2M(260M) 0.228ms
[2025-12-16T20:44:02.561+0800][1.865s][info][gc,cpu      ] GC(30) User=0.01s Sys=0.00s Real=0.00s
[2025-12-16T20:44:02.621+0800][1.925s][info][gc,start    ] GC(31) Pause Young (Normal) (G1 Evacuation Pause)
[2025-12-16T20:44:02.621+0800][1.925s][info][gc,task     ] GC(31) Using 6 workers of 9 for evacuation
[2025-12-16T20:44:02.621+0800][1.926s][info][gc,phases   ] GC(31)   Pre Evacuate Collection Set: 0.0ms
[2025-12-16T20:44:02.621+0800][1.926s][info][gc,phases   ] GC(31)   Merge Heap Roots: 0.0ms
[2025-12-16T20:44:02.621+0800][1.926s][info][gc,phases   ] GC(31)   Evacuate Collection Set: 0.0ms
[2025-12-16T20:44:02.621+0800][1.926s][info][gc,phases   ] GC(31)   Post Evacuate Collection Set: 0.1ms
[2025-12-16T20:44:02.621+0800][1.926s][info][gc,phases   ] GC(31)   Other: 0.0ms
[2025-12-16T20:44:02.622+0800][1.926s][info][gc,heap     ] GC(31) Eden regions: 75->0(75)
[2025-12-16T20:44:02.622+0800][1.926s][info][gc,heap     ] GC(31) Survivor regions: 1->1(10)
[2025-12-16T20:44:02.622+0800][1.926s][info][gc,heap     ] GC(31) Old regions: 1->1
[2025-12-16T20:44:02.622+0800][1.926s][info][gc,heap     ] GC(31) Archive regions: 2->2
[2025-12-16T20:44:02.622+0800][1.926s][info][gc,heap     ] GC(31) Humongous regions: 0->0
[2025-12-16T20:44:02.622+0800][1.926s][info][gc,metaspace] GC(31) Metaspace: 86K(320K)->86K(320K) NonClass: 78K(192K)->78K(192K) Class: 8K(128K)->8K(128K)
[2025-12-16T20:44:02.622+0800][1.926s][info][gc          ] GC(31) Pause Young (Normal) (G1 Evacuation Pause) 152M->2M(260M) 0.239ms
[2025-12-16T20:44:02.622+0800][1.926s][info][gc,cpu      ] GC(31) User=0.00s Sys=0.00s Real=0.00s
[2025-12-16T20:44:02.683+0800][1.988s][info][gc,start    ] GC(32) Pause Young (Normal) (G1 Evacuation Pause)
[2025-12-16T20:44:02.683+0800][1.988s][info][gc,task     ] GC(32) Using 6 workers of 9 for evacuation
[2025-12-16T20:44:02.684+0800][1.988s][info][gc,phases   ] GC(32)   Pre Evacuate Collection Set: 0.0ms
[2025-12-16T20:44:02.684+0800][1.988s][info][gc,phases   ] GC(32)   Merge Heap Roots: 0.0ms
[2025-12-16T20:44:02.684+0800][1.988s][info][gc,phases   ] GC(32)   Evacuate Collection Set: 0.0ms
[2025-12-16T20:44:02.684+0800][1.988s][info][gc,phases   ] GC(32)   Post Evacuate Collection Set: 0.1ms
[2025-12-16T20:44:02.684+0800][1.988s][info][gc,phases   ] GC(32)   Other: 0.0ms
[2025-12-16T20:44:02.684+0800][1.988s][info][gc,heap     ] GC(32) Eden regions: 75->0(75)
[2025-12-16T20:44:02.684+0800][1.988s][info][gc,heap     ] GC(32) Survivor regions: 1->1(10)
[2025-12-16T20:44:02.684+0800][1.988s][info][gc,heap     ] GC(32) Old regions: 1->1
[2025-12-16T20:44:02.684+0800][1.988s][info][gc,heap     ] GC(32) Archive regions: 2->2
[2025-12-16T20:44:02.684+0800][1.988s][info][gc,heap     ] GC(32) Humongous regions: 0->0
[2025-12-16T20:44:02.684+0800][1.988s][info][gc,metaspace] GC(32) Metaspace: 86K(320K)->86K(320K) NonClass: 78K(192K)->78K(192K) Class: 8K(128K)->8K(128K)
[2025-12-16T20:44:02.684+0800][1.988s][info][gc          ] GC(32) Pause Young (Normal) (G1 Evacuation Pause) 152M->2M(260M) 0.221ms
[2025-12-16T20:44:02.684+0800][1.988s][info][gc,cpu      ] GC(32) User=0.00s Sys=0.00s Real=0.00s
[2025-12-16T20:44:02.744+0800][2.048s][info][gc,start    ] GC(33) Pause Young (Normal) (G1 Evacuation Pause)
[2025-12-16T20:44:02.744+0800][2.048s][info][gc,task     ] GC(33) Using 6 workers of 9 for evacuation
[2025-12-16T20:44:02.744+0800][2.048s][info][gc,phases   ] GC(33)   Pre Evacuate Collection Set: 0.0ms
[2025-12-16T20:44:02.744+0800][2.048s][info][gc,phases   ] GC(33)   Merge Heap Roots: 0.0ms
[2025-12-16T20:44:02.744+0800][2.048s][info][gc,phases   ] GC(33)   Evacuate Collection Set: 0.0ms
[2025-12-16T20:44:02.744+0800][2.048s][info][gc,phases   ] GC(33)   Post Evacuate Collection Set: 0.1ms
[2025-12-16T20:44:02.744+0800][2.048s][info][gc,phases   ] GC(33)   Other: 0.0ms
[2025-12-16T20:44:02.744+0800][2.048s][info][gc,heap     ] GC(33) Eden regions: 75->0(75)
[2025-12-16T20:44:02.744+0800][2.048s][info][gc,heap     ] GC(33) Survivor regions: 1->1(10)
[2025-12-16T20:44:02.744+0800][2.048s][info][gc,heap     ] GC(33) Old regions: 1->1
[2025-12-16T20:44:02.744+0800][2.048s][info][gc,heap     ] GC(33) Archive regions: 2->2
[2025-12-16T20:44:02.744+0800][2.048s][info][gc,heap     ] GC(33) Humongous regions: 0->0
[2025-12-16T20:44:02.744+0800][2.048s][info][gc,metaspace] GC(33) Metaspace: 86K(320K)->86K(320K) NonClass: 78K(192K)->78K(192K) Class: 8K(128K)->8K(128K)
[2025-12-16T20:44:02.744+0800][2.048s][info][gc          ] GC(33) Pause Young (Normal) (G1 Evacuation Pause) 152M->2M(260M) 0.206ms
[2025-12-16T20:44:02.744+0800][2.048s][info][gc,cpu      ] GC(33) User=0.00s Sys=0.00s Real=0.00s
[2025-12-16T20:44:02.806+0800][2.110s][info][gc,start    ] GC(34) Pause Young (Normal) (G1 Evacuation Pause)
[2025-12-16T20:44:02.806+0800][2.110s][info][gc,task     ] GC(34) Using 6 workers of 9 for evacuation
[2025-12-16T20:44:02.806+0800][2.111s][info][gc,phases   ] GC(34)   Pre Evacuate Collection Set: 0.0ms
[2025-12-16T20:44:02.806+0800][2.111s][info][gc,phases   ] GC(34)   Merge Heap Roots: 0.0ms
[2025-12-16T20:44:02.806+0800][2.111s][info][gc,phases   ] GC(34)   Evacuate Collection Set: 0.0ms
[2025-12-16T20:44:02.806+0800][2.111s][info][gc,phases   ] GC(34)   Post Evacuate Collection Set: 0.1ms
[2025-12-16T20:44:02.806+0800][2.111s][info][gc,phases   ] GC(34)   Other: 0.0ms
[2025-12-16T20:44:02.806+0800][2.111s][info][gc,heap     ] GC(34) Eden regions: 75->0(75)
[2025-12-16T20:44:02.806+0800][2.111s][info][gc,heap     ] GC(34) Survivor regions: 1->1(10)
[2025-12-16T20:44:02.806+0800][2.111s][info][gc,heap     ] GC(34) Old regions: 1->1
[2025-12-16T20:44:02.806+0800][2.111s][info][gc,heap     ] GC(34) Archive regions: 2->2
[2025-12-16T20:44:02.806+0800][2.111s][info][gc,heap     ] GC(34) Humongous regions: 0->0
[2025-12-16T20:44:02.806+0800][2.111s][info][gc,metaspace] GC(34) Metaspace: 86K(320K)->86K(320K) NonClass: 78K(192K)->78K(192K) Class: 8K(128K)->8K(128K)
[2025-12-16T20:44:02.806+0800][2.111s][info][gc          ] GC(34) Pause Young (Normal) (G1 Evacuation Pause) 152M->2M(260M) 0.245ms
[2025-12-16T20:44:02.806+0800][2.111s][info][gc,cpu      ] GC(34) User=0.00s Sys=0.00s Real=0.00s
[2025-12-16T20:44:02.867+0800][2.171s][info][gc,start    ] GC(35) Pause Young (Normal) (G1 Evacuation Pause)
[2025-12-16T20:44:02.867+0800][2.171s][info][gc,task     ] GC(35) Using 6 workers of 9 for evacuation
[2025-12-16T20:44:02.867+0800][2.171s][info][gc,phases   ] GC(35)   Pre Evacuate Collection Set: 0.0ms
[2025-12-16T20:44:02.867+0800][2.171s][info][gc,phases   ] GC(35)   Merge Heap Roots: 0.0ms
[2025-12-16T20:44:02.867+0800][2.171s][info][gc,phases   ] GC(35)   Evacuate Collection Set: 0.1ms
[2025-12-16T20:44:02.867+0800][2.171s][info][gc,phases   ] GC(35)   Post Evacuate Collection Set: 0.1ms
[2025-12-16T20:44:02.867+0800][2.171s][info][gc,phases   ] GC(35)   Other: 0.0ms
[2025-12-16T20:44:02.867+0800][2.171s][info][gc,heap     ] GC(35) Eden regions: 75->0(75)
[2025-12-16T20:44:02.867+0800][2.171s][info][gc,heap     ] GC(35) Survivor regions: 1->1(10)
[2025-12-16T20:44:02.867+0800][2.171s][info][gc,heap     ] GC(35) Old regions: 1->1
[2025-12-16T20:44:02.867+0800][2.171s][info][gc,heap     ] GC(35) Archive regions: 2->2
[2025-12-16T20:44:02.867+0800][2.171s][info][gc,heap     ] GC(35) Humongous regions: 0->0
[2025-12-16T20:44:02.867+0800][2.171s][info][gc,metaspace] GC(35) Metaspace: 86K(320K)->86K(320K) NonClass: 78K(192K)->78K(192K) Class: 8K(128K)->8K(128K)
[2025-12-16T20:44:02.867+0800][2.171s][info][gc          ] GC(35) Pause Young (Normal) (G1 Evacuation Pause) 152M->2M(260M) 0.206ms
[2025-12-16T20:44:02.867+0800][2.171s][info][gc,cpu      ] GC(35) User=0.00s Sys=0.00s Real=0.00s
[2025-12-16T20:44:02.926+0800][2.230s][info][gc,start    ] GC(36) Pause Young (Normal) (G1 Evacuation Pause)
[2025-12-16T20:44:02.926+0800][2.230s][info][gc,task     ] GC(36) Using 6 workers of 9 for evacuation
[2025-12-16T20:44:02.926+0800][2.231s][info][gc,phases   ] GC(36)   Pre Evacuate Collection Set: 0.0ms
[2025-12-16T20:44:02.926+0800][2.231s][info][gc,phases   ] GC(36)   Merge Heap Roots: 0.0ms
[2025-12-16T20:44:02.926+0800][2.231s][info][gc,phases   ] GC(36)   Evacuate Collection Set: 0.0ms
[2025-12-16T20:44:02.926+0800][2.231s][info][gc,phases   ] GC(36)   Post Evacuate Collection Set: 0.1ms
[2025-12-16T20:44:02.926+0800][2.231s][info][gc,phases   ] GC(36)   Other: 0.0ms
[2025-12-16T20:44:02.926+0800][2.231s][info][gc,heap     ] GC(36) Eden regions: 75->0(75)
[2025-12-16T20:44:02.926+0800][2.231s][info][gc,heap     ] GC(36) Survivor regions: 1->1(10)
[2025-12-16T20:44:02.926+0800][2.231s][info][gc,heap     ] GC(36) Old regions: 1->1
[2025-12-16T20:44:02.926+0800][2.231s][info][gc,heap     ] GC(36) Archive regions: 2->2
[2025-12-16T20:44:02.926+0800][2.231s][info][gc,heap     ] GC(36) Humongous regions: 0->0
[2025-12-16T20:44:02.926+0800][2.231s][info][gc,metaspace] GC(36) Metaspace: 86K(320K)->86K(320K) NonClass: 78K(192K)->78K(192K) Class: 8K(128K)->8K(128K)
[2025-12-16T20:44:02.926+0800][2.231s][info][gc          ] GC(36) Pause Young (Normal) (G1 Evacuation Pause) 152M->2M(260M) 0.219ms
[2025-12-16T20:44:02.926+0800][2.231s][info][gc,cpu      ] GC(36) User=0.00s Sys=0.00s Real=0.00s
[2025-12-16T20:44:02.988+0800][2.292s][info][gc,start    ] GC(37) Pause Young (Normal) (G1 Evacuation Pause)
[2025-12-16T20:44:02.988+0800][2.292s][info][gc,task     ] GC(37) Using 6 workers of 9 for evacuation
[2025-12-16T20:44:02.988+0800][2.292s][info][gc,phases   ] GC(37)   Pre Evacuate Collection Set: 0.0ms
[2025-12-16T20:44:02.988+0800][2.292s][info][gc,phases   ] GC(37)   Merge Heap Roots: 0.0ms
[2025-12-16T20:44:02.988+0800][2.292s][info][gc,phases   ] GC(37)   Evacuate Collection Set: 0.0ms
[2025-12-16T20:44:02.988+0800][2.292s][info][gc,phases   ] GC(37)   Post Evacuate Collection Set: 0.1ms
[2025-12-16T20:44:02.988+0800][2.292s][info][gc,phases   ] GC(37)   Other: 0.0ms
[2025-12-16T20:44:02.988+0800][2.292s][info][gc,heap     ] GC(37) Eden regions: 75->0(75)
[2025-12-16T20:44:02.988+0800][2.292s][info][gc,heap     ] GC(37) Survivor regions: 1->1(10)
[2025-12-16T20:44:02.988+0800][2.292s][info][gc,heap     ] GC(37) Old regions: 1->1
[2025-12-16T20:44:02.988+0800][2.292s][info][gc,heap     ] GC(37) Archive regions: 2->2
[2025-12-16T20:44:02.988+0800][2.292s][info][gc,heap     ] GC(37) Humongous regions: 0->0
[2025-12-16T20:44:02.988+0800][2.292s][info][gc,metaspace] GC(37) Metaspace: 86K(320K)->86K(320K) NonClass: 78K(192K)->78K(192K) Class: 8K(128K)->8K(128K)
[2025-12-16T20:44:02.988+0800][2.292s][info][gc          ] GC(37) Pause Young (Normal) (G1 Evacuation Pause) 152M->2M(260M) 0.214ms
[2025-12-16T20:44:02.988+0800][2.292s][info][gc,cpu      ] GC(37) User=0.00s Sys=0.00s Real=0.00s
[2025-12-16T20:44:03.049+0800][2.353s][info][gc,start    ] GC(38) Pause Young (Normal) (G1 Evacuation Pause)
[2025-12-16T20:44:03.049+0800][2.353s][info][gc,task     ] GC(38) Using 6 workers of 9 for evacuation
[2025-12-16T20:44:03.049+0800][2.353s][info][gc,phases   ] GC(38)   Pre Evacuate Collection Set: 0.0ms
[2025-12-16T20:44:03.049+0800][2.353s][info][gc,phases   ] GC(38)   Merge Heap Roots: 0.0ms
[2025-12-16T20:44:03.049+0800][2.353s][info][gc,phases   ] GC(38)   Evacuate Collection Set: 0.1ms
[2025-12-16T20:44:03.049+0800][2.353s][info][gc,phases   ] GC(38)   Post Evacuate Collection Set: 0.1ms
[2025-12-16T20:44:03.049+0800][2.353s][info][gc,phases   ] GC(38)   Other: 0.0ms
[2025-12-16T20:44:03.049+0800][2.353s][info][gc,heap     ] GC(38) Eden regions: 75->0(75)
[2025-12-16T20:44:03.049+0800][2.353s][info][gc,heap     ] GC(38) Survivor regions: 1->1(10)
[2025-12-16T20:44:03.049+0800][2.353s][info][gc,heap     ] GC(38) Old regions: 1->1
[2025-12-16T20:44:03.049+0800][2.353s][info][gc,heap     ] GC(38) Archive regions: 2->2
[2025-12-16T20:44:03.049+0800][2.353s][info][gc,heap     ] GC(38) Humongous regions: 0->0
[2025-12-16T20:44:03.049+0800][2.353s][info][gc,metaspace] GC(38) Metaspace: 86K(320K)->86K(320K) NonClass: 78K(192K)->78K(192K) Class: 8K(128K)->8K(128K)
[2025-12-16T20:44:03.049+0800][2.353s][info][gc          ] GC(38) Pause Young (Normal) (G1 Evacuation Pause) 152M->2M(260M) 0.232ms
[2025-12-16T20:44:03.049+0800][2.353s][info][gc,cpu      ] GC(38) User=0.00s Sys=0.00s Real=0.00s
[2025-12-16T20:44:03.108+0800][2.412s][info][gc,start    ] GC(39) Pause Young (Normal) (G1 Evacuation Pause)
[2025-12-16T20:44:03.108+0800][2.412s][info][gc,task     ] GC(39) Using 6 workers of 9 for evacuation
[2025-12-16T20:44:03.108+0800][2.412s][info][gc,phases   ] GC(39)   Pre Evacuate Collection Set: 0.0ms
[2025-12-16T20:44:03.108+0800][2.412s][info][gc,phases   ] GC(39)   Merge Heap Roots: 0.0ms
[2025-12-16T20:44:03.108+0800][2.412s][info][gc,phases   ] GC(39)   Evacuate Collection Set: 0.0ms
[2025-12-16T20:44:03.108+0800][2.412s][info][gc,phases   ] GC(39)   Post Evacuate Collection Set: 0.1ms
[2025-12-16T20:44:03.108+0800][2.412s][info][gc,phases   ] GC(39)   Other: 0.0ms
[2025-12-16T20:44:03.108+0800][2.412s][info][gc,heap     ] GC(39) Eden regions: 75->0(75)
[2025-12-16T20:44:03.108+0800][2.412s][info][gc,heap     ] GC(39) Survivor regions: 1->1(10)
[2025-12-16T20:44:03.108+0800][2.412s][info][gc,heap     ] GC(39) Old regions: 1->1
[2025-12-16T20:44:03.108+0800][2.412s][info][gc,heap     ] GC(39) Archive regions: 2->2
[2025-12-16T20:44:03.108+0800][2.412s][info][gc,heap     ] GC(39) Humongous regions: 0->0
[2025-12-16T20:44:03.108+0800][2.412s][info][gc,metaspace] GC(39) Metaspace: 86K(320K)->86K(320K) NonClass: 78K(192K)->78K(192K) Class: 8K(128K)->8K(128K)
[2025-12-16T20:44:03.108+0800][2.412s][info][gc          ] GC(39) Pause Young (Normal) (G1 Evacuation Pause) 152M->2M(260M) 0.196ms
[2025-12-16T20:44:03.108+0800][2.412s][info][gc,cpu      ] GC(39) User=0.00s Sys=0.00s Real=0.00s
[2025-12-16T20:44:03.169+0800][2.473s][info][gc,start    ] GC(40) Pause Young (Normal) (G1 Evacuation Pause)
[2025-12-16T20:44:03.169+0800][2.473s][info][gc,task     ] GC(40) Using 6 workers of 9 for evacuation
[2025-12-16T20:44:03.169+0800][2.473s][info][gc,phases   ] GC(40)   Pre Evacuate Collection Set: 0.0ms
[2025-12-16T20:44:03.169+0800][2.473s][info][gc,phases   ] GC(40)   Merge Heap Roots: 0.0ms
[2025-12-16T20:44:03.169+0800][2.473s][info][gc,phases   ] GC(40)   Evacuate Collection Set: 0.0ms
[2025-12-16T20:44:03.169+0800][2.473s][info][gc,phases   ] GC(40)   Post Evacuate Collection Set: 0.1ms
[2025-12-16T20:44:03.169+0800][2.473s][info][gc,phases   ] GC(40)   Other: 0.0ms
[2025-12-16T20:44:03.169+0800][2.473s][info][gc,heap     ] GC(40) Eden regions: 75->0(75)
[2025-12-16T20:44:03.169+0800][2.473s][info][gc,heap     ] GC(40) Survivor regions: 1->1(10)
[2025-12-16T20:44:03.169+0800][2.473s][info][gc,heap     ] GC(40) Old regions: 1->1
[2025-12-16T20:44:03.169+0800][2.473s][info][gc,heap     ] GC(40) Archive regions: 2->2
[2025-12-16T20:44:03.169+0800][2.473s][info][gc,heap     ] GC(40) Humongous regions: 0->0
[2025-12-16T20:44:03.169+0800][2.473s][info][gc,metaspace] GC(40) Metaspace: 86K(320K)->86K(320K) NonClass: 78K(192K)->78K(192K) Class: 8K(128K)->8K(128K)
[2025-12-16T20:44:03.169+0800][2.473s][info][gc          ] GC(40) Pause Young (Normal) (G1 Evacuation Pause) 152M->2M(260M) 0.200ms
[2025-12-16T20:44:03.169+0800][2.473s][info][gc,cpu      ] GC(40) User=0.00s Sys=0.00s Real=0.00s
[2025-12-16T20:44:03.231+0800][2.535s][info][gc,start    ] GC(41) Pause Young (Normal) (G1 Evacuation Pause)
[2025-12-16T20:44:03.231+0800][2.535s][info][gc,task     ] GC(41) Using 6 workers of 9 for evacuation
[2025-12-16T20:44:03.231+0800][2.535s][info][gc,phases   ] GC(41)   Pre Evacuate Collection Set: 0.0ms
[2025-12-16T20:44:03.231+0800][2.535s][info][gc,phases   ] GC(41)   Merge Heap Roots: 0.0ms
[2025-12-16T20:44:03.231+0800][2.535s][info][gc,phases   ] GC(41)   Evacuate Collection Set: 0.1ms
[2025-12-16T20:44:03.231+0800][2.535s][info][gc,phases   ] GC(41)   Post Evacuate Collection Set: 0.1ms
[2025-12-16T20:44:03.231+0800][2.535s][info][gc,phases   ] GC(41)   Other: 0.0ms
[2025-12-16T20:44:03.231+0800][2.535s][info][gc,heap     ] GC(41) Eden regions: 75->0(75)
[2025-12-16T20:44:03.231+0800][2.535s][info][gc,heap     ] GC(41) Survivor regions: 1->1(10)
[2025-12-16T20:44:03.231+0800][2.535s][info][gc,heap     ] GC(41) Old regions: 1->1
[2025-12-16T20:44:03.231+0800][2.535s][info][gc,heap     ] GC(41) Archive regions: 2->2
[2025-12-16T20:44:03.231+0800][2.535s][info][gc,heap     ] GC(41) Humongous regions: 0->0
[2025-12-16T20:44:03.231+0800][2.535s][info][gc,metaspace] GC(41) Metaspace: 86K(320K)->86K(320K) NonClass: 78K(192K)->78K(192K) Class: 8K(128K)->8K(128K)
[2025-12-16T20:44:03.231+0800][2.535s][info][gc          ] GC(41) Pause Young (Normal) (G1 Evacuation Pause) 152M->2M(260M) 0.228ms
[2025-12-16T20:44:03.231+0800][2.535s][info][gc,cpu      ] GC(41) User=0.00s Sys=0.00s Real=0.00s
[2025-12-16T20:44:03.291+0800][2.595s][info][gc,start    ] GC(42) Pause Young (Normal) (G1 Evacuation Pause)
[2025-12-16T20:44:03.291+0800][2.595s][info][gc,task     ] GC(42) Using 6 workers of 9 for evacuation
[2025-12-16T20:44:03.291+0800][2.595s][info][gc,phases   ] GC(42)   Pre Evacuate Collection Set: 0.0ms
[2025-12-16T20:44:03.291+0800][2.595s][info][gc,phases   ] GC(42)   Merge Heap Roots: 0.0ms
[2025-12-16T20:44:03.291+0800][2.595s][info][gc,phases   ] GC(42)   Evacuate Collection Set: 0.1ms
[2025-12-16T20:44:03.291+0800][2.595s][info][gc,phases   ] GC(42)   Post Evacuate Collection Set: 0.1ms
[2025-12-16T20:44:03.291+0800][2.595s][info][gc,phases   ] GC(42)   Other: 0.0ms
[2025-12-16T20:44:03.291+0800][2.595s][info][gc,heap     ] GC(42) Eden regions: 75->0(75)
[2025-12-16T20:44:03.291+0800][2.595s][info][gc,heap     ] GC(42) Survivor regions: 1->1(10)
[2025-12-16T20:44:03.291+0800][2.595s][info][gc,heap     ] GC(42) Old regions: 1->1
[2025-12-16T20:44:03.291+0800][2.595s][info][gc,heap     ] GC(42) Archive regions: 2->2
[2025-12-16T20:44:03.291+0800][2.595s][info][gc,heap     ] GC(42) Humongous regions: 0->0
[2025-12-16T20:44:03.291+0800][2.595s][info][gc,metaspace] GC(42) Metaspace: 86K(320K)->86K(320K) NonClass: 78K(192K)->78K(192K) Class: 8K(128K)->8K(128K)
[2025-12-16T20:44:03.291+0800][2.595s][info][gc          ] GC(42) Pause Young (Normal) (G1 Evacuation Pause) 152M->2M(260M) 0.248ms
[2025-12-16T20:44:03.291+0800][2.595s][info][gc,cpu      ] GC(42) User=0.00s Sys=0.00s Real=0.00s
[2025-12-16T20:44:03.351+0800][2.655s][info][gc,start    ] GC(43) Pause Young (Normal) (G1 Evacuation Pause)
[2025-12-16T20:44:03.351+0800][2.655s][info][gc,task     ] GC(43) Using 6 workers of 9 for evacuation
[2025-12-16T20:44:03.351+0800][2.655s][info][gc,phases   ] GC(43)   Pre Evacuate Collection Set: 0.0ms
[2025-12-16T20:44:03.351+0800][2.655s][info][gc,phases   ] GC(43)   Merge Heap Roots: 0.0ms
[2025-12-16T20:44:03.351+0800][2.655s][info][gc,phases   ] GC(43)   Evacuate Collection Set: 0.0ms
[2025-12-16T20:44:03.351+0800][2.655s][info][gc,phases   ] GC(43)   Post Evacuate Collection Set: 0.1ms
[2025-12-16T20:44:03.351+0800][2.655s][info][gc,phases   ] GC(43)   Other: 0.0ms
[2025-12-16T20:44:03.351+0800][2.655s][info][gc,heap     ] GC(43) Eden regions: 75->0(75)
[2025-12-16T20:44:03.351+0800][2.655s][info][gc,heap     ] GC(43) Survivor regions: 1->1(10)
[2025-12-16T20:44:03.351+0800][2.655s][info][gc,heap     ] GC(43) Old regions: 1->1
[2025-12-16T20:44:03.351+0800][2.655s][info][gc,heap     ] GC(43) Archive regions: 2->2
[2025-12-16T20:44:03.351+0800][2.655s][info][gc,heap     ] GC(43) Humongous regions: 0->0
[2025-12-16T20:44:03.351+0800][2.655s][info][gc,metaspace] GC(43) Metaspace: 86K(320K)->86K(320K) NonClass: 78K(192K)->78K(192K) Class: 8K(128K)->8K(128K)
[2025-12-16T20:44:03.351+0800][2.655s][info][gc          ] GC(43) Pause Young (Normal) (G1 Evacuation Pause) 152M->2M(260M) 0.208ms
[2025-12-16T20:44:03.351+0800][2.655s][info][gc,cpu      ] GC(43) User=0.00s Sys=0.00s Real=0.00s
[2025-12-16T20:44:03.412+0800][2.716s][info][gc,start    ] GC(44) Pause Young (Normal) (G1 Evacuation Pause)
[2025-12-16T20:44:03.412+0800][2.716s][info][gc,task     ] GC(44) Using 6 workers of 9 for evacuation
[2025-12-16T20:44:03.412+0800][2.716s][info][gc,phases   ] GC(44)   Pre Evacuate Collection Set: 0.1ms
[2025-12-16T20:44:03.412+0800][2.716s][info][gc,phases   ] GC(44)   Merge Heap Roots: 0.0ms
[2025-12-16T20:44:03.412+0800][2.716s][info][gc,phases   ] GC(44)   Evacuate Collection Set: 0.1ms
[2025-12-16T20:44:03.412+0800][2.716s][info][gc,phases   ] GC(44)   Post Evacuate Collection Set: 0.1ms
[2025-12-16T20:44:03.412+0800][2.716s][info][gc,phases   ] GC(44)   Other: 0.0ms
[2025-12-16T20:44:03.412+0800][2.716s][info][gc,heap     ] GC(44) Eden regions: 75->0(75)
[2025-12-16T20:44:03.412+0800][2.716s][info][gc,heap     ] GC(44) Survivor regions: 1->1(10)
[2025-12-16T20:44:03.412+0800][2.716s][info][gc,heap     ] GC(44) Old regions: 1->1
[2025-12-16T20:44:03.412+0800][2.716s][info][gc,heap     ] GC(44) Archive regions: 2->2
[2025-12-16T20:44:03.412+0800][2.716s][info][gc,heap     ] GC(44) Humongous regions: 0->0
[2025-12-16T20:44:03.412+0800][2.716s][info][gc,metaspace] GC(44) Metaspace: 86K(320K)->86K(320K) NonClass: 78K(192K)->78K(192K) Class: 8K(128K)->8K(128K)
[2025-12-16T20:44:03.412+0800][2.716s][info][gc          ] GC(44) Pause Young (Normal) (G1 Evacuation Pause) 152M->2M(260M) 0.351ms
[2025-12-16T20:44:03.412+0800][2.716s][info][gc,cpu      ] GC(44) User=0.00s Sys=0.00s Real=0.00s
[2025-12-16T20:44:03.474+0800][2.778s][info][gc,start    ] GC(45) Pause Young (Normal) (G1 Evacuation Pause)
[2025-12-16T20:44:03.474+0800][2.778s][info][gc,task     ] GC(45) Using 6 workers of 9 for evacuation
[2025-12-16T20:44:03.474+0800][2.778s][info][gc,phases   ] GC(45)   Pre Evacuate Collection Set: 0.1ms
[2025-12-16T20:44:03.474+0800][2.778s][info][gc,phases   ] GC(45)   Merge Heap Roots: 0.0ms
[2025-12-16T20:44:03.474+0800][2.778s][info][gc,phases   ] GC(45)   Evacuate Collection Set: 0.0ms
[2025-12-16T20:44:03.474+0800][2.778s][info][gc,phases   ] GC(45)   Post Evacuate Collection Set: 0.1ms
[2025-12-16T20:44:03.474+0800][2.778s][info][gc,phases   ] GC(45)   Other: 0.0ms
[2025-12-16T20:44:03.474+0800][2.778s][info][gc,heap     ] GC(45) Eden regions: 75->0(75)
[2025-12-16T20:44:03.474+0800][2.778s][info][gc,heap     ] GC(45) Survivor regions: 1->1(10)
[2025-12-16T20:44:03.474+0800][2.778s][info][gc,heap     ] GC(45) Old regions: 1->1
[2025-12-16T20:44:03.474+0800][2.778s][info][gc,heap     ] GC(45) Archive regions: 2->2
[2025-12-16T20:44:03.474+0800][2.778s][info][gc,heap     ] GC(45) Humongous regions: 0->0
[2025-12-16T20:44:03.474+0800][2.778s][info][gc,metaspace] GC(45) Metaspace: 86K(320K)->86K(320K) NonClass: 78K(192K)->78K(192K) Class: 8K(128K)->8K(128K)
[2025-12-16T20:44:03.474+0800][2.778s][info][gc          ] GC(45) Pause Young (Normal) (G1 Evacuation Pause) 152M->2M(260M) 0.263ms
[2025-12-16T20:44:03.474+0800][2.778s][info][gc,cpu      ] GC(45) User=0.00s Sys=0.00s Real=0.00s
[2025-12-16T20:44:03.488+0800][2.792s][info][gc,heap,exit] Heap
[2025-12-16T20:44:03.488+0800][2.792s][info][gc,heap,exit]  garbage-first heap   total 266240K, used 37901K [0x0000000300800000, 0x0000000400800000)
[2025-12-16T20:44:03.488+0800][2.792s][info][gc,heap,exit]   region size 2048K, 19 young (38912K), 1 survivors (2048K)
[2025-12-16T20:44:03.488+0800][2.792s][info][gc,heap,exit]  Metaspace       used 87K, committed 320K, reserved 1114112K
[2025-12-16T20:44:03.488+0800][2.792s][info][gc,heap,exit]   class space    used 8K, committed 128K, reserved 1048576K
