[2026-01-06T17:26:29.324+0800][0.009s][info][gc] Using Serial
[2026-01-06T17:26:29.324+0800][0.009s][info][gc,heap,coops] Heap address: 0x0000000300800000, size: 4096 MB, Compressed Oops mode: Zero based, Oop shift amount: 3
[2026-01-06T17:26:29.371+0800][0.057s][info][gc,start     ] GC(0) Pause Young (Allocation Failure)
[2026-01-06T17:26:29.372+0800][0.057s][info][gc,heap      ] GC(0) DefNew: 6996K->2644K(78656K)
[2026-01-06T17:26:29.372+0800][0.057s][info][gc,heap      ] GC(0) Tenured: 0K->0K(174784K)
[2026-01-06T17:26:29.372+0800][0.057s][info][gc,metaspace ] GC(0) Metaspace: 3660K(4864K)->3660K(4864K) NonClass: 3346K(4352K)->3346K(4352K) Class: 313K(512K)->313K(512K)
[2026-01-06T17:26:29.372+0800][0.057s][info][gc           ] GC(0) Pause Young (Allocation Failure) 6M->2M(247M) 0.884ms
[2026-01-06T17:26:29.372+0800][0.057s][info][gc,cpu       ] GC(0) User=0.00s Sys=0.00s Real=0.00s
[2026-01-06T17:26:29.396+0800][0.081s][info][gc,start     ] GC(1) Pause Young (Allocation Failure)
[2026-01-06T17:26:29.396+0800][0.082s][info][gc,heap      ] GC(1) DefNew: 70603K->2720K(78656K)
[2026-01-06T17:26:29.396+0800][0.082s][info][gc,heap      ] GC(1) Tenured: 131072K->131072K(174784K)
[2026-01-06T17:26:29.396+0800][0.082s][info][gc,metaspace ] GC(1) Metaspace: 3669K(4864K)->3669K(4864K) NonClass: 3348K(4352K)->3348K(4352K) Class: 320K(512K)->320K(512K)
[2026-01-06T17:26:29.396+0800][0.082s][info][gc           ] GC(1) Pause Young (Allocation Failure) 196M->130M(247M) 0.772ms
[2026-01-06T17:26:29.396+0800][0.082s][info][gc,cpu       ] GC(1) User=0.00s Sys=0.00s Real=0.00s
[2026-01-06T17:26:29.401+0800][0.087s][info][gc,start     ] GC(2) Pause Young (Allocation Failure)
[2026-01-06T17:26:29.402+0800][0.088s][info][gc,start     ] GC(3) Pause Full (Allocation Failure)
[2026-01-06T17:26:29.402+0800][0.088s][info][gc,phases,start] GC(3) Phase 1: Mark live objects
[2026-01-06T17:26:29.403+0800][0.089s][info][gc,phases      ] GC(3) Phase 1: Mark live objects 0.725ms
[2026-01-06T17:26:29.403+0800][0.089s][info][gc,phases,start] GC(3) Phase 2: Compute new object addresses
[2026-01-06T17:26:29.403+0800][0.089s][info][gc,phases      ] GC(3) Phase 2: Compute new object addresses 0.087ms
[2026-01-06T17:26:29.403+0800][0.089s][info][gc,phases,start] GC(3) Phase 3: Adjust pointers
[2026-01-06T17:26:29.404+0800][0.089s][info][gc,phases      ] GC(3) Phase 3: Adjust pointers 0.769ms
[2026-01-06T17:26:29.404+0800][0.089s][info][gc,phases,start] GC(3) Phase 4: Move objects
[2026-01-06T17:26:29.404+0800][0.090s][info][gc,phases      ] GC(3) Phase 4: Move objects 0.529ms
[2026-01-06T17:26:29.404+0800][0.090s][info][gc             ] GC(3) Pause Full (Allocation Failure) 132M->4M(247M) 2.149ms
[2026-01-06T17:26:29.404+0800][0.090s][info][gc,heap        ] GC(2) DefNew: 70679K->0K(78656K)
[2026-01-06T17:26:29.404+0800][0.090s][info][gc,heap        ] GC(2) Tenured: 131072K->4257K(174784K)
[2026-01-06T17:26:29.404+0800][0.090s][info][gc,metaspace   ] GC(2) Metaspace: 3669K(4864K)->3669K(4864K) NonClass: 3348K(4352K)->3348K(4352K) Class: 320K(512K)->320K(512K)
[2026-01-06T17:26:29.404+0800][0.090s][info][gc             ] GC(2) Pause Young (Allocation Failure) 197M->4M(247M) 3.147ms
[2026-01-06T17:26:29.404+0800][0.090s][info][gc,cpu         ] GC(2) User=0.00s Sys=0.00s Real=0.00s
[2026-01-06T17:26:29.412+0800][0.097s][info][gc,start       ] GC(4) Pause Young (Allocation Failure)
[2026-01-06T17:26:29.412+0800][0.097s][info][gc,start       ] GC(5) Pause Full (Allocation Failure)
[2026-01-06T17:26:29.412+0800][0.097s][info][gc,phases,start] GC(5) Phase 1: Mark live objects
[2026-01-06T17:26:29.412+0800][0.098s][info][gc,phases      ] GC(5) Phase 1: Mark live objects 0.590ms
[2026-01-06T17:26:29.412+0800][0.098s][info][gc,phases,start] GC(5) Phase 2: Compute new object addresses
[2026-01-06T17:26:29.413+0800][0.098s][info][gc,phases      ] GC(5) Phase 2: Compute new object addresses 0.077ms
[2026-01-06T17:26:29.413+0800][0.098s][info][gc,phases,start] GC(5) Phase 3: Adjust pointers
[2026-01-06T17:26:29.413+0800][0.099s][info][gc,phases      ] GC(5) Phase 3: Adjust pointers 0.693ms
[2026-01-06T17:26:29.413+0800][0.099s][info][gc,phases,start] GC(5) Phase 4: Move objects
[2026-01-06T17:26:29.413+0800][0.099s][info][gc,phases      ] GC(5) Phase 4: Move objects 0.041ms
[2026-01-06T17:26:29.413+0800][0.099s][info][gc             ] GC(5) Pause Full (Allocation Failure) 133M->5M(247M) 1.442ms
[2026-01-06T17:26:29.413+0800][0.099s][info][gc,heap        ] GC(4) DefNew: 67955K->0K(78720K)
[2026-01-06T17:26:29.413+0800][0.099s][info][gc,heap        ] GC(4) Tenured: 135329K->5868K(174784K)
[2026-01-06T17:26:29.413+0800][0.099s][info][gc,metaspace   ] GC(4) Metaspace: 3669K(4864K)->3669K(4864K) NonClass: 3349K(4352K)->3349K(4352K) Class: 320K(512K)->320K(512K)
[2026-01-06T17:26:29.413+0800][0.099s][info][gc             ] GC(4) Pause Young (Allocation Failure) 198M->5M(247M) 1.546ms
[2026-01-06T17:26:29.413+0800][0.099s][info][gc,cpu         ] GC(4) User=0.00s Sys=0.00s Real=0.00s
[2026-01-06T17:26:29.415+0800][0.101s][info][gc,start       ] GC(6) Pause Young (Allocation Failure)
[2026-01-06T17:26:29.416+0800][0.101s][info][gc,start       ] GC(7) Pause Full (Allocation Failure)
[2026-01-06T17:26:29.416+0800][0.101s][info][gc,phases,start] GC(7) Phase 1: Mark live objects
[2026-01-06T17:26:29.416+0800][0.102s][info][gc,phases      ] GC(7) Phase 1: Mark live objects 0.530ms
[2026-01-06T17:26:29.416+0800][0.102s][info][gc,phases,start] GC(7) Phase 2: Compute new object addresses
[2026-01-06T17:26:29.416+0800][0.102s][info][gc,phases      ] GC(7) Phase 2: Compute new object addresses 0.078ms
[2026-01-06T17:26:29.416+0800][0.102s][info][gc,phases,start] GC(7) Phase 3: Adjust pointers
[2026-01-06T17:26:29.417+0800][0.102s][info][gc,phases      ] GC(7) Phase 3: Adjust pointers 0.667ms
[2026-01-06T17:26:29.417+0800][0.102s][info][gc,phases,start] GC(7) Phase 4: Move objects
[2026-01-06T17:26:29.417+0800][0.102s][info][gc,phases      ] GC(7) Phase 4: Move objects 0.036ms
[2026-01-06T17:26:29.417+0800][0.102s][info][gc             ] GC(7) Pause Full (Allocation Failure) 135M->5M(247M) 1.336ms
[2026-01-06T17:26:29.417+0800][0.102s][info][gc,heap        ] GC(6) DefNew: 67956K->0K(78720K)
[2026-01-06T17:26:29.417+0800][0.102s][info][gc,heap        ] GC(6) Tenured: 136940K->5868K(174784K)
[2026-01-06T17:26:29.417+0800][0.102s][info][gc,metaspace   ] GC(6) Metaspace: 3669K(4864K)->3669K(4864K) NonClass: 3349K(4352K)->3349K(4352K) Class: 320K(512K)->320K(512K)
[2026-01-06T17:26:29.417+0800][0.103s][info][gc             ] GC(6) Pause Young (Allocation Failure) 200M->5M(247M) 1.506ms
[2026-01-06T17:26:29.417+0800][0.103s][info][gc,cpu         ] GC(6) User=0.00s Sys=0.00s Real=0.00s
[2026-01-06T17:26:29.419+0800][0.104s][info][gc,start       ] GC(8) Pause Young (Allocation Failure)
[2026-01-06T17:26:29.419+0800][0.104s][info][gc,start       ] GC(9) Pause Full (Allocation Failure)
[2026-01-06T17:26:29.419+0800][0.104s][info][gc,phases,start] GC(9) Phase 1: Mark live objects
[2026-01-06T17:26:29.419+0800][0.105s][info][gc,phases      ] GC(9) Phase 1: Mark live objects 0.489ms
[2026-01-06T17:26:29.419+0800][0.105s][info][gc,phases,start] GC(9) Phase 2: Compute new object addresses
[2026-01-06T17:26:29.419+0800][0.105s][info][gc,phases      ] GC(9) Phase 2: Compute new object addresses 0.077ms
[2026-01-06T17:26:29.419+0800][0.105s][info][gc,phases,start] GC(9) Phase 3: Adjust pointers
[2026-01-06T17:26:29.420+0800][0.106s][info][gc,phases      ] GC(9) Phase 3: Adjust pointers 0.674ms
[2026-01-06T17:26:29.420+0800][0.106s][info][gc,phases,start] GC(9) Phase 4: Move objects
[2026-01-06T17:26:29.420+0800][0.106s][info][gc,phases      ] GC(9) Phase 4: Move objects 0.135ms
[2026-01-06T17:26:29.420+0800][0.106s][info][gc             ] GC(9) Pause Full (Allocation Failure) 135M->4M(247M) 1.397ms
[2026-01-06T17:26:29.420+0800][0.106s][info][gc,heap        ] GC(8) DefNew: 67958K->0K(78720K)
[2026-01-06T17:26:29.420+0800][0.106s][info][gc,heap        ] GC(8) Tenured: 136940K->4257K(174784K)
[2026-01-06T17:26:29.420+0800][0.106s][info][gc,metaspace   ] GC(8) Metaspace: 3670K(4864K)->3670K(4864K) NonClass: 3349K(4352K)->3349K(4352K) Class: 320K(512K)->320K(512K)
[2026-01-06T17:26:29.420+0800][0.106s][info][gc             ] GC(8) Pause Young (Allocation Failure) 200M->4M(247M) 1.509ms
[2026-01-06T17:26:29.420+0800][0.106s][info][gc,cpu         ] GC(8) User=0.00s Sys=0.00s Real=0.01s
[2026-01-06T17:26:29.422+0800][0.108s][info][gc,start       ] GC(10) Pause Young (Allocation Failure)
[2026-01-06T17:26:29.422+0800][0.108s][info][gc,start       ] GC(11) Pause Full (Allocation Failure)
[2026-01-06T17:26:29.422+0800][0.108s][info][gc,phases,start] GC(11) Phase 1: Mark live objects
[2026-01-06T17:26:29.423+0800][0.108s][info][gc,phases      ] GC(11) Phase 1: Mark live objects 0.516ms
[2026-01-06T17:26:29.423+0800][0.108s][info][gc,phases,start] GC(11) Phase 2: Compute new object addresses
[2026-01-06T17:26:29.423+0800][0.108s][info][gc,phases      ] GC(11) Phase 2: Compute new object addresses 0.076ms
[2026-01-06T17:26:29.423+0800][0.108s][info][gc,phases,start] GC(11) Phase 3: Adjust pointers
[2026-01-06T17:26:29.423+0800][0.109s][info][gc,phases      ] GC(11) Phase 3: Adjust pointers 0.661ms
[2026-01-06T17:26:29.423+0800][0.109s][info][gc,phases,start] GC(11) Phase 4: Move objects
[2026-01-06T17:26:29.423+0800][0.109s][info][gc,phases      ] GC(11) Phase 4: Move objects 0.029ms
[2026-01-06T17:26:29.423+0800][0.109s][info][gc             ] GC(11) Pause Full (Allocation Failure) 133M->4M(247M) 1.312ms
[2026-01-06T17:26:29.423+0800][0.109s][info][gc,heap        ] GC(10) DefNew: 67958K->0K(78720K)
[2026-01-06T17:26:29.423+0800][0.109s][info][gc,heap        ] GC(10) Tenured: 135329K->4257K(174784K)
[2026-01-06T17:26:29.423+0800][0.109s][info][gc,metaspace   ] GC(10) Metaspace: 3670K(4864K)->3670K(4864K) NonClass: 3349K(4352K)->3349K(4352K) Class: 320K(512K)->320K(512K)
[2026-01-06T17:26:29.423+0800][0.109s][info][gc             ] GC(10) Pause Young (Allocation Failure) 198M->4M(247M) 1.393ms
[2026-01-06T17:26:29.423+0800][0.109s][info][gc,cpu         ] GC(10) User=0.00s Sys=0.00s Real=0.00s
[2026-01-06T17:26:29.426+0800][0.111s][info][gc,start       ] GC(12) Pause Young (Allocation Failure)
[2026-01-06T17:26:29.426+0800][0.111s][info][gc,start       ] GC(13) Pause Full (Allocation Failure)
[2026-01-06T17:26:29.426+0800][0.111s][info][gc,phases,start] GC(13) Phase 1: Mark live objects
[2026-01-06T17:26:29.426+0800][0.112s][info][gc,phases      ] GC(13) Phase 1: Mark live objects 0.481ms
[2026-01-06T17:26:29.426+0800][0.112s][info][gc,phases,start] GC(13) Phase 2: Compute new object addresses
[2026-01-06T17:26:29.426+0800][0.112s][info][gc,phases      ] GC(13) Phase 2: Compute new object addresses 0.078ms
[2026-01-06T17:26:29.426+0800][0.112s][info][gc,phases,start] GC(13) Phase 3: Adjust pointers
[2026-01-06T17:26:29.427+0800][0.112s][info][gc,phases      ] GC(13) Phase 3: Adjust pointers 0.656ms
[2026-01-06T17:26:29.427+0800][0.112s][info][gc,phases,start] GC(13) Phase 4: Move objects
[2026-01-06T17:26:29.427+0800][0.112s][info][gc,phases      ] GC(13) Phase 4: Move objects 0.037ms
[2026-01-06T17:26:29.427+0800][0.112s][info][gc             ] GC(13) Pause Full (Allocation Failure) 133M->4M(247M) 1.280ms
[2026-01-06T17:26:29.427+0800][0.112s][info][gc,heap        ] GC(12) DefNew: 67959K->0K(78720K)
[2026-01-06T17:26:29.427+0800][0.112s][info][gc,heap        ] GC(12) Tenured: 135329K->4257K(174784K)
[2026-01-06T17:26:29.427+0800][0.112s][info][gc,metaspace   ] GC(12) Metaspace: 3670K(4864K)->3670K(4864K) NonClass: 3349K(4352K)->3349K(4352K) Class: 320K(512K)->320K(512K)
[2026-01-06T17:26:29.427+0800][0.112s][info][gc             ] GC(12) Pause Young (Allocation Failure) 198M->4M(247M) 1.380ms
[2026-01-06T17:26:29.427+0800][0.112s][info][gc,cpu         ] GC(12) User=0.00s Sys=0.00s Real=0.00s
[2026-01-06T17:26:29.429+0800][0.115s][info][gc,start       ] GC(14) Pause Young (Allocation Failure)
[2026-01-06T17:26:29.429+0800][0.115s][info][gc,start       ] GC(15) Pause Full (Allocation Failure)
[2026-01-06T17:26:29.429+0800][0.115s][info][gc,phases,start] GC(15) Phase 1: Mark live objects
[2026-01-06T17:26:29.430+0800][0.115s][info][gc,phases      ] GC(15) Phase 1: Mark live objects 0.460ms
[2026-01-06T17:26:29.430+0800][0.115s][info][gc,phases,start] GC(15) Phase 2: Compute new object addresses
[2026-01-06T17:26:29.430+0800][0.115s][info][gc,phases      ] GC(15) Phase 2: Compute new object addresses 0.075ms
[2026-01-06T17:26:29.430+0800][0.115s][info][gc,phases,start] GC(15) Phase 3: Adjust pointers
[2026-01-06T17:26:29.430+0800][0.116s][info][gc,phases      ] GC(15) Phase 3: Adjust pointers 0.654ms
[2026-01-06T17:26:29.430+0800][0.116s][info][gc,phases,start] GC(15) Phase 4: Move objects
[2026-01-06T17:26:29.430+0800][0.116s][info][gc,phases      ] GC(15) Phase 4: Move objects 0.029ms
[2026-01-06T17:26:29.430+0800][0.116s][info][gc             ] GC(15) Pause Full (Allocation Failure) 133M->4M(247M) 1.245ms
[2026-01-06T17:26:29.430+0800][0.116s][info][gc,heap        ] GC(14) DefNew: 67959K->0K(78720K)
[2026-01-06T17:26:29.430+0800][0.116s][info][gc,heap        ] GC(14) Tenured: 135329K->4257K(174784K)
[2026-01-06T17:26:29.430+0800][0.116s][info][gc,metaspace   ] GC(14) Metaspace: 3670K(4864K)->3670K(4864K) NonClass: 3349K(4352K)->3349K(4352K) Class: 320K(512K)->320K(512K)
[2026-01-06T17:26:29.430+0800][0.116s][info][gc             ] GC(14) Pause Young (Allocation Failure) 198M->4M(247M) 1.338ms
[2026-01-06T17:26:29.430+0800][0.116s][info][gc,cpu         ] GC(14) User=0.00s Sys=0.00s Real=0.01s
[2026-01-06T17:26:29.432+0800][0.118s][info][gc,start       ] GC(16) Pause Young (Allocation Failure)
[2026-01-06T17:26:29.432+0800][0.118s][info][gc,start       ] GC(17) Pause Full (Allocation Failure)
[2026-01-06T17:26:29.432+0800][0.118s][info][gc,phases,start] GC(17) Phase 1: Mark live objects
[2026-01-06T17:26:29.433+0800][0.119s][info][gc,phases      ] GC(17) Phase 1: Mark live objects 0.587ms
[2026-01-06T17:26:29.433+0800][0.119s][info][gc,phases,start] GC(17) Phase 2: Compute new object addresses
[2026-01-06T17:26:29.433+0800][0.119s][info][gc,phases      ] GC(17) Phase 2: Compute new object addresses 0.077ms
[2026-01-06T17:26:29.433+0800][0.119s][info][gc,phases,start] GC(17) Phase 3: Adjust pointers
[2026-01-06T17:26:29.434+0800][0.119s][info][gc,phases      ] GC(17) Phase 3: Adjust pointers 0.682ms
[2026-01-06T17:26:29.434+0800][0.119s][info][gc,phases,start] GC(17) Phase 4: Move objects
[2026-01-06T17:26:29.434+0800][0.119s][info][gc,phases      ] GC(17) Phase 4: Move objects 0.030ms
[2026-01-06T17:26:29.434+0800][0.119s][info][gc             ] GC(17) Pause Full (Allocation Failure) 133M->4M(247M) 1.403ms
[2026-01-06T17:26:29.434+0800][0.119s][info][gc,heap        ] GC(16) DefNew: 67959K->0K(78720K)
[2026-01-06T17:26:29.434+0800][0.119s][info][gc,heap        ] GC(16) Tenured: 135329K->4257K(174784K)
[2026-01-06T17:26:29.434+0800][0.119s][info][gc,metaspace   ] GC(16) Metaspace: 3670K(4864K)->3670K(4864K) NonClass: 3350K(4352K)->3350K(4352K) Class: 320K(512K)->320K(512K)
[2026-01-06T17:26:29.434+0800][0.119s][info][gc             ] GC(16) Pause Young (Allocation Failure) 198M->4M(247M) 1.489ms
[2026-01-06T17:26:29.434+0800][0.119s][info][gc,cpu         ] GC(16) User=0.00s Sys=0.00s Real=0.00s
[2026-01-06T17:26:29.436+0800][0.121s][info][gc,start       ] GC(18) Pause Young (Allocation Failure)
[2026-01-06T17:26:29.436+0800][0.121s][info][gc,start       ] GC(19) Pause Full (Allocation Failure)
[2026-01-06T17:26:29.436+0800][0.121s][info][gc,phases,start] GC(19) Phase 1: Mark live objects
[2026-01-06T17:26:29.436+0800][0.122s][info][gc,phases      ] GC(19) Phase 1: Mark live objects 0.569ms
[2026-01-06T17:26:29.436+0800][0.122s][info][gc,phases,start] GC(19) Phase 2: Compute new object addresses
[2026-01-06T17:26:29.436+0800][0.122s][info][gc,phases      ] GC(19) Phase 2: Compute new object addresses 0.077ms
[2026-01-06T17:26:29.436+0800][0.122s][info][gc,phases,start] GC(19) Phase 3: Adjust pointers
[2026-01-06T17:26:29.437+0800][0.123s][info][gc,phases      ] GC(19) Phase 3: Adjust pointers 0.674ms
[2026-01-06T17:26:29.437+0800][0.123s][info][gc,phases,start] GC(19) Phase 4: Move objects
[2026-01-06T17:26:29.437+0800][0.123s][info][gc,phases      ] GC(19) Phase 4: Move objects 0.030ms
[2026-01-06T17:26:29.437+0800][0.123s][info][gc             ] GC(19) Pause Full (Allocation Failure) 133M->4M(247M) 1.380ms
[2026-01-06T17:26:29.437+0800][0.123s][info][gc,heap        ] GC(18) DefNew: 67960K->0K(78720K)
[2026-01-06T17:26:29.437+0800][0.123s][info][gc,heap        ] GC(18) Tenured: 135329K->4257K(174784K)
[2026-01-06T17:26:29.437+0800][0.123s][info][gc,metaspace   ] GC(18) Metaspace: 3670K(4864K)->3670K(4864K) NonClass: 3350K(4352K)->3350K(4352K) Class: 320K(512K)->320K(512K)
[2026-01-06T17:26:29.437+0800][0.123s][info][gc             ] GC(18) Pause Young (Allocation Failure) 198M->4M(247M) 1.460ms
[2026-01-06T17:26:29.437+0800][0.123s][info][gc,cpu         ] GC(18) User=0.00s Sys=0.00s Real=0.00s
[2026-01-06T17:26:29.439+0800][0.124s][info][gc,start       ] GC(20) Pause Young (Allocation Failure)
[2026-01-06T17:26:29.439+0800][0.124s][info][gc,start       ] GC(21) Pause Full (Allocation Failure)
[2026-01-06T17:26:29.439+0800][0.124s][info][gc,phases,start] GC(21) Phase 1: Mark live objects
[2026-01-06T17:26:29.439+0800][0.125s][info][gc,phases      ] GC(21) Phase 1: Mark live objects 0.530ms
[2026-01-06T17:26:29.439+0800][0.125s][info][gc,phases,start] GC(21) Phase 2: Compute new object addresses
[2026-01-06T17:26:29.440+0800][0.125s][info][gc,phases      ] GC(21) Phase 2: Compute new object addresses 0.075ms
[2026-01-06T17:26:29.440+0800][0.125s][info][gc,phases,start] GC(21) Phase 3: Adjust pointers
[2026-01-06T17:26:29.440+0800][0.126s][info][gc,phases      ] GC(21) Phase 3: Adjust pointers 0.662ms
[2026-01-06T17:26:29.440+0800][0.126s][info][gc,phases,start] GC(21) Phase 4: Move objects
[2026-01-06T17:26:29.440+0800][0.126s][info][gc,phases      ] GC(21) Phase 4: Move objects 0.030ms
[2026-01-06T17:26:29.440+0800][0.126s][info][gc             ] GC(21) Pause Full (Allocation Failure) 133M->4M(247M) 1.320ms
[2026-01-06T17:26:29.440+0800][0.126s][info][gc,heap        ] GC(20) DefNew: 67960K->0K(78720K)
[2026-01-06T17:26:29.440+0800][0.126s][info][gc,heap        ] GC(20) Tenured: 135329K->4257K(174784K)
[2026-01-06T17:26:29.440+0800][0.126s][info][gc,metaspace   ] GC(20) Metaspace: 3670K(4864K)->3670K(4864K) NonClass: 3350K(4352K)->3350K(4352K) Class: 320K(512K)->320K(512K)
[2026-01-06T17:26:29.440+0800][0.126s][info][gc             ] GC(20) Pause Young (Allocation Failure) 198M->4M(247M) 1.397ms
[2026-01-06T17:26:29.440+0800][0.126s][info][gc,cpu         ] GC(20) User=0.00s Sys=0.00s Real=0.01s
[2026-01-06T17:26:29.442+0800][0.128s][info][gc,start       ] GC(22) Pause Young (Allocation Failure)
[2026-01-06T17:26:29.442+0800][0.128s][info][gc,start       ] GC(23) Pause Full (Allocation Failure)
[2026-01-06T17:26:29.442+0800][0.128s][info][gc,phases,start] GC(23) Phase 1: Mark live objects
[2026-01-06T17:26:29.443+0800][0.128s][info][gc,phases      ] GC(23) Phase 1: Mark live objects 0.501ms
[2026-01-06T17:26:29.443+0800][0.128s][info][gc,phases,start] GC(23) Phase 2: Compute new object addresses
[2026-01-06T17:26:29.443+0800][0.128s][info][gc,phases      ] GC(23) Phase 2: Compute new object addresses 0.076ms
[2026-01-06T17:26:29.443+0800][0.128s][info][gc,phases,start] GC(23) Phase 3: Adjust pointers
[2026-01-06T17:26:29.443+0800][0.129s][info][gc,phases      ] GC(23) Phase 3: Adjust pointers 0.656ms
[2026-01-06T17:26:29.443+0800][0.129s][info][gc,phases,start] GC(23) Phase 4: Move objects
[2026-01-06T17:26:29.443+0800][0.129s][info][gc,phases      ] GC(23) Phase 4: Move objects 0.030ms
[2026-01-06T17:26:29.443+0800][0.129s][info][gc             ] GC(23) Pause Full (Allocation Failure) 133M->4M(247M) 1.285ms
[2026-01-06T17:26:29.443+0800][0.129s][info][gc,heap        ] GC(22) DefNew: 67960K->0K(78720K)
[2026-01-06T17:26:29.443+0800][0.129s][info][gc,heap        ] GC(22) Tenured: 135329K->4257K(174784K)
[2026-01-06T17:26:29.443+0800][0.129s][info][gc,metaspace   ] GC(22) Metaspace: 3670K(4864K)->3670K(4864K) NonClass: 3350K(4352K)->3350K(4352K) Class: 320K(512K)->320K(512K)
[2026-01-06T17:26:29.443+0800][0.129s][info][gc             ] GC(22) Pause Young (Allocation Failure) 198M->4M(247M) 1.360ms
[2026-01-06T17:26:29.443+0800][0.129s][info][gc,cpu         ] GC(22) User=0.00s Sys=0.00s Real=0.00s
[2026-01-06T17:26:29.445+0800][0.131s][info][gc,start       ] GC(24) Pause Young (Allocation Failure)
[2026-01-06T17:26:29.445+0800][0.131s][info][gc,start       ] GC(25) Pause Full (Allocation Failure)
[2026-01-06T17:26:29.445+0800][0.131s][info][gc,phases,start] GC(25) Phase 1: Mark live objects
[2026-01-06T17:26:29.446+0800][0.131s][info][gc,phases      ] GC(25) Phase 1: Mark live objects 0.477ms
[2026-01-06T17:26:29.446+0800][0.131s][info][gc,phases,start] GC(25) Phase 2: Compute new object addresses
[2026-01-06T17:26:29.446+0800][0.131s][info][gc,phases      ] GC(25) Phase 2: Compute new object addresses 0.073ms
[2026-01-06T17:26:29.446+0800][0.131s][info][gc,phases,start] GC(25) Phase 3: Adjust pointers
[2026-01-06T17:26:29.446+0800][0.132s][info][gc,phases      ] GC(25) Phase 3: Adjust pointers 0.651ms
[2026-01-06T17:26:29.446+0800][0.132s][info][gc,phases,start] GC(25) Phase 4: Move objects
[2026-01-06T17:26:29.446+0800][0.132s][info][gc,phases      ] GC(25) Phase 4: Move objects 0.029ms
[2026-01-06T17:26:29.446+0800][0.132s][info][gc             ] GC(25) Pause Full (Allocation Failure) 133M->4M(247M) 1.251ms
[2026-01-06T17:26:29.446+0800][0.132s][info][gc,heap        ] GC(24) DefNew: 67960K->0K(78720K)
[2026-01-06T17:26:29.446+0800][0.132s][info][gc,heap        ] GC(24) Tenured: 135329K->4257K(174784K)
[2026-01-06T17:26:29.446+0800][0.132s][info][gc,metaspace   ] GC(24) Metaspace: 3670K(4864K)->3670K(4864K) NonClass: 3350K(4352K)->3350K(4352K) Class: 320K(512K)->320K(512K)
[2026-01-06T17:26:29.446+0800][0.132s][info][gc             ] GC(24) Pause Young (Allocation Failure) 198M->4M(247M) 1.329ms
[2026-01-06T17:26:29.446+0800][0.132s][info][gc,cpu         ] GC(24) User=0.00s Sys=0.00s Real=0.00s
[2026-01-06T17:26:29.448+0800][0.134s][info][gc,start       ] GC(26) Pause Young (Allocation Failure)
[2026-01-06T17:26:29.448+0800][0.134s][info][gc,start       ] GC(27) Pause Full (Allocation Failure)
[2026-01-06T17:26:29.448+0800][0.134s][info][gc,phases,start] GC(27) Phase 1: Mark live objects
[2026-01-06T17:26:29.449+0800][0.134s][info][gc,phases      ] GC(27) Phase 1: Mark live objects 0.472ms
[2026-01-06T17:26:29.449+0800][0.134s][info][gc,phases,start] GC(27) Phase 2: Compute new object addresses
[2026-01-06T17:26:29.449+0800][0.134s][info][gc,phases      ] GC(27) Phase 2: Compute new object addresses 0.075ms
[2026-01-06T17:26:29.449+0800][0.134s][info][gc,phases,start] GC(27) Phase 3: Adjust pointers
[2026-01-06T17:26:29.449+0800][0.135s][info][gc,phases      ] GC(27) Phase 3: Adjust pointers 0.647ms
[2026-01-06T17:26:29.449+0800][0.135s][info][gc,phases,start] GC(27) Phase 4: Move objects
[2026-01-06T17:26:29.450+0800][0.135s][info][gc,phases      ] GC(27) Phase 4: Move objects 0.029ms
[2026-01-06T17:26:29.450+0800][0.135s][info][gc             ] GC(27) Pause Full (Allocation Failure) 133M->4M(247M) 1.248ms
[2026-01-06T17:26:29.450+0800][0.135s][info][gc,heap        ] GC(26) DefNew: 67960K->0K(78720K)
[2026-01-06T17:26:29.450+0800][0.135s][info][gc,heap        ] GC(26) Tenured: 135329K->4257K(174784K)
[2026-01-06T17:26:29.450+0800][0.135s][info][gc,metaspace   ] GC(26) Metaspace: 3670K(4864K)->3670K(4864K) NonClass: 3350K(4352K)->3350K(4352K) Class: 320K(512K)->320K(512K)
[2026-01-06T17:26:29.450+0800][0.135s][info][gc             ] GC(26) Pause Young (Allocation Failure) 198M->4M(247M) 1.322ms
[2026-01-06T17:26:29.450+0800][0.135s][info][gc,cpu         ] GC(26) User=0.00s Sys=0.00s Real=0.01s
[2026-01-06T17:26:29.451+0800][0.137s][info][gc,start       ] GC(28) Pause Young (Allocation Failure)
[2026-01-06T17:26:29.451+0800][0.137s][info][gc,start       ] GC(29) Pause Full (Allocation Failure)
[2026-01-06T17:26:29.451+0800][0.137s][info][gc,phases,start] GC(29) Phase 1: Mark live objects
[2026-01-06T17:26:29.452+0800][0.137s][info][gc,phases      ] GC(29) Phase 1: Mark live objects 0.464ms
[2026-01-06T17:26:29.452+0800][0.137s][info][gc,phases,start] GC(29) Phase 2: Compute new object addresses
[2026-01-06T17:26:29.452+0800][0.137s][info][gc,phases      ] GC(29) Phase 2: Compute new object addresses 0.079ms
[2026-01-06T17:26:29.452+0800][0.137s][info][gc,phases,start] GC(29) Phase 3: Adjust pointers
[2026-01-06T17:26:29.453+0800][0.138s][info][gc,phases      ] GC(29) Phase 3: Adjust pointers 0.648ms
[2026-01-06T17:26:29.453+0800][0.138s][info][gc,phases,start] GC(29) Phase 4: Move objects
[2026-01-06T17:26:29.453+0800][0.138s][info][gc,phases      ] GC(29) Phase 4: Move objects 0.029ms
[2026-01-06T17:26:29.453+0800][0.138s][info][gc             ] GC(29) Pause Full (Allocation Failure) 133M->4M(247M) 1.243ms
[2026-01-06T17:26:29.453+0800][0.138s][info][gc,heap        ] GC(28) DefNew: 67960K->0K(78720K)
[2026-01-06T17:26:29.453+0800][0.138s][info][gc,heap        ] GC(28) Tenured: 135329K->4257K(174784K)
[2026-01-06T17:26:29.453+0800][0.138s][info][gc,metaspace   ] GC(28) Metaspace: 3671K(4864K)->3671K(4864K) NonClass: 3350K(4352K)->3350K(4352K) Class: 320K(512K)->320K(512K)
[2026-01-06T17:26:29.453+0800][0.138s][info][gc             ] GC(28) Pause Young (Allocation Failure) 198M->4M(247M) 1.317ms
[2026-01-06T17:26:29.453+0800][0.138s][info][gc,cpu         ] GC(28) User=0.01s Sys=0.00s Real=0.00s
[2026-01-06T17:26:29.454+0800][0.140s][info][gc,start       ] GC(30) Pause Young (Allocation Failure)
[2026-01-06T17:26:29.454+0800][0.140s][info][gc,start       ] GC(31) Pause Full (Allocation Failure)
[2026-01-06T17:26:29.454+0800][0.140s][info][gc,phases,start] GC(31) Phase 1: Mark live objects
[2026-01-06T17:26:29.455+0800][0.140s][info][gc,phases      ] GC(31) Phase 1: Mark live objects 0.460ms
[2026-01-06T17:26:29.455+0800][0.140s][info][gc,phases,start] GC(31) Phase 2: Compute new object addresses
[2026-01-06T17:26:29.455+0800][0.141s][info][gc,phases      ] GC(31) Phase 2: Compute new object addresses 0.076ms
[2026-01-06T17:26:29.455+0800][0.141s][info][gc,phases,start] GC(31) Phase 3: Adjust pointers
[2026-01-06T17:26:29.456+0800][0.141s][info][gc,phases      ] GC(31) Phase 3: Adjust pointers 0.646ms
[2026-01-06T17:26:29.456+0800][0.141s][info][gc,phases,start] GC(31) Phase 4: Move objects
[2026-01-06T17:26:29.456+0800][0.141s][info][gc,phases      ] GC(31) Phase 4: Move objects 0.039ms
[2026-01-06T17:26:29.456+0800][0.141s][info][gc             ] GC(31) Pause Full (Allocation Failure) 133M->4M(247M) 1.246ms
[2026-01-06T17:26:29.456+0800][0.141s][info][gc,heap        ] GC(30) DefNew: 67960K->0K(78720K)
[2026-01-06T17:26:29.456+0800][0.141s][info][gc,heap        ] GC(30) Tenured: 135329K->4257K(174784K)
[2026-01-06T17:26:29.456+0800][0.141s][info][gc,metaspace   ] GC(30) Metaspace: 3671K(4864K)->3671K(4864K) NonClass: 3350K(4352K)->3350K(4352K) Class: 320K(512K)->320K(512K)
[2026-01-06T17:26:29.456+0800][0.141s][info][gc             ] GC(30) Pause Young (Allocation Failure) 198M->4M(247M) 1.323ms
[2026-01-06T17:26:29.456+0800][0.141s][info][gc,cpu         ] GC(30) User=0.00s Sys=0.00s Real=0.00s
[2026-01-06T17:26:29.457+0800][0.143s][info][gc,start       ] GC(32) Pause Young (Allocation Failure)
[2026-01-06T17:26:29.458+0800][0.143s][info][gc,start       ] GC(33) Pause Full (Allocation Failure)
[2026-01-06T17:26:29.458+0800][0.143s][info][gc,phases,start] GC(33) Phase 1: Mark live objects
[2026-01-06T17:26:29.458+0800][0.144s][info][gc,phases      ] GC(33) Phase 1: Mark live objects 0.464ms
[2026-01-06T17:26:29.458+0800][0.144s][info][gc,phases,start] GC(33) Phase 2: Compute new object addresses
[2026-01-06T17:26:29.458+0800][0.144s][info][gc,phases      ] GC(33) Phase 2: Compute new object addresses 0.070ms
[2026-01-06T17:26:29.458+0800][0.144s][info][gc,phases,start] GC(33) Phase 3: Adjust pointers
[2026-01-06T17:26:29.459+0800][0.144s][info][gc,phases      ] GC(33) Phase 3: Adjust pointers 0.644ms
[2026-01-06T17:26:29.459+0800][0.144s][info][gc,phases,start] GC(33) Phase 4: Move objects
[2026-01-06T17:26:29.459+0800][0.144s][info][gc,phases      ] GC(33) Phase 4: Move objects 0.034ms
[2026-01-06T17:26:29.459+0800][0.144s][info][gc             ] GC(33) Pause Full (Allocation Failure) 133M->4M(247M) 1.236ms
[2026-01-06T17:26:29.459+0800][0.144s][info][gc,heap        ] GC(32) DefNew: 67960K->0K(78720K)
[2026-01-06T17:26:29.459+0800][0.144s][info][gc,heap        ] GC(32) Tenured: 135329K->4257K(174784K)
[2026-01-06T17:26:29.459+0800][0.144s][info][gc,metaspace   ] GC(32) Metaspace: 3671K(4864K)->3671K(4864K) NonClass: 3350K(4352K)->3350K(4352K) Class: 320K(512K)->320K(512K)
[2026-01-06T17:26:29.459+0800][0.144s][info][gc             ] GC(32) Pause Young (Allocation Failure) 198M->4M(247M) 1.316ms
[2026-01-06T17:26:29.459+0800][0.144s][info][gc,cpu         ] GC(32) User=0.00s Sys=0.00s Real=0.00s
[2026-01-06T17:26:29.461+0800][0.146s][info][gc,start       ] GC(34) Pause Young (Allocation Failure)
[2026-01-06T17:26:29.461+0800][0.146s][info][gc,start       ] GC(35) Pause Full (Allocation Failure)
[2026-01-06T17:26:29.461+0800][0.146s][info][gc,phases,start] GC(35) Phase 1: Mark live objects
[2026-01-06T17:26:29.461+0800][0.147s][info][gc,phases      ] GC(35) Phase 1: Mark live objects 0.458ms
[2026-01-06T17:26:29.461+0800][0.147s][info][gc,phases,start] GC(35) Phase 2: Compute new object addresses
[2026-01-06T17:26:29.461+0800][0.147s][info][gc,phases      ] GC(35) Phase 2: Compute new object addresses 0.071ms
[2026-01-06T17:26:29.461+0800][0.147s][info][gc,phases,start] GC(35) Phase 3: Adjust pointers
[2026-01-06T17:26:29.462+0800][0.147s][info][gc,phases      ] GC(35) Phase 3: Adjust pointers 0.645ms
[2026-01-06T17:26:29.462+0800][0.147s][info][gc,phases,start] GC(35) Phase 4: Move objects
[2026-01-06T17:26:29.462+0800][0.147s][info][gc,phases      ] GC(35) Phase 4: Move objects 0.033ms
[2026-01-06T17:26:29.462+0800][0.147s][info][gc             ] GC(35) Pause Full (Allocation Failure) 133M->4M(247M) 1.228ms
[2026-01-06T17:26:29.462+0800][0.147s][info][gc,heap        ] GC(34) DefNew: 67960K->0K(78720K)
[2026-01-06T17:26:29.462+0800][0.147s][info][gc,heap        ] GC(34) Tenured: 135329K->4257K(174784K)
[2026-01-06T17:26:29.462+0800][0.147s][info][gc,metaspace   ] GC(34) Metaspace: 3671K(4864K)->3671K(4864K) NonClass: 3350K(4352K)->3350K(4352K) Class: 320K(512K)->320K(512K)
[2026-01-06T17:26:29.462+0800][0.147s][info][gc             ] GC(34) Pause Young (Allocation Failure) 198M->4M(247M) 1.302ms
[2026-01-06T17:26:29.462+0800][0.147s][info][gc,cpu         ] GC(34) User=0.01s Sys=0.00s Real=0.00s
[2026-01-06T17:26:29.464+0800][0.149s][info][gc,start       ] GC(36) Pause Young (Allocation Failure)
[2026-01-06T17:26:29.464+0800][0.149s][info][gc,start       ] GC(37) Pause Full (Allocation Failure)
[2026-01-06T17:26:29.464+0800][0.149s][info][gc,phases,start] GC(37) Phase 1: Mark live objects
[2026-01-06T17:26:29.464+0800][0.150s][info][gc,phases      ] GC(37) Phase 1: Mark live objects 0.468ms
[2026-01-06T17:26:29.464+0800][0.150s][info][gc,phases,start] GC(37) Phase 2: Compute new object addresses
[2026-01-06T17:26:29.464+0800][0.150s][info][gc,phases      ] GC(37) Phase 2: Compute new object addresses 0.073ms
[2026-01-06T17:26:29.464+0800][0.150s][info][gc,phases,start] GC(37) Phase 3: Adjust pointers
[2026-01-06T17:26:29.465+0800][0.150s][info][gc,phases      ] GC(37) Phase 3: Adjust pointers 0.646ms
[2026-01-06T17:26:29.465+0800][0.150s][info][gc,phases,start] GC(37) Phase 4: Move objects
[2026-01-06T17:26:29.465+0800][0.150s][info][gc,phases      ] GC(37) Phase 4: Move objects 0.030ms
[2026-01-06T17:26:29.465+0800][0.150s][info][gc             ] GC(37) Pause Full (Allocation Failure) 133M->4M(247M) 1.238ms
[2026-01-06T17:26:29.465+0800][0.150s][info][gc,heap        ] GC(36) DefNew: 67960K->0K(78720K)
[2026-01-06T17:26:29.465+0800][0.150s][info][gc,heap        ] GC(36) Tenured: 135329K->4257K(174784K)
[2026-01-06T17:26:29.465+0800][0.150s][info][gc,metaspace   ] GC(36) Metaspace: 3671K(4864K)->3671K(4864K) NonClass: 3350K(4352K)->3350K(4352K) Class: 320K(512K)->320K(512K)
[2026-01-06T17:26:29.465+0800][0.150s][info][gc             ] GC(36) Pause Young (Allocation Failure) 198M->4M(247M) 1.312ms
[2026-01-06T17:26:29.465+0800][0.150s][info][gc,cpu         ] GC(36) User=0.00s Sys=0.00s Real=0.00s
[2026-01-06T17:26:29.467+0800][0.152s][info][gc,start       ] GC(38) Pause Young (Allocation Failure)
[2026-01-06T17:26:29.467+0800][0.152s][info][gc,start       ] GC(39) Pause Full (Allocation Failure)
[2026-01-06T17:26:29.467+0800][0.152s][info][gc,phases,start] GC(39) Phase 1: Mark live objects
[2026-01-06T17:26:29.467+0800][0.153s][info][gc,phases      ] GC(39) Phase 1: Mark live objects 0.456ms
[2026-01-06T17:26:29.467+0800][0.153s][info][gc,phases,start] GC(39) Phase 2: Compute new object addresses
[2026-01-06T17:26:29.467+0800][0.153s][info][gc,phases      ] GC(39) Phase 2: Compute new object addresses 0.072ms
[2026-01-06T17:26:29.467+0800][0.153s][info][gc,phases,start] GC(39) Phase 3: Adjust pointers
[2026-01-06T17:26:29.468+0800][0.153s][info][gc,phases      ] GC(39) Phase 3: Adjust pointers 0.646ms
[2026-01-06T17:26:29.468+0800][0.153s][info][gc,phases,start] GC(39) Phase 4: Move objects
[2026-01-06T17:26:29.468+0800][0.154s][info][gc,phases      ] GC(39) Phase 4: Move objects 0.030ms
[2026-01-06T17:26:29.468+0800][0.154s][info][gc             ] GC(39) Pause Full (Allocation Failure) 133M->4M(247M) 1.228ms
[2026-01-06T17:26:29.468+0800][0.154s][info][gc,heap        ] GC(38) DefNew: 67960K->0K(78720K)
[2026-01-06T17:26:29.468+0800][0.154s][info][gc,heap        ] GC(38) Tenured: 135329K->4257K(174784K)
[2026-01-06T17:26:29.468+0800][0.154s][info][gc,metaspace   ] GC(38) Metaspace: 3671K(4864K)->3671K(4864K) NonClass: 3350K(4352K)->3350K(4352K) Class: 320K(512K)->320K(512K)
[2026-01-06T17:26:29.468+0800][0.154s][info][gc             ] GC(38) Pause Young (Allocation Failure) 198M->4M(247M) 1.306ms
[2026-01-06T17:26:29.468+0800][0.154s][info][gc,cpu         ] GC(38) User=0.00s Sys=0.00s Real=0.00s
[2026-01-06T17:26:29.470+0800][0.155s][info][gc,start       ] GC(40) Pause Young (Allocation Failure)
[2026-01-06T17:26:29.470+0800][0.155s][info][gc,start       ] GC(41) Pause Full (Allocation Failure)
[2026-01-06T17:26:29.470+0800][0.155s][info][gc,phases,start] GC(41) Phase 1: Mark live objects
[2026-01-06T17:26:29.470+0800][0.156s][info][gc,phases      ] GC(41) Phase 1: Mark live objects 0.488ms
[2026-01-06T17:26:29.470+0800][0.156s][info][gc,phases,start] GC(41) Phase 2: Compute new object addresses
[2026-01-06T17:26:29.470+0800][0.156s][info][gc,phases      ] GC(41) Phase 2: Compute new object addresses 0.073ms
[2026-01-06T17:26:29.470+0800][0.156s][info][gc,phases,start] GC(41) Phase 3: Adjust pointers
[2026-01-06T17:26:29.471+0800][0.157s][info][gc,phases      ] GC(41) Phase 3: Adjust pointers 0.655ms
[2026-01-06T17:26:29.471+0800][0.157s][info][gc,phases,start] GC(41) Phase 4: Move objects
[2026-01-06T17:26:29.471+0800][0.157s][info][gc,phases      ] GC(41) Phase 4: Move objects 0.030ms
[2026-01-06T17:26:29.471+0800][0.157s][info][gc             ] GC(41) Pause Full (Allocation Failure) 133M->4M(247M) 1.270ms
[2026-01-06T17:26:29.471+0800][0.157s][info][gc,heap        ] GC(40) DefNew: 67960K->0K(78720K)
[2026-01-06T17:26:29.471+0800][0.157s][info][gc,heap        ] GC(40) Tenured: 135329K->4257K(174784K)
[2026-01-06T17:26:29.471+0800][0.157s][info][gc,metaspace   ] GC(40) Metaspace: 3671K(4864K)->3671K(4864K) NonClass: 3350K(4352K)->3350K(4352K) Class: 320K(512K)->320K(512K)
[2026-01-06T17:26:29.471+0800][0.157s][info][gc             ] GC(40) Pause Young (Allocation Failure) 198M->4M(247M) 1.344ms
[2026-01-06T17:26:29.471+0800][0.157s][info][gc,cpu         ] GC(40) User=0.00s Sys=0.00s Real=0.00s
[2026-01-06T17:26:29.473+0800][0.159s][info][gc,start       ] GC(42) Pause Young (Allocation Failure)
[2026-01-06T17:26:29.473+0800][0.159s][info][gc,start       ] GC(43) Pause Full (Allocation Failure)
[2026-01-06T17:26:29.473+0800][0.159s][info][gc,phases,start] GC(43) Phase 1: Mark live objects
[2026-01-06T17:26:29.473+0800][0.159s][info][gc,phases      ] GC(43) Phase 1: Mark live objects 0.458ms
[2026-01-06T17:26:29.473+0800][0.159s][info][gc,phases,start] GC(43) Phase 2: Compute new object addresses
[2026-01-06T17:26:29.474+0800][0.159s][info][gc,phases      ] GC(43) Phase 2: Compute new object addresses 0.071ms
[2026-01-06T17:26:29.474+0800][0.159s][info][gc,phases,start] GC(43) Phase 3: Adjust pointers
[2026-01-06T17:26:29.474+0800][0.160s][info][gc,phases      ] GC(43) Phase 3: Adjust pointers 0.655ms
[2026-01-06T17:26:29.474+0800][0.160s][info][gc,phases,start] GC(43) Phase 4: Move objects
[2026-01-06T17:26:29.474+0800][0.160s][info][gc,phases      ] GC(43) Phase 4: Move objects 0.031ms
[2026-01-06T17:26:29.474+0800][0.160s][info][gc             ] GC(43) Pause Full (Allocation Failure) 133M->4M(247M) 1.242ms
[2026-01-06T17:26:29.474+0800][0.160s][info][gc,heap        ] GC(42) DefNew: 67960K->0K(78720K)
[2026-01-06T17:26:29.474+0800][0.160s][info][gc,heap        ] GC(42) Tenured: 135329K->4257K(174784K)
[2026-01-06T17:26:29.474+0800][0.160s][info][gc,metaspace   ] GC(42) Metaspace: 3672K(4864K)->3672K(4864K) NonClass: 3352K(4352K)->3352K(4352K) Class: 320K(512K)->320K(512K)
[2026-01-06T17:26:29.474+0800][0.160s][info][gc             ] GC(42) Pause Young (Allocation Failure) 198M->4M(247M) 1.317ms
[2026-01-06T17:26:29.474+0800][0.160s][info][gc,cpu         ] GC(42) User=0.00s Sys=0.00s Real=0.00s
[2026-01-06T17:26:29.476+0800][0.162s][info][gc,start       ] GC(44) Pause Young (Allocation Failure)
[2026-01-06T17:26:29.476+0800][0.162s][info][gc,start       ] GC(45) Pause Full (Allocation Failure)
[2026-01-06T17:26:29.476+0800][0.162s][info][gc,phases,start] GC(45) Phase 1: Mark live objects
[2026-01-06T17:26:29.477+0800][0.162s][info][gc,phases      ] GC(45) Phase 1: Mark live objects 0.459ms
[2026-01-06T17:26:29.477+0800][0.162s][info][gc,phases,start] GC(45) Phase 2: Compute new object addresses
[2026-01-06T17:26:29.477+0800][0.162s][info][gc,phases      ] GC(45) Phase 2: Compute new object addresses 0.076ms
[2026-01-06T17:26:29.477+0800][0.162s][info][gc,phases,start] GC(45) Phase 3: Adjust pointers
[2026-01-06T17:26:29.477+0800][0.163s][info][gc,phases      ] GC(45) Phase 3: Adjust pointers 0.646ms
[2026-01-06T17:26:29.477+0800][0.163s][info][gc,phases,start] GC(45) Phase 4: Move objects
[2026-01-06T17:26:29.477+0800][0.163s][info][gc,phases      ] GC(45) Phase 4: Move objects 0.030ms
[2026-01-06T17:26:29.477+0800][0.163s][info][gc             ] GC(45) Pause Full (Allocation Failure) 133M->4M(247M) 1.236ms
[2026-01-06T17:26:29.477+0800][0.163s][info][gc,heap        ] GC(44) DefNew: 67960K->0K(78720K)
[2026-01-06T17:26:29.477+0800][0.163s][info][gc,heap        ] GC(44) Tenured: 135329K->4257K(174784K)
[2026-01-06T17:26:29.477+0800][0.163s][info][gc,metaspace   ] GC(44) Metaspace: 3672K(4864K)->3672K(4864K) NonClass: 3352K(4352K)->3352K(4352K) Class: 320K(512K)->320K(512K)
[2026-01-06T17:26:29.477+0800][0.163s][info][gc             ] GC(44) Pause Young (Allocation Failure) 198M->4M(247M) 1.310ms
[2026-01-06T17:26:29.477+0800][0.163s][info][gc,cpu         ] GC(44) User=0.00s Sys=0.00s Real=0.00s
[2026-01-06T17:26:29.479+0800][0.165s][info][gc,start       ] GC(46) Pause Young (Allocation Failure)
[2026-01-06T17:26:29.479+0800][0.165s][info][gc,start       ] GC(47) Pause Full (Allocation Failure)
[2026-01-06T17:26:29.479+0800][0.165s][info][gc,phases,start] GC(47) Phase 1: Mark live objects
[2026-01-06T17:26:29.480+0800][0.165s][info][gc,phases      ] GC(47) Phase 1: Mark live objects 0.457ms
[2026-01-06T17:26:29.480+0800][0.165s][info][gc,phases,start] GC(47) Phase 2: Compute new object addresses
[2026-01-06T17:26:29.480+0800][0.165s][info][gc,phases      ] GC(47) Phase 2: Compute new object addresses 0.070ms
[2026-01-06T17:26:29.480+0800][0.165s][info][gc,phases,start] GC(47) Phase 3: Adjust pointers
[2026-01-06T17:26:29.480+0800][0.166s][info][gc,phases      ] GC(47) Phase 3: Adjust pointers 0.645ms
[2026-01-06T17:26:29.480+0800][0.166s][info][gc,phases,start] GC(47) Phase 4: Move objects
[2026-01-06T17:26:29.480+0800][0.166s][info][gc,phases      ] GC(47) Phase 4: Move objects 0.030ms
[2026-01-06T17:26:29.480+0800][0.166s][info][gc             ] GC(47) Pause Full (Allocation Failure) 133M->4M(247M) 1.228ms
[2026-01-06T17:26:29.480+0800][0.166s][info][gc,heap        ] GC(46) DefNew: 67960K->0K(78720K)
[2026-01-06T17:26:29.480+0800][0.166s][info][gc,heap        ] GC(46) Tenured: 135329K->4257K(174784K)
[2026-01-06T17:26:29.480+0800][0.166s][info][gc,metaspace   ] GC(46) Metaspace: 3672K(4864K)->3672K(4864K) NonClass: 3352K(4352K)->3352K(4352K) Class: 320K(512K)->320K(512K)
[2026-01-06T17:26:29.480+0800][0.166s][info][gc             ] GC(46) Pause Young (Allocation Failure) 198M->4M(247M) 1.304ms
[2026-01-06T17:26:29.480+0800][0.166s][info][gc,cpu         ] GC(46) User=0.00s Sys=0.00s Real=0.01s
[2026-01-06T17:26:29.482+0800][0.168s][info][gc,start       ] GC(48) Pause Young (Allocation Failure)
[2026-01-06T17:26:29.482+0800][0.168s][info][gc,start       ] GC(49) Pause Full (Allocation Failure)
[2026-01-06T17:26:29.482+0800][0.168s][info][gc,phases,start] GC(49) Phase 1: Mark live objects
[2026-01-06T17:26:29.483+0800][0.168s][info][gc,phases      ] GC(49) Phase 1: Mark live objects 0.456ms
[2026-01-06T17:26:29.483+0800][0.168s][info][gc,phases,start] GC(49) Phase 2: Compute new object addresses
[2026-01-06T17:26:29.483+0800][0.168s][info][gc,phases      ] GC(49) Phase 2: Compute new object addresses 0.068ms
[2026-01-06T17:26:29.483+0800][0.168s][info][gc,phases,start] GC(49) Phase 3: Adjust pointers
[2026-01-06T17:26:29.484+0800][0.169s][info][gc,phases      ] GC(49) Phase 3: Adjust pointers 0.645ms
[2026-01-06T17:26:29.484+0800][0.169s][info][gc,phases,start] GC(49) Phase 4: Move objects
[2026-01-06T17:26:29.484+0800][0.169s][info][gc,phases      ] GC(49) Phase 4: Move objects 0.029ms
[2026-01-06T17:26:29.484+0800][0.169s][info][gc             ] GC(49) Pause Full (Allocation Failure) 133M->4M(247M) 1.219ms
[2026-01-06T17:26:29.484+0800][0.169s][info][gc,heap        ] GC(48) DefNew: 67960K->0K(78720K)
[2026-01-06T17:26:29.484+0800][0.169s][info][gc,heap        ] GC(48) Tenured: 135329K->4257K(174784K)
[2026-01-06T17:26:29.484+0800][0.169s][info][gc,metaspace   ] GC(48) Metaspace: 3672K(4864K)->3672K(4864K) NonClass: 3352K(4352K)->3352K(4352K) Class: 320K(512K)->320K(512K)
[2026-01-06T17:26:29.484+0800][0.169s][info][gc             ] GC(48) Pause Young (Allocation Failure) 198M->4M(247M) 1.292ms
[2026-01-06T17:26:29.484+0800][0.169s][info][gc,cpu         ] GC(48) User=0.00s Sys=0.00s Real=0.00s
[2026-01-06T17:26:29.485+0800][0.171s][info][gc,start       ] GC(50) Pause Young (Allocation Failure)
[2026-01-06T17:26:29.485+0800][0.171s][info][gc,start       ] GC(51) Pause Full (Allocation Failure)
[2026-01-06T17:26:29.485+0800][0.171s][info][gc,phases,start] GC(51) Phase 1: Mark live objects
[2026-01-06T17:26:29.486+0800][0.171s][info][gc,phases      ] GC(51) Phase 1: Mark live objects 0.457ms
[2026-01-06T17:26:29.486+0800][0.171s][info][gc,phases,start] GC(51) Phase 2: Compute new object addresses
[2026-01-06T17:26:29.486+0800][0.171s][info][gc,phases      ] GC(51) Phase 2: Compute new object addresses 0.073ms
[2026-01-06T17:26:29.486+0800][0.171s][info][gc,phases,start] GC(51) Phase 3: Adjust pointers
[2026-01-06T17:26:29.487+0800][0.172s][info][gc,phases      ] GC(51) Phase 3: Adjust pointers 0.673ms
[2026-01-06T17:26:29.487+0800][0.172s][info][gc,phases,start] GC(51) Phase 4: Move objects
[2026-01-06T17:26:29.487+0800][0.172s][info][gc,phases      ] GC(51) Phase 4: Move objects 0.030ms
[2026-01-06T17:26:29.487+0800][0.172s][info][gc             ] GC(51) Pause Full (Allocation Failure) 133M->4M(247M) 1.255ms
[2026-01-06T17:26:29.487+0800][0.172s][info][gc,heap        ] GC(50) DefNew: 67960K->0K(78720K)
[2026-01-06T17:26:29.487+0800][0.172s][info][gc,heap        ] GC(50) Tenured: 135329K->4257K(174784K)
[2026-01-06T17:26:29.487+0800][0.172s][info][gc,metaspace   ] GC(50) Metaspace: 3672K(4864K)->3672K(4864K) NonClass: 3352K(4352K)->3352K(4352K) Class: 320K(512K)->320K(512K)
[2026-01-06T17:26:29.487+0800][0.172s][info][gc             ] GC(50) Pause Young (Allocation Failure) 198M->4M(247M) 1.329ms
[2026-01-06T17:26:29.487+0800][0.172s][info][gc,cpu         ] GC(50) User=0.00s Sys=0.00s Real=0.00s
[2026-01-06T17:26:29.488+0800][0.174s][info][gc,start       ] GC(52) Pause Young (Allocation Failure)
[2026-01-06T17:26:29.489+0800][0.174s][info][gc,start       ] GC(53) Pause Full (Allocation Failure)
[2026-01-06T17:26:29.489+0800][0.174s][info][gc,phases,start] GC(53) Phase 1: Mark live objects
[2026-01-06T17:26:29.489+0800][0.175s][info][gc,phases      ] GC(53) Phase 1: Mark live objects 0.456ms
[2026-01-06T17:26:29.489+0800][0.175s][info][gc,phases,start] GC(53) Phase 2: Compute new object addresses
[2026-01-06T17:26:29.489+0800][0.175s][info][gc,phases      ] GC(53) Phase 2: Compute new object addresses 0.073ms
[2026-01-06T17:26:29.489+0800][0.175s][info][gc,phases,start] GC(53) Phase 3: Adjust pointers
[2026-01-06T17:26:29.490+0800][0.175s][info][gc,phases      ] GC(53) Phase 3: Adjust pointers 0.647ms
[2026-01-06T17:26:29.490+0800][0.175s][info][gc,phases,start] GC(53) Phase 4: Move objects
[2026-01-06T17:26:29.490+0800][0.175s][info][gc,phases      ] GC(53) Phase 4: Move objects 0.031ms
[2026-01-06T17:26:29.490+0800][0.175s][info][gc             ] GC(53) Pause Full (Allocation Failure) 133M->4M(247M) 1.229ms
[2026-01-06T17:26:29.490+0800][0.175s][info][gc,heap        ] GC(52) DefNew: 69360K->0K(78720K)
[2026-01-06T17:26:29.490+0800][0.175s][info][gc,heap        ] GC(52) Tenured: 135329K->4257K(174784K)
[2026-01-06T17:26:29.490+0800][0.175s][info][gc,metaspace   ] GC(52) Metaspace: 3673K(4864K)->3673K(4864K) NonClass: 3352K(4352K)->3352K(4352K) Class: 320K(512K)->320K(512K)
[2026-01-06T17:26:29.490+0800][0.175s][info][gc             ] GC(52) Pause Young (Allocation Failure) 199M->4M(247M) 1.308ms
[2026-01-06T17:26:29.490+0800][0.175s][info][gc,cpu         ] GC(52) User=0.00s Sys=0.00s Real=0.01s
[2026-01-06T17:26:29.492+0800][0.177s][info][gc,start       ] GC(54) Pause Young (Allocation Failure)
[2026-01-06T17:26:29.492+0800][0.177s][info][gc,start       ] GC(55) Pause Full (Allocation Failure)
[2026-01-06T17:26:29.492+0800][0.177s][info][gc,phases,start] GC(55) Phase 1: Mark live objects
[2026-01-06T17:26:29.492+0800][0.178s][info][gc,phases      ] GC(55) Phase 1: Mark live objects 0.594ms
[2026-01-06T17:26:29.492+0800][0.178s][info][gc,phases,start] GC(55) Phase 2: Compute new object addresses
[2026-01-06T17:26:29.492+0800][0.178s][info][gc,phases      ] GC(55) Phase 2: Compute new object addresses 0.079ms
[2026-01-06T17:26:29.492+0800][0.178s][info][gc,phases,start] GC(55) Phase 3: Adjust pointers
[2026-01-06T17:26:29.493+0800][0.179s][info][gc,phases      ] GC(55) Phase 3: Adjust pointers 0.677ms
[2026-01-06T17:26:29.493+0800][0.179s][info][gc,phases,start] GC(55) Phase 4: Move objects
[2026-01-06T17:26:29.493+0800][0.179s][info][gc,phases      ] GC(55) Phase 4: Move objects 0.043ms
[2026-01-06T17:26:29.493+0800][0.179s][info][gc             ] GC(55) Pause Full (Allocation Failure) 133M->5M(247M) 1.426ms
[2026-01-06T17:26:29.493+0800][0.179s][info][gc,heap        ] GC(54) DefNew: 67960K->0K(78720K)
[2026-01-06T17:26:29.493+0800][0.179s][info][gc,heap        ] GC(54) Tenured: 135329K->5794K(174784K)
[2026-01-06T17:26:29.493+0800][0.179s][info][gc,metaspace   ] GC(54) Metaspace: 3673K(4864K)->3673K(4864K) NonClass: 3352K(4352K)->3352K(4352K) Class: 320K(512K)->320K(512K)
[2026-01-06T17:26:29.493+0800][0.179s][info][gc             ] GC(54) Pause Young (Allocation Failure) 198M->5M(247M) 1.533ms
[2026-01-06T17:26:29.493+0800][0.179s][info][gc,cpu         ] GC(54) User=0.00s Sys=0.00s Real=0.00s
[2026-01-06T17:26:29.495+0800][0.181s][info][gc,start       ] GC(56) Pause Young (Allocation Failure)
[2026-01-06T17:26:29.496+0800][0.181s][info][gc,start       ] GC(57) Pause Full (Allocation Failure)
[2026-01-06T17:26:29.496+0800][0.181s][info][gc,phases,start] GC(57) Phase 1: Mark live objects
[2026-01-06T17:26:29.496+0800][0.182s][info][gc,phases      ] GC(57) Phase 1: Mark live objects 0.691ms
[2026-01-06T17:26:29.496+0800][0.182s][info][gc,phases,start] GC(57) Phase 2: Compute new object addresses
[2026-01-06T17:26:29.496+0800][0.182s][info][gc,phases      ] GC(57) Phase 2: Compute new object addresses 0.081ms
[2026-01-06T17:26:29.496+0800][0.182s][info][gc,phases,start] GC(57) Phase 3: Adjust pointers
[2026-01-06T17:26:29.497+0800][0.183s][info][gc,phases      ] GC(57) Phase 3: Adjust pointers 0.704ms
[2026-01-06T17:26:29.497+0800][0.183s][info][gc,phases,start] GC(57) Phase 4: Move objects
[2026-01-06T17:26:29.497+0800][0.183s][info][gc,phases      ] GC(57) Phase 4: Move objects 0.045ms
[2026-01-06T17:26:29.497+0800][0.183s][info][gc             ] GC(57) Pause Full (Allocation Failure) 135M->4M(247M) 1.571ms
[2026-01-06T17:26:29.497+0800][0.183s][info][gc,heap        ] GC(56) DefNew: 67960K->0K(78720K)
[2026-01-06T17:26:29.497+0800][0.183s][info][gc,heap        ] GC(56) Tenured: 136866K->4257K(174784K)
[2026-01-06T17:26:29.497+0800][0.183s][info][gc,metaspace   ] GC(56) Metaspace: 3674K(4864K)->3674K(4864K) NonClass: 3354K(4352K)->3354K(4352K) Class: 320K(512K)->320K(512K)
[2026-01-06T17:26:29.497+0800][0.183s][info][gc             ] GC(56) Pause Young (Allocation Failure) 200M->4M(247M) 1.769ms
[2026-01-06T17:26:29.497+0800][0.183s][info][gc,cpu         ] GC(56) User=0.00s Sys=0.00s Real=0.00s
[2026-01-06T17:26:29.499+0800][0.185s][info][gc,start       ] GC(58) Pause Young (Allocation Failure)
[2026-01-06T17:26:29.499+0800][0.185s][info][gc,start       ] GC(59) Pause Full (Allocation Failure)
[2026-01-06T17:26:29.499+0800][0.185s][info][gc,phases,start] GC(59) Phase 1: Mark live objects
[2026-01-06T17:26:29.500+0800][0.185s][info][gc,phases      ] GC(59) Phase 1: Mark live objects 0.562ms
[2026-01-06T17:26:29.500+0800][0.185s][info][gc,phases,start] GC(59) Phase 2: Compute new object addresses
[2026-01-06T17:26:29.500+0800][0.185s][info][gc,phases      ] GC(59) Phase 2: Compute new object addresses 0.079ms
[2026-01-06T17:26:29.500+0800][0.185s][info][gc,phases,start] GC(59) Phase 3: Adjust pointers
[2026-01-06T17:26:29.501+0800][0.186s][info][gc,phases      ] GC(59) Phase 3: Adjust pointers 0.674ms
[2026-01-06T17:26:29.501+0800][0.186s][info][gc,phases,start] GC(59) Phase 4: Move objects
[2026-01-06T17:26:29.501+0800][0.186s][info][gc,phases      ] GC(59) Phase 4: Move objects 0.037ms
[2026-01-06T17:26:29.501+0800][0.186s][info][gc             ] GC(59) Pause Full (Allocation Failure) 133M->4M(247M) 1.381ms
[2026-01-06T17:26:29.501+0800][0.186s][info][gc,heap        ] GC(58) DefNew: 67960K->0K(78720K)
[2026-01-06T17:26:29.501+0800][0.186s][info][gc,heap        ] GC(58) Tenured: 135329K->4257K(174784K)
[2026-01-06T17:26:29.501+0800][0.186s][info][gc,metaspace   ] GC(58) Metaspace: 3675K(4864K)->3675K(4864K) NonClass: 3354K(4352K)->3354K(4352K) Class: 320K(512K)->320K(512K)
[2026-01-06T17:26:29.501+0800][0.186s][info][gc             ] GC(58) Pause Young (Allocation Failure) 198M->4M(247M) 1.492ms
[2026-01-06T17:26:29.501+0800][0.186s][info][gc,cpu         ] GC(58) User=0.00s Sys=0.00s Real=0.01s
[2026-01-06T17:26:29.502+0800][0.188s][info][gc,start       ] GC(60) Pause Young (Allocation Failure)
[2026-01-06T17:26:29.502+0800][0.188s][info][gc,start       ] GC(61) Pause Full (Allocation Failure)
[2026-01-06T17:26:29.503+0800][0.188s][info][gc,phases,start] GC(61) Phase 1: Mark live objects
[2026-01-06T17:26:29.503+0800][0.189s][info][gc,phases      ] GC(61) Phase 1: Mark live objects 0.517ms
[2026-01-06T17:26:29.503+0800][0.189s][info][gc,phases,start] GC(61) Phase 2: Compute new object addresses
[2026-01-06T17:26:29.503+0800][0.189s][info][gc,phases      ] GC(61) Phase 2: Compute new object addresses 0.080ms
[2026-01-06T17:26:29.503+0800][0.189s][info][gc,phases,start] GC(61) Phase 3: Adjust pointers
[2026-01-06T17:26:29.504+0800][0.189s][info][gc,phases      ] GC(61) Phase 3: Adjust pointers 0.664ms
[2026-01-06T17:26:29.504+0800][0.189s][info][gc,phases,start] GC(61) Phase 4: Move objects
[2026-01-06T17:26:29.504+0800][0.189s][info][gc,phases      ] GC(61) Phase 4: Move objects 0.037ms
[2026-01-06T17:26:29.504+0800][0.189s][info][gc             ] GC(61) Pause Full (Allocation Failure) 133M->4M(247M) 1.326ms
[2026-01-06T17:26:29.504+0800][0.189s][info][gc,heap        ] GC(60) DefNew: 67960K->0K(78720K)
[2026-01-06T17:26:29.504+0800][0.189s][info][gc,heap        ] GC(60) Tenured: 135329K->4257K(174784K)
[2026-01-06T17:26:29.504+0800][0.189s][info][gc,metaspace   ] GC(60) Metaspace: 3675K(4864K)->3675K(4864K) NonClass: 3354K(4352K)->3354K(4352K) Class: 320K(512K)->320K(512K)
[2026-01-06T17:26:29.504+0800][0.189s][info][gc             ] GC(60) Pause Young (Allocation Failure) 198M->4M(247M) 1.423ms
[2026-01-06T17:26:29.504+0800][0.189s][info][gc,cpu         ] GC(60) User=0.00s Sys=0.00s Real=0.00s
[2026-01-06T17:26:29.506+0800][0.191s][info][gc,start       ] GC(62) Pause Young (Allocation Failure)
[2026-01-06T17:26:29.506+0800][0.191s][info][gc,start       ] GC(63) Pause Full (Allocation Failure)
[2026-01-06T17:26:29.506+0800][0.191s][info][gc,phases,start] GC(63) Phase 1: Mark live objects
[2026-01-06T17:26:29.506+0800][0.192s][info][gc,phases      ] GC(63) Phase 1: Mark live objects 0.492ms
[2026-01-06T17:26:29.506+0800][0.192s][info][gc,phases,start] GC(63) Phase 2: Compute new object addresses
[2026-01-06T17:26:29.506+0800][0.192s][info][gc,phases      ] GC(63) Phase 2: Compute new object addresses 0.075ms
[2026-01-06T17:26:29.506+0800][0.192s][info][gc,phases,start] GC(63) Phase 3: Adjust pointers
[2026-01-06T17:26:29.507+0800][0.193s][info][gc,phases      ] GC(63) Phase 3: Adjust pointers 0.659ms
[2026-01-06T17:26:29.507+0800][0.193s][info][gc,phases,start] GC(63) Phase 4: Move objects
[2026-01-06T17:26:29.507+0800][0.193s][info][gc,phases      ] GC(63) Phase 4: Move objects 0.038ms
[2026-01-06T17:26:29.507+0800][0.193s][info][gc             ] GC(63) Pause Full (Allocation Failure) 133M->4M(247M) 1.289ms
[2026-01-06T17:26:29.507+0800][0.193s][info][gc,heap        ] GC(62) DefNew: 67960K->0K(78720K)
[2026-01-06T17:26:29.507+0800][0.193s][info][gc,heap        ] GC(62) Tenured: 135329K->4257K(174784K)
[2026-01-06T17:26:29.507+0800][0.193s][info][gc,metaspace   ] GC(62) Metaspace: 3675K(4864K)->3675K(4864K) NonClass: 3354K(4352K)->3354K(4352K) Class: 320K(512K)->320K(512K)
[2026-01-06T17:26:29.507+0800][0.193s][info][gc             ] GC(62) Pause Young (Allocation Failure) 198M->4M(247M) 1.385ms
[2026-01-06T17:26:29.507+0800][0.193s][info][gc,cpu         ] GC(62) User=0.00s Sys=0.00s Real=0.00s
[2026-01-06T17:26:29.509+0800][0.194s][info][gc,start       ] GC(64) Pause Young (Allocation Failure)
[2026-01-06T17:26:29.509+0800][0.195s][info][gc,start       ] GC(65) Pause Full (Allocation Failure)
[2026-01-06T17:26:29.509+0800][0.195s][info][gc,phases,start] GC(65) Phase 1: Mark live objects
[2026-01-06T17:26:29.510+0800][0.195s][info][gc,phases      ] GC(65) Phase 1: Mark live objects 0.542ms
[2026-01-06T17:26:29.510+0800][0.195s][info][gc,phases,start] GC(65) Phase 2: Compute new object addresses
[2026-01-06T17:26:29.510+0800][0.195s][info][gc,phases      ] GC(65) Phase 2: Compute new object addresses 0.075ms
[2026-01-06T17:26:29.510+0800][0.195s][info][gc,phases,start] GC(65) Phase 3: Adjust pointers
[2026-01-06T17:26:29.510+0800][0.196s][info][gc,phases      ] GC(65) Phase 3: Adjust pointers 0.655ms
[2026-01-06T17:26:29.510+0800][0.196s][info][gc,phases,start] GC(65) Phase 4: Move objects
[2026-01-06T17:26:29.510+0800][0.196s][info][gc,phases      ] GC(65) Phase 4: Move objects 0.036ms
[2026-01-06T17:26:29.510+0800][0.196s][info][gc             ] GC(65) Pause Full (Allocation Failure) 133M->4M(247M) 1.336ms
[2026-01-06T17:26:29.510+0800][0.196s][info][gc,heap        ] GC(64) DefNew: 67960K->0K(78720K)
[2026-01-06T17:26:29.510+0800][0.196s][info][gc,heap        ] GC(64) Tenured: 135329K->4257K(174784K)
[2026-01-06T17:26:29.510+0800][0.196s][info][gc,metaspace   ] GC(64) Metaspace: 3675K(4864K)->3675K(4864K) NonClass: 3354K(4352K)->3354K(4352K) Class: 320K(512K)->320K(512K)
[2026-01-06T17:26:29.510+0800][0.196s][info][gc             ] GC(64) Pause Young (Allocation Failure) 198M->4M(247M) 1.434ms
[2026-01-06T17:26:29.510+0800][0.196s][info][gc,cpu         ] GC(64) User=0.00s Sys=0.00s Real=0.01s
[2026-01-06T17:26:29.512+0800][0.198s][info][gc,start       ] GC(66) Pause Young (Allocation Failure)
[2026-01-06T17:26:29.512+0800][0.198s][info][gc,start       ] GC(67) Pause Full (Allocation Failure)
[2026-01-06T17:26:29.512+0800][0.198s][info][gc,phases,start] GC(67) Phase 1: Mark live objects
[2026-01-06T17:26:29.513+0800][0.198s][info][gc,phases      ] GC(67) Phase 1: Mark live objects 0.474ms
[2026-01-06T17:26:29.513+0800][0.198s][info][gc,phases,start] GC(67) Phase 2: Compute new object addresses
[2026-01-06T17:26:29.513+0800][0.198s][info][gc,phases      ] GC(67) Phase 2: Compute new object addresses 0.073ms
[2026-01-06T17:26:29.513+0800][0.198s][info][gc,phases,start] GC(67) Phase 3: Adjust pointers
[2026-01-06T17:26:29.513+0800][0.199s][info][gc,phases      ] GC(67) Phase 3: Adjust pointers 0.649ms
[2026-01-06T17:26:29.513+0800][0.199s][info][gc,phases,start] GC(67) Phase 4: Move objects
[2026-01-06T17:26:29.514+0800][0.199s][info][gc,phases      ] GC(67) Phase 4: Move objects 0.041ms
[2026-01-06T17:26:29.514+0800][0.199s][info][gc             ] GC(67) Pause Full (Allocation Failure) 133M->4M(247M) 1.267ms
[2026-01-06T17:26:29.514+0800][0.199s][info][gc,heap        ] GC(66) DefNew: 67960K->0K(78720K)
[2026-01-06T17:26:29.514+0800][0.199s][info][gc,heap        ] GC(66) Tenured: 135329K->4257K(174784K)
[2026-01-06T17:26:29.514+0800][0.199s][info][gc,metaspace   ] GC(66) Metaspace: 3675K(4864K)->3675K(4864K) NonClass: 3354K(4352K)->3354K(4352K) Class: 320K(512K)->320K(512K)
[2026-01-06T17:26:29.514+0800][0.199s][info][gc             ] GC(66) Pause Young (Allocation Failure) 198M->4M(247M) 1.367ms
[2026-01-06T17:26:29.514+0800][0.199s][info][gc,cpu         ] GC(66) User=0.00s Sys=0.00s Real=0.00s
[2026-01-06T17:26:29.515+0800][0.201s][info][gc,start       ] GC(68) Pause Young (Allocation Failure)
[2026-01-06T17:26:29.516+0800][0.201s][info][gc,start       ] GC(69) Pause Full (Allocation Failure)
[2026-01-06T17:26:29.516+0800][0.201s][info][gc,phases,start] GC(69) Phase 1: Mark live objects
[2026-01-06T17:26:29.516+0800][0.202s][info][gc,phases      ] GC(69) Phase 1: Mark live objects 0.471ms
[2026-01-06T17:26:29.516+0800][0.202s][info][gc,phases,start] GC(69) Phase 2: Compute new object addresses
[2026-01-06T17:26:29.516+0800][0.202s][info][gc,phases      ] GC(69) Phase 2: Compute new object addresses 0.071ms
[2026-01-06T17:26:29.516+0800][0.202s][info][gc,phases,start] GC(69) Phase 3: Adjust pointers
[2026-01-06T17:26:29.517+0800][0.202s][info][gc,phases      ] GC(69) Phase 3: Adjust pointers 0.652ms
[2026-01-06T17:26:29.517+0800][0.202s][info][gc,phases,start] GC(69) Phase 4: Move objects
[2026-01-06T17:26:29.517+0800][0.202s][info][gc,phases      ] GC(69) Phase 4: Move objects 0.041ms
[2026-01-06T17:26:29.517+0800][0.202s][info][gc             ] GC(69) Pause Full (Allocation Failure) 133M->4M(247M) 1.259ms
[2026-01-06T17:26:29.517+0800][0.202s][info][gc,heap        ] GC(68) DefNew: 67960K->0K(78720K)
[2026-01-06T17:26:29.517+0800][0.202s][info][gc,heap        ] GC(68) Tenured: 135329K->4257K(174784K)
[2026-01-06T17:26:29.517+0800][0.202s][info][gc,metaspace   ] GC(68) Metaspace: 3676K(4864K)->3676K(4864K) NonClass: 3355K(4352K)->3355K(4352K) Class: 320K(512K)->320K(512K)
[2026-01-06T17:26:29.517+0800][0.202s][info][gc             ] GC(68) Pause Young (Allocation Failure) 198M->4M(247M) 1.354ms
[2026-01-06T17:26:29.517+0800][0.202s][info][gc,cpu         ] GC(68) User=0.00s Sys=0.00s Real=0.00s
[2026-01-06T17:26:29.519+0800][0.204s][info][gc,start       ] GC(70) Pause Young (Allocation Failure)
[2026-01-06T17:26:29.519+0800][0.204s][info][gc,start       ] GC(71) Pause Full (Allocation Failure)
[2026-01-06T17:26:29.519+0800][0.204s][info][gc,phases,start] GC(71) Phase 1: Mark live objects
[2026-01-06T17:26:29.519+0800][0.205s][info][gc,phases      ] GC(71) Phase 1: Mark live objects 0.468ms
[2026-01-06T17:26:29.519+0800][0.205s][info][gc,phases,start] GC(71) Phase 2: Compute new object addresses
[2026-01-06T17:26:29.519+0800][0.205s][info][gc,phases      ] GC(71) Phase 2: Compute new object addresses 0.076ms
[2026-01-06T17:26:29.519+0800][0.205s][info][gc,phases,start] GC(71) Phase 3: Adjust pointers
[2026-01-06T17:26:29.520+0800][0.206s][info][gc,phases      ] GC(71) Phase 3: Adjust pointers 0.651ms
[2026-01-06T17:26:29.520+0800][0.206s][info][gc,phases,start] GC(71) Phase 4: Move objects
[2026-01-06T17:26:29.520+0800][0.206s][info][gc,phases      ] GC(71) Phase 4: Move objects 0.041ms
[2026-01-06T17:26:29.520+0800][0.206s][info][gc             ] GC(71) Pause Full (Allocation Failure) 133M->4M(247M) 1.266ms
[2026-01-06T17:26:29.520+0800][0.206s][info][gc,heap        ] GC(70) DefNew: 67960K->0K(78720K)
[2026-01-06T17:26:29.520+0800][0.206s][info][gc,heap        ] GC(70) Tenured: 135329K->4257K(174784K)
[2026-01-06T17:26:29.520+0800][0.206s][info][gc,metaspace   ] GC(70) Metaspace: 3676K(4864K)->3676K(4864K) NonClass: 3355K(4352K)->3355K(4352K) Class: 320K(512K)->320K(512K)
[2026-01-06T17:26:29.520+0800][0.206s][info][gc             ] GC(70) Pause Young (Allocation Failure) 198M->4M(247M) 1.359ms
[2026-01-06T17:26:29.520+0800][0.206s][info][gc,cpu         ] GC(70) User=0.00s Sys=0.00s Real=0.01s
[2026-01-06T17:26:29.522+0800][0.207s][info][gc,start       ] GC(72) Pause Young (Allocation Failure)
[2026-01-06T17:26:29.522+0800][0.207s][info][gc,start       ] GC(73) Pause Full (Allocation Failure)
[2026-01-06T17:26:29.522+0800][0.207s][info][gc,phases,start] GC(73) Phase 1: Mark live objects
[2026-01-06T17:26:29.522+0800][0.208s][info][gc,phases      ] GC(73) Phase 1: Mark live objects 0.461ms
[2026-01-06T17:26:29.522+0800][0.208s][info][gc,phases,start] GC(73) Phase 2: Compute new object addresses
[2026-01-06T17:26:29.522+0800][0.208s][info][gc,phases      ] GC(73) Phase 2: Compute new object addresses 0.071ms
[2026-01-06T17:26:29.522+0800][0.208s][info][gc,phases,start] GC(73) Phase 3: Adjust pointers
[2026-01-06T17:26:29.523+0800][0.209s][info][gc,phases      ] GC(73) Phase 3: Adjust pointers 0.651ms
[2026-01-06T17:26:29.523+0800][0.209s][info][gc,phases,start] GC(73) Phase 4: Move objects
[2026-01-06T17:26:29.523+0800][0.209s][info][gc,phases      ] GC(73) Phase 4: Move objects 0.041ms
[2026-01-06T17:26:29.523+0800][0.209s][info][gc             ] GC(73) Pause Full (Allocation Failure) 133M->4M(247M) 1.246ms
[2026-01-06T17:26:29.523+0800][0.209s][info][gc,heap        ] GC(72) DefNew: 67960K->0K(78720K)
[2026-01-06T17:26:29.523+0800][0.209s][info][gc,heap        ] GC(72) Tenured: 135329K->4257K(174784K)
[2026-01-06T17:26:29.523+0800][0.209s][info][gc,metaspace   ] GC(72) Metaspace: 3676K(4864K)->3676K(4864K) NonClass: 3355K(4352K)->3355K(4352K) Class: 320K(512K)->320K(512K)
[2026-01-06T17:26:29.523+0800][0.209s][info][gc             ] GC(72) Pause Young (Allocation Failure) 198M->4M(247M) 1.338ms
[2026-01-06T17:26:29.523+0800][0.209s][info][gc,cpu         ] GC(72) User=0.00s Sys=0.00s Real=0.00s
[2026-01-06T17:26:29.525+0800][0.211s][info][gc,start       ] GC(74) Pause Young (Allocation Failure)
[2026-01-06T17:26:29.525+0800][0.211s][info][gc,start       ] GC(75) Pause Full (Allocation Failure)
[2026-01-06T17:26:29.525+0800][0.211s][info][gc,phases,start] GC(75) Phase 1: Mark live objects
[2026-01-06T17:26:29.526+0800][0.211s][info][gc,phases      ] GC(75) Phase 1: Mark live objects 0.461ms
[2026-01-06T17:26:29.526+0800][0.211s][info][gc,phases,start] GC(75) Phase 2: Compute new object addresses
[2026-01-06T17:26:29.526+0800][0.211s][info][gc,phases      ] GC(75) Phase 2: Compute new object addresses 0.071ms
[2026-01-06T17:26:29.526+0800][0.211s][info][gc,phases,start] GC(75) Phase 3: Adjust pointers
[2026-01-06T17:26:29.526+0800][0.212s][info][gc,phases      ] GC(75) Phase 3: Adjust pointers 0.653ms
[2026-01-06T17:26:29.526+0800][0.212s][info][gc,phases,start] GC(75) Phase 4: Move objects
[2026-01-06T17:26:29.526+0800][0.212s][info][gc,phases      ] GC(75) Phase 4: Move objects 0.038ms
[2026-01-06T17:26:29.526+0800][0.212s][info][gc             ] GC(75) Pause Full (Allocation Failure) 133M->4M(247M) 1.246ms
[2026-01-06T17:26:29.526+0800][0.212s][info][gc,heap        ] GC(74) DefNew: 67960K->0K(78720K)
[2026-01-06T17:26:29.526+0800][0.212s][info][gc,heap        ] GC(74) Tenured: 135329K->4257K(174784K)
[2026-01-06T17:26:29.526+0800][0.212s][info][gc,metaspace   ] GC(74) Metaspace: 3676K(4864K)->3676K(4864K) NonClass: 3355K(4352K)->3355K(4352K) Class: 320K(512K)->320K(512K)
[2026-01-06T17:26:29.526+0800][0.212s][info][gc             ] GC(74) Pause Young (Allocation Failure) 198M->4M(247M) 1.338ms
[2026-01-06T17:26:29.526+0800][0.212s][info][gc,cpu         ] GC(74) User=0.00s Sys=0.00s Real=0.00s
[2026-01-06T17:26:29.528+0800][0.214s][info][gc,start       ] GC(76) Pause Young (Allocation Failure)
[2026-01-06T17:26:29.528+0800][0.214s][info][gc,start       ] GC(77) Pause Full (Allocation Failure)
[2026-01-06T17:26:29.528+0800][0.214s][info][gc,phases,start] GC(77) Phase 1: Mark live objects
[2026-01-06T17:26:29.529+0800][0.214s][info][gc,phases      ] GC(77) Phase 1: Mark live objects 0.461ms
[2026-01-06T17:26:29.529+0800][0.214s][info][gc,phases,start] GC(77) Phase 2: Compute new object addresses
[2026-01-06T17:26:29.529+0800][0.214s][info][gc,phases      ] GC(77) Phase 2: Compute new object addresses 0.074ms
[2026-01-06T17:26:29.529+0800][0.214s][info][gc,phases,start] GC(77) Phase 3: Adjust pointers
[2026-01-06T17:26:29.529+0800][0.215s][info][gc,phases      ] GC(77) Phase 3: Adjust pointers 0.653ms
[2026-01-06T17:26:29.529+0800][0.215s][info][gc,phases,start] GC(77) Phase 4: Move objects
[2026-01-06T17:26:29.529+0800][0.215s][info][gc,phases      ] GC(77) Phase 4: Move objects 0.038ms
[2026-01-06T17:26:29.529+0800][0.215s][info][gc             ] GC(77) Pause Full (Allocation Failure) 133M->4M(247M) 1.248ms
[2026-01-06T17:26:29.529+0800][0.215s][info][gc,heap        ] GC(76) DefNew: 67960K->0K(78720K)
[2026-01-06T17:26:29.529+0800][0.215s][info][gc,heap        ] GC(76) Tenured: 135329K->4257K(174784K)
[2026-01-06T17:26:29.529+0800][0.215s][info][gc,metaspace   ] GC(76) Metaspace: 3676K(4864K)->3676K(4864K) NonClass: 3355K(4352K)->3355K(4352K) Class: 320K(512K)->320K(512K)
[2026-01-06T17:26:29.529+0800][0.215s][info][gc             ] GC(76) Pause Young (Allocation Failure) 198M->4M(247M) 1.328ms
[2026-01-06T17:26:29.529+0800][0.215s][info][gc,cpu         ] GC(76) User=0.00s Sys=0.00s Real=0.00s
[2026-01-06T17:26:29.531+0800][0.217s][info][gc,start       ] GC(78) Pause Young (Allocation Failure)
[2026-01-06T17:26:29.531+0800][0.217s][info][gc,start       ] GC(79) Pause Full (Allocation Failure)
[2026-01-06T17:26:29.531+0800][0.217s][info][gc,phases,start] GC(79) Phase 1: Mark live objects
[2026-01-06T17:26:29.532+0800][0.217s][info][gc,phases      ] GC(79) Phase 1: Mark live objects 0.460ms
[2026-01-06T17:26:29.532+0800][0.217s][info][gc,phases,start] GC(79) Phase 2: Compute new object addresses
[2026-01-06T17:26:29.532+0800][0.217s][info][gc,phases      ] GC(79) Phase 2: Compute new object addresses 0.071ms
[2026-01-06T17:26:29.532+0800][0.217s][info][gc,phases,start] GC(79) Phase 3: Adjust pointers
[2026-01-06T17:26:29.532+0800][0.218s][info][gc,phases      ] GC(79) Phase 3: Adjust pointers 0.652ms
[2026-01-06T17:26:29.532+0800][0.218s][info][gc,phases,start] GC(79) Phase 4: Move objects
[2026-01-06T17:26:29.532+0800][0.218s][info][gc,phases      ] GC(79) Phase 4: Move objects 0.034ms
[2026-01-06T17:26:29.532+0800][0.218s][info][gc             ] GC(79) Pause Full (Allocation Failure) 133M->4M(247M) 1.240ms
[2026-01-06T17:26:29.532+0800][0.218s][info][gc,heap        ] GC(78) DefNew: 67960K->0K(78720K)
[2026-01-06T17:26:29.532+0800][0.218s][info][gc,heap        ] GC(78) Tenured: 135329K->4257K(174784K)
[2026-01-06T17:26:29.532+0800][0.218s][info][gc,metaspace   ] GC(78) Metaspace: 3676K(4864K)->3676K(4864K) NonClass: 3355K(4352K)->3355K(4352K) Class: 320K(512K)->320K(512K)
[2026-01-06T17:26:29.532+0800][0.218s][info][gc             ] GC(78) Pause Young (Allocation Failure) 198M->4M(247M) 1.316ms
[2026-01-06T17:26:29.532+0800][0.218s][info][gc,cpu         ] GC(78) User=0.00s Sys=0.01s Real=0.00s
[2026-01-06T17:26:29.534+0800][0.220s][info][gc,start       ] GC(80) Pause Young (Allocation Failure)
[2026-01-06T17:26:29.534+0800][0.220s][info][gc,start       ] GC(81) Pause Full (Allocation Failure)
[2026-01-06T17:26:29.534+0800][0.220s][info][gc,phases,start] GC(81) Phase 1: Mark live objects
[2026-01-06T17:26:29.535+0800][0.220s][info][gc,phases      ] GC(81) Phase 1: Mark live objects 0.474ms
[2026-01-06T17:26:29.535+0800][0.220s][info][gc,phases,start] GC(81) Phase 2: Compute new object addresses
[2026-01-06T17:26:29.535+0800][0.220s][info][gc,phases      ] GC(81) Phase 2: Compute new object addresses 0.076ms
[2026-01-06T17:26:29.535+0800][0.221s][info][gc,phases,start] GC(81) Phase 3: Adjust pointers
[2026-01-06T17:26:29.536+0800][0.221s][info][gc,phases      ] GC(81) Phase 3: Adjust pointers 0.656ms
[2026-01-06T17:26:29.536+0800][0.221s][info][gc,phases,start] GC(81) Phase 4: Move objects
[2026-01-06T17:26:29.536+0800][0.221s][info][gc,phases      ] GC(81) Phase 4: Move objects 0.034ms
[2026-01-06T17:26:29.536+0800][0.221s][info][gc             ] GC(81) Pause Full (Allocation Failure) 133M->4M(247M) 1.272ms
[2026-01-06T17:26:29.536+0800][0.221s][info][gc,heap        ] GC(80) DefNew: 67960K->0K(78720K)
[2026-01-06T17:26:29.536+0800][0.221s][info][gc,heap        ] GC(80) Tenured: 135329K->4257K(174784K)
[2026-01-06T17:26:29.536+0800][0.221s][info][gc,metaspace   ] GC(80) Metaspace: 3676K(4864K)->3676K(4864K) NonClass: 3355K(4352K)->3355K(4352K) Class: 320K(512K)->320K(512K)
[2026-01-06T17:26:29.536+0800][0.221s][info][gc             ] GC(80) Pause Young (Allocation Failure) 198M->4M(247M) 1.366ms
[2026-01-06T17:26:29.536+0800][0.221s][info][gc,cpu         ] GC(80) User=0.00s Sys=0.00s Real=0.00s
[2026-01-06T17:26:29.537+0800][0.223s][info][gc,start       ] GC(82) Pause Young (Allocation Failure)
[2026-01-06T17:26:29.537+0800][0.223s][info][gc,start       ] GC(83) Pause Full (Allocation Failure)
[2026-01-06T17:26:29.537+0800][0.223s][info][gc,phases,start] GC(83) Phase 1: Mark live objects
[2026-01-06T17:26:29.538+0800][0.224s][info][gc,phases      ] GC(83) Phase 1: Mark live objects 0.533ms
[2026-01-06T17:26:29.538+0800][0.224s][info][gc,phases,start] GC(83) Phase 2: Compute new object addresses
[2026-01-06T17:26:29.538+0800][0.224s][info][gc,phases      ] GC(83) Phase 2: Compute new object addresses 0.075ms
[2026-01-06T17:26:29.538+0800][0.224s][info][gc,phases,start] GC(83) Phase 3: Adjust pointers
[2026-01-06T17:26:29.539+0800][0.224s][info][gc,phases      ] GC(83) Phase 3: Adjust pointers 0.666ms
[2026-01-06T17:26:29.539+0800][0.224s][info][gc,phases,start] GC(83) Phase 4: Move objects
[2026-01-06T17:26:29.539+0800][0.224s][info][gc,phases      ] GC(83) Phase 4: Move objects 0.035ms
[2026-01-06T17:26:29.539+0800][0.224s][info][gc             ] GC(83) Pause Full (Allocation Failure) 133M->4M(247M) 1.333ms
[2026-01-06T17:26:29.539+0800][0.224s][info][gc,heap        ] GC(82) DefNew: 67960K->0K(78720K)
[2026-01-06T17:26:29.539+0800][0.224s][info][gc,heap        ] GC(82) Tenured: 135329K->4257K(174784K)
[2026-01-06T17:26:29.539+0800][0.224s][info][gc,metaspace   ] GC(82) Metaspace: 3676K(4864K)->3676K(4864K) NonClass: 3355K(4352K)->3355K(4352K) Class: 320K(512K)->320K(512K)
[2026-01-06T17:26:29.539+0800][0.224s][info][gc             ] GC(82) Pause Young (Allocation Failure) 198M->4M(247M) 1.415ms
[2026-01-06T17:26:29.539+0800][0.224s][info][gc,cpu         ] GC(82) User=0.00s Sys=0.00s Real=0.00s
[2026-01-06T17:26:29.541+0800][0.226s][info][gc,start       ] GC(84) Pause Young (Allocation Failure)
[2026-01-06T17:26:29.541+0800][0.226s][info][gc,start       ] GC(85) Pause Full (Allocation Failure)
[2026-01-06T17:26:29.541+0800][0.226s][info][gc,phases,start] GC(85) Phase 1: Mark live objects
[2026-01-06T17:26:29.541+0800][0.227s][info][gc,phases      ] GC(85) Phase 1: Mark live objects 0.522ms
[2026-01-06T17:26:29.541+0800][0.227s][info][gc,phases,start] GC(85) Phase 2: Compute new object addresses
[2026-01-06T17:26:29.541+0800][0.227s][info][gc,phases      ] GC(85) Phase 2: Compute new object addresses 0.075ms
[2026-01-06T17:26:29.541+0800][0.227s][info][gc,phases,start] GC(85) Phase 3: Adjust pointers
[2026-01-06T17:26:29.542+0800][0.228s][info][gc,phases      ] GC(85) Phase 3: Adjust pointers 0.662ms
[2026-01-06T17:26:29.542+0800][0.228s][info][gc,phases,start] GC(85) Phase 4: Move objects
[2026-01-06T17:26:29.542+0800][0.228s][info][gc,phases      ] GC(85) Phase 4: Move objects 0.032ms
[2026-01-06T17:26:29.542+0800][0.228s][info][gc             ] GC(85) Pause Full (Allocation Failure) 133M->4M(247M) 1.314ms
[2026-01-06T17:26:29.542+0800][0.228s][info][gc,heap        ] GC(84) DefNew: 67960K->0K(78720K)
[2026-01-06T17:26:29.542+0800][0.228s][info][gc,heap        ] GC(84) Tenured: 135329K->4257K(174784K)
[2026-01-06T17:26:29.542+0800][0.228s][info][gc,metaspace   ] GC(84) Metaspace: 3676K(4864K)->3676K(4864K) NonClass: 3355K(4352K)->3355K(4352K) Class: 320K(512K)->320K(512K)
[2026-01-06T17:26:29.542+0800][0.228s][info][gc             ] GC(84) Pause Young (Allocation Failure) 198M->4M(247M) 1.396ms
[2026-01-06T17:26:29.542+0800][0.228s][info][gc,cpu         ] GC(84) User=0.01s Sys=0.00s Real=0.00s
[2026-01-06T17:26:29.544+0800][0.229s][info][gc,start       ] GC(86) Pause Young (Allocation Failure)
[2026-01-06T17:26:29.544+0800][0.229s][info][gc,start       ] GC(87) Pause Full (Allocation Failure)
[2026-01-06T17:26:29.544+0800][0.229s][info][gc,phases,start] GC(87) Phase 1: Mark live objects
[2026-01-06T17:26:29.544+0800][0.230s][info][gc,phases      ] GC(87) Phase 1: Mark live objects 0.492ms
[2026-01-06T17:26:29.544+0800][0.230s][info][gc,phases,start] GC(87) Phase 2: Compute new object addresses
[2026-01-06T17:26:29.544+0800][0.230s][info][gc,phases      ] GC(87) Phase 2: Compute new object addresses 0.074ms
[2026-01-06T17:26:29.544+0800][0.230s][info][gc,phases,start] GC(87) Phase 3: Adjust pointers
[2026-01-06T17:26:29.545+0800][0.231s][info][gc,phases      ] GC(87) Phase 3: Adjust pointers 0.659ms
[2026-01-06T17:26:29.545+0800][0.231s][info][gc,phases,start] GC(87) Phase 4: Move objects
[2026-01-06T17:26:29.545+0800][0.231s][info][gc,phases      ] GC(87) Phase 4: Move objects 0.031ms
[2026-01-06T17:26:29.545+0800][0.231s][info][gc             ] GC(87) Pause Full (Allocation Failure) 133M->4M(247M) 1.285ms
[2026-01-06T17:26:29.545+0800][0.231s][info][gc,heap        ] GC(86) DefNew: 67960K->0K(78720K)
[2026-01-06T17:26:29.545+0800][0.231s][info][gc,heap        ] GC(86) Tenured: 135329K->4257K(174784K)
[2026-01-06T17:26:29.545+0800][0.231s][info][gc,metaspace   ] GC(86) Metaspace: 3676K(4864K)->3676K(4864K) NonClass: 3355K(4352K)->3355K(4352K) Class: 320K(512K)->320K(512K)
[2026-01-06T17:26:29.545+0800][0.231s][info][gc             ] GC(86) Pause Young (Allocation Failure) 198M->4M(247M) 1.366ms
[2026-01-06T17:26:29.545+0800][0.231s][info][gc,cpu         ] GC(86) User=0.00s Sys=0.00s Real=0.00s
[2026-01-06T17:26:29.547+0800][0.232s][info][gc,start       ] GC(88) Pause Young (Allocation Failure)
[2026-01-06T17:26:29.547+0800][0.233s][info][gc,start       ] GC(89) Pause Full (Allocation Failure)
[2026-01-06T17:26:29.547+0800][0.233s][info][gc,phases,start] GC(89) Phase 1: Mark live objects
[2026-01-06T17:26:29.547+0800][0.233s][info][gc,phases      ] GC(89) Phase 1: Mark live objects 0.478ms
[2026-01-06T17:26:29.547+0800][0.233s][info][gc,phases,start] GC(89) Phase 2: Compute new object addresses
[2026-01-06T17:26:29.547+0800][0.233s][info][gc,phases      ] GC(89) Phase 2: Compute new object addresses 0.072ms
[2026-01-06T17:26:29.547+0800][0.233s][info][gc,phases,start] GC(89) Phase 3: Adjust pointers
[2026-01-06T17:26:29.548+0800][0.234s][info][gc,phases      ] GC(89) Phase 3: Adjust pointers 0.655ms
[2026-01-06T17:26:29.548+0800][0.234s][info][gc,phases,start] GC(89) Phase 4: Move objects
[2026-01-06T17:26:29.548+0800][0.234s][info][gc,phases      ] GC(89) Phase 4: Move objects 0.033ms
[2026-01-06T17:26:29.548+0800][0.234s][info][gc             ] GC(89) Pause Full (Allocation Failure) 133M->4M(247M) 1.261ms
[2026-01-06T17:26:29.548+0800][0.234s][info][gc,heap        ] GC(88) DefNew: 67960K->0K(78720K)
[2026-01-06T17:26:29.548+0800][0.234s][info][gc,heap        ] GC(88) Tenured: 135329K->4257K(174784K)
[2026-01-06T17:26:29.548+0800][0.234s][info][gc,metaspace   ] GC(88) Metaspace: 3676K(4864K)->3676K(4864K) NonClass: 3355K(4352K)->3355K(4352K) Class: 320K(512K)->320K(512K)
[2026-01-06T17:26:29.548+0800][0.234s][info][gc             ] GC(88) Pause Young (Allocation Failure) 198M->4M(247M) 1.339ms
[2026-01-06T17:26:29.548+0800][0.234s][info][gc,cpu         ] GC(88) User=0.00s Sys=0.00s Real=0.00s
[2026-01-06T17:26:29.550+0800][0.236s][info][gc,start       ] GC(90) Pause Young (Allocation Failure)
[2026-01-06T17:26:29.550+0800][0.236s][info][gc,start       ] GC(91) Pause Full (Allocation Failure)
[2026-01-06T17:26:29.550+0800][0.236s][info][gc,phases,start] GC(91) Phase 1: Mark live objects
[2026-01-06T17:26:29.551+0800][0.236s][info][gc,phases      ] GC(91) Phase 1: Mark live objects 0.520ms
[2026-01-06T17:26:29.551+0800][0.236s][info][gc,phases,start] GC(91) Phase 2: Compute new object addresses
[2026-01-06T17:26:29.551+0800][0.236s][info][gc,phases      ] GC(91) Phase 2: Compute new object addresses 0.078ms
[2026-01-06T17:26:29.551+0800][0.236s][info][gc,phases,start] GC(91) Phase 3: Adjust pointers
[2026-01-06T17:26:29.551+0800][0.237s][info][gc,phases      ] GC(91) Phase 3: Adjust pointers 0.652ms
[2026-01-06T17:26:29.551+0800][0.237s][info][gc,phases,start] GC(91) Phase 4: Move objects
[2026-01-06T17:26:29.551+0800][0.237s][info][gc,phases      ] GC(91) Phase 4: Move objects 0.036ms
[2026-01-06T17:26:29.551+0800][0.237s][info][gc             ] GC(91) Pause Full (Allocation Failure) 133M->4M(247M) 1.308ms
[2026-01-06T17:26:29.551+0800][0.237s][info][gc,heap        ] GC(90) DefNew: 67960K->0K(78720K)
[2026-01-06T17:26:29.551+0800][0.237s][info][gc,heap        ] GC(90) Tenured: 135329K->4257K(174784K)
[2026-01-06T17:26:29.551+0800][0.237s][info][gc,metaspace   ] GC(90) Metaspace: 3676K(4864K)->3676K(4864K) NonClass: 3355K(4352K)->3355K(4352K) Class: 320K(512K)->320K(512K)
[2026-01-06T17:26:29.551+0800][0.237s][info][gc             ] GC(90) Pause Young (Allocation Failure) 198M->4M(247M) 1.390ms
[2026-01-06T17:26:29.551+0800][0.237s][info][gc,cpu         ] GC(90) User=0.01s Sys=0.00s Real=0.00s
[2026-01-06T17:26:29.553+0800][0.239s][info][gc,start       ] GC(92) Pause Young (Allocation Failure)
[2026-01-06T17:26:29.553+0800][0.239s][info][gc,start       ] GC(93) Pause Full (Allocation Failure)
[2026-01-06T17:26:29.553+0800][0.239s][info][gc,phases,start] GC(93) Phase 1: Mark live objects
[2026-01-06T17:26:29.554+0800][0.239s][info][gc,phases      ] GC(93) Phase 1: Mark live objects 0.466ms
[2026-01-06T17:26:29.554+0800][0.239s][info][gc,phases,start] GC(93) Phase 2: Compute new object addresses
[2026-01-06T17:26:29.554+0800][0.239s][info][gc,phases      ] GC(93) Phase 2: Compute new object addresses 0.073ms
[2026-01-06T17:26:29.554+0800][0.239s][info][gc,phases,start] GC(93) Phase 3: Adjust pointers
[2026-01-06T17:26:29.554+0800][0.240s][info][gc,phases      ] GC(93) Phase 3: Adjust pointers 0.653ms
[2026-01-06T17:26:29.554+0800][0.240s][info][gc,phases,start] GC(93) Phase 4: Move objects
[2026-01-06T17:26:29.554+0800][0.240s][info][gc,phases      ] GC(93) Phase 4: Move objects 0.031ms
[2026-01-06T17:26:29.554+0800][0.240s][info][gc             ] GC(93) Pause Full (Allocation Failure) 133M->4M(247M) 1.245ms
[2026-01-06T17:26:29.554+0800][0.240s][info][gc,heap        ] GC(92) DefNew: 67960K->0K(78720K)
[2026-01-06T17:26:29.554+0800][0.240s][info][gc,heap        ] GC(92) Tenured: 135329K->4257K(174784K)
[2026-01-06T17:26:29.554+0800][0.240s][info][gc,metaspace   ] GC(92) Metaspace: 3676K(4864K)->3676K(4864K) NonClass: 3355K(4352K)->3355K(4352K) Class: 320K(512K)->320K(512K)
[2026-01-06T17:26:29.554+0800][0.240s][info][gc             ] GC(92) Pause Young (Allocation Failure) 198M->4M(247M) 1.321ms
[2026-01-06T17:26:29.554+0800][0.240s][info][gc,cpu         ] GC(92) User=0.00s Sys=0.00s Real=0.00s
[2026-01-06T17:26:29.556+0800][0.242s][info][gc,start       ] GC(94) Pause Young (Allocation Failure)
[2026-01-06T17:26:29.556+0800][0.242s][info][gc,start       ] GC(95) Pause Full (Allocation Failure)
[2026-01-06T17:26:29.556+0800][0.242s][info][gc,phases,start] GC(95) Phase 1: Mark live objects
[2026-01-06T17:26:29.557+0800][0.242s][info][gc,phases      ] GC(95) Phase 1: Mark live objects 0.466ms
[2026-01-06T17:26:29.557+0800][0.242s][info][gc,phases,start] GC(95) Phase 2: Compute new object addresses
[2026-01-06T17:26:29.557+0800][0.242s][info][gc,phases      ] GC(95) Phase 2: Compute new object addresses 0.073ms
[2026-01-06T17:26:29.557+0800][0.242s][info][gc,phases,start] GC(95) Phase 3: Adjust pointers
[2026-01-06T17:26:29.557+0800][0.243s][info][gc,phases      ] GC(95) Phase 3: Adjust pointers 0.656ms
[2026-01-06T17:26:29.557+0800][0.243s][info][gc,phases,start] GC(95) Phase 4: Move objects
[2026-01-06T17:26:29.557+0800][0.243s][info][gc,phases      ] GC(95) Phase 4: Move objects 0.030ms
[2026-01-06T17:26:29.558+0800][0.243s][info][gc             ] GC(95) Pause Full (Allocation Failure) 133M->4M(247M) 1.247ms
[2026-01-06T17:26:29.558+0800][0.243s][info][gc,heap        ] GC(94) DefNew: 67960K->0K(78720K)
[2026-01-06T17:26:29.558+0800][0.243s][info][gc,heap        ] GC(94) Tenured: 135329K->4257K(174784K)
[2026-01-06T17:26:29.558+0800][0.243s][info][gc,metaspace   ] GC(94) Metaspace: 3676K(4864K)->3676K(4864K) NonClass: 3355K(4352K)->3355K(4352K) Class: 320K(512K)->320K(512K)
[2026-01-06T17:26:29.558+0800][0.243s][info][gc             ] GC(94) Pause Young (Allocation Failure) 198M->4M(247M) 1.323ms
[2026-01-06T17:26:29.558+0800][0.243s][info][gc,cpu         ] GC(94) User=0.00s Sys=0.00s Real=0.00s
[2026-01-06T17:26:29.559+0800][0.245s][info][gc,start       ] GC(96) Pause Young (Allocation Failure)
[2026-01-06T17:26:29.559+0800][0.245s][info][gc,start       ] GC(97) Pause Full (Allocation Failure)
[2026-01-06T17:26:29.559+0800][0.245s][info][gc,phases,start] GC(97) Phase 1: Mark live objects
[2026-01-06T17:26:29.560+0800][0.245s][info][gc,phases      ] GC(97) Phase 1: Mark live objects 0.462ms
[2026-01-06T17:26:29.560+0800][0.245s][info][gc,phases,start] GC(97) Phase 2: Compute new object addresses
[2026-01-06T17:26:29.560+0800][0.245s][info][gc,phases      ] GC(97) Phase 2: Compute new object addresses 0.071ms
[2026-01-06T17:26:29.560+0800][0.245s][info][gc,phases,start] GC(97) Phase 3: Adjust pointers
[2026-01-06T17:26:29.561+0800][0.246s][info][gc,phases      ] GC(97) Phase 3: Adjust pointers 0.653ms
[2026-01-06T17:26:29.561+0800][0.246s][info][gc,phases,start] GC(97) Phase 4: Move objects
[2026-01-06T17:26:29.561+0800][0.246s][info][gc,phases      ] GC(97) Phase 4: Move objects 0.029ms
[2026-01-06T17:26:29.561+0800][0.246s][info][gc             ] GC(97) Pause Full (Allocation Failure) 133M->4M(247M) 1.240ms
[2026-01-06T17:26:29.561+0800][0.246s][info][gc,heap        ] GC(96) DefNew: 67960K->0K(78720K)
[2026-01-06T17:26:29.561+0800][0.246s][info][gc,heap        ] GC(96) Tenured: 135329K->4257K(174784K)
[2026-01-06T17:26:29.561+0800][0.246s][info][gc,metaspace   ] GC(96) Metaspace: 3676K(4864K)->3676K(4864K) NonClass: 3355K(4352K)->3355K(4352K) Class: 320K(512K)->320K(512K)
[2026-01-06T17:26:29.561+0800][0.246s][info][gc             ] GC(96) Pause Young (Allocation Failure) 198M->4M(247M) 1.315ms
[2026-01-06T17:26:29.561+0800][0.246s][info][gc,cpu         ] GC(96) User=0.00s Sys=0.00s Real=0.01s
[2026-01-06T17:26:29.562+0800][0.248s][info][gc,start       ] GC(98) Pause Young (Allocation Failure)
[2026-01-06T17:26:29.562+0800][0.248s][info][gc,start       ] GC(99) Pause Full (Allocation Failure)
[2026-01-06T17:26:29.562+0800][0.248s][info][gc,phases,start] GC(99) Phase 1: Mark live objects
[2026-01-06T17:26:29.563+0800][0.248s][info][gc,phases      ] GC(99) Phase 1: Mark live objects 0.461ms
[2026-01-06T17:26:29.563+0800][0.248s][info][gc,phases,start] GC(99) Phase 2: Compute new object addresses
[2026-01-06T17:26:29.563+0800][0.249s][info][gc,phases      ] GC(99) Phase 2: Compute new object addresses 0.074ms
[2026-01-06T17:26:29.563+0800][0.249s][info][gc,phases,start] GC(99) Phase 3: Adjust pointers
[2026-01-06T17:26:29.564+0800][0.249s][info][gc,phases      ] GC(99) Phase 3: Adjust pointers 0.650ms
[2026-01-06T17:26:29.564+0800][0.249s][info][gc,phases,start] GC(99) Phase 4: Move objects
[2026-01-06T17:26:29.564+0800][0.249s][info][gc,phases      ] GC(99) Phase 4: Move objects 0.029ms
[2026-01-06T17:26:29.564+0800][0.249s][info][gc             ] GC(99) Pause Full (Allocation Failure) 133M->4M(247M) 1.236ms
[2026-01-06T17:26:29.564+0800][0.249s][info][gc,heap        ] GC(98) DefNew: 67960K->0K(78720K)
[2026-01-06T17:26:29.564+0800][0.249s][info][gc,heap        ] GC(98) Tenured: 135329K->4257K(174784K)
[2026-01-06T17:26:29.564+0800][0.249s][info][gc,metaspace   ] GC(98) Metaspace: 3676K(4864K)->3676K(4864K) NonClass: 3355K(4352K)->3355K(4352K) Class: 320K(512K)->320K(512K)
[2026-01-06T17:26:29.564+0800][0.249s][info][gc             ] GC(98) Pause Young (Allocation Failure) 198M->4M(247M) 1.314ms
[2026-01-06T17:26:29.564+0800][0.249s][info][gc,cpu         ] GC(98) User=0.00s Sys=0.00s Real=0.00s
[2026-01-06T17:26:29.565+0800][0.251s][info][gc,start       ] GC(100) Pause Young (Allocation Failure)
[2026-01-06T17:26:29.565+0800][0.251s][info][gc,start       ] GC(101) Pause Full (Allocation Failure)
[2026-01-06T17:26:29.565+0800][0.251s][info][gc,phases,start] GC(101) Phase 1: Mark live objects
[2026-01-06T17:26:29.566+0800][0.252s][info][gc,phases      ] GC(101) Phase 1: Mark live objects 0.461ms
[2026-01-06T17:26:29.566+0800][0.252s][info][gc,phases,start] GC(101) Phase 2: Compute new object addresses
[2026-01-06T17:26:29.566+0800][0.252s][info][gc,phases      ] GC(101) Phase 2: Compute new object addresses 0.071ms
[2026-01-06T17:26:29.566+0800][0.252s][info][gc,phases,start] GC(101) Phase 3: Adjust pointers
[2026-01-06T17:26:29.567+0800][0.252s][info][gc,phases      ] GC(101) Phase 3: Adjust pointers 0.670ms
[2026-01-06T17:26:29.567+0800][0.252s][info][gc,phases,start] GC(101) Phase 4: Move objects
[2026-01-06T17:26:29.567+0800][0.252s][info][gc,phases      ] GC(101) Phase 4: Move objects 0.029ms
[2026-01-06T17:26:29.567+0800][0.252s][info][gc             ] GC(101) Pause Full (Allocation Failure) 133M->4M(247M) 1.252ms
[2026-01-06T17:26:29.567+0800][0.252s][info][gc,heap        ] GC(100) DefNew: 67960K->0K(78720K)
[2026-01-06T17:26:29.567+0800][0.252s][info][gc,heap        ] GC(100) Tenured: 135329K->4257K(174784K)
[2026-01-06T17:26:29.567+0800][0.252s][info][gc,metaspace   ] GC(100) Metaspace: 3676K(4864K)->3676K(4864K) NonClass: 3355K(4352K)->3355K(4352K) Class: 320K(512K)->320K(512K)
[2026-01-06T17:26:29.567+0800][0.252s][info][gc             ] GC(100) Pause Young (Allocation Failure) 198M->4M(247M) 1.328ms
[2026-01-06T17:26:29.567+0800][0.252s][info][gc,cpu         ] GC(100) User=0.00s Sys=0.00s Real=0.00s
[2026-01-06T17:26:29.568+0800][0.254s][info][gc,start       ] GC(102) Pause Young (Allocation Failure)
[2026-01-06T17:26:29.569+0800][0.254s][info][gc,start       ] GC(103) Pause Full (Allocation Failure)
[2026-01-06T17:26:29.569+0800][0.254s][info][gc,phases,start] GC(103) Phase 1: Mark live objects
[2026-01-06T17:26:29.569+0800][0.255s][info][gc,phases      ] GC(103) Phase 1: Mark live objects 0.473ms
[2026-01-06T17:26:29.569+0800][0.255s][info][gc,phases,start] GC(103) Phase 2: Compute new object addresses
[2026-01-06T17:26:29.569+0800][0.255s][info][gc,phases      ] GC(103) Phase 2: Compute new object addresses 0.073ms
[2026-01-06T17:26:29.569+0800][0.255s][info][gc,phases,start] GC(103) Phase 3: Adjust pointers
[2026-01-06T17:26:29.570+0800][0.255s][info][gc,phases      ] GC(103) Phase 3: Adjust pointers 0.653ms
[2026-01-06T17:26:29.570+0800][0.255s][info][gc,phases,start] GC(103) Phase 4: Move objects
[2026-01-06T17:26:29.570+0800][0.255s][info][gc,phases      ] GC(103) Phase 4: Move objects 0.030ms
[2026-01-06T17:26:29.570+0800][0.255s][info][gc             ] GC(103) Pause Full (Allocation Failure) 133M->4M(247M) 1.257ms
[2026-01-06T17:26:29.570+0800][0.255s][info][gc,heap        ] GC(102) DefNew: 67960K->0K(78720K)
[2026-01-06T17:26:29.570+0800][0.255s][info][gc,heap        ] GC(102) Tenured: 135329K->4257K(174784K)
[2026-01-06T17:26:29.570+0800][0.255s][info][gc,metaspace   ] GC(102) Metaspace: 3676K(4864K)->3676K(4864K) NonClass: 3355K(4352K)->3355K(4352K) Class: 320K(512K)->320K(512K)
[2026-01-06T17:26:29.570+0800][0.255s][info][gc             ] GC(102) Pause Young (Allocation Failure) 198M->4M(247M) 1.333ms
[2026-01-06T17:26:29.570+0800][0.255s][info][gc,cpu         ] GC(102) User=0.00s Sys=0.00s Real=0.01s
[2026-01-06T17:26:29.572+0800][0.257s][info][gc,start       ] GC(104) Pause Young (Allocation Failure)
[2026-01-06T17:26:29.572+0800][0.257s][info][gc,start       ] GC(105) Pause Full (Allocation Failure)
[2026-01-06T17:26:29.572+0800][0.257s][info][gc,phases,start] GC(105) Phase 1: Mark live objects
[2026-01-06T17:26:29.572+0800][0.258s][info][gc,phases      ] GC(105) Phase 1: Mark live objects 0.476ms
[2026-01-06T17:26:29.572+0800][0.258s][info][gc,phases,start] GC(105) Phase 2: Compute new object addresses
[2026-01-06T17:26:29.572+0800][0.258s][info][gc,phases      ] GC(105) Phase 2: Compute new object addresses 0.074ms
[2026-01-06T17:26:29.572+0800][0.258s][info][gc,phases,start] GC(105) Phase 3: Adjust pointers
[2026-01-06T17:26:29.573+0800][0.258s][info][gc,phases      ] GC(105) Phase 3: Adjust pointers 0.648ms
[2026-01-06T17:26:29.573+0800][0.258s][info][gc,phases,start] GC(105) Phase 4: Move objects
[2026-01-06T17:26:29.573+0800][0.258s][info][gc,phases      ] GC(105) Phase 4: Move objects 0.030ms
[2026-01-06T17:26:29.573+0800][0.258s][info][gc             ] GC(105) Pause Full (Allocation Failure) 133M->4M(247M) 1.254ms
[2026-01-06T17:26:29.573+0800][0.258s][info][gc,heap        ] GC(104) DefNew: 67960K->0K(78720K)
[2026-01-06T17:26:29.573+0800][0.258s][info][gc,heap        ] GC(104) Tenured: 135329K->4257K(174784K)
[2026-01-06T17:26:29.573+0800][0.258s][info][gc,metaspace   ] GC(104) Metaspace: 3676K(4864K)->3676K(4864K) NonClass: 3355K(4352K)->3355K(4352K) Class: 320K(512K)->320K(512K)
[2026-01-06T17:26:29.573+0800][0.258s][info][gc             ] GC(104) Pause Young (Allocation Failure) 198M->4M(247M) 1.331ms
[2026-01-06T17:26:29.573+0800][0.258s][info][gc,cpu         ] GC(104) User=0.00s Sys=0.00s Real=0.00s
[2026-01-06T17:26:29.575+0800][0.260s][info][gc,start       ] GC(106) Pause Young (Allocation Failure)
[2026-01-06T17:26:29.575+0800][0.260s][info][gc,start       ] GC(107) Pause Full (Allocation Failure)
[2026-01-06T17:26:29.575+0800][0.260s][info][gc,phases,start] GC(107) Phase 1: Mark live objects
[2026-01-06T17:26:29.575+0800][0.261s][info][gc,phases      ] GC(107) Phase 1: Mark live objects 0.495ms
[2026-01-06T17:26:29.575+0800][0.261s][info][gc,phases,start] GC(107) Phase 2: Compute new object addresses
[2026-01-06T17:26:29.575+0800][0.261s][info][gc,phases      ] GC(107) Phase 2: Compute new object addresses 0.087ms
[2026-01-06T17:26:29.575+0800][0.261s][info][gc,phases,start] GC(107) Phase 3: Adjust pointers
[2026-01-06T17:26:29.576+0800][0.262s][info][gc,phases      ] GC(107) Phase 3: Adjust pointers 0.690ms
[2026-01-06T17:26:29.576+0800][0.262s][info][gc,phases,start] GC(107) Phase 4: Move objects
[2026-01-06T17:26:29.576+0800][0.262s][info][gc,phases      ] GC(107) Phase 4: Move objects 0.035ms
[2026-01-06T17:26:29.576+0800][0.262s][info][gc             ] GC(107) Pause Full (Allocation Failure) 133M->4M(247M) 1.331ms
[2026-01-06T17:26:29.576+0800][0.262s][info][gc,heap        ] GC(106) DefNew: 67960K->0K(78720K)
[2026-01-06T17:26:29.576+0800][0.262s][info][gc,heap        ] GC(106) Tenured: 135329K->4257K(174784K)
[2026-01-06T17:26:29.576+0800][0.262s][info][gc,metaspace   ] GC(106) Metaspace: 3676K(4864K)->3676K(4864K) NonClass: 3355K(4352K)->3355K(4352K) Class: 320K(512K)->320K(512K)
[2026-01-06T17:26:29.576+0800][0.262s][info][gc             ] GC(106) Pause Young (Allocation Failure) 198M->4M(247M) 1.406ms
[2026-01-06T17:26:29.576+0800][0.262s][info][gc,cpu         ] GC(106) User=0.00s Sys=0.00s Real=0.00s
[2026-01-06T17:26:29.578+0800][0.263s][info][gc,start       ] GC(108) Pause Young (Allocation Failure)
[2026-01-06T17:26:29.578+0800][0.264s][info][gc,start       ] GC(109) Pause Full (Allocation Failure)
[2026-01-06T17:26:29.578+0800][0.264s][info][gc,phases,start] GC(109) Phase 1: Mark live objects
[2026-01-06T17:26:29.578+0800][0.264s][info][gc,phases      ] GC(109) Phase 1: Mark live objects 0.461ms
[2026-01-06T17:26:29.578+0800][0.264s][info][gc,phases,start] GC(109) Phase 2: Compute new object addresses
[2026-01-06T17:26:29.578+0800][0.264s][info][gc,phases      ] GC(109) Phase 2: Compute new object addresses 0.074ms
[2026-01-06T17:26:29.578+0800][0.264s][info][gc,phases,start] GC(109) Phase 3: Adjust pointers
[2026-01-06T17:26:29.579+0800][0.265s][info][gc,phases      ] GC(109) Phase 3: Adjust pointers 0.652ms
[2026-01-06T17:26:29.579+0800][0.265s][info][gc,phases,start] GC(109) Phase 4: Move objects
[2026-01-06T17:26:29.579+0800][0.265s][info][gc,phases      ] GC(109) Phase 4: Move objects 0.039ms
[2026-01-06T17:26:29.579+0800][0.265s][info][gc             ] GC(109) Pause Full (Allocation Failure) 133M->4M(247M) 1.252ms
[2026-01-06T17:26:29.579+0800][0.265s][info][gc,heap        ] GC(108) DefNew: 67960K->0K(78720K)
[2026-01-06T17:26:29.579+0800][0.265s][info][gc,heap        ] GC(108) Tenured: 135329K->4257K(174784K)
[2026-01-06T17:26:29.579+0800][0.265s][info][gc,metaspace   ] GC(108) Metaspace: 3676K(4864K)->3676K(4864K) NonClass: 3356K(4352K)->3356K(4352K) Class: 320K(512K)->320K(512K)
[2026-01-06T17:26:29.579+0800][0.265s][info][gc             ] GC(108) Pause Young (Allocation Failure) 198M->4M(247M) 1.333ms
[2026-01-06T17:26:29.579+0800][0.265s][info][gc,cpu         ] GC(108) User=0.00s Sys=0.00s Real=0.00s
[2026-01-06T17:26:29.581+0800][0.267s][info][gc,start       ] GC(110) Pause Young (Allocation Failure)
[2026-01-06T17:26:29.581+0800][0.267s][info][gc,start       ] GC(111) Pause Full (Allocation Failure)
[2026-01-06T17:26:29.581+0800][0.267s][info][gc,phases,start] GC(111) Phase 1: Mark live objects
[2026-01-06T17:26:29.581+0800][0.267s][info][gc,phases      ] GC(111) Phase 1: Mark live objects 0.461ms
[2026-01-06T17:26:29.581+0800][0.267s][info][gc,phases,start] GC(111) Phase 2: Compute new object addresses
[2026-01-06T17:26:29.582+0800][0.267s][info][gc,phases      ] GC(111) Phase 2: Compute new object addresses 0.073ms
[2026-01-06T17:26:29.582+0800][0.267s][info][gc,phases,start] GC(111) Phase 3: Adjust pointers
[2026-01-06T17:26:29.582+0800][0.268s][info][gc,phases      ] GC(111) Phase 3: Adjust pointers 0.665ms
[2026-01-06T17:26:29.582+0800][0.268s][info][gc,phases,start] GC(111) Phase 4: Move objects
[2026-01-06T17:26:29.582+0800][0.268s][info][gc,phases      ] GC(111) Phase 4: Move objects 0.035ms
[2026-01-06T17:26:29.582+0800][0.268s][info][gc             ] GC(111) Pause Full (Allocation Failure) 133M->4M(247M) 1.259ms
[2026-01-06T17:26:29.582+0800][0.268s][info][gc,heap        ] GC(110) DefNew: 67960K->0K(78720K)
[2026-01-06T17:26:29.582+0800][0.268s][info][gc,heap        ] GC(110) Tenured: 135329K->4257K(174784K)
[2026-01-06T17:26:29.582+0800][0.268s][info][gc,metaspace   ] GC(110) Metaspace: 3676K(4864K)->3676K(4864K) NonClass: 3356K(4352K)->3356K(4352K) Class: 320K(512K)->320K(512K)
[2026-01-06T17:26:29.582+0800][0.268s][info][gc             ] GC(110) Pause Young (Allocation Failure) 198M->4M(247M) 1.334ms
[2026-01-06T17:26:29.582+0800][0.268s][info][gc,cpu         ] GC(110) User=0.01s Sys=0.00s Real=0.00s
[2026-01-06T17:26:29.584+0800][0.270s][info][gc,start       ] GC(112) Pause Young (Allocation Failure)
[2026-01-06T17:26:29.584+0800][0.270s][info][gc,start       ] GC(113) Pause Full (Allocation Failure)
[2026-01-06T17:26:29.584+0800][0.270s][info][gc,phases,start] GC(113) Phase 1: Mark live objects
[2026-01-06T17:26:29.585+0800][0.270s][info][gc,phases      ] GC(113) Phase 1: Mark live objects 0.473ms
[2026-01-06T17:26:29.585+0800][0.270s][info][gc,phases,start] GC(113) Phase 2: Compute new object addresses
[2026-01-06T17:26:29.585+0800][0.270s][info][gc,phases      ] GC(113) Phase 2: Compute new object addresses 0.071ms
[2026-01-06T17:26:29.585+0800][0.270s][info][gc,phases,start] GC(113) Phase 3: Adjust pointers
[2026-01-06T17:26:29.585+0800][0.271s][info][gc,phases      ] GC(113) Phase 3: Adjust pointers 0.651ms
[2026-01-06T17:26:29.585+0800][0.271s][info][gc,phases,start] GC(113) Phase 4: Move objects
[2026-01-06T17:26:29.585+0800][0.271s][info][gc,phases      ] GC(113) Phase 4: Move objects 0.032ms
[2026-01-06T17:26:29.585+0800][0.271s][info][gc             ] GC(113) Pause Full (Allocation Failure) 133M->4M(247M) 1.249ms
[2026-01-06T17:26:29.585+0800][0.271s][info][gc,heap        ] GC(112) DefNew: 67960K->0K(78720K)
[2026-01-06T17:26:29.585+0800][0.271s][info][gc,heap        ] GC(112) Tenured: 135329K->4257K(174784K)
[2026-01-06T17:26:29.585+0800][0.271s][info][gc,metaspace   ] GC(112) Metaspace: 3676K(4864K)->3676K(4864K) NonClass: 3356K(4352K)->3356K(4352K) Class: 320K(512K)->320K(512K)
[2026-01-06T17:26:29.585+0800][0.271s][info][gc             ] GC(112) Pause Young (Allocation Failure) 198M->4M(247M) 1.337ms
[2026-01-06T17:26:29.585+0800][0.271s][info][gc,cpu         ] GC(112) User=0.00s Sys=0.00s Real=0.00s
[2026-01-06T17:26:29.587+0800][0.273s][info][gc,start       ] GC(114) Pause Young (Allocation Failure)
[2026-01-06T17:26:29.587+0800][0.273s][info][gc,start       ] GC(115) Pause Full (Allocation Failure)
[2026-01-06T17:26:29.587+0800][0.273s][info][gc,phases,start] GC(115) Phase 1: Mark live objects
[2026-01-06T17:26:29.588+0800][0.273s][info][gc,phases      ] GC(115) Phase 1: Mark live objects 0.457ms
[2026-01-06T17:26:29.588+0800][0.273s][info][gc,phases,start] GC(115) Phase 2: Compute new object addresses
[2026-01-06T17:26:29.588+0800][0.273s][info][gc,phases      ] GC(115) Phase 2: Compute new object addresses 0.072ms
[2026-01-06T17:26:29.588+0800][0.273s][info][gc,phases,start] GC(115) Phase 3: Adjust pointers
[2026-01-06T17:26:29.588+0800][0.274s][info][gc,phases      ] GC(115) Phase 3: Adjust pointers 0.652ms
[2026-01-06T17:26:29.588+0800][0.274s][info][gc,phases,start] GC(115) Phase 4: Move objects
[2026-01-06T17:26:29.588+0800][0.274s][info][gc,phases      ] GC(115) Phase 4: Move objects 0.032ms
[2026-01-06T17:26:29.588+0800][0.274s][info][gc             ] GC(115) Pause Full (Allocation Failure) 133M->4M(247M) 1.234ms
[2026-01-06T17:26:29.588+0800][0.274s][info][gc,heap        ] GC(114) DefNew: 67960K->0K(78720K)
[2026-01-06T17:26:29.588+0800][0.274s][info][gc,heap        ] GC(114) Tenured: 135329K->4257K(174784K)
[2026-01-06T17:26:29.588+0800][0.274s][info][gc,metaspace   ] GC(114) Metaspace: 3676K(4864K)->3676K(4864K) NonClass: 3356K(4352K)->3356K(4352K) Class: 320K(512K)->320K(512K)
[2026-01-06T17:26:29.588+0800][0.274s][info][gc             ] GC(114) Pause Young (Allocation Failure) 198M->4M(247M) 1.310ms
[2026-01-06T17:26:29.588+0800][0.274s][info][gc,cpu         ] GC(114) User=0.00s Sys=0.00s Real=0.00s
[2026-01-06T17:26:29.590+0800][0.276s][info][gc,start       ] GC(116) Pause Young (Allocation Failure)
[2026-01-06T17:26:29.590+0800][0.276s][info][gc,start       ] GC(117) Pause Full (Allocation Failure)
[2026-01-06T17:26:29.590+0800][0.276s][info][gc,phases,start] GC(117) Phase 1: Mark live objects
[2026-01-06T17:26:29.591+0800][0.276s][info][gc,phases      ] GC(117) Phase 1: Mark live objects 0.458ms
[2026-01-06T17:26:29.591+0800][0.276s][info][gc,phases,start] GC(117) Phase 2: Compute new object addresses
[2026-01-06T17:26:29.591+0800][0.276s][info][gc,phases      ] GC(117) Phase 2: Compute new object addresses 0.072ms
[2026-01-06T17:26:29.591+0800][0.276s][info][gc,phases,start] GC(117) Phase 3: Adjust pointers
[2026-01-06T17:26:29.591+0800][0.277s][info][gc,phases      ] GC(117) Phase 3: Adjust pointers 0.651ms
[2026-01-06T17:26:29.591+0800][0.277s][info][gc,phases,start] GC(117) Phase 4: Move objects
[2026-01-06T17:26:29.592+0800][0.277s][info][gc,phases      ] GC(117) Phase 4: Move objects 0.031ms
[2026-01-06T17:26:29.592+0800][0.277s][info][gc             ] GC(117) Pause Full (Allocation Failure) 133M->4M(247M) 1.233ms
[2026-01-06T17:26:29.592+0800][0.277s][info][gc,heap        ] GC(116) DefNew: 67960K->0K(78720K)
[2026-01-06T17:26:29.592+0800][0.277s][info][gc,heap        ] GC(116) Tenured: 135329K->4257K(174784K)
[2026-01-06T17:26:29.592+0800][0.277s][info][gc,metaspace   ] GC(116) Metaspace: 3676K(4864K)->3676K(4864K) NonClass: 3356K(4352K)->3356K(4352K) Class: 320K(512K)->320K(512K)
[2026-01-06T17:26:29.592+0800][0.277s][info][gc             ] GC(116) Pause Young (Allocation Failure) 198M->4M(247M) 1.311ms
[2026-01-06T17:26:29.592+0800][0.277s][info][gc,cpu         ] GC(116) User=0.01s Sys=0.00s Real=0.00s
[2026-01-06T17:26:29.593+0800][0.279s][info][gc,start       ] GC(118) Pause Young (Allocation Failure)
[2026-01-06T17:26:29.593+0800][0.279s][info][gc,start       ] GC(119) Pause Full (Allocation Failure)
[2026-01-06T17:26:29.593+0800][0.279s][info][gc,phases,start] GC(119) Phase 1: Mark live objects
[2026-01-06T17:26:29.594+0800][0.279s][info][gc,phases      ] GC(119) Phase 1: Mark live objects 0.461ms
[2026-01-06T17:26:29.594+0800][0.279s][info][gc,phases,start] GC(119) Phase 2: Compute new object addresses
[2026-01-06T17:26:29.594+0800][0.279s][info][gc,phases      ] GC(119) Phase 2: Compute new object addresses 0.074ms
[2026-01-06T17:26:29.594+0800][0.279s][info][gc,phases,start] GC(119) Phase 3: Adjust pointers
[2026-01-06T17:26:29.595+0800][0.280s][info][gc,phases      ] GC(119) Phase 3: Adjust pointers 0.650ms
[2026-01-06T17:26:29.595+0800][0.280s][info][gc,phases,start] GC(119) Phase 4: Move objects
[2026-01-06T17:26:29.595+0800][0.280s][info][gc,phases      ] GC(119) Phase 4: Move objects 0.031ms
[2026-01-06T17:26:29.595+0800][0.280s][info][gc             ] GC(119) Pause Full (Allocation Failure) 133M->4M(247M) 1.240ms
[2026-01-06T17:26:29.595+0800][0.280s][info][gc,heap        ] GC(118) DefNew: 67960K->0K(78720K)
[2026-01-06T17:26:29.595+0800][0.280s][info][gc,heap        ] GC(118) Tenured: 135329K->4257K(174784K)
[2026-01-06T17:26:29.595+0800][0.280s][info][gc,metaspace   ] GC(118) Metaspace: 3678K(4864K)->3678K(4864K) NonClass: 3357K(4352K)->3357K(4352K) Class: 320K(512K)->320K(512K)
[2026-01-06T17:26:29.595+0800][0.280s][info][gc             ] GC(118) Pause Young (Allocation Failure) 198M->4M(247M) 1.315ms
[2026-01-06T17:26:29.595+0800][0.280s][info][gc,cpu         ] GC(118) User=0.00s Sys=0.00s Real=0.00s
[2026-01-06T17:26:29.596+0800][0.282s][info][gc,start       ] GC(120) Pause Young (Allocation Failure)
[2026-01-06T17:26:29.596+0800][0.282s][info][gc,start       ] GC(121) Pause Full (Allocation Failure)
[2026-01-06T17:26:29.596+0800][0.282s][info][gc,phases,start] GC(121) Phase 1: Mark live objects
[2026-01-06T17:26:29.597+0800][0.282s][info][gc,phases      ] GC(121) Phase 1: Mark live objects 0.474ms
[2026-01-06T17:26:29.597+0800][0.282s][info][gc,phases,start] GC(121) Phase 2: Compute new object addresses
[2026-01-06T17:26:29.597+0800][0.283s][info][gc,phases      ] GC(121) Phase 2: Compute new object addresses 0.072ms
[2026-01-06T17:26:29.597+0800][0.283s][info][gc,phases,start] GC(121) Phase 3: Adjust pointers
[2026-01-06T17:26:29.598+0800][0.283s][info][gc,phases      ] GC(121) Phase 3: Adjust pointers 0.649ms
[2026-01-06T17:26:29.598+0800][0.283s][info][gc,phases,start] GC(121) Phase 4: Move objects
[2026-01-06T17:26:29.598+0800][0.283s][info][gc,phases      ] GC(121) Phase 4: Move objects 0.031ms
[2026-01-06T17:26:29.598+0800][0.283s][info][gc             ] GC(121) Pause Full (Allocation Failure) 133M->4M(247M) 1.247ms
[2026-01-06T17:26:29.598+0800][0.283s][info][gc,heap        ] GC(120) DefNew: 67960K->0K(78720K)
[2026-01-06T17:26:29.598+0800][0.283s][info][gc,heap        ] GC(120) Tenured: 135329K->4257K(174784K)
[2026-01-06T17:26:29.598+0800][0.283s][info][gc,metaspace   ] GC(120) Metaspace: 3678K(4864K)->3678K(4864K) NonClass: 3357K(4352K)->3357K(4352K) Class: 320K(512K)->320K(512K)
[2026-01-06T17:26:29.598+0800][0.283s][info][gc             ] GC(120) Pause Young (Allocation Failure) 198M->4M(247M) 1.323ms
[2026-01-06T17:26:29.598+0800][0.283s][info][gc,cpu         ] GC(120) User=0.00s Sys=0.00s Real=0.00s
[2026-01-06T17:26:29.599+0800][0.285s][info][gc,start       ] GC(122) Pause Young (Allocation Failure)
[2026-01-06T17:26:29.600+0800][0.285s][info][gc,start       ] GC(123) Pause Full (Allocation Failure)
[2026-01-06T17:26:29.600+0800][0.285s][info][gc,phases,start] GC(123) Phase 1: Mark live objects
[2026-01-06T17:26:29.600+0800][0.286s][info][gc,phases      ] GC(123) Phase 1: Mark live objects 0.456ms
[2026-01-06T17:26:29.600+0800][0.286s][info][gc,phases,start] GC(123) Phase 2: Compute new object addresses
[2026-01-06T17:26:29.600+0800][0.286s][info][gc,phases      ] GC(123) Phase 2: Compute new object addresses 0.070ms
[2026-01-06T17:26:29.600+0800][0.286s][info][gc,phases,start] GC(123) Phase 3: Adjust pointers
[2026-01-06T17:26:29.601+0800][0.286s][info][gc,phases      ] GC(123) Phase 3: Adjust pointers 0.653ms
[2026-01-06T17:26:29.601+0800][0.286s][info][gc,phases,start] GC(123) Phase 4: Move objects
[2026-01-06T17:26:29.601+0800][0.286s][info][gc,phases      ] GC(123) Phase 4: Move objects 0.031ms
[2026-01-06T17:26:29.601+0800][0.286s][info][gc             ] GC(123) Pause Full (Allocation Failure) 133M->4M(247M) 1.235ms
[2026-01-06T17:26:29.601+0800][0.286s][info][gc,heap        ] GC(122) DefNew: 67960K->0K(78720K)
[2026-01-06T17:26:29.601+0800][0.286s][info][gc,heap        ] GC(122) Tenured: 135329K->4257K(174784K)
[2026-01-06T17:26:29.601+0800][0.286s][info][gc,metaspace   ] GC(122) Metaspace: 3678K(4864K)->3678K(4864K) NonClass: 3357K(4352K)->3357K(4352K) Class: 320K(512K)->320K(512K)
[2026-01-06T17:26:29.601+0800][0.286s][info][gc             ] GC(122) Pause Young (Allocation Failure) 198M->4M(247M) 1.310ms
[2026-01-06T17:26:29.601+0800][0.286s][info][gc,cpu         ] GC(122) User=0.00s Sys=0.00s Real=0.01s
[2026-01-06T17:26:29.603+0800][0.288s][info][gc,start       ] GC(124) Pause Young (Allocation Failure)
[2026-01-06T17:26:29.603+0800][0.288s][info][gc,start       ] GC(125) Pause Full (Allocation Failure)
[2026-01-06T17:26:29.603+0800][0.288s][info][gc,phases,start] GC(125) Phase 1: Mark live objects
[2026-01-06T17:26:29.603+0800][0.289s][info][gc,phases      ] GC(125) Phase 1: Mark live objects 0.455ms
[2026-01-06T17:26:29.603+0800][0.289s][info][gc,phases,start] GC(125) Phase 2: Compute new object addresses
[2026-01-06T17:26:29.603+0800][0.289s][info][gc,phases      ] GC(125) Phase 2: Compute new object addresses 0.074ms
[2026-01-06T17:26:29.603+0800][0.289s][info][gc,phases,start] GC(125) Phase 3: Adjust pointers
[2026-01-06T17:26:29.604+0800][0.289s][info][gc,phases      ] GC(125) Phase 3: Adjust pointers 0.653ms
[2026-01-06T17:26:29.604+0800][0.289s][info][gc,phases,start] GC(125) Phase 4: Move objects
[2026-01-06T17:26:29.604+0800][0.289s][info][gc,phases      ] GC(125) Phase 4: Move objects 0.030ms
[2026-01-06T17:26:29.604+0800][0.289s][info][gc             ] GC(125) Pause Full (Allocation Failure) 133M->4M(247M) 1.234ms
[2026-01-06T17:26:29.604+0800][0.289s][info][gc,heap        ] GC(124) DefNew: 67960K->0K(78720K)
[2026-01-06T17:26:29.604+0800][0.289s][info][gc,heap        ] GC(124) Tenured: 135329K->4257K(174784K)
[2026-01-06T17:26:29.604+0800][0.289s][info][gc,metaspace   ] GC(124) Metaspace: 3678K(4864K)->3678K(4864K) NonClass: 3357K(4352K)->3357K(4352K) Class: 320K(512K)->320K(512K)
[2026-01-06T17:26:29.604+0800][0.289s][info][gc             ] GC(124) Pause Young (Allocation Failure) 198M->4M(247M) 1.311ms
[2026-01-06T17:26:29.604+0800][0.289s][info][gc,cpu         ] GC(124) User=0.00s Sys=0.00s Real=0.00s
[2026-01-06T17:26:29.606+0800][0.291s][info][gc,start       ] GC(126) Pause Young (Allocation Failure)
[2026-01-06T17:26:29.606+0800][0.291s][info][gc,start       ] GC(127) Pause Full (Allocation Failure)
[2026-01-06T17:26:29.606+0800][0.291s][info][gc,phases,start] GC(127) Phase 1: Mark live objects
[2026-01-06T17:26:29.606+0800][0.292s][info][gc,phases      ] GC(127) Phase 1: Mark live objects 0.455ms
[2026-01-06T17:26:29.606+0800][0.292s][info][gc,phases,start] GC(127) Phase 2: Compute new object addresses
[2026-01-06T17:26:29.606+0800][0.292s][info][gc,phases      ] GC(127) Phase 2: Compute new object addresses 0.072ms
[2026-01-06T17:26:29.606+0800][0.292s][info][gc,phases,start] GC(127) Phase 3: Adjust pointers
[2026-01-06T17:26:29.607+0800][0.292s][info][gc,phases      ] GC(127) Phase 3: Adjust pointers 0.649ms
[2026-01-06T17:26:29.607+0800][0.292s][info][gc,phases,start] GC(127) Phase 4: Move objects
[2026-01-06T17:26:29.607+0800][0.292s][info][gc,phases      ] GC(127) Phase 4: Move objects 0.030ms
[2026-01-06T17:26:29.607+0800][0.292s][info][gc             ] GC(127) Pause Full (Allocation Failure) 133M->4M(247M) 1.227ms
[2026-01-06T17:26:29.607+0800][0.292s][info][gc,heap        ] GC(126) DefNew: 67960K->0K(78720K)
[2026-01-06T17:26:29.607+0800][0.292s][info][gc,heap        ] GC(126) Tenured: 135329K->4257K(174784K)
[2026-01-06T17:26:29.607+0800][0.292s][info][gc,metaspace   ] GC(126) Metaspace: 3678K(4864K)->3678K(4864K) NonClass: 3357K(4352K)->3357K(4352K) Class: 320K(512K)->320K(512K)
[2026-01-06T17:26:29.607+0800][0.292s][info][gc             ] GC(126) Pause Young (Allocation Failure) 198M->4M(247M) 1.304ms
[2026-01-06T17:26:29.607+0800][0.292s][info][gc,cpu         ] GC(126) User=0.00s Sys=0.00s Real=0.00s
[2026-01-06T17:26:29.609+0800][0.294s][info][gc,start       ] GC(128) Pause Young (Allocation Failure)
[2026-01-06T17:26:29.609+0800][0.294s][info][gc,start       ] GC(129) Pause Full (Allocation Failure)
[2026-01-06T17:26:29.609+0800][0.294s][info][gc,phases,start] GC(129) Phase 1: Mark live objects
[2026-01-06T17:26:29.609+0800][0.295s][info][gc,phases      ] GC(129) Phase 1: Mark live objects 0.456ms
[2026-01-06T17:26:29.609+0800][0.295s][info][gc,phases,start] GC(129) Phase 2: Compute new object addresses
[2026-01-06T17:26:29.609+0800][0.295s][info][gc,phases      ] GC(129) Phase 2: Compute new object addresses 0.085ms
[2026-01-06T17:26:29.609+0800][0.295s][info][gc,phases,start] GC(129) Phase 3: Adjust pointers
[2026-01-06T17:26:29.610+0800][0.295s][info][gc,phases      ] GC(129) Phase 3: Adjust pointers 0.654ms
[2026-01-06T17:26:29.610+0800][0.295s][info][gc,phases,start] GC(129) Phase 4: Move objects
[2026-01-06T17:26:29.610+0800][0.296s][info][gc,phases      ] GC(129) Phase 4: Move objects 0.030ms
[2026-01-06T17:26:29.610+0800][0.296s][info][gc             ] GC(129) Pause Full (Allocation Failure) 133M->4M(247M) 1.250ms
[2026-01-06T17:26:29.610+0800][0.296s][info][gc,heap        ] GC(128) DefNew: 67960K->0K(78720K)
[2026-01-06T17:26:29.610+0800][0.296s][info][gc,heap        ] GC(128) Tenured: 135329K->4257K(174784K)
[2026-01-06T17:26:29.610+0800][0.296s][info][gc,metaspace   ] GC(128) Metaspace: 3678K(4864K)->3678K(4864K) NonClass: 3357K(4352K)->3357K(4352K) Class: 320K(512K)->320K(512K)
[2026-01-06T17:26:29.610+0800][0.296s][info][gc             ] GC(128) Pause Young (Allocation Failure) 198M->4M(247M) 1.325ms
[2026-01-06T17:26:29.610+0800][0.296s][info][gc,cpu         ] GC(128) User=0.00s Sys=0.00s Real=0.01s
[2026-01-06T17:26:29.612+0800][0.297s][info][gc,start       ] GC(130) Pause Young (Allocation Failure)
[2026-01-06T17:26:29.612+0800][0.297s][info][gc,start       ] GC(131) Pause Full (Allocation Failure)
[2026-01-06T17:26:29.612+0800][0.297s][info][gc,phases,start] GC(131) Phase 1: Mark live objects
[2026-01-06T17:26:29.612+0800][0.298s][info][gc,phases      ] GC(131) Phase 1: Mark live objects 0.454ms
[2026-01-06T17:26:29.612+0800][0.298s][info][gc,phases,start] GC(131) Phase 2: Compute new object addresses
[2026-01-06T17:26:29.612+0800][0.298s][info][gc,phases      ] GC(131) Phase 2: Compute new object addresses 0.072ms
[2026-01-06T17:26:29.612+0800][0.298s][info][gc,phases,start] GC(131) Phase 3: Adjust pointers
[2026-01-06T17:26:29.613+0800][0.299s][info][gc,phases      ] GC(131) Phase 3: Adjust pointers 0.651ms
[2026-01-06T17:26:29.613+0800][0.299s][info][gc,phases,start] GC(131) Phase 4: Move objects
[2026-01-06T17:26:29.613+0800][0.299s][info][gc,phases      ] GC(131) Phase 4: Move objects 0.030ms
[2026-01-06T17:26:29.613+0800][0.299s][info][gc             ] GC(131) Pause Full (Allocation Failure) 133M->4M(247M) 1.232ms
[2026-01-06T17:26:29.613+0800][0.299s][info][gc,heap        ] GC(130) DefNew: 67960K->0K(78720K)
[2026-01-06T17:26:29.613+0800][0.299s][info][gc,heap        ] GC(130) Tenured: 135329K->4257K(174784K)
[2026-01-06T17:26:29.613+0800][0.299s][info][gc,metaspace   ] GC(130) Metaspace: 3678K(4864K)->3678K(4864K) NonClass: 3357K(4352K)->3357K(4352K) Class: 320K(512K)->320K(512K)
[2026-01-06T17:26:29.613+0800][0.299s][info][gc             ] GC(130) Pause Young (Allocation Failure) 198M->4M(247M) 1.308ms
[2026-01-06T17:26:29.613+0800][0.299s][info][gc,cpu         ] GC(130) User=0.00s Sys=0.00s Real=0.00s
[2026-01-06T17:26:29.615+0800][0.300s][info][gc,start       ] GC(132) Pause Young (Allocation Failure)
[2026-01-06T17:26:29.615+0800][0.300s][info][gc,start       ] GC(133) Pause Full (Allocation Failure)
[2026-01-06T17:26:29.615+0800][0.300s][info][gc,phases,start] GC(133) Phase 1: Mark live objects
[2026-01-06T17:26:29.615+0800][0.301s][info][gc,phases      ] GC(133) Phase 1: Mark live objects 0.463ms
[2026-01-06T17:26:29.615+0800][0.301s][info][gc,phases,start] GC(133) Phase 2: Compute new object addresses
[2026-01-06T17:26:29.615+0800][0.301s][info][gc,phases      ] GC(133) Phase 2: Compute new object addresses 0.072ms
[2026-01-06T17:26:29.615+0800][0.301s][info][gc,phases,start] GC(133) Phase 3: Adjust pointers
[2026-01-06T17:26:29.616+0800][0.302s][info][gc,phases      ] GC(133) Phase 3: Adjust pointers 0.650ms
[2026-01-06T17:26:29.616+0800][0.302s][info][gc,phases,start] GC(133) Phase 4: Move objects
[2026-01-06T17:26:29.616+0800][0.302s][info][gc,phases      ] GC(133) Phase 4: Move objects 0.029ms
[2026-01-06T17:26:29.616+0800][0.302s][info][gc             ] GC(133) Pause Full (Allocation Failure) 133M->4M(247M) 1.240ms
[2026-01-06T17:26:29.616+0800][0.302s][info][gc,heap        ] GC(132) DefNew: 67960K->0K(78720K)
[2026-01-06T17:26:29.616+0800][0.302s][info][gc,heap        ] GC(132) Tenured: 135329K->4257K(174784K)
[2026-01-06T17:26:29.616+0800][0.302s][info][gc,metaspace   ] GC(132) Metaspace: 3678K(4864K)->3678K(4864K) NonClass: 3357K(4352K)->3357K(4352K) Class: 320K(512K)->320K(512K)
[2026-01-06T17:26:29.616+0800][0.302s][info][gc             ] GC(132) Pause Young (Allocation Failure) 198M->4M(247M) 1.315ms
[2026-01-06T17:26:29.616+0800][0.302s][info][gc,cpu         ] GC(132) User=0.00s Sys=0.00s Real=0.00s
[2026-01-06T17:26:29.618+0800][0.303s][info][gc,start       ] GC(134) Pause Young (Allocation Failure)
[2026-01-06T17:26:29.618+0800][0.304s][info][gc,start       ] GC(135) Pause Full (Allocation Failure)
[2026-01-06T17:26:29.618+0800][0.304s][info][gc,phases,start] GC(135) Phase 1: Mark live objects
[2026-01-06T17:26:29.618+0800][0.304s][info][gc,phases      ] GC(135) Phase 1: Mark live objects 0.458ms
[2026-01-06T17:26:29.618+0800][0.304s][info][gc,phases,start] GC(135) Phase 2: Compute new object addresses
[2026-01-06T17:26:29.619+0800][0.304s][info][gc,phases      ] GC(135) Phase 2: Compute new object addresses 0.078ms
[2026-01-06T17:26:29.619+0800][0.304s][info][gc,phases,start] GC(135) Phase 3: Adjust pointers
[2026-01-06T17:26:29.619+0800][0.305s][info][gc,phases      ] GC(135) Phase 3: Adjust pointers 0.651ms
[2026-01-06T17:26:29.619+0800][0.305s][info][gc,phases,start] GC(135) Phase 4: Move objects
[2026-01-06T17:26:29.619+0800][0.305s][info][gc,phases      ] GC(135) Phase 4: Move objects 0.030ms
[2026-01-06T17:26:29.619+0800][0.305s][info][gc             ] GC(135) Pause Full (Allocation Failure) 133M->4M(247M) 1.239ms
[2026-01-06T17:26:29.619+0800][0.305s][info][gc,heap        ] GC(134) DefNew: 67960K->0K(78720K)
[2026-01-06T17:26:29.619+0800][0.305s][info][gc,heap        ] GC(134) Tenured: 135329K->4257K(174784K)
[2026-01-06T17:26:29.619+0800][0.305s][info][gc,metaspace   ] GC(134) Metaspace: 3678K(4864K)->3678K(4864K) NonClass: 3358K(4352K)->3358K(4352K) Class: 320K(512K)->320K(512K)
[2026-01-06T17:26:29.619+0800][0.305s][info][gc             ] GC(134) Pause Young (Allocation Failure) 198M->4M(247M) 1.322ms
[2026-01-06T17:26:29.619+0800][0.305s][info][gc,cpu         ] GC(134) User=0.00s Sys=0.00s Real=0.00s
[2026-01-06T17:26:29.621+0800][0.307s][info][gc,start       ] GC(136) Pause Young (Allocation Failure)
[2026-01-06T17:26:29.621+0800][0.307s][info][gc,start       ] GC(137) Pause Full (Allocation Failure)
[2026-01-06T17:26:29.621+0800][0.307s][info][gc,phases,start] GC(137) Phase 1: Mark live objects
[2026-01-06T17:26:29.621+0800][0.307s][info][gc,phases      ] GC(137) Phase 1: Mark live objects 0.459ms
[2026-01-06T17:26:29.621+0800][0.307s][info][gc,phases,start] GC(137) Phase 2: Compute new object addresses
[2026-01-06T17:26:29.622+0800][0.307s][info][gc,phases      ] GC(137) Phase 2: Compute new object addresses 0.070ms
[2026-01-06T17:26:29.622+0800][0.307s][info][gc,phases,start] GC(137) Phase 3: Adjust pointers
[2026-01-06T17:26:29.622+0800][0.308s][info][gc,phases      ] GC(137) Phase 3: Adjust pointers 0.668ms
[2026-01-06T17:26:29.622+0800][0.308s][info][gc,phases,start] GC(137) Phase 4: Move objects
[2026-01-06T17:26:29.622+0800][0.308s][info][gc,phases      ] GC(137) Phase 4: Move objects 0.032ms
[2026-01-06T17:26:29.622+0800][0.308s][info][gc             ] GC(137) Pause Full (Allocation Failure) 133M->4M(247M) 1.253ms
[2026-01-06T17:26:29.622+0800][0.308s][info][gc,heap        ] GC(136) DefNew: 67960K->0K(78720K)
[2026-01-06T17:26:29.622+0800][0.308s][info][gc,heap        ] GC(136) Tenured: 135329K->4257K(174784K)
[2026-01-06T17:26:29.622+0800][0.308s][info][gc,metaspace   ] GC(136) Metaspace: 3678K(4864K)->3678K(4864K) NonClass: 3358K(4352K)->3358K(4352K) Class: 320K(512K)->320K(512K)
[2026-01-06T17:26:29.622+0800][0.308s][info][gc             ] GC(136) Pause Young (Allocation Failure) 198M->4M(247M) 1.328ms
[2026-01-06T17:26:29.622+0800][0.308s][info][gc,cpu         ] GC(136) User=0.01s Sys=0.00s Real=0.00s
[2026-01-06T17:26:29.624+0800][0.310s][info][gc,start       ] GC(138) Pause Young (Allocation Failure)
[2026-01-06T17:26:29.624+0800][0.310s][info][gc,start       ] GC(139) Pause Full (Allocation Failure)
[2026-01-06T17:26:29.624+0800][0.310s][info][gc,phases,start] GC(139) Phase 1: Mark live objects
[2026-01-06T17:26:29.625+0800][0.310s][info][gc,phases      ] GC(139) Phase 1: Mark live objects 0.456ms
[2026-01-06T17:26:29.625+0800][0.310s][info][gc,phases,start] GC(139) Phase 2: Compute new object addresses
[2026-01-06T17:26:29.625+0800][0.310s][info][gc,phases      ] GC(139) Phase 2: Compute new object addresses 0.072ms
[2026-01-06T17:26:29.625+0800][0.310s][info][gc,phases,start] GC(139) Phase 3: Adjust pointers
[2026-01-06T17:26:29.625+0800][0.311s][info][gc,phases      ] GC(139) Phase 3: Adjust pointers 0.654ms
[2026-01-06T17:26:29.625+0800][0.311s][info][gc,phases,start] GC(139) Phase 4: Move objects
[2026-01-06T17:26:29.625+0800][0.311s][info][gc,phases      ] GC(139) Phase 4: Move objects 0.029ms
[2026-01-06T17:26:29.625+0800][0.311s][info][gc             ] GC(139) Pause Full (Allocation Failure) 133M->4M(247M) 1.233ms
[2026-01-06T17:26:29.625+0800][0.311s][info][gc,heap        ] GC(138) DefNew: 67960K->0K(78720K)
[2026-01-06T17:26:29.625+0800][0.311s][info][gc,heap        ] GC(138) Tenured: 135329K->4257K(174784K)
[2026-01-06T17:26:29.625+0800][0.311s][info][gc,metaspace   ] GC(138) Metaspace: 3678K(4864K)->3678K(4864K) NonClass: 3358K(4352K)->3358K(4352K) Class: 320K(512K)->320K(512K)
[2026-01-06T17:26:29.625+0800][0.311s][info][gc             ] GC(138) Pause Young (Allocation Failure) 198M->4M(247M) 1.307ms
[2026-01-06T17:26:29.625+0800][0.311s][info][gc,cpu         ] GC(138) User=0.00s Sys=0.00s Real=0.00s
[2026-01-06T17:26:29.627+0800][0.313s][info][gc,start       ] GC(140) Pause Young (Allocation Failure)
[2026-01-06T17:26:29.627+0800][0.313s][info][gc,start       ] GC(141) Pause Full (Allocation Failure)
[2026-01-06T17:26:29.627+0800][0.313s][info][gc,phases,start] GC(141) Phase 1: Mark live objects
[2026-01-06T17:26:29.628+0800][0.313s][info][gc,phases      ] GC(141) Phase 1: Mark live objects 0.469ms
[2026-01-06T17:26:29.628+0800][0.313s][info][gc,phases,start] GC(141) Phase 2: Compute new object addresses
[2026-01-06T17:26:29.628+0800][0.313s][info][gc,phases      ] GC(141) Phase 2: Compute new object addresses 0.071ms
[2026-01-06T17:26:29.628+0800][0.313s][info][gc,phases,start] GC(141) Phase 3: Adjust pointers
[2026-01-06T17:26:29.628+0800][0.314s][info][gc,phases      ] GC(141) Phase 3: Adjust pointers 0.650ms
[2026-01-06T17:26:29.628+0800][0.314s][info][gc,phases,start] GC(141) Phase 4: Move objects
[2026-01-06T17:26:29.628+0800][0.314s][info][gc,phases      ] GC(141) Phase 4: Move objects 0.030ms
[2026-01-06T17:26:29.628+0800][0.314s][info][gc             ] GC(141) Pause Full (Allocation Failure) 133M->4M(247M) 1.242ms
[2026-01-06T17:26:29.628+0800][0.314s][info][gc,heap        ] GC(140) DefNew: 67960K->0K(78720K)
[2026-01-06T17:26:29.628+0800][0.314s][info][gc,heap        ] GC(140) Tenured: 135329K->4257K(174784K)
[2026-01-06T17:26:29.628+0800][0.314s][info][gc,metaspace   ] GC(140) Metaspace: 3678K(4864K)->3678K(4864K) NonClass: 3358K(4352K)->3358K(4352K) Class: 320K(512K)->320K(512K)
[2026-01-06T17:26:29.628+0800][0.314s][info][gc             ] GC(140) Pause Young (Allocation Failure) 198M->4M(247M) 1.321ms
[2026-01-06T17:26:29.628+0800][0.314s][info][gc,cpu         ] GC(140) User=0.00s Sys=0.00s Real=0.00s
[2026-01-06T17:26:29.630+0800][0.316s][info][gc,start       ] GC(142) Pause Young (Allocation Failure)
[2026-01-06T17:26:29.630+0800][0.316s][info][gc,start       ] GC(143) Pause Full (Allocation Failure)
[2026-01-06T17:26:29.630+0800][0.316s][info][gc,phases,start] GC(143) Phase 1: Mark live objects
[2026-01-06T17:26:29.631+0800][0.316s][info][gc,phases      ] GC(143) Phase 1: Mark live objects 0.468ms
[2026-01-06T17:26:29.631+0800][0.316s][info][gc,phases,start] GC(143) Phase 2: Compute new object addresses
[2026-01-06T17:26:29.631+0800][0.316s][info][gc,phases      ] GC(143) Phase 2: Compute new object addresses 0.074ms
[2026-01-06T17:26:29.631+0800][0.316s][info][gc,phases,start] GC(143) Phase 3: Adjust pointers
[2026-01-06T17:26:29.631+0800][0.317s][info][gc,phases      ] GC(143) Phase 3: Adjust pointers 0.652ms
[2026-01-06T17:26:29.631+0800][0.317s][info][gc,phases,start] GC(143) Phase 4: Move objects
[2026-01-06T17:26:29.631+0800][0.317s][info][gc,phases      ] GC(143) Phase 4: Move objects 0.031ms
[2026-01-06T17:26:29.631+0800][0.317s][info][gc             ] GC(143) Pause Full (Allocation Failure) 133M->4M(247M) 1.246ms
[2026-01-06T17:26:29.631+0800][0.317s][info][gc,heap        ] GC(142) DefNew: 67960K->0K(78720K)
[2026-01-06T17:26:29.631+0800][0.317s][info][gc,heap        ] GC(142) Tenured: 135329K->4257K(174784K)
[2026-01-06T17:26:29.631+0800][0.317s][info][gc,metaspace   ] GC(142) Metaspace: 3678K(4864K)->3678K(4864K) NonClass: 3358K(4352K)->3358K(4352K) Class: 320K(512K)->320K(512K)
[2026-01-06T17:26:29.631+0800][0.317s][info][gc             ] GC(142) Pause Young (Allocation Failure) 198M->4M(247M) 1.323ms
[2026-01-06T17:26:29.632+0800][0.317s][info][gc,cpu         ] GC(142) User=0.01s Sys=0.00s Real=0.00s
[2026-01-06T17:26:29.633+0800][0.319s][info][gc,start       ] GC(144) Pause Young (Allocation Failure)
[2026-01-06T17:26:29.633+0800][0.319s][info][gc,start       ] GC(145) Pause Full (Allocation Failure)
[2026-01-06T17:26:29.633+0800][0.319s][info][gc,phases,start] GC(145) Phase 1: Mark live objects
[2026-01-06T17:26:29.634+0800][0.319s][info][gc,phases      ] GC(145) Phase 1: Mark live objects 0.453ms
[2026-01-06T17:26:29.634+0800][0.319s][info][gc,phases,start] GC(145) Phase 2: Compute new object addresses
[2026-01-06T17:26:29.634+0800][0.319s][info][gc,phases      ] GC(145) Phase 2: Compute new object addresses 0.072ms
[2026-01-06T17:26:29.634+0800][0.319s][info][gc,phases,start] GC(145) Phase 3: Adjust pointers
[2026-01-06T17:26:29.635+0800][0.320s][info][gc,phases      ] GC(145) Phase 3: Adjust pointers 0.652ms
[2026-01-06T17:26:29.635+0800][0.320s][info][gc,phases,start] GC(145) Phase 4: Move objects
[2026-01-06T17:26:29.635+0800][0.320s][info][gc,phases      ] GC(145) Phase 4: Move objects 0.031ms
[2026-01-06T17:26:29.635+0800][0.320s][info][gc             ] GC(145) Pause Full (Allocation Failure) 133M->4M(247M) 1.228ms
[2026-01-06T17:26:29.635+0800][0.320s][info][gc,heap        ] GC(144) DefNew: 67960K->0K(78720K)
[2026-01-06T17:26:29.635+0800][0.320s][info][gc,heap        ] GC(144) Tenured: 135329K->4257K(174784K)
[2026-01-06T17:26:29.635+0800][0.320s][info][gc,metaspace   ] GC(144) Metaspace: 3678K(4864K)->3678K(4864K) NonClass: 3358K(4352K)->3358K(4352K) Class: 320K(512K)->320K(512K)
[2026-01-06T17:26:29.635+0800][0.320s][info][gc             ] GC(144) Pause Young (Allocation Failure) 198M->4M(247M) 1.303ms
[2026-01-06T17:26:29.635+0800][0.320s][info][gc,cpu         ] GC(144) User=0.00s Sys=0.00s Real=0.00s
[2026-01-06T17:26:29.636+0800][0.322s][info][gc,start       ] GC(146) Pause Young (Allocation Failure)
[2026-01-06T17:26:29.636+0800][0.322s][info][gc,start       ] GC(147) Pause Full (Allocation Failure)
[2026-01-06T17:26:29.636+0800][0.322s][info][gc,phases,start] GC(147) Phase 1: Mark live objects
[2026-01-06T17:26:29.637+0800][0.322s][info][gc,phases      ] GC(147) Phase 1: Mark live objects 0.457ms
[2026-01-06T17:26:29.637+0800][0.322s][info][gc,phases,start] GC(147) Phase 2: Compute new object addresses
[2026-01-06T17:26:29.637+0800][0.323s][info][gc,phases      ] GC(147) Phase 2: Compute new object addresses 0.071ms
[2026-01-06T17:26:29.637+0800][0.323s][info][gc,phases,start] GC(147) Phase 3: Adjust pointers
[2026-01-06T17:26:29.638+0800][0.323s][info][gc,phases      ] GC(147) Phase 3: Adjust pointers 0.650ms
[2026-01-06T17:26:29.638+0800][0.323s][info][gc,phases,start] GC(147) Phase 4: Move objects
[2026-01-06T17:26:29.638+0800][0.323s][info][gc,phases      ] GC(147) Phase 4: Move objects 0.030ms
[2026-01-06T17:26:29.638+0800][0.323s][info][gc             ] GC(147) Pause Full (Allocation Failure) 133M->4M(247M) 1.234ms
[2026-01-06T17:26:29.638+0800][0.323s][info][gc,heap        ] GC(146) DefNew: 67960K->0K(78720K)
[2026-01-06T17:26:29.638+0800][0.323s][info][gc,heap        ] GC(146) Tenured: 135329K->4257K(174784K)
[2026-01-06T17:26:29.638+0800][0.323s][info][gc,metaspace   ] GC(146) Metaspace: 3678K(4864K)->3678K(4864K) NonClass: 3358K(4352K)->3358K(4352K) Class: 320K(512K)->320K(512K)
[2026-01-06T17:26:29.638+0800][0.323s][info][gc             ] GC(146) Pause Young (Allocation Failure) 198M->4M(247M) 1.310ms
[2026-01-06T17:26:29.638+0800][0.323s][info][gc,cpu         ] GC(146) User=0.00s Sys=0.00s Real=0.00s
[2026-01-06T17:26:29.639+0800][0.325s][info][gc,start       ] GC(148) Pause Young (Allocation Failure)
[2026-01-06T17:26:29.639+0800][0.325s][info][gc,start       ] GC(149) Pause Full (Allocation Failure)
[2026-01-06T17:26:29.639+0800][0.325s][info][gc,phases,start] GC(149) Phase 1: Mark live objects
[2026-01-06T17:26:29.640+0800][0.325s][info][gc,phases      ] GC(149) Phase 1: Mark live objects 0.456ms
[2026-01-06T17:26:29.640+0800][0.325s][info][gc,phases,start] GC(149) Phase 2: Compute new object addresses
[2026-01-06T17:26:29.640+0800][0.326s][info][gc,phases      ] GC(149) Phase 2: Compute new object addresses 0.073ms
[2026-01-06T17:26:29.640+0800][0.326s][info][gc,phases,start] GC(149) Phase 3: Adjust pointers
[2026-01-06T17:26:29.641+0800][0.326s][info][gc,phases      ] GC(149) Phase 3: Adjust pointers 0.652ms
[2026-01-06T17:26:29.641+0800][0.326s][info][gc,phases,start] GC(149) Phase 4: Move objects
[2026-01-06T17:26:29.641+0800][0.326s][info][gc,phases      ] GC(149) Phase 4: Move objects 0.029ms
[2026-01-06T17:26:29.641+0800][0.326s][info][gc             ] GC(149) Pause Full (Allocation Failure) 133M->4M(247M) 1.232ms
[2026-01-06T17:26:29.641+0800][0.326s][info][gc,heap        ] GC(148) DefNew: 67960K->0K(78720K)
[2026-01-06T17:26:29.641+0800][0.326s][info][gc,heap        ] GC(148) Tenured: 135329K->4257K(174784K)
[2026-01-06T17:26:29.641+0800][0.326s][info][gc,metaspace   ] GC(148) Metaspace: 3678K(4864K)->3678K(4864K) NonClass: 3358K(4352K)->3358K(4352K) Class: 320K(512K)->320K(512K)
[2026-01-06T17:26:29.641+0800][0.326s][info][gc             ] GC(148) Pause Young (Allocation Failure) 198M->4M(247M) 1.308ms
[2026-01-06T17:26:29.641+0800][0.326s][info][gc,cpu         ] GC(148) User=0.00s Sys=0.00s Real=0.01s
[2026-01-06T17:26:29.642+0800][0.328s][info][gc,start       ] GC(150) Pause Young (Allocation Failure)
[2026-01-06T17:26:29.643+0800][0.328s][info][gc,start       ] GC(151) Pause Full (Allocation Failure)
[2026-01-06T17:26:29.643+0800][0.328s][info][gc,phases,start] GC(151) Phase 1: Mark live objects
[2026-01-06T17:26:29.643+0800][0.329s][info][gc,phases      ] GC(151) Phase 1: Mark live objects 0.456ms
[2026-01-06T17:26:29.643+0800][0.329s][info][gc,phases,start] GC(151) Phase 2: Compute new object addresses
[2026-01-06T17:26:29.643+0800][0.329s][info][gc,phases      ] GC(151) Phase 2: Compute new object addresses 0.072ms
[2026-01-06T17:26:29.643+0800][0.329s][info][gc,phases,start] GC(151) Phase 3: Adjust pointers
[2026-01-06T17:26:29.644+0800][0.329s][info][gc,phases      ] GC(151) Phase 3: Adjust pointers 0.653ms
[2026-01-06T17:26:29.644+0800][0.329s][info][gc,phases,start] GC(151) Phase 4: Move objects
[2026-01-06T17:26:29.644+0800][0.329s][info][gc,phases      ] GC(151) Phase 4: Move objects 0.032ms
[2026-01-06T17:26:29.644+0800][0.329s][info][gc             ] GC(151) Pause Full (Allocation Failure) 133M->4M(247M) 1.234ms
[2026-01-06T17:26:29.644+0800][0.329s][info][gc,heap        ] GC(150) DefNew: 67960K->0K(78720K)
[2026-01-06T17:26:29.644+0800][0.329s][info][gc,heap        ] GC(150) Tenured: 135329K->4257K(174784K)
[2026-01-06T17:26:29.644+0800][0.329s][info][gc,metaspace   ] GC(150) Metaspace: 3678K(4864K)->3678K(4864K) NonClass: 3358K(4352K)->3358K(4352K) Class: 320K(512K)->320K(512K)
[2026-01-06T17:26:29.644+0800][0.329s][info][gc             ] GC(150) Pause Young (Allocation Failure) 198M->4M(247M) 1.309ms
[2026-01-06T17:26:29.644+0800][0.329s][info][gc,cpu         ] GC(150) User=0.00s Sys=0.00s Real=0.00s
[2026-01-06T17:26:29.646+0800][0.331s][info][gc,start       ] GC(152) Pause Young (Allocation Failure)
[2026-01-06T17:26:29.646+0800][0.331s][info][gc,start       ] GC(153) Pause Full (Allocation Failure)
[2026-01-06T17:26:29.646+0800][0.331s][info][gc,phases,start] GC(153) Phase 1: Mark live objects
[2026-01-06T17:26:29.646+0800][0.332s][info][gc,phases      ] GC(153) Phase 1: Mark live objects 0.462ms
[2026-01-06T17:26:29.646+0800][0.332s][info][gc,phases,start] GC(153) Phase 2: Compute new object addresses
[2026-01-06T17:26:29.646+0800][0.332s][info][gc,phases      ] GC(153) Phase 2: Compute new object addresses 0.076ms
[2026-01-06T17:26:29.646+0800][0.332s][info][gc,phases,start] GC(153) Phase 3: Adjust pointers
[2026-01-06T17:26:29.647+0800][0.332s][info][gc,phases      ] GC(153) Phase 3: Adjust pointers 0.652ms
[2026-01-06T17:26:29.647+0800][0.332s][info][gc,phases,start] GC(153) Phase 4: Move objects
[2026-01-06T17:26:29.647+0800][0.332s][info][gc,phases      ] GC(153) Phase 4: Move objects 0.029ms
[2026-01-06T17:26:29.647+0800][0.332s][info][gc             ] GC(153) Pause Full (Allocation Failure) 133M->4M(247M) 1.242ms
[2026-01-06T17:26:29.647+0800][0.332s][info][gc,heap        ] GC(152) DefNew: 67960K->0K(78720K)
[2026-01-06T17:26:29.647+0800][0.332s][info][gc,heap        ] GC(152) Tenured: 135329K->4257K(174784K)
[2026-01-06T17:26:29.647+0800][0.332s][info][gc,metaspace   ] GC(152) Metaspace: 3678K(4864K)->3678K(4864K) NonClass: 3358K(4352K)->3358K(4352K) Class: 320K(512K)->320K(512K)
[2026-01-06T17:26:29.647+0800][0.332s][info][gc             ] GC(152) Pause Young (Allocation Failure) 198M->4M(247M) 1.319ms
[2026-01-06T17:26:29.647+0800][0.332s][info][gc,cpu         ] GC(152) User=0.00s Sys=0.00s Real=0.00s
[2026-01-06T17:26:29.649+0800][0.334s][info][gc,start       ] GC(154) Pause Young (Allocation Failure)
[2026-01-06T17:26:29.649+0800][0.334s][info][gc,start       ] GC(155) Pause Full (Allocation Failure)
[2026-01-06T17:26:29.649+0800][0.334s][info][gc,phases,start] GC(155) Phase 1: Mark live objects
[2026-01-06T17:26:29.649+0800][0.335s][info][gc,phases      ] GC(155) Phase 1: Mark live objects 0.454ms
[2026-01-06T17:26:29.649+0800][0.335s][info][gc,phases,start] GC(155) Phase 2: Compute new object addresses
[2026-01-06T17:26:29.649+0800][0.335s][info][gc,phases      ] GC(155) Phase 2: Compute new object addresses 0.073ms
[2026-01-06T17:26:29.649+0800][0.335s][info][gc,phases,start] GC(155) Phase 3: Adjust pointers
[2026-01-06T17:26:29.650+0800][0.335s][info][gc,phases      ] GC(155) Phase 3: Adjust pointers 0.648ms
[2026-01-06T17:26:29.650+0800][0.335s][info][gc,phases,start] GC(155) Phase 4: Move objects
[2026-01-06T17:26:29.650+0800][0.336s][info][gc,phases      ] GC(155) Phase 4: Move objects 0.029ms
[2026-01-06T17:26:29.650+0800][0.336s][info][gc             ] GC(155) Pause Full (Allocation Failure) 133M->4M(247M) 1.226ms
[2026-01-06T17:26:29.650+0800][0.336s][info][gc,heap        ] GC(154) DefNew: 67960K->0K(78720K)
[2026-01-06T17:26:29.650+0800][0.336s][info][gc,heap        ] GC(154) Tenured: 135329K->4257K(174784K)
[2026-01-06T17:26:29.650+0800][0.336s][info][gc,metaspace   ] GC(154) Metaspace: 3678K(4864K)->3678K(4864K) NonClass: 3358K(4352K)->3358K(4352K) Class: 320K(512K)->320K(512K)
[2026-01-06T17:26:29.650+0800][0.336s][info][gc             ] GC(154) Pause Young (Allocation Failure) 198M->4M(247M) 1.304ms
[2026-01-06T17:26:29.650+0800][0.336s][info][gc,cpu         ] GC(154) User=0.00s Sys=0.00s Real=0.01s
[2026-01-06T17:26:29.652+0800][0.337s][info][gc,start       ] GC(156) Pause Young (Allocation Failure)
[2026-01-06T17:26:29.652+0800][0.337s][info][gc,start       ] GC(157) Pause Full (Allocation Failure)
[2026-01-06T17:26:29.652+0800][0.337s][info][gc,phases,start] GC(157) Phase 1: Mark live objects
[2026-01-06T17:26:29.652+0800][0.338s][info][gc,phases      ] GC(157) Phase 1: Mark live objects 0.458ms
[2026-01-06T17:26:29.652+0800][0.338s][info][gc,phases,start] GC(157) Phase 2: Compute new object addresses
[2026-01-06T17:26:29.652+0800][0.338s][info][gc,phases      ] GC(157) Phase 2: Compute new object addresses 0.073ms
[2026-01-06T17:26:29.652+0800][0.338s][info][gc,phases,start] GC(157) Phase 3: Adjust pointers
[2026-01-06T17:26:29.653+0800][0.339s][info][gc,phases      ] GC(157) Phase 3: Adjust pointers 0.651ms
[2026-01-06T17:26:29.653+0800][0.339s][info][gc,phases,start] GC(157) Phase 4: Move objects
[2026-01-06T17:26:29.653+0800][0.339s][info][gc,phases      ] GC(157) Phase 4: Move objects 0.029ms
[2026-01-06T17:26:29.653+0800][0.339s][info][gc             ] GC(157) Pause Full (Allocation Failure) 133M->4M(247M) 1.232ms
[2026-01-06T17:26:29.653+0800][0.339s][info][gc,heap        ] GC(156) DefNew: 67960K->0K(78720K)
[2026-01-06T17:26:29.653+0800][0.339s][info][gc,heap        ] GC(156) Tenured: 135329K->4257K(174784K)
[2026-01-06T17:26:29.653+0800][0.339s][info][gc,metaspace   ] GC(156) Metaspace: 3678K(4864K)->3678K(4864K) NonClass: 3358K(4352K)->3358K(4352K) Class: 320K(512K)->320K(512K)
[2026-01-06T17:26:29.653+0800][0.339s][info][gc             ] GC(156) Pause Young (Allocation Failure) 198M->4M(247M) 1.307ms
[2026-01-06T17:26:29.653+0800][0.339s][info][gc,cpu         ] GC(156) User=0.00s Sys=0.00s Real=0.00s
[2026-01-06T17:26:29.655+0800][0.341s][info][gc,start       ] GC(158) Pause Young (Allocation Failure)
[2026-01-06T17:26:29.655+0800][0.341s][info][gc,start       ] GC(159) Pause Full (Allocation Failure)
[2026-01-06T17:26:29.655+0800][0.341s][info][gc,phases,start] GC(159) Phase 1: Mark live objects
[2026-01-06T17:26:29.655+0800][0.341s][info][gc,phases      ] GC(159) Phase 1: Mark live objects 0.456ms
[2026-01-06T17:26:29.655+0800][0.341s][info][gc,phases,start] GC(159) Phase 2: Compute new object addresses
[2026-01-06T17:26:29.656+0800][0.341s][info][gc,phases      ] GC(159) Phase 2: Compute new object addresses 0.073ms
[2026-01-06T17:26:29.656+0800][0.341s][info][gc,phases,start] GC(159) Phase 3: Adjust pointers
[2026-01-06T17:26:29.656+0800][0.342s][info][gc,phases      ] GC(159) Phase 3: Adjust pointers 0.652ms
[2026-01-06T17:26:29.656+0800][0.342s][info][gc,phases,start] GC(159) Phase 4: Move objects
[2026-01-06T17:26:29.656+0800][0.342s][info][gc,phases      ] GC(159) Phase 4: Move objects 0.029ms
[2026-01-06T17:26:29.656+0800][0.342s][info][gc             ] GC(159) Pause Full (Allocation Failure) 133M->4M(247M) 1.232ms
[2026-01-06T17:26:29.656+0800][0.342s][info][gc,heap        ] GC(158) DefNew: 67960K->0K(78720K)
[2026-01-06T17:26:29.656+0800][0.342s][info][gc,heap        ] GC(158) Tenured: 135329K->4257K(174784K)
[2026-01-06T17:26:29.656+0800][0.342s][info][gc,metaspace   ] GC(158) Metaspace: 3678K(4864K)->3678K(4864K) NonClass: 3358K(4352K)->3358K(4352K) Class: 320K(512K)->320K(512K)
[2026-01-06T17:26:29.656+0800][0.342s][info][gc             ] GC(158) Pause Young (Allocation Failure) 198M->4M(247M) 1.306ms
[2026-01-06T17:26:29.656+0800][0.342s][info][gc,cpu         ] GC(158) User=0.00s Sys=0.00s Real=0.00s
[2026-01-06T17:26:29.658+0800][0.344s][info][gc,start       ] GC(160) Pause Young (Allocation Failure)
[2026-01-06T17:26:29.658+0800][0.344s][info][gc,start       ] GC(161) Pause Full (Allocation Failure)
[2026-01-06T17:26:29.658+0800][0.344s][info][gc,phases,start] GC(161) Phase 1: Mark live objects
[2026-01-06T17:26:29.659+0800][0.344s][info][gc,phases      ] GC(161) Phase 1: Mark live objects 0.453ms
[2026-01-06T17:26:29.659+0800][0.344s][info][gc,phases,start] GC(161) Phase 2: Compute new object addresses
[2026-01-06T17:26:29.659+0800][0.344s][info][gc,phases      ] GC(161) Phase 2: Compute new object addresses 0.073ms
[2026-01-06T17:26:29.659+0800][0.344s][info][gc,phases,start] GC(161) Phase 3: Adjust pointers
[2026-01-06T17:26:29.659+0800][0.345s][info][gc,phases      ] GC(161) Phase 3: Adjust pointers 0.650ms
[2026-01-06T17:26:29.659+0800][0.345s][info][gc,phases,start] GC(161) Phase 4: Move objects
[2026-01-06T17:26:29.659+0800][0.345s][info][gc,phases      ] GC(161) Phase 4: Move objects 0.029ms
[2026-01-06T17:26:29.659+0800][0.345s][info][gc             ] GC(161) Pause Full (Allocation Failure) 133M->4M(247M) 1.229ms
[2026-01-06T17:26:29.659+0800][0.345s][info][gc,heap        ] GC(160) DefNew: 67960K->0K(78720K)
[2026-01-06T17:26:29.659+0800][0.345s][info][gc,heap        ] GC(160) Tenured: 135329K->4257K(174784K)
[2026-01-06T17:26:29.659+0800][0.345s][info][gc,metaspace   ] GC(160) Metaspace: 3678K(4864K)->3678K(4864K) NonClass: 3358K(4352K)->3358K(4352K) Class: 320K(512K)->320K(512K)
[2026-01-06T17:26:29.659+0800][0.345s][info][gc             ] GC(160) Pause Young (Allocation Failure) 198M->4M(247M) 1.305ms
[2026-01-06T17:26:29.659+0800][0.345s][info][gc,cpu         ] GC(160) User=0.00s Sys=0.00s Real=0.00s
[2026-01-06T17:26:29.661+0800][0.347s][info][gc,start       ] GC(162) Pause Young (Allocation Failure)
[2026-01-06T17:26:29.661+0800][0.347s][info][gc,start       ] GC(163) Pause Full (Allocation Failure)
[2026-01-06T17:26:29.661+0800][0.347s][info][gc,phases,start] GC(163) Phase 1: Mark live objects
[2026-01-06T17:26:29.662+0800][0.347s][info][gc,phases      ] GC(163) Phase 1: Mark live objects 0.453ms
[2026-01-06T17:26:29.662+0800][0.347s][info][gc,phases,start] GC(163) Phase 2: Compute new object addresses
[2026-01-06T17:26:29.662+0800][0.347s][info][gc,phases      ] GC(163) Phase 2: Compute new object addresses 0.073ms
[2026-01-06T17:26:29.662+0800][0.347s][info][gc,phases,start] GC(163) Phase 3: Adjust pointers
[2026-01-06T17:26:29.662+0800][0.348s][info][gc,phases      ] GC(163) Phase 3: Adjust pointers 0.665ms
[2026-01-06T17:26:29.662+0800][0.348s][info][gc,phases,start] GC(163) Phase 4: Move objects
[2026-01-06T17:26:29.662+0800][0.348s][info][gc,phases      ] GC(163) Phase 4: Move objects 0.029ms
[2026-01-06T17:26:29.662+0800][0.348s][info][gc             ] GC(163) Pause Full (Allocation Failure) 133M->4M(247M) 1.242ms
[2026-01-06T17:26:29.662+0800][0.348s][info][gc,heap        ] GC(162) DefNew: 67960K->0K(78720K)
[2026-01-06T17:26:29.662+0800][0.348s][info][gc,heap        ] GC(162) Tenured: 135329K->4257K(174784K)
[2026-01-06T17:26:29.662+0800][0.348s][info][gc,metaspace   ] GC(162) Metaspace: 3678K(4864K)->3678K(4864K) NonClass: 3358K(4352K)->3358K(4352K) Class: 320K(512K)->320K(512K)
[2026-01-06T17:26:29.662+0800][0.348s][info][gc             ] GC(162) Pause Young (Allocation Failure) 198M->4M(247M) 1.318ms
[2026-01-06T17:26:29.662+0800][0.348s][info][gc,cpu         ] GC(162) User=0.01s Sys=0.00s Real=0.00s
[2026-01-06T17:26:29.664+0800][0.350s][info][gc,start       ] GC(164) Pause Young (Allocation Failure)
[2026-01-06T17:26:29.664+0800][0.350s][info][gc,start       ] GC(165) Pause Full (Allocation Failure)
[2026-01-06T17:26:29.664+0800][0.350s][info][gc,phases,start] GC(165) Phase 1: Mark live objects
[2026-01-06T17:26:29.665+0800][0.350s][info][gc,phases      ] GC(165) Phase 1: Mark live objects 0.454ms
[2026-01-06T17:26:29.665+0800][0.350s][info][gc,phases,start] GC(165) Phase 2: Compute new object addresses
[2026-01-06T17:26:29.665+0800][0.350s][info][gc,phases      ] GC(165) Phase 2: Compute new object addresses 0.073ms
[2026-01-06T17:26:29.665+0800][0.350s][info][gc,phases,start] GC(165) Phase 3: Adjust pointers
[2026-01-06T17:26:29.665+0800][0.351s][info][gc,phases      ] GC(165) Phase 3: Adjust pointers 0.649ms
[2026-01-06T17:26:29.665+0800][0.351s][info][gc,phases,start] GC(165) Phase 4: Move objects
[2026-01-06T17:26:29.665+0800][0.351s][info][gc,phases      ] GC(165) Phase 4: Move objects 0.029ms
[2026-01-06T17:26:29.665+0800][0.351s][info][gc             ] GC(165) Pause Full (Allocation Failure) 133M->4M(247M) 1.228ms
[2026-01-06T17:26:29.665+0800][0.351s][info][gc,heap        ] GC(164) DefNew: 67960K->0K(78720K)
[2026-01-06T17:26:29.665+0800][0.351s][info][gc,heap        ] GC(164) Tenured: 135329K->4257K(174784K)
[2026-01-06T17:26:29.665+0800][0.351s][info][gc,metaspace   ] GC(164) Metaspace: 3678K(4864K)->3678K(4864K) NonClass: 3358K(4352K)->3358K(4352K) Class: 320K(512K)->320K(512K)
[2026-01-06T17:26:29.665+0800][0.351s][info][gc             ] GC(164) Pause Young (Allocation Failure) 198M->4M(247M) 1.303ms
[2026-01-06T17:26:29.665+0800][0.351s][info][gc,cpu         ] GC(164) User=0.00s Sys=0.00s Real=0.00s
[2026-01-06T17:26:29.667+0800][0.353s][info][gc,start       ] GC(166) Pause Young (Allocation Failure)
[2026-01-06T17:26:29.667+0800][0.353s][info][gc,start       ] GC(167) Pause Full (Allocation Failure)
[2026-01-06T17:26:29.667+0800][0.353s][info][gc,phases,start] GC(167) Phase 1: Mark live objects
[2026-01-06T17:26:29.668+0800][0.353s][info][gc,phases      ] GC(167) Phase 1: Mark live objects 0.454ms
[2026-01-06T17:26:29.668+0800][0.353s][info][gc,phases,start] GC(167) Phase 2: Compute new object addresses
[2026-01-06T17:26:29.668+0800][0.353s][info][gc,phases      ] GC(167) Phase 2: Compute new object addresses 0.073ms
[2026-01-06T17:26:29.668+0800][0.353s][info][gc,phases,start] GC(167) Phase 3: Adjust pointers
[2026-01-06T17:26:29.669+0800][0.354s][info][gc,phases      ] GC(167) Phase 3: Adjust pointers 0.653ms
[2026-01-06T17:26:29.669+0800][0.354s][info][gc,phases,start] GC(167) Phase 4: Move objects
[2026-01-06T17:26:29.669+0800][0.354s][info][gc,phases      ] GC(167) Phase 4: Move objects 0.029ms
[2026-01-06T17:26:29.669+0800][0.354s][info][gc             ] GC(167) Pause Full (Allocation Failure) 133M->4M(247M) 1.230ms
[2026-01-06T17:26:29.669+0800][0.354s][info][gc,heap        ] GC(166) DefNew: 67960K->0K(78720K)
[2026-01-06T17:26:29.669+0800][0.354s][info][gc,heap        ] GC(166) Tenured: 135329K->4257K(174784K)
[2026-01-06T17:26:29.669+0800][0.354s][info][gc,metaspace   ] GC(166) Metaspace: 3678K(4864K)->3678K(4864K) NonClass: 3358K(4352K)->3358K(4352K) Class: 320K(512K)->320K(512K)
[2026-01-06T17:26:29.669+0800][0.354s][info][gc             ] GC(166) Pause Young (Allocation Failure) 198M->4M(247M) 1.304ms
[2026-01-06T17:26:29.669+0800][0.354s][info][gc,cpu         ] GC(166) User=0.00s Sys=0.00s Real=0.00s
[2026-01-06T17:26:29.670+0800][0.356s][info][gc,start       ] GC(168) Pause Young (Allocation Failure)
[2026-01-06T17:26:29.670+0800][0.356s][info][gc,start       ] GC(169) Pause Full (Allocation Failure)
[2026-01-06T17:26:29.670+0800][0.356s][info][gc,phases,start] GC(169) Phase 1: Mark live objects
[2026-01-06T17:26:29.671+0800][0.356s][info][gc,phases      ] GC(169) Phase 1: Mark live objects 0.456ms
[2026-01-06T17:26:29.671+0800][0.356s][info][gc,phases,start] GC(169) Phase 2: Compute new object addresses
[2026-01-06T17:26:29.671+0800][0.357s][info][gc,phases      ] GC(169) Phase 2: Compute new object addresses 0.073ms
[2026-01-06T17:26:29.671+0800][0.357s][info][gc,phases,start] GC(169) Phase 3: Adjust pointers
[2026-01-06T17:26:29.672+0800][0.357s][info][gc,phases      ] GC(169) Phase 3: Adjust pointers 0.649ms
[2026-01-06T17:26:29.672+0800][0.357s][info][gc,phases,start] GC(169) Phase 4: Move objects
[2026-01-06T17:26:29.672+0800][0.357s][info][gc,phases      ] GC(169) Phase 4: Move objects 0.029ms
[2026-01-06T17:26:29.672+0800][0.357s][info][gc             ] GC(169) Pause Full (Allocation Failure) 133M->4M(247M) 1.229ms
[2026-01-06T17:26:29.672+0800][0.357s][info][gc,heap        ] GC(168) DefNew: 67960K->0K(78720K)
[2026-01-06T17:26:29.672+0800][0.357s][info][gc,heap        ] GC(168) Tenured: 135329K->4257K(174784K)
[2026-01-06T17:26:29.672+0800][0.357s][info][gc,metaspace   ] GC(168) Metaspace: 3678K(4864K)->3678K(4864K) NonClass: 3358K(4352K)->3358K(4352K) Class: 320K(512K)->320K(512K)
[2026-01-06T17:26:29.672+0800][0.357s][info][gc             ] GC(168) Pause Young (Allocation Failure) 198M->4M(247M) 1.303ms
[2026-01-06T17:26:29.672+0800][0.357s][info][gc,cpu         ] GC(168) User=0.00s Sys=0.00s Real=0.00s
[2026-01-06T17:26:29.673+0800][0.359s][info][gc,start       ] GC(170) Pause Young (Allocation Failure)
[2026-01-06T17:26:29.673+0800][0.359s][info][gc,start       ] GC(171) Pause Full (Allocation Failure)
[2026-01-06T17:26:29.673+0800][0.359s][info][gc,phases,start] GC(171) Phase 1: Mark live objects
[2026-01-06T17:26:29.674+0800][0.360s][info][gc,phases      ] GC(171) Phase 1: Mark live objects 0.454ms
[2026-01-06T17:26:29.674+0800][0.360s][info][gc,phases,start] GC(171) Phase 2: Compute new object addresses
[2026-01-06T17:26:29.674+0800][0.360s][info][gc,phases      ] GC(171) Phase 2: Compute new object addresses 0.073ms
[2026-01-06T17:26:29.674+0800][0.360s][info][gc,phases,start] GC(171) Phase 3: Adjust pointers
[2026-01-06T17:26:29.675+0800][0.360s][info][gc,phases      ] GC(171) Phase 3: Adjust pointers 0.653ms
[2026-01-06T17:26:29.675+0800][0.360s][info][gc,phases,start] GC(171) Phase 4: Move objects
[2026-01-06T17:26:29.675+0800][0.360s][info][gc,phases      ] GC(171) Phase 4: Move objects 0.028ms
[2026-01-06T17:26:29.675+0800][0.360s][info][gc             ] GC(171) Pause Full (Allocation Failure) 133M->4M(247M) 1.230ms
[2026-01-06T17:26:29.675+0800][0.360s][info][gc,heap        ] GC(170) DefNew: 67960K->0K(78720K)
[2026-01-06T17:26:29.675+0800][0.360s][info][gc,heap        ] GC(170) Tenured: 135329K->4257K(174784K)
[2026-01-06T17:26:29.675+0800][0.360s][info][gc,metaspace   ] GC(170) Metaspace: 3678K(4864K)->3678K(4864K) NonClass: 3358K(4352K)->3358K(4352K) Class: 320K(512K)->320K(512K)
[2026-01-06T17:26:29.675+0800][0.360s][info][gc             ] GC(170) Pause Young (Allocation Failure) 198M->4M(247M) 1.308ms
[2026-01-06T17:26:29.675+0800][0.360s][info][gc,cpu         ] GC(170) User=0.00s Sys=0.00s Real=0.00s
[2026-01-06T17:26:29.676+0800][0.362s][info][gc,start       ] GC(172) Pause Young (Allocation Failure)
[2026-01-06T17:26:29.677+0800][0.362s][info][gc,start       ] GC(173) Pause Full (Allocation Failure)
[2026-01-06T17:26:29.677+0800][0.362s][info][gc,phases,start] GC(173) Phase 1: Mark live objects
[2026-01-06T17:26:29.677+0800][0.363s][info][gc,phases      ] GC(173) Phase 1: Mark live objects 0.455ms
[2026-01-06T17:26:29.677+0800][0.363s][info][gc,phases,start] GC(173) Phase 2: Compute new object addresses
[2026-01-06T17:26:29.677+0800][0.363s][info][gc,phases      ] GC(173) Phase 2: Compute new object addresses 0.073ms
[2026-01-06T17:26:29.677+0800][0.363s][info][gc,phases,start] GC(173) Phase 3: Adjust pointers
[2026-01-06T17:26:29.678+0800][0.363s][info][gc,phases      ] GC(173) Phase 3: Adjust pointers 0.650ms
[2026-01-06T17:26:29.678+0800][0.363s][info][gc,phases,start] GC(173) Phase 4: Move objects
[2026-01-06T17:26:29.678+0800][0.363s][info][gc,phases      ] GC(173) Phase 4: Move objects 0.028ms
[2026-01-06T17:26:29.678+0800][0.363s][info][gc             ] GC(173) Pause Full (Allocation Failure) 133M->4M(247M) 1.230ms
[2026-01-06T17:26:29.678+0800][0.363s][info][gc,heap        ] GC(172) DefNew: 67960K->0K(78720K)
[2026-01-06T17:26:29.678+0800][0.363s][info][gc,heap        ] GC(172) Tenured: 135329K->4257K(174784K)
[2026-01-06T17:26:29.678+0800][0.363s][info][gc,metaspace   ] GC(172) Metaspace: 3678K(4864K)->3678K(4864K) NonClass: 3358K(4352K)->3358K(4352K) Class: 320K(512K)->320K(512K)
[2026-01-06T17:26:29.678+0800][0.363s][info][gc             ] GC(172) Pause Young (Allocation Failure) 198M->4M(247M) 1.305ms
[2026-01-06T17:26:29.678+0800][0.363s][info][gc,cpu         ] GC(172) User=0.00s Sys=0.00s Real=0.00s
[2026-01-06T17:26:29.680+0800][0.365s][info][gc,start       ] GC(174) Pause Young (Allocation Failure)
[2026-01-06T17:26:29.680+0800][0.365s][info][gc,start       ] GC(175) Pause Full (Allocation Failure)
[2026-01-06T17:26:29.680+0800][0.365s][info][gc,phases,start] GC(175) Phase 1: Mark live objects
[2026-01-06T17:26:29.680+0800][0.366s][info][gc,phases      ] GC(175) Phase 1: Mark live objects 0.452ms
[2026-01-06T17:26:29.680+0800][0.366s][info][gc,phases,start] GC(175) Phase 2: Compute new object addresses
[2026-01-06T17:26:29.680+0800][0.366s][info][gc,phases      ] GC(175) Phase 2: Compute new object addresses 0.070ms
[2026-01-06T17:26:29.680+0800][0.366s][info][gc,phases,start] GC(175) Phase 3: Adjust pointers
[2026-01-06T17:26:29.681+0800][0.366s][info][gc,phases      ] GC(175) Phase 3: Adjust pointers 0.653ms
[2026-01-06T17:26:29.681+0800][0.366s][info][gc,phases,start] GC(175) Phase 4: Move objects
[2026-01-06T17:26:29.681+0800][0.366s][info][gc,phases      ] GC(175) Phase 4: Move objects 0.029ms
[2026-01-06T17:26:29.681+0800][0.366s][info][gc             ] GC(175) Pause Full (Allocation Failure) 133M->4M(247M) 1.228ms
[2026-01-06T17:26:29.681+0800][0.366s][info][gc,heap        ] GC(174) DefNew: 67960K->0K(78720K)
[2026-01-06T17:26:29.681+0800][0.366s][info][gc,heap        ] GC(174) Tenured: 135329K->4257K(174784K)
[2026-01-06T17:26:29.681+0800][0.366s][info][gc,metaspace   ] GC(174) Metaspace: 3678K(4864K)->3678K(4864K) NonClass: 3358K(4352K)->3358K(4352K) Class: 320K(512K)->320K(512K)
[2026-01-06T17:26:29.681+0800][0.366s][info][gc             ] GC(174) Pause Young (Allocation Failure) 198M->4M(247M) 1.306ms
[2026-01-06T17:26:29.681+0800][0.366s][info][gc,cpu         ] GC(174) User=0.00s Sys=0.00s Real=0.00s
[2026-01-06T17:26:29.683+0800][0.368s][info][gc,start       ] GC(176) Pause Young (Allocation Failure)
[2026-01-06T17:26:29.683+0800][0.368s][info][gc,start       ] GC(177) Pause Full (Allocation Failure)
[2026-01-06T17:26:29.683+0800][0.368s][info][gc,phases,start] GC(177) Phase 1: Mark live objects
[2026-01-06T17:26:29.683+0800][0.369s][info][gc,phases      ] GC(177) Phase 1: Mark live objects 0.457ms
[2026-01-06T17:26:29.683+0800][0.369s][info][gc,phases,start] GC(177) Phase 2: Compute new object addresses
[2026-01-06T17:26:29.683+0800][0.369s][info][gc,phases      ] GC(177) Phase 2: Compute new object addresses 0.085ms
[2026-01-06T17:26:29.683+0800][0.369s][info][gc,phases,start] GC(177) Phase 3: Adjust pointers
[2026-01-06T17:26:29.684+0800][0.370s][info][gc,phases      ] GC(177) Phase 3: Adjust pointers 0.678ms
[2026-01-06T17:26:29.687+0800][0.372s][info][gc,phases,start] GC(177) Phase 4: Move objects
[2026-01-06T17:26:29.687+0800][0.372s][info][gc,phases      ] GC(177) Phase 4: Move objects 0.097ms
[2026-01-06T17:26:29.687+0800][0.372s][info][gc             ] GC(177) Pause Full (Allocation Failure) 133M->4M(247M) 3.927ms
[2026-01-06T17:26:29.687+0800][0.372s][info][gc,heap        ] GC(176) DefNew: 67960K->0K(78720K)
[2026-01-06T17:26:29.687+0800][0.372s][info][gc,heap        ] GC(176) Tenured: 135329K->4257K(174784K)
[2026-01-06T17:26:29.687+0800][0.372s][info][gc,metaspace   ] GC(176) Metaspace: 3678K(4864K)->3678K(4864K) NonClass: 3358K(4352K)->3358K(4352K) Class: 320K(512K)->320K(512K)
[2026-01-06T17:26:29.687+0800][0.372s][info][gc             ] GC(176) Pause Young (Allocation Failure) 198M->4M(247M) 4.015ms
[2026-01-06T17:26:29.687+0800][0.372s][info][gc,cpu         ] GC(176) User=0.00s Sys=0.00s Real=0.00s
[2026-01-06T17:26:29.689+0800][0.374s][info][gc,start       ] GC(178) Pause Young (Allocation Failure)
[2026-01-06T17:26:29.689+0800][0.374s][info][gc,start       ] GC(179) Pause Full (Allocation Failure)
[2026-01-06T17:26:29.689+0800][0.374s][info][gc,phases,start] GC(179) Phase 1: Mark live objects
[2026-01-06T17:26:29.689+0800][0.375s][info][gc,phases      ] GC(179) Phase 1: Mark live objects 0.457ms
[2026-01-06T17:26:29.692+0800][0.377s][info][gc,phases,start] GC(179) Phase 2: Compute new object addresses
[2026-01-06T17:26:29.692+0800][0.377s][info][gc,phases      ] GC(179) Phase 2: Compute new object addresses 0.123ms
[2026-01-06T17:26:29.692+0800][0.377s][info][gc,phases,start] GC(179) Phase 3: Adjust pointers
[2026-01-06T17:26:29.692+0800][0.378s][info][gc,phases      ] GC(179) Phase 3: Adjust pointers 0.653ms
[2026-01-06T17:26:29.693+0800][0.378s][info][gc,phases,start] GC(179) Phase 4: Move objects
[2026-01-06T17:26:29.693+0800][0.378s][info][gc,phases      ] GC(179) Phase 4: Move objects 0.049ms
[2026-01-06T17:26:29.693+0800][0.378s][info][gc             ] GC(179) Pause Full (Allocation Failure) 133M->4M(247M) 4.187ms
[2026-01-06T17:26:29.693+0800][0.378s][info][gc,heap        ] GC(178) DefNew: 67960K->0K(78720K)
[2026-01-06T17:26:29.693+0800][0.378s][info][gc,heap        ] GC(178) Tenured: 135329K->4257K(174784K)
[2026-01-06T17:26:29.693+0800][0.378s][info][gc,metaspace   ] GC(178) Metaspace: 3678K(4864K)->3678K(4864K) NonClass: 3358K(4352K)->3358K(4352K) Class: 320K(512K)->320K(512K)
[2026-01-06T17:26:29.693+0800][0.378s][info][gc             ] GC(178) Pause Young (Allocation Failure) 198M->4M(247M) 4.272ms
[2026-01-06T17:26:29.693+0800][0.378s][info][gc,cpu         ] GC(178) User=0.00s Sys=0.00s Real=0.01s
[2026-01-06T17:26:29.695+0800][0.380s][info][gc,start       ] GC(180) Pause Young (Allocation Failure)
[2026-01-06T17:26:29.697+0800][0.382s][info][gc,start       ] GC(181) Pause Full (Allocation Failure)
[2026-01-06T17:26:29.697+0800][0.382s][info][gc,phases,start] GC(181) Phase 1: Mark live objects
[2026-01-06T17:26:29.697+0800][0.383s][info][gc,phases      ] GC(181) Phase 1: Mark live objects 0.457ms
[2026-01-06T17:26:29.697+0800][0.383s][info][gc,phases,start] GC(181) Phase 2: Compute new object addresses
[2026-01-06T17:26:29.698+0800][0.383s][info][gc,phases      ] GC(181) Phase 2: Compute new object addresses 0.076ms
[2026-01-06T17:26:29.698+0800][0.383s][info][gc,phases,start] GC(181) Phase 3: Adjust pointers
[2026-01-06T17:26:29.698+0800][0.384s][info][gc,phases      ] GC(181) Phase 3: Adjust pointers 0.651ms
[2026-01-06T17:26:29.701+0800][0.386s][info][gc,phases,start] GC(181) Phase 4: Move objects
[2026-01-06T17:26:29.701+0800][0.386s][info][gc,phases      ] GC(181) Phase 4: Move objects 0.101ms
[2026-01-06T17:26:29.701+0800][0.386s][info][gc             ] GC(181) Pause Full (Allocation Failure) 133M->4M(247M) 3.922ms
[2026-01-06T17:26:29.701+0800][0.386s][info][gc,heap        ] GC(180) DefNew: 67960K->0K(78720K)
[2026-01-06T17:26:29.701+0800][0.386s][info][gc,heap        ] GC(180) Tenured: 135329K->4257K(174784K)
[2026-01-06T17:26:29.701+0800][0.386s][info][gc,metaspace   ] GC(180) Metaspace: 3678K(4864K)->3678K(4864K) NonClass: 3358K(4352K)->3358K(4352K) Class: 320K(512K)->320K(512K)
[2026-01-06T17:26:29.701+0800][0.386s][info][gc             ] GC(180) Pause Young (Allocation Failure) 198M->4M(247M) 6.048ms
[2026-01-06T17:26:29.701+0800][0.386s][info][gc,cpu         ] GC(180) User=0.00s Sys=0.00s Real=0.01s
[2026-01-06T17:26:29.703+0800][0.388s][info][gc,start       ] GC(182) Pause Young (Allocation Failure)
[2026-01-06T17:26:29.703+0800][0.388s][info][gc,start       ] GC(183) Pause Full (Allocation Failure)
[2026-01-06T17:26:29.703+0800][0.388s][info][gc,phases,start] GC(183) Phase 1: Mark live objects
[2026-01-06T17:26:29.703+0800][0.389s][info][gc,phases      ] GC(183) Phase 1: Mark live objects 0.457ms
[2026-01-06T17:26:29.703+0800][0.389s][info][gc,phases,start] GC(183) Phase 2: Compute new object addresses
[2026-01-06T17:26:29.703+0800][0.389s][info][gc,phases      ] GC(183) Phase 2: Compute new object addresses 0.071ms
[2026-01-06T17:26:29.703+0800][0.389s][info][gc,phases,start] GC(183) Phase 3: Adjust pointers
[2026-01-06T17:26:29.704+0800][0.389s][info][gc,phases      ] GC(183) Phase 3: Adjust pointers 0.653ms
[2026-01-06T17:26:29.704+0800][0.389s][info][gc,phases,start] GC(183) Phase 4: Move objects
[2026-01-06T17:26:29.704+0800][0.389s][info][gc,phases      ] GC(183) Phase 4: Move objects 0.031ms
[2026-01-06T17:26:29.704+0800][0.389s][info][gc             ] GC(183) Pause Full (Allocation Failure) 133M->4M(247M) 1.233ms
[2026-01-06T17:26:29.704+0800][0.389s][info][gc,heap        ] GC(182) DefNew: 67960K->0K(78720K)
[2026-01-06T17:26:29.704+0800][0.389s][info][gc,heap        ] GC(182) Tenured: 135329K->4257K(174784K)
[2026-01-06T17:26:29.704+0800][0.389s][info][gc,metaspace   ] GC(182) Metaspace: 3678K(4864K)->3678K(4864K) NonClass: 3358K(4352K)->3358K(4352K) Class: 320K(512K)->320K(512K)
[2026-01-06T17:26:29.704+0800][0.389s][info][gc             ] GC(182) Pause Young (Allocation Failure) 198M->4M(247M) 1.309ms
[2026-01-06T17:26:29.704+0800][0.389s][info][gc,cpu         ] GC(182) User=0.00s Sys=0.00s Real=0.00s
[2026-01-06T17:26:29.706+0800][0.391s][info][gc,start       ] GC(184) Pause Young (Allocation Failure)
[2026-01-06T17:26:29.706+0800][0.391s][info][gc,start       ] GC(185) Pause Full (Allocation Failure)
[2026-01-06T17:26:29.706+0800][0.391s][info][gc,phases,start] GC(185) Phase 1: Mark live objects
[2026-01-06T17:26:29.706+0800][0.392s][info][gc,phases      ] GC(185) Phase 1: Mark live objects 0.458ms
[2026-01-06T17:26:29.706+0800][0.392s][info][gc,phases,start] GC(185) Phase 2: Compute new object addresses
[2026-01-06T17:26:29.706+0800][0.392s][info][gc,phases      ] GC(185) Phase 2: Compute new object addresses 0.075ms
[2026-01-06T17:26:29.706+0800][0.392s][info][gc,phases,start] GC(185) Phase 3: Adjust pointers
[2026-01-06T17:26:29.707+0800][0.392s][info][gc,phases      ] GC(185) Phase 3: Adjust pointers 0.650ms
[2026-01-06T17:26:29.707+0800][0.392s][info][gc,phases,start] GC(185) Phase 4: Move objects
[2026-01-06T17:26:29.707+0800][0.392s][info][gc,phases      ] GC(185) Phase 4: Move objects 0.030ms
[2026-01-06T17:26:29.707+0800][0.392s][info][gc             ] GC(185) Pause Full (Allocation Failure) 133M->4M(247M) 1.233ms
[2026-01-06T17:26:29.707+0800][0.392s][info][gc,heap        ] GC(184) DefNew: 67960K->0K(78720K)
[2026-01-06T17:26:29.707+0800][0.392s][info][gc,heap        ] GC(184) Tenured: 135329K->4257K(174784K)
[2026-01-06T17:26:29.707+0800][0.392s][info][gc,metaspace   ] GC(184) Metaspace: 3678K(4864K)->3678K(4864K) NonClass: 3358K(4352K)->3358K(4352K) Class: 320K(512K)->320K(512K)
[2026-01-06T17:26:29.707+0800][0.392s][info][gc             ] GC(184) Pause Young (Allocation Failure) 198M->4M(247M) 1.311ms
[2026-01-06T17:26:29.707+0800][0.392s][info][gc,cpu         ] GC(184) User=0.00s Sys=0.00s Real=0.00s
[2026-01-06T17:26:29.709+0800][0.394s][info][gc,start       ] GC(186) Pause Young (Allocation Failure)
[2026-01-06T17:26:29.709+0800][0.394s][info][gc,start       ] GC(187) Pause Full (Allocation Failure)
[2026-01-06T17:26:29.709+0800][0.394s][info][gc,phases,start] GC(187) Phase 1: Mark live objects
[2026-01-06T17:26:29.709+0800][0.395s][info][gc,phases      ] GC(187) Phase 1: Mark live objects 0.455ms
[2026-01-06T17:26:29.709+0800][0.395s][info][gc,phases,start] GC(187) Phase 2: Compute new object addresses
[2026-01-06T17:26:29.709+0800][0.395s][info][gc,phases      ] GC(187) Phase 2: Compute new object addresses 0.070ms
[2026-01-06T17:26:29.709+0800][0.395s][info][gc,phases,start] GC(187) Phase 3: Adjust pointers
[2026-01-06T17:26:29.710+0800][0.395s][info][gc,phases      ] GC(187) Phase 3: Adjust pointers 0.649ms
[2026-01-06T17:26:29.710+0800][0.395s][info][gc,phases,start] GC(187) Phase 4: Move objects
[2026-01-06T17:26:29.710+0800][0.396s][info][gc,phases      ] GC(187) Phase 4: Move objects 0.029ms
[2026-01-06T17:26:29.710+0800][0.396s][info][gc             ] GC(187) Pause Full (Allocation Failure) 133M->4M(247M) 1.225ms
[2026-01-06T17:26:29.710+0800][0.396s][info][gc,heap        ] GC(186) DefNew: 67960K->0K(78720K)
[2026-01-06T17:26:29.710+0800][0.396s][info][gc,heap        ] GC(186) Tenured: 135329K->4257K(174784K)
[2026-01-06T17:26:29.710+0800][0.396s][info][gc,metaspace   ] GC(186) Metaspace: 3678K(4864K)->3678K(4864K) NonClass: 3358K(4352K)->3358K(4352K) Class: 320K(512K)->320K(512K)
[2026-01-06T17:26:29.710+0800][0.396s][info][gc             ] GC(186) Pause Young (Allocation Failure) 198M->4M(247M) 1.300ms
[2026-01-06T17:26:29.710+0800][0.396s][info][gc,cpu         ] GC(186) User=0.00s Sys=0.00s Real=0.01s
[2026-01-06T17:26:29.712+0800][0.397s][info][gc,start       ] GC(188) Pause Young (Allocation Failure)
[2026-01-06T17:26:29.712+0800][0.397s][info][gc,start       ] GC(189) Pause Full (Allocation Failure)
[2026-01-06T17:26:29.712+0800][0.397s][info][gc,phases,start] GC(189) Phase 1: Mark live objects
[2026-01-06T17:26:29.712+0800][0.398s][info][gc,phases      ] GC(189) Phase 1: Mark live objects 0.455ms
[2026-01-06T17:26:29.712+0800][0.398s][info][gc,phases,start] GC(189) Phase 2: Compute new object addresses
[2026-01-06T17:26:29.712+0800][0.398s][info][gc,phases      ] GC(189) Phase 2: Compute new object addresses 0.077ms
[2026-01-06T17:26:29.712+0800][0.398s][info][gc,phases,start] GC(189) Phase 3: Adjust pointers
[2026-01-06T17:26:29.713+0800][0.399s][info][gc,phases      ] GC(189) Phase 3: Adjust pointers 0.677ms
[2026-01-06T17:26:29.713+0800][0.399s][info][gc,phases,start] GC(189) Phase 4: Move objects
[2026-01-06T17:26:29.713+0800][0.399s][info][gc,phases      ] GC(189) Phase 4: Move objects 0.029ms
[2026-01-06T17:26:29.713+0800][0.399s][info][gc             ] GC(189) Pause Full (Allocation Failure) 133M->4M(247M) 1.262ms
[2026-01-06T17:26:29.713+0800][0.399s][info][gc,heap        ] GC(188) DefNew: 67960K->0K(78720K)
[2026-01-06T17:26:29.713+0800][0.399s][info][gc,heap        ] GC(188) Tenured: 135329K->4257K(174784K)
[2026-01-06T17:26:29.713+0800][0.399s][info][gc,metaspace   ] GC(188) Metaspace: 3678K(4864K)->3678K(4864K) NonClass: 3358K(4352K)->3358K(4352K) Class: 320K(512K)->320K(512K)
[2026-01-06T17:26:29.713+0800][0.399s][info][gc             ] GC(188) Pause Young (Allocation Failure) 198M->4M(247M) 1.337ms
[2026-01-06T17:26:29.713+0800][0.399s][info][gc,cpu         ] GC(188) User=0.01s Sys=0.00s Real=0.00s
[2026-01-06T17:26:29.715+0800][0.400s][info][gc,start       ] GC(190) Pause Young (Allocation Failure)
[2026-01-06T17:26:29.715+0800][0.400s][info][gc,start       ] GC(191) Pause Full (Allocation Failure)
[2026-01-06T17:26:29.715+0800][0.400s][info][gc,phases,start] GC(191) Phase 1: Mark live objects
[2026-01-06T17:26:29.715+0800][0.401s][info][gc,phases      ] GC(191) Phase 1: Mark live objects 0.452ms
[2026-01-06T17:26:29.715+0800][0.401s][info][gc,phases,start] GC(191) Phase 2: Compute new object addresses
[2026-01-06T17:26:29.715+0800][0.401s][info][gc,phases      ] GC(191) Phase 2: Compute new object addresses 0.071ms
[2026-01-06T17:26:29.715+0800][0.401s][info][gc,phases,start] GC(191) Phase 3: Adjust pointers
[2026-01-06T17:26:29.716+0800][0.402s][info][gc,phases      ] GC(191) Phase 3: Adjust pointers 0.649ms
[2026-01-06T17:26:29.716+0800][0.402s][info][gc,phases,start] GC(191) Phase 4: Move objects
[2026-01-06T17:26:29.716+0800][0.402s][info][gc,phases      ] GC(191) Phase 4: Move objects 0.030ms
[2026-01-06T17:26:29.716+0800][0.402s][info][gc             ] GC(191) Pause Full (Allocation Failure) 133M->4M(247M) 1.225ms
[2026-01-06T17:26:29.716+0800][0.402s][info][gc,heap        ] GC(190) DefNew: 67960K->0K(78720K)
[2026-01-06T17:26:29.716+0800][0.402s][info][gc,heap        ] GC(190) Tenured: 135329K->4257K(174784K)
[2026-01-06T17:26:29.716+0800][0.402s][info][gc,metaspace   ] GC(190) Metaspace: 3678K(4864K)->3678K(4864K) NonClass: 3358K(4352K)->3358K(4352K) Class: 320K(512K)->320K(512K)
[2026-01-06T17:26:29.716+0800][0.402s][info][gc             ] GC(190) Pause Young (Allocation Failure) 198M->4M(247M) 1.300ms
[2026-01-06T17:26:29.716+0800][0.402s][info][gc,cpu         ] GC(190) User=0.00s Sys=0.00s Real=0.00s
[2026-01-06T17:26:29.718+0800][0.403s][info][gc,start       ] GC(192) Pause Young (Allocation Failure)
[2026-01-06T17:26:29.718+0800][0.404s][info][gc,start       ] GC(193) Pause Full (Allocation Failure)
[2026-01-06T17:26:29.718+0800][0.404s][info][gc,phases,start] GC(193) Phase 1: Mark live objects
[2026-01-06T17:26:29.718+0800][0.404s][info][gc,phases      ] GC(193) Phase 1: Mark live objects 0.451ms
[2026-01-06T17:26:29.718+0800][0.404s][info][gc,phases,start] GC(193) Phase 2: Compute new object addresses
[2026-01-06T17:26:29.719+0800][0.404s][info][gc,phases      ] GC(193) Phase 2: Compute new object addresses 0.072ms
[2026-01-06T17:26:29.719+0800][0.404s][info][gc,phases,start] GC(193) Phase 3: Adjust pointers
[2026-01-06T17:26:29.719+0800][0.405s][info][gc,phases      ] GC(193) Phase 3: Adjust pointers 0.646ms
[2026-01-06T17:26:29.719+0800][0.405s][info][gc,phases,start] GC(193) Phase 4: Move objects
[2026-01-06T17:26:29.719+0800][0.405s][info][gc,phases      ] GC(193) Phase 4: Move objects 0.031ms
[2026-01-06T17:26:29.719+0800][0.405s][info][gc             ] GC(193) Pause Full (Allocation Failure) 133M->4M(247M) 1.223ms
[2026-01-06T17:26:29.719+0800][0.405s][info][gc,heap        ] GC(192) DefNew: 67960K->0K(78720K)
[2026-01-06T17:26:29.719+0800][0.405s][info][gc,heap        ] GC(192) Tenured: 135329K->4257K(174784K)
[2026-01-06T17:26:29.719+0800][0.405s][info][gc,metaspace   ] GC(192) Metaspace: 3678K(4864K)->3678K(4864K) NonClass: 3358K(4352K)->3358K(4352K) Class: 320K(512K)->320K(512K)
[2026-01-06T17:26:29.719+0800][0.405s][info][gc             ] GC(192) Pause Young (Allocation Failure) 198M->4M(247M) 1.310ms
[2026-01-06T17:26:29.719+0800][0.405s][info][gc,cpu         ] GC(192) User=0.00s Sys=0.00s Real=0.00s
[2026-01-06T17:26:29.721+0800][0.407s][info][gc,start       ] GC(194) Pause Young (Allocation Failure)
[2026-01-06T17:26:29.721+0800][0.407s][info][gc,start       ] GC(195) Pause Full (Allocation Failure)
[2026-01-06T17:26:29.721+0800][0.407s][info][gc,phases,start] GC(195) Phase 1: Mark live objects
[2026-01-06T17:26:29.721+0800][0.407s][info][gc,phases      ] GC(195) Phase 1: Mark live objects 0.442ms
[2026-01-06T17:26:29.721+0800][0.407s][info][gc,phases,start] GC(195) Phase 2: Compute new object addresses
[2026-01-06T17:26:29.722+0800][0.407s][info][gc,phases      ] GC(195) Phase 2: Compute new object addresses 0.070ms
[2026-01-06T17:26:29.722+0800][0.407s][info][gc,phases,start] GC(195) Phase 3: Adjust pointers
[2026-01-06T17:26:29.722+0800][0.408s][info][gc,phases      ] GC(195) Phase 3: Adjust pointers 0.646ms
[2026-01-06T17:26:29.722+0800][0.408s][info][gc,phases,start] GC(195) Phase 4: Move objects
[2026-01-06T17:26:29.722+0800][0.408s][info][gc,phases      ] GC(195) Phase 4: Move objects 0.029ms
[2026-01-06T17:26:29.722+0800][0.408s][info][gc             ] GC(195) Pause Full (Allocation Failure) 133M->4M(247M) 1.209ms
[2026-01-06T17:26:29.722+0800][0.408s][info][gc,heap        ] GC(194) DefNew: 67960K->0K(78720K)
[2026-01-06T17:26:29.722+0800][0.408s][info][gc,heap        ] GC(194) Tenured: 135329K->4257K(174784K)
[2026-01-06T17:26:29.722+0800][0.408s][info][gc,metaspace   ] GC(194) Metaspace: 3678K(4864K)->3678K(4864K) NonClass: 3358K(4352K)->3358K(4352K) Class: 320K(512K)->320K(512K)
[2026-01-06T17:26:29.722+0800][0.408s][info][gc             ] GC(194) Pause Young (Allocation Failure) 198M->4M(247M) 1.286ms
[2026-01-06T17:26:29.722+0800][0.408s][info][gc,cpu         ] GC(194) User=0.01s Sys=0.00s Real=0.00s
[2026-01-06T17:26:29.724+0800][0.410s][info][gc,start       ] GC(196) Pause Young (Allocation Failure)
[2026-01-06T17:26:29.724+0800][0.410s][info][gc,start       ] GC(197) Pause Full (Allocation Failure)
[2026-01-06T17:26:29.724+0800][0.410s][info][gc,phases,start] GC(197) Phase 1: Mark live objects
[2026-01-06T17:26:29.725+0800][0.410s][info][gc,phases      ] GC(197) Phase 1: Mark live objects 0.443ms
[2026-01-06T17:26:29.725+0800][0.410s][info][gc,phases,start] GC(197) Phase 2: Compute new object addresses
[2026-01-06T17:26:29.725+0800][0.410s][info][gc,phases      ] GC(197) Phase 2: Compute new object addresses 0.072ms
[2026-01-06T17:26:29.725+0800][0.410s][info][gc,phases,start] GC(197) Phase 3: Adjust pointers
[2026-01-06T17:26:29.725+0800][0.411s][info][gc,phases      ] GC(197) Phase 3: Adjust pointers 0.709ms
[2026-01-06T17:26:29.725+0800][0.411s][info][gc,phases,start] GC(197) Phase 4: Move objects
[2026-01-06T17:26:29.725+0800][0.411s][info][gc,phases      ] GC(197) Phase 4: Move objects 0.037ms
[2026-01-06T17:26:29.725+0800][0.411s][info][gc             ] GC(197) Pause Full (Allocation Failure) 133M->4M(247M) 1.284ms
[2026-01-06T17:26:29.725+0800][0.411s][info][gc,heap        ] GC(196) DefNew: 67960K->0K(78720K)
[2026-01-06T17:26:29.725+0800][0.411s][info][gc,heap        ] GC(196) Tenured: 135329K->4257K(174784K)
[2026-01-06T17:26:29.725+0800][0.411s][info][gc,metaspace   ] GC(196) Metaspace: 3678K(4864K)->3678K(4864K) NonClass: 3358K(4352K)->3358K(4352K) Class: 320K(512K)->320K(512K)
[2026-01-06T17:26:29.725+0800][0.411s][info][gc             ] GC(196) Pause Young (Allocation Failure) 198M->4M(247M) 1.360ms
[2026-01-06T17:26:29.725+0800][0.411s][info][gc,cpu         ] GC(196) User=0.00s Sys=0.00s Real=0.00s
[2026-01-06T17:26:29.727+0800][0.413s][info][gc,start       ] GC(198) Pause Young (Allocation Failure)
[2026-01-06T17:26:29.727+0800][0.413s][info][gc,start       ] GC(199) Pause Full (Allocation Failure)
[2026-01-06T17:26:29.727+0800][0.413s][info][gc,phases,start] GC(199) Phase 1: Mark live objects
[2026-01-06T17:26:29.728+0800][0.413s][info][gc,phases      ] GC(199) Phase 1: Mark live objects 0.465ms
[2026-01-06T17:26:29.728+0800][0.413s][info][gc,phases,start] GC(199) Phase 2: Compute new object addresses
[2026-01-06T17:26:29.728+0800][0.414s][info][gc,phases      ] GC(199) Phase 2: Compute new object addresses 0.068ms
[2026-01-06T17:26:29.728+0800][0.414s][info][gc,phases,start] GC(199) Phase 3: Adjust pointers
[2026-01-06T17:26:29.729+0800][0.414s][info][gc,phases      ] GC(199) Phase 3: Adjust pointers 0.648ms
[2026-01-06T17:26:29.729+0800][0.414s][info][gc,phases,start] GC(199) Phase 4: Move objects
[2026-01-06T17:26:29.729+0800][0.414s][info][gc,phases      ] GC(199) Phase 4: Move objects 0.040ms
[2026-01-06T17:26:29.729+0800][0.414s][info][gc             ] GC(199) Pause Full (Allocation Failure) 133M->4M(247M) 1.245ms
[2026-01-06T17:26:29.729+0800][0.414s][info][gc,heap        ] GC(198) DefNew: 67960K->0K(78720K)
[2026-01-06T17:26:29.729+0800][0.414s][info][gc,heap        ] GC(198) Tenured: 135329K->4257K(174784K)
[2026-01-06T17:26:29.729+0800][0.414s][info][gc,metaspace   ] GC(198) Metaspace: 3678K(4864K)->3678K(4864K) NonClass: 3358K(4352K)->3358K(4352K) Class: 320K(512K)->320K(512K)
[2026-01-06T17:26:29.729+0800][0.414s][info][gc             ] GC(198) Pause Young (Allocation Failure) 198M->4M(247M) 1.331ms
[2026-01-06T17:26:29.729+0800][0.414s][info][gc,cpu         ] GC(198) User=0.00s Sys=0.00s Real=0.00s
[2026-01-06T17:26:29.730+0800][0.416s][info][gc,start       ] GC(200) Pause Young (Allocation Failure)
[2026-01-06T17:26:29.730+0800][0.416s][info][gc,start       ] GC(201) Pause Full (Allocation Failure)
[2026-01-06T17:26:29.730+0800][0.416s][info][gc,phases,start] GC(201) Phase 1: Mark live objects
[2026-01-06T17:26:29.731+0800][0.416s][info][gc,phases      ] GC(201) Phase 1: Mark live objects 0.446ms
[2026-01-06T17:26:29.731+0800][0.416s][info][gc,phases,start] GC(201) Phase 2: Compute new object addresses
[2026-01-06T17:26:29.731+0800][0.417s][info][gc,phases      ] GC(201) Phase 2: Compute new object addresses 0.071ms
[2026-01-06T17:26:29.731+0800][0.417s][info][gc,phases,start] GC(201) Phase 3: Adjust pointers
[2026-01-06T17:26:29.732+0800][0.417s][info][gc,phases      ] GC(201) Phase 3: Adjust pointers 0.647ms
[2026-01-06T17:26:29.732+0800][0.417s][info][gc,phases,start] GC(201) Phase 4: Move objects
[2026-01-06T17:26:29.732+0800][0.417s][info][gc,phases      ] GC(201) Phase 4: Move objects 0.039ms
[2026-01-06T17:26:29.732+0800][0.417s][info][gc             ] GC(201) Pause Full (Allocation Failure) 133M->4M(247M) 1.224ms
[2026-01-06T17:26:29.732+0800][0.417s][info][gc,heap        ] GC(200) DefNew: 67960K->0K(78720K)
[2026-01-06T17:26:29.732+0800][0.417s][info][gc,heap        ] GC(200) Tenured: 135329K->4257K(174784K)
[2026-01-06T17:26:29.732+0800][0.417s][info][gc,metaspace   ] GC(200) Metaspace: 3678K(4864K)->3678K(4864K) NonClass: 3358K(4352K)->3358K(4352K) Class: 320K(512K)->320K(512K)
[2026-01-06T17:26:29.732+0800][0.417s][info][gc             ] GC(200) Pause Young (Allocation Failure) 198M->4M(247M) 1.302ms
[2026-01-06T17:26:29.732+0800][0.417s][info][gc,cpu         ] GC(200) User=0.00s Sys=0.00s Real=0.00s
[2026-01-06T17:26:29.733+0800][0.419s][info][gc,start       ] GC(202) Pause Young (Allocation Failure)
[2026-01-06T17:26:29.734+0800][0.419s][info][gc,start       ] GC(203) Pause Full (Allocation Failure)
[2026-01-06T17:26:29.734+0800][0.419s][info][gc,phases,start] GC(203) Phase 1: Mark live objects
[2026-01-06T17:26:29.734+0800][0.420s][info][gc,phases      ] GC(203) Phase 1: Mark live objects 0.447ms
[2026-01-06T17:26:29.734+0800][0.420s][info][gc,phases,start] GC(203) Phase 2: Compute new object addresses
[2026-01-06T17:26:29.734+0800][0.420s][info][gc,phases      ] GC(203) Phase 2: Compute new object addresses 0.074ms
[2026-01-06T17:26:29.734+0800][0.420s][info][gc,phases,start] GC(203) Phase 3: Adjust pointers
[2026-01-06T17:26:29.735+0800][0.420s][info][gc,phases      ] GC(203) Phase 3: Adjust pointers 0.644ms
[2026-01-06T17:26:29.735+0800][0.420s][info][gc,phases,start] GC(203) Phase 4: Move objects
[2026-01-06T17:26:29.735+0800][0.420s][info][gc,phases      ] GC(203) Phase 4: Move objects 0.035ms
[2026-01-06T17:26:29.735+0800][0.420s][info][gc             ] GC(203) Pause Full (Allocation Failure) 133M->4M(247M) 1.225ms
[2026-01-06T17:26:29.735+0800][0.420s][info][gc,heap        ] GC(202) DefNew: 67960K->0K(78720K)
[2026-01-06T17:26:29.735+0800][0.420s][info][gc,heap        ] GC(202) Tenured: 135329K->4257K(174784K)
[2026-01-06T17:26:29.735+0800][0.420s][info][gc,metaspace   ] GC(202) Metaspace: 3679K(4864K)->3679K(4864K) NonClass: 3358K(4352K)->3358K(4352K) Class: 320K(512K)->320K(512K)
[2026-01-06T17:26:29.735+0800][0.420s][info][gc             ] GC(202) Pause Young (Allocation Failure) 198M->4M(247M) 1.300ms
[2026-01-06T17:26:29.735+0800][0.420s][info][gc,cpu         ] GC(202) User=0.00s Sys=0.00s Real=0.00s
[2026-01-06T17:26:29.737+0800][0.422s][info][gc,start       ] GC(204) Pause Young (Allocation Failure)
[2026-01-06T17:26:29.737+0800][0.422s][info][gc,start       ] GC(205) Pause Full (Allocation Failure)
[2026-01-06T17:26:29.737+0800][0.422s][info][gc,phases,start] GC(205) Phase 1: Mark live objects
[2026-01-06T17:26:29.737+0800][0.423s][info][gc,phases      ] GC(205) Phase 1: Mark live objects 0.445ms
[2026-01-06T17:26:29.737+0800][0.423s][info][gc,phases,start] GC(205) Phase 2: Compute new object addresses
[2026-01-06T17:26:29.737+0800][0.423s][info][gc,phases      ] GC(205) Phase 2: Compute new object addresses 0.072ms
[2026-01-06T17:26:29.737+0800][0.423s][info][gc,phases,start] GC(205) Phase 3: Adjust pointers
[2026-01-06T17:26:29.738+0800][0.423s][info][gc,phases      ] GC(205) Phase 3: Adjust pointers 0.648ms
[2026-01-06T17:26:29.738+0800][0.423s][info][gc,phases,start] GC(205) Phase 4: Move objects
[2026-01-06T17:26:29.738+0800][0.423s][info][gc,phases      ] GC(205) Phase 4: Move objects 0.033ms
[2026-01-06T17:26:29.738+0800][0.423s][info][gc             ] GC(205) Pause Full (Allocation Failure) 133M->4M(247M) 1.219ms
[2026-01-06T17:26:29.738+0800][0.423s][info][gc,heap        ] GC(204) DefNew: 67960K->0K(78720K)
[2026-01-06T17:26:29.738+0800][0.423s][info][gc,heap        ] GC(204) Tenured: 135329K->4257K(174784K)
[2026-01-06T17:26:29.738+0800][0.423s][info][gc,metaspace   ] GC(204) Metaspace: 3679K(4864K)->3679K(4864K) NonClass: 3358K(4352K)->3358K(4352K) Class: 320K(512K)->320K(512K)
[2026-01-06T17:26:29.738+0800][0.423s][info][gc             ] GC(204) Pause Young (Allocation Failure) 198M->4M(247M) 1.297ms
[2026-01-06T17:26:29.738+0800][0.423s][info][gc,cpu         ] GC(204) User=0.00s Sys=0.00s Real=0.00s
[2026-01-06T17:26:29.740+0800][0.425s][info][gc,start       ] GC(206) Pause Young (Allocation Failure)
[2026-01-06T17:26:29.740+0800][0.425s][info][gc,start       ] GC(207) Pause Full (Allocation Failure)
[2026-01-06T17:26:29.740+0800][0.425s][info][gc,phases,start] GC(207) Phase 1: Mark live objects
[2026-01-06T17:26:29.740+0800][0.426s][info][gc,phases      ] GC(207) Phase 1: Mark live objects 0.508ms
[2026-01-06T17:26:29.740+0800][0.426s][info][gc,phases,start] GC(207) Phase 2: Compute new object addresses
[2026-01-06T17:26:29.740+0800][0.426s][info][gc,phases      ] GC(207) Phase 2: Compute new object addresses 0.078ms
[2026-01-06T17:26:29.740+0800][0.426s][info][gc,phases,start] GC(207) Phase 3: Adjust pointers
[2026-01-06T17:26:29.741+0800][0.427s][info][gc,phases      ] GC(207) Phase 3: Adjust pointers 0.682ms
[2026-01-06T17:26:29.741+0800][0.427s][info][gc,phases,start] GC(207) Phase 4: Move objects
[2026-01-06T17:26:29.741+0800][0.427s][info][gc,phases      ] GC(207) Phase 4: Move objects 0.032ms
[2026-01-06T17:26:29.741+0800][0.427s][info][gc             ] GC(207) Pause Full (Allocation Failure) 133M->4M(247M) 1.334ms
[2026-01-06T17:26:29.741+0800][0.427s][info][gc,heap        ] GC(206) DefNew: 67960K->0K(78720K)
[2026-01-06T17:26:29.741+0800][0.427s][info][gc,heap        ] GC(206) Tenured: 135329K->4257K(174784K)
[2026-01-06T17:26:29.741+0800][0.427s][info][gc,metaspace   ] GC(206) Metaspace: 3679K(4864K)->3679K(4864K) NonClass: 3358K(4352K)->3358K(4352K) Class: 320K(512K)->320K(512K)
[2026-01-06T17:26:29.741+0800][0.427s][info][gc             ] GC(206) Pause Young (Allocation Failure) 198M->4M(247M) 1.414ms
[2026-01-06T17:26:29.741+0800][0.427s][info][gc,cpu         ] GC(206) User=0.00s Sys=0.00s Real=0.00s
[2026-01-06T17:26:29.743+0800][0.428s][info][gc,start       ] GC(208) Pause Young (Allocation Failure)
[2026-01-06T17:26:29.743+0800][0.428s][info][gc,start       ] GC(209) Pause Full (Allocation Failure)
[2026-01-06T17:26:29.743+0800][0.428s][info][gc,phases,start] GC(209) Phase 1: Mark live objects
[2026-01-06T17:26:29.743+0800][0.429s][info][gc,phases      ] GC(209) Phase 1: Mark live objects 0.461ms
[2026-01-06T17:26:29.743+0800][0.429s][info][gc,phases,start] GC(209) Phase 2: Compute new object addresses
[2026-01-06T17:26:29.743+0800][0.429s][info][gc,phases      ] GC(209) Phase 2: Compute new object addresses 0.075ms
[2026-01-06T17:26:29.743+0800][0.429s][info][gc,phases,start] GC(209) Phase 3: Adjust pointers
[2026-01-06T17:26:29.744+0800][0.430s][info][gc,phases      ] GC(209) Phase 3: Adjust pointers 0.654ms
[2026-01-06T17:26:29.744+0800][0.430s][info][gc,phases,start] GC(209) Phase 4: Move objects
[2026-01-06T17:26:29.744+0800][0.430s][info][gc,phases      ] GC(209) Phase 4: Move objects 0.035ms
[2026-01-06T17:26:29.744+0800][0.430s][info][gc             ] GC(209) Pause Full (Allocation Failure) 133M->4M(247M) 1.249ms
[2026-01-06T17:26:29.744+0800][0.430s][info][gc,heap        ] GC(208) DefNew: 67960K->0K(78720K)
[2026-01-06T17:26:29.744+0800][0.430s][info][gc,heap        ] GC(208) Tenured: 135329K->4257K(174784K)
[2026-01-06T17:26:29.744+0800][0.430s][info][gc,metaspace   ] GC(208) Metaspace: 3679K(4864K)->3679K(4864K) NonClass: 3358K(4352K)->3358K(4352K) Class: 320K(512K)->320K(512K)
[2026-01-06T17:26:29.744+0800][0.430s][info][gc             ] GC(208) Pause Young (Allocation Failure) 198M->4M(247M) 1.327ms
[2026-01-06T17:26:29.744+0800][0.430s][info][gc,cpu         ] GC(208) User=0.00s Sys=0.00s Real=0.00s
[2026-01-06T17:26:29.746+0800][0.431s][info][gc,start       ] GC(210) Pause Young (Allocation Failure)
[2026-01-06T17:26:29.746+0800][0.432s][info][gc,start       ] GC(211) Pause Full (Allocation Failure)
[2026-01-06T17:26:29.746+0800][0.432s][info][gc,phases,start] GC(211) Phase 1: Mark live objects
[2026-01-06T17:26:29.746+0800][0.432s][info][gc,phases      ] GC(211) Phase 1: Mark live objects 0.459ms
[2026-01-06T17:26:29.746+0800][0.432s][info][gc,phases,start] GC(211) Phase 2: Compute new object addresses
[2026-01-06T17:26:29.746+0800][0.432s][info][gc,phases      ] GC(211) Phase 2: Compute new object addresses 0.075ms
[2026-01-06T17:26:29.746+0800][0.432s][info][gc,phases,start] GC(211) Phase 3: Adjust pointers
[2026-01-06T17:26:29.747+0800][0.433s][info][gc,phases      ] GC(211) Phase 3: Adjust pointers 0.648ms
[2026-01-06T17:26:29.747+0800][0.433s][info][gc,phases,start] GC(211) Phase 4: Move objects
[2026-01-06T17:26:29.747+0800][0.433s][info][gc,phases      ] GC(211) Phase 4: Move objects 0.034ms
[2026-01-06T17:26:29.747+0800][0.433s][info][gc             ] GC(211) Pause Full (Allocation Failure) 133M->4M(247M) 1.237ms
[2026-01-06T17:26:29.747+0800][0.433s][info][gc,heap        ] GC(210) DefNew: 67960K->0K(78720K)
[2026-01-06T17:26:29.747+0800][0.433s][info][gc,heap        ] GC(210) Tenured: 135329K->4257K(174784K)
[2026-01-06T17:26:29.747+0800][0.433s][info][gc,metaspace   ] GC(210) Metaspace: 3679K(4864K)->3679K(4864K) NonClass: 3358K(4352K)->3358K(4352K) Class: 320K(512K)->320K(512K)
[2026-01-06T17:26:29.747+0800][0.433s][info][gc             ] GC(210) Pause Young (Allocation Failure) 198M->4M(247M) 1.315ms
[2026-01-06T17:26:29.747+0800][0.433s][info][gc,cpu         ] GC(210) User=0.00s Sys=0.00s Real=0.00s
[2026-01-06T17:26:29.749+0800][0.435s][info][gc,start       ] GC(212) Pause Young (Allocation Failure)
[2026-01-06T17:26:29.749+0800][0.435s][info][gc,start       ] GC(213) Pause Full (Allocation Failure)
[2026-01-06T17:26:29.749+0800][0.435s][info][gc,phases,start] GC(213) Phase 1: Mark live objects
[2026-01-06T17:26:29.750+0800][0.435s][info][gc,phases      ] GC(213) Phase 1: Mark live objects 0.458ms
[2026-01-06T17:26:29.750+0800][0.435s][info][gc,phases,start] GC(213) Phase 2: Compute new object addresses
[2026-01-06T17:26:29.750+0800][0.435s][info][gc,phases      ] GC(213) Phase 2: Compute new object addresses 0.074ms
[2026-01-06T17:26:29.750+0800][0.435s][info][gc,phases,start] GC(213) Phase 3: Adjust pointers
[2026-01-06T17:26:29.750+0800][0.436s][info][gc,phases      ] GC(213) Phase 3: Adjust pointers 0.650ms
[2026-01-06T17:26:29.750+0800][0.436s][info][gc,phases,start] GC(213) Phase 4: Move objects
[2026-01-06T17:26:29.750+0800][0.436s][info][gc,phases      ] GC(213) Phase 4: Move objects 0.031ms
[2026-01-06T17:26:29.750+0800][0.436s][info][gc             ] GC(213) Pause Full (Allocation Failure) 133M->4M(247M) 1.235ms
[2026-01-06T17:26:29.750+0800][0.436s][info][gc,heap        ] GC(212) DefNew: 67960K->0K(78720K)
[2026-01-06T17:26:29.750+0800][0.436s][info][gc,heap        ] GC(212) Tenured: 135329K->4257K(174784K)
[2026-01-06T17:26:29.750+0800][0.436s][info][gc,metaspace   ] GC(212) Metaspace: 3679K(4864K)->3679K(4864K) NonClass: 3358K(4352K)->3358K(4352K) Class: 320K(512K)->320K(512K)
[2026-01-06T17:26:29.750+0800][0.436s][info][gc             ] GC(212) Pause Young (Allocation Failure) 198M->4M(247M) 1.312ms
[2026-01-06T17:26:29.750+0800][0.436s][info][gc,cpu         ] GC(212) User=0.00s Sys=0.00s Real=0.01s
[2026-01-06T17:26:29.752+0800][0.438s][info][gc,start       ] GC(214) Pause Young (Allocation Failure)
[2026-01-06T17:26:29.752+0800][0.438s][info][gc,start       ] GC(215) Pause Full (Allocation Failure)
[2026-01-06T17:26:29.752+0800][0.438s][info][gc,phases,start] GC(215) Phase 1: Mark live objects
[2026-01-06T17:26:29.753+0800][0.438s][info][gc,phases      ] GC(215) Phase 1: Mark live objects 0.468ms
[2026-01-06T17:26:29.753+0800][0.438s][info][gc,phases,start] GC(215) Phase 2: Compute new object addresses
[2026-01-06T17:26:29.753+0800][0.438s][info][gc,phases      ] GC(215) Phase 2: Compute new object addresses 0.075ms
[2026-01-06T17:26:29.753+0800][0.438s][info][gc,phases,start] GC(215) Phase 3: Adjust pointers
[2026-01-06T17:26:29.754+0800][0.439s][info][gc,phases      ] GC(215) Phase 3: Adjust pointers 0.657ms
[2026-01-06T17:26:29.754+0800][0.439s][info][gc,phases,start] GC(215) Phase 4: Move objects
[2026-01-06T17:26:29.754+0800][0.439s][info][gc,phases      ] GC(215) Phase 4: Move objects 0.032ms
[2026-01-06T17:26:29.754+0800][0.439s][info][gc             ] GC(215) Pause Full (Allocation Failure) 133M->4M(247M) 1.255ms
[2026-01-06T17:26:29.754+0800][0.439s][info][gc,heap        ] GC(214) DefNew: 67960K->0K(78720K)
[2026-01-06T17:26:29.754+0800][0.439s][info][gc,heap        ] GC(214) Tenured: 135329K->4257K(174784K)
[2026-01-06T17:26:29.754+0800][0.439s][info][gc,metaspace   ] GC(214) Metaspace: 3679K(4864K)->3679K(4864K) NonClass: 3358K(4352K)->3358K(4352K) Class: 320K(512K)->320K(512K)
[2026-01-06T17:26:29.754+0800][0.439s][info][gc             ] GC(214) Pause Young (Allocation Failure) 198M->4M(247M) 1.331ms
[2026-01-06T17:26:29.754+0800][0.439s][info][gc,cpu         ] GC(214) User=0.00s Sys=0.00s Real=0.00s
[2026-01-06T17:26:29.755+0800][0.441s][info][gc,start       ] GC(216) Pause Young (Allocation Failure)
[2026-01-06T17:26:29.755+0800][0.441s][info][gc,start       ] GC(217) Pause Full (Allocation Failure)
[2026-01-06T17:26:29.755+0800][0.441s][info][gc,phases,start] GC(217) Phase 1: Mark live objects
[2026-01-06T17:26:29.756+0800][0.442s][info][gc,phases      ] GC(217) Phase 1: Mark live objects 0.454ms
[2026-01-06T17:26:29.756+0800][0.442s][info][gc,phases,start] GC(217) Phase 2: Compute new object addresses
[2026-01-06T17:26:29.756+0800][0.442s][info][gc,phases      ] GC(217) Phase 2: Compute new object addresses 0.070ms
[2026-01-06T17:26:29.756+0800][0.442s][info][gc,phases,start] GC(217) Phase 3: Adjust pointers
[2026-01-06T17:26:29.757+0800][0.442s][info][gc,phases      ] GC(217) Phase 3: Adjust pointers 0.666ms
[2026-01-06T17:26:29.757+0800][0.442s][info][gc,phases,start] GC(217) Phase 4: Move objects
[2026-01-06T17:26:29.757+0800][0.442s][info][gc,phases      ] GC(217) Phase 4: Move objects 0.030ms
[2026-01-06T17:26:29.757+0800][0.442s][info][gc             ] GC(217) Pause Full (Allocation Failure) 133M->4M(247M) 1.247ms
[2026-01-06T17:26:29.757+0800][0.442s][info][gc,heap        ] GC(216) DefNew: 67960K->0K(78720K)
[2026-01-06T17:26:29.757+0800][0.442s][info][gc,heap        ] GC(216) Tenured: 135329K->4257K(174784K)
[2026-01-06T17:26:29.757+0800][0.442s][info][gc,metaspace   ] GC(216) Metaspace: 3679K(4864K)->3679K(4864K) NonClass: 3358K(4352K)->3358K(4352K) Class: 320K(512K)->320K(512K)
[2026-01-06T17:26:29.757+0800][0.442s][info][gc             ] GC(216) Pause Young (Allocation Failure) 198M->4M(247M) 1.324ms
[2026-01-06T17:26:29.757+0800][0.442s][info][gc,cpu         ] GC(216) User=0.00s Sys=0.00s Real=0.00s
[2026-01-06T17:26:29.759+0800][0.444s][info][gc,start       ] GC(218) Pause Young (Allocation Failure)
[2026-01-06T17:26:29.759+0800][0.444s][info][gc,start       ] GC(219) Pause Full (Allocation Failure)
[2026-01-06T17:26:29.759+0800][0.444s][info][gc,phases,start] GC(219) Phase 1: Mark live objects
[2026-01-06T17:26:29.759+0800][0.445s][info][gc,phases      ] GC(219) Phase 1: Mark live objects 0.571ms
[2026-01-06T17:26:29.759+0800][0.445s][info][gc,phases,start] GC(219) Phase 2: Compute new object addresses
[2026-01-06T17:26:29.759+0800][0.445s][info][gc,phases      ] GC(219) Phase 2: Compute new object addresses 0.080ms
[2026-01-06T17:26:29.759+0800][0.445s][info][gc,phases,start] GC(219) Phase 3: Adjust pointers
[2026-01-06T17:26:29.760+0800][0.446s][info][gc,phases      ] GC(219) Phase 3: Adjust pointers 0.676ms
[2026-01-06T17:26:29.760+0800][0.446s][info][gc,phases,start] GC(219) Phase 4: Move objects
[2026-01-06T17:26:29.760+0800][0.446s][info][gc,phases      ] GC(219) Phase 4: Move objects 0.032ms
[2026-01-06T17:26:29.760+0800][0.446s][info][gc             ] GC(219) Pause Full (Allocation Failure) 133M->4M(247M) 1.389ms
[2026-01-06T17:26:29.760+0800][0.446s][info][gc,heap        ] GC(218) DefNew: 67960K->0K(78720K)
[2026-01-06T17:26:29.760+0800][0.446s][info][gc,heap        ] GC(218) Tenured: 135329K->4257K(174784K)
[2026-01-06T17:26:29.760+0800][0.446s][info][gc,metaspace   ] GC(218) Metaspace: 3679K(4864K)->3679K(4864K) NonClass: 3358K(4352K)->3358K(4352K) Class: 320K(512K)->320K(512K)
[2026-01-06T17:26:29.760+0800][0.446s][info][gc             ] GC(218) Pause Young (Allocation Failure) 198M->4M(247M) 1.480ms
[2026-01-06T17:26:29.760+0800][0.446s][info][gc,cpu         ] GC(218) User=0.00s Sys=0.00s Real=0.01s
[2026-01-06T17:26:29.762+0800][0.447s][info][gc,start       ] GC(220) Pause Young (Allocation Failure)
[2026-01-06T17:26:29.762+0800][0.447s][info][gc,start       ] GC(221) Pause Full (Allocation Failure)
[2026-01-06T17:26:29.762+0800][0.447s][info][gc,phases,start] GC(221) Phase 1: Mark live objects
[2026-01-06T17:26:29.762+0800][0.448s][info][gc,phases      ] GC(221) Phase 1: Mark live objects 0.532ms
[2026-01-06T17:26:29.762+0800][0.448s][info][gc,phases,start] GC(221) Phase 2: Compute new object addresses
[2026-01-06T17:26:29.762+0800][0.448s][info][gc,phases      ] GC(221) Phase 2: Compute new object addresses 0.078ms
[2026-01-06T17:26:29.762+0800][0.448s][info][gc,phases,start] GC(221) Phase 3: Adjust pointers
[2026-01-06T17:26:29.763+0800][0.449s][info][gc,phases      ] GC(221) Phase 3: Adjust pointers 0.666ms
[2026-01-06T17:26:29.763+0800][0.449s][info][gc,phases,start] GC(221) Phase 4: Move objects
[2026-01-06T17:26:29.763+0800][0.449s][info][gc,phases      ] GC(221) Phase 4: Move objects 0.032ms
[2026-01-06T17:26:29.763+0800][0.449s][info][gc             ] GC(221) Pause Full (Allocation Failure) 133M->4M(247M) 1.334ms
[2026-01-06T17:26:29.763+0800][0.449s][info][gc,heap        ] GC(220) DefNew: 67960K->0K(78720K)
[2026-01-06T17:26:29.763+0800][0.449s][info][gc,heap        ] GC(220) Tenured: 135329K->4257K(174784K)
[2026-01-06T17:26:29.763+0800][0.449s][info][gc,metaspace   ] GC(220) Metaspace: 3679K(4864K)->3679K(4864K) NonClass: 3358K(4352K)->3358K(4352K) Class: 320K(512K)->320K(512K)
[2026-01-06T17:26:29.763+0800][0.449s][info][gc             ] GC(220) Pause Young (Allocation Failure) 198M->4M(247M) 1.419ms
[2026-01-06T17:26:29.763+0800][0.449s][info][gc,cpu         ] GC(220) User=0.01s Sys=0.00s Real=0.00s
[2026-01-06T17:26:29.765+0800][0.451s][info][gc,start       ] GC(222) Pause Young (Allocation Failure)
[2026-01-06T17:26:29.765+0800][0.451s][info][gc,start       ] GC(223) Pause Full (Allocation Failure)
[2026-01-06T17:26:29.765+0800][0.451s][info][gc,phases,start] GC(223) Phase 1: Mark live objects
[2026-01-06T17:26:29.766+0800][0.451s][info][gc,phases      ] GC(223) Phase 1: Mark live objects 0.508ms
[2026-01-06T17:26:29.766+0800][0.451s][info][gc,phases,start] GC(223) Phase 2: Compute new object addresses
[2026-01-06T17:26:29.766+0800][0.451s][info][gc,phases      ] GC(223) Phase 2: Compute new object addresses 0.075ms
[2026-01-06T17:26:29.766+0800][0.451s][info][gc,phases,start] GC(223) Phase 3: Adjust pointers
[2026-01-06T17:26:29.766+0800][0.452s][info][gc,phases      ] GC(223) Phase 3: Adjust pointers 0.690ms
[2026-01-06T17:26:29.766+0800][0.452s][info][gc,phases,start] GC(223) Phase 4: Move objects
[2026-01-06T17:26:29.767+0800][0.452s][info][gc,phases      ] GC(223) Phase 4: Move objects 0.032ms
[2026-01-06T17:26:29.767+0800][0.452s][info][gc             ] GC(223) Pause Full (Allocation Failure) 133M->4M(247M) 1.328ms
[2026-01-06T17:26:29.767+0800][0.452s][info][gc,heap        ] GC(222) DefNew: 67960K->0K(78720K)
[2026-01-06T17:26:29.767+0800][0.452s][info][gc,heap        ] GC(222) Tenured: 135329K->4257K(174784K)
[2026-01-06T17:26:29.767+0800][0.452s][info][gc,metaspace   ] GC(222) Metaspace: 3679K(4864K)->3679K(4864K) NonClass: 3358K(4352K)->3358K(4352K) Class: 320K(512K)->320K(512K)
[2026-01-06T17:26:29.767+0800][0.452s][info][gc             ] GC(222) Pause Young (Allocation Failure) 198M->4M(247M) 1.408ms
[2026-01-06T17:26:29.767+0800][0.452s][info][gc,cpu         ] GC(222) User=0.00s Sys=0.00s Real=0.00s
[2026-01-06T17:26:29.768+0800][0.454s][info][gc,start       ] GC(224) Pause Young (Allocation Failure)
[2026-01-06T17:26:29.768+0800][0.454s][info][gc,start       ] GC(225) Pause Full (Allocation Failure)
[2026-01-06T17:26:29.768+0800][0.454s][info][gc,phases,start] GC(225) Phase 1: Mark live objects
[2026-01-06T17:26:29.769+0800][0.454s][info][gc,phases      ] GC(225) Phase 1: Mark live objects 0.492ms
[2026-01-06T17:26:29.769+0800][0.454s][info][gc,phases,start] GC(225) Phase 2: Compute new object addresses
[2026-01-06T17:26:29.769+0800][0.455s][info][gc,phases      ] GC(225) Phase 2: Compute new object addresses 0.076ms
[2026-01-06T17:26:29.769+0800][0.455s][info][gc,phases,start] GC(225) Phase 3: Adjust pointers
[2026-01-06T17:26:29.770+0800][0.455s][info][gc,phases      ] GC(225) Phase 3: Adjust pointers 0.661ms
[2026-01-06T17:26:29.770+0800][0.455s][info][gc,phases,start] GC(225) Phase 4: Move objects
[2026-01-06T17:26:29.770+0800][0.455s][info][gc,phases      ] GC(225) Phase 4: Move objects 0.033ms
[2026-01-06T17:26:29.770+0800][0.455s][info][gc             ] GC(225) Pause Full (Allocation Failure) 133M->4M(247M) 1.284ms
[2026-01-06T17:26:29.770+0800][0.455s][info][gc,heap        ] GC(224) DefNew: 67960K->0K(78720K)
[2026-01-06T17:26:29.770+0800][0.455s][info][gc,heap        ] GC(224) Tenured: 135329K->4257K(174784K)
[2026-01-06T17:26:29.770+0800][0.455s][info][gc,metaspace   ] GC(224) Metaspace: 3679K(4864K)->3679K(4864K) NonClass: 3358K(4352K)->3358K(4352K) Class: 320K(512K)->320K(512K)
[2026-01-06T17:26:29.770+0800][0.455s][info][gc             ] GC(224) Pause Young (Allocation Failure) 198M->4M(247M) 1.364ms
[2026-01-06T17:26:29.770+0800][0.455s][info][gc,cpu         ] GC(224) User=0.00s Sys=0.00s Real=0.01s
[2026-01-06T17:26:29.772+0800][0.457s][info][gc,start       ] GC(226) Pause Young (Allocation Failure)
[2026-01-06T17:26:29.772+0800][0.457s][info][gc,start       ] GC(227) Pause Full (Allocation Failure)
[2026-01-06T17:26:29.772+0800][0.457s][info][gc,phases,start] GC(227) Phase 1: Mark live objects
[2026-01-06T17:26:29.772+0800][0.458s][info][gc,phases      ] GC(227) Phase 1: Mark live objects 0.490ms
[2026-01-06T17:26:29.772+0800][0.458s][info][gc,phases,start] GC(227) Phase 2: Compute new object addresses
[2026-01-06T17:26:29.772+0800][0.458s][info][gc,phases      ] GC(227) Phase 2: Compute new object addresses 0.072ms
[2026-01-06T17:26:29.772+0800][0.458s][info][gc,phases,start] GC(227) Phase 3: Adjust pointers
[2026-01-06T17:26:29.773+0800][0.458s][info][gc,phases      ] GC(227) Phase 3: Adjust pointers 0.658ms
[2026-01-06T17:26:29.773+0800][0.458s][info][gc,phases,start] GC(227) Phase 4: Move objects
[2026-01-06T17:26:29.773+0800][0.458s][info][gc,phases      ] GC(227) Phase 4: Move objects 0.031ms
[2026-01-06T17:26:29.773+0800][0.458s][info][gc             ] GC(227) Pause Full (Allocation Failure) 133M->4M(247M) 1.274ms
[2026-01-06T17:26:29.773+0800][0.458s][info][gc,heap        ] GC(226) DefNew: 67960K->0K(78720K)
[2026-01-06T17:26:29.773+0800][0.458s][info][gc,heap        ] GC(226) Tenured: 135329K->4257K(174784K)
[2026-01-06T17:26:29.773+0800][0.458s][info][gc,metaspace   ] GC(226) Metaspace: 3679K(4864K)->3679K(4864K) NonClass: 3358K(4352K)->3358K(4352K) Class: 320K(512K)->320K(512K)
[2026-01-06T17:26:29.773+0800][0.458s][info][gc             ] GC(226) Pause Young (Allocation Failure) 198M->4M(247M) 1.352ms
[2026-01-06T17:26:29.773+0800][0.458s][info][gc,cpu         ] GC(226) User=0.01s Sys=0.00s Real=0.00s
[2026-01-06T17:26:29.775+0800][0.460s][info][gc,start       ] GC(228) Pause Young (Allocation Failure)
[2026-01-06T17:26:29.775+0800][0.460s][info][gc,start       ] GC(229) Pause Full (Allocation Failure)
[2026-01-06T17:26:29.775+0800][0.460s][info][gc,phases,start] GC(229) Phase 1: Mark live objects
[2026-01-06T17:26:29.775+0800][0.461s][info][gc,phases      ] GC(229) Phase 1: Mark live objects 0.479ms
[2026-01-06T17:26:29.775+0800][0.461s][info][gc,phases,start] GC(229) Phase 2: Compute new object addresses
[2026-01-06T17:26:29.775+0800][0.461s][info][gc,phases      ] GC(229) Phase 2: Compute new object addresses 0.077ms
[2026-01-06T17:26:29.775+0800][0.461s][info][gc,phases,start] GC(229) Phase 3: Adjust pointers
[2026-01-06T17:26:29.776+0800][0.462s][info][gc,phases      ] GC(229) Phase 3: Adjust pointers 0.655ms
[2026-01-06T17:26:29.776+0800][0.462s][info][gc,phases,start] GC(229) Phase 4: Move objects
[2026-01-06T17:26:29.776+0800][0.462s][info][gc,phases      ] GC(229) Phase 4: Move objects 0.032ms
[2026-01-06T17:26:29.776+0800][0.462s][info][gc             ] GC(229) Pause Full (Allocation Failure) 133M->4M(247M) 1.265ms
[2026-01-06T17:26:29.776+0800][0.462s][info][gc,heap        ] GC(228) DefNew: 67960K->0K(78720K)
[2026-01-06T17:26:29.776+0800][0.462s][info][gc,heap        ] GC(228) Tenured: 135329K->4257K(174784K)
[2026-01-06T17:26:29.776+0800][0.462s][info][gc,metaspace   ] GC(228) Metaspace: 3679K(4864K)->3679K(4864K) NonClass: 3358K(4352K)->3358K(4352K) Class: 320K(512K)->320K(512K)
[2026-01-06T17:26:29.776+0800][0.462s][info][gc             ] GC(228) Pause Young (Allocation Failure) 198M->4M(247M) 1.345ms
[2026-01-06T17:26:29.776+0800][0.462s][info][gc,cpu         ] GC(228) User=0.00s Sys=0.00s Real=0.00s
[2026-01-06T17:26:29.778+0800][0.463s][info][gc,start       ] GC(230) Pause Young (Allocation Failure)
[2026-01-06T17:26:29.778+0800][0.463s][info][gc,start       ] GC(231) Pause Full (Allocation Failure)
[2026-01-06T17:26:29.778+0800][0.463s][info][gc,phases,start] GC(231) Phase 1: Mark live objects
[2026-01-06T17:26:29.778+0800][0.464s][info][gc,phases      ] GC(231) Phase 1: Mark live objects 0.475ms
[2026-01-06T17:26:29.778+0800][0.464s][info][gc,phases,start] GC(231) Phase 2: Compute new object addresses
[2026-01-06T17:26:29.778+0800][0.464s][info][gc,phases      ] GC(231) Phase 2: Compute new object addresses 0.076ms
[2026-01-06T17:26:29.778+0800][0.464s][info][gc,phases,start] GC(231) Phase 3: Adjust pointers
[2026-01-06T17:26:29.779+0800][0.465s][info][gc,phases      ] GC(231) Phase 3: Adjust pointers 0.672ms
[2026-01-06T17:26:29.779+0800][0.465s][info][gc,phases,start] GC(231) Phase 4: Move objects
[2026-01-06T17:26:29.779+0800][0.465s][info][gc,phases      ] GC(231) Phase 4: Move objects 0.032ms
[2026-01-06T17:26:29.779+0800][0.465s][info][gc             ] GC(231) Pause Full (Allocation Failure) 133M->4M(247M) 1.282ms
[2026-01-06T17:26:29.779+0800][0.465s][info][gc,heap        ] GC(230) DefNew: 67960K->0K(78720K)
[2026-01-06T17:26:29.779+0800][0.465s][info][gc,heap        ] GC(230) Tenured: 135329K->4257K(174784K)
[2026-01-06T17:26:29.779+0800][0.465s][info][gc,metaspace   ] GC(230) Metaspace: 3679K(4864K)->3679K(4864K) NonClass: 3358K(4352K)->3358K(4352K) Class: 320K(512K)->320K(512K)
[2026-01-06T17:26:29.779+0800][0.465s][info][gc             ] GC(230) Pause Young (Allocation Failure) 198M->4M(247M) 1.359ms
[2026-01-06T17:26:29.779+0800][0.465s][info][gc,cpu         ] GC(230) User=0.00s Sys=0.00s Real=0.00s
[2026-01-06T17:26:29.781+0800][0.466s][info][gc,start       ] GC(232) Pause Young (Allocation Failure)
[2026-01-06T17:26:29.781+0800][0.467s][info][gc,start       ] GC(233) Pause Full (Allocation Failure)
[2026-01-06T17:26:29.781+0800][0.467s][info][gc,phases,start] GC(233) Phase 1: Mark live objects
[2026-01-06T17:26:29.781+0800][0.467s][info][gc,phases      ] GC(233) Phase 1: Mark live objects 0.474ms
[2026-01-06T17:26:29.781+0800][0.467s][info][gc,phases,start] GC(233) Phase 2: Compute new object addresses
[2026-01-06T17:26:29.782+0800][0.467s][info][gc,phases      ] GC(233) Phase 2: Compute new object addresses 0.076ms
[2026-01-06T17:26:29.782+0800][0.467s][info][gc,phases,start] GC(233) Phase 3: Adjust pointers
[2026-01-06T17:26:29.782+0800][0.468s][info][gc,phases      ] GC(233) Phase 3: Adjust pointers 0.653ms
[2026-01-06T17:26:29.782+0800][0.468s][info][gc,phases,start] GC(233) Phase 4: Move objects
[2026-01-06T17:26:29.782+0800][0.468s][info][gc,phases      ] GC(233) Phase 4: Move objects 0.030ms
[2026-01-06T17:26:29.782+0800][0.468s][info][gc             ] GC(233) Pause Full (Allocation Failure) 133M->4M(247M) 1.256ms
[2026-01-06T17:26:29.782+0800][0.468s][info][gc,heap        ] GC(232) DefNew: 67960K->0K(78720K)
[2026-01-06T17:26:29.782+0800][0.468s][info][gc,heap        ] GC(232) Tenured: 135329K->4257K(174784K)
[2026-01-06T17:26:29.782+0800][0.468s][info][gc,metaspace   ] GC(232) Metaspace: 3679K(4864K)->3679K(4864K) NonClass: 3358K(4352K)->3358K(4352K) Class: 320K(512K)->320K(512K)
[2026-01-06T17:26:29.782+0800][0.468s][info][gc             ] GC(232) Pause Young (Allocation Failure) 198M->4M(247M) 1.332ms
[2026-01-06T17:26:29.782+0800][0.468s][info][gc,cpu         ] GC(232) User=0.00s Sys=0.00s Real=0.00s
[2026-01-06T17:26:29.784+0800][0.470s][info][gc,start       ] GC(234) Pause Young (Allocation Failure)
[2026-01-06T17:26:29.784+0800][0.470s][info][gc,start       ] GC(235) Pause Full (Allocation Failure)
[2026-01-06T17:26:29.784+0800][0.470s][info][gc,phases,start] GC(235) Phase 1: Mark live objects
[2026-01-06T17:26:29.785+0800][0.470s][info][gc,phases      ] GC(235) Phase 1: Mark live objects 0.472ms
[2026-01-06T17:26:29.785+0800][0.470s][info][gc,phases,start] GC(235) Phase 2: Compute new object addresses
[2026-01-06T17:26:29.785+0800][0.470s][info][gc,phases      ] GC(235) Phase 2: Compute new object addresses 0.075ms
[2026-01-06T17:26:29.785+0800][0.470s][info][gc,phases,start] GC(235) Phase 3: Adjust pointers
[2026-01-06T17:26:29.785+0800][0.471s][info][gc,phases      ] GC(235) Phase 3: Adjust pointers 0.654ms
[2026-01-06T17:26:29.785+0800][0.471s][info][gc,phases,start] GC(235) Phase 4: Move objects
[2026-01-06T17:26:29.785+0800][0.471s][info][gc,phases      ] GC(235) Phase 4: Move objects 0.029ms
[2026-01-06T17:26:29.785+0800][0.471s][info][gc             ] GC(235) Pause Full (Allocation Failure) 133M->4M(247M) 1.255ms
[2026-01-06T17:26:29.785+0800][0.471s][info][gc,heap        ] GC(234) DefNew: 67960K->0K(78720K)
[2026-01-06T17:26:29.785+0800][0.471s][info][gc,heap        ] GC(234) Tenured: 135329K->4257K(174784K)
[2026-01-06T17:26:29.785+0800][0.471s][info][gc,metaspace   ] GC(234) Metaspace: 3679K(4864K)->3679K(4864K) NonClass: 3358K(4352K)->3358K(4352K) Class: 320K(512K)->320K(512K)
[2026-01-06T17:26:29.785+0800][0.471s][info][gc             ] GC(234) Pause Young (Allocation Failure) 198M->4M(247M) 1.335ms
[2026-01-06T17:26:29.785+0800][0.471s][info][gc,cpu         ] GC(234) User=0.00s Sys=0.00s Real=0.00s
[2026-01-06T17:26:29.787+0800][0.473s][info][gc,start       ] GC(236) Pause Young (Allocation Failure)
[2026-01-06T17:26:29.787+0800][0.473s][info][gc,start       ] GC(237) Pause Full (Allocation Failure)
[2026-01-06T17:26:29.787+0800][0.473s][info][gc,phases,start] GC(237) Phase 1: Mark live objects
[2026-01-06T17:26:29.788+0800][0.473s][info][gc,phases      ] GC(237) Phase 1: Mark live objects 0.472ms
[2026-01-06T17:26:29.788+0800][0.473s][info][gc,phases,start] GC(237) Phase 2: Compute new object addresses
[2026-01-06T17:26:29.788+0800][0.473s][info][gc,phases      ] GC(237) Phase 2: Compute new object addresses 0.072ms
[2026-01-06T17:26:29.788+0800][0.473s][info][gc,phases,start] GC(237) Phase 3: Adjust pointers
[2026-01-06T17:26:29.788+0800][0.474s][info][gc,phases      ] GC(237) Phase 3: Adjust pointers 0.652ms
[2026-01-06T17:26:29.788+0800][0.474s][info][gc,phases,start] GC(237) Phase 4: Move objects
[2026-01-06T17:26:29.788+0800][0.474s][info][gc,phases      ] GC(237) Phase 4: Move objects 0.029ms
[2026-01-06T17:26:29.788+0800][0.474s][info][gc             ] GC(237) Pause Full (Allocation Failure) 133M->4M(247M) 1.248ms
[2026-01-06T17:26:29.788+0800][0.474s][info][gc,heap        ] GC(236) DefNew: 67960K->0K(78720K)
[2026-01-06T17:26:29.788+0800][0.474s][info][gc,heap        ] GC(236) Tenured: 135329K->4257K(174784K)
[2026-01-06T17:26:29.788+0800][0.474s][info][gc,metaspace   ] GC(236) Metaspace: 3679K(4864K)->3679K(4864K) NonClass: 3358K(4352K)->3358K(4352K) Class: 320K(512K)->320K(512K)
[2026-01-06T17:26:29.788+0800][0.474s][info][gc             ] GC(236) Pause Young (Allocation Failure) 198M->4M(247M) 1.324ms
[2026-01-06T17:26:29.788+0800][0.474s][info][gc,cpu         ] GC(236) User=0.00s Sys=0.00s Real=0.00s
[2026-01-06T17:26:29.790+0800][0.476s][info][gc,start       ] GC(238) Pause Young (Allocation Failure)
[2026-01-06T17:26:29.790+0800][0.476s][info][gc,start       ] GC(239) Pause Full (Allocation Failure)
[2026-01-06T17:26:29.790+0800][0.476s][info][gc,phases,start] GC(239) Phase 1: Mark live objects
[2026-01-06T17:26:29.791+0800][0.476s][info][gc,phases      ] GC(239) Phase 1: Mark live objects 0.458ms
[2026-01-06T17:26:29.791+0800][0.476s][info][gc,phases,start] GC(239) Phase 2: Compute new object addresses
[2026-01-06T17:26:29.791+0800][0.476s][info][gc,phases      ] GC(239) Phase 2: Compute new object addresses 0.075ms
[2026-01-06T17:26:29.791+0800][0.476s][info][gc,phases,start] GC(239) Phase 3: Adjust pointers
[2026-01-06T17:26:29.792+0800][0.477s][info][gc,phases      ] GC(239) Phase 3: Adjust pointers 0.650ms
[2026-01-06T17:26:29.792+0800][0.477s][info][gc,phases,start] GC(239) Phase 4: Move objects
[2026-01-06T17:26:29.792+0800][0.477s][info][gc,phases      ] GC(239) Phase 4: Move objects 0.030ms
[2026-01-06T17:26:29.792+0800][0.477s][info][gc             ] GC(239) Pause Full (Allocation Failure) 133M->4M(247M) 1.240ms
[2026-01-06T17:26:29.792+0800][0.477s][info][gc,heap        ] GC(238) DefNew: 67960K->0K(78720K)
[2026-01-06T17:26:29.792+0800][0.477s][info][gc,heap        ] GC(238) Tenured: 135329K->4257K(174784K)
[2026-01-06T17:26:29.792+0800][0.477s][info][gc,metaspace   ] GC(238) Metaspace: 3679K(4864K)->3679K(4864K) NonClass: 3358K(4352K)->3358K(4352K) Class: 320K(512K)->320K(512K)
[2026-01-06T17:26:29.792+0800][0.477s][info][gc             ] GC(238) Pause Young (Allocation Failure) 198M->4M(247M) 1.333ms
[2026-01-06T17:26:29.792+0800][0.477s][info][gc,cpu         ] GC(238) User=0.00s Sys=0.00s Real=0.00s
[2026-01-06T17:26:29.793+0800][0.479s][info][gc,start       ] GC(240) Pause Young (Allocation Failure)
[2026-01-06T17:26:29.793+0800][0.479s][info][gc,start       ] GC(241) Pause Full (Allocation Failure)
[2026-01-06T17:26:29.793+0800][0.479s][info][gc,phases,start] GC(241) Phase 1: Mark live objects
[2026-01-06T17:26:29.794+0800][0.479s][info][gc,phases      ] GC(241) Phase 1: Mark live objects 0.455ms
[2026-01-06T17:26:29.794+0800][0.479s][info][gc,phases,start] GC(241) Phase 2: Compute new object addresses
[2026-01-06T17:26:29.794+0800][0.479s][info][gc,phases      ] GC(241) Phase 2: Compute new object addresses 0.069ms
[2026-01-06T17:26:29.794+0800][0.480s][info][gc,phases,start] GC(241) Phase 3: Adjust pointers
[2026-01-06T17:26:29.795+0800][0.480s][info][gc,phases      ] GC(241) Phase 3: Adjust pointers 0.649ms
[2026-01-06T17:26:29.795+0800][0.480s][info][gc,phases,start] GC(241) Phase 4: Move objects
[2026-01-06T17:26:29.795+0800][0.480s][info][gc,phases      ] GC(241) Phase 4: Move objects 0.030ms
[2026-01-06T17:26:29.795+0800][0.480s][info][gc             ] GC(241) Pause Full (Allocation Failure) 133M->4M(247M) 1.227ms
[2026-01-06T17:26:29.795+0800][0.480s][info][gc,heap        ] GC(240) DefNew: 67960K->0K(78720K)
[2026-01-06T17:26:29.795+0800][0.480s][info][gc,heap        ] GC(240) Tenured: 135329K->4257K(174784K)
[2026-01-06T17:26:29.795+0800][0.480s][info][gc,metaspace   ] GC(240) Metaspace: 3679K(4864K)->3679K(4864K) NonClass: 3358K(4352K)->3358K(4352K) Class: 320K(512K)->320K(512K)
[2026-01-06T17:26:29.795+0800][0.480s][info][gc             ] GC(240) Pause Young (Allocation Failure) 198M->4M(247M) 1.305ms
[2026-01-06T17:26:29.795+0800][0.480s][info][gc,cpu         ] GC(240) User=0.00s Sys=0.00s Real=0.00s
[2026-01-06T17:26:29.796+0800][0.482s][info][gc,start       ] GC(242) Pause Young (Allocation Failure)
[2026-01-06T17:26:29.796+0800][0.482s][info][gc,start       ] GC(243) Pause Full (Allocation Failure)
[2026-01-06T17:26:29.796+0800][0.482s][info][gc,phases,start] GC(243) Phase 1: Mark live objects
[2026-01-06T17:26:29.797+0800][0.483s][info][gc,phases      ] GC(243) Phase 1: Mark live objects 0.457ms
[2026-01-06T17:26:29.797+0800][0.483s][info][gc,phases,start] GC(243) Phase 2: Compute new object addresses
[2026-01-06T17:26:29.797+0800][0.483s][info][gc,phases      ] GC(243) Phase 2: Compute new object addresses 0.073ms
[2026-01-06T17:26:29.797+0800][0.483s][info][gc,phases,start] GC(243) Phase 3: Adjust pointers
[2026-01-06T17:26:29.798+0800][0.483s][info][gc,phases      ] GC(243) Phase 3: Adjust pointers 0.648ms
[2026-01-06T17:26:29.798+0800][0.483s][info][gc,phases,start] GC(243) Phase 4: Move objects
[2026-01-06T17:26:29.798+0800][0.483s][info][gc,phases      ] GC(243) Phase 4: Move objects 0.030ms
[2026-01-06T17:26:29.798+0800][0.483s][info][gc             ] GC(243) Pause Full (Allocation Failure) 133M->4M(247M) 1.230ms
[2026-01-06T17:26:29.798+0800][0.483s][info][gc,heap        ] GC(242) DefNew: 67960K->0K(78720K)
[2026-01-06T17:26:29.798+0800][0.483s][info][gc,heap        ] GC(242) Tenured: 135329K->4257K(174784K)
[2026-01-06T17:26:29.798+0800][0.483s][info][gc,metaspace   ] GC(242) Metaspace: 3679K(4864K)->3679K(4864K) NonClass: 3358K(4352K)->3358K(4352K) Class: 320K(512K)->320K(512K)
[2026-01-06T17:26:29.798+0800][0.483s][info][gc             ] GC(242) Pause Young (Allocation Failure) 198M->4M(247M) 1.306ms
[2026-01-06T17:26:29.798+0800][0.483s][info][gc,cpu         ] GC(242) User=0.00s Sys=0.00s Real=0.00s
[2026-01-06T17:26:29.800+0800][0.485s][info][gc,start       ] GC(244) Pause Young (Allocation Failure)
[2026-01-06T17:26:29.800+0800][0.485s][info][gc,start       ] GC(245) Pause Full (Allocation Failure)
[2026-01-06T17:26:29.800+0800][0.485s][info][gc,phases,start] GC(245) Phase 1: Mark live objects
[2026-01-06T17:26:29.800+0800][0.486s][info][gc,phases      ] GC(245) Phase 1: Mark live objects 0.455ms
[2026-01-06T17:26:29.800+0800][0.486s][info][gc,phases,start] GC(245) Phase 2: Compute new object addresses
[2026-01-06T17:26:29.800+0800][0.486s][info][gc,phases      ] GC(245) Phase 2: Compute new object addresses 0.072ms
[2026-01-06T17:26:29.800+0800][0.486s][info][gc,phases,start] GC(245) Phase 3: Adjust pointers
[2026-01-06T17:26:29.801+0800][0.486s][info][gc,phases      ] GC(245) Phase 3: Adjust pointers 0.659ms
[2026-01-06T17:26:29.801+0800][0.486s][info][gc,phases,start] GC(245) Phase 4: Move objects
[2026-01-06T17:26:29.801+0800][0.486s][info][gc,phases      ] GC(245) Phase 4: Move objects 0.029ms
[2026-01-06T17:26:29.801+0800][0.486s][info][gc             ] GC(245) Pause Full (Allocation Failure) 133M->4M(247M) 1.248ms
[2026-01-06T17:26:29.801+0800][0.486s][info][gc,heap        ] GC(244) DefNew: 67960K->0K(78720K)
[2026-01-06T17:26:29.801+0800][0.486s][info][gc,heap        ] GC(244) Tenured: 135329K->4257K(174784K)
[2026-01-06T17:26:29.801+0800][0.486s][info][gc,metaspace   ] GC(244) Metaspace: 3679K(4864K)->3679K(4864K) NonClass: 3358K(4352K)->3358K(4352K) Class: 320K(512K)->320K(512K)
[2026-01-06T17:26:29.801+0800][0.486s][info][gc             ] GC(244) Pause Young (Allocation Failure) 198M->4M(247M) 1.325ms
[2026-01-06T17:26:29.801+0800][0.486s][info][gc,cpu         ] GC(244) User=0.00s Sys=0.00s Real=0.00s
[2026-01-06T17:26:29.803+0800][0.488s][info][gc,start       ] GC(246) Pause Young (Allocation Failure)
[2026-01-06T17:26:29.803+0800][0.488s][info][gc,start       ] GC(247) Pause Full (Allocation Failure)
[2026-01-06T17:26:29.803+0800][0.488s][info][gc,phases,start] GC(247) Phase 1: Mark live objects
[2026-01-06T17:26:29.803+0800][0.489s][info][gc,phases      ] GC(247) Phase 1: Mark live objects 0.457ms
[2026-01-06T17:26:29.803+0800][0.489s][info][gc,phases,start] GC(247) Phase 2: Compute new object addresses
[2026-01-06T17:26:29.803+0800][0.489s][info][gc,phases      ] GC(247) Phase 2: Compute new object addresses 0.073ms
[2026-01-06T17:26:29.803+0800][0.489s][info][gc,phases,start] GC(247) Phase 3: Adjust pointers
[2026-01-06T17:26:29.804+0800][0.490s][info][gc,phases      ] GC(247) Phase 3: Adjust pointers 0.650ms
[2026-01-06T17:26:29.804+0800][0.490s][info][gc,phases,start] GC(247) Phase 4: Move objects
[2026-01-06T17:26:29.804+0800][0.490s][info][gc,phases      ] GC(247) Phase 4: Move objects 0.030ms
[2026-01-06T17:26:29.804+0800][0.490s][info][gc             ] GC(247) Pause Full (Allocation Failure) 133M->4M(247M) 1.232ms
[2026-01-06T17:26:29.804+0800][0.490s][info][gc,heap        ] GC(246) DefNew: 67960K->0K(78720K)
[2026-01-06T17:26:29.804+0800][0.490s][info][gc,heap        ] GC(246) Tenured: 135329K->4257K(174784K)
[2026-01-06T17:26:29.804+0800][0.490s][info][gc,metaspace   ] GC(246) Metaspace: 3679K(4864K)->3679K(4864K) NonClass: 3358K(4352K)->3358K(4352K) Class: 320K(512K)->320K(512K)
[2026-01-06T17:26:29.804+0800][0.490s][info][gc             ] GC(246) Pause Young (Allocation Failure) 198M->4M(247M) 1.308ms
[2026-01-06T17:26:29.804+0800][0.490s][info][gc,cpu         ] GC(246) User=0.00s Sys=0.00s Real=0.00s
[2026-01-06T17:26:29.806+0800][0.491s][info][gc,start       ] GC(248) Pause Young (Allocation Failure)
[2026-01-06T17:26:29.806+0800][0.491s][info][gc,start       ] GC(249) Pause Full (Allocation Failure)
[2026-01-06T17:26:29.806+0800][0.491s][info][gc,phases,start] GC(249) Phase 1: Mark live objects
[2026-01-06T17:26:29.806+0800][0.492s][info][gc,phases      ] GC(249) Phase 1: Mark live objects 0.468ms
[2026-01-06T17:26:29.806+0800][0.492s][info][gc,phases,start] GC(249) Phase 2: Compute new object addresses
[2026-01-06T17:26:29.806+0800][0.492s][info][gc,phases      ] GC(249) Phase 2: Compute new object addresses 0.085ms
[2026-01-06T17:26:29.806+0800][0.492s][info][gc,phases,start] GC(249) Phase 3: Adjust pointers
[2026-01-06T17:26:29.807+0800][0.493s][info][gc,phases      ] GC(249) Phase 3: Adjust pointers 0.671ms
[2026-01-06T17:26:29.807+0800][0.493s][info][gc,phases,start] GC(249) Phase 4: Move objects
[2026-01-06T17:26:29.807+0800][0.493s][info][gc,phases      ] GC(249) Phase 4: Move objects 0.032ms
[2026-01-06T17:26:29.807+0800][0.493s][info][gc             ] GC(249) Pause Full (Allocation Failure) 133M->4M(247M) 1.282ms
[2026-01-06T17:26:29.807+0800][0.493s][info][gc,heap        ] GC(248) DefNew: 67960K->0K(78720K)
[2026-01-06T17:26:29.807+0800][0.493s][info][gc,heap        ] GC(248) Tenured: 135329K->4257K(174784K)
[2026-01-06T17:26:29.807+0800][0.493s][info][gc,metaspace   ] GC(248) Metaspace: 3679K(4864K)->3679K(4864K) NonClass: 3358K(4352K)->3358K(4352K) Class: 320K(512K)->320K(512K)
[2026-01-06T17:26:29.807+0800][0.493s][info][gc             ] GC(248) Pause Young (Allocation Failure) 198M->4M(247M) 1.364ms
[2026-01-06T17:26:29.807+0800][0.493s][info][gc,cpu         ] GC(248) User=0.00s Sys=0.00s Real=0.00s
[2026-01-06T17:26:29.809+0800][0.494s][info][gc,start       ] GC(250) Pause Young (Allocation Failure)
[2026-01-06T17:26:29.809+0800][0.495s][info][gc,start       ] GC(251) Pause Full (Allocation Failure)
[2026-01-06T17:26:29.809+0800][0.495s][info][gc,phases,start] GC(251) Phase 1: Mark live objects
[2026-01-06T17:26:29.809+0800][0.495s][info][gc,phases      ] GC(251) Phase 1: Mark live objects 0.455ms
[2026-01-06T17:26:29.809+0800][0.495s][info][gc,phases,start] GC(251) Phase 2: Compute new object addresses
[2026-01-06T17:26:29.809+0800][0.495s][info][gc,phases      ] GC(251) Phase 2: Compute new object addresses 0.074ms
[2026-01-06T17:26:29.809+0800][0.495s][info][gc,phases,start] GC(251) Phase 3: Adjust pointers
[2026-01-06T17:26:29.810+0800][0.496s][info][gc,phases      ] GC(251) Phase 3: Adjust pointers 0.651ms
[2026-01-06T17:26:29.810+0800][0.496s][info][gc,phases,start] GC(251) Phase 4: Move objects
[2026-01-06T17:26:29.810+0800][0.496s][info][gc,phases      ] GC(251) Phase 4: Move objects 0.031ms
[2026-01-06T17:26:29.810+0800][0.496s][info][gc             ] GC(251) Pause Full (Allocation Failure) 133M->4M(247M) 1.232ms
[2026-01-06T17:26:29.810+0800][0.496s][info][gc,heap        ] GC(250) DefNew: 67960K->0K(78720K)
[2026-01-06T17:26:29.810+0800][0.496s][info][gc,heap        ] GC(250) Tenured: 135329K->4257K(174784K)
[2026-01-06T17:26:29.810+0800][0.496s][info][gc,metaspace   ] GC(250) Metaspace: 3679K(4864K)->3679K(4864K) NonClass: 3358K(4352K)->3358K(4352K) Class: 320K(512K)->320K(512K)
[2026-01-06T17:26:29.810+0800][0.496s][info][gc             ] GC(250) Pause Young (Allocation Failure) 198M->4M(247M) 1.308ms
[2026-01-06T17:26:29.810+0800][0.496s][info][gc,cpu         ] GC(250) User=0.00s Sys=0.00s Real=0.01s
[2026-01-06T17:26:29.812+0800][0.498s][info][gc,start       ] GC(252) Pause Young (Allocation Failure)
[2026-01-06T17:26:29.812+0800][0.498s][info][gc,start       ] GC(253) Pause Full (Allocation Failure)
[2026-01-06T17:26:29.812+0800][0.498s][info][gc,phases,start] GC(253) Phase 1: Mark live objects
[2026-01-06T17:26:29.812+0800][0.498s][info][gc,phases      ] GC(253) Phase 1: Mark live objects 0.454ms
[2026-01-06T17:26:29.812+0800][0.498s][info][gc,phases,start] GC(253) Phase 2: Compute new object addresses
[2026-01-06T17:26:29.813+0800][0.498s][info][gc,phases      ] GC(253) Phase 2: Compute new object addresses 0.071ms
[2026-01-06T17:26:29.813+0800][0.498s][info][gc,phases,start] GC(253) Phase 3: Adjust pointers
[2026-01-06T17:26:29.813+0800][0.499s][info][gc,phases      ] GC(253) Phase 3: Adjust pointers 0.666ms
[2026-01-06T17:26:29.813+0800][0.499s][info][gc,phases,start] GC(253) Phase 4: Move objects
[2026-01-06T17:26:29.813+0800][0.499s][info][gc,phases      ] GC(253) Phase 4: Move objects 0.030ms
[2026-01-06T17:26:29.813+0800][0.499s][info][gc             ] GC(253) Pause Full (Allocation Failure) 133M->4M(247M) 1.242ms
[2026-01-06T17:26:29.813+0800][0.499s][info][gc,heap        ] GC(252) DefNew: 67960K->0K(78720K)
[2026-01-06T17:26:29.813+0800][0.499s][info][gc,heap        ] GC(252) Tenured: 135329K->4257K(174784K)
[2026-01-06T17:26:29.813+0800][0.499s][info][gc,metaspace   ] GC(252) Metaspace: 3679K(4864K)->3679K(4864K) NonClass: 3358K(4352K)->3358K(4352K) Class: 320K(512K)->320K(512K)
[2026-01-06T17:26:29.813+0800][0.499s][info][gc             ] GC(252) Pause Young (Allocation Failure) 198M->4M(247M) 1.321ms
[2026-01-06T17:26:29.813+0800][0.499s][info][gc,cpu         ] GC(252) User=0.01s Sys=0.00s Real=0.00s
[2026-01-06T17:26:29.815+0800][0.501s][info][gc,start       ] GC(254) Pause Young (Allocation Failure)
[2026-01-06T17:26:29.815+0800][0.501s][info][gc,start       ] GC(255) Pause Full (Allocation Failure)
[2026-01-06T17:26:29.815+0800][0.501s][info][gc,phases,start] GC(255) Phase 1: Mark live objects
[2026-01-06T17:26:29.816+0800][0.501s][info][gc,phases      ] GC(255) Phase 1: Mark live objects 0.468ms
[2026-01-06T17:26:29.816+0800][0.501s][info][gc,phases,start] GC(255) Phase 2: Compute new object addresses
[2026-01-06T17:26:29.816+0800][0.501s][info][gc,phases      ] GC(255) Phase 2: Compute new object addresses 0.073ms
[2026-01-06T17:26:29.816+0800][0.501s][info][gc,phases,start] GC(255) Phase 3: Adjust pointers
[2026-01-06T17:26:29.816+0800][0.502s][info][gc,phases      ] GC(255) Phase 3: Adjust pointers 0.652ms
[2026-01-06T17:26:29.816+0800][0.502s][info][gc,phases,start] GC(255) Phase 4: Move objects
[2026-01-06T17:26:29.816+0800][0.502s][info][gc,phases      ] GC(255) Phase 4: Move objects 0.029ms
[2026-01-06T17:26:29.816+0800][0.502s][info][gc             ] GC(255) Pause Full (Allocation Failure) 133M->4M(247M) 1.246ms
[2026-01-06T17:26:29.816+0800][0.502s][info][gc,heap        ] GC(254) DefNew: 67960K->0K(78720K)
[2026-01-06T17:26:29.816+0800][0.502s][info][gc,heap        ] GC(254) Tenured: 135329K->4257K(174784K)
[2026-01-06T17:26:29.816+0800][0.502s][info][gc,metaspace   ] GC(254) Metaspace: 3679K(4864K)->3679K(4864K) NonClass: 3358K(4352K)->3358K(4352K) Class: 320K(512K)->320K(512K)
[2026-01-06T17:26:29.816+0800][0.502s][info][gc             ] GC(254) Pause Young (Allocation Failure) 198M->4M(247M) 1.324ms
[2026-01-06T17:26:29.816+0800][0.502s][info][gc,cpu         ] GC(254) User=0.00s Sys=0.00s Real=0.00s
[2026-01-06T17:26:29.818+0800][0.504s][info][gc,start       ] GC(256) Pause Young (Allocation Failure)
[2026-01-06T17:26:29.818+0800][0.504s][info][gc,start       ] GC(257) Pause Full (Allocation Failure)
[2026-01-06T17:26:29.818+0800][0.504s][info][gc,phases,start] GC(257) Phase 1: Mark live objects
[2026-01-06T17:26:29.819+0800][0.504s][info][gc,phases      ] GC(257) Phase 1: Mark live objects 0.451ms
[2026-01-06T17:26:29.819+0800][0.504s][info][gc,phases,start] GC(257) Phase 2: Compute new object addresses
[2026-01-06T17:26:29.819+0800][0.504s][info][gc,phases      ] GC(257) Phase 2: Compute new object addresses 0.072ms
[2026-01-06T17:26:29.819+0800][0.504s][info][gc,phases,start] GC(257) Phase 3: Adjust pointers
[2026-01-06T17:26:29.819+0800][0.505s][info][gc,phases      ] GC(257) Phase 3: Adjust pointers 0.651ms
[2026-01-06T17:26:29.819+0800][0.505s][info][gc,phases,start] GC(257) Phase 4: Move objects
[2026-01-06T17:26:29.819+0800][0.505s][info][gc,phases      ] GC(257) Phase 4: Move objects 0.030ms
[2026-01-06T17:26:29.819+0800][0.505s][info][gc             ] GC(257) Pause Full (Allocation Failure) 133M->4M(247M) 1.227ms
[2026-01-06T17:26:29.820+0800][0.505s][info][gc,heap        ] GC(256) DefNew: 67960K->0K(78720K)
[2026-01-06T17:26:29.820+0800][0.505s][info][gc,heap        ] GC(256) Tenured: 135329K->4257K(174784K)
[2026-01-06T17:26:29.820+0800][0.505s][info][gc,metaspace   ] GC(256) Metaspace: 3681K(4864K)->3681K(4864K) NonClass: 3360K(4352K)->3360K(4352K) Class: 320K(512K)->320K(512K)
[2026-01-06T17:26:29.820+0800][0.505s][info][gc             ] GC(256) Pause Young (Allocation Failure) 198M->4M(247M) 1.302ms
[2026-01-06T17:26:29.820+0800][0.505s][info][gc,cpu         ] GC(256) User=0.00s Sys=0.00s Real=0.01s
[2026-01-06T17:26:29.821+0800][0.507s][info][gc,start       ] GC(258) Pause Young (Allocation Failure)
[2026-01-06T17:26:29.821+0800][0.507s][info][gc,start       ] GC(259) Pause Full (Allocation Failure)
[2026-01-06T17:26:29.821+0800][0.507s][info][gc,phases,start] GC(259) Phase 1: Mark live objects
[2026-01-06T17:26:29.822+0800][0.507s][info][gc,phases      ] GC(259) Phase 1: Mark live objects 0.451ms
[2026-01-06T17:26:29.822+0800][0.507s][info][gc,phases,start] GC(259) Phase 2: Compute new object addresses
[2026-01-06T17:26:29.822+0800][0.507s][info][gc,phases      ] GC(259) Phase 2: Compute new object addresses 0.072ms
[2026-01-06T17:26:29.822+0800][0.507s][info][gc,phases,start] GC(259) Phase 3: Adjust pointers
[2026-01-06T17:26:29.823+0800][0.508s][info][gc,phases      ] GC(259) Phase 3: Adjust pointers 0.667ms
[2026-01-06T17:26:29.823+0800][0.508s][info][gc,phases,start] GC(259) Phase 4: Move objects
[2026-01-06T17:26:29.823+0800][0.508s][info][gc,phases      ] GC(259) Phase 4: Move objects 0.031ms
[2026-01-06T17:26:29.823+0800][0.508s][info][gc             ] GC(259) Pause Full (Allocation Failure) 133M->4M(247M) 1.244ms
[2026-01-06T17:26:29.823+0800][0.508s][info][gc,heap        ] GC(258) DefNew: 67960K->0K(78720K)
[2026-01-06T17:26:29.823+0800][0.508s][info][gc,heap        ] GC(258) Tenured: 135329K->4257K(174784K)
[2026-01-06T17:26:29.823+0800][0.508s][info][gc,metaspace   ] GC(258) Metaspace: 3681K(4864K)->3681K(4864K) NonClass: 3360K(4352K)->3360K(4352K) Class: 320K(512K)->320K(512K)
[2026-01-06T17:26:29.823+0800][0.508s][info][gc             ] GC(258) Pause Young (Allocation Failure) 198M->4M(247M) 1.323ms
[2026-01-06T17:26:29.823+0800][0.508s][info][gc,cpu         ] GC(258) User=0.01s Sys=0.00s Real=0.00s
[2026-01-06T17:26:29.824+0800][0.510s][info][gc,start       ] GC(260) Pause Young (Allocation Failure)
[2026-01-06T17:26:29.824+0800][0.510s][info][gc,start       ] GC(261) Pause Full (Allocation Failure)
[2026-01-06T17:26:29.824+0800][0.510s][info][gc,phases,start] GC(261) Phase 1: Mark live objects
[2026-01-06T17:26:29.825+0800][0.510s][info][gc,phases      ] GC(261) Phase 1: Mark live objects 0.452ms
[2026-01-06T17:26:29.825+0800][0.510s][info][gc,phases,start] GC(261) Phase 2: Compute new object addresses
[2026-01-06T17:26:29.825+0800][0.511s][info][gc,phases      ] GC(261) Phase 2: Compute new object addresses 0.073ms
[2026-01-06T17:26:29.825+0800][0.511s][info][gc,phases,start] GC(261) Phase 3: Adjust pointers
[2026-01-06T17:26:29.826+0800][0.511s][info][gc,phases      ] GC(261) Phase 3: Adjust pointers 0.662ms
[2026-01-06T17:26:29.826+0800][0.511s][info][gc,phases,start] GC(261) Phase 4: Move objects
[2026-01-06T17:26:29.826+0800][0.511s][info][gc,phases      ] GC(261) Phase 4: Move objects 0.030ms
[2026-01-06T17:26:29.826+0800][0.511s][info][gc             ] GC(261) Pause Full (Allocation Failure) 133M->4M(247M) 1.242ms
[2026-01-06T17:26:29.826+0800][0.511s][info][gc,heap        ] GC(260) DefNew: 67960K->0K(78720K)
[2026-01-06T17:26:29.826+0800][0.511s][info][gc,heap        ] GC(260) Tenured: 135329K->4257K(174784K)
[2026-01-06T17:26:29.826+0800][0.511s][info][gc,metaspace   ] GC(260) Metaspace: 3681K(4864K)->3681K(4864K) NonClass: 3360K(4352K)->3360K(4352K) Class: 320K(512K)->320K(512K)
[2026-01-06T17:26:29.826+0800][0.511s][info][gc             ] GC(260) Pause Young (Allocation Failure) 198M->4M(247M) 1.318ms
[2026-01-06T17:26:29.826+0800][0.511s][info][gc,cpu         ] GC(260) User=0.00s Sys=0.00s Real=0.00s
[2026-01-06T17:26:29.827+0800][0.513s][info][gc,start       ] GC(262) Pause Young (Allocation Failure)
[2026-01-06T17:26:29.827+0800][0.513s][info][gc,start       ] GC(263) Pause Full (Allocation Failure)
[2026-01-06T17:26:29.827+0800][0.513s][info][gc,phases,start] GC(263) Phase 1: Mark live objects
[2026-01-06T17:26:29.828+0800][0.514s][info][gc,phases      ] GC(263) Phase 1: Mark live objects 0.445ms
[2026-01-06T17:26:29.828+0800][0.514s][info][gc,phases,start] GC(263) Phase 2: Compute new object addresses
[2026-01-06T17:26:29.828+0800][0.514s][info][gc,phases      ] GC(263) Phase 2: Compute new object addresses 0.070ms
[2026-01-06T17:26:29.828+0800][0.514s][info][gc,phases,start] GC(263) Phase 3: Adjust pointers
[2026-01-06T17:26:29.829+0800][0.514s][info][gc,phases      ] GC(263) Phase 3: Adjust pointers 0.649ms
[2026-01-06T17:26:29.829+0800][0.514s][info][gc,phases,start] GC(263) Phase 4: Move objects
[2026-01-06T17:26:29.829+0800][0.514s][info][gc,phases      ] GC(263) Phase 4: Move objects 0.030ms
[2026-01-06T17:26:29.829+0800][0.514s][info][gc             ] GC(263) Pause Full (Allocation Failure) 133M->4M(247M) 1.215ms
[2026-01-06T17:26:29.829+0800][0.514s][info][gc,heap        ] GC(262) DefNew: 67960K->0K(78720K)
[2026-01-06T17:26:29.829+0800][0.514s][info][gc,heap        ] GC(262) Tenured: 135329K->4257K(174784K)
[2026-01-06T17:26:29.829+0800][0.514s][info][gc,metaspace   ] GC(262) Metaspace: 3681K(4864K)->3681K(4864K) NonClass: 3360K(4352K)->3360K(4352K) Class: 320K(512K)->320K(512K)
[2026-01-06T17:26:29.829+0800][0.514s][info][gc             ] GC(262) Pause Young (Allocation Failure) 198M->4M(247M) 1.297ms
[2026-01-06T17:26:29.829+0800][0.514s][info][gc,cpu         ] GC(262) User=0.00s Sys=0.00s Real=0.00s
[2026-01-06T17:26:29.831+0800][0.516s][info][gc,start       ] GC(264) Pause Young (Allocation Failure)
[2026-01-06T17:26:29.831+0800][0.516s][info][gc,start       ] GC(265) Pause Full (Allocation Failure)
[2026-01-06T17:26:29.831+0800][0.516s][info][gc,phases,start] GC(265) Phase 1: Mark live objects
[2026-01-06T17:26:29.831+0800][0.517s][info][gc,phases      ] GC(265) Phase 1: Mark live objects 0.452ms
[2026-01-06T17:26:29.831+0800][0.517s][info][gc,phases,start] GC(265) Phase 2: Compute new object addresses
[2026-01-06T17:26:29.831+0800][0.517s][info][gc,phases      ] GC(265) Phase 2: Compute new object addresses 0.072ms
[2026-01-06T17:26:29.831+0800][0.517s][info][gc,phases,start] GC(265) Phase 3: Adjust pointers
[2026-01-06T17:26:29.832+0800][0.517s][info][gc,phases      ] GC(265) Phase 3: Adjust pointers 0.651ms
[2026-01-06T17:26:29.832+0800][0.517s][info][gc,phases,start] GC(265) Phase 4: Move objects
[2026-01-06T17:26:29.832+0800][0.517s][info][gc,phases      ] GC(265) Phase 4: Move objects 0.030ms
[2026-01-06T17:26:29.832+0800][0.517s][info][gc             ] GC(265) Pause Full (Allocation Failure) 133M->4M(247M) 1.229ms
[2026-01-06T17:26:29.832+0800][0.517s][info][gc,heap        ] GC(264) DefNew: 67960K->0K(78720K)
[2026-01-06T17:26:29.832+0800][0.517s][info][gc,heap        ] GC(264) Tenured: 135329K->4257K(174784K)
[2026-01-06T17:26:29.832+0800][0.517s][info][gc,metaspace   ] GC(264) Metaspace: 3681K(4864K)->3681K(4864K) NonClass: 3360K(4352K)->3360K(4352K) Class: 320K(512K)->320K(512K)
[2026-01-06T17:26:29.832+0800][0.517s][info][gc             ] GC(264) Pause Young (Allocation Failure) 198M->4M(247M) 1.330ms
[2026-01-06T17:26:29.832+0800][0.517s][info][gc,cpu         ] GC(264) User=0.00s Sys=0.00s Real=0.00s
[2026-01-06T17:26:29.834+0800][0.519s][info][gc,start       ] GC(266) Pause Young (Allocation Failure)
[2026-01-06T17:26:29.834+0800][0.519s][info][gc,start       ] GC(267) Pause Full (Allocation Failure)
[2026-01-06T17:26:29.834+0800][0.519s][info][gc,phases,start] GC(267) Phase 1: Mark live objects
[2026-01-06T17:26:29.834+0800][0.520s][info][gc,phases      ] GC(267) Phase 1: Mark live objects 0.449ms
[2026-01-06T17:26:29.834+0800][0.520s][info][gc,phases,start] GC(267) Phase 2: Compute new object addresses
[2026-01-06T17:26:29.834+0800][0.520s][info][gc,phases      ] GC(267) Phase 2: Compute new object addresses 0.069ms
[2026-01-06T17:26:29.834+0800][0.520s][info][gc,phases,start] GC(267) Phase 3: Adjust pointers
[2026-01-06T17:26:29.835+0800][0.520s][info][gc,phases      ] GC(267) Phase 3: Adjust pointers 0.648ms
[2026-01-06T17:26:29.835+0800][0.520s][info][gc,phases,start] GC(267) Phase 4: Move objects
[2026-01-06T17:26:29.835+0800][0.520s][info][gc,phases      ] GC(267) Phase 4: Move objects 0.030ms
[2026-01-06T17:26:29.835+0800][0.520s][info][gc             ] GC(267) Pause Full (Allocation Failure) 133M->5M(247M) 1.220ms
[2026-01-06T17:26:29.835+0800][0.520s][info][gc,heap        ] GC(266) DefNew: 67960K->0K(78720K)
[2026-01-06T17:26:29.835+0800][0.520s][info][gc,heap        ] GC(266) Tenured: 135329K->5794K(174784K)
[2026-01-06T17:26:29.835+0800][0.520s][info][gc,metaspace   ] GC(266) Metaspace: 3681K(4864K)->3681K(4864K) NonClass: 3360K(4352K)->3360K(4352K) Class: 320K(512K)->320K(512K)
[2026-01-06T17:26:29.835+0800][0.521s][info][gc             ] GC(266) Pause Young (Allocation Failure) 198M->5M(247M) 1.296ms
[2026-01-06T17:26:29.835+0800][0.521s][info][gc,cpu         ] GC(266) User=0.00s Sys=0.00s Real=0.00s
[2026-01-06T17:26:29.837+0800][0.522s][info][gc,start       ] GC(268) Pause Young (Allocation Failure)
[2026-01-06T17:26:29.837+0800][0.522s][info][gc,start       ] GC(269) Pause Full (Allocation Failure)
[2026-01-06T17:26:29.837+0800][0.522s][info][gc,phases,start] GC(269) Phase 1: Mark live objects
[2026-01-06T17:26:29.837+0800][0.523s][info][gc,phases      ] GC(269) Phase 1: Mark live objects 0.447ms
[2026-01-06T17:26:29.837+0800][0.523s][info][gc,phases,start] GC(269) Phase 2: Compute new object addresses
[2026-01-06T17:26:29.837+0800][0.523s][info][gc,phases      ] GC(269) Phase 2: Compute new object addresses 0.071ms
[2026-01-06T17:26:29.837+0800][0.523s][info][gc,phases,start] GC(269) Phase 3: Adjust pointers
[2026-01-06T17:26:29.838+0800][0.524s][info][gc,phases      ] GC(269) Phase 3: Adjust pointers 0.666ms
[2026-01-06T17:26:29.838+0800][0.524s][info][gc,phases,start] GC(269) Phase 4: Move objects
[2026-01-06T17:26:29.838+0800][0.524s][info][gc,phases      ] GC(269) Phase 4: Move objects 0.029ms
[2026-01-06T17:26:29.838+0800][0.524s][info][gc             ] GC(269) Pause Full (Allocation Failure) 135M->5M(247M) 1.237ms
[2026-01-06T17:26:29.838+0800][0.524s][info][gc,heap        ] GC(268) DefNew: 67960K->0K(78720K)
[2026-01-06T17:26:29.838+0800][0.524s][info][gc,heap        ] GC(268) Tenured: 136866K->5794K(174784K)
[2026-01-06T17:26:29.838+0800][0.524s][info][gc,metaspace   ] GC(268) Metaspace: 3681K(4864K)->3681K(4864K) NonClass: 3360K(4352K)->3360K(4352K) Class: 320K(512K)->320K(512K)
[2026-01-06T17:26:29.838+0800][0.524s][info][gc             ] GC(268) Pause Young (Allocation Failure) 200M->5M(247M) 1.316ms
[2026-01-06T17:26:29.838+0800][0.524s][info][gc,cpu         ] GC(268) User=0.00s Sys=0.00s Real=0.00s
[2026-01-06T17:26:29.840+0800][0.525s][info][gc,start       ] GC(270) Pause Young (Allocation Failure)
[2026-01-06T17:26:29.840+0800][0.525s][info][gc,start       ] GC(271) Pause Full (Allocation Failure)
[2026-01-06T17:26:29.840+0800][0.525s][info][gc,phases,start] GC(271) Phase 1: Mark live objects
[2026-01-06T17:26:29.840+0800][0.526s][info][gc,phases      ] GC(271) Phase 1: Mark live objects 0.450ms
[2026-01-06T17:26:29.840+0800][0.526s][info][gc,phases,start] GC(271) Phase 2: Compute new object addresses
[2026-01-06T17:26:29.840+0800][0.526s][info][gc,phases      ] GC(271) Phase 2: Compute new object addresses 0.074ms
[2026-01-06T17:26:29.840+0800][0.526s][info][gc,phases,start] GC(271) Phase 3: Adjust pointers
[2026-01-06T17:26:29.841+0800][0.527s][info][gc,phases      ] GC(271) Phase 3: Adjust pointers 0.647ms
[2026-01-06T17:26:29.841+0800][0.527s][info][gc,phases,start] GC(271) Phase 4: Move objects
[2026-01-06T17:26:29.841+0800][0.527s][info][gc,phases      ] GC(271) Phase 4: Move objects 0.029ms
[2026-01-06T17:26:29.841+0800][0.527s][info][gc             ] GC(271) Pause Full (Allocation Failure) 135M->5M(247M) 1.222ms
[2026-01-06T17:26:29.841+0800][0.527s][info][gc,heap        ] GC(270) DefNew: 67960K->0K(78720K)
[2026-01-06T17:26:29.841+0800][0.527s][info][gc,heap        ] GC(270) Tenured: 136866K->5794K(174784K)
[2026-01-06T17:26:29.841+0800][0.527s][info][gc,metaspace   ] GC(270) Metaspace: 3681K(4864K)->3681K(4864K) NonClass: 3360K(4352K)->3360K(4352K) Class: 320K(512K)->320K(512K)
[2026-01-06T17:26:29.841+0800][0.527s][info][gc             ] GC(270) Pause Young (Allocation Failure) 200M->5M(247M) 1.298ms
[2026-01-06T17:26:29.841+0800][0.527s][info][gc,cpu         ] GC(270) User=0.00s Sys=0.00s Real=0.00s
[2026-01-06T17:26:29.843+0800][0.528s][info][gc,start       ] GC(272) Pause Young (Allocation Failure)
[2026-01-06T17:26:29.843+0800][0.529s][info][gc,start       ] GC(273) Pause Full (Allocation Failure)
[2026-01-06T17:26:29.843+0800][0.529s][info][gc,phases,start] GC(273) Phase 1: Mark live objects
[2026-01-06T17:26:29.843+0800][0.529s][info][gc,phases      ] GC(273) Phase 1: Mark live objects 0.446ms
[2026-01-06T17:26:29.843+0800][0.529s][info][gc,phases,start] GC(273) Phase 2: Compute new object addresses
[2026-01-06T17:26:29.843+0800][0.529s][info][gc,phases      ] GC(273) Phase 2: Compute new object addresses 0.071ms
[2026-01-06T17:26:29.843+0800][0.529s][info][gc,phases,start] GC(273) Phase 3: Adjust pointers
[2026-01-06T17:26:29.844+0800][0.530s][info][gc,phases      ] GC(273) Phase 3: Adjust pointers 0.653ms
[2026-01-06T17:26:29.844+0800][0.530s][info][gc,phases,start] GC(273) Phase 4: Move objects
[2026-01-06T17:26:29.844+0800][0.530s][info][gc,phases      ] GC(273) Phase 4: Move objects 0.030ms
[2026-01-06T17:26:29.844+0800][0.530s][info][gc             ] GC(273) Pause Full (Allocation Failure) 135M->4M(247M) 1.221ms
[2026-01-06T17:26:29.844+0800][0.530s][info][gc,heap        ] GC(272) DefNew: 67960K->0K(78720K)
[2026-01-06T17:26:29.844+0800][0.530s][info][gc,heap        ] GC(272) Tenured: 136866K->4257K(174784K)
[2026-01-06T17:26:29.844+0800][0.530s][info][gc,metaspace   ] GC(272) Metaspace: 3681K(4864K)->3681K(4864K) NonClass: 3360K(4352K)->3360K(4352K) Class: 320K(512K)->320K(512K)
[2026-01-06T17:26:29.844+0800][0.530s][info][gc             ] GC(272) Pause Young (Allocation Failure) 200M->4M(247M) 1.299ms
[2026-01-06T17:26:29.844+0800][0.530s][info][gc,cpu         ] GC(272) User=0.00s Sys=0.00s Real=0.00s
[2026-01-06T17:26:29.846+0800][0.532s][info][gc,start       ] GC(274) Pause Young (Allocation Failure)
[2026-01-06T17:26:29.846+0800][0.532s][info][gc,start       ] GC(275) Pause Full (Allocation Failure)
[2026-01-06T17:26:29.846+0800][0.532s][info][gc,phases,start] GC(275) Phase 1: Mark live objects
[2026-01-06T17:26:29.846+0800][0.532s][info][gc,phases      ] GC(275) Phase 1: Mark live objects 0.451ms
[2026-01-06T17:26:29.846+0800][0.532s][info][gc,phases,start] GC(275) Phase 2: Compute new object addresses
[2026-01-06T17:26:29.847+0800][0.532s][info][gc,phases      ] GC(275) Phase 2: Compute new object addresses 0.071ms
[2026-01-06T17:26:29.847+0800][0.532s][info][gc,phases,start] GC(275) Phase 3: Adjust pointers
[2026-01-06T17:26:29.847+0800][0.533s][info][gc,phases      ] GC(275) Phase 3: Adjust pointers 0.658ms
[2026-01-06T17:26:29.847+0800][0.533s][info][gc,phases,start] GC(275) Phase 4: Move objects
[2026-01-06T17:26:29.847+0800][0.533s][info][gc,phases      ] GC(275) Phase 4: Move objects 0.027ms
[2026-01-06T17:26:29.847+0800][0.533s][info][gc             ] GC(275) Pause Full (Allocation Failure) 133M->5M(247M) 1.229ms
[2026-01-06T17:26:29.847+0800][0.533s][info][gc,heap        ] GC(274) DefNew: 67960K->0K(78720K)
[2026-01-06T17:26:29.847+0800][0.533s][info][gc,heap        ] GC(274) Tenured: 135329K->5794K(174784K)
[2026-01-06T17:26:29.847+0800][0.533s][info][gc,metaspace   ] GC(274) Metaspace: 3681K(4864K)->3681K(4864K) NonClass: 3360K(4352K)->3360K(4352K) Class: 320K(512K)->320K(512K)
[2026-01-06T17:26:29.847+0800][0.533s][info][gc             ] GC(274) Pause Young (Allocation Failure) 198M->5M(247M) 1.293ms
[2026-01-06T17:26:29.847+0800][0.533s][info][gc,cpu         ] GC(274) User=0.00s Sys=0.00s Real=0.00s
[2026-01-06T17:26:29.849+0800][0.535s][info][gc,start       ] GC(276) Pause Young (Allocation Failure)
[2026-01-06T17:26:29.849+0800][0.535s][info][gc,start       ] GC(277) Pause Full (Allocation Failure)
[2026-01-06T17:26:29.849+0800][0.535s][info][gc,phases,start] GC(277) Phase 1: Mark live objects
[2026-01-06T17:26:29.850+0800][0.535s][info][gc,phases      ] GC(277) Phase 1: Mark live objects 0.444ms
[2026-01-06T17:26:29.850+0800][0.535s][info][gc,phases,start] GC(277) Phase 2: Compute new object addresses
[2026-01-06T17:26:29.850+0800][0.535s][info][gc,phases      ] GC(277) Phase 2: Compute new object addresses 0.073ms
[2026-01-06T17:26:29.850+0800][0.535s][info][gc,phases,start] GC(277) Phase 3: Adjust pointers
[2026-01-06T17:26:29.850+0800][0.536s][info][gc,phases      ] GC(277) Phase 3: Adjust pointers 0.664ms
[2026-01-06T17:26:29.850+0800][0.536s][info][gc,phases,start] GC(277) Phase 4: Move objects
[2026-01-06T17:26:29.850+0800][0.536s][info][gc,phases      ] GC(277) Phase 4: Move objects 0.027ms
[2026-01-06T17:26:29.850+0800][0.536s][info][gc             ] GC(277) Pause Full (Allocation Failure) 135M->5M(247M) 1.231ms
[2026-01-06T17:26:29.850+0800][0.536s][info][gc,heap        ] GC(276) DefNew: 67960K->0K(78720K)
[2026-01-06T17:26:29.850+0800][0.536s][info][gc,heap        ] GC(276) Tenured: 136866K->5794K(174784K)
[2026-01-06T17:26:29.850+0800][0.536s][info][gc,metaspace   ] GC(276) Metaspace: 3681K(4864K)->3681K(4864K) NonClass: 3360K(4352K)->3360K(4352K) Class: 320K(512K)->320K(512K)
[2026-01-06T17:26:29.850+0800][0.536s][info][gc             ] GC(276) Pause Young (Allocation Failure) 200M->5M(247M) 1.299ms
[2026-01-06T17:26:29.850+0800][0.536s][info][gc,cpu         ] GC(276) User=0.00s Sys=0.00s Real=0.01s
[2026-01-06T17:26:29.852+0800][0.538s][info][gc,start       ] GC(278) Pause Young (Allocation Failure)
[2026-01-06T17:26:29.852+0800][0.538s][info][gc,start       ] GC(279) Pause Full (Allocation Failure)
[2026-01-06T17:26:29.852+0800][0.538s][info][gc,phases,start] GC(279) Phase 1: Mark live objects
[2026-01-06T17:26:29.853+0800][0.538s][info][gc,phases      ] GC(279) Phase 1: Mark live objects 0.445ms
[2026-01-06T17:26:29.853+0800][0.538s][info][gc,phases,start] GC(279) Phase 2: Compute new object addresses
[2026-01-06T17:26:29.853+0800][0.538s][info][gc,phases      ] GC(279) Phase 2: Compute new object addresses 0.070ms
[2026-01-06T17:26:29.853+0800][0.538s][info][gc,phases,start] GC(279) Phase 3: Adjust pointers
[2026-01-06T17:26:29.853+0800][0.539s][info][gc,phases      ] GC(279) Phase 3: Adjust pointers 0.650ms
[2026-01-06T17:26:29.853+0800][0.539s][info][gc,phases,start] GC(279) Phase 4: Move objects
[2026-01-06T17:26:29.853+0800][0.539s][info][gc,phases      ] GC(279) Phase 4: Move objects 0.027ms
[2026-01-06T17:26:29.853+0800][0.539s][info][gc             ] GC(279) Pause Full (Allocation Failure) 135M->5M(247M) 1.214ms
[2026-01-06T17:26:29.853+0800][0.539s][info][gc,heap        ] GC(278) DefNew: 67960K->0K(78720K)
[2026-01-06T17:26:29.853+0800][0.539s][info][gc,heap        ] GC(278) Tenured: 136866K->5794K(174784K)
[2026-01-06T17:26:29.853+0800][0.539s][info][gc,metaspace   ] GC(278) Metaspace: 3681K(4864K)->3681K(4864K) NonClass: 3360K(4352K)->3360K(4352K) Class: 320K(512K)->320K(512K)
[2026-01-06T17:26:29.853+0800][0.539s][info][gc             ] GC(278) Pause Young (Allocation Failure) 200M->5M(247M) 1.278ms
[2026-01-06T17:26:29.853+0800][0.539s][info][gc,cpu         ] GC(278) User=0.01s Sys=0.00s Real=0.00s
[2026-01-06T17:26:29.855+0800][0.541s][info][gc,start       ] GC(280) Pause Young (Allocation Failure)
[2026-01-06T17:26:29.855+0800][0.541s][info][gc,start       ] GC(281) Pause Full (Allocation Failure)
[2026-01-06T17:26:29.855+0800][0.541s][info][gc,phases,start] GC(281) Phase 1: Mark live objects
[2026-01-06T17:26:29.856+0800][0.541s][info][gc,phases      ] GC(281) Phase 1: Mark live objects 0.449ms
[2026-01-06T17:26:29.856+0800][0.541s][info][gc,phases,start] GC(281) Phase 2: Compute new object addresses
[2026-01-06T17:26:29.856+0800][0.541s][info][gc,phases      ] GC(281) Phase 2: Compute new object addresses 0.067ms
[2026-01-06T17:26:29.856+0800][0.541s][info][gc,phases,start] GC(281) Phase 3: Adjust pointers
[2026-01-06T17:26:29.856+0800][0.542s][info][gc,phases      ] GC(281) Phase 3: Adjust pointers 0.647ms
[2026-01-06T17:26:29.856+0800][0.542s][info][gc,phases,start] GC(281) Phase 4: Move objects
[2026-01-06T17:26:29.856+0800][0.542s][info][gc,phases      ] GC(281) Phase 4: Move objects 0.031ms
[2026-01-06T17:26:29.856+0800][0.542s][info][gc             ] GC(281) Pause Full (Allocation Failure) 135M->4M(247M) 1.216ms
[2026-01-06T17:26:29.856+0800][0.542s][info][gc,heap        ] GC(280) DefNew: 67960K->0K(78720K)
[2026-01-06T17:26:29.856+0800][0.542s][info][gc,heap        ] GC(280) Tenured: 136866K->4257K(174784K)
[2026-01-06T17:26:29.856+0800][0.542s][info][gc,metaspace   ] GC(280) Metaspace: 3681K(4864K)->3681K(4864K) NonClass: 3360K(4352K)->3360K(4352K) Class: 320K(512K)->320K(512K)
[2026-01-06T17:26:29.856+0800][0.542s][info][gc             ] GC(280) Pause Young (Allocation Failure) 200M->4M(247M) 1.282ms
[2026-01-06T17:26:29.856+0800][0.542s][info][gc,cpu         ] GC(280) User=0.00s Sys=0.00s Real=0.00s
[2026-01-06T17:26:29.858+0800][0.544s][info][gc,start       ] GC(282) Pause Young (Allocation Failure)
[2026-01-06T17:26:29.858+0800][0.544s][info][gc,start       ] GC(283) Pause Full (Allocation Failure)
[2026-01-06T17:26:29.858+0800][0.544s][info][gc,phases,start] GC(283) Phase 1: Mark live objects
[2026-01-06T17:26:29.859+0800][0.544s][info][gc,phases      ] GC(283) Phase 1: Mark live objects 0.450ms
[2026-01-06T17:26:29.859+0800][0.544s][info][gc,phases,start] GC(283) Phase 2: Compute new object addresses
[2026-01-06T17:26:29.859+0800][0.544s][info][gc,phases      ] GC(283) Phase 2: Compute new object addresses 0.072ms
[2026-01-06T17:26:29.859+0800][0.544s][info][gc,phases,start] GC(283) Phase 3: Adjust pointers
[2026-01-06T17:26:29.859+0800][0.545s][info][gc,phases      ] GC(283) Phase 3: Adjust pointers 0.647ms
[2026-01-06T17:26:29.859+0800][0.545s][info][gc,phases,start] GC(283) Phase 4: Move objects
[2026-01-06T17:26:29.859+0800][0.545s][info][gc,phases      ] GC(283) Phase 4: Move objects 0.030ms
[2026-01-06T17:26:29.859+0800][0.545s][info][gc             ] GC(283) Pause Full (Allocation Failure) 133M->4M(247M) 1.227ms
[2026-01-06T17:26:29.859+0800][0.545s][info][gc,heap        ] GC(282) DefNew: 67960K->0K(78720K)
[2026-01-06T17:26:29.859+0800][0.545s][info][gc,heap        ] GC(282) Tenured: 135329K->4332K(174784K)
[2026-01-06T17:26:29.859+0800][0.545s][info][gc,metaspace   ] GC(282) Metaspace: 3681K(4864K)->3681K(4864K) NonClass: 3360K(4352K)->3360K(4352K) Class: 320K(512K)->320K(512K)
[2026-01-06T17:26:29.859+0800][0.545s][info][gc             ] GC(282) Pause Young (Allocation Failure) 198M->4M(247M) 1.305ms
[2026-01-06T17:26:29.859+0800][0.545s][info][gc,cpu         ] GC(282) User=0.00s Sys=0.00s Real=0.00s
[2026-01-06T17:26:29.861+0800][0.547s][info][gc,start       ] GC(284) Pause Young (Allocation Failure)
[2026-01-06T17:26:29.861+0800][0.547s][info][gc,start       ] GC(285) Pause Full (Allocation Failure)
[2026-01-06T17:26:29.861+0800][0.547s][info][gc,phases,start] GC(285) Phase 1: Mark live objects
[2026-01-06T17:26:29.862+0800][0.547s][info][gc,phases      ] GC(285) Phase 1: Mark live objects 0.451ms
[2026-01-06T17:26:29.862+0800][0.547s][info][gc,phases,start] GC(285) Phase 2: Compute new object addresses
[2026-01-06T17:26:29.862+0800][0.547s][info][gc,phases      ] GC(285) Phase 2: Compute new object addresses 0.068ms
[2026-01-06T17:26:29.862+0800][0.547s][info][gc,phases,start] GC(285) Phase 3: Adjust pointers
[2026-01-06T17:26:29.862+0800][0.548s][info][gc,phases      ] GC(285) Phase 3: Adjust pointers 0.648ms
[2026-01-06T17:26:29.862+0800][0.548s][info][gc,phases,start] GC(285) Phase 4: Move objects
[2026-01-06T17:26:29.862+0800][0.548s][info][gc,phases      ] GC(285) Phase 4: Move objects 0.029ms
[2026-01-06T17:26:29.862+0800][0.548s][info][gc             ] GC(285) Pause Full (Allocation Failure) 133M->4M(247M) 1.217ms
[2026-01-06T17:26:29.862+0800][0.548s][info][gc,heap        ] GC(284) DefNew: 67960K->0K(78720K)
[2026-01-06T17:26:29.862+0800][0.548s][info][gc,heap        ] GC(284) Tenured: 135404K->4332K(174784K)
[2026-01-06T17:26:29.862+0800][0.548s][info][gc,metaspace   ] GC(284) Metaspace: 3681K(4864K)->3681K(4864K) NonClass: 3360K(4352K)->3360K(4352K) Class: 320K(512K)->320K(512K)
[2026-01-06T17:26:29.863+0800][0.548s][info][gc             ] GC(284) Pause Young (Allocation Failure) 198M->4M(247M) 1.296ms
[2026-01-06T17:26:29.863+0800][0.548s][info][gc,cpu         ] GC(284) User=0.00s Sys=0.00s Real=0.00s
[2026-01-06T17:26:29.864+0800][0.550s][info][gc,start       ] GC(286) Pause Young (Allocation Failure)
[2026-01-06T17:26:29.864+0800][0.550s][info][gc,start       ] GC(287) Pause Full (Allocation Failure)
[2026-01-06T17:26:29.864+0800][0.550s][info][gc,phases,start] GC(287) Phase 1: Mark live objects
[2026-01-06T17:26:29.865+0800][0.550s][info][gc,phases      ] GC(287) Phase 1: Mark live objects 0.449ms
[2026-01-06T17:26:29.865+0800][0.550s][info][gc,phases,start] GC(287) Phase 2: Compute new object addresses
[2026-01-06T17:26:29.865+0800][0.550s][info][gc,phases      ] GC(287) Phase 2: Compute new object addresses 0.073ms
[2026-01-06T17:26:29.865+0800][0.550s][info][gc,phases,start] GC(287) Phase 3: Adjust pointers
[2026-01-06T17:26:29.866+0800][0.551s][info][gc,phases      ] GC(287) Phase 3: Adjust pointers 0.646ms
[2026-01-06T17:26:29.866+0800][0.551s][info][gc,phases,start] GC(287) Phase 4: Move objects
[2026-01-06T17:26:29.866+0800][0.551s][info][gc,phases      ] GC(287) Phase 4: Move objects 0.029ms
[2026-01-06T17:26:29.866+0800][0.551s][info][gc             ] GC(287) Pause Full (Allocation Failure) 133M->4M(247M) 1.221ms
[2026-01-06T17:26:29.866+0800][0.551s][info][gc,heap        ] GC(286) DefNew: 67960K->0K(78720K)
[2026-01-06T17:26:29.866+0800][0.551s][info][gc,heap        ] GC(286) Tenured: 135404K->4332K(174784K)
[2026-01-06T17:26:29.866+0800][0.551s][info][gc,metaspace   ] GC(286) Metaspace: 3681K(4864K)->3681K(4864K) NonClass: 3360K(4352K)->3360K(4352K) Class: 320K(512K)->320K(512K)
[2026-01-06T17:26:29.866+0800][0.551s][info][gc             ] GC(286) Pause Young (Allocation Failure) 198M->4M(247M) 1.296ms
[2026-01-06T17:26:29.866+0800][0.551s][info][gc,cpu         ] GC(286) User=0.00s Sys=0.00s Real=0.00s
[2026-01-06T17:26:29.867+0800][0.553s][info][gc,start       ] GC(288) Pause Young (Allocation Failure)
[2026-01-06T17:26:29.867+0800][0.553s][info][gc,start       ] GC(289) Pause Full (Allocation Failure)
[2026-01-06T17:26:29.867+0800][0.553s][info][gc,phases,start] GC(289) Phase 1: Mark live objects
[2026-01-06T17:26:29.868+0800][0.553s][info][gc,phases      ] GC(289) Phase 1: Mark live objects 0.443ms
[2026-01-06T17:26:29.868+0800][0.553s][info][gc,phases,start] GC(289) Phase 2: Compute new object addresses
[2026-01-06T17:26:29.868+0800][0.553s][info][gc,phases      ] GC(289) Phase 2: Compute new object addresses 0.074ms
[2026-01-06T17:26:29.868+0800][0.553s][info][gc,phases,start] GC(289) Phase 3: Adjust pointers
[2026-01-06T17:26:29.869+0800][0.554s][info][gc,phases      ] GC(289) Phase 3: Adjust pointers 0.650ms
[2026-01-06T17:26:29.869+0800][0.554s][info][gc,phases,start] GC(289) Phase 4: Move objects
[2026-01-06T17:26:29.869+0800][0.554s][info][gc,phases      ] GC(289) Phase 4: Move objects 0.029ms
[2026-01-06T17:26:29.869+0800][0.554s][info][gc             ] GC(289) Pause Full (Allocation Failure) 133M->4M(247M) 1.217ms
[2026-01-06T17:26:29.869+0800][0.554s][info][gc,heap        ] GC(288) DefNew: 67960K->0K(78720K)
[2026-01-06T17:26:29.869+0800][0.554s][info][gc,heap        ] GC(288) Tenured: 135404K->4257K(174784K)
[2026-01-06T17:26:29.869+0800][0.554s][info][gc,metaspace   ] GC(288) Metaspace: 3681K(4864K)->3681K(4864K) NonClass: 3360K(4352K)->3360K(4352K) Class: 320K(512K)->320K(512K)
[2026-01-06T17:26:29.869+0800][0.554s][info][gc             ] GC(288) Pause Young (Allocation Failure) 198M->4M(247M) 1.292ms
[2026-01-06T17:26:29.869+0800][0.554s][info][gc,cpu         ] GC(288) User=0.00s Sys=0.00s Real=0.00s
[2026-01-06T17:26:29.870+0800][0.556s][info][gc,start       ] GC(290) Pause Young (Allocation Failure)
[2026-01-06T17:26:29.870+0800][0.556s][info][gc,start       ] GC(291) Pause Full (Allocation Failure)
[2026-01-06T17:26:29.870+0800][0.556s][info][gc,phases,start] GC(291) Phase 1: Mark live objects
[2026-01-06T17:26:29.871+0800][0.556s][info][gc,phases      ] GC(291) Phase 1: Mark live objects 0.446ms
[2026-01-06T17:26:29.871+0800][0.556s][info][gc,phases,start] GC(291) Phase 2: Compute new object addresses
[2026-01-06T17:26:29.871+0800][0.557s][info][gc,phases      ] GC(291) Phase 2: Compute new object addresses 0.072ms
[2026-01-06T17:26:29.871+0800][0.557s][info][gc,phases,start] GC(291) Phase 3: Adjust pointers
[2026-01-06T17:26:29.872+0800][0.557s][info][gc,phases      ] GC(291) Phase 3: Adjust pointers 0.650ms
[2026-01-06T17:26:29.872+0800][0.557s][info][gc,phases,start] GC(291) Phase 4: Move objects
[2026-01-06T17:26:29.872+0800][0.557s][info][gc,phases      ] GC(291) Phase 4: Move objects 0.029ms
[2026-01-06T17:26:29.872+0800][0.557s][info][gc             ] GC(291) Pause Full (Allocation Failure) 133M->4M(247M) 1.219ms
[2026-01-06T17:26:29.872+0800][0.557s][info][gc,heap        ] GC(290) DefNew: 67960K->0K(78720K)
[2026-01-06T17:26:29.872+0800][0.557s][info][gc,heap        ] GC(290) Tenured: 135329K->4257K(174784K)
[2026-01-06T17:26:29.872+0800][0.557s][info][gc,metaspace   ] GC(290) Metaspace: 3681K(4864K)->3681K(4864K) NonClass: 3360K(4352K)->3360K(4352K) Class: 320K(512K)->320K(512K)
[2026-01-06T17:26:29.872+0800][0.557s][info][gc             ] GC(290) Pause Young (Allocation Failure) 198M->4M(247M) 1.299ms
[2026-01-06T17:26:29.872+0800][0.557s][info][gc,cpu         ] GC(290) User=0.00s Sys=0.00s Real=0.00s
[2026-01-06T17:26:29.873+0800][0.559s][info][gc,start       ] GC(292) Pause Young (Allocation Failure)
[2026-01-06T17:26:29.873+0800][0.559s][info][gc,start       ] GC(293) Pause Full (Allocation Failure)
[2026-01-06T17:26:29.873+0800][0.559s][info][gc,phases,start] GC(293) Phase 1: Mark live objects
[2026-01-06T17:26:29.874+0800][0.560s][info][gc,phases      ] GC(293) Phase 1: Mark live objects 0.446ms
[2026-01-06T17:26:29.874+0800][0.560s][info][gc,phases,start] GC(293) Phase 2: Compute new object addresses
[2026-01-06T17:26:29.874+0800][0.560s][info][gc,phases      ] GC(293) Phase 2: Compute new object addresses 0.074ms
[2026-01-06T17:26:29.874+0800][0.560s][info][gc,phases,start] GC(293) Phase 3: Adjust pointers
[2026-01-06T17:26:29.875+0800][0.560s][info][gc,phases      ] GC(293) Phase 3: Adjust pointers 0.647ms
[2026-01-06T17:26:29.875+0800][0.560s][info][gc,phases,start] GC(293) Phase 4: Move objects
[2026-01-06T17:26:29.875+0800][0.560s][info][gc,phases      ] GC(293) Phase 4: Move objects 0.029ms
[2026-01-06T17:26:29.875+0800][0.560s][info][gc             ] GC(293) Pause Full (Allocation Failure) 133M->4M(247M) 1.217ms
[2026-01-06T17:26:29.875+0800][0.560s][info][gc,heap        ] GC(292) DefNew: 67960K->0K(78720K)
[2026-01-06T17:26:29.875+0800][0.560s][info][gc,heap        ] GC(292) Tenured: 135329K->4257K(174784K)
[2026-01-06T17:26:29.875+0800][0.560s][info][gc,metaspace   ] GC(292) Metaspace: 3681K(4864K)->3681K(4864K) NonClass: 3360K(4352K)->3360K(4352K) Class: 320K(512K)->320K(512K)
[2026-01-06T17:26:29.875+0800][0.560s][info][gc             ] GC(292) Pause Young (Allocation Failure) 198M->4M(247M) 1.292ms
[2026-01-06T17:26:29.875+0800][0.560s][info][gc,cpu         ] GC(292) User=0.00s Sys=0.00s Real=0.00s
[2026-01-06T17:26:29.876+0800][0.562s][info][gc,start       ] GC(294) Pause Young (Allocation Failure)
[2026-01-06T17:26:29.877+0800][0.562s][info][gc,start       ] GC(295) Pause Full (Allocation Failure)
[2026-01-06T17:26:29.877+0800][0.562s][info][gc,phases,start] GC(295) Phase 1: Mark live objects
[2026-01-06T17:26:29.877+0800][0.563s][info][gc,phases      ] GC(295) Phase 1: Mark live objects 0.494ms
[2026-01-06T17:26:29.877+0800][0.563s][info][gc,phases,start] GC(295) Phase 2: Compute new object addresses
[2026-01-06T17:26:29.877+0800][0.563s][info][gc,phases      ] GC(295) Phase 2: Compute new object addresses 0.071ms
[2026-01-06T17:26:29.877+0800][0.563s][info][gc,phases,start] GC(295) Phase 3: Adjust pointers
[2026-01-06T17:26:29.878+0800][0.563s][info][gc,phases      ] GC(295) Phase 3: Adjust pointers 0.652ms
[2026-01-06T17:26:29.878+0800][0.563s][info][gc,phases,start] GC(295) Phase 4: Move objects
[2026-01-06T17:26:29.878+0800][0.563s][info][gc,phases      ] GC(295) Phase 4: Move objects 0.035ms
[2026-01-06T17:26:29.878+0800][0.563s][info][gc             ] GC(295) Pause Full (Allocation Failure) 133M->4M(247M) 1.276ms
[2026-01-06T17:26:29.878+0800][0.563s][info][gc,heap        ] GC(294) DefNew: 67960K->0K(78720K)
[2026-01-06T17:26:29.878+0800][0.563s][info][gc,heap        ] GC(294) Tenured: 135329K->4257K(174784K)
[2026-01-06T17:26:29.878+0800][0.563s][info][gc,metaspace   ] GC(294) Metaspace: 3681K(4864K)->3681K(4864K) NonClass: 3360K(4352K)->3360K(4352K) Class: 320K(512K)->320K(512K)
[2026-01-06T17:26:29.878+0800][0.563s][info][gc             ] GC(294) Pause Young (Allocation Failure) 198M->4M(247M) 1.370ms
[2026-01-06T17:26:29.878+0800][0.563s][info][gc,cpu         ] GC(294) User=0.00s Sys=0.00s Real=0.00s
[2026-01-06T17:26:29.880+0800][0.565s][info][gc,start       ] GC(296) Pause Young (Allocation Failure)
[2026-01-06T17:26:29.880+0800][0.565s][info][gc,start       ] GC(297) Pause Full (Allocation Failure)
[2026-01-06T17:26:29.880+0800][0.565s][info][gc,phases,start] GC(297) Phase 1: Mark live objects
[2026-01-06T17:26:29.880+0800][0.566s][info][gc,phases      ] GC(297) Phase 1: Mark live objects 0.451ms
[2026-01-06T17:26:29.880+0800][0.566s][info][gc,phases,start] GC(297) Phase 2: Compute new object addresses
[2026-01-06T17:26:29.880+0800][0.566s][info][gc,phases      ] GC(297) Phase 2: Compute new object addresses 0.071ms
[2026-01-06T17:26:29.880+0800][0.566s][info][gc,phases,start] GC(297) Phase 3: Adjust pointers
[2026-01-06T17:26:29.881+0800][0.566s][info][gc,phases      ] GC(297) Phase 3: Adjust pointers 0.647ms
[2026-01-06T17:26:29.881+0800][0.566s][info][gc,phases,start] GC(297) Phase 4: Move objects
[2026-01-06T17:26:29.881+0800][0.566s][info][gc,phases      ] GC(297) Phase 4: Move objects 0.037ms
[2026-01-06T17:26:29.881+0800][0.566s][info][gc             ] GC(297) Pause Full (Allocation Failure) 133M->4M(247M) 1.228ms
[2026-01-06T17:26:29.881+0800][0.566s][info][gc,heap        ] GC(296) DefNew: 67960K->0K(78720K)
[2026-01-06T17:26:29.881+0800][0.566s][info][gc,heap        ] GC(296) Tenured: 135329K->4257K(174784K)
[2026-01-06T17:26:29.881+0800][0.566s][info][gc,metaspace   ] GC(296) Metaspace: 3681K(4864K)->3681K(4864K) NonClass: 3360K(4352K)->3360K(4352K) Class: 320K(512K)->320K(512K)
[2026-01-06T17:26:29.881+0800][0.566s][info][gc             ] GC(296) Pause Young (Allocation Failure) 198M->4M(247M) 1.307ms
[2026-01-06T17:26:29.881+0800][0.566s][info][gc,cpu         ] GC(296) User=0.00s Sys=0.00s Real=0.00s
[2026-01-06T17:26:29.883+0800][0.568s][info][gc,start       ] GC(298) Pause Young (Allocation Failure)
[2026-01-06T17:26:29.883+0800][0.568s][info][gc,start       ] GC(299) Pause Full (Allocation Failure)
[2026-01-06T17:26:29.883+0800][0.568s][info][gc,phases,start] GC(299) Phase 1: Mark live objects
[2026-01-06T17:26:29.883+0800][0.569s][info][gc,phases      ] GC(299) Phase 1: Mark live objects 0.448ms
[2026-01-06T17:26:29.883+0800][0.569s][info][gc,phases,start] GC(299) Phase 2: Compute new object addresses
[2026-01-06T17:26:29.883+0800][0.569s][info][gc,phases      ] GC(299) Phase 2: Compute new object addresses 0.076ms
[2026-01-06T17:26:29.883+0800][0.569s][info][gc,phases,start] GC(299) Phase 3: Adjust pointers
[2026-01-06T17:26:29.884+0800][0.569s][info][gc,phases      ] GC(299) Phase 3: Adjust pointers 0.647ms
[2026-01-06T17:26:29.884+0800][0.570s][info][gc,phases,start] GC(299) Phase 4: Move objects
[2026-01-06T17:26:29.884+0800][0.570s][info][gc,phases      ] GC(299) Phase 4: Move objects 0.033ms
[2026-01-06T17:26:29.884+0800][0.570s][info][gc             ] GC(299) Pause Full (Allocation Failure) 133M->4M(247M) 1.228ms
[2026-01-06T17:26:29.884+0800][0.570s][info][gc,heap        ] GC(298) DefNew: 67960K->0K(78720K)
[2026-01-06T17:26:29.884+0800][0.570s][info][gc,heap        ] GC(298) Tenured: 135329K->4257K(174784K)
[2026-01-06T17:26:29.884+0800][0.570s][info][gc,metaspace   ] GC(298) Metaspace: 3681K(4864K)->3681K(4864K) NonClass: 3360K(4352K)->3360K(4352K) Class: 320K(512K)->320K(512K)
[2026-01-06T17:26:29.884+0800][0.570s][info][gc             ] GC(298) Pause Young (Allocation Failure) 198M->4M(247M) 1.304ms
[2026-01-06T17:26:29.884+0800][0.570s][info][gc,cpu         ] GC(298) User=0.01s Sys=0.00s Real=0.00s
[2026-01-06T17:26:29.886+0800][0.571s][info][gc,start       ] GC(300) Pause Young (Allocation Failure)
[2026-01-06T17:26:29.886+0800][0.571s][info][gc,start       ] GC(301) Pause Full (Allocation Failure)
[2026-01-06T17:26:29.886+0800][0.571s][info][gc,phases,start] GC(301) Phase 1: Mark live objects
[2026-01-06T17:26:29.886+0800][0.572s][info][gc,phases      ] GC(301) Phase 1: Mark live objects 0.472ms
[2026-01-06T17:26:29.886+0800][0.572s][info][gc,phases,start] GC(301) Phase 2: Compute new object addresses
[2026-01-06T17:26:29.886+0800][0.572s][info][gc,phases      ] GC(301) Phase 2: Compute new object addresses 0.071ms
[2026-01-06T17:26:29.886+0800][0.572s][info][gc,phases,start] GC(301) Phase 3: Adjust pointers
[2026-01-06T17:26:29.887+0800][0.573s][info][gc,phases      ] GC(301) Phase 3: Adjust pointers 0.648ms
[2026-01-06T17:26:29.887+0800][0.573s][info][gc,phases,start] GC(301) Phase 4: Move objects
[2026-01-06T17:26:29.887+0800][0.573s][info][gc,phases      ] GC(301) Phase 4: Move objects 0.031ms
[2026-01-06T17:26:29.887+0800][0.573s][info][gc             ] GC(301) Pause Full (Allocation Failure) 133M->4M(247M) 1.247ms
[2026-01-06T17:26:29.887+0800][0.573s][info][gc,heap        ] GC(300) DefNew: 67960K->0K(78720K)
[2026-01-06T17:26:29.887+0800][0.573s][info][gc,heap        ] GC(300) Tenured: 135329K->4257K(174784K)
[2026-01-06T17:26:29.887+0800][0.573s][info][gc,metaspace   ] GC(300) Metaspace: 3681K(4864K)->3681K(4864K) NonClass: 3360K(4352K)->3360K(4352K) Class: 320K(512K)->320K(512K)
[2026-01-06T17:26:29.887+0800][0.573s][info][gc             ] GC(300) Pause Young (Allocation Failure) 198M->4M(247M) 1.322ms
[2026-01-06T17:26:29.887+0800][0.573s][info][gc,cpu         ] GC(300) User=0.00s Sys=0.00s Real=0.00s
[2026-01-06T17:26:29.889+0800][0.574s][info][gc,start       ] GC(302) Pause Young (Allocation Failure)
[2026-01-06T17:26:29.889+0800][0.575s][info][gc,start       ] GC(303) Pause Full (Allocation Failure)
[2026-01-06T17:26:29.889+0800][0.575s][info][gc,phases,start] GC(303) Phase 1: Mark live objects
[2026-01-06T17:26:29.889+0800][0.575s][info][gc,phases      ] GC(303) Phase 1: Mark live objects 0.447ms
[2026-01-06T17:26:29.889+0800][0.575s][info][gc,phases,start] GC(303) Phase 2: Compute new object addresses
[2026-01-06T17:26:29.889+0800][0.575s][info][gc,phases      ] GC(303) Phase 2: Compute new object addresses 0.074ms
[2026-01-06T17:26:29.890+0800][0.575s][info][gc,phases,start] GC(303) Phase 3: Adjust pointers
[2026-01-06T17:26:29.890+0800][0.576s][info][gc,phases      ] GC(303) Phase 3: Adjust pointers 0.646ms
[2026-01-06T17:26:29.890+0800][0.576s][info][gc,phases,start] GC(303) Phase 4: Move objects
[2026-01-06T17:26:29.890+0800][0.576s][info][gc,phases      ] GC(303) Phase 4: Move objects 0.032ms
[2026-01-06T17:26:29.890+0800][0.576s][info][gc             ] GC(303) Pause Full (Allocation Failure) 133M->4M(247M) 1.220ms
[2026-01-06T17:26:29.890+0800][0.576s][info][gc,heap        ] GC(302) DefNew: 67960K->0K(78720K)
[2026-01-06T17:26:29.890+0800][0.576s][info][gc,heap        ] GC(302) Tenured: 135329K->4257K(174784K)
[2026-01-06T17:26:29.890+0800][0.576s][info][gc,metaspace   ] GC(302) Metaspace: 3681K(4864K)->3681K(4864K) NonClass: 3360K(4352K)->3360K(4352K) Class: 320K(512K)->320K(512K)
[2026-01-06T17:26:29.890+0800][0.576s][info][gc             ] GC(302) Pause Young (Allocation Failure) 198M->4M(247M) 1.296ms
[2026-01-06T17:26:29.890+0800][0.576s][info][gc,cpu         ] GC(302) User=0.00s Sys=0.00s Real=0.01s
[2026-01-06T17:26:29.892+0800][0.578s][info][gc,start       ] GC(304) Pause Young (Allocation Failure)
[2026-01-06T17:26:29.892+0800][0.578s][info][gc,start       ] GC(305) Pause Full (Allocation Failure)
[2026-01-06T17:26:29.892+0800][0.578s][info][gc,phases,start] GC(305) Phase 1: Mark live objects
[2026-01-06T17:26:29.893+0800][0.578s][info][gc,phases      ] GC(305) Phase 1: Mark live objects 0.448ms
[2026-01-06T17:26:29.893+0800][0.578s][info][gc,phases,start] GC(305) Phase 2: Compute new object addresses
[2026-01-06T17:26:29.893+0800][0.578s][info][gc,phases      ] GC(305) Phase 2: Compute new object addresses 0.073ms
[2026-01-06T17:26:29.893+0800][0.578s][info][gc,phases,start] GC(305) Phase 3: Adjust pointers
[2026-01-06T17:26:29.893+0800][0.579s][info][gc,phases      ] GC(305) Phase 3: Adjust pointers 0.650ms
[2026-01-06T17:26:29.893+0800][0.579s][info][gc,phases,start] GC(305) Phase 4: Move objects
[2026-01-06T17:26:29.893+0800][0.579s][info][gc,phases      ] GC(305) Phase 4: Move objects 0.033ms
[2026-01-06T17:26:29.893+0800][0.579s][info][gc             ] GC(305) Pause Full (Allocation Failure) 133M->4M(247M) 1.225ms
[2026-01-06T17:26:29.893+0800][0.579s][info][gc,heap        ] GC(304) DefNew: 68660K->0K(78720K)
[2026-01-06T17:26:29.893+0800][0.579s][info][gc,heap        ] GC(304) Tenured: 135329K->4257K(174784K)
[2026-01-06T17:26:29.893+0800][0.579s][info][gc,metaspace   ] GC(304) Metaspace: 3682K(4864K)->3682K(4864K) NonClass: 3362K(4352K)->3362K(4352K) Class: 320K(512K)->320K(512K)
[2026-01-06T17:26:29.893+0800][0.579s][info][gc             ] GC(304) Pause Young (Allocation Failure) 199M->4M(247M) 1.308ms
[2026-01-06T17:26:29.893+0800][0.579s][info][gc,cpu         ] GC(304) User=0.01s Sys=0.00s Real=0.00s
[2026-01-06T17:26:29.895+0800][0.581s][info][gc,start       ] GC(306) Pause Young (Allocation Failure)
[2026-01-06T17:26:29.895+0800][0.581s][info][gc,start       ] GC(307) Pause Full (Allocation Failure)
[2026-01-06T17:26:29.895+0800][0.581s][info][gc,phases,start] GC(307) Phase 1: Mark live objects
[2026-01-06T17:26:29.896+0800][0.581s][info][gc,phases      ] GC(307) Phase 1: Mark live objects 0.449ms
[2026-01-06T17:26:29.896+0800][0.581s][info][gc,phases,start] GC(307) Phase 2: Compute new object addresses
[2026-01-06T17:26:29.896+0800][0.581s][info][gc,phases      ] GC(307) Phase 2: Compute new object addresses 0.071ms
[2026-01-06T17:26:29.896+0800][0.581s][info][gc,phases,start] GC(307) Phase 3: Adjust pointers
[2026-01-06T17:26:29.896+0800][0.582s][info][gc,phases      ] GC(307) Phase 3: Adjust pointers 0.648ms
[2026-01-06T17:26:29.896+0800][0.582s][info][gc,phases,start] GC(307) Phase 4: Move objects
[2026-01-06T17:26:29.896+0800][0.582s][info][gc,phases      ] GC(307) Phase 4: Move objects 0.034ms
[2026-01-06T17:26:29.896+0800][0.582s][info][gc             ] GC(307) Pause Full (Allocation Failure) 133M->5M(247M) 1.227ms
[2026-01-06T17:26:29.896+0800][0.582s][info][gc,heap        ] GC(306) DefNew: 67960K->0K(78720K)
[2026-01-06T17:26:29.896+0800][0.582s][info][gc,heap        ] GC(306) Tenured: 135329K->5794K(174784K)
[2026-01-06T17:26:29.896+0800][0.582s][info][gc,metaspace   ] GC(306) Metaspace: 3682K(4864K)->3682K(4864K) NonClass: 3362K(4352K)->3362K(4352K) Class: 320K(512K)->320K(512K)
[2026-01-06T17:26:29.896+0800][0.582s][info][gc             ] GC(306) Pause Young (Allocation Failure) 198M->5M(247M) 1.302ms
[2026-01-06T17:26:29.896+0800][0.582s][info][gc,cpu         ] GC(306) User=0.00s Sys=0.00s Real=0.00s
[2026-01-06T17:26:29.898+0800][0.584s][info][gc,start       ] GC(308) Pause Young (Allocation Failure)
[2026-01-06T17:26:29.898+0800][0.584s][info][gc,start       ] GC(309) Pause Full (Allocation Failure)
[2026-01-06T17:26:29.898+0800][0.584s][info][gc,phases,start] GC(309) Phase 1: Mark live objects
[2026-01-06T17:26:29.899+0800][0.584s][info][gc,phases      ] GC(309) Phase 1: Mark live objects 0.446ms
[2026-01-06T17:26:29.899+0800][0.584s][info][gc,phases,start] GC(309) Phase 2: Compute new object addresses
[2026-01-06T17:26:29.899+0800][0.584s][info][gc,phases      ] GC(309) Phase 2: Compute new object addresses 0.071ms
[2026-01-06T17:26:29.899+0800][0.584s][info][gc,phases,start] GC(309) Phase 3: Adjust pointers
[2026-01-06T17:26:29.899+0800][0.585s][info][gc,phases      ] GC(309) Phase 3: Adjust pointers 0.650ms
[2026-01-06T17:26:29.899+0800][0.585s][info][gc,phases,start] GC(309) Phase 4: Move objects
[2026-01-06T17:26:29.900+0800][0.585s][info][gc,phases      ] GC(309) Phase 4: Move objects 0.031ms
[2026-01-06T17:26:29.900+0800][0.585s][info][gc             ] GC(309) Pause Full (Allocation Failure) 135M->5M(247M) 1.219ms
[2026-01-06T17:26:29.900+0800][0.585s][info][gc,heap        ] GC(308) DefNew: 67960K->0K(78720K)
[2026-01-06T17:26:29.900+0800][0.585s][info][gc,heap        ] GC(308) Tenured: 136866K->5794K(174784K)
[2026-01-06T17:26:29.900+0800][0.585s][info][gc,metaspace   ] GC(308) Metaspace: 3682K(4864K)->3682K(4864K) NonClass: 3362K(4352K)->3362K(4352K) Class: 320K(512K)->320K(512K)
[2026-01-06T17:26:29.900+0800][0.585s][info][gc             ] GC(308) Pause Young (Allocation Failure) 200M->5M(247M) 1.295ms
[2026-01-06T17:26:29.900+0800][0.585s][info][gc,cpu         ] GC(308) User=0.00s Sys=0.00s Real=0.01s
[2026-01-06T17:26:29.901+0800][0.587s][info][gc,start       ] GC(310) Pause Young (Allocation Failure)
[2026-01-06T17:26:29.901+0800][0.587s][info][gc,start       ] GC(311) Pause Full (Allocation Failure)
[2026-01-06T17:26:29.901+0800][0.587s][info][gc,phases,start] GC(311) Phase 1: Mark live objects
[2026-01-06T17:26:29.902+0800][0.587s][info][gc,phases      ] GC(311) Phase 1: Mark live objects 0.446ms
[2026-01-06T17:26:29.902+0800][0.587s][info][gc,phases,start] GC(311) Phase 2: Compute new object addresses
[2026-01-06T17:26:29.902+0800][0.587s][info][gc,phases      ] GC(311) Phase 2: Compute new object addresses 0.074ms
[2026-01-06T17:26:29.902+0800][0.587s][info][gc,phases,start] GC(311) Phase 3: Adjust pointers
[2026-01-06T17:26:29.903+0800][0.588s][info][gc,phases      ] GC(311) Phase 3: Adjust pointers 0.664ms
[2026-01-06T17:26:29.903+0800][0.588s][info][gc,phases,start] GC(311) Phase 4: Move objects
[2026-01-06T17:26:29.903+0800][0.588s][info][gc,phases      ] GC(311) Phase 4: Move objects 0.031ms
[2026-01-06T17:26:29.903+0800][0.588s][info][gc             ] GC(311) Pause Full (Allocation Failure) 135M->5M(247M) 1.236ms
[2026-01-06T17:26:29.903+0800][0.588s][info][gc,heap        ] GC(310) DefNew: 67960K->0K(78720K)
[2026-01-06T17:26:29.903+0800][0.588s][info][gc,heap        ] GC(310) Tenured: 136866K->5794K(174784K)
[2026-01-06T17:26:29.903+0800][0.588s][info][gc,metaspace   ] GC(310) Metaspace: 3682K(4864K)->3682K(4864K) NonClass: 3362K(4352K)->3362K(4352K) Class: 320K(512K)->320K(512K)
[2026-01-06T17:26:29.903+0800][0.588s][info][gc             ] GC(310) Pause Young (Allocation Failure) 200M->5M(247M) 1.311ms
[2026-01-06T17:26:29.903+0800][0.588s][info][gc,cpu         ] GC(310) User=0.00s Sys=0.00s Real=0.00s
[2026-01-06T17:26:29.904+0800][0.590s][info][gc,start       ] GC(312) Pause Young (Allocation Failure)
[2026-01-06T17:26:29.904+0800][0.590s][info][gc,start       ] GC(313) Pause Full (Allocation Failure)
[2026-01-06T17:26:29.904+0800][0.590s][info][gc,phases,start] GC(313) Phase 1: Mark live objects
[2026-01-06T17:26:29.905+0800][0.590s][info][gc,phases      ] GC(313) Phase 1: Mark live objects 0.444ms
[2026-01-06T17:26:29.905+0800][0.590s][info][gc,phases,start] GC(313) Phase 2: Compute new object addresses
[2026-01-06T17:26:29.905+0800][0.591s][info][gc,phases      ] GC(313) Phase 2: Compute new object addresses 0.068ms
[2026-01-06T17:26:29.905+0800][0.591s][info][gc,phases,start] GC(313) Phase 3: Adjust pointers
[2026-01-06T17:26:29.906+0800][0.591s][info][gc,phases      ] GC(313) Phase 3: Adjust pointers 0.647ms
[2026-01-06T17:26:29.906+0800][0.591s][info][gc,phases,start] GC(313) Phase 4: Move objects
[2026-01-06T17:26:29.906+0800][0.591s][info][gc,phases      ] GC(313) Phase 4: Move objects 0.030ms
[2026-01-06T17:26:29.906+0800][0.591s][info][gc             ] GC(313) Pause Full (Allocation Failure) 135M->4M(247M) 1.211ms
[2026-01-06T17:26:29.906+0800][0.591s][info][gc,heap        ] GC(312) DefNew: 67960K->0K(78720K)
[2026-01-06T17:26:29.906+0800][0.591s][info][gc,heap        ] GC(312) Tenured: 136866K->4257K(174784K)
[2026-01-06T17:26:29.906+0800][0.591s][info][gc,metaspace   ] GC(312) Metaspace: 3682K(4864K)->3682K(4864K) NonClass: 3362K(4352K)->3362K(4352K) Class: 320K(512K)->320K(512K)
[2026-01-06T17:26:29.906+0800][0.591s][info][gc             ] GC(312) Pause Young (Allocation Failure) 200M->4M(247M) 1.288ms
[2026-01-06T17:26:29.906+0800][0.591s][info][gc,cpu         ] GC(312) User=0.00s Sys=0.00s Real=0.00s
[2026-01-06T17:26:29.907+0800][0.593s][info][gc,start       ] GC(314) Pause Young (Allocation Failure)
[2026-01-06T17:26:29.907+0800][0.593s][info][gc,start       ] GC(315) Pause Full (Allocation Failure)
[2026-01-06T17:26:29.907+0800][0.593s][info][gc,phases,start] GC(315) Phase 1: Mark live objects
[2026-01-06T17:26:29.908+0800][0.594s][info][gc,phases      ] GC(315) Phase 1: Mark live objects 0.447ms
[2026-01-06T17:26:29.908+0800][0.594s][info][gc,phases,start] GC(315) Phase 2: Compute new object addresses
[2026-01-06T17:26:29.908+0800][0.594s][info][gc,phases      ] GC(315) Phase 2: Compute new object addresses 0.072ms
[2026-01-06T17:26:29.908+0800][0.594s][info][gc,phases,start] GC(315) Phase 3: Adjust pointers
[2026-01-06T17:26:29.909+0800][0.594s][info][gc,phases      ] GC(315) Phase 3: Adjust pointers 0.651ms
[2026-01-06T17:26:29.909+0800][0.594s][info][gc,phases,start] GC(315) Phase 4: Move objects
[2026-01-06T17:26:29.909+0800][0.594s][info][gc,phases      ] GC(315) Phase 4: Move objects 0.030ms
[2026-01-06T17:26:29.909+0800][0.594s][info][gc             ] GC(315) Pause Full (Allocation Failure) 133M->5M(247M) 1.221ms
[2026-01-06T17:26:29.909+0800][0.594s][info][gc,heap        ] GC(314) DefNew: 67960K->0K(78720K)
[2026-01-06T17:26:29.909+0800][0.594s][info][gc,heap        ] GC(314) Tenured: 135329K->5794K(174784K)
[2026-01-06T17:26:29.909+0800][0.594s][info][gc,metaspace   ] GC(314) Metaspace: 3682K(4864K)->3682K(4864K) NonClass: 3362K(4352K)->3362K(4352K) Class: 320K(512K)->320K(512K)
[2026-01-06T17:26:29.909+0800][0.594s][info][gc             ] GC(314) Pause Young (Allocation Failure) 198M->5M(247M) 1.285ms
[2026-01-06T17:26:29.909+0800][0.594s][info][gc,cpu         ] GC(314) User=0.00s Sys=0.00s Real=0.00s
[2026-01-06T17:26:29.910+0800][0.596s][info][gc,start       ] GC(316) Pause Young (Allocation Failure)
[2026-01-06T17:26:29.911+0800][0.596s][info][gc,start       ] GC(317) Pause Full (Allocation Failure)
[2026-01-06T17:26:29.911+0800][0.596s][info][gc,phases,start] GC(317) Phase 1: Mark live objects
[2026-01-06T17:26:29.911+0800][0.597s][info][gc,phases      ] GC(317) Phase 1: Mark live objects 0.451ms
[2026-01-06T17:26:29.911+0800][0.597s][info][gc,phases,start] GC(317) Phase 2: Compute new object addresses
[2026-01-06T17:26:29.911+0800][0.597s][info][gc,phases      ] GC(317) Phase 2: Compute new object addresses 0.073ms
[2026-01-06T17:26:29.911+0800][0.597s][info][gc,phases,start] GC(317) Phase 3: Adjust pointers
[2026-01-06T17:26:29.912+0800][0.597s][info][gc,phases      ] GC(317) Phase 3: Adjust pointers 0.648ms
[2026-01-06T17:26:29.912+0800][0.597s][info][gc,phases,start] GC(317) Phase 4: Move objects
[2026-01-06T17:26:29.912+0800][0.597s][info][gc,phases      ] GC(317) Phase 4: Move objects 0.027ms
[2026-01-06T17:26:29.912+0800][0.597s][info][gc             ] GC(317) Pause Full (Allocation Failure) 135M->5M(247M) 1.223ms
[2026-01-06T17:26:29.912+0800][0.597s][info][gc,heap        ] GC(316) DefNew: 67960K->0K(78720K)
[2026-01-06T17:26:29.912+0800][0.597s][info][gc,heap        ] GC(316) Tenured: 136866K->5794K(174784K)
[2026-01-06T17:26:29.912+0800][0.597s][info][gc,metaspace   ] GC(316) Metaspace: 3682K(4864K)->3682K(4864K) NonClass: 3362K(4352K)->3362K(4352K) Class: 320K(512K)->320K(512K)
[2026-01-06T17:26:29.912+0800][0.597s][info][gc             ] GC(316) Pause Young (Allocation Failure) 200M->5M(247M) 1.286ms
[2026-01-06T17:26:29.912+0800][0.597s][info][gc,cpu         ] GC(316) User=0.00s Sys=0.00s Real=0.00s
[2026-01-06T17:26:29.913+0800][0.599s][info][gc,start       ] GC(318) Pause Young (Allocation Failure)
[2026-01-06T17:26:29.914+0800][0.599s][info][gc,start       ] GC(319) Pause Full (Allocation Failure)
[2026-01-06T17:26:29.914+0800][0.599s][info][gc,phases,start] GC(319) Phase 1: Mark live objects
[2026-01-06T17:26:29.914+0800][0.600s][info][gc,phases      ] GC(319) Phase 1: Mark live objects 0.445ms
[2026-01-06T17:26:29.914+0800][0.600s][info][gc,phases,start] GC(319) Phase 2: Compute new object addresses
[2026-01-06T17:26:29.914+0800][0.600s][info][gc,phases      ] GC(319) Phase 2: Compute new object addresses 0.066ms
[2026-01-06T17:26:29.914+0800][0.600s][info][gc,phases,start] GC(319) Phase 3: Adjust pointers
[2026-01-06T17:26:29.915+0800][0.600s][info][gc,phases      ] GC(319) Phase 3: Adjust pointers 0.648ms
[2026-01-06T17:26:29.915+0800][0.600s][info][gc,phases,start] GC(319) Phase 4: Move objects
[2026-01-06T17:26:29.915+0800][0.600s][info][gc,phases      ] GC(319) Phase 4: Move objects 0.027ms
[2026-01-06T17:26:29.915+0800][0.600s][info][gc             ] GC(319) Pause Full (Allocation Failure) 135M->5M(247M) 1.207ms
[2026-01-06T17:26:29.915+0800][0.600s][info][gc,heap        ] GC(318) DefNew: 67960K->0K(78720K)
[2026-01-06T17:26:29.915+0800][0.600s][info][gc,heap        ] GC(318) Tenured: 136866K->5794K(174784K)
[2026-01-06T17:26:29.915+0800][0.600s][info][gc,metaspace   ] GC(318) Metaspace: 3682K(4864K)->3682K(4864K) NonClass: 3362K(4352K)->3362K(4352K) Class: 320K(512K)->320K(512K)
[2026-01-06T17:26:29.915+0800][0.600s][info][gc             ] GC(318) Pause Young (Allocation Failure) 200M->5M(247M) 1.273ms
[2026-01-06T17:26:29.915+0800][0.600s][info][gc,cpu         ] GC(318) User=0.00s Sys=0.00s Real=0.00s
[2026-01-06T17:26:29.916+0800][0.602s][info][gc,start       ] GC(320) Pause Young (Allocation Failure)
[2026-01-06T17:26:29.917+0800][0.602s][info][gc,start       ] GC(321) Pause Full (Allocation Failure)
[2026-01-06T17:26:29.917+0800][0.602s][info][gc,phases,start] GC(321) Phase 1: Mark live objects
[2026-01-06T17:26:29.917+0800][0.603s][info][gc,phases      ] GC(321) Phase 1: Mark live objects 0.447ms
[2026-01-06T17:26:29.917+0800][0.603s][info][gc,phases,start] GC(321) Phase 2: Compute new object addresses
[2026-01-06T17:26:29.917+0800][0.603s][info][gc,phases      ] GC(321) Phase 2: Compute new object addresses 0.070ms
[2026-01-06T17:26:29.917+0800][0.603s][info][gc,phases,start] GC(321) Phase 3: Adjust pointers
[2026-01-06T17:26:29.918+0800][0.603s][info][gc,phases      ] GC(321) Phase 3: Adjust pointers 0.652ms
[2026-01-06T17:26:29.918+0800][0.603s][info][gc,phases,start] GC(321) Phase 4: Move objects
[2026-01-06T17:26:29.918+0800][0.603s][info][gc,phases      ] GC(321) Phase 4: Move objects 0.031ms
[2026-01-06T17:26:29.918+0800][0.603s][info][gc             ] GC(321) Pause Full (Allocation Failure) 135M->4M(247M) 1.222ms
[2026-01-06T17:26:29.918+0800][0.603s][info][gc,heap        ] GC(320) DefNew: 67960K->0K(78720K)
[2026-01-06T17:26:29.918+0800][0.603s][info][gc,heap        ] GC(320) Tenured: 136866K->4257K(174784K)
[2026-01-06T17:26:29.918+0800][0.603s][info][gc,metaspace   ] GC(320) Metaspace: 3682K(4864K)->3682K(4864K) NonClass: 3362K(4352K)->3362K(4352K) Class: 320K(512K)->320K(512K)
[2026-01-06T17:26:29.918+0800][0.603s][info][gc             ] GC(320) Pause Young (Allocation Failure) 200M->4M(247M) 1.288ms
[2026-01-06T17:26:29.918+0800][0.603s][info][gc,cpu         ] GC(320) User=0.00s Sys=0.00s Real=0.00s
[2026-01-06T17:26:29.920+0800][0.605s][info][gc,start       ] GC(322) Pause Young (Allocation Failure)
[2026-01-06T17:26:29.920+0800][0.605s][info][gc,start       ] GC(323) Pause Full (Allocation Failure)
[2026-01-06T17:26:29.920+0800][0.605s][info][gc,phases,start] GC(323) Phase 1: Mark live objects
[2026-01-06T17:26:29.920+0800][0.606s][info][gc,phases      ] GC(323) Phase 1: Mark live objects 0.445ms
[2026-01-06T17:26:29.920+0800][0.606s][info][gc,phases,start] GC(323) Phase 2: Compute new object addresses
[2026-01-06T17:26:29.920+0800][0.606s][info][gc,phases      ] GC(323) Phase 2: Compute new object addresses 0.073ms
[2026-01-06T17:26:29.920+0800][0.606s][info][gc,phases,start] GC(323) Phase 3: Adjust pointers
[2026-01-06T17:26:29.921+0800][0.606s][info][gc,phases      ] GC(323) Phase 3: Adjust pointers 0.648ms
[2026-01-06T17:26:29.921+0800][0.606s][info][gc,phases,start] GC(323) Phase 4: Move objects
[2026-01-06T17:26:29.921+0800][0.606s][info][gc,phases      ] GC(323) Phase 4: Move objects 0.030ms
[2026-01-06T17:26:29.921+0800][0.606s][info][gc             ] GC(323) Pause Full (Allocation Failure) 133M->4M(247M) 1.218ms
[2026-01-06T17:26:29.921+0800][0.606s][info][gc,heap        ] GC(322) DefNew: 67960K->0K(78720K)
[2026-01-06T17:26:29.921+0800][0.606s][info][gc,heap        ] GC(322) Tenured: 135329K->4332K(174784K)
[2026-01-06T17:26:29.921+0800][0.606s][info][gc,metaspace   ] GC(322) Metaspace: 3682K(4864K)->3682K(4864K) NonClass: 3362K(4352K)->3362K(4352K) Class: 320K(512K)->320K(512K)
[2026-01-06T17:26:29.921+0800][0.606s][info][gc             ] GC(322) Pause Young (Allocation Failure) 198M->4M(247M) 1.296ms
[2026-01-06T17:26:29.921+0800][0.606s][info][gc,cpu         ] GC(322) User=0.00s Sys=0.00s Real=0.00s
[2026-01-06T17:26:29.923+0800][0.608s][info][gc,start       ] GC(324) Pause Young (Allocation Failure)
[2026-01-06T17:26:29.923+0800][0.608s][info][gc,start       ] GC(325) Pause Full (Allocation Failure)
[2026-01-06T17:26:29.923+0800][0.608s][info][gc,phases,start] GC(325) Phase 1: Mark live objects
[2026-01-06T17:26:29.923+0800][0.609s][info][gc,phases      ] GC(325) Phase 1: Mark live objects 0.450ms
[2026-01-06T17:26:29.923+0800][0.609s][info][gc,phases,start] GC(325) Phase 2: Compute new object addresses
[2026-01-06T17:26:29.923+0800][0.609s][info][gc,phases      ] GC(325) Phase 2: Compute new object addresses 0.073ms
[2026-01-06T17:26:29.923+0800][0.609s][info][gc,phases,start] GC(325) Phase 3: Adjust pointers
[2026-01-06T17:26:29.924+0800][0.609s][info][gc,phases      ] GC(325) Phase 3: Adjust pointers 0.698ms
[2026-01-06T17:26:29.924+0800][0.609s][info][gc,phases,start] GC(325) Phase 4: Move objects
[2026-01-06T17:26:29.924+0800][0.609s][info][gc,phases      ] GC(325) Phase 4: Move objects 0.030ms
[2026-01-06T17:26:29.924+0800][0.610s][info][gc             ] GC(325) Pause Full (Allocation Failure) 133M->4M(247M) 1.273ms
[2026-01-06T17:26:29.924+0800][0.610s][info][gc,heap        ] GC(324) DefNew: 67960K->0K(78720K)
[2026-01-06T17:26:29.924+0800][0.610s][info][gc,heap        ] GC(324) Tenured: 135404K->4332K(174784K)
[2026-01-06T17:26:29.924+0800][0.610s][info][gc,metaspace   ] GC(324) Metaspace: 3682K(4864K)->3682K(4864K) NonClass: 3362K(4352K)->3362K(4352K) Class: 320K(512K)->320K(512K)
[2026-01-06T17:26:29.924+0800][0.610s][info][gc             ] GC(324) Pause Young (Allocation Failure) 198M->4M(247M) 1.349ms
[2026-01-06T17:26:29.924+0800][0.610s][info][gc,cpu         ] GC(324) User=0.01s Sys=0.00s Real=0.00s
[2026-01-06T17:26:29.926+0800][0.611s][info][gc,start       ] GC(326) Pause Young (Allocation Failure)
[2026-01-06T17:26:29.926+0800][0.611s][info][gc,start       ] GC(327) Pause Full (Allocation Failure)
[2026-01-06T17:26:29.926+0800][0.611s][info][gc,phases,start] GC(327) Phase 1: Mark live objects
[2026-01-06T17:26:29.926+0800][0.612s][info][gc,phases      ] GC(327) Phase 1: Mark live objects 0.447ms
[2026-01-06T17:26:29.926+0800][0.612s][info][gc,phases,start] GC(327) Phase 2: Compute new object addresses
[2026-01-06T17:26:29.926+0800][0.612s][info][gc,phases      ] GC(327) Phase 2: Compute new object addresses 0.070ms
[2026-01-06T17:26:29.926+0800][0.612s][info][gc,phases,start] GC(327) Phase 3: Adjust pointers
[2026-01-06T17:26:29.927+0800][0.613s][info][gc,phases      ] GC(327) Phase 3: Adjust pointers 0.650ms
[2026-01-06T17:26:29.927+0800][0.613s][info][gc,phases,start] GC(327) Phase 4: Move objects
[2026-01-06T17:26:29.927+0800][0.613s][info][gc,phases      ] GC(327) Phase 4: Move objects 0.031ms
[2026-01-06T17:26:29.927+0800][0.613s][info][gc             ] GC(327) Pause Full (Allocation Failure) 133M->4M(247M) 1.220ms
[2026-01-06T17:26:29.927+0800][0.613s][info][gc,heap        ] GC(326) DefNew: 67960K->0K(78720K)
[2026-01-06T17:26:29.927+0800][0.613s][info][gc,heap        ] GC(326) Tenured: 135404K->4332K(174784K)
[2026-01-06T17:26:29.927+0800][0.613s][info][gc,metaspace   ] GC(326) Metaspace: 3682K(4864K)->3682K(4864K) NonClass: 3362K(4352K)->3362K(4352K) Class: 320K(512K)->320K(512K)
[2026-01-06T17:26:29.927+0800][0.613s][info][gc             ] GC(326) Pause Young (Allocation Failure) 198M->4M(247M) 1.296ms
[2026-01-06T17:26:29.927+0800][0.613s][info][gc,cpu         ] GC(326) User=0.00s Sys=0.00s Real=0.00s
[2026-01-06T17:26:29.929+0800][0.614s][info][gc,start       ] GC(328) Pause Young (Allocation Failure)
[2026-01-06T17:26:29.929+0800][0.614s][info][gc,start       ] GC(329) Pause Full (Allocation Failure)
[2026-01-06T17:26:29.929+0800][0.614s][info][gc,phases,start] GC(329) Phase 1: Mark live objects
[2026-01-06T17:26:29.929+0800][0.615s][info][gc,phases      ] GC(329) Phase 1: Mark live objects 0.448ms
[2026-01-06T17:26:29.929+0800][0.615s][info][gc,phases,start] GC(329) Phase 2: Compute new object addresses
[2026-01-06T17:26:29.929+0800][0.615s][info][gc,phases      ] GC(329) Phase 2: Compute new object addresses 0.072ms
[2026-01-06T17:26:29.929+0800][0.615s][info][gc,phases,start] GC(329) Phase 3: Adjust pointers
[2026-01-06T17:26:29.930+0800][0.616s][info][gc,phases      ] GC(329) Phase 3: Adjust pointers 0.647ms
[2026-01-06T17:26:29.930+0800][0.616s][info][gc,phases,start] GC(329) Phase 4: Move objects
[2026-01-06T17:26:29.930+0800][0.616s][info][gc,phases      ] GC(329) Phase 4: Move objects 0.034ms
[2026-01-06T17:26:29.930+0800][0.616s][info][gc             ] GC(329) Pause Full (Allocation Failure) 133M->4M(247M) 1.225ms
[2026-01-06T17:26:29.930+0800][0.616s][info][gc,heap        ] GC(328) DefNew: 67960K->0K(78720K)
[2026-01-06T17:26:29.930+0800][0.616s][info][gc,heap        ] GC(328) Tenured: 135404K->4257K(174784K)
[2026-01-06T17:26:29.930+0800][0.616s][info][gc,metaspace   ] GC(328) Metaspace: 3682K(4864K)->3682K(4864K) NonClass: 3362K(4352K)->3362K(4352K) Class: 320K(512K)->320K(512K)
[2026-01-06T17:26:29.930+0800][0.616s][info][gc             ] GC(328) Pause Young (Allocation Failure) 198M->4M(247M) 1.300ms
[2026-01-06T17:26:29.930+0800][0.616s][info][gc,cpu         ] GC(328) User=0.00s Sys=0.00s Real=0.01s
[2026-01-06T17:26:29.932+0800][0.617s][info][gc,start       ] GC(330) Pause Young (Allocation Failure)
[2026-01-06T17:26:29.932+0800][0.618s][info][gc,start       ] GC(331) Pause Full (Allocation Failure)
[2026-01-06T17:26:29.932+0800][0.618s][info][gc,phases,start] GC(331) Phase 1: Mark live objects
[2026-01-06T17:26:29.932+0800][0.618s][info][gc,phases      ] GC(331) Phase 1: Mark live objects 0.509ms
[2026-01-06T17:26:29.932+0800][0.618s][info][gc,phases,start] GC(331) Phase 2: Compute new object addresses
[2026-01-06T17:26:29.933+0800][0.618s][info][gc,phases      ] GC(331) Phase 2: Compute new object addresses 0.077ms
[2026-01-06T17:26:29.933+0800][0.618s][info][gc,phases,start] GC(331) Phase 3: Adjust pointers
[2026-01-06T17:26:29.933+0800][0.619s][info][gc,phases      ] GC(331) Phase 3: Adjust pointers 0.680ms
[2026-01-06T17:26:29.933+0800][0.619s][info][gc,phases,start] GC(331) Phase 4: Move objects
[2026-01-06T17:26:29.933+0800][0.619s][info][gc,phases      ] GC(331) Phase 4: Move objects 0.030ms
[2026-01-06T17:26:29.933+0800][0.619s][info][gc             ] GC(331) Pause Full (Allocation Failure) 133M->4M(247M) 1.320ms
[2026-01-06T17:26:29.933+0800][0.619s][info][gc,heap        ] GC(330) DefNew: 67960K->0K(78720K)
[2026-01-06T17:26:29.933+0800][0.619s][info][gc,heap        ] GC(330) Tenured: 135329K->4257K(174784K)
[2026-01-06T17:26:29.933+0800][0.619s][info][gc,metaspace   ] GC(330) Metaspace: 3682K(4864K)->3682K(4864K) NonClass: 3362K(4352K)->3362K(4352K) Class: 320K(512K)->320K(512K)
[2026-01-06T17:26:29.933+0800][0.619s][info][gc             ] GC(330) Pause Young (Allocation Failure) 198M->4M(247M) 1.407ms
[2026-01-06T17:26:29.933+0800][0.619s][info][gc,cpu         ] GC(330) User=0.01s Sys=0.00s Real=0.00s
[2026-01-06T17:26:29.935+0800][0.621s][info][gc,start       ] GC(332) Pause Young (Allocation Failure)
[2026-01-06T17:26:29.935+0800][0.621s][info][gc,start       ] GC(333) Pause Full (Allocation Failure)
[2026-01-06T17:26:29.935+0800][0.621s][info][gc,phases,start] GC(333) Phase 1: Mark live objects
[2026-01-06T17:26:29.936+0800][0.621s][info][gc,phases      ] GC(333) Phase 1: Mark live objects 0.473ms
[2026-01-06T17:26:29.936+0800][0.621s][info][gc,phases,start] GC(333) Phase 2: Compute new object addresses
[2026-01-06T17:26:29.936+0800][0.621s][info][gc,phases      ] GC(333) Phase 2: Compute new object addresses 0.072ms
[2026-01-06T17:26:29.936+0800][0.621s][info][gc,phases,start] GC(333) Phase 3: Adjust pointers
[2026-01-06T17:26:29.936+0800][0.622s][info][gc,phases      ] GC(333) Phase 3: Adjust pointers 0.659ms
[2026-01-06T17:26:29.936+0800][0.622s][info][gc,phases,start] GC(333) Phase 4: Move objects
[2026-01-06T17:26:29.936+0800][0.622s][info][gc,phases      ] GC(333) Phase 4: Move objects 0.031ms
[2026-01-06T17:26:29.936+0800][0.622s][info][gc             ] GC(333) Pause Full (Allocation Failure) 133M->4M(247M) 1.258ms
[2026-01-06T17:26:29.936+0800][0.622s][info][gc,heap        ] GC(332) DefNew: 67960K->0K(78720K)
[2026-01-06T17:26:29.936+0800][0.622s][info][gc,heap        ] GC(332) Tenured: 135329K->4257K(174784K)
[2026-01-06T17:26:29.936+0800][0.622s][info][gc,metaspace   ] GC(332) Metaspace: 3682K(4864K)->3682K(4864K) NonClass: 3362K(4352K)->3362K(4352K) Class: 320K(512K)->320K(512K)
[2026-01-06T17:26:29.936+0800][0.622s][info][gc             ] GC(332) Pause Young (Allocation Failure) 198M->4M(247M) 1.339ms
[2026-01-06T17:26:29.936+0800][0.622s][info][gc,cpu         ] GC(332) User=0.00s Sys=0.00s Real=0.00s
[2026-01-06T17:26:29.938+0800][0.624s][info][gc,start       ] GC(334) Pause Young (Allocation Failure)
[2026-01-06T17:26:29.938+0800][0.624s][info][gc,start       ] GC(335) Pause Full (Allocation Failure)
[2026-01-06T17:26:29.938+0800][0.624s][info][gc,phases,start] GC(335) Phase 1: Mark live objects
[2026-01-06T17:26:29.939+0800][0.624s][info][gc,phases      ] GC(335) Phase 1: Mark live objects 0.467ms
[2026-01-06T17:26:29.939+0800][0.624s][info][gc,phases,start] GC(335) Phase 2: Compute new object addresses
[2026-01-06T17:26:29.939+0800][0.624s][info][gc,phases      ] GC(335) Phase 2: Compute new object addresses 0.073ms
[2026-01-06T17:26:29.939+0800][0.624s][info][gc,phases,start] GC(335) Phase 3: Adjust pointers
[2026-01-06T17:26:29.939+0800][0.625s][info][gc,phases      ] GC(335) Phase 3: Adjust pointers 0.656ms
[2026-01-06T17:26:29.939+0800][0.625s][info][gc,phases,start] GC(335) Phase 4: Move objects
[2026-01-06T17:26:29.939+0800][0.625s][info][gc,phases      ] GC(335) Phase 4: Move objects 0.031ms
[2026-01-06T17:26:29.939+0800][0.625s][info][gc             ] GC(335) Pause Full (Allocation Failure) 133M->4M(247M) 1.250ms
[2026-01-06T17:26:29.940+0800][0.625s][info][gc,heap        ] GC(334) DefNew: 67960K->0K(78720K)
[2026-01-06T17:26:29.940+0800][0.625s][info][gc,heap        ] GC(334) Tenured: 135329K->4257K(174784K)
[2026-01-06T17:26:29.940+0800][0.625s][info][gc,metaspace   ] GC(334) Metaspace: 3682K(4864K)->3682K(4864K) NonClass: 3362K(4352K)->3362K(4352K) Class: 320K(512K)->320K(512K)
[2026-01-06T17:26:29.940+0800][0.625s][info][gc             ] GC(334) Pause Young (Allocation Failure) 198M->4M(247M) 1.327ms
[2026-01-06T17:26:29.940+0800][0.625s][info][gc,cpu         ] GC(334) User=0.00s Sys=0.00s Real=0.01s
[2026-01-06T17:26:29.941+0800][0.627s][info][gc,start       ] GC(336) Pause Young (Allocation Failure)
[2026-01-06T17:26:29.941+0800][0.627s][info][gc,start       ] GC(337) Pause Full (Allocation Failure)
[2026-01-06T17:26:29.941+0800][0.627s][info][gc,phases,start] GC(337) Phase 1: Mark live objects
[2026-01-06T17:26:29.942+0800][0.628s][info][gc,phases      ] GC(337) Phase 1: Mark live objects 0.585ms
[2026-01-06T17:26:29.942+0800][0.628s][info][gc,phases,start] GC(337) Phase 2: Compute new object addresses
[2026-01-06T17:26:29.942+0800][0.628s][info][gc,phases      ] GC(337) Phase 2: Compute new object addresses 0.079ms
[2026-01-06T17:26:29.942+0800][0.628s][info][gc,phases,start] GC(337) Phase 3: Adjust pointers
[2026-01-06T17:26:29.943+0800][0.628s][info][gc,phases      ] GC(337) Phase 3: Adjust pointers 0.685ms
[2026-01-06T17:26:29.943+0800][0.628s][info][gc,phases,start] GC(337) Phase 4: Move objects
[2026-01-06T17:26:29.943+0800][0.628s][info][gc,phases      ] GC(337) Phase 4: Move objects 0.030ms
[2026-01-06T17:26:29.943+0800][0.628s][info][gc             ] GC(337) Pause Full (Allocation Failure) 133M->4M(247M) 1.410ms
[2026-01-06T17:26:29.943+0800][0.628s][info][gc,heap        ] GC(336) DefNew: 67960K->0K(78720K)
[2026-01-06T17:26:29.943+0800][0.628s][info][gc,heap        ] GC(336) Tenured: 135329K->4257K(174784K)
[2026-01-06T17:26:29.943+0800][0.628s][info][gc,metaspace   ] GC(336) Metaspace: 3682K(4864K)->3682K(4864K) NonClass: 3362K(4352K)->3362K(4352K) Class: 320K(512K)->320K(512K)
[2026-01-06T17:26:29.943+0800][0.628s][info][gc             ] GC(336) Pause Young (Allocation Failure) 198M->4M(247M) 1.511ms
[2026-01-06T17:26:29.943+0800][0.628s][info][gc,cpu         ] GC(336) User=0.00s Sys=0.00s Real=0.00s
[2026-01-06T17:26:29.945+0800][0.630s][info][gc,start       ] GC(338) Pause Young (Allocation Failure)
[2026-01-06T17:26:29.945+0800][0.630s][info][gc,start       ] GC(339) Pause Full (Allocation Failure)
[2026-01-06T17:26:29.945+0800][0.630s][info][gc,phases,start] GC(339) Phase 1: Mark live objects
[2026-01-06T17:26:29.945+0800][0.631s][info][gc,phases      ] GC(339) Phase 1: Mark live objects 0.589ms
[2026-01-06T17:26:29.945+0800][0.631s][info][gc,phases,start] GC(339) Phase 2: Compute new object addresses
[2026-01-06T17:26:29.945+0800][0.631s][info][gc,phases      ] GC(339) Phase 2: Compute new object addresses 0.077ms
[2026-01-06T17:26:29.945+0800][0.631s][info][gc,phases,start] GC(339) Phase 3: Adjust pointers
[2026-01-06T17:26:29.946+0800][0.632s][info][gc,phases      ] GC(339) Phase 3: Adjust pointers 0.682ms
[2026-01-06T17:26:29.946+0800][0.632s][info][gc,phases,start] GC(339) Phase 4: Move objects
[2026-01-06T17:26:29.946+0800][0.632s][info][gc,phases      ] GC(339) Phase 4: Move objects 0.031ms
[2026-01-06T17:26:29.946+0800][0.632s][info][gc             ] GC(339) Pause Full (Allocation Failure) 133M->4M(247M) 1.408ms
[2026-01-06T17:26:29.946+0800][0.632s][info][gc,heap        ] GC(338) DefNew: 67960K->0K(78720K)
[2026-01-06T17:26:29.946+0800][0.632s][info][gc,heap        ] GC(338) Tenured: 135329K->4257K(174784K)
[2026-01-06T17:26:29.946+0800][0.632s][info][gc,metaspace   ] GC(338) Metaspace: 3683K(4864K)->3683K(4864K) NonClass: 3362K(4352K)->3362K(4352K) Class: 320K(512K)->320K(512K)
[2026-01-06T17:26:29.946+0800][0.632s][info][gc             ] GC(338) Pause Young (Allocation Failure) 198M->4M(247M) 1.503ms
[2026-01-06T17:26:29.946+0800][0.632s][info][gc,cpu         ] GC(338) User=0.00s Sys=0.00s Real=0.00s
[2026-01-06T17:26:29.948+0800][0.633s][info][gc,start       ] GC(340) Pause Young (Allocation Failure)
[2026-01-06T17:26:29.948+0800][0.633s][info][gc,start       ] GC(341) Pause Full (Allocation Failure)
[2026-01-06T17:26:29.948+0800][0.633s][info][gc,phases,start] GC(341) Phase 1: Mark live objects
[2026-01-06T17:26:29.948+0800][0.634s][info][gc,phases      ] GC(341) Phase 1: Mark live objects 0.526ms
[2026-01-06T17:26:29.948+0800][0.634s][info][gc,phases,start] GC(341) Phase 2: Compute new object addresses
[2026-01-06T17:26:29.949+0800][0.634s][info][gc,phases      ] GC(341) Phase 2: Compute new object addresses 0.073ms
[2026-01-06T17:26:29.949+0800][0.634s][info][gc,phases,start] GC(341) Phase 3: Adjust pointers
[2026-01-06T17:26:29.949+0800][0.635s][info][gc,phases      ] GC(341) Phase 3: Adjust pointers 0.663ms
[2026-01-06T17:26:29.949+0800][0.635s][info][gc,phases,start] GC(341) Phase 4: Move objects
[2026-01-06T17:26:29.949+0800][0.635s][info][gc,phases      ] GC(341) Phase 4: Move objects 0.030ms
[2026-01-06T17:26:29.949+0800][0.635s][info][gc             ] GC(341) Pause Full (Allocation Failure) 133M->4M(247M) 1.317ms
[2026-01-06T17:26:29.949+0800][0.635s][info][gc,heap        ] GC(340) DefNew: 67960K->0K(78720K)
[2026-01-06T17:26:29.949+0800][0.635s][info][gc,heap        ] GC(340) Tenured: 135329K->4257K(174784K)
[2026-01-06T17:26:29.949+0800][0.635s][info][gc,metaspace   ] GC(340) Metaspace: 3683K(4864K)->3683K(4864K) NonClass: 3362K(4352K)->3362K(4352K) Class: 320K(512K)->320K(512K)
[2026-01-06T17:26:29.949+0800][0.635s][info][gc             ] GC(340) Pause Young (Allocation Failure) 198M->4M(247M) 1.399ms
[2026-01-06T17:26:29.949+0800][0.635s][info][gc,cpu         ] GC(340) User=0.00s Sys=0.00s Real=0.00s
[2026-01-06T17:26:29.951+0800][0.637s][info][gc,start       ] GC(342) Pause Young (Allocation Failure)
[2026-01-06T17:26:29.951+0800][0.637s][info][gc,start       ] GC(343) Pause Full (Allocation Failure)
[2026-01-06T17:26:29.951+0800][0.637s][info][gc,phases,start] GC(343) Phase 1: Mark live objects
[2026-01-06T17:26:29.952+0800][0.637s][info][gc,phases      ] GC(343) Phase 1: Mark live objects 0.517ms
[2026-01-06T17:26:29.952+0800][0.637s][info][gc,phases,start] GC(343) Phase 2: Compute new object addresses
[2026-01-06T17:26:29.952+0800][0.637s][info][gc,phases      ] GC(343) Phase 2: Compute new object addresses 0.071ms
[2026-01-06T17:26:29.952+0800][0.637s][info][gc,phases,start] GC(343) Phase 3: Adjust pointers
[2026-01-06T17:26:29.952+0800][0.638s][info][gc,phases      ] GC(343) Phase 3: Adjust pointers 0.657ms
[2026-01-06T17:26:29.952+0800][0.638s][info][gc,phases,start] GC(343) Phase 4: Move objects
[2026-01-06T17:26:29.952+0800][0.638s][info][gc,phases      ] GC(343) Phase 4: Move objects 0.031ms
[2026-01-06T17:26:29.952+0800][0.638s][info][gc             ] GC(343) Pause Full (Allocation Failure) 133M->4M(247M) 1.299ms
[2026-01-06T17:26:29.952+0800][0.638s][info][gc,heap        ] GC(342) DefNew: 67960K->0K(78720K)
[2026-01-06T17:26:29.952+0800][0.638s][info][gc,heap        ] GC(342) Tenured: 135329K->4257K(174784K)
[2026-01-06T17:26:29.952+0800][0.638s][info][gc,metaspace   ] GC(342) Metaspace: 3683K(4864K)->3683K(4864K) NonClass: 3362K(4352K)->3362K(4352K) Class: 320K(512K)->320K(512K)
[2026-01-06T17:26:29.952+0800][0.638s][info][gc             ] GC(342) Pause Young (Allocation Failure) 198M->4M(247M) 1.376ms
[2026-01-06T17:26:29.952+0800][0.638s][info][gc,cpu         ] GC(342) User=0.00s Sys=0.00s Real=0.00s
[2026-01-06T17:26:29.954+0800][0.640s][info][gc,start       ] GC(344) Pause Young (Allocation Failure)
[2026-01-06T17:26:29.954+0800][0.640s][info][gc,start       ] GC(345) Pause Full (Allocation Failure)
[2026-01-06T17:26:29.954+0800][0.640s][info][gc,phases,start] GC(345) Phase 1: Mark live objects
[2026-01-06T17:26:29.955+0800][0.640s][info][gc,phases      ] GC(345) Phase 1: Mark live objects 0.492ms
[2026-01-06T17:26:29.955+0800][0.640s][info][gc,phases,start] GC(345) Phase 2: Compute new object addresses
[2026-01-06T17:26:29.955+0800][0.640s][info][gc,phases      ] GC(345) Phase 2: Compute new object addresses 0.071ms
[2026-01-06T17:26:29.955+0800][0.640s][info][gc,phases,start] GC(345) Phase 3: Adjust pointers
[2026-01-06T17:26:29.955+0800][0.641s][info][gc,phases      ] GC(345) Phase 3: Adjust pointers 0.654ms
[2026-01-06T17:26:29.955+0800][0.641s][info][gc,phases,start] GC(345) Phase 4: Move objects
[2026-01-06T17:26:29.955+0800][0.641s][info][gc,phases      ] GC(345) Phase 4: Move objects 0.030ms
[2026-01-06T17:26:29.955+0800][0.641s][info][gc             ] GC(345) Pause Full (Allocation Failure) 133M->4M(247M) 1.269ms
[2026-01-06T17:26:29.955+0800][0.641s][info][gc,heap        ] GC(344) DefNew: 67960K->0K(78720K)
[2026-01-06T17:26:29.955+0800][0.641s][info][gc,heap        ] GC(344) Tenured: 135329K->4257K(174784K)
[2026-01-06T17:26:29.955+0800][0.641s][info][gc,metaspace   ] GC(344) Metaspace: 3683K(4864K)->3683K(4864K) NonClass: 3362K(4352K)->3362K(4352K) Class: 320K(512K)->320K(512K)
[2026-01-06T17:26:29.955+0800][0.641s][info][gc             ] GC(344) Pause Young (Allocation Failure) 198M->4M(247M) 1.347ms
[2026-01-06T17:26:29.955+0800][0.641s][info][gc,cpu         ] GC(344) User=0.00s Sys=0.00s Real=0.00s
[2026-01-06T17:26:29.957+0800][0.643s][info][gc,start       ] GC(346) Pause Young (Allocation Failure)
[2026-01-06T17:26:29.957+0800][0.643s][info][gc,start       ] GC(347) Pause Full (Allocation Failure)
[2026-01-06T17:26:29.957+0800][0.643s][info][gc,phases,start] GC(347) Phase 1: Mark live objects
[2026-01-06T17:26:29.958+0800][0.643s][info][gc,phases      ] GC(347) Phase 1: Mark live objects 0.491ms
[2026-01-06T17:26:29.958+0800][0.643s][info][gc,phases,start] GC(347) Phase 2: Compute new object addresses
[2026-01-06T17:26:29.958+0800][0.643s][info][gc,phases      ] GC(347) Phase 2: Compute new object addresses 0.072ms
[2026-01-06T17:26:29.958+0800][0.643s][info][gc,phases,start] GC(347) Phase 3: Adjust pointers
[2026-01-06T17:26:29.959+0800][0.644s][info][gc,phases      ] GC(347) Phase 3: Adjust pointers 0.654ms
[2026-01-06T17:26:29.959+0800][0.644s][info][gc,phases,start] GC(347) Phase 4: Move objects
[2026-01-06T17:26:29.959+0800][0.644s][info][gc,phases      ] GC(347) Phase 4: Move objects 0.030ms
[2026-01-06T17:26:29.959+0800][0.644s][info][gc             ] GC(347) Pause Full (Allocation Failure) 133M->4M(247M) 1.271ms
[2026-01-06T17:26:29.959+0800][0.644s][info][gc,heap        ] GC(346) DefNew: 67960K->0K(78720K)
[2026-01-06T17:26:29.959+0800][0.644s][info][gc,heap        ] GC(346) Tenured: 135329K->4257K(174784K)
[2026-01-06T17:26:29.959+0800][0.644s][info][gc,metaspace   ] GC(346) Metaspace: 3685K(4864K)->3685K(4864K) NonClass: 3364K(4352K)->3364K(4352K) Class: 320K(512K)->320K(512K)
[2026-01-06T17:26:29.959+0800][0.644s][info][gc             ] GC(346) Pause Young (Allocation Failure) 198M->4M(247M) 1.349ms
[2026-01-06T17:26:29.959+0800][0.644s][info][gc,cpu         ] GC(346) User=0.00s Sys=0.00s Real=0.00s
[2026-01-06T17:26:29.960+0800][0.646s][info][gc,start       ] GC(348) Pause Young (Allocation Failure)
[2026-01-06T17:26:29.960+0800][0.646s][info][gc,start       ] GC(349) Pause Full (Allocation Failure)
[2026-01-06T17:26:29.960+0800][0.646s][info][gc,phases,start] GC(349) Phase 1: Mark live objects
[2026-01-06T17:26:29.961+0800][0.646s][info][gc,phases      ] GC(349) Phase 1: Mark live objects 0.459ms
[2026-01-06T17:26:29.961+0800][0.646s][info][gc,phases,start] GC(349) Phase 2: Compute new object addresses
[2026-01-06T17:26:29.961+0800][0.647s][info][gc,phases      ] GC(349) Phase 2: Compute new object addresses 0.072ms
[2026-01-06T17:26:29.961+0800][0.647s][info][gc,phases,start] GC(349) Phase 3: Adjust pointers
[2026-01-06T17:26:29.962+0800][0.647s][info][gc,phases      ] GC(349) Phase 3: Adjust pointers 0.650ms
[2026-01-06T17:26:29.962+0800][0.647s][info][gc,phases,start] GC(349) Phase 4: Move objects
[2026-01-06T17:26:29.962+0800][0.647s][info][gc,phases      ] GC(349) Phase 4: Move objects 0.030ms
[2026-01-06T17:26:29.962+0800][0.647s][info][gc             ] GC(349) Pause Full (Allocation Failure) 133M->4M(247M) 1.232ms
[2026-01-06T17:26:29.962+0800][0.647s][info][gc,heap        ] GC(348) DefNew: 67960K->0K(78720K)
[2026-01-06T17:26:29.962+0800][0.647s][info][gc,heap        ] GC(348) Tenured: 135329K->4257K(174784K)
[2026-01-06T17:26:29.962+0800][0.647s][info][gc,metaspace   ] GC(348) Metaspace: 3685K(4864K)->3685K(4864K) NonClass: 3364K(4352K)->3364K(4352K) Class: 320K(512K)->320K(512K)
[2026-01-06T17:26:29.962+0800][0.647s][info][gc             ] GC(348) Pause Young (Allocation Failure) 198M->4M(247M) 1.307ms
[2026-01-06T17:26:29.962+0800][0.647s][info][gc,cpu         ] GC(348) User=0.00s Sys=0.00s Real=0.00s
[2026-01-06T17:26:29.963+0800][0.649s][info][gc,start       ] GC(350) Pause Young (Allocation Failure)
[2026-01-06T17:26:29.963+0800][0.649s][info][gc,start       ] GC(351) Pause Full (Allocation Failure)
[2026-01-06T17:26:29.963+0800][0.649s][info][gc,phases,start] GC(351) Phase 1: Mark live objects
[2026-01-06T17:26:29.964+0800][0.649s][info][gc,phases      ] GC(351) Phase 1: Mark live objects 0.453ms
[2026-01-06T17:26:29.964+0800][0.649s][info][gc,phases,start] GC(351) Phase 2: Compute new object addresses
[2026-01-06T17:26:29.964+0800][0.650s][info][gc,phases      ] GC(351) Phase 2: Compute new object addresses 0.068ms
[2026-01-06T17:26:29.964+0800][0.650s][info][gc,phases,start] GC(351) Phase 3: Adjust pointers
[2026-01-06T17:26:29.965+0800][0.650s][info][gc,phases      ] GC(351) Phase 3: Adjust pointers 0.649ms
[2026-01-06T17:26:29.965+0800][0.650s][info][gc,phases,start] GC(351) Phase 4: Move objects
[2026-01-06T17:26:29.965+0800][0.650s][info][gc,phases      ] GC(351) Phase 4: Move objects 0.029ms
[2026-01-06T17:26:29.965+0800][0.650s][info][gc             ] GC(351) Pause Full (Allocation Failure) 133M->4M(247M) 1.220ms
[2026-01-06T17:26:29.965+0800][0.650s][info][gc,heap        ] GC(350) DefNew: 67960K->0K(78720K)
[2026-01-06T17:26:29.965+0800][0.650s][info][gc,heap        ] GC(350) Tenured: 135329K->4257K(174784K)
[2026-01-06T17:26:29.965+0800][0.650s][info][gc,metaspace   ] GC(350) Metaspace: 3685K(4864K)->3685K(4864K) NonClass: 3364K(4352K)->3364K(4352K) Class: 320K(512K)->320K(512K)
[2026-01-06T17:26:29.965+0800][0.650s][info][gc             ] GC(350) Pause Young (Allocation Failure) 198M->4M(247M) 1.297ms
[2026-01-06T17:26:29.965+0800][0.650s][info][gc,cpu         ] GC(350) User=0.00s Sys=0.00s Real=0.00s
[2026-01-06T17:26:29.966+0800][0.652s][info][gc,start       ] GC(352) Pause Young (Allocation Failure)
[2026-01-06T17:26:29.967+0800][0.652s][info][gc,start       ] GC(353) Pause Full (Allocation Failure)
[2026-01-06T17:26:29.967+0800][0.652s][info][gc,phases,start] GC(353) Phase 1: Mark live objects
[2026-01-06T17:26:29.967+0800][0.653s][info][gc,phases      ] GC(353) Phase 1: Mark live objects 0.464ms
[2026-01-06T17:26:29.967+0800][0.653s][info][gc,phases,start] GC(353) Phase 2: Compute new object addresses
[2026-01-06T17:26:29.967+0800][0.653s][info][gc,phases      ] GC(353) Phase 2: Compute new object addresses 0.072ms
[2026-01-06T17:26:29.967+0800][0.653s][info][gc,phases,start] GC(353) Phase 3: Adjust pointers
[2026-01-06T17:26:29.968+0800][0.653s][info][gc,phases      ] GC(353) Phase 3: Adjust pointers 0.659ms
[2026-01-06T17:26:29.968+0800][0.653s][info][gc,phases,start] GC(353) Phase 4: Move objects
[2026-01-06T17:26:29.968+0800][0.653s][info][gc,phases      ] GC(353) Phase 4: Move objects 0.030ms
[2026-01-06T17:26:29.968+0800][0.653s][info][gc             ] GC(353) Pause Full (Allocation Failure) 133M->4M(247M) 1.250ms
[2026-01-06T17:26:29.968+0800][0.653s][info][gc,heap        ] GC(352) DefNew: 67960K->0K(78720K)
[2026-01-06T17:26:29.968+0800][0.653s][info][gc,heap        ] GC(352) Tenured: 135329K->4257K(174784K)
[2026-01-06T17:26:29.968+0800][0.653s][info][gc,metaspace   ] GC(352) Metaspace: 3685K(4864K)->3685K(4864K) NonClass: 3364K(4352K)->3364K(4352K) Class: 320K(512K)->320K(512K)
[2026-01-06T17:26:29.968+0800][0.653s][info][gc             ] GC(352) Pause Young (Allocation Failure) 198M->4M(247M) 1.340ms
[2026-01-06T17:26:29.968+0800][0.653s][info][gc,cpu         ] GC(352) User=0.00s Sys=0.00s Real=0.00s
[2026-01-06T17:26:29.970+0800][0.655s][info][gc,start       ] GC(354) Pause Young (Allocation Failure)
[2026-01-06T17:26:29.970+0800][0.655s][info][gc,start       ] GC(355) Pause Full (Allocation Failure)
[2026-01-06T17:26:29.970+0800][0.655s][info][gc,phases,start] GC(355) Phase 1: Mark live objects
[2026-01-06T17:26:29.970+0800][0.656s][info][gc,phases      ] GC(355) Phase 1: Mark live objects 0.457ms
[2026-01-06T17:26:29.970+0800][0.656s][info][gc,phases,start] GC(355) Phase 2: Compute new object addresses
[2026-01-06T17:26:29.970+0800][0.656s][info][gc,phases      ] GC(355) Phase 2: Compute new object addresses 0.073ms
[2026-01-06T17:26:29.970+0800][0.656s][info][gc,phases,start] GC(355) Phase 3: Adjust pointers
[2026-01-06T17:26:29.971+0800][0.656s][info][gc,phases      ] GC(355) Phase 3: Adjust pointers 0.689ms
[2026-01-06T17:26:29.971+0800][0.656s][info][gc,phases,start] GC(355) Phase 4: Move objects
[2026-01-06T17:26:29.971+0800][0.656s][info][gc,phases      ] GC(355) Phase 4: Move objects 0.028ms
[2026-01-06T17:26:29.971+0800][0.656s][info][gc             ] GC(355) Pause Full (Allocation Failure) 133M->5M(247M) 1.269ms
[2026-01-06T17:26:29.971+0800][0.656s][info][gc,heap        ] GC(354) DefNew: 67960K->0K(78720K)
[2026-01-06T17:26:29.971+0800][0.656s][info][gc,heap        ] GC(354) Tenured: 135329K->5794K(174784K)
[2026-01-06T17:26:29.971+0800][0.656s][info][gc,metaspace   ] GC(354) Metaspace: 3685K(4864K)->3685K(4864K) NonClass: 3364K(4352K)->3364K(4352K) Class: 320K(512K)->320K(512K)
[2026-01-06T17:26:29.971+0800][0.656s][info][gc             ] GC(354) Pause Young (Allocation Failure) 198M->5M(247M) 1.335ms
[2026-01-06T17:26:29.971+0800][0.656s][info][gc,cpu         ] GC(354) User=0.00s Sys=0.00s Real=0.00s
[2026-01-06T17:26:29.973+0800][0.658s][info][gc,start       ] GC(356) Pause Young (Allocation Failure)
[2026-01-06T17:26:29.973+0800][0.658s][info][gc,start       ] GC(357) Pause Full (Allocation Failure)
[2026-01-06T17:26:29.973+0800][0.658s][info][gc,phases,start] GC(357) Phase 1: Mark live objects
[2026-01-06T17:26:29.973+0800][0.659s][info][gc,phases      ] GC(357) Phase 1: Mark live objects 0.454ms
[2026-01-06T17:26:29.973+0800][0.659s][info][gc,phases,start] GC(357) Phase 2: Compute new object addresses
[2026-01-06T17:26:29.973+0800][0.659s][info][gc,phases      ] GC(357) Phase 2: Compute new object addresses 0.069ms
[2026-01-06T17:26:29.973+0800][0.659s][info][gc,phases,start] GC(357) Phase 3: Adjust pointers
[2026-01-06T17:26:29.974+0800][0.660s][info][gc,phases      ] GC(357) Phase 3: Adjust pointers 0.655ms
[2026-01-06T17:26:29.974+0800][0.660s][info][gc,phases,start] GC(357) Phase 4: Move objects
[2026-01-06T17:26:29.974+0800][0.660s][info][gc,phases      ] GC(357) Phase 4: Move objects 0.028ms
[2026-01-06T17:26:29.974+0800][0.660s][info][gc             ] GC(357) Pause Full (Allocation Failure) 135M->5M(247M) 1.236ms
[2026-01-06T17:26:29.974+0800][0.660s][info][gc,heap        ] GC(356) DefNew: 67960K->0K(78720K)
[2026-01-06T17:26:29.974+0800][0.660s][info][gc,heap        ] GC(356) Tenured: 136866K->5794K(174784K)
[2026-01-06T17:26:29.974+0800][0.660s][info][gc,metaspace   ] GC(356) Metaspace: 3685K(4864K)->3685K(4864K) NonClass: 3364K(4352K)->3364K(4352K) Class: 320K(512K)->320K(512K)
[2026-01-06T17:26:29.974+0800][0.660s][info][gc             ] GC(356) Pause Young (Allocation Failure) 200M->5M(247M) 1.301ms
[2026-01-06T17:26:29.974+0800][0.660s][info][gc,cpu         ] GC(356) User=0.01s Sys=0.00s Real=0.00s
[2026-01-06T17:26:29.976+0800][0.661s][info][gc,start       ] GC(358) Pause Young (Allocation Failure)
[2026-01-06T17:26:29.976+0800][0.661s][info][gc,start       ] GC(359) Pause Full (Allocation Failure)
[2026-01-06T17:26:29.976+0800][0.661s][info][gc,phases,start] GC(359) Phase 1: Mark live objects
[2026-01-06T17:26:29.976+0800][0.662s][info][gc,phases      ] GC(359) Phase 1: Mark live objects 0.458ms
[2026-01-06T17:26:29.976+0800][0.662s][info][gc,phases,start] GC(359) Phase 2: Compute new object addresses
[2026-01-06T17:26:29.976+0800][0.662s][info][gc,phases      ] GC(359) Phase 2: Compute new object addresses 0.072ms
[2026-01-06T17:26:29.976+0800][0.662s][info][gc,phases,start] GC(359) Phase 3: Adjust pointers
[2026-01-06T17:26:29.977+0800][0.663s][info][gc,phases      ] GC(359) Phase 3: Adjust pointers 0.651ms
[2026-01-06T17:26:29.977+0800][0.663s][info][gc,phases,start] GC(359) Phase 4: Move objects
[2026-01-06T17:26:29.977+0800][0.663s][info][gc,phases      ] GC(359) Phase 4: Move objects 0.029ms
[2026-01-06T17:26:29.977+0800][0.663s][info][gc             ] GC(359) Pause Full (Allocation Failure) 135M->5M(247M) 1.231ms
[2026-01-06T17:26:29.977+0800][0.663s][info][gc,heap        ] GC(358) DefNew: 67960K->0K(78720K)
[2026-01-06T17:26:29.977+0800][0.663s][info][gc,heap        ] GC(358) Tenured: 136866K->5794K(174784K)
[2026-01-06T17:26:29.977+0800][0.663s][info][gc,metaspace   ] GC(358) Metaspace: 3687K(4864K)->3687K(4864K) NonClass: 3367K(4352K)->3367K(4352K) Class: 320K(512K)->320K(512K)
[2026-01-06T17:26:29.977+0800][0.663s][info][gc             ] GC(358) Pause Young (Allocation Failure) 200M->5M(247M) 1.295ms
[2026-01-06T17:26:29.977+0800][0.663s][info][gc,cpu         ] GC(358) User=0.00s Sys=0.00s Real=0.00s
[2026-01-06T17:26:29.979+0800][0.664s][info][gc,start       ] GC(360) Pause Young (Allocation Failure)
[2026-01-06T17:26:29.979+0800][0.664s][info][gc,start       ] GC(361) Pause Full (Allocation Failure)
[2026-01-06T17:26:29.979+0800][0.664s][info][gc,phases,start] GC(361) Phase 1: Mark live objects
[2026-01-06T17:26:29.979+0800][0.665s][info][gc,phases      ] GC(361) Phase 1: Mark live objects 0.454ms
[2026-01-06T17:26:29.979+0800][0.665s][info][gc,phases,start] GC(361) Phase 2: Compute new object addresses
[2026-01-06T17:26:29.979+0800][0.665s][info][gc,phases      ] GC(361) Phase 2: Compute new object addresses 0.067ms
[2026-01-06T17:26:29.979+0800][0.665s][info][gc,phases,start] GC(361) Phase 3: Adjust pointers
[2026-01-06T17:26:29.980+0800][0.666s][info][gc,phases      ] GC(361) Phase 3: Adjust pointers 0.651ms
[2026-01-06T17:26:29.980+0800][0.666s][info][gc,phases,start] GC(361) Phase 4: Move objects
[2026-01-06T17:26:29.980+0800][0.666s][info][gc,phases      ] GC(361) Phase 4: Move objects 0.032ms
[2026-01-06T17:26:29.980+0800][0.666s][info][gc             ] GC(361) Pause Full (Allocation Failure) 135M->4M(247M) 1.226ms
[2026-01-06T17:26:29.980+0800][0.666s][info][gc,heap        ] GC(360) DefNew: 67960K->0K(78720K)
[2026-01-06T17:26:29.980+0800][0.666s][info][gc,heap        ] GC(360) Tenured: 136866K->4257K(174784K)
[2026-01-06T17:26:29.980+0800][0.666s][info][gc,metaspace   ] GC(360) Metaspace: 3687K(4864K)->3687K(4864K) NonClass: 3367K(4352K)->3367K(4352K) Class: 320K(512K)->320K(512K)
[2026-01-06T17:26:29.980+0800][0.666s][info][gc             ] GC(360) Pause Young (Allocation Failure) 200M->4M(247M) 1.293ms
[2026-01-06T17:26:29.980+0800][0.666s][info][gc,cpu         ] GC(360) User=0.00s Sys=0.00s Real=0.01s
[2026-01-06T17:26:29.982+0800][0.667s][info][gc,start       ] GC(362) Pause Young (Allocation Failure)
[2026-01-06T17:26:29.982+0800][0.668s][info][gc,start       ] GC(363) Pause Full (Allocation Failure)
[2026-01-06T17:26:29.982+0800][0.668s][info][gc,phases,start] GC(363) Phase 1: Mark live objects
[2026-01-06T17:26:29.982+0800][0.668s][info][gc,phases      ] GC(363) Phase 1: Mark live objects 0.481ms
[2026-01-06T17:26:29.982+0800][0.668s][info][gc,phases,start] GC(363) Phase 2: Compute new object addresses
[2026-01-06T17:26:29.983+0800][0.668s][info][gc,phases      ] GC(363) Phase 2: Compute new object addresses 0.071ms
[2026-01-06T17:26:29.983+0800][0.668s][info][gc,phases,start] GC(363) Phase 3: Adjust pointers
[2026-01-06T17:26:29.983+0800][0.669s][info][gc,phases      ] GC(363) Phase 3: Adjust pointers 0.668ms
[2026-01-06T17:26:29.983+0800][0.669s][info][gc,phases,start] GC(363) Phase 4: Move objects
[2026-01-06T17:26:29.983+0800][0.669s][info][gc,phases      ] GC(363) Phase 4: Move objects 0.031ms
[2026-01-06T17:26:29.983+0800][0.669s][info][gc             ] GC(363) Pause Full (Allocation Failure) 133M->4M(247M) 1.272ms
[2026-01-06T17:26:29.983+0800][0.669s][info][gc,heap        ] GC(362) DefNew: 67960K->0K(78720K)
[2026-01-06T17:26:29.983+0800][0.669s][info][gc,heap        ] GC(362) Tenured: 135329K->4332K(174784K)
[2026-01-06T17:26:29.983+0800][0.669s][info][gc,metaspace   ] GC(362) Metaspace: 3687K(4864K)->3687K(4864K) NonClass: 3367K(4352K)->3367K(4352K) Class: 320K(512K)->320K(512K)
[2026-01-06T17:26:29.983+0800][0.669s][info][gc             ] GC(362) Pause Young (Allocation Failure) 198M->4M(247M) 1.349ms
[2026-01-06T17:26:29.983+0800][0.669s][info][gc,cpu         ] GC(362) User=0.01s Sys=0.00s Real=0.00s
[2026-01-06T17:26:29.985+0800][0.671s][info][gc,start       ] GC(364) Pause Young (Allocation Failure)
[2026-01-06T17:26:29.985+0800][0.671s][info][gc,start       ] GC(365) Pause Full (Allocation Failure)
[2026-01-06T17:26:29.985+0800][0.671s][info][gc,phases,start] GC(365) Phase 1: Mark live objects
[2026-01-06T17:26:29.986+0800][0.671s][info][gc,phases      ] GC(365) Phase 1: Mark live objects 0.447ms
[2026-01-06T17:26:29.986+0800][0.671s][info][gc,phases,start] GC(365) Phase 2: Compute new object addresses
[2026-01-06T17:26:29.986+0800][0.671s][info][gc,phases      ] GC(365) Phase 2: Compute new object addresses 0.073ms
[2026-01-06T17:26:29.986+0800][0.671s][info][gc,phases,start] GC(365) Phase 3: Adjust pointers
[2026-01-06T17:26:29.986+0800][0.672s][info][gc,phases      ] GC(365) Phase 3: Adjust pointers 0.653ms
[2026-01-06T17:26:29.986+0800][0.672s][info][gc,phases,start] GC(365) Phase 4: Move objects
[2026-01-06T17:26:29.986+0800][0.672s][info][gc,phases      ] GC(365) Phase 4: Move objects 0.030ms
[2026-01-06T17:26:29.986+0800][0.672s][info][gc             ] GC(365) Pause Full (Allocation Failure) 133M->4M(247M) 1.225ms
[2026-01-06T17:26:29.986+0800][0.672s][info][gc,heap        ] GC(364) DefNew: 67960K->0K(78720K)
[2026-01-06T17:26:29.986+0800][0.672s][info][gc,heap        ] GC(364) Tenured: 135404K->4332K(174784K)
[2026-01-06T17:26:29.986+0800][0.672s][info][gc,metaspace   ] GC(364) Metaspace: 3687K(4864K)->3687K(4864K) NonClass: 3367K(4352K)->3367K(4352K) Class: 320K(512K)->320K(512K)
[2026-01-06T17:26:29.986+0800][0.672s][info][gc             ] GC(364) Pause Young (Allocation Failure) 198M->4M(247M) 1.303ms
[2026-01-06T17:26:29.986+0800][0.672s][info][gc,cpu         ] GC(364) User=0.00s Sys=0.00s Real=0.00s
[2026-01-06T17:26:29.988+0800][0.674s][info][gc,start       ] GC(366) Pause Young (Allocation Failure)
[2026-01-06T17:26:29.988+0800][0.674s][info][gc,start       ] GC(367) Pause Full (Allocation Failure)
[2026-01-06T17:26:29.988+0800][0.674s][info][gc,phases,start] GC(367) Phase 1: Mark live objects
[2026-01-06T17:26:29.989+0800][0.674s][info][gc,phases      ] GC(367) Phase 1: Mark live objects 0.449ms
[2026-01-06T17:26:29.989+0800][0.674s][info][gc,phases,start] GC(367) Phase 2: Compute new object addresses
[2026-01-06T17:26:29.989+0800][0.674s][info][gc,phases      ] GC(367) Phase 2: Compute new object addresses 0.075ms
[2026-01-06T17:26:29.989+0800][0.674s][info][gc,phases,start] GC(367) Phase 3: Adjust pointers
[2026-01-06T17:26:29.989+0800][0.675s][info][gc,phases      ] GC(367) Phase 3: Adjust pointers 0.650ms
[2026-01-06T17:26:29.989+0800][0.675s][info][gc,phases,start] GC(367) Phase 4: Move objects
[2026-01-06T17:26:29.989+0800][0.675s][info][gc,phases      ] GC(367) Phase 4: Move objects 0.030ms
[2026-01-06T17:26:29.989+0800][0.675s][info][gc             ] GC(367) Pause Full (Allocation Failure) 133M->4M(247M) 1.227ms
[2026-01-06T17:26:29.989+0800][0.675s][info][gc,heap        ] GC(366) DefNew: 67960K->0K(78720K)
[2026-01-06T17:26:29.989+0800][0.675s][info][gc,heap        ] GC(366) Tenured: 135404K->4332K(174784K)
[2026-01-06T17:26:29.989+0800][0.675s][info][gc,metaspace   ] GC(366) Metaspace: 3687K(4864K)->3687K(4864K) NonClass: 3367K(4352K)->3367K(4352K) Class: 320K(512K)->320K(512K)
[2026-01-06T17:26:29.989+0800][0.675s][info][gc             ] GC(366) Pause Young (Allocation Failure) 198M->4M(247M) 1.303ms
[2026-01-06T17:26:29.989+0800][0.675s][info][gc,cpu         ] GC(366) User=0.00s Sys=0.00s Real=0.00s
[2026-01-06T17:26:29.991+0800][0.677s][info][gc,start       ] GC(368) Pause Young (Allocation Failure)
[2026-01-06T17:26:29.991+0800][0.677s][info][gc,start       ] GC(369) Pause Full (Allocation Failure)
[2026-01-06T17:26:29.991+0800][0.677s][info][gc,phases,start] GC(369) Phase 1: Mark live objects
[2026-01-06T17:26:29.992+0800][0.677s][info][gc,phases      ] GC(369) Phase 1: Mark live objects 0.552ms
[2026-01-06T17:26:29.992+0800][0.677s][info][gc,phases,start] GC(369) Phase 2: Compute new object addresses
[2026-01-06T17:26:29.992+0800][0.677s][info][gc,phases      ] GC(369) Phase 2: Compute new object addresses 0.076ms
[2026-01-06T17:26:29.992+0800][0.677s][info][gc,phases,start] GC(369) Phase 3: Adjust pointers
[2026-01-06T17:26:29.992+0800][0.678s][info][gc,phases      ] GC(369) Phase 3: Adjust pointers 0.676ms
[2026-01-06T17:26:29.992+0800][0.678s][info][gc,phases,start] GC(369) Phase 4: Move objects
[2026-01-06T17:26:29.993+0800][0.678s][info][gc,phases      ] GC(369) Phase 4: Move objects 0.030ms
[2026-01-06T17:26:29.993+0800][0.678s][info][gc             ] GC(369) Pause Full (Allocation Failure) 133M->4M(247M) 1.357ms
[2026-01-06T17:26:29.993+0800][0.678s][info][gc,heap        ] GC(368) DefNew: 67960K->0K(78720K)
[2026-01-06T17:26:29.993+0800][0.678s][info][gc,heap        ] GC(368) Tenured: 135404K->4257K(174784K)
[2026-01-06T17:26:29.993+0800][0.678s][info][gc,metaspace   ] GC(368) Metaspace: 3688K(4864K)->3688K(4864K) NonClass: 3367K(4352K)->3367K(4352K) Class: 320K(512K)->320K(512K)
[2026-01-06T17:26:29.993+0800][0.678s][info][gc             ] GC(368) Pause Young (Allocation Failure) 198M->4M(247M) 1.440ms
[2026-01-06T17:26:29.993+0800][0.678s][info][gc,cpu         ] GC(368) User=0.00s Sys=0.00s Real=0.00s
[2026-01-06T17:26:29.994+0800][0.680s][info][gc,start       ] GC(370) Pause Young (Allocation Failure)
[2026-01-06T17:26:29.994+0800][0.680s][info][gc,start       ] GC(371) Pause Full (Allocation Failure)
[2026-01-06T17:26:29.994+0800][0.680s][info][gc,phases,start] GC(371) Phase 1: Mark live objects
[2026-01-06T17:26:29.995+0800][0.681s][info][gc,phases      ] GC(371) Phase 1: Mark live objects 0.511ms
[2026-01-06T17:26:29.995+0800][0.681s][info][gc,phases,start] GC(371) Phase 2: Compute new object addresses
[2026-01-06T17:26:29.995+0800][0.681s][info][gc,phases      ] GC(371) Phase 2: Compute new object addresses 0.072ms
[2026-01-06T17:26:29.995+0800][0.681s][info][gc,phases,start] GC(371) Phase 3: Adjust pointers
[2026-01-06T17:26:29.996+0800][0.681s][info][gc,phases      ] GC(371) Phase 3: Adjust pointers 0.677ms
[2026-01-06T17:26:29.996+0800][0.681s][info][gc,phases,start] GC(371) Phase 4: Move objects
[2026-01-06T17:26:29.996+0800][0.681s][info][gc,phases      ] GC(371) Phase 4: Move objects 0.034ms
[2026-01-06T17:26:29.996+0800][0.681s][info][gc             ] GC(371) Pause Full (Allocation Failure) 133M->4M(247M) 1.319ms
[2026-01-06T17:26:29.996+0800][0.681s][info][gc,heap        ] GC(370) DefNew: 67960K->0K(78720K)
[2026-01-06T17:26:29.996+0800][0.681s][info][gc,heap        ] GC(370) Tenured: 135329K->4257K(174784K)
[2026-01-06T17:26:29.996+0800][0.681s][info][gc,metaspace   ] GC(370) Metaspace: 3688K(4864K)->3688K(4864K) NonClass: 3367K(4352K)->3367K(4352K) Class: 320K(512K)->320K(512K)
[2026-01-06T17:26:29.996+0800][0.681s][info][gc             ] GC(370) Pause Young (Allocation Failure) 198M->4M(247M) 1.405ms
[2026-01-06T17:26:29.996+0800][0.681s][info][gc,cpu         ] GC(370) User=0.00s Sys=0.00s Real=0.00s
[2026-01-06T17:26:29.998+0800][0.683s][info][gc,start       ] GC(372) Pause Young (Allocation Failure)
[2026-01-06T17:26:29.998+0800][0.683s][info][gc,start       ] GC(373) Pause Full (Allocation Failure)
[2026-01-06T17:26:29.998+0800][0.683s][info][gc,phases,start] GC(373) Phase 1: Mark live objects
[2026-01-06T17:26:29.998+0800][0.684s][info][gc,phases      ] GC(373) Phase 1: Mark live objects 0.483ms
[2026-01-06T17:26:29.998+0800][0.684s][info][gc,phases,start] GC(373) Phase 2: Compute new object addresses
[2026-01-06T17:26:29.998+0800][0.684s][info][gc,phases      ] GC(373) Phase 2: Compute new object addresses 0.071ms
[2026-01-06T17:26:29.998+0800][0.684s][info][gc,phases,start] GC(373) Phase 3: Adjust pointers
[2026-01-06T17:26:29.999+0800][0.684s][info][gc,phases      ] GC(373) Phase 3: Adjust pointers 0.661ms
[2026-01-06T17:26:29.999+0800][0.684s][info][gc,phases,start] GC(373) Phase 4: Move objects
[2026-01-06T17:26:29.999+0800][0.684s][info][gc,phases      ] GC(373) Phase 4: Move objects 0.032ms
[2026-01-06T17:26:29.999+0800][0.684s][info][gc             ] GC(373) Pause Full (Allocation Failure) 133M->4M(247M) 1.269ms
[2026-01-06T17:26:29.999+0800][0.684s][info][gc,heap        ] GC(372) DefNew: 67960K->0K(78720K)
[2026-01-06T17:26:29.999+0800][0.684s][info][gc,heap        ] GC(372) Tenured: 135329K->4257K(174784K)
[2026-01-06T17:26:29.999+0800][0.684s][info][gc,metaspace   ] GC(372) Metaspace: 3688K(4864K)->3688K(4864K) NonClass: 3367K(4352K)->3367K(4352K) Class: 320K(512K)->320K(512K)
[2026-01-06T17:26:29.999+0800][0.684s][info][gc             ] GC(372) Pause Young (Allocation Failure) 198M->4M(247M) 1.346ms
[2026-01-06T17:26:29.999+0800][0.684s][info][gc,cpu         ] GC(372) User=0.00s Sys=0.00s Real=0.00s
[2026-01-06T17:26:30.001+0800][0.686s][info][gc,start       ] GC(374) Pause Young (Allocation Failure)
[2026-01-06T17:26:30.001+0800][0.686s][info][gc,start       ] GC(375) Pause Full (Allocation Failure)
[2026-01-06T17:26:30.001+0800][0.686s][info][gc,phases,start] GC(375) Phase 1: Mark live objects
[2026-01-06T17:26:30.001+0800][0.687s][info][gc,phases      ] GC(375) Phase 1: Mark live objects 0.485ms
[2026-01-06T17:26:30.001+0800][0.687s][info][gc,phases,start] GC(375) Phase 2: Compute new object addresses
[2026-01-06T17:26:30.001+0800][0.687s][info][gc,phases      ] GC(375) Phase 2: Compute new object addresses 0.073ms
[2026-01-06T17:26:30.001+0800][0.687s][info][gc,phases,start] GC(375) Phase 3: Adjust pointers
[2026-01-06T17:26:30.002+0800][0.688s][info][gc,phases      ] GC(375) Phase 3: Adjust pointers 0.657ms
[2026-01-06T17:26:30.002+0800][0.688s][info][gc,phases,start] GC(375) Phase 4: Move objects
[2026-01-06T17:26:30.002+0800][0.688s][info][gc,phases      ] GC(375) Phase 4: Move objects 0.031ms
[2026-01-06T17:26:30.002+0800][0.688s][info][gc             ] GC(375) Pause Full (Allocation Failure) 133M->4M(247M) 1.268ms
[2026-01-06T17:26:30.002+0800][0.688s][info][gc,heap        ] GC(374) DefNew: 67960K->0K(78720K)
[2026-01-06T17:26:30.002+0800][0.688s][info][gc,heap        ] GC(374) Tenured: 135329K->4257K(174784K)
[2026-01-06T17:26:30.002+0800][0.688s][info][gc,metaspace   ] GC(374) Metaspace: 3688K(4864K)->3688K(4864K) NonClass: 3367K(4352K)->3367K(4352K) Class: 320K(512K)->320K(512K)
[2026-01-06T17:26:30.002+0800][0.688s][info][gc             ] GC(374) Pause Young (Allocation Failure) 198M->4M(247M) 1.345ms
[2026-01-06T17:26:30.002+0800][0.688s][info][gc,cpu         ] GC(374) User=0.00s Sys=0.00s Real=0.00s
[2026-01-06T17:26:30.004+0800][0.689s][info][gc,start       ] GC(376) Pause Young (Allocation Failure)
[2026-01-06T17:26:30.004+0800][0.689s][info][gc,start       ] GC(377) Pause Full (Allocation Failure)
[2026-01-06T17:26:30.004+0800][0.689s][info][gc,phases,start] GC(377) Phase 1: Mark live objects
[2026-01-06T17:26:30.004+0800][0.690s][info][gc,phases      ] GC(377) Phase 1: Mark live objects 0.460ms
[2026-01-06T17:26:30.004+0800][0.690s][info][gc,phases,start] GC(377) Phase 2: Compute new object addresses
[2026-01-06T17:26:30.004+0800][0.690s][info][gc,phases      ] GC(377) Phase 2: Compute new object addresses 0.075ms
[2026-01-06T17:26:30.004+0800][0.690s][info][gc,phases,start] GC(377) Phase 3: Adjust pointers
[2026-01-06T17:26:30.005+0800][0.691s][info][gc,phases      ] GC(377) Phase 3: Adjust pointers 0.654ms
[2026-01-06T17:26:30.005+0800][0.691s][info][gc,phases,start] GC(377) Phase 4: Move objects
[2026-01-06T17:26:30.005+0800][0.691s][info][gc,phases      ] GC(377) Phase 4: Move objects 0.038ms
[2026-01-06T17:26:30.005+0800][0.691s][info][gc             ] GC(377) Pause Full (Allocation Failure) 133M->4M(247M) 1.252ms
[2026-01-06T17:26:30.005+0800][0.691s][info][gc,heap        ] GC(376) DefNew: 67960K->0K(78720K)
[2026-01-06T17:26:30.005+0800][0.691s][info][gc,heap        ] GC(376) Tenured: 135329K->4257K(174784K)
[2026-01-06T17:26:30.005+0800][0.691s][info][gc,metaspace   ] GC(376) Metaspace: 3688K(4864K)->3688K(4864K) NonClass: 3367K(4352K)->3367K(4352K) Class: 320K(512K)->320K(512K)
[2026-01-06T17:26:30.005+0800][0.691s][info][gc             ] GC(376) Pause Young (Allocation Failure) 198M->4M(247M) 1.331ms
[2026-01-06T17:26:30.005+0800][0.691s][info][gc,cpu         ] GC(376) User=0.00s Sys=0.00s Real=0.00s
[2026-01-06T17:26:30.007+0800][0.692s][info][gc,start       ] GC(378) Pause Young (Allocation Failure)
[2026-01-06T17:26:30.007+0800][0.692s][info][gc,start       ] GC(379) Pause Full (Allocation Failure)
[2026-01-06T17:26:30.007+0800][0.692s][info][gc,phases,start] GC(379) Phase 1: Mark live objects
[2026-01-06T17:26:30.007+0800][0.693s][info][gc,phases      ] GC(379) Phase 1: Mark live objects 0.457ms
[2026-01-06T17:26:30.007+0800][0.693s][info][gc,phases,start] GC(379) Phase 2: Compute new object addresses
[2026-01-06T17:26:30.007+0800][0.693s][info][gc,phases      ] GC(379) Phase 2: Compute new object addresses 0.070ms
[2026-01-06T17:26:30.007+0800][0.693s][info][gc,phases,start] GC(379) Phase 3: Adjust pointers
[2026-01-06T17:26:30.008+0800][0.694s][info][gc,phases      ] GC(379) Phase 3: Adjust pointers 0.653ms
[2026-01-06T17:26:30.008+0800][0.694s][info][gc,phases,start] GC(379) Phase 4: Move objects
[2026-01-06T17:26:30.008+0800][0.694s][info][gc,phases      ] GC(379) Phase 4: Move objects 0.030ms
[2026-01-06T17:26:30.008+0800][0.694s][info][gc             ] GC(379) Pause Full (Allocation Failure) 133M->4M(247M) 1.230ms
[2026-01-06T17:26:30.008+0800][0.694s][info][gc,heap        ] GC(378) DefNew: 67960K->0K(78720K)
[2026-01-06T17:26:30.008+0800][0.694s][info][gc,heap        ] GC(378) Tenured: 135329K->4257K(174784K)
[2026-01-06T17:26:30.008+0800][0.694s][info][gc,metaspace   ] GC(378) Metaspace: 3688K(4864K)->3688K(4864K) NonClass: 3367K(4352K)->3367K(4352K) Class: 320K(512K)->320K(512K)
[2026-01-06T17:26:30.008+0800][0.694s][info][gc             ] GC(378) Pause Young (Allocation Failure) 198M->4M(247M) 1.309ms
[2026-01-06T17:26:30.008+0800][0.694s][info][gc,cpu         ] GC(378) User=0.00s Sys=0.00s Real=0.00s
[2026-01-06T17:26:30.010+0800][0.695s][info][gc,start       ] GC(380) Pause Young (Allocation Failure)
[2026-01-06T17:26:30.010+0800][0.696s][info][gc,start       ] GC(381) Pause Full (Allocation Failure)
[2026-01-06T17:26:30.010+0800][0.696s][info][gc,phases,start] GC(381) Phase 1: Mark live objects
[2026-01-06T17:26:30.010+0800][0.696s][info][gc,phases      ] GC(381) Phase 1: Mark live objects 0.455ms
[2026-01-06T17:26:30.010+0800][0.696s][info][gc,phases,start] GC(381) Phase 2: Compute new object addresses
[2026-01-06T17:26:30.010+0800][0.696s][info][gc,phases      ] GC(381) Phase 2: Compute new object addresses 0.071ms
[2026-01-06T17:26:30.010+0800][0.696s][info][gc,phases,start] GC(381) Phase 3: Adjust pointers
[2026-01-06T17:26:30.011+0800][0.697s][info][gc,phases      ] GC(381) Phase 3: Adjust pointers 0.649ms
[2026-01-06T17:26:30.011+0800][0.697s][info][gc,phases,start] GC(381) Phase 4: Move objects
[2026-01-06T17:26:30.011+0800][0.697s][info][gc,phases      ] GC(381) Phase 4: Move objects 0.029ms
[2026-01-06T17:26:30.011+0800][0.697s][info][gc             ] GC(381) Pause Full (Allocation Failure) 133M->4M(247M) 1.228ms
[2026-01-06T17:26:30.011+0800][0.697s][info][gc,heap        ] GC(380) DefNew: 67960K->0K(78720K)
[2026-01-06T17:26:30.011+0800][0.697s][info][gc,heap        ] GC(380) Tenured: 135329K->4257K(174784K)
[2026-01-06T17:26:30.011+0800][0.697s][info][gc,metaspace   ] GC(380) Metaspace: 3688K(4864K)->3688K(4864K) NonClass: 3367K(4352K)->3367K(4352K) Class: 320K(512K)->320K(512K)
[2026-01-06T17:26:30.011+0800][0.697s][info][gc             ] GC(380) Pause Young (Allocation Failure) 198M->4M(247M) 1.304ms
[2026-01-06T17:26:30.011+0800][0.697s][info][gc,cpu         ] GC(380) User=0.00s Sys=0.00s Real=0.00s
[2026-01-06T17:26:30.013+0800][0.699s][info][gc,start       ] GC(382) Pause Young (Allocation Failure)
[2026-01-06T17:26:30.013+0800][0.699s][info][gc,start       ] GC(383) Pause Full (Allocation Failure)
[2026-01-06T17:26:30.013+0800][0.699s][info][gc,phases,start] GC(383) Phase 1: Mark live objects
[2026-01-06T17:26:30.013+0800][0.699s][info][gc,phases      ] GC(383) Phase 1: Mark live objects 0.453ms
[2026-01-06T17:26:30.013+0800][0.699s][info][gc,phases,start] GC(383) Phase 2: Compute new object addresses
[2026-01-06T17:26:30.014+0800][0.699s][info][gc,phases      ] GC(383) Phase 2: Compute new object addresses 0.076ms
[2026-01-06T17:26:30.014+0800][0.699s][info][gc,phases,start] GC(383) Phase 3: Adjust pointers
[2026-01-06T17:26:30.014+0800][0.700s][info][gc,phases      ] GC(383) Phase 3: Adjust pointers 0.652ms
[2026-01-06T17:26:30.014+0800][0.700s][info][gc,phases,start] GC(383) Phase 4: Move objects
[2026-01-06T17:26:30.014+0800][0.700s][info][gc,phases      ] GC(383) Phase 4: Move objects 0.029ms
[2026-01-06T17:26:30.014+0800][0.700s][info][gc             ] GC(383) Pause Full (Allocation Failure) 133M->4M(247M) 1.235ms
[2026-01-06T17:26:30.014+0800][0.700s][info][gc,heap        ] GC(382) DefNew: 67960K->0K(78720K)
[2026-01-06T17:26:30.014+0800][0.700s][info][gc,heap        ] GC(382) Tenured: 135329K->4257K(174784K)
[2026-01-06T17:26:30.014+0800][0.700s][info][gc,metaspace   ] GC(382) Metaspace: 3688K(4864K)->3688K(4864K) NonClass: 3367K(4352K)->3367K(4352K) Class: 320K(512K)->320K(512K)
[2026-01-06T17:26:30.014+0800][0.700s][info][gc             ] GC(382) Pause Young (Allocation Failure) 198M->4M(247M) 1.315ms
[2026-01-06T17:26:30.014+0800][0.700s][info][gc,cpu         ] GC(382) User=0.01s Sys=0.00s Real=0.00s
[2026-01-06T17:26:30.016+0800][0.702s][info][gc,start       ] GC(384) Pause Young (Allocation Failure)
[2026-01-06T17:26:30.016+0800][0.702s][info][gc,start       ] GC(385) Pause Full (Allocation Failure)
[2026-01-06T17:26:30.016+0800][0.702s][info][gc,phases,start] GC(385) Phase 1: Mark live objects
[2026-01-06T17:26:30.017+0800][0.702s][info][gc,phases      ] GC(385) Phase 1: Mark live objects 0.451ms
[2026-01-06T17:26:30.017+0800][0.702s][info][gc,phases,start] GC(385) Phase 2: Compute new object addresses
[2026-01-06T17:26:30.017+0800][0.702s][info][gc,phases      ] GC(385) Phase 2: Compute new object addresses 0.071ms
[2026-01-06T17:26:30.017+0800][0.702s][info][gc,phases,start] GC(385) Phase 3: Adjust pointers
[2026-01-06T17:26:30.017+0800][0.703s][info][gc,phases      ] GC(385) Phase 3: Adjust pointers 0.651ms
[2026-01-06T17:26:30.017+0800][0.703s][info][gc,phases,start] GC(385) Phase 4: Move objects
[2026-01-06T17:26:30.017+0800][0.703s][info][gc,phases      ] GC(385) Phase 4: Move objects 0.030ms
[2026-01-06T17:26:30.017+0800][0.703s][info][gc             ] GC(385) Pause Full (Allocation Failure) 133M->4M(247M) 1.225ms
[2026-01-06T17:26:30.017+0800][0.703s][info][gc,heap        ] GC(384) DefNew: 67960K->0K(78720K)
[2026-01-06T17:26:30.017+0800][0.703s][info][gc,heap        ] GC(384) Tenured: 135329K->4257K(174784K)
[2026-01-06T17:26:30.017+0800][0.703s][info][gc,metaspace   ] GC(384) Metaspace: 3688K(4864K)->3688K(4864K) NonClass: 3367K(4352K)->3367K(4352K) Class: 320K(512K)->320K(512K)
[2026-01-06T17:26:30.017+0800][0.703s][info][gc             ] GC(384) Pause Young (Allocation Failure) 198M->4M(247M) 1.304ms
[2026-01-06T17:26:30.017+0800][0.703s][info][gc,cpu         ] GC(384) User=0.00s Sys=0.00s Real=0.00s
[2026-01-06T17:26:30.019+0800][0.705s][info][gc,start       ] GC(386) Pause Young (Allocation Failure)
[2026-01-06T17:26:30.019+0800][0.705s][info][gc,start       ] GC(387) Pause Full (Allocation Failure)
[2026-01-06T17:26:30.019+0800][0.705s][info][gc,phases,start] GC(387) Phase 1: Mark live objects
[2026-01-06T17:26:30.020+0800][0.705s][info][gc,phases      ] GC(387) Phase 1: Mark live objects 0.457ms
[2026-01-06T17:26:30.020+0800][0.705s][info][gc,phases,start] GC(387) Phase 2: Compute new object addresses
[2026-01-06T17:26:30.020+0800][0.705s][info][gc,phases      ] GC(387) Phase 2: Compute new object addresses 0.070ms
[2026-01-06T17:26:30.020+0800][0.705s][info][gc,phases,start] GC(387) Phase 3: Adjust pointers
[2026-01-06T17:26:30.020+0800][0.706s][info][gc,phases      ] GC(387) Phase 3: Adjust pointers 0.651ms
[2026-01-06T17:26:30.020+0800][0.706s][info][gc,phases,start] GC(387) Phase 4: Move objects
[2026-01-06T17:26:30.020+0800][0.706s][info][gc,phases      ] GC(387) Phase 4: Move objects 0.030ms
[2026-01-06T17:26:30.020+0800][0.706s][info][gc             ] GC(387) Pause Full (Allocation Failure) 133M->4M(247M) 1.231ms
[2026-01-06T17:26:30.020+0800][0.706s][info][gc,heap        ] GC(386) DefNew: 67960K->0K(78720K)
[2026-01-06T17:26:30.020+0800][0.706s][info][gc,heap        ] GC(386) Tenured: 135329K->4257K(174784K)
[2026-01-06T17:26:30.020+0800][0.706s][info][gc,metaspace   ] GC(386) Metaspace: 3688K(4864K)->3688K(4864K) NonClass: 3367K(4352K)->3367K(4352K) Class: 320K(512K)->320K(512K)
[2026-01-06T17:26:30.020+0800][0.706s][info][gc             ] GC(386) Pause Young (Allocation Failure) 198M->4M(247M) 1.307ms
[2026-01-06T17:26:30.020+0800][0.706s][info][gc,cpu         ] GC(386) User=0.00s Sys=0.00s Real=0.01s
[2026-01-06T17:26:30.022+0800][0.708s][info][gc,start       ] GC(388) Pause Young (Allocation Failure)
[2026-01-06T17:26:30.022+0800][0.708s][info][gc,start       ] GC(389) Pause Full (Allocation Failure)
[2026-01-06T17:26:30.022+0800][0.708s][info][gc,phases,start] GC(389) Phase 1: Mark live objects
[2026-01-06T17:26:30.023+0800][0.708s][info][gc,phases      ] GC(389) Phase 1: Mark live objects 0.445ms
[2026-01-06T17:26:30.023+0800][0.708s][info][gc,phases,start] GC(389) Phase 2: Compute new object addresses
[2026-01-06T17:26:30.023+0800][0.708s][info][gc,phases      ] GC(389) Phase 2: Compute new object addresses 0.074ms
[2026-01-06T17:26:30.023+0800][0.708s][info][gc,phases,start] GC(389) Phase 3: Adjust pointers
[2026-01-06T17:26:30.023+0800][0.709s][info][gc,phases      ] GC(389) Phase 3: Adjust pointers 0.654ms
[2026-01-06T17:26:30.023+0800][0.709s][info][gc,phases,start] GC(389) Phase 4: Move objects
[2026-01-06T17:26:30.023+0800][0.709s][info][gc,phases      ] GC(389) Phase 4: Move objects 0.030ms
[2026-01-06T17:26:30.023+0800][0.709s][info][gc             ] GC(389) Pause Full (Allocation Failure) 133M->4M(247M) 1.224ms
[2026-01-06T17:26:30.023+0800][0.709s][info][gc,heap        ] GC(388) DefNew: 67960K->0K(78720K)
[2026-01-06T17:26:30.023+0800][0.709s][info][gc,heap        ] GC(388) Tenured: 135329K->4257K(174784K)
[2026-01-06T17:26:30.023+0800][0.709s][info][gc,metaspace   ] GC(388) Metaspace: 3688K(4864K)->3688K(4864K) NonClass: 3367K(4352K)->3367K(4352K) Class: 320K(512K)->320K(512K)
[2026-01-06T17:26:30.023+0800][0.709s][info][gc             ] GC(388) Pause Young (Allocation Failure) 198M->4M(247M) 1.303ms
[2026-01-06T17:26:30.023+0800][0.709s][info][gc,cpu         ] GC(388) User=0.01s Sys=0.00s Real=0.00s
[2026-01-06T17:26:30.025+0800][0.711s][info][gc,start       ] GC(390) Pause Young (Allocation Failure)
[2026-01-06T17:26:30.025+0800][0.711s][info][gc,start       ] GC(391) Pause Full (Allocation Failure)
[2026-01-06T17:26:30.025+0800][0.711s][info][gc,phases,start] GC(391) Phase 1: Mark live objects
[2026-01-06T17:26:30.026+0800][0.711s][info][gc,phases      ] GC(391) Phase 1: Mark live objects 0.447ms
[2026-01-06T17:26:30.026+0800][0.711s][info][gc,phases,start] GC(391) Phase 2: Compute new object addresses
[2026-01-06T17:26:30.026+0800][0.711s][info][gc,phases      ] GC(391) Phase 2: Compute new object addresses 0.078ms
[2026-01-06T17:26:30.026+0800][0.711s][info][gc,phases,start] GC(391) Phase 3: Adjust pointers
[2026-01-06T17:26:30.027+0800][0.712s][info][gc,phases      ] GC(391) Phase 3: Adjust pointers 0.651ms
[2026-01-06T17:26:30.027+0800][0.712s][info][gc,phases,start] GC(391) Phase 4: Move objects
[2026-01-06T17:26:30.027+0800][0.712s][info][gc,phases      ] GC(391) Phase 4: Move objects 0.029ms
[2026-01-06T17:26:30.027+0800][0.712s][info][gc             ] GC(391) Pause Full (Allocation Failure) 133M->4M(247M) 1.226ms
[2026-01-06T17:26:30.027+0800][0.712s][info][gc,heap        ] GC(390) DefNew: 67960K->0K(78720K)
[2026-01-06T17:26:30.027+0800][0.712s][info][gc,heap        ] GC(390) Tenured: 135329K->4257K(174784K)
[2026-01-06T17:26:30.027+0800][0.712s][info][gc,metaspace   ] GC(390) Metaspace: 3688K(4864K)->3688K(4864K) NonClass: 3367K(4352K)->3367K(4352K) Class: 320K(512K)->320K(512K)
[2026-01-06T17:26:30.027+0800][0.712s][info][gc             ] GC(390) Pause Young (Allocation Failure) 198M->4M(247M) 1.302ms
[2026-01-06T17:26:30.027+0800][0.712s][info][gc,cpu         ] GC(390) User=0.00s Sys=0.00s Real=0.00s
[2026-01-06T17:26:30.028+0800][0.714s][info][gc,start       ] GC(392) Pause Young (Allocation Failure)
[2026-01-06T17:26:30.028+0800][0.714s][info][gc,start       ] GC(393) Pause Full (Allocation Failure)
[2026-01-06T17:26:30.028+0800][0.714s][info][gc,phases,start] GC(393) Phase 1: Mark live objects
[2026-01-06T17:26:30.029+0800][0.714s][info][gc,phases      ] GC(393) Phase 1: Mark live objects 0.450ms
[2026-01-06T17:26:30.029+0800][0.714s][info][gc,phases,start] GC(393) Phase 2: Compute new object addresses
[2026-01-06T17:26:30.029+0800][0.715s][info][gc,phases      ] GC(393) Phase 2: Compute new object addresses 0.075ms
[2026-01-06T17:26:30.029+0800][0.715s][info][gc,phases,start] GC(393) Phase 3: Adjust pointers
[2026-01-06T17:26:30.030+0800][0.715s][info][gc,phases      ] GC(393) Phase 3: Adjust pointers 0.653ms
[2026-01-06T17:26:30.030+0800][0.715s][info][gc,phases,start] GC(393) Phase 4: Move objects
[2026-01-06T17:26:30.030+0800][0.715s][info][gc,phases      ] GC(393) Phase 4: Move objects 0.029ms
[2026-01-06T17:26:30.030+0800][0.715s][info][gc             ] GC(393) Pause Full (Allocation Failure) 133M->4M(247M) 1.234ms
[2026-01-06T17:26:30.030+0800][0.715s][info][gc,heap        ] GC(392) DefNew: 67960K->0K(78720K)
[2026-01-06T17:26:30.030+0800][0.715s][info][gc,heap        ] GC(392) Tenured: 135329K->4257K(174784K)
[2026-01-06T17:26:30.030+0800][0.715s][info][gc,metaspace   ] GC(392) Metaspace: 3688K(4864K)->3688K(4864K) NonClass: 3367K(4352K)->3367K(4352K) Class: 320K(512K)->320K(512K)
[2026-01-06T17:26:30.030+0800][0.715s][info][gc             ] GC(392) Pause Young (Allocation Failure) 198M->4M(247M) 1.310ms
[2026-01-06T17:26:30.030+0800][0.715s][info][gc,cpu         ] GC(392) User=0.00s Sys=0.00s Real=0.01s
[2026-01-06T17:26:30.031+0800][0.717s][info][gc,start       ] GC(394) Pause Young (Allocation Failure)
[2026-01-06T17:26:30.032+0800][0.717s][info][gc,start       ] GC(395) Pause Full (Allocation Failure)
[2026-01-06T17:26:30.032+0800][0.717s][info][gc,phases,start] GC(395) Phase 1: Mark live objects
[2026-01-06T17:26:30.032+0800][0.718s][info][gc,phases      ] GC(395) Phase 1: Mark live objects 0.452ms
[2026-01-06T17:26:30.032+0800][0.718s][info][gc,phases,start] GC(395) Phase 2: Compute new object addresses
[2026-01-06T17:26:30.032+0800][0.718s][info][gc,phases      ] GC(395) Phase 2: Compute new object addresses 0.070ms
[2026-01-06T17:26:30.032+0800][0.718s][info][gc,phases,start] GC(395) Phase 3: Adjust pointers
[2026-01-06T17:26:30.033+0800][0.718s][info][gc,phases      ] GC(395) Phase 3: Adjust pointers 0.654ms
[2026-01-06T17:26:30.033+0800][0.718s][info][gc,phases,start] GC(395) Phase 4: Move objects
[2026-01-06T17:26:30.033+0800][0.718s][info][gc,phases      ] GC(395) Phase 4: Move objects 0.028ms
[2026-01-06T17:26:30.033+0800][0.718s][info][gc             ] GC(395) Pause Full (Allocation Failure) 133M->5M(247M) 1.229ms
[2026-01-06T17:26:30.033+0800][0.718s][info][gc,heap        ] GC(394) DefNew: 67960K->0K(78720K)
[2026-01-06T17:26:30.033+0800][0.718s][info][gc,heap        ] GC(394) Tenured: 135329K->5794K(174784K)
[2026-01-06T17:26:30.033+0800][0.718s][info][gc,metaspace   ] GC(394) Metaspace: 3688K(4864K)->3688K(4864K) NonClass: 3367K(4352K)->3367K(4352K) Class: 320K(512K)->320K(512K)
[2026-01-06T17:26:30.033+0800][0.718s][info][gc             ] GC(394) Pause Young (Allocation Failure) 198M->5M(247M) 1.293ms
[2026-01-06T17:26:30.033+0800][0.718s][info][gc,cpu         ] GC(394) User=0.00s Sys=0.00s Real=0.00s
[2026-01-06T17:26:30.035+0800][0.720s][info][gc,start       ] GC(396) Pause Young (Allocation Failure)
[2026-01-06T17:26:30.035+0800][0.720s][info][gc,start       ] GC(397) Pause Full (Allocation Failure)
[2026-01-06T17:26:30.035+0800][0.720s][info][gc,phases,start] GC(397) Phase 1: Mark live objects
[2026-01-06T17:26:30.035+0800][0.721s][info][gc,phases      ] GC(397) Phase 1: Mark live objects 0.449ms
[2026-01-06T17:26:30.035+0800][0.721s][info][gc,phases,start] GC(397) Phase 2: Compute new object addresses
[2026-01-06T17:26:30.035+0800][0.721s][info][gc,phases      ] GC(397) Phase 2: Compute new object addresses 0.069ms
[2026-01-06T17:26:30.035+0800][0.721s][info][gc,phases,start] GC(397) Phase 3: Adjust pointers
[2026-01-06T17:26:30.036+0800][0.721s][info][gc,phases      ] GC(397) Phase 3: Adjust pointers 0.651ms
[2026-01-06T17:26:30.036+0800][0.721s][info][gc,phases,start] GC(397) Phase 4: Move objects
[2026-01-06T17:26:30.036+0800][0.721s][info][gc,phases      ] GC(397) Phase 4: Move objects 0.028ms
[2026-01-06T17:26:30.036+0800][0.721s][info][gc             ] GC(397) Pause Full (Allocation Failure) 135M->5M(247M) 1.218ms
[2026-01-06T17:26:30.036+0800][0.721s][info][gc,heap        ] GC(396) DefNew: 67960K->0K(78720K)
[2026-01-06T17:26:30.036+0800][0.721s][info][gc,heap        ] GC(396) Tenured: 136866K->5794K(174784K)
[2026-01-06T17:26:30.036+0800][0.721s][info][gc,metaspace   ] GC(396) Metaspace: 3688K(4864K)->3688K(4864K) NonClass: 3367K(4352K)->3367K(4352K) Class: 320K(512K)->320K(512K)
[2026-01-06T17:26:30.036+0800][0.721s][info][gc             ] GC(396) Pause Young (Allocation Failure) 200M->5M(247M) 1.282ms
[2026-01-06T17:26:30.036+0800][0.721s][info][gc,cpu         ] GC(396) User=0.00s Sys=0.00s Real=0.00s
[2026-01-06T17:26:30.038+0800][0.723s][info][gc,start       ] GC(398) Pause Young (Allocation Failure)
[2026-01-06T17:26:30.038+0800][0.723s][info][gc,start       ] GC(399) Pause Full (Allocation Failure)
[2026-01-06T17:26:30.038+0800][0.723s][info][gc,phases,start] GC(399) Phase 1: Mark live objects
[2026-01-06T17:26:30.038+0800][0.724s][info][gc,phases      ] GC(399) Phase 1: Mark live objects 0.447ms
[2026-01-06T17:26:30.038+0800][0.724s][info][gc,phases,start] GC(399) Phase 2: Compute new object addresses
[2026-01-06T17:26:30.038+0800][0.724s][info][gc,phases      ] GC(399) Phase 2: Compute new object addresses 0.070ms
[2026-01-06T17:26:30.038+0800][0.724s][info][gc,phases,start] GC(399) Phase 3: Adjust pointers
[2026-01-06T17:26:30.039+0800][0.724s][info][gc,phases      ] GC(399) Phase 3: Adjust pointers 0.651ms
[2026-01-06T17:26:30.039+0800][0.724s][info][gc,phases,start] GC(399) Phase 4: Move objects
[2026-01-06T17:26:30.039+0800][0.724s][info][gc,phases      ] GC(399) Phase 4: Move objects 0.027ms
[2026-01-06T17:26:30.039+0800][0.724s][info][gc             ] GC(399) Pause Full (Allocation Failure) 135M->5M(247M) 1.219ms
[2026-01-06T17:26:30.039+0800][0.724s][info][gc,heap        ] GC(398) DefNew: 67960K->0K(78720K)
[2026-01-06T17:26:30.039+0800][0.724s][info][gc,heap        ] GC(398) Tenured: 136866K->5794K(174784K)
[2026-01-06T17:26:30.039+0800][0.724s][info][gc,metaspace   ] GC(398) Metaspace: 3688K(4864K)->3688K(4864K) NonClass: 3367K(4352K)->3367K(4352K) Class: 320K(512K)->320K(512K)
[2026-01-06T17:26:30.039+0800][0.724s][info][gc             ] GC(398) Pause Young (Allocation Failure) 200M->5M(247M) 1.285ms
[2026-01-06T17:26:30.039+0800][0.724s][info][gc,cpu         ] GC(398) User=0.00s Sys=0.00s Real=0.00s
[2026-01-06T17:26:30.041+0800][0.726s][info][gc,start       ] GC(400) Pause Young (Allocation Failure)
[2026-01-06T17:26:30.041+0800][0.726s][info][gc,start       ] GC(401) Pause Full (Allocation Failure)
[2026-01-06T17:26:30.041+0800][0.726s][info][gc,phases,start] GC(401) Phase 1: Mark live objects
[2026-01-06T17:26:30.041+0800][0.727s][info][gc,phases      ] GC(401) Phase 1: Mark live objects 0.449ms
[2026-01-06T17:26:30.041+0800][0.727s][info][gc,phases,start] GC(401) Phase 2: Compute new object addresses
[2026-01-06T17:26:30.041+0800][0.727s][info][gc,phases      ] GC(401) Phase 2: Compute new object addresses 0.068ms
[2026-01-06T17:26:30.041+0800][0.727s][info][gc,phases,start] GC(401) Phase 3: Adjust pointers
[2026-01-06T17:26:30.042+0800][0.727s][info][gc,phases      ] GC(401) Phase 3: Adjust pointers 0.651ms
[2026-01-06T17:26:30.042+0800][0.727s][info][gc,phases,start] GC(401) Phase 4: Move objects
[2026-01-06T17:26:30.042+0800][0.727s][info][gc,phases      ] GC(401) Phase 4: Move objects 0.031ms
[2026-01-06T17:26:30.042+0800][0.727s][info][gc             ] GC(401) Pause Full (Allocation Failure) 135M->4M(247M) 1.222ms
[2026-01-06T17:26:30.042+0800][0.727s][info][gc,heap        ] GC(400) DefNew: 67960K->0K(78720K)
[2026-01-06T17:26:30.042+0800][0.727s][info][gc,heap        ] GC(400) Tenured: 136866K->4257K(174784K)
[2026-01-06T17:26:30.042+0800][0.727s][info][gc,metaspace   ] GC(400) Metaspace: 3688K(4864K)->3688K(4864K) NonClass: 3367K(4352K)->3367K(4352K) Class: 320K(512K)->320K(512K)
[2026-01-06T17:26:30.042+0800][0.727s][info][gc             ] GC(400) Pause Young (Allocation Failure) 200M->4M(247M) 1.288ms
[2026-01-06T17:26:30.042+0800][0.727s][info][gc,cpu         ] GC(400) User=0.00s Sys=0.00s Real=0.00s
[2026-01-06T17:26:30.044+0800][0.729s][info][gc,start       ] GC(402) Pause Young (Allocation Failure)
[2026-01-06T17:26:30.044+0800][0.729s][info][gc,start       ] GC(403) Pause Full (Allocation Failure)
[2026-01-06T17:26:30.044+0800][0.729s][info][gc,phases,start] GC(403) Phase 1: Mark live objects
[2026-01-06T17:26:30.044+0800][0.730s][info][gc,phases      ] GC(403) Phase 1: Mark live objects 0.449ms
[2026-01-06T17:26:30.044+0800][0.730s][info][gc,phases,start] GC(403) Phase 2: Compute new object addresses
[2026-01-06T17:26:30.044+0800][0.730s][info][gc,phases      ] GC(403) Phase 2: Compute new object addresses 0.072ms
[2026-01-06T17:26:30.044+0800][0.730s][info][gc,phases,start] GC(403) Phase 3: Adjust pointers
[2026-01-06T17:26:30.045+0800][0.730s][info][gc,phases      ] GC(403) Phase 3: Adjust pointers 0.650ms
[2026-01-06T17:26:30.045+0800][0.730s][info][gc,phases,start] GC(403) Phase 4: Move objects
[2026-01-06T17:26:30.045+0800][0.730s][info][gc,phases      ] GC(403) Phase 4: Move objects 0.029ms
[2026-01-06T17:26:30.045+0800][0.730s][info][gc             ] GC(403) Pause Full (Allocation Failure) 133M->4M(247M) 1.222ms
[2026-01-06T17:26:30.045+0800][0.730s][info][gc,heap        ] GC(402) DefNew: 67960K->0K(78720K)
[2026-01-06T17:26:30.045+0800][0.730s][info][gc,heap        ] GC(402) Tenured: 135329K->4332K(174784K)
[2026-01-06T17:26:30.045+0800][0.730s][info][gc,metaspace   ] GC(402) Metaspace: 3688K(4864K)->3688K(4864K) NonClass: 3367K(4352K)->3367K(4352K) Class: 320K(512K)->320K(512K)
[2026-01-06T17:26:30.045+0800][0.730s][info][gc             ] GC(402) Pause Young (Allocation Failure) 198M->4M(247M) 1.297ms
[2026-01-06T17:26:30.045+0800][0.730s][info][gc,cpu         ] GC(402) User=0.00s Sys=0.00s Real=0.00s
[2026-01-06T17:26:30.047+0800][0.732s][info][gc,start       ] GC(404) Pause Young (Allocation Failure)
[2026-01-06T17:26:30.047+0800][0.732s][info][gc,start       ] GC(405) Pause Full (Allocation Failure)
[2026-01-06T17:26:30.047+0800][0.732s][info][gc,phases,start] GC(405) Phase 1: Mark live objects
[2026-01-06T17:26:30.047+0800][0.733s][info][gc,phases      ] GC(405) Phase 1: Mark live objects 0.452ms
[2026-01-06T17:26:30.047+0800][0.733s][info][gc,phases,start] GC(405) Phase 2: Compute new object addresses
[2026-01-06T17:26:30.047+0800][0.733s][info][gc,phases      ] GC(405) Phase 2: Compute new object addresses 0.072ms
[2026-01-06T17:26:30.047+0800][0.733s][info][gc,phases,start] GC(405) Phase 3: Adjust pointers
[2026-01-06T17:26:30.048+0800][0.733s][info][gc,phases      ] GC(405) Phase 3: Adjust pointers 0.650ms
[2026-01-06T17:26:30.048+0800][0.734s][info][gc,phases,start] GC(405) Phase 4: Move objects
[2026-01-06T17:26:30.048+0800][0.734s][info][gc,phases      ] GC(405) Phase 4: Move objects 0.029ms
[2026-01-06T17:26:30.048+0800][0.734s][info][gc             ] GC(405) Pause Full (Allocation Failure) 133M->4M(247M) 1.225ms
[2026-01-06T17:26:30.048+0800][0.734s][info][gc,heap        ] GC(404) DefNew: 67960K->0K(78720K)
[2026-01-06T17:26:30.048+0800][0.734s][info][gc,heap        ] GC(404) Tenured: 135404K->4332K(174784K)
[2026-01-06T17:26:30.048+0800][0.734s][info][gc,metaspace   ] GC(404) Metaspace: 3688K(4864K)->3688K(4864K) NonClass: 3367K(4352K)->3367K(4352K) Class: 320K(512K)->320K(512K)
[2026-01-06T17:26:30.048+0800][0.734s][info][gc             ] GC(404) Pause Young (Allocation Failure) 198M->4M(247M) 1.301ms
[2026-01-06T17:26:30.048+0800][0.734s][info][gc,cpu         ] GC(404) User=0.00s Sys=0.00s Real=0.00s
[2026-01-06T17:26:30.050+0800][0.735s][info][gc,start       ] GC(406) Pause Young (Allocation Failure)
[2026-01-06T17:26:30.050+0800][0.735s][info][gc,start       ] GC(407) Pause Full (Allocation Failure)
[2026-01-06T17:26:30.050+0800][0.735s][info][gc,phases,start] GC(407) Phase 1: Mark live objects
[2026-01-06T17:26:30.050+0800][0.736s][info][gc,phases      ] GC(407) Phase 1: Mark live objects 0.445ms
[2026-01-06T17:26:30.050+0800][0.736s][info][gc,phases,start] GC(407) Phase 2: Compute new object addresses
[2026-01-06T17:26:30.050+0800][0.736s][info][gc,phases      ] GC(407) Phase 2: Compute new object addresses 0.074ms
[2026-01-06T17:26:30.050+0800][0.736s][info][gc,phases,start] GC(407) Phase 3: Adjust pointers
[2026-01-06T17:26:30.051+0800][0.737s][info][gc,phases      ] GC(407) Phase 3: Adjust pointers 0.652ms
[2026-01-06T17:26:30.051+0800][0.737s][info][gc,phases,start] GC(407) Phase 4: Move objects
[2026-01-06T17:26:30.051+0800][0.737s][info][gc,phases      ] GC(407) Phase 4: Move objects 0.029ms
[2026-01-06T17:26:30.051+0800][0.737s][info][gc             ] GC(407) Pause Full (Allocation Failure) 133M->4M(247M) 1.222ms
[2026-01-06T17:26:30.051+0800][0.737s][info][gc,heap        ] GC(406) DefNew: 67960K->0K(78720K)
[2026-01-06T17:26:30.051+0800][0.737s][info][gc,heap        ] GC(406) Tenured: 135404K->4332K(174784K)
[2026-01-06T17:26:30.051+0800][0.737s][info][gc,metaspace   ] GC(406) Metaspace: 3688K(4864K)->3688K(4864K) NonClass: 3367K(4352K)->3367K(4352K) Class: 320K(512K)->320K(512K)
[2026-01-06T17:26:30.051+0800][0.737s][info][gc             ] GC(406) Pause Young (Allocation Failure) 198M->4M(247M) 1.300ms
[2026-01-06T17:26:30.051+0800][0.737s][info][gc,cpu         ] GC(406) User=0.00s Sys=0.00s Real=0.00s
[2026-01-06T17:26:30.053+0800][0.738s][info][gc,start       ] GC(408) Pause Young (Allocation Failure)
[2026-01-06T17:26:30.053+0800][0.738s][info][gc,start       ] GC(409) Pause Full (Allocation Failure)
[2026-01-06T17:26:30.053+0800][0.738s][info][gc,phases,start] GC(409) Phase 1: Mark live objects
[2026-01-06T17:26:30.053+0800][0.739s][info][gc,phases      ] GC(409) Phase 1: Mark live objects 0.448ms
[2026-01-06T17:26:30.053+0800][0.739s][info][gc,phases,start] GC(409) Phase 2: Compute new object addresses
[2026-01-06T17:26:30.053+0800][0.739s][info][gc,phases      ] GC(409) Phase 2: Compute new object addresses 0.070ms
[2026-01-06T17:26:30.053+0800][0.739s][info][gc,phases,start] GC(409) Phase 3: Adjust pointers
[2026-01-06T17:26:30.054+0800][0.740s][info][gc,phases      ] GC(409) Phase 3: Adjust pointers 0.652ms
[2026-01-06T17:26:30.054+0800][0.740s][info][gc,phases,start] GC(409) Phase 4: Move objects
[2026-01-06T17:26:30.054+0800][0.740s][info][gc,phases      ] GC(409) Phase 4: Move objects 0.029ms
[2026-01-06T17:26:30.054+0800][0.740s][info][gc             ] GC(409) Pause Full (Allocation Failure) 133M->4M(247M) 1.225ms
[2026-01-06T17:26:30.054+0800][0.740s][info][gc,heap        ] GC(408) DefNew: 67960K->0K(78720K)
[2026-01-06T17:26:30.054+0800][0.740s][info][gc,heap        ] GC(408) Tenured: 135404K->4257K(174784K)
[2026-01-06T17:26:30.054+0800][0.740s][info][gc,metaspace   ] GC(408) Metaspace: 3688K(4864K)->3688K(4864K) NonClass: 3367K(4352K)->3367K(4352K) Class: 320K(512K)->320K(512K)
[2026-01-06T17:26:30.054+0800][0.740s][info][gc             ] GC(408) Pause Young (Allocation Failure) 198M->4M(247M) 1.301ms
[2026-01-06T17:26:30.054+0800][0.740s][info][gc,cpu         ] GC(408) User=0.01s Sys=0.00s Real=0.00s
[2026-01-06T17:26:30.056+0800][0.741s][info][gc,start       ] GC(410) Pause Young (Allocation Failure)
[2026-01-06T17:26:30.056+0800][0.741s][info][gc,start       ] GC(411) Pause Full (Allocation Failure)
[2026-01-06T17:26:30.056+0800][0.741s][info][gc,phases,start] GC(411) Phase 1: Mark live objects
[2026-01-06T17:26:30.056+0800][0.742s][info][gc,phases      ] GC(411) Phase 1: Mark live objects 0.448ms
[2026-01-06T17:26:30.056+0800][0.742s][info][gc,phases,start] GC(411) Phase 2: Compute new object addresses
[2026-01-06T17:26:30.056+0800][0.742s][info][gc,phases      ] GC(411) Phase 2: Compute new object addresses 0.071ms
[2026-01-06T17:26:30.056+0800][0.742s][info][gc,phases,start] GC(411) Phase 3: Adjust pointers
[2026-01-06T17:26:30.057+0800][0.743s][info][gc,phases      ] GC(411) Phase 3: Adjust pointers 0.654ms
[2026-01-06T17:26:30.057+0800][0.743s][info][gc,phases,start] GC(411) Phase 4: Move objects
[2026-01-06T17:26:30.057+0800][0.743s][info][gc,phases      ] GC(411) Phase 4: Move objects 0.029ms
[2026-01-06T17:26:30.057+0800][0.743s][info][gc             ] GC(411) Pause Full (Allocation Failure) 133M->4M(247M) 1.223ms
[2026-01-06T17:26:30.057+0800][0.743s][info][gc,heap        ] GC(410) DefNew: 67960K->0K(78720K)
[2026-01-06T17:26:30.057+0800][0.743s][info][gc,heap        ] GC(410) Tenured: 135329K->4257K(174784K)
[2026-01-06T17:26:30.057+0800][0.743s][info][gc,metaspace   ] GC(410) Metaspace: 3688K(4864K)->3688K(4864K) NonClass: 3367K(4352K)->3367K(4352K) Class: 320K(512K)->320K(512K)
[2026-01-06T17:26:30.057+0800][0.743s][info][gc             ] GC(410) Pause Young (Allocation Failure) 198M->4M(247M) 1.301ms
[2026-01-06T17:26:30.057+0800][0.743s][info][gc,cpu         ] GC(410) User=0.00s Sys=0.00s Real=0.00s
[2026-01-06T17:26:30.059+0800][0.744s][info][gc,start       ] GC(412) Pause Young (Allocation Failure)
[2026-01-06T17:26:30.059+0800][0.745s][info][gc,start       ] GC(413) Pause Full (Allocation Failure)
[2026-01-06T17:26:30.059+0800][0.745s][info][gc,phases,start] GC(413) Phase 1: Mark live objects
[2026-01-06T17:26:30.059+0800][0.745s][info][gc,phases      ] GC(413) Phase 1: Mark live objects 0.447ms
[2026-01-06T17:26:30.059+0800][0.745s][info][gc,phases,start] GC(413) Phase 2: Compute new object addresses
[2026-01-06T17:26:30.059+0800][0.745s][info][gc,phases      ] GC(413) Phase 2: Compute new object addresses 0.073ms
[2026-01-06T17:26:30.059+0800][0.745s][info][gc,phases,start] GC(413) Phase 3: Adjust pointers
[2026-01-06T17:26:30.060+0800][0.746s][info][gc,phases      ] GC(413) Phase 3: Adjust pointers 0.651ms
[2026-01-06T17:26:30.060+0800][0.746s][info][gc,phases,start] GC(413) Phase 4: Move objects
[2026-01-06T17:26:30.060+0800][0.746s][info][gc,phases      ] GC(413) Phase 4: Move objects 0.028ms
[2026-01-06T17:26:30.060+0800][0.746s][info][gc             ] GC(413) Pause Full (Allocation Failure) 133M->4M(247M) 1.220ms
[2026-01-06T17:26:30.060+0800][0.746s][info][gc,heap        ] GC(412) DefNew: 67960K->0K(78720K)
[2026-01-06T17:26:30.060+0800][0.746s][info][gc,heap        ] GC(412) Tenured: 135329K->4257K(174784K)
[2026-01-06T17:26:30.060+0800][0.746s][info][gc,metaspace   ] GC(412) Metaspace: 3688K(4864K)->3688K(4864K) NonClass: 3367K(4352K)->3367K(4352K) Class: 320K(512K)->320K(512K)
[2026-01-06T17:26:30.060+0800][0.746s][info][gc             ] GC(412) Pause Young (Allocation Failure) 198M->4M(247M) 1.299ms
[2026-01-06T17:26:30.060+0800][0.746s][info][gc,cpu         ] GC(412) User=0.00s Sys=0.00s Real=0.01s
[2026-01-06T17:26:30.062+0800][0.747s][info][gc,start       ] GC(414) Pause Young (Allocation Failure)
[2026-01-06T17:26:30.062+0800][0.748s][info][gc,start       ] GC(415) Pause Full (Allocation Failure)
[2026-01-06T17:26:30.062+0800][0.748s][info][gc,phases,start] GC(415) Phase 1: Mark live objects
[2026-01-06T17:26:30.062+0800][0.748s][info][gc,phases      ] GC(415) Phase 1: Mark live objects 0.463ms
[2026-01-06T17:26:30.062+0800][0.748s][info][gc,phases,start] GC(415) Phase 2: Compute new object addresses
[2026-01-06T17:26:30.063+0800][0.748s][info][gc,phases      ] GC(415) Phase 2: Compute new object addresses 0.076ms
[2026-01-06T17:26:30.063+0800][0.748s][info][gc,phases,start] GC(415) Phase 3: Adjust pointers
[2026-01-06T17:26:30.063+0800][0.749s][info][gc,phases      ] GC(415) Phase 3: Adjust pointers 0.654ms
[2026-01-06T17:26:30.063+0800][0.749s][info][gc,phases,start] GC(415) Phase 4: Move objects
[2026-01-06T17:26:30.063+0800][0.749s][info][gc,phases      ] GC(415) Phase 4: Move objects 0.028ms
[2026-01-06T17:26:30.063+0800][0.749s][info][gc             ] GC(415) Pause Full (Allocation Failure) 133M->4M(247M) 1.243ms
[2026-01-06T17:26:30.063+0800][0.749s][info][gc,heap        ] GC(414) DefNew: 67960K->0K(78720K)
[2026-01-06T17:26:30.063+0800][0.749s][info][gc,heap        ] GC(414) Tenured: 135329K->4257K(174784K)
[2026-01-06T17:26:30.063+0800][0.749s][info][gc,metaspace   ] GC(414) Metaspace: 3688K(4864K)->3688K(4864K) NonClass: 3367K(4352K)->3367K(4352K) Class: 320K(512K)->320K(512K)
[2026-01-06T17:26:30.063+0800][0.749s][info][gc             ] GC(414) Pause Young (Allocation Failure) 198M->4M(247M) 1.321ms
[2026-01-06T17:26:30.063+0800][0.749s][info][gc,cpu         ] GC(414) User=0.00s Sys=0.00s Real=0.00s
[2026-01-06T17:26:30.065+0800][0.751s][info][gc,start       ] GC(416) Pause Young (Allocation Failure)
[2026-01-06T17:26:30.065+0800][0.751s][info][gc,start       ] GC(417) Pause Full (Allocation Failure)
[2026-01-06T17:26:30.065+0800][0.751s][info][gc,phases,start] GC(417) Phase 1: Mark live objects
[2026-01-06T17:26:30.066+0800][0.751s][info][gc,phases      ] GC(417) Phase 1: Mark live objects 0.446ms
[2026-01-06T17:26:30.066+0800][0.751s][info][gc,phases,start] GC(417) Phase 2: Compute new object addresses
[2026-01-06T17:26:30.066+0800][0.751s][info][gc,phases      ] GC(417) Phase 2: Compute new object addresses 0.069ms
[2026-01-06T17:26:30.066+0800][0.751s][info][gc,phases,start] GC(417) Phase 3: Adjust pointers
[2026-01-06T17:26:30.066+0800][0.752s][info][gc,phases      ] GC(417) Phase 3: Adjust pointers 0.650ms
[2026-01-06T17:26:30.066+0800][0.752s][info][gc,phases,start] GC(417) Phase 4: Move objects
[2026-01-06T17:26:30.066+0800][0.752s][info][gc,phases      ] GC(417) Phase 4: Move objects 0.032ms
[2026-01-06T17:26:30.066+0800][0.752s][info][gc             ] GC(417) Pause Full (Allocation Failure) 133M->4M(247M) 1.218ms
[2026-01-06T17:26:30.066+0800][0.752s][info][gc,heap        ] GC(416) DefNew: 67960K->0K(78720K)
[2026-01-06T17:26:30.066+0800][0.752s][info][gc,heap        ] GC(416) Tenured: 135329K->4257K(174784K)
[2026-01-06T17:26:30.066+0800][0.752s][info][gc,metaspace   ] GC(416) Metaspace: 3688K(4864K)->3688K(4864K) NonClass: 3367K(4352K)->3367K(4352K) Class: 320K(512K)->320K(512K)
[2026-01-06T17:26:30.066+0800][0.752s][info][gc             ] GC(416) Pause Young (Allocation Failure) 198M->4M(247M) 1.293ms
[2026-01-06T17:26:30.066+0800][0.752s][info][gc,cpu         ] GC(416) User=0.00s Sys=0.00s Real=0.00s
[2026-01-06T17:26:30.068+0800][0.754s][info][gc,start       ] GC(418) Pause Young (Allocation Failure)
[2026-01-06T17:26:30.068+0800][0.754s][info][gc,start       ] GC(419) Pause Full (Allocation Failure)
[2026-01-06T17:26:30.068+0800][0.754s][info][gc,phases,start] GC(419) Phase 1: Mark live objects
[2026-01-06T17:26:30.069+0800][0.754s][info][gc,phases      ] GC(419) Phase 1: Mark live objects 0.448ms
[2026-01-06T17:26:30.069+0800][0.754s][info][gc,phases,start] GC(419) Phase 2: Compute new object addresses
[2026-01-06T17:26:30.069+0800][0.754s][info][gc,phases      ] GC(419) Phase 2: Compute new object addresses 0.069ms
[2026-01-06T17:26:30.069+0800][0.754s][info][gc,phases,start] GC(419) Phase 3: Adjust pointers
[2026-01-06T17:26:30.069+0800][0.755s][info][gc,phases      ] GC(419) Phase 3: Adjust pointers 0.650ms
[2026-01-06T17:26:30.069+0800][0.755s][info][gc,phases,start] GC(419) Phase 4: Move objects
[2026-01-06T17:26:30.069+0800][0.755s][info][gc,phases      ] GC(419) Phase 4: Move objects 0.029ms
[2026-01-06T17:26:30.069+0800][0.755s][info][gc             ] GC(419) Pause Full (Allocation Failure) 133M->4M(247M) 1.217ms
[2026-01-06T17:26:30.069+0800][0.755s][info][gc,heap        ] GC(418) DefNew: 67960K->0K(78720K)
[2026-01-06T17:26:30.069+0800][0.755s][info][gc,heap        ] GC(418) Tenured: 135329K->4257K(174784K)
[2026-01-06T17:26:30.069+0800][0.755s][info][gc,metaspace   ] GC(418) Metaspace: 3688K(4864K)->3688K(4864K) NonClass: 3367K(4352K)->3367K(4352K) Class: 320K(512K)->320K(512K)
[2026-01-06T17:26:30.069+0800][0.755s][info][gc             ] GC(418) Pause Young (Allocation Failure) 198M->4M(247M) 1.295ms
[2026-01-06T17:26:30.069+0800][0.755s][info][gc,cpu         ] GC(418) User=0.00s Sys=0.00s Real=0.00s
[2026-01-06T17:26:30.071+0800][0.757s][info][gc,start       ] GC(420) Pause Young (Allocation Failure)
[2026-01-06T17:26:30.071+0800][0.757s][info][gc,start       ] GC(421) Pause Full (Allocation Failure)
[2026-01-06T17:26:30.071+0800][0.757s][info][gc,phases,start] GC(421) Phase 1: Mark live objects
[2026-01-06T17:26:30.072+0800][0.757s][info][gc,phases      ] GC(421) Phase 1: Mark live objects 0.449ms
[2026-01-06T17:26:30.072+0800][0.757s][info][gc,phases,start] GC(421) Phase 2: Compute new object addresses
[2026-01-06T17:26:30.072+0800][0.757s][info][gc,phases      ] GC(421) Phase 2: Compute new object addresses 0.072ms
[2026-01-06T17:26:30.072+0800][0.757s][info][gc,phases,start] GC(421) Phase 3: Adjust pointers
[2026-01-06T17:26:30.072+0800][0.758s][info][gc,phases      ] GC(421) Phase 3: Adjust pointers 0.652ms
[2026-01-06T17:26:30.072+0800][0.758s][info][gc,phases,start] GC(421) Phase 4: Move objects
[2026-01-06T17:26:30.072+0800][0.758s][info][gc,phases      ] GC(421) Phase 4: Move objects 0.029ms
[2026-01-06T17:26:30.072+0800][0.758s][info][gc             ] GC(421) Pause Full (Allocation Failure) 133M->4M(247M) 1.223ms
[2026-01-06T17:26:30.072+0800][0.758s][info][gc,heap        ] GC(420) DefNew: 67960K->0K(78720K)
[2026-01-06T17:26:30.072+0800][0.758s][info][gc,heap        ] GC(420) Tenured: 135329K->4257K(174784K)
[2026-01-06T17:26:30.072+0800][0.758s][info][gc,metaspace   ] GC(420) Metaspace: 3688K(4864K)->3688K(4864K) NonClass: 3367K(4352K)->3367K(4352K) Class: 320K(512K)->320K(512K)
[2026-01-06T17:26:30.072+0800][0.758s][info][gc             ] GC(420) Pause Young (Allocation Failure) 198M->4M(247M) 1.301ms
[2026-01-06T17:26:30.072+0800][0.758s][info][gc,cpu         ] GC(420) User=0.00s Sys=0.00s Real=0.00s
[2026-01-06T17:26:30.074+0800][0.760s][info][gc,start       ] GC(422) Pause Young (Allocation Failure)
[2026-01-06T17:26:30.074+0800][0.760s][info][gc,start       ] GC(423) Pause Full (Allocation Failure)
[2026-01-06T17:26:30.074+0800][0.760s][info][gc,phases,start] GC(423) Phase 1: Mark live objects
[2026-01-06T17:26:30.075+0800][0.760s][info][gc,phases      ] GC(423) Phase 1: Mark live objects 0.450ms
[2026-01-06T17:26:30.075+0800][0.760s][info][gc,phases,start] GC(423) Phase 2: Compute new object addresses
[2026-01-06T17:26:30.075+0800][0.760s][info][gc,phases      ] GC(423) Phase 2: Compute new object addresses 0.075ms
[2026-01-06T17:26:30.075+0800][0.760s][info][gc,phases,start] GC(423) Phase 3: Adjust pointers
[2026-01-06T17:26:30.075+0800][0.761s][info][gc,phases      ] GC(423) Phase 3: Adjust pointers 0.649ms
[2026-01-06T17:26:30.075+0800][0.761s][info][gc,phases,start] GC(423) Phase 4: Move objects
[2026-01-06T17:26:30.075+0800][0.761s][info][gc,phases      ] GC(423) Phase 4: Move objects 0.029ms
[2026-01-06T17:26:30.075+0800][0.761s][info][gc             ] GC(423) Pause Full (Allocation Failure) 133M->4M(247M) 1.230ms
[2026-01-06T17:26:30.076+0800][0.761s][info][gc,heap        ] GC(422) DefNew: 67960K->0K(78720K)
[2026-01-06T17:26:30.076+0800][0.761s][info][gc,heap        ] GC(422) Tenured: 135329K->4257K(174784K)
[2026-01-06T17:26:30.076+0800][0.761s][info][gc,metaspace   ] GC(422) Metaspace: 3688K(4864K)->3688K(4864K) NonClass: 3367K(4352K)->3367K(4352K) Class: 320K(512K)->320K(512K)
[2026-01-06T17:26:30.076+0800][0.761s][info][gc             ] GC(422) Pause Young (Allocation Failure) 198M->4M(247M) 1.306ms
[2026-01-06T17:26:30.076+0800][0.761s][info][gc,cpu         ] GC(422) User=0.00s Sys=0.00s Real=0.00s
[2026-01-06T17:26:30.077+0800][0.763s][info][gc,start       ] GC(424) Pause Young (Allocation Failure)
[2026-01-06T17:26:30.077+0800][0.763s][info][gc,start       ] GC(425) Pause Full (Allocation Failure)
[2026-01-06T17:26:30.077+0800][0.763s][info][gc,phases,start] GC(425) Phase 1: Mark live objects
[2026-01-06T17:26:30.078+0800][0.763s][info][gc,phases      ] GC(425) Phase 1: Mark live objects 0.448ms
[2026-01-06T17:26:30.078+0800][0.763s][info][gc,phases,start] GC(425) Phase 2: Compute new object addresses
[2026-01-06T17:26:30.078+0800][0.763s][info][gc,phases      ] GC(425) Phase 2: Compute new object addresses 0.074ms
[2026-01-06T17:26:30.078+0800][0.763s][info][gc,phases,start] GC(425) Phase 3: Adjust pointers
[2026-01-06T17:26:30.079+0800][0.764s][info][gc,phases      ] GC(425) Phase 3: Adjust pointers 0.664ms
[2026-01-06T17:26:30.079+0800][0.764s][info][gc,phases,start] GC(425) Phase 4: Move objects
[2026-01-06T17:26:30.079+0800][0.764s][info][gc,phases      ] GC(425) Phase 4: Move objects 0.029ms
[2026-01-06T17:26:30.079+0800][0.764s][info][gc             ] GC(425) Pause Full (Allocation Failure) 133M->4M(247M) 1.237ms
[2026-01-06T17:26:30.079+0800][0.764s][info][gc,heap        ] GC(424) DefNew: 67960K->0K(78720K)
[2026-01-06T17:26:30.079+0800][0.764s][info][gc,heap        ] GC(424) Tenured: 135329K->4257K(174784K)
[2026-01-06T17:26:30.079+0800][0.764s][info][gc,metaspace   ] GC(424) Metaspace: 3688K(4864K)->3688K(4864K) NonClass: 3367K(4352K)->3367K(4352K) Class: 320K(512K)->320K(512K)
[2026-01-06T17:26:30.079+0800][0.764s][info][gc             ] GC(424) Pause Young (Allocation Failure) 198M->4M(247M) 1.312ms
[2026-01-06T17:26:30.079+0800][0.764s][info][gc,cpu         ] GC(424) User=0.00s Sys=0.00s Real=0.00s
[2026-01-06T17:26:30.080+0800][0.766s][info][gc,start       ] GC(426) Pause Young (Allocation Failure)
[2026-01-06T17:26:30.080+0800][0.766s][info][gc,start       ] GC(427) Pause Full (Allocation Failure)
[2026-01-06T17:26:30.080+0800][0.766s][info][gc,phases,start] GC(427) Phase 1: Mark live objects
[2026-01-06T17:26:30.081+0800][0.766s][info][gc,phases      ] GC(427) Phase 1: Mark live objects 0.444ms
[2026-01-06T17:26:30.081+0800][0.766s][info][gc,phases,start] GC(427) Phase 2: Compute new object addresses
[2026-01-06T17:26:30.081+0800][0.766s][info][gc,phases      ] GC(427) Phase 2: Compute new object addresses 0.071ms
[2026-01-06T17:26:30.081+0800][0.766s][info][gc,phases,start] GC(427) Phase 3: Adjust pointers
[2026-01-06T17:26:30.082+0800][0.767s][info][gc,phases      ] GC(427) Phase 3: Adjust pointers 0.654ms
[2026-01-06T17:26:30.082+0800][0.767s][info][gc,phases,start] GC(427) Phase 4: Move objects
[2026-01-06T17:26:30.082+0800][0.767s][info][gc,phases      ] GC(427) Phase 4: Move objects 0.029ms
[2026-01-06T17:26:30.082+0800][0.767s][info][gc             ] GC(427) Pause Full (Allocation Failure) 133M->4M(247M) 1.221ms
[2026-01-06T17:26:30.082+0800][0.767s][info][gc,heap        ] GC(426) DefNew: 67960K->0K(78720K)
[2026-01-06T17:26:30.082+0800][0.767s][info][gc,heap        ] GC(426) Tenured: 135329K->4257K(174784K)
[2026-01-06T17:26:30.082+0800][0.767s][info][gc,metaspace   ] GC(426) Metaspace: 3688K(4864K)->3688K(4864K) NonClass: 3367K(4352K)->3367K(4352K) Class: 320K(512K)->320K(512K)
[2026-01-06T17:26:30.082+0800][0.767s][info][gc             ] GC(426) Pause Young (Allocation Failure) 198M->4M(247M) 1.299ms
[2026-01-06T17:26:30.082+0800][0.767s][info][gc,cpu         ] GC(426) User=0.00s Sys=0.00s Real=0.00s
[2026-01-06T17:26:30.083+0800][0.769s][info][gc,start       ] GC(428) Pause Young (Allocation Failure)
[2026-01-06T17:26:30.083+0800][0.769s][info][gc,start       ] GC(429) Pause Full (Allocation Failure)
[2026-01-06T17:26:30.083+0800][0.769s][info][gc,phases,start] GC(429) Phase 1: Mark live objects
[2026-01-06T17:26:30.084+0800][0.769s][info][gc,phases      ] GC(429) Phase 1: Mark live objects 0.445ms
[2026-01-06T17:26:30.084+0800][0.769s][info][gc,phases,start] GC(429) Phase 2: Compute new object addresses
[2026-01-06T17:26:30.084+0800][0.770s][info][gc,phases      ] GC(429) Phase 2: Compute new object addresses 0.088ms
[2026-01-06T17:26:30.084+0800][0.770s][info][gc,phases,start] GC(429) Phase 3: Adjust pointers
[2026-01-06T17:26:30.085+0800][0.770s][info][gc,phases      ] GC(429) Phase 3: Adjust pointers 0.653ms
[2026-01-06T17:26:30.085+0800][0.770s][info][gc,phases,start] GC(429) Phase 4: Move objects
[2026-01-06T17:26:30.085+0800][0.770s][info][gc,phases      ] GC(429) Phase 4: Move objects 0.030ms
[2026-01-06T17:26:30.085+0800][0.770s][info][gc             ] GC(429) Pause Full (Allocation Failure) 133M->4M(247M) 1.238ms
[2026-01-06T17:26:30.085+0800][0.770s][info][gc,heap        ] GC(428) DefNew: 67960K->0K(78720K)
[2026-01-06T17:26:30.085+0800][0.770s][info][gc,heap        ] GC(428) Tenured: 135329K->4257K(174784K)
[2026-01-06T17:26:30.085+0800][0.770s][info][gc,metaspace   ] GC(428) Metaspace: 3688K(4864K)->3688K(4864K) NonClass: 3367K(4352K)->3367K(4352K) Class: 320K(512K)->320K(512K)
[2026-01-06T17:26:30.085+0800][0.770s][info][gc             ] GC(428) Pause Young (Allocation Failure) 198M->4M(247M) 1.316ms
[2026-01-06T17:26:30.085+0800][0.770s][info][gc,cpu         ] GC(428) User=0.01s Sys=0.00s Real=0.00s
[2026-01-06T17:26:30.086+0800][0.772s][info][gc,start       ] GC(430) Pause Young (Allocation Failure)
[2026-01-06T17:26:30.086+0800][0.772s][info][gc,start       ] GC(431) Pause Full (Allocation Failure)
[2026-01-06T17:26:30.086+0800][0.772s][info][gc,phases,start] GC(431) Phase 1: Mark live objects
[2026-01-06T17:26:30.087+0800][0.773s][info][gc,phases      ] GC(431) Phase 1: Mark live objects 0.446ms
[2026-01-06T17:26:30.087+0800][0.773s][info][gc,phases,start] GC(431) Phase 2: Compute new object addresses
[2026-01-06T17:26:30.087+0800][0.773s][info][gc,phases      ] GC(431) Phase 2: Compute new object addresses 0.073ms
[2026-01-06T17:26:30.087+0800][0.773s][info][gc,phases,start] GC(431) Phase 3: Adjust pointers
[2026-01-06T17:26:30.088+0800][0.773s][info][gc,phases      ] GC(431) Phase 3: Adjust pointers 0.650ms
[2026-01-06T17:26:30.088+0800][0.773s][info][gc,phases,start] GC(431) Phase 4: Move objects
[2026-01-06T17:26:30.088+0800][0.773s][info][gc,phases      ] GC(431) Phase 4: Move objects 0.030ms
[2026-01-06T17:26:30.088+0800][0.773s][info][gc             ] GC(431) Pause Full (Allocation Failure) 133M->4M(247M) 1.220ms
[2026-01-06T17:26:30.088+0800][0.773s][info][gc,heap        ] GC(430) DefNew: 67960K->0K(78720K)
[2026-01-06T17:26:30.088+0800][0.773s][info][gc,heap        ] GC(430) Tenured: 135329K->4257K(174784K)
[2026-01-06T17:26:30.088+0800][0.773s][info][gc,metaspace   ] GC(430) Metaspace: 3688K(4864K)->3688K(4864K) NonClass: 3367K(4352K)->3367K(4352K) Class: 320K(512K)->320K(512K)
[2026-01-06T17:26:30.088+0800][0.773s][info][gc             ] GC(430) Pause Young (Allocation Failure) 198M->4M(247M) 1.295ms
[2026-01-06T17:26:30.088+0800][0.773s][info][gc,cpu         ] GC(430) User=0.00s Sys=0.00s Real=0.00s
[2026-01-06T17:26:30.089+0800][0.775s][info][gc,start       ] GC(432) Pause Young (Allocation Failure)
[2026-01-06T17:26:30.090+0800][0.775s][info][gc,start       ] GC(433) Pause Full (Allocation Failure)
[2026-01-06T17:26:30.090+0800][0.775s][info][gc,phases,start] GC(433) Phase 1: Mark live objects
[2026-01-06T17:26:30.090+0800][0.776s][info][gc,phases      ] GC(433) Phase 1: Mark live objects 0.451ms
[2026-01-06T17:26:30.090+0800][0.776s][info][gc,phases,start] GC(433) Phase 2: Compute new object addresses
[2026-01-06T17:26:30.090+0800][0.776s][info][gc,phases      ] GC(433) Phase 2: Compute new object addresses 0.074ms
[2026-01-06T17:26:30.090+0800][0.776s][info][gc,phases,start] GC(433) Phase 3: Adjust pointers
[2026-01-06T17:26:30.091+0800][0.776s][info][gc,phases      ] GC(433) Phase 3: Adjust pointers 0.650ms
[2026-01-06T17:26:30.091+0800][0.776s][info][gc,phases,start] GC(433) Phase 4: Move objects
[2026-01-06T17:26:30.091+0800][0.776s][info][gc,phases      ] GC(433) Phase 4: Move objects 0.029ms
[2026-01-06T17:26:30.091+0800][0.776s][info][gc             ] GC(433) Pause Full (Allocation Failure) 133M->4M(247M) 1.226ms
[2026-01-06T17:26:30.091+0800][0.776s][info][gc,heap        ] GC(432) DefNew: 67960K->0K(78720K)
[2026-01-06T17:26:30.091+0800][0.776s][info][gc,heap        ] GC(432) Tenured: 135329K->4257K(174784K)
[2026-01-06T17:26:30.091+0800][0.776s][info][gc,metaspace   ] GC(432) Metaspace: 3688K(4864K)->3688K(4864K) NonClass: 3367K(4352K)->3367K(4352K) Class: 320K(512K)->320K(512K)
[2026-01-06T17:26:30.091+0800][0.776s][info][gc             ] GC(432) Pause Young (Allocation Failure) 198M->4M(247M) 1.305ms
[2026-01-06T17:26:30.091+0800][0.776s][info][gc,cpu         ] GC(432) User=0.00s Sys=0.00s Real=0.01s
[2026-01-06T17:26:30.093+0800][0.778s][info][gc,start       ] GC(434) Pause Young (Allocation Failure)
[2026-01-06T17:26:30.093+0800][0.778s][info][gc,start       ] GC(435) Pause Full (Allocation Failure)
[2026-01-06T17:26:30.093+0800][0.778s][info][gc,phases,start] GC(435) Phase 1: Mark live objects
[2026-01-06T17:26:30.093+0800][0.779s][info][gc,phases      ] GC(435) Phase 1: Mark live objects 0.461ms
[2026-01-06T17:26:30.093+0800][0.779s][info][gc,phases,start] GC(435) Phase 2: Compute new object addresses
[2026-01-06T17:26:30.093+0800][0.779s][info][gc,phases      ] GC(435) Phase 2: Compute new object addresses 0.068ms
[2026-01-06T17:26:30.093+0800][0.779s][info][gc,phases,start] GC(435) Phase 3: Adjust pointers
[2026-01-06T17:26:30.094+0800][0.779s][info][gc,phases      ] GC(435) Phase 3: Adjust pointers 0.651ms
[2026-01-06T17:26:30.094+0800][0.779s][info][gc,phases,start] GC(435) Phase 4: Move objects
[2026-01-06T17:26:30.094+0800][0.779s][info][gc,phases      ] GC(435) Phase 4: Move objects 0.031ms
[2026-01-06T17:26:30.094+0800][0.779s][info][gc             ] GC(435) Pause Full (Allocation Failure) 133M->5M(247M) 1.235ms
[2026-01-06T17:26:30.094+0800][0.779s][info][gc,heap        ] GC(434) DefNew: 67960K->0K(78720K)
[2026-01-06T17:26:30.094+0800][0.779s][info][gc,heap        ] GC(434) Tenured: 135329K->5794K(174784K)
[2026-01-06T17:26:30.094+0800][0.779s][info][gc,metaspace   ] GC(434) Metaspace: 3688K(4864K)->3688K(4864K) NonClass: 3367K(4352K)->3367K(4352K) Class: 320K(512K)->320K(512K)
[2026-01-06T17:26:30.094+0800][0.779s][info][gc             ] GC(434) Pause Young (Allocation Failure) 198M->5M(247M) 1.298ms
[2026-01-06T17:26:30.094+0800][0.779s][info][gc,cpu         ] GC(434) User=0.01s Sys=0.00s Real=0.00s
[2026-01-06T17:26:30.096+0800][0.781s][info][gc,start       ] GC(436) Pause Young (Allocation Failure)
[2026-01-06T17:26:30.096+0800][0.781s][info][gc,start       ] GC(437) Pause Full (Allocation Failure)
[2026-01-06T17:26:30.096+0800][0.781s][info][gc,phases,start] GC(437) Phase 1: Mark live objects
[2026-01-06T17:26:30.096+0800][0.782s][info][gc,phases      ] GC(437) Phase 1: Mark live objects 0.447ms
[2026-01-06T17:26:30.096+0800][0.782s][info][gc,phases,start] GC(437) Phase 2: Compute new object addresses
[2026-01-06T17:26:30.096+0800][0.782s][info][gc,phases      ] GC(437) Phase 2: Compute new object addresses 0.070ms
[2026-01-06T17:26:30.096+0800][0.782s][info][gc,phases,start] GC(437) Phase 3: Adjust pointers
[2026-01-06T17:26:30.097+0800][0.782s][info][gc,phases      ] GC(437) Phase 3: Adjust pointers 0.652ms
[2026-01-06T17:26:30.097+0800][0.782s][info][gc,phases,start] GC(437) Phase 4: Move objects
[2026-01-06T17:26:30.097+0800][0.782s][info][gc,phases      ] GC(437) Phase 4: Move objects 0.027ms
[2026-01-06T17:26:30.097+0800][0.782s][info][gc             ] GC(437) Pause Full (Allocation Failure) 135M->5M(247M) 1.218ms
[2026-01-06T17:26:30.097+0800][0.782s][info][gc,heap        ] GC(436) DefNew: 67960K->0K(78720K)
[2026-01-06T17:26:30.097+0800][0.782s][info][gc,heap        ] GC(436) Tenured: 136866K->5794K(174784K)
[2026-01-06T17:26:30.097+0800][0.782s][info][gc,metaspace   ] GC(436) Metaspace: 3688K(4864K)->3688K(4864K) NonClass: 3367K(4352K)->3367K(4352K) Class: 320K(512K)->320K(512K)
[2026-01-06T17:26:30.097+0800][0.782s][info][gc             ] GC(436) Pause Young (Allocation Failure) 200M->5M(247M) 1.284ms
[2026-01-06T17:26:30.097+0800][0.782s][info][gc,cpu         ] GC(436) User=0.00s Sys=0.00s Real=0.00s
[2026-01-06T17:26:30.099+0800][0.784s][info][gc,start       ] GC(438) Pause Young (Allocation Failure)
[2026-01-06T17:26:30.099+0800][0.784s][info][gc,start       ] GC(439) Pause Full (Allocation Failure)
[2026-01-06T17:26:30.099+0800][0.784s][info][gc,phases,start] GC(439) Phase 1: Mark live objects
[2026-01-06T17:26:30.099+0800][0.785s][info][gc,phases      ] GC(439) Phase 1: Mark live objects 0.450ms
[2026-01-06T17:26:30.099+0800][0.785s][info][gc,phases,start] GC(439) Phase 2: Compute new object addresses
[2026-01-06T17:26:30.099+0800][0.785s][info][gc,phases      ] GC(439) Phase 2: Compute new object addresses 0.067ms
[2026-01-06T17:26:30.099+0800][0.785s][info][gc,phases,start] GC(439) Phase 3: Adjust pointers
[2026-01-06T17:26:30.100+0800][0.785s][info][gc,phases      ] GC(439) Phase 3: Adjust pointers 0.653ms
[2026-01-06T17:26:30.100+0800][0.785s][info][gc,phases,start] GC(439) Phase 4: Move objects
[2026-01-06T17:26:30.100+0800][0.785s][info][gc,phases      ] GC(439) Phase 4: Move objects 0.027ms
[2026-01-06T17:26:30.100+0800][0.785s][info][gc             ] GC(439) Pause Full (Allocation Failure) 135M->5M(247M) 1.221ms
[2026-01-06T17:26:30.100+0800][0.785s][info][gc,heap        ] GC(438) DefNew: 67960K->0K(78720K)
[2026-01-06T17:26:30.100+0800][0.785s][info][gc,heap        ] GC(438) Tenured: 136866K->5794K(174784K)
[2026-01-06T17:26:30.100+0800][0.785s][info][gc,metaspace   ] GC(438) Metaspace: 3688K(4864K)->3688K(4864K) NonClass: 3367K(4352K)->3367K(4352K) Class: 320K(512K)->320K(512K)
[2026-01-06T17:26:30.100+0800][0.785s][info][gc             ] GC(438) Pause Young (Allocation Failure) 200M->5M(247M) 1.285ms
[2026-01-06T17:26:30.100+0800][0.785s][info][gc,cpu         ] GC(438) User=0.00s Sys=0.00s Real=0.01s
[2026-01-06T17:26:30.102+0800][0.787s][info][gc,start       ] GC(440) Pause Young (Allocation Failure)
[2026-01-06T17:26:30.102+0800][0.787s][info][gc,start       ] GC(441) Pause Full (Allocation Failure)
[2026-01-06T17:26:30.102+0800][0.787s][info][gc,phases,start] GC(441) Phase 1: Mark live objects
[2026-01-06T17:26:30.102+0800][0.788s][info][gc,phases      ] GC(441) Phase 1: Mark live objects 0.448ms
[2026-01-06T17:26:30.102+0800][0.788s][info][gc,phases,start] GC(441) Phase 2: Compute new object addresses
[2026-01-06T17:26:30.102+0800][0.788s][info][gc,phases      ] GC(441) Phase 2: Compute new object addresses 0.071ms
[2026-01-06T17:26:30.102+0800][0.788s][info][gc,phases,start] GC(441) Phase 3: Adjust pointers
[2026-01-06T17:26:30.103+0800][0.788s][info][gc,phases      ] GC(441) Phase 3: Adjust pointers 0.653ms
[2026-01-06T17:26:30.103+0800][0.788s][info][gc,phases,start] GC(441) Phase 4: Move objects
[2026-01-06T17:26:30.103+0800][0.789s][info][gc,phases      ] GC(441) Phase 4: Move objects 0.030ms
[2026-01-06T17:26:30.103+0800][0.789s][info][gc             ] GC(441) Pause Full (Allocation Failure) 135M->4M(247M) 1.225ms
[2026-01-06T17:26:30.103+0800][0.789s][info][gc,heap        ] GC(440) DefNew: 67960K->0K(78720K)
[2026-01-06T17:26:30.103+0800][0.789s][info][gc,heap        ] GC(440) Tenured: 136866K->4257K(174784K)
[2026-01-06T17:26:30.103+0800][0.789s][info][gc,metaspace   ] GC(440) Metaspace: 3688K(4864K)->3688K(4864K) NonClass: 3367K(4352K)->3367K(4352K) Class: 320K(512K)->320K(512K)
[2026-01-06T17:26:30.103+0800][0.789s][info][gc             ] GC(440) Pause Young (Allocation Failure) 200M->4M(247M) 1.290ms
[2026-01-06T17:26:30.103+0800][0.789s][info][gc,cpu         ] GC(440) User=0.00s Sys=0.00s Real=0.00s
[2026-01-06T17:26:30.105+0800][0.790s][info][gc,start       ] GC(442) Pause Young (Allocation Failure)
[2026-01-06T17:26:30.105+0800][0.790s][info][gc,start       ] GC(443) Pause Full (Allocation Failure)
[2026-01-06T17:26:30.105+0800][0.790s][info][gc,phases,start] GC(443) Phase 1: Mark live objects
[2026-01-06T17:26:30.105+0800][0.791s][info][gc,phases      ] GC(443) Phase 1: Mark live objects 0.462ms
[2026-01-06T17:26:30.105+0800][0.791s][info][gc,phases,start] GC(443) Phase 2: Compute new object addresses
[2026-01-06T17:26:30.105+0800][0.791s][info][gc,phases      ] GC(443) Phase 2: Compute new object addresses 0.069ms
[2026-01-06T17:26:30.105+0800][0.791s][info][gc,phases,start] GC(443) Phase 3: Adjust pointers
[2026-01-06T17:26:30.106+0800][0.792s][info][gc,phases      ] GC(443) Phase 3: Adjust pointers 0.653ms
[2026-01-06T17:26:30.106+0800][0.792s][info][gc,phases,start] GC(443) Phase 4: Move objects
[2026-01-06T17:26:30.106+0800][0.792s][info][gc,phases      ] GC(443) Phase 4: Move objects 0.031ms
[2026-01-06T17:26:30.106+0800][0.792s][info][gc             ] GC(443) Pause Full (Allocation Failure) 133M->4M(247M) 1.237ms
[2026-01-06T17:26:30.106+0800][0.792s][info][gc,heap        ] GC(442) DefNew: 68415K->0K(78720K)
[2026-01-06T17:26:30.106+0800][0.792s][info][gc,heap        ] GC(442) Tenured: 135329K->4332K(174784K)
[2026-01-06T17:26:30.106+0800][0.792s][info][gc,metaspace   ] GC(442) Metaspace: 3694K(4864K)->3694K(4864K) NonClass: 3373K(4352K)->3373K(4352K) Class: 320K(512K)->320K(512K)
[2026-01-06T17:26:30.106+0800][0.792s][info][gc             ] GC(442) Pause Young (Allocation Failure) 198M->4M(247M) 1.318ms
[2026-01-06T17:26:30.106+0800][0.792s][info][gc,cpu         ] GC(442) User=0.00s Sys=0.00s Real=0.00s
[2026-01-06T17:26:30.108+0800][0.793s][info][gc,start       ] GC(444) Pause Young (Allocation Failure)
[2026-01-06T17:26:30.108+0800][0.793s][info][gc,start       ] GC(445) Pause Full (Allocation Failure)
[2026-01-06T17:26:30.108+0800][0.793s][info][gc,phases,start] GC(445) Phase 1: Mark live objects
[2026-01-06T17:26:30.108+0800][0.794s][info][gc,phases      ] GC(445) Phase 1: Mark live objects 0.446ms
[2026-01-06T17:26:30.108+0800][0.794s][info][gc,phases,start] GC(445) Phase 2: Compute new object addresses
[2026-01-06T17:26:30.108+0800][0.794s][info][gc,phases      ] GC(445) Phase 2: Compute new object addresses 0.074ms
[2026-01-06T17:26:30.108+0800][0.794s][info][gc,phases,start] GC(445) Phase 3: Adjust pointers
[2026-01-06T17:26:30.109+0800][0.795s][info][gc,phases      ] GC(445) Phase 3: Adjust pointers 0.651ms
[2026-01-06T17:26:30.109+0800][0.795s][info][gc,phases,start] GC(445) Phase 4: Move objects
[2026-01-06T17:26:30.109+0800][0.795s][info][gc,phases      ] GC(445) Phase 4: Move objects 0.033ms
[2026-01-06T17:26:30.109+0800][0.795s][info][gc             ] GC(445) Pause Full (Allocation Failure) 133M->5M(247M) 1.226ms
[2026-01-06T17:26:30.109+0800][0.795s][info][gc,heap        ] GC(444) DefNew: 67960K->0K(78720K)
[2026-01-06T17:26:30.109+0800][0.795s][info][gc,heap        ] GC(444) Tenured: 135404K->5869K(174784K)
[2026-01-06T17:26:30.109+0800][0.795s][info][gc,metaspace   ] GC(444) Metaspace: 3694K(4864K)->3694K(4864K) NonClass: 3373K(4352K)->3373K(4352K) Class: 320K(512K)->320K(512K)
[2026-01-06T17:26:30.109+0800][0.795s][info][gc             ] GC(444) Pause Young (Allocation Failure) 198M->5M(247M) 1.303ms
[2026-01-06T17:26:30.109+0800][0.795s][info][gc,cpu         ] GC(444) User=0.00s Sys=0.00s Real=0.00s
[2026-01-06T17:26:30.111+0800][0.796s][info][gc,start       ] GC(446) Pause Young (Allocation Failure)
[2026-01-06T17:26:30.111+0800][0.797s][info][gc,start       ] GC(447) Pause Full (Allocation Failure)
[2026-01-06T17:26:30.111+0800][0.797s][info][gc,phases,start] GC(447) Phase 1: Mark live objects
[2026-01-06T17:26:30.111+0800][0.797s][info][gc,phases      ] GC(447) Phase 1: Mark live objects 0.485ms
[2026-01-06T17:26:30.111+0800][0.797s][info][gc,phases,start] GC(447) Phase 2: Compute new object addresses
[2026-01-06T17:26:30.112+0800][0.797s][info][gc,phases      ] GC(447) Phase 2: Compute new object addresses 0.073ms
[2026-01-06T17:26:30.112+0800][0.797s][info][gc,phases,start] GC(447) Phase 3: Adjust pointers
[2026-01-06T17:26:30.112+0800][0.798s][info][gc,phases      ] GC(447) Phase 3: Adjust pointers 0.663ms
[2026-01-06T17:26:30.112+0800][0.798s][info][gc,phases,start] GC(447) Phase 4: Move objects
[2026-01-06T17:26:30.112+0800][0.798s][info][gc,phases      ] GC(447) Phase 4: Move objects 0.032ms
[2026-01-06T17:26:30.112+0800][0.798s][info][gc             ] GC(447) Pause Full (Allocation Failure) 135M->5M(247M) 1.279ms
[2026-01-06T17:26:30.112+0800][0.798s][info][gc,heap        ] GC(446) DefNew: 67960K->0K(78720K)
[2026-01-06T17:26:30.112+0800][0.798s][info][gc,heap        ] GC(446) Tenured: 136941K->5869K(174784K)
[2026-01-06T17:26:30.112+0800][0.798s][info][gc,metaspace   ] GC(446) Metaspace: 3695K(4864K)->3695K(4864K) NonClass: 3374K(4352K)->3374K(4352K) Class: 320K(512K)->320K(512K)
[2026-01-06T17:26:30.112+0800][0.798s][info][gc             ] GC(446) Pause Young (Allocation Failure) 200M->5M(247M) 1.386ms
[2026-01-06T17:26:30.112+0800][0.798s][info][gc,cpu         ] GC(446) User=0.00s Sys=0.00s Real=0.00s
[2026-01-06T17:26:30.114+0800][0.800s][info][gc,start       ] GC(448) Pause Young (Allocation Failure)
[2026-01-06T17:26:30.114+0800][0.800s][info][gc,start       ] GC(449) Pause Full (Allocation Failure)
[2026-01-06T17:26:30.114+0800][0.800s][info][gc,phases,start] GC(449) Phase 1: Mark live objects
[2026-01-06T17:26:30.115+0800][0.800s][info][gc,phases      ] GC(449) Phase 1: Mark live objects 0.458ms
[2026-01-06T17:26:30.115+0800][0.800s][info][gc,phases,start] GC(449) Phase 2: Compute new object addresses
[2026-01-06T17:26:30.115+0800][0.800s][info][gc,phases      ] GC(449) Phase 2: Compute new object addresses 0.074ms
[2026-01-06T17:26:30.115+0800][0.800s][info][gc,phases,start] GC(449) Phase 3: Adjust pointers
[2026-01-06T17:26:30.115+0800][0.801s][info][gc,phases      ] GC(449) Phase 3: Adjust pointers 0.660ms
[2026-01-06T17:26:30.115+0800][0.801s][info][gc,phases,start] GC(449) Phase 4: Move objects
[2026-01-06T17:26:30.115+0800][0.801s][info][gc,phases      ] GC(449) Phase 4: Move objects 0.032ms
[2026-01-06T17:26:30.115+0800][0.801s][info][gc             ] GC(449) Pause Full (Allocation Failure) 135M->4M(247M) 1.246ms
[2026-01-06T17:26:30.115+0800][0.801s][info][gc,heap        ] GC(448) DefNew: 67960K->0K(78720K)
[2026-01-06T17:26:30.115+0800][0.801s][info][gc,heap        ] GC(448) Tenured: 136941K->4257K(174784K)
[2026-01-06T17:26:30.115+0800][0.801s][info][gc,metaspace   ] GC(448) Metaspace: 3695K(4864K)->3695K(4864K) NonClass: 3374K(4352K)->3374K(4352K) Class: 320K(512K)->320K(512K)
[2026-01-06T17:26:30.115+0800][0.801s][info][gc             ] GC(448) Pause Young (Allocation Failure) 200M->4M(247M) 1.323ms
[2026-01-06T17:26:30.115+0800][0.801s][info][gc,cpu         ] GC(448) User=0.00s Sys=0.00s Real=0.00s
[2026-01-06T17:26:30.117+0800][0.803s][info][gc,start       ] GC(450) Pause Young (Allocation Failure)
[2026-01-06T17:26:30.117+0800][0.803s][info][gc,start       ] GC(451) Pause Full (Allocation Failure)
[2026-01-06T17:26:30.117+0800][0.803s][info][gc,phases,start] GC(451) Phase 1: Mark live objects
[2026-01-06T17:26:30.118+0800][0.803s][info][gc,phases      ] GC(451) Phase 1: Mark live objects 0.456ms
[2026-01-06T17:26:30.118+0800][0.803s][info][gc,phases,start] GC(451) Phase 2: Compute new object addresses
[2026-01-06T17:26:30.118+0800][0.803s][info][gc,phases      ] GC(451) Phase 2: Compute new object addresses 0.077ms
[2026-01-06T17:26:30.118+0800][0.803s][info][gc,phases,start] GC(451) Phase 3: Adjust pointers
[2026-01-06T17:26:30.118+0800][0.804s][info][gc,phases      ] GC(451) Phase 3: Adjust pointers 0.669ms
[2026-01-06T17:26:30.118+0800][0.804s][info][gc,phases,start] GC(451) Phase 4: Move objects
[2026-01-06T17:26:30.118+0800][0.804s][info][gc,phases      ] GC(451) Phase 4: Move objects 0.030ms
[2026-01-06T17:26:30.118+0800][0.804s][info][gc             ] GC(451) Pause Full (Allocation Failure) 133M->4M(247M) 1.255ms
[2026-01-06T17:26:30.118+0800][0.804s][info][gc,heap        ] GC(450) DefNew: 67960K->0K(78720K)
[2026-01-06T17:26:30.118+0800][0.804s][info][gc,heap        ] GC(450) Tenured: 135329K->4257K(174784K)
[2026-01-06T17:26:30.118+0800][0.804s][info][gc,metaspace   ] GC(450) Metaspace: 3695K(4864K)->3695K(4864K) NonClass: 3374K(4352K)->3374K(4352K) Class: 320K(512K)->320K(512K)
[2026-01-06T17:26:30.118+0800][0.804s][info][gc             ] GC(450) Pause Young (Allocation Failure) 198M->4M(247M) 1.333ms
[2026-01-06T17:26:30.118+0800][0.804s][info][gc,cpu         ] GC(450) User=0.00s Sys=0.00s Real=0.00s
[2026-01-06T17:26:30.120+0800][0.806s][info][gc,start       ] GC(452) Pause Young (Allocation Failure)
[2026-01-06T17:26:30.120+0800][0.806s][info][gc,start       ] GC(453) Pause Full (Allocation Failure)
[2026-01-06T17:26:30.120+0800][0.806s][info][gc,phases,start] GC(453) Phase 1: Mark live objects
[2026-01-06T17:26:30.121+0800][0.806s][info][gc,phases      ] GC(453) Phase 1: Mark live objects 0.448ms
[2026-01-06T17:26:30.121+0800][0.806s][info][gc,phases,start] GC(453) Phase 2: Compute new object addresses
[2026-01-06T17:26:30.121+0800][0.806s][info][gc,phases      ] GC(453) Phase 2: Compute new object addresses 0.072ms
[2026-01-06T17:26:30.121+0800][0.806s][info][gc,phases,start] GC(453) Phase 3: Adjust pointers
[2026-01-06T17:26:30.121+0800][0.807s][info][gc,phases      ] GC(453) Phase 3: Adjust pointers 0.651ms
[2026-01-06T17:26:30.121+0800][0.807s][info][gc,phases,start] GC(453) Phase 4: Move objects
[2026-01-06T17:26:30.121+0800][0.807s][info][gc,phases      ] GC(453) Phase 4: Move objects 0.030ms
[2026-01-06T17:26:30.121+0800][0.807s][info][gc             ] GC(453) Pause Full (Allocation Failure) 133M->4M(247M) 1.222ms
[2026-01-06T17:26:30.121+0800][0.807s][info][gc,heap        ] GC(452) DefNew: 67960K->0K(78720K)
[2026-01-06T17:26:30.121+0800][0.807s][info][gc,heap        ] GC(452) Tenured: 135329K->4257K(174784K)
[2026-01-06T17:26:30.121+0800][0.807s][info][gc,metaspace   ] GC(452) Metaspace: 3695K(4864K)->3695K(4864K) NonClass: 3374K(4352K)->3374K(4352K) Class: 320K(512K)->320K(512K)
[2026-01-06T17:26:30.121+0800][0.807s][info][gc             ] GC(452) Pause Young (Allocation Failure) 198M->4M(247M) 1.298ms
[2026-01-06T17:26:30.121+0800][0.807s][info][gc,cpu         ] GC(452) User=0.00s Sys=0.00s Real=0.00s
[2026-01-06T17:26:30.123+0800][0.809s][info][gc,start       ] GC(454) Pause Young (Allocation Failure)
[2026-01-06T17:26:30.123+0800][0.809s][info][gc,start       ] GC(455) Pause Full (Allocation Failure)
[2026-01-06T17:26:30.123+0800][0.809s][info][gc,phases,start] GC(455) Phase 1: Mark live objects
[2026-01-06T17:26:30.124+0800][0.809s][info][gc,phases      ] GC(455) Phase 1: Mark live objects 0.449ms
[2026-01-06T17:26:30.124+0800][0.809s][info][gc,phases,start] GC(455) Phase 2: Compute new object addresses
[2026-01-06T17:26:30.124+0800][0.809s][info][gc,phases      ] GC(455) Phase 2: Compute new object addresses 0.073ms
[2026-01-06T17:26:30.124+0800][0.809s][info][gc,phases,start] GC(455) Phase 3: Adjust pointers
[2026-01-06T17:26:30.124+0800][0.810s][info][gc,phases      ] GC(455) Phase 3: Adjust pointers 0.650ms
[2026-01-06T17:26:30.124+0800][0.810s][info][gc,phases,start] GC(455) Phase 4: Move objects
[2026-01-06T17:26:30.124+0800][0.810s][info][gc,phases      ] GC(455) Phase 4: Move objects 0.029ms
[2026-01-06T17:26:30.124+0800][0.810s][info][gc             ] GC(455) Pause Full (Allocation Failure) 133M->4M(247M) 1.223ms
[2026-01-06T17:26:30.125+0800][0.810s][info][gc,heap        ] GC(454) DefNew: 67960K->0K(78720K)
[2026-01-06T17:26:30.125+0800][0.810s][info][gc,heap        ] GC(454) Tenured: 135329K->4257K(174784K)
[2026-01-06T17:26:30.125+0800][0.810s][info][gc,metaspace   ] GC(454) Metaspace: 3695K(4864K)->3695K(4864K) NonClass: 3374K(4352K)->3374K(4352K) Class: 320K(512K)->320K(512K)
[2026-01-06T17:26:30.125+0800][0.810s][info][gc             ] GC(454) Pause Young (Allocation Failure) 198M->4M(247M) 1.301ms
[2026-01-06T17:26:30.125+0800][0.810s][info][gc,cpu         ] GC(454) User=0.01s Sys=0.00s Real=0.00s
[2026-01-06T17:26:30.126+0800][0.812s][info][gc,start       ] GC(456) Pause Young (Allocation Failure)
[2026-01-06T17:26:30.126+0800][0.812s][info][gc,start       ] GC(457) Pause Full (Allocation Failure)
[2026-01-06T17:26:30.126+0800][0.812s][info][gc,phases,start] GC(457) Phase 1: Mark live objects
[2026-01-06T17:26:30.127+0800][0.812s][info][gc,phases      ] GC(457) Phase 1: Mark live objects 0.449ms
[2026-01-06T17:26:30.127+0800][0.812s][info][gc,phases,start] GC(457) Phase 2: Compute new object addresses
[2026-01-06T17:26:30.127+0800][0.812s][info][gc,phases      ] GC(457) Phase 2: Compute new object addresses 0.072ms
[2026-01-06T17:26:30.127+0800][0.812s][info][gc,phases,start] GC(457) Phase 3: Adjust pointers
[2026-01-06T17:26:30.128+0800][0.813s][info][gc,phases      ] GC(457) Phase 3: Adjust pointers 0.652ms
[2026-01-06T17:26:30.128+0800][0.813s][info][gc,phases,start] GC(457) Phase 4: Move objects
[2026-01-06T17:26:30.128+0800][0.813s][info][gc,phases      ] GC(457) Phase 4: Move objects 0.030ms
[2026-01-06T17:26:30.128+0800][0.813s][info][gc             ] GC(457) Pause Full (Allocation Failure) 133M->4M(247M) 1.224ms
[2026-01-06T17:26:30.128+0800][0.813s][info][gc,heap        ] GC(456) DefNew: 67960K->0K(78720K)
[2026-01-06T17:26:30.128+0800][0.813s][info][gc,heap        ] GC(456) Tenured: 135329K->4257K(174784K)
[2026-01-06T17:26:30.128+0800][0.813s][info][gc,metaspace   ] GC(456) Metaspace: 3695K(4864K)->3695K(4864K) NonClass: 3374K(4352K)->3374K(4352K) Class: 320K(512K)->320K(512K)
[2026-01-06T17:26:30.128+0800][0.813s][info][gc             ] GC(456) Pause Young (Allocation Failure) 198M->4M(247M) 1.299ms
[2026-01-06T17:26:30.128+0800][0.813s][info][gc,cpu         ] GC(456) User=0.00s Sys=0.00s Real=0.00s
[2026-01-06T17:26:30.129+0800][0.815s][info][gc,start       ] GC(458) Pause Young (Allocation Failure)
[2026-01-06T17:26:30.129+0800][0.815s][info][gc,start       ] GC(459) Pause Full (Allocation Failure)
[2026-01-06T17:26:30.129+0800][0.815s][info][gc,phases,start] GC(459) Phase 1: Mark live objects
[2026-01-06T17:26:30.130+0800][0.815s][info][gc,phases      ] GC(459) Phase 1: Mark live objects 0.447ms
[2026-01-06T17:26:30.130+0800][0.815s][info][gc,phases,start] GC(459) Phase 2: Compute new object addresses
[2026-01-06T17:26:30.130+0800][0.815s][info][gc,phases      ] GC(459) Phase 2: Compute new object addresses 0.072ms
[2026-01-06T17:26:30.130+0800][0.815s][info][gc,phases,start] GC(459) Phase 3: Adjust pointers
[2026-01-06T17:26:30.131+0800][0.816s][info][gc,phases      ] GC(459) Phase 3: Adjust pointers 0.667ms
[2026-01-06T17:26:30.131+0800][0.816s][info][gc,phases,start] GC(459) Phase 4: Move objects
[2026-01-06T17:26:30.131+0800][0.816s][info][gc,phases      ] GC(459) Phase 4: Move objects 0.030ms
[2026-01-06T17:26:30.131+0800][0.816s][info][gc             ] GC(459) Pause Full (Allocation Failure) 133M->4M(247M) 1.237ms
[2026-01-06T17:26:30.131+0800][0.816s][info][gc,heap        ] GC(458) DefNew: 67960K->0K(78720K)
[2026-01-06T17:26:30.131+0800][0.816s][info][gc,heap        ] GC(458) Tenured: 135329K->4257K(174784K)
[2026-01-06T17:26:30.131+0800][0.816s][info][gc,metaspace   ] GC(458) Metaspace: 3695K(4864K)->3695K(4864K) NonClass: 3374K(4352K)->3374K(4352K) Class: 320K(512K)->320K(512K)
[2026-01-06T17:26:30.131+0800][0.816s][info][gc             ] GC(458) Pause Young (Allocation Failure) 198M->4M(247M) 1.313ms
[2026-01-06T17:26:30.131+0800][0.816s][info][gc,cpu         ] GC(458) User=0.00s Sys=0.00s Real=0.01s
[2026-01-06T17:26:30.132+0800][0.818s][info][gc,start       ] GC(460) Pause Young (Allocation Failure)
[2026-01-06T17:26:30.132+0800][0.818s][info][gc,start       ] GC(461) Pause Full (Allocation Failure)
[2026-01-06T17:26:30.132+0800][0.818s][info][gc,phases,start] GC(461) Phase 1: Mark live objects
[2026-01-06T17:26:30.133+0800][0.818s][info][gc,phases      ] GC(461) Phase 1: Mark live objects 0.442ms
[2026-01-06T17:26:30.133+0800][0.818s][info][gc,phases,start] GC(461) Phase 2: Compute new object addresses
[2026-01-06T17:26:30.133+0800][0.819s][info][gc,phases      ] GC(461) Phase 2: Compute new object addresses 0.072ms
[2026-01-06T17:26:30.133+0800][0.819s][info][gc,phases,start] GC(461) Phase 3: Adjust pointers
[2026-01-06T17:26:30.134+0800][0.819s][info][gc,phases      ] GC(461) Phase 3: Adjust pointers 0.651ms
[2026-01-06T17:26:30.134+0800][0.819s][info][gc,phases,start] GC(461) Phase 4: Move objects
[2026-01-06T17:26:30.134+0800][0.819s][info][gc,phases      ] GC(461) Phase 4: Move objects 0.029ms
[2026-01-06T17:26:30.134+0800][0.819s][info][gc             ] GC(461) Pause Full (Allocation Failure) 133M->4M(247M) 1.219ms
[2026-01-06T17:26:30.134+0800][0.819s][info][gc,heap        ] GC(460) DefNew: 67960K->0K(78720K)
[2026-01-06T17:26:30.134+0800][0.819s][info][gc,heap        ] GC(460) Tenured: 135329K->4257K(174784K)
[2026-01-06T17:26:30.134+0800][0.819s][info][gc,metaspace   ] GC(460) Metaspace: 3695K(4864K)->3695K(4864K) NonClass: 3374K(4352K)->3374K(4352K) Class: 320K(512K)->320K(512K)
[2026-01-06T17:26:30.134+0800][0.819s][info][gc             ] GC(460) Pause Young (Allocation Failure) 198M->4M(247M) 1.297ms
[2026-01-06T17:26:30.134+0800][0.819s][info][gc,cpu         ] GC(460) User=0.01s Sys=0.00s Real=0.00s
[2026-01-06T17:26:30.135+0800][0.821s][info][gc,start       ] GC(462) Pause Young (Allocation Failure)
[2026-01-06T17:26:30.136+0800][0.821s][info][gc,start       ] GC(463) Pause Full (Allocation Failure)
[2026-01-06T17:26:30.136+0800][0.821s][info][gc,phases,start] GC(463) Phase 1: Mark live objects
[2026-01-06T17:26:30.136+0800][0.822s][info][gc,phases      ] GC(463) Phase 1: Mark live objects 0.444ms
[2026-01-06T17:26:30.136+0800][0.822s][info][gc,phases,start] GC(463) Phase 2: Compute new object addresses
[2026-01-06T17:26:30.136+0800][0.822s][info][gc,phases      ] GC(463) Phase 2: Compute new object addresses 0.072ms
[2026-01-06T17:26:30.136+0800][0.822s][info][gc,phases,start] GC(463) Phase 3: Adjust pointers
[2026-01-06T17:26:30.137+0800][0.822s][info][gc,phases      ] GC(463) Phase 3: Adjust pointers 0.650ms
[2026-01-06T17:26:30.137+0800][0.822s][info][gc,phases,start] GC(463) Phase 4: Move objects
[2026-01-06T17:26:30.137+0800][0.822s][info][gc,phases      ] GC(463) Phase 4: Move objects 0.030ms
[2026-01-06T17:26:30.137+0800][0.822s][info][gc             ] GC(463) Pause Full (Allocation Failure) 133M->4M(247M) 1.217ms
[2026-01-06T17:26:30.137+0800][0.822s][info][gc,heap        ] GC(462) DefNew: 67960K->0K(78720K)
[2026-01-06T17:26:30.137+0800][0.822s][info][gc,heap        ] GC(462) Tenured: 135329K->4257K(174784K)
[2026-01-06T17:26:30.137+0800][0.822s][info][gc,metaspace   ] GC(462) Metaspace: 3701K(4864K)->3701K(4864K) NonClass: 3381K(4352K)->3381K(4352K) Class: 320K(512K)->320K(512K)
[2026-01-06T17:26:30.137+0800][0.822s][info][gc             ] GC(462) Pause Young (Allocation Failure) 198M->4M(247M) 1.292ms
[2026-01-06T17:26:30.137+0800][0.822s][info][gc,cpu         ] GC(462) User=0.00s Sys=0.00s Real=0.00s
[2026-01-06T17:26:30.139+0800][0.824s][info][gc,start       ] GC(464) Pause Young (Allocation Failure)
[2026-01-06T17:26:30.139+0800][0.824s][info][gc,start       ] GC(465) Pause Full (Allocation Failure)
[2026-01-06T17:26:30.139+0800][0.824s][info][gc,phases,start] GC(465) Phase 1: Mark live objects
[2026-01-06T17:26:30.139+0800][0.825s][info][gc,phases      ] GC(465) Phase 1: Mark live objects 0.444ms
[2026-01-06T17:26:30.139+0800][0.825s][info][gc,phases,start] GC(465) Phase 2: Compute new object addresses
[2026-01-06T17:26:30.139+0800][0.825s][info][gc,phases      ] GC(465) Phase 2: Compute new object addresses 0.071ms
[2026-01-06T17:26:30.139+0800][0.825s][info][gc,phases,start] GC(465) Phase 3: Adjust pointers
[2026-01-06T17:26:30.140+0800][0.825s][info][gc,phases      ] GC(465) Phase 3: Adjust pointers 0.653ms
[2026-01-06T17:26:30.140+0800][0.825s][info][gc,phases,start] GC(465) Phase 4: Move objects
[2026-01-06T17:26:30.140+0800][0.825s][info][gc,phases      ] GC(465) Phase 4: Move objects 0.030ms
[2026-01-06T17:26:30.140+0800][0.825s][info][gc             ] GC(465) Pause Full (Allocation Failure) 133M->4M(247M) 1.222ms
[2026-01-06T17:26:30.140+0800][0.825s][info][gc,heap        ] GC(464) DefNew: 67960K->0K(78720K)
[2026-01-06T17:26:30.140+0800][0.825s][info][gc,heap        ] GC(464) Tenured: 135329K->4257K(174784K)
[2026-01-06T17:26:30.140+0800][0.825s][info][gc,metaspace   ] GC(464) Metaspace: 3701K(4864K)->3701K(4864K) NonClass: 3381K(4352K)->3381K(4352K) Class: 320K(512K)->320K(512K)
[2026-01-06T17:26:30.140+0800][0.825s][info][gc             ] GC(464) Pause Young (Allocation Failure) 198M->4M(247M) 1.298ms
[2026-01-06T17:26:30.140+0800][0.825s][info][gc,cpu         ] GC(464) User=0.00s Sys=0.00s Real=0.01s
[2026-01-06T17:26:30.142+0800][0.827s][info][gc,start       ] GC(466) Pause Young (Allocation Failure)
[2026-01-06T17:26:30.142+0800][0.827s][info][gc,start       ] GC(467) Pause Full (Allocation Failure)
[2026-01-06T17:26:30.142+0800][0.827s][info][gc,phases,start] GC(467) Phase 1: Mark live objects
[2026-01-06T17:26:30.142+0800][0.828s][info][gc,phases      ] GC(467) Phase 1: Mark live objects 0.442ms
[2026-01-06T17:26:30.142+0800][0.828s][info][gc,phases,start] GC(467) Phase 2: Compute new object addresses
[2026-01-06T17:26:30.142+0800][0.828s][info][gc,phases      ] GC(467) Phase 2: Compute new object addresses 0.075ms
[2026-01-06T17:26:30.142+0800][0.828s][info][gc,phases,start] GC(467) Phase 3: Adjust pointers
[2026-01-06T17:26:30.143+0800][0.828s][info][gc,phases      ] GC(467) Phase 3: Adjust pointers 0.683ms
[2026-01-06T17:26:30.143+0800][0.828s][info][gc,phases,start] GC(467) Phase 4: Move objects
[2026-01-06T17:26:30.143+0800][0.828s][info][gc,phases      ] GC(467) Phase 4: Move objects 0.031ms
[2026-01-06T17:26:30.143+0800][0.828s][info][gc             ] GC(467) Pause Full (Allocation Failure) 133M->4M(247M) 1.251ms
[2026-01-06T17:26:30.143+0800][0.828s][info][gc,heap        ] GC(466) DefNew: 67960K->0K(78720K)
[2026-01-06T17:26:30.143+0800][0.828s][info][gc,heap        ] GC(466) Tenured: 135329K->4257K(174784K)
[2026-01-06T17:26:30.143+0800][0.828s][info][gc,metaspace   ] GC(466) Metaspace: 3701K(4864K)->3701K(4864K) NonClass: 3381K(4352K)->3381K(4352K) Class: 320K(512K)->320K(512K)
[2026-01-06T17:26:30.143+0800][0.829s][info][gc             ] GC(466) Pause Young (Allocation Failure) 198M->4M(247M) 1.327ms
[2026-01-06T17:26:30.143+0800][0.829s][info][gc,cpu         ] GC(466) User=0.00s Sys=0.00s Real=0.00s
[2026-01-06T17:26:30.145+0800][0.830s][info][gc,start       ] GC(468) Pause Young (Allocation Failure)
[2026-01-06T17:26:30.145+0800][0.830s][info][gc,start       ] GC(469) Pause Full (Allocation Failure)
[2026-01-06T17:26:30.145+0800][0.830s][info][gc,phases,start] GC(469) Phase 1: Mark live objects
[2026-01-06T17:26:30.145+0800][0.831s][info][gc,phases      ] GC(469) Phase 1: Mark live objects 0.446ms
[2026-01-06T17:26:30.145+0800][0.831s][info][gc,phases,start] GC(469) Phase 2: Compute new object addresses
[2026-01-06T17:26:30.145+0800][0.831s][info][gc,phases      ] GC(469) Phase 2: Compute new object addresses 0.072ms
[2026-01-06T17:26:30.145+0800][0.831s][info][gc,phases,start] GC(469) Phase 3: Adjust pointers
[2026-01-06T17:26:30.146+0800][0.832s][info][gc,phases      ] GC(469) Phase 3: Adjust pointers 0.650ms
[2026-01-06T17:26:30.146+0800][0.832s][info][gc,phases,start] GC(469) Phase 4: Move objects
[2026-01-06T17:26:30.146+0800][0.832s][info][gc,phases      ] GC(469) Phase 4: Move objects 0.030ms
[2026-01-06T17:26:30.146+0800][0.832s][info][gc             ] GC(469) Pause Full (Allocation Failure) 133M->4M(247M) 1.218ms
[2026-01-06T17:26:30.146+0800][0.832s][info][gc,heap        ] GC(468) DefNew: 67960K->0K(78720K)
[2026-01-06T17:26:30.146+0800][0.832s][info][gc,heap        ] GC(468) Tenured: 135329K->4257K(174784K)
[2026-01-06T17:26:30.146+0800][0.832s][info][gc,metaspace   ] GC(468) Metaspace: 3701K(4864K)->3701K(4864K) NonClass: 3381K(4352K)->3381K(4352K) Class: 320K(512K)->320K(512K)
[2026-01-06T17:26:30.146+0800][0.832s][info][gc             ] GC(468) Pause Young (Allocation Failure) 198M->4M(247M) 1.300ms
[2026-01-06T17:26:30.146+0800][0.832s][info][gc,cpu         ] GC(468) User=0.00s Sys=0.00s Real=0.00s
[2026-01-06T17:26:30.148+0800][0.833s][info][gc,start       ] GC(470) Pause Young (Allocation Failure)
[2026-01-06T17:26:30.148+0800][0.833s][info][gc,start       ] GC(471) Pause Full (Allocation Failure)
[2026-01-06T17:26:30.148+0800][0.833s][info][gc,phases,start] GC(471) Phase 1: Mark live objects
[2026-01-06T17:26:30.148+0800][0.834s][info][gc,phases      ] GC(471) Phase 1: Mark live objects 0.449ms
[2026-01-06T17:26:30.148+0800][0.834s][info][gc,phases,start] GC(471) Phase 2: Compute new object addresses
[2026-01-06T17:26:30.148+0800][0.834s][info][gc,phases      ] GC(471) Phase 2: Compute new object addresses 0.073ms
[2026-01-06T17:26:30.148+0800][0.834s][info][gc,phases,start] GC(471) Phase 3: Adjust pointers
[2026-01-06T17:26:30.149+0800][0.835s][info][gc,phases      ] GC(471) Phase 3: Adjust pointers 0.655ms
[2026-01-06T17:26:30.149+0800][0.835s][info][gc,phases,start] GC(471) Phase 4: Move objects
[2026-01-06T17:26:30.149+0800][0.835s][info][gc,phases      ] GC(471) Phase 4: Move objects 0.030ms
[2026-01-06T17:26:30.149+0800][0.835s][info][gc             ] GC(471) Pause Full (Allocation Failure) 133M->4M(247M) 1.231ms
[2026-01-06T17:26:30.149+0800][0.835s][info][gc,heap        ] GC(470) DefNew: 67960K->0K(78720K)
[2026-01-06T17:26:30.149+0800][0.835s][info][gc,heap        ] GC(470) Tenured: 135329K->4257K(174784K)
[2026-01-06T17:26:30.149+0800][0.835s][info][gc,metaspace   ] GC(470) Metaspace: 3701K(4864K)->3701K(4864K) NonClass: 3381K(4352K)->3381K(4352K) Class: 320K(512K)->320K(512K)
[2026-01-06T17:26:30.149+0800][0.835s][info][gc             ] GC(470) Pause Young (Allocation Failure) 198M->4M(247M) 1.307ms
[2026-01-06T17:26:30.149+0800][0.835s][info][gc,cpu         ] GC(470) User=0.00s Sys=0.00s Real=0.00s
[2026-01-06T17:26:30.151+0800][0.836s][info][gc,start       ] GC(472) Pause Young (Allocation Failure)
[2026-01-06T17:26:30.151+0800][0.837s][info][gc,start       ] GC(473) Pause Full (Allocation Failure)
[2026-01-06T17:26:30.151+0800][0.837s][info][gc,phases,start] GC(473) Phase 1: Mark live objects
[2026-01-06T17:26:30.151+0800][0.837s][info][gc,phases      ] GC(473) Phase 1: Mark live objects 0.450ms
[2026-01-06T17:26:30.151+0800][0.837s][info][gc,phases,start] GC(473) Phase 2: Compute new object addresses
[2026-01-06T17:26:30.151+0800][0.837s][info][gc,phases      ] GC(473) Phase 2: Compute new object addresses 0.072ms
[2026-01-06T17:26:30.151+0800][0.837s][info][gc,phases,start] GC(473) Phase 3: Adjust pointers
[2026-01-06T17:26:30.152+0800][0.838s][info][gc,phases      ] GC(473) Phase 3: Adjust pointers 0.653ms
[2026-01-06T17:26:30.152+0800][0.838s][info][gc,phases,start] GC(473) Phase 4: Move objects
[2026-01-06T17:26:30.152+0800][0.838s][info][gc,phases      ] GC(473) Phase 4: Move objects 0.030ms
[2026-01-06T17:26:30.152+0800][0.838s][info][gc             ] GC(473) Pause Full (Allocation Failure) 133M->4M(247M) 1.229ms
[2026-01-06T17:26:30.152+0800][0.838s][info][gc,heap        ] GC(472) DefNew: 67960K->0K(78720K)
[2026-01-06T17:26:30.152+0800][0.838s][info][gc,heap        ] GC(472) Tenured: 135329K->4257K(174784K)
[2026-01-06T17:26:30.152+0800][0.838s][info][gc,metaspace   ] GC(472) Metaspace: 3702K(4864K)->3702K(4864K) NonClass: 3381K(4352K)->3381K(4352K) Class: 320K(512K)->320K(512K)
[2026-01-06T17:26:30.152+0800][0.838s][info][gc             ] GC(472) Pause Young (Allocation Failure) 198M->4M(247M) 1.304ms
[2026-01-06T17:26:30.152+0800][0.838s][info][gc,cpu         ] GC(472) User=0.00s Sys=0.00s Real=0.00s
[2026-01-06T17:26:30.154+0800][0.840s][info][gc,start       ] GC(474) Pause Young (Allocation Failure)
[2026-01-06T17:26:30.154+0800][0.840s][info][gc,start       ] GC(475) Pause Full (Allocation Failure)
[2026-01-06T17:26:30.154+0800][0.840s][info][gc,phases,start] GC(475) Phase 1: Mark live objects
[2026-01-06T17:26:30.154+0800][0.840s][info][gc,phases      ] GC(475) Phase 1: Mark live objects 0.446ms
[2026-01-06T17:26:30.154+0800][0.840s][info][gc,phases,start] GC(475) Phase 2: Compute new object addresses
[2026-01-06T17:26:30.155+0800][0.840s][info][gc,phases      ] GC(475) Phase 2: Compute new object addresses 0.070ms
[2026-01-06T17:26:30.155+0800][0.840s][info][gc,phases,start] GC(475) Phase 3: Adjust pointers
[2026-01-06T17:26:30.155+0800][0.841s][info][gc,phases      ] GC(475) Phase 3: Adjust pointers 0.668ms
[2026-01-06T17:26:30.155+0800][0.841s][info][gc,phases,start] GC(475) Phase 4: Move objects
[2026-01-06T17:26:30.155+0800][0.841s][info][gc,phases      ] GC(475) Phase 4: Move objects 0.028ms
[2026-01-06T17:26:30.155+0800][0.841s][info][gc             ] GC(475) Pause Full (Allocation Failure) 133M->5M(247M) 1.238ms
[2026-01-06T17:26:30.155+0800][0.841s][info][gc,heap        ] GC(474) DefNew: 67960K->0K(78720K)
[2026-01-06T17:26:30.155+0800][0.841s][info][gc,heap        ] GC(474) Tenured: 135329K->5794K(174784K)
[2026-01-06T17:26:30.155+0800][0.841s][info][gc,metaspace   ] GC(474) Metaspace: 3702K(4864K)->3702K(4864K) NonClass: 3381K(4352K)->3381K(4352K) Class: 320K(512K)->320K(512K)
[2026-01-06T17:26:30.155+0800][0.841s][info][gc             ] GC(474) Pause Young (Allocation Failure) 198M->5M(247M) 1.302ms
[2026-01-06T17:26:30.155+0800][0.841s][info][gc,cpu         ] GC(474) User=0.00s Sys=0.00s Real=0.00s
[2026-01-06T17:26:30.157+0800][0.843s][info][gc,start       ] GC(476) Pause Young (Allocation Failure)
[2026-01-06T17:26:30.157+0800][0.843s][info][gc,start       ] GC(477) Pause Full (Allocation Failure)
[2026-01-06T17:26:30.157+0800][0.843s][info][gc,phases,start] GC(477) Phase 1: Mark live objects
[2026-01-06T17:26:30.158+0800][0.843s][info][gc,phases      ] GC(477) Phase 1: Mark live objects 0.448ms
[2026-01-06T17:26:30.158+0800][0.843s][info][gc,phases,start] GC(477) Phase 2: Compute new object addresses
[2026-01-06T17:26:30.158+0800][0.843s][info][gc,phases      ] GC(477) Phase 2: Compute new object addresses 0.070ms
[2026-01-06T17:26:30.158+0800][0.843s][info][gc,phases,start] GC(477) Phase 3: Adjust pointers
[2026-01-06T17:26:30.158+0800][0.844s][info][gc,phases      ] GC(477) Phase 3: Adjust pointers 0.660ms
[2026-01-06T17:26:30.158+0800][0.844s][info][gc,phases,start] GC(477) Phase 4: Move objects
[2026-01-06T17:26:30.158+0800][0.844s][info][gc,phases      ] GC(477) Phase 4: Move objects 0.029ms
[2026-01-06T17:26:30.158+0800][0.844s][info][gc             ] GC(477) Pause Full (Allocation Failure) 135M->5M(247M) 1.228ms
[2026-01-06T17:26:30.158+0800][0.844s][info][gc,heap        ] GC(476) DefNew: 67960K->0K(78720K)
[2026-01-06T17:26:30.158+0800][0.844s][info][gc,heap        ] GC(476) Tenured: 136866K->5794K(174784K)
[2026-01-06T17:26:30.158+0800][0.844s][info][gc,metaspace   ] GC(476) Metaspace: 3702K(4864K)->3702K(4864K) NonClass: 3381K(4352K)->3381K(4352K) Class: 320K(512K)->320K(512K)
[2026-01-06T17:26:30.158+0800][0.844s][info][gc             ] GC(476) Pause Young (Allocation Failure) 200M->5M(247M) 1.292ms
[2026-01-06T17:26:30.158+0800][0.844s][info][gc,cpu         ] GC(476) User=0.00s Sys=0.00s Real=0.00s
[2026-01-06T17:26:30.160+0800][0.846s][info][gc,start       ] GC(478) Pause Young (Allocation Failure)
[2026-01-06T17:26:30.160+0800][0.846s][info][gc,start       ] GC(479) Pause Full (Allocation Failure)
[2026-01-06T17:26:30.160+0800][0.846s][info][gc,phases,start] GC(479) Phase 1: Mark live objects
[2026-01-06T17:26:30.161+0800][0.846s][info][gc,phases      ] GC(479) Phase 1: Mark live objects 0.442ms
[2026-01-06T17:26:30.161+0800][0.846s][info][gc,phases,start] GC(479) Phase 2: Compute new object addresses
[2026-01-06T17:26:30.161+0800][0.846s][info][gc,phases      ] GC(479) Phase 2: Compute new object addresses 0.069ms
[2026-01-06T17:26:30.161+0800][0.846s][info][gc,phases,start] GC(479) Phase 3: Adjust pointers
[2026-01-06T17:26:30.161+0800][0.847s][info][gc,phases      ] GC(479) Phase 3: Adjust pointers 0.653ms
[2026-01-06T17:26:30.161+0800][0.847s][info][gc,phases,start] GC(479) Phase 4: Move objects
[2026-01-06T17:26:30.161+0800][0.847s][info][gc,phases      ] GC(479) Phase 4: Move objects 0.028ms
[2026-01-06T17:26:30.161+0800][0.847s][info][gc             ] GC(479) Pause Full (Allocation Failure) 135M->5M(247M) 1.215ms
[2026-01-06T17:26:30.161+0800][0.847s][info][gc,heap        ] GC(478) DefNew: 67960K->0K(78720K)
[2026-01-06T17:26:30.161+0800][0.847s][info][gc,heap        ] GC(478) Tenured: 136866K->5794K(174784K)
[2026-01-06T17:26:30.161+0800][0.847s][info][gc,metaspace   ] GC(478) Metaspace: 3702K(4864K)->3702K(4864K) NonClass: 3381K(4352K)->3381K(4352K) Class: 320K(512K)->320K(512K)
[2026-01-06T17:26:30.161+0800][0.847s][info][gc             ] GC(478) Pause Young (Allocation Failure) 200M->5M(247M) 1.281ms
[2026-01-06T17:26:30.161+0800][0.847s][info][gc,cpu         ] GC(478) User=0.00s Sys=0.00s Real=0.00s
[2026-01-06T17:26:30.163+0800][0.849s][info][gc,start       ] GC(480) Pause Young (Allocation Failure)
[2026-01-06T17:26:30.163+0800][0.849s][info][gc,start       ] GC(481) Pause Full (Allocation Failure)
[2026-01-06T17:26:30.163+0800][0.849s][info][gc,phases,start] GC(481) Phase 1: Mark live objects
[2026-01-06T17:26:30.164+0800][0.849s][info][gc,phases      ] GC(481) Phase 1: Mark live objects 0.447ms
[2026-01-06T17:26:30.164+0800][0.849s][info][gc,phases,start] GC(481) Phase 2: Compute new object addresses
[2026-01-06T17:26:30.164+0800][0.849s][info][gc,phases      ] GC(481) Phase 2: Compute new object addresses 0.069ms
[2026-01-06T17:26:30.164+0800][0.849s][info][gc,phases,start] GC(481) Phase 3: Adjust pointers
[2026-01-06T17:26:30.164+0800][0.850s][info][gc,phases      ] GC(481) Phase 3: Adjust pointers 0.651ms
[2026-01-06T17:26:30.164+0800][0.850s][info][gc,phases,start] GC(481) Phase 4: Move objects
[2026-01-06T17:26:30.164+0800][0.850s][info][gc,phases      ] GC(481) Phase 4: Move objects 0.030ms
[2026-01-06T17:26:30.164+0800][0.850s][info][gc             ] GC(481) Pause Full (Allocation Failure) 135M->4M(247M) 1.219ms
[2026-01-06T17:26:30.164+0800][0.850s][info][gc,heap        ] GC(480) DefNew: 67960K->0K(78720K)
[2026-01-06T17:26:30.164+0800][0.850s][info][gc,heap        ] GC(480) Tenured: 136866K->4257K(174784K)
[2026-01-06T17:26:30.164+0800][0.850s][info][gc,metaspace   ] GC(480) Metaspace: 3702K(4864K)->3702K(4864K) NonClass: 3381K(4352K)->3381K(4352K) Class: 320K(512K)->320K(512K)
[2026-01-06T17:26:30.164+0800][0.850s][info][gc             ] GC(480) Pause Young (Allocation Failure) 200M->4M(247M) 1.282ms
[2026-01-06T17:26:30.164+0800][0.850s][info][gc,cpu         ] GC(480) User=0.01s Sys=0.00s Real=0.00s
[2026-01-06T17:26:30.166+0800][0.852s][info][gc,start       ] GC(482) Pause Young (Allocation Failure)
[2026-01-06T17:26:30.166+0800][0.852s][info][gc,start       ] GC(483) Pause Full (Allocation Failure)
[2026-01-06T17:26:30.166+0800][0.852s][info][gc,phases,start] GC(483) Phase 1: Mark live objects
[2026-01-06T17:26:30.167+0800][0.852s][info][gc,phases      ] GC(483) Phase 1: Mark live objects 0.447ms
[2026-01-06T17:26:30.167+0800][0.852s][info][gc,phases,start] GC(483) Phase 2: Compute new object addresses
[2026-01-06T17:26:30.167+0800][0.852s][info][gc,phases      ] GC(483) Phase 2: Compute new object addresses 0.072ms
[2026-01-06T17:26:30.167+0800][0.852s][info][gc,phases,start] GC(483) Phase 3: Adjust pointers
[2026-01-06T17:26:30.167+0800][0.853s][info][gc,phases      ] GC(483) Phase 3: Adjust pointers 0.669ms
[2026-01-06T17:26:30.167+0800][0.853s][info][gc,phases,start] GC(483) Phase 4: Move objects
[2026-01-06T17:26:30.167+0800][0.853s][info][gc,phases      ] GC(483) Phase 4: Move objects 0.029ms
[2026-01-06T17:26:30.167+0800][0.853s][info][gc             ] GC(483) Pause Full (Allocation Failure) 133M->4M(247M) 1.239ms
[2026-01-06T17:26:30.167+0800][0.853s][info][gc,heap        ] GC(482) DefNew: 67960K->0K(78720K)
[2026-01-06T17:26:30.167+0800][0.853s][info][gc,heap        ] GC(482) Tenured: 135329K->4332K(174784K)
[2026-01-06T17:26:30.167+0800][0.853s][info][gc,metaspace   ] GC(482) Metaspace: 3702K(4864K)->3702K(4864K) NonClass: 3381K(4352K)->3381K(4352K) Class: 320K(512K)->320K(512K)
[2026-01-06T17:26:30.167+0800][0.853s][info][gc             ] GC(482) Pause Young (Allocation Failure) 198M->4M(247M) 1.320ms
[2026-01-06T17:26:30.167+0800][0.853s][info][gc,cpu         ] GC(482) User=0.00s Sys=0.00s Real=0.00s
[2026-01-06T17:26:30.169+0800][0.855s][info][gc,start       ] GC(484) Pause Young (Allocation Failure)
[2026-01-06T17:26:30.169+0800][0.855s][info][gc,start       ] GC(485) Pause Full (Allocation Failure)
[2026-01-06T17:26:30.169+0800][0.855s][info][gc,phases,start] GC(485) Phase 1: Mark live objects
[2026-01-06T17:26:30.170+0800][0.855s][info][gc,phases      ] GC(485) Phase 1: Mark live objects 0.442ms
[2026-01-06T17:26:30.170+0800][0.855s][info][gc,phases,start] GC(485) Phase 2: Compute new object addresses
[2026-01-06T17:26:30.170+0800][0.855s][info][gc,phases      ] GC(485) Phase 2: Compute new object addresses 0.072ms
[2026-01-06T17:26:30.170+0800][0.855s][info][gc,phases,start] GC(485) Phase 3: Adjust pointers
[2026-01-06T17:26:30.170+0800][0.856s][info][gc,phases      ] GC(485) Phase 3: Adjust pointers 0.650ms
[2026-01-06T17:26:30.170+0800][0.856s][info][gc,phases,start] GC(485) Phase 4: Move objects
[2026-01-06T17:26:30.170+0800][0.856s][info][gc,phases      ] GC(485) Phase 4: Move objects 0.029ms
[2026-01-06T17:26:30.170+0800][0.856s][info][gc             ] GC(485) Pause Full (Allocation Failure) 133M->4M(247M) 1.215ms
[2026-01-06T17:26:30.170+0800][0.856s][info][gc,heap        ] GC(484) DefNew: 67960K->0K(78720K)
[2026-01-06T17:26:30.170+0800][0.856s][info][gc,heap        ] GC(484) Tenured: 135404K->4332K(174784K)
[2026-01-06T17:26:30.170+0800][0.856s][info][gc,metaspace   ] GC(484) Metaspace: 3702K(4864K)->3702K(4864K) NonClass: 3381K(4352K)->3381K(4352K) Class: 320K(512K)->320K(512K)
[2026-01-06T17:26:30.170+0800][0.856s][info][gc             ] GC(484) Pause Young (Allocation Failure) 198M->4M(247M) 1.291ms
[2026-01-06T17:26:30.170+0800][0.856s][info][gc,cpu         ] GC(484) User=0.00s Sys=0.00s Real=0.01s
[2026-01-06T17:26:30.172+0800][0.858s][info][gc,start       ] GC(486) Pause Young (Allocation Failure)
[2026-01-06T17:26:30.172+0800][0.858s][info][gc,start       ] GC(487) Pause Full (Allocation Failure)
[2026-01-06T17:26:30.172+0800][0.858s][info][gc,phases,start] GC(487) Phase 1: Mark live objects
[2026-01-06T17:26:30.173+0800][0.858s][info][gc,phases      ] GC(487) Phase 1: Mark live objects 0.442ms
[2026-01-06T17:26:30.173+0800][0.858s][info][gc,phases,start] GC(487) Phase 2: Compute new object addresses
[2026-01-06T17:26:30.173+0800][0.858s][info][gc,phases      ] GC(487) Phase 2: Compute new object addresses 0.072ms
[2026-01-06T17:26:30.173+0800][0.858s][info][gc,phases,start] GC(487) Phase 3: Adjust pointers
[2026-01-06T17:26:30.173+0800][0.859s][info][gc,phases      ] GC(487) Phase 3: Adjust pointers 0.662ms
[2026-01-06T17:26:30.173+0800][0.859s][info][gc,phases,start] GC(487) Phase 4: Move objects
[2026-01-06T17:26:30.173+0800][0.859s][info][gc,phases      ] GC(487) Phase 4: Move objects 0.029ms
[2026-01-06T17:26:30.174+0800][0.859s][info][gc             ] GC(487) Pause Full (Allocation Failure) 133M->4M(247M) 1.226ms
[2026-01-06T17:26:30.174+0800][0.859s][info][gc,heap        ] GC(486) DefNew: 67960K->0K(78720K)
[2026-01-06T17:26:30.174+0800][0.859s][info][gc,heap        ] GC(486) Tenured: 135404K->4332K(174784K)
[2026-01-06T17:26:30.174+0800][0.859s][info][gc,metaspace   ] GC(486) Metaspace: 3702K(4864K)->3702K(4864K) NonClass: 3381K(4352K)->3381K(4352K) Class: 320K(512K)->320K(512K)
[2026-01-06T17:26:30.174+0800][0.859s][info][gc             ] GC(486) Pause Young (Allocation Failure) 198M->4M(247M) 1.305ms
[2026-01-06T17:26:30.174+0800][0.859s][info][gc,cpu         ] GC(486) User=0.01s Sys=0.00s Real=0.00s
[2026-01-06T17:26:30.175+0800][0.861s][info][gc,start       ] GC(488) Pause Young (Allocation Failure)
[2026-01-06T17:26:30.175+0800][0.861s][info][gc,start       ] GC(489) Pause Full (Allocation Failure)
[2026-01-06T17:26:30.175+0800][0.861s][info][gc,phases,start] GC(489) Phase 1: Mark live objects
[2026-01-06T17:26:30.176+0800][0.861s][info][gc,phases      ] GC(489) Phase 1: Mark live objects 0.451ms
[2026-01-06T17:26:30.176+0800][0.861s][info][gc,phases,start] GC(489) Phase 2: Compute new object addresses
[2026-01-06T17:26:30.176+0800][0.862s][info][gc,phases      ] GC(489) Phase 2: Compute new object addresses 0.070ms
[2026-01-06T17:26:30.176+0800][0.862s][info][gc,phases,start] GC(489) Phase 3: Adjust pointers
[2026-01-06T17:26:30.177+0800][0.862s][info][gc,phases      ] GC(489) Phase 3: Adjust pointers 0.649ms
[2026-01-06T17:26:30.177+0800][0.862s][info][gc,phases,start] GC(489) Phase 4: Move objects
[2026-01-06T17:26:30.177+0800][0.862s][info][gc,phases      ] GC(489) Phase 4: Move objects 0.029ms
[2026-01-06T17:26:30.177+0800][0.862s][info][gc             ] GC(489) Pause Full (Allocation Failure) 133M->4M(247M) 1.227ms
[2026-01-06T17:26:30.177+0800][0.862s][info][gc,heap        ] GC(488) DefNew: 67960K->0K(78720K)
[2026-01-06T17:26:30.177+0800][0.862s][info][gc,heap        ] GC(488) Tenured: 135404K->4257K(174784K)
[2026-01-06T17:26:30.177+0800][0.862s][info][gc,metaspace   ] GC(488) Metaspace: 3702K(4864K)->3702K(4864K) NonClass: 3381K(4352K)->3381K(4352K) Class: 320K(512K)->320K(512K)
[2026-01-06T17:26:30.177+0800][0.862s][info][gc             ] GC(488) Pause Young (Allocation Failure) 198M->4M(247M) 1.302ms
[2026-01-06T17:26:30.177+0800][0.862s][info][gc,cpu         ] GC(488) User=0.00s Sys=0.00s Real=0.00s
[2026-01-06T17:26:30.179+0800][0.864s][info][gc,start       ] GC(490) Pause Young (Allocation Failure)
[2026-01-06T17:26:30.179+0800][0.864s][info][gc,start       ] GC(491) Pause Full (Allocation Failure)
[2026-01-06T17:26:30.179+0800][0.864s][info][gc,phases,start] GC(491) Phase 1: Mark live objects
[2026-01-06T17:26:30.179+0800][0.865s][info][gc,phases      ] GC(491) Phase 1: Mark live objects 0.445ms
[2026-01-06T17:26:30.179+0800][0.865s][info][gc,phases,start] GC(491) Phase 2: Compute new object addresses
[2026-01-06T17:26:30.179+0800][0.865s][info][gc,phases      ] GC(491) Phase 2: Compute new object addresses 0.070ms
[2026-01-06T17:26:30.179+0800][0.865s][info][gc,phases,start] GC(491) Phase 3: Adjust pointers
[2026-01-06T17:26:30.180+0800][0.865s][info][gc,phases      ] GC(491) Phase 3: Adjust pointers 0.651ms
[2026-01-06T17:26:30.180+0800][0.865s][info][gc,phases,start] GC(491) Phase 4: Move objects
[2026-01-06T17:26:30.180+0800][0.865s][info][gc,phases      ] GC(491) Phase 4: Move objects 0.042ms
[2026-01-06T17:26:30.180+0800][0.865s][info][gc             ] GC(491) Pause Full (Allocation Failure) 133M->4M(247M) 1.234ms
[2026-01-06T17:26:30.180+0800][0.865s][info][gc,heap        ] GC(490) DefNew: 67960K->0K(78720K)
[2026-01-06T17:26:30.180+0800][0.865s][info][gc,heap        ] GC(490) Tenured: 135329K->4257K(174784K)
[2026-01-06T17:26:30.180+0800][0.865s][info][gc,metaspace   ] GC(490) Metaspace: 3702K(4864K)->3702K(4864K) NonClass: 3381K(4352K)->3381K(4352K) Class: 320K(512K)->320K(512K)
[2026-01-06T17:26:30.180+0800][0.865s][info][gc             ] GC(490) Pause Young (Allocation Failure) 198M->4M(247M) 1.315ms
[2026-01-06T17:26:30.180+0800][0.865s][info][gc,cpu         ] GC(490) User=0.00s Sys=0.00s Real=0.01s
[2026-01-06T17:26:30.182+0800][0.867s][info][gc,start       ] GC(492) Pause Young (Allocation Failure)
[2026-01-06T17:26:30.182+0800][0.867s][info][gc,start       ] GC(493) Pause Full (Allocation Failure)
[2026-01-06T17:26:30.182+0800][0.867s][info][gc,phases,start] GC(493) Phase 1: Mark live objects
[2026-01-06T17:26:30.182+0800][0.868s][info][gc,phases      ] GC(493) Phase 1: Mark live objects 0.445ms
[2026-01-06T17:26:30.182+0800][0.868s][info][gc,phases,start] GC(493) Phase 2: Compute new object addresses
[2026-01-06T17:26:30.182+0800][0.868s][info][gc,phases      ] GC(493) Phase 2: Compute new object addresses 0.070ms
[2026-01-06T17:26:30.182+0800][0.868s][info][gc,phases,start] GC(493) Phase 3: Adjust pointers
[2026-01-06T17:26:30.183+0800][0.869s][info][gc,phases      ] GC(493) Phase 3: Adjust pointers 0.653ms
[2026-01-06T17:26:30.183+0800][0.869s][info][gc,phases,start] GC(493) Phase 4: Move objects
[2026-01-06T17:26:30.183+0800][0.869s][info][gc,phases      ] GC(493) Phase 4: Move objects 0.039ms
[2026-01-06T17:26:30.183+0800][0.869s][info][gc             ] GC(493) Pause Full (Allocation Failure) 133M->4M(247M) 1.232ms
[2026-01-06T17:26:30.183+0800][0.869s][info][gc,heap        ] GC(492) DefNew: 67960K->0K(78720K)
[2026-01-06T17:26:30.183+0800][0.869s][info][gc,heap        ] GC(492) Tenured: 135329K->4257K(174784K)
[2026-01-06T17:26:30.183+0800][0.869s][info][gc,metaspace   ] GC(492) Metaspace: 3702K(4864K)->3702K(4864K) NonClass: 3381K(4352K)->3381K(4352K) Class: 320K(512K)->320K(512K)
[2026-01-06T17:26:30.183+0800][0.869s][info][gc             ] GC(492) Pause Young (Allocation Failure) 198M->4M(247M) 1.308ms
[2026-01-06T17:26:30.183+0800][0.869s][info][gc,cpu         ] GC(492) User=0.00s Sys=0.00s Real=0.00s
[2026-01-06T17:26:30.185+0800][0.870s][info][gc,start       ] GC(494) Pause Young (Allocation Failure)
[2026-01-06T17:26:30.185+0800][0.870s][info][gc,start       ] GC(495) Pause Full (Allocation Failure)
[2026-01-06T17:26:30.185+0800][0.870s][info][gc,phases,start] GC(495) Phase 1: Mark live objects
[2026-01-06T17:26:30.185+0800][0.871s][info][gc,phases      ] GC(495) Phase 1: Mark live objects 0.447ms
[2026-01-06T17:26:30.185+0800][0.871s][info][gc,phases,start] GC(495) Phase 2: Compute new object addresses
[2026-01-06T17:26:30.185+0800][0.871s][info][gc,phases      ] GC(495) Phase 2: Compute new object addresses 0.069ms
[2026-01-06T17:26:30.185+0800][0.871s][info][gc,phases,start] GC(495) Phase 3: Adjust pointers
[2026-01-06T17:26:30.186+0800][0.872s][info][gc,phases      ] GC(495) Phase 3: Adjust pointers 0.649ms
[2026-01-06T17:26:30.186+0800][0.872s][info][gc,phases,start] GC(495) Phase 4: Move objects
[2026-01-06T17:26:30.186+0800][0.872s][info][gc,phases      ] GC(495) Phase 4: Move objects 0.032ms
[2026-01-06T17:26:30.186+0800][0.872s][info][gc             ] GC(495) Pause Full (Allocation Failure) 133M->4M(247M) 1.220ms
[2026-01-06T17:26:30.186+0800][0.872s][info][gc,heap        ] GC(494) DefNew: 67960K->0K(78720K)
[2026-01-06T17:26:30.186+0800][0.872s][info][gc,heap        ] GC(494) Tenured: 135329K->4257K(174784K)
[2026-01-06T17:26:30.186+0800][0.872s][info][gc,metaspace   ] GC(494) Metaspace: 3702K(4864K)->3702K(4864K) NonClass: 3381K(4352K)->3381K(4352K) Class: 320K(512K)->320K(512K)
[2026-01-06T17:26:30.186+0800][0.872s][info][gc             ] GC(494) Pause Young (Allocation Failure) 198M->4M(247M) 1.296ms
[2026-01-06T17:26:30.186+0800][0.872s][info][gc,cpu         ] GC(494) User=0.00s Sys=0.00s Real=0.00s
[2026-01-06T17:26:30.188+0800][0.873s][info][gc,start       ] GC(496) Pause Young (Allocation Failure)
[2026-01-06T17:26:30.188+0800][0.873s][info][gc,start       ] GC(497) Pause Full (Allocation Failure)
[2026-01-06T17:26:30.188+0800][0.873s][info][gc,phases,start] GC(497) Phase 1: Mark live objects
[2026-01-06T17:26:30.188+0800][0.874s][info][gc,phases      ] GC(497) Phase 1: Mark live objects 0.445ms
[2026-01-06T17:26:30.188+0800][0.874s][info][gc,phases,start] GC(497) Phase 2: Compute new object addresses
[2026-01-06T17:26:30.188+0800][0.874s][info][gc,phases      ] GC(497) Phase 2: Compute new object addresses 0.070ms
[2026-01-06T17:26:30.188+0800][0.874s][info][gc,phases,start] GC(497) Phase 3: Adjust pointers
[2026-01-06T17:26:30.189+0800][0.875s][info][gc,phases      ] GC(497) Phase 3: Adjust pointers 0.653ms
[2026-01-06T17:26:30.189+0800][0.875s][info][gc,phases,start] GC(497) Phase 4: Move objects
[2026-01-06T17:26:30.189+0800][0.875s][info][gc,phases      ] GC(497) Phase 4: Move objects 0.030ms
[2026-01-06T17:26:30.189+0800][0.875s][info][gc             ] GC(497) Pause Full (Allocation Failure) 133M->4M(247M) 1.219ms
[2026-01-06T17:26:30.189+0800][0.875s][info][gc,heap        ] GC(496) DefNew: 67960K->0K(78720K)
[2026-01-06T17:26:30.189+0800][0.875s][info][gc,heap        ] GC(496) Tenured: 135329K->4257K(174784K)
[2026-01-06T17:26:30.189+0800][0.875s][info][gc,metaspace   ] GC(496) Metaspace: 3702K(4864K)->3702K(4864K) NonClass: 3381K(4352K)->3381K(4352K) Class: 320K(512K)->320K(512K)
[2026-01-06T17:26:30.189+0800][0.875s][info][gc             ] GC(496) Pause Young (Allocation Failure) 198M->4M(247M) 1.299ms
[2026-01-06T17:26:30.189+0800][0.875s][info][gc,cpu         ] GC(496) User=0.00s Sys=0.00s Real=0.00s
[2026-01-06T17:26:30.191+0800][0.876s][info][gc,start       ] GC(498) Pause Young (Allocation Failure)
[2026-01-06T17:26:30.191+0800][0.877s][info][gc,start       ] GC(499) Pause Full (Allocation Failure)
[2026-01-06T17:26:30.191+0800][0.877s][info][gc,phases,start] GC(499) Phase 1: Mark live objects
[2026-01-06T17:26:30.191+0800][0.877s][info][gc,phases      ] GC(499) Phase 1: Mark live objects 0.445ms
[2026-01-06T17:26:30.191+0800][0.877s][info][gc,phases,start] GC(499) Phase 2: Compute new object addresses
[2026-01-06T17:26:30.191+0800][0.877s][info][gc,phases      ] GC(499) Phase 2: Compute new object addresses 0.069ms
[2026-01-06T17:26:30.191+0800][0.877s][info][gc,phases,start] GC(499) Phase 3: Adjust pointers
[2026-01-06T17:26:30.192+0800][0.878s][info][gc,phases      ] GC(499) Phase 3: Adjust pointers 0.648ms
[2026-01-06T17:26:30.192+0800][0.878s][info][gc,phases,start] GC(499) Phase 4: Move objects
[2026-01-06T17:26:30.192+0800][0.878s][info][gc,phases      ] GC(499) Phase 4: Move objects 0.031ms
[2026-01-06T17:26:30.192+0800][0.878s][info][gc             ] GC(499) Pause Full (Allocation Failure) 133M->4M(247M) 1.214ms
[2026-01-06T17:26:30.192+0800][0.878s][info][gc,heap        ] GC(498) DefNew: 67960K->0K(78720K)
[2026-01-06T17:26:30.192+0800][0.878s][info][gc,heap        ] GC(498) Tenured: 135329K->4257K(174784K)
[2026-01-06T17:26:30.192+0800][0.878s][info][gc,metaspace   ] GC(498) Metaspace: 3702K(4864K)->3702K(4864K) NonClass: 3381K(4352K)->3381K(4352K) Class: 320K(512K)->320K(512K)
[2026-01-06T17:26:30.192+0800][0.878s][info][gc             ] GC(498) Pause Young (Allocation Failure) 198M->4M(247M) 1.290ms
[2026-01-06T17:26:30.192+0800][0.878s][info][gc,cpu         ] GC(498) User=0.00s Sys=0.00s Real=0.00s
[2026-01-06T17:26:30.194+0800][0.879s][info][gc,start       ] GC(500) Pause Young (Allocation Failure)
[2026-01-06T17:26:30.194+0800][0.880s][info][gc,start       ] GC(501) Pause Full (Allocation Failure)
[2026-01-06T17:26:30.194+0800][0.880s][info][gc,phases,start] GC(501) Phase 1: Mark live objects
[2026-01-06T17:26:30.194+0800][0.880s][info][gc,phases      ] GC(501) Phase 1: Mark live objects 0.441ms
[2026-01-06T17:26:30.194+0800][0.880s][info][gc,phases,start] GC(501) Phase 2: Compute new object addresses
[2026-01-06T17:26:30.194+0800][0.880s][info][gc,phases      ] GC(501) Phase 2: Compute new object addresses 0.068ms
[2026-01-06T17:26:30.194+0800][0.880s][info][gc,phases,start] GC(501) Phase 3: Adjust pointers
[2026-01-06T17:26:30.195+0800][0.881s][info][gc,phases      ] GC(501) Phase 3: Adjust pointers 0.651ms
[2026-01-06T17:26:30.195+0800][0.881s][info][gc,phases,start] GC(501) Phase 4: Move objects
[2026-01-06T17:26:30.195+0800][0.881s][info][gc,phases      ] GC(501) Phase 4: Move objects 0.030ms
[2026-01-06T17:26:30.195+0800][0.881s][info][gc             ] GC(501) Pause Full (Allocation Failure) 133M->4M(247M) 1.212ms
[2026-01-06T17:26:30.195+0800][0.881s][info][gc,heap        ] GC(500) DefNew: 67960K->0K(78720K)
[2026-01-06T17:26:30.195+0800][0.881s][info][gc,heap        ] GC(500) Tenured: 135329K->4257K(174784K)
[2026-01-06T17:26:30.195+0800][0.881s][info][gc,metaspace   ] GC(500) Metaspace: 3702K(4864K)->3702K(4864K) NonClass: 3381K(4352K)->3381K(4352K) Class: 320K(512K)->320K(512K)
[2026-01-06T17:26:30.195+0800][0.881s][info][gc             ] GC(500) Pause Young (Allocation Failure) 198M->4M(247M) 1.290ms
[2026-01-06T17:26:30.195+0800][0.881s][info][gc,cpu         ] GC(500) User=0.00s Sys=0.00s Real=0.00s
[2026-01-06T17:26:30.197+0800][0.883s][info][gc,start       ] GC(502) Pause Young (Allocation Failure)
[2026-01-06T17:26:30.197+0800][0.883s][info][gc,start       ] GC(503) Pause Full (Allocation Failure)
[2026-01-06T17:26:30.197+0800][0.883s][info][gc,phases,start] GC(503) Phase 1: Mark live objects
[2026-01-06T17:26:30.197+0800][0.883s][info][gc,phases      ] GC(503) Phase 1: Mark live objects 0.448ms
[2026-01-06T17:26:30.197+0800][0.883s][info][gc,phases,start] GC(503) Phase 2: Compute new object addresses
[2026-01-06T17:26:30.198+0800][0.883s][info][gc,phases      ] GC(503) Phase 2: Compute new object addresses 0.073ms
[2026-01-06T17:26:30.198+0800][0.883s][info][gc,phases,start] GC(503) Phase 3: Adjust pointers
[2026-01-06T17:26:30.198+0800][0.884s][info][gc,phases      ] GC(503) Phase 3: Adjust pointers 0.654ms
[2026-01-06T17:26:30.198+0800][0.884s][info][gc,phases,start] GC(503) Phase 4: Move objects
[2026-01-06T17:26:30.198+0800][0.884s][info][gc,phases      ] GC(503) Phase 4: Move objects 0.031ms
[2026-01-06T17:26:30.198+0800][0.884s][info][gc             ] GC(503) Pause Full (Allocation Failure) 133M->4M(247M) 1.228ms
[2026-01-06T17:26:30.198+0800][0.884s][info][gc,heap        ] GC(502) DefNew: 67960K->0K(78720K)
[2026-01-06T17:26:30.198+0800][0.884s][info][gc,heap        ] GC(502) Tenured: 135329K->4257K(174784K)
[2026-01-06T17:26:30.198+0800][0.884s][info][gc,metaspace   ] GC(502) Metaspace: 3705K(4864K)->3705K(4864K) NonClass: 3384K(4352K)->3384K(4352K) Class: 320K(512K)->320K(512K)
[2026-01-06T17:26:30.198+0800][0.884s][info][gc             ] GC(502) Pause Young (Allocation Failure) 198M->4M(247M) 1.303ms
[2026-01-06T17:26:30.198+0800][0.884s][info][gc,cpu         ] GC(502) User=0.00s Sys=0.00s Real=0.00s
[2026-01-06T17:26:30.200+0800][0.886s][info][gc,start       ] GC(504) Pause Young (Allocation Failure)
[2026-01-06T17:26:30.200+0800][0.886s][info][gc,start       ] GC(505) Pause Full (Allocation Failure)
[2026-01-06T17:26:30.200+0800][0.886s][info][gc,phases,start] GC(505) Phase 1: Mark live objects
[2026-01-06T17:26:30.201+0800][0.886s][info][gc,phases      ] GC(505) Phase 1: Mark live objects 0.446ms
[2026-01-06T17:26:30.201+0800][0.886s][info][gc,phases,start] GC(505) Phase 2: Compute new object addresses
[2026-01-06T17:26:30.201+0800][0.886s][info][gc,phases      ] GC(505) Phase 2: Compute new object addresses 0.075ms
[2026-01-06T17:26:30.201+0800][0.886s][info][gc,phases,start] GC(505) Phase 3: Adjust pointers
[2026-01-06T17:26:30.201+0800][0.887s][info][gc,phases      ] GC(505) Phase 3: Adjust pointers 0.650ms
[2026-01-06T17:26:30.201+0800][0.887s][info][gc,phases,start] GC(505) Phase 4: Move objects
[2026-01-06T17:26:30.201+0800][0.887s][info][gc,phases      ] GC(505) Phase 4: Move objects 0.030ms
[2026-01-06T17:26:30.201+0800][0.887s][info][gc             ] GC(505) Pause Full (Allocation Failure) 133M->4M(247M) 1.223ms
[2026-01-06T17:26:30.201+0800][0.887s][info][gc,heap        ] GC(504) DefNew: 67960K->0K(78720K)
[2026-01-06T17:26:30.201+0800][0.887s][info][gc,heap        ] GC(504) Tenured: 135329K->4257K(174784K)
[2026-01-06T17:26:30.201+0800][0.887s][info][gc,metaspace   ] GC(504) Metaspace: 3705K(4864K)->3705K(4864K) NonClass: 3384K(4352K)->3384K(4352K) Class: 320K(512K)->320K(512K)
[2026-01-06T17:26:30.201+0800][0.887s][info][gc             ] GC(504) Pause Young (Allocation Failure) 198M->4M(247M) 1.300ms
[2026-01-06T17:26:30.201+0800][0.887s][info][gc,cpu         ] GC(504) User=0.00s Sys=0.00s Real=0.00s
[2026-01-06T17:26:30.203+0800][0.889s][info][gc,start       ] GC(506) Pause Young (Allocation Failure)
[2026-01-06T17:26:30.203+0800][0.889s][info][gc,start       ] GC(507) Pause Full (Allocation Failure)
[2026-01-06T17:26:30.203+0800][0.889s][info][gc,phases,start] GC(507) Phase 1: Mark live objects
[2026-01-06T17:26:30.204+0800][0.889s][info][gc,phases      ] GC(507) Phase 1: Mark live objects 0.441ms
[2026-01-06T17:26:30.204+0800][0.889s][info][gc,phases,start] GC(507) Phase 2: Compute new object addresses
[2026-01-06T17:26:30.204+0800][0.889s][info][gc,phases      ] GC(507) Phase 2: Compute new object addresses 0.073ms
[2026-01-06T17:26:30.204+0800][0.889s][info][gc,phases,start] GC(507) Phase 3: Adjust pointers
[2026-01-06T17:26:30.204+0800][0.890s][info][gc,phases      ] GC(507) Phase 3: Adjust pointers 0.653ms
[2026-01-06T17:26:30.204+0800][0.890s][info][gc,phases,start] GC(507) Phase 4: Move objects
[2026-01-06T17:26:30.204+0800][0.890s][info][gc,phases      ] GC(507) Phase 4: Move objects 0.033ms
[2026-01-06T17:26:30.204+0800][0.890s][info][gc             ] GC(507) Pause Full (Allocation Failure) 133M->4M(247M) 1.222ms
[2026-01-06T17:26:30.204+0800][0.890s][info][gc,heap        ] GC(506) DefNew: 67960K->0K(78720K)
[2026-01-06T17:26:30.204+0800][0.890s][info][gc,heap        ] GC(506) Tenured: 135329K->4257K(174784K)
[2026-01-06T17:26:30.204+0800][0.890s][info][gc,metaspace   ] GC(506) Metaspace: 3705K(4864K)->3705K(4864K) NonClass: 3384K(4352K)->3384K(4352K) Class: 320K(512K)->320K(512K)
[2026-01-06T17:26:30.204+0800][0.890s][info][gc             ] GC(506) Pause Young (Allocation Failure) 198M->4M(247M) 1.298ms
[2026-01-06T17:26:30.204+0800][0.890s][info][gc,cpu         ] GC(506) User=0.01s Sys=0.00s Real=0.00s
[2026-01-06T17:26:30.206+0800][0.892s][info][gc,start       ] GC(508) Pause Young (Allocation Failure)
[2026-01-06T17:26:30.206+0800][0.892s][info][gc,start       ] GC(509) Pause Full (Allocation Failure)
[2026-01-06T17:26:30.206+0800][0.892s][info][gc,phases,start] GC(509) Phase 1: Mark live objects
[2026-01-06T17:26:30.207+0800][0.892s][info][gc,phases      ] GC(509) Phase 1: Mark live objects 0.456ms
[2026-01-06T17:26:30.207+0800][0.892s][info][gc,phases,start] GC(509) Phase 2: Compute new object addresses
[2026-01-06T17:26:30.207+0800][0.892s][info][gc,phases      ] GC(509) Phase 2: Compute new object addresses 0.070ms
[2026-01-06T17:26:30.207+0800][0.892s][info][gc,phases,start] GC(509) Phase 3: Adjust pointers
[2026-01-06T17:26:30.207+0800][0.893s][info][gc,phases      ] GC(509) Phase 3: Adjust pointers 0.650ms
[2026-01-06T17:26:30.207+0800][0.893s][info][gc,phases,start] GC(509) Phase 4: Move objects
[2026-01-06T17:26:30.207+0800][0.893s][info][gc,phases      ] GC(509) Phase 4: Move objects 0.030ms
[2026-01-06T17:26:30.207+0800][0.893s][info][gc             ] GC(509) Pause Full (Allocation Failure) 133M->4M(247M) 1.227ms
[2026-01-06T17:26:30.207+0800][0.893s][info][gc,heap        ] GC(508) DefNew: 67960K->0K(78720K)
[2026-01-06T17:26:30.207+0800][0.893s][info][gc,heap        ] GC(508) Tenured: 135329K->4257K(174784K)
[2026-01-06T17:26:30.207+0800][0.893s][info][gc,metaspace   ] GC(508) Metaspace: 3705K(4864K)->3705K(4864K) NonClass: 3384K(4352K)->3384K(4352K) Class: 320K(512K)->320K(512K)
[2026-01-06T17:26:30.207+0800][0.893s][info][gc             ] GC(508) Pause Young (Allocation Failure) 198M->4M(247M) 1.305ms
[2026-01-06T17:26:30.207+0800][0.893s][info][gc,cpu         ] GC(508) User=0.00s Sys=0.00s Real=0.00s
[2026-01-06T17:26:30.209+0800][0.895s][info][gc,start       ] GC(510) Pause Young (Allocation Failure)
[2026-01-06T17:26:30.209+0800][0.895s][info][gc,start       ] GC(511) Pause Full (Allocation Failure)
[2026-01-06T17:26:30.209+0800][0.895s][info][gc,phases,start] GC(511) Phase 1: Mark live objects
[2026-01-06T17:26:30.210+0800][0.895s][info][gc,phases      ] GC(511) Phase 1: Mark live objects 0.446ms
[2026-01-06T17:26:30.210+0800][0.895s][info][gc,phases,start] GC(511) Phase 2: Compute new object addresses
[2026-01-06T17:26:30.210+0800][0.895s][info][gc,phases      ] GC(511) Phase 2: Compute new object addresses 0.069ms
[2026-01-06T17:26:30.210+0800][0.895s][info][gc,phases,start] GC(511) Phase 3: Adjust pointers
[2026-01-06T17:26:30.210+0800][0.896s][info][gc,phases      ] GC(511) Phase 3: Adjust pointers 0.652ms
[2026-01-06T17:26:30.210+0800][0.896s][info][gc,phases,start] GC(511) Phase 4: Move objects
[2026-01-06T17:26:30.211+0800][0.896s][info][gc,phases      ] GC(511) Phase 4: Move objects 0.034ms
[2026-01-06T17:26:30.211+0800][0.896s][info][gc             ] GC(511) Pause Full (Allocation Failure) 133M->4M(247M) 1.228ms
[2026-01-06T17:26:30.211+0800][0.896s][info][gc,heap        ] GC(510) DefNew: 68256K->0K(78720K)
[2026-01-06T17:26:30.211+0800][0.896s][info][gc,heap        ] GC(510) Tenured: 135329K->4258K(174784K)
[2026-01-06T17:26:30.211+0800][0.896s][info][gc,metaspace   ] GC(510) Metaspace: 3725K(4864K)->3725K(4864K) NonClass: 3404K(4352K)->3404K(4352K) Class: 320K(512K)->320K(512K)
[2026-01-06T17:26:30.211+0800][0.896s][info][gc             ] GC(510) Pause Young (Allocation Failure) 198M->4M(247M) 1.323ms
[2026-01-06T17:26:30.211+0800][0.896s][info][gc,cpu         ] GC(510) User=0.00s Sys=0.00s Real=0.01s
[2026-01-06T17:26:30.212+0800][0.898s][info][gc,start       ] GC(512) Pause Young (Allocation Failure)
[2026-01-06T17:26:30.212+0800][0.898s][info][gc,start       ] GC(513) Pause Full (Allocation Failure)
[2026-01-06T17:26:30.212+0800][0.898s][info][gc,phases,start] GC(513) Phase 1: Mark live objects
[2026-01-06T17:26:30.213+0800][0.899s][info][gc,phases      ] GC(513) Phase 1: Mark live objects 0.506ms
[2026-01-06T17:26:30.213+0800][0.899s][info][gc,phases,start] GC(513) Phase 2: Compute new object addresses
[2026-01-06T17:26:30.213+0800][0.899s][info][gc,phases      ] GC(513) Phase 2: Compute new object addresses 0.078ms
[2026-01-06T17:26:30.213+0800][0.899s][info][gc,phases,start] GC(513) Phase 3: Adjust pointers
[2026-01-06T17:26:30.214+0800][0.899s][info][gc,phases      ] GC(513) Phase 3: Adjust pointers 0.679ms
[2026-01-06T17:26:30.214+0800][0.899s][info][gc,phases,start] GC(513) Phase 4: Move objects
[2026-01-06T17:26:30.214+0800][0.899s][info][gc,phases      ] GC(513) Phase 4: Move objects 0.039ms
[2026-01-06T17:26:30.214+0800][0.899s][info][gc             ] GC(513) Pause Full (Allocation Failure) 133M->4M(247M) 1.330ms
[2026-01-06T17:26:30.214+0800][0.899s][info][gc,heap        ] GC(512) DefNew: 68152K->0K(78720K)
[2026-01-06T17:26:30.214+0800][0.899s][info][gc,heap        ] GC(512) Tenured: 135330K->4258K(174784K)
[2026-01-06T17:26:30.214+0800][0.899s][info][gc,metaspace   ] GC(512) Metaspace: 3725K(4864K)->3725K(4864K) NonClass: 3404K(4352K)->3404K(4352K) Class: 320K(512K)->320K(512K)
[2026-01-06T17:26:30.214+0800][0.899s][info][gc             ] GC(512) Pause Young (Allocation Failure) 198M->4M(247M) 1.438ms
[2026-01-06T17:26:30.214+0800][0.899s][info][gc,cpu         ] GC(512) User=0.00s Sys=0.00s Real=0.00s
[2026-01-06T17:26:30.216+0800][0.901s][info][gc,start       ] GC(514) Pause Young (Allocation Failure)
[2026-01-06T17:26:30.216+0800][0.901s][info][gc,start       ] GC(515) Pause Full (Allocation Failure)
[2026-01-06T17:26:30.216+0800][0.901s][info][gc,phases,start] GC(515) Phase 1: Mark live objects
[2026-01-06T17:26:30.216+0800][0.902s][info][gc,phases      ] GC(515) Phase 1: Mark live objects 0.523ms
[2026-01-06T17:26:30.216+0800][0.902s][info][gc,phases,start] GC(515) Phase 2: Compute new object addresses
[2026-01-06T17:26:30.216+0800][0.902s][info][gc,phases      ] GC(515) Phase 2: Compute new object addresses 0.076ms
[2026-01-06T17:26:30.216+0800][0.902s][info][gc,phases,start] GC(515) Phase 3: Adjust pointers
[2026-01-06T17:26:30.217+0800][0.903s][info][gc,phases      ] GC(515) Phase 3: Adjust pointers 0.700ms
[2026-01-06T17:26:30.217+0800][0.903s][info][gc,phases,start] GC(515) Phase 4: Move objects
[2026-01-06T17:26:30.217+0800][0.903s][info][gc,phases      ] GC(515) Phase 4: Move objects 0.039ms
[2026-01-06T17:26:30.217+0800][0.903s][info][gc             ] GC(515) Pause Full (Allocation Failure) 133M->5M(247M) 1.361ms
[2026-01-06T17:26:30.217+0800][0.903s][info][gc,heap        ] GC(514) DefNew: 67960K->0K(78720K)
[2026-01-06T17:26:30.217+0800][0.903s][info][gc,heap        ] GC(514) Tenured: 135330K->5795K(174784K)
[2026-01-06T17:26:30.217+0800][0.903s][info][gc,metaspace   ] GC(514) Metaspace: 3727K(4864K)->3727K(4864K) NonClass: 3406K(4352K)->3406K(4352K) Class: 320K(512K)->320K(512K)
[2026-01-06T17:26:30.217+0800][0.903s][info][gc             ] GC(514) Pause Young (Allocation Failure) 198M->5M(247M) 1.447ms
[2026-01-06T17:26:30.217+0800][0.903s][info][gc,cpu         ] GC(514) User=0.00s Sys=0.00s Real=0.00s
[2026-01-06T17:26:30.219+0800][0.904s][info][gc,start       ] GC(516) Pause Young (Allocation Failure)
[2026-01-06T17:26:30.219+0800][0.904s][info][gc,start       ] GC(517) Pause Full (Allocation Failure)
[2026-01-06T17:26:30.219+0800][0.905s][info][gc,phases,start] GC(517) Phase 1: Mark live objects
[2026-01-06T17:26:30.219+0800][0.905s][info][gc,phases      ] GC(517) Phase 1: Mark live objects 0.495ms
[2026-01-06T17:26:30.219+0800][0.905s][info][gc,phases,start] GC(517) Phase 2: Compute new object addresses
[2026-01-06T17:26:30.220+0800][0.905s][info][gc,phases      ] GC(517) Phase 2: Compute new object addresses 0.076ms
[2026-01-06T17:26:30.220+0800][0.905s][info][gc,phases,start] GC(517) Phase 3: Adjust pointers
[2026-01-06T17:26:30.220+0800][0.906s][info][gc,phases      ] GC(517) Phase 3: Adjust pointers 0.687ms
[2026-01-06T17:26:30.220+0800][0.906s][info][gc,phases,start] GC(517) Phase 4: Move objects
[2026-01-06T17:26:30.220+0800][0.906s][info][gc,phases      ] GC(517) Phase 4: Move objects 0.032ms
[2026-01-06T17:26:30.220+0800][0.906s][info][gc             ] GC(517) Pause Full (Allocation Failure) 135M->5M(247M) 1.318ms
[2026-01-06T17:26:30.220+0800][0.906s][info][gc,heap        ] GC(516) DefNew: 67960K->0K(78720K)
[2026-01-06T17:26:30.220+0800][0.906s][info][gc,heap        ] GC(516) Tenured: 136867K->5795K(174784K)
[2026-01-06T17:26:30.220+0800][0.906s][info][gc,metaspace   ] GC(516) Metaspace: 3728K(4864K)->3728K(4864K) NonClass: 3407K(4352K)->3407K(4352K) Class: 320K(512K)->320K(512K)
[2026-01-06T17:26:30.220+0800][0.906s][info][gc             ] GC(516) Pause Young (Allocation Failure) 200M->5M(247M) 1.397ms
[2026-01-06T17:26:30.220+0800][0.906s][info][gc,cpu         ] GC(516) User=0.01s Sys=0.00s Real=0.01s
[2026-01-06T17:26:30.222+0800][0.908s][info][gc,start       ] GC(518) Pause Young (Allocation Failure)
[2026-01-06T17:26:30.222+0800][0.908s][info][gc,start       ] GC(519) Pause Full (Allocation Failure)
[2026-01-06T17:26:30.222+0800][0.908s][info][gc,phases,start] GC(519) Phase 1: Mark live objects
[2026-01-06T17:26:30.223+0800][0.908s][info][gc,phases      ] GC(519) Phase 1: Mark live objects 0.496ms
[2026-01-06T17:26:30.223+0800][0.908s][info][gc,phases,start] GC(519) Phase 2: Compute new object addresses
[2026-01-06T17:26:30.223+0800][0.908s][info][gc,phases      ] GC(519) Phase 2: Compute new object addresses 0.074ms
[2026-01-06T17:26:30.223+0800][0.908s][info][gc,phases,start] GC(519) Phase 3: Adjust pointers
[2026-01-06T17:26:30.223+0800][0.909s][info][gc,phases      ] GC(519) Phase 3: Adjust pointers 0.679ms
[2026-01-06T17:26:30.223+0800][0.909s][info][gc,phases,start] GC(519) Phase 4: Move objects
[2026-01-06T17:26:30.223+0800][0.909s][info][gc,phases      ] GC(519) Phase 4: Move objects 0.031ms
[2026-01-06T17:26:30.223+0800][0.909s][info][gc             ] GC(519) Pause Full (Allocation Failure) 135M->5M(247M) 1.304ms
[2026-01-06T17:26:30.223+0800][0.909s][info][gc,heap        ] GC(518) DefNew: 67960K->0K(78720K)
[2026-01-06T17:26:30.223+0800][0.909s][info][gc,heap        ] GC(518) Tenured: 136867K->5795K(174784K)
[2026-01-06T17:26:30.223+0800][0.909s][info][gc,metaspace   ] GC(518) Metaspace: 3728K(4864K)->3728K(4864K) NonClass: 3407K(4352K)->3407K(4352K) Class: 320K(512K)->320K(512K)
[2026-01-06T17:26:30.223+0800][0.909s][info][gc             ] GC(518) Pause Young (Allocation Failure) 200M->5M(247M) 1.382ms
[2026-01-06T17:26:30.223+0800][0.909s][info][gc,cpu         ] GC(518) User=0.00s Sys=0.00s Real=0.00s
[2026-01-06T17:26:30.225+0800][0.911s][info][gc,start       ] GC(520) Pause Young (Allocation Failure)
[2026-01-06T17:26:30.225+0800][0.911s][info][gc,start       ] GC(521) Pause Full (Allocation Failure)
[2026-01-06T17:26:30.225+0800][0.911s][info][gc,phases,start] GC(521) Phase 1: Mark live objects
[2026-01-06T17:26:30.226+0800][0.911s][info][gc,phases      ] GC(521) Phase 1: Mark live objects 0.561ms
[2026-01-06T17:26:30.226+0800][0.911s][info][gc,phases,start] GC(521) Phase 2: Compute new object addresses
[2026-01-06T17:26:30.226+0800][0.911s][info][gc,phases      ] GC(521) Phase 2: Compute new object addresses 0.083ms
[2026-01-06T17:26:30.226+0800][0.911s][info][gc,phases,start] GC(521) Phase 3: Adjust pointers
[2026-01-06T17:26:30.227+0800][0.912s][info][gc,phases      ] GC(521) Phase 3: Adjust pointers 0.793ms
[2026-01-06T17:26:30.227+0800][0.912s][info][gc,phases,start] GC(521) Phase 4: Move objects
[2026-01-06T17:26:30.227+0800][0.912s][info][gc,phases      ] GC(521) Phase 4: Move objects 0.035ms
[2026-01-06T17:26:30.227+0800][0.912s][info][gc             ] GC(521) Pause Full (Allocation Failure) 135M->4M(247M) 1.511ms
[2026-01-06T17:26:30.227+0800][0.912s][info][gc,heap        ] GC(520) DefNew: 67960K->0K(78720K)
[2026-01-06T17:26:30.227+0800][0.912s][info][gc,heap        ] GC(520) Tenured: 136867K->4258K(174784K)
[2026-01-06T17:26:30.227+0800][0.912s][info][gc,metaspace   ] GC(520) Metaspace: 3728K(4864K)->3728K(4864K) NonClass: 3407K(4352K)->3407K(4352K) Class: 320K(512K)->320K(512K)
[2026-01-06T17:26:30.227+0800][0.912s][info][gc             ] GC(520) Pause Young (Allocation Failure) 200M->4M(247M) 1.594ms
[2026-01-06T17:26:30.227+0800][0.912s][info][gc,cpu         ] GC(520) User=0.00s Sys=0.00s Real=0.00s
[2026-01-06T17:26:30.229+0800][0.914s][info][gc,start       ] GC(522) Pause Young (Allocation Failure)
[2026-01-06T17:26:30.229+0800][0.914s][info][gc,start       ] GC(523) Pause Full (Allocation Failure)
[2026-01-06T17:26:30.229+0800][0.914s][info][gc,phases,start] GC(523) Phase 1: Mark live objects
[2026-01-06T17:26:30.229+0800][0.915s][info][gc,phases      ] GC(523) Phase 1: Mark live objects 0.469ms
[2026-01-06T17:26:30.229+0800][0.915s][info][gc,phases,start] GC(523) Phase 2: Compute new object addresses
[2026-01-06T17:26:30.229+0800][0.915s][info][gc,phases      ] GC(523) Phase 2: Compute new object addresses 0.072ms
[2026-01-06T17:26:30.229+0800][0.915s][info][gc,phases,start] GC(523) Phase 3: Adjust pointers
[2026-01-06T17:26:30.230+0800][0.915s][info][gc,phases      ] GC(523) Phase 3: Adjust pointers 0.676ms
[2026-01-06T17:26:30.230+0800][0.915s][info][gc,phases,start] GC(523) Phase 4: Move objects
[2026-01-06T17:26:30.230+0800][0.915s][info][gc,phases      ] GC(523) Phase 4: Move objects 0.039ms
[2026-01-06T17:26:30.230+0800][0.915s][info][gc             ] GC(523) Pause Full (Allocation Failure) 133M->4M(247M) 1.279ms
[2026-01-06T17:26:30.230+0800][0.915s][info][gc,heap        ] GC(522) DefNew: 67960K->0K(78720K)
[2026-01-06T17:26:30.230+0800][0.915s][info][gc,heap        ] GC(522) Tenured: 135330K->4332K(174784K)
[2026-01-06T17:26:30.230+0800][0.915s][info][gc,metaspace   ] GC(522) Metaspace: 3728K(4864K)->3728K(4864K) NonClass: 3407K(4352K)->3407K(4352K) Class: 320K(512K)->320K(512K)
[2026-01-06T17:26:30.230+0800][0.915s][info][gc             ] GC(522) Pause Young (Allocation Failure) 198M->4M(247M) 1.376ms
[2026-01-06T17:26:30.230+0800][0.915s][info][gc,cpu         ] GC(522) User=0.01s Sys=0.00s Real=0.01s
[2026-01-06T17:26:30.232+0800][0.917s][info][gc,start       ] GC(524) Pause Young (Allocation Failure)
[2026-01-06T17:26:30.232+0800][0.917s][info][gc,start       ] GC(525) Pause Full (Allocation Failure)
[2026-01-06T17:26:30.232+0800][0.917s][info][gc,phases,start] GC(525) Phase 1: Mark live objects
[2026-01-06T17:26:30.232+0800][0.918s][info][gc,phases      ] GC(525) Phase 1: Mark live objects 0.461ms
[2026-01-06T17:26:30.232+0800][0.918s][info][gc,phases,start] GC(525) Phase 2: Compute new object addresses
[2026-01-06T17:26:30.232+0800][0.918s][info][gc,phases      ] GC(525) Phase 2: Compute new object addresses 0.072ms
[2026-01-06T17:26:30.232+0800][0.918s][info][gc,phases,start] GC(525) Phase 3: Adjust pointers
[2026-01-06T17:26:30.233+0800][0.919s][info][gc,phases      ] GC(525) Phase 3: Adjust pointers 0.673ms
[2026-01-06T17:26:30.233+0800][0.919s][info][gc,phases,start] GC(525) Phase 4: Move objects
[2026-01-06T17:26:30.233+0800][0.919s][info][gc,phases      ] GC(525) Phase 4: Move objects 0.035ms
[2026-01-06T17:26:30.233+0800][0.919s][info][gc             ] GC(525) Pause Full (Allocation Failure) 133M->4M(247M) 1.266ms
[2026-01-06T17:26:30.233+0800][0.919s][info][gc,heap        ] GC(524) DefNew: 67960K->0K(78720K)
[2026-01-06T17:26:30.233+0800][0.919s][info][gc,heap        ] GC(524) Tenured: 135404K->4332K(174784K)
[2026-01-06T17:26:30.233+0800][0.919s][info][gc,metaspace   ] GC(524) Metaspace: 3728K(4864K)->3728K(4864K) NonClass: 3407K(4352K)->3407K(4352K) Class: 320K(512K)->320K(512K)
[2026-01-06T17:26:30.233+0800][0.919s][info][gc             ] GC(524) Pause Young (Allocation Failure) 198M->4M(247M) 1.355ms
[2026-01-06T17:26:30.233+0800][0.919s][info][gc,cpu         ] GC(524) User=0.00s Sys=0.00s Real=0.00s
[2026-01-06T17:26:30.235+0800][0.920s][info][gc,start       ] GC(526) Pause Young (Allocation Failure)
[2026-01-06T17:26:30.235+0800][0.921s][info][gc,start       ] GC(527) Pause Full (Allocation Failure)
[2026-01-06T17:26:30.235+0800][0.921s][info][gc,phases,start] GC(527) Phase 1: Mark live objects
[2026-01-06T17:26:30.235+0800][0.921s][info][gc,phases      ] GC(527) Phase 1: Mark live objects 0.459ms
[2026-01-06T17:26:30.235+0800][0.921s][info][gc,phases,start] GC(527) Phase 2: Compute new object addresses
[2026-01-06T17:26:30.236+0800][0.921s][info][gc,phases      ] GC(527) Phase 2: Compute new object addresses 0.073ms
[2026-01-06T17:26:30.236+0800][0.921s][info][gc,phases,start] GC(527) Phase 3: Adjust pointers
[2026-01-06T17:26:30.236+0800][0.922s][info][gc,phases      ] GC(527) Phase 3: Adjust pointers 0.675ms
[2026-01-06T17:26:30.236+0800][0.922s][info][gc,phases,start] GC(527) Phase 4: Move objects
[2026-01-06T17:26:30.236+0800][0.922s][info][gc,phases      ] GC(527) Phase 4: Move objects 0.032ms
[2026-01-06T17:26:30.236+0800][0.922s][info][gc             ] GC(527) Pause Full (Allocation Failure) 133M->4M(247M) 1.261ms
[2026-01-06T17:26:30.236+0800][0.922s][info][gc,heap        ] GC(526) DefNew: 67960K->0K(78720K)
[2026-01-06T17:26:30.236+0800][0.922s][info][gc,heap        ] GC(526) Tenured: 135404K->4332K(174784K)
[2026-01-06T17:26:30.236+0800][0.922s][info][gc,metaspace   ] GC(526) Metaspace: 3728K(4864K)->3728K(4864K) NonClass: 3407K(4352K)->3407K(4352K) Class: 320K(512K)->320K(512K)
[2026-01-06T17:26:30.236+0800][0.922s][info][gc             ] GC(526) Pause Young (Allocation Failure) 198M->4M(247M) 1.352ms
[2026-01-06T17:26:30.236+0800][0.922s][info][gc,cpu         ] GC(526) User=0.00s Sys=0.00s Real=0.00s
[2026-01-06T17:26:30.238+0800][0.924s][info][gc,start       ] GC(528) Pause Young (Allocation Failure)
[2026-01-06T17:26:30.238+0800][0.924s][info][gc,start       ] GC(529) Pause Full (Allocation Failure)
[2026-01-06T17:26:30.238+0800][0.924s][info][gc,phases,start] GC(529) Phase 1: Mark live objects
[2026-01-06T17:26:30.239+0800][0.924s][info][gc,phases      ] GC(529) Phase 1: Mark live objects 0.504ms
[2026-01-06T17:26:30.239+0800][0.924s][info][gc,phases,start] GC(529) Phase 2: Compute new object addresses
[2026-01-06T17:26:30.239+0800][0.924s][info][gc,phases      ] GC(529) Phase 2: Compute new object addresses 0.090ms
[2026-01-06T17:26:30.239+0800][0.924s][info][gc,phases,start] GC(529) Phase 3: Adjust pointers
[2026-01-06T17:26:30.240+0800][0.925s][info][gc,phases      ] GC(529) Phase 3: Adjust pointers 0.721ms
[2026-01-06T17:26:30.240+0800][0.925s][info][gc,phases,start] GC(529) Phase 4: Move objects
[2026-01-06T17:26:30.240+0800][0.925s][info][gc,phases      ] GC(529) Phase 4: Move objects 0.035ms
[2026-01-06T17:26:30.240+0800][0.925s][info][gc             ] GC(529) Pause Full (Allocation Failure) 133M->4M(247M) 1.377ms
[2026-01-06T17:26:30.240+0800][0.925s][info][gc,heap        ] GC(528) DefNew: 67960K->0K(78720K)
[2026-01-06T17:26:30.240+0800][0.925s][info][gc,heap        ] GC(528) Tenured: 135404K->4258K(174784K)
[2026-01-06T17:26:30.240+0800][0.925s][info][gc,metaspace   ] GC(528) Metaspace: 3728K(4864K)->3728K(4864K) NonClass: 3407K(4352K)->3407K(4352K) Class: 320K(512K)->320K(512K)
[2026-01-06T17:26:30.240+0800][0.925s][info][gc             ] GC(528) Pause Young (Allocation Failure) 198M->4M(247M) 1.469ms
[2026-01-06T17:26:30.240+0800][0.925s][info][gc,cpu         ] GC(528) User=0.00s Sys=0.00s Real=0.01s
[2026-01-06T17:26:30.242+0800][0.927s][info][gc,start       ] GC(530) Pause Young (Allocation Failure)
[2026-01-06T17:26:30.242+0800][0.928s][info][gc,start       ] GC(531) Pause Full (Allocation Failure)
[2026-01-06T17:26:30.242+0800][0.928s][info][gc,phases,start] GC(531) Phase 1: Mark live objects
[2026-01-06T17:26:30.242+0800][0.928s][info][gc,phases      ] GC(531) Phase 1: Mark live objects 0.463ms
[2026-01-06T17:26:30.242+0800][0.928s][info][gc,phases,start] GC(531) Phase 2: Compute new object addresses
[2026-01-06T17:26:30.242+0800][0.928s][info][gc,phases      ] GC(531) Phase 2: Compute new object addresses 0.077ms
[2026-01-06T17:26:30.242+0800][0.928s][info][gc,phases,start] GC(531) Phase 3: Adjust pointers
[2026-01-06T17:26:30.243+0800][0.929s][info][gc,phases      ] GC(531) Phase 3: Adjust pointers 0.671ms
[2026-01-06T17:26:30.243+0800][0.929s][info][gc,phases,start] GC(531) Phase 4: Move objects
[2026-01-06T17:26:30.243+0800][0.929s][info][gc,phases      ] GC(531) Phase 4: Move objects 0.035ms
[2026-01-06T17:26:30.243+0800][0.929s][info][gc             ] GC(531) Pause Full (Allocation Failure) 133M->4M(247M) 1.272ms
[2026-01-06T17:26:30.243+0800][0.929s][info][gc,heap        ] GC(530) DefNew: 67960K->0K(78720K)
[2026-01-06T17:26:30.243+0800][0.929s][info][gc,heap        ] GC(530) Tenured: 135330K->4258K(174784K)
[2026-01-06T17:26:30.243+0800][0.929s][info][gc,metaspace   ] GC(530) Metaspace: 3728K(4864K)->3728K(4864K) NonClass: 3407K(4352K)->3407K(4352K) Class: 320K(512K)->320K(512K)
[2026-01-06T17:26:30.243+0800][0.929s][info][gc             ] GC(530) Pause Young (Allocation Failure) 198M->4M(247M) 1.364ms
[2026-01-06T17:26:30.243+0800][0.929s][info][gc,cpu         ] GC(530) User=0.00s Sys=0.00s Real=0.00s
[2026-01-06T17:26:30.245+0800][0.931s][info][gc,start       ] GC(532) Pause Young (Allocation Failure)
[2026-01-06T17:26:30.245+0800][0.931s][info][gc,start       ] GC(533) Pause Full (Allocation Failure)
[2026-01-06T17:26:30.245+0800][0.931s][info][gc,phases,start] GC(533) Phase 1: Mark live objects
[2026-01-06T17:26:30.246+0800][0.931s][info][gc,phases      ] GC(533) Phase 1: Mark live objects 0.452ms
[2026-01-06T17:26:30.246+0800][0.931s][info][gc,phases,start] GC(533) Phase 2: Compute new object addresses
[2026-01-06T17:26:30.246+0800][0.931s][info][gc,phases      ] GC(533) Phase 2: Compute new object addresses 0.076ms
[2026-01-06T17:26:30.246+0800][0.931s][info][gc,phases,start] GC(533) Phase 3: Adjust pointers
[2026-01-06T17:26:30.246+0800][0.932s][info][gc,phases      ] GC(533) Phase 3: Adjust pointers 0.667ms
[2026-01-06T17:26:30.246+0800][0.932s][info][gc,phases,start] GC(533) Phase 4: Move objects
[2026-01-06T17:26:30.246+0800][0.932s][info][gc,phases      ] GC(533) Phase 4: Move objects 0.034ms
[2026-01-06T17:26:30.246+0800][0.932s][info][gc             ] GC(533) Pause Full (Allocation Failure) 133M->4M(247M) 1.250ms
[2026-01-06T17:26:30.246+0800][0.932s][info][gc,heap        ] GC(532) DefNew: 67960K->0K(78720K)
[2026-01-06T17:26:30.246+0800][0.932s][info][gc,heap        ] GC(532) Tenured: 135330K->4258K(174784K)
[2026-01-06T17:26:30.246+0800][0.932s][info][gc,metaspace   ] GC(532) Metaspace: 3728K(4864K)->3728K(4864K) NonClass: 3407K(4352K)->3407K(4352K) Class: 320K(512K)->320K(512K)
[2026-01-06T17:26:30.246+0800][0.932s][info][gc             ] GC(532) Pause Young (Allocation Failure) 198M->4M(247M) 1.343ms
[2026-01-06T17:26:30.246+0800][0.932s][info][gc,cpu         ] GC(532) User=0.00s Sys=0.00s Real=0.00s
[2026-01-06T17:26:30.248+0800][0.934s][info][gc,start       ] GC(534) Pause Young (Allocation Failure)
[2026-01-06T17:26:30.248+0800][0.934s][info][gc,start       ] GC(535) Pause Full (Allocation Failure)
[2026-01-06T17:26:30.248+0800][0.934s][info][gc,phases,start] GC(535) Phase 1: Mark live objects
[2026-01-06T17:26:30.249+0800][0.934s][info][gc,phases      ] GC(535) Phase 1: Mark live objects 0.448ms
[2026-01-06T17:26:30.249+0800][0.934s][info][gc,phases,start] GC(535) Phase 2: Compute new object addresses
[2026-01-06T17:26:30.249+0800][0.934s][info][gc,phases      ] GC(535) Phase 2: Compute new object addresses 0.078ms
[2026-01-06T17:26:30.249+0800][0.934s][info][gc,phases,start] GC(535) Phase 3: Adjust pointers
[2026-01-06T17:26:30.249+0800][0.935s][info][gc,phases      ] GC(535) Phase 3: Adjust pointers 0.667ms
[2026-01-06T17:26:30.249+0800][0.935s][info][gc,phases,start] GC(535) Phase 4: Move objects
[2026-01-06T17:26:30.249+0800][0.935s][info][gc,phases      ] GC(535) Phase 4: Move objects 0.031ms
[2026-01-06T17:26:30.249+0800][0.935s][info][gc             ] GC(535) Pause Full (Allocation Failure) 133M->4M(247M) 1.249ms
[2026-01-06T17:26:30.249+0800][0.935s][info][gc,heap        ] GC(534) DefNew: 67960K->0K(78720K)
[2026-01-06T17:26:30.249+0800][0.935s][info][gc,heap        ] GC(534) Tenured: 135330K->4258K(174784K)
[2026-01-06T17:26:30.249+0800][0.935s][info][gc,metaspace   ] GC(534) Metaspace: 3728K(4864K)->3728K(4864K) NonClass: 3407K(4352K)->3407K(4352K) Class: 320K(512K)->320K(512K)
[2026-01-06T17:26:30.249+0800][0.935s][info][gc             ] GC(534) Pause Young (Allocation Failure) 198M->4M(247M) 1.339ms
[2026-01-06T17:26:30.249+0800][0.935s][info][gc,cpu         ] GC(534) User=0.00s Sys=0.00s Real=0.00s
[2026-01-06T17:26:30.251+0800][0.937s][info][gc,start       ] GC(536) Pause Young (Allocation Failure)
[2026-01-06T17:26:30.252+0800][0.937s][info][gc,start       ] GC(537) Pause Full (Allocation Failure)
[2026-01-06T17:26:30.252+0800][0.937s][info][gc,phases,start] GC(537) Phase 1: Mark live objects
[2026-01-06T17:26:30.252+0800][0.938s][info][gc,phases      ] GC(537) Phase 1: Mark live objects 0.476ms
[2026-01-06T17:26:30.252+0800][0.938s][info][gc,phases,start] GC(537) Phase 2: Compute new object addresses
[2026-01-06T17:26:30.252+0800][0.938s][info][gc,phases      ] GC(537) Phase 2: Compute new object addresses 0.078ms
[2026-01-06T17:26:30.252+0800][0.938s][info][gc,phases,start] GC(537) Phase 3: Adjust pointers
[2026-01-06T17:26:30.253+0800][0.938s][info][gc,phases      ] GC(537) Phase 3: Adjust pointers 0.679ms
[2026-01-06T17:26:30.253+0800][0.938s][info][gc,phases,start] GC(537) Phase 4: Move objects
[2026-01-06T17:26:30.253+0800][0.938s][info][gc,phases      ] GC(537) Phase 4: Move objects 0.043ms
[2026-01-06T17:26:30.253+0800][0.938s][info][gc             ] GC(537) Pause Full (Allocation Failure) 133M->4M(247M) 1.300ms
[2026-01-06T17:26:30.253+0800][0.938s][info][gc,heap        ] GC(536) DefNew: 67960K->0K(78720K)
[2026-01-06T17:26:30.253+0800][0.938s][info][gc,heap        ] GC(536) Tenured: 135330K->4258K(174784K)
[2026-01-06T17:26:30.253+0800][0.938s][info][gc,metaspace   ] GC(536) Metaspace: 3728K(4864K)->3728K(4864K) NonClass: 3407K(4352K)->3407K(4352K) Class: 320K(512K)->320K(512K)
[2026-01-06T17:26:30.253+0800][0.938s][info][gc             ] GC(536) Pause Young (Allocation Failure) 198M->4M(247M) 1.419ms
[2026-01-06T17:26:30.253+0800][0.938s][info][gc,cpu         ] GC(536) User=0.00s Sys=0.00s Real=0.00s
[2026-01-06T17:26:30.255+0800][0.940s][info][gc,start       ] GC(538) Pause Young (Allocation Failure)
[2026-01-06T17:26:30.255+0800][0.940s][info][gc,start       ] GC(539) Pause Full (Allocation Failure)
[2026-01-06T17:26:30.255+0800][0.940s][info][gc,phases,start] GC(539) Phase 1: Mark live objects
[2026-01-06T17:26:30.255+0800][0.941s][info][gc,phases      ] GC(539) Phase 1: Mark live objects 0.445ms
[2026-01-06T17:26:30.255+0800][0.941s][info][gc,phases,start] GC(539) Phase 2: Compute new object addresses
[2026-01-06T17:26:30.255+0800][0.941s][info][gc,phases      ] GC(539) Phase 2: Compute new object addresses 0.076ms
[2026-01-06T17:26:30.255+0800][0.941s][info][gc,phases,start] GC(539) Phase 3: Adjust pointers
[2026-01-06T17:26:30.256+0800][0.942s][info][gc,phases      ] GC(539) Phase 3: Adjust pointers 0.666ms
[2026-01-06T17:26:30.256+0800][0.942s][info][gc,phases,start] GC(539) Phase 4: Move objects
[2026-01-06T17:26:30.256+0800][0.942s][info][gc,phases      ] GC(539) Phase 4: Move objects 0.032ms
[2026-01-06T17:26:30.256+0800][0.942s][info][gc             ] GC(539) Pause Full (Allocation Failure) 133M->4M(247M) 1.242ms
[2026-01-06T17:26:30.256+0800][0.942s][info][gc,heap        ] GC(538) DefNew: 67960K->0K(78720K)
[2026-01-06T17:26:30.256+0800][0.942s][info][gc,heap        ] GC(538) Tenured: 135330K->4258K(174784K)
[2026-01-06T17:26:30.256+0800][0.942s][info][gc,metaspace   ] GC(538) Metaspace: 3728K(4864K)->3728K(4864K) NonClass: 3407K(4352K)->3407K(4352K) Class: 320K(512K)->320K(512K)
[2026-01-06T17:26:30.256+0800][0.942s][info][gc             ] GC(538) Pause Young (Allocation Failure) 198M->4M(247M) 1.336ms
[2026-01-06T17:26:30.256+0800][0.942s][info][gc,cpu         ] GC(538) User=0.00s Sys=0.00s Real=0.00s
[2026-01-06T17:26:30.258+0800][0.944s][info][gc,start       ] GC(540) Pause Young (Allocation Failure)
[2026-01-06T17:26:30.258+0800][0.944s][info][gc,start       ] GC(541) Pause Full (Allocation Failure)
[2026-01-06T17:26:30.258+0800][0.944s][info][gc,phases,start] GC(541) Phase 1: Mark live objects
[2026-01-06T17:26:30.259+0800][0.944s][info][gc,phases      ] GC(541) Phase 1: Mark live objects 0.446ms
[2026-01-06T17:26:30.259+0800][0.944s][info][gc,phases,start] GC(541) Phase 2: Compute new object addresses
[2026-01-06T17:26:30.259+0800][0.944s][info][gc,phases      ] GC(541) Phase 2: Compute new object addresses 0.077ms
[2026-01-06T17:26:30.259+0800][0.944s][info][gc,phases,start] GC(541) Phase 3: Adjust pointers
[2026-01-06T17:26:30.259+0800][0.945s][info][gc,phases      ] GC(541) Phase 3: Adjust pointers 0.663ms
[2026-01-06T17:26:30.259+0800][0.945s][info][gc,phases,start] GC(541) Phase 4: Move objects
[2026-01-06T17:26:30.260+0800][0.945s][info][gc,phases      ] GC(541) Phase 4: Move objects 0.033ms
[2026-01-06T17:26:30.260+0800][0.945s][info][gc             ] GC(541) Pause Full (Allocation Failure) 133M->4M(247M) 1.241ms
[2026-01-06T17:26:30.260+0800][0.945s][info][gc,heap        ] GC(540) DefNew: 67960K->0K(78720K)
[2026-01-06T17:26:30.260+0800][0.945s][info][gc,heap        ] GC(540) Tenured: 135330K->4258K(174784K)
[2026-01-06T17:26:30.260+0800][0.945s][info][gc,metaspace   ] GC(540) Metaspace: 3728K(4864K)->3728K(4864K) NonClass: 3407K(4352K)->3407K(4352K) Class: 320K(512K)->320K(512K)
[2026-01-06T17:26:30.260+0800][0.945s][info][gc             ] GC(540) Pause Young (Allocation Failure) 198M->4M(247M) 1.329ms
[2026-01-06T17:26:30.260+0800][0.945s][info][gc,cpu         ] GC(540) User=0.00s Sys=0.00s Real=0.01s
[2026-01-06T17:26:30.261+0800][0.947s][info][gc,start       ] GC(542) Pause Young (Allocation Failure)
[2026-01-06T17:26:30.261+0800][0.947s][info][gc,start       ] GC(543) Pause Full (Allocation Failure)
[2026-01-06T17:26:30.261+0800][0.947s][info][gc,phases,start] GC(543) Phase 1: Mark live objects
[2026-01-06T17:26:30.262+0800][0.947s][info][gc,phases      ] GC(543) Phase 1: Mark live objects 0.448ms
[2026-01-06T17:26:30.262+0800][0.947s][info][gc,phases,start] GC(543) Phase 2: Compute new object addresses
[2026-01-06T17:26:30.262+0800][0.947s][info][gc,phases      ] GC(543) Phase 2: Compute new object addresses 0.072ms
[2026-01-06T17:26:30.262+0800][0.947s][info][gc,phases,start] GC(543) Phase 3: Adjust pointers
[2026-01-06T17:26:30.263+0800][0.948s][info][gc,phases      ] GC(543) Phase 3: Adjust pointers 0.663ms
[2026-01-06T17:26:30.263+0800][0.948s][info][gc,phases,start] GC(543) Phase 4: Move objects
[2026-01-06T17:26:30.263+0800][0.948s][info][gc,phases      ] GC(543) Phase 4: Move objects 0.032ms
[2026-01-06T17:26:30.263+0800][0.948s][info][gc             ] GC(543) Pause Full (Allocation Failure) 133M->4M(247M) 1.237ms
[2026-01-06T17:26:30.263+0800][0.948s][info][gc,heap        ] GC(542) DefNew: 67960K->0K(78720K)
[2026-01-06T17:26:30.263+0800][0.948s][info][gc,heap        ] GC(542) Tenured: 135330K->4258K(174784K)
[2026-01-06T17:26:30.263+0800][0.948s][info][gc,metaspace   ] GC(542) Metaspace: 3728K(4864K)->3728K(4864K) NonClass: 3407K(4352K)->3407K(4352K) Class: 320K(512K)->320K(512K)
[2026-01-06T17:26:30.263+0800][0.948s][info][gc             ] GC(542) Pause Young (Allocation Failure) 198M->4M(247M) 1.328ms
[2026-01-06T17:26:30.263+0800][0.948s][info][gc,cpu         ] GC(542) User=0.00s Sys=0.00s Real=0.00s
[2026-01-06T17:26:30.265+0800][0.950s][info][gc,start       ] GC(544) Pause Young (Allocation Failure)
[2026-01-06T17:26:30.265+0800][0.950s][info][gc,start       ] GC(545) Pause Full (Allocation Failure)
[2026-01-06T17:26:30.265+0800][0.950s][info][gc,phases,start] GC(545) Phase 1: Mark live objects
[2026-01-06T17:26:30.265+0800][0.951s][info][gc,phases      ] GC(545) Phase 1: Mark live objects 0.450ms
[2026-01-06T17:26:30.265+0800][0.951s][info][gc,phases,start] GC(545) Phase 2: Compute new object addresses
[2026-01-06T17:26:30.265+0800][0.951s][info][gc,phases      ] GC(545) Phase 2: Compute new object addresses 0.078ms
[2026-01-06T17:26:30.265+0800][0.951s][info][gc,phases,start] GC(545) Phase 3: Adjust pointers
[2026-01-06T17:26:30.266+0800][0.951s][info][gc,phases      ] GC(545) Phase 3: Adjust pointers 0.664ms
[2026-01-06T17:26:30.266+0800][0.951s][info][gc,phases,start] GC(545) Phase 4: Move objects
[2026-01-06T17:26:30.266+0800][0.951s][info][gc,phases      ] GC(545) Phase 4: Move objects 0.033ms
[2026-01-06T17:26:30.266+0800][0.951s][info][gc             ] GC(545) Pause Full (Allocation Failure) 133M->4M(247M) 1.247ms
[2026-01-06T17:26:30.266+0800][0.951s][info][gc,heap        ] GC(544) DefNew: 67960K->0K(78720K)
[2026-01-06T17:26:30.266+0800][0.951s][info][gc,heap        ] GC(544) Tenured: 135330K->4258K(174784K)
[2026-01-06T17:26:30.266+0800][0.951s][info][gc,metaspace   ] GC(544) Metaspace: 3728K(4864K)->3728K(4864K) NonClass: 3407K(4352K)->3407K(4352K) Class: 320K(512K)->320K(512K)
[2026-01-06T17:26:30.266+0800][0.951s][info][gc             ] GC(544) Pause Young (Allocation Failure) 198M->4M(247M) 1.353ms
[2026-01-06T17:26:30.266+0800][0.951s][info][gc,cpu         ] GC(544) User=0.00s Sys=0.00s Real=0.00s
[2026-01-06T17:26:30.268+0800][0.953s][info][gc,start       ] GC(546) Pause Young (Allocation Failure)
[2026-01-06T17:26:30.268+0800][0.953s][info][gc,start       ] GC(547) Pause Full (Allocation Failure)
[2026-01-06T17:26:30.268+0800][0.953s][info][gc,phases,start] GC(547) Phase 1: Mark live objects
[2026-01-06T17:26:30.268+0800][0.954s][info][gc,phases      ] GC(547) Phase 1: Mark live objects 0.446ms
[2026-01-06T17:26:30.268+0800][0.954s][info][gc,phases,start] GC(547) Phase 2: Compute new object addresses
[2026-01-06T17:26:30.268+0800][0.954s][info][gc,phases      ] GC(547) Phase 2: Compute new object addresses 0.072ms
[2026-01-06T17:26:30.268+0800][0.954s][info][gc,phases,start] GC(547) Phase 3: Adjust pointers
[2026-01-06T17:26:30.269+0800][0.955s][info][gc,phases      ] GC(547) Phase 3: Adjust pointers 0.680ms
[2026-01-06T17:26:30.269+0800][0.955s][info][gc,phases,start] GC(547) Phase 4: Move objects
[2026-01-06T17:26:30.269+0800][0.955s][info][gc,phases      ] GC(547) Phase 4: Move objects 0.034ms
[2026-01-06T17:26:30.269+0800][0.955s][info][gc             ] GC(547) Pause Full (Allocation Failure) 133M->4M(247M) 1.253ms
[2026-01-06T17:26:30.269+0800][0.955s][info][gc,heap        ] GC(546) DefNew: 67960K->0K(78720K)
[2026-01-06T17:26:30.269+0800][0.955s][info][gc,heap        ] GC(546) Tenured: 135330K->4258K(174784K)
[2026-01-06T17:26:30.269+0800][0.955s][info][gc,metaspace   ] GC(546) Metaspace: 3728K(4864K)->3728K(4864K) NonClass: 3407K(4352K)->3407K(4352K) Class: 320K(512K)->320K(512K)
[2026-01-06T17:26:30.269+0800][0.955s][info][gc             ] GC(546) Pause Young (Allocation Failure) 198M->4M(247M) 1.343ms
[2026-01-06T17:26:30.269+0800][0.955s][info][gc,cpu         ] GC(546) User=0.00s Sys=0.00s Real=0.00s
[2026-01-06T17:26:30.271+0800][0.957s][info][gc,start       ] GC(548) Pause Young (Allocation Failure)
[2026-01-06T17:26:30.272+0800][0.957s][info][gc,start       ] GC(549) Pause Full (Allocation Failure)
[2026-01-06T17:26:30.272+0800][0.957s][info][gc,phases,start] GC(549) Phase 1: Mark live objects
[2026-01-06T17:26:30.272+0800][0.958s][info][gc,phases      ] GC(549) Phase 1: Mark live objects 0.451ms
[2026-01-06T17:26:30.272+0800][0.958s][info][gc,phases,start] GC(549) Phase 2: Compute new object addresses
[2026-01-06T17:26:30.272+0800][0.958s][info][gc,phases      ] GC(549) Phase 2: Compute new object addresses 0.074ms
[2026-01-06T17:26:30.272+0800][0.958s][info][gc,phases,start] GC(549) Phase 3: Adjust pointers
[2026-01-06T17:26:30.273+0800][0.958s][info][gc,phases      ] GC(549) Phase 3: Adjust pointers 0.664ms
[2026-01-06T17:26:30.273+0800][0.958s][info][gc,phases,start] GC(549) Phase 4: Move objects
[2026-01-06T17:26:30.273+0800][0.958s][info][gc,phases      ] GC(549) Phase 4: Move objects 0.031ms
[2026-01-06T17:26:30.273+0800][0.958s][info][gc             ] GC(549) Pause Full (Allocation Failure) 133M->4M(247M) 1.243ms
[2026-01-06T17:26:30.273+0800][0.958s][info][gc,heap        ] GC(548) DefNew: 67960K->0K(78720K)
[2026-01-06T17:26:30.273+0800][0.958s][info][gc,heap        ] GC(548) Tenured: 135330K->4258K(174784K)
[2026-01-06T17:26:30.273+0800][0.958s][info][gc,metaspace   ] GC(548) Metaspace: 3728K(4864K)->3728K(4864K) NonClass: 3407K(4352K)->3407K(4352K) Class: 320K(512K)->320K(512K)
[2026-01-06T17:26:30.273+0800][0.958s][info][gc             ] GC(548) Pause Young (Allocation Failure) 198M->4M(247M) 1.332ms
[2026-01-06T17:26:30.273+0800][0.958s][info][gc,cpu         ] GC(548) User=0.00s Sys=0.00s Real=0.00s
[2026-01-06T17:26:30.275+0800][0.961s][info][gc,start       ] GC(550) Pause Young (Allocation Failure)
[2026-01-06T17:26:30.275+0800][0.961s][info][gc,start       ] GC(551) Pause Full (Allocation Failure)
[2026-01-06T17:26:30.275+0800][0.961s][info][gc,phases,start] GC(551) Phase 1: Mark live objects
[2026-01-06T17:26:30.276+0800][0.961s][info][gc,phases      ] GC(551) Phase 1: Mark live objects 0.445ms
[2026-01-06T17:26:30.276+0800][0.961s][info][gc,phases,start] GC(551) Phase 2: Compute new object addresses
[2026-01-06T17:26:30.276+0800][0.961s][info][gc,phases      ] GC(551) Phase 2: Compute new object addresses 0.071ms
[2026-01-06T17:26:30.276+0800][0.961s][info][gc,phases,start] GC(551) Phase 3: Adjust pointers
[2026-01-06T17:26:30.276+0800][0.962s][info][gc,phases      ] GC(551) Phase 3: Adjust pointers 0.696ms
[2026-01-06T17:26:30.276+0800][0.962s][info][gc,phases,start] GC(551) Phase 4: Move objects
[2026-01-06T17:26:30.276+0800][0.962s][info][gc,phases      ] GC(551) Phase 4: Move objects 0.040ms
[2026-01-06T17:26:30.276+0800][0.962s][info][gc             ] GC(551) Pause Full (Allocation Failure) 133M->4M(247M) 1.280ms
[2026-01-06T17:26:30.276+0800][0.962s][info][gc,heap        ] GC(550) DefNew: 67960K->0K(78720K)
[2026-01-06T17:26:30.276+0800][0.962s][info][gc,heap        ] GC(550) Tenured: 135330K->4258K(174784K)
[2026-01-06T17:26:30.276+0800][0.962s][info][gc,metaspace   ] GC(550) Metaspace: 3728K(4864K)->3728K(4864K) NonClass: 3407K(4352K)->3407K(4352K) Class: 320K(512K)->320K(512K)
[2026-01-06T17:26:30.276+0800][0.962s][info][gc             ] GC(550) Pause Young (Allocation Failure) 198M->4M(247M) 1.373ms
[2026-01-06T17:26:30.276+0800][0.962s][info][gc,cpu         ] GC(550) User=0.00s Sys=0.00s Real=0.00s
[2026-01-06T17:26:30.278+0800][0.964s][info][gc,start       ] GC(552) Pause Young (Allocation Failure)
[2026-01-06T17:26:30.278+0800][0.964s][info][gc,start       ] GC(553) Pause Full (Allocation Failure)
[2026-01-06T17:26:30.278+0800][0.964s][info][gc,phases,start] GC(553) Phase 1: Mark live objects
[2026-01-06T17:26:30.279+0800][0.964s][info][gc,phases      ] GC(553) Phase 1: Mark live objects 0.465ms
[2026-01-06T17:26:30.279+0800][0.964s][info][gc,phases,start] GC(553) Phase 2: Compute new object addresses
[2026-01-06T17:26:30.279+0800][0.964s][info][gc,phases      ] GC(553) Phase 2: Compute new object addresses 0.076ms
[2026-01-06T17:26:30.279+0800][0.964s][info][gc,phases,start] GC(553) Phase 3: Adjust pointers
[2026-01-06T17:26:30.280+0800][0.965s][info][gc,phases      ] GC(553) Phase 3: Adjust pointers 0.674ms
[2026-01-06T17:26:30.280+0800][0.965s][info][gc,phases,start] GC(553) Phase 4: Move objects
[2026-01-06T17:26:30.280+0800][0.965s][info][gc,phases      ] GC(553) Phase 4: Move objects 0.034ms
[2026-01-06T17:26:30.280+0800][0.965s][info][gc             ] GC(553) Pause Full (Allocation Failure) 133M->4M(247M) 1.277ms
[2026-01-06T17:26:30.280+0800][0.965s][info][gc,heap        ] GC(552) DefNew: 67960K->0K(78720K)
[2026-01-06T17:26:30.280+0800][0.965s][info][gc,heap        ] GC(552) Tenured: 135330K->4258K(174784K)
[2026-01-06T17:26:30.280+0800][0.965s][info][gc,metaspace   ] GC(552) Metaspace: 3728K(4864K)->3728K(4864K) NonClass: 3407K(4352K)->3407K(4352K) Class: 320K(512K)->320K(512K)
[2026-01-06T17:26:30.280+0800][0.965s][info][gc             ] GC(552) Pause Young (Allocation Failure) 198M->4M(247M) 1.378ms
[2026-01-06T17:26:30.280+0800][0.965s][info][gc,cpu         ] GC(552) User=0.00s Sys=0.00s Real=0.01s
[2026-01-06T17:26:30.282+0800][0.967s][info][gc,start       ] GC(554) Pause Young (Allocation Failure)
[2026-01-06T17:26:30.282+0800][0.967s][info][gc,start       ] GC(555) Pause Full (Allocation Failure)
[2026-01-06T17:26:30.282+0800][0.967s][info][gc,phases,start] GC(555) Phase 1: Mark live objects
[2026-01-06T17:26:30.282+0800][0.968s][info][gc,phases      ] GC(555) Phase 1: Mark live objects 0.451ms
[2026-01-06T17:26:30.282+0800][0.968s][info][gc,phases,start] GC(555) Phase 2: Compute new object addresses
[2026-01-06T17:26:30.282+0800][0.968s][info][gc,phases      ] GC(555) Phase 2: Compute new object addresses 0.072ms
[2026-01-06T17:26:30.282+0800][0.968s][info][gc,phases,start] GC(555) Phase 3: Adjust pointers
[2026-01-06T17:26:30.283+0800][0.968s][info][gc,phases      ] GC(555) Phase 3: Adjust pointers 0.674ms
[2026-01-06T17:26:30.283+0800][0.968s][info][gc,phases,start] GC(555) Phase 4: Move objects
[2026-01-06T17:26:30.283+0800][0.968s][info][gc,phases      ] GC(555) Phase 4: Move objects 0.031ms
[2026-01-06T17:26:30.283+0800][0.968s][info][gc             ] GC(555) Pause Full (Allocation Failure) 133M->5M(247M) 1.252ms
[2026-01-06T17:26:30.283+0800][0.968s][info][gc,heap        ] GC(554) DefNew: 67960K->0K(78720K)
[2026-01-06T17:26:30.283+0800][0.968s][info][gc,heap        ] GC(554) Tenured: 135330K->5794K(174784K)
[2026-01-06T17:26:30.283+0800][0.968s][info][gc,metaspace   ] GC(554) Metaspace: 3728K(4864K)->3728K(4864K) NonClass: 3407K(4352K)->3407K(4352K) Class: 320K(512K)->320K(512K)
[2026-01-06T17:26:30.283+0800][0.968s][info][gc             ] GC(554) Pause Young (Allocation Failure) 198M->5M(247M) 1.335ms
[2026-01-06T17:26:30.283+0800][0.968s][info][gc,cpu         ] GC(554) User=0.00s Sys=0.00s Real=0.00s
[2026-01-06T17:26:30.285+0800][0.970s][info][gc,start       ] GC(556) Pause Young (Allocation Failure)
[2026-01-06T17:26:30.285+0800][0.970s][info][gc,start       ] GC(557) Pause Full (Allocation Failure)
[2026-01-06T17:26:30.285+0800][0.970s][info][gc,phases,start] GC(557) Phase 1: Mark live objects
[2026-01-06T17:26:30.285+0800][0.971s][info][gc,phases      ] GC(557) Phase 1: Mark live objects 0.447ms
[2026-01-06T17:26:30.285+0800][0.971s][info][gc,phases,start] GC(557) Phase 2: Compute new object addresses
[2026-01-06T17:26:30.285+0800][0.971s][info][gc,phases      ] GC(557) Phase 2: Compute new object addresses 0.072ms
[2026-01-06T17:26:30.285+0800][0.971s][info][gc,phases,start] GC(557) Phase 3: Adjust pointers
[2026-01-06T17:26:30.286+0800][0.972s][info][gc,phases      ] GC(557) Phase 3: Adjust pointers 0.682ms
[2026-01-06T17:26:30.286+0800][0.972s][info][gc,phases,start] GC(557) Phase 4: Move objects
[2026-01-06T17:26:30.286+0800][0.972s][info][gc,phases      ] GC(557) Phase 4: Move objects 0.032ms
[2026-01-06T17:26:30.286+0800][0.972s][info][gc             ] GC(557) Pause Full (Allocation Failure) 135M->5M(247M) 1.256ms
[2026-01-06T17:26:30.286+0800][0.972s][info][gc,heap        ] GC(556) DefNew: 67960K->0K(78720K)
[2026-01-06T17:26:30.286+0800][0.972s][info][gc,heap        ] GC(556) Tenured: 136866K->5794K(174784K)
[2026-01-06T17:26:30.286+0800][0.972s][info][gc,metaspace   ] GC(556) Metaspace: 3728K(4864K)->3728K(4864K) NonClass: 3407K(4352K)->3407K(4352K) Class: 320K(512K)->320K(512K)
[2026-01-06T17:26:30.286+0800][0.972s][info][gc             ] GC(556) Pause Young (Allocation Failure) 200M->5M(247M) 1.337ms
[2026-01-06T17:26:30.286+0800][0.972s][info][gc,cpu         ] GC(556) User=0.00s Sys=0.00s Real=0.00s
[2026-01-06T17:26:30.288+0800][0.974s][info][gc,start       ] GC(558) Pause Young (Allocation Failure)
[2026-01-06T17:26:30.288+0800][0.974s][info][gc,start       ] GC(559) Pause Full (Allocation Failure)
[2026-01-06T17:26:30.288+0800][0.974s][info][gc,phases,start] GC(559) Phase 1: Mark live objects
[2026-01-06T17:26:30.289+0800][0.974s][info][gc,phases      ] GC(559) Phase 1: Mark live objects 0.447ms
[2026-01-06T17:26:30.289+0800][0.974s][info][gc,phases,start] GC(559) Phase 2: Compute new object addresses
[2026-01-06T17:26:30.289+0800][0.974s][info][gc,phases      ] GC(559) Phase 2: Compute new object addresses 0.073ms
[2026-01-06T17:26:30.289+0800][0.974s][info][gc,phases,start] GC(559) Phase 3: Adjust pointers
[2026-01-06T17:26:30.289+0800][0.975s][info][gc,phases      ] GC(559) Phase 3: Adjust pointers 0.731ms
[2026-01-06T17:26:30.289+0800][0.975s][info][gc,phases,start] GC(559) Phase 4: Move objects
[2026-01-06T17:26:30.289+0800][0.975s][info][gc,phases      ] GC(559) Phase 4: Move objects 0.032ms
[2026-01-06T17:26:30.289+0800][0.975s][info][gc             ] GC(559) Pause Full (Allocation Failure) 135M->5M(247M) 1.312ms
[2026-01-06T17:26:30.289+0800][0.975s][info][gc,heap        ] GC(558) DefNew: 67960K->0K(78720K)
[2026-01-06T17:26:30.289+0800][0.975s][info][gc,heap        ] GC(558) Tenured: 136866K->5795K(174784K)
[2026-01-06T17:26:30.289+0800][0.975s][info][gc,metaspace   ] GC(558) Metaspace: 3728K(4864K)->3728K(4864K) NonClass: 3407K(4352K)->3407K(4352K) Class: 320K(512K)->320K(512K)
[2026-01-06T17:26:30.289+0800][0.975s][info][gc             ] GC(558) Pause Young (Allocation Failure) 200M->5M(247M) 1.391ms
[2026-01-06T17:26:30.289+0800][0.975s][info][gc,cpu         ] GC(558) User=0.00s Sys=0.00s Real=0.00s
[2026-01-06T17:26:30.292+0800][0.977s][info][gc,start       ] GC(560) Pause Young (Allocation Failure)
[2026-01-06T17:26:30.292+0800][0.977s][info][gc,start       ] GC(561) Pause Full (Allocation Failure)
[2026-01-06T17:26:30.292+0800][0.977s][info][gc,phases,start] GC(561) Phase 1: Mark live objects
[2026-01-06T17:26:30.292+0800][0.978s][info][gc,phases      ] GC(561) Phase 1: Mark live objects 0.459ms
[2026-01-06T17:26:30.292+0800][0.978s][info][gc,phases,start] GC(561) Phase 2: Compute new object addresses
[2026-01-06T17:26:30.292+0800][0.978s][info][gc,phases      ] GC(561) Phase 2: Compute new object addresses 0.070ms
[2026-01-06T17:26:30.292+0800][0.978s][info][gc,phases,start] GC(561) Phase 3: Adjust pointers
[2026-01-06T17:26:30.293+0800][0.978s][info][gc,phases      ] GC(561) Phase 3: Adjust pointers 0.674ms
[2026-01-06T17:26:30.293+0800][0.978s][info][gc,phases,start] GC(561) Phase 4: Move objects
[2026-01-06T17:26:30.293+0800][0.979s][info][gc,phases      ] GC(561) Phase 4: Move objects 0.034ms
[2026-01-06T17:26:30.293+0800][0.979s][info][gc             ] GC(561) Pause Full (Allocation Failure) 135M->4M(247M) 1.260ms
[2026-01-06T17:26:30.293+0800][0.979s][info][gc,heap        ] GC(560) DefNew: 67960K->0K(78720K)
[2026-01-06T17:26:30.293+0800][0.979s][info][gc,heap        ] GC(560) Tenured: 136867K->4258K(174784K)
[2026-01-06T17:26:30.293+0800][0.979s][info][gc,metaspace   ] GC(560) Metaspace: 3728K(4864K)->3728K(4864K) NonClass: 3407K(4352K)->3407K(4352K) Class: 320K(512K)->320K(512K)
[2026-01-06T17:26:30.293+0800][0.979s][info][gc             ] GC(560) Pause Young (Allocation Failure) 200M->4M(247M) 1.342ms
[2026-01-06T17:26:30.293+0800][0.979s][info][gc,cpu         ] GC(560) User=0.00s Sys=0.00s Real=0.00s
[2026-01-06T17:26:30.295+0800][0.980s][info][gc,start       ] GC(562) Pause Young (Allocation Failure)
[2026-01-06T17:26:30.295+0800][0.980s][info][gc,start       ] GC(563) Pause Full (Allocation Failure)
[2026-01-06T17:26:30.295+0800][0.980s][info][gc,phases,start] GC(563) Phase 1: Mark live objects
[2026-01-06T17:26:30.295+0800][0.981s][info][gc,phases      ] GC(563) Phase 1: Mark live objects 0.449ms
[2026-01-06T17:26:30.295+0800][0.981s][info][gc,phases,start] GC(563) Phase 2: Compute new object addresses
[2026-01-06T17:26:30.295+0800][0.981s][info][gc,phases      ] GC(563) Phase 2: Compute new object addresses 0.073ms
[2026-01-06T17:26:30.295+0800][0.981s][info][gc,phases,start] GC(563) Phase 3: Adjust pointers
[2026-01-06T17:26:30.296+0800][0.982s][info][gc,phases      ] GC(563) Phase 3: Adjust pointers 0.672ms
[2026-01-06T17:26:30.296+0800][0.982s][info][gc,phases,start] GC(563) Phase 4: Move objects
[2026-01-06T17:26:30.296+0800][0.982s][info][gc,phases      ] GC(563) Phase 4: Move objects 0.033ms
[2026-01-06T17:26:30.296+0800][0.982s][info][gc             ] GC(563) Pause Full (Allocation Failure) 133M->4M(247M) 1.249ms
[2026-01-06T17:26:30.296+0800][0.982s][info][gc,heap        ] GC(562) DefNew: 67960K->0K(78720K)
[2026-01-06T17:26:30.296+0800][0.982s][info][gc,heap        ] GC(562) Tenured: 135330K->4332K(174784K)
[2026-01-06T17:26:30.296+0800][0.982s][info][gc,metaspace   ] GC(562) Metaspace: 3728K(4864K)->3728K(4864K) NonClass: 3407K(4352K)->3407K(4352K) Class: 320K(512K)->320K(512K)
[2026-01-06T17:26:30.296+0800][0.982s][info][gc             ] GC(562) Pause Young (Allocation Failure) 198M->4M(247M) 1.348ms
[2026-01-06T17:26:30.296+0800][0.982s][info][gc,cpu         ] GC(562) User=0.00s Sys=0.00s Real=0.00s
[2026-01-06T17:26:30.298+0800][0.984s][info][gc,start       ] GC(564) Pause Young (Allocation Failure)
[2026-01-06T17:26:30.298+0800][0.984s][info][gc,start       ] GC(565) Pause Full (Allocation Failure)
[2026-01-06T17:26:30.298+0800][0.984s][info][gc,phases,start] GC(565) Phase 1: Mark live objects
[2026-01-06T17:26:30.298+0800][0.984s][info][gc,phases      ] GC(565) Phase 1: Mark live objects 0.462ms
[2026-01-06T17:26:30.298+0800][0.984s][info][gc,phases,start] GC(565) Phase 2: Compute new object addresses
[2026-01-06T17:26:30.299+0800][0.984s][info][gc,phases      ] GC(565) Phase 2: Compute new object addresses 0.074ms
[2026-01-06T17:26:30.299+0800][0.984s][info][gc,phases,start] GC(565) Phase 3: Adjust pointers
[2026-01-06T17:26:30.299+0800][0.985s][info][gc,phases      ] GC(565) Phase 3: Adjust pointers 0.671ms
[2026-01-06T17:26:30.299+0800][0.985s][info][gc,phases,start] GC(565) Phase 4: Move objects
[2026-01-06T17:26:30.299+0800][0.985s][info][gc,phases      ] GC(565) Phase 4: Move objects 0.031ms
[2026-01-06T17:26:30.299+0800][0.985s][info][gc             ] GC(565) Pause Full (Allocation Failure) 133M->4M(247M) 1.260ms
[2026-01-06T17:26:30.299+0800][0.985s][info][gc,heap        ] GC(564) DefNew: 67960K->0K(78720K)
[2026-01-06T17:26:30.299+0800][0.985s][info][gc,heap        ] GC(564) Tenured: 135404K->4332K(174784K)
[2026-01-06T17:26:30.299+0800][0.985s][info][gc,metaspace   ] GC(564) Metaspace: 3728K(4864K)->3728K(4864K) NonClass: 3407K(4352K)->3407K(4352K) Class: 320K(512K)->320K(512K)
[2026-01-06T17:26:30.299+0800][0.985s][info][gc             ] GC(564) Pause Young (Allocation Failure) 198M->4M(247M) 1.352ms
[2026-01-06T17:26:30.299+0800][0.985s][info][gc,cpu         ] GC(564) User=0.00s Sys=0.00s Real=0.00s
[2026-01-06T17:26:30.301+0800][0.987s][info][gc,start       ] GC(566) Pause Young (Allocation Failure)
[2026-01-06T17:26:30.301+0800][0.987s][info][gc,start       ] GC(567) Pause Full (Allocation Failure)
[2026-01-06T17:26:30.301+0800][0.987s][info][gc,phases,start] GC(567) Phase 1: Mark live objects
[2026-01-06T17:26:30.302+0800][0.987s][info][gc,phases      ] GC(567) Phase 1: Mark live objects 0.602ms
[2026-01-06T17:26:30.302+0800][0.988s][info][gc,phases,start] GC(567) Phase 2: Compute new object addresses
[2026-01-06T17:26:30.302+0800][0.988s][info][gc,phases      ] GC(567) Phase 2: Compute new object addresses 0.078ms
[2026-01-06T17:26:30.302+0800][0.988s][info][gc,phases,start] GC(567) Phase 3: Adjust pointers
[2026-01-06T17:26:30.303+0800][0.988s][info][gc,phases      ] GC(567) Phase 3: Adjust pointers 0.700ms
[2026-01-06T17:26:30.303+0800][0.988s][info][gc,phases,start] GC(567) Phase 4: Move objects
[2026-01-06T17:26:30.303+0800][0.988s][info][gc,phases      ] GC(567) Phase 4: Move objects 0.033ms
[2026-01-06T17:26:30.303+0800][0.988s][info][gc             ] GC(567) Pause Full (Allocation Failure) 133M->4M(247M) 1.450ms
[2026-01-06T17:26:30.303+0800][0.988s][info][gc,heap        ] GC(566) DefNew: 67960K->0K(78720K)
[2026-01-06T17:26:30.303+0800][0.988s][info][gc,heap        ] GC(566) Tenured: 135404K->4332K(174784K)
[2026-01-06T17:26:30.303+0800][0.988s][info][gc,metaspace   ] GC(566) Metaspace: 3728K(4864K)->3728K(4864K) NonClass: 3407K(4352K)->3407K(4352K) Class: 320K(512K)->320K(512K)
[2026-01-06T17:26:30.303+0800][0.988s][info][gc             ] GC(566) Pause Young (Allocation Failure) 198M->4M(247M) 1.571ms
[2026-01-06T17:26:30.303+0800][0.988s][info][gc,cpu         ] GC(566) User=0.00s Sys=0.00s Real=0.00s
[2026-01-06T17:26:30.305+0800][0.990s][info][gc,start       ] GC(568) Pause Young (Allocation Failure)
[2026-01-06T17:26:30.305+0800][0.990s][info][gc,start       ] GC(569) Pause Full (Allocation Failure)
[2026-01-06T17:26:30.305+0800][0.990s][info][gc,phases,start] GC(569) Phase 1: Mark live objects
[2026-01-06T17:26:30.305+0800][0.991s][info][gc,phases      ] GC(569) Phase 1: Mark live objects 0.511ms
[2026-01-06T17:26:30.305+0800][0.991s][info][gc,phases,start] GC(569) Phase 2: Compute new object addresses
[2026-01-06T17:26:30.305+0800][0.991s][info][gc,phases      ] GC(569) Phase 2: Compute new object addresses 0.074ms
[2026-01-06T17:26:30.305+0800][0.991s][info][gc,phases,start] GC(569) Phase 3: Adjust pointers
[2026-01-06T17:26:30.306+0800][0.992s][info][gc,phases      ] GC(569) Phase 3: Adjust pointers 0.675ms
[2026-01-06T17:26:30.306+0800][0.992s][info][gc,phases,start] GC(569) Phase 4: Move objects
[2026-01-06T17:26:30.306+0800][0.992s][info][gc,phases      ] GC(569) Phase 4: Move objects 0.032ms
[2026-01-06T17:26:30.306+0800][0.992s][info][gc             ] GC(569) Pause Full (Allocation Failure) 133M->4M(247M) 1.316ms
[2026-01-06T17:26:30.306+0800][0.992s][info][gc,heap        ] GC(568) DefNew: 67960K->0K(78720K)
[2026-01-06T17:26:30.306+0800][0.992s][info][gc,heap        ] GC(568) Tenured: 135404K->4258K(174784K)
[2026-01-06T17:26:30.306+0800][0.992s][info][gc,metaspace   ] GC(568) Metaspace: 3728K(4864K)->3728K(4864K) NonClass: 3407K(4352K)->3407K(4352K) Class: 320K(512K)->320K(512K)
[2026-01-06T17:26:30.306+0800][0.992s][info][gc             ] GC(568) Pause Young (Allocation Failure) 198M->4M(247M) 1.411ms
[2026-01-06T17:26:30.306+0800][0.992s][info][gc,cpu         ] GC(568) User=0.00s Sys=0.00s Real=0.00s
[2026-01-06T17:26:30.308+0800][0.994s][info][gc,start       ] GC(570) Pause Young (Allocation Failure)
[2026-01-06T17:26:30.308+0800][0.994s][info][gc,start       ] GC(571) Pause Full (Allocation Failure)
[2026-01-06T17:26:30.308+0800][0.994s][info][gc,phases,start] GC(571) Phase 1: Mark live objects
[2026-01-06T17:26:30.309+0800][0.994s][info][gc,phases      ] GC(571) Phase 1: Mark live objects 0.480ms
[2026-01-06T17:26:30.309+0800][0.994s][info][gc,phases,start] GC(571) Phase 2: Compute new object addresses
[2026-01-06T17:26:30.309+0800][0.994s][info][gc,phases      ] GC(571) Phase 2: Compute new object addresses 0.072ms
[2026-01-06T17:26:30.309+0800][0.994s][info][gc,phases,start] GC(571) Phase 3: Adjust pointers
[2026-01-06T17:26:30.310+0800][0.995s][info][gc,phases      ] GC(571) Phase 3: Adjust pointers 0.671ms
[2026-01-06T17:26:30.310+0800][0.995s][info][gc,phases,start] GC(571) Phase 4: Move objects
[2026-01-06T17:26:30.310+0800][0.995s][info][gc,phases      ] GC(571) Phase 4: Move objects 0.033ms
[2026-01-06T17:26:30.310+0800][0.995s][info][gc             ] GC(571) Pause Full (Allocation Failure) 133M->4M(247M) 1.277ms
[2026-01-06T17:26:30.310+0800][0.995s][info][gc,heap        ] GC(570) DefNew: 67960K->0K(78720K)
[2026-01-06T17:26:30.310+0800][0.995s][info][gc,heap        ] GC(570) Tenured: 135330K->4258K(174784K)
[2026-01-06T17:26:30.310+0800][0.995s][info][gc,metaspace   ] GC(570) Metaspace: 3728K(4864K)->3728K(4864K) NonClass: 3407K(4352K)->3407K(4352K) Class: 320K(512K)->320K(512K)
[2026-01-06T17:26:30.310+0800][0.995s][info][gc             ] GC(570) Pause Young (Allocation Failure) 198M->4M(247M) 1.368ms
[2026-01-06T17:26:30.310+0800][0.995s][info][gc,cpu         ] GC(570) User=0.00s Sys=0.00s Real=0.01s
[2026-01-06T17:26:30.311+0800][0.997s][info][gc,start       ] GC(572) Pause Young (Allocation Failure)
[2026-01-06T17:26:30.311+0800][0.997s][info][gc,start       ] GC(573) Pause Full (Allocation Failure)
[2026-01-06T17:26:30.311+0800][0.997s][info][gc,phases,start] GC(573) Phase 1: Mark live objects
[2026-01-06T17:26:30.312+0800][0.998s][info][gc,phases      ] GC(573) Phase 1: Mark live objects 0.464ms
[2026-01-06T17:26:30.312+0800][0.998s][info][gc,phases,start] GC(573) Phase 2: Compute new object addresses
[2026-01-06T17:26:30.312+0800][0.998s][info][gc,phases      ] GC(573) Phase 2: Compute new object addresses 0.072ms
[2026-01-06T17:26:30.312+0800][0.998s][info][gc,phases,start] GC(573) Phase 3: Adjust pointers
[2026-01-06T17:26:30.313+0800][0.998s][info][gc,phases      ] GC(573) Phase 3: Adjust pointers 0.666ms
[2026-01-06T17:26:30.313+0800][0.998s][info][gc,phases,start] GC(573) Phase 4: Move objects
[2026-01-06T17:26:30.313+0800][0.998s][info][gc,phases      ] GC(573) Phase 4: Move objects 0.032ms
[2026-01-06T17:26:30.313+0800][0.998s][info][gc             ] GC(573) Pause Full (Allocation Failure) 133M->4M(247M) 1.255ms
[2026-01-06T17:26:30.313+0800][0.998s][info][gc,heap        ] GC(572) DefNew: 67960K->0K(78720K)
[2026-01-06T17:26:30.313+0800][0.998s][info][gc,heap        ] GC(572) Tenured: 135330K->4258K(174784K)
[2026-01-06T17:26:30.313+0800][0.998s][info][gc,metaspace   ] GC(572) Metaspace: 3728K(4864K)->3728K(4864K) NonClass: 3407K(4352K)->3407K(4352K) Class: 320K(512K)->320K(512K)
[2026-01-06T17:26:30.313+0800][0.998s][info][gc             ] GC(572) Pause Young (Allocation Failure) 198M->4M(247M) 1.345ms
[2026-01-06T17:26:30.313+0800][0.998s][info][gc,cpu         ] GC(572) User=0.00s Sys=0.00s Real=0.00s
[2026-01-06T17:26:30.315+0800][1.000s][info][gc,start       ] GC(574) Pause Young (Allocation Failure)
[2026-01-06T17:26:30.315+0800][1.000s][info][gc,start       ] GC(575) Pause Full (Allocation Failure)
[2026-01-06T17:26:30.315+0800][1.000s][info][gc,phases,start] GC(575) Phase 1: Mark live objects
[2026-01-06T17:26:30.315+0800][1.001s][info][gc,phases      ] GC(575) Phase 1: Mark live objects 0.486ms
[2026-01-06T17:26:30.315+0800][1.001s][info][gc,phases,start] GC(575) Phase 2: Compute new object addresses
[2026-01-06T17:26:30.315+0800][1.001s][info][gc,phases      ] GC(575) Phase 2: Compute new object addresses 0.071ms
[2026-01-06T17:26:30.315+0800][1.001s][info][gc,phases,start] GC(575) Phase 3: Adjust pointers
[2026-01-06T17:26:30.316+0800][1.002s][info][gc,phases      ] GC(575) Phase 3: Adjust pointers 0.666ms
[2026-01-06T17:26:30.316+0800][1.002s][info][gc,phases,start] GC(575) Phase 4: Move objects
[2026-01-06T17:26:30.316+0800][1.002s][info][gc,phases      ] GC(575) Phase 4: Move objects 0.032ms
[2026-01-06T17:26:30.316+0800][1.002s][info][gc             ] GC(575) Pause Full (Allocation Failure) 133M->4M(247M) 1.279ms
[2026-01-06T17:26:30.316+0800][1.002s][info][gc,heap        ] GC(574) DefNew: 67960K->0K(78720K)
[2026-01-06T17:26:30.316+0800][1.002s][info][gc,heap        ] GC(574) Tenured: 135330K->4258K(174784K)
[2026-01-06T17:26:30.316+0800][1.002s][info][gc,metaspace   ] GC(574) Metaspace: 3728K(4864K)->3728K(4864K) NonClass: 3407K(4352K)->3407K(4352K) Class: 320K(512K)->320K(512K)
[2026-01-06T17:26:30.316+0800][1.002s][info][gc             ] GC(574) Pause Young (Allocation Failure) 198M->4M(247M) 1.395ms
[2026-01-06T17:26:30.316+0800][1.002s][info][gc,cpu         ] GC(574) User=0.00s Sys=0.00s Real=0.00s
[2026-01-06T17:26:30.318+0800][1.004s][info][gc,start       ] GC(576) Pause Young (Allocation Failure)
[2026-01-06T17:26:30.318+0800][1.004s][info][gc,start       ] GC(577) Pause Full (Allocation Failure)
[2026-01-06T17:26:30.318+0800][1.004s][info][gc,phases,start] GC(577) Phase 1: Mark live objects
[2026-01-06T17:26:30.319+0800][1.004s][info][gc,phases      ] GC(577) Phase 1: Mark live objects 0.449ms
[2026-01-06T17:26:30.319+0800][1.004s][info][gc,phases,start] GC(577) Phase 2: Compute new object addresses
[2026-01-06T17:26:30.319+0800][1.004s][info][gc,phases      ] GC(577) Phase 2: Compute new object addresses 0.070ms
[2026-01-06T17:26:30.319+0800][1.004s][info][gc,phases,start] GC(577) Phase 3: Adjust pointers
[2026-01-06T17:26:30.319+0800][1.005s][info][gc,phases      ] GC(577) Phase 3: Adjust pointers 0.681ms
[2026-01-06T17:26:30.319+0800][1.005s][info][gc,phases,start] GC(577) Phase 4: Move objects
[2026-01-06T17:26:30.320+0800][1.005s][info][gc,phases      ] GC(577) Phase 4: Move objects 0.032ms
[2026-01-06T17:26:30.320+0800][1.005s][info][gc             ] GC(577) Pause Full (Allocation Failure) 133M->4M(247M) 1.254ms
[2026-01-06T17:26:30.320+0800][1.005s][info][gc,heap        ] GC(576) DefNew: 67960K->0K(78720K)
[2026-01-06T17:26:30.320+0800][1.005s][info][gc,heap        ] GC(576) Tenured: 135330K->4258K(174784K)
[2026-01-06T17:26:30.320+0800][1.005s][info][gc,metaspace   ] GC(576) Metaspace: 3728K(4864K)->3728K(4864K) NonClass: 3407K(4352K)->3407K(4352K) Class: 320K(512K)->320K(512K)
[2026-01-06T17:26:30.320+0800][1.005s][info][gc             ] GC(576) Pause Young (Allocation Failure) 198M->4M(247M) 1.349ms
[2026-01-06T17:26:30.320+0800][1.005s][info][gc,cpu         ] GC(576) User=0.00s Sys=0.00s Real=0.01s
[2026-01-06T17:26:30.321+0800][1.007s][info][gc,start       ] GC(578) Pause Young (Allocation Failure)
[2026-01-06T17:26:30.321+0800][1.007s][info][gc,start       ] GC(579) Pause Full (Allocation Failure)
[2026-01-06T17:26:30.321+0800][1.007s][info][gc,phases,start] GC(579) Phase 1: Mark live objects
[2026-01-06T17:26:30.322+0800][1.007s][info][gc,phases      ] GC(579) Phase 1: Mark live objects 0.463ms
[2026-01-06T17:26:30.322+0800][1.007s][info][gc,phases,start] GC(579) Phase 2: Compute new object addresses
[2026-01-06T17:26:30.322+0800][1.008s][info][gc,phases      ] GC(579) Phase 2: Compute new object addresses 0.072ms
[2026-01-06T17:26:30.322+0800][1.008s][info][gc,phases,start] GC(579) Phase 3: Adjust pointers
[2026-01-06T17:26:30.323+0800][1.008s][info][gc,phases      ] GC(579) Phase 3: Adjust pointers 0.674ms
[2026-01-06T17:26:30.323+0800][1.008s][info][gc,phases,start] GC(579) Phase 4: Move objects
[2026-01-06T17:26:30.323+0800][1.008s][info][gc,phases      ] GC(579) Phase 4: Move objects 0.032ms
[2026-01-06T17:26:30.323+0800][1.008s][info][gc             ] GC(579) Pause Full (Allocation Failure) 133M->4M(247M) 1.264ms
[2026-01-06T17:26:30.323+0800][1.008s][info][gc,heap        ] GC(578) DefNew: 67960K->0K(78720K)
[2026-01-06T17:26:30.323+0800][1.008s][info][gc,heap        ] GC(578) Tenured: 135330K->4258K(174784K)
[2026-01-06T17:26:30.323+0800][1.008s][info][gc,metaspace   ] GC(578) Metaspace: 3728K(4864K)->3728K(4864K) NonClass: 3407K(4352K)->3407K(4352K) Class: 320K(512K)->320K(512K)
[2026-01-06T17:26:30.323+0800][1.008s][info][gc             ] GC(578) Pause Young (Allocation Failure) 198M->4M(247M) 1.352ms
[2026-01-06T17:26:30.323+0800][1.008s][info][gc,cpu         ] GC(578) User=0.00s Sys=0.00s Real=0.00s
[2026-01-06T17:26:30.325+0800][1.010s][info][gc,start       ] GC(580) Pause Young (Allocation Failure)
[2026-01-06T17:26:30.325+0800][1.011s][info][gc,start       ] GC(581) Pause Full (Allocation Failure)
[2026-01-06T17:26:30.325+0800][1.011s][info][gc,phases,start] GC(581) Phase 1: Mark live objects
[2026-01-06T17:26:30.325+0800][1.011s][info][gc,phases      ] GC(581) Phase 1: Mark live objects 0.449ms
[2026-01-06T17:26:30.325+0800][1.011s][info][gc,phases,start] GC(581) Phase 2: Compute new object addresses
[2026-01-06T17:26:30.326+0800][1.011s][info][gc,phases      ] GC(581) Phase 2: Compute new object addresses 0.072ms
[2026-01-06T17:26:30.326+0800][1.011s][info][gc,phases,start] GC(581) Phase 3: Adjust pointers
[2026-01-06T17:26:30.326+0800][1.012s][info][gc,phases      ] GC(581) Phase 3: Adjust pointers 0.663ms
[2026-01-06T17:26:30.326+0800][1.012s][info][gc,phases,start] GC(581) Phase 4: Move objects
[2026-01-06T17:26:30.326+0800][1.012s][info][gc,phases      ] GC(581) Phase 4: Move objects 0.032ms
[2026-01-06T17:26:30.326+0800][1.012s][info][gc             ] GC(581) Pause Full (Allocation Failure) 133M->4M(247M) 1.237ms
[2026-01-06T17:26:30.326+0800][1.012s][info][gc,heap        ] GC(580) DefNew: 67960K->0K(78720K)
[2026-01-06T17:26:30.326+0800][1.012s][info][gc,heap        ] GC(580) Tenured: 135330K->4258K(174784K)
[2026-01-06T17:26:30.326+0800][1.012s][info][gc,metaspace   ] GC(580) Metaspace: 3728K(4864K)->3728K(4864K) NonClass: 3407K(4352K)->3407K(4352K) Class: 320K(512K)->320K(512K)
[2026-01-06T17:26:30.326+0800][1.012s][info][gc             ] GC(580) Pause Young (Allocation Failure) 198M->4M(247M) 1.326ms
[2026-01-06T17:26:30.326+0800][1.012s][info][gc,cpu         ] GC(580) User=0.00s Sys=0.00s Real=0.00s
[2026-01-06T17:26:30.328+0800][1.014s][info][gc,start       ] GC(582) Pause Young (Allocation Failure)
[2026-01-06T17:26:30.328+0800][1.014s][info][gc,start       ] GC(583) Pause Full (Allocation Failure)
[2026-01-06T17:26:30.328+0800][1.014s][info][gc,phases,start] GC(583) Phase 1: Mark live objects
[2026-01-06T17:26:30.329+0800][1.014s][info][gc,phases      ] GC(583) Phase 1: Mark live objects 0.470ms
[2026-01-06T17:26:30.329+0800][1.014s][info][gc,phases,start] GC(583) Phase 2: Compute new object addresses
[2026-01-06T17:26:30.329+0800][1.014s][info][gc,phases      ] GC(583) Phase 2: Compute new object addresses 0.072ms
[2026-01-06T17:26:30.329+0800][1.014s][info][gc,phases,start] GC(583) Phase 3: Adjust pointers
[2026-01-06T17:26:30.329+0800][1.015s][info][gc,phases      ] GC(583) Phase 3: Adjust pointers 0.666ms
[2026-01-06T17:26:30.329+0800][1.015s][info][gc,phases,start] GC(583) Phase 4: Move objects
[2026-01-06T17:26:30.329+0800][1.015s][info][gc,phases      ] GC(583) Phase 4: Move objects 0.033ms
[2026-01-06T17:26:30.329+0800][1.015s][info][gc             ] GC(583) Pause Full (Allocation Failure) 133M->4M(247M) 1.262ms
[2026-01-06T17:26:30.329+0800][1.015s][info][gc,heap        ] GC(582) DefNew: 67960K->0K(78720K)
[2026-01-06T17:26:30.329+0800][1.015s][info][gc,heap        ] GC(582) Tenured: 135330K->4258K(174784K)
[2026-01-06T17:26:30.329+0800][1.015s][info][gc,metaspace   ] GC(582) Metaspace: 3728K(4864K)->3728K(4864K) NonClass: 3407K(4352K)->3407K(4352K) Class: 320K(512K)->320K(512K)
[2026-01-06T17:26:30.329+0800][1.015s][info][gc             ] GC(582) Pause Young (Allocation Failure) 198M->4M(247M) 1.364ms
[2026-01-06T17:26:30.329+0800][1.015s][info][gc,cpu         ] GC(582) User=0.00s Sys=0.00s Real=0.00s
[2026-01-06T17:26:30.331+0800][1.017s][info][gc,start       ] GC(584) Pause Young (Allocation Failure)
[2026-01-06T17:26:30.331+0800][1.017s][info][gc,start       ] GC(585) Pause Full (Allocation Failure)
[2026-01-06T17:26:30.331+0800][1.017s][info][gc,phases,start] GC(585) Phase 1: Mark live objects
[2026-01-06T17:26:30.332+0800][1.017s][info][gc,phases      ] GC(585) Phase 1: Mark live objects 0.448ms
[2026-01-06T17:26:30.332+0800][1.017s][info][gc,phases,start] GC(585) Phase 2: Compute new object addresses
[2026-01-06T17:26:30.332+0800][1.017s][info][gc,phases      ] GC(585) Phase 2: Compute new object addresses 0.074ms
[2026-01-06T17:26:30.332+0800][1.017s][info][gc,phases,start] GC(585) Phase 3: Adjust pointers
[2026-01-06T17:26:30.333+0800][1.018s][info][gc,phases      ] GC(585) Phase 3: Adjust pointers 0.683ms
[2026-01-06T17:26:30.333+0800][1.018s][info][gc,phases,start] GC(585) Phase 4: Move objects
[2026-01-06T17:26:30.333+0800][1.018s][info][gc,phases      ] GC(585) Phase 4: Move objects 0.034ms
[2026-01-06T17:26:30.333+0800][1.018s][info][gc             ] GC(585) Pause Full (Allocation Failure) 133M->4M(247M) 1.261ms
[2026-01-06T17:26:30.333+0800][1.018s][info][gc,heap        ] GC(584) DefNew: 67960K->0K(78720K)
[2026-01-06T17:26:30.333+0800][1.018s][info][gc,heap        ] GC(584) Tenured: 135330K->4258K(174784K)
[2026-01-06T17:26:30.333+0800][1.018s][info][gc,metaspace   ] GC(584) Metaspace: 3728K(4864K)->3728K(4864K) NonClass: 3407K(4352K)->3407K(4352K) Class: 320K(512K)->320K(512K)
[2026-01-06T17:26:30.333+0800][1.018s][info][gc             ] GC(584) Pause Young (Allocation Failure) 198M->4M(247M) 1.378ms
[2026-01-06T17:26:30.333+0800][1.018s][info][gc,cpu         ] GC(584) User=0.00s Sys=0.00s Real=0.00s
[2026-01-06T17:26:30.335+0800][1.020s][info][gc,start       ] GC(586) Pause Young (Allocation Failure)
[2026-01-06T17:26:30.335+0800][1.020s][info][gc,start       ] GC(587) Pause Full (Allocation Failure)
[2026-01-06T17:26:30.335+0800][1.020s][info][gc,phases,start] GC(587) Phase 1: Mark live objects
[2026-01-06T17:26:30.335+0800][1.021s][info][gc,phases      ] GC(587) Phase 1: Mark live objects 0.454ms
[2026-01-06T17:26:30.335+0800][1.021s][info][gc,phases,start] GC(587) Phase 2: Compute new object addresses
[2026-01-06T17:26:30.335+0800][1.021s][info][gc,phases      ] GC(587) Phase 2: Compute new object addresses 0.073ms
[2026-01-06T17:26:30.335+0800][1.021s][info][gc,phases,start] GC(587) Phase 3: Adjust pointers
[2026-01-06T17:26:30.336+0800][1.021s][info][gc,phases      ] GC(587) Phase 3: Adjust pointers 0.683ms
[2026-01-06T17:26:30.336+0800][1.021s][info][gc,phases,start] GC(587) Phase 4: Move objects
[2026-01-06T17:26:30.336+0800][1.022s][info][gc,phases      ] GC(587) Phase 4: Move objects 0.046ms
[2026-01-06T17:26:30.336+0800][1.022s][info][gc             ] GC(587) Pause Full (Allocation Failure) 133M->4M(247M) 1.278ms
[2026-01-06T17:26:30.336+0800][1.022s][info][gc,heap        ] GC(586) DefNew: 67960K->0K(78720K)
[2026-01-06T17:26:30.336+0800][1.022s][info][gc,heap        ] GC(586) Tenured: 135330K->4770K(174784K)
[2026-01-06T17:26:30.336+0800][1.022s][info][gc,metaspace   ] GC(586) Metaspace: 3728K(4864K)->3728K(4864K) NonClass: 3407K(4352K)->3407K(4352K) Class: 320K(512K)->320K(512K)
[2026-01-06T17:26:30.336+0800][1.022s][info][gc             ] GC(586) Pause Young (Allocation Failure) 198M->4M(247M) 1.369ms
[2026-01-06T17:26:30.336+0800][1.022s][info][gc,cpu         ] GC(586) User=0.00s Sys=0.00s Real=0.00s
[2026-01-06T17:26:30.338+0800][1.023s][info][gc,start       ] GC(588) Pause Young (Allocation Failure)
[2026-01-06T17:26:30.338+0800][1.023s][info][gc,start       ] GC(589) Pause Full (Allocation Failure)
[2026-01-06T17:26:30.338+0800][1.023s][info][gc,phases,start] GC(589) Phase 1: Mark live objects
[2026-01-06T17:26:30.338+0800][1.024s][info][gc,phases      ] GC(589) Phase 1: Mark live objects 0.446ms
[2026-01-06T17:26:30.338+0800][1.024s][info][gc,phases,start] GC(589) Phase 2: Compute new object addresses
[2026-01-06T17:26:30.338+0800][1.024s][info][gc,phases      ] GC(589) Phase 2: Compute new object addresses 0.075ms
[2026-01-06T17:26:30.338+0800][1.024s][info][gc,phases,start] GC(589) Phase 3: Adjust pointers
[2026-01-06T17:26:30.339+0800][1.025s][info][gc,phases      ] GC(589) Phase 3: Adjust pointers 0.677ms
[2026-01-06T17:26:30.339+0800][1.025s][info][gc,phases,start] GC(589) Phase 4: Move objects
[2026-01-06T17:26:30.339+0800][1.025s][info][gc,phases      ] GC(589) Phase 4: Move objects 0.031ms
[2026-01-06T17:26:30.339+0800][1.025s][info][gc             ] GC(589) Pause Full (Allocation Failure) 134M->4M(247M) 1.251ms
[2026-01-06T17:26:30.339+0800][1.025s][info][gc,heap        ] GC(588) DefNew: 67960K->0K(78720K)
[2026-01-06T17:26:30.339+0800][1.025s][info][gc,heap        ] GC(588) Tenured: 135842K->4770K(174784K)
[2026-01-06T17:26:30.339+0800][1.025s][info][gc,metaspace   ] GC(588) Metaspace: 3728K(4864K)->3728K(4864K) NonClass: 3407K(4352K)->3407K(4352K) Class: 320K(512K)->320K(512K)
[2026-01-06T17:26:30.339+0800][1.025s][info][gc             ] GC(588) Pause Young (Allocation Failure) 199M->4M(247M) 1.343ms
[2026-01-06T17:26:30.339+0800][1.025s][info][gc,cpu         ] GC(588) User=0.00s Sys=0.00s Real=0.00s
[2026-01-06T17:26:30.341+0800][1.027s][info][gc,start       ] GC(590) Pause Young (Allocation Failure)
[2026-01-06T17:26:30.341+0800][1.027s][info][gc,start       ] GC(591) Pause Full (Allocation Failure)
[2026-01-06T17:26:30.341+0800][1.027s][info][gc,phases,start] GC(591) Phase 1: Mark live objects
[2026-01-06T17:26:30.342+0800][1.028s][info][gc,phases      ] GC(591) Phase 1: Mark live objects 0.496ms
[2026-01-06T17:26:30.342+0800][1.028s][info][gc,phases,start] GC(591) Phase 2: Compute new object addresses
[2026-01-06T17:26:30.342+0800][1.028s][info][gc,phases      ] GC(591) Phase 2: Compute new object addresses 0.075ms
[2026-01-06T17:26:30.342+0800][1.028s][info][gc,phases,start] GC(591) Phase 3: Adjust pointers
[2026-01-06T17:26:30.343+0800][1.028s][info][gc,phases      ] GC(591) Phase 3: Adjust pointers 0.662ms
[2026-01-06T17:26:30.343+0800][1.028s][info][gc,phases,start] GC(591) Phase 4: Move objects
[2026-01-06T17:26:30.343+0800][1.028s][info][gc,phases      ] GC(591) Phase 4: Move objects 0.033ms
[2026-01-06T17:26:30.343+0800][1.028s][info][gc             ] GC(591) Pause Full (Allocation Failure) 134M->4M(247M) 1.289ms
[2026-01-06T17:26:30.343+0800][1.028s][info][gc,heap        ] GC(590) DefNew: 67960K->0K(78720K)
[2026-01-06T17:26:30.343+0800][1.028s][info][gc,heap        ] GC(590) Tenured: 135842K->4770K(174784K)
[2026-01-06T17:26:30.343+0800][1.028s][info][gc,metaspace   ] GC(590) Metaspace: 3728K(4864K)->3728K(4864K) NonClass: 3407K(4352K)->3407K(4352K) Class: 320K(512K)->320K(512K)
[2026-01-06T17:26:30.343+0800][1.028s][info][gc             ] GC(590) Pause Young (Allocation Failure) 199M->4M(247M) 1.395ms
[2026-01-06T17:26:30.343+0800][1.028s][info][gc,cpu         ] GC(590) User=0.00s Sys=0.00s Real=0.00s
[2026-01-06T17:26:30.345+0800][1.030s][info][gc,start       ] GC(592) Pause Young (Allocation Failure)
[2026-01-06T17:26:30.345+0800][1.030s][info][gc,start       ] GC(593) Pause Full (Allocation Failure)
[2026-01-06T17:26:30.345+0800][1.030s][info][gc,phases,start] GC(593) Phase 1: Mark live objects
[2026-01-06T17:26:30.345+0800][1.031s][info][gc,phases      ] GC(593) Phase 1: Mark live objects 0.449ms
[2026-01-06T17:26:30.345+0800][1.031s][info][gc,phases,start] GC(593) Phase 2: Compute new object addresses
[2026-01-06T17:26:30.345+0800][1.031s][info][gc,phases      ] GC(593) Phase 2: Compute new object addresses 0.071ms
[2026-01-06T17:26:30.345+0800][1.031s][info][gc,phases,start] GC(593) Phase 3: Adjust pointers
[2026-01-06T17:26:30.346+0800][1.031s][info][gc,phases      ] GC(593) Phase 3: Adjust pointers 0.678ms
[2026-01-06T17:26:30.346+0800][1.031s][info][gc,phases,start] GC(593) Phase 4: Move objects
[2026-01-06T17:26:30.346+0800][1.031s][info][gc,phases      ] GC(593) Phase 4: Move objects 0.032ms
[2026-01-06T17:26:30.346+0800][1.031s][info][gc             ] GC(593) Pause Full (Allocation Failure) 134M->4M(247M) 1.254ms
[2026-01-06T17:26:30.346+0800][1.031s][info][gc,heap        ] GC(592) DefNew: 67960K->0K(78720K)
[2026-01-06T17:26:30.346+0800][1.031s][info][gc,heap        ] GC(592) Tenured: 135842K->4258K(174784K)
[2026-01-06T17:26:30.346+0800][1.031s][info][gc,metaspace   ] GC(592) Metaspace: 3728K(4864K)->3728K(4864K) NonClass: 3407K(4352K)->3407K(4352K) Class: 320K(512K)->320K(512K)
[2026-01-06T17:26:30.346+0800][1.031s][info][gc             ] GC(592) Pause Young (Allocation Failure) 199M->4M(247M) 1.346ms
[2026-01-06T17:26:30.346+0800][1.031s][info][gc,cpu         ] GC(592) User=0.00s Sys=0.00s Real=0.00s
[2026-01-06T17:26:30.348+0800][1.033s][info][gc,start       ] GC(594) Pause Young (Allocation Failure)
[2026-01-06T17:26:30.348+0800][1.033s][info][gc,start       ] GC(595) Pause Full (Allocation Failure)
[2026-01-06T17:26:30.348+0800][1.033s][info][gc,phases,start] GC(595) Phase 1: Mark live objects
[2026-01-06T17:26:30.348+0800][1.034s][info][gc,phases      ] GC(595) Phase 1: Mark live objects 0.448ms
[2026-01-06T17:26:30.348+0800][1.034s][info][gc,phases,start] GC(595) Phase 2: Compute new object addresses
[2026-01-06T17:26:30.348+0800][1.034s][info][gc,phases      ] GC(595) Phase 2: Compute new object addresses 0.068ms
[2026-01-06T17:26:30.348+0800][1.034s][info][gc,phases,start] GC(595) Phase 3: Adjust pointers
[2026-01-06T17:26:30.349+0800][1.035s][info][gc,phases      ] GC(595) Phase 3: Adjust pointers 0.666ms
[2026-01-06T17:26:30.349+0800][1.035s][info][gc,phases,start] GC(595) Phase 4: Move objects
[2026-01-06T17:26:30.349+0800][1.035s][info][gc,phases      ] GC(595) Phase 4: Move objects 0.030ms
[2026-01-06T17:26:30.349+0800][1.035s][info][gc             ] GC(595) Pause Full (Allocation Failure) 133M->5M(247M) 1.233ms
[2026-01-06T17:26:30.349+0800][1.035s][info][gc,heap        ] GC(594) DefNew: 67960K->0K(78720K)
[2026-01-06T17:26:30.349+0800][1.035s][info][gc,heap        ] GC(594) Tenured: 135330K->5794K(174784K)
[2026-01-06T17:26:30.349+0800][1.035s][info][gc,metaspace   ] GC(594) Metaspace: 3728K(4864K)->3728K(4864K) NonClass: 3407K(4352K)->3407K(4352K) Class: 320K(512K)->320K(512K)
[2026-01-06T17:26:30.349+0800][1.035s][info][gc             ] GC(594) Pause Young (Allocation Failure) 198M->5M(247M) 1.311ms
[2026-01-06T17:26:30.349+0800][1.035s][info][gc,cpu         ] GC(594) User=0.00s Sys=0.00s Real=0.00s
[2026-01-06T17:26:30.351+0800][1.037s][info][gc,start       ] GC(596) Pause Young (Allocation Failure)
[2026-01-06T17:26:30.351+0800][1.037s][info][gc,start       ] GC(597) Pause Full (Allocation Failure)
[2026-01-06T17:26:30.351+0800][1.037s][info][gc,phases,start] GC(597) Phase 1: Mark live objects
[2026-01-06T17:26:30.351+0800][1.037s][info][gc,phases      ] GC(597) Phase 1: Mark live objects 0.447ms
[2026-01-06T17:26:30.351+0800][1.037s][info][gc,phases,start] GC(597) Phase 2: Compute new object addresses
[2026-01-06T17:26:30.352+0800][1.037s][info][gc,phases      ] GC(597) Phase 2: Compute new object addresses 0.068ms
[2026-01-06T17:26:30.352+0800][1.037s][info][gc,phases,start] GC(597) Phase 3: Adjust pointers
[2026-01-06T17:26:30.352+0800][1.038s][info][gc,phases      ] GC(597) Phase 3: Adjust pointers 0.686ms
[2026-01-06T17:26:30.352+0800][1.038s][info][gc,phases,start] GC(597) Phase 4: Move objects
[2026-01-06T17:26:30.352+0800][1.038s][info][gc,phases      ] GC(597) Phase 4: Move objects 0.042ms
[2026-01-06T17:26:30.352+0800][1.038s][info][gc             ] GC(597) Pause Full (Allocation Failure) 135M->5M(247M) 1.264ms
[2026-01-06T17:26:30.352+0800][1.038s][info][gc,heap        ] GC(596) DefNew: 67960K->0K(78720K)
[2026-01-06T17:26:30.352+0800][1.038s][info][gc,heap        ] GC(596) Tenured: 136866K->5794K(174784K)
[2026-01-06T17:26:30.352+0800][1.038s][info][gc,metaspace   ] GC(596) Metaspace: 3728K(4864K)->3728K(4864K) NonClass: 3407K(4352K)->3407K(4352K) Class: 320K(512K)->320K(512K)
[2026-01-06T17:26:30.352+0800][1.038s][info][gc             ] GC(596) Pause Young (Allocation Failure) 200M->5M(247M) 1.343ms
[2026-01-06T17:26:30.352+0800][1.038s][info][gc,cpu         ] GC(596) User=0.00s Sys=0.00s Real=0.00s
[2026-01-06T17:26:30.354+0800][1.040s][info][gc,start       ] GC(598) Pause Young (Allocation Failure)
[2026-01-06T17:26:30.354+0800][1.040s][info][gc,start       ] GC(599) Pause Full (Allocation Failure)
[2026-01-06T17:26:30.354+0800][1.040s][info][gc,phases,start] GC(599) Phase 1: Mark live objects
[2026-01-06T17:26:30.355+0800][1.040s][info][gc,phases      ] GC(599) Phase 1: Mark live objects 0.446ms
[2026-01-06T17:26:30.355+0800][1.040s][info][gc,phases,start] GC(599) Phase 2: Compute new object addresses
[2026-01-06T17:26:30.355+0800][1.040s][info][gc,phases      ] GC(599) Phase 2: Compute new object addresses 0.065ms
[2026-01-06T17:26:30.355+0800][1.040s][info][gc,phases,start] GC(599) Phase 3: Adjust pointers
[2026-01-06T17:26:30.355+0800][1.041s][info][gc,phases      ] GC(599) Phase 3: Adjust pointers 0.692ms
[2026-01-06T17:26:30.355+0800][1.041s][info][gc,phases,start] GC(599) Phase 4: Move objects
[2026-01-06T17:26:30.356+0800][1.041s][info][gc,phases      ] GC(599) Phase 4: Move objects 0.035ms
[2026-01-06T17:26:30.356+0800][1.041s][info][gc             ] GC(599) Pause Full (Allocation Failure) 135M->5M(247M) 1.265ms
[2026-01-06T17:26:30.356+0800][1.041s][info][gc,heap        ] GC(598) DefNew: 67960K->0K(78720K)
[2026-01-06T17:26:30.356+0800][1.041s][info][gc,heap        ] GC(598) Tenured: 136866K->5795K(174784K)
[2026-01-06T17:26:30.356+0800][1.041s][info][gc,metaspace   ] GC(598) Metaspace: 3728K(4864K)->3728K(4864K) NonClass: 3407K(4352K)->3407K(4352K) Class: 320K(512K)->320K(512K)
[2026-01-06T17:26:30.356+0800][1.041s][info][gc             ] GC(598) Pause Young (Allocation Failure) 200M->5M(247M) 1.343ms
[2026-01-06T17:26:30.356+0800][1.041s][info][gc,cpu         ] GC(598) User=0.00s Sys=0.00s Real=0.00s
[2026-01-06T17:26:30.358+0800][1.043s][info][gc,start       ] GC(600) Pause Young (Allocation Failure)
[2026-01-06T17:26:30.358+0800][1.043s][info][gc,start       ] GC(601) Pause Full (Allocation Failure)
[2026-01-06T17:26:30.358+0800][1.043s][info][gc,phases,start] GC(601) Phase 1: Mark live objects
[2026-01-06T17:26:30.358+0800][1.044s][info][gc,phases      ] GC(601) Phase 1: Mark live objects 0.458ms
[2026-01-06T17:26:30.358+0800][1.044s][info][gc,phases,start] GC(601) Phase 2: Compute new object addresses
[2026-01-06T17:26:30.358+0800][1.044s][info][gc,phases      ] GC(601) Phase 2: Compute new object addresses 0.071ms
[2026-01-06T17:26:30.358+0800][1.044s][info][gc,phases,start] GC(601) Phase 3: Adjust pointers
[2026-01-06T17:26:30.359+0800][1.045s][info][gc,phases      ] GC(601) Phase 3: Adjust pointers 0.667ms
[2026-01-06T17:26:30.359+0800][1.045s][info][gc,phases,start] GC(601) Phase 4: Move objects
[2026-01-06T17:26:30.359+0800][1.045s][info][gc,phases      ] GC(601) Phase 4: Move objects 0.034ms
[2026-01-06T17:26:30.359+0800][1.045s][info][gc             ] GC(601) Pause Full (Allocation Failure) 135M->4M(247M) 1.258ms
[2026-01-06T17:26:30.359+0800][1.045s][info][gc,heap        ] GC(600) DefNew: 67960K->0K(78720K)
[2026-01-06T17:26:30.359+0800][1.045s][info][gc,heap        ] GC(600) Tenured: 136867K->4258K(174784K)
[2026-01-06T17:26:30.359+0800][1.045s][info][gc,metaspace   ] GC(600) Metaspace: 3728K(4864K)->3728K(4864K) NonClass: 3407K(4352K)->3407K(4352K) Class: 320K(512K)->320K(512K)
[2026-01-06T17:26:30.359+0800][1.045s][info][gc             ] GC(600) Pause Young (Allocation Failure) 200M->4M(247M) 1.348ms
[2026-01-06T17:26:30.359+0800][1.045s][info][gc,cpu         ] GC(600) User=0.00s Sys=0.00s Real=0.00s
[2026-01-06T17:26:30.361+0800][1.046s][info][gc,start       ] GC(602) Pause Young (Allocation Failure)
[2026-01-06T17:26:30.361+0800][1.047s][info][gc,start       ] GC(603) Pause Full (Allocation Failure)
[2026-01-06T17:26:30.361+0800][1.047s][info][gc,phases,start] GC(603) Phase 1: Mark live objects
[2026-01-06T17:26:30.361+0800][1.047s][info][gc,phases      ] GC(603) Phase 1: Mark live objects 0.447ms
[2026-01-06T17:26:30.361+0800][1.047s][info][gc,phases,start] GC(603) Phase 2: Compute new object addresses
[2026-01-06T17:26:30.362+0800][1.047s][info][gc,phases      ] GC(603) Phase 2: Compute new object addresses 0.074ms
[2026-01-06T17:26:30.362+0800][1.047s][info][gc,phases,start] GC(603) Phase 3: Adjust pointers
[2026-01-06T17:26:30.362+0800][1.048s][info][gc,phases      ] GC(603) Phase 3: Adjust pointers 0.664ms
[2026-01-06T17:26:30.362+0800][1.048s][info][gc,phases,start] GC(603) Phase 4: Move objects
[2026-01-06T17:26:30.362+0800][1.048s][info][gc,phases      ] GC(603) Phase 4: Move objects 0.033ms
[2026-01-06T17:26:30.362+0800][1.048s][info][gc             ] GC(603) Pause Full (Allocation Failure) 133M->4M(247M) 1.242ms
[2026-01-06T17:26:30.362+0800][1.048s][info][gc,heap        ] GC(602) DefNew: 67960K->0K(78720K)
[2026-01-06T17:26:30.362+0800][1.048s][info][gc,heap        ] GC(602) Tenured: 135330K->4332K(174784K)
[2026-01-06T17:26:30.362+0800][1.048s][info][gc,metaspace   ] GC(602) Metaspace: 3728K(4864K)->3728K(4864K) NonClass: 3407K(4352K)->3407K(4352K) Class: 320K(512K)->320K(512K)
[2026-01-06T17:26:30.362+0800][1.048s][info][gc             ] GC(602) Pause Young (Allocation Failure) 198M->4M(247M) 1.334ms
[2026-01-06T17:26:30.362+0800][1.048s][info][gc,cpu         ] GC(602) User=0.00s Sys=0.00s Real=0.00s
[2026-01-06T17:26:30.364+0800][1.050s][info][gc,start       ] GC(604) Pause Young (Allocation Failure)
[2026-01-06T17:26:30.364+0800][1.050s][info][gc,start       ] GC(605) Pause Full (Allocation Failure)
[2026-01-06T17:26:30.364+0800][1.050s][info][gc,phases,start] GC(605) Phase 1: Mark live objects
[2026-01-06T17:26:30.365+0800][1.050s][info][gc,phases      ] GC(605) Phase 1: Mark live objects 0.443ms
[2026-01-06T17:26:30.365+0800][1.050s][info][gc,phases,start] GC(605) Phase 2: Compute new object addresses
[2026-01-06T17:26:30.365+0800][1.050s][info][gc,phases      ] GC(605) Phase 2: Compute new object addresses 0.077ms
[2026-01-06T17:26:30.365+0800][1.050s][info][gc,phases,start] GC(605) Phase 3: Adjust pointers
[2026-01-06T17:26:30.365+0800][1.051s][info][gc,phases      ] GC(605) Phase 3: Adjust pointers 0.667ms
[2026-01-06T17:26:30.365+0800][1.051s][info][gc,phases,start] GC(605) Phase 4: Move objects
[2026-01-06T17:26:30.365+0800][1.051s][info][gc,phases      ] GC(605) Phase 4: Move objects 0.031ms
[2026-01-06T17:26:30.365+0800][1.051s][info][gc             ] GC(605) Pause Full (Allocation Failure) 133M->4M(247M) 1.240ms
[2026-01-06T17:26:30.365+0800][1.051s][info][gc,heap        ] GC(604) DefNew: 67960K->0K(78720K)
[2026-01-06T17:26:30.365+0800][1.051s][info][gc,heap        ] GC(604) Tenured: 135404K->4332K(174784K)
[2026-01-06T17:26:30.365+0800][1.051s][info][gc,metaspace   ] GC(604) Metaspace: 3728K(4864K)->3728K(4864K) NonClass: 3407K(4352K)->3407K(4352K) Class: 320K(512K)->320K(512K)
[2026-01-06T17:26:30.365+0800][1.051s][info][gc             ] GC(604) Pause Young (Allocation Failure) 198M->4M(247M) 1.350ms
[2026-01-06T17:26:30.365+0800][1.051s][info][gc,cpu         ] GC(604) User=0.00s Sys=0.00s Real=0.00s
[2026-01-06T17:26:30.367+0800][1.053s][info][gc,start       ] GC(606) Pause Young (Allocation Failure)
[2026-01-06T17:26:30.367+0800][1.053s][info][gc,start       ] GC(607) Pause Full (Allocation Failure)
[2026-01-06T17:26:30.367+0800][1.053s][info][gc,phases,start] GC(607) Phase 1: Mark live objects
[2026-01-06T17:26:30.368+0800][1.053s][info][gc,phases      ] GC(607) Phase 1: Mark live objects 0.442ms
[2026-01-06T17:26:30.368+0800][1.053s][info][gc,phases,start] GC(607) Phase 2: Compute new object addresses
[2026-01-06T17:26:30.368+0800][1.054s][info][gc,phases      ] GC(607) Phase 2: Compute new object addresses 0.093ms
[2026-01-06T17:26:30.368+0800][1.054s][info][gc,phases,start] GC(607) Phase 3: Adjust pointers
[2026-01-06T17:26:30.369+0800][1.054s][info][gc,phases      ] GC(607) Phase 3: Adjust pointers 0.685ms
[2026-01-06T17:26:30.369+0800][1.054s][info][gc,phases,start] GC(607) Phase 4: Move objects
[2026-01-06T17:26:30.369+0800][1.054s][info][gc,phases      ] GC(607) Phase 4: Move objects 0.044ms
[2026-01-06T17:26:30.369+0800][1.054s][info][gc             ] GC(607) Pause Full (Allocation Failure) 133M->4M(247M) 1.285ms
[2026-01-06T17:26:30.369+0800][1.054s][info][gc,heap        ] GC(606) DefNew: 67960K->0K(78720K)
[2026-01-06T17:26:30.369+0800][1.054s][info][gc,heap        ] GC(606) Tenured: 135404K->4332K(174784K)
[2026-01-06T17:26:30.369+0800][1.054s][info][gc,metaspace   ] GC(606) Metaspace: 3728K(4864K)->3728K(4864K) NonClass: 3407K(4352K)->3407K(4352K) Class: 320K(512K)->320K(512K)
[2026-01-06T17:26:30.369+0800][1.054s][info][gc             ] GC(606) Pause Young (Allocation Failure) 198M->4M(247M) 1.376ms
[2026-01-06T17:26:30.369+0800][1.054s][info][gc,cpu         ] GC(606) User=0.00s Sys=0.00s Real=0.00s
[2026-01-06T17:26:30.371+0800][1.056s][info][gc,start       ] GC(608) Pause Young (Allocation Failure)
[2026-01-06T17:26:30.371+0800][1.056s][info][gc,start       ] GC(609) Pause Full (Allocation Failure)
[2026-01-06T17:26:30.371+0800][1.056s][info][gc,phases,start] GC(609) Phase 1: Mark live objects
[2026-01-06T17:26:30.371+0800][1.057s][info][gc,phases      ] GC(609) Phase 1: Mark live objects 0.441ms
[2026-01-06T17:26:30.371+0800][1.057s][info][gc,phases,start] GC(609) Phase 2: Compute new object addresses
[2026-01-06T17:26:30.371+0800][1.057s][info][gc,phases      ] GC(609) Phase 2: Compute new object addresses 0.074ms
[2026-01-06T17:26:30.371+0800][1.057s][info][gc,phases,start] GC(609) Phase 3: Adjust pointers
[2026-01-06T17:26:30.372+0800][1.057s][info][gc,phases      ] GC(609) Phase 3: Adjust pointers 0.662ms
[2026-01-06T17:26:30.372+0800][1.057s][info][gc,phases,start] GC(609) Phase 4: Move objects
[2026-01-06T17:26:30.372+0800][1.057s][info][gc,phases      ] GC(609) Phase 4: Move objects 0.030ms
[2026-01-06T17:26:30.372+0800][1.057s][info][gc             ] GC(609) Pause Full (Allocation Failure) 133M->4M(247M) 1.229ms
[2026-01-06T17:26:30.372+0800][1.057s][info][gc,heap        ] GC(608) DefNew: 67960K->0K(78720K)
[2026-01-06T17:26:30.372+0800][1.057s][info][gc,heap        ] GC(608) Tenured: 135404K->4258K(174784K)
[2026-01-06T17:26:30.372+0800][1.057s][info][gc,metaspace   ] GC(608) Metaspace: 3728K(4864K)->3728K(4864K) NonClass: 3407K(4352K)->3407K(4352K) Class: 320K(512K)->320K(512K)
[2026-01-06T17:26:30.372+0800][1.057s][info][gc             ] GC(608) Pause Young (Allocation Failure) 198M->4M(247M) 1.319ms
[2026-01-06T17:26:30.372+0800][1.057s][info][gc,cpu         ] GC(608) User=0.01s Sys=0.00s Real=0.00s
[2026-01-06T17:26:30.374+0800][1.059s][info][gc,start       ] GC(610) Pause Young (Allocation Failure)
[2026-01-06T17:26:30.374+0800][1.059s][info][gc,start       ] GC(611) Pause Full (Allocation Failure)
[2026-01-06T17:26:30.374+0800][1.059s][info][gc,phases,start] GC(611) Phase 1: Mark live objects
[2026-01-06T17:26:30.374+0800][1.060s][info][gc,phases      ] GC(611) Phase 1: Mark live objects 0.444ms
[2026-01-06T17:26:30.374+0800][1.060s][info][gc,phases,start] GC(611) Phase 2: Compute new object addresses
[2026-01-06T17:26:30.374+0800][1.060s][info][gc,phases      ] GC(611) Phase 2: Compute new object addresses 0.071ms
[2026-01-06T17:26:30.374+0800][1.060s][info][gc,phases,start] GC(611) Phase 3: Adjust pointers
[2026-01-06T17:26:30.375+0800][1.061s][info][gc,phases      ] GC(611) Phase 3: Adjust pointers 0.672ms
[2026-01-06T17:26:30.375+0800][1.061s][info][gc,phases,start] GC(611) Phase 4: Move objects
[2026-01-06T17:26:30.375+0800][1.061s][info][gc,phases      ] GC(611) Phase 4: Move objects 0.031ms
[2026-01-06T17:26:30.375+0800][1.061s][info][gc             ] GC(611) Pause Full (Allocation Failure) 133M->4M(247M) 1.240ms
[2026-01-06T17:26:30.375+0800][1.061s][info][gc,heap        ] GC(610) DefNew: 67960K->0K(78720K)
[2026-01-06T17:26:30.375+0800][1.061s][info][gc,heap        ] GC(610) Tenured: 135330K->4258K(174784K)
[2026-01-06T17:26:30.375+0800][1.061s][info][gc,metaspace   ] GC(610) Metaspace: 3728K(4864K)->3728K(4864K) NonClass: 3407K(4352K)->3407K(4352K) Class: 320K(512K)->320K(512K)
[2026-01-06T17:26:30.375+0800][1.061s][info][gc             ] GC(610) Pause Young (Allocation Failure) 198M->4M(247M) 1.332ms
[2026-01-06T17:26:30.375+0800][1.061s][info][gc,cpu         ] GC(610) User=0.00s Sys=0.00s Real=0.00s
[2026-01-06T17:26:30.377+0800][1.062s][info][gc,start       ] GC(612) Pause Young (Allocation Failure)
[2026-01-06T17:26:30.377+0800][1.062s][info][gc,start       ] GC(613) Pause Full (Allocation Failure)
[2026-01-06T17:26:30.377+0800][1.062s][info][gc,phases,start] GC(613) Phase 1: Mark live objects
[2026-01-06T17:26:30.377+0800][1.063s][info][gc,phases      ] GC(613) Phase 1: Mark live objects 0.441ms
[2026-01-06T17:26:30.377+0800][1.063s][info][gc,phases,start] GC(613) Phase 2: Compute new object addresses
[2026-01-06T17:26:30.377+0800][1.063s][info][gc,phases      ] GC(613) Phase 2: Compute new object addresses 0.071ms
[2026-01-06T17:26:30.377+0800][1.063s][info][gc,phases,start] GC(613) Phase 3: Adjust pointers
[2026-01-06T17:26:30.378+0800][1.064s][info][gc,phases      ] GC(613) Phase 3: Adjust pointers 0.662ms
[2026-01-06T17:26:30.378+0800][1.064s][info][gc,phases,start] GC(613) Phase 4: Move objects
[2026-01-06T17:26:30.378+0800][1.064s][info][gc,phases      ] GC(613) Phase 4: Move objects 0.030ms
[2026-01-06T17:26:30.378+0800][1.064s][info][gc             ] GC(613) Pause Full (Allocation Failure) 133M->4M(247M) 1.226ms
[2026-01-06T17:26:30.378+0800][1.064s][info][gc,heap        ] GC(612) DefNew: 67960K->0K(78720K)
[2026-01-06T17:26:30.378+0800][1.064s][info][gc,heap        ] GC(612) Tenured: 135330K->4258K(174784K)
[2026-01-06T17:26:30.378+0800][1.064s][info][gc,metaspace   ] GC(612) Metaspace: 3728K(4864K)->3728K(4864K) NonClass: 3407K(4352K)->3407K(4352K) Class: 320K(512K)->320K(512K)
[2026-01-06T17:26:30.378+0800][1.064s][info][gc             ] GC(612) Pause Young (Allocation Failure) 198M->4M(247M) 1.315ms
[2026-01-06T17:26:30.378+0800][1.064s][info][gc,cpu         ] GC(612) User=0.00s Sys=0.00s Real=0.00s
[2026-01-06T17:26:30.380+0800][1.065s][info][gc,start       ] GC(614) Pause Young (Allocation Failure)
[2026-01-06T17:26:30.380+0800][1.066s][info][gc,start       ] GC(615) Pause Full (Allocation Failure)
[2026-01-06T17:26:30.380+0800][1.066s][info][gc,phases,start] GC(615) Phase 1: Mark live objects
[2026-01-06T17:26:30.380+0800][1.066s][info][gc,phases      ] GC(615) Phase 1: Mark live objects 0.455ms
[2026-01-06T17:26:30.380+0800][1.066s][info][gc,phases,start] GC(615) Phase 2: Compute new object addresses
[2026-01-06T17:26:30.381+0800][1.066s][info][gc,phases      ] GC(615) Phase 2: Compute new object addresses 0.080ms
[2026-01-06T17:26:30.381+0800][1.066s][info][gc,phases,start] GC(615) Phase 3: Adjust pointers
[2026-01-06T17:26:30.381+0800][1.067s][info][gc,phases      ] GC(615) Phase 3: Adjust pointers 0.679ms
[2026-01-06T17:26:30.381+0800][1.067s][info][gc,phases,start] GC(615) Phase 4: Move objects
[2026-01-06T17:26:30.381+0800][1.067s][info][gc,phases      ] GC(615) Phase 4: Move objects 0.030ms
[2026-01-06T17:26:30.381+0800][1.067s][info][gc             ] GC(615) Pause Full (Allocation Failure) 133M->4M(247M) 1.266ms
[2026-01-06T17:26:30.381+0800][1.067s][info][gc,heap        ] GC(614) DefNew: 67960K->0K(78720K)
[2026-01-06T17:26:30.381+0800][1.067s][info][gc,heap        ] GC(614) Tenured: 135330K->4258K(174784K)
[2026-01-06T17:26:30.381+0800][1.067s][info][gc,metaspace   ] GC(614) Metaspace: 3728K(4864K)->3728K(4864K) NonClass: 3407K(4352K)->3407K(4352K) Class: 320K(512K)->320K(512K)
[2026-01-06T17:26:30.381+0800][1.067s][info][gc             ] GC(614) Pause Young (Allocation Failure) 198M->4M(247M) 1.357ms
[2026-01-06T17:26:30.381+0800][1.067s][info][gc,cpu         ] GC(614) User=0.01s Sys=0.00s Real=0.00s
[2026-01-06T17:26:30.383+0800][1.069s][info][gc,start       ] GC(616) Pause Young (Allocation Failure)
[2026-01-06T17:26:30.383+0800][1.069s][info][gc,start       ] GC(617) Pause Full (Allocation Failure)
[2026-01-06T17:26:30.383+0800][1.069s][info][gc,phases,start] GC(617) Phase 1: Mark live objects
[2026-01-06T17:26:30.384+0800][1.069s][info][gc,phases      ] GC(617) Phase 1: Mark live objects 0.439ms
[2026-01-06T17:26:30.384+0800][1.069s][info][gc,phases,start] GC(617) Phase 2: Compute new object addresses
[2026-01-06T17:26:30.384+0800][1.069s][info][gc,phases      ] GC(617) Phase 2: Compute new object addresses 0.074ms
[2026-01-06T17:26:30.384+0800][1.069s][info][gc,phases,start] GC(617) Phase 3: Adjust pointers
[2026-01-06T17:26:30.384+0800][1.070s][info][gc,phases      ] GC(617) Phase 3: Adjust pointers 0.663ms
[2026-01-06T17:26:30.384+0800][1.070s][info][gc,phases,start] GC(617) Phase 4: Move objects
[2026-01-06T17:26:30.384+0800][1.070s][info][gc,phases      ] GC(617) Phase 4: Move objects 0.030ms
[2026-01-06T17:26:30.384+0800][1.070s][info][gc             ] GC(617) Pause Full (Allocation Failure) 133M->4M(247M) 1.228ms
[2026-01-06T17:26:30.384+0800][1.070s][info][gc,heap        ] GC(616) DefNew: 67960K->0K(78720K)
[2026-01-06T17:26:30.384+0800][1.070s][info][gc,heap        ] GC(616) Tenured: 135330K->4258K(174784K)
[2026-01-06T17:26:30.384+0800][1.070s][info][gc,metaspace   ] GC(616) Metaspace: 3728K(4864K)->3728K(4864K) NonClass: 3407K(4352K)->3407K(4352K) Class: 320K(512K)->320K(512K)
[2026-01-06T17:26:30.384+0800][1.070s][info][gc             ] GC(616) Pause Young (Allocation Failure) 198M->4M(247M) 1.316ms
[2026-01-06T17:26:30.384+0800][1.070s][info][gc,cpu         ] GC(616) User=0.00s Sys=0.00s Real=0.00s
[2026-01-06T17:26:30.386+0800][1.072s][info][gc,start       ] GC(618) Pause Young (Allocation Failure)
[2026-01-06T17:26:30.386+0800][1.072s][info][gc,start       ] GC(619) Pause Full (Allocation Failure)
[2026-01-06T17:26:30.386+0800][1.072s][info][gc,phases,start] GC(619) Phase 1: Mark live objects
[2026-01-06T17:26:30.387+0800][1.072s][info][gc,phases      ] GC(619) Phase 1: Mark live objects 0.439ms
[2026-01-06T17:26:30.387+0800][1.072s][info][gc,phases,start] GC(619) Phase 2: Compute new object addresses
[2026-01-06T17:26:30.387+0800][1.072s][info][gc,phases      ] GC(619) Phase 2: Compute new object addresses 0.072ms
[2026-01-06T17:26:30.387+0800][1.072s][info][gc,phases,start] GC(619) Phase 3: Adjust pointers
[2026-01-06T17:26:30.387+0800][1.073s][info][gc,phases      ] GC(619) Phase 3: Adjust pointers 0.667ms
[2026-01-06T17:26:30.387+0800][1.073s][info][gc,phases,start] GC(619) Phase 4: Move objects
[2026-01-06T17:26:30.387+0800][1.073s][info][gc,phases      ] GC(619) Phase 4: Move objects 0.029ms
[2026-01-06T17:26:30.387+0800][1.073s][info][gc             ] GC(619) Pause Full (Allocation Failure) 133M->4M(247M) 1.230ms
[2026-01-06T17:26:30.387+0800][1.073s][info][gc,heap        ] GC(618) DefNew: 67960K->0K(78720K)
[2026-01-06T17:26:30.387+0800][1.073s][info][gc,heap        ] GC(618) Tenured: 135330K->4258K(174784K)
[2026-01-06T17:26:30.387+0800][1.073s][info][gc,metaspace   ] GC(618) Metaspace: 3728K(4864K)->3728K(4864K) NonClass: 3407K(4352K)->3407K(4352K) Class: 320K(512K)->320K(512K)
[2026-01-06T17:26:30.387+0800][1.073s][info][gc             ] GC(618) Pause Young (Allocation Failure) 198M->4M(247M) 1.319ms
[2026-01-06T17:26:30.387+0800][1.073s][info][gc,cpu         ] GC(618) User=0.00s Sys=0.00s Real=0.00s
[2026-01-06T17:26:30.389+0800][1.075s][info][gc,start       ] GC(620) Pause Young (Allocation Failure)
[2026-01-06T17:26:30.389+0800][1.075s][info][gc,start       ] GC(621) Pause Full (Allocation Failure)
[2026-01-06T17:26:30.389+0800][1.075s][info][gc,phases,start] GC(621) Phase 1: Mark live objects
[2026-01-06T17:26:30.390+0800][1.075s][info][gc,phases      ] GC(621) Phase 1: Mark live objects 0.454ms
[2026-01-06T17:26:30.390+0800][1.075s][info][gc,phases,start] GC(621) Phase 2: Compute new object addresses
[2026-01-06T17:26:30.390+0800][1.075s][info][gc,phases      ] GC(621) Phase 2: Compute new object addresses 0.072ms
[2026-01-06T17:26:30.390+0800][1.075s][info][gc,phases,start] GC(621) Phase 3: Adjust pointers
[2026-01-06T17:26:30.391+0800][1.076s][info][gc,phases      ] GC(621) Phase 3: Adjust pointers 0.665ms
[2026-01-06T17:26:30.391+0800][1.076s][info][gc,phases,start] GC(621) Phase 4: Move objects
[2026-01-06T17:26:30.391+0800][1.076s][info][gc,phases      ] GC(621) Phase 4: Move objects 0.029ms
[2026-01-06T17:26:30.391+0800][1.076s][info][gc             ] GC(621) Pause Full (Allocation Failure) 133M->4M(247M) 1.242ms
[2026-01-06T17:26:30.391+0800][1.076s][info][gc,heap        ] GC(620) DefNew: 67960K->0K(78720K)
[2026-01-06T17:26:30.391+0800][1.076s][info][gc,heap        ] GC(620) Tenured: 135330K->4258K(174784K)
[2026-01-06T17:26:30.391+0800][1.076s][info][gc,metaspace   ] GC(620) Metaspace: 3728K(4864K)->3728K(4864K) NonClass: 3407K(4352K)->3407K(4352K) Class: 320K(512K)->320K(512K)
[2026-01-06T17:26:30.391+0800][1.076s][info][gc             ] GC(620) Pause Young (Allocation Failure) 198M->4M(247M) 1.329ms
[2026-01-06T17:26:30.391+0800][1.076s][info][gc,cpu         ] GC(620) User=0.00s Sys=0.00s Real=0.01s
[2026-01-06T17:26:30.392+0800][1.078s][info][gc,start       ] GC(622) Pause Young (Allocation Failure)
[2026-01-06T17:26:30.392+0800][1.078s][info][gc,start       ] GC(623) Pause Full (Allocation Failure)
[2026-01-06T17:26:30.392+0800][1.078s][info][gc,phases,start] GC(623) Phase 1: Mark live objects
[2026-01-06T17:26:30.393+0800][1.078s][info][gc,phases      ] GC(623) Phase 1: Mark live objects 0.446ms
[2026-01-06T17:26:30.393+0800][1.078s][info][gc,phases,start] GC(623) Phase 2: Compute new object addresses
[2026-01-06T17:26:30.393+0800][1.079s][info][gc,phases      ] GC(623) Phase 2: Compute new object addresses 0.096ms
[2026-01-06T17:26:30.393+0800][1.079s][info][gc,phases,start] GC(623) Phase 3: Adjust pointers
[2026-01-06T17:26:30.394+0800][1.079s][info][gc,phases      ] GC(623) Phase 3: Adjust pointers 0.683ms
[2026-01-06T17:26:30.394+0800][1.079s][info][gc,phases,start] GC(623) Phase 4: Move objects
[2026-01-06T17:26:30.394+0800][1.079s][info][gc,phases      ] GC(623) Phase 4: Move objects 0.029ms
[2026-01-06T17:26:30.394+0800][1.079s][info][gc             ] GC(623) Pause Full (Allocation Failure) 133M->4M(247M) 1.277ms
[2026-01-06T17:26:30.394+0800][1.079s][info][gc,heap        ] GC(622) DefNew: 67960K->0K(78720K)
[2026-01-06T17:26:30.394+0800][1.079s][info][gc,heap        ] GC(622) Tenured: 135330K->4258K(174784K)
[2026-01-06T17:26:30.394+0800][1.079s][info][gc,metaspace   ] GC(622) Metaspace: 3728K(4864K)->3728K(4864K) NonClass: 3407K(4352K)->3407K(4352K) Class: 320K(512K)->320K(512K)
[2026-01-06T17:26:30.394+0800][1.079s][info][gc             ] GC(622) Pause Young (Allocation Failure) 198M->4M(247M) 1.364ms
[2026-01-06T17:26:30.394+0800][1.079s][info][gc,cpu         ] GC(622) User=0.00s Sys=0.00s Real=0.00s
[2026-01-06T17:26:30.396+0800][1.081s][info][gc,start       ] GC(624) Pause Young (Allocation Failure)
[2026-01-06T17:26:30.396+0800][1.081s][info][gc,start       ] GC(625) Pause Full (Allocation Failure)
[2026-01-06T17:26:30.396+0800][1.081s][info][gc,phases,start] GC(625) Phase 1: Mark live objects
[2026-01-06T17:26:30.396+0800][1.082s][info][gc,phases      ] GC(625) Phase 1: Mark live objects 0.438ms
[2026-01-06T17:26:30.396+0800][1.082s][info][gc,phases,start] GC(625) Phase 2: Compute new object addresses
[2026-01-06T17:26:30.396+0800][1.082s][info][gc,phases      ] GC(625) Phase 2: Compute new object addresses 0.071ms
[2026-01-06T17:26:30.396+0800][1.082s][info][gc,phases,start] GC(625) Phase 3: Adjust pointers
[2026-01-06T17:26:30.397+0800][1.082s][info][gc,phases      ] GC(625) Phase 3: Adjust pointers 0.667ms
[2026-01-06T17:26:30.397+0800][1.082s][info][gc,phases,start] GC(625) Phase 4: Move objects
[2026-01-06T17:26:30.397+0800][1.082s][info][gc,phases      ] GC(625) Phase 4: Move objects 0.030ms
[2026-01-06T17:26:30.397+0800][1.082s][info][gc             ] GC(625) Pause Full (Allocation Failure) 133M->4M(247M) 1.228ms
[2026-01-06T17:26:30.397+0800][1.082s][info][gc,heap        ] GC(624) DefNew: 67960K->0K(78720K)
[2026-01-06T17:26:30.397+0800][1.082s][info][gc,heap        ] GC(624) Tenured: 135330K->4258K(174784K)
[2026-01-06T17:26:30.397+0800][1.082s][info][gc,metaspace   ] GC(624) Metaspace: 3728K(4864K)->3728K(4864K) NonClass: 3407K(4352K)->3407K(4352K) Class: 320K(512K)->320K(512K)
[2026-01-06T17:26:30.397+0800][1.082s][info][gc             ] GC(624) Pause Young (Allocation Failure) 198M->4M(247M) 1.319ms
[2026-01-06T17:26:30.397+0800][1.082s][info][gc,cpu         ] GC(624) User=0.00s Sys=0.00s Real=0.00s
[2026-01-06T17:26:30.399+0800][1.084s][info][gc,start       ] GC(626) Pause Young (Allocation Failure)
[2026-01-06T17:26:30.399+0800][1.084s][info][gc,start       ] GC(627) Pause Full (Allocation Failure)
[2026-01-06T17:26:30.399+0800][1.084s][info][gc,phases,start] GC(627) Phase 1: Mark live objects
[2026-01-06T17:26:30.399+0800][1.085s][info][gc,phases      ] GC(627) Phase 1: Mark live objects 0.445ms
[2026-01-06T17:26:30.399+0800][1.085s][info][gc,phases,start] GC(627) Phase 2: Compute new object addresses
[2026-01-06T17:26:30.399+0800][1.085s][info][gc,phases      ] GC(627) Phase 2: Compute new object addresses 0.073ms
[2026-01-06T17:26:30.399+0800][1.085s][info][gc,phases,start] GC(627) Phase 3: Adjust pointers
[2026-01-06T17:26:30.400+0800][1.085s][info][gc,phases      ] GC(627) Phase 3: Adjust pointers 0.661ms
[2026-01-06T17:26:30.400+0800][1.085s][info][gc,phases,start] GC(627) Phase 4: Move objects
[2026-01-06T17:26:30.400+0800][1.086s][info][gc,phases      ] GC(627) Phase 4: Move objects 0.030ms
[2026-01-06T17:26:30.400+0800][1.086s][info][gc             ] GC(627) Pause Full (Allocation Failure) 133M->4M(247M) 1.233ms
[2026-01-06T17:26:30.400+0800][1.086s][info][gc,heap        ] GC(626) DefNew: 67960K->0K(78720K)
[2026-01-06T17:26:30.400+0800][1.086s][info][gc,heap        ] GC(626) Tenured: 135330K->4258K(174784K)
[2026-01-06T17:26:30.400+0800][1.086s][info][gc,metaspace   ] GC(626) Metaspace: 3728K(4864K)->3728K(4864K) NonClass: 3407K(4352K)->3407K(4352K) Class: 320K(512K)->320K(512K)
[2026-01-06T17:26:30.400+0800][1.086s][info][gc             ] GC(626) Pause Young (Allocation Failure) 198M->4M(247M) 1.321ms
[2026-01-06T17:26:30.400+0800][1.086s][info][gc,cpu         ] GC(626) User=0.00s Sys=0.00s Real=0.01s
[2026-01-06T17:26:30.402+0800][1.087s][info][gc,start       ] GC(628) Pause Young (Allocation Failure)
[2026-01-06T17:26:30.402+0800][1.087s][info][gc,start       ] GC(629) Pause Full (Allocation Failure)
[2026-01-06T17:26:30.402+0800][1.087s][info][gc,phases,start] GC(629) Phase 1: Mark live objects
[2026-01-06T17:26:30.402+0800][1.088s][info][gc,phases      ] GC(629) Phase 1: Mark live objects 0.444ms
[2026-01-06T17:26:30.402+0800][1.088s][info][gc,phases,start] GC(629) Phase 2: Compute new object addresses
[2026-01-06T17:26:30.402+0800][1.088s][info][gc,phases      ] GC(629) Phase 2: Compute new object addresses 0.075ms
[2026-01-06T17:26:30.402+0800][1.088s][info][gc,phases,start] GC(629) Phase 3: Adjust pointers
[2026-01-06T17:26:30.403+0800][1.089s][info][gc,phases      ] GC(629) Phase 3: Adjust pointers 0.663ms
[2026-01-06T17:26:30.403+0800][1.089s][info][gc,phases,start] GC(629) Phase 4: Move objects
[2026-01-06T17:26:30.403+0800][1.089s][info][gc,phases      ] GC(629) Phase 4: Move objects 0.029ms
[2026-01-06T17:26:30.403+0800][1.089s][info][gc             ] GC(629) Pause Full (Allocation Failure) 133M->4M(247M) 1.232ms
[2026-01-06T17:26:30.403+0800][1.089s][info][gc,heap        ] GC(628) DefNew: 67960K->0K(78720K)
[2026-01-06T17:26:30.403+0800][1.089s][info][gc,heap        ] GC(628) Tenured: 135330K->4258K(174784K)
[2026-01-06T17:26:30.403+0800][1.089s][info][gc,metaspace   ] GC(628) Metaspace: 3728K(4864K)->3728K(4864K) NonClass: 3407K(4352K)->3407K(4352K) Class: 320K(512K)->320K(512K)
[2026-01-06T17:26:30.403+0800][1.089s][info][gc             ] GC(628) Pause Young (Allocation Failure) 198M->4M(247M) 1.323ms
[2026-01-06T17:26:30.403+0800][1.089s][info][gc,cpu         ] GC(628) User=0.00s Sys=0.00s Real=0.00s
[2026-01-06T17:26:30.405+0800][1.090s][info][gc,start       ] GC(630) Pause Young (Allocation Failure)
[2026-01-06T17:26:30.405+0800][1.091s][info][gc,start       ] GC(631) Pause Full (Allocation Failure)
[2026-01-06T17:26:30.405+0800][1.091s][info][gc,phases,start] GC(631) Phase 1: Mark live objects
[2026-01-06T17:26:30.405+0800][1.091s][info][gc,phases      ] GC(631) Phase 1: Mark live objects 0.442ms
[2026-01-06T17:26:30.405+0800][1.091s][info][gc,phases,start] GC(631) Phase 2: Compute new object addresses
[2026-01-06T17:26:30.405+0800][1.091s][info][gc,phases      ] GC(631) Phase 2: Compute new object addresses 0.088ms
[2026-01-06T17:26:30.405+0800][1.091s][info][gc,phases,start] GC(631) Phase 3: Adjust pointers
[2026-01-06T17:26:30.406+0800][1.092s][info][gc,phases      ] GC(631) Phase 3: Adjust pointers 0.664ms
[2026-01-06T17:26:30.406+0800][1.092s][info][gc,phases,start] GC(631) Phase 4: Move objects
[2026-01-06T17:26:30.406+0800][1.092s][info][gc,phases      ] GC(631) Phase 4: Move objects 0.028ms
[2026-01-06T17:26:30.406+0800][1.092s][info][gc             ] GC(631) Pause Full (Allocation Failure) 133M->4M(247M) 1.245ms
[2026-01-06T17:26:30.406+0800][1.092s][info][gc,heap        ] GC(630) DefNew: 67960K->0K(78720K)
[2026-01-06T17:26:30.406+0800][1.092s][info][gc,heap        ] GC(630) Tenured: 135330K->4258K(174784K)
[2026-01-06T17:26:30.406+0800][1.092s][info][gc,metaspace   ] GC(630) Metaspace: 3728K(4864K)->3728K(4864K) NonClass: 3407K(4352K)->3407K(4352K) Class: 320K(512K)->320K(512K)
[2026-01-06T17:26:30.406+0800][1.092s][info][gc             ] GC(630) Pause Young (Allocation Failure) 198M->4M(247M) 1.336ms
[2026-01-06T17:26:30.406+0800][1.092s][info][gc,cpu         ] GC(630) User=0.00s Sys=0.00s Real=0.00s
[2026-01-06T17:26:30.408+0800][1.094s][info][gc,start       ] GC(632) Pause Young (Allocation Failure)
[2026-01-06T17:26:30.408+0800][1.094s][info][gc,start       ] GC(633) Pause Full (Allocation Failure)
[2026-01-06T17:26:30.408+0800][1.094s][info][gc,phases,start] GC(633) Phase 1: Mark live objects
[2026-01-06T17:26:30.408+0800][1.094s][info][gc,phases      ] GC(633) Phase 1: Mark live objects 0.443ms
[2026-01-06T17:26:30.408+0800][1.094s][info][gc,phases,start] GC(633) Phase 2: Compute new object addresses
[2026-01-06T17:26:30.409+0800][1.094s][info][gc,phases      ] GC(633) Phase 2: Compute new object addresses 0.071ms
[2026-01-06T17:26:30.409+0800][1.094s][info][gc,phases,start] GC(633) Phase 3: Adjust pointers
[2026-01-06T17:26:30.409+0800][1.095s][info][gc,phases      ] GC(633) Phase 3: Adjust pointers 0.665ms
[2026-01-06T17:26:30.409+0800][1.095s][info][gc,phases,start] GC(633) Phase 4: Move objects
[2026-01-06T17:26:30.409+0800][1.095s][info][gc,phases      ] GC(633) Phase 4: Move objects 0.029ms
[2026-01-06T17:26:30.409+0800][1.095s][info][gc             ] GC(633) Pause Full (Allocation Failure) 133M->4M(247M) 1.229ms
[2026-01-06T17:26:30.409+0800][1.095s][info][gc,heap        ] GC(632) DefNew: 67960K->0K(78720K)
[2026-01-06T17:26:30.409+0800][1.095s][info][gc,heap        ] GC(632) Tenured: 135330K->4258K(174784K)
[2026-01-06T17:26:30.409+0800][1.095s][info][gc,metaspace   ] GC(632) Metaspace: 3728K(4864K)->3728K(4864K) NonClass: 3407K(4352K)->3407K(4352K) Class: 320K(512K)->320K(512K)
[2026-01-06T17:26:30.409+0800][1.095s][info][gc             ] GC(632) Pause Young (Allocation Failure) 198M->4M(247M) 1.322ms
[2026-01-06T17:26:30.409+0800][1.095s][info][gc,cpu         ] GC(632) User=0.00s Sys=0.00s Real=0.00s
[2026-01-06T17:26:30.411+0800][1.097s][info][gc,start       ] GC(634) Pause Young (Allocation Failure)
[2026-01-06T17:26:30.411+0800][1.097s][info][gc,start       ] GC(635) Pause Full (Allocation Failure)
[2026-01-06T17:26:30.411+0800][1.097s][info][gc,phases,start] GC(635) Phase 1: Mark live objects
[2026-01-06T17:26:30.412+0800][1.097s][info][gc,phases      ] GC(635) Phase 1: Mark live objects 0.443ms
[2026-01-06T17:26:30.412+0800][1.097s][info][gc,phases,start] GC(635) Phase 2: Compute new object addresses
[2026-01-06T17:26:30.412+0800][1.097s][info][gc,phases      ] GC(635) Phase 2: Compute new object addresses 0.070ms
[2026-01-06T17:26:30.412+0800][1.097s][info][gc,phases,start] GC(635) Phase 3: Adjust pointers
[2026-01-06T17:26:30.412+0800][1.098s][info][gc,phases      ] GC(635) Phase 3: Adjust pointers 0.665ms
[2026-01-06T17:26:30.412+0800][1.098s][info][gc,phases,start] GC(635) Phase 4: Move objects
[2026-01-06T17:26:30.412+0800][1.098s][info][gc,phases      ] GC(635) Phase 4: Move objects 0.027ms
[2026-01-06T17:26:30.412+0800][1.098s][info][gc             ] GC(635) Pause Full (Allocation Failure) 133M->5M(247M) 1.226ms
[2026-01-06T17:26:30.412+0800][1.098s][info][gc,heap        ] GC(634) DefNew: 67960K->0K(78720K)
[2026-01-06T17:26:30.412+0800][1.098s][info][gc,heap        ] GC(634) Tenured: 135330K->5794K(174784K)
[2026-01-06T17:26:30.412+0800][1.098s][info][gc,metaspace   ] GC(634) Metaspace: 3728K(4864K)->3728K(4864K) NonClass: 3407K(4352K)->3407K(4352K) Class: 320K(512K)->320K(512K)
[2026-01-06T17:26:30.412+0800][1.098s][info][gc             ] GC(634) Pause Young (Allocation Failure) 198M->5M(247M) 1.303ms
[2026-01-06T17:26:30.412+0800][1.098s][info][gc,cpu         ] GC(634) User=0.01s Sys=0.00s Real=0.00s
[2026-01-06T17:26:30.414+0800][1.100s][info][gc,start       ] GC(636) Pause Young (Allocation Failure)
[2026-01-06T17:26:30.414+0800][1.100s][info][gc,start       ] GC(637) Pause Full (Allocation Failure)
[2026-01-06T17:26:30.414+0800][1.100s][info][gc,phases,start] GC(637) Phase 1: Mark live objects
[2026-01-06T17:26:30.415+0800][1.100s][info][gc,phases      ] GC(637) Phase 1: Mark live objects 0.442ms
[2026-01-06T17:26:30.415+0800][1.100s][info][gc,phases,start] GC(637) Phase 2: Compute new object addresses
[2026-01-06T17:26:30.415+0800][1.100s][info][gc,phases      ] GC(637) Phase 2: Compute new object addresses 0.071ms
[2026-01-06T17:26:30.415+0800][1.100s][info][gc,phases,start] GC(637) Phase 3: Adjust pointers
[2026-01-06T17:26:30.415+0800][1.101s][info][gc,phases      ] GC(637) Phase 3: Adjust pointers 0.667ms
[2026-01-06T17:26:30.415+0800][1.101s][info][gc,phases,start] GC(637) Phase 4: Move objects
[2026-01-06T17:26:30.415+0800][1.101s][info][gc,phases      ] GC(637) Phase 4: Move objects 0.027ms
[2026-01-06T17:26:30.415+0800][1.101s][info][gc             ] GC(637) Pause Full (Allocation Failure) 135M->5M(247M) 1.228ms
[2026-01-06T17:26:30.415+0800][1.101s][info][gc,heap        ] GC(636) DefNew: 67960K->0K(78720K)
[2026-01-06T17:26:30.415+0800][1.101s][info][gc,heap        ] GC(636) Tenured: 136866K->5794K(174784K)
[2026-01-06T17:26:30.415+0800][1.101s][info][gc,metaspace   ] GC(636) Metaspace: 3728K(4864K)->3728K(4864K) NonClass: 3407K(4352K)->3407K(4352K) Class: 320K(512K)->320K(512K)
[2026-01-06T17:26:30.415+0800][1.101s][info][gc             ] GC(636) Pause Young (Allocation Failure) 200M->5M(247M) 1.305ms
[2026-01-06T17:26:30.415+0800][1.101s][info][gc,cpu         ] GC(636) User=0.00s Sys=0.00s Real=0.00s
[2026-01-06T17:26:30.417+0800][1.103s][info][gc,start       ] GC(638) Pause Young (Allocation Failure)
[2026-01-06T17:26:30.417+0800][1.103s][info][gc,start       ] GC(639) Pause Full (Allocation Failure)
[2026-01-06T17:26:30.417+0800][1.103s][info][gc,phases,start] GC(639) Phase 1: Mark live objects
[2026-01-06T17:26:30.418+0800][1.103s][info][gc,phases      ] GC(639) Phase 1: Mark live objects 0.446ms
[2026-01-06T17:26:30.418+0800][1.103s][info][gc,phases,start] GC(639) Phase 2: Compute new object addresses
[2026-01-06T17:26:30.418+0800][1.103s][info][gc,phases      ] GC(639) Phase 2: Compute new object addresses 0.072ms
[2026-01-06T17:26:30.418+0800][1.103s][info][gc,phases,start] GC(639) Phase 3: Adjust pointers
[2026-01-06T17:26:30.418+0800][1.104s][info][gc,phases      ] GC(639) Phase 3: Adjust pointers 0.678ms
[2026-01-06T17:26:30.418+0800][1.104s][info][gc,phases,start] GC(639) Phase 4: Move objects
[2026-01-06T17:26:30.418+0800][1.104s][info][gc,phases      ] GC(639) Phase 4: Move objects 0.026ms
[2026-01-06T17:26:30.418+0800][1.104s][info][gc             ] GC(639) Pause Full (Allocation Failure) 135M->5M(247M) 1.245ms
[2026-01-06T17:26:30.418+0800][1.104s][info][gc,heap        ] GC(638) DefNew: 67960K->0K(78720K)
[2026-01-06T17:26:30.418+0800][1.104s][info][gc,heap        ] GC(638) Tenured: 136866K->5795K(174784K)
[2026-01-06T17:26:30.418+0800][1.104s][info][gc,metaspace   ] GC(638) Metaspace: 3728K(4864K)->3728K(4864K) NonClass: 3407K(4352K)->3407K(4352K) Class: 320K(512K)->320K(512K)
[2026-01-06T17:26:30.418+0800][1.104s][info][gc             ] GC(638) Pause Young (Allocation Failure) 200M->5M(247M) 1.322ms
[2026-01-06T17:26:30.418+0800][1.104s][info][gc,cpu         ] GC(638) User=0.00s Sys=0.00s Real=0.00s
[2026-01-06T17:26:30.420+0800][1.106s][info][gc,start       ] GC(640) Pause Young (Allocation Failure)
[2026-01-06T17:26:30.420+0800][1.106s][info][gc,start       ] GC(641) Pause Full (Allocation Failure)
[2026-01-06T17:26:30.420+0800][1.106s][info][gc,phases,start] GC(641) Phase 1: Mark live objects
[2026-01-06T17:26:30.421+0800][1.106s][info][gc,phases      ] GC(641) Phase 1: Mark live objects 0.443ms
[2026-01-06T17:26:30.421+0800][1.106s][info][gc,phases,start] GC(641) Phase 2: Compute new object addresses
[2026-01-06T17:26:30.421+0800][1.106s][info][gc,phases      ] GC(641) Phase 2: Compute new object addresses 0.069ms
[2026-01-06T17:26:30.421+0800][1.106s][info][gc,phases,start] GC(641) Phase 3: Adjust pointers
[2026-01-06T17:26:30.421+0800][1.107s][info][gc,phases      ] GC(641) Phase 3: Adjust pointers 0.662ms
[2026-01-06T17:26:30.421+0800][1.107s][info][gc,phases,start] GC(641) Phase 4: Move objects
[2026-01-06T17:26:30.422+0800][1.107s][info][gc,phases      ] GC(641) Phase 4: Move objects 0.030ms
[2026-01-06T17:26:30.422+0800][1.107s][info][gc             ] GC(641) Pause Full (Allocation Failure) 135M->4M(247M) 1.228ms
[2026-01-06T17:26:30.422+0800][1.107s][info][gc,heap        ] GC(640) DefNew: 67960K->0K(78720K)
[2026-01-06T17:26:30.422+0800][1.107s][info][gc,heap        ] GC(640) Tenured: 136867K->4258K(174784K)
[2026-01-06T17:26:30.422+0800][1.107s][info][gc,metaspace   ] GC(640) Metaspace: 3728K(4864K)->3728K(4864K) NonClass: 3407K(4352K)->3407K(4352K) Class: 320K(512K)->320K(512K)
[2026-01-06T17:26:30.422+0800][1.107s][info][gc             ] GC(640) Pause Young (Allocation Failure) 200M->4M(247M) 1.304ms
[2026-01-06T17:26:30.422+0800][1.107s][info][gc,cpu         ] GC(640) User=0.01s Sys=0.00s Real=0.00s
[2026-01-06T17:26:30.423+0800][1.109s][info][gc,start       ] GC(642) Pause Young (Allocation Failure)
[2026-01-06T17:26:30.423+0800][1.109s][info][gc,start       ] GC(643) Pause Full (Allocation Failure)
[2026-01-06T17:26:30.423+0800][1.109s][info][gc,phases,start] GC(643) Phase 1: Mark live objects
[2026-01-06T17:26:30.424+0800][1.109s][info][gc,phases      ] GC(643) Phase 1: Mark live objects 0.453ms
[2026-01-06T17:26:30.424+0800][1.109s][info][gc,phases,start] GC(643) Phase 2: Compute new object addresses
[2026-01-06T17:26:30.424+0800][1.109s][info][gc,phases      ] GC(643) Phase 2: Compute new object addresses 0.071ms
[2026-01-06T17:26:30.424+0800][1.109s][info][gc,phases,start] GC(643) Phase 3: Adjust pointers
[2026-01-06T17:26:30.425+0800][1.110s][info][gc,phases      ] GC(643) Phase 3: Adjust pointers 0.670ms
[2026-01-06T17:26:30.425+0800][1.110s][info][gc,phases,start] GC(643) Phase 4: Move objects
[2026-01-06T17:26:30.425+0800][1.110s][info][gc,phases      ] GC(643) Phase 4: Move objects 0.030ms
[2026-01-06T17:26:30.425+0800][1.110s][info][gc             ] GC(643) Pause Full (Allocation Failure) 133M->4M(247M) 1.249ms
[2026-01-06T17:26:30.425+0800][1.110s][info][gc,heap        ] GC(642) DefNew: 67960K->0K(78720K)
[2026-01-06T17:26:30.425+0800][1.110s][info][gc,heap        ] GC(642) Tenured: 135330K->4332K(174784K)
[2026-01-06T17:26:30.425+0800][1.110s][info][gc,metaspace   ] GC(642) Metaspace: 3728K(4864K)->3728K(4864K) NonClass: 3407K(4352K)->3407K(4352K) Class: 320K(512K)->320K(512K)
[2026-01-06T17:26:30.425+0800][1.110s][info][gc             ] GC(642) Pause Young (Allocation Failure) 198M->4M(247M) 1.343ms
[2026-01-06T17:26:30.425+0800][1.110s][info][gc,cpu         ] GC(642) User=0.00s Sys=0.00s Real=0.00s
[2026-01-06T17:26:30.426+0800][1.112s][info][gc,start       ] GC(644) Pause Young (Allocation Failure)
[2026-01-06T17:26:30.426+0800][1.112s][info][gc,start       ] GC(645) Pause Full (Allocation Failure)
[2026-01-06T17:26:30.426+0800][1.112s][info][gc,phases,start] GC(645) Phase 1: Mark live objects
[2026-01-06T17:26:30.427+0800][1.113s][info][gc,phases      ] GC(645) Phase 1: Mark live objects 0.449ms
[2026-01-06T17:26:30.427+0800][1.113s][info][gc,phases,start] GC(645) Phase 2: Compute new object addresses
[2026-01-06T17:26:30.427+0800][1.113s][info][gc,phases      ] GC(645) Phase 2: Compute new object addresses 0.073ms
[2026-01-06T17:26:30.427+0800][1.113s][info][gc,phases,start] GC(645) Phase 3: Adjust pointers
[2026-01-06T17:26:30.428+0800][1.113s][info][gc,phases      ] GC(645) Phase 3: Adjust pointers 0.670ms
[2026-01-06T17:26:30.428+0800][1.113s][info][gc,phases,start] GC(645) Phase 4: Move objects
[2026-01-06T17:26:30.428+0800][1.113s][info][gc,phases      ] GC(645) Phase 4: Move objects 0.029ms
[2026-01-06T17:26:30.428+0800][1.113s][info][gc             ] GC(645) Pause Full (Allocation Failure) 133M->4M(247M) 1.246ms
[2026-01-06T17:26:30.428+0800][1.113s][info][gc,heap        ] GC(644) DefNew: 67960K->0K(78720K)
[2026-01-06T17:26:30.428+0800][1.113s][info][gc,heap        ] GC(644) Tenured: 135404K->4332K(174784K)
[2026-01-06T17:26:30.428+0800][1.113s][info][gc,metaspace   ] GC(644) Metaspace: 3728K(4864K)->3728K(4864K) NonClass: 3407K(4352K)->3407K(4352K) Class: 320K(512K)->320K(512K)
[2026-01-06T17:26:30.428+0800][1.113s][info][gc             ] GC(644) Pause Young (Allocation Failure) 198M->4M(247M) 1.336ms
[2026-01-06T17:26:30.428+0800][1.113s][info][gc,cpu         ] GC(644) User=0.00s Sys=0.00s Real=0.00s
[2026-01-06T17:26:30.429+0800][1.115s][info][gc,start       ] GC(646) Pause Young (Allocation Failure)
[2026-01-06T17:26:30.430+0800][1.115s][info][gc,start       ] GC(647) Pause Full (Allocation Failure)
[2026-01-06T17:26:30.430+0800][1.115s][info][gc,phases,start] GC(647) Phase 1: Mark live objects
[2026-01-06T17:26:30.430+0800][1.116s][info][gc,phases      ] GC(647) Phase 1: Mark live objects 0.449ms
[2026-01-06T17:26:30.430+0800][1.116s][info][gc,phases,start] GC(647) Phase 2: Compute new object addresses
[2026-01-06T17:26:30.430+0800][1.116s][info][gc,phases      ] GC(647) Phase 2: Compute new object addresses 0.076ms
[2026-01-06T17:26:30.430+0800][1.116s][info][gc,phases,start] GC(647) Phase 3: Adjust pointers
[2026-01-06T17:26:30.431+0800][1.116s][info][gc,phases      ] GC(647) Phase 3: Adjust pointers 0.684ms
[2026-01-06T17:26:30.431+0800][1.116s][info][gc,phases,start] GC(647) Phase 4: Move objects
[2026-01-06T17:26:30.431+0800][1.116s][info][gc,phases      ] GC(647) Phase 4: Move objects 0.028ms
[2026-01-06T17:26:30.431+0800][1.116s][info][gc             ] GC(647) Pause Full (Allocation Failure) 133M->4M(247M) 1.261ms
[2026-01-06T17:26:30.431+0800][1.116s][info][gc,heap        ] GC(646) DefNew: 67960K->0K(78720K)
[2026-01-06T17:26:30.431+0800][1.116s][info][gc,heap        ] GC(646) Tenured: 135404K->4332K(174784K)
[2026-01-06T17:26:30.431+0800][1.116s][info][gc,metaspace   ] GC(646) Metaspace: 3728K(4864K)->3728K(4864K) NonClass: 3407K(4352K)->3407K(4352K) Class: 320K(512K)->320K(512K)
[2026-01-06T17:26:30.431+0800][1.116s][info][gc             ] GC(646) Pause Young (Allocation Failure) 198M->4M(247M) 1.354ms
[2026-01-06T17:26:30.431+0800][1.116s][info][gc,cpu         ] GC(646) User=0.00s Sys=0.00s Real=0.01s
[2026-01-06T17:26:30.433+0800][1.118s][info][gc,start       ] GC(648) Pause Young (Allocation Failure)
[2026-01-06T17:26:30.433+0800][1.118s][info][gc,start       ] GC(649) Pause Full (Allocation Failure)
[2026-01-06T17:26:30.433+0800][1.118s][info][gc,phases,start] GC(649) Phase 1: Mark live objects
[2026-01-06T17:26:30.433+0800][1.119s][info][gc,phases      ] GC(649) Phase 1: Mark live objects 0.447ms
[2026-01-06T17:26:30.433+0800][1.119s][info][gc,phases,start] GC(649) Phase 2: Compute new object addresses
[2026-01-06T17:26:30.433+0800][1.119s][info][gc,phases      ] GC(649) Phase 2: Compute new object addresses 0.074ms
[2026-01-06T17:26:30.433+0800][1.119s][info][gc,phases,start] GC(649) Phase 3: Adjust pointers
[2026-01-06T17:26:30.434+0800][1.120s][info][gc,phases      ] GC(649) Phase 3: Adjust pointers 0.670ms
[2026-01-06T17:26:30.434+0800][1.120s][info][gc,phases,start] GC(649) Phase 4: Move objects
[2026-01-06T17:26:30.434+0800][1.120s][info][gc,phases      ] GC(649) Phase 4: Move objects 0.029ms
[2026-01-06T17:26:30.434+0800][1.120s][info][gc             ] GC(649) Pause Full (Allocation Failure) 133M->4M(247M) 1.242ms
[2026-01-06T17:26:30.434+0800][1.120s][info][gc,heap        ] GC(648) DefNew: 67960K->0K(78720K)
[2026-01-06T17:26:30.434+0800][1.120s][info][gc,heap        ] GC(648) Tenured: 135404K->4258K(174784K)
[2026-01-06T17:26:30.434+0800][1.120s][info][gc,metaspace   ] GC(648) Metaspace: 3728K(4864K)->3728K(4864K) NonClass: 3407K(4352K)->3407K(4352K) Class: 320K(512K)->320K(512K)
[2026-01-06T17:26:30.434+0800][1.120s][info][gc             ] GC(648) Pause Young (Allocation Failure) 198M->4M(247M) 1.335ms
[2026-01-06T17:26:30.434+0800][1.120s][info][gc,cpu         ] GC(648) User=0.00s Sys=0.00s Real=0.00s
[2026-01-06T17:26:30.436+0800][1.121s][info][gc,start       ] GC(650) Pause Young (Allocation Failure)
[2026-01-06T17:26:30.436+0800][1.121s][info][gc,start       ] GC(651) Pause Full (Allocation Failure)
[2026-01-06T17:26:30.436+0800][1.121s][info][gc,phases,start] GC(651) Phase 1: Mark live objects
[2026-01-06T17:26:30.436+0800][1.122s][info][gc,phases      ] GC(651) Phase 1: Mark live objects 0.445ms
[2026-01-06T17:26:30.436+0800][1.122s][info][gc,phases,start] GC(651) Phase 2: Compute new object addresses
[2026-01-06T17:26:30.436+0800][1.122s][info][gc,phases      ] GC(651) Phase 2: Compute new object addresses 0.075ms
[2026-01-06T17:26:30.436+0800][1.122s][info][gc,phases,start] GC(651) Phase 3: Adjust pointers
[2026-01-06T17:26:30.437+0800][1.123s][info][gc,phases      ] GC(651) Phase 3: Adjust pointers 0.668ms
[2026-01-06T17:26:30.437+0800][1.123s][info][gc,phases,start] GC(651) Phase 4: Move objects
[2026-01-06T17:26:30.437+0800][1.123s][info][gc,phases      ] GC(651) Phase 4: Move objects 0.028ms
[2026-01-06T17:26:30.437+0800][1.123s][info][gc             ] GC(651) Pause Full (Allocation Failure) 133M->4M(247M) 1.238ms
[2026-01-06T17:26:30.437+0800][1.123s][info][gc,heap        ] GC(650) DefNew: 67960K->0K(78720K)
[2026-01-06T17:26:30.437+0800][1.123s][info][gc,heap        ] GC(650) Tenured: 135330K->4258K(174784K)
[2026-01-06T17:26:30.437+0800][1.123s][info][gc,metaspace   ] GC(650) Metaspace: 3728K(4864K)->3728K(4864K) NonClass: 3407K(4352K)->3407K(4352K) Class: 320K(512K)->320K(512K)
[2026-01-06T17:26:30.437+0800][1.123s][info][gc             ] GC(650) Pause Young (Allocation Failure) 198M->4M(247M) 1.328ms
[2026-01-06T17:26:30.437+0800][1.123s][info][gc,cpu         ] GC(650) User=0.00s Sys=0.00s Real=0.00s
[2026-01-06T17:26:30.439+0800][1.124s][info][gc,start       ] GC(652) Pause Young (Allocation Failure)
[2026-01-06T17:26:30.439+0800][1.125s][info][gc,start       ] GC(653) Pause Full (Allocation Failure)
[2026-01-06T17:26:30.439+0800][1.125s][info][gc,phases,start] GC(653) Phase 1: Mark live objects
[2026-01-06T17:26:30.439+0800][1.125s][info][gc,phases      ] GC(653) Phase 1: Mark live objects 0.444ms
[2026-01-06T17:26:30.439+0800][1.125s][info][gc,phases,start] GC(653) Phase 2: Compute new object addresses
[2026-01-06T17:26:30.440+0800][1.125s][info][gc,phases      ] GC(653) Phase 2: Compute new object addresses 0.072ms
[2026-01-06T17:26:30.440+0800][1.125s][info][gc,phases,start] GC(653) Phase 3: Adjust pointers
[2026-01-06T17:26:30.440+0800][1.126s][info][gc,phases      ] GC(653) Phase 3: Adjust pointers 0.674ms
[2026-01-06T17:26:30.440+0800][1.126s][info][gc,phases,start] GC(653) Phase 4: Move objects
[2026-01-06T17:26:30.440+0800][1.126s][info][gc,phases      ] GC(653) Phase 4: Move objects 0.028ms
[2026-01-06T17:26:30.440+0800][1.126s][info][gc             ] GC(653) Pause Full (Allocation Failure) 133M->4M(247M) 1.240ms
[2026-01-06T17:26:30.440+0800][1.126s][info][gc,heap        ] GC(652) DefNew: 67960K->0K(78720K)
[2026-01-06T17:26:30.440+0800][1.126s][info][gc,heap        ] GC(652) Tenured: 135330K->4258K(174784K)
[2026-01-06T17:26:30.440+0800][1.126s][info][gc,metaspace   ] GC(652) Metaspace: 3728K(4864K)->3728K(4864K) NonClass: 3407K(4352K)->3407K(4352K) Class: 320K(512K)->320K(512K)
[2026-01-06T17:26:30.440+0800][1.126s][info][gc             ] GC(652) Pause Young (Allocation Failure) 198M->4M(247M) 1.329ms
[2026-01-06T17:26:30.440+0800][1.126s][info][gc,cpu         ] GC(652) User=0.00s Sys=0.00s Real=0.01s
[2026-01-06T17:26:30.442+0800][1.128s][info][gc,start       ] GC(654) Pause Young (Allocation Failure)
[2026-01-06T17:26:30.442+0800][1.128s][info][gc,start       ] GC(655) Pause Full (Allocation Failure)
[2026-01-06T17:26:30.442+0800][1.128s][info][gc,phases,start] GC(655) Phase 1: Mark live objects
[2026-01-06T17:26:30.443+0800][1.128s][info][gc,phases      ] GC(655) Phase 1: Mark live objects 0.445ms
[2026-01-06T17:26:30.443+0800][1.128s][info][gc,phases,start] GC(655) Phase 2: Compute new object addresses
[2026-01-06T17:26:30.443+0800][1.128s][info][gc,phases      ] GC(655) Phase 2: Compute new object addresses 0.073ms
[2026-01-06T17:26:30.443+0800][1.128s][info][gc,phases,start] GC(655) Phase 3: Adjust pointers
[2026-01-06T17:26:30.443+0800][1.129s][info][gc,phases      ] GC(655) Phase 3: Adjust pointers 0.685ms
[2026-01-06T17:26:30.443+0800][1.129s][info][gc,phases,start] GC(655) Phase 4: Move objects
[2026-01-06T17:26:30.443+0800][1.129s][info][gc,phases      ] GC(655) Phase 4: Move objects 0.028ms
[2026-01-06T17:26:30.443+0800][1.129s][info][gc             ] GC(655) Pause Full (Allocation Failure) 133M->4M(247M) 1.252ms
[2026-01-06T17:26:30.443+0800][1.129s][info][gc,heap        ] GC(654) DefNew: 67960K->0K(78720K)
[2026-01-06T17:26:30.443+0800][1.129s][info][gc,heap        ] GC(654) Tenured: 135330K->4258K(174784K)
[2026-01-06T17:26:30.443+0800][1.129s][info][gc,metaspace   ] GC(654) Metaspace: 3728K(4864K)->3728K(4864K) NonClass: 3407K(4352K)->3407K(4352K) Class: 320K(512K)->320K(512K)
[2026-01-06T17:26:30.443+0800][1.129s][info][gc             ] GC(654) Pause Young (Allocation Failure) 198M->4M(247M) 1.341ms
[2026-01-06T17:26:30.443+0800][1.129s][info][gc,cpu         ] GC(654) User=0.00s Sys=0.00s Real=0.00s
[2026-01-06T17:26:30.445+0800][1.131s][info][gc,start       ] GC(656) Pause Young (Allocation Failure)
[2026-01-06T17:26:30.445+0800][1.131s][info][gc,start       ] GC(657) Pause Full (Allocation Failure)
[2026-01-06T17:26:30.445+0800][1.131s][info][gc,phases,start] GC(657) Phase 1: Mark live objects
[2026-01-06T17:26:30.446+0800][1.131s][info][gc,phases      ] GC(657) Phase 1: Mark live objects 0.447ms
[2026-01-06T17:26:30.446+0800][1.131s][info][gc,phases,start] GC(657) Phase 2: Compute new object addresses
[2026-01-06T17:26:30.446+0800][1.131s][info][gc,phases      ] GC(657) Phase 2: Compute new object addresses 0.073ms
[2026-01-06T17:26:30.446+0800][1.131s][info][gc,phases,start] GC(657) Phase 3: Adjust pointers
[2026-01-06T17:26:30.446+0800][1.132s][info][gc,phases      ] GC(657) Phase 3: Adjust pointers 0.672ms
[2026-01-06T17:26:30.446+0800][1.132s][info][gc,phases,start] GC(657) Phase 4: Move objects
[2026-01-06T17:26:30.446+0800][1.132s][info][gc,phases      ] GC(657) Phase 4: Move objects 0.029ms
[2026-01-06T17:26:30.446+0800][1.132s][info][gc             ] GC(657) Pause Full (Allocation Failure) 133M->4M(247M) 1.249ms
[2026-01-06T17:26:30.446+0800][1.132s][info][gc,heap        ] GC(656) DefNew: 67960K->0K(78720K)
[2026-01-06T17:26:30.446+0800][1.132s][info][gc,heap        ] GC(656) Tenured: 135330K->4258K(174784K)
[2026-01-06T17:26:30.446+0800][1.132s][info][gc,metaspace   ] GC(656) Metaspace: 3728K(4864K)->3728K(4864K) NonClass: 3407K(4352K)->3407K(4352K) Class: 320K(512K)->320K(512K)
[2026-01-06T17:26:30.446+0800][1.132s][info][gc             ] GC(656) Pause Young (Allocation Failure) 198M->4M(247M) 1.342ms
[2026-01-06T17:26:30.447+0800][1.132s][info][gc,cpu         ] GC(656) User=0.00s Sys=0.00s Real=0.00s
[2026-01-06T17:26:30.448+0800][1.134s][info][gc,start       ] GC(658) Pause Young (Allocation Failure)
[2026-01-06T17:26:30.448+0800][1.134s][info][gc,start       ] GC(659) Pause Full (Allocation Failure)
[2026-01-06T17:26:30.448+0800][1.134s][info][gc,phases,start] GC(659) Phase 1: Mark live objects
[2026-01-06T17:26:30.449+0800][1.134s][info][gc,phases      ] GC(659) Phase 1: Mark live objects 0.445ms
[2026-01-06T17:26:30.449+0800][1.134s][info][gc,phases,start] GC(659) Phase 2: Compute new object addresses
[2026-01-06T17:26:30.449+0800][1.134s][info][gc,phases      ] GC(659) Phase 2: Compute new object addresses 0.071ms
[2026-01-06T17:26:30.449+0800][1.134s][info][gc,phases,start] GC(659) Phase 3: Adjust pointers
[2026-01-06T17:26:30.450+0800][1.135s][info][gc,phases      ] GC(659) Phase 3: Adjust pointers 0.671ms
[2026-01-06T17:26:30.450+0800][1.135s][info][gc,phases,start] GC(659) Phase 4: Move objects
[2026-01-06T17:26:30.450+0800][1.135s][info][gc,phases      ] GC(659) Phase 4: Move objects 0.028ms
[2026-01-06T17:26:30.450+0800][1.135s][info][gc             ] GC(659) Pause Full (Allocation Failure) 133M->4M(247M) 1.237ms
[2026-01-06T17:26:30.450+0800][1.135s][info][gc,heap        ] GC(658) DefNew: 67960K->0K(78720K)
[2026-01-06T17:26:30.450+0800][1.135s][info][gc,heap        ] GC(658) Tenured: 135330K->4258K(174784K)
[2026-01-06T17:26:30.450+0800][1.135s][info][gc,metaspace   ] GC(658) Metaspace: 3728K(4864K)->3728K(4864K) NonClass: 3407K(4352K)->3407K(4352K) Class: 320K(512K)->320K(512K)
[2026-01-06T17:26:30.450+0800][1.135s][info][gc             ] GC(658) Pause Young (Allocation Failure) 198M->4M(247M) 1.326ms
[2026-01-06T17:26:30.450+0800][1.135s][info][gc,cpu         ] GC(658) User=0.00s Sys=0.00s Real=0.01s
[2026-01-06T17:26:30.451+0800][1.137s][info][gc,start       ] GC(660) Pause Young (Allocation Failure)
[2026-01-06T17:26:30.451+0800][1.137s][info][gc,start       ] GC(661) Pause Full (Allocation Failure)
[2026-01-06T17:26:30.451+0800][1.137s][info][gc,phases,start] GC(661) Phase 1: Mark live objects
[2026-01-06T17:26:30.452+0800][1.138s][info][gc,phases      ] GC(661) Phase 1: Mark live objects 0.443ms
[2026-01-06T17:26:30.452+0800][1.138s][info][gc,phases,start] GC(661) Phase 2: Compute new object addresses
[2026-01-06T17:26:30.452+0800][1.138s][info][gc,phases      ] GC(661) Phase 2: Compute new object addresses 0.076ms
[2026-01-06T17:26:30.452+0800][1.138s][info][gc,phases,start] GC(661) Phase 3: Adjust pointers
[2026-01-06T17:26:30.453+0800][1.138s][info][gc,phases      ] GC(661) Phase 3: Adjust pointers 0.666ms
[2026-01-06T17:26:30.453+0800][1.138s][info][gc,phases,start] GC(661) Phase 4: Move objects
[2026-01-06T17:26:30.453+0800][1.138s][info][gc,phases      ] GC(661) Phase 4: Move objects 0.028ms
[2026-01-06T17:26:30.453+0800][1.138s][info][gc             ] GC(661) Pause Full (Allocation Failure) 133M->4M(247M) 1.235ms
[2026-01-06T17:26:30.453+0800][1.138s][info][gc,heap        ] GC(660) DefNew: 67960K->0K(78720K)
[2026-01-06T17:26:30.453+0800][1.138s][info][gc,heap        ] GC(660) Tenured: 135330K->4258K(174784K)
[2026-01-06T17:26:30.453+0800][1.138s][info][gc,metaspace   ] GC(660) Metaspace: 3728K(4864K)->3728K(4864K) NonClass: 3407K(4352K)->3407K(4352K) Class: 320K(512K)->320K(512K)
[2026-01-06T17:26:30.453+0800][1.138s][info][gc             ] GC(660) Pause Young (Allocation Failure) 198M->4M(247M) 1.328ms
[2026-01-06T17:26:30.453+0800][1.138s][info][gc,cpu         ] GC(660) User=0.01s Sys=0.00s Real=0.00s
[2026-01-06T17:26:30.454+0800][1.140s][info][gc,start       ] GC(662) Pause Young (Allocation Failure)
[2026-01-06T17:26:30.455+0800][1.140s][info][gc,start       ] GC(663) Pause Full (Allocation Failure)
[2026-01-06T17:26:30.455+0800][1.140s][info][gc,phases,start] GC(663) Phase 1: Mark live objects
[2026-01-06T17:26:30.455+0800][1.141s][info][gc,phases      ] GC(663) Phase 1: Mark live objects 0.443ms
[2026-01-06T17:26:30.455+0800][1.141s][info][gc,phases,start] GC(663) Phase 2: Compute new object addresses
[2026-01-06T17:26:30.455+0800][1.141s][info][gc,phases      ] GC(663) Phase 2: Compute new object addresses 0.076ms
[2026-01-06T17:26:30.455+0800][1.141s][info][gc,phases,start] GC(663) Phase 3: Adjust pointers
[2026-01-06T17:26:30.456+0800][1.141s][info][gc,phases      ] GC(663) Phase 3: Adjust pointers 0.682ms
[2026-01-06T17:26:30.456+0800][1.141s][info][gc,phases,start] GC(663) Phase 4: Move objects
[2026-01-06T17:26:30.456+0800][1.141s][info][gc,phases      ] GC(663) Phase 4: Move objects 0.028ms
[2026-01-06T17:26:30.456+0800][1.141s][info][gc             ] GC(663) Pause Full (Allocation Failure) 133M->4M(247M) 1.251ms
[2026-01-06T17:26:30.456+0800][1.141s][info][gc,heap        ] GC(662) DefNew: 67960K->0K(78720K)
[2026-01-06T17:26:30.456+0800][1.141s][info][gc,heap        ] GC(662) Tenured: 135330K->4258K(174784K)
[2026-01-06T17:26:30.456+0800][1.141s][info][gc,metaspace   ] GC(662) Metaspace: 3728K(4864K)->3728K(4864K) NonClass: 3407K(4352K)->3407K(4352K) Class: 320K(512K)->320K(512K)
[2026-01-06T17:26:30.456+0800][1.141s][info][gc             ] GC(662) Pause Young (Allocation Failure) 198M->4M(247M) 1.344ms
[2026-01-06T17:26:30.456+0800][1.141s][info][gc,cpu         ] GC(662) User=0.00s Sys=0.00s Real=0.00s
[2026-01-06T17:26:30.458+0800][1.143s][info][gc,start       ] GC(664) Pause Young (Allocation Failure)
[2026-01-06T17:26:30.458+0800][1.143s][info][gc,start       ] GC(665) Pause Full (Allocation Failure)
[2026-01-06T17:26:30.458+0800][1.143s][info][gc,phases,start] GC(665) Phase 1: Mark live objects
[2026-01-06T17:26:30.458+0800][1.144s][info][gc,phases      ] GC(665) Phase 1: Mark live objects 0.444ms
[2026-01-06T17:26:30.458+0800][1.144s][info][gc,phases,start] GC(665) Phase 2: Compute new object addresses
[2026-01-06T17:26:30.458+0800][1.144s][info][gc,phases      ] GC(665) Phase 2: Compute new object addresses 0.074ms
[2026-01-06T17:26:30.458+0800][1.144s][info][gc,phases,start] GC(665) Phase 3: Adjust pointers
[2026-01-06T17:26:30.459+0800][1.144s][info][gc,phases      ] GC(665) Phase 3: Adjust pointers 0.670ms
[2026-01-06T17:26:30.459+0800][1.144s][info][gc,phases,start] GC(665) Phase 4: Move objects
[2026-01-06T17:26:30.459+0800][1.144s][info][gc,phases      ] GC(665) Phase 4: Move objects 0.029ms
[2026-01-06T17:26:30.459+0800][1.144s][info][gc             ] GC(665) Pause Full (Allocation Failure) 133M->4M(247M) 1.238ms
[2026-01-06T17:26:30.459+0800][1.144s][info][gc,heap        ] GC(664) DefNew: 67960K->0K(78720K)
[2026-01-06T17:26:30.459+0800][1.144s][info][gc,heap        ] GC(664) Tenured: 135330K->4258K(174784K)
[2026-01-06T17:26:30.459+0800][1.144s][info][gc,metaspace   ] GC(664) Metaspace: 3728K(4864K)->3728K(4864K) NonClass: 3407K(4352K)->3407K(4352K) Class: 320K(512K)->320K(512K)
[2026-01-06T17:26:30.459+0800][1.144s][info][gc             ] GC(664) Pause Young (Allocation Failure) 198M->4M(247M) 1.327ms
[2026-01-06T17:26:30.459+0800][1.144s][info][gc,cpu         ] GC(664) User=0.00s Sys=0.00s Real=0.00s
[2026-01-06T17:26:30.461+0800][1.146s][info][gc,start       ] GC(666) Pause Young (Allocation Failure)
[2026-01-06T17:26:30.461+0800][1.146s][info][gc,start       ] GC(667) Pause Full (Allocation Failure)
[2026-01-06T17:26:30.461+0800][1.146s][info][gc,phases,start] GC(667) Phase 1: Mark live objects
[2026-01-06T17:26:30.461+0800][1.147s][info][gc,phases      ] GC(667) Phase 1: Mark live objects 0.442ms
[2026-01-06T17:26:30.461+0800][1.147s][info][gc,phases,start] GC(667) Phase 2: Compute new object addresses
[2026-01-06T17:26:30.461+0800][1.147s][info][gc,phases      ] GC(667) Phase 2: Compute new object addresses 0.069ms
[2026-01-06T17:26:30.461+0800][1.147s][info][gc,phases,start] GC(667) Phase 3: Adjust pointers
[2026-01-06T17:26:30.462+0800][1.148s][info][gc,phases      ] GC(667) Phase 3: Adjust pointers 0.673ms
[2026-01-06T17:26:30.462+0800][1.148s][info][gc,phases,start] GC(667) Phase 4: Move objects
[2026-01-06T17:26:30.462+0800][1.148s][info][gc,phases      ] GC(667) Phase 4: Move objects 0.028ms
[2026-01-06T17:26:30.462+0800][1.148s][info][gc             ] GC(667) Pause Full (Allocation Failure) 133M->4M(247M) 1.234ms
[2026-01-06T17:26:30.462+0800][1.148s][info][gc,heap        ] GC(666) DefNew: 67960K->0K(78720K)
[2026-01-06T17:26:30.462+0800][1.148s][info][gc,heap        ] GC(666) Tenured: 135330K->4258K(174784K)
[2026-01-06T17:26:30.462+0800][1.148s][info][gc,metaspace   ] GC(666) Metaspace: 3728K(4864K)->3728K(4864K) NonClass: 3407K(4352K)->3407K(4352K) Class: 320K(512K)->320K(512K)
[2026-01-06T17:26:30.462+0800][1.148s][info][gc             ] GC(666) Pause Young (Allocation Failure) 198M->4M(247M) 1.326ms
[2026-01-06T17:26:30.462+0800][1.148s][info][gc,cpu         ] GC(666) User=0.01s Sys=0.00s Real=0.00s
[2026-01-06T17:26:30.464+0800][1.149s][info][gc,start       ] GC(668) Pause Young (Allocation Failure)
[2026-01-06T17:26:30.464+0800][1.149s][info][gc,start       ] GC(669) Pause Full (Allocation Failure)
[2026-01-06T17:26:30.464+0800][1.149s][info][gc,phases,start] GC(669) Phase 1: Mark live objects
[2026-01-06T17:26:30.464+0800][1.150s][info][gc,phases      ] GC(669) Phase 1: Mark live objects 0.443ms
[2026-01-06T17:26:30.464+0800][1.150s][info][gc,phases,start] GC(669) Phase 2: Compute new object addresses
[2026-01-06T17:26:30.464+0800][1.150s][info][gc,phases      ] GC(669) Phase 2: Compute new object addresses 0.071ms
[2026-01-06T17:26:30.464+0800][1.150s][info][gc,phases,start] GC(669) Phase 3: Adjust pointers
[2026-01-06T17:26:30.465+0800][1.151s][info][gc,phases      ] GC(669) Phase 3: Adjust pointers 0.673ms
[2026-01-06T17:26:30.465+0800][1.151s][info][gc,phases,start] GC(669) Phase 4: Move objects
[2026-01-06T17:26:30.465+0800][1.151s][info][gc,phases      ] GC(669) Phase 4: Move objects 0.028ms
[2026-01-06T17:26:30.465+0800][1.151s][info][gc             ] GC(669) Pause Full (Allocation Failure) 133M->4M(247M) 1.237ms
[2026-01-06T17:26:30.465+0800][1.151s][info][gc,heap        ] GC(668) DefNew: 67960K->0K(78720K)
[2026-01-06T17:26:30.465+0800][1.151s][info][gc,heap        ] GC(668) Tenured: 135330K->4258K(174784K)
[2026-01-06T17:26:30.465+0800][1.151s][info][gc,metaspace   ] GC(668) Metaspace: 3728K(4864K)->3728K(4864K) NonClass: 3407K(4352K)->3407K(4352K) Class: 320K(512K)->320K(512K)
[2026-01-06T17:26:30.465+0800][1.151s][info][gc             ] GC(668) Pause Young (Allocation Failure) 198M->4M(247M) 1.334ms
[2026-01-06T17:26:30.465+0800][1.151s][info][gc,cpu         ] GC(668) User=0.00s Sys=0.00s Real=0.00s
[2026-01-06T17:26:30.467+0800][1.152s][info][gc,start       ] GC(670) Pause Young (Allocation Failure)
[2026-01-06T17:26:30.467+0800][1.153s][info][gc,start       ] GC(671) Pause Full (Allocation Failure)
[2026-01-06T17:26:30.467+0800][1.153s][info][gc,phases,start] GC(671) Phase 1: Mark live objects
[2026-01-06T17:26:30.467+0800][1.153s][info][gc,phases      ] GC(671) Phase 1: Mark live objects 0.442ms
[2026-01-06T17:26:30.467+0800][1.153s][info][gc,phases,start] GC(671) Phase 2: Compute new object addresses
[2026-01-06T17:26:30.467+0800][1.153s][info][gc,phases      ] GC(671) Phase 2: Compute new object addresses 0.074ms
[2026-01-06T17:26:30.467+0800][1.153s][info][gc,phases,start] GC(671) Phase 3: Adjust pointers
[2026-01-06T17:26:30.468+0800][1.154s][info][gc,phases      ] GC(671) Phase 3: Adjust pointers 0.686ms
[2026-01-06T17:26:30.468+0800][1.154s][info][gc,phases,start] GC(671) Phase 4: Move objects
[2026-01-06T17:26:30.468+0800][1.154s][info][gc,phases      ] GC(671) Phase 4: Move objects 0.028ms
[2026-01-06T17:26:30.468+0800][1.154s][info][gc             ] GC(671) Pause Full (Allocation Failure) 133M->4M(247M) 1.254ms
[2026-01-06T17:26:30.468+0800][1.154s][info][gc,heap        ] GC(670) DefNew: 67960K->0K(78720K)
[2026-01-06T17:26:30.468+0800][1.154s][info][gc,heap        ] GC(670) Tenured: 135330K->4258K(174784K)
[2026-01-06T17:26:30.468+0800][1.154s][info][gc,metaspace   ] GC(670) Metaspace: 3728K(4864K)->3728K(4864K) NonClass: 3407K(4352K)->3407K(4352K) Class: 320K(512K)->320K(512K)
[2026-01-06T17:26:30.468+0800][1.154s][info][gc             ] GC(670) Pause Young (Allocation Failure) 198M->4M(247M) 1.346ms
[2026-01-06T17:26:30.468+0800][1.154s][info][gc,cpu         ] GC(670) User=0.00s Sys=0.00s Real=0.00s
[2026-01-06T17:26:30.470+0800][1.156s][info][gc,start       ] GC(672) Pause Young (Allocation Failure)
[2026-01-06T17:26:30.470+0800][1.156s][info][gc,start       ] GC(673) Pause Full (Allocation Failure)
[2026-01-06T17:26:30.470+0800][1.156s][info][gc,phases,start] GC(673) Phase 1: Mark live objects
[2026-01-06T17:26:30.470+0800][1.156s][info][gc,phases      ] GC(673) Phase 1: Mark live objects 0.446ms
[2026-01-06T17:26:30.470+0800][1.156s][info][gc,phases,start] GC(673) Phase 2: Compute new object addresses
[2026-01-06T17:26:30.471+0800][1.156s][info][gc,phases      ] GC(673) Phase 2: Compute new object addresses 0.074ms
[2026-01-06T17:26:30.471+0800][1.156s][info][gc,phases,start] GC(673) Phase 3: Adjust pointers
[2026-01-06T17:26:30.471+0800][1.157s][info][gc,phases      ] GC(673) Phase 3: Adjust pointers 0.669ms
[2026-01-06T17:26:30.471+0800][1.157s][info][gc,phases,start] GC(673) Phase 4: Move objects
[2026-01-06T17:26:30.471+0800][1.157s][info][gc,phases      ] GC(673) Phase 4: Move objects 0.029ms
[2026-01-06T17:26:30.471+0800][1.157s][info][gc             ] GC(673) Pause Full (Allocation Failure) 133M->4M(247M) 1.245ms
[2026-01-06T17:26:30.471+0800][1.157s][info][gc,heap        ] GC(672) DefNew: 67960K->0K(78720K)
[2026-01-06T17:26:30.471+0800][1.157s][info][gc,heap        ] GC(672) Tenured: 135330K->4258K(174784K)
[2026-01-06T17:26:30.471+0800][1.157s][info][gc,metaspace   ] GC(672) Metaspace: 3728K(4864K)->3728K(4864K) NonClass: 3407K(4352K)->3407K(4352K) Class: 320K(512K)->320K(512K)
[2026-01-06T17:26:30.471+0800][1.157s][info][gc             ] GC(672) Pause Young (Allocation Failure) 198M->4M(247M) 1.336ms
[2026-01-06T17:26:30.471+0800][1.157s][info][gc,cpu         ] GC(672) User=0.00s Sys=0.00s Real=0.00s
[2026-01-06T17:26:30.473+0800][1.159s][info][gc,start       ] GC(674) Pause Young (Allocation Failure)
[2026-01-06T17:26:30.473+0800][1.159s][info][gc,start       ] GC(675) Pause Full (Allocation Failure)
[2026-01-06T17:26:30.473+0800][1.159s][info][gc,phases,start] GC(675) Phase 1: Mark live objects
[2026-01-06T17:26:30.474+0800][1.159s][info][gc,phases      ] GC(675) Phase 1: Mark live objects 0.445ms
[2026-01-06T17:26:30.474+0800][1.159s][info][gc,phases,start] GC(675) Phase 2: Compute new object addresses
[2026-01-06T17:26:30.474+0800][1.159s][info][gc,phases      ] GC(675) Phase 2: Compute new object addresses 0.066ms
[2026-01-06T17:26:30.474+0800][1.159s][info][gc,phases,start] GC(675) Phase 3: Adjust pointers
[2026-01-06T17:26:30.474+0800][1.160s][info][gc,phases      ] GC(675) Phase 3: Adjust pointers 0.668ms
[2026-01-06T17:26:30.474+0800][1.160s][info][gc,phases,start] GC(675) Phase 4: Move objects
[2026-01-06T17:26:30.474+0800][1.160s][info][gc,phases      ] GC(675) Phase 4: Move objects 0.027ms
[2026-01-06T17:26:30.474+0800][1.160s][info][gc             ] GC(675) Pause Full (Allocation Failure) 133M->5M(247M) 1.228ms
[2026-01-06T17:26:30.474+0800][1.160s][info][gc,heap        ] GC(674) DefNew: 67960K->0K(78720K)
[2026-01-06T17:26:30.474+0800][1.160s][info][gc,heap        ] GC(674) Tenured: 135330K->5794K(174784K)
[2026-01-06T17:26:30.474+0800][1.160s][info][gc,metaspace   ] GC(674) Metaspace: 3728K(4864K)->3728K(4864K) NonClass: 3407K(4352K)->3407K(4352K) Class: 320K(512K)->320K(512K)
[2026-01-06T17:26:30.474+0800][1.160s][info][gc             ] GC(674) Pause Young (Allocation Failure) 198M->5M(247M) 1.309ms
[2026-01-06T17:26:30.474+0800][1.160s][info][gc,cpu         ] GC(674) User=0.00s Sys=0.00s Real=0.00s
[2026-01-06T17:26:30.476+0800][1.162s][info][gc,start       ] GC(676) Pause Young (Allocation Failure)
[2026-01-06T17:26:30.476+0800][1.162s][info][gc,start       ] GC(677) Pause Full (Allocation Failure)
[2026-01-06T17:26:30.476+0800][1.162s][info][gc,phases,start] GC(677) Phase 1: Mark live objects
[2026-01-06T17:26:30.477+0800][1.162s][info][gc,phases      ] GC(677) Phase 1: Mark live objects 0.443ms
[2026-01-06T17:26:30.477+0800][1.162s][info][gc,phases,start] GC(677) Phase 2: Compute new object addresses
[2026-01-06T17:26:30.477+0800][1.162s][info][gc,phases      ] GC(677) Phase 2: Compute new object addresses 0.070ms
[2026-01-06T17:26:30.477+0800][1.162s][info][gc,phases,start] GC(677) Phase 3: Adjust pointers
[2026-01-06T17:26:30.477+0800][1.163s][info][gc,phases      ] GC(677) Phase 3: Adjust pointers 0.670ms
[2026-01-06T17:26:30.477+0800][1.163s][info][gc,phases,start] GC(677) Phase 4: Move objects
[2026-01-06T17:26:30.477+0800][1.163s][info][gc,phases      ] GC(677) Phase 4: Move objects 0.026ms
[2026-01-06T17:26:30.477+0800][1.163s][info][gc             ] GC(677) Pause Full (Allocation Failure) 135M->5M(247M) 1.232ms
[2026-01-06T17:26:30.477+0800][1.163s][info][gc,heap        ] GC(676) DefNew: 67960K->0K(78720K)
[2026-01-06T17:26:30.477+0800][1.163s][info][gc,heap        ] GC(676) Tenured: 136866K->5794K(174784K)
[2026-01-06T17:26:30.477+0800][1.163s][info][gc,metaspace   ] GC(676) Metaspace: 3728K(4864K)->3728K(4864K) NonClass: 3407K(4352K)->3407K(4352K) Class: 320K(512K)->320K(512K)
[2026-01-06T17:26:30.477+0800][1.163s][info][gc             ] GC(676) Pause Young (Allocation Failure) 200M->5M(247M) 1.313ms
[2026-01-06T17:26:30.477+0800][1.163s][info][gc,cpu         ] GC(676) User=0.00s Sys=0.00s Real=0.00s
[2026-01-06T17:26:30.479+0800][1.165s][info][gc,start       ] GC(678) Pause Young (Allocation Failure)
[2026-01-06T17:26:30.479+0800][1.165s][info][gc,start       ] GC(679) Pause Full (Allocation Failure)
[2026-01-06T17:26:30.479+0800][1.165s][info][gc,phases,start] GC(679) Phase 1: Mark live objects
[2026-01-06T17:26:30.480+0800][1.165s][info][gc,phases      ] GC(679) Phase 1: Mark live objects 0.442ms
[2026-01-06T17:26:30.480+0800][1.165s][info][gc,phases,start] GC(679) Phase 2: Compute new object addresses
[2026-01-06T17:26:30.480+0800][1.165s][info][gc,phases      ] GC(679) Phase 2: Compute new object addresses 0.072ms
[2026-01-06T17:26:30.480+0800][1.165s][info][gc,phases,start] GC(679) Phase 3: Adjust pointers
[2026-01-06T17:26:30.480+0800][1.166s][info][gc,phases      ] GC(679) Phase 3: Adjust pointers 0.667ms
[2026-01-06T17:26:30.480+0800][1.166s][info][gc,phases,start] GC(679) Phase 4: Move objects
[2026-01-06T17:26:30.480+0800][1.166s][info][gc,phases      ] GC(679) Phase 4: Move objects 0.026ms
[2026-01-06T17:26:30.480+0800][1.166s][info][gc             ] GC(679) Pause Full (Allocation Failure) 135M->5M(247M) 1.232ms
[2026-01-06T17:26:30.480+0800][1.166s][info][gc,heap        ] GC(678) DefNew: 67960K->0K(78720K)
[2026-01-06T17:26:30.480+0800][1.166s][info][gc,heap        ] GC(678) Tenured: 136866K->5795K(174784K)
[2026-01-06T17:26:30.480+0800][1.166s][info][gc,metaspace   ] GC(678) Metaspace: 3728K(4864K)->3728K(4864K) NonClass: 3407K(4352K)->3407K(4352K) Class: 320K(512K)->320K(512K)
[2026-01-06T17:26:30.480+0800][1.166s][info][gc             ] GC(678) Pause Young (Allocation Failure) 200M->5M(247M) 1.311ms
[2026-01-06T17:26:30.480+0800][1.166s][info][gc,cpu         ] GC(678) User=0.00s Sys=0.00s Real=0.01s
[2026-01-06T17:26:30.482+0800][1.168s][info][gc,start       ] GC(680) Pause Young (Allocation Failure)
[2026-01-06T17:26:30.482+0800][1.168s][info][gc,start       ] GC(681) Pause Full (Allocation Failure)
[2026-01-06T17:26:30.482+0800][1.168s][info][gc,phases,start] GC(681) Phase 1: Mark live objects
[2026-01-06T17:26:30.483+0800][1.168s][info][gc,phases      ] GC(681) Phase 1: Mark live objects 0.443ms
[2026-01-06T17:26:30.483+0800][1.168s][info][gc,phases,start] GC(681) Phase 2: Compute new object addresses
[2026-01-06T17:26:30.483+0800][1.168s][info][gc,phases      ] GC(681) Phase 2: Compute new object addresses 0.072ms
[2026-01-06T17:26:30.483+0800][1.168s][info][gc,phases,start] GC(681) Phase 3: Adjust pointers
[2026-01-06T17:26:30.483+0800][1.169s][info][gc,phases      ] GC(681) Phase 3: Adjust pointers 0.671ms
[2026-01-06T17:26:30.483+0800][1.169s][info][gc,phases,start] GC(681) Phase 4: Move objects
[2026-01-06T17:26:30.484+0800][1.169s][info][gc,phases      ] GC(681) Phase 4: Move objects 0.038ms
[2026-01-06T17:26:30.484+0800][1.169s][info][gc             ] GC(681) Pause Full (Allocation Failure) 135M->4M(247M) 1.249ms
[2026-01-06T17:26:30.484+0800][1.169s][info][gc,heap        ] GC(680) DefNew: 67960K->0K(78720K)
[2026-01-06T17:26:30.484+0800][1.169s][info][gc,heap        ] GC(680) Tenured: 136867K->4258K(174784K)
[2026-01-06T17:26:30.484+0800][1.169s][info][gc,metaspace   ] GC(680) Metaspace: 3728K(4864K)->3728K(4864K) NonClass: 3407K(4352K)->3407K(4352K) Class: 320K(512K)->320K(512K)
[2026-01-06T17:26:30.484+0800][1.169s][info][gc             ] GC(680) Pause Young (Allocation Failure) 200M->4M(247M) 1.330ms
[2026-01-06T17:26:30.484+0800][1.169s][info][gc,cpu         ] GC(680) User=0.00s Sys=0.00s Real=0.00s
[2026-01-06T17:26:30.485+0800][1.171s][info][gc,start       ] GC(682) Pause Young (Allocation Failure)
[2026-01-06T17:26:30.486+0800][1.171s][info][gc,start       ] GC(683) Pause Full (Allocation Failure)
[2026-01-06T17:26:30.486+0800][1.171s][info][gc,phases,start] GC(683) Phase 1: Mark live objects
[2026-01-06T17:26:30.486+0800][1.172s][info][gc,phases      ] GC(683) Phase 1: Mark live objects 0.444ms
[2026-01-06T17:26:30.486+0800][1.172s][info][gc,phases,start] GC(683) Phase 2: Compute new object addresses
[2026-01-06T17:26:30.486+0800][1.172s][info][gc,phases      ] GC(683) Phase 2: Compute new object addresses 0.068ms
[2026-01-06T17:26:30.486+0800][1.172s][info][gc,phases,start] GC(683) Phase 3: Adjust pointers
[2026-01-06T17:26:30.487+0800][1.172s][info][gc,phases      ] GC(683) Phase 3: Adjust pointers 0.668ms
[2026-01-06T17:26:30.487+0800][1.172s][info][gc,phases,start] GC(683) Phase 4: Move objects
[2026-01-06T17:26:30.487+0800][1.172s][info][gc,phases      ] GC(683) Phase 4: Move objects 0.036ms
[2026-01-06T17:26:30.487+0800][1.172s][info][gc             ] GC(683) Pause Full (Allocation Failure) 133M->4M(247M) 1.238ms
[2026-01-06T17:26:30.487+0800][1.172s][info][gc,heap        ] GC(682) DefNew: 67960K->0K(78720K)
[2026-01-06T17:26:30.487+0800][1.172s][info][gc,heap        ] GC(682) Tenured: 135330K->4332K(174784K)
[2026-01-06T17:26:30.487+0800][1.172s][info][gc,metaspace   ] GC(682) Metaspace: 3728K(4864K)->3728K(4864K) NonClass: 3408K(4352K)->3408K(4352K) Class: 320K(512K)->320K(512K)
[2026-01-06T17:26:30.487+0800][1.172s][info][gc             ] GC(682) Pause Young (Allocation Failure) 198M->4M(247M) 1.327ms
[2026-01-06T17:26:30.487+0800][1.172s][info][gc,cpu         ] GC(682) User=0.00s Sys=0.00s Real=0.00s
[2026-01-06T17:26:30.489+0800][1.174s][info][gc,start       ] GC(684) Pause Young (Allocation Failure)
[2026-01-06T17:26:30.489+0800][1.174s][info][gc,start       ] GC(685) Pause Full (Allocation Failure)
[2026-01-06T17:26:30.489+0800][1.174s][info][gc,phases,start] GC(685) Phase 1: Mark live objects
[2026-01-06T17:26:30.489+0800][1.175s][info][gc,phases      ] GC(685) Phase 1: Mark live objects 0.442ms
[2026-01-06T17:26:30.489+0800][1.175s][info][gc,phases,start] GC(685) Phase 2: Compute new object addresses
[2026-01-06T17:26:30.489+0800][1.175s][info][gc,phases      ] GC(685) Phase 2: Compute new object addresses 0.072ms
[2026-01-06T17:26:30.489+0800][1.175s][info][gc,phases,start] GC(685) Phase 3: Adjust pointers
[2026-01-06T17:26:30.490+0800][1.175s][info][gc,phases      ] GC(685) Phase 3: Adjust pointers 0.674ms
[2026-01-06T17:26:30.490+0800][1.175s][info][gc,phases,start] GC(685) Phase 4: Move objects
[2026-01-06T17:26:30.490+0800][1.175s][info][gc,phases      ] GC(685) Phase 4: Move objects 0.036ms
[2026-01-06T17:26:30.490+0800][1.175s][info][gc             ] GC(685) Pause Full (Allocation Failure) 133M->4M(247M) 1.246ms
[2026-01-06T17:26:30.490+0800][1.175s][info][gc,heap        ] GC(684) DefNew: 67960K->0K(78720K)
[2026-01-06T17:26:30.490+0800][1.175s][info][gc,heap        ] GC(684) Tenured: 135404K->4332K(174784K)
[2026-01-06T17:26:30.490+0800][1.175s][info][gc,metaspace   ] GC(684) Metaspace: 3728K(4864K)->3728K(4864K) NonClass: 3408K(4352K)->3408K(4352K) Class: 320K(512K)->320K(512K)
[2026-01-06T17:26:30.490+0800][1.175s][info][gc             ] GC(684) Pause Young (Allocation Failure) 198M->4M(247M) 1.339ms
[2026-01-06T17:26:30.490+0800][1.175s][info][gc,cpu         ] GC(684) User=0.00s Sys=0.00s Real=0.01s
[2026-01-06T17:26:30.492+0800][1.177s][info][gc,start       ] GC(686) Pause Young (Allocation Failure)
[2026-01-06T17:26:30.492+0800][1.177s][info][gc,start       ] GC(687) Pause Full (Allocation Failure)
[2026-01-06T17:26:30.492+0800][1.177s][info][gc,phases,start] GC(687) Phase 1: Mark live objects
[2026-01-06T17:26:30.492+0800][1.178s][info][gc,phases      ] GC(687) Phase 1: Mark live objects 0.443ms
[2026-01-06T17:26:30.492+0800][1.178s][info][gc,phases,start] GC(687) Phase 2: Compute new object addresses
[2026-01-06T17:26:30.492+0800][1.178s][info][gc,phases      ] GC(687) Phase 2: Compute new object addresses 0.074ms
[2026-01-06T17:26:30.492+0800][1.178s][info][gc,phases,start] GC(687) Phase 3: Adjust pointers
[2026-01-06T17:26:30.493+0800][1.178s][info][gc,phases      ] GC(687) Phase 3: Adjust pointers 0.668ms
[2026-01-06T17:26:30.493+0800][1.178s][info][gc,phases,start] GC(687) Phase 4: Move objects
[2026-01-06T17:26:30.493+0800][1.179s][info][gc,phases      ] GC(687) Phase 4: Move objects 0.030ms
[2026-01-06T17:26:30.493+0800][1.179s][info][gc             ] GC(687) Pause Full (Allocation Failure) 133M->4M(247M) 1.237ms
[2026-01-06T17:26:30.493+0800][1.179s][info][gc,heap        ] GC(686) DefNew: 67960K->0K(78720K)
[2026-01-06T17:26:30.493+0800][1.179s][info][gc,heap        ] GC(686) Tenured: 135404K->4332K(174784K)
[2026-01-06T17:26:30.493+0800][1.179s][info][gc,metaspace   ] GC(686) Metaspace: 3728K(4864K)->3728K(4864K) NonClass: 3408K(4352K)->3408K(4352K) Class: 320K(512K)->320K(512K)
[2026-01-06T17:26:30.493+0800][1.179s][info][gc             ] GC(686) Pause Young (Allocation Failure) 198M->4M(247M) 1.326ms
[2026-01-06T17:26:30.493+0800][1.179s][info][gc,cpu         ] GC(686) User=0.00s Sys=0.00s Real=0.00s
[2026-01-06T17:26:30.495+0800][1.180s][info][gc,start       ] GC(688) Pause Young (Allocation Failure)
[2026-01-06T17:26:30.495+0800][1.180s][info][gc,start       ] GC(689) Pause Full (Allocation Failure)
[2026-01-06T17:26:30.495+0800][1.180s][info][gc,phases,start] GC(689) Phase 1: Mark live objects
[2026-01-06T17:26:30.495+0800][1.181s][info][gc,phases      ] GC(689) Phase 1: Mark live objects 0.445ms
[2026-01-06T17:26:30.495+0800][1.181s][info][gc,phases,start] GC(689) Phase 2: Compute new object addresses
[2026-01-06T17:26:30.495+0800][1.181s][info][gc,phases      ] GC(689) Phase 2: Compute new object addresses 0.073ms
[2026-01-06T17:26:30.495+0800][1.181s][info][gc,phases,start] GC(689) Phase 3: Adjust pointers
[2026-01-06T17:26:30.496+0800][1.182s][info][gc,phases      ] GC(689) Phase 3: Adjust pointers 0.667ms
[2026-01-06T17:26:30.496+0800][1.182s][info][gc,phases,start] GC(689) Phase 4: Move objects
[2026-01-06T17:26:30.496+0800][1.182s][info][gc,phases      ] GC(689) Phase 4: Move objects 0.030ms
[2026-01-06T17:26:30.496+0800][1.182s][info][gc             ] GC(689) Pause Full (Allocation Failure) 133M->4M(247M) 1.237ms
[2026-01-06T17:26:30.496+0800][1.182s][info][gc,heap        ] GC(688) DefNew: 67960K->0K(78720K)
[2026-01-06T17:26:30.496+0800][1.182s][info][gc,heap        ] GC(688) Tenured: 135404K->4258K(174784K)
[2026-01-06T17:26:30.496+0800][1.182s][info][gc,metaspace   ] GC(688) Metaspace: 3728K(4864K)->3728K(4864K) NonClass: 3408K(4352K)->3408K(4352K) Class: 320K(512K)->320K(512K)
[2026-01-06T17:26:30.496+0800][1.182s][info][gc             ] GC(688) Pause Young (Allocation Failure) 198M->4M(247M) 1.337ms
[2026-01-06T17:26:30.496+0800][1.182s][info][gc,cpu         ] GC(688) User=0.00s Sys=0.00s Real=0.00s
[2026-01-06T17:26:30.498+0800][1.183s][info][gc,start       ] GC(690) Pause Young (Allocation Failure)
[2026-01-06T17:26:30.498+0800][1.183s][info][gc,start       ] GC(691) Pause Full (Allocation Failure)
[2026-01-06T17:26:30.498+0800][1.183s][info][gc,phases,start] GC(691) Phase 1: Mark live objects
[2026-01-06T17:26:30.498+0800][1.184s][info][gc,phases      ] GC(691) Phase 1: Mark live objects 0.443ms
[2026-01-06T17:26:30.498+0800][1.184s][info][gc,phases,start] GC(691) Phase 2: Compute new object addresses
[2026-01-06T17:26:30.498+0800][1.184s][info][gc,phases      ] GC(691) Phase 2: Compute new object addresses 0.074ms
[2026-01-06T17:26:30.498+0800][1.184s][info][gc,phases,start] GC(691) Phase 3: Adjust pointers
[2026-01-06T17:26:30.499+0800][1.185s][info][gc,phases      ] GC(691) Phase 3: Adjust pointers 0.669ms
[2026-01-06T17:26:30.499+0800][1.185s][info][gc,phases,start] GC(691) Phase 4: Move objects
[2026-01-06T17:26:30.499+0800][1.185s][info][gc,phases      ] GC(691) Phase 4: Move objects 0.029ms
[2026-01-06T17:26:30.499+0800][1.185s][info][gc             ] GC(691) Pause Full (Allocation Failure) 133M->4M(247M) 1.240ms
[2026-01-06T17:26:30.499+0800][1.185s][info][gc,heap        ] GC(690) DefNew: 67960K->0K(78720K)
[2026-01-06T17:26:30.499+0800][1.185s][info][gc,heap        ] GC(690) Tenured: 135330K->4258K(174784K)
[2026-01-06T17:26:30.499+0800][1.185s][info][gc,metaspace   ] GC(690) Metaspace: 3728K(4864K)->3728K(4864K) NonClass: 3408K(4352K)->3408K(4352K) Class: 320K(512K)->320K(512K)
[2026-01-06T17:26:30.499+0800][1.185s][info][gc             ] GC(690) Pause Young (Allocation Failure) 198M->4M(247M) 1.330ms
[2026-01-06T17:26:30.499+0800][1.185s][info][gc,cpu         ] GC(690) User=0.00s Sys=0.00s Real=0.00s
[2026-01-06T17:26:30.501+0800][1.186s][info][gc,start       ] GC(692) Pause Young (Allocation Failure)
[2026-01-06T17:26:30.501+0800][1.187s][info][gc,start       ] GC(693) Pause Full (Allocation Failure)
[2026-01-06T17:26:30.501+0800][1.187s][info][gc,phases,start] GC(693) Phase 1: Mark live objects
[2026-01-06T17:26:30.501+0800][1.187s][info][gc,phases      ] GC(693) Phase 1: Mark live objects 0.441ms
[2026-01-06T17:26:30.501+0800][1.187s][info][gc,phases,start] GC(693) Phase 2: Compute new object addresses
[2026-01-06T17:26:30.501+0800][1.187s][info][gc,phases      ] GC(693) Phase 2: Compute new object addresses 0.076ms
[2026-01-06T17:26:30.501+0800][1.187s][info][gc,phases,start] GC(693) Phase 3: Adjust pointers
[2026-01-06T17:26:30.502+0800][1.188s][info][gc,phases      ] GC(693) Phase 3: Adjust pointers 0.667ms
[2026-01-06T17:26:30.502+0800][1.188s][info][gc,phases,start] GC(693) Phase 4: Move objects
[2026-01-06T17:26:30.502+0800][1.188s][info][gc,phases      ] GC(693) Phase 4: Move objects 0.029ms
[2026-01-06T17:26:30.502+0800][1.188s][info][gc             ] GC(693) Pause Full (Allocation Failure) 133M->4M(247M) 1.235ms
[2026-01-06T17:26:30.502+0800][1.188s][info][gc,heap        ] GC(692) DefNew: 67960K->0K(78720K)
[2026-01-06T17:26:30.502+0800][1.188s][info][gc,heap        ] GC(692) Tenured: 135330K->4258K(174784K)
[2026-01-06T17:26:30.502+0800][1.188s][info][gc,metaspace   ] GC(692) Metaspace: 3728K(4864K)->3728K(4864K) NonClass: 3408K(4352K)->3408K(4352K) Class: 320K(512K)->320K(512K)
[2026-01-06T17:26:30.502+0800][1.188s][info][gc             ] GC(692) Pause Young (Allocation Failure) 198M->4M(247M) 1.323ms
[2026-01-06T17:26:30.502+0800][1.188s][info][gc,cpu         ] GC(692) User=0.01s Sys=0.00s Real=0.00s
[2026-01-06T17:26:30.504+0800][1.190s][info][gc,start       ] GC(694) Pause Young (Allocation Failure)
[2026-01-06T17:26:30.504+0800][1.190s][info][gc,start       ] GC(695) Pause Full (Allocation Failure)
[2026-01-06T17:26:30.504+0800][1.190s][info][gc,phases,start] GC(695) Phase 1: Mark live objects
[2026-01-06T17:26:30.504+0800][1.190s][info][gc,phases      ] GC(695) Phase 1: Mark live objects 0.441ms
[2026-01-06T17:26:30.504+0800][1.190s][info][gc,phases,start] GC(695) Phase 2: Compute new object addresses
[2026-01-06T17:26:30.505+0800][1.190s][info][gc,phases      ] GC(695) Phase 2: Compute new object addresses 0.075ms
[2026-01-06T17:26:30.505+0800][1.190s][info][gc,phases,start] GC(695) Phase 3: Adjust pointers
[2026-01-06T17:26:30.505+0800][1.191s][info][gc,phases      ] GC(695) Phase 3: Adjust pointers 0.686ms
[2026-01-06T17:26:30.505+0800][1.191s][info][gc,phases,start] GC(695) Phase 4: Move objects
[2026-01-06T17:26:30.505+0800][1.191s][info][gc,phases      ] GC(695) Phase 4: Move objects 0.028ms
[2026-01-06T17:26:30.505+0800][1.191s][info][gc             ] GC(695) Pause Full (Allocation Failure) 133M->4M(247M) 1.256ms
[2026-01-06T17:26:30.505+0800][1.191s][info][gc,heap        ] GC(694) DefNew: 67960K->0K(78720K)
[2026-01-06T17:26:30.505+0800][1.191s][info][gc,heap        ] GC(694) Tenured: 135330K->4258K(174784K)
[2026-01-06T17:26:30.505+0800][1.191s][info][gc,metaspace   ] GC(694) Metaspace: 3728K(4864K)->3728K(4864K) NonClass: 3408K(4352K)->3408K(4352K) Class: 320K(512K)->320K(512K)
[2026-01-06T17:26:30.505+0800][1.191s][info][gc             ] GC(694) Pause Young (Allocation Failure) 198M->4M(247M) 1.344ms
[2026-01-06T17:26:30.505+0800][1.191s][info][gc,cpu         ] GC(694) User=0.00s Sys=0.00s Real=0.00s
[2026-01-06T17:26:30.507+0800][1.193s][info][gc,start       ] GC(696) Pause Young (Allocation Failure)
[2026-01-06T17:26:30.507+0800][1.193s][info][gc,start       ] GC(697) Pause Full (Allocation Failure)
[2026-01-06T17:26:30.507+0800][1.193s][info][gc,phases,start] GC(697) Phase 1: Mark live objects
[2026-01-06T17:26:30.508+0800][1.193s][info][gc,phases      ] GC(697) Phase 1: Mark live objects 0.442ms
[2026-01-06T17:26:30.508+0800][1.193s][info][gc,phases,start] GC(697) Phase 2: Compute new object addresses
[2026-01-06T17:26:30.508+0800][1.193s][info][gc,phases      ] GC(697) Phase 2: Compute new object addresses 0.073ms
[2026-01-06T17:26:30.508+0800][1.193s][info][gc,phases,start] GC(697) Phase 3: Adjust pointers
[2026-01-06T17:26:30.508+0800][1.194s][info][gc,phases      ] GC(697) Phase 3: Adjust pointers 0.670ms
[2026-01-06T17:26:30.508+0800][1.194s][info][gc,phases,start] GC(697) Phase 4: Move objects
[2026-01-06T17:26:30.508+0800][1.194s][info][gc,phases      ] GC(697) Phase 4: Move objects 0.029ms
[2026-01-06T17:26:30.508+0800][1.194s][info][gc             ] GC(697) Pause Full (Allocation Failure) 133M->4M(247M) 1.236ms
[2026-01-06T17:26:30.508+0800][1.194s][info][gc,heap        ] GC(696) DefNew: 67960K->0K(78720K)
[2026-01-06T17:26:30.508+0800][1.194s][info][gc,heap        ] GC(696) Tenured: 135330K->4258K(174784K)
[2026-01-06T17:26:30.508+0800][1.194s][info][gc,metaspace   ] GC(696) Metaspace: 3728K(4864K)->3728K(4864K) NonClass: 3408K(4352K)->3408K(4352K) Class: 320K(512K)->320K(512K)
[2026-01-06T17:26:30.508+0800][1.194s][info][gc             ] GC(696) Pause Young (Allocation Failure) 198M->4M(247M) 1.325ms
[2026-01-06T17:26:30.508+0800][1.194s][info][gc,cpu         ] GC(696) User=0.00s Sys=0.00s Real=0.00s
[2026-01-06T17:26:30.510+0800][1.196s][info][gc,start       ] GC(698) Pause Young (Allocation Failure)
[2026-01-06T17:26:30.510+0800][1.196s][info][gc,start       ] GC(699) Pause Full (Allocation Failure)
[2026-01-06T17:26:30.510+0800][1.196s][info][gc,phases,start] GC(699) Phase 1: Mark live objects
[2026-01-06T17:26:30.511+0800][1.196s][info][gc,phases      ] GC(699) Phase 1: Mark live objects 0.447ms
[2026-01-06T17:26:30.511+0800][1.196s][info][gc,phases,start] GC(699) Phase 2: Compute new object addresses
[2026-01-06T17:26:30.511+0800][1.196s][info][gc,phases      ] GC(699) Phase 2: Compute new object addresses 0.071ms
[2026-01-06T17:26:30.511+0800][1.196s][info][gc,phases,start] GC(699) Phase 3: Adjust pointers
[2026-01-06T17:26:30.511+0800][1.197s][info][gc,phases      ] GC(699) Phase 3: Adjust pointers 0.668ms
[2026-01-06T17:26:30.511+0800][1.197s][info][gc,phases,start] GC(699) Phase 4: Move objects
[2026-01-06T17:26:30.512+0800][1.197s][info][gc,phases      ] GC(699) Phase 4: Move objects 0.030ms
[2026-01-06T17:26:30.512+0800][1.197s][info][gc             ] GC(699) Pause Full (Allocation Failure) 133M->4M(247M) 1.239ms
[2026-01-06T17:26:30.512+0800][1.197s][info][gc,heap        ] GC(698) DefNew: 67960K->0K(78720K)
[2026-01-06T17:26:30.512+0800][1.197s][info][gc,heap        ] GC(698) Tenured: 135330K->4258K(174784K)
[2026-01-06T17:26:30.512+0800][1.197s][info][gc,metaspace   ] GC(698) Metaspace: 3735K(4864K)->3735K(4864K) NonClass: 3414K(4352K)->3414K(4352K) Class: 320K(512K)->320K(512K)
[2026-01-06T17:26:30.512+0800][1.197s][info][gc             ] GC(698) Pause Young (Allocation Failure) 198M->4M(247M) 1.341ms
[2026-01-06T17:26:30.512+0800][1.197s][info][gc,cpu         ] GC(698) User=0.01s Sys=0.00s Real=0.00s
[2026-01-06T17:26:30.513+0800][1.199s][info][gc,start       ] GC(700) Pause Young (Allocation Failure)
[2026-01-06T17:26:30.513+0800][1.199s][info][gc,start       ] GC(701) Pause Full (Allocation Failure)
[2026-01-06T17:26:30.513+0800][1.199s][info][gc,phases,start] GC(701) Phase 1: Mark live objects
[2026-01-06T17:26:30.514+0800][1.199s][info][gc,phases      ] GC(701) Phase 1: Mark live objects 0.478ms
[2026-01-06T17:26:30.514+0800][1.199s][info][gc,phases,start] GC(701) Phase 2: Compute new object addresses
[2026-01-06T17:26:30.514+0800][1.200s][info][gc,phases      ] GC(701) Phase 2: Compute new object addresses 0.074ms
[2026-01-06T17:26:30.514+0800][1.200s][info][gc,phases,start] GC(701) Phase 3: Adjust pointers
[2026-01-06T17:26:30.515+0800][1.200s][info][gc,phases      ] GC(701) Phase 3: Adjust pointers 0.683ms
[2026-01-06T17:26:30.515+0800][1.200s][info][gc,phases,start] GC(701) Phase 4: Move objects
[2026-01-06T17:26:30.515+0800][1.200s][info][gc,phases      ] GC(701) Phase 4: Move objects 0.031ms
[2026-01-06T17:26:30.515+0800][1.200s][info][gc             ] GC(701) Pause Full (Allocation Failure) 133M->4M(247M) 1.293ms
[2026-01-06T17:26:30.515+0800][1.200s][info][gc,heap        ] GC(700) DefNew: 67960K->0K(78720K)
[2026-01-06T17:26:30.515+0800][1.200s][info][gc,heap        ] GC(700) Tenured: 135330K->4258K(174784K)
[2026-01-06T17:26:30.515+0800][1.200s][info][gc,metaspace   ] GC(700) Metaspace: 3738K(4864K)->3738K(4864K) NonClass: 3417K(4352K)->3417K(4352K) Class: 320K(512K)->320K(512K)
[2026-01-06T17:26:30.515+0800][1.200s][info][gc             ] GC(700) Pause Young (Allocation Failure) 198M->4M(247M) 1.387ms
[2026-01-06T17:26:30.515+0800][1.200s][info][gc,cpu         ] GC(700) User=0.00s Sys=0.00s Real=0.00s
[2026-01-06T17:26:30.516+0800][1.202s][info][gc,start       ] GC(702) Pause Young (Allocation Failure)
[2026-01-06T17:26:30.517+0800][1.202s][info][gc,start       ] GC(703) Pause Full (Allocation Failure)
[2026-01-06T17:26:30.517+0800][1.202s][info][gc,phases,start] GC(703) Phase 1: Mark live objects
[2026-01-06T17:26:30.517+0800][1.203s][info][gc,phases      ] GC(703) Phase 1: Mark live objects 0.458ms
[2026-01-06T17:26:30.517+0800][1.203s][info][gc,phases,start] GC(703) Phase 2: Compute new object addresses
[2026-01-06T17:26:30.517+0800][1.203s][info][gc,phases      ] GC(703) Phase 2: Compute new object addresses 0.074ms
[2026-01-06T17:26:30.517+0800][1.203s][info][gc,phases,start] GC(703) Phase 3: Adjust pointers
[2026-01-06T17:26:30.518+0800][1.203s][info][gc,phases      ] GC(703) Phase 3: Adjust pointers 0.693ms
[2026-01-06T17:26:30.518+0800][1.203s][info][gc,phases,start] GC(703) Phase 4: Move objects
[2026-01-06T17:26:30.518+0800][1.203s][info][gc,phases      ] GC(703) Phase 4: Move objects 0.030ms
[2026-01-06T17:26:30.518+0800][1.203s][info][gc             ] GC(703) Pause Full (Allocation Failure) 133M->4M(247M) 1.281ms
[2026-01-06T17:26:30.518+0800][1.203s][info][gc,heap        ] GC(702) DefNew: 67960K->0K(78720K)
[2026-01-06T17:26:30.518+0800][1.203s][info][gc,heap        ] GC(702) Tenured: 135330K->4258K(174784K)
[2026-01-06T17:26:30.518+0800][1.203s][info][gc,metaspace   ] GC(702) Metaspace: 3738K(4864K)->3738K(4864K) NonClass: 3417K(4352K)->3417K(4352K) Class: 320K(512K)->320K(512K)
[2026-01-06T17:26:30.518+0800][1.203s][info][gc             ] GC(702) Pause Young (Allocation Failure) 198M->4M(247M) 1.374ms
[2026-01-06T17:26:30.518+0800][1.203s][info][gc,cpu         ] GC(702) User=0.00s Sys=0.00s Real=0.00s
[2026-01-06T17:26:30.520+0800][1.205s][info][gc,start       ] GC(704) Pause Young (Allocation Failure)
[2026-01-06T17:26:30.520+0800][1.205s][info][gc,start       ] GC(705) Pause Full (Allocation Failure)
[2026-01-06T17:26:30.520+0800][1.205s][info][gc,phases,start] GC(705) Phase 1: Mark live objects
[2026-01-06T17:26:30.520+0800][1.206s][info][gc,phases      ] GC(705) Phase 1: Mark live objects 0.447ms
[2026-01-06T17:26:30.520+0800][1.206s][info][gc,phases,start] GC(705) Phase 2: Compute new object addresses
[2026-01-06T17:26:30.520+0800][1.206s][info][gc,phases      ] GC(705) Phase 2: Compute new object addresses 0.070ms
[2026-01-06T17:26:30.520+0800][1.206s][info][gc,phases,start] GC(705) Phase 3: Adjust pointers
[2026-01-06T17:26:30.521+0800][1.206s][info][gc,phases      ] GC(705) Phase 3: Adjust pointers 0.676ms
[2026-01-06T17:26:30.521+0800][1.206s][info][gc,phases,start] GC(705) Phase 4: Move objects
[2026-01-06T17:26:30.521+0800][1.206s][info][gc,phases      ] GC(705) Phase 4: Move objects 0.029ms
[2026-01-06T17:26:30.521+0800][1.206s][info][gc             ] GC(705) Pause Full (Allocation Failure) 133M->4M(247M) 1.244ms
[2026-01-06T17:26:30.521+0800][1.206s][info][gc,heap        ] GC(704) DefNew: 67960K->0K(78720K)
[2026-01-06T17:26:30.521+0800][1.206s][info][gc,heap        ] GC(704) Tenured: 135330K->4258K(174784K)
[2026-01-06T17:26:30.521+0800][1.206s][info][gc,metaspace   ] GC(704) Metaspace: 3738K(4864K)->3738K(4864K) NonClass: 3417K(4352K)->3417K(4352K) Class: 320K(512K)->320K(512K)
[2026-01-06T17:26:30.521+0800][1.207s][info][gc             ] GC(704) Pause Young (Allocation Failure) 198M->4M(247M) 1.334ms
[2026-01-06T17:26:30.521+0800][1.207s][info][gc,cpu         ] GC(704) User=0.01s Sys=0.00s Real=0.00s
[2026-01-06T17:26:30.523+0800][1.208s][info][gc,start       ] GC(706) Pause Young (Allocation Failure)
[2026-01-06T17:26:30.523+0800][1.208s][info][gc,start       ] GC(707) Pause Full (Allocation Failure)
[2026-01-06T17:26:30.523+0800][1.208s][info][gc,phases,start] GC(707) Phase 1: Mark live objects
[2026-01-06T17:26:30.523+0800][1.209s][info][gc,phases      ] GC(707) Phase 1: Mark live objects 0.444ms
[2026-01-06T17:26:30.523+0800][1.209s][info][gc,phases,start] GC(707) Phase 2: Compute new object addresses
[2026-01-06T17:26:30.523+0800][1.209s][info][gc,phases      ] GC(707) Phase 2: Compute new object addresses 0.069ms
[2026-01-06T17:26:30.523+0800][1.209s][info][gc,phases,start] GC(707) Phase 3: Adjust pointers
[2026-01-06T17:26:30.524+0800][1.210s][info][gc,phases      ] GC(707) Phase 3: Adjust pointers 0.671ms
[2026-01-06T17:26:30.524+0800][1.210s][info][gc,phases,start] GC(707) Phase 4: Move objects
[2026-01-06T17:26:30.524+0800][1.210s][info][gc,phases      ] GC(707) Phase 4: Move objects 0.029ms
[2026-01-06T17:26:30.524+0800][1.210s][info][gc             ] GC(707) Pause Full (Allocation Failure) 133M->4M(247M) 1.236ms
[2026-01-06T17:26:30.524+0800][1.210s][info][gc,heap        ] GC(706) DefNew: 67960K->0K(78720K)
[2026-01-06T17:26:30.524+0800][1.210s][info][gc,heap        ] GC(706) Tenured: 135330K->4258K(174784K)
[2026-01-06T17:26:30.524+0800][1.210s][info][gc,metaspace   ] GC(706) Metaspace: 3738K(4864K)->3738K(4864K) NonClass: 3417K(4352K)->3417K(4352K) Class: 320K(512K)->320K(512K)
[2026-01-06T17:26:30.524+0800][1.210s][info][gc             ] GC(706) Pause Young (Allocation Failure) 198M->4M(247M) 1.325ms
[2026-01-06T17:26:30.524+0800][1.210s][info][gc,cpu         ] GC(706) User=0.00s Sys=0.00s Real=0.00s
[2026-01-06T17:26:30.526+0800][1.211s][info][gc,start       ] GC(708) Pause Young (Allocation Failure)
[2026-01-06T17:26:30.526+0800][1.211s][info][gc,start       ] GC(709) Pause Full (Allocation Failure)
[2026-01-06T17:26:30.526+0800][1.211s][info][gc,phases,start] GC(709) Phase 1: Mark live objects
[2026-01-06T17:26:30.526+0800][1.212s][info][gc,phases      ] GC(709) Phase 1: Mark live objects 0.443ms
[2026-01-06T17:26:30.526+0800][1.212s][info][gc,phases,start] GC(709) Phase 2: Compute new object addresses
[2026-01-06T17:26:30.526+0800][1.212s][info][gc,phases      ] GC(709) Phase 2: Compute new object addresses 0.070ms
[2026-01-06T17:26:30.526+0800][1.212s][info][gc,phases,start] GC(709) Phase 3: Adjust pointers
[2026-01-06T17:26:30.527+0800][1.213s][info][gc,phases      ] GC(709) Phase 3: Adjust pointers 0.670ms
[2026-01-06T17:26:30.527+0800][1.213s][info][gc,phases,start] GC(709) Phase 4: Move objects
[2026-01-06T17:26:30.527+0800][1.213s][info][gc,phases      ] GC(709) Phase 4: Move objects 0.028ms
[2026-01-06T17:26:30.527+0800][1.213s][info][gc             ] GC(709) Pause Full (Allocation Failure) 133M->4M(247M) 1.232ms
[2026-01-06T17:26:30.527+0800][1.213s][info][gc,heap        ] GC(708) DefNew: 67960K->0K(78720K)
[2026-01-06T17:26:30.527+0800][1.213s][info][gc,heap        ] GC(708) Tenured: 135330K->4258K(174784K)
[2026-01-06T17:26:30.527+0800][1.213s][info][gc,metaspace   ] GC(708) Metaspace: 3738K(4864K)->3738K(4864K) NonClass: 3417K(4352K)->3417K(4352K) Class: 320K(512K)->320K(512K)
[2026-01-06T17:26:30.527+0800][1.213s][info][gc             ] GC(708) Pause Young (Allocation Failure) 198M->4M(247M) 1.327ms
[2026-01-06T17:26:30.527+0800][1.213s][info][gc,cpu         ] GC(708) User=0.00s Sys=0.00s Real=0.00s
[2026-01-06T17:26:30.529+0800][1.214s][info][gc,start       ] GC(710) Pause Young (Allocation Failure)
[2026-01-06T17:26:30.529+0800][1.214s][info][gc,start       ] GC(711) Pause Full (Allocation Failure)
[2026-01-06T17:26:30.529+0800][1.214s][info][gc,phases,start] GC(711) Phase 1: Mark live objects
[2026-01-06T17:26:30.529+0800][1.215s][info][gc,phases      ] GC(711) Phase 1: Mark live objects 0.441ms
[2026-01-06T17:26:30.529+0800][1.215s][info][gc,phases,start] GC(711) Phase 2: Compute new object addresses
[2026-01-06T17:26:30.529+0800][1.215s][info][gc,phases      ] GC(711) Phase 2: Compute new object addresses 0.071ms
[2026-01-06T17:26:30.529+0800][1.215s][info][gc,phases,start] GC(711) Phase 3: Adjust pointers
[2026-01-06T17:26:30.530+0800][1.216s][info][gc,phases      ] GC(711) Phase 3: Adjust pointers 0.671ms
[2026-01-06T17:26:30.530+0800][1.216s][info][gc,phases,start] GC(711) Phase 4: Move objects
[2026-01-06T17:26:30.530+0800][1.216s][info][gc,phases      ] GC(711) Phase 4: Move objects 0.031ms
[2026-01-06T17:26:30.530+0800][1.216s][info][gc             ] GC(711) Pause Full (Allocation Failure) 133M->4M(247M) 1.238ms
[2026-01-06T17:26:30.530+0800][1.216s][info][gc,heap        ] GC(710) DefNew: 67960K->0K(78720K)
[2026-01-06T17:26:30.530+0800][1.216s][info][gc,heap        ] GC(710) Tenured: 135330K->4258K(174784K)
[2026-01-06T17:26:30.530+0800][1.216s][info][gc,metaspace   ] GC(710) Metaspace: 3738K(4864K)->3738K(4864K) NonClass: 3417K(4352K)->3417K(4352K) Class: 320K(512K)->320K(512K)
[2026-01-06T17:26:30.530+0800][1.216s][info][gc             ] GC(710) Pause Young (Allocation Failure) 198M->4M(247M) 1.329ms
[2026-01-06T17:26:30.530+0800][1.216s][info][gc,cpu         ] GC(710) User=0.00s Sys=0.00s Real=0.01s
[2026-01-06T17:26:30.532+0800][1.217s][info][gc,start       ] GC(712) Pause Young (Allocation Failure)
[2026-01-06T17:26:30.532+0800][1.218s][info][gc,start       ] GC(713) Pause Full (Allocation Failure)
[2026-01-06T17:26:30.532+0800][1.218s][info][gc,phases,start] GC(713) Phase 1: Mark live objects
[2026-01-06T17:26:30.532+0800][1.218s][info][gc,phases      ] GC(713) Phase 1: Mark live objects 0.441ms
[2026-01-06T17:26:30.532+0800][1.218s][info][gc,phases,start] GC(713) Phase 2: Compute new object addresses
[2026-01-06T17:26:30.533+0800][1.218s][info][gc,phases      ] GC(713) Phase 2: Compute new object addresses 0.071ms
[2026-01-06T17:26:30.533+0800][1.218s][info][gc,phases,start] GC(713) Phase 3: Adjust pointers
[2026-01-06T17:26:30.533+0800][1.219s][info][gc,phases      ] GC(713) Phase 3: Adjust pointers 0.676ms
[2026-01-06T17:26:30.533+0800][1.219s][info][gc,phases,start] GC(713) Phase 4: Move objects
[2026-01-06T17:26:30.533+0800][1.219s][info][gc,phases      ] GC(713) Phase 4: Move objects 0.028ms
[2026-01-06T17:26:30.533+0800][1.219s][info][gc             ] GC(713) Pause Full (Allocation Failure) 133M->4M(247M) 1.243ms
[2026-01-06T17:26:30.533+0800][1.219s][info][gc,heap        ] GC(712) DefNew: 67960K->0K(78720K)
[2026-01-06T17:26:30.533+0800][1.219s][info][gc,heap        ] GC(712) Tenured: 135330K->4258K(174784K)
[2026-01-06T17:26:30.533+0800][1.219s][info][gc,metaspace   ] GC(712) Metaspace: 3738K(4864K)->3738K(4864K) NonClass: 3417K(4352K)->3417K(4352K) Class: 320K(512K)->320K(512K)
[2026-01-06T17:26:30.533+0800][1.219s][info][gc             ] GC(712) Pause Young (Allocation Failure) 198M->4M(247M) 1.332ms
[2026-01-06T17:26:30.533+0800][1.219s][info][gc,cpu         ] GC(712) User=0.00s Sys=0.00s Real=0.00s
[2026-01-06T17:26:30.535+0800][1.221s][info][gc,start       ] GC(714) Pause Young (Allocation Failure)
[2026-01-06T17:26:30.535+0800][1.221s][info][gc,start       ] GC(715) Pause Full (Allocation Failure)
[2026-01-06T17:26:30.535+0800][1.221s][info][gc,phases,start] GC(715) Phase 1: Mark live objects
[2026-01-06T17:26:30.536+0800][1.221s][info][gc,phases      ] GC(715) Phase 1: Mark live objects 0.443ms
[2026-01-06T17:26:30.536+0800][1.221s][info][gc,phases,start] GC(715) Phase 2: Compute new object addresses
[2026-01-06T17:26:30.536+0800][1.221s][info][gc,phases      ] GC(715) Phase 2: Compute new object addresses 0.069ms
[2026-01-06T17:26:30.536+0800][1.221s][info][gc,phases,start] GC(715) Phase 3: Adjust pointers
[2026-01-06T17:26:30.536+0800][1.222s][info][gc,phases      ] GC(715) Phase 3: Adjust pointers 0.671ms
[2026-01-06T17:26:30.536+0800][1.222s][info][gc,phases,start] GC(715) Phase 4: Move objects
[2026-01-06T17:26:30.536+0800][1.222s][info][gc,phases      ] GC(715) Phase 4: Move objects 0.027ms
[2026-01-06T17:26:30.536+0800][1.222s][info][gc             ] GC(715) Pause Full (Allocation Failure) 133M->5M(247M) 1.231ms
[2026-01-06T17:26:30.536+0800][1.222s][info][gc,heap        ] GC(714) DefNew: 67960K->0K(78720K)
[2026-01-06T17:26:30.536+0800][1.222s][info][gc,heap        ] GC(714) Tenured: 135330K->5794K(174784K)
[2026-01-06T17:26:30.536+0800][1.222s][info][gc,metaspace   ] GC(714) Metaspace: 3738K(4864K)->3738K(4864K) NonClass: 3417K(4352K)->3417K(4352K) Class: 320K(512K)->320K(512K)
[2026-01-06T17:26:30.536+0800][1.222s][info][gc             ] GC(714) Pause Young (Allocation Failure) 198M->5M(247M) 1.306ms
[2026-01-06T17:26:30.536+0800][1.222s][info][gc,cpu         ] GC(714) User=0.00s Sys=0.00s Real=0.00s
[2026-01-06T17:26:30.538+0800][1.224s][info][gc,start       ] GC(716) Pause Young (Allocation Failure)
[2026-01-06T17:26:30.538+0800][1.224s][info][gc,start       ] GC(717) Pause Full (Allocation Failure)
[2026-01-06T17:26:30.538+0800][1.224s][info][gc,phases,start] GC(717) Phase 1: Mark live objects
[2026-01-06T17:26:30.539+0800][1.224s][info][gc,phases      ] GC(717) Phase 1: Mark live objects 0.445ms
[2026-01-06T17:26:30.539+0800][1.224s][info][gc,phases,start] GC(717) Phase 2: Compute new object addresses
[2026-01-06T17:26:30.539+0800][1.224s][info][gc,phases      ] GC(717) Phase 2: Compute new object addresses 0.066ms
[2026-01-06T17:26:30.539+0800][1.224s][info][gc,phases,start] GC(717) Phase 3: Adjust pointers
[2026-01-06T17:26:30.539+0800][1.225s][info][gc,phases      ] GC(717) Phase 3: Adjust pointers 0.672ms
[2026-01-06T17:26:30.539+0800][1.225s][info][gc,phases,start] GC(717) Phase 4: Move objects
[2026-01-06T17:26:30.539+0800][1.225s][info][gc,phases      ] GC(717) Phase 4: Move objects 0.027ms
[2026-01-06T17:26:30.539+0800][1.225s][info][gc             ] GC(717) Pause Full (Allocation Failure) 135M->5M(247M) 1.232ms
[2026-01-06T17:26:30.539+0800][1.225s][info][gc,heap        ] GC(716) DefNew: 67960K->0K(78720K)
[2026-01-06T17:26:30.539+0800][1.225s][info][gc,heap        ] GC(716) Tenured: 136866K->5794K(174784K)
[2026-01-06T17:26:30.539+0800][1.225s][info][gc,metaspace   ] GC(716) Metaspace: 3738K(4864K)->3738K(4864K) NonClass: 3417K(4352K)->3417K(4352K) Class: 320K(512K)->320K(512K)
[2026-01-06T17:26:30.539+0800][1.225s][info][gc             ] GC(716) Pause Young (Allocation Failure) 200M->5M(247M) 1.312ms
[2026-01-06T17:26:30.539+0800][1.225s][info][gc,cpu         ] GC(716) User=0.00s Sys=0.00s Real=0.00s
[2026-01-06T17:26:30.541+0800][1.227s][info][gc,start       ] GC(718) Pause Young (Allocation Failure)
[2026-01-06T17:26:30.541+0800][1.227s][info][gc,start       ] GC(719) Pause Full (Allocation Failure)
[2026-01-06T17:26:30.541+0800][1.227s][info][gc,phases,start] GC(719) Phase 1: Mark live objects
[2026-01-06T17:26:30.542+0800][1.227s][info][gc,phases      ] GC(719) Phase 1: Mark live objects 0.447ms
[2026-01-06T17:26:30.542+0800][1.227s][info][gc,phases,start] GC(719) Phase 2: Compute new object addresses
[2026-01-06T17:26:30.542+0800][1.227s][info][gc,phases      ] GC(719) Phase 2: Compute new object addresses 0.086ms
[2026-01-06T17:26:30.542+0800][1.227s][info][gc,phases,start] GC(719) Phase 3: Adjust pointers
[2026-01-06T17:26:30.542+0800][1.228s][info][gc,phases      ] GC(719) Phase 3: Adjust pointers 0.673ms
[2026-01-06T17:26:30.542+0800][1.228s][info][gc,phases,start] GC(719) Phase 4: Move objects
[2026-01-06T17:26:30.542+0800][1.228s][info][gc,phases      ] GC(719) Phase 4: Move objects 0.026ms
[2026-01-06T17:26:30.542+0800][1.228s][info][gc             ] GC(719) Pause Full (Allocation Failure) 135M->5M(247M) 1.256ms
[2026-01-06T17:26:30.542+0800][1.228s][info][gc,heap        ] GC(718) DefNew: 67960K->0K(78720K)
[2026-01-06T17:26:30.542+0800][1.228s][info][gc,heap        ] GC(718) Tenured: 136866K->5795K(174784K)
[2026-01-06T17:26:30.542+0800][1.228s][info][gc,metaspace   ] GC(718) Metaspace: 3738K(4864K)->3738K(4864K) NonClass: 3417K(4352K)->3417K(4352K) Class: 320K(512K)->320K(512K)
[2026-01-06T17:26:30.542+0800][1.228s][info][gc             ] GC(718) Pause Young (Allocation Failure) 200M->5M(247M) 1.332ms
[2026-01-06T17:26:30.542+0800][1.228s][info][gc,cpu         ] GC(718) User=0.00s Sys=0.00s Real=0.00s
[2026-01-06T17:26:30.544+0800][1.230s][info][gc,start       ] GC(720) Pause Young (Allocation Failure)
[2026-01-06T17:26:30.544+0800][1.230s][info][gc,start       ] GC(721) Pause Full (Allocation Failure)
[2026-01-06T17:26:30.544+0800][1.230s][info][gc,phases,start] GC(721) Phase 1: Mark live objects
[2026-01-06T17:26:30.545+0800][1.230s][info][gc,phases      ] GC(721) Phase 1: Mark live objects 0.446ms
[2026-01-06T17:26:30.545+0800][1.230s][info][gc,phases,start] GC(721) Phase 2: Compute new object addresses
[2026-01-06T17:26:30.545+0800][1.230s][info][gc,phases      ] GC(721) Phase 2: Compute new object addresses 0.067ms
[2026-01-06T17:26:30.545+0800][1.230s][info][gc,phases,start] GC(721) Phase 3: Adjust pointers
[2026-01-06T17:26:30.545+0800][1.231s][info][gc,phases      ] GC(721) Phase 3: Adjust pointers 0.673ms
[2026-01-06T17:26:30.545+0800][1.231s][info][gc,phases,start] GC(721) Phase 4: Move objects
[2026-01-06T17:26:30.545+0800][1.231s][info][gc,phases      ] GC(721) Phase 4: Move objects 0.031ms
[2026-01-06T17:26:30.545+0800][1.231s][info][gc             ] GC(721) Pause Full (Allocation Failure) 135M->4M(247M) 1.240ms
[2026-01-06T17:26:30.545+0800][1.231s][info][gc,heap        ] GC(720) DefNew: 67960K->0K(78720K)
[2026-01-06T17:26:30.545+0800][1.231s][info][gc,heap        ] GC(720) Tenured: 136867K->4258K(174784K)
[2026-01-06T17:26:30.545+0800][1.231s][info][gc,metaspace   ] GC(720) Metaspace: 3738K(4864K)->3738K(4864K) NonClass: 3417K(4352K)->3417K(4352K) Class: 320K(512K)->320K(512K)
[2026-01-06T17:26:30.545+0800][1.231s][info][gc             ] GC(720) Pause Young (Allocation Failure) 200M->4M(247M) 1.316ms
[2026-01-06T17:26:30.545+0800][1.231s][info][gc,cpu         ] GC(720) User=0.00s Sys=0.00s Real=0.00s
[2026-01-06T17:26:30.547+0800][1.233s][info][gc,start       ] GC(722) Pause Young (Allocation Failure)
[2026-01-06T17:26:30.547+0800][1.233s][info][gc,start       ] GC(723) Pause Full (Allocation Failure)
[2026-01-06T17:26:30.547+0800][1.233s][info][gc,phases,start] GC(723) Phase 1: Mark live objects
[2026-01-06T17:26:30.548+0800][1.233s][info][gc,phases      ] GC(723) Phase 1: Mark live objects 0.443ms
[2026-01-06T17:26:30.548+0800][1.233s][info][gc,phases,start] GC(723) Phase 2: Compute new object addresses
[2026-01-06T17:26:30.548+0800][1.233s][info][gc,phases      ] GC(723) Phase 2: Compute new object addresses 0.069ms
[2026-01-06T17:26:30.548+0800][1.233s][info][gc,phases,start] GC(723) Phase 3: Adjust pointers
[2026-01-06T17:26:30.549+0800][1.234s][info][gc,phases      ] GC(723) Phase 3: Adjust pointers 0.676ms
[2026-01-06T17:26:30.549+0800][1.234s][info][gc,phases,start] GC(723) Phase 4: Move objects
[2026-01-06T17:26:30.549+0800][1.234s][info][gc,phases      ] GC(723) Phase 4: Move objects 0.028ms
[2026-01-06T17:26:30.549+0800][1.234s][info][gc             ] GC(723) Pause Full (Allocation Failure) 133M->4M(247M) 1.236ms
[2026-01-06T17:26:30.549+0800][1.234s][info][gc,heap        ] GC(722) DefNew: 67960K->0K(78720K)
[2026-01-06T17:26:30.549+0800][1.234s][info][gc,heap        ] GC(722) Tenured: 135330K->4332K(174784K)
[2026-01-06T17:26:30.549+0800][1.234s][info][gc,metaspace   ] GC(722) Metaspace: 3738K(4864K)->3738K(4864K) NonClass: 3417K(4352K)->3417K(4352K) Class: 320K(512K)->320K(512K)
[2026-01-06T17:26:30.549+0800][1.234s][info][gc             ] GC(722) Pause Young (Allocation Failure) 198M->4M(247M) 1.328ms
[2026-01-06T17:26:30.549+0800][1.234s][info][gc,cpu         ] GC(722) User=0.00s Sys=0.00s Real=0.00s
[2026-01-06T17:26:30.550+0800][1.236s][info][gc,start       ] GC(724) Pause Young (Allocation Failure)
[2026-01-06T17:26:30.550+0800][1.236s][info][gc,start       ] GC(725) Pause Full (Allocation Failure)
[2026-01-06T17:26:30.550+0800][1.236s][info][gc,phases,start] GC(725) Phase 1: Mark live objects
[2026-01-06T17:26:30.551+0800][1.236s][info][gc,phases      ] GC(725) Phase 1: Mark live objects 0.446ms
[2026-01-06T17:26:30.551+0800][1.236s][info][gc,phases,start] GC(725) Phase 2: Compute new object addresses
[2026-01-06T17:26:30.551+0800][1.236s][info][gc,phases      ] GC(725) Phase 2: Compute new object addresses 0.074ms
[2026-01-06T17:26:30.551+0800][1.236s][info][gc,phases,start] GC(725) Phase 3: Adjust pointers
[2026-01-06T17:26:30.552+0800][1.237s][info][gc,phases      ] GC(725) Phase 3: Adjust pointers 0.669ms
[2026-01-06T17:26:30.552+0800][1.237s][info][gc,phases,start] GC(725) Phase 4: Move objects
[2026-01-06T17:26:30.552+0800][1.237s][info][gc,phases      ] GC(725) Phase 4: Move objects 0.028ms
[2026-01-06T17:26:30.552+0800][1.237s][info][gc             ] GC(725) Pause Full (Allocation Failure) 133M->4M(247M) 1.239ms
[2026-01-06T17:26:30.552+0800][1.237s][info][gc,heap        ] GC(724) DefNew: 67960K->0K(78720K)
[2026-01-06T17:26:30.552+0800][1.237s][info][gc,heap        ] GC(724) Tenured: 135404K->4332K(174784K)
[2026-01-06T17:26:30.552+0800][1.237s][info][gc,metaspace   ] GC(724) Metaspace: 3738K(4864K)->3738K(4864K) NonClass: 3417K(4352K)->3417K(4352K) Class: 320K(512K)->320K(512K)
[2026-01-06T17:26:30.552+0800][1.237s][info][gc             ] GC(724) Pause Young (Allocation Failure) 198M->4M(247M) 1.328ms
[2026-01-06T17:26:30.552+0800][1.237s][info][gc,cpu         ] GC(724) User=0.01s Sys=0.00s Real=0.00s
[2026-01-06T17:26:30.553+0800][1.239s][info][gc,start       ] GC(726) Pause Young (Allocation Failure)
[2026-01-06T17:26:30.553+0800][1.239s][info][gc,start       ] GC(727) Pause Full (Allocation Failure)
[2026-01-06T17:26:30.553+0800][1.239s][info][gc,phases,start] GC(727) Phase 1: Mark live objects
[2026-01-06T17:26:30.554+0800][1.239s][info][gc,phases      ] GC(727) Phase 1: Mark live objects 0.446ms
[2026-01-06T17:26:30.554+0800][1.239s][info][gc,phases,start] GC(727) Phase 2: Compute new object addresses
[2026-01-06T17:26:30.554+0800][1.240s][info][gc,phases      ] GC(727) Phase 2: Compute new object addresses 0.074ms
[2026-01-06T17:26:30.554+0800][1.240s][info][gc,phases,start] GC(727) Phase 3: Adjust pointers
[2026-01-06T17:26:30.555+0800][1.240s][info][gc,phases      ] GC(727) Phase 3: Adjust pointers 0.688ms
[2026-01-06T17:26:30.555+0800][1.240s][info][gc,phases,start] GC(727) Phase 4: Move objects
[2026-01-06T17:26:30.555+0800][1.240s][info][gc,phases      ] GC(727) Phase 4: Move objects 0.028ms
[2026-01-06T17:26:30.555+0800][1.240s][info][gc             ] GC(727) Pause Full (Allocation Failure) 133M->4M(247M) 1.257ms
[2026-01-06T17:26:30.555+0800][1.240s][info][gc,heap        ] GC(726) DefNew: 67960K->0K(78720K)
[2026-01-06T17:26:30.555+0800][1.240s][info][gc,heap        ] GC(726) Tenured: 135404K->4332K(174784K)
[2026-01-06T17:26:30.555+0800][1.240s][info][gc,metaspace   ] GC(726) Metaspace: 3738K(4864K)->3738K(4864K) NonClass: 3417K(4352K)->3417K(4352K) Class: 320K(512K)->320K(512K)
[2026-01-06T17:26:30.555+0800][1.240s][info][gc             ] GC(726) Pause Young (Allocation Failure) 198M->4M(247M) 1.348ms
[2026-01-06T17:26:30.555+0800][1.240s][info][gc,cpu         ] GC(726) User=0.00s Sys=0.00s Real=0.00s
[2026-01-06T17:26:30.556+0800][1.242s][info][gc,start       ] GC(728) Pause Young (Allocation Failure)
[2026-01-06T17:26:30.557+0800][1.242s][info][gc,start       ] GC(729) Pause Full (Allocation Failure)
[2026-01-06T17:26:30.557+0800][1.242s][info][gc,phases,start] GC(729) Phase 1: Mark live objects
[2026-01-06T17:26:30.557+0800][1.243s][info][gc,phases      ] GC(729) Phase 1: Mark live objects 0.447ms
[2026-01-06T17:26:30.557+0800][1.243s][info][gc,phases,start] GC(729) Phase 2: Compute new object addresses
[2026-01-06T17:26:30.557+0800][1.243s][info][gc,phases      ] GC(729) Phase 2: Compute new object addresses 0.073ms
[2026-01-06T17:26:30.557+0800][1.243s][info][gc,phases,start] GC(729) Phase 3: Adjust pointers
[2026-01-06T17:26:30.558+0800][1.243s][info][gc,phases      ] GC(729) Phase 3: Adjust pointers 0.670ms
[2026-01-06T17:26:30.558+0800][1.243s][info][gc,phases,start] GC(729) Phase 4: Move objects
[2026-01-06T17:26:30.558+0800][1.243s][info][gc,phases      ] GC(729) Phase 4: Move objects 0.028ms
[2026-01-06T17:26:30.558+0800][1.243s][info][gc             ] GC(729) Pause Full (Allocation Failure) 133M->4M(247M) 1.239ms
[2026-01-06T17:26:30.558+0800][1.243s][info][gc,heap        ] GC(728) DefNew: 67960K->0K(78720K)
[2026-01-06T17:26:30.558+0800][1.243s][info][gc,heap        ] GC(728) Tenured: 135404K->4258K(174784K)
[2026-01-06T17:26:30.558+0800][1.243s][info][gc,metaspace   ] GC(728) Metaspace: 3738K(4864K)->3738K(4864K) NonClass: 3417K(4352K)->3417K(4352K) Class: 320K(512K)->320K(512K)
[2026-01-06T17:26:30.558+0800][1.243s][info][gc             ] GC(728) Pause Young (Allocation Failure) 198M->4M(247M) 1.327ms
[2026-01-06T17:26:30.558+0800][1.243s][info][gc,cpu         ] GC(728) User=0.00s Sys=0.00s Real=0.00s
[2026-01-06T17:26:30.560+0800][1.245s][info][gc,start       ] GC(730) Pause Young (Allocation Failure)
[2026-01-06T17:26:30.560+0800][1.245s][info][gc,start       ] GC(731) Pause Full (Allocation Failure)
[2026-01-06T17:26:30.560+0800][1.245s][info][gc,phases,start] GC(731) Phase 1: Mark live objects
[2026-01-06T17:26:30.560+0800][1.246s][info][gc,phases      ] GC(731) Phase 1: Mark live objects 0.439ms
[2026-01-06T17:26:30.560+0800][1.246s][info][gc,phases,start] GC(731) Phase 2: Compute new object addresses
[2026-01-06T17:26:30.560+0800][1.246s][info][gc,phases      ] GC(731) Phase 2: Compute new object addresses 0.069ms
[2026-01-06T17:26:30.560+0800][1.246s][info][gc,phases,start] GC(731) Phase 3: Adjust pointers
[2026-01-06T17:26:30.561+0800][1.246s][info][gc,phases      ] GC(731) Phase 3: Adjust pointers 0.673ms
[2026-01-06T17:26:30.561+0800][1.246s][info][gc,phases,start] GC(731) Phase 4: Move objects
[2026-01-06T17:26:30.561+0800][1.246s][info][gc,phases      ] GC(731) Phase 4: Move objects 0.028ms
[2026-01-06T17:26:30.561+0800][1.246s][info][gc             ] GC(731) Pause Full (Allocation Failure) 133M->4M(247M) 1.231ms
[2026-01-06T17:26:30.561+0800][1.246s][info][gc,heap        ] GC(730) DefNew: 67960K->0K(78720K)
[2026-01-06T17:26:30.561+0800][1.246s][info][gc,heap        ] GC(730) Tenured: 135330K->4258K(174784K)
[2026-01-06T17:26:30.561+0800][1.246s][info][gc,metaspace   ] GC(730) Metaspace: 3738K(4864K)->3738K(4864K) NonClass: 3417K(4352K)->3417K(4352K) Class: 320K(512K)->320K(512K)
[2026-01-06T17:26:30.561+0800][1.246s][info][gc             ] GC(730) Pause Young (Allocation Failure) 198M->4M(247M) 1.322ms
[2026-01-06T17:26:30.561+0800][1.246s][info][gc,cpu         ] GC(730) User=0.01s Sys=0.00s Real=0.00s
[2026-01-06T17:26:30.563+0800][1.248s][info][gc,start       ] GC(732) Pause Young (Allocation Failure)
[2026-01-06T17:26:30.563+0800][1.248s][info][gc,start       ] GC(733) Pause Full (Allocation Failure)
[2026-01-06T17:26:30.563+0800][1.248s][info][gc,phases,start] GC(733) Phase 1: Mark live objects
[2026-01-06T17:26:30.563+0800][1.249s][info][gc,phases      ] GC(733) Phase 1: Mark live objects 0.440ms
[2026-01-06T17:26:30.563+0800][1.249s][info][gc,phases,start] GC(733) Phase 2: Compute new object addresses
[2026-01-06T17:26:30.563+0800][1.249s][info][gc,phases      ] GC(733) Phase 2: Compute new object addresses 0.074ms
[2026-01-06T17:26:30.563+0800][1.249s][info][gc,phases,start] GC(733) Phase 3: Adjust pointers
[2026-01-06T17:26:30.564+0800][1.249s][info][gc,phases      ] GC(733) Phase 3: Adjust pointers 0.671ms
[2026-01-06T17:26:30.564+0800][1.249s][info][gc,phases,start] GC(733) Phase 4: Move objects
[2026-01-06T17:26:30.564+0800][1.250s][info][gc,phases      ] GC(733) Phase 4: Move objects 0.028ms
[2026-01-06T17:26:30.564+0800][1.250s][info][gc             ] GC(733) Pause Full (Allocation Failure) 133M->4M(247M) 1.235ms
[2026-01-06T17:26:30.564+0800][1.250s][info][gc,heap        ] GC(732) DefNew: 67960K->0K(78720K)
[2026-01-06T17:26:30.564+0800][1.250s][info][gc,heap        ] GC(732) Tenured: 135330K->4258K(174784K)
[2026-01-06T17:26:30.564+0800][1.250s][info][gc,metaspace   ] GC(732) Metaspace: 3738K(4864K)->3738K(4864K) NonClass: 3417K(4352K)->3417K(4352K) Class: 320K(512K)->320K(512K)
[2026-01-06T17:26:30.564+0800][1.250s][info][gc             ] GC(732) Pause Young (Allocation Failure) 198M->4M(247M) 1.323ms
[2026-01-06T17:26:30.564+0800][1.250s][info][gc,cpu         ] GC(732) User=0.00s Sys=0.00s Real=0.00s
[2026-01-06T17:26:30.566+0800][1.251s][info][gc,start       ] GC(734) Pause Young (Allocation Failure)
[2026-01-06T17:26:30.566+0800][1.251s][info][gc,start       ] GC(735) Pause Full (Allocation Failure)
[2026-01-06T17:26:30.566+0800][1.251s][info][gc,phases,start] GC(735) Phase 1: Mark live objects
[2026-01-06T17:26:30.566+0800][1.252s][info][gc,phases      ] GC(735) Phase 1: Mark live objects 0.443ms
[2026-01-06T17:26:30.566+0800][1.252s][info][gc,phases,start] GC(735) Phase 2: Compute new object addresses
[2026-01-06T17:26:30.566+0800][1.252s][info][gc,phases      ] GC(735) Phase 2: Compute new object addresses 0.074ms
[2026-01-06T17:26:30.566+0800][1.252s][info][gc,phases,start] GC(735) Phase 3: Adjust pointers
[2026-01-06T17:26:30.567+0800][1.253s][info][gc,phases      ] GC(735) Phase 3: Adjust pointers 0.685ms
[2026-01-06T17:26:30.567+0800][1.253s][info][gc,phases,start] GC(735) Phase 4: Move objects
[2026-01-06T17:26:30.567+0800][1.253s][info][gc,phases      ] GC(735) Phase 4: Move objects 0.029ms
[2026-01-06T17:26:30.567+0800][1.253s][info][gc             ] GC(735) Pause Full (Allocation Failure) 133M->4M(247M) 1.252ms
[2026-01-06T17:26:30.567+0800][1.253s][info][gc,heap        ] GC(734) DefNew: 67960K->0K(78720K)
[2026-01-06T17:26:30.567+0800][1.253s][info][gc,heap        ] GC(734) Tenured: 135330K->4258K(174784K)
[2026-01-06T17:26:30.567+0800][1.253s][info][gc,metaspace   ] GC(734) Metaspace: 3738K(4864K)->3738K(4864K) NonClass: 3417K(4352K)->3417K(4352K) Class: 320K(512K)->320K(512K)
[2026-01-06T17:26:30.567+0800][1.253s][info][gc             ] GC(734) Pause Young (Allocation Failure) 198M->4M(247M) 1.340ms
[2026-01-06T17:26:30.567+0800][1.253s][info][gc,cpu         ] GC(734) User=0.00s Sys=0.00s Real=0.00s
[2026-01-06T17:26:30.569+0800][1.254s][info][gc,start       ] GC(736) Pause Young (Allocation Failure)
[2026-01-06T17:26:30.569+0800][1.254s][info][gc,start       ] GC(737) Pause Full (Allocation Failure)
[2026-01-06T17:26:30.569+0800][1.254s][info][gc,phases,start] GC(737) Phase 1: Mark live objects
[2026-01-06T17:26:30.569+0800][1.255s][info][gc,phases      ] GC(737) Phase 1: Mark live objects 0.439ms
[2026-01-06T17:26:30.569+0800][1.255s][info][gc,phases,start] GC(737) Phase 2: Compute new object addresses
[2026-01-06T17:26:30.569+0800][1.255s][info][gc,phases      ] GC(737) Phase 2: Compute new object addresses 0.071ms
[2026-01-06T17:26:30.569+0800][1.255s][info][gc,phases,start] GC(737) Phase 3: Adjust pointers
[2026-01-06T17:26:30.570+0800][1.256s][info][gc,phases      ] GC(737) Phase 3: Adjust pointers 0.669ms
[2026-01-06T17:26:30.570+0800][1.256s][info][gc,phases,start] GC(737) Phase 4: Move objects
[2026-01-06T17:26:30.570+0800][1.256s][info][gc,phases      ] GC(737) Phase 4: Move objects 0.031ms
[2026-01-06T17:26:30.570+0800][1.256s][info][gc             ] GC(737) Pause Full (Allocation Failure) 133M->4M(247M) 1.232ms
[2026-01-06T17:26:30.570+0800][1.256s][info][gc,heap        ] GC(736) DefNew: 67960K->0K(78720K)
[2026-01-06T17:26:30.570+0800][1.256s][info][gc,heap        ] GC(736) Tenured: 135330K->4258K(174784K)
[2026-01-06T17:26:30.570+0800][1.256s][info][gc,metaspace   ] GC(736) Metaspace: 3738K(4864K)->3738K(4864K) NonClass: 3417K(4352K)->3417K(4352K) Class: 320K(512K)->320K(512K)
[2026-01-06T17:26:30.570+0800][1.256s][info][gc             ] GC(736) Pause Young (Allocation Failure) 198M->4M(247M) 1.320ms
[2026-01-06T17:26:30.570+0800][1.256s][info][gc,cpu         ] GC(736) User=0.00s Sys=0.00s Real=0.01s
[2026-01-06T17:26:30.572+0800][1.257s][info][gc,start       ] GC(738) Pause Young (Allocation Failure)
[2026-01-06T17:26:30.572+0800][1.257s][info][gc,start       ] GC(739) Pause Full (Allocation Failure)
[2026-01-06T17:26:30.572+0800][1.258s][info][gc,phases,start] GC(739) Phase 1: Mark live objects
[2026-01-06T17:26:30.572+0800][1.258s][info][gc,phases      ] GC(739) Phase 1: Mark live objects 0.442ms
[2026-01-06T17:26:30.572+0800][1.258s][info][gc,phases,start] GC(739) Phase 2: Compute new object addresses
[2026-01-06T17:26:30.572+0800][1.258s][info][gc,phases      ] GC(739) Phase 2: Compute new object addresses 0.069ms
[2026-01-06T17:26:30.572+0800][1.258s][info][gc,phases,start] GC(739) Phase 3: Adjust pointers
[2026-01-06T17:26:30.573+0800][1.259s][info][gc,phases      ] GC(739) Phase 3: Adjust pointers 0.671ms
[2026-01-06T17:26:30.573+0800][1.259s][info][gc,phases,start] GC(739) Phase 4: Move objects
[2026-01-06T17:26:30.573+0800][1.259s][info][gc,phases      ] GC(739) Phase 4: Move objects 0.028ms
[2026-01-06T17:26:30.573+0800][1.259s][info][gc             ] GC(739) Pause Full (Allocation Failure) 133M->4M(247M) 1.231ms
[2026-01-06T17:26:30.573+0800][1.259s][info][gc,heap        ] GC(738) DefNew: 67960K->0K(78720K)
[2026-01-06T17:26:30.573+0800][1.259s][info][gc,heap        ] GC(738) Tenured: 135330K->4258K(174784K)
[2026-01-06T17:26:30.573+0800][1.259s][info][gc,metaspace   ] GC(738) Metaspace: 3738K(4864K)->3738K(4864K) NonClass: 3417K(4352K)->3417K(4352K) Class: 320K(512K)->320K(512K)
[2026-01-06T17:26:30.573+0800][1.259s][info][gc             ] GC(738) Pause Young (Allocation Failure) 198M->4M(247M) 1.319ms
[2026-01-06T17:26:30.573+0800][1.259s][info][gc,cpu         ] GC(738) User=0.00s Sys=0.00s Real=0.00s
[2026-01-06T17:26:30.575+0800][1.260s][info][gc,start       ] GC(740) Pause Young (Allocation Failure)
[2026-01-06T17:26:30.575+0800][1.261s][info][gc,start       ] GC(741) Pause Full (Allocation Failure)
[2026-01-06T17:26:30.575+0800][1.261s][info][gc,phases,start] GC(741) Phase 1: Mark live objects
[2026-01-06T17:26:30.575+0800][1.261s][info][gc,phases      ] GC(741) Phase 1: Mark live objects 0.441ms
[2026-01-06T17:26:30.575+0800][1.261s][info][gc,phases,start] GC(741) Phase 2: Compute new object addresses
[2026-01-06T17:26:30.576+0800][1.261s][info][gc,phases      ] GC(741) Phase 2: Compute new object addresses 0.074ms
[2026-01-06T17:26:30.576+0800][1.261s][info][gc,phases,start] GC(741) Phase 3: Adjust pointers
[2026-01-06T17:26:30.576+0800][1.262s][info][gc,phases      ] GC(741) Phase 3: Adjust pointers 0.672ms
[2026-01-06T17:26:30.576+0800][1.262s][info][gc,phases,start] GC(741) Phase 4: Move objects
[2026-01-06T17:26:30.576+0800][1.262s][info][gc,phases      ] GC(741) Phase 4: Move objects 0.028ms
[2026-01-06T17:26:30.576+0800][1.262s][info][gc             ] GC(741) Pause Full (Allocation Failure) 133M->4M(247M) 1.236ms
[2026-01-06T17:26:30.576+0800][1.262s][info][gc,heap        ] GC(740) DefNew: 67960K->0K(78720K)
[2026-01-06T17:26:30.576+0800][1.262s][info][gc,heap        ] GC(740) Tenured: 135330K->4258K(174784K)
[2026-01-06T17:26:30.576+0800][1.262s][info][gc,metaspace   ] GC(740) Metaspace: 3738K(4864K)->3738K(4864K) NonClass: 3417K(4352K)->3417K(4352K) Class: 320K(512K)->320K(512K)
[2026-01-06T17:26:30.576+0800][1.262s][info][gc             ] GC(740) Pause Young (Allocation Failure) 198M->4M(247M) 1.327ms
[2026-01-06T17:26:30.576+0800][1.262s][info][gc,cpu         ] GC(740) User=0.00s Sys=0.00s Real=0.00s
[2026-01-06T17:26:30.578+0800][1.264s][info][gc,start       ] GC(742) Pause Young (Allocation Failure)
[2026-01-06T17:26:30.578+0800][1.264s][info][gc,start       ] GC(743) Pause Full (Allocation Failure)
[2026-01-06T17:26:30.578+0800][1.264s][info][gc,phases,start] GC(743) Phase 1: Mark live objects
[2026-01-06T17:26:30.579+0800][1.264s][info][gc,phases      ] GC(743) Phase 1: Mark live objects 0.442ms
[2026-01-06T17:26:30.579+0800][1.264s][info][gc,phases,start] GC(743) Phase 2: Compute new object addresses
[2026-01-06T17:26:30.579+0800][1.264s][info][gc,phases      ] GC(743) Phase 2: Compute new object addresses 0.074ms
[2026-01-06T17:26:30.579+0800][1.264s][info][gc,phases,start] GC(743) Phase 3: Adjust pointers
[2026-01-06T17:26:30.579+0800][1.265s][info][gc,phases      ] GC(743) Phase 3: Adjust pointers 0.685ms
[2026-01-06T17:26:30.579+0800][1.265s][info][gc,phases,start] GC(743) Phase 4: Move objects
[2026-01-06T17:26:30.579+0800][1.265s][info][gc,phases      ] GC(743) Phase 4: Move objects 0.028ms
[2026-01-06T17:26:30.579+0800][1.265s][info][gc             ] GC(743) Pause Full (Allocation Failure) 133M->4M(247M) 1.253ms
[2026-01-06T17:26:30.579+0800][1.265s][info][gc,heap        ] GC(742) DefNew: 67960K->0K(78720K)
[2026-01-06T17:26:30.579+0800][1.265s][info][gc,heap        ] GC(742) Tenured: 135330K->4258K(174784K)
[2026-01-06T17:26:30.579+0800][1.265s][info][gc,metaspace   ] GC(742) Metaspace: 3738K(4864K)->3738K(4864K) NonClass: 3417K(4352K)->3417K(4352K) Class: 320K(512K)->320K(512K)
[2026-01-06T17:26:30.579+0800][1.265s][info][gc             ] GC(742) Pause Young (Allocation Failure) 198M->4M(247M) 1.341ms
[2026-01-06T17:26:30.579+0800][1.265s][info][gc,cpu         ] GC(742) User=0.00s Sys=0.00s Real=0.00s
[2026-01-06T17:26:30.581+0800][1.267s][info][gc,start       ] GC(744) Pause Young (Allocation Failure)
[2026-01-06T17:26:30.581+0800][1.267s][info][gc,start       ] GC(745) Pause Full (Allocation Failure)
[2026-01-06T17:26:30.581+0800][1.267s][info][gc,phases,start] GC(745) Phase 1: Mark live objects
[2026-01-06T17:26:30.582+0800][1.267s][info][gc,phases      ] GC(745) Phase 1: Mark live objects 0.444ms
[2026-01-06T17:26:30.582+0800][1.267s][info][gc,phases,start] GC(745) Phase 2: Compute new object addresses
[2026-01-06T17:26:30.582+0800][1.267s][info][gc,phases      ] GC(745) Phase 2: Compute new object addresses 0.073ms
[2026-01-06T17:26:30.582+0800][1.267s][info][gc,phases,start] GC(745) Phase 3: Adjust pointers
[2026-01-06T17:26:30.582+0800][1.268s][info][gc,phases      ] GC(745) Phase 3: Adjust pointers 0.673ms
[2026-01-06T17:26:30.582+0800][1.268s][info][gc,phases,start] GC(745) Phase 4: Move objects
[2026-01-06T17:26:30.582+0800][1.268s][info][gc,phases      ] GC(745) Phase 4: Move objects 0.028ms
[2026-01-06T17:26:30.582+0800][1.268s][info][gc             ] GC(745) Pause Full (Allocation Failure) 133M->4M(247M) 1.242ms
[2026-01-06T17:26:30.582+0800][1.268s][info][gc,heap        ] GC(744) DefNew: 67960K->0K(78720K)
[2026-01-06T17:26:30.582+0800][1.268s][info][gc,heap        ] GC(744) Tenured: 135330K->4258K(174784K)
[2026-01-06T17:26:30.582+0800][1.268s][info][gc,metaspace   ] GC(744) Metaspace: 3738K(4864K)->3738K(4864K) NonClass: 3417K(4352K)->3417K(4352K) Class: 320K(512K)->320K(512K)
[2026-01-06T17:26:30.582+0800][1.268s][info][gc             ] GC(744) Pause Young (Allocation Failure) 198M->4M(247M) 1.331ms
[2026-01-06T17:26:30.582+0800][1.268s][info][gc,cpu         ] GC(744) User=0.00s Sys=0.00s Real=0.00s
[2026-01-06T17:26:30.584+0800][1.270s][info][gc,start       ] GC(746) Pause Young (Allocation Failure)
[2026-01-06T17:26:30.584+0800][1.270s][info][gc,start       ] GC(747) Pause Full (Allocation Failure)
[2026-01-06T17:26:30.584+0800][1.270s][info][gc,phases,start] GC(747) Phase 1: Mark live objects
[2026-01-06T17:26:30.585+0800][1.270s][info][gc,phases      ] GC(747) Phase 1: Mark live objects 0.443ms
[2026-01-06T17:26:30.585+0800][1.270s][info][gc,phases,start] GC(747) Phase 2: Compute new object addresses
[2026-01-06T17:26:30.585+0800][1.270s][info][gc,phases      ] GC(747) Phase 2: Compute new object addresses 0.069ms
[2026-01-06T17:26:30.585+0800][1.270s][info][gc,phases,start] GC(747) Phase 3: Adjust pointers
[2026-01-06T17:26:30.586+0800][1.271s][info][gc,phases      ] GC(747) Phase 3: Adjust pointers 0.689ms
[2026-01-06T17:26:30.586+0800][1.271s][info][gc,phases,start] GC(747) Phase 4: Move objects
[2026-01-06T17:26:30.586+0800][1.271s][info][gc,phases      ] GC(747) Phase 4: Move objects 0.028ms
[2026-01-06T17:26:30.586+0800][1.271s][info][gc             ] GC(747) Pause Full (Allocation Failure) 133M->4M(247M) 1.254ms
[2026-01-06T17:26:30.586+0800][1.271s][info][gc,heap        ] GC(746) DefNew: 67960K->0K(78720K)
[2026-01-06T17:26:30.586+0800][1.271s][info][gc,heap        ] GC(746) Tenured: 135330K->4258K(174784K)
[2026-01-06T17:26:30.586+0800][1.271s][info][gc,metaspace   ] GC(746) Metaspace: 3738K(4864K)->3738K(4864K) NonClass: 3417K(4352K)->3417K(4352K) Class: 320K(512K)->320K(512K)
[2026-01-06T17:26:30.586+0800][1.271s][info][gc             ] GC(746) Pause Young (Allocation Failure) 198M->4M(247M) 1.342ms
[2026-01-06T17:26:30.586+0800][1.271s][info][gc,cpu         ] GC(746) User=0.00s Sys=0.00s Real=0.00s
[2026-01-06T17:26:30.587+0800][1.273s][info][gc,start       ] GC(748) Pause Young (Allocation Failure)
[2026-01-06T17:26:30.587+0800][1.273s][info][gc,start       ] GC(749) Pause Full (Allocation Failure)
[2026-01-06T17:26:30.587+0800][1.273s][info][gc,phases,start] GC(749) Phase 1: Mark live objects
[2026-01-06T17:26:30.588+0800][1.273s][info][gc,phases      ] GC(749) Phase 1: Mark live objects 0.443ms
[2026-01-06T17:26:30.588+0800][1.273s][info][gc,phases,start] GC(749) Phase 2: Compute new object addresses
[2026-01-06T17:26:30.588+0800][1.274s][info][gc,phases      ] GC(749) Phase 2: Compute new object addresses 0.073ms
[2026-01-06T17:26:30.588+0800][1.274s][info][gc,phases,start] GC(749) Phase 3: Adjust pointers
[2026-01-06T17:26:30.589+0800][1.274s][info][gc,phases      ] GC(749) Phase 3: Adjust pointers 0.671ms
[2026-01-06T17:26:30.589+0800][1.274s][info][gc,phases,start] GC(749) Phase 4: Move objects
[2026-01-06T17:26:30.589+0800][1.274s][info][gc,phases      ] GC(749) Phase 4: Move objects 0.028ms
[2026-01-06T17:26:30.589+0800][1.274s][info][gc             ] GC(749) Pause Full (Allocation Failure) 133M->4M(247M) 1.237ms
[2026-01-06T17:26:30.589+0800][1.274s][info][gc,heap        ] GC(748) DefNew: 67960K->0K(78720K)
[2026-01-06T17:26:30.589+0800][1.274s][info][gc,heap        ] GC(748) Tenured: 135330K->4258K(174784K)
[2026-01-06T17:26:30.589+0800][1.274s][info][gc,metaspace   ] GC(748) Metaspace: 3738K(4864K)->3738K(4864K) NonClass: 3417K(4352K)->3417K(4352K) Class: 320K(512K)->320K(512K)
[2026-01-06T17:26:30.589+0800][1.274s][info][gc             ] GC(748) Pause Young (Allocation Failure) 198M->4M(247M) 1.325ms
[2026-01-06T17:26:30.589+0800][1.274s][info][gc,cpu         ] GC(748) User=0.00s Sys=0.00s Real=0.00s
[2026-01-06T17:26:30.590+0800][1.276s][info][gc,start       ] GC(750) Pause Young (Allocation Failure)
[2026-01-06T17:26:30.590+0800][1.276s][info][gc,start       ] GC(751) Pause Full (Allocation Failure)
[2026-01-06T17:26:30.590+0800][1.276s][info][gc,phases,start] GC(751) Phase 1: Mark live objects
[2026-01-06T17:26:30.591+0800][1.276s][info][gc,phases      ] GC(751) Phase 1: Mark live objects 0.443ms
[2026-01-06T17:26:30.591+0800][1.276s][info][gc,phases,start] GC(751) Phase 2: Compute new object addresses
[2026-01-06T17:26:30.591+0800][1.277s][info][gc,phases      ] GC(751) Phase 2: Compute new object addresses 0.075ms
[2026-01-06T17:26:30.591+0800][1.277s][info][gc,phases,start] GC(751) Phase 3: Adjust pointers
[2026-01-06T17:26:30.592+0800][1.277s][info][gc,phases      ] GC(751) Phase 3: Adjust pointers 0.676ms
[2026-01-06T17:26:30.592+0800][1.277s][info][gc,phases,start] GC(751) Phase 4: Move objects
[2026-01-06T17:26:30.592+0800][1.277s][info][gc,phases      ] GC(751) Phase 4: Move objects 0.028ms
[2026-01-06T17:26:30.592+0800][1.277s][info][gc             ] GC(751) Pause Full (Allocation Failure) 133M->4M(247M) 1.243ms
[2026-01-06T17:26:30.592+0800][1.277s][info][gc,heap        ] GC(750) DefNew: 67960K->0K(78720K)
[2026-01-06T17:26:30.592+0800][1.277s][info][gc,heap        ] GC(750) Tenured: 135330K->4258K(174784K)
[2026-01-06T17:26:30.592+0800][1.277s][info][gc,metaspace   ] GC(750) Metaspace: 3738K(4864K)->3738K(4864K) NonClass: 3417K(4352K)->3417K(4352K) Class: 320K(512K)->320K(512K)
[2026-01-06T17:26:30.592+0800][1.277s][info][gc             ] GC(750) Pause Young (Allocation Failure) 198M->4M(247M) 1.331ms
[2026-01-06T17:26:30.592+0800][1.277s][info][gc,cpu         ] GC(750) User=0.01s Sys=0.00s Real=0.00s
[2026-01-06T17:26:30.593+0800][1.279s][info][gc,start       ] GC(752) Pause Young (Allocation Failure)
[2026-01-06T17:26:30.594+0800][1.279s][info][gc,start       ] GC(753) Pause Full (Allocation Failure)
[2026-01-06T17:26:30.594+0800][1.279s][info][gc,phases,start] GC(753) Phase 1: Mark live objects
[2026-01-06T17:26:30.594+0800][1.280s][info][gc,phases      ] GC(753) Phase 1: Mark live objects 0.446ms
[2026-01-06T17:26:30.594+0800][1.280s][info][gc,phases,start] GC(753) Phase 2: Compute new object addresses
[2026-01-06T17:26:30.594+0800][1.280s][info][gc,phases      ] GC(753) Phase 2: Compute new object addresses 0.073ms
[2026-01-06T17:26:30.594+0800][1.280s][info][gc,phases,start] GC(753) Phase 3: Adjust pointers
[2026-01-06T17:26:30.595+0800][1.280s][info][gc,phases      ] GC(753) Phase 3: Adjust pointers 0.669ms
[2026-01-06T17:26:30.595+0800][1.280s][info][gc,phases,start] GC(753) Phase 4: Move objects
[2026-01-06T17:26:30.595+0800][1.280s][info][gc,phases      ] GC(753) Phase 4: Move objects 0.028ms
[2026-01-06T17:26:30.595+0800][1.280s][info][gc             ] GC(753) Pause Full (Allocation Failure) 133M->4M(247M) 1.237ms
[2026-01-06T17:26:30.595+0800][1.280s][info][gc,heap        ] GC(752) DefNew: 67960K->0K(78720K)
[2026-01-06T17:26:30.595+0800][1.280s][info][gc,heap        ] GC(752) Tenured: 135330K->4258K(174784K)
[2026-01-06T17:26:30.595+0800][1.280s][info][gc,metaspace   ] GC(752) Metaspace: 3738K(4864K)->3738K(4864K) NonClass: 3417K(4352K)->3417K(4352K) Class: 320K(512K)->320K(512K)
[2026-01-06T17:26:30.595+0800][1.280s][info][gc             ] GC(752) Pause Young (Allocation Failure) 198M->4M(247M) 1.326ms
[2026-01-06T17:26:30.595+0800][1.280s][info][gc,cpu         ] GC(752) User=0.00s Sys=0.00s Real=0.00s
[2026-01-06T17:26:30.597+0800][1.282s][info][gc,start       ] GC(754) Pause Young (Allocation Failure)
[2026-01-06T17:26:30.597+0800][1.282s][info][gc,start       ] GC(755) Pause Full (Allocation Failure)
[2026-01-06T17:26:30.597+0800][1.282s][info][gc,phases,start] GC(755) Phase 1: Mark live objects
[2026-01-06T17:26:30.597+0800][1.283s][info][gc,phases      ] GC(755) Phase 1: Mark live objects 0.444ms
[2026-01-06T17:26:30.597+0800][1.283s][info][gc,phases,start] GC(755) Phase 2: Compute new object addresses
[2026-01-06T17:26:30.597+0800][1.283s][info][gc,phases      ] GC(755) Phase 2: Compute new object addresses 0.069ms
[2026-01-06T17:26:30.597+0800][1.283s][info][gc,phases,start] GC(755) Phase 3: Adjust pointers
[2026-01-06T17:26:30.598+0800][1.283s][info][gc,phases      ] GC(755) Phase 3: Adjust pointers 0.669ms
[2026-01-06T17:26:30.598+0800][1.283s][info][gc,phases,start] GC(755) Phase 4: Move objects
[2026-01-06T17:26:30.598+0800][1.283s][info][gc,phases      ] GC(755) Phase 4: Move objects 0.029ms
[2026-01-06T17:26:30.598+0800][1.283s][info][gc             ] GC(755) Pause Full (Allocation Failure) 133M->5M(247M) 1.232ms
[2026-01-06T17:26:30.598+0800][1.283s][info][gc,heap        ] GC(754) DefNew: 67960K->0K(78720K)
[2026-01-06T17:26:30.598+0800][1.283s][info][gc,heap        ] GC(754) Tenured: 135330K->5794K(174784K)
[2026-01-06T17:26:30.598+0800][1.283s][info][gc,metaspace   ] GC(754) Metaspace: 3738K(4864K)->3738K(4864K) NonClass: 3417K(4352K)->3417K(4352K) Class: 320K(512K)->320K(512K)
[2026-01-06T17:26:30.598+0800][1.283s][info][gc             ] GC(754) Pause Young (Allocation Failure) 198M->5M(247M) 1.311ms
[2026-01-06T17:26:30.598+0800][1.283s][info][gc,cpu         ] GC(754) User=0.00s Sys=0.00s Real=0.00s
[2026-01-06T17:26:30.600+0800][1.285s][info][gc,start       ] GC(756) Pause Young (Allocation Failure)
[2026-01-06T17:26:30.600+0800][1.285s][info][gc,start       ] GC(757) Pause Full (Allocation Failure)
[2026-01-06T17:26:30.600+0800][1.285s][info][gc,phases,start] GC(757) Phase 1: Mark live objects
[2026-01-06T17:26:30.600+0800][1.286s][info][gc,phases      ] GC(757) Phase 1: Mark live objects 0.444ms
[2026-01-06T17:26:30.600+0800][1.286s][info][gc,phases,start] GC(757) Phase 2: Compute new object addresses
[2026-01-06T17:26:30.600+0800][1.286s][info][gc,phases      ] GC(757) Phase 2: Compute new object addresses 0.070ms
[2026-01-06T17:26:30.600+0800][1.286s][info][gc,phases,start] GC(757) Phase 3: Adjust pointers
[2026-01-06T17:26:30.601+0800][1.286s][info][gc,phases      ] GC(757) Phase 3: Adjust pointers 0.673ms
[2026-01-06T17:26:30.601+0800][1.286s][info][gc,phases,start] GC(757) Phase 4: Move objects
[2026-01-06T17:26:30.601+0800][1.286s][info][gc,phases      ] GC(757) Phase 4: Move objects 0.026ms
[2026-01-06T17:26:30.601+0800][1.286s][info][gc             ] GC(757) Pause Full (Allocation Failure) 135M->5M(247M) 1.234ms
[2026-01-06T17:26:30.601+0800][1.286s][info][gc,heap        ] GC(756) DefNew: 67960K->0K(78720K)
[2026-01-06T17:26:30.601+0800][1.286s][info][gc,heap        ] GC(756) Tenured: 136866K->5794K(174784K)
[2026-01-06T17:26:30.601+0800][1.286s][info][gc,metaspace   ] GC(756) Metaspace: 3738K(4864K)->3738K(4864K) NonClass: 3417K(4352K)->3417K(4352K) Class: 320K(512K)->320K(512K)
[2026-01-06T17:26:30.601+0800][1.286s][info][gc             ] GC(756) Pause Young (Allocation Failure) 200M->5M(247M) 1.310ms
[2026-01-06T17:26:30.601+0800][1.286s][info][gc,cpu         ] GC(756) User=0.00s Sys=0.00s Real=0.00s
[2026-01-06T17:26:30.603+0800][1.288s][info][gc,start       ] GC(758) Pause Young (Allocation Failure)
[2026-01-06T17:26:30.603+0800][1.288s][info][gc,start       ] GC(759) Pause Full (Allocation Failure)
[2026-01-06T17:26:30.603+0800][1.288s][info][gc,phases,start] GC(759) Phase 1: Mark live objects
[2026-01-06T17:26:30.603+0800][1.289s][info][gc,phases      ] GC(759) Phase 1: Mark live objects 0.456ms
[2026-01-06T17:26:30.603+0800][1.289s][info][gc,phases,start] GC(759) Phase 2: Compute new object addresses
[2026-01-06T17:26:30.603+0800][1.289s][info][gc,phases      ] GC(759) Phase 2: Compute new object addresses 0.066ms
[2026-01-06T17:26:30.603+0800][1.289s][info][gc,phases,start] GC(759) Phase 3: Adjust pointers
[2026-01-06T17:26:30.604+0800][1.289s][info][gc,phases      ] GC(759) Phase 3: Adjust pointers 0.672ms
[2026-01-06T17:26:30.604+0800][1.289s][info][gc,phases,start] GC(759) Phase 4: Move objects
[2026-01-06T17:26:30.604+0800][1.290s][info][gc,phases      ] GC(759) Phase 4: Move objects 0.026ms
[2026-01-06T17:26:30.604+0800][1.290s][info][gc             ] GC(759) Pause Full (Allocation Failure) 135M->5M(247M) 1.240ms
[2026-01-06T17:26:30.604+0800][1.290s][info][gc,heap        ] GC(758) DefNew: 67960K->0K(78720K)
[2026-01-06T17:26:30.604+0800][1.290s][info][gc,heap        ] GC(758) Tenured: 136866K->5795K(174784K)
[2026-01-06T17:26:30.604+0800][1.290s][info][gc,metaspace   ] GC(758) Metaspace: 3738K(4864K)->3738K(4864K) NonClass: 3417K(4352K)->3417K(4352K) Class: 320K(512K)->320K(512K)
[2026-01-06T17:26:30.604+0800][1.290s][info][gc             ] GC(758) Pause Young (Allocation Failure) 200M->5M(247M) 1.318ms
[2026-01-06T17:26:30.604+0800][1.290s][info][gc,cpu         ] GC(758) User=0.00s Sys=0.00s Real=0.00s
[2026-01-06T17:26:30.606+0800][1.291s][info][gc,start       ] GC(760) Pause Young (Allocation Failure)
[2026-01-06T17:26:30.606+0800][1.291s][info][gc,start       ] GC(761) Pause Full (Allocation Failure)
[2026-01-06T17:26:30.606+0800][1.291s][info][gc,phases,start] GC(761) Phase 1: Mark live objects
[2026-01-06T17:26:30.606+0800][1.292s][info][gc,phases      ] GC(761) Phase 1: Mark live objects 0.440ms
[2026-01-06T17:26:30.606+0800][1.292s][info][gc,phases,start] GC(761) Phase 2: Compute new object addresses
[2026-01-06T17:26:30.606+0800][1.292s][info][gc,phases      ] GC(761) Phase 2: Compute new object addresses 0.070ms
[2026-01-06T17:26:30.606+0800][1.292s][info][gc,phases,start] GC(761) Phase 3: Adjust pointers
[2026-01-06T17:26:30.607+0800][1.293s][info][gc,phases      ] GC(761) Phase 3: Adjust pointers 0.669ms
[2026-01-06T17:26:30.607+0800][1.293s][info][gc,phases,start] GC(761) Phase 4: Move objects
[2026-01-06T17:26:30.607+0800][1.293s][info][gc,phases      ] GC(761) Phase 4: Move objects 0.030ms
[2026-01-06T17:26:30.607+0800][1.293s][info][gc             ] GC(761) Pause Full (Allocation Failure) 135M->4M(247M) 1.231ms
[2026-01-06T17:26:30.607+0800][1.293s][info][gc,heap        ] GC(760) DefNew: 67960K->0K(78720K)
[2026-01-06T17:26:30.607+0800][1.293s][info][gc,heap        ] GC(760) Tenured: 136867K->4258K(174784K)
[2026-01-06T17:26:30.607+0800][1.293s][info][gc,metaspace   ] GC(760) Metaspace: 3738K(4864K)->3738K(4864K) NonClass: 3417K(4352K)->3417K(4352K) Class: 320K(512K)->320K(512K)
[2026-01-06T17:26:30.607+0800][1.293s][info][gc             ] GC(760) Pause Young (Allocation Failure) 200M->4M(247M) 1.308ms
[2026-01-06T17:26:30.607+0800][1.293s][info][gc,cpu         ] GC(760) User=0.00s Sys=0.00s Real=0.00s
[2026-01-06T17:26:30.609+0800][1.294s][info][gc,start       ] GC(762) Pause Young (Allocation Failure)
[2026-01-06T17:26:30.609+0800][1.294s][info][gc,start       ] GC(763) Pause Full (Allocation Failure)
[2026-01-06T17:26:30.609+0800][1.294s][info][gc,phases,start] GC(763) Phase 1: Mark live objects
[2026-01-06T17:26:30.609+0800][1.295s][info][gc,phases      ] GC(763) Phase 1: Mark live objects 0.439ms
[2026-01-06T17:26:30.609+0800][1.295s][info][gc,phases,start] GC(763) Phase 2: Compute new object addresses
[2026-01-06T17:26:30.609+0800][1.295s][info][gc,phases      ] GC(763) Phase 2: Compute new object addresses 0.071ms
[2026-01-06T17:26:30.609+0800][1.295s][info][gc,phases,start] GC(763) Phase 3: Adjust pointers
[2026-01-06T17:26:30.610+0800][1.296s][info][gc,phases      ] GC(763) Phase 3: Adjust pointers 0.673ms
[2026-01-06T17:26:30.610+0800][1.296s][info][gc,phases,start] GC(763) Phase 4: Move objects
[2026-01-06T17:26:30.610+0800][1.296s][info][gc,phases      ] GC(763) Phase 4: Move objects 0.028ms
[2026-01-06T17:26:30.610+0800][1.296s][info][gc             ] GC(763) Pause Full (Allocation Failure) 133M->4M(247M) 1.232ms
[2026-01-06T17:26:30.610+0800][1.296s][info][gc,heap        ] GC(762) DefNew: 67960K->0K(78720K)
[2026-01-06T17:26:30.610+0800][1.296s][info][gc,heap        ] GC(762) Tenured: 135330K->4332K(174784K)
[2026-01-06T17:26:30.610+0800][1.296s][info][gc,metaspace   ] GC(762) Metaspace: 3738K(4864K)->3738K(4864K) NonClass: 3417K(4352K)->3417K(4352K) Class: 320K(512K)->320K(512K)
[2026-01-06T17:26:30.610+0800][1.296s][info][gc             ] GC(762) Pause Young (Allocation Failure) 198M->4M(247M) 1.320ms
[2026-01-06T17:26:30.610+0800][1.296s][info][gc,cpu         ] GC(762) User=0.00s Sys=0.00s Real=0.01s
[2026-01-06T17:26:30.612+0800][1.297s][info][gc,start       ] GC(764) Pause Young (Allocation Failure)
[2026-01-06T17:26:30.612+0800][1.297s][info][gc,start       ] GC(765) Pause Full (Allocation Failure)
[2026-01-06T17:26:30.612+0800][1.297s][info][gc,phases,start] GC(765) Phase 1: Mark live objects
[2026-01-06T17:26:30.612+0800][1.298s][info][gc,phases      ] GC(765) Phase 1: Mark live objects 0.440ms
[2026-01-06T17:26:30.612+0800][1.298s][info][gc,phases,start] GC(765) Phase 2: Compute new object addresses
[2026-01-06T17:26:30.612+0800][1.298s][info][gc,phases      ] GC(765) Phase 2: Compute new object addresses 0.073ms
[2026-01-06T17:26:30.612+0800][1.298s][info][gc,phases,start] GC(765) Phase 3: Adjust pointers
[2026-01-06T17:26:30.613+0800][1.299s][info][gc,phases      ] GC(765) Phase 3: Adjust pointers 0.669ms
[2026-01-06T17:26:30.613+0800][1.299s][info][gc,phases,start] GC(765) Phase 4: Move objects
[2026-01-06T17:26:30.613+0800][1.299s][info][gc,phases      ] GC(765) Phase 4: Move objects 0.028ms
[2026-01-06T17:26:30.613+0800][1.299s][info][gc             ] GC(765) Pause Full (Allocation Failure) 133M->4M(247M) 1.231ms
[2026-01-06T17:26:30.613+0800][1.299s][info][gc,heap        ] GC(764) DefNew: 67960K->0K(78720K)
[2026-01-06T17:26:30.613+0800][1.299s][info][gc,heap        ] GC(764) Tenured: 135404K->4332K(174784K)
[2026-01-06T17:26:30.613+0800][1.299s][info][gc,metaspace   ] GC(764) Metaspace: 3738K(4864K)->3738K(4864K) NonClass: 3417K(4352K)->3417K(4352K) Class: 320K(512K)->320K(512K)
[2026-01-06T17:26:30.613+0800][1.299s][info][gc             ] GC(764) Pause Young (Allocation Failure) 198M->4M(247M) 1.319ms
[2026-01-06T17:26:30.613+0800][1.299s][info][gc,cpu         ] GC(764) User=0.00s Sys=0.00s Real=0.00s
[2026-01-06T17:26:30.615+0800][1.300s][info][gc,start       ] GC(766) Pause Young (Allocation Failure)
[2026-01-06T17:26:30.615+0800][1.301s][info][gc,start       ] GC(767) Pause Full (Allocation Failure)
[2026-01-06T17:26:30.615+0800][1.301s][info][gc,phases,start] GC(767) Phase 1: Mark live objects
[2026-01-06T17:26:30.616+0800][1.301s][info][gc,phases      ] GC(767) Phase 1: Mark live objects 0.544ms
[2026-01-06T17:26:30.616+0800][1.301s][info][gc,phases,start] GC(767) Phase 2: Compute new object addresses
[2026-01-06T17:26:30.616+0800][1.301s][info][gc,phases      ] GC(767) Phase 2: Compute new object addresses 0.081ms
[2026-01-06T17:26:30.616+0800][1.301s][info][gc,phases,start] GC(767) Phase 3: Adjust pointers
[2026-01-06T17:26:30.616+0800][1.302s][info][gc,phases      ] GC(767) Phase 3: Adjust pointers 0.723ms
[2026-01-06T17:26:30.616+0800][1.302s][info][gc,phases,start] GC(767) Phase 4: Move objects
[2026-01-06T17:26:30.616+0800][1.302s][info][gc,phases      ] GC(767) Phase 4: Move objects 0.029ms
[2026-01-06T17:26:30.616+0800][1.302s][info][gc             ] GC(767) Pause Full (Allocation Failure) 133M->4M(247M) 1.404ms
[2026-01-06T17:26:30.616+0800][1.302s][info][gc,heap        ] GC(766) DefNew: 67960K->0K(78720K)
[2026-01-06T17:26:30.616+0800][1.302s][info][gc,heap        ] GC(766) Tenured: 135404K->4332K(174784K)
[2026-01-06T17:26:30.616+0800][1.302s][info][gc,metaspace   ] GC(766) Metaspace: 3738K(4864K)->3738K(4864K) NonClass: 3417K(4352K)->3417K(4352K) Class: 320K(512K)->320K(512K)
[2026-01-06T17:26:30.616+0800][1.302s][info][gc             ] GC(766) Pause Young (Allocation Failure) 198M->4M(247M) 1.504ms
[2026-01-06T17:26:30.616+0800][1.302s][info][gc,cpu         ] GC(766) User=0.00s Sys=0.00s Real=0.00s
[2026-01-06T17:26:30.618+0800][1.304s][info][gc,start       ] GC(768) Pause Young (Allocation Failure)
[2026-01-06T17:26:30.618+0800][1.304s][info][gc,start       ] GC(769) Pause Full (Allocation Failure)
[2026-01-06T17:26:30.618+0800][1.304s][info][gc,phases,start] GC(769) Phase 1: Mark live objects
[2026-01-06T17:26:30.619+0800][1.304s][info][gc,phases      ] GC(769) Phase 1: Mark live objects 0.499ms
[2026-01-06T17:26:30.619+0800][1.304s][info][gc,phases,start] GC(769) Phase 2: Compute new object addresses
[2026-01-06T17:26:30.619+0800][1.304s][info][gc,phases      ] GC(769) Phase 2: Compute new object addresses 0.076ms
[2026-01-06T17:26:30.619+0800][1.304s][info][gc,phases,start] GC(769) Phase 3: Adjust pointers
[2026-01-06T17:26:30.620+0800][1.305s][info][gc,phases      ] GC(769) Phase 3: Adjust pointers 0.694ms
[2026-01-06T17:26:30.620+0800][1.305s][info][gc,phases,start] GC(769) Phase 4: Move objects
[2026-01-06T17:26:30.620+0800][1.305s][info][gc,phases      ] GC(769) Phase 4: Move objects 0.029ms
[2026-01-06T17:26:30.620+0800][1.305s][info][gc             ] GC(769) Pause Full (Allocation Failure) 133M->4M(247M) 1.325ms
[2026-01-06T17:26:30.620+0800][1.305s][info][gc,heap        ] GC(768) DefNew: 67960K->0K(78720K)
[2026-01-06T17:26:30.620+0800][1.305s][info][gc,heap        ] GC(768) Tenured: 135404K->4258K(174784K)
[2026-01-06T17:26:30.620+0800][1.305s][info][gc,metaspace   ] GC(768) Metaspace: 3738K(4864K)->3738K(4864K) NonClass: 3417K(4352K)->3417K(4352K) Class: 320K(512K)->320K(512K)
[2026-01-06T17:26:30.620+0800][1.305s][info][gc             ] GC(768) Pause Young (Allocation Failure) 198M->4M(247M) 1.423ms
[2026-01-06T17:26:30.620+0800][1.305s][info][gc,cpu         ] GC(768) User=0.00s Sys=0.00s Real=0.01s
[2026-01-06T17:26:30.621+0800][1.307s][info][gc,start       ] GC(770) Pause Young (Allocation Failure)
[2026-01-06T17:26:30.621+0800][1.307s][info][gc,start       ] GC(771) Pause Full (Allocation Failure)
[2026-01-06T17:26:30.621+0800][1.307s][info][gc,phases,start] GC(771) Phase 1: Mark live objects
[2026-01-06T17:26:30.622+0800][1.307s][info][gc,phases      ] GC(771) Phase 1: Mark live objects 0.480ms
[2026-01-06T17:26:30.622+0800][1.307s][info][gc,phases,start] GC(771) Phase 2: Compute new object addresses
[2026-01-06T17:26:30.622+0800][1.308s][info][gc,phases      ] GC(771) Phase 2: Compute new object addresses 0.072ms
[2026-01-06T17:26:30.622+0800][1.308s][info][gc,phases,start] GC(771) Phase 3: Adjust pointers
[2026-01-06T17:26:30.623+0800][1.308s][info][gc,phases      ] GC(771) Phase 3: Adjust pointers 0.688ms
[2026-01-06T17:26:30.623+0800][1.308s][info][gc,phases,start] GC(771) Phase 4: Move objects
[2026-01-06T17:26:30.623+0800][1.308s][info][gc,phases      ] GC(771) Phase 4: Move objects 0.028ms
[2026-01-06T17:26:30.623+0800][1.308s][info][gc             ] GC(771) Pause Full (Allocation Failure) 133M->4M(247M) 1.290ms
[2026-01-06T17:26:30.623+0800][1.308s][info][gc,heap        ] GC(770) DefNew: 67960K->0K(78720K)
[2026-01-06T17:26:30.623+0800][1.308s][info][gc,heap        ] GC(770) Tenured: 135330K->4258K(174784K)
[2026-01-06T17:26:30.623+0800][1.308s][info][gc,metaspace   ] GC(770) Metaspace: 3738K(4864K)->3738K(4864K) NonClass: 3417K(4352K)->3417K(4352K) Class: 320K(512K)->320K(512K)
[2026-01-06T17:26:30.623+0800][1.308s][info][gc             ] GC(770) Pause Young (Allocation Failure) 198M->4M(247M) 1.382ms
[2026-01-06T17:26:30.623+0800][1.308s][info][gc,cpu         ] GC(770) User=0.01s Sys=0.00s Real=0.00s
[2026-01-06T17:26:30.624+0800][1.310s][info][gc,start       ] GC(772) Pause Young (Allocation Failure)
[2026-01-06T17:26:30.625+0800][1.310s][info][gc,start       ] GC(773) Pause Full (Allocation Failure)
[2026-01-06T17:26:30.625+0800][1.310s][info][gc,phases,start] GC(773) Phase 1: Mark live objects
[2026-01-06T17:26:30.625+0800][1.311s][info][gc,phases      ] GC(773) Phase 1: Mark live objects 0.468ms
[2026-01-06T17:26:30.625+0800][1.311s][info][gc,phases,start] GC(773) Phase 2: Compute new object addresses
[2026-01-06T17:26:30.625+0800][1.311s][info][gc,phases      ] GC(773) Phase 2: Compute new object addresses 0.076ms
[2026-01-06T17:26:30.625+0800][1.311s][info][gc,phases,start] GC(773) Phase 3: Adjust pointers
[2026-01-06T17:26:30.626+0800][1.311s][info][gc,phases      ] GC(773) Phase 3: Adjust pointers 0.690ms
[2026-01-06T17:26:30.626+0800][1.311s][info][gc,phases,start] GC(773) Phase 4: Move objects
[2026-01-06T17:26:30.626+0800][1.311s][info][gc,phases      ] GC(773) Phase 4: Move objects 0.028ms
[2026-01-06T17:26:30.626+0800][1.311s][info][gc             ] GC(773) Pause Full (Allocation Failure) 133M->4M(247M) 1.285ms
[2026-01-06T17:26:30.626+0800][1.311s][info][gc,heap        ] GC(772) DefNew: 67960K->0K(78720K)
[2026-01-06T17:26:30.626+0800][1.311s][info][gc,heap        ] GC(772) Tenured: 135330K->4258K(174784K)
[2026-01-06T17:26:30.626+0800][1.311s][info][gc,metaspace   ] GC(772) Metaspace: 3738K(4864K)->3738K(4864K) NonClass: 3417K(4352K)->3417K(4352K) Class: 320K(512K)->320K(512K)
[2026-01-06T17:26:30.626+0800][1.311s][info][gc             ] GC(772) Pause Young (Allocation Failure) 198M->4M(247M) 1.376ms
[2026-01-06T17:26:30.626+0800][1.311s][info][gc,cpu         ] GC(772) User=0.00s Sys=0.00s Real=0.00s
[2026-01-06T17:26:30.628+0800][1.313s][info][gc,start       ] GC(774) Pause Young (Allocation Failure)
[2026-01-06T17:26:30.628+0800][1.313s][info][gc,start       ] GC(775) Pause Full (Allocation Failure)
[2026-01-06T17:26:30.628+0800][1.313s][info][gc,phases,start] GC(775) Phase 1: Mark live objects
[2026-01-06T17:26:30.628+0800][1.314s][info][gc,phases      ] GC(775) Phase 1: Mark live objects 0.478ms
[2026-01-06T17:26:30.628+0800][1.314s][info][gc,phases,start] GC(775) Phase 2: Compute new object addresses
[2026-01-06T17:26:30.628+0800][1.314s][info][gc,phases      ] GC(775) Phase 2: Compute new object addresses 0.075ms
[2026-01-06T17:26:30.628+0800][1.314s][info][gc,phases,start] GC(775) Phase 3: Adjust pointers
[2026-01-06T17:26:30.629+0800][1.315s][info][gc,phases      ] GC(775) Phase 3: Adjust pointers 0.702ms
[2026-01-06T17:26:30.629+0800][1.315s][info][gc,phases,start] GC(775) Phase 4: Move objects
[2026-01-06T17:26:30.629+0800][1.315s][info][gc,phases      ] GC(775) Phase 4: Move objects 0.028ms
[2026-01-06T17:26:30.629+0800][1.315s][info][gc             ] GC(775) Pause Full (Allocation Failure) 133M->4M(247M) 1.306ms
[2026-01-06T17:26:30.629+0800][1.315s][info][gc,heap        ] GC(774) DefNew: 67960K->0K(78720K)
[2026-01-06T17:26:30.629+0800][1.315s][info][gc,heap        ] GC(774) Tenured: 135330K->4258K(174784K)
[2026-01-06T17:26:30.629+0800][1.315s][info][gc,metaspace   ] GC(774) Metaspace: 3738K(4864K)->3738K(4864K) NonClass: 3417K(4352K)->3417K(4352K) Class: 320K(512K)->320K(512K)
[2026-01-06T17:26:30.629+0800][1.315s][info][gc             ] GC(774) Pause Young (Allocation Failure) 198M->4M(247M) 1.396ms
[2026-01-06T17:26:30.629+0800][1.315s][info][gc,cpu         ] GC(774) User=0.00s Sys=0.00s Real=0.00s
[2026-01-06T17:26:30.631+0800][1.316s][info][gc,start       ] GC(776) Pause Young (Allocation Failure)
[2026-01-06T17:26:30.631+0800][1.316s][info][gc,start       ] GC(777) Pause Full (Allocation Failure)
[2026-01-06T17:26:30.631+0800][1.316s][info][gc,phases,start] GC(777) Phase 1: Mark live objects
[2026-01-06T17:26:30.631+0800][1.317s][info][gc,phases      ] GC(777) Phase 1: Mark live objects 0.456ms
[2026-01-06T17:26:30.631+0800][1.317s][info][gc,phases,start] GC(777) Phase 2: Compute new object addresses
[2026-01-06T17:26:30.631+0800][1.317s][info][gc,phases      ] GC(777) Phase 2: Compute new object addresses 0.076ms
[2026-01-06T17:26:30.631+0800][1.317s][info][gc,phases,start] GC(777) Phase 3: Adjust pointers
[2026-01-06T17:26:30.632+0800][1.318s][info][gc,phases      ] GC(777) Phase 3: Adjust pointers 0.682ms
[2026-01-06T17:26:30.632+0800][1.318s][info][gc,phases,start] GC(777) Phase 4: Move objects
[2026-01-06T17:26:30.632+0800][1.318s][info][gc,phases      ] GC(777) Phase 4: Move objects 0.030ms
[2026-01-06T17:26:30.632+0800][1.318s][info][gc             ] GC(777) Pause Full (Allocation Failure) 133M->4M(247M) 1.265ms
[2026-01-06T17:26:30.632+0800][1.318s][info][gc,heap        ] GC(776) DefNew: 67960K->0K(78720K)
[2026-01-06T17:26:30.632+0800][1.318s][info][gc,heap        ] GC(776) Tenured: 135330K->4258K(174784K)
[2026-01-06T17:26:30.632+0800][1.318s][info][gc,metaspace   ] GC(776) Metaspace: 3738K(4864K)->3738K(4864K) NonClass: 3417K(4352K)->3417K(4352K) Class: 320K(512K)->320K(512K)
[2026-01-06T17:26:30.632+0800][1.318s][info][gc             ] GC(776) Pause Young (Allocation Failure) 198M->4M(247M) 1.359ms
[2026-01-06T17:26:30.632+0800][1.318s][info][gc,cpu         ] GC(776) User=0.01s Sys=0.00s Real=0.00s
[2026-01-06T17:26:30.634+0800][1.319s][info][gc,start       ] GC(778) Pause Young (Allocation Failure)
[2026-01-06T17:26:30.634+0800][1.319s][info][gc,start       ] GC(779) Pause Full (Allocation Failure)
[2026-01-06T17:26:30.634+0800][1.320s][info][gc,phases,start] GC(779) Phase 1: Mark live objects
[2026-01-06T17:26:30.634+0800][1.320s][info][gc,phases      ] GC(779) Phase 1: Mark live objects 0.455ms
[2026-01-06T17:26:30.634+0800][1.320s][info][gc,phases,start] GC(779) Phase 2: Compute new object addresses
[2026-01-06T17:26:30.634+0800][1.320s][info][gc,phases      ] GC(779) Phase 2: Compute new object addresses 0.076ms
[2026-01-06T17:26:30.634+0800][1.320s][info][gc,phases,start] GC(779) Phase 3: Adjust pointers
[2026-01-06T17:26:30.635+0800][1.321s][info][gc,phases      ] GC(779) Phase 3: Adjust pointers 0.684ms
[2026-01-06T17:26:30.635+0800][1.321s][info][gc,phases,start] GC(779) Phase 4: Move objects
[2026-01-06T17:26:30.635+0800][1.321s][info][gc,phases      ] GC(779) Phase 4: Move objects 0.028ms
[2026-01-06T17:26:30.635+0800][1.321s][info][gc             ] GC(779) Pause Full (Allocation Failure) 133M->4M(247M) 1.265ms
[2026-01-06T17:26:30.635+0800][1.321s][info][gc,heap        ] GC(778) DefNew: 67960K->0K(78720K)
[2026-01-06T17:26:30.635+0800][1.321s][info][gc,heap        ] GC(778) Tenured: 135330K->4258K(174784K)
[2026-01-06T17:26:30.635+0800][1.321s][info][gc,metaspace   ] GC(778) Metaspace: 3738K(4864K)->3738K(4864K) NonClass: 3417K(4352K)->3417K(4352K) Class: 320K(512K)->320K(512K)
[2026-01-06T17:26:30.635+0800][1.321s][info][gc             ] GC(778) Pause Young (Allocation Failure) 198M->4M(247M) 1.357ms
[2026-01-06T17:26:30.635+0800][1.321s][info][gc,cpu         ] GC(778) User=0.00s Sys=0.00s Real=0.00s
[2026-01-06T17:26:30.637+0800][1.323s][info][gc,start       ] GC(780) Pause Young (Allocation Failure)
[2026-01-06T17:26:30.637+0800][1.323s][info][gc,start       ] GC(781) Pause Full (Allocation Failure)
[2026-01-06T17:26:30.637+0800][1.323s][info][gc,phases,start] GC(781) Phase 1: Mark live objects
[2026-01-06T17:26:30.637+0800][1.323s][info][gc,phases      ] GC(781) Phase 1: Mark live objects 0.457ms
[2026-01-06T17:26:30.637+0800][1.323s][info][gc,phases,start] GC(781) Phase 2: Compute new object addresses
[2026-01-06T17:26:30.638+0800][1.323s][info][gc,phases      ] GC(781) Phase 2: Compute new object addresses 0.076ms
[2026-01-06T17:26:30.638+0800][1.323s][info][gc,phases,start] GC(781) Phase 3: Adjust pointers
[2026-01-06T17:26:30.638+0800][1.324s][info][gc,phases      ] GC(781) Phase 3: Adjust pointers 0.681ms
[2026-01-06T17:26:30.638+0800][1.324s][info][gc,phases,start] GC(781) Phase 4: Move objects
[2026-01-06T17:26:30.638+0800][1.324s][info][gc,phases      ] GC(781) Phase 4: Move objects 0.028ms
[2026-01-06T17:26:30.638+0800][1.324s][info][gc             ] GC(781) Pause Full (Allocation Failure) 133M->4M(247M) 1.264ms
[2026-01-06T17:26:30.638+0800][1.324s][info][gc,heap        ] GC(780) DefNew: 67960K->0K(78720K)
[2026-01-06T17:26:30.638+0800][1.324s][info][gc,heap        ] GC(780) Tenured: 135330K->4258K(174784K)
[2026-01-06T17:26:30.638+0800][1.324s][info][gc,metaspace   ] GC(780) Metaspace: 3738K(4864K)->3738K(4864K) NonClass: 3417K(4352K)->3417K(4352K) Class: 320K(512K)->320K(512K)
[2026-01-06T17:26:30.638+0800][1.324s][info][gc             ] GC(780) Pause Young (Allocation Failure) 198M->4M(247M) 1.353ms
[2026-01-06T17:26:30.638+0800][1.324s][info][gc,cpu         ] GC(780) User=0.00s Sys=0.00s Real=0.00s
[2026-01-06T17:26:30.640+0800][1.326s][info][gc,start       ] GC(782) Pause Young (Allocation Failure)
[2026-01-06T17:26:30.640+0800][1.326s][info][gc,start       ] GC(783) Pause Full (Allocation Failure)
[2026-01-06T17:26:30.640+0800][1.326s][info][gc,phases,start] GC(783) Phase 1: Mark live objects
[2026-01-06T17:26:30.641+0800][1.326s][info][gc,phases      ] GC(783) Phase 1: Mark live objects 0.470ms
[2026-01-06T17:26:30.641+0800][1.326s][info][gc,phases,start] GC(783) Phase 2: Compute new object addresses
[2026-01-06T17:26:30.641+0800][1.326s][info][gc,phases      ] GC(783) Phase 2: Compute new object addresses 0.074ms
[2026-01-06T17:26:30.641+0800][1.326s][info][gc,phases,start] GC(783) Phase 3: Adjust pointers
[2026-01-06T17:26:30.641+0800][1.327s][info][gc,phases      ] GC(783) Phase 3: Adjust pointers 0.681ms
[2026-01-06T17:26:30.641+0800][1.327s][info][gc,phases,start] GC(783) Phase 4: Move objects
[2026-01-06T17:26:30.641+0800][1.327s][info][gc,phases      ] GC(783) Phase 4: Move objects 0.028ms
[2026-01-06T17:26:30.641+0800][1.327s][info][gc             ] GC(783) Pause Full (Allocation Failure) 133M->4M(247M) 1.275ms
[2026-01-06T17:26:30.641+0800][1.327s][info][gc,heap        ] GC(782) DefNew: 67960K->0K(78720K)
[2026-01-06T17:26:30.641+0800][1.327s][info][gc,heap        ] GC(782) Tenured: 135330K->4258K(174784K)
[2026-01-06T17:26:30.641+0800][1.327s][info][gc,metaspace   ] GC(782) Metaspace: 3738K(4864K)->3738K(4864K) NonClass: 3417K(4352K)->3417K(4352K) Class: 320K(512K)->320K(512K)
[2026-01-06T17:26:30.641+0800][1.327s][info][gc             ] GC(782) Pause Young (Allocation Failure) 198M->4M(247M) 1.368ms
[2026-01-06T17:26:30.641+0800][1.327s][info][gc,cpu         ] GC(782) User=0.00s Sys=0.00s Real=0.00s
[2026-01-06T17:26:30.643+0800][1.329s][info][gc,start       ] GC(784) Pause Young (Allocation Failure)
[2026-01-06T17:26:30.643+0800][1.329s][info][gc,start       ] GC(785) Pause Full (Allocation Failure)
[2026-01-06T17:26:30.643+0800][1.329s][info][gc,phases,start] GC(785) Phase 1: Mark live objects
[2026-01-06T17:26:30.644+0800][1.329s][info][gc,phases      ] GC(785) Phase 1: Mark live objects 0.453ms
[2026-01-06T17:26:30.644+0800][1.329s][info][gc,phases,start] GC(785) Phase 2: Compute new object addresses
[2026-01-06T17:26:30.644+0800][1.329s][info][gc,phases      ] GC(785) Phase 2: Compute new object addresses 0.072ms
[2026-01-06T17:26:30.644+0800][1.329s][info][gc,phases,start] GC(785) Phase 3: Adjust pointers
[2026-01-06T17:26:30.644+0800][1.330s][info][gc,phases      ] GC(785) Phase 3: Adjust pointers 0.682ms
[2026-01-06T17:26:30.644+0800][1.330s][info][gc,phases,start] GC(785) Phase 4: Move objects
[2026-01-06T17:26:30.644+0800][1.330s][info][gc,phases      ] GC(785) Phase 4: Move objects 0.029ms
[2026-01-06T17:26:30.644+0800][1.330s][info][gc             ] GC(785) Pause Full (Allocation Failure) 133M->4M(247M) 1.263ms
[2026-01-06T17:26:30.644+0800][1.330s][info][gc,heap        ] GC(784) DefNew: 67960K->0K(78720K)
[2026-01-06T17:26:30.644+0800][1.330s][info][gc,heap        ] GC(784) Tenured: 135330K->4258K(174784K)
[2026-01-06T17:26:30.644+0800][1.330s][info][gc,metaspace   ] GC(784) Metaspace: 3738K(4864K)->3738K(4864K) NonClass: 3417K(4352K)->3417K(4352K) Class: 320K(512K)->320K(512K)
[2026-01-06T17:26:30.645+0800][1.330s][info][gc             ] GC(784) Pause Young (Allocation Failure) 198M->4M(247M) 1.353ms
[2026-01-06T17:26:30.645+0800][1.330s][info][gc,cpu         ] GC(784) User=0.00s Sys=0.00s Real=0.00s
[2026-01-06T17:26:30.646+0800][1.332s][info][gc,start       ] GC(786) Pause Young (Allocation Failure)
[2026-01-06T17:26:30.646+0800][1.332s][info][gc,start       ] GC(787) Pause Full (Allocation Failure)
[2026-01-06T17:26:30.646+0800][1.332s][info][gc,phases,start] GC(787) Phase 1: Mark live objects
[2026-01-06T17:26:30.647+0800][1.332s][info][gc,phases      ] GC(787) Phase 1: Mark live objects 0.453ms
[2026-01-06T17:26:30.647+0800][1.332s][info][gc,phases,start] GC(787) Phase 2: Compute new object addresses
[2026-01-06T17:26:30.647+0800][1.332s][info][gc,phases      ] GC(787) Phase 2: Compute new object addresses 0.075ms
[2026-01-06T17:26:30.647+0800][1.332s][info][gc,phases,start] GC(787) Phase 3: Adjust pointers
[2026-01-06T17:26:30.648+0800][1.333s][info][gc,phases      ] GC(787) Phase 3: Adjust pointers 0.682ms
[2026-01-06T17:26:30.648+0800][1.333s][info][gc,phases,start] GC(787) Phase 4: Move objects
[2026-01-06T17:26:30.648+0800][1.333s][info][gc,phases      ] GC(787) Phase 4: Move objects 0.028ms
[2026-01-06T17:26:30.648+0800][1.333s][info][gc             ] GC(787) Pause Full (Allocation Failure) 133M->4M(247M) 1.260ms
[2026-01-06T17:26:30.648+0800][1.333s][info][gc,heap        ] GC(786) DefNew: 67960K->0K(78720K)
[2026-01-06T17:26:30.648+0800][1.333s][info][gc,heap        ] GC(786) Tenured: 135330K->4258K(174784K)
[2026-01-06T17:26:30.648+0800][1.333s][info][gc,metaspace   ] GC(786) Metaspace: 3738K(4864K)->3738K(4864K) NonClass: 3417K(4352K)->3417K(4352K) Class: 320K(512K)->320K(512K)
[2026-01-06T17:26:30.648+0800][1.333s][info][gc             ] GC(786) Pause Young (Allocation Failure) 198M->4M(247M) 1.350ms
[2026-01-06T17:26:30.648+0800][1.333s][info][gc,cpu         ] GC(786) User=0.00s Sys=0.00s Real=0.00s
[2026-01-06T17:26:30.649+0800][1.335s][info][gc,start       ] GC(788) Pause Young (Allocation Failure)
[2026-01-06T17:26:30.649+0800][1.335s][info][gc,start       ] GC(789) Pause Full (Allocation Failure)
[2026-01-06T17:26:30.649+0800][1.335s][info][gc,phases,start] GC(789) Phase 1: Mark live objects
[2026-01-06T17:26:30.650+0800][1.335s][info][gc,phases      ] GC(789) Phase 1: Mark live objects 0.452ms
[2026-01-06T17:26:30.650+0800][1.335s][info][gc,phases,start] GC(789) Phase 2: Compute new object addresses
[2026-01-06T17:26:30.650+0800][1.336s][info][gc,phases      ] GC(789) Phase 2: Compute new object addresses 0.078ms
[2026-01-06T17:26:30.650+0800][1.336s][info][gc,phases,start] GC(789) Phase 3: Adjust pointers
[2026-01-06T17:26:30.651+0800][1.336s][info][gc,phases      ] GC(789) Phase 3: Adjust pointers 0.682ms
[2026-01-06T17:26:30.651+0800][1.336s][info][gc,phases,start] GC(789) Phase 4: Move objects
[2026-01-06T17:26:30.651+0800][1.336s][info][gc,phases      ] GC(789) Phase 4: Move objects 0.028ms
[2026-01-06T17:26:30.651+0800][1.336s][info][gc             ] GC(789) Pause Full (Allocation Failure) 133M->4M(247M) 1.263ms
[2026-01-06T17:26:30.651+0800][1.336s][info][gc,heap        ] GC(788) DefNew: 67960K->0K(78720K)
[2026-01-06T17:26:30.651+0800][1.336s][info][gc,heap        ] GC(788) Tenured: 135330K->4258K(174784K)
[2026-01-06T17:26:30.651+0800][1.336s][info][gc,metaspace   ] GC(788) Metaspace: 3738K(4864K)->3738K(4864K) NonClass: 3417K(4352K)->3417K(4352K) Class: 320K(512K)->320K(512K)
[2026-01-06T17:26:30.651+0800][1.336s][info][gc             ] GC(788) Pause Young (Allocation Failure) 198M->4M(247M) 1.354ms
[2026-01-06T17:26:30.651+0800][1.336s][info][gc,cpu         ] GC(788) User=0.00s Sys=0.00s Real=0.01s
[2026-01-06T17:26:30.652+0800][1.338s][info][gc,start       ] GC(790) Pause Young (Allocation Failure)
[2026-01-06T17:26:30.653+0800][1.338s][info][gc,start       ] GC(791) Pause Full (Allocation Failure)
[2026-01-06T17:26:30.653+0800][1.338s][info][gc,phases,start] GC(791) Phase 1: Mark live objects
[2026-01-06T17:26:30.653+0800][1.339s][info][gc,phases      ] GC(791) Phase 1: Mark live objects 0.472ms
[2026-01-06T17:26:30.653+0800][1.339s][info][gc,phases,start] GC(791) Phase 2: Compute new object addresses
[2026-01-06T17:26:30.653+0800][1.339s][info][gc,phases      ] GC(791) Phase 2: Compute new object addresses 0.078ms
[2026-01-06T17:26:30.653+0800][1.339s][info][gc,phases,start] GC(791) Phase 3: Adjust pointers
[2026-01-06T17:26:30.654+0800][1.339s][info][gc,phases      ] GC(791) Phase 3: Adjust pointers 0.685ms
[2026-01-06T17:26:30.654+0800][1.339s][info][gc,phases,start] GC(791) Phase 4: Move objects
[2026-01-06T17:26:30.654+0800][1.339s][info][gc,phases      ] GC(791) Phase 4: Move objects 0.028ms
[2026-01-06T17:26:30.654+0800][1.339s][info][gc             ] GC(791) Pause Full (Allocation Failure) 133M->4M(247M) 1.288ms
[2026-01-06T17:26:30.654+0800][1.339s][info][gc,heap        ] GC(790) DefNew: 67960K->0K(78720K)
[2026-01-06T17:26:30.654+0800][1.339s][info][gc,heap        ] GC(790) Tenured: 135330K->4258K(174784K)
[2026-01-06T17:26:30.654+0800][1.339s][info][gc,metaspace   ] GC(790) Metaspace: 3738K(4864K)->3738K(4864K) NonClass: 3417K(4352K)->3417K(4352K) Class: 320K(512K)->320K(512K)
[2026-01-06T17:26:30.654+0800][1.339s][info][gc             ] GC(790) Pause Young (Allocation Failure) 198M->4M(247M) 1.377ms
[2026-01-06T17:26:30.654+0800][1.339s][info][gc,cpu         ] GC(790) User=0.00s Sys=0.00s Real=0.00s
[2026-01-06T17:26:30.656+0800][1.341s][info][gc,start       ] GC(792) Pause Young (Allocation Failure)
[2026-01-06T17:26:30.656+0800][1.341s][info][gc,start       ] GC(793) Pause Full (Allocation Failure)
[2026-01-06T17:26:30.656+0800][1.341s][info][gc,phases,start] GC(793) Phase 1: Mark live objects
[2026-01-06T17:26:30.656+0800][1.342s][info][gc,phases      ] GC(793) Phase 1: Mark live objects 0.453ms
[2026-01-06T17:26:30.656+0800][1.342s][info][gc,phases,start] GC(793) Phase 2: Compute new object addresses
[2026-01-06T17:26:30.656+0800][1.342s][info][gc,phases      ] GC(793) Phase 2: Compute new object addresses 0.073ms
[2026-01-06T17:26:30.656+0800][1.342s][info][gc,phases,start] GC(793) Phase 3: Adjust pointers
[2026-01-06T17:26:30.657+0800][1.342s][info][gc,phases      ] GC(793) Phase 3: Adjust pointers 0.683ms
[2026-01-06T17:26:30.657+0800][1.342s][info][gc,phases,start] GC(793) Phase 4: Move objects
[2026-01-06T17:26:30.657+0800][1.342s][info][gc,phases      ] GC(793) Phase 4: Move objects 0.029ms
[2026-01-06T17:26:30.657+0800][1.343s][info][gc             ] GC(793) Pause Full (Allocation Failure) 133M->4M(247M) 1.259ms
[2026-01-06T17:26:30.657+0800][1.343s][info][gc,heap        ] GC(792) DefNew: 67960K->0K(78720K)
[2026-01-06T17:26:30.657+0800][1.343s][info][gc,heap        ] GC(792) Tenured: 135330K->4258K(174784K)
[2026-01-06T17:26:30.657+0800][1.343s][info][gc,metaspace   ] GC(792) Metaspace: 3738K(4864K)->3738K(4864K) NonClass: 3417K(4352K)->3417K(4352K) Class: 320K(512K)->320K(512K)
[2026-01-06T17:26:30.657+0800][1.343s][info][gc             ] GC(792) Pause Young (Allocation Failure) 198M->4M(247M) 1.352ms
[2026-01-06T17:26:30.657+0800][1.343s][info][gc,cpu         ] GC(792) User=0.00s Sys=0.00s Real=0.00s
[2026-01-06T17:26:30.659+0800][1.344s][info][gc,start       ] GC(794) Pause Young (Allocation Failure)
[2026-01-06T17:26:30.659+0800][1.344s][info][gc,start       ] GC(795) Pause Full (Allocation Failure)
[2026-01-06T17:26:30.659+0800][1.344s][info][gc,phases,start] GC(795) Phase 1: Mark live objects
[2026-01-06T17:26:30.659+0800][1.345s][info][gc,phases      ] GC(795) Phase 1: Mark live objects 0.454ms
[2026-01-06T17:26:30.659+0800][1.345s][info][gc,phases,start] GC(795) Phase 2: Compute new object addresses
[2026-01-06T17:26:30.659+0800][1.345s][info][gc,phases      ] GC(795) Phase 2: Compute new object addresses 0.073ms
[2026-01-06T17:26:30.659+0800][1.345s][info][gc,phases,start] GC(795) Phase 3: Adjust pointers
[2026-01-06T17:26:30.660+0800][1.346s][info][gc,phases      ] GC(795) Phase 3: Adjust pointers 0.679ms
[2026-01-06T17:26:30.660+0800][1.346s][info][gc,phases,start] GC(795) Phase 4: Move objects
[2026-01-06T17:26:30.660+0800][1.346s][info][gc,phases      ] GC(795) Phase 4: Move objects 0.028ms
[2026-01-06T17:26:30.660+0800][1.346s][info][gc             ] GC(795) Pause Full (Allocation Failure) 133M->5M(247M) 1.256ms
[2026-01-06T17:26:30.660+0800][1.346s][info][gc,heap        ] GC(794) DefNew: 67960K->0K(78720K)
[2026-01-06T17:26:30.660+0800][1.346s][info][gc,heap        ] GC(794) Tenured: 135330K->5794K(174784K)
[2026-01-06T17:26:30.660+0800][1.346s][info][gc,metaspace   ] GC(794) Metaspace: 3738K(4864K)->3738K(4864K) NonClass: 3417K(4352K)->3417K(4352K) Class: 320K(512K)->320K(512K)
[2026-01-06T17:26:30.660+0800][1.346s][info][gc             ] GC(794) Pause Young (Allocation Failure) 198M->5M(247M) 1.333ms
[2026-01-06T17:26:30.660+0800][1.346s][info][gc,cpu         ] GC(794) User=0.00s Sys=0.00s Real=0.01s
[2026-01-06T17:26:30.662+0800][1.347s][info][gc,start       ] GC(796) Pause Young (Allocation Failure)
[2026-01-06T17:26:30.662+0800][1.347s][info][gc,start       ] GC(797) Pause Full (Allocation Failure)
[2026-01-06T17:26:30.662+0800][1.347s][info][gc,phases,start] GC(797) Phase 1: Mark live objects
[2026-01-06T17:26:30.662+0800][1.348s][info][gc,phases      ] GC(797) Phase 1: Mark live objects 0.459ms
[2026-01-06T17:26:30.662+0800][1.348s][info][gc,phases,start] GC(797) Phase 2: Compute new object addresses
[2026-01-06T17:26:30.662+0800][1.348s][info][gc,phases      ] GC(797) Phase 2: Compute new object addresses 0.070ms
[2026-01-06T17:26:30.662+0800][1.348s][info][gc,phases,start] GC(797) Phase 3: Adjust pointers
[2026-01-06T17:26:30.663+0800][1.349s][info][gc,phases      ] GC(797) Phase 3: Adjust pointers 0.683ms
[2026-01-06T17:26:30.663+0800][1.349s][info][gc,phases,start] GC(797) Phase 4: Move objects
[2026-01-06T17:26:30.663+0800][1.349s][info][gc,phases      ] GC(797) Phase 4: Move objects 0.027ms
[2026-01-06T17:26:30.663+0800][1.349s][info][gc             ] GC(797) Pause Full (Allocation Failure) 135M->5M(247M) 1.261ms
[2026-01-06T17:26:30.663+0800][1.349s][info][gc,heap        ] GC(796) DefNew: 67960K->0K(78720K)
[2026-01-06T17:26:30.663+0800][1.349s][info][gc,heap        ] GC(796) Tenured: 136866K->5794K(174784K)
[2026-01-06T17:26:30.663+0800][1.349s][info][gc,metaspace   ] GC(796) Metaspace: 3738K(4864K)->3738K(4864K) NonClass: 3417K(4352K)->3417K(4352K) Class: 320K(512K)->320K(512K)
[2026-01-06T17:26:30.663+0800][1.349s][info][gc             ] GC(796) Pause Young (Allocation Failure) 200M->5M(247M) 1.342ms
[2026-01-06T17:26:30.663+0800][1.349s][info][gc,cpu         ] GC(796) User=0.00s Sys=0.00s Real=0.00s
[2026-01-06T17:26:30.665+0800][1.350s][info][gc,start       ] GC(798) Pause Young (Allocation Failure)
[2026-01-06T17:26:30.665+0800][1.350s][info][gc,start       ] GC(799) Pause Full (Allocation Failure)
[2026-01-06T17:26:30.665+0800][1.351s][info][gc,phases,start] GC(799) Phase 1: Mark live objects
[2026-01-06T17:26:30.665+0800][1.351s][info][gc,phases      ] GC(799) Phase 1: Mark live objects 0.470ms
[2026-01-06T17:26:30.665+0800][1.351s][info][gc,phases,start] GC(799) Phase 2: Compute new object addresses
[2026-01-06T17:26:30.665+0800][1.351s][info][gc,phases      ] GC(799) Phase 2: Compute new object addresses 0.074ms
[2026-01-06T17:26:30.665+0800][1.351s][info][gc,phases,start] GC(799) Phase 3: Adjust pointers
[2026-01-06T17:26:30.666+0800][1.352s][info][gc,phases      ] GC(799) Phase 3: Adjust pointers 0.680ms
[2026-01-06T17:26:30.666+0800][1.352s][info][gc,phases,start] GC(799) Phase 4: Move objects
[2026-01-06T17:26:30.666+0800][1.352s][info][gc,phases      ] GC(799) Phase 4: Move objects 0.027ms
[2026-01-06T17:26:30.666+0800][1.352s][info][gc             ] GC(799) Pause Full (Allocation Failure) 135M->5M(247M) 1.274ms
[2026-01-06T17:26:30.666+0800][1.352s][info][gc,heap        ] GC(798) DefNew: 67960K->0K(78720K)
[2026-01-06T17:26:30.666+0800][1.352s][info][gc,heap        ] GC(798) Tenured: 136866K->5795K(174784K)
[2026-01-06T17:26:30.666+0800][1.352s][info][gc,metaspace   ] GC(798) Metaspace: 3738K(4864K)->3738K(4864K) NonClass: 3417K(4352K)->3417K(4352K) Class: 320K(512K)->320K(512K)
[2026-01-06T17:26:30.666+0800][1.352s][info][gc             ] GC(798) Pause Young (Allocation Failure) 200M->5M(247M) 1.351ms
[2026-01-06T17:26:30.666+0800][1.352s][info][gc,cpu         ] GC(798) User=0.00s Sys=0.00s Real=0.00s
[2026-01-06T17:26:30.668+0800][1.354s][info][gc,start       ] GC(800) Pause Young (Allocation Failure)
[2026-01-06T17:26:30.668+0800][1.354s][info][gc,start       ] GC(801) Pause Full (Allocation Failure)
[2026-01-06T17:26:30.668+0800][1.354s][info][gc,phases,start] GC(801) Phase 1: Mark live objects
[2026-01-06T17:26:30.668+0800][1.354s][info][gc,phases      ] GC(801) Phase 1: Mark live objects 0.455ms
[2026-01-06T17:26:30.668+0800][1.354s][info][gc,phases,start] GC(801) Phase 2: Compute new object addresses
[2026-01-06T17:26:30.669+0800][1.354s][info][gc,phases      ] GC(801) Phase 2: Compute new object addresses 0.073ms
[2026-01-06T17:26:30.669+0800][1.354s][info][gc,phases,start] GC(801) Phase 3: Adjust pointers
[2026-01-06T17:26:30.669+0800][1.355s][info][gc,phases      ] GC(801) Phase 3: Adjust pointers 0.682ms
[2026-01-06T17:26:30.669+0800][1.355s][info][gc,phases,start] GC(801) Phase 4: Move objects
[2026-01-06T17:26:30.669+0800][1.355s][info][gc,phases      ] GC(801) Phase 4: Move objects 0.031ms
[2026-01-06T17:26:30.669+0800][1.355s][info][gc             ] GC(801) Pause Full (Allocation Failure) 135M->4M(247M) 1.262ms
[2026-01-06T17:26:30.669+0800][1.355s][info][gc,heap        ] GC(800) DefNew: 67960K->0K(78720K)
[2026-01-06T17:26:30.669+0800][1.355s][info][gc,heap        ] GC(800) Tenured: 136867K->4258K(174784K)
[2026-01-06T17:26:30.669+0800][1.355s][info][gc,metaspace   ] GC(800) Metaspace: 3738K(4864K)->3738K(4864K) NonClass: 3417K(4352K)->3417K(4352K) Class: 320K(512K)->320K(512K)
[2026-01-06T17:26:30.669+0800][1.355s][info][gc             ] GC(800) Pause Young (Allocation Failure) 200M->4M(247M) 1.340ms
[2026-01-06T17:26:30.669+0800][1.355s][info][gc,cpu         ] GC(800) User=0.00s Sys=0.00s Real=0.00s
[2026-01-06T17:26:30.671+0800][1.357s][info][gc,start       ] GC(802) Pause Young (Allocation Failure)
[2026-01-06T17:26:30.671+0800][1.357s][info][gc,start       ] GC(803) Pause Full (Allocation Failure)
[2026-01-06T17:26:30.671+0800][1.357s][info][gc,phases,start] GC(803) Phase 1: Mark live objects
[2026-01-06T17:26:30.672+0800][1.357s][info][gc,phases      ] GC(803) Phase 1: Mark live objects 0.453ms
[2026-01-06T17:26:30.672+0800][1.357s][info][gc,phases,start] GC(803) Phase 2: Compute new object addresses
[2026-01-06T17:26:30.672+0800][1.357s][info][gc,phases      ] GC(803) Phase 2: Compute new object addresses 0.073ms
[2026-01-06T17:26:30.672+0800][1.357s][info][gc,phases,start] GC(803) Phase 3: Adjust pointers
[2026-01-06T17:26:30.672+0800][1.358s][info][gc,phases      ] GC(803) Phase 3: Adjust pointers 0.680ms
[2026-01-06T17:26:30.672+0800][1.358s][info][gc,phases,start] GC(803) Phase 4: Move objects
[2026-01-06T17:26:30.672+0800][1.358s][info][gc,phases      ] GC(803) Phase 4: Move objects 0.028ms
[2026-01-06T17:26:30.672+0800][1.358s][info][gc             ] GC(803) Pause Full (Allocation Failure) 133M->4M(247M) 1.257ms
[2026-01-06T17:26:30.672+0800][1.358s][info][gc,heap        ] GC(802) DefNew: 67960K->0K(78720K)
[2026-01-06T17:26:30.672+0800][1.358s][info][gc,heap        ] GC(802) Tenured: 135330K->4332K(174784K)
[2026-01-06T17:26:30.672+0800][1.358s][info][gc,metaspace   ] GC(802) Metaspace: 3738K(4864K)->3738K(4864K) NonClass: 3417K(4352K)->3417K(4352K) Class: 320K(512K)->320K(512K)
[2026-01-06T17:26:30.672+0800][1.358s][info][gc             ] GC(802) Pause Young (Allocation Failure) 198M->4M(247M) 1.347ms
[2026-01-06T17:26:30.672+0800][1.358s][info][gc,cpu         ] GC(802) User=0.01s Sys=0.00s Real=0.00s
[2026-01-06T17:26:30.674+0800][1.360s][info][gc,start       ] GC(804) Pause Young (Allocation Failure)
[2026-01-06T17:26:30.674+0800][1.360s][info][gc,start       ] GC(805) Pause Full (Allocation Failure)
[2026-01-06T17:26:30.674+0800][1.360s][info][gc,phases,start] GC(805) Phase 1: Mark live objects
[2026-01-06T17:26:30.675+0800][1.360s][info][gc,phases      ] GC(805) Phase 1: Mark live objects 0.455ms
[2026-01-06T17:26:30.675+0800][1.360s][info][gc,phases,start] GC(805) Phase 2: Compute new object addresses
[2026-01-06T17:26:30.675+0800][1.360s][info][gc,phases      ] GC(805) Phase 2: Compute new object addresses 0.073ms
[2026-01-06T17:26:30.675+0800][1.360s][info][gc,phases,start] GC(805) Phase 3: Adjust pointers
[2026-01-06T17:26:30.675+0800][1.361s][info][gc,phases      ] GC(805) Phase 3: Adjust pointers 0.683ms
[2026-01-06T17:26:30.675+0800][1.361s][info][gc,phases,start] GC(805) Phase 4: Move objects
[2026-01-06T17:26:30.675+0800][1.361s][info][gc,phases      ] GC(805) Phase 4: Move objects 0.028ms
[2026-01-06T17:26:30.675+0800][1.361s][info][gc             ] GC(805) Pause Full (Allocation Failure) 133M->4M(247M) 1.261ms
[2026-01-06T17:26:30.675+0800][1.361s][info][gc,heap        ] GC(804) DefNew: 67960K->0K(78720K)
[2026-01-06T17:26:30.675+0800][1.361s][info][gc,heap        ] GC(804) Tenured: 135404K->4332K(174784K)
[2026-01-06T17:26:30.675+0800][1.361s][info][gc,metaspace   ] GC(804) Metaspace: 3738K(4864K)->3738K(4864K) NonClass: 3417K(4352K)->3417K(4352K) Class: 320K(512K)->320K(512K)
[2026-01-06T17:26:30.675+0800][1.361s][info][gc             ] GC(804) Pause Young (Allocation Failure) 198M->4M(247M) 1.351ms
[2026-01-06T17:26:30.675+0800][1.361s][info][gc,cpu         ] GC(804) User=0.00s Sys=0.00s Real=0.00s
[2026-01-06T17:26:30.677+0800][1.363s][info][gc,start       ] GC(806) Pause Young (Allocation Failure)
[2026-01-06T17:26:30.677+0800][1.363s][info][gc,start       ] GC(807) Pause Full (Allocation Failure)
[2026-01-06T17:26:30.677+0800][1.363s][info][gc,phases,start] GC(807) Phase 1: Mark live objects
[2026-01-06T17:26:30.678+0800][1.363s][info][gc,phases      ] GC(807) Phase 1: Mark live objects 0.455ms
[2026-01-06T17:26:30.678+0800][1.363s][info][gc,phases,start] GC(807) Phase 2: Compute new object addresses
[2026-01-06T17:26:30.678+0800][1.363s][info][gc,phases      ] GC(807) Phase 2: Compute new object addresses 0.077ms
[2026-01-06T17:26:30.678+0800][1.363s][info][gc,phases,start] GC(807) Phase 3: Adjust pointers
[2026-01-06T17:26:30.679+0800][1.364s][info][gc,phases      ] GC(807) Phase 3: Adjust pointers 0.699ms
[2026-01-06T17:26:30.679+0800][1.364s][info][gc,phases,start] GC(807) Phase 4: Move objects
[2026-01-06T17:26:30.679+0800][1.364s][info][gc,phases      ] GC(807) Phase 4: Move objects 0.028ms
[2026-01-06T17:26:30.679+0800][1.364s][info][gc             ] GC(807) Pause Full (Allocation Failure) 133M->4M(247M) 1.282ms
[2026-01-06T17:26:30.679+0800][1.364s][info][gc,heap        ] GC(806) DefNew: 67960K->0K(78720K)
[2026-01-06T17:26:30.679+0800][1.364s][info][gc,heap        ] GC(806) Tenured: 135404K->4332K(174784K)
[2026-01-06T17:26:30.679+0800][1.364s][info][gc,metaspace   ] GC(806) Metaspace: 3738K(4864K)->3738K(4864K) NonClass: 3417K(4352K)->3417K(4352K) Class: 320K(512K)->320K(512K)
[2026-01-06T17:26:30.679+0800][1.364s][info][gc             ] GC(806) Pause Young (Allocation Failure) 198M->4M(247M) 1.371ms
[2026-01-06T17:26:30.679+0800][1.364s][info][gc,cpu         ] GC(806) User=0.00s Sys=0.00s Real=0.00s
[2026-01-06T17:26:30.680+0800][1.366s][info][gc,start       ] GC(808) Pause Young (Allocation Failure)
[2026-01-06T17:26:30.680+0800][1.366s][info][gc,start       ] GC(809) Pause Full (Allocation Failure)
[2026-01-06T17:26:30.680+0800][1.366s][info][gc,phases,start] GC(809) Phase 1: Mark live objects
[2026-01-06T17:26:30.681+0800][1.366s][info][gc,phases      ] GC(809) Phase 1: Mark live objects 0.451ms
[2026-01-06T17:26:30.681+0800][1.366s][info][gc,phases,start] GC(809) Phase 2: Compute new object addresses
[2026-01-06T17:26:30.681+0800][1.367s][info][gc,phases      ] GC(809) Phase 2: Compute new object addresses 0.072ms
[2026-01-06T17:26:30.681+0800][1.367s][info][gc,phases,start] GC(809) Phase 3: Adjust pointers
[2026-01-06T17:26:30.682+0800][1.367s][info][gc,phases      ] GC(809) Phase 3: Adjust pointers 0.686ms
[2026-01-06T17:26:30.682+0800][1.367s][info][gc,phases,start] GC(809) Phase 4: Move objects
[2026-01-06T17:26:30.682+0800][1.367s][info][gc,phases      ] GC(809) Phase 4: Move objects 0.029ms
[2026-01-06T17:26:30.682+0800][1.367s][info][gc             ] GC(809) Pause Full (Allocation Failure) 133M->4M(247M) 1.260ms
[2026-01-06T17:26:30.682+0800][1.367s][info][gc,heap        ] GC(808) DefNew: 67960K->0K(78720K)
[2026-01-06T17:26:30.682+0800][1.367s][info][gc,heap        ] GC(808) Tenured: 135404K->4258K(174784K)
[2026-01-06T17:26:30.682+0800][1.367s][info][gc,metaspace   ] GC(808) Metaspace: 3738K(4864K)->3738K(4864K) NonClass: 3417K(4352K)->3417K(4352K) Class: 320K(512K)->320K(512K)
[2026-01-06T17:26:30.682+0800][1.367s][info][gc             ] GC(808) Pause Young (Allocation Failure) 198M->4M(247M) 1.353ms
[2026-01-06T17:26:30.682+0800][1.367s][info][gc,cpu         ] GC(808) User=0.00s Sys=0.00s Real=0.00s
[2026-01-06T17:26:30.683+0800][1.369s][info][gc,start       ] GC(810) Pause Young (Allocation Failure)
[2026-01-06T17:26:30.684+0800][1.369s][info][gc,start       ] GC(811) Pause Full (Allocation Failure)
[2026-01-06T17:26:30.684+0800][1.369s][info][gc,phases,start] GC(811) Phase 1: Mark live objects
[2026-01-06T17:26:30.684+0800][1.370s][info][gc,phases      ] GC(811) Phase 1: Mark live objects 0.455ms
[2026-01-06T17:26:30.684+0800][1.370s][info][gc,phases,start] GC(811) Phase 2: Compute new object addresses
[2026-01-06T17:26:30.684+0800][1.370s][info][gc,phases      ] GC(811) Phase 2: Compute new object addresses 0.073ms
[2026-01-06T17:26:30.684+0800][1.370s][info][gc,phases,start] GC(811) Phase 3: Adjust pointers
[2026-01-06T17:26:30.685+0800][1.370s][info][gc,phases      ] GC(811) Phase 3: Adjust pointers 0.682ms
[2026-01-06T17:26:30.685+0800][1.370s][info][gc,phases,start] GC(811) Phase 4: Move objects
[2026-01-06T17:26:30.685+0800][1.370s][info][gc,phases      ] GC(811) Phase 4: Move objects 0.028ms
[2026-01-06T17:26:30.685+0800][1.370s][info][gc             ] GC(811) Pause Full (Allocation Failure) 133M->4M(247M) 1.260ms
[2026-01-06T17:26:30.685+0800][1.370s][info][gc,heap        ] GC(810) DefNew: 67960K->0K(78720K)
[2026-01-06T17:26:30.685+0800][1.370s][info][gc,heap        ] GC(810) Tenured: 135330K->4258K(174784K)
[2026-01-06T17:26:30.685+0800][1.370s][info][gc,metaspace   ] GC(810) Metaspace: 3738K(4864K)->3738K(4864K) NonClass: 3417K(4352K)->3417K(4352K) Class: 320K(512K)->320K(512K)
[2026-01-06T17:26:30.685+0800][1.370s][info][gc             ] GC(810) Pause Young (Allocation Failure) 198M->4M(247M) 1.352ms
[2026-01-06T17:26:30.685+0800][1.370s][info][gc,cpu         ] GC(810) User=0.00s Sys=0.00s Real=0.00s
[2026-01-06T17:26:30.687+0800][1.372s][info][gc,start       ] GC(812) Pause Young (Allocation Failure)
[2026-01-06T17:26:30.687+0800][1.372s][info][gc,start       ] GC(813) Pause Full (Allocation Failure)
[2026-01-06T17:26:30.687+0800][1.372s][info][gc,phases,start] GC(813) Phase 1: Mark live objects
[2026-01-06T17:26:30.687+0800][1.373s][info][gc,phases      ] GC(813) Phase 1: Mark live objects 0.451ms
[2026-01-06T17:26:30.687+0800][1.373s][info][gc,phases,start] GC(813) Phase 2: Compute new object addresses
[2026-01-06T17:26:30.687+0800][1.373s][info][gc,phases      ] GC(813) Phase 2: Compute new object addresses 0.072ms
[2026-01-06T17:26:30.687+0800][1.373s][info][gc,phases,start] GC(813) Phase 3: Adjust pointers
[2026-01-06T17:26:30.688+0800][1.373s][info][gc,phases      ] GC(813) Phase 3: Adjust pointers 0.678ms
[2026-01-06T17:26:30.688+0800][1.373s][info][gc,phases,start] GC(813) Phase 4: Move objects
[2026-01-06T17:26:30.688+0800][1.373s][info][gc,phases      ] GC(813) Phase 4: Move objects 0.028ms
[2026-01-06T17:26:30.688+0800][1.373s][info][gc             ] GC(813) Pause Full (Allocation Failure) 133M->4M(247M) 1.251ms
[2026-01-06T17:26:30.688+0800][1.373s][info][gc,heap        ] GC(812) DefNew: 67960K->0K(78720K)
[2026-01-06T17:26:30.688+0800][1.373s][info][gc,heap        ] GC(812) Tenured: 135330K->4258K(174784K)
[2026-01-06T17:26:30.688+0800][1.373s][info][gc,metaspace   ] GC(812) Metaspace: 3738K(4864K)->3738K(4864K) NonClass: 3417K(4352K)->3417K(4352K) Class: 320K(512K)->320K(512K)
[2026-01-06T17:26:30.688+0800][1.373s][info][gc             ] GC(812) Pause Young (Allocation Failure) 198M->4M(247M) 1.341ms
[2026-01-06T17:26:30.688+0800][1.373s][info][gc,cpu         ] GC(812) User=0.00s Sys=0.00s Real=0.00s
[2026-01-06T17:26:30.690+0800][1.375s][info][gc,start       ] GC(814) Pause Young (Allocation Failure)
[2026-01-06T17:26:30.690+0800][1.375s][info][gc,start       ] GC(815) Pause Full (Allocation Failure)
[2026-01-06T17:26:30.690+0800][1.375s][info][gc,phases,start] GC(815) Phase 1: Mark live objects
[2026-01-06T17:26:30.690+0800][1.376s][info][gc,phases      ] GC(815) Phase 1: Mark live objects 0.451ms
[2026-01-06T17:26:30.690+0800][1.376s][info][gc,phases,start] GC(815) Phase 2: Compute new object addresses
[2026-01-06T17:26:30.690+0800][1.376s][info][gc,phases      ] GC(815) Phase 2: Compute new object addresses 0.078ms
[2026-01-06T17:26:30.690+0800][1.376s][info][gc,phases,start] GC(815) Phase 3: Adjust pointers
[2026-01-06T17:26:30.691+0800][1.377s][info][gc,phases      ] GC(815) Phase 3: Adjust pointers 0.680ms
[2026-01-06T17:26:30.691+0800][1.377s][info][gc,phases,start] GC(815) Phase 4: Move objects
[2026-01-06T17:26:30.691+0800][1.377s][info][gc,phases      ] GC(815) Phase 4: Move objects 0.028ms
[2026-01-06T17:26:30.691+0800][1.377s][info][gc             ] GC(815) Pause Full (Allocation Failure) 133M->4M(247M) 1.260ms
[2026-01-06T17:26:30.691+0800][1.377s][info][gc,heap        ] GC(814) DefNew: 67960K->0K(78720K)
[2026-01-06T17:26:30.691+0800][1.377s][info][gc,heap        ] GC(814) Tenured: 135330K->4258K(174784K)
[2026-01-06T17:26:30.691+0800][1.377s][info][gc,metaspace   ] GC(814) Metaspace: 3738K(4864K)->3738K(4864K) NonClass: 3417K(4352K)->3417K(4352K) Class: 320K(512K)->320K(512K)
[2026-01-06T17:26:30.691+0800][1.377s][info][gc             ] GC(814) Pause Young (Allocation Failure) 198M->4M(247M) 1.352ms
[2026-01-06T17:26:30.691+0800][1.377s][info][gc,cpu         ] GC(814) User=0.00s Sys=0.00s Real=0.00s
[2026-01-06T17:26:30.693+0800][1.378s][info][gc,start       ] GC(816) Pause Young (Allocation Failure)
[2026-01-06T17:26:30.693+0800][1.378s][info][gc,start       ] GC(817) Pause Full (Allocation Failure)
[2026-01-06T17:26:30.693+0800][1.378s][info][gc,phases,start] GC(817) Phase 1: Mark live objects
[2026-01-06T17:26:30.693+0800][1.379s][info][gc,phases      ] GC(817) Phase 1: Mark live objects 0.454ms
[2026-01-06T17:26:30.693+0800][1.379s][info][gc,phases,start] GC(817) Phase 2: Compute new object addresses
[2026-01-06T17:26:30.693+0800][1.379s][info][gc,phases      ] GC(817) Phase 2: Compute new object addresses 0.076ms
[2026-01-06T17:26:30.693+0800][1.379s][info][gc,phases,start] GC(817) Phase 3: Adjust pointers
[2026-01-06T17:26:30.694+0800][1.380s][info][gc,phases      ] GC(817) Phase 3: Adjust pointers 0.679ms
[2026-01-06T17:26:30.694+0800][1.380s][info][gc,phases,start] GC(817) Phase 4: Move objects
[2026-01-06T17:26:30.694+0800][1.380s][info][gc,phases      ] GC(817) Phase 4: Move objects 0.029ms
[2026-01-06T17:26:30.694+0800][1.380s][info][gc             ] GC(817) Pause Full (Allocation Failure) 133M->4M(247M) 1.260ms
[2026-01-06T17:26:30.694+0800][1.380s][info][gc,heap        ] GC(816) DefNew: 67960K->0K(78720K)
[2026-01-06T17:26:30.694+0800][1.380s][info][gc,heap        ] GC(816) Tenured: 135330K->4258K(174784K)
[2026-01-06T17:26:30.694+0800][1.380s][info][gc,metaspace   ] GC(816) Metaspace: 3739K(4864K)->3739K(4864K) NonClass: 3419K(4352K)->3419K(4352K) Class: 320K(512K)->320K(512K)
[2026-01-06T17:26:30.694+0800][1.380s][info][gc             ] GC(816) Pause Young (Allocation Failure) 198M->4M(247M) 1.351ms
[2026-01-06T17:26:30.694+0800][1.380s][info][gc,cpu         ] GC(816) User=0.00s Sys=0.00s Real=0.00s
[2026-01-06T17:26:30.696+0800][1.382s][info][gc,start       ] GC(818) Pause Young (Allocation Failure)
[2026-01-06T17:26:30.696+0800][1.382s][info][gc,start       ] GC(819) Pause Full (Allocation Failure)
[2026-01-06T17:26:30.696+0800][1.382s][info][gc,phases,start] GC(819) Phase 1: Mark live objects
[2026-01-06T17:26:30.696+0800][1.382s][info][gc,phases      ] GC(819) Phase 1: Mark live objects 0.454ms
[2026-01-06T17:26:30.696+0800][1.382s][info][gc,phases,start] GC(819) Phase 2: Compute new object addresses
[2026-01-06T17:26:30.697+0800][1.382s][info][gc,phases      ] GC(819) Phase 2: Compute new object addresses 0.074ms
[2026-01-06T17:26:30.697+0800][1.382s][info][gc,phases,start] GC(819) Phase 3: Adjust pointers
[2026-01-06T17:26:30.697+0800][1.383s][info][gc,phases      ] GC(819) Phase 3: Adjust pointers 0.680ms
[2026-01-06T17:26:30.697+0800][1.383s][info][gc,phases,start] GC(819) Phase 4: Move objects
[2026-01-06T17:26:30.697+0800][1.383s][info][gc,phases      ] GC(819) Phase 4: Move objects 0.029ms
[2026-01-06T17:26:30.697+0800][1.383s][info][gc             ] GC(819) Pause Full (Allocation Failure) 133M->4M(247M) 1.260ms
[2026-01-06T17:26:30.697+0800][1.383s][info][gc,heap        ] GC(818) DefNew: 67960K->0K(78720K)
[2026-01-06T17:26:30.697+0800][1.383s][info][gc,heap        ] GC(818) Tenured: 135330K->4258K(174784K)
[2026-01-06T17:26:30.697+0800][1.383s][info][gc,metaspace   ] GC(818) Metaspace: 3739K(4864K)->3739K(4864K) NonClass: 3419K(4352K)->3419K(4352K) Class: 320K(512K)->320K(512K)
[2026-01-06T17:26:30.697+0800][1.383s][info][gc             ] GC(818) Pause Young (Allocation Failure) 198M->4M(247M) 1.353ms
[2026-01-06T17:26:30.697+0800][1.383s][info][gc,cpu         ] GC(818) User=0.00s Sys=0.00s Real=0.00s
[2026-01-06T17:26:30.699+0800][1.385s][info][gc,start       ] GC(820) Pause Young (Allocation Failure)
[2026-01-06T17:26:30.699+0800][1.385s][info][gc,start       ] GC(821) Pause Full (Allocation Failure)
[2026-01-06T17:26:30.699+0800][1.385s][info][gc,phases,start] GC(821) Phase 1: Mark live objects
[2026-01-06T17:26:30.700+0800][1.385s][info][gc,phases      ] GC(821) Phase 1: Mark live objects 0.453ms
[2026-01-06T17:26:30.700+0800][1.385s][info][gc,phases,start] GC(821) Phase 2: Compute new object addresses
[2026-01-06T17:26:30.700+0800][1.385s][info][gc,phases      ] GC(821) Phase 2: Compute new object addresses 0.077ms
[2026-01-06T17:26:30.700+0800][1.385s][info][gc,phases,start] GC(821) Phase 3: Adjust pointers
[2026-01-06T17:26:30.700+0800][1.386s][info][gc,phases      ] GC(821) Phase 3: Adjust pointers 0.682ms
[2026-01-06T17:26:30.700+0800][1.386s][info][gc,phases,start] GC(821) Phase 4: Move objects
[2026-01-06T17:26:30.700+0800][1.386s][info][gc,phases      ] GC(821) Phase 4: Move objects 0.028ms
[2026-01-06T17:26:30.700+0800][1.386s][info][gc             ] GC(821) Pause Full (Allocation Failure) 133M->4M(247M) 1.265ms
[2026-01-06T17:26:30.700+0800][1.386s][info][gc,heap        ] GC(820) DefNew: 67960K->0K(78720K)
[2026-01-06T17:26:30.700+0800][1.386s][info][gc,heap        ] GC(820) Tenured: 135330K->4258K(174784K)
[2026-01-06T17:26:30.700+0800][1.386s][info][gc,metaspace   ] GC(820) Metaspace: 3739K(4864K)->3739K(4864K) NonClass: 3419K(4352K)->3419K(4352K) Class: 320K(512K)->320K(512K)
[2026-01-06T17:26:30.700+0800][1.386s][info][gc             ] GC(820) Pause Young (Allocation Failure) 198M->4M(247M) 1.358ms
[2026-01-06T17:26:30.700+0800][1.386s][info][gc,cpu         ] GC(820) User=0.00s Sys=0.00s Real=0.01s
[2026-01-06T17:26:30.702+0800][1.388s][info][gc,start       ] GC(822) Pause Young (Allocation Failure)
[2026-01-06T17:26:30.702+0800][1.388s][info][gc,start       ] GC(823) Pause Full (Allocation Failure)
[2026-01-06T17:26:30.702+0800][1.388s][info][gc,phases,start] GC(823) Phase 1: Mark live objects
[2026-01-06T17:26:30.703+0800][1.388s][info][gc,phases      ] GC(823) Phase 1: Mark live objects 0.471ms
[2026-01-06T17:26:30.703+0800][1.388s][info][gc,phases,start] GC(823) Phase 2: Compute new object addresses
[2026-01-06T17:26:30.703+0800][1.388s][info][gc,phases      ] GC(823) Phase 2: Compute new object addresses 0.074ms
[2026-01-06T17:26:30.703+0800][1.388s][info][gc,phases,start] GC(823) Phase 3: Adjust pointers
[2026-01-06T17:26:30.704+0800][1.389s][info][gc,phases      ] GC(823) Phase 3: Adjust pointers 0.688ms
[2026-01-06T17:26:30.704+0800][1.389s][info][gc,phases,start] GC(823) Phase 4: Move objects
[2026-01-06T17:26:30.704+0800][1.389s][info][gc,phases      ] GC(823) Phase 4: Move objects 0.029ms
[2026-01-06T17:26:30.704+0800][1.389s][info][gc             ] GC(823) Pause Full (Allocation Failure) 133M->4M(247M) 1.285ms
[2026-01-06T17:26:30.704+0800][1.389s][info][gc,heap        ] GC(822) DefNew: 67960K->0K(78720K)
[2026-01-06T17:26:30.704+0800][1.389s][info][gc,heap        ] GC(822) Tenured: 135330K->4258K(174784K)
[2026-01-06T17:26:30.704+0800][1.389s][info][gc,metaspace   ] GC(822) Metaspace: 3739K(4864K)->3739K(4864K) NonClass: 3419K(4352K)->3419K(4352K) Class: 320K(512K)->320K(512K)
[2026-01-06T17:26:30.704+0800][1.389s][info][gc             ] GC(822) Pause Young (Allocation Failure) 198M->4M(247M) 1.379ms
[2026-01-06T17:26:30.704+0800][1.389s][info][gc,cpu         ] GC(822) User=0.00s Sys=0.00s Real=0.00s
[2026-01-06T17:26:30.705+0800][1.391s][info][gc,start       ] GC(824) Pause Young (Allocation Failure)
[2026-01-06T17:26:30.705+0800][1.391s][info][gc,start       ] GC(825) Pause Full (Allocation Failure)
[2026-01-06T17:26:30.705+0800][1.391s][info][gc,phases,start] GC(825) Phase 1: Mark live objects
[2026-01-06T17:26:30.706+0800][1.391s][info][gc,phases      ] GC(825) Phase 1: Mark live objects 0.455ms
[2026-01-06T17:26:30.706+0800][1.391s][info][gc,phases,start] GC(825) Phase 2: Compute new object addresses
[2026-01-06T17:26:30.706+0800][1.392s][info][gc,phases      ] GC(825) Phase 2: Compute new object addresses 0.074ms
[2026-01-06T17:26:30.706+0800][1.392s][info][gc,phases,start] GC(825) Phase 3: Adjust pointers
[2026-01-06T17:26:30.707+0800][1.392s][info][gc,phases      ] GC(825) Phase 3: Adjust pointers 0.684ms
[2026-01-06T17:26:30.707+0800][1.392s][info][gc,phases,start] GC(825) Phase 4: Move objects
[2026-01-06T17:26:30.707+0800][1.392s][info][gc,phases      ] GC(825) Phase 4: Move objects 0.029ms
[2026-01-06T17:26:30.707+0800][1.392s][info][gc             ] GC(825) Pause Full (Allocation Failure) 133M->4M(247M) 1.264ms
[2026-01-06T17:26:30.707+0800][1.392s][info][gc,heap        ] GC(824) DefNew: 67960K->0K(78720K)
[2026-01-06T17:26:30.707+0800][1.392s][info][gc,heap        ] GC(824) Tenured: 135330K->4258K(174784K)
[2026-01-06T17:26:30.707+0800][1.392s][info][gc,metaspace   ] GC(824) Metaspace: 3739K(4864K)->3739K(4864K) NonClass: 3419K(4352K)->3419K(4352K) Class: 320K(512K)->320K(512K)
[2026-01-06T17:26:30.707+0800][1.392s][info][gc             ] GC(824) Pause Young (Allocation Failure) 198M->4M(247M) 1.358ms
[2026-01-06T17:26:30.707+0800][1.392s][info][gc,cpu         ] GC(824) User=0.00s Sys=0.00s Real=0.00s
[2026-01-06T17:26:30.708+0800][1.394s][info][gc,start       ] GC(826) Pause Young (Allocation Failure)
[2026-01-06T17:26:30.709+0800][1.394s][info][gc,start       ] GC(827) Pause Full (Allocation Failure)
[2026-01-06T17:26:30.709+0800][1.394s][info][gc,phases,start] GC(827) Phase 1: Mark live objects
[2026-01-06T17:26:30.709+0800][1.395s][info][gc,phases      ] GC(827) Phase 1: Mark live objects 0.456ms
[2026-01-06T17:26:30.709+0800][1.395s][info][gc,phases,start] GC(827) Phase 2: Compute new object addresses
[2026-01-06T17:26:30.709+0800][1.395s][info][gc,phases      ] GC(827) Phase 2: Compute new object addresses 0.071ms
[2026-01-06T17:26:30.709+0800][1.395s][info][gc,phases,start] GC(827) Phase 3: Adjust pointers
[2026-01-06T17:26:30.710+0800][1.395s][info][gc,phases      ] GC(827) Phase 3: Adjust pointers 0.678ms
[2026-01-06T17:26:30.710+0800][1.395s][info][gc,phases,start] GC(827) Phase 4: Move objects
[2026-01-06T17:26:30.710+0800][1.395s][info][gc,phases      ] GC(827) Phase 4: Move objects 0.028ms
[2026-01-06T17:26:30.710+0800][1.395s][info][gc             ] GC(827) Pause Full (Allocation Failure) 133M->4M(247M) 1.256ms
[2026-01-06T17:26:30.710+0800][1.395s][info][gc,heap        ] GC(826) DefNew: 67960K->0K(78720K)
[2026-01-06T17:26:30.710+0800][1.395s][info][gc,heap        ] GC(826) Tenured: 135330K->4258K(174784K)
[2026-01-06T17:26:30.710+0800][1.395s][info][gc,metaspace   ] GC(826) Metaspace: 3739K(4864K)->3739K(4864K) NonClass: 3419K(4352K)->3419K(4352K) Class: 320K(512K)->320K(512K)
[2026-01-06T17:26:30.710+0800][1.395s][info][gc             ] GC(826) Pause Young (Allocation Failure) 198M->4M(247M) 1.346ms
[2026-01-06T17:26:30.710+0800][1.395s][info][gc,cpu         ] GC(826) User=0.00s Sys=0.00s Real=0.01s
[2026-01-06T17:26:30.712+0800][1.397s][info][gc,start       ] GC(828) Pause Young (Allocation Failure)
[2026-01-06T17:26:30.712+0800][1.397s][info][gc,start       ] GC(829) Pause Full (Allocation Failure)
[2026-01-06T17:26:30.712+0800][1.397s][info][gc,phases,start] GC(829) Phase 1: Mark live objects
[2026-01-06T17:26:30.712+0800][1.398s][info][gc,phases      ] GC(829) Phase 1: Mark live objects 0.458ms
[2026-01-06T17:26:30.712+0800][1.398s][info][gc,phases,start] GC(829) Phase 2: Compute new object addresses
[2026-01-06T17:26:30.712+0800][1.398s][info][gc,phases      ] GC(829) Phase 2: Compute new object addresses 0.072ms
[2026-01-06T17:26:30.712+0800][1.398s][info][gc,phases,start] GC(829) Phase 3: Adjust pointers
[2026-01-06T17:26:30.713+0800][1.398s][info][gc,phases      ] GC(829) Phase 3: Adjust pointers 0.679ms
[2026-01-06T17:26:30.713+0800][1.398s][info][gc,phases,start] GC(829) Phase 4: Move objects
[2026-01-06T17:26:30.713+0800][1.398s][info][gc,phases      ] GC(829) Phase 4: Move objects 0.028ms
[2026-01-06T17:26:30.713+0800][1.398s][info][gc             ] GC(829) Pause Full (Allocation Failure) 133M->4M(247M) 1.260ms
[2026-01-06T17:26:30.713+0800][1.398s][info][gc,heap        ] GC(828) DefNew: 67960K->0K(78720K)
[2026-01-06T17:26:30.713+0800][1.398s][info][gc,heap        ] GC(828) Tenured: 135330K->4258K(174784K)
[2026-01-06T17:26:30.713+0800][1.398s][info][gc,metaspace   ] GC(828) Metaspace: 3739K(4864K)->3739K(4864K) NonClass: 3419K(4352K)->3419K(4352K) Class: 320K(512K)->320K(512K)
[2026-01-06T17:26:30.713+0800][1.398s][info][gc             ] GC(828) Pause Young (Allocation Failure) 198M->4M(247M) 1.353ms
[2026-01-06T17:26:30.713+0800][1.398s][info][gc,cpu         ] GC(828) User=0.01s Sys=0.00s Real=0.00s
[2026-01-06T17:26:30.715+0800][1.400s][info][gc,start       ] GC(830) Pause Young (Allocation Failure)
[2026-01-06T17:26:30.715+0800][1.400s][info][gc,start       ] GC(831) Pause Full (Allocation Failure)
[2026-01-06T17:26:30.715+0800][1.400s][info][gc,phases,start] GC(831) Phase 1: Mark live objects
[2026-01-06T17:26:30.715+0800][1.401s][info][gc,phases      ] GC(831) Phase 1: Mark live objects 0.451ms
[2026-01-06T17:26:30.715+0800][1.401s][info][gc,phases,start] GC(831) Phase 2: Compute new object addresses
[2026-01-06T17:26:30.715+0800][1.401s][info][gc,phases      ] GC(831) Phase 2: Compute new object addresses 0.071ms
[2026-01-06T17:26:30.715+0800][1.401s][info][gc,phases,start] GC(831) Phase 3: Adjust pointers
[2026-01-06T17:26:30.716+0800][1.402s][info][gc,phases      ] GC(831) Phase 3: Adjust pointers 0.678ms
[2026-01-06T17:26:30.716+0800][1.402s][info][gc,phases,start] GC(831) Phase 4: Move objects
[2026-01-06T17:26:30.716+0800][1.402s][info][gc,phases      ] GC(831) Phase 4: Move objects 0.028ms
[2026-01-06T17:26:30.716+0800][1.402s][info][gc             ] GC(831) Pause Full (Allocation Failure) 133M->4M(247M) 1.251ms
[2026-01-06T17:26:30.716+0800][1.402s][info][gc,heap        ] GC(830) DefNew: 67960K->0K(78720K)
[2026-01-06T17:26:30.716+0800][1.402s][info][gc,heap        ] GC(830) Tenured: 135330K->4258K(174784K)
[2026-01-06T17:26:30.716+0800][1.402s][info][gc,metaspace   ] GC(830) Metaspace: 3739K(4864K)->3739K(4864K) NonClass: 3419K(4352K)->3419K(4352K) Class: 320K(512K)->320K(512K)
[2026-01-06T17:26:30.716+0800][1.402s][info][gc             ] GC(830) Pause Young (Allocation Failure) 198M->4M(247M) 1.342ms
[2026-01-06T17:26:30.716+0800][1.402s][info][gc,cpu         ] GC(830) User=0.00s Sys=0.00s Real=0.00s
[2026-01-06T17:26:30.718+0800][1.403s][info][gc,start       ] GC(832) Pause Young (Allocation Failure)
[2026-01-06T17:26:30.718+0800][1.404s][info][gc,start       ] GC(833) Pause Full (Allocation Failure)
[2026-01-06T17:26:30.718+0800][1.404s][info][gc,phases,start] GC(833) Phase 1: Mark live objects
[2026-01-06T17:26:30.718+0800][1.404s][info][gc,phases      ] GC(833) Phase 1: Mark live objects 0.451ms
[2026-01-06T17:26:30.718+0800][1.404s][info][gc,phases,start] GC(833) Phase 2: Compute new object addresses
[2026-01-06T17:26:30.718+0800][1.404s][info][gc,phases      ] GC(833) Phase 2: Compute new object addresses 0.074ms
[2026-01-06T17:26:30.718+0800][1.404s][info][gc,phases,start] GC(833) Phase 3: Adjust pointers
[2026-01-06T17:26:30.719+0800][1.405s][info][gc,phases      ] GC(833) Phase 3: Adjust pointers 0.677ms
[2026-01-06T17:26:30.719+0800][1.405s][info][gc,phases,start] GC(833) Phase 4: Move objects
[2026-01-06T17:26:30.719+0800][1.405s][info][gc,phases      ] GC(833) Phase 4: Move objects 0.029ms
[2026-01-06T17:26:30.719+0800][1.405s][info][gc             ] GC(833) Pause Full (Allocation Failure) 133M->4M(247M) 1.252ms
[2026-01-06T17:26:30.719+0800][1.405s][info][gc,heap        ] GC(832) DefNew: 67960K->0K(78720K)
[2026-01-06T17:26:30.719+0800][1.405s][info][gc,heap        ] GC(832) Tenured: 135330K->4258K(174784K)
[2026-01-06T17:26:30.719+0800][1.405s][info][gc,metaspace   ] GC(832) Metaspace: 3739K(4864K)->3739K(4864K) NonClass: 3419K(4352K)->3419K(4352K) Class: 320K(512K)->320K(512K)
[2026-01-06T17:26:30.719+0800][1.405s][info][gc             ] GC(832) Pause Young (Allocation Failure) 198M->4M(247M) 1.343ms
[2026-01-06T17:26:30.719+0800][1.405s][info][gc,cpu         ] GC(832) User=0.00s Sys=0.00s Real=0.00s
[2026-01-06T17:26:30.721+0800][1.407s][info][gc,start       ] GC(834) Pause Young (Allocation Failure)
[2026-01-06T17:26:30.721+0800][1.407s][info][gc,start       ] GC(835) Pause Full (Allocation Failure)
[2026-01-06T17:26:30.721+0800][1.407s][info][gc,phases,start] GC(835) Phase 1: Mark live objects
[2026-01-06T17:26:30.722+0800][1.407s][info][gc,phases      ] GC(835) Phase 1: Mark live objects 0.446ms
[2026-01-06T17:26:30.722+0800][1.407s][info][gc,phases,start] GC(835) Phase 2: Compute new object addresses
[2026-01-06T17:26:30.722+0800][1.407s][info][gc,phases      ] GC(835) Phase 2: Compute new object addresses 0.070ms
[2026-01-06T17:26:30.722+0800][1.407s][info][gc,phases,start] GC(835) Phase 3: Adjust pointers
[2026-01-06T17:26:30.722+0800][1.408s][info][gc,phases      ] GC(835) Phase 3: Adjust pointers 0.682ms
[2026-01-06T17:26:30.722+0800][1.408s][info][gc,phases,start] GC(835) Phase 4: Move objects
[2026-01-06T17:26:30.722+0800][1.408s][info][gc,phases      ] GC(835) Phase 4: Move objects 0.027ms
[2026-01-06T17:26:30.722+0800][1.408s][info][gc             ] GC(835) Pause Full (Allocation Failure) 133M->5M(247M) 1.246ms
[2026-01-06T17:26:30.722+0800][1.408s][info][gc,heap        ] GC(834) DefNew: 67960K->0K(78720K)
[2026-01-06T17:26:30.722+0800][1.408s][info][gc,heap        ] GC(834) Tenured: 135330K->5794K(174784K)
[2026-01-06T17:26:30.722+0800][1.408s][info][gc,metaspace   ] GC(834) Metaspace: 3739K(4864K)->3739K(4864K) NonClass: 3419K(4352K)->3419K(4352K) Class: 320K(512K)->320K(512K)
[2026-01-06T17:26:30.722+0800][1.408s][info][gc             ] GC(834) Pause Young (Allocation Failure) 198M->5M(247M) 1.324ms
[2026-01-06T17:26:30.722+0800][1.408s][info][gc,cpu         ] GC(834) User=0.01s Sys=0.00s Real=0.00s
[2026-01-06T17:26:30.724+0800][1.410s][info][gc,start       ] GC(836) Pause Young (Allocation Failure)
[2026-01-06T17:26:30.724+0800][1.410s][info][gc,start       ] GC(837) Pause Full (Allocation Failure)
[2026-01-06T17:26:30.724+0800][1.410s][info][gc,phases,start] GC(837) Phase 1: Mark live objects
[2026-01-06T17:26:30.725+0800][1.410s][info][gc,phases      ] GC(837) Phase 1: Mark live objects 0.443ms
[2026-01-06T17:26:30.725+0800][1.410s][info][gc,phases,start] GC(837) Phase 2: Compute new object addresses
[2026-01-06T17:26:30.725+0800][1.410s][info][gc,phases      ] GC(837) Phase 2: Compute new object addresses 0.070ms
[2026-01-06T17:26:30.725+0800][1.410s][info][gc,phases,start] GC(837) Phase 3: Adjust pointers
[2026-01-06T17:26:30.725+0800][1.411s][info][gc,phases      ] GC(837) Phase 3: Adjust pointers 0.673ms
[2026-01-06T17:26:30.725+0800][1.411s][info][gc,phases,start] GC(837) Phase 4: Move objects
[2026-01-06T17:26:30.725+0800][1.411s][info][gc,phases      ] GC(837) Phase 4: Move objects 0.030ms
[2026-01-06T17:26:30.725+0800][1.411s][info][gc             ] GC(837) Pause Full (Allocation Failure) 135M->5M(247M) 1.238ms
[2026-01-06T17:26:30.725+0800][1.411s][info][gc,heap        ] GC(836) DefNew: 67960K->0K(78720K)
[2026-01-06T17:26:30.725+0800][1.411s][info][gc,heap        ] GC(836) Tenured: 136866K->5794K(174784K)
[2026-01-06T17:26:30.725+0800][1.411s][info][gc,metaspace   ] GC(836) Metaspace: 3739K(4864K)->3739K(4864K) NonClass: 3419K(4352K)->3419K(4352K) Class: 320K(512K)->320K(512K)
[2026-01-06T17:26:30.725+0800][1.411s][info][gc             ] GC(836) Pause Young (Allocation Failure) 200M->5M(247M) 1.316ms
[2026-01-06T17:26:30.725+0800][1.411s][info][gc,cpu         ] GC(836) User=0.00s Sys=0.00s Real=0.00s
[2026-01-06T17:26:30.727+0800][1.413s][info][gc,start       ] GC(838) Pause Young (Allocation Failure)
[2026-01-06T17:26:30.727+0800][1.413s][info][gc,start       ] GC(839) Pause Full (Allocation Failure)
[2026-01-06T17:26:30.727+0800][1.413s][info][gc,phases,start] GC(839) Phase 1: Mark live objects
[2026-01-06T17:26:30.728+0800][1.414s][info][gc,phases      ] GC(839) Phase 1: Mark live objects 0.515ms
[2026-01-06T17:26:30.728+0800][1.414s][info][gc,phases,start] GC(839) Phase 2: Compute new object addresses
[2026-01-06T17:26:30.728+0800][1.414s][info][gc,phases      ] GC(839) Phase 2: Compute new object addresses 0.084ms
[2026-01-06T17:26:30.728+0800][1.414s][info][gc,phases,start] GC(839) Phase 3: Adjust pointers
[2026-01-06T17:26:30.729+0800][1.414s][info][gc,phases      ] GC(839) Phase 3: Adjust pointers 0.744ms
[2026-01-06T17:26:30.729+0800][1.414s][info][gc,phases,start] GC(839) Phase 4: Move objects
[2026-01-06T17:26:30.729+0800][1.414s][info][gc,phases      ] GC(839) Phase 4: Move objects 0.036ms
[2026-01-06T17:26:30.729+0800][1.414s][info][gc             ] GC(839) Pause Full (Allocation Failure) 135M->5M(247M) 1.406ms
[2026-01-06T17:26:30.729+0800][1.414s][info][gc,heap        ] GC(838) DefNew: 67960K->0K(78720K)
[2026-01-06T17:26:30.729+0800][1.414s][info][gc,heap        ] GC(838) Tenured: 136866K->5795K(174784K)
[2026-01-06T17:26:30.729+0800][1.414s][info][gc,metaspace   ] GC(838) Metaspace: 3739K(4864K)->3739K(4864K) NonClass: 3419K(4352K)->3419K(4352K) Class: 320K(512K)->320K(512K)
[2026-01-06T17:26:30.729+0800][1.414s][info][gc             ] GC(838) Pause Young (Allocation Failure) 200M->5M(247M) 1.497ms
[2026-01-06T17:26:30.729+0800][1.414s][info][gc,cpu         ] GC(838) User=0.00s Sys=0.00s Real=0.00s
[2026-01-06T17:26:30.731+0800][1.416s][info][gc,start       ] GC(840) Pause Young (Allocation Failure)
[2026-01-06T17:26:30.731+0800][1.416s][info][gc,start       ] GC(841) Pause Full (Allocation Failure)
[2026-01-06T17:26:30.731+0800][1.416s][info][gc,phases,start] GC(841) Phase 1: Mark live objects
[2026-01-06T17:26:30.731+0800][1.417s][info][gc,phases      ] GC(841) Phase 1: Mark live objects 0.448ms
[2026-01-06T17:26:30.731+0800][1.417s][info][gc,phases,start] GC(841) Phase 2: Compute new object addresses
[2026-01-06T17:26:30.731+0800][1.417s][info][gc,phases      ] GC(841) Phase 2: Compute new object addresses 0.071ms
[2026-01-06T17:26:30.731+0800][1.417s][info][gc,phases,start] GC(841) Phase 3: Adjust pointers
[2026-01-06T17:26:30.732+0800][1.417s][info][gc,phases      ] GC(841) Phase 3: Adjust pointers 0.674ms
[2026-01-06T17:26:30.732+0800][1.417s][info][gc,phases,start] GC(841) Phase 4: Move objects
[2026-01-06T17:26:30.732+0800][1.418s][info][gc,phases      ] GC(841) Phase 4: Move objects 0.039ms
[2026-01-06T17:26:30.732+0800][1.418s][info][gc             ] GC(841) Pause Full (Allocation Failure) 135M->4M(247M) 1.254ms
[2026-01-06T17:26:30.732+0800][1.418s][info][gc,heap        ] GC(840) DefNew: 67960K->0K(78720K)
[2026-01-06T17:26:30.732+0800][1.418s][info][gc,heap        ] GC(840) Tenured: 136867K->4258K(174784K)
[2026-01-06T17:26:30.732+0800][1.418s][info][gc,metaspace   ] GC(840) Metaspace: 3739K(4864K)->3739K(4864K) NonClass: 3419K(4352K)->3419K(4352K) Class: 320K(512K)->320K(512K)
[2026-01-06T17:26:30.732+0800][1.418s][info][gc             ] GC(840) Pause Young (Allocation Failure) 200M->4M(247M) 1.337ms
[2026-01-06T17:26:30.732+0800][1.418s][info][gc,cpu         ] GC(840) User=0.00s Sys=0.00s Real=0.00s
[2026-01-06T17:26:30.734+0800][1.419s][info][gc,start       ] GC(842) Pause Young (Allocation Failure)
[2026-01-06T17:26:30.734+0800][1.419s][info][gc,start       ] GC(843) Pause Full (Allocation Failure)
[2026-01-06T17:26:30.734+0800][1.419s][info][gc,phases,start] GC(843) Phase 1: Mark live objects
[2026-01-06T17:26:30.734+0800][1.420s][info][gc,phases      ] GC(843) Phase 1: Mark live objects 0.447ms
[2026-01-06T17:26:30.734+0800][1.420s][info][gc,phases,start] GC(843) Phase 2: Compute new object addresses
[2026-01-06T17:26:30.734+0800][1.420s][info][gc,phases      ] GC(843) Phase 2: Compute new object addresses 0.072ms
[2026-01-06T17:26:30.734+0800][1.420s][info][gc,phases,start] GC(843) Phase 3: Adjust pointers
[2026-01-06T17:26:30.735+0800][1.421s][info][gc,phases      ] GC(843) Phase 3: Adjust pointers 0.668ms
[2026-01-06T17:26:30.735+0800][1.421s][info][gc,phases,start] GC(843) Phase 4: Move objects
[2026-01-06T17:26:30.735+0800][1.421s][info][gc,phases      ] GC(843) Phase 4: Move objects 0.032ms
[2026-01-06T17:26:30.735+0800][1.421s][info][gc             ] GC(843) Pause Full (Allocation Failure) 133M->4M(247M) 1.243ms
[2026-01-06T17:26:30.735+0800][1.421s][info][gc,heap        ] GC(842) DefNew: 67960K->0K(78720K)
[2026-01-06T17:26:30.735+0800][1.421s][info][gc,heap        ] GC(842) Tenured: 135330K->4332K(174784K)
[2026-01-06T17:26:30.735+0800][1.421s][info][gc,metaspace   ] GC(842) Metaspace: 3739K(4864K)->3739K(4864K) NonClass: 3419K(4352K)->3419K(4352K) Class: 320K(512K)->320K(512K)
[2026-01-06T17:26:30.735+0800][1.421s][info][gc             ] GC(842) Pause Young (Allocation Failure) 198M->4M(247M) 1.333ms
[2026-01-06T17:26:30.735+0800][1.421s][info][gc,cpu         ] GC(842) User=0.00s Sys=0.00s Real=0.00s
[2026-01-06T17:26:30.737+0800][1.422s][info][gc,start       ] GC(844) Pause Young (Allocation Failure)
[2026-01-06T17:26:30.737+0800][1.423s][info][gc,start       ] GC(845) Pause Full (Allocation Failure)
[2026-01-06T17:26:30.737+0800][1.423s][info][gc,phases,start] GC(845) Phase 1: Mark live objects
[2026-01-06T17:26:30.737+0800][1.423s][info][gc,phases      ] GC(845) Phase 1: Mark live objects 0.444ms
[2026-01-06T17:26:30.737+0800][1.423s][info][gc,phases,start] GC(845) Phase 2: Compute new object addresses
[2026-01-06T17:26:30.738+0800][1.423s][info][gc,phases      ] GC(845) Phase 2: Compute new object addresses 0.072ms
[2026-01-06T17:26:30.738+0800][1.423s][info][gc,phases,start] GC(845) Phase 3: Adjust pointers
[2026-01-06T17:26:30.738+0800][1.424s][info][gc,phases      ] GC(845) Phase 3: Adjust pointers 0.686ms
[2026-01-06T17:26:30.738+0800][1.424s][info][gc,phases,start] GC(845) Phase 4: Move objects
[2026-01-06T17:26:30.738+0800][1.424s][info][gc,phases      ] GC(845) Phase 4: Move objects 0.030ms
[2026-01-06T17:26:30.738+0800][1.424s][info][gc             ] GC(845) Pause Full (Allocation Failure) 133M->4M(247M) 1.256ms
[2026-01-06T17:26:30.738+0800][1.424s][info][gc,heap        ] GC(844) DefNew: 67960K->0K(78720K)
[2026-01-06T17:26:30.738+0800][1.424s][info][gc,heap        ] GC(844) Tenured: 135404K->4332K(174784K)
[2026-01-06T17:26:30.738+0800][1.424s][info][gc,metaspace   ] GC(844) Metaspace: 3739K(4864K)->3739K(4864K) NonClass: 3419K(4352K)->3419K(4352K) Class: 320K(512K)->320K(512K)
[2026-01-06T17:26:30.738+0800][1.424s][info][gc             ] GC(844) Pause Young (Allocation Failure) 198M->4M(247M) 1.347ms
[2026-01-06T17:26:30.738+0800][1.424s][info][gc,cpu         ] GC(844) User=0.00s Sys=0.00s Real=0.00s
[2026-01-06T17:26:30.740+0800][1.426s][info][gc,start       ] GC(846) Pause Young (Allocation Failure)
[2026-01-06T17:26:30.740+0800][1.426s][info][gc,start       ] GC(847) Pause Full (Allocation Failure)
[2026-01-06T17:26:30.740+0800][1.426s][info][gc,phases,start] GC(847) Phase 1: Mark live objects
[2026-01-06T17:26:30.741+0800][1.426s][info][gc,phases      ] GC(847) Phase 1: Mark live objects 0.452ms
[2026-01-06T17:26:30.741+0800][1.426s][info][gc,phases,start] GC(847) Phase 2: Compute new object addresses
[2026-01-06T17:26:30.741+0800][1.426s][info][gc,phases      ] GC(847) Phase 2: Compute new object addresses 0.077ms
[2026-01-06T17:26:30.741+0800][1.426s][info][gc,phases,start] GC(847) Phase 3: Adjust pointers
[2026-01-06T17:26:30.741+0800][1.427s][info][gc,phases      ] GC(847) Phase 3: Adjust pointers 0.695ms
[2026-01-06T17:26:30.741+0800][1.427s][info][gc,phases,start] GC(847) Phase 4: Move objects
[2026-01-06T17:26:30.741+0800][1.427s][info][gc,phases      ] GC(847) Phase 4: Move objects 0.031ms
[2026-01-06T17:26:30.741+0800][1.427s][info][gc             ] GC(847) Pause Full (Allocation Failure) 133M->4M(247M) 1.277ms
[2026-01-06T17:26:30.741+0800][1.427s][info][gc,heap        ] GC(846) DefNew: 67960K->0K(78720K)
[2026-01-06T17:26:30.741+0800][1.427s][info][gc,heap        ] GC(846) Tenured: 135404K->4332K(174784K)
[2026-01-06T17:26:30.741+0800][1.427s][info][gc,metaspace   ] GC(846) Metaspace: 3739K(4864K)->3739K(4864K) NonClass: 3419K(4352K)->3419K(4352K) Class: 320K(512K)->320K(512K)
[2026-01-06T17:26:30.741+0800][1.427s][info][gc             ] GC(846) Pause Young (Allocation Failure) 198M->4M(247M) 1.378ms
[2026-01-06T17:26:30.741+0800][1.427s][info][gc,cpu         ] GC(846) User=0.00s Sys=0.00s Real=0.00s
[2026-01-06T17:26:30.743+0800][1.429s][info][gc,start       ] GC(848) Pause Young (Allocation Failure)
[2026-01-06T17:26:30.743+0800][1.429s][info][gc,start       ] GC(849) Pause Full (Allocation Failure)
[2026-01-06T17:26:30.743+0800][1.429s][info][gc,phases,start] GC(849) Phase 1: Mark live objects
[2026-01-06T17:26:30.744+0800][1.429s][info][gc,phases      ] GC(849) Phase 1: Mark live objects 0.441ms
[2026-01-06T17:26:30.744+0800][1.429s][info][gc,phases,start] GC(849) Phase 2: Compute new object addresses
[2026-01-06T17:26:30.744+0800][1.429s][info][gc,phases      ] GC(849) Phase 2: Compute new object addresses 0.072ms
[2026-01-06T17:26:30.744+0800][1.429s][info][gc,phases,start] GC(849) Phase 3: Adjust pointers
[2026-01-06T17:26:30.744+0800][1.430s][info][gc,phases      ] GC(849) Phase 3: Adjust pointers 0.673ms
[2026-01-06T17:26:30.744+0800][1.430s][info][gc,phases,start] GC(849) Phase 4: Move objects
[2026-01-06T17:26:30.745+0800][1.430s][info][gc,phases      ] GC(849) Phase 4: Move objects 0.032ms
[2026-01-06T17:26:30.745+0800][1.430s][info][gc             ] GC(849) Pause Full (Allocation Failure) 133M->4M(247M) 1.240ms
[2026-01-06T17:26:30.745+0800][1.430s][info][gc,heap        ] GC(848) DefNew: 67960K->0K(78720K)
[2026-01-06T17:26:30.745+0800][1.430s][info][gc,heap        ] GC(848) Tenured: 135404K->4258K(174784K)
[2026-01-06T17:26:30.745+0800][1.430s][info][gc,metaspace   ] GC(848) Metaspace: 3739K(4864K)->3739K(4864K) NonClass: 3419K(4352K)->3419K(4352K) Class: 320K(512K)->320K(512K)
[2026-01-06T17:26:30.745+0800][1.430s][info][gc             ] GC(848) Pause Young (Allocation Failure) 198M->4M(247M) 1.329ms
[2026-01-06T17:26:30.745+0800][1.430s][info][gc,cpu         ] GC(848) User=0.00s Sys=0.00s Real=0.00s
[2026-01-06T17:26:30.746+0800][1.432s][info][gc,start       ] GC(850) Pause Young (Allocation Failure)
[2026-01-06T17:26:30.746+0800][1.432s][info][gc,start       ] GC(851) Pause Full (Allocation Failure)
[2026-01-06T17:26:30.746+0800][1.432s][info][gc,phases,start] GC(851) Phase 1: Mark live objects
[2026-01-06T17:26:30.747+0800][1.432s][info][gc,phases      ] GC(851) Phase 1: Mark live objects 0.439ms
[2026-01-06T17:26:30.747+0800][1.432s][info][gc,phases,start] GC(851) Phase 2: Compute new object addresses
[2026-01-06T17:26:30.747+0800][1.433s][info][gc,phases      ] GC(851) Phase 2: Compute new object addresses 0.070ms
[2026-01-06T17:26:30.747+0800][1.433s][info][gc,phases,start] GC(851) Phase 3: Adjust pointers
[2026-01-06T17:26:30.748+0800][1.433s][info][gc,phases      ] GC(851) Phase 3: Adjust pointers 0.670ms
[2026-01-06T17:26:30.748+0800][1.433s][info][gc,phases,start] GC(851) Phase 4: Move objects
[2026-01-06T17:26:30.748+0800][1.433s][info][gc,phases      ] GC(851) Phase 4: Move objects 0.030ms
[2026-01-06T17:26:30.748+0800][1.433s][info][gc             ] GC(851) Pause Full (Allocation Failure) 133M->4M(247M) 1.231ms
[2026-01-06T17:26:30.748+0800][1.433s][info][gc,heap        ] GC(850) DefNew: 67960K->0K(78720K)
[2026-01-06T17:26:30.748+0800][1.433s][info][gc,heap        ] GC(850) Tenured: 135330K->4258K(174784K)
[2026-01-06T17:26:30.748+0800][1.433s][info][gc,metaspace   ] GC(850) Metaspace: 3739K(4864K)->3739K(4864K) NonClass: 3419K(4352K)->3419K(4352K) Class: 320K(512K)->320K(512K)
[2026-01-06T17:26:30.748+0800][1.433s][info][gc             ] GC(850) Pause Young (Allocation Failure) 198M->4M(247M) 1.320ms
[2026-01-06T17:26:30.748+0800][1.433s][info][gc,cpu         ] GC(850) User=0.00s Sys=0.00s Real=0.00s
[2026-01-06T17:26:30.750+0800][1.435s][info][gc,start       ] GC(852) Pause Young (Allocation Failure)
[2026-01-06T17:26:30.750+0800][1.435s][info][gc,start       ] GC(853) Pause Full (Allocation Failure)
[2026-01-06T17:26:30.750+0800][1.435s][info][gc,phases,start] GC(853) Phase 1: Mark live objects
[2026-01-06T17:26:30.750+0800][1.436s][info][gc,phases      ] GC(853) Phase 1: Mark live objects 0.439ms
[2026-01-06T17:26:30.750+0800][1.436s][info][gc,phases,start] GC(853) Phase 2: Compute new object addresses
[2026-01-06T17:26:30.750+0800][1.436s][info][gc,phases      ] GC(853) Phase 2: Compute new object addresses 0.076ms
[2026-01-06T17:26:30.750+0800][1.436s][info][gc,phases,start] GC(853) Phase 3: Adjust pointers
[2026-01-06T17:26:30.751+0800][1.436s][info][gc,phases      ] GC(853) Phase 3: Adjust pointers 0.685ms
[2026-01-06T17:26:30.751+0800][1.436s][info][gc,phases,start] GC(853) Phase 4: Move objects
[2026-01-06T17:26:30.751+0800][1.437s][info][gc,phases      ] GC(853) Phase 4: Move objects 0.032ms
[2026-01-06T17:26:30.751+0800][1.437s][info][gc             ] GC(853) Pause Full (Allocation Failure) 133M->4M(247M) 1.256ms
[2026-01-06T17:26:30.751+0800][1.437s][info][gc,heap        ] GC(852) DefNew: 67960K->0K(78720K)
[2026-01-06T17:26:30.751+0800][1.437s][info][gc,heap        ] GC(852) Tenured: 135330K->4258K(174784K)
[2026-01-06T17:26:30.751+0800][1.437s][info][gc,metaspace   ] GC(852) Metaspace: 3739K(4864K)->3739K(4864K) NonClass: 3419K(4352K)->3419K(4352K) Class: 320K(512K)->320K(512K)
[2026-01-06T17:26:30.751+0800][1.437s][info][gc             ] GC(852) Pause Young (Allocation Failure) 198M->4M(247M) 1.345ms
[2026-01-06T17:26:30.751+0800][1.437s][info][gc,cpu         ] GC(852) User=0.00s Sys=0.00s Real=0.00s
[2026-01-06T17:26:30.753+0800][1.439s][info][gc,start       ] GC(854) Pause Young (Allocation Failure)
[2026-01-06T17:26:30.753+0800][1.439s][info][gc,start       ] GC(855) Pause Full (Allocation Failure)
[2026-01-06T17:26:30.753+0800][1.439s][info][gc,phases,start] GC(855) Phase 1: Mark live objects
[2026-01-06T17:26:30.754+0800][1.439s][info][gc,phases      ] GC(855) Phase 1: Mark live objects 0.457ms
[2026-01-06T17:26:30.754+0800][1.439s][info][gc,phases,start] GC(855) Phase 2: Compute new object addresses
[2026-01-06T17:26:30.754+0800][1.439s][info][gc,phases      ] GC(855) Phase 2: Compute new object addresses 0.077ms
[2026-01-06T17:26:30.754+0800][1.439s][info][gc,phases,start] GC(855) Phase 3: Adjust pointers
[2026-01-06T17:26:30.755+0800][1.440s][info][gc,phases      ] GC(855) Phase 3: Adjust pointers 0.696ms
[2026-01-06T17:26:30.755+0800][1.440s][info][gc,phases,start] GC(855) Phase 4: Move objects
[2026-01-06T17:26:30.755+0800][1.440s][info][gc,phases      ] GC(855) Phase 4: Move objects 0.030ms
[2026-01-06T17:26:30.755+0800][1.440s][info][gc             ] GC(855) Pause Full (Allocation Failure) 133M->4M(247M) 1.294ms
[2026-01-06T17:26:30.755+0800][1.440s][info][gc,heap        ] GC(854) DefNew: 67960K->0K(78720K)
[2026-01-06T17:26:30.755+0800][1.440s][info][gc,heap        ] GC(854) Tenured: 135330K->4258K(174784K)
[2026-01-06T17:26:30.755+0800][1.440s][info][gc,metaspace   ] GC(854) Metaspace: 3739K(4864K)->3739K(4864K) NonClass: 3419K(4352K)->3419K(4352K) Class: 320K(512K)->320K(512K)
[2026-01-06T17:26:30.755+0800][1.440s][info][gc             ] GC(854) Pause Young (Allocation Failure) 198M->4M(247M) 1.393ms
[2026-01-06T17:26:30.755+0800][1.440s][info][gc,cpu         ] GC(854) User=0.00s Sys=0.00s Real=0.00s
[2026-01-06T17:26:30.756+0800][1.442s][info][gc,start       ] GC(856) Pause Young (Allocation Failure)
[2026-01-06T17:26:30.757+0800][1.442s][info][gc,start       ] GC(857) Pause Full (Allocation Failure)
[2026-01-06T17:26:30.757+0800][1.442s][info][gc,phases,start] GC(857) Phase 1: Mark live objects
[2026-01-06T17:26:30.757+0800][1.443s][info][gc,phases      ] GC(857) Phase 1: Mark live objects 0.440ms
[2026-01-06T17:26:30.757+0800][1.443s][info][gc,phases,start] GC(857) Phase 2: Compute new object addresses
[2026-01-06T17:26:30.757+0800][1.443s][info][gc,phases      ] GC(857) Phase 2: Compute new object addresses 0.074ms
[2026-01-06T17:26:30.757+0800][1.443s][info][gc,phases,start] GC(857) Phase 3: Adjust pointers
[2026-01-06T17:26:30.758+0800][1.443s][info][gc,phases      ] GC(857) Phase 3: Adjust pointers 0.670ms
[2026-01-06T17:26:30.758+0800][1.443s][info][gc,phases,start] GC(857) Phase 4: Move objects
[2026-01-06T17:26:30.758+0800][1.443s][info][gc,phases      ] GC(857) Phase 4: Move objects 0.030ms
[2026-01-06T17:26:30.758+0800][1.443s][info][gc             ] GC(857) Pause Full (Allocation Failure) 133M->4M(247M) 1.240ms
[2026-01-06T17:26:30.758+0800][1.443s][info][gc,heap        ] GC(856) DefNew: 67960K->0K(78720K)
[2026-01-06T17:26:30.758+0800][1.443s][info][gc,heap        ] GC(856) Tenured: 135330K->4258K(174784K)
[2026-01-06T17:26:30.758+0800][1.443s][info][gc,metaspace   ] GC(856) Metaspace: 3739K(4864K)->3739K(4864K) NonClass: 3419K(4352K)->3419K(4352K) Class: 320K(512K)->320K(512K)
[2026-01-06T17:26:30.758+0800][1.443s][info][gc             ] GC(856) Pause Young (Allocation Failure) 198M->4M(247M) 1.333ms
[2026-01-06T17:26:30.758+0800][1.443s][info][gc,cpu         ] GC(856) User=0.00s Sys=0.00s Real=0.00s
[2026-01-06T17:26:30.760+0800][1.445s][info][gc,start       ] GC(858) Pause Young (Allocation Failure)
[2026-01-06T17:26:30.760+0800][1.445s][info][gc,start       ] GC(859) Pause Full (Allocation Failure)
[2026-01-06T17:26:30.760+0800][1.445s][info][gc,phases,start] GC(859) Phase 1: Mark live objects
[2026-01-06T17:26:30.760+0800][1.446s][info][gc,phases      ] GC(859) Phase 1: Mark live objects 0.440ms
[2026-01-06T17:26:30.760+0800][1.446s][info][gc,phases,start] GC(859) Phase 2: Compute new object addresses
[2026-01-06T17:26:30.760+0800][1.446s][info][gc,phases      ] GC(859) Phase 2: Compute new object addresses 0.072ms
[2026-01-06T17:26:30.760+0800][1.446s][info][gc,phases,start] GC(859) Phase 3: Adjust pointers
[2026-01-06T17:26:30.761+0800][1.446s][info][gc,phases      ] GC(859) Phase 3: Adjust pointers 0.667ms
[2026-01-06T17:26:30.761+0800][1.446s][info][gc,phases,start] GC(859) Phase 4: Move objects
[2026-01-06T17:26:30.761+0800][1.446s][info][gc,phases      ] GC(859) Phase 4: Move objects 0.029ms
[2026-01-06T17:26:30.761+0800][1.446s][info][gc             ] GC(859) Pause Full (Allocation Failure) 133M->4M(247M) 1.230ms
[2026-01-06T17:26:30.761+0800][1.446s][info][gc,heap        ] GC(858) DefNew: 67960K->0K(78720K)
[2026-01-06T17:26:30.761+0800][1.446s][info][gc,heap        ] GC(858) Tenured: 135330K->4258K(174784K)
[2026-01-06T17:26:30.761+0800][1.446s][info][gc,metaspace   ] GC(858) Metaspace: 3739K(4864K)->3739K(4864K) NonClass: 3419K(4352K)->3419K(4352K) Class: 320K(512K)->320K(512K)
[2026-01-06T17:26:30.761+0800][1.446s][info][gc             ] GC(858) Pause Young (Allocation Failure) 198M->4M(247M) 1.318ms
[2026-01-06T17:26:30.761+0800][1.446s][info][gc,cpu         ] GC(858) User=0.00s Sys=0.00s Real=0.00s
[2026-01-06T17:26:30.763+0800][1.448s][info][gc,start       ] GC(860) Pause Young (Allocation Failure)
[2026-01-06T17:26:30.763+0800][1.448s][info][gc,start       ] GC(861) Pause Full (Allocation Failure)
[2026-01-06T17:26:30.763+0800][1.448s][info][gc,phases,start] GC(861) Phase 1: Mark live objects
[2026-01-06T17:26:30.763+0800][1.449s][info][gc,phases      ] GC(861) Phase 1: Mark live objects 0.450ms
[2026-01-06T17:26:30.763+0800][1.449s][info][gc,phases,start] GC(861) Phase 2: Compute new object addresses
[2026-01-06T17:26:30.763+0800][1.449s][info][gc,phases      ] GC(861) Phase 2: Compute new object addresses 0.074ms
[2026-01-06T17:26:30.763+0800][1.449s][info][gc,phases,start] GC(861) Phase 3: Adjust pointers
[2026-01-06T17:26:30.764+0800][1.449s][info][gc,phases      ] GC(861) Phase 3: Adjust pointers 0.668ms
[2026-01-06T17:26:30.764+0800][1.449s][info][gc,phases,start] GC(861) Phase 4: Move objects
[2026-01-06T17:26:30.764+0800][1.449s][info][gc,phases      ] GC(861) Phase 4: Move objects 0.030ms
[2026-01-06T17:26:30.764+0800][1.449s][info][gc             ] GC(861) Pause Full (Allocation Failure) 133M->4M(247M) 1.246ms
[2026-01-06T17:26:30.764+0800][1.450s][info][gc,heap        ] GC(860) DefNew: 67960K->0K(78720K)
[2026-01-06T17:26:30.764+0800][1.450s][info][gc,heap        ] GC(860) Tenured: 135330K->4258K(174784K)
[2026-01-06T17:26:30.764+0800][1.450s][info][gc,metaspace   ] GC(860) Metaspace: 3739K(4864K)->3739K(4864K) NonClass: 3419K(4352K)->3419K(4352K) Class: 320K(512K)->320K(512K)
[2026-01-06T17:26:30.764+0800][1.450s][info][gc             ] GC(860) Pause Young (Allocation Failure) 198M->4M(247M) 1.337ms
[2026-01-06T17:26:30.764+0800][1.450s][info][gc,cpu         ] GC(860) User=0.00s Sys=0.00s Real=0.00s
[2026-01-06T17:26:30.766+0800][1.452s][info][gc,start       ] GC(862) Pause Young (Allocation Failure)
[2026-01-06T17:26:30.766+0800][1.452s][info][gc,start       ] GC(863) Pause Full (Allocation Failure)
[2026-01-06T17:26:30.766+0800][1.452s][info][gc,phases,start] GC(863) Phase 1: Mark live objects
[2026-01-06T17:26:30.766+0800][1.452s][info][gc,phases      ] GC(863) Phase 1: Mark live objects 0.443ms
[2026-01-06T17:26:30.767+0800][1.452s][info][gc,phases,start] GC(863) Phase 2: Compute new object addresses
[2026-01-06T17:26:30.767+0800][1.452s][info][gc,phases      ] GC(863) Phase 2: Compute new object addresses 0.074ms
[2026-01-06T17:26:30.767+0800][1.452s][info][gc,phases,start] GC(863) Phase 3: Adjust pointers
[2026-01-06T17:26:30.767+0800][1.453s][info][gc,phases      ] GC(863) Phase 3: Adjust pointers 0.668ms
[2026-01-06T17:26:30.767+0800][1.453s][info][gc,phases,start] GC(863) Phase 4: Move objects
[2026-01-06T17:26:30.767+0800][1.453s][info][gc,phases      ] GC(863) Phase 4: Move objects 0.031ms
[2026-01-06T17:26:30.767+0800][1.453s][info][gc             ] GC(863) Pause Full (Allocation Failure) 133M->4M(247M) 1.238ms
[2026-01-06T17:26:30.767+0800][1.453s][info][gc,heap        ] GC(862) DefNew: 67960K->0K(78720K)
[2026-01-06T17:26:30.767+0800][1.453s][info][gc,heap        ] GC(862) Tenured: 135330K->4258K(174784K)
[2026-01-06T17:26:30.767+0800][1.453s][info][gc,metaspace   ] GC(862) Metaspace: 3739K(4864K)->3739K(4864K) NonClass: 3419K(4352K)->3419K(4352K) Class: 320K(512K)->320K(512K)
[2026-01-06T17:26:30.767+0800][1.453s][info][gc             ] GC(862) Pause Young (Allocation Failure) 198M->4M(247M) 1.325ms
[2026-01-06T17:26:30.767+0800][1.453s][info][gc,cpu         ] GC(862) User=0.00s Sys=0.00s Real=0.00s
[2026-01-06T17:26:30.769+0800][1.455s][info][gc,start       ] GC(864) Pause Young (Allocation Failure)
[2026-01-06T17:26:30.769+0800][1.455s][info][gc,start       ] GC(865) Pause Full (Allocation Failure)
[2026-01-06T17:26:30.769+0800][1.455s][info][gc,phases,start] GC(865) Phase 1: Mark live objects
[2026-01-06T17:26:30.770+0800][1.455s][info][gc,phases      ] GC(865) Phase 1: Mark live objects 0.441ms
[2026-01-06T17:26:30.770+0800][1.455s][info][gc,phases,start] GC(865) Phase 2: Compute new object addresses
[2026-01-06T17:26:30.770+0800][1.455s][info][gc,phases      ] GC(865) Phase 2: Compute new object addresses 0.072ms
[2026-01-06T17:26:30.770+0800][1.455s][info][gc,phases,start] GC(865) Phase 3: Adjust pointers
[2026-01-06T17:26:30.770+0800][1.456s][info][gc,phases      ] GC(865) Phase 3: Adjust pointers 0.667ms
[2026-01-06T17:26:30.770+0800][1.456s][info][gc,phases,start] GC(865) Phase 4: Move objects
[2026-01-06T17:26:30.770+0800][1.456s][info][gc,phases      ] GC(865) Phase 4: Move objects 0.030ms
[2026-01-06T17:26:30.770+0800][1.456s][info][gc             ] GC(865) Pause Full (Allocation Failure) 133M->4M(247M) 1.231ms
[2026-01-06T17:26:30.770+0800][1.456s][info][gc,heap        ] GC(864) DefNew: 67960K->0K(78720K)
[2026-01-06T17:26:30.770+0800][1.456s][info][gc,heap        ] GC(864) Tenured: 135330K->4258K(174784K)
[2026-01-06T17:26:30.770+0800][1.456s][info][gc,metaspace   ] GC(864) Metaspace: 3739K(4864K)->3739K(4864K) NonClass: 3419K(4352K)->3419K(4352K) Class: 320K(512K)->320K(512K)
[2026-01-06T17:26:30.770+0800][1.456s][info][gc             ] GC(864) Pause Young (Allocation Failure) 198M->4M(247M) 1.319ms
[2026-01-06T17:26:30.770+0800][1.456s][info][gc,cpu         ] GC(864) User=0.00s Sys=0.00s Real=0.01s
[2026-01-06T17:26:30.773+0800][1.458s][info][gc,start       ] GC(866) Pause Young (Allocation Failure)
[2026-01-06T17:26:30.773+0800][1.458s][info][gc,start       ] GC(867) Pause Full (Allocation Failure)
[2026-01-06T17:26:30.773+0800][1.458s][info][gc,phases,start] GC(867) Phase 1: Mark live objects
[2026-01-06T17:26:30.773+0800][1.459s][info][gc,phases      ] GC(867) Phase 1: Mark live objects 0.443ms
[2026-01-06T17:26:30.773+0800][1.459s][info][gc,phases,start] GC(867) Phase 2: Compute new object addresses
[2026-01-06T17:26:30.773+0800][1.459s][info][gc,phases      ] GC(867) Phase 2: Compute new object addresses 0.090ms
[2026-01-06T17:26:30.773+0800][1.459s][info][gc,phases,start] GC(867) Phase 3: Adjust pointers
[2026-01-06T17:26:30.774+0800][1.459s][info][gc,phases      ] GC(867) Phase 3: Adjust pointers 0.669ms
[2026-01-06T17:26:30.774+0800][1.459s][info][gc,phases,start] GC(867) Phase 4: Move objects
[2026-01-06T17:26:30.774+0800][1.459s][info][gc,phases      ] GC(867) Phase 4: Move objects 0.030ms
[2026-01-06T17:26:30.774+0800][1.459s][info][gc             ] GC(867) Pause Full (Allocation Failure) 133M->4M(247M) 1.253ms
[2026-01-06T17:26:30.774+0800][1.459s][info][gc,heap        ] GC(866) DefNew: 67960K->0K(78720K)
[2026-01-06T17:26:30.774+0800][1.459s][info][gc,heap        ] GC(866) Tenured: 135330K->4258K(174784K)
[2026-01-06T17:26:30.774+0800][1.459s][info][gc,metaspace   ] GC(866) Metaspace: 3739K(4864K)->3739K(4864K) NonClass: 3419K(4352K)->3419K(4352K) Class: 320K(512K)->320K(512K)
[2026-01-06T17:26:30.774+0800][1.459s][info][gc             ] GC(866) Pause Young (Allocation Failure) 198M->4M(247M) 1.342ms
[2026-01-06T17:26:30.774+0800][1.459s][info][gc,cpu         ] GC(866) User=0.00s Sys=0.00s Real=0.00s
[2026-01-06T17:26:30.776+0800][1.461s][info][gc,start       ] GC(868) Pause Young (Allocation Failure)
[2026-01-06T17:26:30.776+0800][1.461s][info][gc,start       ] GC(869) Pause Full (Allocation Failure)
[2026-01-06T17:26:30.776+0800][1.461s][info][gc,phases,start] GC(869) Phase 1: Mark live objects
[2026-01-06T17:26:30.776+0800][1.462s][info][gc,phases      ] GC(869) Phase 1: Mark live objects 0.447ms
[2026-01-06T17:26:30.776+0800][1.462s][info][gc,phases,start] GC(869) Phase 2: Compute new object addresses
[2026-01-06T17:26:30.776+0800][1.462s][info][gc,phases      ] GC(869) Phase 2: Compute new object addresses 0.071ms
[2026-01-06T17:26:30.776+0800][1.462s][info][gc,phases,start] GC(869) Phase 3: Adjust pointers
[2026-01-06T17:26:30.777+0800][1.463s][info][gc,phases      ] GC(869) Phase 3: Adjust pointers 0.669ms
[2026-01-06T17:26:30.777+0800][1.463s][info][gc,phases,start] GC(869) Phase 4: Move objects
[2026-01-06T17:26:30.777+0800][1.463s][info][gc,phases      ] GC(869) Phase 4: Move objects 0.030ms
[2026-01-06T17:26:30.777+0800][1.463s][info][gc             ] GC(869) Pause Full (Allocation Failure) 133M->4M(247M) 1.238ms
[2026-01-06T17:26:30.777+0800][1.463s][info][gc,heap        ] GC(868) DefNew: 67960K->0K(78720K)
[2026-01-06T17:26:30.777+0800][1.463s][info][gc,heap        ] GC(868) Tenured: 135330K->4258K(174784K)
[2026-01-06T17:26:30.777+0800][1.463s][info][gc,metaspace   ] GC(868) Metaspace: 3739K(4864K)->3739K(4864K) NonClass: 3419K(4352K)->3419K(4352K) Class: 320K(512K)->320K(512K)
[2026-01-06T17:26:30.777+0800][1.463s][info][gc             ] GC(868) Pause Young (Allocation Failure) 198M->4M(247M) 1.327ms
[2026-01-06T17:26:30.777+0800][1.463s][info][gc,cpu         ] GC(868) User=0.00s Sys=0.00s Real=0.00s
[2026-01-06T17:26:30.779+0800][1.464s][info][gc,start       ] GC(870) Pause Young (Allocation Failure)
[2026-01-06T17:26:30.779+0800][1.464s][info][gc,start       ] GC(871) Pause Full (Allocation Failure)
[2026-01-06T17:26:30.779+0800][1.464s][info][gc,phases,start] GC(871) Phase 1: Mark live objects
[2026-01-06T17:26:30.779+0800][1.465s][info][gc,phases      ] GC(871) Phase 1: Mark live objects 0.443ms
[2026-01-06T17:26:30.779+0800][1.465s][info][gc,phases,start] GC(871) Phase 2: Compute new object addresses
[2026-01-06T17:26:30.779+0800][1.465s][info][gc,phases      ] GC(871) Phase 2: Compute new object addresses 0.071ms
[2026-01-06T17:26:30.779+0800][1.465s][info][gc,phases,start] GC(871) Phase 3: Adjust pointers
[2026-01-06T17:26:30.780+0800][1.466s][info][gc,phases      ] GC(871) Phase 3: Adjust pointers 0.666ms
[2026-01-06T17:26:30.780+0800][1.466s][info][gc,phases,start] GC(871) Phase 4: Move objects
[2026-01-06T17:26:30.780+0800][1.466s][info][gc,phases      ] GC(871) Phase 4: Move objects 0.029ms
[2026-01-06T17:26:30.780+0800][1.466s][info][gc             ] GC(871) Pause Full (Allocation Failure) 133M->4M(247M) 1.233ms
[2026-01-06T17:26:30.780+0800][1.466s][info][gc,heap        ] GC(870) DefNew: 67960K->0K(78720K)
[2026-01-06T17:26:30.780+0800][1.466s][info][gc,heap        ] GC(870) Tenured: 135330K->4258K(174784K)
[2026-01-06T17:26:30.780+0800][1.466s][info][gc,metaspace   ] GC(870) Metaspace: 3739K(4864K)->3739K(4864K) NonClass: 3419K(4352K)->3419K(4352K) Class: 320K(512K)->320K(512K)
[2026-01-06T17:26:30.780+0800][1.466s][info][gc             ] GC(870) Pause Young (Allocation Failure) 198M->4M(247M) 1.325ms
[2026-01-06T17:26:30.780+0800][1.466s][info][gc,cpu         ] GC(870) User=0.00s Sys=0.00s Real=0.01s
[2026-01-06T17:26:30.782+0800][1.468s][info][gc,start       ] GC(872) Pause Young (Allocation Failure)
[2026-01-06T17:26:30.782+0800][1.468s][info][gc,start       ] GC(873) Pause Full (Allocation Failure)
[2026-01-06T17:26:30.782+0800][1.468s][info][gc,phases,start] GC(873) Phase 1: Mark live objects
[2026-01-06T17:26:30.783+0800][1.468s][info][gc,phases      ] GC(873) Phase 1: Mark live objects 0.445ms
[2026-01-06T17:26:30.783+0800][1.468s][info][gc,phases,start] GC(873) Phase 2: Compute new object addresses
[2026-01-06T17:26:30.783+0800][1.468s][info][gc,phases      ] GC(873) Phase 2: Compute new object addresses 0.072ms
[2026-01-06T17:26:30.783+0800][1.468s][info][gc,phases,start] GC(873) Phase 3: Adjust pointers
[2026-01-06T17:26:30.783+0800][1.469s][info][gc,phases      ] GC(873) Phase 3: Adjust pointers 0.673ms
[2026-01-06T17:26:30.783+0800][1.469s][info][gc,phases,start] GC(873) Phase 4: Move objects
[2026-01-06T17:26:30.783+0800][1.469s][info][gc,phases      ] GC(873) Phase 4: Move objects 0.029ms
[2026-01-06T17:26:30.783+0800][1.469s][info][gc             ] GC(873) Pause Full (Allocation Failure) 133M->4M(247M) 1.243ms
[2026-01-06T17:26:30.783+0800][1.469s][info][gc,heap        ] GC(872) DefNew: 67960K->0K(78720K)
[2026-01-06T17:26:30.783+0800][1.469s][info][gc,heap        ] GC(872) Tenured: 135330K->4258K(174784K)
[2026-01-06T17:26:30.783+0800][1.469s][info][gc,metaspace   ] GC(872) Metaspace: 3739K(4864K)->3739K(4864K) NonClass: 3419K(4352K)->3419K(4352K) Class: 320K(512K)->320K(512K)
[2026-01-06T17:26:30.783+0800][1.469s][info][gc             ] GC(872) Pause Young (Allocation Failure) 198M->4M(247M) 1.332ms
[2026-01-06T17:26:30.783+0800][1.469s][info][gc,cpu         ] GC(872) User=0.01s Sys=0.00s Real=0.00s
[2026-01-06T17:26:30.785+0800][1.471s][info][gc,start       ] GC(874) Pause Young (Allocation Failure)
[2026-01-06T17:26:30.785+0800][1.471s][info][gc,start       ] GC(875) Pause Full (Allocation Failure)
[2026-01-06T17:26:30.785+0800][1.471s][info][gc,phases,start] GC(875) Phase 1: Mark live objects
[2026-01-06T17:26:30.786+0800][1.471s][info][gc,phases      ] GC(875) Phase 1: Mark live objects 0.438ms
[2026-01-06T17:26:30.786+0800][1.471s][info][gc,phases,start] GC(875) Phase 2: Compute new object addresses
[2026-01-06T17:26:30.786+0800][1.471s][info][gc,phases      ] GC(875) Phase 2: Compute new object addresses 0.071ms
[2026-01-06T17:26:30.786+0800][1.471s][info][gc,phases,start] GC(875) Phase 3: Adjust pointers
[2026-01-06T17:26:30.786+0800][1.472s][info][gc,phases      ] GC(875) Phase 3: Adjust pointers 0.668ms
[2026-01-06T17:26:30.786+0800][1.472s][info][gc,phases,start] GC(875) Phase 4: Move objects
[2026-01-06T17:26:30.786+0800][1.472s][info][gc,phases      ] GC(875) Phase 4: Move objects 0.027ms
[2026-01-06T17:26:30.786+0800][1.472s][info][gc             ] GC(875) Pause Full (Allocation Failure) 133M->5M(247M) 1.225ms
[2026-01-06T17:26:30.786+0800][1.472s][info][gc,heap        ] GC(874) DefNew: 67960K->0K(78720K)
[2026-01-06T17:26:30.786+0800][1.472s][info][gc,heap        ] GC(874) Tenured: 135330K->5794K(174784K)
[2026-01-06T17:26:30.786+0800][1.472s][info][gc,metaspace   ] GC(874) Metaspace: 3739K(4864K)->3739K(4864K) NonClass: 3419K(4352K)->3419K(4352K) Class: 320K(512K)->320K(512K)
[2026-01-06T17:26:30.786+0800][1.472s][info][gc             ] GC(874) Pause Young (Allocation Failure) 198M->5M(247M) 1.302ms
[2026-01-06T17:26:30.786+0800][1.472s][info][gc,cpu         ] GC(874) User=0.00s Sys=0.00s Real=0.00s
[2026-01-06T17:26:30.788+0800][1.474s][info][gc,start       ] GC(876) Pause Young (Allocation Failure)
[2026-01-06T17:26:30.788+0800][1.474s][info][gc,start       ] GC(877) Pause Full (Allocation Failure)
[2026-01-06T17:26:30.788+0800][1.474s][info][gc,phases,start] GC(877) Phase 1: Mark live objects
[2026-01-06T17:26:30.789+0800][1.474s][info][gc,phases      ] GC(877) Phase 1: Mark live objects 0.499ms
[2026-01-06T17:26:30.789+0800][1.474s][info][gc,phases,start] GC(877) Phase 2: Compute new object addresses
[2026-01-06T17:26:30.789+0800][1.474s][info][gc,phases      ] GC(877) Phase 2: Compute new object addresses 0.071ms
[2026-01-06T17:26:30.789+0800][1.474s][info][gc,phases,start] GC(877) Phase 3: Adjust pointers
[2026-01-06T17:26:30.790+0800][1.475s][info][gc,phases      ] GC(877) Phase 3: Adjust pointers 0.667ms
[2026-01-06T17:26:30.790+0800][1.475s][info][gc,phases,start] GC(877) Phase 4: Move objects
[2026-01-06T17:26:30.790+0800][1.475s][info][gc,phases      ] GC(877) Phase 4: Move objects 0.032ms
[2026-01-06T17:26:30.790+0800][1.475s][info][gc             ] GC(877) Pause Full (Allocation Failure) 135M->5M(247M) 1.293ms
[2026-01-06T17:26:30.790+0800][1.475s][info][gc,heap        ] GC(876) DefNew: 67960K->0K(78720K)
[2026-01-06T17:26:30.790+0800][1.475s][info][gc,heap        ] GC(876) Tenured: 136866K->5794K(174784K)
[2026-01-06T17:26:30.790+0800][1.475s][info][gc,metaspace   ] GC(876) Metaspace: 3739K(4864K)->3739K(4864K) NonClass: 3419K(4352K)->3419K(4352K) Class: 320K(512K)->320K(512K)
[2026-01-06T17:26:30.790+0800][1.475s][info][gc             ] GC(876) Pause Young (Allocation Failure) 200M->5M(247M) 1.387ms
[2026-01-06T17:26:30.790+0800][1.475s][info][gc,cpu         ] GC(876) User=0.00s Sys=0.00s Real=0.01s
[2026-01-06T17:26:30.791+0800][1.477s][info][gc,start       ] GC(878) Pause Young (Allocation Failure)
[2026-01-06T17:26:30.791+0800][1.477s][info][gc,start       ] GC(879) Pause Full (Allocation Failure)
[2026-01-06T17:26:30.791+0800][1.477s][info][gc,phases,start] GC(879) Phase 1: Mark live objects
[2026-01-06T17:26:30.792+0800][1.477s][info][gc,phases      ] GC(879) Phase 1: Mark live objects 0.440ms
[2026-01-06T17:26:30.792+0800][1.477s][info][gc,phases,start] GC(879) Phase 2: Compute new object addresses
[2026-01-06T17:26:30.792+0800][1.477s][info][gc,phases      ] GC(879) Phase 2: Compute new object addresses 0.071ms
[2026-01-06T17:26:30.792+0800][1.477s][info][gc,phases,start] GC(879) Phase 3: Adjust pointers
[2026-01-06T17:26:30.793+0800][1.478s][info][gc,phases      ] GC(879) Phase 3: Adjust pointers 0.667ms
[2026-01-06T17:26:30.793+0800][1.478s][info][gc,phases,start] GC(879) Phase 4: Move objects
[2026-01-06T17:26:30.793+0800][1.478s][info][gc,phases      ] GC(879) Phase 4: Move objects 0.035ms
[2026-01-06T17:26:30.793+0800][1.478s][info][gc             ] GC(879) Pause Full (Allocation Failure) 135M->5M(247M) 1.235ms
[2026-01-06T17:26:30.793+0800][1.478s][info][gc,heap        ] GC(878) DefNew: 67960K->0K(78720K)
[2026-01-06T17:26:30.793+0800][1.478s][info][gc,heap        ] GC(878) Tenured: 136866K->5795K(174784K)
[2026-01-06T17:26:30.793+0800][1.478s][info][gc,metaspace   ] GC(878) Metaspace: 3739K(4864K)->3739K(4864K) NonClass: 3419K(4352K)->3419K(4352K) Class: 320K(512K)->320K(512K)
[2026-01-06T17:26:30.793+0800][1.478s][info][gc             ] GC(878) Pause Young (Allocation Failure) 200M->5M(247M) 1.311ms
[2026-01-06T17:26:30.793+0800][1.478s][info][gc,cpu         ] GC(878) User=0.01s Sys=0.00s Real=0.00s
[2026-01-06T17:26:30.794+0800][1.480s][info][gc,start       ] GC(880) Pause Young (Allocation Failure)
[2026-01-06T17:26:30.794+0800][1.480s][info][gc,start       ] GC(881) Pause Full (Allocation Failure)
[2026-01-06T17:26:30.794+0800][1.480s][info][gc,phases,start] GC(881) Phase 1: Mark live objects
[2026-01-06T17:26:30.795+0800][1.481s][info][gc,phases      ] GC(881) Phase 1: Mark live objects 0.443ms
[2026-01-06T17:26:30.795+0800][1.481s][info][gc,phases,start] GC(881) Phase 2: Compute new object addresses
[2026-01-06T17:26:30.795+0800][1.481s][info][gc,phases      ] GC(881) Phase 2: Compute new object addresses 0.070ms
[2026-01-06T17:26:30.795+0800][1.481s][info][gc,phases,start] GC(881) Phase 3: Adjust pointers
[2026-01-06T17:26:30.796+0800][1.481s][info][gc,phases      ] GC(881) Phase 3: Adjust pointers 0.667ms
[2026-01-06T17:26:30.796+0800][1.481s][info][gc,phases,start] GC(881) Phase 4: Move objects
[2026-01-06T17:26:30.796+0800][1.481s][info][gc,phases      ] GC(881) Phase 4: Move objects 0.033ms
[2026-01-06T17:26:30.796+0800][1.481s][info][gc             ] GC(881) Pause Full (Allocation Failure) 135M->4M(247M) 1.237ms
[2026-01-06T17:26:30.796+0800][1.481s][info][gc,heap        ] GC(880) DefNew: 67960K->0K(78720K)
[2026-01-06T17:26:30.796+0800][1.481s][info][gc,heap        ] GC(880) Tenured: 136867K->4258K(174784K)
[2026-01-06T17:26:30.796+0800][1.481s][info][gc,metaspace   ] GC(880) Metaspace: 3739K(4864K)->3739K(4864K) NonClass: 3419K(4352K)->3419K(4352K) Class: 320K(512K)->320K(512K)
[2026-01-06T17:26:30.796+0800][1.481s][info][gc             ] GC(880) Pause Young (Allocation Failure) 200M->4M(247M) 1.324ms
[2026-01-06T17:26:30.796+0800][1.481s][info][gc,cpu         ] GC(880) User=0.00s Sys=0.00s Real=0.00s
[2026-01-06T17:26:30.798+0800][1.483s][info][gc,start       ] GC(882) Pause Young (Allocation Failure)
[2026-01-06T17:26:30.798+0800][1.483s][info][gc,start       ] GC(883) Pause Full (Allocation Failure)
[2026-01-06T17:26:30.798+0800][1.483s][info][gc,phases,start] GC(883) Phase 1: Mark live objects
[2026-01-06T17:26:30.798+0800][1.484s][info][gc,phases      ] GC(883) Phase 1: Mark live objects 0.441ms
[2026-01-06T17:26:30.798+0800][1.484s][info][gc,phases,start] GC(883) Phase 2: Compute new object addresses
[2026-01-06T17:26:30.798+0800][1.484s][info][gc,phases      ] GC(883) Phase 2: Compute new object addresses 0.073ms
[2026-01-06T17:26:30.798+0800][1.484s][info][gc,phases,start] GC(883) Phase 3: Adjust pointers
[2026-01-06T17:26:30.799+0800][1.484s][info][gc,phases      ] GC(883) Phase 3: Adjust pointers 0.673ms
[2026-01-06T17:26:30.799+0800][1.484s][info][gc,phases,start] GC(883) Phase 4: Move objects
[2026-01-06T17:26:30.799+0800][1.484s][info][gc,phases      ] GC(883) Phase 4: Move objects 0.029ms
[2026-01-06T17:26:30.799+0800][1.484s][info][gc             ] GC(883) Pause Full (Allocation Failure) 133M->4M(247M) 1.237ms
[2026-01-06T17:26:30.799+0800][1.484s][info][gc,heap        ] GC(882) DefNew: 67960K->0K(78720K)
[2026-01-06T17:26:30.799+0800][1.484s][info][gc,heap        ] GC(882) Tenured: 135330K->4332K(174784K)
[2026-01-06T17:26:30.799+0800][1.484s][info][gc,metaspace   ] GC(882) Metaspace: 3739K(4864K)->3739K(4864K) NonClass: 3419K(4352K)->3419K(4352K) Class: 320K(512K)->320K(512K)
[2026-01-06T17:26:30.799+0800][1.484s][info][gc             ] GC(882) Pause Young (Allocation Failure) 198M->4M(247M) 1.326ms
[2026-01-06T17:26:30.799+0800][1.484s][info][gc,cpu         ] GC(882) User=0.00s Sys=0.00s Real=0.00s
[2026-01-06T17:26:30.801+0800][1.486s][info][gc,start       ] GC(884) Pause Young (Allocation Failure)
[2026-01-06T17:26:30.801+0800][1.486s][info][gc,start       ] GC(885) Pause Full (Allocation Failure)
[2026-01-06T17:26:30.801+0800][1.486s][info][gc,phases,start] GC(885) Phase 1: Mark live objects
[2026-01-06T17:26:30.801+0800][1.487s][info][gc,phases      ] GC(885) Phase 1: Mark live objects 0.444ms
[2026-01-06T17:26:30.801+0800][1.487s][info][gc,phases,start] GC(885) Phase 2: Compute new object addresses
[2026-01-06T17:26:30.801+0800][1.487s][info][gc,phases      ] GC(885) Phase 2: Compute new object addresses 0.076ms
[2026-01-06T17:26:30.801+0800][1.487s][info][gc,phases,start] GC(885) Phase 3: Adjust pointers
[2026-01-06T17:26:30.802+0800][1.487s][info][gc,phases      ] GC(885) Phase 3: Adjust pointers 0.670ms
[2026-01-06T17:26:30.802+0800][1.487s][info][gc,phases,start] GC(885) Phase 4: Move objects
[2026-01-06T17:26:30.802+0800][1.488s][info][gc,phases      ] GC(885) Phase 4: Move objects 0.028ms
[2026-01-06T17:26:30.802+0800][1.488s][info][gc             ] GC(885) Pause Full (Allocation Failure) 133M->4M(247M) 1.239ms
[2026-01-06T17:26:30.802+0800][1.488s][info][gc,heap        ] GC(884) DefNew: 67960K->0K(78720K)
[2026-01-06T17:26:30.802+0800][1.488s][info][gc,heap        ] GC(884) Tenured: 135404K->4332K(174784K)
[2026-01-06T17:26:30.802+0800][1.488s][info][gc,metaspace   ] GC(884) Metaspace: 3739K(4864K)->3739K(4864K) NonClass: 3419K(4352K)->3419K(4352K) Class: 320K(512K)->320K(512K)
[2026-01-06T17:26:30.802+0800][1.488s][info][gc             ] GC(884) Pause Young (Allocation Failure) 198M->4M(247M) 1.340ms
[2026-01-06T17:26:30.802+0800][1.488s][info][gc,cpu         ] GC(884) User=0.00s Sys=0.00s Real=0.00s
[2026-01-06T17:26:30.804+0800][1.489s][info][gc,start       ] GC(886) Pause Young (Allocation Failure)
[2026-01-06T17:26:30.804+0800][1.489s][info][gc,start       ] GC(887) Pause Full (Allocation Failure)
[2026-01-06T17:26:30.804+0800][1.489s][info][gc,phases,start] GC(887) Phase 1: Mark live objects
[2026-01-06T17:26:30.804+0800][1.490s][info][gc,phases      ] GC(887) Phase 1: Mark live objects 0.441ms
[2026-01-06T17:26:30.804+0800][1.490s][info][gc,phases,start] GC(887) Phase 2: Compute new object addresses
[2026-01-06T17:26:30.804+0800][1.490s][info][gc,phases      ] GC(887) Phase 2: Compute new object addresses 0.076ms
[2026-01-06T17:26:30.804+0800][1.490s][info][gc,phases,start] GC(887) Phase 3: Adjust pointers
[2026-01-06T17:26:30.805+0800][1.491s][info][gc,phases      ] GC(887) Phase 3: Adjust pointers 0.669ms
[2026-01-06T17:26:30.805+0800][1.491s][info][gc,phases,start] GC(887) Phase 4: Move objects
[2026-01-06T17:26:30.805+0800][1.491s][info][gc,phases      ] GC(887) Phase 4: Move objects 0.029ms
[2026-01-06T17:26:30.805+0800][1.491s][info][gc             ] GC(887) Pause Full (Allocation Failure) 133M->4M(247M) 1.236ms
[2026-01-06T17:26:30.805+0800][1.491s][info][gc,heap        ] GC(886) DefNew: 67960K->0K(78720K)
[2026-01-06T17:26:30.805+0800][1.491s][info][gc,heap        ] GC(886) Tenured: 135404K->4332K(174784K)
[2026-01-06T17:26:30.805+0800][1.491s][info][gc,metaspace   ] GC(886) Metaspace: 3739K(4864K)->3739K(4864K) NonClass: 3419K(4352K)->3419K(4352K) Class: 320K(512K)->320K(512K)
[2026-01-06T17:26:30.805+0800][1.491s][info][gc             ] GC(886) Pause Young (Allocation Failure) 198M->4M(247M) 1.323ms
[2026-01-06T17:26:30.805+0800][1.491s][info][gc,cpu         ] GC(886) User=0.00s Sys=0.00s Real=0.00s
[2026-01-06T17:26:30.807+0800][1.492s][info][gc,start       ] GC(888) Pause Young (Allocation Failure)
[2026-01-06T17:26:30.807+0800][1.493s][info][gc,start       ] GC(889) Pause Full (Allocation Failure)
[2026-01-06T17:26:30.807+0800][1.493s][info][gc,phases,start] GC(889) Phase 1: Mark live objects
[2026-01-06T17:26:30.807+0800][1.493s][info][gc,phases      ] GC(889) Phase 1: Mark live objects 0.442ms
[2026-01-06T17:26:30.807+0800][1.493s][info][gc,phases,start] GC(889) Phase 2: Compute new object addresses
[2026-01-06T17:26:30.807+0800][1.493s][info][gc,phases      ] GC(889) Phase 2: Compute new object addresses 0.071ms
[2026-01-06T17:26:30.807+0800][1.493s][info][gc,phases,start] GC(889) Phase 3: Adjust pointers
[2026-01-06T17:26:30.808+0800][1.494s][info][gc,phases      ] GC(889) Phase 3: Adjust pointers 0.667ms
[2026-01-06T17:26:30.808+0800][1.494s][info][gc,phases,start] GC(889) Phase 4: Move objects
[2026-01-06T17:26:30.808+0800][1.494s][info][gc,phases      ] GC(889) Phase 4: Move objects 0.029ms
[2026-01-06T17:26:30.808+0800][1.494s][info][gc             ] GC(889) Pause Full (Allocation Failure) 133M->4M(247M) 1.231ms
[2026-01-06T17:26:30.808+0800][1.494s][info][gc,heap        ] GC(888) DefNew: 67960K->0K(78720K)
[2026-01-06T17:26:30.808+0800][1.494s][info][gc,heap        ] GC(888) Tenured: 135404K->4258K(174784K)
[2026-01-06T17:26:30.808+0800][1.494s][info][gc,metaspace   ] GC(888) Metaspace: 3739K(4864K)->3739K(4864K) NonClass: 3419K(4352K)->3419K(4352K) Class: 320K(512K)->320K(512K)
[2026-01-06T17:26:30.808+0800][1.494s][info][gc             ] GC(888) Pause Young (Allocation Failure) 198M->4M(247M) 1.318ms
[2026-01-06T17:26:30.808+0800][1.494s][info][gc,cpu         ] GC(888) User=0.00s Sys=0.00s Real=0.00s
[2026-01-06T17:26:30.810+0800][1.496s][info][gc,start       ] GC(890) Pause Young (Allocation Failure)
[2026-01-06T17:26:30.810+0800][1.496s][info][gc,start       ] GC(891) Pause Full (Allocation Failure)
[2026-01-06T17:26:30.810+0800][1.496s][info][gc,phases,start] GC(891) Phase 1: Mark live objects
[2026-01-06T17:26:30.810+0800][1.496s][info][gc,phases      ] GC(891) Phase 1: Mark live objects 0.444ms
[2026-01-06T17:26:30.811+0800][1.496s][info][gc,phases,start] GC(891) Phase 2: Compute new object addresses
[2026-01-06T17:26:30.811+0800][1.496s][info][gc,phases      ] GC(891) Phase 2: Compute new object addresses 0.073ms
[2026-01-06T17:26:30.811+0800][1.496s][info][gc,phases,start] GC(891) Phase 3: Adjust pointers
[2026-01-06T17:26:30.811+0800][1.497s][info][gc,phases      ] GC(891) Phase 3: Adjust pointers 0.678ms
[2026-01-06T17:26:30.811+0800][1.497s][info][gc,phases,start] GC(891) Phase 4: Move objects
[2026-01-06T17:26:30.811+0800][1.497s][info][gc,phases      ] GC(891) Phase 4: Move objects 0.028ms
[2026-01-06T17:26:30.811+0800][1.497s][info][gc             ] GC(891) Pause Full (Allocation Failure) 133M->4M(247M) 1.245ms
[2026-01-06T17:26:30.811+0800][1.497s][info][gc,heap        ] GC(890) DefNew: 67960K->0K(78720K)
[2026-01-06T17:26:30.811+0800][1.497s][info][gc,heap        ] GC(890) Tenured: 135330K->4258K(174784K)
[2026-01-06T17:26:30.811+0800][1.497s][info][gc,metaspace   ] GC(890) Metaspace: 3739K(4864K)->3739K(4864K) NonClass: 3419K(4352K)->3419K(4352K) Class: 320K(512K)->320K(512K)
[2026-01-06T17:26:30.811+0800][1.497s][info][gc             ] GC(890) Pause Young (Allocation Failure) 198M->4M(247M) 1.336ms
[2026-01-06T17:26:30.811+0800][1.497s][info][gc,cpu         ] GC(890) User=0.00s Sys=0.00s Real=0.00s
[2026-01-06T17:26:30.813+0800][1.499s][info][gc,start       ] GC(892) Pause Young (Allocation Failure)
[2026-01-06T17:26:30.813+0800][1.499s][info][gc,start       ] GC(893) Pause Full (Allocation Failure)
[2026-01-06T17:26:30.813+0800][1.499s][info][gc,phases,start] GC(893) Phase 1: Mark live objects
[2026-01-06T17:26:30.814+0800][1.499s][info][gc,phases      ] GC(893) Phase 1: Mark live objects 0.457ms
[2026-01-06T17:26:30.814+0800][1.499s][info][gc,phases,start] GC(893) Phase 2: Compute new object addresses
[2026-01-06T17:26:30.814+0800][1.499s][info][gc,phases      ] GC(893) Phase 2: Compute new object addresses 0.077ms
[2026-01-06T17:26:30.814+0800][1.499s][info][gc,phases,start] GC(893) Phase 3: Adjust pointers
[2026-01-06T17:26:30.814+0800][1.500s][info][gc,phases      ] GC(893) Phase 3: Adjust pointers 0.670ms
[2026-01-06T17:26:30.814+0800][1.500s][info][gc,phases,start] GC(893) Phase 4: Move objects
[2026-01-06T17:26:30.814+0800][1.500s][info][gc,phases      ] GC(893) Phase 4: Move objects 0.028ms
[2026-01-06T17:26:30.814+0800][1.500s][info][gc             ] GC(893) Pause Full (Allocation Failure) 133M->4M(247M) 1.255ms
[2026-01-06T17:26:30.814+0800][1.500s][info][gc,heap        ] GC(892) DefNew: 67960K->0K(78720K)
[2026-01-06T17:26:30.814+0800][1.500s][info][gc,heap        ] GC(892) Tenured: 135330K->4258K(174784K)
[2026-01-06T17:26:30.814+0800][1.500s][info][gc,metaspace   ] GC(892) Metaspace: 3739K(4864K)->3739K(4864K) NonClass: 3419K(4352K)->3419K(4352K) Class: 320K(512K)->320K(512K)
[2026-01-06T17:26:30.814+0800][1.500s][info][gc             ] GC(892) Pause Young (Allocation Failure) 198M->4M(247M) 1.343ms
[2026-01-06T17:26:30.814+0800][1.500s][info][gc,cpu         ] GC(892) User=0.00s Sys=0.00s Real=0.00s
[2026-01-06T17:26:30.816+0800][1.502s][info][gc,start       ] GC(894) Pause Young (Allocation Failure)
[2026-01-06T17:26:30.816+0800][1.502s][info][gc,start       ] GC(895) Pause Full (Allocation Failure)
[2026-01-06T17:26:30.816+0800][1.502s][info][gc,phases,start] GC(895) Phase 1: Mark live objects
[2026-01-06T17:26:30.817+0800][1.502s][info][gc,phases      ] GC(895) Phase 1: Mark live objects 0.438ms
[2026-01-06T17:26:30.817+0800][1.502s][info][gc,phases,start] GC(895) Phase 2: Compute new object addresses
[2026-01-06T17:26:30.817+0800][1.502s][info][gc,phases      ] GC(895) Phase 2: Compute new object addresses 0.071ms
[2026-01-06T17:26:30.817+0800][1.502s][info][gc,phases,start] GC(895) Phase 3: Adjust pointers
[2026-01-06T17:26:30.818+0800][1.503s][info][gc,phases      ] GC(895) Phase 3: Adjust pointers 0.669ms
[2026-01-06T17:26:30.818+0800][1.503s][info][gc,phases,start] GC(895) Phase 4: Move objects
[2026-01-06T17:26:30.818+0800][1.503s][info][gc,phases      ] GC(895) Phase 4: Move objects 0.029ms
[2026-01-06T17:26:30.818+0800][1.503s][info][gc             ] GC(895) Pause Full (Allocation Failure) 133M->4M(247M) 1.228ms
[2026-01-06T17:26:30.818+0800][1.503s][info][gc,heap        ] GC(894) DefNew: 67960K->0K(78720K)
[2026-01-06T17:26:30.818+0800][1.503s][info][gc,heap        ] GC(894) Tenured: 135330K->4258K(174784K)
[2026-01-06T17:26:30.818+0800][1.503s][info][gc,metaspace   ] GC(894) Metaspace: 3740K(4864K)->3740K(4864K) NonClass: 3420K(4352K)->3420K(4352K) Class: 320K(512K)->320K(512K)
[2026-01-06T17:26:30.818+0800][1.503s][info][gc             ] GC(894) Pause Young (Allocation Failure) 198M->4M(247M) 1.316ms
[2026-01-06T17:26:30.818+0800][1.503s][info][gc,cpu         ] GC(894) User=0.00s Sys=0.00s Real=0.00s
[2026-01-06T17:26:30.819+0800][1.505s][info][gc,start       ] GC(896) Pause Young (Allocation Failure)
[2026-01-06T17:26:30.819+0800][1.505s][info][gc,start       ] GC(897) Pause Full (Allocation Failure)
[2026-01-06T17:26:30.819+0800][1.505s][info][gc,phases,start] GC(897) Phase 1: Mark live objects
[2026-01-06T17:26:30.820+0800][1.505s][info][gc,phases      ] GC(897) Phase 1: Mark live objects 0.437ms
[2026-01-06T17:26:30.820+0800][1.505s][info][gc,phases,start] GC(897) Phase 2: Compute new object addresses
[2026-01-06T17:26:30.820+0800][1.506s][info][gc,phases      ] GC(897) Phase 2: Compute new object addresses 0.073ms
[2026-01-06T17:26:30.820+0800][1.506s][info][gc,phases,start] GC(897) Phase 3: Adjust pointers
[2026-01-06T17:26:30.821+0800][1.506s][info][gc,phases      ] GC(897) Phase 3: Adjust pointers 0.670ms
[2026-01-06T17:26:30.821+0800][1.506s][info][gc,phases,start] GC(897) Phase 4: Move objects
[2026-01-06T17:26:30.821+0800][1.506s][info][gc,phases      ] GC(897) Phase 4: Move objects 0.029ms
[2026-01-06T17:26:30.821+0800][1.506s][info][gc             ] GC(897) Pause Full (Allocation Failure) 133M->4M(247M) 1.231ms
[2026-01-06T17:26:30.821+0800][1.506s][info][gc,heap        ] GC(896) DefNew: 67960K->0K(78720K)
[2026-01-06T17:26:30.821+0800][1.506s][info][gc,heap        ] GC(896) Tenured: 135330K->4258K(174784K)
[2026-01-06T17:26:30.821+0800][1.506s][info][gc,metaspace   ] GC(896) Metaspace: 3740K(4864K)->3740K(4864K) NonClass: 3420K(4352K)->3420K(4352K) Class: 320K(512K)->320K(512K)
[2026-01-06T17:26:30.821+0800][1.506s][info][gc             ] GC(896) Pause Young (Allocation Failure) 198M->4M(247M) 1.318ms
[2026-01-06T17:26:30.821+0800][1.506s][info][gc,cpu         ] GC(896) User=0.00s Sys=0.00s Real=0.01s
[2026-01-06T17:26:30.822+0800][1.508s][info][gc,start       ] GC(898) Pause Young (Allocation Failure)
[2026-01-06T17:26:30.823+0800][1.508s][info][gc,start       ] GC(899) Pause Full (Allocation Failure)
[2026-01-06T17:26:30.823+0800][1.508s][info][gc,phases,start] GC(899) Phase 1: Mark live objects
[2026-01-06T17:26:30.823+0800][1.509s][info][gc,phases      ] GC(899) Phase 1: Mark live objects 0.437ms
[2026-01-06T17:26:30.823+0800][1.509s][info][gc,phases,start] GC(899) Phase 2: Compute new object addresses
[2026-01-06T17:26:30.823+0800][1.509s][info][gc,phases      ] GC(899) Phase 2: Compute new object addresses 0.074ms
[2026-01-06T17:26:30.823+0800][1.509s][info][gc,phases,start] GC(899) Phase 3: Adjust pointers
[2026-01-06T17:26:30.824+0800][1.509s][info][gc,phases      ] GC(899) Phase 3: Adjust pointers 0.670ms
[2026-01-06T17:26:30.824+0800][1.509s][info][gc,phases,start] GC(899) Phase 4: Move objects
[2026-01-06T17:26:30.824+0800][1.509s][info][gc,phases      ] GC(899) Phase 4: Move objects 0.028ms
[2026-01-06T17:26:30.824+0800][1.509s][info][gc             ] GC(899) Pause Full (Allocation Failure) 133M->4M(247M) 1.231ms
[2026-01-06T17:26:30.824+0800][1.509s][info][gc,heap        ] GC(898) DefNew: 67960K->0K(78720K)
[2026-01-06T17:26:30.824+0800][1.509s][info][gc,heap        ] GC(898) Tenured: 135330K->4258K(174784K)
[2026-01-06T17:26:30.824+0800][1.509s][info][gc,metaspace   ] GC(898) Metaspace: 3740K(4864K)->3740K(4864K) NonClass: 3420K(4352K)->3420K(4352K) Class: 320K(512K)->320K(512K)
[2026-01-06T17:26:30.824+0800][1.509s][info][gc             ] GC(898) Pause Young (Allocation Failure) 198M->4M(247M) 1.318ms
[2026-01-06T17:26:30.824+0800][1.509s][info][gc,cpu         ] GC(898) User=0.01s Sys=0.00s Real=0.00s
[2026-01-06T17:26:30.826+0800][1.511s][info][gc,start       ] GC(900) Pause Young (Allocation Failure)
[2026-01-06T17:26:30.826+0800][1.511s][info][gc,start       ] GC(901) Pause Full (Allocation Failure)
[2026-01-06T17:26:30.826+0800][1.511s][info][gc,phases,start] GC(901) Phase 1: Mark live objects
[2026-01-06T17:26:30.826+0800][1.512s][info][gc,phases      ] GC(901) Phase 1: Mark live objects 0.454ms
[2026-01-06T17:26:30.826+0800][1.512s][info][gc,phases,start] GC(901) Phase 2: Compute new object addresses
[2026-01-06T17:26:30.826+0800][1.512s][info][gc,phases      ] GC(901) Phase 2: Compute new object addresses 0.074ms
[2026-01-06T17:26:30.826+0800][1.512s][info][gc,phases,start] GC(901) Phase 3: Adjust pointers
[2026-01-06T17:26:30.827+0800][1.512s][info][gc,phases      ] GC(901) Phase 3: Adjust pointers 0.667ms
[2026-01-06T17:26:30.827+0800][1.512s][info][gc,phases,start] GC(901) Phase 4: Move objects
[2026-01-06T17:26:30.827+0800][1.512s][info][gc,phases      ] GC(901) Phase 4: Move objects 0.028ms
[2026-01-06T17:26:30.827+0800][1.512s][info][gc             ] GC(901) Pause Full (Allocation Failure) 133M->4M(247M) 1.246ms
[2026-01-06T17:26:30.827+0800][1.512s][info][gc,heap        ] GC(900) DefNew: 67960K->0K(78720K)
[2026-01-06T17:26:30.827+0800][1.512s][info][gc,heap        ] GC(900) Tenured: 135330K->4258K(174784K)
[2026-01-06T17:26:30.827+0800][1.512s][info][gc,metaspace   ] GC(900) Metaspace: 3740K(4864K)->3740K(4864K) NonClass: 3420K(4352K)->3420K(4352K) Class: 320K(512K)->320K(512K)
[2026-01-06T17:26:30.827+0800][1.512s][info][gc             ] GC(900) Pause Young (Allocation Failure) 198M->4M(247M) 1.337ms
[2026-01-06T17:26:30.827+0800][1.512s][info][gc,cpu         ] GC(900) User=0.00s Sys=0.00s Real=0.00s
[2026-01-06T17:26:30.829+0800][1.514s][info][gc,start       ] GC(902) Pause Young (Allocation Failure)
[2026-01-06T17:26:30.829+0800][1.514s][info][gc,start       ] GC(903) Pause Full (Allocation Failure)
[2026-01-06T17:26:30.829+0800][1.514s][info][gc,phases,start] GC(903) Phase 1: Mark live objects
[2026-01-06T17:26:30.829+0800][1.515s][info][gc,phases      ] GC(903) Phase 1: Mark live objects 0.438ms
[2026-01-06T17:26:30.829+0800][1.515s][info][gc,phases,start] GC(903) Phase 2: Compute new object addresses
[2026-01-06T17:26:30.829+0800][1.515s][info][gc,phases      ] GC(903) Phase 2: Compute new object addresses 0.073ms
[2026-01-06T17:26:30.829+0800][1.515s][info][gc,phases,start] GC(903) Phase 3: Adjust pointers
[2026-01-06T17:26:30.830+0800][1.515s][info][gc,phases      ] GC(903) Phase 3: Adjust pointers 0.667ms
[2026-01-06T17:26:30.830+0800][1.515s][info][gc,phases,start] GC(903) Phase 4: Move objects
[2026-01-06T17:26:30.830+0800][1.515s][info][gc,phases      ] GC(903) Phase 4: Move objects 0.028ms
[2026-01-06T17:26:30.830+0800][1.516s][info][gc             ] GC(903) Pause Full (Allocation Failure) 133M->4M(247M) 1.228ms
[2026-01-06T17:26:30.830+0800][1.516s][info][gc,heap        ] GC(902) DefNew: 67960K->0K(78720K)
[2026-01-06T17:26:30.830+0800][1.516s][info][gc,heap        ] GC(902) Tenured: 135330K->4258K(174784K)
[2026-01-06T17:26:30.830+0800][1.516s][info][gc,metaspace   ] GC(902) Metaspace: 3740K(4864K)->3740K(4864K) NonClass: 3420K(4352K)->3420K(4352K) Class: 320K(512K)->320K(512K)
[2026-01-06T17:26:30.830+0800][1.516s][info][gc             ] GC(902) Pause Young (Allocation Failure) 198M->4M(247M) 1.315ms
[2026-01-06T17:26:30.830+0800][1.516s][info][gc,cpu         ] GC(902) User=0.00s Sys=0.00s Real=0.01s
[2026-01-06T17:26:30.832+0800][1.517s][info][gc,start       ] GC(904) Pause Young (Allocation Failure)
[2026-01-06T17:26:30.832+0800][1.517s][info][gc,start       ] GC(905) Pause Full (Allocation Failure)
[2026-01-06T17:26:30.832+0800][1.517s][info][gc,phases,start] GC(905) Phase 1: Mark live objects
[2026-01-06T17:26:30.832+0800][1.518s][info][gc,phases      ] GC(905) Phase 1: Mark live objects 0.442ms
[2026-01-06T17:26:30.832+0800][1.518s][info][gc,phases,start] GC(905) Phase 2: Compute new object addresses
[2026-01-06T17:26:30.832+0800][1.518s][info][gc,phases      ] GC(905) Phase 2: Compute new object addresses 0.075ms
[2026-01-06T17:26:30.832+0800][1.518s][info][gc,phases,start] GC(905) Phase 3: Adjust pointers
[2026-01-06T17:26:30.833+0800][1.519s][info][gc,phases      ] GC(905) Phase 3: Adjust pointers 0.669ms
[2026-01-06T17:26:30.833+0800][1.519s][info][gc,phases,start] GC(905) Phase 4: Move objects
[2026-01-06T17:26:30.833+0800][1.519s][info][gc,phases      ] GC(905) Phase 4: Move objects 0.029ms
[2026-01-06T17:26:30.833+0800][1.519s][info][gc             ] GC(905) Pause Full (Allocation Failure) 133M->4M(247M) 1.236ms
[2026-01-06T17:26:30.833+0800][1.519s][info][gc,heap        ] GC(904) DefNew: 67960K->0K(78720K)
[2026-01-06T17:26:30.833+0800][1.519s][info][gc,heap        ] GC(904) Tenured: 135330K->4258K(174784K)
[2026-01-06T17:26:30.833+0800][1.519s][info][gc,metaspace   ] GC(904) Metaspace: 3740K(4864K)->3740K(4864K) NonClass: 3420K(4352K)->3420K(4352K) Class: 320K(512K)->320K(512K)
[2026-01-06T17:26:30.833+0800][1.519s][info][gc             ] GC(904) Pause Young (Allocation Failure) 198M->4M(247M) 1.350ms
[2026-01-06T17:26:30.833+0800][1.519s][info][gc,cpu         ] GC(904) User=0.01s Sys=0.00s Real=0.00s
[2026-01-06T17:26:30.835+0800][1.520s][info][gc,start       ] GC(906) Pause Young (Allocation Failure)
[2026-01-06T17:26:30.835+0800][1.521s][info][gc,start       ] GC(907) Pause Full (Allocation Failure)
[2026-01-06T17:26:30.835+0800][1.521s][info][gc,phases,start] GC(907) Phase 1: Mark live objects
[2026-01-06T17:26:30.835+0800][1.521s][info][gc,phases      ] GC(907) Phase 1: Mark live objects 0.439ms
[2026-01-06T17:26:30.835+0800][1.521s][info][gc,phases,start] GC(907) Phase 2: Compute new object addresses
[2026-01-06T17:26:30.835+0800][1.521s][info][gc,phases      ] GC(907) Phase 2: Compute new object addresses 0.074ms
[2026-01-06T17:26:30.835+0800][1.521s][info][gc,phases,start] GC(907) Phase 3: Adjust pointers
[2026-01-06T17:26:30.836+0800][1.522s][info][gc,phases      ] GC(907) Phase 3: Adjust pointers 0.672ms
[2026-01-06T17:26:30.836+0800][1.522s][info][gc,phases,start] GC(907) Phase 4: Move objects
[2026-01-06T17:26:30.836+0800][1.522s][info][gc,phases      ] GC(907) Phase 4: Move objects 0.029ms
[2026-01-06T17:26:30.836+0800][1.522s][info][gc             ] GC(907) Pause Full (Allocation Failure) 133M->4M(247M) 1.235ms
[2026-01-06T17:26:30.836+0800][1.522s][info][gc,heap        ] GC(906) DefNew: 67960K->0K(78720K)
[2026-01-06T17:26:30.836+0800][1.522s][info][gc,heap        ] GC(906) Tenured: 135330K->4770K(174784K)
[2026-01-06T17:26:30.836+0800][1.522s][info][gc,metaspace   ] GC(906) Metaspace: 3740K(4864K)->3740K(4864K) NonClass: 3420K(4352K)->3420K(4352K) Class: 320K(512K)->320K(512K)
[2026-01-06T17:26:30.836+0800][1.522s][info][gc             ] GC(906) Pause Young (Allocation Failure) 198M->4M(247M) 1.327ms
[2026-01-06T17:26:30.836+0800][1.522s][info][gc,cpu         ] GC(906) User=0.00s Sys=0.00s Real=0.00s
[2026-01-06T17:26:30.838+0800][1.524s][info][gc,start       ] GC(908) Pause Young (Allocation Failure)
[2026-01-06T17:26:30.838+0800][1.524s][info][gc,start       ] GC(909) Pause Full (Allocation Failure)
[2026-01-06T17:26:30.838+0800][1.524s][info][gc,phases,start] GC(909) Phase 1: Mark live objects
[2026-01-06T17:26:30.838+0800][1.524s][info][gc,phases      ] GC(909) Phase 1: Mark live objects 0.440ms
[2026-01-06T17:26:30.838+0800][1.524s][info][gc,phases,start] GC(909) Phase 2: Compute new object addresses
[2026-01-06T17:26:30.839+0800][1.524s][info][gc,phases      ] GC(909) Phase 2: Compute new object addresses 0.072ms
[2026-01-06T17:26:30.839+0800][1.524s][info][gc,phases,start] GC(909) Phase 3: Adjust pointers
[2026-01-06T17:26:30.839+0800][1.525s][info][gc,phases      ] GC(909) Phase 3: Adjust pointers 0.668ms
[2026-01-06T17:26:30.839+0800][1.525s][info][gc,phases,start] GC(909) Phase 4: Move objects
[2026-01-06T17:26:30.839+0800][1.525s][info][gc,phases      ] GC(909) Phase 4: Move objects 0.029ms
[2026-01-06T17:26:30.839+0800][1.525s][info][gc             ] GC(909) Pause Full (Allocation Failure) 134M->4M(247M) 1.233ms
[2026-01-06T17:26:30.839+0800][1.525s][info][gc,heap        ] GC(908) DefNew: 67960K->0K(78720K)
[2026-01-06T17:26:30.839+0800][1.525s][info][gc,heap        ] GC(908) Tenured: 135842K->4770K(174784K)
[2026-01-06T17:26:30.839+0800][1.525s][info][gc,metaspace   ] GC(908) Metaspace: 3740K(4864K)->3740K(4864K) NonClass: 3420K(4352K)->3420K(4352K) Class: 320K(512K)->320K(512K)
[2026-01-06T17:26:30.839+0800][1.525s][info][gc             ] GC(908) Pause Young (Allocation Failure) 199M->4M(247M) 1.321ms
[2026-01-06T17:26:30.839+0800][1.525s][info][gc,cpu         ] GC(908) User=0.00s Sys=0.00s Real=0.00s
[2026-01-06T17:26:30.841+0800][1.527s][info][gc,start       ] GC(910) Pause Young (Allocation Failure)
[2026-01-06T17:26:30.841+0800][1.527s][info][gc,start       ] GC(911) Pause Full (Allocation Failure)
[2026-01-06T17:26:30.841+0800][1.527s][info][gc,phases,start] GC(911) Phase 1: Mark live objects
[2026-01-06T17:26:30.842+0800][1.527s][info][gc,phases      ] GC(911) Phase 1: Mark live objects 0.451ms
[2026-01-06T17:26:30.842+0800][1.527s][info][gc,phases,start] GC(911) Phase 2: Compute new object addresses
[2026-01-06T17:26:30.842+0800][1.527s][info][gc,phases      ] GC(911) Phase 2: Compute new object addresses 0.071ms
[2026-01-06T17:26:30.842+0800][1.527s][info][gc,phases,start] GC(911) Phase 3: Adjust pointers
[2026-01-06T17:26:30.842+0800][1.528s][info][gc,phases      ] GC(911) Phase 3: Adjust pointers 0.679ms
[2026-01-06T17:26:30.842+0800][1.528s][info][gc,phases,start] GC(911) Phase 4: Move objects
[2026-01-06T17:26:30.842+0800][1.528s][info][gc,phases      ] GC(911) Phase 4: Move objects 0.030ms
[2026-01-06T17:26:30.842+0800][1.528s][info][gc             ] GC(911) Pause Full (Allocation Failure) 134M->4M(247M) 1.256ms
[2026-01-06T17:26:30.842+0800][1.528s][info][gc,heap        ] GC(910) DefNew: 67960K->0K(78720K)
[2026-01-06T17:26:30.842+0800][1.528s][info][gc,heap        ] GC(910) Tenured: 135842K->4770K(174784K)
[2026-01-06T17:26:30.842+0800][1.528s][info][gc,metaspace   ] GC(910) Metaspace: 3740K(4864K)->3740K(4864K) NonClass: 3420K(4352K)->3420K(4352K) Class: 320K(512K)->320K(512K)
[2026-01-06T17:26:30.842+0800][1.528s][info][gc             ] GC(910) Pause Young (Allocation Failure) 199M->4M(247M) 1.351ms
[2026-01-06T17:26:30.842+0800][1.528s][info][gc,cpu         ] GC(910) User=0.00s Sys=0.00s Real=0.00s
[2026-01-06T17:26:30.844+0800][1.530s][info][gc,start       ] GC(912) Pause Young (Allocation Failure)
[2026-01-06T17:26:30.844+0800][1.530s][info][gc,start       ] GC(913) Pause Full (Allocation Failure)
[2026-01-06T17:26:30.844+0800][1.530s][info][gc,phases,start] GC(913) Phase 1: Mark live objects
[2026-01-06T17:26:30.845+0800][1.530s][info][gc,phases      ] GC(913) Phase 1: Mark live objects 0.451ms
[2026-01-06T17:26:30.845+0800][1.530s][info][gc,phases,start] GC(913) Phase 2: Compute new object addresses
[2026-01-06T17:26:30.845+0800][1.530s][info][gc,phases      ] GC(913) Phase 2: Compute new object addresses 0.073ms
[2026-01-06T17:26:30.845+0800][1.530s][info][gc,phases,start] GC(913) Phase 3: Adjust pointers
[2026-01-06T17:26:30.846+0800][1.531s][info][gc,phases      ] GC(913) Phase 3: Adjust pointers 0.681ms
[2026-01-06T17:26:30.846+0800][1.531s][info][gc,phases,start] GC(913) Phase 4: Move objects
[2026-01-06T17:26:30.846+0800][1.531s][info][gc,phases      ] GC(913) Phase 4: Move objects 0.029ms
[2026-01-06T17:26:30.846+0800][1.531s][info][gc             ] GC(913) Pause Full (Allocation Failure) 134M->4M(247M) 1.257ms
[2026-01-06T17:26:30.846+0800][1.531s][info][gc,heap        ] GC(912) DefNew: 67960K->0K(78720K)
[2026-01-06T17:26:30.846+0800][1.531s][info][gc,heap        ] GC(912) Tenured: 135842K->4258K(174784K)
[2026-01-06T17:26:30.846+0800][1.531s][info][gc,metaspace   ] GC(912) Metaspace: 3740K(4864K)->3740K(4864K) NonClass: 3420K(4352K)->3420K(4352K) Class: 320K(512K)->320K(512K)
[2026-01-06T17:26:30.846+0800][1.531s][info][gc             ] GC(912) Pause Young (Allocation Failure) 199M->4M(247M) 1.349ms
[2026-01-06T17:26:30.846+0800][1.531s][info][gc,cpu         ] GC(912) User=0.00s Sys=0.00s Real=0.00s
[2026-01-06T17:26:30.848+0800][1.533s][info][gc,start       ] GC(914) Pause Young (Allocation Failure)
[2026-01-06T17:26:30.848+0800][1.533s][info][gc,start       ] GC(915) Pause Full (Allocation Failure)
[2026-01-06T17:26:30.848+0800][1.533s][info][gc,phases,start] GC(915) Phase 1: Mark live objects
[2026-01-06T17:26:30.848+0800][1.534s][info][gc,phases      ] GC(915) Phase 1: Mark live objects 0.443ms
[2026-01-06T17:26:30.848+0800][1.534s][info][gc,phases,start] GC(915) Phase 2: Compute new object addresses
[2026-01-06T17:26:30.848+0800][1.534s][info][gc,phases      ] GC(915) Phase 2: Compute new object addresses 0.071ms
[2026-01-06T17:26:30.848+0800][1.534s][info][gc,phases,start] GC(915) Phase 3: Adjust pointers
[2026-01-06T17:26:30.849+0800][1.534s][info][gc,phases      ] GC(915) Phase 3: Adjust pointers 0.675ms
[2026-01-06T17:26:30.849+0800][1.534s][info][gc,phases,start] GC(915) Phase 4: Move objects
[2026-01-06T17:26:30.849+0800][1.534s][info][gc,phases      ] GC(915) Phase 4: Move objects 0.028ms
[2026-01-06T17:26:30.849+0800][1.534s][info][gc             ] GC(915) Pause Full (Allocation Failure) 133M->5M(247M) 1.240ms
[2026-01-06T17:26:30.849+0800][1.534s][info][gc,heap        ] GC(914) DefNew: 67960K->0K(78720K)
[2026-01-06T17:26:30.849+0800][1.534s][info][gc,heap        ] GC(914) Tenured: 135330K->5795K(174784K)
[2026-01-06T17:26:30.849+0800][1.534s][info][gc,metaspace   ] GC(914) Metaspace: 3740K(4864K)->3740K(4864K) NonClass: 3420K(4352K)->3420K(4352K) Class: 320K(512K)->320K(512K)
[2026-01-06T17:26:30.849+0800][1.534s][info][gc             ] GC(914) Pause Young (Allocation Failure) 198M->5M(247M) 1.319ms
[2026-01-06T17:26:30.849+0800][1.534s][info][gc,cpu         ] GC(914) User=0.00s Sys=0.00s Real=0.00s
[2026-01-06T17:26:30.851+0800][1.536s][info][gc,start       ] GC(916) Pause Young (Allocation Failure)
[2026-01-06T17:26:30.851+0800][1.536s][info][gc,start       ] GC(917) Pause Full (Allocation Failure)
[2026-01-06T17:26:30.851+0800][1.536s][info][gc,phases,start] GC(917) Phase 1: Mark live objects
[2026-01-06T17:26:30.851+0800][1.537s][info][gc,phases      ] GC(917) Phase 1: Mark live objects 0.443ms
[2026-01-06T17:26:30.851+0800][1.537s][info][gc,phases,start] GC(917) Phase 2: Compute new object addresses
[2026-01-06T17:26:30.851+0800][1.537s][info][gc,phases      ] GC(917) Phase 2: Compute new object addresses 0.069ms
[2026-01-06T17:26:30.851+0800][1.537s][info][gc,phases,start] GC(917) Phase 3: Adjust pointers
[2026-01-06T17:26:30.852+0800][1.538s][info][gc,phases      ] GC(917) Phase 3: Adjust pointers 0.676ms
[2026-01-06T17:26:30.852+0800][1.538s][info][gc,phases,start] GC(917) Phase 4: Move objects
[2026-01-06T17:26:30.852+0800][1.538s][info][gc,phases      ] GC(917) Phase 4: Move objects 0.027ms
[2026-01-06T17:26:30.852+0800][1.538s][info][gc             ] GC(917) Pause Full (Allocation Failure) 135M->5M(247M) 1.238ms
[2026-01-06T17:26:30.852+0800][1.538s][info][gc,heap        ] GC(916) DefNew: 67960K->0K(78720K)
[2026-01-06T17:26:30.852+0800][1.538s][info][gc,heap        ] GC(916) Tenured: 136867K->5795K(174784K)
[2026-01-06T17:26:30.852+0800][1.538s][info][gc,metaspace   ] GC(916) Metaspace: 3740K(4864K)->3740K(4864K) NonClass: 3420K(4352K)->3420K(4352K) Class: 320K(512K)->320K(512K)
[2026-01-06T17:26:30.852+0800][1.538s][info][gc             ] GC(916) Pause Young (Allocation Failure) 200M->5M(247M) 1.317ms
[2026-01-06T17:26:30.852+0800][1.538s][info][gc,cpu         ] GC(916) User=0.00s Sys=0.00s Real=0.00s
[2026-01-06T17:26:30.854+0800][1.539s][info][gc,start       ] GC(918) Pause Young (Allocation Failure)
[2026-01-06T17:26:30.854+0800][1.539s][info][gc,start       ] GC(919) Pause Full (Allocation Failure)
[2026-01-06T17:26:30.854+0800][1.539s][info][gc,phases,start] GC(919) Phase 1: Mark live objects
[2026-01-06T17:26:30.854+0800][1.540s][info][gc,phases      ] GC(919) Phase 1: Mark live objects 0.444ms
[2026-01-06T17:26:30.854+0800][1.540s][info][gc,phases,start] GC(919) Phase 2: Compute new object addresses
[2026-01-06T17:26:30.854+0800][1.540s][info][gc,phases      ] GC(919) Phase 2: Compute new object addresses 0.070ms
[2026-01-06T17:26:30.854+0800][1.540s][info][gc,phases,start] GC(919) Phase 3: Adjust pointers
[2026-01-06T17:26:30.855+0800][1.541s][info][gc,phases      ] GC(919) Phase 3: Adjust pointers 0.674ms
[2026-01-06T17:26:30.855+0800][1.541s][info][gc,phases,start] GC(919) Phase 4: Move objects
[2026-01-06T17:26:30.855+0800][1.541s][info][gc,phases      ] GC(919) Phase 4: Move objects 0.027ms
[2026-01-06T17:26:30.855+0800][1.541s][info][gc             ] GC(919) Pause Full (Allocation Failure) 135M->5M(247M) 1.240ms
[2026-01-06T17:26:30.855+0800][1.541s][info][gc,heap        ] GC(918) DefNew: 67960K->0K(78720K)
[2026-01-06T17:26:30.855+0800][1.541s][info][gc,heap        ] GC(918) Tenured: 136867K->5795K(174784K)
[2026-01-06T17:26:30.855+0800][1.541s][info][gc,metaspace   ] GC(918) Metaspace: 3740K(4864K)->3740K(4864K) NonClass: 3420K(4352K)->3420K(4352K) Class: 320K(512K)->320K(512K)
[2026-01-06T17:26:30.855+0800][1.541s][info][gc             ] GC(918) Pause Young (Allocation Failure) 200M->5M(247M) 1.322ms
[2026-01-06T17:26:30.855+0800][1.541s][info][gc,cpu         ] GC(918) User=0.00s Sys=0.00s Real=0.00s
[2026-01-06T17:26:30.857+0800][1.542s][info][gc,start       ] GC(920) Pause Young (Allocation Failure)
[2026-01-06T17:26:30.857+0800][1.543s][info][gc,start       ] GC(921) Pause Full (Allocation Failure)
[2026-01-06T17:26:30.857+0800][1.543s][info][gc,phases,start] GC(921) Phase 1: Mark live objects
[2026-01-06T17:26:30.857+0800][1.543s][info][gc,phases      ] GC(921) Phase 1: Mark live objects 0.443ms
[2026-01-06T17:26:30.857+0800][1.543s][info][gc,phases,start] GC(921) Phase 2: Compute new object addresses
[2026-01-06T17:26:30.857+0800][1.543s][info][gc,phases      ] GC(921) Phase 2: Compute new object addresses 0.069ms
[2026-01-06T17:26:30.857+0800][1.543s][info][gc,phases,start] GC(921) Phase 3: Adjust pointers
[2026-01-06T17:26:30.858+0800][1.544s][info][gc,phases      ] GC(921) Phase 3: Adjust pointers 0.680ms
[2026-01-06T17:26:30.858+0800][1.544s][info][gc,phases,start] GC(921) Phase 4: Move objects
[2026-01-06T17:26:30.858+0800][1.544s][info][gc,phases      ] GC(921) Phase 4: Move objects 0.030ms
[2026-01-06T17:26:30.858+0800][1.544s][info][gc             ] GC(921) Pause Full (Allocation Failure) 135M->4M(247M) 1.244ms
[2026-01-06T17:26:30.858+0800][1.544s][info][gc,heap        ] GC(920) DefNew: 67960K->0K(78720K)
[2026-01-06T17:26:30.858+0800][1.544s][info][gc,heap        ] GC(920) Tenured: 136867K->4258K(174784K)
[2026-01-06T17:26:30.858+0800][1.544s][info][gc,metaspace   ] GC(920) Metaspace: 3740K(4864K)->3740K(4864K) NonClass: 3420K(4352K)->3420K(4352K) Class: 320K(512K)->320K(512K)
[2026-01-06T17:26:30.858+0800][1.544s][info][gc             ] GC(920) Pause Young (Allocation Failure) 200M->4M(247M) 1.325ms
[2026-01-06T17:26:30.858+0800][1.544s][info][gc,cpu         ] GC(920) User=0.00s Sys=0.00s Real=0.00s
[2026-01-06T17:26:30.860+0800][1.546s][info][gc,start       ] GC(922) Pause Young (Allocation Failure)
[2026-01-06T17:26:30.860+0800][1.546s][info][gc,start       ] GC(923) Pause Full (Allocation Failure)
[2026-01-06T17:26:30.860+0800][1.546s][info][gc,phases,start] GC(923) Phase 1: Mark live objects
[2026-01-06T17:26:30.860+0800][1.546s][info][gc,phases      ] GC(923) Phase 1: Mark live objects 0.444ms
[2026-01-06T17:26:30.860+0800][1.546s][info][gc,phases,start] GC(923) Phase 2: Compute new object addresses
[2026-01-06T17:26:30.861+0800][1.546s][info][gc,phases      ] GC(923) Phase 2: Compute new object addresses 0.070ms
[2026-01-06T17:26:30.861+0800][1.546s][info][gc,phases,start] GC(923) Phase 3: Adjust pointers
[2026-01-06T17:26:30.861+0800][1.547s][info][gc,phases      ] GC(923) Phase 3: Adjust pointers 0.675ms
[2026-01-06T17:26:30.861+0800][1.547s][info][gc,phases,start] GC(923) Phase 4: Move objects
[2026-01-06T17:26:30.861+0800][1.547s][info][gc,phases      ] GC(923) Phase 4: Move objects 0.029ms
[2026-01-06T17:26:30.861+0800][1.547s][info][gc             ] GC(923) Pause Full (Allocation Failure) 133M->4M(247M) 1.239ms
[2026-01-06T17:26:30.861+0800][1.547s][info][gc,heap        ] GC(922) DefNew: 67960K->0K(78720K)
[2026-01-06T17:26:30.861+0800][1.547s][info][gc,heap        ] GC(922) Tenured: 135330K->4332K(174784K)
[2026-01-06T17:26:30.861+0800][1.547s][info][gc,metaspace   ] GC(922) Metaspace: 3740K(4864K)->3740K(4864K) NonClass: 3420K(4352K)->3420K(4352K) Class: 320K(512K)->320K(512K)
[2026-01-06T17:26:30.861+0800][1.547s][info][gc             ] GC(922) Pause Young (Allocation Failure) 198M->4M(247M) 1.331ms
[2026-01-06T17:26:30.861+0800][1.547s][info][gc,cpu         ] GC(922) User=0.00s Sys=0.00s Real=0.00s
[2026-01-06T17:26:30.863+0800][1.549s][info][gc,start       ] GC(924) Pause Young (Allocation Failure)
[2026-01-06T17:26:30.863+0800][1.549s][info][gc,start       ] GC(925) Pause Full (Allocation Failure)
[2026-01-06T17:26:30.863+0800][1.549s][info][gc,phases,start] GC(925) Phase 1: Mark live objects
[2026-01-06T17:26:30.864+0800][1.549s][info][gc,phases      ] GC(925) Phase 1: Mark live objects 0.446ms
[2026-01-06T17:26:30.864+0800][1.549s][info][gc,phases,start] GC(925) Phase 2: Compute new object addresses
[2026-01-06T17:26:30.864+0800][1.549s][info][gc,phases      ] GC(925) Phase 2: Compute new object addresses 0.070ms
[2026-01-06T17:26:30.864+0800][1.549s][info][gc,phases,start] GC(925) Phase 3: Adjust pointers
[2026-01-06T17:26:30.864+0800][1.550s][info][gc,phases      ] GC(925) Phase 3: Adjust pointers 0.674ms
[2026-01-06T17:26:30.864+0800][1.550s][info][gc,phases,start] GC(925) Phase 4: Move objects
[2026-01-06T17:26:30.864+0800][1.550s][info][gc,phases      ] GC(925) Phase 4: Move objects 0.029ms
[2026-01-06T17:26:30.864+0800][1.550s][info][gc             ] GC(925) Pause Full (Allocation Failure) 133M->4M(247M) 1.243ms
[2026-01-06T17:26:30.864+0800][1.550s][info][gc,heap        ] GC(924) DefNew: 67960K->0K(78720K)
[2026-01-06T17:26:30.864+0800][1.550s][info][gc,heap        ] GC(924) Tenured: 135404K->4332K(174784K)
[2026-01-06T17:26:30.864+0800][1.550s][info][gc,metaspace   ] GC(924) Metaspace: 3740K(4864K)->3740K(4864K) NonClass: 3420K(4352K)->3420K(4352K) Class: 320K(512K)->320K(512K)
[2026-01-06T17:26:30.864+0800][1.550s][info][gc             ] GC(924) Pause Young (Allocation Failure) 198M->4M(247M) 1.336ms
[2026-01-06T17:26:30.864+0800][1.550s][info][gc,cpu         ] GC(924) User=0.00s Sys=0.00s Real=0.00s
[2026-01-06T17:26:30.866+0800][1.552s][info][gc,start       ] GC(926) Pause Young (Allocation Failure)
[2026-01-06T17:26:30.866+0800][1.552s][info][gc,start       ] GC(927) Pause Full (Allocation Failure)
[2026-01-06T17:26:30.866+0800][1.552s][info][gc,phases,start] GC(927) Phase 1: Mark live objects
[2026-01-06T17:26:30.867+0800][1.552s][info][gc,phases      ] GC(927) Phase 1: Mark live objects 0.444ms
[2026-01-06T17:26:30.867+0800][1.552s][info][gc,phases,start] GC(927) Phase 2: Compute new object addresses
[2026-01-06T17:26:30.867+0800][1.552s][info][gc,phases      ] GC(927) Phase 2: Compute new object addresses 0.074ms
[2026-01-06T17:26:30.867+0800][1.552s][info][gc,phases,start] GC(927) Phase 3: Adjust pointers
[2026-01-06T17:26:30.867+0800][1.553s][info][gc,phases      ] GC(927) Phase 3: Adjust pointers 0.676ms
[2026-01-06T17:26:30.867+0800][1.553s][info][gc,phases,start] GC(927) Phase 4: Move objects
[2026-01-06T17:26:30.867+0800][1.553s][info][gc,phases      ] GC(927) Phase 4: Move objects 0.029ms
[2026-01-06T17:26:30.867+0800][1.553s][info][gc             ] GC(927) Pause Full (Allocation Failure) 133M->4M(247M) 1.245ms
[2026-01-06T17:26:30.867+0800][1.553s][info][gc,heap        ] GC(926) DefNew: 67960K->0K(78720K)
[2026-01-06T17:26:30.867+0800][1.553s][info][gc,heap        ] GC(926) Tenured: 135404K->4332K(174784K)
[2026-01-06T17:26:30.867+0800][1.553s][info][gc,metaspace   ] GC(926) Metaspace: 3740K(4864K)->3740K(4864K) NonClass: 3420K(4352K)->3420K(4352K) Class: 320K(512K)->320K(512K)
[2026-01-06T17:26:30.868+0800][1.553s][info][gc             ] GC(926) Pause Young (Allocation Failure) 198M->4M(247M) 1.337ms
[2026-01-06T17:26:30.868+0800][1.553s][info][gc,cpu         ] GC(926) User=0.00s Sys=0.00s Real=0.00s
[2026-01-06T17:26:30.869+0800][1.555s][info][gc,start       ] GC(928) Pause Young (Allocation Failure)
[2026-01-06T17:26:30.869+0800][1.555s][info][gc,start       ] GC(929) Pause Full (Allocation Failure)
[2026-01-06T17:26:30.869+0800][1.555s][info][gc,phases,start] GC(929) Phase 1: Mark live objects
[2026-01-06T17:26:30.870+0800][1.555s][info][gc,phases      ] GC(929) Phase 1: Mark live objects 0.445ms
[2026-01-06T17:26:30.870+0800][1.555s][info][gc,phases,start] GC(929) Phase 2: Compute new object addresses
[2026-01-06T17:26:30.870+0800][1.555s][info][gc,phases      ] GC(929) Phase 2: Compute new object addresses 0.072ms
[2026-01-06T17:26:30.870+0800][1.555s][info][gc,phases,start] GC(929) Phase 3: Adjust pointers
[2026-01-06T17:26:30.871+0800][1.556s][info][gc,phases      ] GC(929) Phase 3: Adjust pointers 0.674ms
[2026-01-06T17:26:30.871+0800][1.556s][info][gc,phases,start] GC(929) Phase 4: Move objects
[2026-01-06T17:26:30.871+0800][1.556s][info][gc,phases      ] GC(929) Phase 4: Move objects 0.028ms
[2026-01-06T17:26:30.871+0800][1.556s][info][gc             ] GC(929) Pause Full (Allocation Failure) 133M->4M(247M) 1.240ms
[2026-01-06T17:26:30.871+0800][1.556s][info][gc,heap        ] GC(928) DefNew: 67960K->0K(78720K)
[2026-01-06T17:26:30.871+0800][1.556s][info][gc,heap        ] GC(928) Tenured: 135404K->4258K(174784K)
[2026-01-06T17:26:30.871+0800][1.556s][info][gc,metaspace   ] GC(928) Metaspace: 3740K(4864K)->3740K(4864K) NonClass: 3420K(4352K)->3420K(4352K) Class: 320K(512K)->320K(512K)
[2026-01-06T17:26:30.871+0800][1.556s][info][gc             ] GC(928) Pause Young (Allocation Failure) 198M->4M(247M) 1.329ms
[2026-01-06T17:26:30.871+0800][1.556s][info][gc,cpu         ] GC(928) User=0.00s Sys=0.00s Real=0.01s
[2026-01-06T17:26:30.872+0800][1.558s][info][gc,start       ] GC(930) Pause Young (Allocation Failure)
[2026-01-06T17:26:30.872+0800][1.558s][info][gc,start       ] GC(931) Pause Full (Allocation Failure)
[2026-01-06T17:26:30.872+0800][1.558s][info][gc,phases,start] GC(931) Phase 1: Mark live objects
[2026-01-06T17:26:30.873+0800][1.558s][info][gc,phases      ] GC(931) Phase 1: Mark live objects 0.445ms
[2026-01-06T17:26:30.873+0800][1.558s][info][gc,phases,start] GC(931) Phase 2: Compute new object addresses
[2026-01-06T17:26:30.873+0800][1.559s][info][gc,phases      ] GC(931) Phase 2: Compute new object addresses 0.069ms
[2026-01-06T17:26:30.873+0800][1.559s][info][gc,phases,start] GC(931) Phase 3: Adjust pointers
[2026-01-06T17:26:30.874+0800][1.559s][info][gc,phases      ] GC(931) Phase 3: Adjust pointers 0.679ms
[2026-01-06T17:26:30.874+0800][1.559s][info][gc,phases,start] GC(931) Phase 4: Move objects
[2026-01-06T17:26:30.874+0800][1.559s][info][gc,phases      ] GC(931) Phase 4: Move objects 0.029ms
[2026-01-06T17:26:30.874+0800][1.559s][info][gc             ] GC(931) Pause Full (Allocation Failure) 133M->4M(247M) 1.244ms
[2026-01-06T17:26:30.874+0800][1.559s][info][gc,heap        ] GC(930) DefNew: 67960K->0K(78720K)
[2026-01-06T17:26:30.874+0800][1.559s][info][gc,heap        ] GC(930) Tenured: 135330K->4258K(174784K)
[2026-01-06T17:26:30.874+0800][1.559s][info][gc,metaspace   ] GC(930) Metaspace: 3740K(4864K)->3740K(4864K) NonClass: 3420K(4352K)->3420K(4352K) Class: 320K(512K)->320K(512K)
[2026-01-06T17:26:30.874+0800][1.559s][info][gc             ] GC(930) Pause Young (Allocation Failure) 198M->4M(247M) 1.334ms
[2026-01-06T17:26:30.874+0800][1.559s][info][gc,cpu         ] GC(930) User=0.01s Sys=0.00s Real=0.00s
[2026-01-06T17:26:30.875+0800][1.561s][info][gc,start       ] GC(932) Pause Young (Allocation Failure)
[2026-01-06T17:26:30.876+0800][1.561s][info][gc,start       ] GC(933) Pause Full (Allocation Failure)
[2026-01-06T17:26:30.876+0800][1.561s][info][gc,phases,start] GC(933) Phase 1: Mark live objects
[2026-01-06T17:26:30.876+0800][1.562s][info][gc,phases      ] GC(933) Phase 1: Mark live objects 0.448ms
[2026-01-06T17:26:30.876+0800][1.562s][info][gc,phases,start] GC(933) Phase 2: Compute new object addresses
[2026-01-06T17:26:30.876+0800][1.562s][info][gc,phases      ] GC(933) Phase 2: Compute new object addresses 0.073ms
[2026-01-06T17:26:30.876+0800][1.562s][info][gc,phases,start] GC(933) Phase 3: Adjust pointers
[2026-01-06T17:26:30.877+0800][1.562s][info][gc,phases      ] GC(933) Phase 3: Adjust pointers 0.672ms
[2026-01-06T17:26:30.877+0800][1.562s][info][gc,phases,start] GC(933) Phase 4: Move objects
[2026-01-06T17:26:30.877+0800][1.562s][info][gc,phases      ] GC(933) Phase 4: Move objects 0.028ms
[2026-01-06T17:26:30.877+0800][1.562s][info][gc             ] GC(933) Pause Full (Allocation Failure) 133M->4M(247M) 1.243ms
[2026-01-06T17:26:30.877+0800][1.562s][info][gc,heap        ] GC(932) DefNew: 67960K->0K(78720K)
[2026-01-06T17:26:30.877+0800][1.562s][info][gc,heap        ] GC(932) Tenured: 135330K->4258K(174784K)
[2026-01-06T17:26:30.877+0800][1.562s][info][gc,metaspace   ] GC(932) Metaspace: 3740K(4864K)->3740K(4864K) NonClass: 3420K(4352K)->3420K(4352K) Class: 320K(512K)->320K(512K)
[2026-01-06T17:26:30.877+0800][1.562s][info][gc             ] GC(932) Pause Young (Allocation Failure) 198M->4M(247M) 1.331ms
[2026-01-06T17:26:30.877+0800][1.562s][info][gc,cpu         ] GC(932) User=0.00s Sys=0.00s Real=0.00s
[2026-01-06T17:26:30.879+0800][1.564s][info][gc,start       ] GC(934) Pause Young (Allocation Failure)
[2026-01-06T17:26:30.879+0800][1.564s][info][gc,start       ] GC(935) Pause Full (Allocation Failure)
[2026-01-06T17:26:30.879+0800][1.564s][info][gc,phases,start] GC(935) Phase 1: Mark live objects
[2026-01-06T17:26:30.879+0800][1.565s][info][gc,phases      ] GC(935) Phase 1: Mark live objects 0.449ms
[2026-01-06T17:26:30.879+0800][1.565s][info][gc,phases,start] GC(935) Phase 2: Compute new object addresses
[2026-01-06T17:26:30.879+0800][1.565s][info][gc,phases      ] GC(935) Phase 2: Compute new object addresses 0.074ms
[2026-01-06T17:26:30.879+0800][1.565s][info][gc,phases,start] GC(935) Phase 3: Adjust pointers
[2026-01-06T17:26:30.880+0800][1.565s][info][gc,phases      ] GC(935) Phase 3: Adjust pointers 0.681ms
[2026-01-06T17:26:30.880+0800][1.565s][info][gc,phases,start] GC(935) Phase 4: Move objects
[2026-01-06T17:26:30.880+0800][1.565s][info][gc,phases      ] GC(935) Phase 4: Move objects 0.029ms
[2026-01-06T17:26:30.880+0800][1.565s][info][gc             ] GC(935) Pause Full (Allocation Failure) 133M->4M(247M) 1.256ms
[2026-01-06T17:26:30.880+0800][1.565s][info][gc,heap        ] GC(934) DefNew: 67960K->0K(78720K)
[2026-01-06T17:26:30.880+0800][1.565s][info][gc,heap        ] GC(934) Tenured: 135330K->4258K(174784K)
[2026-01-06T17:26:30.880+0800][1.565s][info][gc,metaspace   ] GC(934) Metaspace: 3740K(4864K)->3740K(4864K) NonClass: 3420K(4352K)->3420K(4352K) Class: 320K(512K)->320K(512K)
[2026-01-06T17:26:30.880+0800][1.565s][info][gc             ] GC(934) Pause Young (Allocation Failure) 198M->4M(247M) 1.345ms
[2026-01-06T17:26:30.880+0800][1.565s][info][gc,cpu         ] GC(934) User=0.00s Sys=0.00s Real=0.01s
[2026-01-06T17:26:30.882+0800][1.567s][info][gc,start       ] GC(936) Pause Young (Allocation Failure)
[2026-01-06T17:26:30.882+0800][1.567s][info][gc,start       ] GC(937) Pause Full (Allocation Failure)
[2026-01-06T17:26:30.882+0800][1.567s][info][gc,phases,start] GC(937) Phase 1: Mark live objects
[2026-01-06T17:26:30.882+0800][1.568s][info][gc,phases      ] GC(937) Phase 1: Mark live objects 0.442ms
[2026-01-06T17:26:30.882+0800][1.568s][info][gc,phases,start] GC(937) Phase 2: Compute new object addresses
[2026-01-06T17:26:30.882+0800][1.568s][info][gc,phases      ] GC(937) Phase 2: Compute new object addresses 0.071ms
[2026-01-06T17:26:30.882+0800][1.568s][info][gc,phases,start] GC(937) Phase 3: Adjust pointers
[2026-01-06T17:26:30.883+0800][1.569s][info][gc,phases      ] GC(937) Phase 3: Adjust pointers 0.675ms
[2026-01-06T17:26:30.883+0800][1.569s][info][gc,phases,start] GC(937) Phase 4: Move objects
[2026-01-06T17:26:30.883+0800][1.569s][info][gc,phases      ] GC(937) Phase 4: Move objects 0.028ms
[2026-01-06T17:26:30.883+0800][1.569s][info][gc             ] GC(937) Pause Full (Allocation Failure) 133M->4M(247M) 1.246ms
[2026-01-06T17:26:30.883+0800][1.569s][info][gc,heap        ] GC(936) DefNew: 67960K->0K(78720K)
[2026-01-06T17:26:30.883+0800][1.569s][info][gc,heap        ] GC(936) Tenured: 135330K->4258K(174784K)
[2026-01-06T17:26:30.883+0800][1.569s][info][gc,metaspace   ] GC(936) Metaspace: 3740K(4864K)->3740K(4864K) NonClass: 3420K(4352K)->3420K(4352K) Class: 320K(512K)->320K(512K)
[2026-01-06T17:26:30.883+0800][1.569s][info][gc             ] GC(936) Pause Young (Allocation Failure) 198M->4M(247M) 1.337ms
[2026-01-06T17:26:30.883+0800][1.569s][info][gc,cpu         ] GC(936) User=0.00s Sys=0.00s Real=0.00s
[2026-01-06T17:26:30.885+0800][1.570s][info][gc,start       ] GC(938) Pause Young (Allocation Failure)
[2026-01-06T17:26:30.885+0800][1.570s][info][gc,start       ] GC(939) Pause Full (Allocation Failure)
[2026-01-06T17:26:30.885+0800][1.570s][info][gc,phases,start] GC(939) Phase 1: Mark live objects
[2026-01-06T17:26:30.885+0800][1.571s][info][gc,phases      ] GC(939) Phase 1: Mark live objects 0.441ms
[2026-01-06T17:26:30.885+0800][1.571s][info][gc,phases,start] GC(939) Phase 2: Compute new object addresses
[2026-01-06T17:26:30.885+0800][1.571s][info][gc,phases      ] GC(939) Phase 2: Compute new object addresses 0.069ms
[2026-01-06T17:26:30.885+0800][1.571s][info][gc,phases,start] GC(939) Phase 3: Adjust pointers
[2026-01-06T17:26:30.886+0800][1.572s][info][gc,phases      ] GC(939) Phase 3: Adjust pointers 0.688ms
[2026-01-06T17:26:30.886+0800][1.572s][info][gc,phases,start] GC(939) Phase 4: Move objects
[2026-01-06T17:26:30.886+0800][1.572s][info][gc,phases      ] GC(939) Phase 4: Move objects 0.029ms
[2026-01-06T17:26:30.886+0800][1.572s][info][gc             ] GC(939) Pause Full (Allocation Failure) 133M->4M(247M) 1.249ms
[2026-01-06T17:26:30.886+0800][1.572s][info][gc,heap        ] GC(938) DefNew: 67960K->0K(78720K)
[2026-01-06T17:26:30.886+0800][1.572s][info][gc,heap        ] GC(938) Tenured: 135330K->4258K(174784K)
[2026-01-06T17:26:30.886+0800][1.572s][info][gc,metaspace   ] GC(938) Metaspace: 3740K(4864K)->3740K(4864K) NonClass: 3420K(4352K)->3420K(4352K) Class: 320K(512K)->320K(512K)
[2026-01-06T17:26:30.886+0800][1.572s][info][gc             ] GC(938) Pause Young (Allocation Failure) 198M->4M(247M) 1.337ms
[2026-01-06T17:26:30.886+0800][1.572s][info][gc,cpu         ] GC(938) User=0.00s Sys=0.00s Real=0.00s
[2026-01-06T17:26:30.888+0800][1.573s][info][gc,start       ] GC(940) Pause Young (Allocation Failure)
[2026-01-06T17:26:30.888+0800][1.574s][info][gc,start       ] GC(941) Pause Full (Allocation Failure)
[2026-01-06T17:26:30.888+0800][1.574s][info][gc,phases,start] GC(941) Phase 1: Mark live objects
[2026-01-06T17:26:30.888+0800][1.574s][info][gc,phases      ] GC(941) Phase 1: Mark live objects 0.473ms
[2026-01-06T17:26:30.888+0800][1.574s][info][gc,phases,start] GC(941) Phase 2: Compute new object addresses
[2026-01-06T17:26:30.889+0800][1.574s][info][gc,phases      ] GC(941) Phase 2: Compute new object addresses 0.075ms
[2026-01-06T17:26:30.889+0800][1.574s][info][gc,phases,start] GC(941) Phase 3: Adjust pointers
[2026-01-06T17:26:30.889+0800][1.575s][info][gc,phases      ] GC(941) Phase 3: Adjust pointers 0.677ms
[2026-01-06T17:26:30.889+0800][1.575s][info][gc,phases,start] GC(941) Phase 4: Move objects
[2026-01-06T17:26:30.889+0800][1.575s][info][gc,phases      ] GC(941) Phase 4: Move objects 0.029ms
[2026-01-06T17:26:30.889+0800][1.575s][info][gc             ] GC(941) Pause Full (Allocation Failure) 133M->4M(247M) 1.279ms
[2026-01-06T17:26:30.889+0800][1.575s][info][gc,heap        ] GC(940) DefNew: 67960K->0K(78720K)
[2026-01-06T17:26:30.889+0800][1.575s][info][gc,heap        ] GC(940) Tenured: 135330K->4258K(174784K)
[2026-01-06T17:26:30.889+0800][1.575s][info][gc,metaspace   ] GC(940) Metaspace: 3740K(4864K)->3740K(4864K) NonClass: 3420K(4352K)->3420K(4352K) Class: 320K(512K)->320K(512K)
[2026-01-06T17:26:30.889+0800][1.575s][info][gc             ] GC(940) Pause Young (Allocation Failure) 198M->4M(247M) 1.367ms
[2026-01-06T17:26:30.889+0800][1.575s][info][gc,cpu         ] GC(940) User=0.00s Sys=0.00s Real=0.00s
[2026-01-06T17:26:30.891+0800][1.577s][info][gc,start       ] GC(942) Pause Young (Allocation Failure)
[2026-01-06T17:26:30.891+0800][1.577s][info][gc,start       ] GC(943) Pause Full (Allocation Failure)
[2026-01-06T17:26:30.891+0800][1.577s][info][gc,phases,start] GC(943) Phase 1: Mark live objects
[2026-01-06T17:26:30.892+0800][1.577s][info][gc,phases      ] GC(943) Phase 1: Mark live objects 0.441ms
[2026-01-06T17:26:30.892+0800][1.577s][info][gc,phases,start] GC(943) Phase 2: Compute new object addresses
[2026-01-06T17:26:30.892+0800][1.577s][info][gc,phases      ] GC(943) Phase 2: Compute new object addresses 0.072ms
[2026-01-06T17:26:30.892+0800][1.577s][info][gc,phases,start] GC(943) Phase 3: Adjust pointers
[2026-01-06T17:26:30.892+0800][1.578s][info][gc,phases      ] GC(943) Phase 3: Adjust pointers 0.673ms
[2026-01-06T17:26:30.892+0800][1.578s][info][gc,phases,start] GC(943) Phase 4: Move objects
[2026-01-06T17:26:30.892+0800][1.578s][info][gc,phases      ] GC(943) Phase 4: Move objects 0.030ms
[2026-01-06T17:26:30.892+0800][1.578s][info][gc             ] GC(943) Pause Full (Allocation Failure) 133M->4M(247M) 1.237ms
[2026-01-06T17:26:30.892+0800][1.578s][info][gc,heap        ] GC(942) DefNew: 67960K->0K(78720K)
[2026-01-06T17:26:30.892+0800][1.578s][info][gc,heap        ] GC(942) Tenured: 135330K->4258K(174784K)
[2026-01-06T17:26:30.892+0800][1.578s][info][gc,metaspace   ] GC(942) Metaspace: 3740K(4864K)->3740K(4864K) NonClass: 3420K(4352K)->3420K(4352K) Class: 320K(512K)->320K(512K)
[2026-01-06T17:26:30.892+0800][1.578s][info][gc             ] GC(942) Pause Young (Allocation Failure) 198M->4M(247M) 1.325ms
[2026-01-06T17:26:30.892+0800][1.578s][info][gc,cpu         ] GC(942) User=0.00s Sys=0.00s Real=0.00s
[2026-01-06T17:26:30.894+0800][1.580s][info][gc,start       ] GC(944) Pause Young (Allocation Failure)
[2026-01-06T17:26:30.894+0800][1.580s][info][gc,start       ] GC(945) Pause Full (Allocation Failure)
[2026-01-06T17:26:30.894+0800][1.580s][info][gc,phases,start] GC(945) Phase 1: Mark live objects
[2026-01-06T17:26:30.895+0800][1.580s][info][gc,phases      ] GC(945) Phase 1: Mark live objects 0.456ms
[2026-01-06T17:26:30.895+0800][1.580s][info][gc,phases,start] GC(945) Phase 2: Compute new object addresses
[2026-01-06T17:26:30.895+0800][1.580s][info][gc,phases      ] GC(945) Phase 2: Compute new object addresses 0.069ms
[2026-01-06T17:26:30.895+0800][1.580s][info][gc,phases,start] GC(945) Phase 3: Adjust pointers
[2026-01-06T17:26:30.895+0800][1.581s][info][gc,phases      ] GC(945) Phase 3: Adjust pointers 0.671ms
[2026-01-06T17:26:30.895+0800][1.581s][info][gc,phases,start] GC(945) Phase 4: Move objects
[2026-01-06T17:26:30.895+0800][1.581s][info][gc,phases      ] GC(945) Phase 4: Move objects 0.029ms
[2026-01-06T17:26:30.895+0800][1.581s][info][gc             ] GC(945) Pause Full (Allocation Failure) 133M->4M(247M) 1.249ms
[2026-01-06T17:26:30.895+0800][1.581s][info][gc,heap        ] GC(944) DefNew: 67960K->0K(78720K)
[2026-01-06T17:26:30.895+0800][1.581s][info][gc,heap        ] GC(944) Tenured: 135330K->4258K(174784K)
[2026-01-06T17:26:30.895+0800][1.581s][info][gc,metaspace   ] GC(944) Metaspace: 3740K(4864K)->3740K(4864K) NonClass: 3420K(4352K)->3420K(4352K) Class: 320K(512K)->320K(512K)
[2026-01-06T17:26:30.895+0800][1.581s][info][gc             ] GC(944) Pause Young (Allocation Failure) 198M->4M(247M) 1.338ms
[2026-01-06T17:26:30.895+0800][1.581s][info][gc,cpu         ] GC(944) User=0.00s Sys=0.00s Real=0.00s
[2026-01-06T17:26:30.897+0800][1.583s][info][gc,start       ] GC(946) Pause Young (Allocation Failure)
[2026-01-06T17:26:30.897+0800][1.583s][info][gc,start       ] GC(947) Pause Full (Allocation Failure)
[2026-01-06T17:26:30.897+0800][1.583s][info][gc,phases,start] GC(947) Phase 1: Mark live objects
[2026-01-06T17:26:30.898+0800][1.583s][info][gc,phases      ] GC(947) Phase 1: Mark live objects 0.443ms
[2026-01-06T17:26:30.898+0800][1.583s][info][gc,phases,start] GC(947) Phase 2: Compute new object addresses
[2026-01-06T17:26:30.898+0800][1.583s][info][gc,phases      ] GC(947) Phase 2: Compute new object addresses 0.071ms
[2026-01-06T17:26:30.898+0800][1.583s][info][gc,phases,start] GC(947) Phase 3: Adjust pointers
[2026-01-06T17:26:30.898+0800][1.584s][info][gc,phases      ] GC(947) Phase 3: Adjust pointers 0.676ms
[2026-01-06T17:26:30.898+0800][1.584s][info][gc,phases,start] GC(947) Phase 4: Move objects
[2026-01-06T17:26:30.898+0800][1.584s][info][gc,phases      ] GC(947) Phase 4: Move objects 0.029ms
[2026-01-06T17:26:30.898+0800][1.584s][info][gc             ] GC(947) Pause Full (Allocation Failure) 133M->4M(247M) 1.244ms
[2026-01-06T17:26:30.898+0800][1.584s][info][gc,heap        ] GC(946) DefNew: 67960K->0K(78720K)
[2026-01-06T17:26:30.898+0800][1.584s][info][gc,heap        ] GC(946) Tenured: 135330K->4258K(174784K)
[2026-01-06T17:26:30.898+0800][1.584s][info][gc,metaspace   ] GC(946) Metaspace: 3740K(4864K)->3740K(4864K) NonClass: 3420K(4352K)->3420K(4352K) Class: 320K(512K)->320K(512K)
[2026-01-06T17:26:30.898+0800][1.584s][info][gc             ] GC(946) Pause Young (Allocation Failure) 198M->4M(247M) 1.332ms
[2026-01-06T17:26:30.898+0800][1.584s][info][gc,cpu         ] GC(946) User=0.00s Sys=0.00s Real=0.00s
[2026-01-06T17:26:30.900+0800][1.586s][info][gc,start       ] GC(948) Pause Young (Allocation Failure)
[2026-01-06T17:26:30.900+0800][1.586s][info][gc,start       ] GC(949) Pause Full (Allocation Failure)
[2026-01-06T17:26:30.900+0800][1.586s][info][gc,phases,start] GC(949) Phase 1: Mark live objects
[2026-01-06T17:26:30.901+0800][1.586s][info][gc,phases      ] GC(949) Phase 1: Mark live objects 0.447ms
[2026-01-06T17:26:30.901+0800][1.586s][info][gc,phases,start] GC(949) Phase 2: Compute new object addresses
[2026-01-06T17:26:30.901+0800][1.586s][info][gc,phases      ] GC(949) Phase 2: Compute new object addresses 0.070ms
[2026-01-06T17:26:30.901+0800][1.586s][info][gc,phases,start] GC(949) Phase 3: Adjust pointers
[2026-01-06T17:26:30.902+0800][1.587s][info][gc,phases      ] GC(949) Phase 3: Adjust pointers 0.673ms
[2026-01-06T17:26:30.902+0800][1.587s][info][gc,phases,start] GC(949) Phase 4: Move objects
[2026-01-06T17:26:30.902+0800][1.587s][info][gc,phases      ] GC(949) Phase 4: Move objects 0.029ms
[2026-01-06T17:26:30.902+0800][1.587s][info][gc             ] GC(949) Pause Full (Allocation Failure) 133M->4M(247M) 1.241ms
[2026-01-06T17:26:30.902+0800][1.587s][info][gc,heap        ] GC(948) DefNew: 67960K->0K(78720K)
[2026-01-06T17:26:30.902+0800][1.587s][info][gc,heap        ] GC(948) Tenured: 135330K->4258K(174784K)
[2026-01-06T17:26:30.902+0800][1.587s][info][gc,metaspace   ] GC(948) Metaspace: 3740K(4864K)->3740K(4864K) NonClass: 3420K(4352K)->3420K(4352K) Class: 320K(512K)->320K(512K)
[2026-01-06T17:26:30.902+0800][1.587s][info][gc             ] GC(948) Pause Young (Allocation Failure) 198M->4M(247M) 1.333ms
[2026-01-06T17:26:30.902+0800][1.587s][info][gc,cpu         ] GC(948) User=0.00s Sys=0.00s Real=0.00s
[2026-01-06T17:26:30.903+0800][1.589s][info][gc,start       ] GC(950) Pause Young (Allocation Failure)
[2026-01-06T17:26:30.903+0800][1.589s][info][gc,start       ] GC(951) Pause Full (Allocation Failure)
[2026-01-06T17:26:30.903+0800][1.589s][info][gc,phases,start] GC(951) Phase 1: Mark live objects
[2026-01-06T17:26:30.904+0800][1.589s][info][gc,phases      ] GC(951) Phase 1: Mark live objects 0.444ms
[2026-01-06T17:26:30.904+0800][1.589s][info][gc,phases,start] GC(951) Phase 2: Compute new object addresses
[2026-01-06T17:26:30.904+0800][1.590s][info][gc,phases      ] GC(951) Phase 2: Compute new object addresses 0.074ms
[2026-01-06T17:26:30.904+0800][1.590s][info][gc,phases,start] GC(951) Phase 3: Adjust pointers
[2026-01-06T17:26:30.905+0800][1.590s][info][gc,phases      ] GC(951) Phase 3: Adjust pointers 0.676ms
[2026-01-06T17:26:30.905+0800][1.590s][info][gc,phases,start] GC(951) Phase 4: Move objects
[2026-01-06T17:26:30.905+0800][1.590s][info][gc,phases      ] GC(951) Phase 4: Move objects 0.029ms
[2026-01-06T17:26:30.905+0800][1.590s][info][gc             ] GC(951) Pause Full (Allocation Failure) 133M->4M(247M) 1.245ms
[2026-01-06T17:26:30.905+0800][1.590s][info][gc,heap        ] GC(950) DefNew: 67960K->0K(78720K)
[2026-01-06T17:26:30.905+0800][1.590s][info][gc,heap        ] GC(950) Tenured: 135330K->4258K(174784K)
[2026-01-06T17:26:30.905+0800][1.590s][info][gc,metaspace   ] GC(950) Metaspace: 3740K(4864K)->3740K(4864K) NonClass: 3420K(4352K)->3420K(4352K) Class: 320K(512K)->320K(512K)
[2026-01-06T17:26:30.905+0800][1.590s][info][gc             ] GC(950) Pause Young (Allocation Failure) 198M->4M(247M) 1.333ms
[2026-01-06T17:26:30.905+0800][1.590s][info][gc,cpu         ] GC(950) User=0.00s Sys=0.00s Real=0.00s
[2026-01-06T17:26:30.907+0800][1.592s][info][gc,start       ] GC(952) Pause Young (Allocation Failure)
[2026-01-06T17:26:30.907+0800][1.592s][info][gc,start       ] GC(953) Pause Full (Allocation Failure)
[2026-01-06T17:26:30.907+0800][1.592s][info][gc,phases,start] GC(953) Phase 1: Mark live objects
[2026-01-06T17:26:30.907+0800][1.593s][info][gc,phases      ] GC(953) Phase 1: Mark live objects 0.444ms
[2026-01-06T17:26:30.907+0800][1.593s][info][gc,phases,start] GC(953) Phase 2: Compute new object addresses
[2026-01-06T17:26:30.907+0800][1.593s][info][gc,phases      ] GC(953) Phase 2: Compute new object addresses 0.071ms
[2026-01-06T17:26:30.907+0800][1.593s][info][gc,phases,start] GC(953) Phase 3: Adjust pointers
[2026-01-06T17:26:30.908+0800][1.593s][info][gc,phases      ] GC(953) Phase 3: Adjust pointers 0.677ms
[2026-01-06T17:26:30.908+0800][1.593s][info][gc,phases,start] GC(953) Phase 4: Move objects
[2026-01-06T17:26:30.908+0800][1.593s][info][gc,phases      ] GC(953) Phase 4: Move objects 0.029ms
[2026-01-06T17:26:30.908+0800][1.594s][info][gc             ] GC(953) Pause Full (Allocation Failure) 133M->4M(247M) 1.250ms
[2026-01-06T17:26:30.908+0800][1.594s][info][gc,heap        ] GC(952) DefNew: 67960K->0K(78720K)
[2026-01-06T17:26:30.908+0800][1.594s][info][gc,heap        ] GC(952) Tenured: 135330K->4258K(174784K)
[2026-01-06T17:26:30.908+0800][1.594s][info][gc,metaspace   ] GC(952) Metaspace: 3740K(4864K)->3740K(4864K) NonClass: 3420K(4352K)->3420K(4352K) Class: 320K(512K)->320K(512K)
[2026-01-06T17:26:30.908+0800][1.594s][info][gc             ] GC(952) Pause Young (Allocation Failure) 198M->4M(247M) 1.349ms
[2026-01-06T17:26:30.908+0800][1.594s][info][gc,cpu         ] GC(952) User=0.00s Sys=0.00s Real=0.00s
[2026-01-06T17:26:30.910+0800][1.596s][info][gc,start       ] GC(954) Pause Young (Allocation Failure)
[2026-01-06T17:26:30.910+0800][1.596s][info][gc,start       ] GC(955) Pause Full (Allocation Failure)
[2026-01-06T17:26:30.910+0800][1.596s][info][gc,phases,start] GC(955) Phase 1: Mark live objects
[2026-01-06T17:26:30.910+0800][1.596s][info][gc,phases      ] GC(955) Phase 1: Mark live objects 0.445ms
[2026-01-06T17:26:30.910+0800][1.596s][info][gc,phases,start] GC(955) Phase 2: Compute new object addresses
[2026-01-06T17:26:30.911+0800][1.596s][info][gc,phases      ] GC(955) Phase 2: Compute new object addresses 0.071ms
[2026-01-06T17:26:30.911+0800][1.596s][info][gc,phases,start] GC(955) Phase 3: Adjust pointers
[2026-01-06T17:26:30.911+0800][1.597s][info][gc,phases      ] GC(955) Phase 3: Adjust pointers 0.675ms
[2026-01-06T17:26:30.911+0800][1.597s][info][gc,phases,start] GC(955) Phase 4: Move objects
[2026-01-06T17:26:30.911+0800][1.597s][info][gc,phases      ] GC(955) Phase 4: Move objects 0.029ms
[2026-01-06T17:26:30.911+0800][1.597s][info][gc             ] GC(955) Pause Full (Allocation Failure) 133M->4M(247M) 1.245ms
[2026-01-06T17:26:30.911+0800][1.597s][info][gc,heap        ] GC(954) DefNew: 67960K->0K(78720K)
[2026-01-06T17:26:30.911+0800][1.597s][info][gc,heap        ] GC(954) Tenured: 135330K->4258K(174784K)
[2026-01-06T17:26:30.911+0800][1.597s][info][gc,metaspace   ] GC(954) Metaspace: 3740K(4864K)->3740K(4864K) NonClass: 3420K(4352K)->3420K(4352K) Class: 320K(512K)->320K(512K)
[2026-01-06T17:26:30.911+0800][1.597s][info][gc             ] GC(954) Pause Young (Allocation Failure) 198M->4M(247M) 1.339ms
[2026-01-06T17:26:30.911+0800][1.597s][info][gc,cpu         ] GC(954) User=0.00s Sys=0.00s Real=0.00s
[2026-01-06T17:26:30.913+0800][1.599s][info][gc,start       ] GC(956) Pause Young (Allocation Failure)
[2026-01-06T17:26:30.913+0800][1.599s][info][gc,start       ] GC(957) Pause Full (Allocation Failure)
[2026-01-06T17:26:30.913+0800][1.599s][info][gc,phases,start] GC(957) Phase 1: Mark live objects
[2026-01-06T17:26:30.914+0800][1.599s][info][gc,phases      ] GC(957) Phase 1: Mark live objects 0.446ms
[2026-01-06T17:26:30.914+0800][1.599s][info][gc,phases,start] GC(957) Phase 2: Compute new object addresses
[2026-01-06T17:26:30.914+0800][1.599s][info][gc,phases      ] GC(957) Phase 2: Compute new object addresses 0.075ms
[2026-01-06T17:26:30.914+0800][1.599s][info][gc,phases,start] GC(957) Phase 3: Adjust pointers
[2026-01-06T17:26:30.914+0800][1.600s][info][gc,phases      ] GC(957) Phase 3: Adjust pointers 0.677ms
[2026-01-06T17:26:30.914+0800][1.600s][info][gc,phases,start] GC(957) Phase 4: Move objects
[2026-01-06T17:26:30.915+0800][1.600s][info][gc,phases      ] GC(957) Phase 4: Move objects 0.030ms
[2026-01-06T17:26:30.915+0800][1.600s][info][gc             ] GC(957) Pause Full (Allocation Failure) 133M->4M(247M) 1.256ms
[2026-01-06T17:26:30.915+0800][1.600s][info][gc,heap        ] GC(956) DefNew: 67960K->0K(78720K)
[2026-01-06T17:26:30.915+0800][1.600s][info][gc,heap        ] GC(956) Tenured: 135330K->4258K(174784K)
[2026-01-06T17:26:30.915+0800][1.600s][info][gc,metaspace   ] GC(956) Metaspace: 3740K(4864K)->3740K(4864K) NonClass: 3420K(4352K)->3420K(4352K) Class: 320K(512K)->320K(512K)
[2026-01-06T17:26:30.915+0800][1.600s][info][gc             ] GC(956) Pause Young (Allocation Failure) 198M->4M(247M) 1.346ms
[2026-01-06T17:26:30.915+0800][1.600s][info][gc,cpu         ] GC(956) User=0.01s Sys=0.00s Real=0.00s
[2026-01-06T17:26:30.916+0800][1.602s][info][gc,start       ] GC(958) Pause Young (Allocation Failure)
[2026-01-06T17:26:30.917+0800][1.602s][info][gc,start       ] GC(959) Pause Full (Allocation Failure)
[2026-01-06T17:26:30.917+0800][1.602s][info][gc,phases,start] GC(959) Phase 1: Mark live objects
[2026-01-06T17:26:30.917+0800][1.603s][info][gc,phases      ] GC(959) Phase 1: Mark live objects 0.441ms
[2026-01-06T17:26:30.917+0800][1.603s][info][gc,phases,start] GC(959) Phase 2: Compute new object addresses
[2026-01-06T17:26:30.917+0800][1.603s][info][gc,phases      ] GC(959) Phase 2: Compute new object addresses 0.069ms
[2026-01-06T17:26:30.917+0800][1.603s][info][gc,phases,start] GC(959) Phase 3: Adjust pointers
[2026-01-06T17:26:30.918+0800][1.603s][info][gc,phases      ] GC(959) Phase 3: Adjust pointers 0.674ms
[2026-01-06T17:26:30.918+0800][1.603s][info][gc,phases,start] GC(959) Phase 4: Move objects
[2026-01-06T17:26:30.918+0800][1.603s][info][gc,phases      ] GC(959) Phase 4: Move objects 0.030ms
[2026-01-06T17:26:30.918+0800][1.603s][info][gc             ] GC(959) Pause Full (Allocation Failure) 133M->4M(247M) 1.236ms
[2026-01-06T17:26:30.918+0800][1.603s][info][gc,heap        ] GC(958) DefNew: 67960K->0K(78720K)
[2026-01-06T17:26:30.918+0800][1.603s][info][gc,heap        ] GC(958) Tenured: 135330K->4258K(174784K)
[2026-01-06T17:26:30.918+0800][1.603s][info][gc,metaspace   ] GC(958) Metaspace: 3740K(4864K)->3740K(4864K) NonClass: 3420K(4352K)->3420K(4352K) Class: 320K(512K)->320K(512K)
[2026-01-06T17:26:30.918+0800][1.603s][info][gc             ] GC(958) Pause Young (Allocation Failure) 198M->4M(247M) 1.326ms
[2026-01-06T17:26:30.918+0800][1.603s][info][gc,cpu         ] GC(958) User=0.00s Sys=0.00s Real=0.00s
[2026-01-06T17:26:30.920+0800][1.605s][info][gc,start       ] GC(960) Pause Young (Allocation Failure)
[2026-01-06T17:26:30.920+0800][1.605s][info][gc,start       ] GC(961) Pause Full (Allocation Failure)
[2026-01-06T17:26:30.920+0800][1.605s][info][gc,phases,start] GC(961) Phase 1: Mark live objects
[2026-01-06T17:26:30.920+0800][1.606s][info][gc,phases      ] GC(961) Phase 1: Mark live objects 0.441ms
[2026-01-06T17:26:30.920+0800][1.606s][info][gc,phases,start] GC(961) Phase 2: Compute new object addresses
[2026-01-06T17:26:30.920+0800][1.606s][info][gc,phases      ] GC(961) Phase 2: Compute new object addresses 0.073ms
[2026-01-06T17:26:30.920+0800][1.606s][info][gc,phases,start] GC(961) Phase 3: Adjust pointers
[2026-01-06T17:26:30.921+0800][1.606s][info][gc,phases      ] GC(961) Phase 3: Adjust pointers 0.677ms
[2026-01-06T17:26:30.921+0800][1.606s][info][gc,phases,start] GC(961) Phase 4: Move objects
[2026-01-06T17:26:30.921+0800][1.607s][info][gc,phases      ] GC(961) Phase 4: Move objects 0.029ms
[2026-01-06T17:26:30.921+0800][1.607s][info][gc             ] GC(961) Pause Full (Allocation Failure) 133M->4M(247M) 1.242ms
[2026-01-06T17:26:30.921+0800][1.607s][info][gc,heap        ] GC(960) DefNew: 67960K->0K(78720K)
[2026-01-06T17:26:30.921+0800][1.607s][info][gc,heap        ] GC(960) Tenured: 135330K->4258K(174784K)
[2026-01-06T17:26:30.921+0800][1.607s][info][gc,metaspace   ] GC(960) Metaspace: 3740K(4864K)->3740K(4864K) NonClass: 3420K(4352K)->3420K(4352K) Class: 320K(512K)->320K(512K)
[2026-01-06T17:26:30.921+0800][1.607s][info][gc             ] GC(960) Pause Young (Allocation Failure) 198M->4M(247M) 1.334ms
[2026-01-06T17:26:30.921+0800][1.607s][info][gc,cpu         ] GC(960) User=0.00s Sys=0.00s Real=0.00s
[2026-01-06T17:26:30.923+0800][1.608s][info][gc,start       ] GC(962) Pause Young (Allocation Failure)
[2026-01-06T17:26:30.923+0800][1.608s][info][gc,start       ] GC(963) Pause Full (Allocation Failure)
[2026-01-06T17:26:30.923+0800][1.608s][info][gc,phases,start] GC(963) Phase 1: Mark live objects
[2026-01-06T17:26:30.923+0800][1.609s][info][gc,phases      ] GC(963) Phase 1: Mark live objects 0.443ms
[2026-01-06T17:26:30.923+0800][1.609s][info][gc,phases,start] GC(963) Phase 2: Compute new object addresses
[2026-01-06T17:26:30.923+0800][1.609s][info][gc,phases      ] GC(963) Phase 2: Compute new object addresses 0.070ms
[2026-01-06T17:26:30.923+0800][1.609s][info][gc,phases,start] GC(963) Phase 3: Adjust pointers
[2026-01-06T17:26:30.924+0800][1.610s][info][gc,phases      ] GC(963) Phase 3: Adjust pointers 0.675ms
[2026-01-06T17:26:30.924+0800][1.610s][info][gc,phases,start] GC(963) Phase 4: Move objects
[2026-01-06T17:26:30.924+0800][1.610s][info][gc,phases      ] GC(963) Phase 4: Move objects 0.027ms
[2026-01-06T17:26:30.924+0800][1.610s][info][gc             ] GC(963) Pause Full (Allocation Failure) 133M->5M(247M) 1.242ms
[2026-01-06T17:26:30.924+0800][1.610s][info][gc,heap        ] GC(962) DefNew: 67960K->0K(78720K)
[2026-01-06T17:26:30.924+0800][1.610s][info][gc,heap        ] GC(962) Tenured: 135330K->5795K(174784K)
[2026-01-06T17:26:30.924+0800][1.610s][info][gc,metaspace   ] GC(962) Metaspace: 3740K(4864K)->3740K(4864K) NonClass: 3420K(4352K)->3420K(4352K) Class: 320K(512K)->320K(512K)
[2026-01-06T17:26:30.924+0800][1.610s][info][gc             ] GC(962) Pause Young (Allocation Failure) 198M->5M(247M) 1.321ms
[2026-01-06T17:26:30.924+0800][1.610s][info][gc,cpu         ] GC(962) User=0.01s Sys=0.00s Real=0.00s
[2026-01-06T17:26:30.926+0800][1.612s][info][gc,start       ] GC(964) Pause Young (Allocation Failure)
[2026-01-06T17:26:30.926+0800][1.612s][info][gc,start       ] GC(965) Pause Full (Allocation Failure)
[2026-01-06T17:26:30.926+0800][1.612s][info][gc,phases,start] GC(965) Phase 1: Mark live objects
[2026-01-06T17:26:30.926+0800][1.612s][info][gc,phases      ] GC(965) Phase 1: Mark live objects 0.444ms
[2026-01-06T17:26:30.926+0800][1.612s][info][gc,phases,start] GC(965) Phase 2: Compute new object addresses
[2026-01-06T17:26:30.927+0800][1.612s][info][gc,phases      ] GC(965) Phase 2: Compute new object addresses 0.068ms
[2026-01-06T17:26:30.927+0800][1.612s][info][gc,phases,start] GC(965) Phase 3: Adjust pointers
[2026-01-06T17:26:30.927+0800][1.613s][info][gc,phases      ] GC(965) Phase 3: Adjust pointers 0.674ms
[2026-01-06T17:26:30.927+0800][1.613s][info][gc,phases,start] GC(965) Phase 4: Move objects
[2026-01-06T17:26:30.927+0800][1.613s][info][gc,phases      ] GC(965) Phase 4: Move objects 0.027ms
[2026-01-06T17:26:30.927+0800][1.613s][info][gc             ] GC(965) Pause Full (Allocation Failure) 135M->5M(247M) 1.235ms
[2026-01-06T17:26:30.927+0800][1.613s][info][gc,heap        ] GC(964) DefNew: 67960K->0K(78720K)
[2026-01-06T17:26:30.927+0800][1.613s][info][gc,heap        ] GC(964) Tenured: 136867K->5795K(174784K)
[2026-01-06T17:26:30.927+0800][1.613s][info][gc,metaspace   ] GC(964) Metaspace: 3740K(4864K)->3740K(4864K) NonClass: 3420K(4352K)->3420K(4352K) Class: 320K(512K)->320K(512K)
[2026-01-06T17:26:30.927+0800][1.613s][info][gc             ] GC(964) Pause Young (Allocation Failure) 200M->5M(247M) 1.313ms
[2026-01-06T17:26:30.927+0800][1.613s][info][gc,cpu         ] GC(964) User=0.00s Sys=0.00s Real=0.00s
[2026-01-06T17:26:30.929+0800][1.615s][info][gc,start       ] GC(966) Pause Young (Allocation Failure)
[2026-01-06T17:26:30.929+0800][1.615s][info][gc,start       ] GC(967) Pause Full (Allocation Failure)
[2026-01-06T17:26:30.929+0800][1.615s][info][gc,phases,start] GC(967) Phase 1: Mark live objects
[2026-01-06T17:26:30.930+0800][1.615s][info][gc,phases      ] GC(967) Phase 1: Mark live objects 0.444ms
[2026-01-06T17:26:30.930+0800][1.615s][info][gc,phases,start] GC(967) Phase 2: Compute new object addresses
[2026-01-06T17:26:30.930+0800][1.615s][info][gc,phases      ] GC(967) Phase 2: Compute new object addresses 0.070ms
[2026-01-06T17:26:30.930+0800][1.615s][info][gc,phases,start] GC(967) Phase 3: Adjust pointers
[2026-01-06T17:26:30.930+0800][1.616s][info][gc,phases      ] GC(967) Phase 3: Adjust pointers 0.674ms
[2026-01-06T17:26:30.930+0800][1.616s][info][gc,phases,start] GC(967) Phase 4: Move objects
[2026-01-06T17:26:30.930+0800][1.616s][info][gc,phases      ] GC(967) Phase 4: Move objects 0.028ms
[2026-01-06T17:26:30.930+0800][1.616s][info][gc             ] GC(967) Pause Full (Allocation Failure) 135M->5M(247M) 1.241ms
[2026-01-06T17:26:30.930+0800][1.616s][info][gc,heap        ] GC(966) DefNew: 67960K->0K(78720K)
[2026-01-06T17:26:30.930+0800][1.616s][info][gc,heap        ] GC(966) Tenured: 136867K->5795K(174784K)
[2026-01-06T17:26:30.930+0800][1.616s][info][gc,metaspace   ] GC(966) Metaspace: 3740K(4864K)->3740K(4864K) NonClass: 3420K(4352K)->3420K(4352K) Class: 320K(512K)->320K(512K)
[2026-01-06T17:26:30.930+0800][1.616s][info][gc             ] GC(966) Pause Young (Allocation Failure) 200M->5M(247M) 1.319ms
[2026-01-06T17:26:30.930+0800][1.616s][info][gc,cpu         ] GC(966) User=0.00s Sys=0.00s Real=0.01s
[2026-01-06T17:26:30.932+0800][1.618s][info][gc,start       ] GC(968) Pause Young (Allocation Failure)
[2026-01-06T17:26:30.933+0800][1.618s][info][gc,start       ] GC(969) Pause Full (Allocation Failure)
[2026-01-06T17:26:30.933+0800][1.618s][info][gc,phases,start] GC(969) Phase 1: Mark live objects
[2026-01-06T17:26:30.933+0800][1.619s][info][gc,phases      ] GC(969) Phase 1: Mark live objects 0.447ms
[2026-01-06T17:26:30.933+0800][1.619s][info][gc,phases,start] GC(969) Phase 2: Compute new object addresses
[2026-01-06T17:26:30.933+0800][1.619s][info][gc,phases      ] GC(969) Phase 2: Compute new object addresses 0.066ms
[2026-01-06T17:26:30.933+0800][1.619s][info][gc,phases,start] GC(969) Phase 3: Adjust pointers
[2026-01-06T17:26:30.934+0800][1.619s][info][gc,phases      ] GC(969) Phase 3: Adjust pointers 0.692ms
[2026-01-06T17:26:30.934+0800][1.619s][info][gc,phases,start] GC(969) Phase 4: Move objects
[2026-01-06T17:26:30.934+0800][1.619s][info][gc,phases      ] GC(969) Phase 4: Move objects 0.030ms
[2026-01-06T17:26:30.934+0800][1.619s][info][gc             ] GC(969) Pause Full (Allocation Failure) 135M->4M(247M) 1.257ms
[2026-01-06T17:26:30.934+0800][1.619s][info][gc,heap        ] GC(968) DefNew: 67960K->0K(78720K)
[2026-01-06T17:26:30.934+0800][1.619s][info][gc,heap        ] GC(968) Tenured: 136867K->4258K(174784K)
[2026-01-06T17:26:30.934+0800][1.619s][info][gc,metaspace   ] GC(968) Metaspace: 3744K(4864K)->3744K(4864K) NonClass: 3423K(4352K)->3423K(4352K) Class: 320K(512K)->320K(512K)
[2026-01-06T17:26:30.934+0800][1.619s][info][gc             ] GC(968) Pause Young (Allocation Failure) 200M->4M(247M) 1.335ms
[2026-01-06T17:26:30.934+0800][1.619s][info][gc,cpu         ] GC(968) User=0.01s Sys=0.00s Real=0.00s
[2026-01-06T17:26:30.936+0800][1.621s][info][gc,start       ] GC(970) Pause Young (Allocation Failure)
[2026-01-06T17:26:30.936+0800][1.621s][info][gc,start       ] GC(971) Pause Full (Allocation Failure)
[2026-01-06T17:26:30.936+0800][1.621s][info][gc,phases,start] GC(971) Phase 1: Mark live objects
[2026-01-06T17:26:30.936+0800][1.622s][info][gc,phases      ] GC(971) Phase 1: Mark live objects 0.450ms
[2026-01-06T17:26:30.936+0800][1.622s][info][gc,phases,start] GC(971) Phase 2: Compute new object addresses
[2026-01-06T17:26:30.936+0800][1.622s][info][gc,phases      ] GC(971) Phase 2: Compute new object addresses 0.071ms
[2026-01-06T17:26:30.936+0800][1.622s][info][gc,phases,start] GC(971) Phase 3: Adjust pointers
[2026-01-06T17:26:30.937+0800][1.623s][info][gc,phases      ] GC(971) Phase 3: Adjust pointers 0.675ms
[2026-01-06T17:26:30.937+0800][1.623s][info][gc,phases,start] GC(971) Phase 4: Move objects
[2026-01-06T17:26:30.937+0800][1.623s][info][gc,phases      ] GC(971) Phase 4: Move objects 0.031ms
[2026-01-06T17:26:30.937+0800][1.623s][info][gc             ] GC(971) Pause Full (Allocation Failure) 133M->4M(247M) 1.252ms
[2026-01-06T17:26:30.937+0800][1.623s][info][gc,heap        ] GC(970) DefNew: 67960K->0K(78720K)
[2026-01-06T17:26:30.937+0800][1.623s][info][gc,heap        ] GC(970) Tenured: 135330K->4332K(174784K)
[2026-01-06T17:26:30.937+0800][1.623s][info][gc,metaspace   ] GC(970) Metaspace: 3744K(4864K)->3744K(4864K) NonClass: 3423K(4352K)->3423K(4352K) Class: 320K(512K)->320K(512K)
[2026-01-06T17:26:30.937+0800][1.623s][info][gc             ] GC(970) Pause Young (Allocation Failure) 198M->4M(247M) 1.349ms
[2026-01-06T17:26:30.937+0800][1.623s][info][gc,cpu         ] GC(970) User=0.00s Sys=0.00s Real=0.00s
[2026-01-06T17:26:30.939+0800][1.624s][info][gc,start       ] GC(972) Pause Young (Allocation Failure)
[2026-01-06T17:26:30.939+0800][1.625s][info][gc,start       ] GC(973) Pause Full (Allocation Failure)
[2026-01-06T17:26:30.939+0800][1.625s][info][gc,phases,start] GC(973) Phase 1: Mark live objects
[2026-01-06T17:26:30.939+0800][1.625s][info][gc,phases      ] GC(973) Phase 1: Mark live objects 0.442ms
[2026-01-06T17:26:30.939+0800][1.625s][info][gc,phases,start] GC(973) Phase 2: Compute new object addresses
[2026-01-06T17:26:30.939+0800][1.625s][info][gc,phases      ] GC(973) Phase 2: Compute new object addresses 0.073ms
[2026-01-06T17:26:30.939+0800][1.625s][info][gc,phases,start] GC(973) Phase 3: Adjust pointers
[2026-01-06T17:26:30.940+0800][1.626s][info][gc,phases      ] GC(973) Phase 3: Adjust pointers 0.674ms
[2026-01-06T17:26:30.940+0800][1.626s][info][gc,phases,start] GC(973) Phase 4: Move objects
[2026-01-06T17:26:30.940+0800][1.626s][info][gc,phases      ] GC(973) Phase 4: Move objects 0.030ms
[2026-01-06T17:26:30.940+0800][1.626s][info][gc             ] GC(973) Pause Full (Allocation Failure) 133M->4M(247M) 1.243ms
[2026-01-06T17:26:30.940+0800][1.626s][info][gc,heap        ] GC(972) DefNew: 67960K->0K(78720K)
[2026-01-06T17:26:30.940+0800][1.626s][info][gc,heap        ] GC(972) Tenured: 135404K->4332K(174784K)
[2026-01-06T17:26:30.940+0800][1.626s][info][gc,metaspace   ] GC(972) Metaspace: 3744K(4864K)->3744K(4864K) NonClass: 3423K(4352K)->3423K(4352K) Class: 320K(512K)->320K(512K)
[2026-01-06T17:26:30.940+0800][1.626s][info][gc             ] GC(972) Pause Young (Allocation Failure) 198M->4M(247M) 1.332ms
[2026-01-06T17:26:30.940+0800][1.626s][info][gc,cpu         ] GC(972) User=0.00s Sys=0.00s Real=0.01s
[2026-01-06T17:26:30.942+0800][1.628s][info][gc,start       ] GC(974) Pause Young (Allocation Failure)
[2026-01-06T17:26:30.942+0800][1.628s][info][gc,start       ] GC(975) Pause Full (Allocation Failure)
[2026-01-06T17:26:30.942+0800][1.628s][info][gc,phases,start] GC(975) Phase 1: Mark live objects
[2026-01-06T17:26:30.943+0800][1.628s][info][gc,phases      ] GC(975) Phase 1: Mark live objects 0.443ms
[2026-01-06T17:26:30.943+0800][1.628s][info][gc,phases,start] GC(975) Phase 2: Compute new object addresses
[2026-01-06T17:26:30.943+0800][1.628s][info][gc,phases      ] GC(975) Phase 2: Compute new object addresses 0.074ms
[2026-01-06T17:26:30.943+0800][1.628s][info][gc,phases,start] GC(975) Phase 3: Adjust pointers
[2026-01-06T17:26:30.943+0800][1.629s][info][gc,phases      ] GC(975) Phase 3: Adjust pointers 0.677ms
[2026-01-06T17:26:30.943+0800][1.629s][info][gc,phases,start] GC(975) Phase 4: Move objects
[2026-01-06T17:26:30.943+0800][1.629s][info][gc,phases      ] GC(975) Phase 4: Move objects 0.029ms
[2026-01-06T17:26:30.943+0800][1.629s][info][gc             ] GC(975) Pause Full (Allocation Failure) 133M->4M(247M) 1.245ms
[2026-01-06T17:26:30.943+0800][1.629s][info][gc,heap        ] GC(974) DefNew: 67960K->0K(78720K)
[2026-01-06T17:26:30.943+0800][1.629s][info][gc,heap        ] GC(974) Tenured: 135404K->4332K(174784K)
[2026-01-06T17:26:30.943+0800][1.629s][info][gc,metaspace   ] GC(974) Metaspace: 3744K(4864K)->3744K(4864K) NonClass: 3423K(4352K)->3423K(4352K) Class: 320K(512K)->320K(512K)
[2026-01-06T17:26:30.943+0800][1.629s][info][gc             ] GC(974) Pause Young (Allocation Failure) 198M->4M(247M) 1.338ms
[2026-01-06T17:26:30.943+0800][1.629s][info][gc,cpu         ] GC(974) User=0.01s Sys=0.00s Real=0.00s
[2026-01-06T17:26:30.945+0800][1.631s][info][gc,start       ] GC(976) Pause Young (Allocation Failure)
[2026-01-06T17:26:30.945+0800][1.631s][info][gc,start       ] GC(977) Pause Full (Allocation Failure)
[2026-01-06T17:26:30.945+0800][1.631s][info][gc,phases,start] GC(977) Phase 1: Mark live objects
[2026-01-06T17:26:30.946+0800][1.631s][info][gc,phases      ] GC(977) Phase 1: Mark live objects 0.441ms
[2026-01-06T17:26:30.946+0800][1.631s][info][gc,phases,start] GC(977) Phase 2: Compute new object addresses
[2026-01-06T17:26:30.946+0800][1.631s][info][gc,phases      ] GC(977) Phase 2: Compute new object addresses 0.069ms
[2026-01-06T17:26:30.946+0800][1.631s][info][gc,phases,start] GC(977) Phase 3: Adjust pointers
[2026-01-06T17:26:30.946+0800][1.632s][info][gc,phases      ] GC(977) Phase 3: Adjust pointers 0.693ms
[2026-01-06T17:26:30.946+0800][1.632s][info][gc,phases,start] GC(977) Phase 4: Move objects
[2026-01-06T17:26:30.946+0800][1.632s][info][gc,phases      ] GC(977) Phase 4: Move objects 0.029ms
[2026-01-06T17:26:30.946+0800][1.632s][info][gc             ] GC(977) Pause Full (Allocation Failure) 133M->4M(247M) 1.254ms
[2026-01-06T17:26:30.946+0800][1.632s][info][gc,heap        ] GC(976) DefNew: 67960K->0K(78720K)
[2026-01-06T17:26:30.946+0800][1.632s][info][gc,heap        ] GC(976) Tenured: 135404K->4258K(174784K)
[2026-01-06T17:26:30.946+0800][1.632s][info][gc,metaspace   ] GC(976) Metaspace: 3744K(4864K)->3744K(4864K) NonClass: 3423K(4352K)->3423K(4352K) Class: 320K(512K)->320K(512K)
[2026-01-06T17:26:30.946+0800][1.632s][info][gc             ] GC(976) Pause Young (Allocation Failure) 198M->4M(247M) 1.344ms
[2026-01-06T17:26:30.946+0800][1.632s][info][gc,cpu         ] GC(976) User=0.00s Sys=0.00s Real=0.00s
[2026-01-06T17:26:30.948+0800][1.634s][info][gc,start       ] GC(978) Pause Young (Allocation Failure)
[2026-01-06T17:26:30.948+0800][1.634s][info][gc,start       ] GC(979) Pause Full (Allocation Failure)
[2026-01-06T17:26:30.948+0800][1.634s][info][gc,phases,start] GC(979) Phase 1: Mark live objects
[2026-01-06T17:26:30.949+0800][1.634s][info][gc,phases      ] GC(979) Phase 1: Mark live objects 0.443ms
[2026-01-06T17:26:30.949+0800][1.634s][info][gc,phases,start] GC(979) Phase 2: Compute new object addresses
[2026-01-06T17:26:30.949+0800][1.635s][info][gc,phases      ] GC(979) Phase 2: Compute new object addresses 0.075ms
[2026-01-06T17:26:30.949+0800][1.635s][info][gc,phases,start] GC(979) Phase 3: Adjust pointers
[2026-01-06T17:26:30.950+0800][1.635s][info][gc,phases      ] GC(979) Phase 3: Adjust pointers 0.678ms
[2026-01-06T17:26:30.950+0800][1.635s][info][gc,phases,start] GC(979) Phase 4: Move objects
[2026-01-06T17:26:30.950+0800][1.635s][info][gc,phases      ] GC(979) Phase 4: Move objects 0.029ms
[2026-01-06T17:26:30.950+0800][1.635s][info][gc             ] GC(979) Pause Full (Allocation Failure) 133M->4M(247M) 1.246ms
[2026-01-06T17:26:30.950+0800][1.635s][info][gc,heap        ] GC(978) DefNew: 67960K->0K(78720K)
[2026-01-06T17:26:30.950+0800][1.635s][info][gc,heap        ] GC(978) Tenured: 135330K->4258K(174784K)
[2026-01-06T17:26:30.950+0800][1.635s][info][gc,metaspace   ] GC(978) Metaspace: 3744K(4864K)->3744K(4864K) NonClass: 3423K(4352K)->3423K(4352K) Class: 320K(512K)->320K(512K)
[2026-01-06T17:26:30.950+0800][1.635s][info][gc             ] GC(978) Pause Young (Allocation Failure) 198M->4M(247M) 1.336ms
[2026-01-06T17:26:30.950+0800][1.635s][info][gc,cpu         ] GC(978) User=0.00s Sys=0.00s Real=0.01s
[2026-01-06T17:26:30.952+0800][1.637s][info][gc,start       ] GC(980) Pause Young (Allocation Failure)
[2026-01-06T17:26:30.952+0800][1.637s][info][gc,start       ] GC(981) Pause Full (Allocation Failure)
[2026-01-06T17:26:30.952+0800][1.637s][info][gc,phases,start] GC(981) Phase 1: Mark live objects
[2026-01-06T17:26:30.952+0800][1.638s][info][gc,phases      ] GC(981) Phase 1: Mark live objects 0.441ms
[2026-01-06T17:26:30.952+0800][1.638s][info][gc,phases,start] GC(981) Phase 2: Compute new object addresses
[2026-01-06T17:26:30.952+0800][1.638s][info][gc,phases      ] GC(981) Phase 2: Compute new object addresses 0.072ms
[2026-01-06T17:26:30.952+0800][1.638s][info][gc,phases,start] GC(981) Phase 3: Adjust pointers
[2026-01-06T17:26:30.953+0800][1.638s][info][gc,phases      ] GC(981) Phase 3: Adjust pointers 0.676ms
[2026-01-06T17:26:30.953+0800][1.638s][info][gc,phases,start] GC(981) Phase 4: Move objects
[2026-01-06T17:26:30.953+0800][1.638s][info][gc,phases      ] GC(981) Phase 4: Move objects 0.029ms
[2026-01-06T17:26:30.953+0800][1.638s][info][gc             ] GC(981) Pause Full (Allocation Failure) 133M->4M(247M) 1.241ms
[2026-01-06T17:26:30.953+0800][1.638s][info][gc,heap        ] GC(980) DefNew: 67960K->0K(78720K)
[2026-01-06T17:26:30.953+0800][1.638s][info][gc,heap        ] GC(980) Tenured: 135330K->4258K(174784K)
[2026-01-06T17:26:30.953+0800][1.638s][info][gc,metaspace   ] GC(980) Metaspace: 3744K(4864K)->3744K(4864K) NonClass: 3423K(4352K)->3423K(4352K) Class: 320K(512K)->320K(512K)
[2026-01-06T17:26:30.953+0800][1.638s][info][gc             ] GC(980) Pause Young (Allocation Failure) 198M->4M(247M) 1.331ms
[2026-01-06T17:26:30.953+0800][1.638s][info][gc,cpu         ] GC(980) User=0.00s Sys=0.00s Real=0.00s
[2026-01-06T17:26:30.955+0800][1.640s][info][gc,start       ] GC(982) Pause Young (Allocation Failure)
[2026-01-06T17:26:30.955+0800][1.640s][info][gc,start       ] GC(983) Pause Full (Allocation Failure)
[2026-01-06T17:26:30.955+0800][1.640s][info][gc,phases,start] GC(983) Phase 1: Mark live objects
[2026-01-06T17:26:30.955+0800][1.641s][info][gc,phases      ] GC(983) Phase 1: Mark live objects 0.447ms
[2026-01-06T17:26:30.955+0800][1.641s][info][gc,phases,start] GC(983) Phase 2: Compute new object addresses
[2026-01-06T17:26:30.955+0800][1.641s][info][gc,phases      ] GC(983) Phase 2: Compute new object addresses 0.075ms
[2026-01-06T17:26:30.955+0800][1.641s][info][gc,phases,start] GC(983) Phase 3: Adjust pointers
[2026-01-06T17:26:30.956+0800][1.642s][info][gc,phases      ] GC(983) Phase 3: Adjust pointers 0.676ms
[2026-01-06T17:26:30.956+0800][1.642s][info][gc,phases,start] GC(983) Phase 4: Move objects
[2026-01-06T17:26:30.956+0800][1.642s][info][gc,phases      ] GC(983) Phase 4: Move objects 0.029ms
[2026-01-06T17:26:30.956+0800][1.642s][info][gc             ] GC(983) Pause Full (Allocation Failure) 133M->4M(247M) 1.248ms
[2026-01-06T17:26:30.956+0800][1.642s][info][gc,heap        ] GC(982) DefNew: 67960K->0K(78720K)
[2026-01-06T17:26:30.956+0800][1.642s][info][gc,heap        ] GC(982) Tenured: 135330K->4258K(174784K)
[2026-01-06T17:26:30.956+0800][1.642s][info][gc,metaspace   ] GC(982) Metaspace: 3744K(4864K)->3744K(4864K) NonClass: 3423K(4352K)->3423K(4352K) Class: 320K(512K)->320K(512K)
[2026-01-06T17:26:30.956+0800][1.642s][info][gc             ] GC(982) Pause Young (Allocation Failure) 198M->4M(247M) 1.337ms
[2026-01-06T17:26:30.956+0800][1.642s][info][gc,cpu         ] GC(982) User=0.00s Sys=0.00s Real=0.00s
[2026-01-06T17:26:30.958+0800][1.643s][info][gc,start       ] GC(984) Pause Young (Allocation Failure)
[2026-01-06T17:26:30.958+0800][1.643s][info][gc,start       ] GC(985) Pause Full (Allocation Failure)
[2026-01-06T17:26:30.958+0800][1.643s][info][gc,phases,start] GC(985) Phase 1: Mark live objects
[2026-01-06T17:26:30.958+0800][1.644s][info][gc,phases      ] GC(985) Phase 1: Mark live objects 0.445ms
[2026-01-06T17:26:30.958+0800][1.644s][info][gc,phases,start] GC(985) Phase 2: Compute new object addresses
[2026-01-06T17:26:30.958+0800][1.644s][info][gc,phases      ] GC(985) Phase 2: Compute new object addresses 0.072ms
[2026-01-06T17:26:30.958+0800][1.644s][info][gc,phases,start] GC(985) Phase 3: Adjust pointers
[2026-01-06T17:26:30.959+0800][1.645s][info][gc,phases      ] GC(985) Phase 3: Adjust pointers 0.691ms
[2026-01-06T17:26:30.959+0800][1.645s][info][gc,phases,start] GC(985) Phase 4: Move objects
[2026-01-06T17:26:30.959+0800][1.645s][info][gc,phases      ] GC(985) Phase 4: Move objects 0.028ms
[2026-01-06T17:26:30.959+0800][1.645s][info][gc             ] GC(985) Pause Full (Allocation Failure) 133M->4M(247M) 1.257ms
[2026-01-06T17:26:30.959+0800][1.645s][info][gc,heap        ] GC(984) DefNew: 67960K->0K(78720K)
[2026-01-06T17:26:30.959+0800][1.645s][info][gc,heap        ] GC(984) Tenured: 135330K->4258K(174784K)
[2026-01-06T17:26:30.959+0800][1.645s][info][gc,metaspace   ] GC(984) Metaspace: 3744K(4864K)->3744K(4864K) NonClass: 3423K(4352K)->3423K(4352K) Class: 320K(512K)->320K(512K)
[2026-01-06T17:26:30.959+0800][1.645s][info][gc             ] GC(984) Pause Young (Allocation Failure) 198M->4M(247M) 1.347ms
[2026-01-06T17:26:30.959+0800][1.645s][info][gc,cpu         ] GC(984) User=0.00s Sys=0.00s Real=0.00s
[2026-01-06T17:26:30.961+0800][1.646s][info][gc,start       ] GC(986) Pause Young (Allocation Failure)
[2026-01-06T17:26:30.961+0800][1.647s][info][gc,start       ] GC(987) Pause Full (Allocation Failure)
[2026-01-06T17:26:30.961+0800][1.647s][info][gc,phases,start] GC(987) Phase 1: Mark live objects
[2026-01-06T17:26:30.961+0800][1.647s][info][gc,phases      ] GC(987) Phase 1: Mark live objects 0.446ms
[2026-01-06T17:26:30.961+0800][1.647s][info][gc,phases,start] GC(987) Phase 2: Compute new object addresses
[2026-01-06T17:26:30.961+0800][1.647s][info][gc,phases      ] GC(987) Phase 2: Compute new object addresses 0.071ms
[2026-01-06T17:26:30.961+0800][1.647s][info][gc,phases,start] GC(987) Phase 3: Adjust pointers
[2026-01-06T17:26:30.962+0800][1.648s][info][gc,phases      ] GC(987) Phase 3: Adjust pointers 0.674ms
[2026-01-06T17:26:30.962+0800][1.648s][info][gc,phases,start] GC(987) Phase 4: Move objects
[2026-01-06T17:26:30.962+0800][1.648s][info][gc,phases      ] GC(987) Phase 4: Move objects 0.029ms
[2026-01-06T17:26:30.962+0800][1.648s][info][gc             ] GC(987) Pause Full (Allocation Failure) 133M->4M(247M) 1.241ms
[2026-01-06T17:26:30.962+0800][1.648s][info][gc,heap        ] GC(986) DefNew: 67960K->0K(78720K)
[2026-01-06T17:26:30.962+0800][1.648s][info][gc,heap        ] GC(986) Tenured: 135330K->4258K(174784K)
[2026-01-06T17:26:30.962+0800][1.648s][info][gc,metaspace   ] GC(986) Metaspace: 3744K(4864K)->3744K(4864K) NonClass: 3423K(4352K)->3423K(4352K) Class: 320K(512K)->320K(512K)
[2026-01-06T17:26:30.962+0800][1.648s][info][gc             ] GC(986) Pause Young (Allocation Failure) 198M->4M(247M) 1.330ms
[2026-01-06T17:26:30.962+0800][1.648s][info][gc,cpu         ] GC(986) User=0.00s Sys=0.00s Real=0.00s
[2026-01-06T17:26:30.964+0800][1.650s][info][gc,start       ] GC(988) Pause Young (Allocation Failure)
[2026-01-06T17:26:30.964+0800][1.650s][info][gc,start       ] GC(989) Pause Full (Allocation Failure)
[2026-01-06T17:26:30.964+0800][1.650s][info][gc,phases,start] GC(989) Phase 1: Mark live objects
[2026-01-06T17:26:30.964+0800][1.650s][info][gc,phases      ] GC(989) Phase 1: Mark live objects 0.446ms
[2026-01-06T17:26:30.964+0800][1.650s][info][gc,phases,start] GC(989) Phase 2: Compute new object addresses
[2026-01-06T17:26:30.965+0800][1.650s][info][gc,phases      ] GC(989) Phase 2: Compute new object addresses 0.075ms
[2026-01-06T17:26:30.965+0800][1.650s][info][gc,phases,start] GC(989) Phase 3: Adjust pointers
[2026-01-06T17:26:30.965+0800][1.651s][info][gc,phases      ] GC(989) Phase 3: Adjust pointers 0.676ms
[2026-01-06T17:26:30.965+0800][1.651s][info][gc,phases,start] GC(989) Phase 4: Move objects
[2026-01-06T17:26:30.965+0800][1.651s][info][gc,phases      ] GC(989) Phase 4: Move objects 0.029ms
[2026-01-06T17:26:30.965+0800][1.651s][info][gc             ] GC(989) Pause Full (Allocation Failure) 133M->4M(247M) 1.248ms
[2026-01-06T17:26:30.965+0800][1.651s][info][gc,heap        ] GC(988) DefNew: 67960K->0K(78720K)
[2026-01-06T17:26:30.965+0800][1.651s][info][gc,heap        ] GC(988) Tenured: 135330K->4258K(174784K)
[2026-01-06T17:26:30.965+0800][1.651s][info][gc,metaspace   ] GC(988) Metaspace: 3744K(4864K)->3744K(4864K) NonClass: 3423K(4352K)->3423K(4352K) Class: 320K(512K)->320K(512K)
[2026-01-06T17:26:30.965+0800][1.651s][info][gc             ] GC(988) Pause Young (Allocation Failure) 198M->4M(247M) 1.336ms
[2026-01-06T17:26:30.965+0800][1.651s][info][gc,cpu         ] GC(988) User=0.00s Sys=0.00s Real=0.00s
[2026-01-06T17:26:30.967+0800][1.653s][info][gc,start       ] GC(990) Pause Young (Allocation Failure)
[2026-01-06T17:26:30.967+0800][1.653s][info][gc,start       ] GC(991) Pause Full (Allocation Failure)
[2026-01-06T17:26:30.967+0800][1.653s][info][gc,phases,start] GC(991) Phase 1: Mark live objects
[2026-01-06T17:26:30.968+0800][1.653s][info][gc,phases      ] GC(991) Phase 1: Mark live objects 0.442ms
[2026-01-06T17:26:30.968+0800][1.653s][info][gc,phases,start] GC(991) Phase 2: Compute new object addresses
[2026-01-06T17:26:30.968+0800][1.653s][info][gc,phases      ] GC(991) Phase 2: Compute new object addresses 0.072ms
[2026-01-06T17:26:30.968+0800][1.653s][info][gc,phases,start] GC(991) Phase 3: Adjust pointers
[2026-01-06T17:26:30.968+0800][1.654s][info][gc,phases      ] GC(991) Phase 3: Adjust pointers 0.674ms
[2026-01-06T17:26:30.968+0800][1.654s][info][gc,phases,start] GC(991) Phase 4: Move objects
[2026-01-06T17:26:30.968+0800][1.654s][info][gc,phases      ] GC(991) Phase 4: Move objects 0.029ms
[2026-01-06T17:26:30.968+0800][1.654s][info][gc             ] GC(991) Pause Full (Allocation Failure) 133M->4M(247M) 1.238ms
[2026-01-06T17:26:30.968+0800][1.654s][info][gc,heap        ] GC(990) DefNew: 67960K->0K(78720K)
[2026-01-06T17:26:30.968+0800][1.654s][info][gc,heap        ] GC(990) Tenured: 135330K->4258K(174784K)
[2026-01-06T17:26:30.968+0800][1.654s][info][gc,metaspace   ] GC(990) Metaspace: 3744K(4864K)->3744K(4864K) NonClass: 3423K(4352K)->3423K(4352K) Class: 320K(512K)->320K(512K)
[2026-01-06T17:26:30.968+0800][1.654s][info][gc             ] GC(990) Pause Young (Allocation Failure) 198M->4M(247M) 1.327ms
[2026-01-06T17:26:30.968+0800][1.654s][info][gc,cpu         ] GC(990) User=0.00s Sys=0.00s Real=0.00s
[2026-01-06T17:26:30.970+0800][1.656s][info][gc,start       ] GC(992) Pause Young (Allocation Failure)
[2026-01-06T17:26:30.970+0800][1.656s][info][gc,start       ] GC(993) Pause Full (Allocation Failure)
[2026-01-06T17:26:30.970+0800][1.656s][info][gc,phases,start] GC(993) Phase 1: Mark live objects
[2026-01-06T17:26:30.971+0800][1.656s][info][gc,phases      ] GC(993) Phase 1: Mark live objects 0.441ms
[2026-01-06T17:26:30.971+0800][1.656s][info][gc,phases,start] GC(993) Phase 2: Compute new object addresses
[2026-01-06T17:26:30.971+0800][1.656s][info][gc,phases      ] GC(993) Phase 2: Compute new object addresses 0.073ms
[2026-01-06T17:26:30.971+0800][1.656s][info][gc,phases,start] GC(993) Phase 3: Adjust pointers
[2026-01-06T17:26:30.971+0800][1.657s][info][gc,phases      ] GC(993) Phase 3: Adjust pointers 0.689ms
[2026-01-06T17:26:30.971+0800][1.657s][info][gc,phases,start] GC(993) Phase 4: Move objects
[2026-01-06T17:26:30.971+0800][1.657s][info][gc,phases      ] GC(993) Phase 4: Move objects 0.029ms
[2026-01-06T17:26:30.971+0800][1.657s][info][gc             ] GC(993) Pause Full (Allocation Failure) 133M->4M(247M) 1.254ms
[2026-01-06T17:26:30.971+0800][1.657s][info][gc,heap        ] GC(992) DefNew: 67960K->0K(78720K)
[2026-01-06T17:26:30.971+0800][1.657s][info][gc,heap        ] GC(992) Tenured: 135330K->4258K(174784K)
[2026-01-06T17:26:30.971+0800][1.657s][info][gc,metaspace   ] GC(992) Metaspace: 3744K(4864K)->3744K(4864K) NonClass: 3423K(4352K)->3423K(4352K) Class: 320K(512K)->320K(512K)
[2026-01-06T17:26:30.971+0800][1.657s][info][gc             ] GC(992) Pause Young (Allocation Failure) 198M->4M(247M) 1.343ms
[2026-01-06T17:26:30.971+0800][1.657s][info][gc,cpu         ] GC(992) User=0.00s Sys=0.00s Real=0.00s
[2026-01-06T17:26:30.973+0800][1.659s][info][gc,start       ] GC(994) Pause Young (Allocation Failure)
[2026-01-06T17:26:30.973+0800][1.659s][info][gc,start       ] GC(995) Pause Full (Allocation Failure)
[2026-01-06T17:26:30.973+0800][1.659s][info][gc,phases,start] GC(995) Phase 1: Mark live objects
[2026-01-06T17:26:30.974+0800][1.659s][info][gc,phases      ] GC(995) Phase 1: Mark live objects 0.441ms
[2026-01-06T17:26:30.974+0800][1.659s][info][gc,phases,start] GC(995) Phase 2: Compute new object addresses
[2026-01-06T17:26:30.974+0800][1.659s][info][gc,phases      ] GC(995) Phase 2: Compute new object addresses 0.074ms
[2026-01-06T17:26:30.974+0800][1.659s][info][gc,phases,start] GC(995) Phase 3: Adjust pointers
[2026-01-06T17:26:30.975+0800][1.660s][info][gc,phases      ] GC(995) Phase 3: Adjust pointers 0.679ms
[2026-01-06T17:26:30.975+0800][1.660s][info][gc,phases,start] GC(995) Phase 4: Move objects
[2026-01-06T17:26:30.975+0800][1.660s][info][gc,phases      ] GC(995) Phase 4: Move objects 0.030ms
[2026-01-06T17:26:30.975+0800][1.660s][info][gc             ] GC(995) Pause Full (Allocation Failure) 133M->4M(247M) 1.253ms
[2026-01-06T17:26:30.975+0800][1.660s][info][gc,heap        ] GC(994) DefNew: 67960K->0K(78720K)
[2026-01-06T17:26:30.975+0800][1.660s][info][gc,heap        ] GC(994) Tenured: 135330K->4258K(174784K)
[2026-01-06T17:26:30.975+0800][1.660s][info][gc,metaspace   ] GC(994) Metaspace: 3744K(4864K)->3744K(4864K) NonClass: 3423K(4352K)->3423K(4352K) Class: 320K(512K)->320K(512K)
[2026-01-06T17:26:30.975+0800][1.660s][info][gc             ] GC(994) Pause Young (Allocation Failure) 198M->4M(247M) 1.342ms
[2026-01-06T17:26:30.975+0800][1.660s][info][gc,cpu         ] GC(994) User=0.01s Sys=0.00s Real=0.00s
[2026-01-06T17:26:30.976+0800][1.662s][info][gc,start       ] GC(996) Pause Young (Allocation Failure)
[2026-01-06T17:26:30.977+0800][1.662s][info][gc,start       ] GC(997) Pause Full (Allocation Failure)
[2026-01-06T17:26:30.977+0800][1.662s][info][gc,phases,start] GC(997) Phase 1: Mark live objects
[2026-01-06T17:26:30.977+0800][1.663s][info][gc,phases      ] GC(997) Phase 1: Mark live objects 0.441ms
[2026-01-06T17:26:30.977+0800][1.663s][info][gc,phases,start] GC(997) Phase 2: Compute new object addresses
[2026-01-06T17:26:30.977+0800][1.663s][info][gc,phases      ] GC(997) Phase 2: Compute new object addresses 0.070ms
[2026-01-06T17:26:30.977+0800][1.663s][info][gc,phases,start] GC(997) Phase 3: Adjust pointers
[2026-01-06T17:26:30.978+0800][1.663s][info][gc,phases      ] GC(997) Phase 3: Adjust pointers 0.678ms
[2026-01-06T17:26:30.978+0800][1.663s][info][gc,phases,start] GC(997) Phase 4: Move objects
[2026-01-06T17:26:30.978+0800][1.663s][info][gc,phases      ] GC(997) Phase 4: Move objects 0.029ms
[2026-01-06T17:26:30.978+0800][1.663s][info][gc             ] GC(997) Pause Full (Allocation Failure) 133M->4M(247M) 1.244ms
[2026-01-06T17:26:30.978+0800][1.663s][info][gc,heap        ] GC(996) DefNew: 67960K->0K(78720K)
[2026-01-06T17:26:30.978+0800][1.663s][info][gc,heap        ] GC(996) Tenured: 135330K->4258K(174784K)
[2026-01-06T17:26:30.978+0800][1.663s][info][gc,metaspace   ] GC(996) Metaspace: 3744K(4864K)->3744K(4864K) NonClass: 3423K(4352K)->3423K(4352K) Class: 320K(512K)->320K(512K)
[2026-01-06T17:26:30.978+0800][1.663s][info][gc             ] GC(996) Pause Young (Allocation Failure) 198M->4M(247M) 1.336ms
[2026-01-06T17:26:30.978+0800][1.663s][info][gc,cpu         ] GC(996) User=0.00s Sys=0.00s Real=0.00s
[2026-01-06T17:26:30.980+0800][1.665s][info][gc,start       ] GC(998) Pause Young (Allocation Failure)
[2026-01-06T17:26:30.980+0800][1.666s][info][gc,start       ] GC(999) Pause Full (Allocation Failure)
[2026-01-06T17:26:30.980+0800][1.666s][info][gc,phases,start] GC(999) Phase 1: Mark live objects
[2026-01-06T17:26:30.980+0800][1.666s][info][gc,phases      ] GC(999) Phase 1: Mark live objects 0.444ms
[2026-01-06T17:26:30.980+0800][1.666s][info][gc,phases,start] GC(999) Phase 2: Compute new object addresses
[2026-01-06T17:26:30.980+0800][1.666s][info][gc,phases      ] GC(999) Phase 2: Compute new object addresses 0.073ms
[2026-01-06T17:26:30.980+0800][1.666s][info][gc,phases,start] GC(999) Phase 3: Adjust pointers
[2026-01-06T17:26:30.981+0800][1.667s][info][gc,phases      ] GC(999) Phase 3: Adjust pointers 0.681ms
[2026-01-06T17:26:30.981+0800][1.667s][info][gc,phases,start] GC(999) Phase 4: Move objects
[2026-01-06T17:26:30.981+0800][1.667s][info][gc,phases      ] GC(999) Phase 4: Move objects 0.030ms
[2026-01-06T17:26:30.981+0800][1.667s][info][gc             ] GC(999) Pause Full (Allocation Failure) 133M->4M(247M) 1.252ms
[2026-01-06T17:26:30.981+0800][1.667s][info][gc,heap        ] GC(998) DefNew: 67960K->0K(78720K)
[2026-01-06T17:26:30.981+0800][1.667s][info][gc,heap        ] GC(998) Tenured: 135330K->4258K(174784K)
[2026-01-06T17:26:30.981+0800][1.667s][info][gc,metaspace   ] GC(998) Metaspace: 3744K(4864K)->3744K(4864K) NonClass: 3423K(4352K)->3423K(4352K) Class: 320K(512K)->320K(512K)
[2026-01-06T17:26:30.981+0800][1.667s][info][gc             ] GC(998) Pause Young (Allocation Failure) 198M->4M(247M) 1.345ms
[2026-01-06T17:26:30.981+0800][1.667s][info][gc,cpu         ] GC(998) User=0.00s Sys=0.00s Real=0.00s
[2026-01-06T17:26:30.983+0800][1.669s][info][gc,start       ] GC(1000) Pause Young (Allocation Failure)
[2026-01-06T17:26:30.983+0800][1.669s][info][gc,start       ] GC(1001) Pause Full (Allocation Failure)
[2026-01-06T17:26:30.983+0800][1.669s][info][gc,phases,start] GC(1001) Phase 1: Mark live objects
[2026-01-06T17:26:30.984+0800][1.669s][info][gc,phases      ] GC(1001) Phase 1: Mark live objects 0.459ms
[2026-01-06T17:26:30.984+0800][1.669s][info][gc,phases,start] GC(1001) Phase 2: Compute new object addresses
[2026-01-06T17:26:30.984+0800][1.669s][info][gc,phases      ] GC(1001) Phase 2: Compute new object addresses 0.070ms
[2026-01-06T17:26:30.984+0800][1.669s][info][gc,phases,start] GC(1001) Phase 3: Adjust pointers
[2026-01-06T17:26:30.984+0800][1.670s][info][gc,phases      ] GC(1001) Phase 3: Adjust pointers 0.677ms
[2026-01-06T17:26:30.984+0800][1.670s][info][gc,phases,start] GC(1001) Phase 4: Move objects
[2026-01-06T17:26:30.984+0800][1.670s][info][gc,phases      ] GC(1001) Phase 4: Move objects 0.029ms
[2026-01-06T17:26:30.984+0800][1.670s][info][gc             ] GC(1001) Pause Full (Allocation Failure) 133M->4M(247M) 1.277ms
[2026-01-06T17:26:30.984+0800][1.670s][info][gc,heap        ] GC(1000) DefNew: 67960K->0K(78720K)
[2026-01-06T17:26:30.984+0800][1.670s][info][gc,heap        ] GC(1000) Tenured: 135330K->4258K(174784K)
[2026-01-06T17:26:30.984+0800][1.670s][info][gc,metaspace   ] GC(1000) Metaspace: 3744K(4864K)->3744K(4864K) NonClass: 3423K(4352K)->3423K(4352K) Class: 320K(512K)->320K(512K)
[2026-01-06T17:26:30.984+0800][1.670s][info][gc             ] GC(1000) Pause Young (Allocation Failure) 198M->4M(247M) 1.367ms
[2026-01-06T17:26:30.984+0800][1.670s][info][gc,cpu         ] GC(1000) User=0.01s Sys=0.00s Real=0.00s
[2026-01-06T17:26:30.986+0800][1.672s][info][gc,start       ] GC(1002) Pause Young (Allocation Failure)
[2026-01-06T17:26:30.986+0800][1.672s][info][gc,start       ] GC(1003) Pause Full (Allocation Failure)
[2026-01-06T17:26:30.986+0800][1.672s][info][gc,phases,start] GC(1003) Phase 1: Mark live objects
[2026-01-06T17:26:30.987+0800][1.672s][info][gc,phases      ] GC(1003) Phase 1: Mark live objects 0.445ms
[2026-01-06T17:26:30.987+0800][1.672s][info][gc,phases,start] GC(1003) Phase 2: Compute new object addresses
[2026-01-06T17:26:30.987+0800][1.673s][info][gc,phases      ] GC(1003) Phase 2: Compute new object addresses 0.072ms
[2026-01-06T17:26:30.987+0800][1.673s][info][gc,phases,start] GC(1003) Phase 3: Adjust pointers
[2026-01-06T17:26:30.988+0800][1.673s][info][gc,phases      ] GC(1003) Phase 3: Adjust pointers 0.677ms
[2026-01-06T17:26:30.988+0800][1.673s][info][gc,phases,start] GC(1003) Phase 4: Move objects
[2026-01-06T17:26:30.988+0800][1.673s][info][gc,phases      ] GC(1003) Phase 4: Move objects 0.030ms
[2026-01-06T17:26:30.988+0800][1.673s][info][gc             ] GC(1003) Pause Full (Allocation Failure) 133M->4M(247M) 1.246ms
[2026-01-06T17:26:30.988+0800][1.673s][info][gc,heap        ] GC(1002) DefNew: 67960K->0K(78720K)
[2026-01-06T17:26:30.988+0800][1.673s][info][gc,heap        ] GC(1002) Tenured: 135330K->4258K(174784K)
[2026-01-06T17:26:30.988+0800][1.673s][info][gc,metaspace   ] GC(1002) Metaspace: 3744K(4864K)->3744K(4864K) NonClass: 3423K(4352K)->3423K(4352K) Class: 320K(512K)->320K(512K)
[2026-01-06T17:26:30.988+0800][1.673s][info][gc             ] GC(1002) Pause Young (Allocation Failure) 198M->4M(247M) 1.336ms
[2026-01-06T17:26:30.988+0800][1.673s][info][gc,cpu         ] GC(1002) User=0.00s Sys=0.00s Real=0.00s
[2026-01-06T17:26:30.989+0800][1.675s][info][gc,start       ] GC(1004) Pause Young (Allocation Failure)
[2026-01-06T17:26:30.990+0800][1.675s][info][gc,start       ] GC(1005) Pause Full (Allocation Failure)
[2026-01-06T17:26:30.990+0800][1.675s][info][gc,phases,start] GC(1005) Phase 1: Mark live objects
[2026-01-06T17:26:30.990+0800][1.676s][info][gc,phases      ] GC(1005) Phase 1: Mark live objects 0.462ms
[2026-01-06T17:26:30.990+0800][1.676s][info][gc,phases,start] GC(1005) Phase 2: Compute new object addresses
[2026-01-06T17:26:30.990+0800][1.676s][info][gc,phases      ] GC(1005) Phase 2: Compute new object addresses 0.071ms
[2026-01-06T17:26:30.990+0800][1.676s][info][gc,phases,start] GC(1005) Phase 3: Adjust pointers
[2026-01-06T17:26:30.991+0800][1.676s][info][gc,phases      ] GC(1005) Phase 3: Adjust pointers 0.674ms
[2026-01-06T17:26:30.991+0800][1.676s][info][gc,phases,start] GC(1005) Phase 4: Move objects
[2026-01-06T17:26:30.991+0800][1.676s][info][gc,phases      ] GC(1005) Phase 4: Move objects 0.030ms
[2026-01-06T17:26:30.991+0800][1.676s][info][gc             ] GC(1005) Pause Full (Allocation Failure) 133M->4M(247M) 1.260ms
[2026-01-06T17:26:30.991+0800][1.676s][info][gc,heap        ] GC(1004) DefNew: 67960K->0K(78720K)
[2026-01-06T17:26:30.991+0800][1.676s][info][gc,heap        ] GC(1004) Tenured: 135330K->4258K(174784K)
[2026-01-06T17:26:30.991+0800][1.676s][info][gc,metaspace   ] GC(1004) Metaspace: 3744K(4864K)->3744K(4864K) NonClass: 3423K(4352K)->3423K(4352K) Class: 320K(512K)->320K(512K)
[2026-01-06T17:26:30.991+0800][1.676s][info][gc             ] GC(1004) Pause Young (Allocation Failure) 198M->4M(247M) 1.350ms
[2026-01-06T17:26:30.991+0800][1.676s][info][gc,cpu         ] GC(1004) User=0.00s Sys=0.00s Real=0.01s
[2026-01-06T17:26:30.993+0800][1.678s][info][gc,start       ] GC(1006) Pause Young (Allocation Failure)
[2026-01-06T17:26:30.993+0800][1.678s][info][gc,start       ] GC(1007) Pause Full (Allocation Failure)
[2026-01-06T17:26:30.993+0800][1.678s][info][gc,phases,start] GC(1007) Phase 1: Mark live objects
[2026-01-06T17:26:30.993+0800][1.679s][info][gc,phases      ] GC(1007) Phase 1: Mark live objects 0.446ms
[2026-01-06T17:26:30.993+0800][1.679s][info][gc,phases,start] GC(1007) Phase 2: Compute new object addresses
[2026-01-06T17:26:30.993+0800][1.679s][info][gc,phases      ] GC(1007) Phase 2: Compute new object addresses 0.073ms
[2026-01-06T17:26:30.993+0800][1.679s][info][gc,phases,start] GC(1007) Phase 3: Adjust pointers
[2026-01-06T17:26:30.994+0800][1.679s][info][gc,phases      ] GC(1007) Phase 3: Adjust pointers 0.678ms
[2026-01-06T17:26:30.994+0800][1.679s][info][gc,phases,start] GC(1007) Phase 4: Move objects
[2026-01-06T17:26:30.994+0800][1.679s][info][gc,phases      ] GC(1007) Phase 4: Move objects 0.029ms
[2026-01-06T17:26:30.994+0800][1.679s][info][gc             ] GC(1007) Pause Full (Allocation Failure) 133M->4M(247M) 1.248ms
[2026-01-06T17:26:30.994+0800][1.679s][info][gc,heap        ] GC(1006) DefNew: 67960K->0K(78720K)
[2026-01-06T17:26:30.994+0800][1.679s][info][gc,heap        ] GC(1006) Tenured: 135330K->4258K(174784K)
[2026-01-06T17:26:30.994+0800][1.679s][info][gc,metaspace   ] GC(1006) Metaspace: 3744K(4864K)->3744K(4864K) NonClass: 3423K(4352K)->3423K(4352K) Class: 320K(512K)->320K(512K)
[2026-01-06T17:26:30.994+0800][1.680s][info][gc             ] GC(1006) Pause Young (Allocation Failure) 198M->4M(247M) 1.338ms
[2026-01-06T17:26:30.994+0800][1.680s][info][gc,cpu         ] GC(1006) User=0.01s Sys=0.00s Real=0.00s
[2026-01-06T17:26:30.996+0800][1.681s][info][gc,start       ] GC(1008) Pause Young (Allocation Failure)
[2026-01-06T17:26:30.996+0800][1.681s][info][gc,start       ] GC(1009) Pause Full (Allocation Failure)
[2026-01-06T17:26:30.996+0800][1.681s][info][gc,phases,start] GC(1009) Phase 1: Mark live objects
[2026-01-06T17:26:30.996+0800][1.682s][info][gc,phases      ] GC(1009) Phase 1: Mark live objects 0.475ms
[2026-01-06T17:26:30.996+0800][1.682s][info][gc,phases,start] GC(1009) Phase 2: Compute new object addresses
[2026-01-06T17:26:30.996+0800][1.682s][info][gc,phases      ] GC(1009) Phase 2: Compute new object addresses 0.068ms
[2026-01-06T17:26:30.996+0800][1.682s][info][gc,phases,start] GC(1009) Phase 3: Adjust pointers
[2026-01-06T17:26:30.997+0800][1.683s][info][gc,phases      ] GC(1009) Phase 3: Adjust pointers 0.676ms
[2026-01-06T17:26:30.997+0800][1.683s][info][gc,phases,start] GC(1009) Phase 4: Move objects
[2026-01-06T17:26:30.997+0800][1.683s][info][gc,phases      ] GC(1009) Phase 4: Move objects 0.030ms
[2026-01-06T17:26:30.997+0800][1.683s][info][gc             ] GC(1009) Pause Full (Allocation Failure) 133M->4M(247M) 1.271ms
[2026-01-06T17:26:30.997+0800][1.683s][info][gc,heap        ] GC(1008) DefNew: 67960K->0K(78720K)
[2026-01-06T17:26:30.997+0800][1.683s][info][gc,heap        ] GC(1008) Tenured: 135330K->4258K(174784K)
[2026-01-06T17:26:30.997+0800][1.683s][info][gc,metaspace   ] GC(1008) Metaspace: 3744K(4864K)->3744K(4864K) NonClass: 3423K(4352K)->3423K(4352K) Class: 320K(512K)->320K(512K)
[2026-01-06T17:26:30.997+0800][1.683s][info][gc             ] GC(1008) Pause Young (Allocation Failure) 198M->4M(247M) 1.361ms
[2026-01-06T17:26:30.997+0800][1.683s][info][gc,cpu         ] GC(1008) User=0.00s Sys=0.00s Real=0.00s
[2026-01-06T17:26:30.999+0800][1.685s][info][gc,start       ] GC(1010) Pause Young (Allocation Failure)
[2026-01-06T17:26:30.999+0800][1.685s][info][gc,start       ] GC(1011) Pause Full (Allocation Failure)
[2026-01-06T17:26:30.999+0800][1.685s][info][gc,phases,start] GC(1011) Phase 1: Mark live objects
[2026-01-06T17:26:31.000+0800][1.685s][info][gc,phases      ] GC(1011) Phase 1: Mark live objects 0.443ms
[2026-01-06T17:26:31.000+0800][1.685s][info][gc,phases,start] GC(1011) Phase 2: Compute new object addresses
[2026-01-06T17:26:31.000+0800][1.685s][info][gc,phases      ] GC(1011) Phase 2: Compute new object addresses 0.066ms
[2026-01-06T17:26:31.000+0800][1.685s][info][gc,phases,start] GC(1011) Phase 3: Adjust pointers
[2026-01-06T17:26:31.000+0800][1.686s][info][gc,phases      ] GC(1011) Phase 3: Adjust pointers 0.677ms
[2026-01-06T17:26:31.000+0800][1.686s][info][gc,phases,start] GC(1011) Phase 4: Move objects
[2026-01-06T17:26:31.000+0800][1.686s][info][gc,phases      ] GC(1011) Phase 4: Move objects 0.029ms
[2026-01-06T17:26:31.000+0800][1.686s][info][gc             ] GC(1011) Pause Full (Allocation Failure) 133M->5M(247M) 1.237ms
[2026-01-06T17:26:31.000+0800][1.686s][info][gc,heap        ] GC(1010) DefNew: 67960K->0K(78720K)
[2026-01-06T17:26:31.000+0800][1.686s][info][gc,heap        ] GC(1010) Tenured: 135330K->5795K(174784K)
[2026-01-06T17:26:31.000+0800][1.686s][info][gc,metaspace   ] GC(1010) Metaspace: 3744K(4864K)->3744K(4864K) NonClass: 3423K(4352K)->3423K(4352K) Class: 320K(512K)->320K(512K)
[2026-01-06T17:26:31.000+0800][1.686s][info][gc             ] GC(1010) Pause Young (Allocation Failure) 198M->5M(247M) 1.317ms
[2026-01-06T17:26:31.000+0800][1.686s][info][gc,cpu         ] GC(1010) User=0.00s Sys=0.00s Real=0.01s
[2026-01-06T17:26:31.002+0800][1.688s][info][gc,start       ] GC(1012) Pause Young (Allocation Failure)
[2026-01-06T17:26:31.002+0800][1.688s][info][gc,start       ] GC(1013) Pause Full (Allocation Failure)
[2026-01-06T17:26:31.002+0800][1.688s][info][gc,phases,start] GC(1013) Phase 1: Mark live objects
[2026-01-06T17:26:31.003+0800][1.688s][info][gc,phases      ] GC(1013) Phase 1: Mark live objects 0.461ms
[2026-01-06T17:26:31.003+0800][1.688s][info][gc,phases,start] GC(1013) Phase 2: Compute new object addresses
[2026-01-06T17:26:31.003+0800][1.689s][info][gc,phases      ] GC(1013) Phase 2: Compute new object addresses 0.067ms
[2026-01-06T17:26:31.003+0800][1.689s][info][gc,phases,start] GC(1013) Phase 3: Adjust pointers
[2026-01-06T17:26:31.004+0800][1.689s][info][gc,phases      ] GC(1013) Phase 3: Adjust pointers 0.681ms
[2026-01-06T17:26:31.004+0800][1.689s][info][gc,phases,start] GC(1013) Phase 4: Move objects
[2026-01-06T17:26:31.004+0800][1.689s][info][gc,phases      ] GC(1013) Phase 4: Move objects 0.027ms
[2026-01-06T17:26:31.004+0800][1.689s][info][gc             ] GC(1013) Pause Full (Allocation Failure) 135M->5M(247M) 1.258ms
[2026-01-06T17:26:31.004+0800][1.689s][info][gc,heap        ] GC(1012) DefNew: 67960K->0K(78720K)
[2026-01-06T17:26:31.004+0800][1.689s][info][gc,heap        ] GC(1012) Tenured: 136867K->5795K(174784K)
[2026-01-06T17:26:31.004+0800][1.689s][info][gc,metaspace   ] GC(1012) Metaspace: 3744K(4864K)->3744K(4864K) NonClass: 3423K(4352K)->3423K(4352K) Class: 320K(512K)->320K(512K)
[2026-01-06T17:26:31.004+0800][1.689s][info][gc             ] GC(1012) Pause Young (Allocation Failure) 200M->5M(247M) 1.341ms
[2026-01-06T17:26:31.004+0800][1.689s][info][gc,cpu         ] GC(1012) User=0.01s Sys=0.00s Real=0.00s
[2026-01-06T17:26:31.006+0800][1.691s][info][gc,start       ] GC(1014) Pause Young (Allocation Failure)
[2026-01-06T17:26:31.006+0800][1.691s][info][gc,start       ] GC(1015) Pause Full (Allocation Failure)
[2026-01-06T17:26:31.006+0800][1.691s][info][gc,phases,start] GC(1015) Phase 1: Mark live objects
[2026-01-06T17:26:31.006+0800][1.692s][info][gc,phases      ] GC(1015) Phase 1: Mark live objects 0.446ms
[2026-01-06T17:26:31.006+0800][1.692s][info][gc,phases,start] GC(1015) Phase 2: Compute new object addresses
[2026-01-06T17:26:31.006+0800][1.692s][info][gc,phases      ] GC(1015) Phase 2: Compute new object addresses 0.069ms
[2026-01-06T17:26:31.006+0800][1.692s][info][gc,phases,start] GC(1015) Phase 3: Adjust pointers
[2026-01-06T17:26:31.007+0800][1.692s][info][gc,phases      ] GC(1015) Phase 3: Adjust pointers 0.677ms
[2026-01-06T17:26:31.007+0800][1.692s][info][gc,phases,start] GC(1015) Phase 4: Move objects
[2026-01-06T17:26:31.007+0800][1.692s][info][gc,phases      ] GC(1015) Phase 4: Move objects 0.028ms
[2026-01-06T17:26:31.007+0800][1.692s][info][gc             ] GC(1015) Pause Full (Allocation Failure) 135M->5M(247M) 1.241ms
[2026-01-06T17:26:31.007+0800][1.692s][info][gc,heap        ] GC(1014) DefNew: 67960K->0K(78720K)
[2026-01-06T17:26:31.007+0800][1.692s][info][gc,heap        ] GC(1014) Tenured: 136867K->5795K(174784K)
[2026-01-06T17:26:31.007+0800][1.692s][info][gc,metaspace   ] GC(1014) Metaspace: 3744K(4864K)->3744K(4864K) NonClass: 3423K(4352K)->3423K(4352K) Class: 320K(512K)->320K(512K)
[2026-01-06T17:26:31.007+0800][1.692s][info][gc             ] GC(1014) Pause Young (Allocation Failure) 200M->5M(247M) 1.319ms
[2026-01-06T17:26:31.007+0800][1.692s][info][gc,cpu         ] GC(1014) User=0.00s Sys=0.00s Real=0.00s
[2026-01-06T17:26:31.009+0800][1.694s][info][gc,start       ] GC(1016) Pause Young (Allocation Failure)
[2026-01-06T17:26:31.009+0800][1.694s][info][gc,start       ] GC(1017) Pause Full (Allocation Failure)
[2026-01-06T17:26:31.009+0800][1.694s][info][gc,phases,start] GC(1017) Phase 1: Mark live objects
[2026-01-06T17:26:31.009+0800][1.695s][info][gc,phases      ] GC(1017) Phase 1: Mark live objects 0.440ms
[2026-01-06T17:26:31.009+0800][1.695s][info][gc,phases,start] GC(1017) Phase 2: Compute new object addresses
[2026-01-06T17:26:31.009+0800][1.695s][info][gc,phases      ] GC(1017) Phase 2: Compute new object addresses 0.069ms
[2026-01-06T17:26:31.009+0800][1.695s][info][gc,phases,start] GC(1017) Phase 3: Adjust pointers
[2026-01-06T17:26:31.010+0800][1.695s][info][gc,phases      ] GC(1017) Phase 3: Adjust pointers 0.677ms
[2026-01-06T17:26:31.010+0800][1.695s][info][gc,phases,start] GC(1017) Phase 4: Move objects
[2026-01-06T17:26:31.010+0800][1.695s][info][gc,phases      ] GC(1017) Phase 4: Move objects 0.030ms
[2026-01-06T17:26:31.010+0800][1.695s][info][gc             ] GC(1017) Pause Full (Allocation Failure) 135M->4M(247M) 1.238ms
[2026-01-06T17:26:31.010+0800][1.695s][info][gc,heap        ] GC(1016) DefNew: 67960K->0K(78720K)
[2026-01-06T17:26:31.010+0800][1.695s][info][gc,heap        ] GC(1016) Tenured: 136867K->4258K(174784K)
[2026-01-06T17:26:31.010+0800][1.695s][info][gc,metaspace   ] GC(1016) Metaspace: 3744K(4864K)->3744K(4864K) NonClass: 3423K(4352K)->3423K(4352K) Class: 320K(512K)->320K(512K)
[2026-01-06T17:26:31.010+0800][1.696s][info][gc             ] GC(1016) Pause Young (Allocation Failure) 200M->4M(247M) 1.329ms
[2026-01-06T17:26:31.010+0800][1.696s][info][gc,cpu         ] GC(1016) User=0.00s Sys=0.00s Real=0.01s
[2026-01-06T17:26:31.012+0800][1.697s][info][gc,start       ] GC(1018) Pause Young (Allocation Failure)
[2026-01-06T17:26:31.012+0800][1.697s][info][gc,start       ] GC(1019) Pause Full (Allocation Failure)
[2026-01-06T17:26:31.012+0800][1.697s][info][gc,phases,start] GC(1019) Phase 1: Mark live objects
[2026-01-06T17:26:31.012+0800][1.698s][info][gc,phases      ] GC(1019) Phase 1: Mark live objects 0.440ms
[2026-01-06T17:26:31.012+0800][1.698s][info][gc,phases,start] GC(1019) Phase 2: Compute new object addresses
[2026-01-06T17:26:31.012+0800][1.698s][info][gc,phases      ] GC(1019) Phase 2: Compute new object addresses 0.073ms
[2026-01-06T17:26:31.012+0800][1.698s][info][gc,phases,start] GC(1019) Phase 3: Adjust pointers
[2026-01-06T17:26:31.013+0800][1.699s][info][gc,phases      ] GC(1019) Phase 3: Adjust pointers 0.677ms
[2026-01-06T17:26:31.013+0800][1.699s][info][gc,phases,start] GC(1019) Phase 4: Move objects
[2026-01-06T17:26:31.013+0800][1.699s][info][gc,phases      ] GC(1019) Phase 4: Move objects 0.033ms
[2026-01-06T17:26:31.013+0800][1.699s][info][gc             ] GC(1019) Pause Full (Allocation Failure) 133M->4M(247M) 1.248ms
[2026-01-06T17:26:31.013+0800][1.699s][info][gc,heap        ] GC(1018) DefNew: 67960K->0K(78720K)
[2026-01-06T17:26:31.013+0800][1.699s][info][gc,heap        ] GC(1018) Tenured: 135330K->4332K(174784K)
[2026-01-06T17:26:31.013+0800][1.699s][info][gc,metaspace   ] GC(1018) Metaspace: 3744K(4864K)->3744K(4864K) NonClass: 3423K(4352K)->3423K(4352K) Class: 320K(512K)->320K(512K)
[2026-01-06T17:26:31.013+0800][1.699s][info][gc             ] GC(1018) Pause Young (Allocation Failure) 198M->4M(247M) 1.338ms
[2026-01-06T17:26:31.013+0800][1.699s][info][gc,cpu         ] GC(1018) User=0.00s Sys=0.00s Real=0.00s
[2026-01-06T17:26:31.015+0800][1.701s][info][gc,start       ] GC(1020) Pause Young (Allocation Failure)
[2026-01-06T17:26:31.015+0800][1.701s][info][gc,start       ] GC(1021) Pause Full (Allocation Failure)
[2026-01-06T17:26:31.015+0800][1.701s][info][gc,phases,start] GC(1021) Phase 1: Mark live objects
[2026-01-06T17:26:31.015+0800][1.701s][info][gc,phases      ] GC(1021) Phase 1: Mark live objects 0.440ms
[2026-01-06T17:26:31.015+0800][1.701s][info][gc,phases,start] GC(1021) Phase 2: Compute new object addresses
[2026-01-06T17:26:31.016+0800][1.701s][info][gc,phases      ] GC(1021) Phase 2: Compute new object addresses 0.070ms
[2026-01-06T17:26:31.016+0800][1.701s][info][gc,phases,start] GC(1021) Phase 3: Adjust pointers
[2026-01-06T17:26:31.016+0800][1.702s][info][gc,phases      ] GC(1021) Phase 3: Adjust pointers 0.675ms
[2026-01-06T17:26:31.016+0800][1.702s][info][gc,phases,start] GC(1021) Phase 4: Move objects
[2026-01-06T17:26:31.016+0800][1.702s][info][gc,phases      ] GC(1021) Phase 4: Move objects 0.030ms
[2026-01-06T17:26:31.016+0800][1.702s][info][gc             ] GC(1021) Pause Full (Allocation Failure) 133M->4M(247M) 1.237ms
[2026-01-06T17:26:31.016+0800][1.702s][info][gc,heap        ] GC(1020) DefNew: 67960K->0K(78720K)
[2026-01-06T17:26:31.016+0800][1.702s][info][gc,heap        ] GC(1020) Tenured: 135404K->4332K(174784K)
[2026-01-06T17:26:31.016+0800][1.702s][info][gc,metaspace   ] GC(1020) Metaspace: 3744K(4864K)->3744K(4864K) NonClass: 3423K(4352K)->3423K(4352K) Class: 320K(512K)->320K(512K)
[2026-01-06T17:26:31.016+0800][1.702s][info][gc             ] GC(1020) Pause Young (Allocation Failure) 198M->4M(247M) 1.327ms
[2026-01-06T17:26:31.016+0800][1.702s][info][gc,cpu         ] GC(1020) User=0.00s Sys=0.00s Real=0.00s
[2026-01-06T17:26:31.018+0800][1.704s][info][gc,start       ] GC(1022) Pause Young (Allocation Failure)
[2026-01-06T17:26:31.018+0800][1.704s][info][gc,start       ] GC(1023) Pause Full (Allocation Failure)
[2026-01-06T17:26:31.018+0800][1.704s][info][gc,phases,start] GC(1023) Phase 1: Mark live objects
[2026-01-06T17:26:31.019+0800][1.704s][info][gc,phases      ] GC(1023) Phase 1: Mark live objects 0.454ms
[2026-01-06T17:26:31.019+0800][1.704s][info][gc,phases,start] GC(1023) Phase 2: Compute new object addresses
[2026-01-06T17:26:31.019+0800][1.704s][info][gc,phases      ] GC(1023) Phase 2: Compute new object addresses 0.074ms
[2026-01-06T17:26:31.019+0800][1.704s][info][gc,phases,start] GC(1023) Phase 3: Adjust pointers
[2026-01-06T17:26:31.019+0800][1.705s][info][gc,phases      ] GC(1023) Phase 3: Adjust pointers 0.677ms
[2026-01-06T17:26:31.019+0800][1.705s][info][gc,phases,start] GC(1023) Phase 4: Move objects
[2026-01-06T17:26:31.020+0800][1.705s][info][gc,phases      ] GC(1023) Phase 4: Move objects 0.029ms
[2026-01-06T17:26:31.020+0800][1.705s][info][gc             ] GC(1023) Pause Full (Allocation Failure) 133M->4M(247M) 1.257ms
[2026-01-06T17:26:31.020+0800][1.705s][info][gc,heap        ] GC(1022) DefNew: 67960K->0K(78720K)
[2026-01-06T17:26:31.020+0800][1.705s][info][gc,heap        ] GC(1022) Tenured: 135404K->4332K(174784K)
[2026-01-06T17:26:31.020+0800][1.705s][info][gc,metaspace   ] GC(1022) Metaspace: 3744K(4864K)->3744K(4864K) NonClass: 3423K(4352K)->3423K(4352K) Class: 320K(512K)->320K(512K)
[2026-01-06T17:26:31.020+0800][1.705s][info][gc             ] GC(1022) Pause Young (Allocation Failure) 198M->4M(247M) 1.348ms
[2026-01-06T17:26:31.020+0800][1.705s][info][gc,cpu         ] GC(1022) User=0.00s Sys=0.00s Real=0.01s
[2026-01-06T17:26:31.021+0800][1.707s][info][gc,start       ] GC(1024) Pause Young (Allocation Failure)
[2026-01-06T17:26:31.021+0800][1.707s][info][gc,start       ] GC(1025) Pause Full (Allocation Failure)
[2026-01-06T17:26:31.021+0800][1.707s][info][gc,phases,start] GC(1025) Phase 1: Mark live objects
[2026-01-06T17:26:31.022+0800][1.707s][info][gc,phases      ] GC(1025) Phase 1: Mark live objects 0.443ms
[2026-01-06T17:26:31.022+0800][1.707s][info][gc,phases,start] GC(1025) Phase 2: Compute new object addresses
[2026-01-06T17:26:31.022+0800][1.708s][info][gc,phases      ] GC(1025) Phase 2: Compute new object addresses 0.070ms
[2026-01-06T17:26:31.022+0800][1.708s][info][gc,phases,start] GC(1025) Phase 3: Adjust pointers
[2026-01-06T17:26:31.023+0800][1.708s][info][gc,phases      ] GC(1025) Phase 3: Adjust pointers 0.675ms
[2026-01-06T17:26:31.023+0800][1.708s][info][gc,phases,start] GC(1025) Phase 4: Move objects
[2026-01-06T17:26:31.023+0800][1.708s][info][gc,phases      ] GC(1025) Phase 4: Move objects 0.029ms
[2026-01-06T17:26:31.023+0800][1.708s][info][gc             ] GC(1025) Pause Full (Allocation Failure) 133M->4M(247M) 1.239ms
[2026-01-06T17:26:31.023+0800][1.708s][info][gc,heap        ] GC(1024) DefNew: 67960K->0K(78720K)
[2026-01-06T17:26:31.023+0800][1.708s][info][gc,heap        ] GC(1024) Tenured: 135404K->4258K(174784K)
[2026-01-06T17:26:31.023+0800][1.708s][info][gc,metaspace   ] GC(1024) Metaspace: 3744K(4864K)->3744K(4864K) NonClass: 3423K(4352K)->3423K(4352K) Class: 320K(512K)->320K(512K)
[2026-01-06T17:26:31.023+0800][1.708s][info][gc             ] GC(1024) Pause Young (Allocation Failure) 198M->4M(247M) 1.329ms
[2026-01-06T17:26:31.023+0800][1.708s][info][gc,cpu         ] GC(1024) User=0.00s Sys=0.00s Real=0.00s
[2026-01-06T17:26:31.025+0800][1.710s][info][gc,start       ] GC(1026) Pause Young (Allocation Failure)
[2026-01-06T17:26:31.025+0800][1.710s][info][gc,start       ] GC(1027) Pause Full (Allocation Failure)
[2026-01-06T17:26:31.025+0800][1.710s][info][gc,phases,start] GC(1027) Phase 1: Mark live objects
[2026-01-06T17:26:31.025+0800][1.711s][info][gc,phases      ] GC(1027) Phase 1: Mark live objects 0.444ms
[2026-01-06T17:26:31.025+0800][1.711s][info][gc,phases,start] GC(1027) Phase 2: Compute new object addresses
[2026-01-06T17:26:31.025+0800][1.711s][info][gc,phases      ] GC(1027) Phase 2: Compute new object addresses 0.073ms
[2026-01-06T17:26:31.025+0800][1.711s][info][gc,phases,start] GC(1027) Phase 3: Adjust pointers
[2026-01-06T17:26:31.026+0800][1.711s][info][gc,phases      ] GC(1027) Phase 3: Adjust pointers 0.676ms
[2026-01-06T17:26:31.026+0800][1.711s][info][gc,phases,start] GC(1027) Phase 4: Move objects
[2026-01-06T17:26:31.026+0800][1.711s][info][gc,phases      ] GC(1027) Phase 4: Move objects 0.029ms
[2026-01-06T17:26:31.026+0800][1.711s][info][gc             ] GC(1027) Pause Full (Allocation Failure) 133M->4M(247M) 1.243ms
[2026-01-06T17:26:31.026+0800][1.711s][info][gc,heap        ] GC(1026) DefNew: 67960K->0K(78720K)
[2026-01-06T17:26:31.026+0800][1.711s][info][gc,heap        ] GC(1026) Tenured: 135330K->4258K(174784K)
[2026-01-06T17:26:31.026+0800][1.711s][info][gc,metaspace   ] GC(1026) Metaspace: 3744K(4864K)->3744K(4864K) NonClass: 3423K(4352K)->3423K(4352K) Class: 320K(512K)->320K(512K)
[2026-01-06T17:26:31.026+0800][1.711s][info][gc             ] GC(1026) Pause Young (Allocation Failure) 198M->4M(247M) 1.333ms
[2026-01-06T17:26:31.026+0800][1.711s][info][gc,cpu         ] GC(1026) User=0.00s Sys=0.00s Real=0.00s
[2026-01-06T17:26:31.028+0800][1.713s][info][gc,start       ] GC(1028) Pause Young (Allocation Failure)
[2026-01-06T17:26:31.028+0800][1.713s][info][gc,start       ] GC(1029) Pause Full (Allocation Failure)
[2026-01-06T17:26:31.028+0800][1.713s][info][gc,phases,start] GC(1029) Phase 1: Mark live objects
[2026-01-06T17:26:31.028+0800][1.714s][info][gc,phases      ] GC(1029) Phase 1: Mark live objects 0.444ms
[2026-01-06T17:26:31.028+0800][1.714s][info][gc,phases,start] GC(1029) Phase 2: Compute new object addresses
[2026-01-06T17:26:31.028+0800][1.714s][info][gc,phases      ] GC(1029) Phase 2: Compute new object addresses 0.072ms
[2026-01-06T17:26:31.028+0800][1.714s][info][gc,phases,start] GC(1029) Phase 3: Adjust pointers
[2026-01-06T17:26:31.029+0800][1.714s][info][gc,phases      ] GC(1029) Phase 3: Adjust pointers 0.677ms
[2026-01-06T17:26:31.029+0800][1.714s][info][gc,phases,start] GC(1029) Phase 4: Move objects
[2026-01-06T17:26:31.029+0800][1.715s][info][gc,phases      ] GC(1029) Phase 4: Move objects 0.028ms
[2026-01-06T17:26:31.029+0800][1.715s][info][gc             ] GC(1029) Pause Full (Allocation Failure) 133M->4M(247M) 1.244ms
[2026-01-06T17:26:31.029+0800][1.715s][info][gc,heap        ] GC(1028) DefNew: 67960K->0K(78720K)
[2026-01-06T17:26:31.029+0800][1.715s][info][gc,heap        ] GC(1028) Tenured: 135330K->4258K(174784K)
[2026-01-06T17:26:31.029+0800][1.715s][info][gc,metaspace   ] GC(1028) Metaspace: 3744K(4864K)->3744K(4864K) NonClass: 3423K(4352K)->3423K(4352K) Class: 320K(512K)->320K(512K)
[2026-01-06T17:26:31.029+0800][1.715s][info][gc             ] GC(1028) Pause Young (Allocation Failure) 198M->4M(247M) 1.333ms
[2026-01-06T17:26:31.029+0800][1.715s][info][gc,cpu         ] GC(1028) User=0.00s Sys=0.00s Real=0.00s
[2026-01-06T17:26:31.031+0800][1.716s][info][gc,start       ] GC(1030) Pause Young (Allocation Failure)
[2026-01-06T17:26:31.031+0800][1.716s][info][gc,start       ] GC(1031) Pause Full (Allocation Failure)
[2026-01-06T17:26:31.031+0800][1.716s][info][gc,phases,start] GC(1031) Phase 1: Mark live objects
[2026-01-06T17:26:31.031+0800][1.717s][info][gc,phases      ] GC(1031) Phase 1: Mark live objects 0.445ms
[2026-01-06T17:26:31.031+0800][1.717s][info][gc,phases,start] GC(1031) Phase 2: Compute new object addresses
[2026-01-06T17:26:31.031+0800][1.717s][info][gc,phases      ] GC(1031) Phase 2: Compute new object addresses 0.070ms
[2026-01-06T17:26:31.031+0800][1.717s][info][gc,phases,start] GC(1031) Phase 3: Adjust pointers
[2026-01-06T17:26:31.032+0800][1.718s][info][gc,phases      ] GC(1031) Phase 3: Adjust pointers 0.677ms
[2026-01-06T17:26:31.032+0800][1.718s][info][gc,phases,start] GC(1031) Phase 4: Move objects
[2026-01-06T17:26:31.032+0800][1.718s][info][gc,phases      ] GC(1031) Phase 4: Move objects 0.029ms
[2026-01-06T17:26:31.032+0800][1.718s][info][gc             ] GC(1031) Pause Full (Allocation Failure) 133M->4M(247M) 1.243ms
[2026-01-06T17:26:31.032+0800][1.718s][info][gc,heap        ] GC(1030) DefNew: 67960K->0K(78720K)
[2026-01-06T17:26:31.032+0800][1.718s][info][gc,heap        ] GC(1030) Tenured: 135330K->4258K(174784K)
[2026-01-06T17:26:31.032+0800][1.718s][info][gc,metaspace   ] GC(1030) Metaspace: 3744K(4864K)->3744K(4864K) NonClass: 3423K(4352K)->3423K(4352K) Class: 320K(512K)->320K(512K)
[2026-01-06T17:26:31.032+0800][1.718s][info][gc             ] GC(1030) Pause Young (Allocation Failure) 198M->4M(247M) 1.338ms
[2026-01-06T17:26:31.032+0800][1.718s][info][gc,cpu         ] GC(1030) User=0.00s Sys=0.00s Real=0.00s
[2026-01-06T17:26:31.034+0800][1.719s][info][gc,start       ] GC(1032) Pause Young (Allocation Failure)
[2026-01-06T17:26:31.034+0800][1.720s][info][gc,start       ] GC(1033) Pause Full (Allocation Failure)
[2026-01-06T17:26:31.034+0800][1.720s][info][gc,phases,start] GC(1033) Phase 1: Mark live objects
[2026-01-06T17:26:31.034+0800][1.720s][info][gc,phases      ] GC(1033) Phase 1: Mark live objects 0.440ms
[2026-01-06T17:26:31.034+0800][1.720s][info][gc,phases,start] GC(1033) Phase 2: Compute new object addresses
[2026-01-06T17:26:31.034+0800][1.720s][info][gc,phases      ] GC(1033) Phase 2: Compute new object addresses 0.070ms
[2026-01-06T17:26:31.034+0800][1.720s][info][gc,phases,start] GC(1033) Phase 3: Adjust pointers
[2026-01-06T17:26:31.035+0800][1.721s][info][gc,phases      ] GC(1033) Phase 3: Adjust pointers 0.676ms
[2026-01-06T17:26:31.035+0800][1.721s][info][gc,phases,start] GC(1033) Phase 4: Move objects
[2026-01-06T17:26:31.035+0800][1.721s][info][gc,phases      ] GC(1033) Phase 4: Move objects 0.028ms
[2026-01-06T17:26:31.035+0800][1.721s][info][gc             ] GC(1033) Pause Full (Allocation Failure) 133M->4M(247M) 1.236ms
[2026-01-06T17:26:31.035+0800][1.721s][info][gc,heap        ] GC(1032) DefNew: 67960K->0K(78720K)
[2026-01-06T17:26:31.035+0800][1.721s][info][gc,heap        ] GC(1032) Tenured: 135330K->4258K(174784K)
[2026-01-06T17:26:31.035+0800][1.721s][info][gc,metaspace   ] GC(1032) Metaspace: 3744K(4864K)->3744K(4864K) NonClass: 3423K(4352K)->3423K(4352K) Class: 320K(512K)->320K(512K)
[2026-01-06T17:26:31.035+0800][1.721s][info][gc             ] GC(1032) Pause Young (Allocation Failure) 198M->4M(247M) 1.326ms
[2026-01-06T17:26:31.035+0800][1.721s][info][gc,cpu         ] GC(1032) User=0.00s Sys=0.00s Real=0.00s
[2026-01-06T17:26:31.037+0800][1.723s][info][gc,start       ] GC(1034) Pause Young (Allocation Failure)
[2026-01-06T17:26:31.037+0800][1.723s][info][gc,start       ] GC(1035) Pause Full (Allocation Failure)
[2026-01-06T17:26:31.037+0800][1.723s][info][gc,phases,start] GC(1035) Phase 1: Mark live objects
[2026-01-06T17:26:31.037+0800][1.723s][info][gc,phases      ] GC(1035) Phase 1: Mark live objects 0.441ms
[2026-01-06T17:26:31.037+0800][1.723s][info][gc,phases,start] GC(1035) Phase 2: Compute new object addresses
[2026-01-06T17:26:31.038+0800][1.723s][info][gc,phases      ] GC(1035) Phase 2: Compute new object addresses 0.073ms
[2026-01-06T17:26:31.038+0800][1.723s][info][gc,phases,start] GC(1035) Phase 3: Adjust pointers
[2026-01-06T17:26:31.038+0800][1.724s][info][gc,phases      ] GC(1035) Phase 3: Adjust pointers 0.677ms
[2026-01-06T17:26:31.038+0800][1.724s][info][gc,phases,start] GC(1035) Phase 4: Move objects
[2026-01-06T17:26:31.038+0800][1.724s][info][gc,phases      ] GC(1035) Phase 4: Move objects 0.029ms
[2026-01-06T17:26:31.038+0800][1.724s][info][gc             ] GC(1035) Pause Full (Allocation Failure) 133M->4M(247M) 1.240ms
[2026-01-06T17:26:31.038+0800][1.724s][info][gc,heap        ] GC(1034) DefNew: 67960K->0K(78720K)
[2026-01-06T17:26:31.038+0800][1.724s][info][gc,heap        ] GC(1034) Tenured: 135330K->4258K(174784K)
[2026-01-06T17:26:31.038+0800][1.724s][info][gc,metaspace   ] GC(1034) Metaspace: 3744K(4864K)->3744K(4864K) NonClass: 3423K(4352K)->3423K(4352K) Class: 320K(512K)->320K(512K)
[2026-01-06T17:26:31.038+0800][1.724s][info][gc             ] GC(1034) Pause Young (Allocation Failure) 198M->4M(247M) 1.329ms
[2026-01-06T17:26:31.038+0800][1.724s][info][gc,cpu         ] GC(1034) User=0.00s Sys=0.00s Real=0.00s
[2026-01-06T17:26:31.040+0800][1.726s][info][gc,start       ] GC(1036) Pause Young (Allocation Failure)
[2026-01-06T17:26:31.040+0800][1.726s][info][gc,start       ] GC(1037) Pause Full (Allocation Failure)
[2026-01-06T17:26:31.040+0800][1.726s][info][gc,phases,start] GC(1037) Phase 1: Mark live objects
[2026-01-06T17:26:31.041+0800][1.726s][info][gc,phases      ] GC(1037) Phase 1: Mark live objects 0.439ms
[2026-01-06T17:26:31.041+0800][1.726s][info][gc,phases,start] GC(1037) Phase 2: Compute new object addresses
[2026-01-06T17:26:31.041+0800][1.726s][info][gc,phases      ] GC(1037) Phase 2: Compute new object addresses 0.073ms
[2026-01-06T17:26:31.041+0800][1.726s][info][gc,phases,start] GC(1037) Phase 3: Adjust pointers
[2026-01-06T17:26:31.041+0800][1.727s][info][gc,phases      ] GC(1037) Phase 3: Adjust pointers 0.677ms
[2026-01-06T17:26:31.041+0800][1.727s][info][gc,phases,start] GC(1037) Phase 4: Move objects
[2026-01-06T17:26:31.041+0800][1.727s][info][gc,phases      ] GC(1037) Phase 4: Move objects 0.029ms
[2026-01-06T17:26:31.041+0800][1.727s][info][gc             ] GC(1037) Pause Full (Allocation Failure) 133M->4M(247M) 1.240ms
[2026-01-06T17:26:31.041+0800][1.727s][info][gc,heap        ] GC(1036) DefNew: 67960K->0K(78720K)
[2026-01-06T17:26:31.041+0800][1.727s][info][gc,heap        ] GC(1036) Tenured: 135330K->4258K(174784K)
[2026-01-06T17:26:31.041+0800][1.727s][info][gc,metaspace   ] GC(1036) Metaspace: 3744K(4864K)->3744K(4864K) NonClass: 3423K(4352K)->3423K(4352K) Class: 320K(512K)->320K(512K)
[2026-01-06T17:26:31.041+0800][1.727s][info][gc             ] GC(1036) Pause Young (Allocation Failure) 198M->4M(247M) 1.330ms
[2026-01-06T17:26:31.041+0800][1.727s][info][gc,cpu         ] GC(1036) User=0.00s Sys=0.00s Real=0.00s
[2026-01-06T17:26:31.043+0800][1.729s][info][gc,start       ] GC(1038) Pause Young (Allocation Failure)
[2026-01-06T17:26:31.043+0800][1.729s][info][gc,start       ] GC(1039) Pause Full (Allocation Failure)
[2026-01-06T17:26:31.043+0800][1.729s][info][gc,phases,start] GC(1039) Phase 1: Mark live objects
[2026-01-06T17:26:31.044+0800][1.729s][info][gc,phases      ] GC(1039) Phase 1: Mark live objects 0.440ms
[2026-01-06T17:26:31.044+0800][1.729s][info][gc,phases,start] GC(1039) Phase 2: Compute new object addresses
[2026-01-06T17:26:31.044+0800][1.729s][info][gc,phases      ] GC(1039) Phase 2: Compute new object addresses 0.070ms
[2026-01-06T17:26:31.044+0800][1.729s][info][gc,phases,start] GC(1039) Phase 3: Adjust pointers
[2026-01-06T17:26:31.044+0800][1.730s][info][gc,phases      ] GC(1039) Phase 3: Adjust pointers 0.677ms
[2026-01-06T17:26:31.044+0800][1.730s][info][gc,phases,start] GC(1039) Phase 4: Move objects
[2026-01-06T17:26:31.044+0800][1.730s][info][gc,phases      ] GC(1039) Phase 4: Move objects 0.029ms
[2026-01-06T17:26:31.044+0800][1.730s][info][gc             ] GC(1039) Pause Full (Allocation Failure) 133M->4M(247M) 1.238ms
[2026-01-06T17:26:31.044+0800][1.730s][info][gc,heap        ] GC(1038) DefNew: 67960K->0K(78720K)
[2026-01-06T17:26:31.044+0800][1.730s][info][gc,heap        ] GC(1038) Tenured: 135330K->4258K(174784K)
[2026-01-06T17:26:31.044+0800][1.730s][info][gc,metaspace   ] GC(1038) Metaspace: 3744K(4864K)->3744K(4864K) NonClass: 3423K(4352K)->3423K(4352K) Class: 320K(512K)->320K(512K)
[2026-01-06T17:26:31.044+0800][1.730s][info][gc             ] GC(1038) Pause Young (Allocation Failure) 198M->4M(247M) 1.327ms
[2026-01-06T17:26:31.044+0800][1.730s][info][gc,cpu         ] GC(1038) User=0.01s Sys=0.00s Real=0.00s
[2026-01-06T17:26:31.046+0800][1.732s][info][gc,start       ] GC(1040) Pause Young (Allocation Failure)
[2026-01-06T17:26:31.046+0800][1.732s][info][gc,start       ] GC(1041) Pause Full (Allocation Failure)
[2026-01-06T17:26:31.046+0800][1.732s][info][gc,phases,start] GC(1041) Phase 1: Mark live objects
[2026-01-06T17:26:31.047+0800][1.732s][info][gc,phases      ] GC(1041) Phase 1: Mark live objects 0.441ms
[2026-01-06T17:26:31.047+0800][1.732s][info][gc,phases,start] GC(1041) Phase 2: Compute new object addresses
[2026-01-06T17:26:31.047+0800][1.732s][info][gc,phases      ] GC(1041) Phase 2: Compute new object addresses 0.072ms
[2026-01-06T17:26:31.047+0800][1.732s][info][gc,phases,start] GC(1041) Phase 3: Adjust pointers
[2026-01-06T17:26:31.048+0800][1.733s][info][gc,phases      ] GC(1041) Phase 3: Adjust pointers 0.677ms
[2026-01-06T17:26:31.048+0800][1.733s][info][gc,phases,start] GC(1041) Phase 4: Move objects
[2026-01-06T17:26:31.048+0800][1.733s][info][gc,phases      ] GC(1041) Phase 4: Move objects 0.028ms
[2026-01-06T17:26:31.048+0800][1.733s][info][gc             ] GC(1041) Pause Full (Allocation Failure) 133M->4M(247M) 1.240ms
[2026-01-06T17:26:31.048+0800][1.733s][info][gc,heap        ] GC(1040) DefNew: 67960K->0K(78720K)
[2026-01-06T17:26:31.048+0800][1.733s][info][gc,heap        ] GC(1040) Tenured: 135330K->4258K(174784K)
[2026-01-06T17:26:31.048+0800][1.733s][info][gc,metaspace   ] GC(1040) Metaspace: 3744K(4864K)->3744K(4864K) NonClass: 3423K(4352K)->3423K(4352K) Class: 320K(512K)->320K(512K)
[2026-01-06T17:26:31.048+0800][1.733s][info][gc             ] GC(1040) Pause Young (Allocation Failure) 198M->4M(247M) 1.330ms
[2026-01-06T17:26:31.048+0800][1.733s][info][gc,cpu         ] GC(1040) User=0.00s Sys=0.00s Real=0.00s
[2026-01-06T17:26:31.049+0800][1.735s][info][gc,start       ] GC(1042) Pause Young (Allocation Failure)
[2026-01-06T17:26:31.049+0800][1.735s][info][gc,start       ] GC(1043) Pause Full (Allocation Failure)
[2026-01-06T17:26:31.049+0800][1.735s][info][gc,phases,start] GC(1043) Phase 1: Mark live objects
[2026-01-06T17:26:31.050+0800][1.736s][info][gc,phases      ] GC(1043) Phase 1: Mark live objects 0.444ms
[2026-01-06T17:26:31.050+0800][1.736s][info][gc,phases,start] GC(1043) Phase 2: Compute new object addresses
[2026-01-06T17:26:31.050+0800][1.736s][info][gc,phases      ] GC(1043) Phase 2: Compute new object addresses 0.069ms
[2026-01-06T17:26:31.050+0800][1.736s][info][gc,phases,start] GC(1043) Phase 3: Adjust pointers
[2026-01-06T17:26:31.051+0800][1.736s][info][gc,phases      ] GC(1043) Phase 3: Adjust pointers 0.676ms
[2026-01-06T17:26:31.051+0800][1.736s][info][gc,phases,start] GC(1043) Phase 4: Move objects
[2026-01-06T17:26:31.051+0800][1.736s][info][gc,phases      ] GC(1043) Phase 4: Move objects 0.029ms
[2026-01-06T17:26:31.051+0800][1.736s][info][gc             ] GC(1043) Pause Full (Allocation Failure) 133M->4M(247M) 1.239ms
[2026-01-06T17:26:31.051+0800][1.736s][info][gc,heap        ] GC(1042) DefNew: 67960K->0K(78720K)
[2026-01-06T17:26:31.051+0800][1.736s][info][gc,heap        ] GC(1042) Tenured: 135330K->4258K(174784K)
[2026-01-06T17:26:31.051+0800][1.736s][info][gc,metaspace   ] GC(1042) Metaspace: 3744K(4864K)->3744K(4864K) NonClass: 3423K(4352K)->3423K(4352K) Class: 320K(512K)->320K(512K)
[2026-01-06T17:26:31.051+0800][1.736s][info][gc             ] GC(1042) Pause Young (Allocation Failure) 198M->4M(247M) 1.328ms
[2026-01-06T17:26:31.051+0800][1.736s][info][gc,cpu         ] GC(1042) User=0.00s Sys=0.00s Real=0.01s
[2026-01-06T17:26:31.053+0800][1.738s][info][gc,start       ] GC(1044) Pause Young (Allocation Failure)
[2026-01-06T17:26:31.053+0800][1.738s][info][gc,start       ] GC(1045) Pause Full (Allocation Failure)
[2026-01-06T17:26:31.053+0800][1.738s][info][gc,phases,start] GC(1045) Phase 1: Mark live objects
[2026-01-06T17:26:31.053+0800][1.739s][info][gc,phases      ] GC(1045) Phase 1: Mark live objects 0.443ms
[2026-01-06T17:26:31.053+0800][1.739s][info][gc,phases,start] GC(1045) Phase 2: Compute new object addresses
[2026-01-06T17:26:31.053+0800][1.739s][info][gc,phases      ] GC(1045) Phase 2: Compute new object addresses 0.073ms
[2026-01-06T17:26:31.053+0800][1.739s][info][gc,phases,start] GC(1045) Phase 3: Adjust pointers
[2026-01-06T17:26:31.054+0800][1.739s][info][gc,phases      ] GC(1045) Phase 3: Adjust pointers 0.677ms
[2026-01-06T17:26:31.054+0800][1.739s][info][gc,phases,start] GC(1045) Phase 4: Move objects
[2026-01-06T17:26:31.054+0800][1.739s][info][gc,phases      ] GC(1045) Phase 4: Move objects 0.028ms
[2026-01-06T17:26:31.054+0800][1.739s][info][gc             ] GC(1045) Pause Full (Allocation Failure) 133M->4M(247M) 1.243ms
[2026-01-06T17:26:31.054+0800][1.739s][info][gc,heap        ] GC(1044) DefNew: 67960K->0K(78720K)
[2026-01-06T17:26:31.054+0800][1.739s][info][gc,heap        ] GC(1044) Tenured: 135330K->4258K(174784K)
[2026-01-06T17:26:31.054+0800][1.739s][info][gc,metaspace   ] GC(1044) Metaspace: 3744K(4864K)->3744K(4864K) NonClass: 3423K(4352K)->3423K(4352K) Class: 320K(512K)->320K(512K)
[2026-01-06T17:26:31.054+0800][1.739s][info][gc             ] GC(1044) Pause Young (Allocation Failure) 198M->4M(247M) 1.332ms
[2026-01-06T17:26:31.054+0800][1.739s][info][gc,cpu         ] GC(1044) User=0.00s Sys=0.00s Real=0.00s
[2026-01-06T17:26:31.056+0800][1.741s][info][gc,start       ] GC(1046) Pause Young (Allocation Failure)
[2026-01-06T17:26:31.056+0800][1.741s][info][gc,start       ] GC(1047) Pause Full (Allocation Failure)
[2026-01-06T17:26:31.056+0800][1.741s][info][gc,phases,start] GC(1047) Phase 1: Mark live objects
[2026-01-06T17:26:31.056+0800][1.742s][info][gc,phases      ] GC(1047) Phase 1: Mark live objects 0.444ms
[2026-01-06T17:26:31.056+0800][1.742s][info][gc,phases,start] GC(1047) Phase 2: Compute new object addresses
[2026-01-06T17:26:31.056+0800][1.742s][info][gc,phases      ] GC(1047) Phase 2: Compute new object addresses 0.072ms
[2026-01-06T17:26:31.056+0800][1.742s][info][gc,phases,start] GC(1047) Phase 3: Adjust pointers
[2026-01-06T17:26:31.057+0800][1.742s][info][gc,phases      ] GC(1047) Phase 3: Adjust pointers 0.676ms
[2026-01-06T17:26:31.057+0800][1.742s][info][gc,phases,start] GC(1047) Phase 4: Move objects
[2026-01-06T17:26:31.057+0800][1.742s][info][gc,phases      ] GC(1047) Phase 4: Move objects 0.029ms
[2026-01-06T17:26:31.057+0800][1.742s][info][gc             ] GC(1047) Pause Full (Allocation Failure) 133M->4M(247M) 1.242ms
[2026-01-06T17:26:31.057+0800][1.743s][info][gc,heap        ] GC(1046) DefNew: 67960K->0K(78720K)
[2026-01-06T17:26:31.057+0800][1.743s][info][gc,heap        ] GC(1046) Tenured: 135330K->4258K(174784K)
[2026-01-06T17:26:31.057+0800][1.743s][info][gc,metaspace   ] GC(1046) Metaspace: 3744K(4864K)->3744K(4864K) NonClass: 3423K(4352K)->3423K(4352K) Class: 320K(512K)->320K(512K)
[2026-01-06T17:26:31.057+0800][1.743s][info][gc             ] GC(1046) Pause Young (Allocation Failure) 198M->4M(247M) 1.332ms
[2026-01-06T17:26:31.057+0800][1.743s][info][gc,cpu         ] GC(1046) User=0.00s Sys=0.00s Real=0.00s
[2026-01-06T17:26:31.059+0800][1.744s][info][gc,start       ] GC(1048) Pause Young (Allocation Failure)
[2026-01-06T17:26:31.059+0800][1.744s][info][gc,start       ] GC(1049) Pause Full (Allocation Failure)
[2026-01-06T17:26:31.059+0800][1.744s][info][gc,phases,start] GC(1049) Phase 1: Mark live objects
[2026-01-06T17:26:31.059+0800][1.745s][info][gc,phases      ] GC(1049) Phase 1: Mark live objects 0.445ms
[2026-01-06T17:26:31.059+0800][1.745s][info][gc,phases,start] GC(1049) Phase 2: Compute new object addresses
[2026-01-06T17:26:31.059+0800][1.745s][info][gc,phases      ] GC(1049) Phase 2: Compute new object addresses 0.068ms
[2026-01-06T17:26:31.059+0800][1.745s][info][gc,phases,start] GC(1049) Phase 3: Adjust pointers
[2026-01-06T17:26:31.060+0800][1.746s][info][gc,phases      ] GC(1049) Phase 3: Adjust pointers 0.677ms
[2026-01-06T17:26:31.060+0800][1.746s][info][gc,phases,start] GC(1049) Phase 4: Move objects
[2026-01-06T17:26:31.060+0800][1.746s][info][gc,phases      ] GC(1049) Phase 4: Move objects 0.028ms
[2026-01-06T17:26:31.060+0800][1.746s][info][gc             ] GC(1049) Pause Full (Allocation Failure) 133M->4M(247M) 1.241ms
[2026-01-06T17:26:31.060+0800][1.746s][info][gc,heap        ] GC(1048) DefNew: 67960K->0K(78720K)
[2026-01-06T17:26:31.060+0800][1.746s][info][gc,heap        ] GC(1048) Tenured: 135330K->4258K(174784K)
[2026-01-06T17:26:31.060+0800][1.746s][info][gc,metaspace   ] GC(1048) Metaspace: 3744K(4864K)->3744K(4864K) NonClass: 3423K(4352K)->3423K(4352K) Class: 320K(512K)->320K(512K)
[2026-01-06T17:26:31.060+0800][1.746s][info][gc             ] GC(1048) Pause Young (Allocation Failure) 198M->4M(247M) 1.337ms
[2026-01-06T17:26:31.060+0800][1.746s][info][gc,cpu         ] GC(1048) User=0.00s Sys=0.00s Real=0.01s
[2026-01-06T17:26:31.062+0800][1.747s][info][gc,start       ] GC(1050) Pause Young (Allocation Failure)
[2026-01-06T17:26:31.062+0800][1.747s][info][gc,start       ] GC(1051) Pause Full (Allocation Failure)
[2026-01-06T17:26:31.062+0800][1.747s][info][gc,phases,start] GC(1051) Phase 1: Mark live objects
[2026-01-06T17:26:31.062+0800][1.748s][info][gc,phases      ] GC(1051) Phase 1: Mark live objects 0.446ms
[2026-01-06T17:26:31.062+0800][1.748s][info][gc,phases,start] GC(1051) Phase 2: Compute new object addresses
[2026-01-06T17:26:31.062+0800][1.748s][info][gc,phases      ] GC(1051) Phase 2: Compute new object addresses 0.073ms
[2026-01-06T17:26:31.062+0800][1.748s][info][gc,phases,start] GC(1051) Phase 3: Adjust pointers
[2026-01-06T17:26:31.063+0800][1.749s][info][gc,phases      ] GC(1051) Phase 3: Adjust pointers 0.677ms
[2026-01-06T17:26:31.063+0800][1.749s][info][gc,phases,start] GC(1051) Phase 4: Move objects
[2026-01-06T17:26:31.063+0800][1.749s][info][gc,phases      ] GC(1051) Phase 4: Move objects 0.029ms
[2026-01-06T17:26:31.063+0800][1.749s][info][gc             ] GC(1051) Pause Full (Allocation Failure) 133M->4M(247M) 1.246ms
[2026-01-06T17:26:31.063+0800][1.749s][info][gc,heap        ] GC(1050) DefNew: 67960K->0K(78720K)
[2026-01-06T17:26:31.063+0800][1.749s][info][gc,heap        ] GC(1050) Tenured: 135330K->4258K(174784K)
[2026-01-06T17:26:31.063+0800][1.749s][info][gc,metaspace   ] GC(1050) Metaspace: 3744K(4864K)->3744K(4864K) NonClass: 3423K(4352K)->3423K(4352K) Class: 320K(512K)->320K(512K)
[2026-01-06T17:26:31.063+0800][1.749s][info][gc             ] GC(1050) Pause Young (Allocation Failure) 198M->4M(247M) 1.335ms
[2026-01-06T17:26:31.063+0800][1.749s][info][gc,cpu         ] GC(1050) User=0.00s Sys=0.00s Real=0.00s
[2026-01-06T17:26:31.065+0800][1.750s][info][gc,start       ] GC(1052) Pause Young (Allocation Failure)
[2026-01-06T17:26:31.065+0800][1.751s][info][gc,start       ] GC(1053) Pause Full (Allocation Failure)
[2026-01-06T17:26:31.065+0800][1.751s][info][gc,phases,start] GC(1053) Phase 1: Mark live objects
[2026-01-06T17:26:31.065+0800][1.751s][info][gc,phases      ] GC(1053) Phase 1: Mark live objects 0.440ms
[2026-01-06T17:26:31.065+0800][1.751s][info][gc,phases,start] GC(1053) Phase 2: Compute new object addresses
[2026-01-06T17:26:31.066+0800][1.751s][info][gc,phases      ] GC(1053) Phase 2: Compute new object addresses 0.070ms
[2026-01-06T17:26:31.066+0800][1.751s][info][gc,phases,start] GC(1053) Phase 3: Adjust pointers
[2026-01-06T17:26:31.066+0800][1.752s][info][gc,phases      ] GC(1053) Phase 3: Adjust pointers 0.677ms
[2026-01-06T17:26:31.066+0800][1.752s][info][gc,phases,start] GC(1053) Phase 4: Move objects
[2026-01-06T17:26:31.066+0800][1.752s][info][gc,phases      ] GC(1053) Phase 4: Move objects 0.029ms
[2026-01-06T17:26:31.066+0800][1.752s][info][gc             ] GC(1053) Pause Full (Allocation Failure) 133M->4M(247M) 1.237ms
[2026-01-06T17:26:31.066+0800][1.752s][info][gc,heap        ] GC(1052) DefNew: 67960K->0K(78720K)
[2026-01-06T17:26:31.066+0800][1.752s][info][gc,heap        ] GC(1052) Tenured: 135330K->4258K(174784K)
[2026-01-06T17:26:31.066+0800][1.752s][info][gc,metaspace   ] GC(1052) Metaspace: 3744K(4864K)->3744K(4864K) NonClass: 3423K(4352K)->3423K(4352K) Class: 320K(512K)->320K(512K)
[2026-01-06T17:26:31.066+0800][1.752s][info][gc             ] GC(1052) Pause Young (Allocation Failure) 198M->4M(247M) 1.327ms
[2026-01-06T17:26:31.066+0800][1.752s][info][gc,cpu         ] GC(1052) User=0.00s Sys=0.00s Real=0.00s
[2026-01-06T17:26:31.068+0800][1.754s][info][gc,start       ] GC(1054) Pause Young (Allocation Failure)
[2026-01-06T17:26:31.068+0800][1.754s][info][gc,start       ] GC(1055) Pause Full (Allocation Failure)
[2026-01-06T17:26:31.068+0800][1.754s][info][gc,phases,start] GC(1055) Phase 1: Mark live objects
[2026-01-06T17:26:31.069+0800][1.754s][info][gc,phases      ] GC(1055) Phase 1: Mark live objects 0.441ms
[2026-01-06T17:26:31.069+0800][1.754s][info][gc,phases,start] GC(1055) Phase 2: Compute new object addresses
[2026-01-06T17:26:31.069+0800][1.754s][info][gc,phases      ] GC(1055) Phase 2: Compute new object addresses 0.074ms
[2026-01-06T17:26:31.069+0800][1.754s][info][gc,phases,start] GC(1055) Phase 3: Adjust pointers
[2026-01-06T17:26:31.069+0800][1.755s][info][gc,phases      ] GC(1055) Phase 3: Adjust pointers 0.677ms
[2026-01-06T17:26:31.069+0800][1.755s][info][gc,phases,start] GC(1055) Phase 4: Move objects
[2026-01-06T17:26:31.069+0800][1.755s][info][gc,phases      ] GC(1055) Phase 4: Move objects 0.029ms
[2026-01-06T17:26:31.069+0800][1.755s][info][gc             ] GC(1055) Pause Full (Allocation Failure) 133M->4M(247M) 1.242ms
[2026-01-06T17:26:31.069+0800][1.755s][info][gc,heap        ] GC(1054) DefNew: 67960K->0K(78720K)
[2026-01-06T17:26:31.069+0800][1.755s][info][gc,heap        ] GC(1054) Tenured: 135330K->4258K(174784K)
[2026-01-06T17:26:31.069+0800][1.755s][info][gc,metaspace   ] GC(1054) Metaspace: 3744K(4864K)->3744K(4864K) NonClass: 3423K(4352K)->3423K(4352K) Class: 320K(512K)->320K(512K)
[2026-01-06T17:26:31.069+0800][1.755s][info][gc             ] GC(1054) Pause Young (Allocation Failure) 198M->4M(247M) 1.331ms
[2026-01-06T17:26:31.069+0800][1.755s][info][gc,cpu         ] GC(1054) User=0.00s Sys=0.00s Real=0.00s
[2026-01-06T17:26:31.071+0800][1.757s][info][gc,start       ] GC(1056) Pause Young (Allocation Failure)
[2026-01-06T17:26:31.071+0800][1.757s][info][gc,start       ] GC(1057) Pause Full (Allocation Failure)
[2026-01-06T17:26:31.071+0800][1.757s][info][gc,phases,start] GC(1057) Phase 1: Mark live objects
[2026-01-06T17:26:31.072+0800][1.757s][info][gc,phases      ] GC(1057) Phase 1: Mark live objects 0.458ms
[2026-01-06T17:26:31.072+0800][1.757s][info][gc,phases,start] GC(1057) Phase 2: Compute new object addresses
[2026-01-06T17:26:31.072+0800][1.757s][info][gc,phases      ] GC(1057) Phase 2: Compute new object addresses 0.067ms
[2026-01-06T17:26:31.072+0800][1.757s][info][gc,phases,start] GC(1057) Phase 3: Adjust pointers
[2026-01-06T17:26:31.072+0800][1.758s][info][gc,phases      ] GC(1057) Phase 3: Adjust pointers 0.677ms
[2026-01-06T17:26:31.072+0800][1.758s][info][gc,phases,start] GC(1057) Phase 4: Move objects
[2026-01-06T17:26:31.072+0800][1.758s][info][gc,phases      ] GC(1057) Phase 4: Move objects 0.028ms
[2026-01-06T17:26:31.072+0800][1.758s][info][gc             ] GC(1057) Pause Full (Allocation Failure) 133M->4M(247M) 1.252ms
[2026-01-06T17:26:31.072+0800][1.758s][info][gc,heap        ] GC(1056) DefNew: 67960K->0K(78720K)
[2026-01-06T17:26:31.072+0800][1.758s][info][gc,heap        ] GC(1056) Tenured: 135330K->4258K(174784K)
[2026-01-06T17:26:31.072+0800][1.758s][info][gc,metaspace   ] GC(1056) Metaspace: 3744K(4864K)->3744K(4864K) NonClass: 3423K(4352K)->3423K(4352K) Class: 320K(512K)->320K(512K)
[2026-01-06T17:26:31.072+0800][1.758s][info][gc             ] GC(1056) Pause Young (Allocation Failure) 198M->4M(247M) 1.342ms
[2026-01-06T17:26:31.072+0800][1.758s][info][gc,cpu         ] GC(1056) User=0.00s Sys=0.00s Real=0.00s
[2026-01-06T17:26:31.074+0800][1.760s][info][gc,start       ] GC(1058) Pause Young (Allocation Failure)
[2026-01-06T17:26:31.074+0800][1.760s][info][gc,start       ] GC(1059) Pause Full (Allocation Failure)
[2026-01-06T17:26:31.074+0800][1.760s][info][gc,phases,start] GC(1059) Phase 1: Mark live objects
[2026-01-06T17:26:31.075+0800][1.760s][info][gc,phases      ] GC(1059) Phase 1: Mark live objects 0.440ms
[2026-01-06T17:26:31.075+0800][1.760s][info][gc,phases,start] GC(1059) Phase 2: Compute new object addresses
[2026-01-06T17:26:31.075+0800][1.760s][info][gc,phases      ] GC(1059) Phase 2: Compute new object addresses 0.070ms
[2026-01-06T17:26:31.075+0800][1.760s][info][gc,phases,start] GC(1059) Phase 3: Adjust pointers
[2026-01-06T17:26:31.075+0800][1.761s][info][gc,phases      ] GC(1059) Phase 3: Adjust pointers 0.677ms
[2026-01-06T17:26:31.075+0800][1.761s][info][gc,phases,start] GC(1059) Phase 4: Move objects
[2026-01-06T17:26:31.075+0800][1.761s][info][gc,phases      ] GC(1059) Phase 4: Move objects 0.026ms
[2026-01-06T17:26:31.075+0800][1.761s][info][gc             ] GC(1059) Pause Full (Allocation Failure) 133M->5M(247M) 1.235ms
[2026-01-06T17:26:31.075+0800][1.761s][info][gc,heap        ] GC(1058) DefNew: 67960K->0K(78720K)
[2026-01-06T17:26:31.075+0800][1.761s][info][gc,heap        ] GC(1058) Tenured: 135330K->5795K(174784K)
[2026-01-06T17:26:31.075+0800][1.761s][info][gc,metaspace   ] GC(1058) Metaspace: 3744K(4864K)->3744K(4864K) NonClass: 3423K(4352K)->3423K(4352K) Class: 320K(512K)->320K(512K)
[2026-01-06T17:26:31.075+0800][1.761s][info][gc             ] GC(1058) Pause Young (Allocation Failure) 198M->5M(247M) 1.313ms
[2026-01-06T17:26:31.075+0800][1.761s][info][gc,cpu         ] GC(1058) User=0.00s Sys=0.00s Real=0.00s
[2026-01-06T17:26:31.077+0800][1.763s][info][gc,start       ] GC(1060) Pause Young (Allocation Failure)
[2026-01-06T17:26:31.077+0800][1.763s][info][gc,start       ] GC(1061) Pause Full (Allocation Failure)
[2026-01-06T17:26:31.077+0800][1.763s][info][gc,phases,start] GC(1061) Phase 1: Mark live objects
[2026-01-06T17:26:31.078+0800][1.763s][info][gc,phases      ] GC(1061) Phase 1: Mark live objects 0.444ms
[2026-01-06T17:26:31.078+0800][1.763s][info][gc,phases,start] GC(1061) Phase 2: Compute new object addresses
[2026-01-06T17:26:31.078+0800][1.763s][info][gc,phases      ] GC(1061) Phase 2: Compute new object addresses 0.068ms
[2026-01-06T17:26:31.078+0800][1.763s][info][gc,phases,start] GC(1061) Phase 3: Adjust pointers
[2026-01-06T17:26:31.079+0800][1.764s][info][gc,phases      ] GC(1061) Phase 3: Adjust pointers 0.677ms
[2026-01-06T17:26:31.079+0800][1.764s][info][gc,phases,start] GC(1061) Phase 4: Move objects
[2026-01-06T17:26:31.079+0800][1.764s][info][gc,phases      ] GC(1061) Phase 4: Move objects 0.026ms
[2026-01-06T17:26:31.079+0800][1.764s][info][gc             ] GC(1061) Pause Full (Allocation Failure) 135M->5M(247M) 1.236ms
[2026-01-06T17:26:31.079+0800][1.764s][info][gc,heap        ] GC(1060) DefNew: 67960K->0K(78720K)
[2026-01-06T17:26:31.079+0800][1.764s][info][gc,heap        ] GC(1060) Tenured: 136867K->5795K(174784K)
[2026-01-06T17:26:31.079+0800][1.764s][info][gc,metaspace   ] GC(1060) Metaspace: 3744K(4864K)->3744K(4864K) NonClass: 3423K(4352K)->3423K(4352K) Class: 320K(512K)->320K(512K)
[2026-01-06T17:26:31.079+0800][1.764s][info][gc             ] GC(1060) Pause Young (Allocation Failure) 200M->5M(247M) 1.315ms
[2026-01-06T17:26:31.079+0800][1.764s][info][gc,cpu         ] GC(1060) User=0.00s Sys=0.00s Real=0.00s
[2026-01-06T17:26:31.080+0800][1.766s][info][gc,start       ] GC(1062) Pause Young (Allocation Failure)
[2026-01-06T17:26:31.080+0800][1.766s][info][gc,start       ] GC(1063) Pause Full (Allocation Failure)
[2026-01-06T17:26:31.080+0800][1.766s][info][gc,phases,start] GC(1063) Phase 1: Mark live objects
[2026-01-06T17:26:31.081+0800][1.766s][info][gc,phases      ] GC(1063) Phase 1: Mark live objects 0.446ms
[2026-01-06T17:26:31.081+0800][1.766s][info][gc,phases,start] GC(1063) Phase 2: Compute new object addresses
[2026-01-06T17:26:31.081+0800][1.766s][info][gc,phases      ] GC(1063) Phase 2: Compute new object addresses 0.070ms
[2026-01-06T17:26:31.081+0800][1.766s][info][gc,phases,start] GC(1063) Phase 3: Adjust pointers
[2026-01-06T17:26:31.082+0800][1.767s][info][gc,phases      ] GC(1063) Phase 3: Adjust pointers 0.677ms
[2026-01-06T17:26:31.082+0800][1.767s][info][gc,phases,start] GC(1063) Phase 4: Move objects
[2026-01-06T17:26:31.082+0800][1.767s][info][gc,phases      ] GC(1063) Phase 4: Move objects 0.027ms
[2026-01-06T17:26:31.082+0800][1.767s][info][gc             ] GC(1063) Pause Full (Allocation Failure) 135M->5M(247M) 1.242ms
[2026-01-06T17:26:31.082+0800][1.767s][info][gc,heap        ] GC(1062) DefNew: 67960K->0K(78720K)
[2026-01-06T17:26:31.082+0800][1.767s][info][gc,heap        ] GC(1062) Tenured: 136867K->5795K(174784K)
[2026-01-06T17:26:31.082+0800][1.767s][info][gc,metaspace   ] GC(1062) Metaspace: 3744K(4864K)->3744K(4864K) NonClass: 3423K(4352K)->3423K(4352K) Class: 320K(512K)->320K(512K)
[2026-01-06T17:26:31.082+0800][1.767s][info][gc             ] GC(1062) Pause Young (Allocation Failure) 200M->5M(247M) 1.320ms
[2026-01-06T17:26:31.082+0800][1.767s][info][gc,cpu         ] GC(1062) User=0.00s Sys=0.00s Real=0.00s
[2026-01-06T17:26:31.083+0800][1.769s][info][gc,start       ] GC(1064) Pause Young (Allocation Failure)
[2026-01-06T17:26:31.083+0800][1.769s][info][gc,start       ] GC(1065) Pause Full (Allocation Failure)
[2026-01-06T17:26:31.083+0800][1.769s][info][gc,phases,start] GC(1065) Phase 1: Mark live objects
[2026-01-06T17:26:31.084+0800][1.769s][info][gc,phases      ] GC(1065) Phase 1: Mark live objects 0.460ms
[2026-01-06T17:26:31.084+0800][1.769s][info][gc,phases,start] GC(1065) Phase 2: Compute new object addresses
[2026-01-06T17:26:31.084+0800][1.770s][info][gc,phases      ] GC(1065) Phase 2: Compute new object addresses 0.081ms
[2026-01-06T17:26:31.084+0800][1.770s][info][gc,phases,start] GC(1065) Phase 3: Adjust pointers
[2026-01-06T17:26:31.085+0800][1.770s][info][gc,phases      ] GC(1065) Phase 3: Adjust pointers 0.677ms
[2026-01-06T17:26:31.085+0800][1.770s][info][gc,phases,start] GC(1065) Phase 4: Move objects
[2026-01-06T17:26:31.085+0800][1.770s][info][gc,phases      ] GC(1065) Phase 4: Move objects 0.029ms
[2026-01-06T17:26:31.085+0800][1.770s][info][gc             ] GC(1065) Pause Full (Allocation Failure) 135M->4M(247M) 1.270ms
[2026-01-06T17:26:31.085+0800][1.770s][info][gc,heap        ] GC(1064) DefNew: 67960K->0K(78720K)
[2026-01-06T17:26:31.085+0800][1.770s][info][gc,heap        ] GC(1064) Tenured: 136867K->4258K(174784K)
[2026-01-06T17:26:31.085+0800][1.770s][info][gc,metaspace   ] GC(1064) Metaspace: 3744K(4864K)->3744K(4864K) NonClass: 3423K(4352K)->3423K(4352K) Class: 320K(512K)->320K(512K)
[2026-01-06T17:26:31.085+0800][1.770s][info][gc             ] GC(1064) Pause Young (Allocation Failure) 200M->4M(247M) 1.349ms
[2026-01-06T17:26:31.085+0800][1.770s][info][gc,cpu         ] GC(1064) User=0.01s Sys=0.00s Real=0.00s
[2026-01-06T17:26:31.086+0800][1.772s][info][gc,start       ] GC(1066) Pause Young (Allocation Failure)
[2026-01-06T17:26:31.087+0800][1.772s][info][gc,start       ] GC(1067) Pause Full (Allocation Failure)
[2026-01-06T17:26:31.087+0800][1.772s][info][gc,phases,start] GC(1067) Phase 1: Mark live objects
[2026-01-06T17:26:31.087+0800][1.773s][info][gc,phases      ] GC(1067) Phase 1: Mark live objects 0.441ms
[2026-01-06T17:26:31.087+0800][1.773s][info][gc,phases,start] GC(1067) Phase 2: Compute new object addresses
[2026-01-06T17:26:31.087+0800][1.773s][info][gc,phases      ] GC(1067) Phase 2: Compute new object addresses 0.073ms
[2026-01-06T17:26:31.087+0800][1.773s][info][gc,phases,start] GC(1067) Phase 3: Adjust pointers
[2026-01-06T17:26:31.088+0800][1.773s][info][gc,phases      ] GC(1067) Phase 3: Adjust pointers 0.677ms
[2026-01-06T17:26:31.088+0800][1.773s][info][gc,phases,start] GC(1067) Phase 4: Move objects
[2026-01-06T17:26:31.088+0800][1.773s][info][gc,phases      ] GC(1067) Phase 4: Move objects 0.029ms
[2026-01-06T17:26:31.088+0800][1.773s][info][gc             ] GC(1067) Pause Full (Allocation Failure) 133M->4M(247M) 1.242ms
[2026-01-06T17:26:31.088+0800][1.773s][info][gc,heap        ] GC(1066) DefNew: 67960K->0K(78720K)
[2026-01-06T17:26:31.088+0800][1.773s][info][gc,heap        ] GC(1066) Tenured: 135330K->4332K(174784K)
[2026-01-06T17:26:31.088+0800][1.773s][info][gc,metaspace   ] GC(1066) Metaspace: 3744K(4864K)->3744K(4864K) NonClass: 3423K(4352K)->3423K(4352K) Class: 320K(512K)->320K(512K)
[2026-01-06T17:26:31.088+0800][1.773s][info][gc             ] GC(1066) Pause Young (Allocation Failure) 198M->4M(247M) 1.331ms
[2026-01-06T17:26:31.088+0800][1.773s][info][gc,cpu         ] GC(1066) User=0.00s Sys=0.00s Real=0.00s
[2026-01-06T17:26:31.090+0800][1.775s][info][gc,start       ] GC(1068) Pause Young (Allocation Failure)
[2026-01-06T17:26:31.090+0800][1.775s][info][gc,start       ] GC(1069) Pause Full (Allocation Failure)
[2026-01-06T17:26:31.090+0800][1.775s][info][gc,phases,start] GC(1069) Phase 1: Mark live objects
[2026-01-06T17:26:31.090+0800][1.776s][info][gc,phases      ] GC(1069) Phase 1: Mark live objects 0.441ms
[2026-01-06T17:26:31.090+0800][1.776s][info][gc,phases,start] GC(1069) Phase 2: Compute new object addresses
[2026-01-06T17:26:31.090+0800][1.776s][info][gc,phases      ] GC(1069) Phase 2: Compute new object addresses 0.071ms
[2026-01-06T17:26:31.090+0800][1.776s][info][gc,phases,start] GC(1069) Phase 3: Adjust pointers
[2026-01-06T17:26:31.091+0800][1.776s][info][gc,phases      ] GC(1069) Phase 3: Adjust pointers 0.676ms
[2026-01-06T17:26:31.091+0800][1.776s][info][gc,phases,start] GC(1069) Phase 4: Move objects
[2026-01-06T17:26:31.091+0800][1.776s][info][gc,phases      ] GC(1069) Phase 4: Move objects 0.029ms
[2026-01-06T17:26:31.091+0800][1.776s][info][gc             ] GC(1069) Pause Full (Allocation Failure) 133M->4M(247M) 1.239ms
[2026-01-06T17:26:31.091+0800][1.776s][info][gc,heap        ] GC(1068) DefNew: 67960K->0K(78720K)
[2026-01-06T17:26:31.091+0800][1.776s][info][gc,heap        ] GC(1068) Tenured: 135404K->4332K(174784K)
[2026-01-06T17:26:31.091+0800][1.776s][info][gc,metaspace   ] GC(1068) Metaspace: 3744K(4864K)->3744K(4864K) NonClass: 3423K(4352K)->3423K(4352K) Class: 320K(512K)->320K(512K)
[2026-01-06T17:26:31.091+0800][1.776s][info][gc             ] GC(1068) Pause Young (Allocation Failure) 198M->4M(247M) 1.329ms
[2026-01-06T17:26:31.091+0800][1.776s][info][gc,cpu         ] GC(1068) User=0.00s Sys=0.00s Real=0.00s
[2026-01-06T17:26:31.093+0800][1.778s][info][gc,start       ] GC(1070) Pause Young (Allocation Failure)
[2026-01-06T17:26:31.093+0800][1.778s][info][gc,start       ] GC(1071) Pause Full (Allocation Failure)
[2026-01-06T17:26:31.093+0800][1.778s][info][gc,phases,start] GC(1071) Phase 1: Mark live objects
[2026-01-06T17:26:31.093+0800][1.779s][info][gc,phases      ] GC(1071) Phase 1: Mark live objects 0.441ms
[2026-01-06T17:26:31.093+0800][1.779s][info][gc,phases,start] GC(1071) Phase 2: Compute new object addresses
[2026-01-06T17:26:31.093+0800][1.779s][info][gc,phases      ] GC(1071) Phase 2: Compute new object addresses 0.074ms
[2026-01-06T17:26:31.093+0800][1.779s][info][gc,phases,start] GC(1071) Phase 3: Adjust pointers
[2026-01-06T17:26:31.094+0800][1.780s][info][gc,phases      ] GC(1071) Phase 3: Adjust pointers 0.750ms
[2026-01-06T17:26:31.094+0800][1.780s][info][gc,phases,start] GC(1071) Phase 4: Move objects
[2026-01-06T17:26:31.094+0800][1.780s][info][gc,phases      ] GC(1071) Phase 4: Move objects 0.034ms
[2026-01-06T17:26:31.094+0800][1.780s][info][gc             ] GC(1071) Pause Full (Allocation Failure) 133M->4M(247M) 1.321ms
[2026-01-06T17:26:31.094+0800][1.780s][info][gc,heap        ] GC(1070) DefNew: 67960K->0K(78720K)
[2026-01-06T17:26:31.094+0800][1.780s][info][gc,heap        ] GC(1070) Tenured: 135404K->4332K(174784K)
[2026-01-06T17:26:31.094+0800][1.780s][info][gc,metaspace   ] GC(1070) Metaspace: 3744K(4864K)->3744K(4864K) NonClass: 3423K(4352K)->3423K(4352K) Class: 320K(512K)->320K(512K)
[2026-01-06T17:26:31.094+0800][1.780s][info][gc             ] GC(1070) Pause Young (Allocation Failure) 198M->4M(247M) 1.411ms
[2026-01-06T17:26:31.094+0800][1.780s][info][gc,cpu         ] GC(1070) User=0.00s Sys=0.00s Real=0.00s
[2026-01-06T17:26:31.096+0800][1.781s][info][gc,start       ] GC(1072) Pause Young (Allocation Failure)
[2026-01-06T17:26:31.096+0800][1.782s][info][gc,start       ] GC(1073) Pause Full (Allocation Failure)
[2026-01-06T17:26:31.096+0800][1.782s][info][gc,phases,start] GC(1073) Phase 1: Mark live objects
[2026-01-06T17:26:31.096+0800][1.782s][info][gc,phases      ] GC(1073) Phase 1: Mark live objects 0.463ms
[2026-01-06T17:26:31.096+0800][1.782s][info][gc,phases,start] GC(1073) Phase 2: Compute new object addresses
[2026-01-06T17:26:31.097+0800][1.782s][info][gc,phases      ] GC(1073) Phase 2: Compute new object addresses 0.071ms
[2026-01-06T17:26:31.097+0800][1.782s][info][gc,phases,start] GC(1073) Phase 3: Adjust pointers
[2026-01-06T17:26:31.097+0800][1.783s][info][gc,phases      ] GC(1073) Phase 3: Adjust pointers 0.678ms
[2026-01-06T17:26:31.097+0800][1.783s][info][gc,phases,start] GC(1073) Phase 4: Move objects
[2026-01-06T17:26:31.097+0800][1.783s][info][gc,phases      ] GC(1073) Phase 4: Move objects 0.035ms
[2026-01-06T17:26:31.097+0800][1.783s][info][gc             ] GC(1073) Pause Full (Allocation Failure) 133M->4M(247M) 1.270ms
[2026-01-06T17:26:31.097+0800][1.783s][info][gc,heap        ] GC(1072) DefNew: 67960K->0K(78720K)
[2026-01-06T17:26:31.097+0800][1.783s][info][gc,heap        ] GC(1072) Tenured: 135404K->4258K(174784K)
[2026-01-06T17:26:31.097+0800][1.783s][info][gc,metaspace   ] GC(1072) Metaspace: 3744K(4864K)->3744K(4864K) NonClass: 3423K(4352K)->3423K(4352K) Class: 320K(512K)->320K(512K)
[2026-01-06T17:26:31.097+0800][1.783s][info][gc             ] GC(1072) Pause Young (Allocation Failure) 198M->4M(247M) 1.363ms
[2026-01-06T17:26:31.097+0800][1.783s][info][gc,cpu         ] GC(1072) User=0.00s Sys=0.00s Real=0.00s
[2026-01-06T17:26:31.099+0800][1.785s][info][gc,start       ] GC(1074) Pause Young (Allocation Failure)
[2026-01-06T17:26:31.099+0800][1.785s][info][gc,start       ] GC(1075) Pause Full (Allocation Failure)
[2026-01-06T17:26:31.099+0800][1.785s][info][gc,phases,start] GC(1075) Phase 1: Mark live objects
[2026-01-06T17:26:31.100+0800][1.785s][info][gc,phases      ] GC(1075) Phase 1: Mark live objects 0.443ms
[2026-01-06T17:26:31.100+0800][1.785s][info][gc,phases,start] GC(1075) Phase 2: Compute new object addresses
[2026-01-06T17:26:31.100+0800][1.785s][info][gc,phases      ] GC(1075) Phase 2: Compute new object addresses 0.070ms
[2026-01-06T17:26:31.100+0800][1.785s][info][gc,phases,start] GC(1075) Phase 3: Adjust pointers
[2026-01-06T17:26:31.100+0800][1.786s][info][gc,phases      ] GC(1075) Phase 3: Adjust pointers 0.677ms
[2026-01-06T17:26:31.100+0800][1.786s][info][gc,phases,start] GC(1075) Phase 4: Move objects
[2026-01-06T17:26:31.101+0800][1.786s][info][gc,phases      ] GC(1075) Phase 4: Move objects 0.033ms
[2026-01-06T17:26:31.101+0800][1.786s][info][gc             ] GC(1075) Pause Full (Allocation Failure) 133M->4M(247M) 1.246ms
[2026-01-06T17:26:31.101+0800][1.786s][info][gc,heap        ] GC(1074) DefNew: 67960K->0K(78720K)
[2026-01-06T17:26:31.101+0800][1.786s][info][gc,heap        ] GC(1074) Tenured: 135330K->4258K(174784K)
[2026-01-06T17:26:31.101+0800][1.786s][info][gc,metaspace   ] GC(1074) Metaspace: 3744K(4864K)->3744K(4864K) NonClass: 3423K(4352K)->3423K(4352K) Class: 320K(512K)->320K(512K)
[2026-01-06T17:26:31.101+0800][1.786s][info][gc             ] GC(1074) Pause Young (Allocation Failure) 198M->4M(247M) 1.336ms
[2026-01-06T17:26:31.101+0800][1.786s][info][gc,cpu         ] GC(1074) User=0.00s Sys=0.00s Real=0.01s
[2026-01-06T17:26:31.102+0800][1.788s][info][gc,start       ] GC(1076) Pause Young (Allocation Failure)
[2026-01-06T17:26:31.102+0800][1.788s][info][gc,start       ] GC(1077) Pause Full (Allocation Failure)
[2026-01-06T17:26:31.102+0800][1.788s][info][gc,phases,start] GC(1077) Phase 1: Mark live objects
[2026-01-06T17:26:31.103+0800][1.789s][info][gc,phases      ] GC(1077) Phase 1: Mark live objects 0.445ms
[2026-01-06T17:26:31.103+0800][1.789s][info][gc,phases,start] GC(1077) Phase 2: Compute new object addresses
[2026-01-06T17:26:31.103+0800][1.789s][info][gc,phases      ] GC(1077) Phase 2: Compute new object addresses 0.074ms
[2026-01-06T17:26:31.103+0800][1.789s][info][gc,phases,start] GC(1077) Phase 3: Adjust pointers
[2026-01-06T17:26:31.104+0800][1.789s][info][gc,phases      ] GC(1077) Phase 3: Adjust pointers 0.676ms
[2026-01-06T17:26:31.104+0800][1.789s][info][gc,phases,start] GC(1077) Phase 4: Move objects
[2026-01-06T17:26:31.104+0800][1.789s][info][gc,phases      ] GC(1077) Phase 4: Move objects 0.030ms
[2026-01-06T17:26:31.104+0800][1.789s][info][gc             ] GC(1077) Pause Full (Allocation Failure) 133M->4M(247M) 1.247ms
[2026-01-06T17:26:31.104+0800][1.789s][info][gc,heap        ] GC(1076) DefNew: 67960K->0K(78720K)
[2026-01-06T17:26:31.104+0800][1.789s][info][gc,heap        ] GC(1076) Tenured: 135330K->4258K(174784K)
[2026-01-06T17:26:31.104+0800][1.789s][info][gc,metaspace   ] GC(1076) Metaspace: 3744K(4864K)->3744K(4864K) NonClass: 3423K(4352K)->3423K(4352K) Class: 320K(512K)->320K(512K)
[2026-01-06T17:26:31.104+0800][1.789s][info][gc             ] GC(1076) Pause Young (Allocation Failure) 198M->4M(247M) 1.337ms
[2026-01-06T17:26:31.104+0800][1.789s][info][gc,cpu         ] GC(1076) User=0.00s Sys=0.00s Real=0.00s
[2026-01-06T17:26:31.106+0800][1.791s][info][gc,start       ] GC(1078) Pause Young (Allocation Failure)
[2026-01-06T17:26:31.106+0800][1.791s][info][gc,start       ] GC(1079) Pause Full (Allocation Failure)
[2026-01-06T17:26:31.106+0800][1.791s][info][gc,phases,start] GC(1079) Phase 1: Mark live objects
[2026-01-06T17:26:31.106+0800][1.792s][info][gc,phases      ] GC(1079) Phase 1: Mark live objects 0.445ms
[2026-01-06T17:26:31.106+0800][1.792s][info][gc,phases,start] GC(1079) Phase 2: Compute new object addresses
[2026-01-06T17:26:31.106+0800][1.792s][info][gc,phases      ] GC(1079) Phase 2: Compute new object addresses 0.071ms
[2026-01-06T17:26:31.106+0800][1.792s][info][gc,phases,start] GC(1079) Phase 3: Adjust pointers
[2026-01-06T17:26:31.107+0800][1.793s][info][gc,phases      ] GC(1079) Phase 3: Adjust pointers 0.675ms
[2026-01-06T17:26:31.107+0800][1.793s][info][gc,phases,start] GC(1079) Phase 4: Move objects
[2026-01-06T17:26:31.107+0800][1.793s][info][gc,phases      ] GC(1079) Phase 4: Move objects 0.029ms
[2026-01-06T17:26:31.107+0800][1.793s][info][gc             ] GC(1079) Pause Full (Allocation Failure) 133M->4M(247M) 1.242ms
[2026-01-06T17:26:31.107+0800][1.793s][info][gc,heap        ] GC(1078) DefNew: 67960K->0K(78720K)
[2026-01-06T17:26:31.107+0800][1.793s][info][gc,heap        ] GC(1078) Tenured: 135330K->4258K(174784K)
[2026-01-06T17:26:31.107+0800][1.793s][info][gc,metaspace   ] GC(1078) Metaspace: 3744K(4864K)->3744K(4864K) NonClass: 3423K(4352K)->3423K(4352K) Class: 320K(512K)->320K(512K)
[2026-01-06T17:26:31.107+0800][1.793s][info][gc             ] GC(1078) Pause Young (Allocation Failure) 198M->4M(247M) 1.331ms
[2026-01-06T17:26:31.107+0800][1.793s][info][gc,cpu         ] GC(1078) User=0.00s Sys=0.00s Real=0.00s
[2026-01-06T17:26:31.109+0800][1.794s][info][gc,start       ] GC(1080) Pause Young (Allocation Failure)
[2026-01-06T17:26:31.109+0800][1.794s][info][gc,start       ] GC(1081) Pause Full (Allocation Failure)
[2026-01-06T17:26:31.109+0800][1.794s][info][gc,phases,start] GC(1081) Phase 1: Mark live objects
[2026-01-06T17:26:31.109+0800][1.795s][info][gc,phases      ] GC(1081) Phase 1: Mark live objects 0.445ms
[2026-01-06T17:26:31.109+0800][1.795s][info][gc,phases,start] GC(1081) Phase 2: Compute new object addresses
[2026-01-06T17:26:31.109+0800][1.795s][info][gc,phases      ] GC(1081) Phase 2: Compute new object addresses 0.072ms
[2026-01-06T17:26:31.109+0800][1.795s][info][gc,phases,start] GC(1081) Phase 3: Adjust pointers
[2026-01-06T17:26:31.110+0800][1.796s][info][gc,phases      ] GC(1081) Phase 3: Adjust pointers 0.677ms
[2026-01-06T17:26:31.110+0800][1.796s][info][gc,phases,start] GC(1081) Phase 4: Move objects
[2026-01-06T17:26:31.110+0800][1.796s][info][gc,phases      ] GC(1081) Phase 4: Move objects 0.028ms
[2026-01-06T17:26:31.110+0800][1.796s][info][gc             ] GC(1081) Pause Full (Allocation Failure) 133M->4M(247M) 1.244ms
[2026-01-06T17:26:31.110+0800][1.796s][info][gc,heap        ] GC(1080) DefNew: 67960K->0K(78720K)
[2026-01-06T17:26:31.110+0800][1.796s][info][gc,heap        ] GC(1080) Tenured: 135330K->4258K(174784K)
[2026-01-06T17:26:31.110+0800][1.796s][info][gc,metaspace   ] GC(1080) Metaspace: 3744K(4864K)->3744K(4864K) NonClass: 3423K(4352K)->3423K(4352K) Class: 320K(512K)->320K(512K)
[2026-01-06T17:26:31.110+0800][1.796s][info][gc             ] GC(1080) Pause Young (Allocation Failure) 198M->4M(247M) 1.334ms
[2026-01-06T17:26:31.110+0800][1.796s][info][gc,cpu         ] GC(1080) User=0.00s Sys=0.00s Real=0.01s
[2026-01-06T17:26:31.112+0800][1.797s][info][gc,start       ] GC(1082) Pause Young (Allocation Failure)
[2026-01-06T17:26:31.112+0800][1.798s][info][gc,start       ] GC(1083) Pause Full (Allocation Failure)
[2026-01-06T17:26:31.112+0800][1.798s][info][gc,phases,start] GC(1083) Phase 1: Mark live objects
[2026-01-06T17:26:31.112+0800][1.798s][info][gc,phases      ] GC(1083) Phase 1: Mark live objects 0.446ms
[2026-01-06T17:26:31.112+0800][1.798s][info][gc,phases,start] GC(1083) Phase 2: Compute new object addresses
[2026-01-06T17:26:31.112+0800][1.798s][info][gc,phases      ] GC(1083) Phase 2: Compute new object addresses 0.073ms
[2026-01-06T17:26:31.112+0800][1.798s][info][gc,phases,start] GC(1083) Phase 3: Adjust pointers
[2026-01-06T17:26:31.113+0800][1.799s][info][gc,phases      ] GC(1083) Phase 3: Adjust pointers 0.677ms
[2026-01-06T17:26:31.113+0800][1.799s][info][gc,phases,start] GC(1083) Phase 4: Move objects
[2026-01-06T17:26:31.113+0800][1.799s][info][gc,phases      ] GC(1083) Phase 4: Move objects 0.029ms
[2026-01-06T17:26:31.113+0800][1.799s][info][gc             ] GC(1083) Pause Full (Allocation Failure) 133M->4M(247M) 1.246ms
[2026-01-06T17:26:31.113+0800][1.799s][info][gc,heap        ] GC(1082) DefNew: 67960K->0K(78720K)
[2026-01-06T17:26:31.113+0800][1.799s][info][gc,heap        ] GC(1082) Tenured: 135330K->4258K(174784K)
[2026-01-06T17:26:31.113+0800][1.799s][info][gc,metaspace   ] GC(1082) Metaspace: 3744K(4864K)->3744K(4864K) NonClass: 3423K(4352K)->3423K(4352K) Class: 320K(512K)->320K(512K)
[2026-01-06T17:26:31.113+0800][1.799s][info][gc             ] GC(1082) Pause Young (Allocation Failure) 198M->4M(247M) 1.335ms
[2026-01-06T17:26:31.113+0800][1.799s][info][gc,cpu         ] GC(1082) User=0.00s Sys=0.00s Real=0.00s
[2026-01-06T17:26:31.115+0800][1.801s][info][gc,start       ] GC(1084) Pause Young (Allocation Failure)
[2026-01-06T17:26:31.115+0800][1.801s][info][gc,start       ] GC(1085) Pause Full (Allocation Failure)
[2026-01-06T17:26:31.115+0800][1.801s][info][gc,phases,start] GC(1085) Phase 1: Mark live objects
[2026-01-06T17:26:31.116+0800][1.801s][info][gc,phases      ] GC(1085) Phase 1: Mark live objects 0.441ms
[2026-01-06T17:26:31.116+0800][1.801s][info][gc,phases,start] GC(1085) Phase 2: Compute new object addresses
[2026-01-06T17:26:31.116+0800][1.801s][info][gc,phases      ] GC(1085) Phase 2: Compute new object addresses 0.071ms
[2026-01-06T17:26:31.116+0800][1.801s][info][gc,phases,start] GC(1085) Phase 3: Adjust pointers
[2026-01-06T17:26:31.116+0800][1.802s][info][gc,phases      ] GC(1085) Phase 3: Adjust pointers 0.678ms
[2026-01-06T17:26:31.116+0800][1.802s][info][gc,phases,start] GC(1085) Phase 4: Move objects
[2026-01-06T17:26:31.116+0800][1.802s][info][gc,phases      ] GC(1085) Phase 4: Move objects 0.029ms
[2026-01-06T17:26:31.116+0800][1.802s][info][gc             ] GC(1085) Pause Full (Allocation Failure) 133M->4M(247M) 1.241ms
[2026-01-06T17:26:31.116+0800][1.802s][info][gc,heap        ] GC(1084) DefNew: 67960K->0K(78720K)
[2026-01-06T17:26:31.116+0800][1.802s][info][gc,heap        ] GC(1084) Tenured: 135330K->4258K(174784K)
[2026-01-06T17:26:31.116+0800][1.802s][info][gc,metaspace   ] GC(1084) Metaspace: 3744K(4864K)->3744K(4864K) NonClass: 3423K(4352K)->3423K(4352K) Class: 320K(512K)->320K(512K)
[2026-01-06T17:26:31.116+0800][1.802s][info][gc             ] GC(1084) Pause Young (Allocation Failure) 198M->4M(247M) 1.331ms
[2026-01-06T17:26:31.116+0800][1.802s][info][gc,cpu         ] GC(1084) User=0.00s Sys=0.00s Real=0.00s
[2026-01-06T17:26:31.118+0800][1.804s][info][gc,start       ] GC(1086) Pause Young (Allocation Failure)
[2026-01-06T17:26:31.118+0800][1.804s][info][gc,start       ] GC(1087) Pause Full (Allocation Failure)
[2026-01-06T17:26:31.118+0800][1.804s][info][gc,phases,start] GC(1087) Phase 1: Mark live objects
[2026-01-06T17:26:31.119+0800][1.804s][info][gc,phases      ] GC(1087) Phase 1: Mark live objects 0.441ms
[2026-01-06T17:26:31.119+0800][1.804s][info][gc,phases,start] GC(1087) Phase 2: Compute new object addresses
[2026-01-06T17:26:31.119+0800][1.804s][info][gc,phases      ] GC(1087) Phase 2: Compute new object addresses 0.074ms
[2026-01-06T17:26:31.119+0800][1.804s][info][gc,phases,start] GC(1087) Phase 3: Adjust pointers
[2026-01-06T17:26:31.119+0800][1.805s][info][gc,phases      ] GC(1087) Phase 3: Adjust pointers 0.677ms
[2026-01-06T17:26:31.119+0800][1.805s][info][gc,phases,start] GC(1087) Phase 4: Move objects
[2026-01-06T17:26:31.119+0800][1.805s][info][gc,phases      ] GC(1087) Phase 4: Move objects 0.030ms
[2026-01-06T17:26:31.119+0800][1.805s][info][gc             ] GC(1087) Pause Full (Allocation Failure) 133M->4M(247M) 1.244ms
[2026-01-06T17:26:31.119+0800][1.805s][info][gc,heap        ] GC(1086) DefNew: 67960K->0K(78720K)
[2026-01-06T17:26:31.119+0800][1.805s][info][gc,heap        ] GC(1086) Tenured: 135330K->4258K(174784K)
[2026-01-06T17:26:31.119+0800][1.805s][info][gc,metaspace   ] GC(1086) Metaspace: 3744K(4864K)->3744K(4864K) NonClass: 3423K(4352K)->3423K(4352K) Class: 320K(512K)->320K(512K)
[2026-01-06T17:26:31.119+0800][1.805s][info][gc             ] GC(1086) Pause Young (Allocation Failure) 198M->4M(247M) 1.333ms
[2026-01-06T17:26:31.119+0800][1.805s][info][gc,cpu         ] GC(1086) User=0.00s Sys=0.00s Real=0.00s
[2026-01-06T17:26:31.121+0800][1.807s][info][gc,start       ] GC(1088) Pause Young (Allocation Failure)
[2026-01-06T17:26:31.121+0800][1.807s][info][gc,start       ] GC(1089) Pause Full (Allocation Failure)
[2026-01-06T17:26:31.121+0800][1.807s][info][gc,phases,start] GC(1089) Phase 1: Mark live objects
[2026-01-06T17:26:31.122+0800][1.807s][info][gc,phases      ] GC(1089) Phase 1: Mark live objects 0.441ms
[2026-01-06T17:26:31.122+0800][1.807s][info][gc,phases,start] GC(1089) Phase 2: Compute new object addresses
[2026-01-06T17:26:31.122+0800][1.807s][info][gc,phases      ] GC(1089) Phase 2: Compute new object addresses 0.070ms
[2026-01-06T17:26:31.122+0800][1.807s][info][gc,phases,start] GC(1089) Phase 3: Adjust pointers
[2026-01-06T17:26:31.122+0800][1.808s][info][gc,phases      ] GC(1089) Phase 3: Adjust pointers 0.675ms
[2026-01-06T17:26:31.122+0800][1.808s][info][gc,phases,start] GC(1089) Phase 4: Move objects
[2026-01-06T17:26:31.123+0800][1.808s][info][gc,phases      ] GC(1089) Phase 4: Move objects 0.028ms
[2026-01-06T17:26:31.123+0800][1.808s][info][gc             ] GC(1089) Pause Full (Allocation Failure) 133M->4M(247M) 1.237ms
[2026-01-06T17:26:31.123+0800][1.808s][info][gc,heap        ] GC(1088) DefNew: 67960K->0K(78720K)
[2026-01-06T17:26:31.123+0800][1.808s][info][gc,heap        ] GC(1088) Tenured: 135330K->4258K(174784K)
[2026-01-06T17:26:31.123+0800][1.808s][info][gc,metaspace   ] GC(1088) Metaspace: 3744K(4864K)->3744K(4864K) NonClass: 3423K(4352K)->3423K(4352K) Class: 320K(512K)->320K(512K)
[2026-01-06T17:26:31.123+0800][1.808s][info][gc             ] GC(1088) Pause Young (Allocation Failure) 198M->4M(247M) 1.327ms
[2026-01-06T17:26:31.123+0800][1.808s][info][gc,cpu         ] GC(1088) User=0.00s Sys=0.00s Real=0.00s
[2026-01-06T17:26:31.124+0800][1.810s][info][gc,start       ] GC(1090) Pause Young (Allocation Failure)
[2026-01-06T17:26:31.124+0800][1.810s][info][gc,start       ] GC(1091) Pause Full (Allocation Failure)
[2026-01-06T17:26:31.124+0800][1.810s][info][gc,phases,start] GC(1091) Phase 1: Mark live objects
[2026-01-06T17:26:31.125+0800][1.810s][info][gc,phases      ] GC(1091) Phase 1: Mark live objects 0.442ms
[2026-01-06T17:26:31.125+0800][1.810s][info][gc,phases,start] GC(1091) Phase 2: Compute new object addresses
[2026-01-06T17:26:31.125+0800][1.810s][info][gc,phases      ] GC(1091) Phase 2: Compute new object addresses 0.073ms
[2026-01-06T17:26:31.125+0800][1.810s][info][gc,phases,start] GC(1091) Phase 3: Adjust pointers
[2026-01-06T17:26:31.126+0800][1.811s][info][gc,phases      ] GC(1091) Phase 3: Adjust pointers 0.677ms
[2026-01-06T17:26:31.126+0800][1.811s][info][gc,phases,start] GC(1091) Phase 4: Move objects
[2026-01-06T17:26:31.126+0800][1.811s][info][gc,phases      ] GC(1091) Phase 4: Move objects 0.029ms
[2026-01-06T17:26:31.126+0800][1.811s][info][gc             ] GC(1091) Pause Full (Allocation Failure) 133M->4M(247M) 1.242ms
[2026-01-06T17:26:31.126+0800][1.811s][info][gc,heap        ] GC(1090) DefNew: 67960K->0K(78720K)
[2026-01-06T17:26:31.126+0800][1.811s][info][gc,heap        ] GC(1090) Tenured: 135330K->4258K(174784K)
[2026-01-06T17:26:31.126+0800][1.811s][info][gc,metaspace   ] GC(1090) Metaspace: 3744K(4864K)->3744K(4864K) NonClass: 3423K(4352K)->3423K(4352K) Class: 320K(512K)->320K(512K)
[2026-01-06T17:26:31.126+0800][1.811s][info][gc             ] GC(1090) Pause Young (Allocation Failure) 198M->4M(247M) 1.332ms
[2026-01-06T17:26:31.126+0800][1.811s][info][gc,cpu         ] GC(1090) User=0.01s Sys=0.00s Real=0.00s
[2026-01-06T17:26:31.127+0800][1.813s][info][gc,start       ] GC(1092) Pause Young (Allocation Failure)
[2026-01-06T17:26:31.127+0800][1.813s][info][gc,start       ] GC(1093) Pause Full (Allocation Failure)
[2026-01-06T17:26:31.127+0800][1.813s][info][gc,phases,start] GC(1093) Phase 1: Mark live objects
[2026-01-06T17:26:31.128+0800][1.813s][info][gc,phases      ] GC(1093) Phase 1: Mark live objects 0.443ms
[2026-01-06T17:26:31.128+0800][1.813s][info][gc,phases,start] GC(1093) Phase 2: Compute new object addresses
[2026-01-06T17:26:31.128+0800][1.814s][info][gc,phases      ] GC(1093) Phase 2: Compute new object addresses 0.073ms
[2026-01-06T17:26:31.128+0800][1.814s][info][gc,phases,start] GC(1093) Phase 3: Adjust pointers
[2026-01-06T17:26:31.129+0800][1.814s][info][gc,phases      ] GC(1093) Phase 3: Adjust pointers 0.694ms
[2026-01-06T17:26:31.129+0800][1.814s][info][gc,phases,start] GC(1093) Phase 4: Move objects
[2026-01-06T17:26:31.129+0800][1.814s][info][gc,phases      ] GC(1093) Phase 4: Move objects 0.029ms
[2026-01-06T17:26:31.129+0800][1.814s][info][gc             ] GC(1093) Pause Full (Allocation Failure) 133M->4M(247M) 1.260ms
[2026-01-06T17:26:31.129+0800][1.814s][info][gc,heap        ] GC(1092) DefNew: 67960K->0K(78720K)
[2026-01-06T17:26:31.129+0800][1.814s][info][gc,heap        ] GC(1092) Tenured: 135330K->4258K(174784K)
[2026-01-06T17:26:31.129+0800][1.814s][info][gc,metaspace   ] GC(1092) Metaspace: 3744K(4864K)->3744K(4864K) NonClass: 3423K(4352K)->3423K(4352K) Class: 320K(512K)->320K(512K)
[2026-01-06T17:26:31.129+0800][1.814s][info][gc             ] GC(1092) Pause Young (Allocation Failure) 198M->4M(247M) 1.349ms
[2026-01-06T17:26:31.129+0800][1.814s][info][gc,cpu         ] GC(1092) User=0.00s Sys=0.00s Real=0.00s
[2026-01-06T17:26:31.131+0800][1.816s][info][gc,start       ] GC(1094) Pause Young (Allocation Failure)
[2026-01-06T17:26:31.131+0800][1.816s][info][gc,start       ] GC(1095) Pause Full (Allocation Failure)
[2026-01-06T17:26:31.131+0800][1.816s][info][gc,phases,start] GC(1095) Phase 1: Mark live objects
[2026-01-06T17:26:31.131+0800][1.817s][info][gc,phases      ] GC(1095) Phase 1: Mark live objects 0.444ms
[2026-01-06T17:26:31.131+0800][1.817s][info][gc,phases,start] GC(1095) Phase 2: Compute new object addresses
[2026-01-06T17:26:31.131+0800][1.817s][info][gc,phases      ] GC(1095) Phase 2: Compute new object addresses 0.071ms
[2026-01-06T17:26:31.131+0800][1.817s][info][gc,phases,start] GC(1095) Phase 3: Adjust pointers
[2026-01-06T17:26:31.132+0800][1.817s][info][gc,phases      ] GC(1095) Phase 3: Adjust pointers 0.694ms
[2026-01-06T17:26:31.132+0800][1.817s][info][gc,phases,start] GC(1095) Phase 4: Move objects
[2026-01-06T17:26:31.132+0800][1.817s][info][gc,phases      ] GC(1095) Phase 4: Move objects 0.029ms
[2026-01-06T17:26:31.132+0800][1.817s][info][gc             ] GC(1095) Pause Full (Allocation Failure) 133M->4M(247M) 1.261ms
[2026-01-06T17:26:31.132+0800][1.818s][info][gc,heap        ] GC(1094) DefNew: 67960K->0K(78720K)
[2026-01-06T17:26:31.132+0800][1.818s][info][gc,heap        ] GC(1094) Tenured: 135330K->4258K(174784K)
[2026-01-06T17:26:31.132+0800][1.818s][info][gc,metaspace   ] GC(1094) Metaspace: 3744K(4864K)->3744K(4864K) NonClass: 3423K(4352K)->3423K(4352K) Class: 320K(512K)->320K(512K)
[2026-01-06T17:26:31.132+0800][1.818s][info][gc             ] GC(1094) Pause Young (Allocation Failure) 198M->4M(247M) 1.352ms
[2026-01-06T17:26:31.132+0800][1.818s][info][gc,cpu         ] GC(1094) User=0.00s Sys=0.00s Real=0.00s
[2026-01-06T17:26:31.134+0800][1.819s][info][gc,start       ] GC(1096) Pause Young (Allocation Failure)
[2026-01-06T17:26:31.134+0800][1.819s][info][gc,start       ] GC(1097) Pause Full (Allocation Failure)
[2026-01-06T17:26:31.134+0800][1.819s][info][gc,phases,start] GC(1097) Phase 1: Mark live objects
[2026-01-06T17:26:31.134+0800][1.820s][info][gc,phases      ] GC(1097) Phase 1: Mark live objects 0.446ms
[2026-01-06T17:26:31.134+0800][1.820s][info][gc,phases,start] GC(1097) Phase 2: Compute new object addresses
[2026-01-06T17:26:31.134+0800][1.820s][info][gc,phases      ] GC(1097) Phase 2: Compute new object addresses 0.073ms
[2026-01-06T17:26:31.134+0800][1.820s][info][gc,phases,start] GC(1097) Phase 3: Adjust pointers
[2026-01-06T17:26:31.135+0800][1.821s][info][gc,phases      ] GC(1097) Phase 3: Adjust pointers 0.674ms
[2026-01-06T17:26:31.135+0800][1.821s][info][gc,phases,start] GC(1097) Phase 4: Move objects
[2026-01-06T17:26:31.135+0800][1.821s][info][gc,phases      ] GC(1097) Phase 4: Move objects 0.028ms
[2026-01-06T17:26:31.135+0800][1.821s][info][gc             ] GC(1097) Pause Full (Allocation Failure) 133M->4M(247M) 1.243ms
[2026-01-06T17:26:31.135+0800][1.821s][info][gc,heap        ] GC(1096) DefNew: 67960K->0K(78720K)
[2026-01-06T17:26:31.135+0800][1.821s][info][gc,heap        ] GC(1096) Tenured: 135330K->4258K(174784K)
[2026-01-06T17:26:31.135+0800][1.821s][info][gc,metaspace   ] GC(1096) Metaspace: 3744K(4864K)->3744K(4864K) NonClass: 3423K(4352K)->3423K(4352K) Class: 320K(512K)->320K(512K)
[2026-01-06T17:26:31.135+0800][1.821s][info][gc             ] GC(1096) Pause Young (Allocation Failure) 198M->4M(247M) 1.332ms
[2026-01-06T17:26:31.135+0800][1.821s][info][gc,cpu         ] GC(1096) User=0.01s Sys=0.00s Real=0.00s
[2026-01-06T17:26:31.137+0800][1.822s][info][gc,start       ] GC(1098) Pause Young (Allocation Failure)
[2026-01-06T17:26:31.137+0800][1.822s][info][gc,start       ] GC(1099) Pause Full (Allocation Failure)
[2026-01-06T17:26:31.137+0800][1.822s][info][gc,phases,start] GC(1099) Phase 1: Mark live objects
[2026-01-06T17:26:31.137+0800][1.823s][info][gc,phases      ] GC(1099) Phase 1: Mark live objects 0.447ms
[2026-01-06T17:26:31.137+0800][1.823s][info][gc,phases,start] GC(1099) Phase 2: Compute new object addresses
[2026-01-06T17:26:31.137+0800][1.823s][info][gc,phases      ] GC(1099) Phase 2: Compute new object addresses 0.070ms
[2026-01-06T17:26:31.137+0800][1.823s][info][gc,phases,start] GC(1099) Phase 3: Adjust pointers
[2026-01-06T17:26:31.138+0800][1.824s][info][gc,phases      ] GC(1099) Phase 3: Adjust pointers 0.690ms
[2026-01-06T17:26:31.138+0800][1.824s][info][gc,phases,start] GC(1099) Phase 4: Move objects
[2026-01-06T17:26:31.138+0800][1.824s][info][gc,phases      ] GC(1099) Phase 4: Move objects 0.029ms
[2026-01-06T17:26:31.138+0800][1.824s][info][gc             ] GC(1099) Pause Full (Allocation Failure) 133M->4M(247M) 1.257ms
[2026-01-06T17:26:31.138+0800][1.824s][info][gc,heap        ] GC(1098) DefNew: 67960K->0K(78720K)
[2026-01-06T17:26:31.138+0800][1.824s][info][gc,heap        ] GC(1098) Tenured: 135330K->4258K(174784K)
[2026-01-06T17:26:31.138+0800][1.824s][info][gc,metaspace   ] GC(1098) Metaspace: 3744K(4864K)->3744K(4864K) NonClass: 3423K(4352K)->3423K(4352K) Class: 320K(512K)->320K(512K)
[2026-01-06T17:26:31.138+0800][1.824s][info][gc             ] GC(1098) Pause Young (Allocation Failure) 198M->4M(247M) 1.349ms
[2026-01-06T17:26:31.138+0800][1.824s][info][gc,cpu         ] GC(1098) User=0.00s Sys=0.00s Real=0.00s
[2026-01-06T17:26:31.140+0800][1.825s][info][gc,start       ] GC(1100) Pause Young (Allocation Failure)
[2026-01-06T17:26:31.140+0800][1.826s][info][gc,start       ] GC(1101) Pause Full (Allocation Failure)
[2026-01-06T17:26:31.140+0800][1.826s][info][gc,phases,start] GC(1101) Phase 1: Mark live objects
[2026-01-06T17:26:31.140+0800][1.826s][info][gc,phases      ] GC(1101) Phase 1: Mark live objects 0.448ms
[2026-01-06T17:26:31.140+0800][1.826s][info][gc,phases,start] GC(1101) Phase 2: Compute new object addresses
[2026-01-06T17:26:31.141+0800][1.826s][info][gc,phases      ] GC(1101) Phase 2: Compute new object addresses 0.073ms
[2026-01-06T17:26:31.141+0800][1.826s][info][gc,phases,start] GC(1101) Phase 3: Adjust pointers
[2026-01-06T17:26:31.141+0800][1.827s][info][gc,phases      ] GC(1101) Phase 3: Adjust pointers 0.676ms
[2026-01-06T17:26:31.141+0800][1.827s][info][gc,phases,start] GC(1101) Phase 4: Move objects
[2026-01-06T17:26:31.141+0800][1.827s][info][gc,phases      ] GC(1101) Phase 4: Move objects 0.029ms
[2026-01-06T17:26:31.141+0800][1.827s][info][gc             ] GC(1101) Pause Full (Allocation Failure) 133M->4M(247M) 1.250ms
[2026-01-06T17:26:31.141+0800][1.827s][info][gc,heap        ] GC(1100) DefNew: 67960K->0K(78720K)
[2026-01-06T17:26:31.141+0800][1.827s][info][gc,heap        ] GC(1100) Tenured: 135330K->4258K(174784K)
[2026-01-06T17:26:31.141+0800][1.827s][info][gc,metaspace   ] GC(1100) Metaspace: 3744K(4864K)->3744K(4864K) NonClass: 3423K(4352K)->3423K(4352K) Class: 320K(512K)->320K(512K)
[2026-01-06T17:26:31.141+0800][1.827s][info][gc             ] GC(1100) Pause Young (Allocation Failure) 198M->4M(247M) 1.340ms
[2026-01-06T17:26:31.141+0800][1.827s][info][gc,cpu         ] GC(1100) User=0.00s Sys=0.00s Real=0.00s
[2026-01-06T17:26:31.143+0800][1.829s][info][gc,start       ] GC(1102) Pause Young (Allocation Failure)
[2026-01-06T17:26:31.143+0800][1.829s][info][gc,start       ] GC(1103) Pause Full (Allocation Failure)
[2026-01-06T17:26:31.143+0800][1.829s][info][gc,phases,start] GC(1103) Phase 1: Mark live objects
[2026-01-06T17:26:31.144+0800][1.829s][info][gc,phases      ] GC(1103) Phase 1: Mark live objects 0.442ms
[2026-01-06T17:26:31.144+0800][1.829s][info][gc,phases,start] GC(1103) Phase 2: Compute new object addresses
[2026-01-06T17:26:31.144+0800][1.829s][info][gc,phases      ] GC(1103) Phase 2: Compute new object addresses 0.069ms
[2026-01-06T17:26:31.144+0800][1.829s][info][gc,phases,start] GC(1103) Phase 3: Adjust pointers
[2026-01-06T17:26:31.144+0800][1.830s][info][gc,phases      ] GC(1103) Phase 3: Adjust pointers 0.672ms
[2026-01-06T17:26:31.144+0800][1.830s][info][gc,phases,start] GC(1103) Phase 4: Move objects
[2026-01-06T17:26:31.144+0800][1.830s][info][gc,phases      ] GC(1103) Phase 4: Move objects 0.029ms
[2026-01-06T17:26:31.144+0800][1.830s][info][gc             ] GC(1103) Pause Full (Allocation Failure) 133M->4M(247M) 1.234ms
[2026-01-06T17:26:31.144+0800][1.830s][info][gc,heap        ] GC(1102) DefNew: 67960K->0K(78720K)
[2026-01-06T17:26:31.144+0800][1.830s][info][gc,heap        ] GC(1102) Tenured: 135330K->4258K(174784K)
[2026-01-06T17:26:31.144+0800][1.830s][info][gc,metaspace   ] GC(1102) Metaspace: 3744K(4864K)->3744K(4864K) NonClass: 3423K(4352K)->3423K(4352K) Class: 320K(512K)->320K(512K)
[2026-01-06T17:26:31.144+0800][1.830s][info][gc             ] GC(1102) Pause Young (Allocation Failure) 198M->4M(247M) 1.322ms
[2026-01-06T17:26:31.144+0800][1.830s][info][gc,cpu         ] GC(1102) User=0.00s Sys=0.00s Real=0.00s
[2026-01-06T17:26:31.146+0800][1.832s][info][gc,start       ] GC(1104) Pause Young (Allocation Failure)
[2026-01-06T17:26:31.146+0800][1.832s][info][gc,start       ] GC(1105) Pause Full (Allocation Failure)
[2026-01-06T17:26:31.146+0800][1.832s][info][gc,phases,start] GC(1105) Phase 1: Mark live objects
[2026-01-06T17:26:31.147+0800][1.832s][info][gc,phases      ] GC(1105) Phase 1: Mark live objects 0.440ms
[2026-01-06T17:26:31.147+0800][1.832s][info][gc,phases,start] GC(1105) Phase 2: Compute new object addresses
[2026-01-06T17:26:31.147+0800][1.832s][info][gc,phases      ] GC(1105) Phase 2: Compute new object addresses 0.073ms
[2026-01-06T17:26:31.147+0800][1.832s][info][gc,phases,start] GC(1105) Phase 3: Adjust pointers
[2026-01-06T17:26:31.147+0800][1.833s][info][gc,phases      ] GC(1105) Phase 3: Adjust pointers 0.677ms
[2026-01-06T17:26:31.147+0800][1.833s][info][gc,phases,start] GC(1105) Phase 4: Move objects
[2026-01-06T17:26:31.147+0800][1.833s][info][gc,phases      ] GC(1105) Phase 4: Move objects 0.028ms
[2026-01-06T17:26:31.147+0800][1.833s][info][gc             ] GC(1105) Pause Full (Allocation Failure) 133M->4M(247M) 1.242ms
[2026-01-06T17:26:31.147+0800][1.833s][info][gc,heap        ] GC(1104) DefNew: 67960K->0K(78720K)
[2026-01-06T17:26:31.147+0800][1.833s][info][gc,heap        ] GC(1104) Tenured: 135330K->4258K(174784K)
[2026-01-06T17:26:31.147+0800][1.833s][info][gc,metaspace   ] GC(1104) Metaspace: 3744K(4864K)->3744K(4864K) NonClass: 3423K(4352K)->3423K(4352K) Class: 320K(512K)->320K(512K)
[2026-01-06T17:26:31.147+0800][1.833s][info][gc             ] GC(1104) Pause Young (Allocation Failure) 198M->4M(247M) 1.343ms
[2026-01-06T17:26:31.147+0800][1.833s][info][gc,cpu         ] GC(1104) User=0.00s Sys=0.00s Real=0.00s
[2026-01-06T17:26:31.149+0800][1.835s][info][gc,start       ] GC(1106) Pause Young (Allocation Failure)
[2026-01-06T17:26:31.149+0800][1.835s][info][gc,start       ] GC(1107) Pause Full (Allocation Failure)
[2026-01-06T17:26:31.149+0800][1.835s][info][gc,phases,start] GC(1107) Phase 1: Mark live objects
[2026-01-06T17:26:31.150+0800][1.835s][info][gc,phases      ] GC(1107) Phase 1: Mark live objects 0.442ms
[2026-01-06T17:26:31.150+0800][1.835s][info][gc,phases,start] GC(1107) Phase 2: Compute new object addresses
[2026-01-06T17:26:31.150+0800][1.835s][info][gc,phases      ] GC(1107) Phase 2: Compute new object addresses 0.068ms
[2026-01-06T17:26:31.150+0800][1.835s][info][gc,phases,start] GC(1107) Phase 3: Adjust pointers
[2026-01-06T17:26:31.150+0800][1.836s][info][gc,phases      ] GC(1107) Phase 3: Adjust pointers 0.672ms
[2026-01-06T17:26:31.150+0800][1.836s][info][gc,phases,start] GC(1107) Phase 4: Move objects
[2026-01-06T17:26:31.151+0800][1.836s][info][gc,phases      ] GC(1107) Phase 4: Move objects 0.027ms
[2026-01-06T17:26:31.151+0800][1.836s][info][gc             ] GC(1107) Pause Full (Allocation Failure) 133M->5M(247M) 1.230ms
[2026-01-06T17:26:31.151+0800][1.836s][info][gc,heap        ] GC(1106) DefNew: 67960K->0K(78720K)
[2026-01-06T17:26:31.151+0800][1.836s][info][gc,heap        ] GC(1106) Tenured: 135330K->5795K(174784K)
[2026-01-06T17:26:31.151+0800][1.836s][info][gc,metaspace   ] GC(1106) Metaspace: 3744K(4864K)->3744K(4864K) NonClass: 3423K(4352K)->3423K(4352K) Class: 320K(512K)->320K(512K)
[2026-01-06T17:26:31.151+0800][1.836s][info][gc             ] GC(1106) Pause Young (Allocation Failure) 198M->5M(247M) 1.307ms
[2026-01-06T17:26:31.151+0800][1.836s][info][gc,cpu         ] GC(1106) User=0.00s Sys=0.00s Real=0.01s
[2026-01-06T17:26:31.152+0800][1.838s][info][gc,start       ] GC(1108) Pause Young (Allocation Failure)
[2026-01-06T17:26:31.152+0800][1.838s][info][gc,start       ] GC(1109) Pause Full (Allocation Failure)
[2026-01-06T17:26:31.152+0800][1.838s][info][gc,phases,start] GC(1109) Phase 1: Mark live objects
[2026-01-06T17:26:31.153+0800][1.838s][info][gc,phases      ] GC(1109) Phase 1: Mark live objects 0.444ms
[2026-01-06T17:26:31.153+0800][1.838s][info][gc,phases,start] GC(1109) Phase 2: Compute new object addresses
[2026-01-06T17:26:31.153+0800][1.838s][info][gc,phases      ] GC(1109) Phase 2: Compute new object addresses 0.073ms
[2026-01-06T17:26:31.153+0800][1.838s][info][gc,phases,start] GC(1109) Phase 3: Adjust pointers
[2026-01-06T17:26:31.154+0800][1.839s][info][gc,phases      ] GC(1109) Phase 3: Adjust pointers 0.676ms
[2026-01-06T17:26:31.154+0800][1.839s][info][gc,phases,start] GC(1109) Phase 4: Move objects
[2026-01-06T17:26:31.154+0800][1.839s][info][gc,phases      ] GC(1109) Phase 4: Move objects 0.026ms
[2026-01-06T17:26:31.154+0800][1.839s][info][gc             ] GC(1109) Pause Full (Allocation Failure) 135M->5M(247M) 1.240ms
[2026-01-06T17:26:31.154+0800][1.839s][info][gc,heap        ] GC(1108) DefNew: 67960K->0K(78720K)
[2026-01-06T17:26:31.154+0800][1.839s][info][gc,heap        ] GC(1108) Tenured: 136867K->5795K(174784K)
[2026-01-06T17:26:31.154+0800][1.839s][info][gc,metaspace   ] GC(1108) Metaspace: 3744K(4864K)->3744K(4864K) NonClass: 3423K(4352K)->3423K(4352K) Class: 320K(512K)->320K(512K)
[2026-01-06T17:26:31.154+0800][1.839s][info][gc             ] GC(1108) Pause Young (Allocation Failure) 200M->5M(247M) 1.317ms
[2026-01-06T17:26:31.154+0800][1.839s][info][gc,cpu         ] GC(1108) User=0.00s Sys=0.00s Real=0.00s
[2026-01-06T17:26:31.155+0800][1.841s][info][gc,start       ] GC(1110) Pause Young (Allocation Failure)
[2026-01-06T17:26:31.155+0800][1.841s][info][gc,start       ] GC(1111) Pause Full (Allocation Failure)
[2026-01-06T17:26:31.155+0800][1.841s][info][gc,phases,start] GC(1111) Phase 1: Mark live objects
[2026-01-06T17:26:31.156+0800][1.841s][info][gc,phases      ] GC(1111) Phase 1: Mark live objects 0.445ms
[2026-01-06T17:26:31.156+0800][1.841s][info][gc,phases,start] GC(1111) Phase 2: Compute new object addresses
[2026-01-06T17:26:31.156+0800][1.842s][info][gc,phases      ] GC(1111) Phase 2: Compute new object addresses 0.068ms
[2026-01-06T17:26:31.156+0800][1.842s][info][gc,phases,start] GC(1111) Phase 3: Adjust pointers
[2026-01-06T17:26:31.157+0800][1.842s][info][gc,phases      ] GC(1111) Phase 3: Adjust pointers 0.673ms
[2026-01-06T17:26:31.157+0800][1.842s][info][gc,phases,start] GC(1111) Phase 4: Move objects
[2026-01-06T17:26:31.157+0800][1.842s][info][gc,phases      ] GC(1111) Phase 4: Move objects 0.027ms
[2026-01-06T17:26:31.157+0800][1.842s][info][gc             ] GC(1111) Pause Full (Allocation Failure) 135M->5M(247M) 1.236ms
[2026-01-06T17:26:31.157+0800][1.842s][info][gc,heap        ] GC(1110) DefNew: 67960K->0K(78720K)
[2026-01-06T17:26:31.157+0800][1.842s][info][gc,heap        ] GC(1110) Tenured: 136867K->5795K(174784K)
[2026-01-06T17:26:31.157+0800][1.842s][info][gc,metaspace   ] GC(1110) Metaspace: 3744K(4864K)->3744K(4864K) NonClass: 3423K(4352K)->3423K(4352K) Class: 320K(512K)->320K(512K)
[2026-01-06T17:26:31.157+0800][1.842s][info][gc             ] GC(1110) Pause Young (Allocation Failure) 200M->5M(247M) 1.312ms
[2026-01-06T17:26:31.157+0800][1.842s][info][gc,cpu         ] GC(1110) User=0.00s Sys=0.00s Real=0.00s
[2026-01-06T17:26:31.158+0800][1.844s][info][gc,start       ] GC(1112) Pause Young (Allocation Failure)
[2026-01-06T17:26:31.158+0800][1.844s][info][gc,start       ] GC(1113) Pause Full (Allocation Failure)
[2026-01-06T17:26:31.158+0800][1.844s][info][gc,phases,start] GC(1113) Phase 1: Mark live objects
[2026-01-06T17:26:31.159+0800][1.844s][info][gc,phases      ] GC(1113) Phase 1: Mark live objects 0.442ms
[2026-01-06T17:26:31.159+0800][1.844s][info][gc,phases,start] GC(1113) Phase 2: Compute new object addresses
[2026-01-06T17:26:31.159+0800][1.845s][info][gc,phases      ] GC(1113) Phase 2: Compute new object addresses 0.068ms
[2026-01-06T17:26:31.159+0800][1.845s][info][gc,phases,start] GC(1113) Phase 3: Adjust pointers
[2026-01-06T17:26:31.160+0800][1.845s][info][gc,phases      ] GC(1113) Phase 3: Adjust pointers 0.674ms
[2026-01-06T17:26:31.160+0800][1.845s][info][gc,phases,start] GC(1113) Phase 4: Move objects
[2026-01-06T17:26:31.160+0800][1.845s][info][gc,phases      ] GC(1113) Phase 4: Move objects 0.029ms
[2026-01-06T17:26:31.160+0800][1.845s][info][gc             ] GC(1113) Pause Full (Allocation Failure) 135M->4M(247M) 1.235ms
[2026-01-06T17:26:31.160+0800][1.845s][info][gc,heap        ] GC(1112) DefNew: 67960K->0K(78720K)
[2026-01-06T17:26:31.160+0800][1.845s][info][gc,heap        ] GC(1112) Tenured: 136867K->4258K(174784K)
[2026-01-06T17:26:31.160+0800][1.845s][info][gc,metaspace   ] GC(1112) Metaspace: 3744K(4864K)->3744K(4864K) NonClass: 3423K(4352K)->3423K(4352K) Class: 320K(512K)->320K(512K)
[2026-01-06T17:26:31.160+0800][1.845s][info][gc             ] GC(1112) Pause Young (Allocation Failure) 200M->4M(247M) 1.312ms
[2026-01-06T17:26:31.160+0800][1.845s][info][gc,cpu         ] GC(1112) User=0.00s Sys=0.00s Real=0.01s
[2026-01-06T17:26:31.161+0800][1.847s][info][gc,start       ] GC(1114) Pause Young (Allocation Failure)
[2026-01-06T17:26:31.162+0800][1.847s][info][gc,start       ] GC(1115) Pause Full (Allocation Failure)
[2026-01-06T17:26:31.162+0800][1.847s][info][gc,phases,start] GC(1115) Phase 1: Mark live objects
[2026-01-06T17:26:31.162+0800][1.848s][info][gc,phases      ] GC(1115) Phase 1: Mark live objects 0.441ms
[2026-01-06T17:26:31.162+0800][1.848s][info][gc,phases,start] GC(1115) Phase 2: Compute new object addresses
[2026-01-06T17:26:31.162+0800][1.848s][info][gc,phases      ] GC(1115) Phase 2: Compute new object addresses 0.069ms
[2026-01-06T17:26:31.162+0800][1.848s][info][gc,phases,start] GC(1115) Phase 3: Adjust pointers
[2026-01-06T17:26:31.163+0800][1.848s][info][gc,phases      ] GC(1115) Phase 3: Adjust pointers 0.673ms
[2026-01-06T17:26:31.163+0800][1.848s][info][gc,phases,start] GC(1115) Phase 4: Move objects
[2026-01-06T17:26:31.163+0800][1.848s][info][gc,phases      ] GC(1115) Phase 4: Move objects 0.029ms
[2026-01-06T17:26:31.163+0800][1.848s][info][gc             ] GC(1115) Pause Full (Allocation Failure) 133M->4M(247M) 1.233ms
[2026-01-06T17:26:31.163+0800][1.848s][info][gc,heap        ] GC(1114) DefNew: 67960K->0K(78720K)
[2026-01-06T17:26:31.163+0800][1.848s][info][gc,heap        ] GC(1114) Tenured: 135330K->4332K(174784K)
[2026-01-06T17:26:31.163+0800][1.848s][info][gc,metaspace   ] GC(1114) Metaspace: 3744K(4864K)->3744K(4864K) NonClass: 3423K(4352K)->3423K(4352K) Class: 320K(512K)->320K(512K)
[2026-01-06T17:26:31.163+0800][1.848s][info][gc             ] GC(1114) Pause Young (Allocation Failure) 198M->4M(247M) 1.324ms
[2026-01-06T17:26:31.163+0800][1.848s][info][gc,cpu         ] GC(1114) User=0.00s Sys=0.00s Real=0.00s
[2026-01-06T17:26:31.165+0800][1.850s][info][gc,start       ] GC(1116) Pause Young (Allocation Failure)
[2026-01-06T17:26:31.165+0800][1.850s][info][gc,start       ] GC(1117) Pause Full (Allocation Failure)
[2026-01-06T17:26:31.165+0800][1.850s][info][gc,phases,start] GC(1117) Phase 1: Mark live objects
[2026-01-06T17:26:31.165+0800][1.851s][info][gc,phases      ] GC(1117) Phase 1: Mark live objects 0.443ms
[2026-01-06T17:26:31.165+0800][1.851s][info][gc,phases,start] GC(1117) Phase 2: Compute new object addresses
[2026-01-06T17:26:31.165+0800][1.851s][info][gc,phases      ] GC(1117) Phase 2: Compute new object addresses 0.072ms
[2026-01-06T17:26:31.165+0800][1.851s][info][gc,phases,start] GC(1117) Phase 3: Adjust pointers
[2026-01-06T17:26:31.166+0800][1.851s][info][gc,phases      ] GC(1117) Phase 3: Adjust pointers 0.676ms
[2026-01-06T17:26:31.166+0800][1.851s][info][gc,phases,start] GC(1117) Phase 4: Move objects
[2026-01-06T17:26:31.166+0800][1.851s][info][gc,phases      ] GC(1117) Phase 4: Move objects 0.029ms
[2026-01-06T17:26:31.166+0800][1.851s][info][gc             ] GC(1117) Pause Full (Allocation Failure) 133M->4M(247M) 1.244ms
[2026-01-06T17:26:31.166+0800][1.851s][info][gc,heap        ] GC(1116) DefNew: 67960K->0K(78720K)
[2026-01-06T17:26:31.166+0800][1.851s][info][gc,heap        ] GC(1116) Tenured: 135404K->4332K(174784K)
[2026-01-06T17:26:31.166+0800][1.851s][info][gc,metaspace   ] GC(1116) Metaspace: 3744K(4864K)->3744K(4864K) NonClass: 3423K(4352K)->3423K(4352K) Class: 320K(512K)->320K(512K)
[2026-01-06T17:26:31.166+0800][1.851s][info][gc             ] GC(1116) Pause Young (Allocation Failure) 198M->4M(247M) 1.334ms
[2026-01-06T17:26:31.166+0800][1.851s][info][gc,cpu         ] GC(1116) User=0.01s Sys=0.00s Real=0.00s
[2026-01-06T17:26:31.168+0800][1.853s][info][gc,start       ] GC(1118) Pause Young (Allocation Failure)
[2026-01-06T17:26:31.168+0800][1.853s][info][gc,start       ] GC(1119) Pause Full (Allocation Failure)
[2026-01-06T17:26:31.168+0800][1.853s][info][gc,phases,start] GC(1119) Phase 1: Mark live objects
[2026-01-06T17:26:31.168+0800][1.854s][info][gc,phases      ] GC(1119) Phase 1: Mark live objects 0.459ms
[2026-01-06T17:26:31.168+0800][1.854s][info][gc,phases,start] GC(1119) Phase 2: Compute new object addresses
[2026-01-06T17:26:31.168+0800][1.854s][info][gc,phases      ] GC(1119) Phase 2: Compute new object addresses 0.071ms
[2026-01-06T17:26:31.168+0800][1.854s][info][gc,phases,start] GC(1119) Phase 3: Adjust pointers
[2026-01-06T17:26:31.169+0800][1.854s][info][gc,phases      ] GC(1119) Phase 3: Adjust pointers 0.675ms
[2026-01-06T17:26:31.169+0800][1.854s][info][gc,phases,start] GC(1119) Phase 4: Move objects
[2026-01-06T17:26:31.169+0800][1.855s][info][gc,phases      ] GC(1119) Phase 4: Move objects 0.029ms
[2026-01-06T17:26:31.169+0800][1.855s][info][gc             ] GC(1119) Pause Full (Allocation Failure) 133M->4M(247M) 1.256ms
[2026-01-06T17:26:31.169+0800][1.855s][info][gc,heap        ] GC(1118) DefNew: 67960K->0K(78720K)
[2026-01-06T17:26:31.169+0800][1.855s][info][gc,heap        ] GC(1118) Tenured: 135404K->4332K(174784K)
[2026-01-06T17:26:31.169+0800][1.855s][info][gc,metaspace   ] GC(1118) Metaspace: 3744K(4864K)->3744K(4864K) NonClass: 3423K(4352K)->3423K(4352K) Class: 320K(512K)->320K(512K)
[2026-01-06T17:26:31.169+0800][1.855s][info][gc             ] GC(1118) Pause Young (Allocation Failure) 198M->4M(247M) 1.343ms
[2026-01-06T17:26:31.169+0800][1.855s][info][gc,cpu         ] GC(1118) User=0.00s Sys=0.00s Real=0.00s
[2026-01-06T17:26:31.171+0800][1.856s][info][gc,start       ] GC(1120) Pause Young (Allocation Failure)
[2026-01-06T17:26:31.171+0800][1.856s][info][gc,start       ] GC(1121) Pause Full (Allocation Failure)
[2026-01-06T17:26:31.171+0800][1.856s][info][gc,phases,start] GC(1121) Phase 1: Mark live objects
[2026-01-06T17:26:31.171+0800][1.857s][info][gc,phases      ] GC(1121) Phase 1: Mark live objects 0.441ms
[2026-01-06T17:26:31.171+0800][1.857s][info][gc,phases,start] GC(1121) Phase 2: Compute new object addresses
[2026-01-06T17:26:31.171+0800][1.857s][info][gc,phases      ] GC(1121) Phase 2: Compute new object addresses 0.072ms
[2026-01-06T17:26:31.171+0800][1.857s][info][gc,phases,start] GC(1121) Phase 3: Adjust pointers
[2026-01-06T17:26:31.172+0800][1.858s][info][gc,phases      ] GC(1121) Phase 3: Adjust pointers 0.674ms
[2026-01-06T17:26:31.172+0800][1.858s][info][gc,phases,start] GC(1121) Phase 4: Move objects
[2026-01-06T17:26:31.172+0800][1.858s][info][gc,phases      ] GC(1121) Phase 4: Move objects 0.028ms
[2026-01-06T17:26:31.172+0800][1.858s][info][gc             ] GC(1121) Pause Full (Allocation Failure) 133M->4M(247M) 1.237ms
[2026-01-06T17:26:31.172+0800][1.858s][info][gc,heap        ] GC(1120) DefNew: 67960K->0K(78720K)
[2026-01-06T17:26:31.172+0800][1.858s][info][gc,heap        ] GC(1120) Tenured: 135404K->4258K(174784K)
[2026-01-06T17:26:31.172+0800][1.858s][info][gc,metaspace   ] GC(1120) Metaspace: 3744K(4864K)->3744K(4864K) NonClass: 3423K(4352K)->3423K(4352K) Class: 320K(512K)->320K(512K)
[2026-01-06T17:26:31.172+0800][1.858s][info][gc             ] GC(1120) Pause Young (Allocation Failure) 198M->4M(247M) 1.325ms
[2026-01-06T17:26:31.172+0800][1.858s][info][gc,cpu         ] GC(1120) User=0.00s Sys=0.00s Real=0.00s
[2026-01-06T17:26:31.174+0800][1.859s][info][gc,start       ] GC(1122) Pause Young (Allocation Failure)
[2026-01-06T17:26:31.174+0800][1.859s][info][gc,start       ] GC(1123) Pause Full (Allocation Failure)
[2026-01-06T17:26:31.174+0800][1.859s][info][gc,phases,start] GC(1123) Phase 1: Mark live objects
[2026-01-06T17:26:31.174+0800][1.860s][info][gc,phases      ] GC(1123) Phase 1: Mark live objects 0.443ms
[2026-01-06T17:26:31.174+0800][1.860s][info][gc,phases,start] GC(1123) Phase 2: Compute new object addresses
[2026-01-06T17:26:31.174+0800][1.860s][info][gc,phases      ] GC(1123) Phase 2: Compute new object addresses 0.073ms
[2026-01-06T17:26:31.174+0800][1.860s][info][gc,phases,start] GC(1123) Phase 3: Adjust pointers
[2026-01-06T17:26:31.175+0800][1.861s][info][gc,phases      ] GC(1123) Phase 3: Adjust pointers 0.689ms
[2026-01-06T17:26:31.175+0800][1.861s][info][gc,phases,start] GC(1123) Phase 4: Move objects
[2026-01-06T17:26:31.175+0800][1.861s][info][gc,phases      ] GC(1123) Phase 4: Move objects 0.029ms
[2026-01-06T17:26:31.175+0800][1.861s][info][gc             ] GC(1123) Pause Full (Allocation Failure) 133M->4M(247M) 1.257ms
[2026-01-06T17:26:31.175+0800][1.861s][info][gc,heap        ] GC(1122) DefNew: 67960K->0K(78720K)
[2026-01-06T17:26:31.175+0800][1.861s][info][gc,heap        ] GC(1122) Tenured: 135330K->4258K(174784K)
[2026-01-06T17:26:31.175+0800][1.861s][info][gc,metaspace   ] GC(1122) Metaspace: 3744K(4864K)->3744K(4864K) NonClass: 3423K(4352K)->3423K(4352K) Class: 320K(512K)->320K(512K)
[2026-01-06T17:26:31.175+0800][1.861s][info][gc             ] GC(1122) Pause Young (Allocation Failure) 198M->4M(247M) 1.349ms
[2026-01-06T17:26:31.175+0800][1.861s][info][gc,cpu         ] GC(1122) User=0.01s Sys=0.00s Real=0.00s
[2026-01-06T17:26:31.177+0800][1.862s][info][gc,start       ] GC(1124) Pause Young (Allocation Failure)
[2026-01-06T17:26:31.177+0800][1.863s][info][gc,start       ] GC(1125) Pause Full (Allocation Failure)
[2026-01-06T17:26:31.177+0800][1.863s][info][gc,phases,start] GC(1125) Phase 1: Mark live objects
[2026-01-06T17:26:31.177+0800][1.863s][info][gc,phases      ] GC(1125) Phase 1: Mark live objects 0.443ms
[2026-01-06T17:26:31.177+0800][1.863s][info][gc,phases,start] GC(1125) Phase 2: Compute new object addresses
[2026-01-06T17:26:31.177+0800][1.863s][info][gc,phases      ] GC(1125) Phase 2: Compute new object addresses 0.070ms
[2026-01-06T17:26:31.177+0800][1.863s][info][gc,phases,start] GC(1125) Phase 3: Adjust pointers
[2026-01-06T17:26:31.178+0800][1.864s][info][gc,phases      ] GC(1125) Phase 3: Adjust pointers 0.675ms
[2026-01-06T17:26:31.178+0800][1.864s][info][gc,phases,start] GC(1125) Phase 4: Move objects
[2026-01-06T17:26:31.178+0800][1.864s][info][gc,phases      ] GC(1125) Phase 4: Move objects 0.029ms
[2026-01-06T17:26:31.178+0800][1.864s][info][gc             ] GC(1125) Pause Full (Allocation Failure) 133M->4M(247M) 1.242ms
[2026-01-06T17:26:31.178+0800][1.864s][info][gc,heap        ] GC(1124) DefNew: 67960K->0K(78720K)
[2026-01-06T17:26:31.178+0800][1.864s][info][gc,heap        ] GC(1124) Tenured: 135330K->4258K(174784K)
[2026-01-06T17:26:31.178+0800][1.864s][info][gc,metaspace   ] GC(1124) Metaspace: 3744K(4864K)->3744K(4864K) NonClass: 3423K(4352K)->3423K(4352K) Class: 320K(512K)->320K(512K)
[2026-01-06T17:26:31.178+0800][1.864s][info][gc             ] GC(1124) Pause Young (Allocation Failure) 198M->4M(247M) 1.330ms
[2026-01-06T17:26:31.178+0800][1.864s][info][gc,cpu         ] GC(1124) User=0.00s Sys=0.00s Real=0.00s
[2026-01-06T17:26:31.180+0800][1.866s][info][gc,start       ] GC(1126) Pause Young (Allocation Failure)
[2026-01-06T17:26:31.180+0800][1.866s][info][gc,start       ] GC(1127) Pause Full (Allocation Failure)
[2026-01-06T17:26:31.180+0800][1.866s][info][gc,phases,start] GC(1127) Phase 1: Mark live objects
[2026-01-06T17:26:31.180+0800][1.866s][info][gc,phases      ] GC(1127) Phase 1: Mark live objects 0.473ms
[2026-01-06T17:26:31.180+0800][1.866s][info][gc,phases,start] GC(1127) Phase 2: Compute new object addresses
[2026-01-06T17:26:31.181+0800][1.866s][info][gc,phases      ] GC(1127) Phase 2: Compute new object addresses 0.074ms
[2026-01-06T17:26:31.181+0800][1.866s][info][gc,phases,start] GC(1127) Phase 3: Adjust pointers
[2026-01-06T17:26:31.181+0800][1.867s][info][gc,phases      ] GC(1127) Phase 3: Adjust pointers 0.677ms
[2026-01-06T17:26:31.181+0800][1.867s][info][gc,phases,start] GC(1127) Phase 4: Move objects
[2026-01-06T17:26:31.181+0800][1.867s][info][gc,phases      ] GC(1127) Phase 4: Move objects 0.029ms
[2026-01-06T17:26:31.181+0800][1.867s][info][gc             ] GC(1127) Pause Full (Allocation Failure) 133M->4M(247M) 1.275ms
[2026-01-06T17:26:31.181+0800][1.867s][info][gc,heap        ] GC(1126) DefNew: 67960K->0K(78720K)
[2026-01-06T17:26:31.181+0800][1.867s][info][gc,heap        ] GC(1126) Tenured: 135330K->4258K(174784K)
[2026-01-06T17:26:31.181+0800][1.867s][info][gc,metaspace   ] GC(1126) Metaspace: 3744K(4864K)->3744K(4864K) NonClass: 3423K(4352K)->3423K(4352K) Class: 320K(512K)->320K(512K)
[2026-01-06T17:26:31.181+0800][1.867s][info][gc             ] GC(1126) Pause Young (Allocation Failure) 198M->4M(247M) 1.363ms
[2026-01-06T17:26:31.181+0800][1.867s][info][gc,cpu         ] GC(1126) User=0.00s Sys=0.00s Real=0.00s
[2026-01-06T17:26:31.183+0800][1.869s][info][gc,start       ] GC(1128) Pause Young (Allocation Failure)
[2026-01-06T17:26:31.183+0800][1.869s][info][gc,start       ] GC(1129) Pause Full (Allocation Failure)
[2026-01-06T17:26:31.183+0800][1.869s][info][gc,phases,start] GC(1129) Phase 1: Mark live objects
[2026-01-06T17:26:31.184+0800][1.869s][info][gc,phases      ] GC(1129) Phase 1: Mark live objects 0.446ms
[2026-01-06T17:26:31.184+0800][1.869s][info][gc,phases,start] GC(1129) Phase 2: Compute new object addresses
[2026-01-06T17:26:31.184+0800][1.869s][info][gc,phases      ] GC(1129) Phase 2: Compute new object addresses 0.071ms
[2026-01-06T17:26:31.184+0800][1.869s][info][gc,phases,start] GC(1129) Phase 3: Adjust pointers
[2026-01-06T17:26:31.184+0800][1.870s][info][gc,phases      ] GC(1129) Phase 3: Adjust pointers 0.675ms
[2026-01-06T17:26:31.184+0800][1.870s][info][gc,phases,start] GC(1129) Phase 4: Move objects
[2026-01-06T17:26:31.184+0800][1.870s][info][gc,phases      ] GC(1129) Phase 4: Move objects 0.028ms
[2026-01-06T17:26:31.184+0800][1.870s][info][gc             ] GC(1129) Pause Full (Allocation Failure) 133M->4M(247M) 1.242ms
[2026-01-06T17:26:31.184+0800][1.870s][info][gc,heap        ] GC(1128) DefNew: 67960K->0K(78720K)
[2026-01-06T17:26:31.184+0800][1.870s][info][gc,heap        ] GC(1128) Tenured: 135330K->4258K(174784K)
[2026-01-06T17:26:31.184+0800][1.870s][info][gc,metaspace   ] GC(1128) Metaspace: 3744K(4864K)->3744K(4864K) NonClass: 3423K(4352K)->3423K(4352K) Class: 320K(512K)->320K(512K)
[2026-01-06T17:26:31.184+0800][1.870s][info][gc             ] GC(1128) Pause Young (Allocation Failure) 198M->4M(247M) 1.347ms
[2026-01-06T17:26:31.184+0800][1.870s][info][gc,cpu         ] GC(1128) User=0.00s Sys=0.00s Real=0.00s
[2026-01-06T17:26:31.186+0800][1.872s][info][gc,start       ] GC(1130) Pause Young (Allocation Failure)
[2026-01-06T17:26:31.186+0800][1.872s][info][gc,start       ] GC(1131) Pause Full (Allocation Failure)
[2026-01-06T17:26:31.186+0800][1.872s][info][gc,phases,start] GC(1131) Phase 1: Mark live objects
[2026-01-06T17:26:31.187+0800][1.872s][info][gc,phases      ] GC(1131) Phase 1: Mark live objects 0.448ms
[2026-01-06T17:26:31.187+0800][1.872s][info][gc,phases,start] GC(1131) Phase 2: Compute new object addresses
[2026-01-06T17:26:31.187+0800][1.872s][info][gc,phases      ] GC(1131) Phase 2: Compute new object addresses 0.073ms
[2026-01-06T17:26:31.187+0800][1.872s][info][gc,phases,start] GC(1131) Phase 3: Adjust pointers
[2026-01-06T17:26:31.187+0800][1.873s][info][gc,phases      ] GC(1131) Phase 3: Adjust pointers 0.674ms
[2026-01-06T17:26:31.187+0800][1.873s][info][gc,phases,start] GC(1131) Phase 4: Move objects
[2026-01-06T17:26:31.187+0800][1.873s][info][gc,phases      ] GC(1131) Phase 4: Move objects 0.031ms
[2026-01-06T17:26:31.187+0800][1.873s][info][gc             ] GC(1131) Pause Full (Allocation Failure) 133M->4M(247M) 1.247ms
[2026-01-06T17:26:31.187+0800][1.873s][info][gc,heap        ] GC(1130) DefNew: 67960K->0K(78720K)
[2026-01-06T17:26:31.187+0800][1.873s][info][gc,heap        ] GC(1130) Tenured: 135330K->4258K(174784K)
[2026-01-06T17:26:31.187+0800][1.873s][info][gc,metaspace   ] GC(1130) Metaspace: 3744K(4864K)->3744K(4864K) NonClass: 3423K(4352K)->3423K(4352K) Class: 320K(512K)->320K(512K)
[2026-01-06T17:26:31.187+0800][1.873s][info][gc             ] GC(1130) Pause Young (Allocation Failure) 198M->4M(247M) 1.337ms
[2026-01-06T17:26:31.187+0800][1.873s][info][gc,cpu         ] GC(1130) User=0.00s Sys=0.00s Real=0.00s
[2026-01-06T17:26:31.189+0800][1.875s][info][gc,start       ] GC(1132) Pause Young (Allocation Failure)
[2026-01-06T17:26:31.189+0800][1.875s][info][gc,start       ] GC(1133) Pause Full (Allocation Failure)
[2026-01-06T17:26:31.189+0800][1.875s][info][gc,phases,start] GC(1133) Phase 1: Mark live objects
[2026-01-06T17:26:31.190+0800][1.875s][info][gc,phases      ] GC(1133) Phase 1: Mark live objects 0.449ms
[2026-01-06T17:26:31.190+0800][1.875s][info][gc,phases,start] GC(1133) Phase 2: Compute new object addresses
[2026-01-06T17:26:31.190+0800][1.875s][info][gc,phases      ] GC(1133) Phase 2: Compute new object addresses 0.072ms
[2026-01-06T17:26:31.190+0800][1.875s][info][gc,phases,start] GC(1133) Phase 3: Adjust pointers
[2026-01-06T17:26:31.190+0800][1.876s][info][gc,phases      ] GC(1133) Phase 3: Adjust pointers 0.676ms
[2026-01-06T17:26:31.190+0800][1.876s][info][gc,phases,start] GC(1133) Phase 4: Move objects
[2026-01-06T17:26:31.191+0800][1.876s][info][gc,phases      ] GC(1133) Phase 4: Move objects 0.028ms
[2026-01-06T17:26:31.191+0800][1.876s][info][gc             ] GC(1133) Pause Full (Allocation Failure) 133M->4M(247M) 1.247ms
[2026-01-06T17:26:31.191+0800][1.876s][info][gc,heap        ] GC(1132) DefNew: 67960K->0K(78720K)
[2026-01-06T17:26:31.191+0800][1.876s][info][gc,heap        ] GC(1132) Tenured: 135330K->4258K(174784K)
[2026-01-06T17:26:31.191+0800][1.876s][info][gc,metaspace   ] GC(1132) Metaspace: 3744K(4864K)->3744K(4864K) NonClass: 3423K(4352K)->3423K(4352K) Class: 320K(512K)->320K(512K)
[2026-01-06T17:26:31.191+0800][1.876s][info][gc             ] GC(1132) Pause Young (Allocation Failure) 198M->4M(247M) 1.336ms
[2026-01-06T17:26:31.191+0800][1.876s][info][gc,cpu         ] GC(1132) User=0.00s Sys=0.00s Real=0.01s
[2026-01-06T17:26:31.192+0800][1.878s][info][gc,start       ] GC(1134) Pause Young (Allocation Failure)
[2026-01-06T17:26:31.192+0800][1.878s][info][gc,start       ] GC(1135) Pause Full (Allocation Failure)
[2026-01-06T17:26:31.192+0800][1.878s][info][gc,phases,start] GC(1135) Phase 1: Mark live objects
[2026-01-06T17:26:31.193+0800][1.878s][info][gc,phases      ] GC(1135) Phase 1: Mark live objects 0.457ms
[2026-01-06T17:26:31.193+0800][1.878s][info][gc,phases,start] GC(1135) Phase 2: Compute new object addresses
[2026-01-06T17:26:31.193+0800][1.878s][info][gc,phases      ] GC(1135) Phase 2: Compute new object addresses 0.069ms
[2026-01-06T17:26:31.193+0800][1.878s][info][gc,phases,start] GC(1135) Phase 3: Adjust pointers
[2026-01-06T17:26:31.194+0800][1.879s][info][gc,phases      ] GC(1135) Phase 3: Adjust pointers 0.677ms
[2026-01-06T17:26:31.194+0800][1.879s][info][gc,phases,start] GC(1135) Phase 4: Move objects
[2026-01-06T17:26:31.194+0800][1.879s][info][gc,phases      ] GC(1135) Phase 4: Move objects 0.029ms
[2026-01-06T17:26:31.194+0800][1.879s][info][gc             ] GC(1135) Pause Full (Allocation Failure) 133M->4M(247M) 1.253ms
[2026-01-06T17:26:31.194+0800][1.879s][info][gc,heap        ] GC(1134) DefNew: 67960K->0K(78720K)
[2026-01-06T17:26:31.194+0800][1.879s][info][gc,heap        ] GC(1134) Tenured: 135330K->4258K(174784K)
[2026-01-06T17:26:31.194+0800][1.879s][info][gc,metaspace   ] GC(1134) Metaspace: 3744K(4864K)->3744K(4864K) NonClass: 3423K(4352K)->3423K(4352K) Class: 320K(512K)->320K(512K)
[2026-01-06T17:26:31.194+0800][1.879s][info][gc             ] GC(1134) Pause Young (Allocation Failure) 198M->4M(247M) 1.342ms
[2026-01-06T17:26:31.194+0800][1.879s][info][gc,cpu         ] GC(1134) User=0.00s Sys=0.00s Real=0.00s
[2026-01-06T17:26:31.195+0800][1.881s][info][gc,start       ] GC(1136) Pause Young (Allocation Failure)
[2026-01-06T17:26:31.195+0800][1.881s][info][gc,start       ] GC(1137) Pause Full (Allocation Failure)
[2026-01-06T17:26:31.195+0800][1.881s][info][gc,phases,start] GC(1137) Phase 1: Mark live objects
[2026-01-06T17:26:31.196+0800][1.881s][info][gc,phases      ] GC(1137) Phase 1: Mark live objects 0.440ms
[2026-01-06T17:26:31.196+0800][1.881s][info][gc,phases,start] GC(1137) Phase 2: Compute new object addresses
[2026-01-06T17:26:31.196+0800][1.882s][info][gc,phases      ] GC(1137) Phase 2: Compute new object addresses 0.072ms
[2026-01-06T17:26:31.196+0800][1.882s][info][gc,phases,start] GC(1137) Phase 3: Adjust pointers
[2026-01-06T17:26:31.197+0800][1.882s][info][gc,phases      ] GC(1137) Phase 3: Adjust pointers 0.678ms
[2026-01-06T17:26:31.197+0800][1.882s][info][gc,phases,start] GC(1137) Phase 4: Move objects
[2026-01-06T17:26:31.197+0800][1.882s][info][gc,phases      ] GC(1137) Phase 4: Move objects 0.028ms
[2026-01-06T17:26:31.197+0800][1.882s][info][gc             ] GC(1137) Pause Full (Allocation Failure) 133M->4M(247M) 1.239ms
[2026-01-06T17:26:31.197+0800][1.882s][info][gc,heap        ] GC(1136) DefNew: 67960K->0K(78720K)
[2026-01-06T17:26:31.197+0800][1.882s][info][gc,heap        ] GC(1136) Tenured: 135330K->4258K(174784K)
[2026-01-06T17:26:31.197+0800][1.882s][info][gc,metaspace   ] GC(1136) Metaspace: 3744K(4864K)->3744K(4864K) NonClass: 3423K(4352K)->3423K(4352K) Class: 320K(512K)->320K(512K)
[2026-01-06T17:26:31.197+0800][1.882s][info][gc             ] GC(1136) Pause Young (Allocation Failure) 198M->4M(247M) 1.332ms
[2026-01-06T17:26:31.197+0800][1.882s][info][gc,cpu         ] GC(1136) User=0.00s Sys=0.00s Real=0.00s
[2026-01-06T17:26:31.198+0800][1.884s][info][gc,start       ] GC(1138) Pause Young (Allocation Failure)
[2026-01-06T17:26:31.199+0800][1.884s][info][gc,start       ] GC(1139) Pause Full (Allocation Failure)
[2026-01-06T17:26:31.199+0800][1.884s][info][gc,phases,start] GC(1139) Phase 1: Mark live objects
[2026-01-06T17:26:31.199+0800][1.885s][info][gc,phases      ] GC(1139) Phase 1: Mark live objects 0.443ms
[2026-01-06T17:26:31.199+0800][1.885s][info][gc,phases,start] GC(1139) Phase 2: Compute new object addresses
[2026-01-06T17:26:31.199+0800][1.885s][info][gc,phases      ] GC(1139) Phase 2: Compute new object addresses 0.068ms
[2026-01-06T17:26:31.199+0800][1.885s][info][gc,phases,start] GC(1139) Phase 3: Adjust pointers
[2026-01-06T17:26:31.200+0800][1.885s][info][gc,phases      ] GC(1139) Phase 3: Adjust pointers 0.673ms
[2026-01-06T17:26:31.200+0800][1.885s][info][gc,phases,start] GC(1139) Phase 4: Move objects
[2026-01-06T17:26:31.200+0800][1.885s][info][gc,phases      ] GC(1139) Phase 4: Move objects 0.029ms
[2026-01-06T17:26:31.200+0800][1.885s][info][gc             ] GC(1139) Pause Full (Allocation Failure) 133M->4M(247M) 1.238ms
[2026-01-06T17:26:31.200+0800][1.885s][info][gc,heap        ] GC(1138) DefNew: 67960K->0K(78720K)
[2026-01-06T17:26:31.200+0800][1.885s][info][gc,heap        ] GC(1138) Tenured: 135330K->4258K(174784K)
[2026-01-06T17:26:31.200+0800][1.885s][info][gc,metaspace   ] GC(1138) Metaspace: 3744K(4864K)->3744K(4864K) NonClass: 3423K(4352K)->3423K(4352K) Class: 320K(512K)->320K(512K)
[2026-01-06T17:26:31.200+0800][1.885s][info][gc             ] GC(1138) Pause Young (Allocation Failure) 198M->4M(247M) 1.326ms
[2026-01-06T17:26:31.200+0800][1.885s][info][gc,cpu         ] GC(1138) User=0.00s Sys=0.00s Real=0.01s
[2026-01-06T17:26:31.202+0800][1.887s][info][gc,start       ] GC(1140) Pause Young (Allocation Failure)
[2026-01-06T17:26:31.202+0800][1.887s][info][gc,start       ] GC(1141) Pause Full (Allocation Failure)
[2026-01-06T17:26:31.202+0800][1.887s][info][gc,phases,start] GC(1141) Phase 1: Mark live objects
[2026-01-06T17:26:31.202+0800][1.888s][info][gc,phases      ] GC(1141) Phase 1: Mark live objects 0.441ms
[2026-01-06T17:26:31.202+0800][1.888s][info][gc,phases,start] GC(1141) Phase 2: Compute new object addresses
[2026-01-06T17:26:31.202+0800][1.888s][info][gc,phases      ] GC(1141) Phase 2: Compute new object addresses 0.079ms
[2026-01-06T17:26:31.202+0800][1.888s][info][gc,phases,start] GC(1141) Phase 3: Adjust pointers
[2026-01-06T17:26:31.203+0800][1.888s][info][gc,phases      ] GC(1141) Phase 3: Adjust pointers 0.679ms
[2026-01-06T17:26:31.203+0800][1.888s][info][gc,phases,start] GC(1141) Phase 4: Move objects
[2026-01-06T17:26:31.203+0800][1.888s][info][gc,phases      ] GC(1141) Phase 4: Move objects 0.029ms
[2026-01-06T17:26:31.203+0800][1.888s][info][gc             ] GC(1141) Pause Full (Allocation Failure) 133M->4M(247M) 1.250ms
[2026-01-06T17:26:31.203+0800][1.888s][info][gc,heap        ] GC(1140) DefNew: 67960K->0K(78720K)
[2026-01-06T17:26:31.203+0800][1.888s][info][gc,heap        ] GC(1140) Tenured: 135330K->4258K(174784K)
[2026-01-06T17:26:31.203+0800][1.888s][info][gc,metaspace   ] GC(1140) Metaspace: 3744K(4864K)->3744K(4864K) NonClass: 3423K(4352K)->3423K(4352K) Class: 320K(512K)->320K(512K)
[2026-01-06T17:26:31.203+0800][1.888s][info][gc             ] GC(1140) Pause Young (Allocation Failure) 198M->4M(247M) 1.341ms
[2026-01-06T17:26:31.203+0800][1.888s][info][gc,cpu         ] GC(1140) User=0.00s Sys=0.00s Real=0.00s
[2026-01-06T17:26:31.205+0800][1.890s][info][gc,start       ] GC(1142) Pause Young (Allocation Failure)
[2026-01-06T17:26:31.205+0800][1.890s][info][gc,start       ] GC(1143) Pause Full (Allocation Failure)
[2026-01-06T17:26:31.205+0800][1.890s][info][gc,phases,start] GC(1143) Phase 1: Mark live objects
[2026-01-06T17:26:31.205+0800][1.891s][info][gc,phases      ] GC(1143) Phase 1: Mark live objects 0.441ms
[2026-01-06T17:26:31.205+0800][1.891s][info][gc,phases,start] GC(1143) Phase 2: Compute new object addresses
[2026-01-06T17:26:31.205+0800][1.891s][info][gc,phases      ] GC(1143) Phase 2: Compute new object addresses 0.073ms
[2026-01-06T17:26:31.205+0800][1.891s][info][gc,phases,start] GC(1143) Phase 3: Adjust pointers
[2026-01-06T17:26:31.206+0800][1.892s][info][gc,phases      ] GC(1143) Phase 3: Adjust pointers 0.691ms
[2026-01-06T17:26:31.206+0800][1.892s][info][gc,phases,start] GC(1143) Phase 4: Move objects
[2026-01-06T17:26:31.206+0800][1.892s][info][gc,phases      ] GC(1143) Phase 4: Move objects 0.029ms
[2026-01-06T17:26:31.206+0800][1.892s][info][gc             ] GC(1143) Pause Full (Allocation Failure) 133M->4M(247M) 1.257ms
[2026-01-06T17:26:31.206+0800][1.892s][info][gc,heap        ] GC(1142) DefNew: 67960K->0K(78720K)
[2026-01-06T17:26:31.206+0800][1.892s][info][gc,heap        ] GC(1142) Tenured: 135330K->4258K(174784K)
[2026-01-06T17:26:31.206+0800][1.892s][info][gc,metaspace   ] GC(1142) Metaspace: 3744K(4864K)->3744K(4864K) NonClass: 3423K(4352K)->3423K(4352K) Class: 320K(512K)->320K(512K)
[2026-01-06T17:26:31.206+0800][1.892s][info][gc             ] GC(1142) Pause Young (Allocation Failure) 198M->4M(247M) 1.345ms
[2026-01-06T17:26:31.206+0800][1.892s][info][gc,cpu         ] GC(1142) User=0.01s Sys=0.00s Real=0.00s
[2026-01-06T17:26:31.208+0800][1.893s][info][gc,start       ] GC(1144) Pause Young (Allocation Failure)
[2026-01-06T17:26:31.208+0800][1.893s][info][gc,start       ] GC(1145) Pause Full (Allocation Failure)
[2026-01-06T17:26:31.208+0800][1.893s][info][gc,phases,start] GC(1145) Phase 1: Mark live objects
[2026-01-06T17:26:31.208+0800][1.894s][info][gc,phases      ] GC(1145) Phase 1: Mark live objects 0.446ms
[2026-01-06T17:26:31.208+0800][1.894s][info][gc,phases,start] GC(1145) Phase 2: Compute new object addresses
[2026-01-06T17:26:31.208+0800][1.894s][info][gc,phases      ] GC(1145) Phase 2: Compute new object addresses 0.071ms
[2026-01-06T17:26:31.208+0800][1.894s][info][gc,phases,start] GC(1145) Phase 3: Adjust pointers
[2026-01-06T17:26:31.209+0800][1.895s][info][gc,phases      ] GC(1145) Phase 3: Adjust pointers 0.676ms
[2026-01-06T17:26:31.209+0800][1.895s][info][gc,phases,start] GC(1145) Phase 4: Move objects
[2026-01-06T17:26:31.209+0800][1.895s][info][gc,phases      ] GC(1145) Phase 4: Move objects 0.028ms
[2026-01-06T17:26:31.209+0800][1.895s][info][gc             ] GC(1145) Pause Full (Allocation Failure) 133M->4M(247M) 1.242ms
[2026-01-06T17:26:31.209+0800][1.895s][info][gc,heap        ] GC(1144) DefNew: 67960K->0K(78720K)
[2026-01-06T17:26:31.209+0800][1.895s][info][gc,heap        ] GC(1144) Tenured: 135330K->4258K(174784K)
[2026-01-06T17:26:31.209+0800][1.895s][info][gc,metaspace   ] GC(1144) Metaspace: 3744K(4864K)->3744K(4864K) NonClass: 3423K(4352K)->3423K(4352K) Class: 320K(512K)->320K(512K)
[2026-01-06T17:26:31.209+0800][1.895s][info][gc             ] GC(1144) Pause Young (Allocation Failure) 198M->4M(247M) 1.334ms
[2026-01-06T17:26:31.209+0800][1.895s][info][gc,cpu         ] GC(1144) User=0.00s Sys=0.00s Real=0.00s
[2026-01-06T17:26:31.211+0800][1.896s][info][gc,start       ] GC(1146) Pause Young (Allocation Failure)
[2026-01-06T17:26:31.211+0800][1.896s][info][gc,start       ] GC(1147) Pause Full (Allocation Failure)
[2026-01-06T17:26:31.211+0800][1.896s][info][gc,phases,start] GC(1147) Phase 1: Mark live objects
[2026-01-06T17:26:31.211+0800][1.897s][info][gc,phases      ] GC(1147) Phase 1: Mark live objects 0.445ms
[2026-01-06T17:26:31.211+0800][1.897s][info][gc,phases,start] GC(1147) Phase 2: Compute new object addresses
[2026-01-06T17:26:31.211+0800][1.897s][info][gc,phases      ] GC(1147) Phase 2: Compute new object addresses 0.073ms
[2026-01-06T17:26:31.211+0800][1.897s][info][gc,phases,start] GC(1147) Phase 3: Adjust pointers
[2026-01-06T17:26:31.212+0800][1.898s][info][gc,phases      ] GC(1147) Phase 3: Adjust pointers 0.676ms
[2026-01-06T17:26:31.212+0800][1.898s][info][gc,phases,start] GC(1147) Phase 4: Move objects
[2026-01-06T17:26:31.212+0800][1.898s][info][gc,phases      ] GC(1147) Phase 4: Move objects 0.029ms
[2026-01-06T17:26:31.212+0800][1.898s][info][gc             ] GC(1147) Pause Full (Allocation Failure) 133M->4M(247M) 1.244ms
[2026-01-06T17:26:31.212+0800][1.898s][info][gc,heap        ] GC(1146) DefNew: 67960K->0K(78720K)
[2026-01-06T17:26:31.212+0800][1.898s][info][gc,heap        ] GC(1146) Tenured: 135330K->4258K(174784K)
[2026-01-06T17:26:31.212+0800][1.898s][info][gc,metaspace   ] GC(1146) Metaspace: 3744K(4864K)->3744K(4864K) NonClass: 3423K(4352K)->3423K(4352K) Class: 320K(512K)->320K(512K)
[2026-01-06T17:26:31.212+0800][1.898s][info][gc             ] GC(1146) Pause Young (Allocation Failure) 198M->4M(247M) 1.336ms
[2026-01-06T17:26:31.212+0800][1.898s][info][gc,cpu         ] GC(1146) User=0.00s Sys=0.00s Real=0.00s
[2026-01-06T17:26:31.214+0800][1.899s][info][gc,start       ] GC(1148) Pause Young (Allocation Failure)
[2026-01-06T17:26:31.214+0800][1.900s][info][gc,start       ] GC(1149) Pause Full (Allocation Failure)
[2026-01-06T17:26:31.214+0800][1.900s][info][gc,phases,start] GC(1149) Phase 1: Mark live objects
[2026-01-06T17:26:31.214+0800][1.900s][info][gc,phases      ] GC(1149) Phase 1: Mark live objects 0.445ms
[2026-01-06T17:26:31.214+0800][1.900s][info][gc,phases,start] GC(1149) Phase 2: Compute new object addresses
[2026-01-06T17:26:31.214+0800][1.900s][info][gc,phases      ] GC(1149) Phase 2: Compute new object addresses 0.073ms
[2026-01-06T17:26:31.214+0800][1.900s][info][gc,phases,start] GC(1149) Phase 3: Adjust pointers
[2026-01-06T17:26:31.215+0800][1.901s][info][gc,phases      ] GC(1149) Phase 3: Adjust pointers 0.679ms
[2026-01-06T17:26:31.215+0800][1.901s][info][gc,phases,start] GC(1149) Phase 4: Move objects
[2026-01-06T17:26:31.215+0800][1.901s][info][gc,phases      ] GC(1149) Phase 4: Move objects 0.029ms
[2026-01-06T17:26:31.215+0800][1.901s][info][gc             ] GC(1149) Pause Full (Allocation Failure) 133M->4M(247M) 1.248ms
[2026-01-06T17:26:31.215+0800][1.901s][info][gc,heap        ] GC(1148) DefNew: 67960K->0K(78720K)
[2026-01-06T17:26:31.215+0800][1.901s][info][gc,heap        ] GC(1148) Tenured: 135330K->4258K(174784K)
[2026-01-06T17:26:31.215+0800][1.901s][info][gc,metaspace   ] GC(1148) Metaspace: 3744K(4864K)->3744K(4864K) NonClass: 3423K(4352K)->3423K(4352K) Class: 320K(512K)->320K(512K)
[2026-01-06T17:26:31.215+0800][1.901s][info][gc             ] GC(1148) Pause Young (Allocation Failure) 198M->4M(247M) 1.340ms
[2026-01-06T17:26:31.215+0800][1.901s][info][gc,cpu         ] GC(1148) User=0.01s Sys=0.00s Real=0.00s
[2026-01-06T17:26:31.217+0800][1.903s][info][gc,start       ] GC(1150) Pause Young (Allocation Failure)
[2026-01-06T17:26:31.217+0800][1.903s][info][gc,start       ] GC(1151) Pause Full (Allocation Failure)
[2026-01-06T17:26:31.217+0800][1.903s][info][gc,phases,start] GC(1151) Phase 1: Mark live objects
[2026-01-06T17:26:31.218+0800][1.903s][info][gc,phases      ] GC(1151) Phase 1: Mark live objects 0.448ms
[2026-01-06T17:26:31.218+0800][1.903s][info][gc,phases,start] GC(1151) Phase 2: Compute new object addresses
[2026-01-06T17:26:31.218+0800][1.903s][info][gc,phases      ] GC(1151) Phase 2: Compute new object addresses 0.072ms
[2026-01-06T17:26:31.218+0800][1.903s][info][gc,phases,start] GC(1151) Phase 3: Adjust pointers
[2026-01-06T17:26:31.218+0800][1.904s][info][gc,phases      ] GC(1151) Phase 3: Adjust pointers 0.692ms
[2026-01-06T17:26:31.218+0800][1.904s][info][gc,phases,start] GC(1151) Phase 4: Move objects
[2026-01-06T17:26:31.218+0800][1.904s][info][gc,phases      ] GC(1151) Phase 4: Move objects 0.029ms
[2026-01-06T17:26:31.218+0800][1.904s][info][gc             ] GC(1151) Pause Full (Allocation Failure) 133M->4M(247M) 1.262ms
[2026-01-06T17:26:31.218+0800][1.904s][info][gc,heap        ] GC(1150) DefNew: 67960K->0K(78720K)
[2026-01-06T17:26:31.218+0800][1.904s][info][gc,heap        ] GC(1150) Tenured: 135330K->4258K(174784K)
[2026-01-06T17:26:31.218+0800][1.904s][info][gc,metaspace   ] GC(1150) Metaspace: 3744K(4864K)->3744K(4864K) NonClass: 3423K(4352K)->3423K(4352K) Class: 320K(512K)->320K(512K)
[2026-01-06T17:26:31.218+0800][1.904s][info][gc             ] GC(1150) Pause Young (Allocation Failure) 198M->4M(247M) 1.350ms
[2026-01-06T17:26:31.218+0800][1.904s][info][gc,cpu         ] GC(1150) User=0.00s Sys=0.00s Real=0.00s
[2026-01-06T17:26:31.220+0800][1.906s][info][gc,start       ] GC(1152) Pause Young (Allocation Failure)
[2026-01-06T17:26:31.220+0800][1.906s][info][gc,start       ] GC(1153) Pause Full (Allocation Failure)
[2026-01-06T17:26:31.220+0800][1.906s][info][gc,phases,start] GC(1153) Phase 1: Mark live objects
[2026-01-06T17:26:31.221+0800][1.906s][info][gc,phases      ] GC(1153) Phase 1: Mark live objects 0.439ms
[2026-01-06T17:26:31.221+0800][1.906s][info][gc,phases,start] GC(1153) Phase 2: Compute new object addresses
[2026-01-06T17:26:31.221+0800][1.906s][info][gc,phases      ] GC(1153) Phase 2: Compute new object addresses 0.067ms
[2026-01-06T17:26:31.221+0800][1.906s][info][gc,phases,start] GC(1153) Phase 3: Adjust pointers
[2026-01-06T17:26:31.221+0800][1.907s][info][gc,phases      ] GC(1153) Phase 3: Adjust pointers 0.673ms
[2026-01-06T17:26:31.221+0800][1.907s][info][gc,phases,start] GC(1153) Phase 4: Move objects
[2026-01-06T17:26:31.221+0800][1.907s][info][gc,phases      ] GC(1153) Phase 4: Move objects 0.028ms
[2026-01-06T17:26:31.221+0800][1.907s][info][gc             ] GC(1153) Pause Full (Allocation Failure) 133M->4M(247M) 1.229ms
[2026-01-06T17:26:31.221+0800][1.907s][info][gc,heap        ] GC(1152) DefNew: 67960K->0K(78720K)
[2026-01-06T17:26:31.221+0800][1.907s][info][gc,heap        ] GC(1152) Tenured: 135330K->4258K(174784K)
[2026-01-06T17:26:31.221+0800][1.907s][info][gc,metaspace   ] GC(1152) Metaspace: 3744K(4864K)->3744K(4864K) NonClass: 3423K(4352K)->3423K(4352K) Class: 320K(512K)->320K(512K)
[2026-01-06T17:26:31.221+0800][1.907s][info][gc             ] GC(1152) Pause Young (Allocation Failure) 198M->4M(247M) 1.318ms
[2026-01-06T17:26:31.221+0800][1.907s][info][gc,cpu         ] GC(1152) User=0.00s Sys=0.00s Real=0.00s
[2026-01-06T17:26:31.223+0800][1.909s][info][gc,start       ] GC(1154) Pause Young (Allocation Failure)
[2026-01-06T17:26:31.223+0800][1.909s][info][gc,start       ] GC(1155) Pause Full (Allocation Failure)
[2026-01-06T17:26:31.223+0800][1.909s][info][gc,phases,start] GC(1155) Phase 1: Mark live objects
[2026-01-06T17:26:31.224+0800][1.909s][info][gc,phases      ] GC(1155) Phase 1: Mark live objects 0.442ms
[2026-01-06T17:26:31.224+0800][1.909s][info][gc,phases,start] GC(1155) Phase 2: Compute new object addresses
[2026-01-06T17:26:31.224+0800][1.909s][info][gc,phases      ] GC(1155) Phase 2: Compute new object addresses 0.070ms
[2026-01-06T17:26:31.224+0800][1.909s][info][gc,phases,start] GC(1155) Phase 3: Adjust pointers
[2026-01-06T17:26:31.224+0800][1.910s][info][gc,phases      ] GC(1155) Phase 3: Adjust pointers 0.679ms
[2026-01-06T17:26:31.224+0800][1.910s][info][gc,phases,start] GC(1155) Phase 4: Move objects
[2026-01-06T17:26:31.224+0800][1.910s][info][gc,phases      ] GC(1155) Phase 4: Move objects 0.027ms
[2026-01-06T17:26:31.224+0800][1.910s][info][gc             ] GC(1155) Pause Full (Allocation Failure) 133M->5M(247M) 1.239ms
[2026-01-06T17:26:31.224+0800][1.910s][info][gc,heap        ] GC(1154) DefNew: 67960K->0K(78720K)
[2026-01-06T17:26:31.224+0800][1.910s][info][gc,heap        ] GC(1154) Tenured: 135330K->5795K(174784K)
[2026-01-06T17:26:31.224+0800][1.910s][info][gc,metaspace   ] GC(1154) Metaspace: 3744K(4864K)->3744K(4864K) NonClass: 3423K(4352K)->3423K(4352K) Class: 320K(512K)->320K(512K)
[2026-01-06T17:26:31.224+0800][1.910s][info][gc             ] GC(1154) Pause Young (Allocation Failure) 198M->5M(247M) 1.319ms
[2026-01-06T17:26:31.224+0800][1.910s][info][gc,cpu         ] GC(1154) User=0.00s Sys=0.00s Real=0.00s
[2026-01-06T17:26:31.226+0800][1.912s][info][gc,start       ] GC(1156) Pause Young (Allocation Failure)
[2026-01-06T17:26:31.226+0800][1.912s][info][gc,start       ] GC(1157) Pause Full (Allocation Failure)
[2026-01-06T17:26:31.226+0800][1.912s][info][gc,phases,start] GC(1157) Phase 1: Mark live objects
[2026-01-06T17:26:31.227+0800][1.912s][info][gc,phases      ] GC(1157) Phase 1: Mark live objects 0.445ms
[2026-01-06T17:26:31.227+0800][1.912s][info][gc,phases,start] GC(1157) Phase 2: Compute new object addresses
[2026-01-06T17:26:31.227+0800][1.912s][info][gc,phases      ] GC(1157) Phase 2: Compute new object addresses 0.067ms
[2026-01-06T17:26:31.227+0800][1.912s][info][gc,phases,start] GC(1157) Phase 3: Adjust pointers
[2026-01-06T17:26:31.227+0800][1.913s][info][gc,phases      ] GC(1157) Phase 3: Adjust pointers 0.673ms
[2026-01-06T17:26:31.227+0800][1.913s][info][gc,phases,start] GC(1157) Phase 4: Move objects
[2026-01-06T17:26:31.227+0800][1.913s][info][gc,phases      ] GC(1157) Phase 4: Move objects 0.026ms
[2026-01-06T17:26:31.227+0800][1.913s][info][gc             ] GC(1157) Pause Full (Allocation Failure) 135M->5M(247M) 1.232ms
[2026-01-06T17:26:31.227+0800][1.913s][info][gc,heap        ] GC(1156) DefNew: 67960K->0K(78720K)
[2026-01-06T17:26:31.227+0800][1.913s][info][gc,heap        ] GC(1156) Tenured: 136867K->5795K(174784K)
[2026-01-06T17:26:31.227+0800][1.913s][info][gc,metaspace   ] GC(1156) Metaspace: 3744K(4864K)->3744K(4864K) NonClass: 3423K(4352K)->3423K(4352K) Class: 320K(512K)->320K(512K)
[2026-01-06T17:26:31.227+0800][1.913s][info][gc             ] GC(1156) Pause Young (Allocation Failure) 200M->5M(247M) 1.309ms
[2026-01-06T17:26:31.228+0800][1.913s][info][gc,cpu         ] GC(1156) User=0.00s Sys=0.00s Real=0.00s
[2026-01-06T17:26:31.229+0800][1.915s][info][gc,start       ] GC(1158) Pause Young (Allocation Failure)
[2026-01-06T17:26:31.230+0800][1.915s][info][gc,start       ] GC(1159) Pause Full (Allocation Failure)
[2026-01-06T17:26:31.230+0800][1.915s][info][gc,phases,start] GC(1159) Phase 1: Mark live objects
[2026-01-06T17:26:31.230+0800][1.916s][info][gc,phases      ] GC(1159) Phase 1: Mark live objects 0.521ms
[2026-01-06T17:26:31.230+0800][1.916s][info][gc,phases,start] GC(1159) Phase 2: Compute new object addresses
[2026-01-06T17:26:31.230+0800][1.916s][info][gc,phases      ] GC(1159) Phase 2: Compute new object addresses 0.075ms
[2026-01-06T17:26:31.230+0800][1.916s][info][gc,phases,start] GC(1159) Phase 3: Adjust pointers
[2026-01-06T17:26:31.231+0800][1.916s][info][gc,phases      ] GC(1159) Phase 3: Adjust pointers 0.697ms
[2026-01-06T17:26:31.231+0800][1.916s][info][gc,phases,start] GC(1159) Phase 4: Move objects
[2026-01-06T17:26:31.231+0800][1.916s][info][gc,phases      ] GC(1159) Phase 4: Move objects 0.036ms
[2026-01-06T17:26:31.231+0800][1.916s][info][gc             ] GC(1159) Pause Full (Allocation Failure) 135M->5M(247M) 1.352ms
[2026-01-06T17:26:31.231+0800][1.916s][info][gc,heap        ] GC(1158) DefNew: 67960K->0K(78720K)
[2026-01-06T17:26:31.231+0800][1.916s][info][gc,heap        ] GC(1158) Tenured: 136867K->5795K(174784K)
[2026-01-06T17:26:31.231+0800][1.916s][info][gc,metaspace   ] GC(1158) Metaspace: 3744K(4864K)->3744K(4864K) NonClass: 3423K(4352K)->3423K(4352K) Class: 320K(512K)->320K(512K)
[2026-01-06T17:26:31.231+0800][1.916s][info][gc             ] GC(1158) Pause Young (Allocation Failure) 200M->5M(247M) 1.445ms
[2026-01-06T17:26:31.231+0800][1.916s][info][gc,cpu         ] GC(1158) User=0.00s Sys=0.00s Real=0.01s
[2026-01-06T17:26:31.233+0800][1.918s][info][gc,start       ] GC(1160) Pause Young (Allocation Failure)
[2026-01-06T17:26:31.233+0800][1.918s][info][gc,start       ] GC(1161) Pause Full (Allocation Failure)
[2026-01-06T17:26:31.233+0800][1.918s][info][gc,phases,start] GC(1161) Phase 1: Mark live objects
[2026-01-06T17:26:31.233+0800][1.919s][info][gc,phases      ] GC(1161) Phase 1: Mark live objects 0.451ms
[2026-01-06T17:26:31.233+0800][1.919s][info][gc,phases,start] GC(1161) Phase 2: Compute new object addresses
[2026-01-06T17:26:31.233+0800][1.919s][info][gc,phases      ] GC(1161) Phase 2: Compute new object addresses 0.069ms
[2026-01-06T17:26:31.233+0800][1.919s][info][gc,phases,start] GC(1161) Phase 3: Adjust pointers
[2026-01-06T17:26:31.234+0800][1.920s][info][gc,phases      ] GC(1161) Phase 3: Adjust pointers 0.676ms
[2026-01-06T17:26:31.234+0800][1.920s][info][gc,phases,start] GC(1161) Phase 4: Move objects
[2026-01-06T17:26:31.234+0800][1.920s][info][gc,phases      ] GC(1161) Phase 4: Move objects 0.040ms
[2026-01-06T17:26:31.234+0800][1.920s][info][gc             ] GC(1161) Pause Full (Allocation Failure) 135M->4M(247M) 1.258ms
[2026-01-06T17:26:31.234+0800][1.920s][info][gc,heap        ] GC(1160) DefNew: 67960K->0K(78720K)
[2026-01-06T17:26:31.234+0800][1.920s][info][gc,heap        ] GC(1160) Tenured: 136867K->4258K(174784K)
[2026-01-06T17:26:31.234+0800][1.920s][info][gc,metaspace   ] GC(1160) Metaspace: 3744K(4864K)->3744K(4864K) NonClass: 3423K(4352K)->3423K(4352K) Class: 320K(512K)->320K(512K)
[2026-01-06T17:26:31.234+0800][1.920s][info][gc             ] GC(1160) Pause Young (Allocation Failure) 200M->4M(247M) 1.339ms
[2026-01-06T17:26:31.234+0800][1.920s][info][gc,cpu         ] GC(1160) User=0.00s Sys=0.00s Real=0.00s
[2026-01-06T17:26:31.236+0800][1.921s][info][gc,start       ] GC(1162) Pause Young (Allocation Failure)
[2026-01-06T17:26:31.236+0800][1.921s][info][gc,start       ] GC(1163) Pause Full (Allocation Failure)
[2026-01-06T17:26:31.236+0800][1.921s][info][gc,phases,start] GC(1163) Phase 1: Mark live objects
[2026-01-06T17:26:31.236+0800][1.922s][info][gc,phases      ] GC(1163) Phase 1: Mark live objects 0.442ms
[2026-01-06T17:26:31.236+0800][1.922s][info][gc,phases,start] GC(1163) Phase 2: Compute new object addresses
[2026-01-06T17:26:31.236+0800][1.922s][info][gc,phases      ] GC(1163) Phase 2: Compute new object addresses 0.070ms
[2026-01-06T17:26:31.236+0800][1.922s][info][gc,phases,start] GC(1163) Phase 3: Adjust pointers
[2026-01-06T17:26:31.237+0800][1.923s][info][gc,phases      ] GC(1163) Phase 3: Adjust pointers 0.676ms
[2026-01-06T17:26:31.237+0800][1.923s][info][gc,phases,start] GC(1163) Phase 4: Move objects
[2026-01-06T17:26:31.237+0800][1.923s][info][gc,phases      ] GC(1163) Phase 4: Move objects 0.031ms
[2026-01-06T17:26:31.237+0800][1.923s][info][gc             ] GC(1163) Pause Full (Allocation Failure) 133M->4M(247M) 1.242ms
[2026-01-06T17:26:31.237+0800][1.923s][info][gc,heap        ] GC(1162) DefNew: 67960K->0K(78720K)
[2026-01-06T17:26:31.237+0800][1.923s][info][gc,heap        ] GC(1162) Tenured: 135330K->4332K(174784K)
[2026-01-06T17:26:31.237+0800][1.923s][info][gc,metaspace   ] GC(1162) Metaspace: 3744K(4864K)->3744K(4864K) NonClass: 3423K(4352K)->3423K(4352K) Class: 320K(512K)->320K(512K)
[2026-01-06T17:26:31.237+0800][1.923s][info][gc             ] GC(1162) Pause Young (Allocation Failure) 198M->4M(247M) 1.330ms
[2026-01-06T17:26:31.237+0800][1.923s][info][gc,cpu         ] GC(1162) User=0.00s Sys=0.00s Real=0.00s
[2026-01-06T17:26:31.239+0800][1.924s][info][gc,start       ] GC(1164) Pause Young (Allocation Failure)
[2026-01-06T17:26:31.239+0800][1.925s][info][gc,start       ] GC(1165) Pause Full (Allocation Failure)
[2026-01-06T17:26:31.239+0800][1.925s][info][gc,phases,start] GC(1165) Phase 1: Mark live objects
[2026-01-06T17:26:31.239+0800][1.925s][info][gc,phases      ] GC(1165) Phase 1: Mark live objects 0.440ms
[2026-01-06T17:26:31.239+0800][1.925s][info][gc,phases,start] GC(1165) Phase 2: Compute new object addresses
[2026-01-06T17:26:31.239+0800][1.925s][info][gc,phases      ] GC(1165) Phase 2: Compute new object addresses 0.075ms
[2026-01-06T17:26:31.239+0800][1.925s][info][gc,phases,start] GC(1165) Phase 3: Adjust pointers
[2026-01-06T17:26:31.240+0800][1.926s][info][gc,phases      ] GC(1165) Phase 3: Adjust pointers 0.719ms
[2026-01-06T17:26:31.240+0800][1.926s][info][gc,phases,start] GC(1165) Phase 4: Move objects
[2026-01-06T17:26:31.240+0800][1.926s][info][gc,phases      ] GC(1165) Phase 4: Move objects 0.079ms
[2026-01-06T17:26:31.240+0800][1.926s][info][gc             ] GC(1165) Pause Full (Allocation Failure) 133M->4M(247M) 1.338ms
[2026-01-06T17:26:31.240+0800][1.926s][info][gc,heap        ] GC(1164) DefNew: 67960K->0K(78720K)
[2026-01-06T17:26:31.240+0800][1.926s][info][gc,heap        ] GC(1164) Tenured: 135404K->4332K(174784K)
[2026-01-06T17:26:31.240+0800][1.926s][info][gc,metaspace   ] GC(1164) Metaspace: 3744K(4864K)->3744K(4864K) NonClass: 3423K(4352K)->3423K(4352K) Class: 320K(512K)->320K(512K)
[2026-01-06T17:26:31.240+0800][1.926s][info][gc             ] GC(1164) Pause Young (Allocation Failure) 198M->4M(247M) 1.426ms
[2026-01-06T17:26:31.240+0800][1.926s][info][gc,cpu         ] GC(1164) User=0.00s Sys=0.00s Real=0.01s
[2026-01-06T17:26:31.242+0800][1.928s][info][gc,start       ] GC(1166) Pause Young (Allocation Failure)
[2026-01-06T17:26:31.242+0800][1.928s][info][gc,start       ] GC(1167) Pause Full (Allocation Failure)
[2026-01-06T17:26:31.242+0800][1.928s][info][gc,phases,start] GC(1167) Phase 1: Mark live objects
[2026-01-06T17:26:31.243+0800][1.928s][info][gc,phases      ] GC(1167) Phase 1: Mark live objects 0.444ms
[2026-01-06T17:26:31.243+0800][1.928s][info][gc,phases,start] GC(1167) Phase 2: Compute new object addresses
[2026-01-06T17:26:31.243+0800][1.928s][info][gc,phases      ] GC(1167) Phase 2: Compute new object addresses 0.073ms
[2026-01-06T17:26:31.243+0800][1.928s][info][gc,phases,start] GC(1167) Phase 3: Adjust pointers
[2026-01-06T17:26:31.244+0800][1.929s][info][gc,phases      ] GC(1167) Phase 3: Adjust pointers 0.679ms
[2026-01-06T17:26:31.244+0800][1.929s][info][gc,phases,start] GC(1167) Phase 4: Move objects
[2026-01-06T17:26:31.244+0800][1.929s][info][gc,phases      ] GC(1167) Phase 4: Move objects 0.031ms
[2026-01-06T17:26:31.244+0800][1.929s][info][gc             ] GC(1167) Pause Full (Allocation Failure) 133M->4M(247M) 1.249ms
[2026-01-06T17:26:31.244+0800][1.929s][info][gc,heap        ] GC(1166) DefNew: 67960K->0K(78720K)
[2026-01-06T17:26:31.244+0800][1.929s][info][gc,heap        ] GC(1166) Tenured: 135404K->4332K(174784K)
[2026-01-06T17:26:31.244+0800][1.929s][info][gc,metaspace   ] GC(1166) Metaspace: 3744K(4864K)->3744K(4864K) NonClass: 3423K(4352K)->3423K(4352K) Class: 320K(512K)->320K(512K)
[2026-01-06T17:26:31.244+0800][1.929s][info][gc             ] GC(1166) Pause Young (Allocation Failure) 198M->4M(247M) 1.342ms
[2026-01-06T17:26:31.244+0800][1.929s][info][gc,cpu         ] GC(1166) User=0.00s Sys=0.00s Real=0.00s
[2026-01-06T17:26:31.245+0800][1.931s][info][gc,start       ] GC(1168) Pause Young (Allocation Failure)
[2026-01-06T17:26:31.245+0800][1.931s][info][gc,start       ] GC(1169) Pause Full (Allocation Failure)
[2026-01-06T17:26:31.245+0800][1.931s][info][gc,phases,start] GC(1169) Phase 1: Mark live objects
[2026-01-06T17:26:31.246+0800][1.931s][info][gc,phases      ] GC(1169) Phase 1: Mark live objects 0.441ms
[2026-01-06T17:26:31.246+0800][1.931s][info][gc,phases,start] GC(1169) Phase 2: Compute new object addresses
[2026-01-06T17:26:31.246+0800][1.932s][info][gc,phases      ] GC(1169) Phase 2: Compute new object addresses 0.068ms
[2026-01-06T17:26:31.246+0800][1.932s][info][gc,phases,start] GC(1169) Phase 3: Adjust pointers
[2026-01-06T17:26:31.247+0800][1.932s][info][gc,phases      ] GC(1169) Phase 3: Adjust pointers 0.677ms
[2026-01-06T17:26:31.247+0800][1.932s][info][gc,phases,start] GC(1169) Phase 4: Move objects
[2026-01-06T17:26:31.247+0800][1.932s][info][gc,phases      ] GC(1169) Phase 4: Move objects 0.030ms
[2026-01-06T17:26:31.247+0800][1.932s][info][gc             ] GC(1169) Pause Full (Allocation Failure) 133M->4M(247M) 1.237ms
[2026-01-06T17:26:31.247+0800][1.932s][info][gc,heap        ] GC(1168) DefNew: 67960K->0K(78720K)
[2026-01-06T17:26:31.247+0800][1.932s][info][gc,heap        ] GC(1168) Tenured: 135404K->4258K(174784K)
[2026-01-06T17:26:31.247+0800][1.932s][info][gc,metaspace   ] GC(1168) Metaspace: 3744K(4864K)->3744K(4864K) NonClass: 3423K(4352K)->3423K(4352K) Class: 320K(512K)->320K(512K)
[2026-01-06T17:26:31.247+0800][1.932s][info][gc             ] GC(1168) Pause Young (Allocation Failure) 198M->4M(247M) 1.326ms
[2026-01-06T17:26:31.247+0800][1.932s][info][gc,cpu         ] GC(1168) User=0.01s Sys=0.00s Real=0.00s
[2026-01-06T17:26:31.249+0800][1.934s][info][gc,start       ] GC(1170) Pause Young (Allocation Failure)
[2026-01-06T17:26:31.249+0800][1.934s][info][gc,start       ] GC(1171) Pause Full (Allocation Failure)
[2026-01-06T17:26:31.249+0800][1.934s][info][gc,phases,start] GC(1171) Phase 1: Mark live objects
[2026-01-06T17:26:31.249+0800][1.935s][info][gc,phases      ] GC(1171) Phase 1: Mark live objects 0.443ms
[2026-01-06T17:26:31.249+0800][1.935s][info][gc,phases,start] GC(1171) Phase 2: Compute new object addresses
[2026-01-06T17:26:31.249+0800][1.935s][info][gc,phases      ] GC(1171) Phase 2: Compute new object addresses 0.074ms
[2026-01-06T17:26:31.249+0800][1.935s][info][gc,phases,start] GC(1171) Phase 3: Adjust pointers
[2026-01-06T17:26:31.250+0800][1.935s][info][gc,phases      ] GC(1171) Phase 3: Adjust pointers 0.678ms
[2026-01-06T17:26:31.250+0800][1.935s][info][gc,phases,start] GC(1171) Phase 4: Move objects
[2026-01-06T17:26:31.250+0800][1.935s][info][gc,phases      ] GC(1171) Phase 4: Move objects 0.030ms
[2026-01-06T17:26:31.250+0800][1.935s][info][gc             ] GC(1171) Pause Full (Allocation Failure) 133M->4M(247M) 1.248ms
[2026-01-06T17:26:31.250+0800][1.935s][info][gc,heap        ] GC(1170) DefNew: 67960K->0K(78720K)
[2026-01-06T17:26:31.250+0800][1.935s][info][gc,heap        ] GC(1170) Tenured: 135330K->4258K(174784K)
[2026-01-06T17:26:31.250+0800][1.935s][info][gc,metaspace   ] GC(1170) Metaspace: 3744K(4864K)->3744K(4864K) NonClass: 3423K(4352K)->3423K(4352K) Class: 320K(512K)->320K(512K)
[2026-01-06T17:26:31.250+0800][1.935s][info][gc             ] GC(1170) Pause Young (Allocation Failure) 198M->4M(247M) 1.338ms
[2026-01-06T17:26:31.250+0800][1.935s][info][gc,cpu         ] GC(1170) User=0.00s Sys=0.00s Real=0.01s
[2026-01-06T17:26:31.252+0800][1.937s][info][gc,start       ] GC(1172) Pause Young (Allocation Failure)
[2026-01-06T17:26:31.252+0800][1.937s][info][gc,start       ] GC(1173) Pause Full (Allocation Failure)
[2026-01-06T17:26:31.252+0800][1.937s][info][gc,phases,start] GC(1173) Phase 1: Mark live objects
[2026-01-06T17:26:31.252+0800][1.938s][info][gc,phases      ] GC(1173) Phase 1: Mark live objects 0.444ms
[2026-01-06T17:26:31.252+0800][1.938s][info][gc,phases,start] GC(1173) Phase 2: Compute new object addresses
[2026-01-06T17:26:31.252+0800][1.938s][info][gc,phases      ] GC(1173) Phase 2: Compute new object addresses 0.072ms
[2026-01-06T17:26:31.252+0800][1.938s][info][gc,phases,start] GC(1173) Phase 3: Adjust pointers
[2026-01-06T17:26:31.253+0800][1.939s][info][gc,phases      ] GC(1173) Phase 3: Adjust pointers 0.719ms
[2026-01-06T17:26:31.253+0800][1.939s][info][gc,phases,start] GC(1173) Phase 4: Move objects
[2026-01-06T17:26:31.253+0800][1.939s][info][gc,phases      ] GC(1173) Phase 4: Move objects 0.036ms
[2026-01-06T17:26:31.253+0800][1.939s][info][gc             ] GC(1173) Pause Full (Allocation Failure) 133M->4M(247M) 1.292ms
[2026-01-06T17:26:31.253+0800][1.939s][info][gc,heap        ] GC(1172) DefNew: 67960K->0K(78720K)
[2026-01-06T17:26:31.253+0800][1.939s][info][gc,heap        ] GC(1172) Tenured: 135330K->4258K(174784K)
[2026-01-06T17:26:31.253+0800][1.939s][info][gc,metaspace   ] GC(1172) Metaspace: 3744K(4864K)->3744K(4864K) NonClass: 3423K(4352K)->3423K(4352K) Class: 320K(512K)->320K(512K)
[2026-01-06T17:26:31.253+0800][1.939s][info][gc             ] GC(1172) Pause Young (Allocation Failure) 198M->4M(247M) 1.381ms
[2026-01-06T17:26:31.253+0800][1.939s][info][gc,cpu         ] GC(1172) User=0.00s Sys=0.00s Real=0.00s
[2026-01-06T17:26:31.255+0800][1.941s][info][gc,start       ] GC(1174) Pause Young (Allocation Failure)
[2026-01-06T17:26:31.255+0800][1.941s][info][gc,start       ] GC(1175) Pause Full (Allocation Failure)
[2026-01-06T17:26:31.255+0800][1.941s][info][gc,phases,start] GC(1175) Phase 1: Mark live objects
[2026-01-06T17:26:31.256+0800][1.941s][info][gc,phases      ] GC(1175) Phase 1: Mark live objects 0.443ms
[2026-01-06T17:26:31.256+0800][1.941s][info][gc,phases,start] GC(1175) Phase 2: Compute new object addresses
[2026-01-06T17:26:31.256+0800][1.941s][info][gc,phases      ] GC(1175) Phase 2: Compute new object addresses 0.074ms
[2026-01-06T17:26:31.256+0800][1.941s][info][gc,phases,start] GC(1175) Phase 3: Adjust pointers
[2026-01-06T17:26:31.256+0800][1.942s][info][gc,phases      ] GC(1175) Phase 3: Adjust pointers 0.675ms
[2026-01-06T17:26:31.256+0800][1.942s][info][gc,phases,start] GC(1175) Phase 4: Move objects
[2026-01-06T17:26:31.256+0800][1.942s][info][gc,phases      ] GC(1175) Phase 4: Move objects 0.030ms
[2026-01-06T17:26:31.256+0800][1.942s][info][gc             ] GC(1175) Pause Full (Allocation Failure) 133M->4M(247M) 1.247ms
[2026-01-06T17:26:31.256+0800][1.942s][info][gc,heap        ] GC(1174) DefNew: 67960K->0K(78720K)
[2026-01-06T17:26:31.256+0800][1.942s][info][gc,heap        ] GC(1174) Tenured: 135330K->4258K(174784K)
[2026-01-06T17:26:31.256+0800][1.942s][info][gc,metaspace   ] GC(1174) Metaspace: 3744K(4864K)->3744K(4864K) NonClass: 3423K(4352K)->3423K(4352K) Class: 320K(512K)->320K(512K)
[2026-01-06T17:26:31.256+0800][1.942s][info][gc             ] GC(1174) Pause Young (Allocation Failure) 198M->4M(247M) 1.342ms
[2026-01-06T17:26:31.256+0800][1.942s][info][gc,cpu         ] GC(1174) User=0.01s Sys=0.00s Real=0.00s
[2026-01-06T17:26:31.258+0800][1.944s][info][gc,start       ] GC(1176) Pause Young (Allocation Failure)
[2026-01-06T17:26:31.258+0800][1.944s][info][gc,start       ] GC(1177) Pause Full (Allocation Failure)
[2026-01-06T17:26:31.258+0800][1.944s][info][gc,phases,start] GC(1177) Phase 1: Mark live objects
[2026-01-06T17:26:31.259+0800][1.944s][info][gc,phases      ] GC(1177) Phase 1: Mark live objects 0.474ms
[2026-01-06T17:26:31.259+0800][1.944s][info][gc,phases,start] GC(1177) Phase 2: Compute new object addresses
[2026-01-06T17:26:31.259+0800][1.944s][info][gc,phases      ] GC(1177) Phase 2: Compute new object addresses 0.075ms
[2026-01-06T17:26:31.259+0800][1.944s][info][gc,phases,start] GC(1177) Phase 3: Adjust pointers
[2026-01-06T17:26:31.259+0800][1.945s][info][gc,phases      ] GC(1177) Phase 3: Adjust pointers 0.692ms
[2026-01-06T17:26:31.259+0800][1.945s][info][gc,phases,start] GC(1177) Phase 4: Move objects
[2026-01-06T17:26:31.260+0800][1.945s][info][gc,phases      ] GC(1177) Phase 4: Move objects 0.030ms
[2026-01-06T17:26:31.260+0800][1.945s][info][gc             ] GC(1177) Pause Full (Allocation Failure) 133M->4M(247M) 1.297ms
[2026-01-06T17:26:31.260+0800][1.945s][info][gc,heap        ] GC(1176) DefNew: 67960K->0K(78720K)
[2026-01-06T17:26:31.260+0800][1.945s][info][gc,heap        ] GC(1176) Tenured: 135330K->4258K(174784K)
[2026-01-06T17:26:31.260+0800][1.945s][info][gc,metaspace   ] GC(1176) Metaspace: 3744K(4864K)->3744K(4864K) NonClass: 3423K(4352K)->3423K(4352K) Class: 320K(512K)->320K(512K)
[2026-01-06T17:26:31.260+0800][1.945s][info][gc             ] GC(1176) Pause Young (Allocation Failure) 198M->4M(247M) 1.396ms
[2026-01-06T17:26:31.260+0800][1.945s][info][gc,cpu         ] GC(1176) User=0.00s Sys=0.00s Real=0.01s
[2026-01-06T17:26:31.261+0800][1.947s][info][gc,start       ] GC(1178) Pause Young (Allocation Failure)
[2026-01-06T17:26:31.261+0800][1.947s][info][gc,start       ] GC(1179) Pause Full (Allocation Failure)
[2026-01-06T17:26:31.261+0800][1.947s][info][gc,phases,start] GC(1179) Phase 1: Mark live objects
[2026-01-06T17:26:31.262+0800][1.947s][info][gc,phases      ] GC(1179) Phase 1: Mark live objects 0.462ms
[2026-01-06T17:26:31.262+0800][1.947s][info][gc,phases,start] GC(1179) Phase 2: Compute new object addresses
[2026-01-06T17:26:31.262+0800][1.948s][info][gc,phases      ] GC(1179) Phase 2: Compute new object addresses 0.076ms
[2026-01-06T17:26:31.262+0800][1.948s][info][gc,phases,start] GC(1179) Phase 3: Adjust pointers
[2026-01-06T17:26:31.263+0800][1.948s][info][gc,phases      ] GC(1179) Phase 3: Adjust pointers 0.685ms
[2026-01-06T17:26:31.263+0800][1.948s][info][gc,phases,start] GC(1179) Phase 4: Move objects
[2026-01-06T17:26:31.263+0800][1.948s][info][gc,phases      ] GC(1179) Phase 4: Move objects 0.030ms
[2026-01-06T17:26:31.263+0800][1.948s][info][gc             ] GC(1179) Pause Full (Allocation Failure) 133M->4M(247M) 1.276ms
[2026-01-06T17:26:31.263+0800][1.948s][info][gc,heap        ] GC(1178) DefNew: 67960K->0K(78720K)
[2026-01-06T17:26:31.263+0800][1.948s][info][gc,heap        ] GC(1178) Tenured: 135330K->4258K(174784K)
[2026-01-06T17:26:31.263+0800][1.948s][info][gc,metaspace   ] GC(1178) Metaspace: 3744K(4864K)->3744K(4864K) NonClass: 3423K(4352K)->3423K(4352K) Class: 320K(512K)->320K(512K)
[2026-01-06T17:26:31.263+0800][1.948s][info][gc             ] GC(1178) Pause Young (Allocation Failure) 198M->4M(247M) 1.370ms
[2026-01-06T17:26:31.263+0800][1.948s][info][gc,cpu         ] GC(1178) User=0.00s Sys=0.00s Real=0.00s
[2026-01-06T17:26:31.265+0800][1.950s][info][gc,start       ] GC(1180) Pause Young (Allocation Failure)
[2026-01-06T17:26:31.265+0800][1.950s][info][gc,start       ] GC(1181) Pause Full (Allocation Failure)
[2026-01-06T17:26:31.265+0800][1.950s][info][gc,phases,start] GC(1181) Phase 1: Mark live objects
[2026-01-06T17:26:31.265+0800][1.951s][info][gc,phases      ] GC(1181) Phase 1: Mark live objects 0.466ms
[2026-01-06T17:26:31.265+0800][1.951s][info][gc,phases,start] GC(1181) Phase 2: Compute new object addresses
[2026-01-06T17:26:31.265+0800][1.951s][info][gc,phases      ] GC(1181) Phase 2: Compute new object addresses 0.071ms
[2026-01-06T17:26:31.265+0800][1.951s][info][gc,phases,start] GC(1181) Phase 3: Adjust pointers
[2026-01-06T17:26:31.266+0800][1.951s][info][gc,phases      ] GC(1181) Phase 3: Adjust pointers 0.684ms
[2026-01-06T17:26:31.266+0800][1.951s][info][gc,phases,start] GC(1181) Phase 4: Move objects
[2026-01-06T17:26:31.266+0800][1.951s][info][gc,phases      ] GC(1181) Phase 4: Move objects 0.029ms
[2026-01-06T17:26:31.266+0800][1.951s][info][gc             ] GC(1181) Pause Full (Allocation Failure) 133M->4M(247M) 1.272ms
[2026-01-06T17:26:31.266+0800][1.951s][info][gc,heap        ] GC(1180) DefNew: 67960K->0K(78720K)
[2026-01-06T17:26:31.266+0800][1.951s][info][gc,heap        ] GC(1180) Tenured: 135330K->4258K(174784K)
[2026-01-06T17:26:31.266+0800][1.951s][info][gc,metaspace   ] GC(1180) Metaspace: 3744K(4864K)->3744K(4864K) NonClass: 3423K(4352K)->3423K(4352K) Class: 320K(512K)->320K(512K)
[2026-01-06T17:26:31.266+0800][1.951s][info][gc             ] GC(1180) Pause Young (Allocation Failure) 198M->4M(247M) 1.364ms
[2026-01-06T17:26:31.266+0800][1.951s][info][gc,cpu         ] GC(1180) User=0.01s Sys=0.00s Real=0.00s
[2026-01-06T17:26:31.268+0800][1.953s][info][gc,start       ] GC(1182) Pause Young (Allocation Failure)
[2026-01-06T17:26:31.268+0800][1.953s][info][gc,start       ] GC(1183) Pause Full (Allocation Failure)
[2026-01-06T17:26:31.268+0800][1.953s][info][gc,phases,start] GC(1183) Phase 1: Mark live objects
[2026-01-06T17:26:31.268+0800][1.954s][info][gc,phases      ] GC(1183) Phase 1: Mark live objects 0.446ms
[2026-01-06T17:26:31.268+0800][1.954s][info][gc,phases,start] GC(1183) Phase 2: Compute new object addresses
[2026-01-06T17:26:31.268+0800][1.954s][info][gc,phases      ] GC(1183) Phase 2: Compute new object addresses 0.077ms
[2026-01-06T17:26:31.268+0800][1.954s][info][gc,phases,start] GC(1183) Phase 3: Adjust pointers
[2026-01-06T17:26:31.269+0800][1.955s][info][gc,phases      ] GC(1183) Phase 3: Adjust pointers 0.680ms
[2026-01-06T17:26:31.269+0800][1.955s][info][gc,phases,start] GC(1183) Phase 4: Move objects
[2026-01-06T17:26:31.269+0800][1.955s][info][gc,phases      ] GC(1183) Phase 4: Move objects 0.032ms
[2026-01-06T17:26:31.269+0800][1.955s][info][gc             ] GC(1183) Pause Full (Allocation Failure) 133M->4M(247M) 1.257ms
[2026-01-06T17:26:31.269+0800][1.955s][info][gc,heap        ] GC(1182) DefNew: 67960K->0K(78720K)
[2026-01-06T17:26:31.269+0800][1.955s][info][gc,heap        ] GC(1182) Tenured: 135330K->4258K(174784K)
[2026-01-06T17:26:31.269+0800][1.955s][info][gc,metaspace   ] GC(1182) Metaspace: 3744K(4864K)->3744K(4864K) NonClass: 3423K(4352K)->3423K(4352K) Class: 320K(512K)->320K(512K)
[2026-01-06T17:26:31.269+0800][1.955s][info][gc             ] GC(1182) Pause Young (Allocation Failure) 198M->4M(247M) 1.347ms
[2026-01-06T17:26:31.269+0800][1.955s][info][gc,cpu         ] GC(1182) User=0.00s Sys=0.00s Real=0.00s
[2026-01-06T17:26:31.271+0800][1.956s][info][gc,start       ] GC(1184) Pause Young (Allocation Failure)
[2026-01-06T17:26:31.271+0800][1.956s][info][gc,start       ] GC(1185) Pause Full (Allocation Failure)
[2026-01-06T17:26:31.271+0800][1.956s][info][gc,phases,start] GC(1185) Phase 1: Mark live objects
[2026-01-06T17:26:31.271+0800][1.957s][info][gc,phases      ] GC(1185) Phase 1: Mark live objects 0.448ms
[2026-01-06T17:26:31.271+0800][1.957s][info][gc,phases,start] GC(1185) Phase 2: Compute new object addresses
[2026-01-06T17:26:31.271+0800][1.957s][info][gc,phases      ] GC(1185) Phase 2: Compute new object addresses 0.073ms
[2026-01-06T17:26:31.271+0800][1.957s][info][gc,phases,start] GC(1185) Phase 3: Adjust pointers
[2026-01-06T17:26:31.272+0800][1.958s][info][gc,phases      ] GC(1185) Phase 3: Adjust pointers 0.677ms
[2026-01-06T17:26:31.272+0800][1.958s][info][gc,phases,start] GC(1185) Phase 4: Move objects
[2026-01-06T17:26:31.272+0800][1.958s][info][gc,phases      ] GC(1185) Phase 4: Move objects 0.028ms
[2026-01-06T17:26:31.272+0800][1.958s][info][gc             ] GC(1185) Pause Full (Allocation Failure) 133M->4M(247M) 1.248ms
[2026-01-06T17:26:31.272+0800][1.958s][info][gc,heap        ] GC(1184) DefNew: 67960K->0K(78720K)
[2026-01-06T17:26:31.272+0800][1.958s][info][gc,heap        ] GC(1184) Tenured: 135330K->4258K(174784K)
[2026-01-06T17:26:31.272+0800][1.958s][info][gc,metaspace   ] GC(1184) Metaspace: 3744K(4864K)->3744K(4864K) NonClass: 3423K(4352K)->3423K(4352K) Class: 320K(512K)->320K(512K)
[2026-01-06T17:26:31.272+0800][1.958s][info][gc             ] GC(1184) Pause Young (Allocation Failure) 198M->4M(247M) 1.338ms
[2026-01-06T17:26:31.272+0800][1.958s][info][gc,cpu         ] GC(1184) User=0.00s Sys=0.00s Real=0.00s
[2026-01-06T17:26:31.274+0800][1.959s][info][gc,start       ] GC(1186) Pause Young (Allocation Failure)
[2026-01-06T17:26:31.274+0800][1.960s][info][gc,start       ] GC(1187) Pause Full (Allocation Failure)
[2026-01-06T17:26:31.274+0800][1.960s][info][gc,phases,start] GC(1187) Phase 1: Mark live objects
[2026-01-06T17:26:31.274+0800][1.960s][info][gc,phases      ] GC(1187) Phase 1: Mark live objects 0.446ms
[2026-01-06T17:26:31.274+0800][1.960s][info][gc,phases,start] GC(1187) Phase 2: Compute new object addresses
[2026-01-06T17:26:31.275+0800][1.960s][info][gc,phases      ] GC(1187) Phase 2: Compute new object addresses 0.071ms
[2026-01-06T17:26:31.275+0800][1.960s][info][gc,phases,start] GC(1187) Phase 3: Adjust pointers
[2026-01-06T17:26:31.275+0800][1.961s][info][gc,phases      ] GC(1187) Phase 3: Adjust pointers 0.679ms
[2026-01-06T17:26:31.275+0800][1.961s][info][gc,phases,start] GC(1187) Phase 4: Move objects
[2026-01-06T17:26:31.275+0800][1.961s][info][gc,phases      ] GC(1187) Phase 4: Move objects 0.029ms
[2026-01-06T17:26:31.275+0800][1.961s][info][gc             ] GC(1187) Pause Full (Allocation Failure) 133M->4M(247M) 1.246ms
[2026-01-06T17:26:31.275+0800][1.961s][info][gc,heap        ] GC(1186) DefNew: 67960K->0K(78720K)
[2026-01-06T17:26:31.275+0800][1.961s][info][gc,heap        ] GC(1186) Tenured: 135330K->4258K(174784K)
[2026-01-06T17:26:31.275+0800][1.961s][info][gc,metaspace   ] GC(1186) Metaspace: 3744K(4864K)->3744K(4864K) NonClass: 3423K(4352K)->3423K(4352K) Class: 320K(512K)->320K(512K)
[2026-01-06T17:26:31.275+0800][1.961s][info][gc             ] GC(1186) Pause Young (Allocation Failure) 198M->4M(247M) 1.340ms
[2026-01-06T17:26:31.275+0800][1.961s][info][gc,cpu         ] GC(1186) User=0.00s Sys=0.00s Real=0.00s
[2026-01-06T17:26:31.277+0800][1.963s][info][gc,start       ] GC(1188) Pause Young (Allocation Failure)
[2026-01-06T17:26:31.277+0800][1.963s][info][gc,start       ] GC(1189) Pause Full (Allocation Failure)
[2026-01-06T17:26:31.277+0800][1.963s][info][gc,phases,start] GC(1189) Phase 1: Mark live objects
[2026-01-06T17:26:31.278+0800][1.963s][info][gc,phases      ] GC(1189) Phase 1: Mark live objects 0.463ms
[2026-01-06T17:26:31.278+0800][1.963s][info][gc,phases,start] GC(1189) Phase 2: Compute new object addresses
[2026-01-06T17:26:31.278+0800][1.963s][info][gc,phases      ] GC(1189) Phase 2: Compute new object addresses 0.076ms
[2026-01-06T17:26:31.278+0800][1.963s][info][gc,phases,start] GC(1189) Phase 3: Adjust pointers
[2026-01-06T17:26:31.278+0800][1.964s][info][gc,phases      ] GC(1189) Phase 3: Adjust pointers 0.678ms
[2026-01-06T17:26:31.278+0800][1.964s][info][gc,phases,start] GC(1189) Phase 4: Move objects
[2026-01-06T17:26:31.278+0800][1.964s][info][gc,phases      ] GC(1189) Phase 4: Move objects 0.029ms
[2026-01-06T17:26:31.278+0800][1.964s][info][gc             ] GC(1189) Pause Full (Allocation Failure) 133M->4M(247M) 1.268ms
[2026-01-06T17:26:31.278+0800][1.964s][info][gc,heap        ] GC(1188) DefNew: 67960K->0K(78720K)
[2026-01-06T17:26:31.278+0800][1.964s][info][gc,heap        ] GC(1188) Tenured: 135330K->4258K(174784K)
[2026-01-06T17:26:31.278+0800][1.964s][info][gc,metaspace   ] GC(1188) Metaspace: 3744K(4864K)->3744K(4864K) NonClass: 3423K(4352K)->3423K(4352K) Class: 320K(512K)->320K(512K)
[2026-01-06T17:26:31.278+0800][1.964s][info][gc             ] GC(1188) Pause Young (Allocation Failure) 198M->4M(247M) 1.357ms
[2026-01-06T17:26:31.278+0800][1.964s][info][gc,cpu         ] GC(1188) User=0.00s Sys=0.00s Real=0.00s
[2026-01-06T17:26:31.280+0800][1.966s][info][gc,start       ] GC(1190) Pause Young (Allocation Failure)
[2026-01-06T17:26:31.280+0800][1.966s][info][gc,start       ] GC(1191) Pause Full (Allocation Failure)
[2026-01-06T17:26:31.280+0800][1.966s][info][gc,phases,start] GC(1191) Phase 1: Mark live objects
[2026-01-06T17:26:31.281+0800][1.966s][info][gc,phases      ] GC(1191) Phase 1: Mark live objects 0.448ms
[2026-01-06T17:26:31.281+0800][1.966s][info][gc,phases,start] GC(1191) Phase 2: Compute new object addresses
[2026-01-06T17:26:31.281+0800][1.966s][info][gc,phases      ] GC(1191) Phase 2: Compute new object addresses 0.073ms
[2026-01-06T17:26:31.281+0800][1.966s][info][gc,phases,start] GC(1191) Phase 3: Adjust pointers
[2026-01-06T17:26:31.281+0800][1.967s][info][gc,phases      ] GC(1191) Phase 3: Adjust pointers 0.679ms
[2026-01-06T17:26:31.281+0800][1.967s][info][gc,phases,start] GC(1191) Phase 4: Move objects
[2026-01-06T17:26:31.281+0800][1.967s][info][gc,phases      ] GC(1191) Phase 4: Move objects 0.029ms
[2026-01-06T17:26:31.281+0800][1.967s][info][gc             ] GC(1191) Pause Full (Allocation Failure) 133M->4M(247M) 1.251ms
[2026-01-06T17:26:31.281+0800][1.967s][info][gc,heap        ] GC(1190) DefNew: 67960K->0K(78720K)
[2026-01-06T17:26:31.281+0800][1.967s][info][gc,heap        ] GC(1190) Tenured: 135330K->4258K(174784K)
[2026-01-06T17:26:31.281+0800][1.967s][info][gc,metaspace   ] GC(1190) Metaspace: 3744K(4864K)->3744K(4864K) NonClass: 3423K(4352K)->3423K(4352K) Class: 320K(512K)->320K(512K)
[2026-01-06T17:26:31.281+0800][1.967s][info][gc             ] GC(1190) Pause Young (Allocation Failure) 198M->4M(247M) 1.341ms
[2026-01-06T17:26:31.281+0800][1.967s][info][gc,cpu         ] GC(1190) User=0.00s Sys=0.00s Real=0.00s
[2026-01-06T17:26:31.283+0800][1.969s][info][gc,start       ] GC(1192) Pause Young (Allocation Failure)
[2026-01-06T17:26:31.283+0800][1.969s][info][gc,start       ] GC(1193) Pause Full (Allocation Failure)
[2026-01-06T17:26:31.283+0800][1.969s][info][gc,phases,start] GC(1193) Phase 1: Mark live objects
[2026-01-06T17:26:31.284+0800][1.969s][info][gc,phases      ] GC(1193) Phase 1: Mark live objects 0.447ms
[2026-01-06T17:26:31.284+0800][1.969s][info][gc,phases,start] GC(1193) Phase 2: Compute new object addresses
[2026-01-06T17:26:31.284+0800][1.969s][info][gc,phases      ] GC(1193) Phase 2: Compute new object addresses 0.074ms
[2026-01-06T17:26:31.284+0800][1.969s][info][gc,phases,start] GC(1193) Phase 3: Adjust pointers
[2026-01-06T17:26:31.285+0800][1.970s][info][gc,phases      ] GC(1193) Phase 3: Adjust pointers 0.682ms
[2026-01-06T17:26:31.285+0800][1.970s][info][gc,phases,start] GC(1193) Phase 4: Move objects
[2026-01-06T17:26:31.285+0800][1.970s][info][gc,phases      ] GC(1193) Phase 4: Move objects 0.028ms
[2026-01-06T17:26:31.285+0800][1.970s][info][gc             ] GC(1193) Pause Full (Allocation Failure) 133M->4M(247M) 1.255ms
[2026-01-06T17:26:31.285+0800][1.970s][info][gc,heap        ] GC(1192) DefNew: 67960K->0K(78720K)
[2026-01-06T17:26:31.285+0800][1.970s][info][gc,heap        ] GC(1192) Tenured: 135330K->4258K(174784K)
[2026-01-06T17:26:31.285+0800][1.970s][info][gc,metaspace   ] GC(1192) Metaspace: 3744K(4864K)->3744K(4864K) NonClass: 3423K(4352K)->3423K(4352K) Class: 320K(512K)->320K(512K)
[2026-01-06T17:26:31.285+0800][1.970s][info][gc             ] GC(1192) Pause Young (Allocation Failure) 198M->4M(247M) 1.344ms
[2026-01-06T17:26:31.285+0800][1.970s][info][gc,cpu         ] GC(1192) User=0.00s Sys=0.00s Real=0.00s
[2026-01-06T17:26:31.286+0800][1.972s][info][gc,start       ] GC(1194) Pause Young (Allocation Failure)
[2026-01-06T17:26:31.286+0800][1.972s][info][gc,start       ] GC(1195) Pause Full (Allocation Failure)
[2026-01-06T17:26:31.287+0800][1.972s][info][gc,phases,start] GC(1195) Phase 1: Mark live objects
[2026-01-06T17:26:31.287+0800][1.973s][info][gc,phases      ] GC(1195) Phase 1: Mark live objects 0.501ms
[2026-01-06T17:26:31.287+0800][1.973s][info][gc,phases,start] GC(1195) Phase 2: Compute new object addresses
[2026-01-06T17:26:31.287+0800][1.973s][info][gc,phases      ] GC(1195) Phase 2: Compute new object addresses 0.072ms
[2026-01-06T17:26:31.287+0800][1.973s][info][gc,phases,start] GC(1195) Phase 3: Adjust pointers
[2026-01-06T17:26:31.288+0800][1.973s][info][gc,phases      ] GC(1195) Phase 3: Adjust pointers 0.696ms
[2026-01-06T17:26:31.288+0800][1.973s][info][gc,phases,start] GC(1195) Phase 4: Move objects
[2026-01-06T17:26:31.288+0800][1.973s][info][gc,phases      ] GC(1195) Phase 4: Move objects 0.029ms
[2026-01-06T17:26:31.288+0800][1.973s][info][gc             ] GC(1195) Pause Full (Allocation Failure) 133M->4M(247M) 1.323ms
[2026-01-06T17:26:31.288+0800][1.973s][info][gc,heap        ] GC(1194) DefNew: 67960K->0K(78720K)
[2026-01-06T17:26:31.288+0800][1.973s][info][gc,heap        ] GC(1194) Tenured: 135330K->4258K(174784K)
[2026-01-06T17:26:31.288+0800][1.973s][info][gc,metaspace   ] GC(1194) Metaspace: 3744K(4864K)->3744K(4864K) NonClass: 3423K(4352K)->3423K(4352K) Class: 320K(512K)->320K(512K)
[2026-01-06T17:26:31.288+0800][1.973s][info][gc             ] GC(1194) Pause Young (Allocation Failure) 198M->4M(247M) 1.428ms
[2026-01-06T17:26:31.288+0800][1.973s][info][gc,cpu         ] GC(1194) User=0.00s Sys=0.00s Real=0.00s
[2026-01-06T17:26:31.290+0800][1.975s][info][gc,start       ] GC(1196) Pause Young (Allocation Failure)
[2026-01-06T17:26:31.290+0800][1.975s][info][gc,start       ] GC(1197) Pause Full (Allocation Failure)
[2026-01-06T17:26:31.290+0800][1.975s][info][gc,phases,start] GC(1197) Phase 1: Mark live objects
[2026-01-06T17:26:31.290+0800][1.976s][info][gc,phases      ] GC(1197) Phase 1: Mark live objects 0.464ms
[2026-01-06T17:26:31.290+0800][1.976s][info][gc,phases,start] GC(1197) Phase 2: Compute new object addresses
[2026-01-06T17:26:31.290+0800][1.976s][info][gc,phases      ] GC(1197) Phase 2: Compute new object addresses 0.073ms
[2026-01-06T17:26:31.290+0800][1.976s][info][gc,phases,start] GC(1197) Phase 3: Adjust pointers
[2026-01-06T17:26:31.291+0800][1.977s][info][gc,phases      ] GC(1197) Phase 3: Adjust pointers 0.680ms
[2026-01-06T17:26:31.291+0800][1.977s][info][gc,phases,start] GC(1197) Phase 4: Move objects
[2026-01-06T17:26:31.291+0800][1.977s][info][gc,phases      ] GC(1197) Phase 4: Move objects 0.033ms
[2026-01-06T17:26:31.291+0800][1.977s][info][gc             ] GC(1197) Pause Full (Allocation Failure) 133M->4M(247M) 1.274ms
[2026-01-06T17:26:31.291+0800][1.977s][info][gc,heap        ] GC(1196) DefNew: 67960K->0K(78720K)
[2026-01-06T17:26:31.291+0800][1.977s][info][gc,heap        ] GC(1196) Tenured: 135330K->4258K(174784K)
[2026-01-06T17:26:31.291+0800][1.977s][info][gc,metaspace   ] GC(1196) Metaspace: 3744K(4864K)->3744K(4864K) NonClass: 3423K(4352K)->3423K(4352K) Class: 320K(512K)->320K(512K)
[2026-01-06T17:26:31.291+0800][1.977s][info][gc             ] GC(1196) Pause Young (Allocation Failure) 198M->4M(247M) 1.379ms
[2026-01-06T17:26:31.291+0800][1.977s][info][gc,cpu         ] GC(1196) User=0.00s Sys=0.00s Real=0.00s
[2026-01-06T17:26:31.293+0800][1.978s][info][gc,start       ] GC(1198) Pause Young (Allocation Failure)
[2026-01-06T17:26:31.293+0800][1.979s][info][gc,start       ] GC(1199) Pause Full (Allocation Failure)
[2026-01-06T17:26:31.293+0800][1.979s][info][gc,phases,start] GC(1199) Phase 1: Mark live objects
[2026-01-06T17:26:31.294+0800][1.979s][info][gc,phases      ] GC(1199) Phase 1: Mark live objects 0.538ms
[2026-01-06T17:26:31.294+0800][1.979s][info][gc,phases,start] GC(1199) Phase 2: Compute new object addresses
[2026-01-06T17:26:31.294+0800][1.979s][info][gc,phases      ] GC(1199) Phase 2: Compute new object addresses 0.079ms
[2026-01-06T17:26:31.294+0800][1.979s][info][gc,phases,start] GC(1199) Phase 3: Adjust pointers
[2026-01-06T17:26:31.294+0800][1.980s][info][gc,phases      ] GC(1199) Phase 3: Adjust pointers 0.703ms
[2026-01-06T17:26:31.294+0800][1.980s][info][gc,phases,start] GC(1199) Phase 4: Move objects
[2026-01-06T17:26:31.294+0800][1.980s][info][gc,phases      ] GC(1199) Phase 4: Move objects 0.038ms
[2026-01-06T17:26:31.294+0800][1.980s][info][gc             ] GC(1199) Pause Full (Allocation Failure) 133M->4M(247M) 1.385ms
[2026-01-06T17:26:31.294+0800][1.980s][info][gc,heap        ] GC(1198) DefNew: 67960K->0K(78720K)
[2026-01-06T17:26:31.294+0800][1.980s][info][gc,heap        ] GC(1198) Tenured: 135330K->4258K(174784K)
[2026-01-06T17:26:31.294+0800][1.980s][info][gc,metaspace   ] GC(1198) Metaspace: 3744K(4864K)->3744K(4864K) NonClass: 3423K(4352K)->3423K(4352K) Class: 320K(512K)->320K(512K)
[2026-01-06T17:26:31.294+0800][1.980s][info][gc             ] GC(1198) Pause Young (Allocation Failure) 198M->4M(247M) 1.481ms
[2026-01-06T17:26:31.294+0800][1.980s][info][gc,cpu         ] GC(1198) User=0.01s Sys=0.00s Real=0.00s
[2026-01-06T17:26:31.296+0800][1.982s][info][gc,start       ] GC(1200) Pause Young (Allocation Failure)
[2026-01-06T17:26:31.296+0800][1.982s][info][gc,start       ] GC(1201) Pause Full (Allocation Failure)
[2026-01-06T17:26:31.296+0800][1.982s][info][gc,phases,start] GC(1201) Phase 1: Mark live objects
[2026-01-06T17:26:31.297+0800][1.982s][info][gc,phases      ] GC(1201) Phase 1: Mark live objects 0.503ms
[2026-01-06T17:26:31.297+0800][1.982s][info][gc,phases,start] GC(1201) Phase 2: Compute new object addresses
[2026-01-06T17:26:31.297+0800][1.982s][info][gc,phases      ] GC(1201) Phase 2: Compute new object addresses 0.076ms
[2026-01-06T17:26:31.297+0800][1.982s][info][gc,phases,start] GC(1201) Phase 3: Adjust pointers
[2026-01-06T17:26:31.298+0800][1.983s][info][gc,phases      ] GC(1201) Phase 3: Adjust pointers 0.691ms
[2026-01-06T17:26:31.298+0800][1.983s][info][gc,phases,start] GC(1201) Phase 4: Move objects
[2026-01-06T17:26:31.298+0800][1.983s][info][gc,phases      ] GC(1201) Phase 4: Move objects 0.029ms
[2026-01-06T17:26:31.298+0800][1.983s][info][gc             ] GC(1201) Pause Full (Allocation Failure) 133M->4M(247M) 1.324ms
[2026-01-06T17:26:31.298+0800][1.983s][info][gc,heap        ] GC(1200) DefNew: 67960K->0K(78720K)
[2026-01-06T17:26:31.298+0800][1.983s][info][gc,heap        ] GC(1200) Tenured: 135330K->4258K(174784K)
[2026-01-06T17:26:31.298+0800][1.983s][info][gc,metaspace   ] GC(1200) Metaspace: 3744K(4864K)->3744K(4864K) NonClass: 3423K(4352K)->3423K(4352K) Class: 320K(512K)->320K(512K)
[2026-01-06T17:26:31.298+0800][1.983s][info][gc             ] GC(1200) Pause Young (Allocation Failure) 198M->4M(247M) 1.415ms
[2026-01-06T17:26:31.298+0800][1.983s][info][gc,cpu         ] GC(1200) User=0.00s Sys=0.00s Real=0.00s
[2026-01-06T17:26:31.299+0800][1.985s][info][gc,start       ] GC(1202) Pause Young (Allocation Failure)
[2026-01-06T17:26:31.299+0800][1.985s][info][gc,start       ] GC(1203) Pause Full (Allocation Failure)
[2026-01-06T17:26:31.299+0800][1.985s][info][gc,phases,start] GC(1203) Phase 1: Mark live objects
[2026-01-06T17:26:31.300+0800][1.985s][info][gc,phases      ] GC(1203) Phase 1: Mark live objects 0.481ms
[2026-01-06T17:26:31.300+0800][1.985s][info][gc,phases,start] GC(1203) Phase 2: Compute new object addresses
[2026-01-06T17:26:31.300+0800][1.986s][info][gc,phases      ] GC(1203) Phase 2: Compute new object addresses 0.068ms
[2026-01-06T17:26:31.300+0800][1.986s][info][gc,phases,start] GC(1203) Phase 3: Adjust pointers
[2026-01-06T17:26:31.301+0800][1.986s][info][gc,phases      ] GC(1203) Phase 3: Adjust pointers 0.688ms
[2026-01-06T17:26:31.301+0800][1.986s][info][gc,phases,start] GC(1203) Phase 4: Move objects
[2026-01-06T17:26:31.301+0800][1.986s][info][gc,phases      ] GC(1203) Phase 4: Move objects 0.026ms
[2026-01-06T17:26:31.301+0800][1.986s][info][gc             ] GC(1203) Pause Full (Allocation Failure) 133M->5M(247M) 1.285ms
[2026-01-06T17:26:31.301+0800][1.986s][info][gc,heap        ] GC(1202) DefNew: 67960K->0K(78720K)
[2026-01-06T17:26:31.301+0800][1.986s][info][gc,heap        ] GC(1202) Tenured: 135330K->5795K(174784K)
[2026-01-06T17:26:31.301+0800][1.986s][info][gc,metaspace   ] GC(1202) Metaspace: 3744K(4864K)->3744K(4864K) NonClass: 3423K(4352K)->3423K(4352K) Class: 320K(512K)->320K(512K)
[2026-01-06T17:26:31.301+0800][1.986s][info][gc             ] GC(1202) Pause Young (Allocation Failure) 198M->5M(247M) 1.368ms
[2026-01-06T17:26:31.301+0800][1.986s][info][gc,cpu         ] GC(1202) User=0.00s Sys=0.00s Real=0.01s
[2026-01-06T17:26:31.302+0800][1.988s][info][gc,start       ] GC(1204) Pause Young (Allocation Failure)
[2026-01-06T17:26:31.303+0800][1.988s][info][gc,start       ] GC(1205) Pause Full (Allocation Failure)
[2026-01-06T17:26:31.303+0800][1.988s][info][gc,phases,start] GC(1205) Phase 1: Mark live objects
[2026-01-06T17:26:31.303+0800][1.989s][info][gc,phases      ] GC(1205) Phase 1: Mark live objects 0.486ms
[2026-01-06T17:26:31.303+0800][1.989s][info][gc,phases,start] GC(1205) Phase 2: Compute new object addresses
[2026-01-06T17:26:31.303+0800][1.989s][info][gc,phases      ] GC(1205) Phase 2: Compute new object addresses 0.073ms
[2026-01-06T17:26:31.303+0800][1.989s][info][gc,phases,start] GC(1205) Phase 3: Adjust pointers
[2026-01-06T17:26:31.304+0800][1.989s][info][gc,phases      ] GC(1205) Phase 3: Adjust pointers 0.689ms
[2026-01-06T17:26:31.304+0800][1.989s][info][gc,phases,start] GC(1205) Phase 4: Move objects
[2026-01-06T17:26:31.304+0800][1.989s][info][gc,phases      ] GC(1205) Phase 4: Move objects 0.026ms
[2026-01-06T17:26:31.304+0800][1.989s][info][gc             ] GC(1205) Pause Full (Allocation Failure) 135M->5M(247M) 1.296ms
[2026-01-06T17:26:31.304+0800][1.989s][info][gc,heap        ] GC(1204) DefNew: 67960K->0K(78720K)
[2026-01-06T17:26:31.304+0800][1.989s][info][gc,heap        ] GC(1204) Tenured: 136867K->5795K(174784K)
[2026-01-06T17:26:31.304+0800][1.989s][info][gc,metaspace   ] GC(1204) Metaspace: 3744K(4864K)->3744K(4864K) NonClass: 3423K(4352K)->3423K(4352K) Class: 320K(512K)->320K(512K)
[2026-01-06T17:26:31.304+0800][1.989s][info][gc             ] GC(1204) Pause Young (Allocation Failure) 200M->5M(247M) 1.373ms
[2026-01-06T17:26:31.304+0800][1.989s][info][gc,cpu         ] GC(1204) User=0.00s Sys=0.00s Real=0.00s
[2026-01-06T17:26:31.306+0800][1.991s][info][gc,start       ] GC(1206) Pause Young (Allocation Failure)
[2026-01-06T17:26:31.306+0800][1.991s][info][gc,start       ] GC(1207) Pause Full (Allocation Failure)
[2026-01-06T17:26:31.306+0800][1.991s][info][gc,phases,start] GC(1207) Phase 1: Mark live objects
[2026-01-06T17:26:31.306+0800][1.992s][info][gc,phases      ] GC(1207) Phase 1: Mark live objects 0.462ms
[2026-01-06T17:26:31.306+0800][1.992s][info][gc,phases,start] GC(1207) Phase 2: Compute new object addresses
[2026-01-06T17:26:31.306+0800][1.992s][info][gc,phases      ] GC(1207) Phase 2: Compute new object addresses 0.072ms
[2026-01-06T17:26:31.306+0800][1.992s][info][gc,phases,start] GC(1207) Phase 3: Adjust pointers
[2026-01-06T17:26:31.307+0800][1.992s][info][gc,phases      ] GC(1207) Phase 3: Adjust pointers 0.701ms
[2026-01-06T17:26:31.307+0800][1.992s][info][gc,phases,start] GC(1207) Phase 4: Move objects
[2026-01-06T17:26:31.307+0800][1.992s][info][gc,phases      ] GC(1207) Phase 4: Move objects 0.027ms
[2026-01-06T17:26:31.307+0800][1.993s][info][gc             ] GC(1207) Pause Full (Allocation Failure) 135M->5M(247M) 1.284ms
[2026-01-06T17:26:31.307+0800][1.993s][info][gc,heap        ] GC(1206) DefNew: 67960K->0K(78720K)
[2026-01-06T17:26:31.307+0800][1.993s][info][gc,heap        ] GC(1206) Tenured: 136867K->5795K(174784K)
[2026-01-06T17:26:31.307+0800][1.993s][info][gc,metaspace   ] GC(1206) Metaspace: 3744K(4864K)->3744K(4864K) NonClass: 3423K(4352K)->3423K(4352K) Class: 320K(512K)->320K(512K)
[2026-01-06T17:26:31.307+0800][1.993s][info][gc             ] GC(1206) Pause Young (Allocation Failure) 200M->5M(247M) 1.360ms
[2026-01-06T17:26:31.307+0800][1.993s][info][gc,cpu         ] GC(1206) User=0.00s Sys=0.00s Real=0.00s
[2026-01-06T17:26:31.309+0800][1.994s][info][gc,start       ] GC(1208) Pause Young (Allocation Failure)
[2026-01-06T17:26:31.309+0800][1.994s][info][gc,start       ] GC(1209) Pause Full (Allocation Failure)
[2026-01-06T17:26:31.309+0800][1.994s][info][gc,phases,start] GC(1209) Phase 1: Mark live objects
[2026-01-06T17:26:31.309+0800][1.995s][info][gc,phases      ] GC(1209) Phase 1: Mark live objects 0.457ms
[2026-01-06T17:26:31.309+0800][1.995s][info][gc,phases,start] GC(1209) Phase 2: Compute new object addresses
[2026-01-06T17:26:31.309+0800][1.995s][info][gc,phases      ] GC(1209) Phase 2: Compute new object addresses 0.070ms
[2026-01-06T17:26:31.309+0800][1.995s][info][gc,phases,start] GC(1209) Phase 3: Adjust pointers
[2026-01-06T17:26:31.310+0800][1.996s][info][gc,phases      ] GC(1209) Phase 3: Adjust pointers 0.685ms
[2026-01-06T17:26:31.310+0800][1.996s][info][gc,phases,start] GC(1209) Phase 4: Move objects
[2026-01-06T17:26:31.310+0800][1.996s][info][gc,phases      ] GC(1209) Phase 4: Move objects 0.030ms
[2026-01-06T17:26:31.310+0800][1.996s][info][gc             ] GC(1209) Pause Full (Allocation Failure) 135M->4M(247M) 1.262ms
[2026-01-06T17:26:31.310+0800][1.996s][info][gc,heap        ] GC(1208) DefNew: 67960K->0K(78720K)
[2026-01-06T17:26:31.310+0800][1.996s][info][gc,heap        ] GC(1208) Tenured: 136867K->4258K(174784K)
[2026-01-06T17:26:31.310+0800][1.996s][info][gc,metaspace   ] GC(1208) Metaspace: 3744K(4864K)->3744K(4864K) NonClass: 3423K(4352K)->3423K(4352K) Class: 320K(512K)->320K(512K)
[2026-01-06T17:26:31.310+0800][1.996s][info][gc             ] GC(1208) Pause Young (Allocation Failure) 200M->4M(247M) 1.339ms
[2026-01-06T17:26:31.310+0800][1.996s][info][gc,cpu         ] GC(1208) User=0.00s Sys=0.00s Real=0.01s
[2026-01-06T17:26:31.312+0800][1.997s][info][gc,start       ] GC(1210) Pause Young (Allocation Failure)
[2026-01-06T17:26:31.312+0800][1.997s][info][gc,start       ] GC(1211) Pause Full (Allocation Failure)
[2026-01-06T17:26:31.312+0800][1.997s][info][gc,phases,start] GC(1211) Phase 1: Mark live objects
[2026-01-06T17:26:31.312+0800][1.998s][info][gc,phases      ] GC(1211) Phase 1: Mark live objects 0.457ms
[2026-01-06T17:26:31.312+0800][1.998s][info][gc,phases,start] GC(1211) Phase 2: Compute new object addresses
[2026-01-06T17:26:31.312+0800][1.998s][info][gc,phases      ] GC(1211) Phase 2: Compute new object addresses 0.072ms
[2026-01-06T17:26:31.312+0800][1.998s][info][gc,phases,start] GC(1211) Phase 3: Adjust pointers
[2026-01-06T17:26:31.313+0800][1.999s][info][gc,phases      ] GC(1211) Phase 3: Adjust pointers 0.687ms
[2026-01-06T17:26:31.313+0800][1.999s][info][gc,phases,start] GC(1211) Phase 4: Move objects
[2026-01-06T17:26:31.313+0800][1.999s][info][gc,phases      ] GC(1211) Phase 4: Move objects 0.029ms
[2026-01-06T17:26:31.313+0800][1.999s][info][gc             ] GC(1211) Pause Full (Allocation Failure) 133M->4M(247M) 1.267ms
[2026-01-06T17:26:31.313+0800][1.999s][info][gc,heap        ] GC(1210) DefNew: 67960K->0K(78720K)
[2026-01-06T17:26:31.313+0800][1.999s][info][gc,heap        ] GC(1210) Tenured: 135330K->4332K(174784K)
[2026-01-06T17:26:31.313+0800][1.999s][info][gc,metaspace   ] GC(1210) Metaspace: 3744K(4864K)->3744K(4864K) NonClass: 3423K(4352K)->3423K(4352K) Class: 320K(512K)->320K(512K)
[2026-01-06T17:26:31.313+0800][1.999s][info][gc             ] GC(1210) Pause Young (Allocation Failure) 198M->4M(247M) 1.358ms
[2026-01-06T17:26:31.313+0800][1.999s][info][gc,cpu         ] GC(1210) User=0.00s Sys=0.00s Real=0.00s
[2026-01-06T17:26:31.315+0800][2.001s][info][gc,start       ] GC(1212) Pause Young (Allocation Failure)
[2026-01-06T17:26:31.315+0800][2.001s][info][gc,start       ] GC(1213) Pause Full (Allocation Failure)
[2026-01-06T17:26:31.315+0800][2.001s][info][gc,phases,start] GC(1213) Phase 1: Mark live objects
[2026-01-06T17:26:31.315+0800][2.001s][info][gc,phases      ] GC(1213) Phase 1: Mark live objects 0.482ms
[2026-01-06T17:26:31.315+0800][2.001s][info][gc,phases,start] GC(1213) Phase 2: Compute new object addresses
[2026-01-06T17:26:31.316+0800][2.001s][info][gc,phases      ] GC(1213) Phase 2: Compute new object addresses 0.073ms
[2026-01-06T17:26:31.316+0800][2.001s][info][gc,phases,start] GC(1213) Phase 3: Adjust pointers
[2026-01-06T17:26:31.316+0800][2.002s][info][gc,phases      ] GC(1213) Phase 3: Adjust pointers 0.683ms
[2026-01-06T17:26:31.316+0800][2.002s][info][gc,phases,start] GC(1213) Phase 4: Move objects
[2026-01-06T17:26:31.316+0800][2.002s][info][gc,phases      ] GC(1213) Phase 4: Move objects 0.029ms
[2026-01-06T17:26:31.316+0800][2.002s][info][gc             ] GC(1213) Pause Full (Allocation Failure) 133M->4M(247M) 1.287ms
[2026-01-06T17:26:31.316+0800][2.002s][info][gc,heap        ] GC(1212) DefNew: 67960K->0K(78720K)
[2026-01-06T17:26:31.316+0800][2.002s][info][gc,heap        ] GC(1212) Tenured: 135404K->4332K(174784K)
[2026-01-06T17:26:31.316+0800][2.002s][info][gc,metaspace   ] GC(1212) Metaspace: 3744K(4864K)->3744K(4864K) NonClass: 3423K(4352K)->3423K(4352K) Class: 320K(512K)->320K(512K)
[2026-01-06T17:26:31.316+0800][2.002s][info][gc             ] GC(1212) Pause Young (Allocation Failure) 198M->4M(247M) 1.377ms
[2026-01-06T17:26:31.316+0800][2.002s][info][gc,cpu         ] GC(1212) User=0.00s Sys=0.00s Real=0.00s
[2026-01-06T17:26:31.318+0800][2.004s][info][gc,start       ] GC(1214) Pause Young (Allocation Failure)
[2026-01-06T17:26:31.318+0800][2.004s][info][gc,start       ] GC(1215) Pause Full (Allocation Failure)
[2026-01-06T17:26:31.318+0800][2.004s][info][gc,phases,start] GC(1215) Phase 1: Mark live objects
[2026-01-06T17:26:31.319+0800][2.004s][info][gc,phases      ] GC(1215) Phase 1: Mark live objects 0.455ms
[2026-01-06T17:26:31.319+0800][2.004s][info][gc,phases,start] GC(1215) Phase 2: Compute new object addresses
[2026-01-06T17:26:31.319+0800][2.004s][info][gc,phases      ] GC(1215) Phase 2: Compute new object addresses 0.072ms
[2026-01-06T17:26:31.319+0800][2.004s][info][gc,phases,start] GC(1215) Phase 3: Adjust pointers
[2026-01-06T17:26:31.319+0800][2.005s][info][gc,phases      ] GC(1215) Phase 3: Adjust pointers 0.680ms
[2026-01-06T17:26:31.319+0800][2.005s][info][gc,phases,start] GC(1215) Phase 4: Move objects
[2026-01-06T17:26:31.319+0800][2.005s][info][gc,phases      ] GC(1215) Phase 4: Move objects 0.029ms
[2026-01-06T17:26:31.319+0800][2.005s][info][gc             ] GC(1215) Pause Full (Allocation Failure) 133M->4M(247M) 1.257ms
[2026-01-06T17:26:31.319+0800][2.005s][info][gc,heap        ] GC(1214) DefNew: 67960K->0K(78720K)
[2026-01-06T17:26:31.319+0800][2.005s][info][gc,heap        ] GC(1214) Tenured: 135404K->4332K(174784K)
[2026-01-06T17:26:31.319+0800][2.005s][info][gc,metaspace   ] GC(1214) Metaspace: 3744K(4864K)->3744K(4864K) NonClass: 3423K(4352K)->3423K(4352K) Class: 320K(512K)->320K(512K)
[2026-01-06T17:26:31.319+0800][2.005s][info][gc             ] GC(1214) Pause Young (Allocation Failure) 198M->4M(247M) 1.344ms
[2026-01-06T17:26:31.319+0800][2.005s][info][gc,cpu         ] GC(1214) User=0.00s Sys=0.00s Real=0.00s
[2026-01-06T17:26:31.321+0800][2.007s][info][gc,start       ] GC(1216) Pause Young (Allocation Failure)
[2026-01-06T17:26:31.321+0800][2.007s][info][gc,start       ] GC(1217) Pause Full (Allocation Failure)
[2026-01-06T17:26:31.321+0800][2.007s][info][gc,phases,start] GC(1217) Phase 1: Mark live objects
[2026-01-06T17:26:31.322+0800][2.007s][info][gc,phases      ] GC(1217) Phase 1: Mark live objects 0.453ms
[2026-01-06T17:26:31.322+0800][2.007s][info][gc,phases,start] GC(1217) Phase 2: Compute new object addresses
[2026-01-06T17:26:31.322+0800][2.007s][info][gc,phases      ] GC(1217) Phase 2: Compute new object addresses 0.071ms
[2026-01-06T17:26:31.322+0800][2.007s][info][gc,phases,start] GC(1217) Phase 3: Adjust pointers
[2026-01-06T17:26:31.322+0800][2.008s][info][gc,phases      ] GC(1217) Phase 3: Adjust pointers 0.694ms
[2026-01-06T17:26:31.322+0800][2.008s][info][gc,phases,start] GC(1217) Phase 4: Move objects
[2026-01-06T17:26:31.323+0800][2.008s][info][gc,phases      ] GC(1217) Phase 4: Move objects 0.030ms
[2026-01-06T17:26:31.323+0800][2.008s][info][gc             ] GC(1217) Pause Full (Allocation Failure) 133M->4M(247M) 1.268ms
[2026-01-06T17:26:31.323+0800][2.008s][info][gc,heap        ] GC(1216) DefNew: 67960K->0K(78720K)
[2026-01-06T17:26:31.323+0800][2.008s][info][gc,heap        ] GC(1216) Tenured: 135404K->4258K(174784K)
[2026-01-06T17:26:31.323+0800][2.008s][info][gc,metaspace   ] GC(1216) Metaspace: 3744K(4864K)->3744K(4864K) NonClass: 3423K(4352K)->3423K(4352K) Class: 320K(512K)->320K(512K)
[2026-01-06T17:26:31.323+0800][2.008s][info][gc             ] GC(1216) Pause Young (Allocation Failure) 198M->4M(247M) 1.356ms
[2026-01-06T17:26:31.323+0800][2.008s][info][gc,cpu         ] GC(1216) User=0.00s Sys=0.00s Real=0.00s
[2026-01-06T17:26:31.324+0800][2.010s][info][gc,start       ] GC(1218) Pause Young (Allocation Failure)
[2026-01-06T17:26:31.324+0800][2.010s][info][gc,start       ] GC(1219) Pause Full (Allocation Failure)
[2026-01-06T17:26:31.324+0800][2.010s][info][gc,phases,start] GC(1219) Phase 1: Mark live objects
[2026-01-06T17:26:31.325+0800][2.010s][info][gc,phases      ] GC(1219) Phase 1: Mark live objects 0.455ms
[2026-01-06T17:26:31.325+0800][2.010s][info][gc,phases,start] GC(1219) Phase 2: Compute new object addresses
[2026-01-06T17:26:31.325+0800][2.010s][info][gc,phases      ] GC(1219) Phase 2: Compute new object addresses 0.071ms
[2026-01-06T17:26:31.325+0800][2.010s][info][gc,phases,start] GC(1219) Phase 3: Adjust pointers
[2026-01-06T17:26:31.326+0800][2.011s][info][gc,phases      ] GC(1219) Phase 3: Adjust pointers 0.679ms
[2026-01-06T17:26:31.326+0800][2.011s][info][gc,phases,start] GC(1219) Phase 4: Move objects
[2026-01-06T17:26:31.326+0800][2.011s][info][gc,phases      ] GC(1219) Phase 4: Move objects 0.028ms
[2026-01-06T17:26:31.326+0800][2.011s][info][gc             ] GC(1219) Pause Full (Allocation Failure) 133M->4M(247M) 1.257ms
[2026-01-06T17:26:31.326+0800][2.011s][info][gc,heap        ] GC(1218) DefNew: 67960K->0K(78720K)
[2026-01-06T17:26:31.326+0800][2.011s][info][gc,heap        ] GC(1218) Tenured: 135330K->4258K(174784K)
[2026-01-06T17:26:31.326+0800][2.011s][info][gc,metaspace   ] GC(1218) Metaspace: 3744K(4864K)->3744K(4864K) NonClass: 3423K(4352K)->3423K(4352K) Class: 320K(512K)->320K(512K)
[2026-01-06T17:26:31.326+0800][2.011s][info][gc             ] GC(1218) Pause Young (Allocation Failure) 198M->4M(247M) 1.345ms
[2026-01-06T17:26:31.326+0800][2.011s][info][gc,cpu         ] GC(1218) User=0.01s Sys=0.00s Real=0.00s
[2026-01-06T17:26:31.327+0800][2.013s][info][gc,start       ] GC(1220) Pause Young (Allocation Failure)
[2026-01-06T17:26:31.327+0800][2.013s][info][gc,start       ] GC(1221) Pause Full (Allocation Failure)
[2026-01-06T17:26:31.327+0800][2.013s][info][gc,phases,start] GC(1221) Phase 1: Mark live objects
[2026-01-06T17:26:31.328+0800][2.014s][info][gc,phases      ] GC(1221) Phase 1: Mark live objects 0.453ms
[2026-01-06T17:26:31.328+0800][2.014s][info][gc,phases,start] GC(1221) Phase 2: Compute new object addresses
[2026-01-06T17:26:31.328+0800][2.014s][info][gc,phases      ] GC(1221) Phase 2: Compute new object addresses 0.072ms
[2026-01-06T17:26:31.328+0800][2.014s][info][gc,phases,start] GC(1221) Phase 3: Adjust pointers
[2026-01-06T17:26:31.329+0800][2.014s][info][gc,phases      ] GC(1221) Phase 3: Adjust pointers 0.685ms
[2026-01-06T17:26:31.329+0800][2.014s][info][gc,phases,start] GC(1221) Phase 4: Move objects
[2026-01-06T17:26:31.329+0800][2.014s][info][gc,phases      ] GC(1221) Phase 4: Move objects 0.029ms
[2026-01-06T17:26:31.329+0800][2.014s][info][gc             ] GC(1221) Pause Full (Allocation Failure) 133M->4M(247M) 1.259ms
[2026-01-06T17:26:31.329+0800][2.014s][info][gc,heap        ] GC(1220) DefNew: 67960K->0K(78720K)
[2026-01-06T17:26:31.329+0800][2.014s][info][gc,heap        ] GC(1220) Tenured: 135330K->4258K(174784K)
[2026-01-06T17:26:31.329+0800][2.014s][info][gc,metaspace   ] GC(1220) Metaspace: 3744K(4864K)->3744K(4864K) NonClass: 3423K(4352K)->3423K(4352K) Class: 320K(512K)->320K(512K)
[2026-01-06T17:26:31.329+0800][2.014s][info][gc             ] GC(1220) Pause Young (Allocation Failure) 198M->4M(247M) 1.354ms
[2026-01-06T17:26:31.329+0800][2.014s][info][gc,cpu         ] GC(1220) User=0.00s Sys=0.00s Real=0.00s
[2026-01-06T17:26:31.331+0800][2.016s][info][gc,start       ] GC(1222) Pause Young (Allocation Failure)
[2026-01-06T17:26:31.331+0800][2.016s][info][gc,start       ] GC(1223) Pause Full (Allocation Failure)
[2026-01-06T17:26:31.331+0800][2.016s][info][gc,phases,start] GC(1223) Phase 1: Mark live objects
[2026-01-06T17:26:31.331+0800][2.017s][info][gc,phases      ] GC(1223) Phase 1: Mark live objects 0.452ms
[2026-01-06T17:26:31.331+0800][2.017s][info][gc,phases,start] GC(1223) Phase 2: Compute new object addresses
[2026-01-06T17:26:31.331+0800][2.017s][info][gc,phases      ] GC(1223) Phase 2: Compute new object addresses 0.071ms
[2026-01-06T17:26:31.331+0800][2.017s][info][gc,phases,start] GC(1223) Phase 3: Adjust pointers
[2026-01-06T17:26:31.332+0800][2.017s][info][gc,phases      ] GC(1223) Phase 3: Adjust pointers 0.686ms
[2026-01-06T17:26:31.332+0800][2.017s][info][gc,phases,start] GC(1223) Phase 4: Move objects
[2026-01-06T17:26:31.332+0800][2.017s][info][gc,phases      ] GC(1223) Phase 4: Move objects 0.029ms
[2026-01-06T17:26:31.332+0800][2.017s][info][gc             ] GC(1223) Pause Full (Allocation Failure) 133M->4M(247M) 1.258ms
[2026-01-06T17:26:31.332+0800][2.017s][info][gc,heap        ] GC(1222) DefNew: 67960K->0K(78720K)
[2026-01-06T17:26:31.332+0800][2.017s][info][gc,heap        ] GC(1222) Tenured: 135330K->4258K(174784K)
[2026-01-06T17:26:31.332+0800][2.017s][info][gc,metaspace   ] GC(1222) Metaspace: 3744K(4864K)->3744K(4864K) NonClass: 3423K(4352K)->3423K(4352K) Class: 320K(512K)->320K(512K)
[2026-01-06T17:26:31.332+0800][2.017s][info][gc             ] GC(1222) Pause Young (Allocation Failure) 198M->4M(247M) 1.345ms
[2026-01-06T17:26:31.332+0800][2.017s][info][gc,cpu         ] GC(1222) User=0.00s Sys=0.00s Real=0.00s
[2026-01-06T17:26:31.334+0800][2.019s][info][gc,start       ] GC(1224) Pause Young (Allocation Failure)
[2026-01-06T17:26:31.334+0800][2.019s][info][gc,start       ] GC(1225) Pause Full (Allocation Failure)
[2026-01-06T17:26:31.334+0800][2.019s][info][gc,phases,start] GC(1225) Phase 1: Mark live objects
[2026-01-06T17:26:31.334+0800][2.020s][info][gc,phases      ] GC(1225) Phase 1: Mark live objects 0.454ms
[2026-01-06T17:26:31.334+0800][2.020s][info][gc,phases,start] GC(1225) Phase 2: Compute new object addresses
[2026-01-06T17:26:31.334+0800][2.020s][info][gc,phases      ] GC(1225) Phase 2: Compute new object addresses 0.071ms
[2026-01-06T17:26:31.334+0800][2.020s][info][gc,phases,start] GC(1225) Phase 3: Adjust pointers
[2026-01-06T17:26:31.335+0800][2.020s][info][gc,phases      ] GC(1225) Phase 3: Adjust pointers 0.679ms
[2026-01-06T17:26:31.335+0800][2.020s][info][gc,phases,start] GC(1225) Phase 4: Move objects
[2026-01-06T17:26:31.335+0800][2.021s][info][gc,phases      ] GC(1225) Phase 4: Move objects 0.028ms
[2026-01-06T17:26:31.335+0800][2.021s][info][gc             ] GC(1225) Pause Full (Allocation Failure) 133M->4M(247M) 1.256ms
[2026-01-06T17:26:31.335+0800][2.021s][info][gc,heap        ] GC(1224) DefNew: 67960K->0K(78720K)
[2026-01-06T17:26:31.335+0800][2.021s][info][gc,heap        ] GC(1224) Tenured: 135330K->4258K(174784K)
[2026-01-06T17:26:31.335+0800][2.021s][info][gc,metaspace   ] GC(1224) Metaspace: 3744K(4864K)->3744K(4864K) NonClass: 3423K(4352K)->3423K(4352K) Class: 320K(512K)->320K(512K)
[2026-01-06T17:26:31.335+0800][2.021s][info][gc             ] GC(1224) Pause Young (Allocation Failure) 198M->4M(247M) 1.345ms
[2026-01-06T17:26:31.335+0800][2.021s][info][gc,cpu         ] GC(1224) User=0.01s Sys=0.00s Real=0.00s
[2026-01-06T17:26:31.337+0800][2.022s][info][gc,start       ] GC(1226) Pause Young (Allocation Failure)
[2026-01-06T17:26:31.337+0800][2.022s][info][gc,start       ] GC(1227) Pause Full (Allocation Failure)
[2026-01-06T17:26:31.337+0800][2.022s][info][gc,phases,start] GC(1227) Phase 1: Mark live objects
[2026-01-06T17:26:31.337+0800][2.023s][info][gc,phases      ] GC(1227) Phase 1: Mark live objects 0.451ms
[2026-01-06T17:26:31.337+0800][2.023s][info][gc,phases,start] GC(1227) Phase 2: Compute new object addresses
[2026-01-06T17:26:31.337+0800][2.023s][info][gc,phases      ] GC(1227) Phase 2: Compute new object addresses 0.070ms
[2026-01-06T17:26:31.337+0800][2.023s][info][gc,phases,start] GC(1227) Phase 3: Adjust pointers
[2026-01-06T17:26:31.338+0800][2.024s][info][gc,phases      ] GC(1227) Phase 3: Adjust pointers 0.682ms
[2026-01-06T17:26:31.338+0800][2.024s][info][gc,phases,start] GC(1227) Phase 4: Move objects
[2026-01-06T17:26:31.338+0800][2.024s][info][gc,phases      ] GC(1227) Phase 4: Move objects 0.029ms
[2026-01-06T17:26:31.338+0800][2.024s][info][gc             ] GC(1227) Pause Full (Allocation Failure) 133M->4M(247M) 1.252ms
[2026-01-06T17:26:31.338+0800][2.024s][info][gc,heap        ] GC(1226) DefNew: 67960K->0K(78720K)
[2026-01-06T17:26:31.338+0800][2.024s][info][gc,heap        ] GC(1226) Tenured: 135330K->4258K(174784K)
[2026-01-06T17:26:31.338+0800][2.024s][info][gc,metaspace   ] GC(1226) Metaspace: 3744K(4864K)->3744K(4864K) NonClass: 3423K(4352K)->3423K(4352K) Class: 320K(512K)->320K(512K)
[2026-01-06T17:26:31.338+0800][2.024s][info][gc             ] GC(1226) Pause Young (Allocation Failure) 198M->4M(247M) 1.342ms
[2026-01-06T17:26:31.338+0800][2.024s][info][gc,cpu         ] GC(1226) User=0.00s Sys=0.00s Real=0.00s
[2026-01-06T17:26:31.340+0800][2.025s][info][gc,start       ] GC(1228) Pause Young (Allocation Failure)
[2026-01-06T17:26:31.340+0800][2.025s][info][gc,start       ] GC(1229) Pause Full (Allocation Failure)
[2026-01-06T17:26:31.340+0800][2.025s][info][gc,phases,start] GC(1229) Phase 1: Mark live objects
[2026-01-06T17:26:31.340+0800][2.026s][info][gc,phases      ] GC(1229) Phase 1: Mark live objects 0.464ms
[2026-01-06T17:26:31.340+0800][2.026s][info][gc,phases,start] GC(1229) Phase 2: Compute new object addresses
[2026-01-06T17:26:31.340+0800][2.026s][info][gc,phases      ] GC(1229) Phase 2: Compute new object addresses 0.069ms
[2026-01-06T17:26:31.340+0800][2.026s][info][gc,phases,start] GC(1229) Phase 3: Adjust pointers
[2026-01-06T17:26:31.341+0800][2.027s][info][gc,phases      ] GC(1229) Phase 3: Adjust pointers 0.678ms
[2026-01-06T17:26:31.341+0800][2.027s][info][gc,phases,start] GC(1229) Phase 4: Move objects
[2026-01-06T17:26:31.341+0800][2.027s][info][gc,phases      ] GC(1229) Phase 4: Move objects 0.029ms
[2026-01-06T17:26:31.341+0800][2.027s][info][gc             ] GC(1229) Pause Full (Allocation Failure) 133M->4M(247M) 1.263ms
[2026-01-06T17:26:31.341+0800][2.027s][info][gc,heap        ] GC(1228) DefNew: 67960K->0K(78720K)
[2026-01-06T17:26:31.341+0800][2.027s][info][gc,heap        ] GC(1228) Tenured: 135330K->4258K(174784K)
[2026-01-06T17:26:31.341+0800][2.027s][info][gc,metaspace   ] GC(1228) Metaspace: 3744K(4864K)->3744K(4864K) NonClass: 3423K(4352K)->3423K(4352K) Class: 320K(512K)->320K(512K)
[2026-01-06T17:26:31.341+0800][2.027s][info][gc             ] GC(1228) Pause Young (Allocation Failure) 198M->4M(247M) 1.355ms
[2026-01-06T17:26:31.341+0800][2.027s][info][gc,cpu         ] GC(1228) User=0.00s Sys=0.00s Real=0.00s
[2026-01-06T17:26:31.343+0800][2.028s][info][gc,start       ] GC(1230) Pause Young (Allocation Failure)
[2026-01-06T17:26:31.343+0800][2.029s][info][gc,start       ] GC(1231) Pause Full (Allocation Failure)
[2026-01-06T17:26:31.343+0800][2.029s][info][gc,phases,start] GC(1231) Phase 1: Mark live objects
[2026-01-06T17:26:31.343+0800][2.029s][info][gc,phases      ] GC(1231) Phase 1: Mark live objects 0.452ms
[2026-01-06T17:26:31.343+0800][2.029s][info][gc,phases,start] GC(1231) Phase 2: Compute new object addresses
[2026-01-06T17:26:31.344+0800][2.029s][info][gc,phases      ] GC(1231) Phase 2: Compute new object addresses 0.070ms
[2026-01-06T17:26:31.344+0800][2.029s][info][gc,phases,start] GC(1231) Phase 3: Adjust pointers
[2026-01-06T17:26:31.344+0800][2.030s][info][gc,phases      ] GC(1231) Phase 3: Adjust pointers 0.681ms
[2026-01-06T17:26:31.344+0800][2.030s][info][gc,phases,start] GC(1231) Phase 4: Move objects
[2026-01-06T17:26:31.344+0800][2.030s][info][gc,phases      ] GC(1231) Phase 4: Move objects 0.029ms
[2026-01-06T17:26:31.344+0800][2.030s][info][gc             ] GC(1231) Pause Full (Allocation Failure) 133M->4M(247M) 1.252ms
[2026-01-06T17:26:31.344+0800][2.030s][info][gc,heap        ] GC(1230) DefNew: 67960K->0K(78720K)
[2026-01-06T17:26:31.344+0800][2.030s][info][gc,heap        ] GC(1230) Tenured: 135330K->4258K(174784K)
[2026-01-06T17:26:31.344+0800][2.030s][info][gc,metaspace   ] GC(1230) Metaspace: 3744K(4864K)->3744K(4864K) NonClass: 3423K(4352K)->3423K(4352K) Class: 320K(512K)->320K(512K)
[2026-01-06T17:26:31.344+0800][2.030s][info][gc             ] GC(1230) Pause Young (Allocation Failure) 198M->4M(247M) 1.344ms
[2026-01-06T17:26:31.344+0800][2.030s][info][gc,cpu         ] GC(1230) User=0.00s Sys=0.00s Real=0.00s
[2026-01-06T17:26:31.346+0800][2.032s][info][gc,start       ] GC(1232) Pause Young (Allocation Failure)
[2026-01-06T17:26:31.346+0800][2.032s][info][gc,start       ] GC(1233) Pause Full (Allocation Failure)
[2026-01-06T17:26:31.346+0800][2.032s][info][gc,phases,start] GC(1233) Phase 1: Mark live objects
[2026-01-06T17:26:31.347+0800][2.032s][info][gc,phases      ] GC(1233) Phase 1: Mark live objects 0.452ms
[2026-01-06T17:26:31.347+0800][2.032s][info][gc,phases,start] GC(1233) Phase 2: Compute new object addresses
[2026-01-06T17:26:31.347+0800][2.032s][info][gc,phases      ] GC(1233) Phase 2: Compute new object addresses 0.070ms
[2026-01-06T17:26:31.347+0800][2.032s][info][gc,phases,start] GC(1233) Phase 3: Adjust pointers
[2026-01-06T17:26:31.347+0800][2.033s][info][gc,phases      ] GC(1233) Phase 3: Adjust pointers 0.686ms
[2026-01-06T17:26:31.347+0800][2.033s][info][gc,phases,start] GC(1233) Phase 4: Move objects
[2026-01-06T17:26:31.347+0800][2.033s][info][gc,phases      ] GC(1233) Phase 4: Move objects 0.028ms
[2026-01-06T17:26:31.347+0800][2.033s][info][gc             ] GC(1233) Pause Full (Allocation Failure) 133M->4M(247M) 1.258ms
[2026-01-06T17:26:31.347+0800][2.033s][info][gc,heap        ] GC(1232) DefNew: 67960K->0K(78720K)
[2026-01-06T17:26:31.347+0800][2.033s][info][gc,heap        ] GC(1232) Tenured: 135330K->4258K(174784K)
[2026-01-06T17:26:31.347+0800][2.033s][info][gc,metaspace   ] GC(1232) Metaspace: 3744K(4864K)->3744K(4864K) NonClass: 3423K(4352K)->3423K(4352K) Class: 320K(512K)->320K(512K)
[2026-01-06T17:26:31.347+0800][2.033s][info][gc             ] GC(1232) Pause Young (Allocation Failure) 198M->4M(247M) 1.344ms
[2026-01-06T17:26:31.347+0800][2.033s][info][gc,cpu         ] GC(1232) User=0.00s Sys=0.00s Real=0.00s
[2026-01-06T17:26:31.349+0800][2.035s][info][gc,start       ] GC(1234) Pause Young (Allocation Failure)
[2026-01-06T17:26:31.349+0800][2.035s][info][gc,start       ] GC(1235) Pause Full (Allocation Failure)
[2026-01-06T17:26:31.349+0800][2.035s][info][gc,phases,start] GC(1235) Phase 1: Mark live objects
[2026-01-06T17:26:31.350+0800][2.035s][info][gc,phases      ] GC(1235) Phase 1: Mark live objects 0.458ms
[2026-01-06T17:26:31.350+0800][2.035s][info][gc,phases,start] GC(1235) Phase 2: Compute new object addresses
[2026-01-06T17:26:31.350+0800][2.035s][info][gc,phases      ] GC(1235) Phase 2: Compute new object addresses 0.070ms
[2026-01-06T17:26:31.350+0800][2.035s][info][gc,phases,start] GC(1235) Phase 3: Adjust pointers
[2026-01-06T17:26:31.351+0800][2.036s][info][gc,phases      ] GC(1235) Phase 3: Adjust pointers 0.680ms
[2026-01-06T17:26:31.351+0800][2.036s][info][gc,phases,start] GC(1235) Phase 4: Move objects
[2026-01-06T17:26:31.351+0800][2.036s][info][gc,phases      ] GC(1235) Phase 4: Move objects 0.029ms
[2026-01-06T17:26:31.351+0800][2.036s][info][gc             ] GC(1235) Pause Full (Allocation Failure) 133M->4M(247M) 1.258ms
[2026-01-06T17:26:31.351+0800][2.036s][info][gc,heap        ] GC(1234) DefNew: 67960K->0K(78720K)
[2026-01-06T17:26:31.351+0800][2.036s][info][gc,heap        ] GC(1234) Tenured: 135330K->4258K(174784K)
[2026-01-06T17:26:31.351+0800][2.036s][info][gc,metaspace   ] GC(1234) Metaspace: 3744K(4864K)->3744K(4864K) NonClass: 3423K(4352K)->3423K(4352K) Class: 320K(512K)->320K(512K)
[2026-01-06T17:26:31.351+0800][2.036s][info][gc             ] GC(1234) Pause Young (Allocation Failure) 198M->4M(247M) 1.351ms
[2026-01-06T17:26:31.351+0800][2.036s][info][gc,cpu         ] GC(1234) User=0.00s Sys=0.00s Real=0.01s
[2026-01-06T17:26:31.352+0800][2.038s][info][gc,start       ] GC(1236) Pause Young (Allocation Failure)
[2026-01-06T17:26:31.352+0800][2.038s][info][gc,start       ] GC(1237) Pause Full (Allocation Failure)
[2026-01-06T17:26:31.352+0800][2.038s][info][gc,phases,start] GC(1237) Phase 1: Mark live objects
[2026-01-06T17:26:31.353+0800][2.038s][info][gc,phases      ] GC(1237) Phase 1: Mark live objects 0.467ms
[2026-01-06T17:26:31.353+0800][2.038s][info][gc,phases,start] GC(1237) Phase 2: Compute new object addresses
[2026-01-06T17:26:31.353+0800][2.039s][info][gc,phases      ] GC(1237) Phase 2: Compute new object addresses 0.072ms
[2026-01-06T17:26:31.353+0800][2.039s][info][gc,phases,start] GC(1237) Phase 3: Adjust pointers
[2026-01-06T17:26:31.354+0800][2.039s][info][gc,phases      ] GC(1237) Phase 3: Adjust pointers 0.682ms
[2026-01-06T17:26:31.354+0800][2.039s][info][gc,phases,start] GC(1237) Phase 4: Move objects
[2026-01-06T17:26:31.354+0800][2.039s][info][gc,phases      ] GC(1237) Phase 4: Move objects 0.030ms
[2026-01-06T17:26:31.354+0800][2.039s][info][gc             ] GC(1237) Pause Full (Allocation Failure) 133M->4M(247M) 1.277ms
[2026-01-06T17:26:31.354+0800][2.039s][info][gc,heap        ] GC(1236) DefNew: 67960K->0K(78720K)
[2026-01-06T17:26:31.354+0800][2.039s][info][gc,heap        ] GC(1236) Tenured: 135330K->4258K(174784K)
[2026-01-06T17:26:31.354+0800][2.039s][info][gc,metaspace   ] GC(1236) Metaspace: 3744K(4864K)->3744K(4864K) NonClass: 3423K(4352K)->3423K(4352K) Class: 320K(512K)->320K(512K)
[2026-01-06T17:26:31.354+0800][2.039s][info][gc             ] GC(1236) Pause Young (Allocation Failure) 198M->4M(247M) 1.367ms
[2026-01-06T17:26:31.354+0800][2.039s][info][gc,cpu         ] GC(1236) User=0.00s Sys=0.00s Real=0.00s
[2026-01-06T17:26:31.355+0800][2.041s][info][gc,start       ] GC(1238) Pause Young (Allocation Failure)
[2026-01-06T17:26:31.356+0800][2.041s][info][gc,start       ] GC(1239) Pause Full (Allocation Failure)
[2026-01-06T17:26:31.356+0800][2.041s][info][gc,phases,start] GC(1239) Phase 1: Mark live objects
[2026-01-06T17:26:31.356+0800][2.042s][info][gc,phases      ] GC(1239) Phase 1: Mark live objects 0.452ms
[2026-01-06T17:26:31.356+0800][2.042s][info][gc,phases,start] GC(1239) Phase 2: Compute new object addresses
[2026-01-06T17:26:31.356+0800][2.042s][info][gc,phases      ] GC(1239) Phase 2: Compute new object addresses 0.073ms
[2026-01-06T17:26:31.356+0800][2.042s][info][gc,phases,start] GC(1239) Phase 3: Adjust pointers
[2026-01-06T17:26:31.357+0800][2.042s][info][gc,phases      ] GC(1239) Phase 3: Adjust pointers 0.680ms
[2026-01-06T17:26:31.357+0800][2.042s][info][gc,phases,start] GC(1239) Phase 4: Move objects
[2026-01-06T17:26:31.357+0800][2.042s][info][gc,phases      ] GC(1239) Phase 4: Move objects 0.029ms
[2026-01-06T17:26:31.357+0800][2.042s][info][gc             ] GC(1239) Pause Full (Allocation Failure) 133M->4M(247M) 1.255ms
[2026-01-06T17:26:31.357+0800][2.042s][info][gc,heap        ] GC(1238) DefNew: 67960K->0K(78720K)
[2026-01-06T17:26:31.357+0800][2.042s][info][gc,heap        ] GC(1238) Tenured: 135330K->4258K(174784K)
[2026-01-06T17:26:31.357+0800][2.042s][info][gc,metaspace   ] GC(1238) Metaspace: 3744K(4864K)->3744K(4864K) NonClass: 3423K(4352K)->3423K(4352K) Class: 320K(512K)->320K(512K)
[2026-01-06T17:26:31.357+0800][2.042s][info][gc             ] GC(1238) Pause Young (Allocation Failure) 198M->4M(247M) 1.346ms
[2026-01-06T17:26:31.357+0800][2.042s][info][gc,cpu         ] GC(1238) User=0.00s Sys=0.00s Real=0.00s
[2026-01-06T17:26:31.359+0800][2.044s][info][gc,start       ] GC(1240) Pause Young (Allocation Failure)
[2026-01-06T17:26:31.359+0800][2.044s][info][gc,start       ] GC(1241) Pause Full (Allocation Failure)
[2026-01-06T17:26:31.359+0800][2.044s][info][gc,phases,start] GC(1241) Phase 1: Mark live objects
[2026-01-06T17:26:31.359+0800][2.045s][info][gc,phases      ] GC(1241) Phase 1: Mark live objects 0.452ms
[2026-01-06T17:26:31.359+0800][2.045s][info][gc,phases,start] GC(1241) Phase 2: Compute new object addresses
[2026-01-06T17:26:31.359+0800][2.045s][info][gc,phases      ] GC(1241) Phase 2: Compute new object addresses 0.072ms
[2026-01-06T17:26:31.359+0800][2.045s][info][gc,phases,start] GC(1241) Phase 3: Adjust pointers
[2026-01-06T17:26:31.360+0800][2.045s][info][gc,phases      ] GC(1241) Phase 3: Adjust pointers 0.682ms
[2026-01-06T17:26:31.360+0800][2.045s][info][gc,phases,start] GC(1241) Phase 4: Move objects
[2026-01-06T17:26:31.360+0800][2.045s][info][gc,phases      ] GC(1241) Phase 4: Move objects 0.028ms
[2026-01-06T17:26:31.360+0800][2.045s][info][gc             ] GC(1241) Pause Full (Allocation Failure) 133M->4M(247M) 1.255ms
[2026-01-06T17:26:31.360+0800][2.045s][info][gc,heap        ] GC(1240) DefNew: 67960K->0K(78720K)
[2026-01-06T17:26:31.360+0800][2.045s][info][gc,heap        ] GC(1240) Tenured: 135330K->4258K(174784K)
[2026-01-06T17:26:31.360+0800][2.045s][info][gc,metaspace   ] GC(1240) Metaspace: 3744K(4864K)->3744K(4864K) NonClass: 3423K(4352K)->3423K(4352K) Class: 320K(512K)->320K(512K)
[2026-01-06T17:26:31.360+0800][2.045s][info][gc             ] GC(1240) Pause Young (Allocation Failure) 198M->4M(247M) 1.344ms
[2026-01-06T17:26:31.360+0800][2.045s][info][gc,cpu         ] GC(1240) User=0.00s Sys=0.00s Real=0.01s
[2026-01-06T17:26:31.362+0800][2.047s][info][gc,start       ] GC(1242) Pause Young (Allocation Failure)
[2026-01-06T17:26:31.362+0800][2.047s][info][gc,start       ] GC(1243) Pause Full (Allocation Failure)
[2026-01-06T17:26:31.362+0800][2.047s][info][gc,phases,start] GC(1243) Phase 1: Mark live objects
[2026-01-06T17:26:31.362+0800][2.048s][info][gc,phases      ] GC(1243) Phase 1: Mark live objects 0.454ms
[2026-01-06T17:26:31.362+0800][2.048s][info][gc,phases,start] GC(1243) Phase 2: Compute new object addresses
[2026-01-06T17:26:31.362+0800][2.048s][info][gc,phases      ] GC(1243) Phase 2: Compute new object addresses 0.073ms
[2026-01-06T17:26:31.362+0800][2.048s][info][gc,phases,start] GC(1243) Phase 3: Adjust pointers
[2026-01-06T17:26:31.363+0800][2.049s][info][gc,phases      ] GC(1243) Phase 3: Adjust pointers 0.686ms
[2026-01-06T17:26:31.363+0800][2.049s][info][gc,phases,start] GC(1243) Phase 4: Move objects
[2026-01-06T17:26:31.363+0800][2.049s][info][gc,phases      ] GC(1243) Phase 4: Move objects 0.030ms
[2026-01-06T17:26:31.363+0800][2.049s][info][gc             ] GC(1243) Pause Full (Allocation Failure) 133M->4M(247M) 1.267ms
[2026-01-06T17:26:31.363+0800][2.049s][info][gc,heap        ] GC(1242) DefNew: 67960K->0K(78720K)
[2026-01-06T17:26:31.363+0800][2.049s][info][gc,heap        ] GC(1242) Tenured: 135330K->4258K(174784K)
[2026-01-06T17:26:31.363+0800][2.049s][info][gc,metaspace   ] GC(1242) Metaspace: 3744K(4864K)->3744K(4864K) NonClass: 3423K(4352K)->3423K(4352K) Class: 320K(512K)->320K(512K)
[2026-01-06T17:26:31.363+0800][2.049s][info][gc             ] GC(1242) Pause Young (Allocation Failure) 198M->4M(247M) 1.356ms
[2026-01-06T17:26:31.363+0800][2.049s][info][gc,cpu         ] GC(1242) User=0.00s Sys=0.00s Real=0.00s
[2026-01-06T17:26:31.365+0800][2.050s][info][gc,start       ] GC(1244) Pause Young (Allocation Failure)
[2026-01-06T17:26:31.365+0800][2.050s][info][gc,start       ] GC(1245) Pause Full (Allocation Failure)
[2026-01-06T17:26:31.365+0800][2.050s][info][gc,phases,start] GC(1245) Phase 1: Mark live objects
[2026-01-06T17:26:31.365+0800][2.051s][info][gc,phases      ] GC(1245) Phase 1: Mark live objects 0.468ms
[2026-01-06T17:26:31.365+0800][2.051s][info][gc,phases,start] GC(1245) Phase 2: Compute new object addresses
[2026-01-06T17:26:31.365+0800][2.051s][info][gc,phases      ] GC(1245) Phase 2: Compute new object addresses 0.078ms
[2026-01-06T17:26:31.365+0800][2.051s][info][gc,phases,start] GC(1245) Phase 3: Adjust pointers
[2026-01-06T17:26:31.366+0800][2.052s][info][gc,phases      ] GC(1245) Phase 3: Adjust pointers 0.679ms
[2026-01-06T17:26:31.366+0800][2.052s][info][gc,phases,start] GC(1245) Phase 4: Move objects
[2026-01-06T17:26:31.366+0800][2.052s][info][gc,phases      ] GC(1245) Phase 4: Move objects 0.028ms
[2026-01-06T17:26:31.366+0800][2.052s][info][gc             ] GC(1245) Pause Full (Allocation Failure) 133M->4M(247M) 1.275ms
[2026-01-06T17:26:31.366+0800][2.052s][info][gc,heap        ] GC(1244) DefNew: 67960K->0K(78720K)
[2026-01-06T17:26:31.366+0800][2.052s][info][gc,heap        ] GC(1244) Tenured: 135330K->4258K(174784K)
[2026-01-06T17:26:31.366+0800][2.052s][info][gc,metaspace   ] GC(1244) Metaspace: 3744K(4864K)->3744K(4864K) NonClass: 3423K(4352K)->3423K(4352K) Class: 320K(512K)->320K(512K)
[2026-01-06T17:26:31.366+0800][2.052s][info][gc             ] GC(1244) Pause Young (Allocation Failure) 198M->4M(247M) 1.363ms
[2026-01-06T17:26:31.366+0800][2.052s][info][gc,cpu         ] GC(1244) User=0.00s Sys=0.00s Real=0.00s
[2026-01-06T17:26:31.368+0800][2.054s][info][gc,start       ] GC(1246) Pause Young (Allocation Failure)
[2026-01-06T17:26:31.368+0800][2.054s][info][gc,start       ] GC(1247) Pause Full (Allocation Failure)
[2026-01-06T17:26:31.368+0800][2.054s][info][gc,phases,start] GC(1247) Phase 1: Mark live objects
[2026-01-06T17:26:31.368+0800][2.054s][info][gc,phases      ] GC(1247) Phase 1: Mark live objects 0.454ms
[2026-01-06T17:26:31.368+0800][2.054s][info][gc,phases,start] GC(1247) Phase 2: Compute new object addresses
[2026-01-06T17:26:31.369+0800][2.054s][info][gc,phases      ] GC(1247) Phase 2: Compute new object addresses 0.073ms
[2026-01-06T17:26:31.369+0800][2.054s][info][gc,phases,start] GC(1247) Phase 3: Adjust pointers
[2026-01-06T17:26:31.369+0800][2.055s][info][gc,phases      ] GC(1247) Phase 3: Adjust pointers 0.680ms
[2026-01-06T17:26:31.369+0800][2.055s][info][gc,phases,start] GC(1247) Phase 4: Move objects
[2026-01-06T17:26:31.369+0800][2.055s][info][gc,phases      ] GC(1247) Phase 4: Move objects 0.029ms
[2026-01-06T17:26:31.369+0800][2.055s][info][gc             ] GC(1247) Pause Full (Allocation Failure) 133M->4M(247M) 1.260ms
[2026-01-06T17:26:31.369+0800][2.055s][info][gc,heap        ] GC(1246) DefNew: 67960K->0K(78720K)
[2026-01-06T17:26:31.369+0800][2.055s][info][gc,heap        ] GC(1246) Tenured: 135330K->4258K(174784K)
[2026-01-06T17:26:31.369+0800][2.055s][info][gc,metaspace   ] GC(1246) Metaspace: 3744K(4864K)->3744K(4864K) NonClass: 3423K(4352K)->3423K(4352K) Class: 320K(512K)->320K(512K)
[2026-01-06T17:26:31.369+0800][2.055s][info][gc             ] GC(1246) Pause Young (Allocation Failure) 198M->4M(247M) 1.347ms
[2026-01-06T17:26:31.369+0800][2.055s][info][gc,cpu         ] GC(1246) User=0.00s Sys=0.00s Real=0.00s
[2026-01-06T17:26:31.371+0800][2.057s][info][gc,start       ] GC(1248) Pause Young (Allocation Failure)
[2026-01-06T17:26:31.371+0800][2.057s][info][gc,start       ] GC(1249) Pause Full (Allocation Failure)
[2026-01-06T17:26:31.371+0800][2.057s][info][gc,phases,start] GC(1249) Phase 1: Mark live objects
[2026-01-06T17:26:31.372+0800][2.057s][info][gc,phases      ] GC(1249) Phase 1: Mark live objects 0.452ms
[2026-01-06T17:26:31.372+0800][2.057s][info][gc,phases,start] GC(1249) Phase 2: Compute new object addresses
[2026-01-06T17:26:31.372+0800][2.057s][info][gc,phases      ] GC(1249) Phase 2: Compute new object addresses 0.072ms
[2026-01-06T17:26:31.372+0800][2.057s][info][gc,phases,start] GC(1249) Phase 3: Adjust pointers
[2026-01-06T17:26:31.372+0800][2.058s][info][gc,phases      ] GC(1249) Phase 3: Adjust pointers 0.680ms
[2026-01-06T17:26:31.372+0800][2.058s][info][gc,phases,start] GC(1249) Phase 4: Move objects
[2026-01-06T17:26:31.372+0800][2.058s][info][gc,phases      ] GC(1249) Phase 4: Move objects 0.028ms
[2026-01-06T17:26:31.372+0800][2.058s][info][gc             ] GC(1249) Pause Full (Allocation Failure) 133M->4M(247M) 1.254ms
[2026-01-06T17:26:31.372+0800][2.058s][info][gc,heap        ] GC(1248) DefNew: 67960K->0K(78720K)
[2026-01-06T17:26:31.372+0800][2.058s][info][gc,heap        ] GC(1248) Tenured: 135330K->4258K(174784K)
[2026-01-06T17:26:31.372+0800][2.058s][info][gc,metaspace   ] GC(1248) Metaspace: 3744K(4864K)->3744K(4864K) NonClass: 3423K(4352K)->3423K(4352K) Class: 320K(512K)->320K(512K)
[2026-01-06T17:26:31.372+0800][2.058s][info][gc             ] GC(1248) Pause Young (Allocation Failure) 198M->4M(247M) 1.344ms
[2026-01-06T17:26:31.372+0800][2.058s][info][gc,cpu         ] GC(1248) User=0.00s Sys=0.00s Real=0.00s
[2026-01-06T17:26:31.374+0800][2.060s][info][gc,start       ] GC(1250) Pause Young (Allocation Failure)
[2026-01-06T17:26:31.374+0800][2.060s][info][gc,start       ] GC(1251) Pause Full (Allocation Failure)
[2026-01-06T17:26:31.374+0800][2.060s][info][gc,phases,start] GC(1251) Phase 1: Mark live objects
[2026-01-06T17:26:31.375+0800][2.060s][info][gc,phases      ] GC(1251) Phase 1: Mark live objects 0.450ms
[2026-01-06T17:26:31.375+0800][2.060s][info][gc,phases,start] GC(1251) Phase 2: Compute new object addresses
[2026-01-06T17:26:31.375+0800][2.060s][info][gc,phases      ] GC(1251) Phase 2: Compute new object addresses 0.075ms
[2026-01-06T17:26:31.375+0800][2.060s][info][gc,phases,start] GC(1251) Phase 3: Adjust pointers
[2026-01-06T17:26:31.375+0800][2.061s][info][gc,phases      ] GC(1251) Phase 3: Adjust pointers 0.682ms
[2026-01-06T17:26:31.375+0800][2.061s][info][gc,phases,start] GC(1251) Phase 4: Move objects
[2026-01-06T17:26:31.375+0800][2.061s][info][gc,phases      ] GC(1251) Phase 4: Move objects 0.026ms
[2026-01-06T17:26:31.375+0800][2.061s][info][gc             ] GC(1251) Pause Full (Allocation Failure) 133M->5M(247M) 1.255ms
[2026-01-06T17:26:31.375+0800][2.061s][info][gc,heap        ] GC(1250) DefNew: 67960K->0K(78720K)
[2026-01-06T17:26:31.375+0800][2.061s][info][gc,heap        ] GC(1250) Tenured: 135330K->5795K(174784K)
[2026-01-06T17:26:31.375+0800][2.061s][info][gc,metaspace   ] GC(1250) Metaspace: 3744K(4864K)->3744K(4864K) NonClass: 3423K(4352K)->3423K(4352K) Class: 320K(512K)->320K(512K)
[2026-01-06T17:26:31.375+0800][2.061s][info][gc             ] GC(1250) Pause Young (Allocation Failure) 198M->5M(247M) 1.331ms
[2026-01-06T17:26:31.375+0800][2.061s][info][gc,cpu         ] GC(1250) User=0.01s Sys=0.00s Real=0.00s
[2026-01-06T17:26:31.377+0800][2.063s][info][gc,start       ] GC(1252) Pause Young (Allocation Failure)
[2026-01-06T17:26:31.377+0800][2.063s][info][gc,start       ] GC(1253) Pause Full (Allocation Failure)
[2026-01-06T17:26:31.377+0800][2.063s][info][gc,phases,start] GC(1253) Phase 1: Mark live objects
[2026-01-06T17:26:31.378+0800][2.063s][info][gc,phases      ] GC(1253) Phase 1: Mark live objects 0.467ms
[2026-01-06T17:26:31.378+0800][2.063s][info][gc,phases,start] GC(1253) Phase 2: Compute new object addresses
[2026-01-06T17:26:31.378+0800][2.063s][info][gc,phases      ] GC(1253) Phase 2: Compute new object addresses 0.070ms
[2026-01-06T17:26:31.378+0800][2.063s][info][gc,phases,start] GC(1253) Phase 3: Adjust pointers
[2026-01-06T17:26:31.378+0800][2.064s][info][gc,phases      ] GC(1253) Phase 3: Adjust pointers 0.682ms
[2026-01-06T17:26:31.378+0800][2.064s][info][gc,phases,start] GC(1253) Phase 4: Move objects
[2026-01-06T17:26:31.378+0800][2.064s][info][gc,phases      ] GC(1253) Phase 4: Move objects 0.026ms
[2026-01-06T17:26:31.378+0800][2.064s][info][gc             ] GC(1253) Pause Full (Allocation Failure) 135M->5M(247M) 1.266ms
[2026-01-06T17:26:31.378+0800][2.064s][info][gc,heap        ] GC(1252) DefNew: 67960K->0K(78720K)
[2026-01-06T17:26:31.378+0800][2.064s][info][gc,heap        ] GC(1252) Tenured: 136867K->5795K(174784K)
[2026-01-06T17:26:31.378+0800][2.064s][info][gc,metaspace   ] GC(1252) Metaspace: 3744K(4864K)->3744K(4864K) NonClass: 3423K(4352K)->3423K(4352K) Class: 320K(512K)->320K(512K)
[2026-01-06T17:26:31.378+0800][2.064s][info][gc             ] GC(1252) Pause Young (Allocation Failure) 200M->5M(247M) 1.342ms
[2026-01-06T17:26:31.378+0800][2.064s][info][gc,cpu         ] GC(1252) User=0.00s Sys=0.00s Real=0.00s
[2026-01-06T17:26:31.380+0800][2.066s][info][gc,start       ] GC(1254) Pause Young (Allocation Failure)
[2026-01-06T17:26:31.380+0800][2.066s][info][gc,start       ] GC(1255) Pause Full (Allocation Failure)
[2026-01-06T17:26:31.380+0800][2.066s][info][gc,phases,start] GC(1255) Phase 1: Mark live objects
[2026-01-06T17:26:31.381+0800][2.066s][info][gc,phases      ] GC(1255) Phase 1: Mark live objects 0.453ms
[2026-01-06T17:26:31.381+0800][2.066s][info][gc,phases,start] GC(1255) Phase 2: Compute new object addresses
[2026-01-06T17:26:31.381+0800][2.066s][info][gc,phases      ] GC(1255) Phase 2: Compute new object addresses 0.071ms
[2026-01-06T17:26:31.381+0800][2.066s][info][gc,phases,start] GC(1255) Phase 3: Adjust pointers
[2026-01-06T17:26:31.382+0800][2.067s][info][gc,phases      ] GC(1255) Phase 3: Adjust pointers 0.685ms
[2026-01-06T17:26:31.382+0800][2.067s][info][gc,phases,start] GC(1255) Phase 4: Move objects
[2026-01-06T17:26:31.382+0800][2.067s][info][gc,phases      ] GC(1255) Phase 4: Move objects 0.027ms
[2026-01-06T17:26:31.382+0800][2.067s][info][gc             ] GC(1255) Pause Full (Allocation Failure) 135M->5M(247M) 1.260ms
[2026-01-06T17:26:31.382+0800][2.067s][info][gc,heap        ] GC(1254) DefNew: 67960K->0K(78720K)
[2026-01-06T17:26:31.382+0800][2.067s][info][gc,heap        ] GC(1254) Tenured: 136867K->5795K(174784K)
[2026-01-06T17:26:31.382+0800][2.067s][info][gc,metaspace   ] GC(1254) Metaspace: 3744K(4864K)->3744K(4864K) NonClass: 3423K(4352K)->3423K(4352K) Class: 320K(512K)->320K(512K)
[2026-01-06T17:26:31.382+0800][2.067s][info][gc             ] GC(1254) Pause Young (Allocation Failure) 200M->5M(247M) 1.343ms
[2026-01-06T17:26:31.382+0800][2.067s][info][gc,cpu         ] GC(1254) User=0.00s Sys=0.00s Real=0.00s
[2026-01-06T17:26:31.383+0800][2.069s][info][gc,start       ] GC(1256) Pause Young (Allocation Failure)
[2026-01-06T17:26:31.383+0800][2.069s][info][gc,start       ] GC(1257) Pause Full (Allocation Failure)
[2026-01-06T17:26:31.383+0800][2.069s][info][gc,phases,start] GC(1257) Phase 1: Mark live objects
[2026-01-06T17:26:31.384+0800][2.070s][info][gc,phases      ] GC(1257) Phase 1: Mark live objects 0.454ms
[2026-01-06T17:26:31.384+0800][2.070s][info][gc,phases,start] GC(1257) Phase 2: Compute new object addresses
[2026-01-06T17:26:31.384+0800][2.070s][info][gc,phases      ] GC(1257) Phase 2: Compute new object addresses 0.071ms
[2026-01-06T17:26:31.384+0800][2.070s][info][gc,phases,start] GC(1257) Phase 3: Adjust pointers
[2026-01-06T17:26:31.385+0800][2.070s][info][gc,phases      ] GC(1257) Phase 3: Adjust pointers 0.679ms
[2026-01-06T17:26:31.385+0800][2.070s][info][gc,phases,start] GC(1257) Phase 4: Move objects
[2026-01-06T17:26:31.385+0800][2.070s][info][gc,phases      ] GC(1257) Phase 4: Move objects 0.029ms
[2026-01-06T17:26:31.385+0800][2.070s][info][gc             ] GC(1257) Pause Full (Allocation Failure) 135M->4M(247M) 1.258ms
[2026-01-06T17:26:31.385+0800][2.070s][info][gc,heap        ] GC(1256) DefNew: 67960K->0K(78720K)
[2026-01-06T17:26:31.385+0800][2.070s][info][gc,heap        ] GC(1256) Tenured: 136867K->4258K(174784K)
[2026-01-06T17:26:31.385+0800][2.070s][info][gc,metaspace   ] GC(1256) Metaspace: 3744K(4864K)->3744K(4864K) NonClass: 3423K(4352K)->3423K(4352K) Class: 320K(512K)->320K(512K)
[2026-01-06T17:26:31.385+0800][2.070s][info][gc             ] GC(1256) Pause Young (Allocation Failure) 200M->4M(247M) 1.335ms
[2026-01-06T17:26:31.385+0800][2.070s][info][gc,cpu         ] GC(1256) User=0.00s Sys=0.00s Real=0.00s
[2026-01-06T17:26:31.386+0800][2.072s][info][gc,start       ] GC(1258) Pause Young (Allocation Failure)
[2026-01-06T17:26:31.387+0800][2.072s][info][gc,start       ] GC(1259) Pause Full (Allocation Failure)
[2026-01-06T17:26:31.387+0800][2.072s][info][gc,phases,start] GC(1259) Phase 1: Mark live objects
[2026-01-06T17:26:31.387+0800][2.073s][info][gc,phases      ] GC(1259) Phase 1: Mark live objects 0.454ms
[2026-01-06T17:26:31.387+0800][2.073s][info][gc,phases,start] GC(1259) Phase 2: Compute new object addresses
[2026-01-06T17:26:31.387+0800][2.073s][info][gc,phases      ] GC(1259) Phase 2: Compute new object addresses 0.074ms
[2026-01-06T17:26:31.387+0800][2.073s][info][gc,phases,start] GC(1259) Phase 3: Adjust pointers
[2026-01-06T17:26:31.388+0800][2.073s][info][gc,phases      ] GC(1259) Phase 3: Adjust pointers 0.679ms
[2026-01-06T17:26:31.388+0800][2.073s][info][gc,phases,start] GC(1259) Phase 4: Move objects
[2026-01-06T17:26:31.388+0800][2.073s][info][gc,phases      ] GC(1259) Phase 4: Move objects 0.029ms
[2026-01-06T17:26:31.388+0800][2.073s][info][gc             ] GC(1259) Pause Full (Allocation Failure) 133M->4M(247M) 1.257ms
[2026-01-06T17:26:31.388+0800][2.073s][info][gc,heap        ] GC(1258) DefNew: 67960K->0K(78720K)
[2026-01-06T17:26:31.388+0800][2.073s][info][gc,heap        ] GC(1258) Tenured: 135330K->4332K(174784K)
[2026-01-06T17:26:31.388+0800][2.073s][info][gc,metaspace   ] GC(1258) Metaspace: 3744K(4864K)->3744K(4864K) NonClass: 3423K(4352K)->3423K(4352K) Class: 320K(512K)->320K(512K)
[2026-01-06T17:26:31.388+0800][2.073s][info][gc             ] GC(1258) Pause Young (Allocation Failure) 198M->4M(247M) 1.348ms
[2026-01-06T17:26:31.388+0800][2.073s][info][gc,cpu         ] GC(1258) User=0.00s Sys=0.00s Real=0.00s
[2026-01-06T17:26:31.390+0800][2.075s][info][gc,start       ] GC(1260) Pause Young (Allocation Failure)
[2026-01-06T17:26:31.390+0800][2.075s][info][gc,start       ] GC(1261) Pause Full (Allocation Failure)
[2026-01-06T17:26:31.390+0800][2.075s][info][gc,phases,start] GC(1261) Phase 1: Mark live objects
[2026-01-06T17:26:31.390+0800][2.076s][info][gc,phases      ] GC(1261) Phase 1: Mark live objects 0.466ms
[2026-01-06T17:26:31.390+0800][2.076s][info][gc,phases,start] GC(1261) Phase 2: Compute new object addresses
[2026-01-06T17:26:31.390+0800][2.076s][info][gc,phases      ] GC(1261) Phase 2: Compute new object addresses 0.075ms
[2026-01-06T17:26:31.390+0800][2.076s][info][gc,phases,start] GC(1261) Phase 3: Adjust pointers
[2026-01-06T17:26:31.391+0800][2.076s][info][gc,phases      ] GC(1261) Phase 3: Adjust pointers 0.682ms
[2026-01-06T17:26:31.391+0800][2.076s][info][gc,phases,start] GC(1261) Phase 4: Move objects
[2026-01-06T17:26:31.391+0800][2.076s][info][gc,phases      ] GC(1261) Phase 4: Move objects 0.029ms
[2026-01-06T17:26:31.391+0800][2.076s][info][gc             ] GC(1261) Pause Full (Allocation Failure) 133M->4M(247M) 1.275ms
[2026-01-06T17:26:31.391+0800][2.076s][info][gc,heap        ] GC(1260) DefNew: 67960K->0K(78720K)
[2026-01-06T17:26:31.391+0800][2.076s][info][gc,heap        ] GC(1260) Tenured: 135404K->4332K(174784K)
[2026-01-06T17:26:31.391+0800][2.076s][info][gc,metaspace   ] GC(1260) Metaspace: 3744K(4864K)->3744K(4864K) NonClass: 3423K(4352K)->3423K(4352K) Class: 320K(512K)->320K(512K)
[2026-01-06T17:26:31.391+0800][2.076s][info][gc             ] GC(1260) Pause Young (Allocation Failure) 198M->4M(247M) 1.363ms
[2026-01-06T17:26:31.391+0800][2.076s][info][gc,cpu         ] GC(1260) User=0.00s Sys=0.00s Real=0.00s
[2026-01-06T17:26:31.393+0800][2.078s][info][gc,start       ] GC(1262) Pause Young (Allocation Failure)
[2026-01-06T17:26:31.393+0800][2.078s][info][gc,start       ] GC(1263) Pause Full (Allocation Failure)
[2026-01-06T17:26:31.393+0800][2.078s][info][gc,phases,start] GC(1263) Phase 1: Mark live objects
[2026-01-06T17:26:31.393+0800][2.079s][info][gc,phases      ] GC(1263) Phase 1: Mark live objects 0.456ms
[2026-01-06T17:26:31.393+0800][2.079s][info][gc,phases,start] GC(1263) Phase 2: Compute new object addresses
[2026-01-06T17:26:31.393+0800][2.079s][info][gc,phases      ] GC(1263) Phase 2: Compute new object addresses 0.075ms
[2026-01-06T17:26:31.393+0800][2.079s][info][gc,phases,start] GC(1263) Phase 3: Adjust pointers
[2026-01-06T17:26:31.394+0800][2.080s][info][gc,phases      ] GC(1263) Phase 3: Adjust pointers 0.681ms
[2026-01-06T17:26:31.394+0800][2.080s][info][gc,phases,start] GC(1263) Phase 4: Move objects
[2026-01-06T17:26:31.394+0800][2.080s][info][gc,phases      ] GC(1263) Phase 4: Move objects 0.029ms
[2026-01-06T17:26:31.394+0800][2.080s][info][gc             ] GC(1263) Pause Full (Allocation Failure) 133M->4M(247M) 1.263ms
[2026-01-06T17:26:31.394+0800][2.080s][info][gc,heap        ] GC(1262) DefNew: 67960K->0K(78720K)
[2026-01-06T17:26:31.394+0800][2.080s][info][gc,heap        ] GC(1262) Tenured: 135404K->4332K(174784K)
[2026-01-06T17:26:31.394+0800][2.080s][info][gc,metaspace   ] GC(1262) Metaspace: 3744K(4864K)->3744K(4864K) NonClass: 3423K(4352K)->3423K(4352K) Class: 320K(512K)->320K(512K)
[2026-01-06T17:26:31.394+0800][2.080s][info][gc             ] GC(1262) Pause Young (Allocation Failure) 198M->4M(247M) 1.354ms
[2026-01-06T17:26:31.394+0800][2.080s][info][gc,cpu         ] GC(1262) User=0.00s Sys=0.00s Real=0.00s
[2026-01-06T17:26:31.396+0800][2.081s][info][gc,start       ] GC(1264) Pause Young (Allocation Failure)
[2026-01-06T17:26:31.396+0800][2.081s][info][gc,start       ] GC(1265) Pause Full (Allocation Failure)
[2026-01-06T17:26:31.396+0800][2.081s][info][gc,phases,start] GC(1265) Phase 1: Mark live objects
[2026-01-06T17:26:31.396+0800][2.082s][info][gc,phases      ] GC(1265) Phase 1: Mark live objects 0.454ms
[2026-01-06T17:26:31.396+0800][2.082s][info][gc,phases,start] GC(1265) Phase 2: Compute new object addresses
[2026-01-06T17:26:31.396+0800][2.082s][info][gc,phases      ] GC(1265) Phase 2: Compute new object addresses 0.073ms
[2026-01-06T17:26:31.396+0800][2.082s][info][gc,phases,start] GC(1265) Phase 3: Adjust pointers
[2026-01-06T17:26:31.397+0800][2.083s][info][gc,phases      ] GC(1265) Phase 3: Adjust pointers 0.683ms
[2026-01-06T17:26:31.397+0800][2.083s][info][gc,phases,start] GC(1265) Phase 4: Move objects
[2026-01-06T17:26:31.397+0800][2.083s][info][gc,phases      ] GC(1265) Phase 4: Move objects 0.030ms
[2026-01-06T17:26:31.397+0800][2.083s][info][gc             ] GC(1265) Pause Full (Allocation Failure) 133M->4M(247M) 1.260ms
[2026-01-06T17:26:31.397+0800][2.083s][info][gc,heap        ] GC(1264) DefNew: 67960K->0K(78720K)
[2026-01-06T17:26:31.397+0800][2.083s][info][gc,heap        ] GC(1264) Tenured: 135404K->4258K(174784K)
[2026-01-06T17:26:31.397+0800][2.083s][info][gc,metaspace   ] GC(1264) Metaspace: 3745K(4864K)->3745K(4864K) NonClass: 3425K(4352K)->3425K(4352K) Class: 320K(512K)->320K(512K)
[2026-01-06T17:26:31.397+0800][2.083s][info][gc             ] GC(1264) Pause Young (Allocation Failure) 198M->4M(247M) 1.352ms
[2026-01-06T17:26:31.397+0800][2.083s][info][gc,cpu         ] GC(1264) User=0.00s Sys=0.00s Real=0.00s
[2026-01-06T17:26:31.399+0800][2.085s][info][gc,start       ] GC(1266) Pause Young (Allocation Failure)
[2026-01-06T17:26:31.399+0800][2.085s][info][gc,start       ] GC(1267) Pause Full (Allocation Failure)
[2026-01-06T17:26:31.399+0800][2.085s][info][gc,phases,start] GC(1267) Phase 1: Mark live objects
[2026-01-06T17:26:31.400+0800][2.085s][info][gc,phases      ] GC(1267) Phase 1: Mark live objects 0.513ms
[2026-01-06T17:26:31.400+0800][2.085s][info][gc,phases,start] GC(1267) Phase 2: Compute new object addresses
[2026-01-06T17:26:31.400+0800][2.085s][info][gc,phases      ] GC(1267) Phase 2: Compute new object addresses 0.072ms
[2026-01-06T17:26:31.400+0800][2.085s][info][gc,phases,start] GC(1267) Phase 3: Adjust pointers
[2026-01-06T17:26:31.400+0800][2.086s][info][gc,phases      ] GC(1267) Phase 3: Adjust pointers 0.681ms
[2026-01-06T17:26:31.400+0800][2.086s][info][gc,phases,start] GC(1267) Phase 4: Move objects
[2026-01-06T17:26:31.400+0800][2.086s][info][gc,phases      ] GC(1267) Phase 4: Move objects 0.037ms
[2026-01-06T17:26:31.400+0800][2.086s][info][gc             ] GC(1267) Pause Full (Allocation Failure) 133M->4M(247M) 1.325ms
[2026-01-06T17:26:31.400+0800][2.086s][info][gc,heap        ] GC(1266) DefNew: 67960K->0K(78720K)
[2026-01-06T17:26:31.400+0800][2.086s][info][gc,heap        ] GC(1266) Tenured: 135330K->4258K(174784K)
[2026-01-06T17:26:31.400+0800][2.086s][info][gc,metaspace   ] GC(1266) Metaspace: 3745K(4864K)->3745K(4864K) NonClass: 3425K(4352K)->3425K(4352K) Class: 320K(512K)->320K(512K)
[2026-01-06T17:26:31.400+0800][2.086s][info][gc             ] GC(1266) Pause Young (Allocation Failure) 198M->4M(247M) 1.427ms
[2026-01-06T17:26:31.400+0800][2.086s][info][gc,cpu         ] GC(1266) User=0.00s Sys=0.00s Real=0.01s
[2026-01-06T17:26:31.402+0800][2.088s][info][gc,start       ] GC(1268) Pause Young (Allocation Failure)
[2026-01-06T17:26:31.402+0800][2.088s][info][gc,start       ] GC(1269) Pause Full (Allocation Failure)
[2026-01-06T17:26:31.402+0800][2.088s][info][gc,phases,start] GC(1269) Phase 1: Mark live objects
[2026-01-06T17:26:31.403+0800][2.088s][info][gc,phases      ] GC(1269) Phase 1: Mark live objects 0.454ms
[2026-01-06T17:26:31.403+0800][2.088s][info][gc,phases,start] GC(1269) Phase 2: Compute new object addresses
[2026-01-06T17:26:31.403+0800][2.088s][info][gc,phases      ] GC(1269) Phase 2: Compute new object addresses 0.071ms
[2026-01-06T17:26:31.403+0800][2.088s][info][gc,phases,start] GC(1269) Phase 3: Adjust pointers
[2026-01-06T17:26:31.403+0800][2.089s][info][gc,phases      ] GC(1269) Phase 3: Adjust pointers 0.681ms
[2026-01-06T17:26:31.403+0800][2.089s][info][gc,phases,start] GC(1269) Phase 4: Move objects
[2026-01-06T17:26:31.403+0800][2.089s][info][gc,phases      ] GC(1269) Phase 4: Move objects 0.035ms
[2026-01-06T17:26:31.403+0800][2.089s][info][gc             ] GC(1269) Pause Full (Allocation Failure) 133M->4M(247M) 1.263ms
[2026-01-06T17:26:31.403+0800][2.089s][info][gc,heap        ] GC(1268) DefNew: 67960K->0K(78720K)
[2026-01-06T17:26:31.403+0800][2.089s][info][gc,heap        ] GC(1268) Tenured: 135330K->4258K(174784K)
[2026-01-06T17:26:31.403+0800][2.089s][info][gc,metaspace   ] GC(1268) Metaspace: 3745K(4864K)->3745K(4864K) NonClass: 3425K(4352K)->3425K(4352K) Class: 320K(512K)->320K(512K)
[2026-01-06T17:26:31.403+0800][2.089s][info][gc             ] GC(1268) Pause Young (Allocation Failure) 198M->4M(247M) 1.355ms
[2026-01-06T17:26:31.403+0800][2.089s][info][gc,cpu         ] GC(1268) User=0.00s Sys=0.00s Real=0.00s
[2026-01-06T17:26:31.405+0800][2.091s][info][gc,start       ] GC(1270) Pause Young (Allocation Failure)
[2026-01-06T17:26:31.405+0800][2.091s][info][gc,start       ] GC(1271) Pause Full (Allocation Failure)
[2026-01-06T17:26:31.405+0800][2.091s][info][gc,phases,start] GC(1271) Phase 1: Mark live objects
[2026-01-06T17:26:31.406+0800][2.091s][info][gc,phases      ] GC(1271) Phase 1: Mark live objects 0.454ms
[2026-01-06T17:26:31.406+0800][2.091s][info][gc,phases,start] GC(1271) Phase 2: Compute new object addresses
[2026-01-06T17:26:31.406+0800][2.091s][info][gc,phases      ] GC(1271) Phase 2: Compute new object addresses 0.071ms
[2026-01-06T17:26:31.406+0800][2.091s][info][gc,phases,start] GC(1271) Phase 3: Adjust pointers
[2026-01-06T17:26:31.406+0800][2.092s][info][gc,phases      ] GC(1271) Phase 3: Adjust pointers 0.679ms
[2026-01-06T17:26:31.406+0800][2.092s][info][gc,phases,start] GC(1271) Phase 4: Move objects
[2026-01-06T17:26:31.407+0800][2.092s][info][gc,phases      ] GC(1271) Phase 4: Move objects 0.031ms
[2026-01-06T17:26:31.407+0800][2.092s][info][gc             ] GC(1271) Pause Full (Allocation Failure) 133M->4M(247M) 1.255ms
[2026-01-06T17:26:31.407+0800][2.092s][info][gc,heap        ] GC(1270) DefNew: 67960K->0K(78720K)
[2026-01-06T17:26:31.407+0800][2.092s][info][gc,heap        ] GC(1270) Tenured: 135330K->4258K(174784K)
[2026-01-06T17:26:31.407+0800][2.092s][info][gc,metaspace   ] GC(1270) Metaspace: 3745K(4864K)->3745K(4864K) NonClass: 3425K(4352K)->3425K(4352K) Class: 320K(512K)->320K(512K)
[2026-01-06T17:26:31.407+0800][2.092s][info][gc             ] GC(1270) Pause Young (Allocation Failure) 198M->4M(247M) 1.342ms
[2026-01-06T17:26:31.407+0800][2.092s][info][gc,cpu         ] GC(1270) User=0.00s Sys=0.00s Real=0.00s
[2026-01-06T17:26:31.408+0800][2.094s][info][gc,start       ] GC(1272) Pause Young (Allocation Failure)
[2026-01-06T17:26:31.408+0800][2.094s][info][gc,start       ] GC(1273) Pause Full (Allocation Failure)
[2026-01-06T17:26:31.408+0800][2.094s][info][gc,phases,start] GC(1273) Phase 1: Mark live objects
[2026-01-06T17:26:31.409+0800][2.094s][info][gc,phases      ] GC(1273) Phase 1: Mark live objects 0.452ms
[2026-01-06T17:26:31.409+0800][2.094s][info][gc,phases,start] GC(1273) Phase 2: Compute new object addresses
[2026-01-06T17:26:31.409+0800][2.094s][info][gc,phases      ] GC(1273) Phase 2: Compute new object addresses 0.072ms
[2026-01-06T17:26:31.409+0800][2.094s][info][gc,phases,start] GC(1273) Phase 3: Adjust pointers
[2026-01-06T17:26:31.410+0800][2.095s][info][gc,phases      ] GC(1273) Phase 3: Adjust pointers 0.680ms
[2026-01-06T17:26:31.410+0800][2.095s][info][gc,phases,start] GC(1273) Phase 4: Move objects
[2026-01-06T17:26:31.410+0800][2.095s][info][gc,phases      ] GC(1273) Phase 4: Move objects 0.028ms
[2026-01-06T17:26:31.410+0800][2.095s][info][gc             ] GC(1273) Pause Full (Allocation Failure) 133M->4M(247M) 1.258ms
[2026-01-06T17:26:31.410+0800][2.095s][info][gc,heap        ] GC(1272) DefNew: 67960K->0K(78720K)
[2026-01-06T17:26:31.410+0800][2.095s][info][gc,heap        ] GC(1272) Tenured: 135330K->4258K(174784K)
[2026-01-06T17:26:31.410+0800][2.095s][info][gc,metaspace   ] GC(1272) Metaspace: 3745K(4864K)->3745K(4864K) NonClass: 3425K(4352K)->3425K(4352K) Class: 320K(512K)->320K(512K)
[2026-01-06T17:26:31.410+0800][2.095s][info][gc             ] GC(1272) Pause Young (Allocation Failure) 198M->4M(247M) 1.346ms
[2026-01-06T17:26:31.410+0800][2.095s][info][gc,cpu         ] GC(1272) User=0.00s Sys=0.00s Real=0.01s
[2026-01-06T17:26:31.411+0800][2.097s][info][gc,start       ] GC(1274) Pause Young (Allocation Failure)
[2026-01-06T17:26:31.411+0800][2.097s][info][gc,start       ] GC(1275) Pause Full (Allocation Failure)
[2026-01-06T17:26:31.411+0800][2.097s][info][gc,phases,start] GC(1275) Phase 1: Mark live objects
[2026-01-06T17:26:31.412+0800][2.097s][info][gc,phases      ] GC(1275) Phase 1: Mark live objects 0.451ms
[2026-01-06T17:26:31.412+0800][2.097s][info][gc,phases,start] GC(1275) Phase 2: Compute new object addresses
[2026-01-06T17:26:31.412+0800][2.098s][info][gc,phases      ] GC(1275) Phase 2: Compute new object addresses 0.073ms
[2026-01-06T17:26:31.412+0800][2.098s][info][gc,phases,start] GC(1275) Phase 3: Adjust pointers
[2026-01-06T17:26:31.413+0800][2.098s][info][gc,phases      ] GC(1275) Phase 3: Adjust pointers 0.679ms
[2026-01-06T17:26:31.413+0800][2.098s][info][gc,phases,start] GC(1275) Phase 4: Move objects
[2026-01-06T17:26:31.413+0800][2.098s][info][gc,phases      ] GC(1275) Phase 4: Move objects 0.028ms
[2026-01-06T17:26:31.413+0800][2.098s][info][gc             ] GC(1275) Pause Full (Allocation Failure) 133M->4M(247M) 1.252ms
[2026-01-06T17:26:31.413+0800][2.098s][info][gc,heap        ] GC(1274) DefNew: 67960K->0K(78720K)
[2026-01-06T17:26:31.413+0800][2.098s][info][gc,heap        ] GC(1274) Tenured: 135330K->4258K(174784K)
[2026-01-06T17:26:31.413+0800][2.098s][info][gc,metaspace   ] GC(1274) Metaspace: 3745K(4864K)->3745K(4864K) NonClass: 3425K(4352K)->3425K(4352K) Class: 320K(512K)->320K(512K)
[2026-01-06T17:26:31.413+0800][2.098s][info][gc             ] GC(1274) Pause Young (Allocation Failure) 198M->4M(247M) 1.339ms
[2026-01-06T17:26:31.413+0800][2.098s][info][gc,cpu         ] GC(1274) User=0.00s Sys=0.00s Real=0.00s
[2026-01-06T17:26:31.414+0800][2.100s][info][gc,start       ] GC(1276) Pause Young (Allocation Failure)
[2026-01-06T17:26:31.415+0800][2.100s][info][gc,start       ] GC(1277) Pause Full (Allocation Failure)
[2026-01-06T17:26:31.415+0800][2.100s][info][gc,phases,start] GC(1277) Phase 1: Mark live objects
[2026-01-06T17:26:31.415+0800][2.101s][info][gc,phases      ] GC(1277) Phase 1: Mark live objects 0.453ms
[2026-01-06T17:26:31.415+0800][2.101s][info][gc,phases,start] GC(1277) Phase 2: Compute new object addresses
[2026-01-06T17:26:31.415+0800][2.101s][info][gc,phases      ] GC(1277) Phase 2: Compute new object addresses 0.074ms
[2026-01-06T17:26:31.415+0800][2.101s][info][gc,phases,start] GC(1277) Phase 3: Adjust pointers
[2026-01-06T17:26:31.416+0800][2.101s][info][gc,phases      ] GC(1277) Phase 3: Adjust pointers 0.693ms
[2026-01-06T17:26:31.416+0800][2.101s][info][gc,phases,start] GC(1277) Phase 4: Move objects
[2026-01-06T17:26:31.416+0800][2.101s][info][gc,phases      ] GC(1277) Phase 4: Move objects 0.029ms
[2026-01-06T17:26:31.416+0800][2.101s][info][gc             ] GC(1277) Pause Full (Allocation Failure) 133M->4M(247M) 1.272ms
[2026-01-06T17:26:31.416+0800][2.101s][info][gc,heap        ] GC(1276) DefNew: 67960K->0K(78720K)
[2026-01-06T17:26:31.416+0800][2.101s][info][gc,heap        ] GC(1276) Tenured: 135330K->4258K(174784K)
[2026-01-06T17:26:31.416+0800][2.101s][info][gc,metaspace   ] GC(1276) Metaspace: 3745K(4864K)->3745K(4864K) NonClass: 3425K(4352K)->3425K(4352K) Class: 320K(512K)->320K(512K)
[2026-01-06T17:26:31.416+0800][2.101s][info][gc             ] GC(1276) Pause Young (Allocation Failure) 198M->4M(247M) 1.361ms
[2026-01-06T17:26:31.416+0800][2.101s][info][gc,cpu         ] GC(1276) User=0.01s Sys=0.00s Real=0.00s
[2026-01-06T17:26:31.418+0800][2.103s][info][gc,start       ] GC(1278) Pause Young (Allocation Failure)
[2026-01-06T17:26:31.418+0800][2.103s][info][gc,start       ] GC(1279) Pause Full (Allocation Failure)
[2026-01-06T17:26:31.418+0800][2.103s][info][gc,phases,start] GC(1279) Phase 1: Mark live objects
[2026-01-06T17:26:31.418+0800][2.104s][info][gc,phases      ] GC(1279) Phase 1: Mark live objects 0.450ms
[2026-01-06T17:26:31.418+0800][2.104s][info][gc,phases,start] GC(1279) Phase 2: Compute new object addresses
[2026-01-06T17:26:31.418+0800][2.104s][info][gc,phases      ] GC(1279) Phase 2: Compute new object addresses 0.075ms
[2026-01-06T17:26:31.418+0800][2.104s][info][gc,phases,start] GC(1279) Phase 3: Adjust pointers
[2026-01-06T17:26:31.419+0800][2.104s][info][gc,phases      ] GC(1279) Phase 3: Adjust pointers 0.683ms
[2026-01-06T17:26:31.419+0800][2.104s][info][gc,phases,start] GC(1279) Phase 4: Move objects
[2026-01-06T17:26:31.419+0800][2.104s][info][gc,phases      ] GC(1279) Phase 4: Move objects 0.029ms
[2026-01-06T17:26:31.419+0800][2.104s][info][gc             ] GC(1279) Pause Full (Allocation Failure) 133M->4M(247M) 1.257ms
[2026-01-06T17:26:31.419+0800][2.104s][info][gc,heap        ] GC(1278) DefNew: 67960K->0K(78720K)
[2026-01-06T17:26:31.419+0800][2.104s][info][gc,heap        ] GC(1278) Tenured: 135330K->4258K(174784K)
[2026-01-06T17:26:31.419+0800][2.104s][info][gc,metaspace   ] GC(1278) Metaspace: 3745K(4864K)->3745K(4864K) NonClass: 3425K(4352K)->3425K(4352K) Class: 320K(512K)->320K(512K)
[2026-01-06T17:26:31.419+0800][2.104s][info][gc             ] GC(1278) Pause Young (Allocation Failure) 198M->4M(247M) 1.344ms
[2026-01-06T17:26:31.419+0800][2.104s][info][gc,cpu         ] GC(1278) User=0.00s Sys=0.00s Real=0.00s
[2026-01-06T17:26:31.421+0800][2.106s][info][gc,start       ] GC(1280) Pause Young (Allocation Failure)
[2026-01-06T17:26:31.421+0800][2.106s][info][gc,start       ] GC(1281) Pause Full (Allocation Failure)
[2026-01-06T17:26:31.421+0800][2.106s][info][gc,phases,start] GC(1281) Phase 1: Mark live objects
[2026-01-06T17:26:31.421+0800][2.107s][info][gc,phases      ] GC(1281) Phase 1: Mark live objects 0.452ms
[2026-01-06T17:26:31.421+0800][2.107s][info][gc,phases,start] GC(1281) Phase 2: Compute new object addresses
[2026-01-06T17:26:31.421+0800][2.107s][info][gc,phases      ] GC(1281) Phase 2: Compute new object addresses 0.072ms
[2026-01-06T17:26:31.421+0800][2.107s][info][gc,phases,start] GC(1281) Phase 3: Adjust pointers
[2026-01-06T17:26:31.422+0800][2.107s][info][gc,phases      ] GC(1281) Phase 3: Adjust pointers 0.680ms
[2026-01-06T17:26:31.422+0800][2.107s][info][gc,phases,start] GC(1281) Phase 4: Move objects
[2026-01-06T17:26:31.422+0800][2.108s][info][gc,phases      ] GC(1281) Phase 4: Move objects 0.028ms
[2026-01-06T17:26:31.422+0800][2.108s][info][gc             ] GC(1281) Pause Full (Allocation Failure) 133M->4M(247M) 1.253ms
[2026-01-06T17:26:31.422+0800][2.108s][info][gc,heap        ] GC(1280) DefNew: 67960K->0K(78720K)
[2026-01-06T17:26:31.422+0800][2.108s][info][gc,heap        ] GC(1280) Tenured: 135330K->4258K(174784K)
[2026-01-06T17:26:31.422+0800][2.108s][info][gc,metaspace   ] GC(1280) Metaspace: 3745K(4864K)->3745K(4864K) NonClass: 3425K(4352K)->3425K(4352K) Class: 320K(512K)->320K(512K)
[2026-01-06T17:26:31.422+0800][2.108s][info][gc             ] GC(1280) Pause Young (Allocation Failure) 198M->4M(247M) 1.344ms
[2026-01-06T17:26:31.422+0800][2.108s][info][gc,cpu         ] GC(1280) User=0.00s Sys=0.00s Real=0.00s
[2026-01-06T17:26:31.424+0800][2.109s][info][gc,start       ] GC(1282) Pause Young (Allocation Failure)
[2026-01-06T17:26:31.424+0800][2.109s][info][gc,start       ] GC(1283) Pause Full (Allocation Failure)
[2026-01-06T17:26:31.424+0800][2.109s][info][gc,phases,start] GC(1283) Phase 1: Mark live objects
[2026-01-06T17:26:31.424+0800][2.110s][info][gc,phases      ] GC(1283) Phase 1: Mark live objects 0.453ms
[2026-01-06T17:26:31.424+0800][2.110s][info][gc,phases,start] GC(1283) Phase 2: Compute new object addresses
[2026-01-06T17:26:31.424+0800][2.110s][info][gc,phases      ] GC(1283) Phase 2: Compute new object addresses 0.073ms
[2026-01-06T17:26:31.424+0800][2.110s][info][gc,phases,start] GC(1283) Phase 3: Adjust pointers
[2026-01-06T17:26:31.425+0800][2.111s][info][gc,phases      ] GC(1283) Phase 3: Adjust pointers 0.682ms
[2026-01-06T17:26:31.425+0800][2.111s][info][gc,phases,start] GC(1283) Phase 4: Move objects
[2026-01-06T17:26:31.425+0800][2.111s][info][gc,phases      ] GC(1283) Phase 4: Move objects 0.029ms
[2026-01-06T17:26:31.425+0800][2.111s][info][gc             ] GC(1283) Pause Full (Allocation Failure) 133M->4M(247M) 1.257ms
[2026-01-06T17:26:31.425+0800][2.111s][info][gc,heap        ] GC(1282) DefNew: 67960K->0K(78720K)
[2026-01-06T17:26:31.425+0800][2.111s][info][gc,heap        ] GC(1282) Tenured: 135330K->4258K(174784K)
[2026-01-06T17:26:31.425+0800][2.111s][info][gc,metaspace   ] GC(1282) Metaspace: 3745K(4864K)->3745K(4864K) NonClass: 3425K(4352K)->3425K(4352K) Class: 320K(512K)->320K(512K)
[2026-01-06T17:26:31.425+0800][2.111s][info][gc             ] GC(1282) Pause Young (Allocation Failure) 198M->4M(247M) 1.345ms
[2026-01-06T17:26:31.425+0800][2.111s][info][gc,cpu         ] GC(1282) User=0.01s Sys=0.00s Real=0.00s
[2026-01-06T17:26:31.427+0800][2.112s][info][gc,start       ] GC(1284) Pause Young (Allocation Failure)
[2026-01-06T17:26:31.427+0800][2.112s][info][gc,start       ] GC(1285) Pause Full (Allocation Failure)
[2026-01-06T17:26:31.427+0800][2.112s][info][gc,phases,start] GC(1285) Phase 1: Mark live objects
[2026-01-06T17:26:31.427+0800][2.113s][info][gc,phases      ] GC(1285) Phase 1: Mark live objects 0.452ms
[2026-01-06T17:26:31.427+0800][2.113s][info][gc,phases,start] GC(1285) Phase 2: Compute new object addresses
[2026-01-06T17:26:31.427+0800][2.113s][info][gc,phases      ] GC(1285) Phase 2: Compute new object addresses 0.072ms
[2026-01-06T17:26:31.427+0800][2.113s][info][gc,phases,start] GC(1285) Phase 3: Adjust pointers
[2026-01-06T17:26:31.428+0800][2.114s][info][gc,phases      ] GC(1285) Phase 3: Adjust pointers 0.680ms
[2026-01-06T17:26:31.428+0800][2.114s][info][gc,phases,start] GC(1285) Phase 4: Move objects
[2026-01-06T17:26:31.428+0800][2.114s][info][gc,phases      ] GC(1285) Phase 4: Move objects 0.028ms
[2026-01-06T17:26:31.428+0800][2.114s][info][gc             ] GC(1285) Pause Full (Allocation Failure) 133M->4M(247M) 1.253ms
[2026-01-06T17:26:31.428+0800][2.114s][info][gc,heap        ] GC(1284) DefNew: 67960K->0K(78720K)
[2026-01-06T17:26:31.428+0800][2.114s][info][gc,heap        ] GC(1284) Tenured: 135330K->4258K(174784K)
[2026-01-06T17:26:31.428+0800][2.114s][info][gc,metaspace   ] GC(1284) Metaspace: 3745K(4864K)->3745K(4864K) NonClass: 3425K(4352K)->3425K(4352K) Class: 320K(512K)->320K(512K)
[2026-01-06T17:26:31.428+0800][2.114s][info][gc             ] GC(1284) Pause Young (Allocation Failure) 198M->4M(247M) 1.340ms
[2026-01-06T17:26:31.428+0800][2.114s][info][gc,cpu         ] GC(1284) User=0.00s Sys=0.01s Real=0.00s
[2026-01-06T17:26:31.430+0800][2.116s][info][gc,start       ] GC(1286) Pause Young (Allocation Failure)
[2026-01-06T17:26:31.430+0800][2.116s][info][gc,start       ] GC(1287) Pause Full (Allocation Failure)
[2026-01-06T17:26:31.430+0800][2.116s][info][gc,phases,start] GC(1287) Phase 1: Mark live objects
[2026-01-06T17:26:31.431+0800][2.116s][info][gc,phases      ] GC(1287) Phase 1: Mark live objects 0.450ms
[2026-01-06T17:26:31.431+0800][2.116s][info][gc,phases,start] GC(1287) Phase 2: Compute new object addresses
[2026-01-06T17:26:31.431+0800][2.116s][info][gc,phases      ] GC(1287) Phase 2: Compute new object addresses 0.072ms
[2026-01-06T17:26:31.431+0800][2.116s][info][gc,phases,start] GC(1287) Phase 3: Adjust pointers
[2026-01-06T17:26:31.431+0800][2.117s][info][gc,phases      ] GC(1287) Phase 3: Adjust pointers 0.679ms
[2026-01-06T17:26:31.431+0800][2.117s][info][gc,phases,start] GC(1287) Phase 4: Move objects
[2026-01-06T17:26:31.431+0800][2.117s][info][gc,phases      ] GC(1287) Phase 4: Move objects 0.029ms
[2026-01-06T17:26:31.431+0800][2.117s][info][gc             ] GC(1287) Pause Full (Allocation Failure) 133M->4M(247M) 1.251ms
[2026-01-06T17:26:31.431+0800][2.117s][info][gc,heap        ] GC(1286) DefNew: 67960K->0K(78720K)
[2026-01-06T17:26:31.431+0800][2.117s][info][gc,heap        ] GC(1286) Tenured: 135330K->4258K(174784K)
[2026-01-06T17:26:31.431+0800][2.117s][info][gc,metaspace   ] GC(1286) Metaspace: 3745K(4864K)->3745K(4864K) NonClass: 3425K(4352K)->3425K(4352K) Class: 320K(512K)->320K(512K)
[2026-01-06T17:26:31.431+0800][2.117s][info][gc             ] GC(1286) Pause Young (Allocation Failure) 198M->4M(247M) 1.342ms
[2026-01-06T17:26:31.431+0800][2.117s][info][gc,cpu         ] GC(1286) User=0.00s Sys=0.00s Real=0.00s
[2026-01-06T17:26:31.433+0800][2.118s][info][gc,heap,exit   ] Heap
[2026-01-06T17:26:31.433+0800][2.118s][info][gc,heap,exit   ]  def new generation   total 78720K, used 2926K [0x0000000300800000, 0x0000000305d60000, 0x0000000355d50000)
[2026-01-06T17:26:31.433+0800][2.118s][info][gc,heap,exit   ]   eden space 70016K,   4% used [0x0000000300800000, 0x0000000300adb818, 0x0000000304c60000)
[2026-01-06T17:26:31.433+0800][2.118s][info][gc,heap,exit   ]   from space 8704K,   0% used [0x0000000304c60000, 0x0000000304c60000, 0x00000003054e0000)
[2026-01-06T17:26:31.433+0800][2.118s][info][gc,heap,exit   ]   to   space 8704K,   0% used [0x00000003054e0000, 0x00000003054e0000, 0x0000000305d60000)
[2026-01-06T17:26:31.433+0800][2.118s][info][gc,heap,exit   ]  tenured generation   total 174784K, used 135330K [0x0000000355d50000, 0x0000000360800000, 0x0000000400800000)
[2026-01-06T17:26:31.433+0800][2.118s][info][gc,heap,exit   ]    the space 174784K,  77% used [0x0000000355d50000, 0x000000035e178a58, 0x000000035e178c00, 0x0000000360800000)
[2026-01-06T17:26:31.433+0800][2.118s][info][gc,heap,exit   ]  Metaspace       used 3755K, capacity 4562K, committed 4864K, reserved 1056768K
[2026-01-06T17:26:31.433+0800][2.118s][info][gc,heap,exit   ]   class space    used 322K, capacity 386K, committed 512K, reserved 1048576K
