[2025-12-16T20:43:55.047+0800][0.008s][info][gc] Using Serial
[2025-12-16T20:43:55.047+0800][0.008s][info][gc,init] Version: 17.0.17+0 (release)
[2025-12-16T20:43:55.047+0800][0.008s][info][gc,init] CPUs: 10 total, 10 available
[2025-12-16T20:43:55.047+0800][0.008s][info][gc,init] Memory: 16384M
[2025-12-16T20:43:55.047+0800][0.008s][info][gc,init] Large Page Support: Disabled
[2025-12-16T20:43:55.047+0800][0.008s][info][gc,init] NUMA Support: Disabled
[2025-12-16T20:43:55.047+0800][0.008s][info][gc,init] Compressed Oops: Enabled (Zero based)
[2025-12-16T20:43:55.047+0800][0.008s][info][gc,init] Heap Min Capacity: 8M
[2025-12-16T20:43:55.047+0800][0.008s][info][gc,init] Heap Initial Capacity: 256M
[2025-12-16T20:43:55.047+0800][0.008s][info][gc,init] Heap Max Capacity: 4G
[2025-12-16T20:43:55.047+0800][0.008s][info][gc,init] Pre-touch: Disabled
[2025-12-16T20:43:55.063+0800][0.024s][info][gc,metaspace] CDS archive(s) mapped at: [0x0000007000000000-0x0000007000bc0000-0x0000007000bc0000), size 12320768, SharedBaseAddress: 0x0000007000000000, ArchiveRelocationMode: 1.
[2025-12-16T20:43:55.063+0800][0.024s][info][gc,metaspace] Compressed class space mapped at: 0x0000007001000000-0x0000007041000000, reserved size: 1073741824
[2025-12-16T20:43:55.063+0800][0.024s][info][gc,metaspace] Narrow klass base: 0x0000007000000000, Narrow klass shift: 0, Narrow klass range: 0x100000000
[2025-12-16T20:43:55.107+0800][0.068s][info][gc,start    ] GC(0) Pause Young (Allocation Failure)
[2025-12-16T20:43:55.107+0800][0.068s][info][gc,heap     ] GC(0) DefNew: 69952K(78656K)->458K(78656K) Eden: 69952K(69952K)->0K(69952K) From: 0K(8704K)->458K(8704K)
[2025-12-16T20:43:55.107+0800][0.068s][info][gc,heap     ] GC(0) Tenured: 0K(174784K)->0K(174784K)
[2025-12-16T20:43:55.107+0800][0.068s][info][gc,metaspace] GC(0) Metaspace: 138K(320K)->138K(320K) NonClass: 128K(192K)->128K(192K) Class: 9K(128K)->9K(128K)
[2025-12-16T20:43:55.107+0800][0.068s][info][gc          ] GC(0) Pause Young (Allocation Failure) 68M->0M(247M) 0.368ms
[2025-12-16T20:43:55.107+0800][0.068s][info][gc,cpu      ] GC(0) User=0.00s Sys=0.00s Real=0.00s
[2025-12-16T20:43:55.135+0800][0.096s][info][gc,start    ] GC(1) Pause Young (Allocation Failure)
[2025-12-16T20:43:55.136+0800][0.096s][info][gc,heap     ] GC(1) DefNew: 70410K(78656K)->458K(78656K) Eden: 69952K(69952K)->0K(69952K) From: 458K(8704K)->458K(8704K)
[2025-12-16T20:43:55.136+0800][0.096s][info][gc,heap     ] GC(1) Tenured: 0K(174784K)->0K(174784K)
[2025-12-16T20:43:55.136+0800][0.096s][info][gc,metaspace] GC(1) Metaspace: 138K(320K)->138K(320K) NonClass: 129K(192K)->129K(192K) Class: 9K(128K)->9K(128K)
[2025-12-16T20:43:55.136+0800][0.096s][info][gc          ] GC(1) Pause Young (Allocation Failure) 68M->0M(247M) 0.275ms
[2025-12-16T20:43:55.136+0800][0.096s][info][gc,cpu      ] GC(1) User=0.00s Sys=0.00s Real=0.00s
[2025-12-16T20:43:55.164+0800][0.125s][info][gc,start    ] GC(2) Pause Young (Allocation Failure)
[2025-12-16T20:43:55.164+0800][0.125s][info][gc,heap     ] GC(2) DefNew: 70410K(78656K)->458K(78656K) Eden: 69952K(69952K)->0K(69952K) From: 458K(8704K)->458K(8704K)
[2025-12-16T20:43:55.164+0800][0.125s][info][gc,heap     ] GC(2) Tenured: 0K(174784K)->0K(174784K)
[2025-12-16T20:43:55.164+0800][0.125s][info][gc,metaspace] GC(2) Metaspace: 138K(320K)->138K(320K) NonClass: 129K(192K)->129K(192K) Class: 9K(128K)->9K(128K)
[2025-12-16T20:43:55.164+0800][0.125s][info][gc          ] GC(2) Pause Young (Allocation Failure) 68M->0M(247M) 0.213ms
[2025-12-16T20:43:55.164+0800][0.125s][info][gc,cpu      ] GC(2) User=0.00s Sys=0.00s Real=0.00s
[2025-12-16T20:43:55.192+0800][0.152s][info][gc,start    ] GC(3) Pause Young (Allocation Failure)
[2025-12-16T20:43:55.192+0800][0.153s][info][gc,heap     ] GC(3) DefNew: 70410K(78656K)->457K(78656K) Eden: 69952K(69952K)->0K(69952K) From: 458K(8704K)->457K(8704K)
[2025-12-16T20:43:55.192+0800][0.153s][info][gc,heap     ] GC(3) Tenured: 0K(174784K)->0K(174784K)
[2025-12-16T20:43:55.192+0800][0.153s][info][gc,metaspace] GC(3) Metaspace: 138K(320K)->138K(320K) NonClass: 129K(192K)->129K(192K) Class: 9K(128K)->9K(128K)
[2025-12-16T20:43:55.192+0800][0.153s][info][gc          ] GC(3) Pause Young (Allocation Failure) 68M->0M(247M) 0.199ms
[2025-12-16T20:43:55.192+0800][0.153s][info][gc,cpu      ] GC(3) User=0.00s Sys=0.00s Real=0.00s
[2025-12-16T20:43:55.219+0800][0.180s][info][gc,start    ] GC(4) Pause Young (Allocation Failure)
[2025-12-16T20:43:55.219+0800][0.180s][info][gc,heap     ] GC(4) DefNew: 70409K(78656K)->458K(78656K) Eden: 69952K(69952K)->0K(69952K) From: 457K(8704K)->458K(8704K)
[2025-12-16T20:43:55.219+0800][0.180s][info][gc,heap     ] GC(4) Tenured: 0K(174784K)->0K(174784K)
[2025-12-16T20:43:55.219+0800][0.180s][info][gc,metaspace] GC(4) Metaspace: 138K(320K)->138K(320K) NonClass: 129K(192K)->129K(192K) Class: 9K(128K)->9K(128K)
[2025-12-16T20:43:55.219+0800][0.180s][info][gc          ] GC(4) Pause Young (Allocation Failure) 68M->0M(247M) 0.181ms
[2025-12-16T20:43:55.219+0800][0.180s][info][gc,cpu      ] GC(4) User=0.00s Sys=0.00s Real=0.00s
[2025-12-16T20:43:55.246+0800][0.207s][info][gc,start    ] GC(5) Pause Young (Allocation Failure)
[2025-12-16T20:43:55.246+0800][0.207s][info][gc,heap     ] GC(5) DefNew: 70410K(78656K)->458K(78656K) Eden: 69952K(69952K)->0K(69952K) From: 458K(8704K)->458K(8704K)
[2025-12-16T20:43:55.247+0800][0.207s][info][gc,heap     ] GC(5) Tenured: 0K(174784K)->0K(174784K)
[2025-12-16T20:43:55.247+0800][0.207s][info][gc,metaspace] GC(5) Metaspace: 138K(320K)->138K(320K) NonClass: 129K(192K)->129K(192K) Class: 9K(128K)->9K(128K)
[2025-12-16T20:43:55.247+0800][0.207s][info][gc          ] GC(5) Pause Young (Allocation Failure) 68M->0M(247M) 0.259ms
[2025-12-16T20:43:55.247+0800][0.207s][info][gc,cpu      ] GC(5) User=0.00s Sys=0.00s Real=0.00s
[2025-12-16T20:43:55.274+0800][0.234s][info][gc,start    ] GC(6) Pause Young (Allocation Failure)
[2025-12-16T20:43:55.274+0800][0.235s][info][gc,heap     ] GC(6) DefNew: 70410K(78656K)->458K(78656K) Eden: 69952K(69952K)->0K(69952K) From: 458K(8704K)->458K(8704K)
[2025-12-16T20:43:55.274+0800][0.235s][info][gc,heap     ] GC(6) Tenured: 0K(174784K)->0K(174784K)
[2025-12-16T20:43:55.274+0800][0.235s][info][gc,metaspace] GC(6) Metaspace: 138K(320K)->138K(320K) NonClass: 129K(192K)->129K(192K) Class: 9K(128K)->9K(128K)
[2025-12-16T20:43:55.274+0800][0.235s][info][gc          ] GC(6) Pause Young (Allocation Failure) 68M->0M(247M) 0.269ms
[2025-12-16T20:43:55.274+0800][0.235s][info][gc,cpu      ] GC(6) User=0.00s Sys=0.00s Real=0.00s
[2025-12-16T20:43:55.301+0800][0.262s][info][gc,start    ] GC(7) Pause Young (Allocation Failure)
[2025-12-16T20:43:55.301+0800][0.262s][info][gc,heap     ] GC(7) DefNew: 70410K(78656K)->457K(78656K) Eden: 69952K(69952K)->0K(69952K) From: 458K(8704K)->457K(8704K)
[2025-12-16T20:43:55.301+0800][0.262s][info][gc,heap     ] GC(7) Tenured: 0K(174784K)->0K(174784K)
[2025-12-16T20:43:55.301+0800][0.262s][info][gc,metaspace] GC(7) Metaspace: 138K(320K)->138K(320K) NonClass: 129K(192K)->129K(192K) Class: 9K(128K)->9K(128K)
[2025-12-16T20:43:55.301+0800][0.262s][info][gc          ] GC(7) Pause Young (Allocation Failure) 68M->0M(247M) 0.252ms
[2025-12-16T20:43:55.301+0800][0.262s][info][gc,cpu      ] GC(7) User=0.00s Sys=0.00s Real=0.00s
[2025-12-16T20:43:55.328+0800][0.289s][info][gc,start    ] GC(8) Pause Young (Allocation Failure)
[2025-12-16T20:43:55.328+0800][0.289s][info][gc,heap     ] GC(8) DefNew: 70409K(78656K)->457K(78656K) Eden: 69952K(69952K)->0K(69952K) From: 457K(8704K)->457K(8704K)
[2025-12-16T20:43:55.328+0800][0.289s][info][gc,heap     ] GC(8) Tenured: 0K(174784K)->0K(174784K)
[2025-12-16T20:43:55.328+0800][0.289s][info][gc,metaspace] GC(8) Metaspace: 138K(320K)->138K(320K) NonClass: 129K(192K)->129K(192K) Class: 9K(128K)->9K(128K)
[2025-12-16T20:43:55.328+0800][0.289s][info][gc          ] GC(8) Pause Young (Allocation Failure) 68M->0M(247M) 0.266ms
[2025-12-16T20:43:55.328+0800][0.289s][info][gc,cpu      ] GC(8) User=0.00s Sys=0.00s Real=0.00s
[2025-12-16T20:43:55.355+0800][0.316s][info][gc,start    ] GC(9) Pause Young (Allocation Failure)
[2025-12-16T20:43:55.355+0800][0.316s][info][gc,heap     ] GC(9) DefNew: 70409K(78656K)->457K(78656K) Eden: 69952K(69952K)->0K(69952K) From: 457K(8704K)->457K(8704K)
[2025-12-16T20:43:55.355+0800][0.316s][info][gc,heap     ] GC(9) Tenured: 0K(174784K)->0K(174784K)
[2025-12-16T20:43:55.355+0800][0.316s][info][gc,metaspace] GC(9) Metaspace: 138K(320K)->138K(320K) NonClass: 129K(192K)->129K(192K) Class: 9K(128K)->9K(128K)
[2025-12-16T20:43:55.355+0800][0.316s][info][gc          ] GC(9) Pause Young (Allocation Failure) 68M->0M(247M) 0.215ms
[2025-12-16T20:43:55.355+0800][0.316s][info][gc,cpu      ] GC(9) User=0.00s Sys=0.00s Real=0.00s
[2025-12-16T20:43:55.382+0800][0.343s][info][gc,start    ] GC(10) Pause Young (Allocation Failure)
[2025-12-16T20:43:55.382+0800][0.343s][info][gc,heap     ] GC(10) DefNew: 70409K(78656K)->457K(78656K) Eden: 69952K(69952K)->0K(69952K) From: 457K(8704K)->457K(8704K)
[2025-12-16T20:43:55.382+0800][0.343s][info][gc,heap     ] GC(10) Tenured: 0K(174784K)->0K(174784K)
[2025-12-16T20:43:55.382+0800][0.343s][info][gc,metaspace] GC(10) Metaspace: 138K(320K)->138K(320K) NonClass: 129K(192K)->129K(192K) Class: 9K(128K)->9K(128K)
[2025-12-16T20:43:55.382+0800][0.343s][info][gc          ] GC(10) Pause Young (Allocation Failure) 68M->0M(247M) 0.186ms
[2025-12-16T20:43:55.382+0800][0.343s][info][gc,cpu      ] GC(10) User=0.00s Sys=0.00s Real=0.00s
[2025-12-16T20:43:55.409+0800][0.369s][info][gc,start    ] GC(11) Pause Young (Allocation Failure)
[2025-12-16T20:43:55.409+0800][0.370s][info][gc,heap     ] GC(11) DefNew: 70409K(78656K)->457K(78656K) Eden: 69952K(69952K)->0K(69952K) From: 457K(8704K)->457K(8704K)
[2025-12-16T20:43:55.409+0800][0.370s][info][gc,heap     ] GC(11) Tenured: 0K(174784K)->0K(174784K)
[2025-12-16T20:43:55.409+0800][0.370s][info][gc,metaspace] GC(11) Metaspace: 138K(320K)->138K(320K) NonClass: 129K(192K)->129K(192K) Class: 9K(128K)->9K(128K)
[2025-12-16T20:43:55.409+0800][0.370s][info][gc          ] GC(11) Pause Young (Allocation Failure) 68M->0M(247M) 0.180ms
[2025-12-16T20:43:55.409+0800][0.370s][info][gc,cpu      ] GC(11) User=0.00s Sys=0.00s Real=0.00s
[2025-12-16T20:43:55.436+0800][0.396s][info][gc,start    ] GC(12) Pause Young (Allocation Failure)
[2025-12-16T20:43:55.436+0800][0.396s][info][gc,heap     ] GC(12) DefNew: 70409K(78656K)->458K(78656K) Eden: 69952K(69952K)->0K(69952K) From: 457K(8704K)->458K(8704K)
[2025-12-16T20:43:55.436+0800][0.396s][info][gc,heap     ] GC(12) Tenured: 0K(174784K)->0K(174784K)
[2025-12-16T20:43:55.436+0800][0.396s][info][gc,metaspace] GC(12) Metaspace: 138K(320K)->138K(320K) NonClass: 129K(192K)->129K(192K) Class: 9K(128K)->9K(128K)
[2025-12-16T20:43:55.436+0800][0.396s][info][gc          ] GC(12) Pause Young (Allocation Failure) 68M->0M(247M) 0.170ms
[2025-12-16T20:43:55.436+0800][0.396s][info][gc,cpu      ] GC(12) User=0.00s Sys=0.00s Real=0.00s
[2025-12-16T20:43:55.462+0800][0.423s][info][gc,start    ] GC(13) Pause Young (Allocation Failure)
[2025-12-16T20:43:55.462+0800][0.423s][info][gc,heap     ] GC(13) DefNew: 70410K(78656K)->457K(78656K) Eden: 69952K(69952K)->0K(69952K) From: 458K(8704K)->457K(8704K)
[2025-12-16T20:43:55.462+0800][0.423s][info][gc,heap     ] GC(13) Tenured: 0K(174784K)->0K(174784K)
[2025-12-16T20:43:55.462+0800][0.423s][info][gc,metaspace] GC(13) Metaspace: 138K(320K)->138K(320K) NonClass: 129K(192K)->129K(192K) Class: 9K(128K)->9K(128K)
[2025-12-16T20:43:55.462+0800][0.423s][info][gc          ] GC(13) Pause Young (Allocation Failure) 68M->0M(247M) 0.164ms
[2025-12-16T20:43:55.462+0800][0.423s][info][gc,cpu      ] GC(13) User=0.00s Sys=0.00s Real=0.00s
[2025-12-16T20:43:55.489+0800][0.450s][info][gc,start    ] GC(14) Pause Young (Allocation Failure)
[2025-12-16T20:43:55.489+0800][0.450s][info][gc,heap     ] GC(14) DefNew: 70409K(78656K)->458K(78656K) Eden: 69952K(69952K)->0K(69952K) From: 457K(8704K)->458K(8704K)
[2025-12-16T20:43:55.489+0800][0.450s][info][gc,heap     ] GC(14) Tenured: 0K(174784K)->0K(174784K)
[2025-12-16T20:43:55.489+0800][0.450s][info][gc,metaspace] GC(14) Metaspace: 138K(320K)->138K(320K) NonClass: 129K(192K)->129K(192K) Class: 9K(128K)->9K(128K)
[2025-12-16T20:43:55.489+0800][0.450s][info][gc          ] GC(14) Pause Young (Allocation Failure) 68M->0M(247M) 0.162ms
[2025-12-16T20:43:55.489+0800][0.450s][info][gc,cpu      ] GC(14) User=0.00s Sys=0.00s Real=0.00s
[2025-12-16T20:43:55.516+0800][0.477s][info][gc,start    ] GC(15) Pause Young (Allocation Failure)
[2025-12-16T20:43:55.516+0800][0.477s][info][gc,heap     ] GC(15) DefNew: 70410K(78656K)->2K(78656K) Eden: 69952K(69952K)->0K(69952K) From: 458K(8704K)->2K(8704K)
[2025-12-16T20:43:55.516+0800][0.477s][info][gc,heap     ] GC(15) Tenured: 0K(174784K)->455K(174784K)
[2025-12-16T20:43:55.516+0800][0.477s][info][gc,metaspace] GC(15) Metaspace: 138K(320K)->138K(320K) NonClass: 129K(192K)->129K(192K) Class: 9K(128K)->9K(128K)
[2025-12-16T20:43:55.516+0800][0.477s][info][gc          ] GC(15) Pause Young (Allocation Failure) 68M->0M(247M) 0.284ms
[2025-12-16T20:43:55.516+0800][0.477s][info][gc,cpu      ] GC(15) User=0.00s Sys=0.00s Real=0.00s
[2025-12-16T20:43:55.543+0800][0.503s][info][gc,start    ] GC(16) Pause Young (Allocation Failure)
[2025-12-16T20:43:55.543+0800][0.503s][info][gc,heap     ] GC(16) DefNew: 69954K(78656K)->2K(78656K) Eden: 69952K(69952K)->0K(69952K) From: 2K(8704K)->2K(8704K)
[2025-12-16T20:43:55.543+0800][0.503s][info][gc,heap     ] GC(16) Tenured: 455K(174784K)->455K(174784K)
[2025-12-16T20:43:55.543+0800][0.503s][info][gc,metaspace] GC(16) Metaspace: 138K(320K)->138K(320K) NonClass: 129K(192K)->129K(192K) Class: 9K(128K)->9K(128K)
[2025-12-16T20:43:55.543+0800][0.503s][info][gc          ] GC(16) Pause Young (Allocation Failure) 68M->0M(247M) 0.036ms
[2025-12-16T20:43:55.543+0800][0.503s][info][gc,cpu      ] GC(16) User=0.00s Sys=0.00s Real=0.00s
[2025-12-16T20:43:55.569+0800][0.530s][info][gc,start    ] GC(17) Pause Young (Allocation Failure)
[2025-12-16T20:43:55.569+0800][0.530s][info][gc,heap     ] GC(17) DefNew: 69954K(78656K)->2K(78656K) Eden: 69952K(69952K)->0K(69952K) From: 2K(8704K)->2K(8704K)
[2025-12-16T20:43:55.569+0800][0.530s][info][gc,heap     ] GC(17) Tenured: 455K(174784K)->455K(174784K)
[2025-12-16T20:43:55.569+0800][0.530s][info][gc,metaspace] GC(17) Metaspace: 138K(320K)->138K(320K) NonClass: 129K(192K)->129K(192K) Class: 9K(128K)->9K(128K)
[2025-12-16T20:43:55.569+0800][0.530s][info][gc          ] GC(17) Pause Young (Allocation Failure) 68M->0M(247M) 0.034ms
[2025-12-16T20:43:55.569+0800][0.530s][info][gc,cpu      ] GC(17) User=0.00s Sys=0.00s Real=0.00s
[2025-12-16T20:43:55.596+0800][0.557s][info][gc,start    ] GC(18) Pause Young (Allocation Failure)
[2025-12-16T20:43:55.596+0800][0.557s][info][gc,heap     ] GC(18) DefNew: 69954K(78656K)->2K(78656K) Eden: 69952K(69952K)->0K(69952K) From: 2K(8704K)->2K(8704K)
[2025-12-16T20:43:55.596+0800][0.557s][info][gc,heap     ] GC(18) Tenured: 455K(174784K)->455K(174784K)
[2025-12-16T20:43:55.596+0800][0.557s][info][gc,metaspace] GC(18) Metaspace: 138K(320K)->138K(320K) NonClass: 129K(192K)->129K(192K) Class: 9K(128K)->9K(128K)
[2025-12-16T20:43:55.596+0800][0.557s][info][gc          ] GC(18) Pause Young (Allocation Failure) 68M->0M(247M) 0.032ms
[2025-12-16T20:43:55.596+0800][0.557s][info][gc,cpu      ] GC(18) User=0.00s Sys=0.00s Real=0.00s
[2025-12-16T20:43:55.623+0800][0.584s][info][gc,start    ] GC(19) Pause Young (Allocation Failure)
[2025-12-16T20:43:55.623+0800][0.584s][info][gc,heap     ] GC(19) DefNew: 69954K(78656K)->2K(78656K) Eden: 69952K(69952K)->0K(69952K) From: 2K(8704K)->2K(8704K)
[2025-12-16T20:43:55.623+0800][0.584s][info][gc,heap     ] GC(19) Tenured: 455K(174784K)->455K(174784K)
[2025-12-16T20:43:55.623+0800][0.584s][info][gc,metaspace] GC(19) Metaspace: 138K(320K)->138K(320K) NonClass: 129K(192K)->129K(192K) Class: 9K(128K)->9K(128K)
[2025-12-16T20:43:55.623+0800][0.584s][info][gc          ] GC(19) Pause Young (Allocation Failure) 68M->0M(247M) 0.066ms
[2025-12-16T20:43:55.623+0800][0.584s][info][gc,cpu      ] GC(19) User=0.00s Sys=0.00s Real=0.00s
[2025-12-16T20:43:55.650+0800][0.611s][info][gc,start    ] GC(20) Pause Young (Allocation Failure)
[2025-12-16T20:43:55.650+0800][0.611s][info][gc,heap     ] GC(20) DefNew: 69954K(78656K)->1K(78656K) Eden: 69952K(69952K)->0K(69952K) From: 2K(8704K)->1K(8704K)
[2025-12-16T20:43:55.650+0800][0.611s][info][gc,heap     ] GC(20) Tenured: 455K(174784K)->455K(174784K)
[2025-12-16T20:43:55.650+0800][0.611s][info][gc,metaspace] GC(20) Metaspace: 138K(320K)->138K(320K) NonClass: 129K(192K)->129K(192K) Class: 9K(128K)->9K(128K)
[2025-12-16T20:43:55.650+0800][0.611s][info][gc          ] GC(20) Pause Young (Allocation Failure) 68M->0M(247M) 0.046ms
[2025-12-16T20:43:55.650+0800][0.611s][info][gc,cpu      ] GC(20) User=0.00s Sys=0.00s Real=0.00s
[2025-12-16T20:43:55.678+0800][0.638s][info][gc,start    ] GC(21) Pause Young (Allocation Failure)
[2025-12-16T20:43:55.678+0800][0.638s][info][gc,heap     ] GC(21) DefNew: 69953K(78656K)->3K(78656K) Eden: 69952K(69952K)->0K(69952K) From: 1K(8704K)->3K(8704K)
[2025-12-16T20:43:55.678+0800][0.638s][info][gc,heap     ] GC(21) Tenured: 455K(174784K)->455K(174784K)
[2025-12-16T20:43:55.678+0800][0.638s][info][gc,metaspace] GC(21) Metaspace: 138K(320K)->138K(320K) NonClass: 129K(192K)->129K(192K) Class: 9K(128K)->9K(128K)
[2025-12-16T20:43:55.678+0800][0.638s][info][gc          ] GC(21) Pause Young (Allocation Failure) 68M->0M(247M) 0.047ms
[2025-12-16T20:43:55.678+0800][0.638s][info][gc,cpu      ] GC(21) User=0.00s Sys=0.00s Real=0.00s
[2025-12-16T20:43:55.705+0800][0.665s][info][gc,start    ] GC(22) Pause Young (Allocation Failure)
[2025-12-16T20:43:55.705+0800][0.665s][info][gc,heap     ] GC(22) DefNew: 69955K(78656K)->1K(78656K) Eden: 69952K(69952K)->0K(69952K) From: 3K(8704K)->1K(8704K)
[2025-12-16T20:43:55.705+0800][0.665s][info][gc,heap     ] GC(22) Tenured: 455K(174784K)->455K(174784K)
[2025-12-16T20:43:55.705+0800][0.665s][info][gc,metaspace] GC(22) Metaspace: 138K(320K)->138K(320K) NonClass: 129K(192K)->129K(192K) Class: 9K(128K)->9K(128K)
[2025-12-16T20:43:55.705+0800][0.665s][info][gc          ] GC(22) Pause Young (Allocation Failure) 68M->0M(247M) 0.037ms
[2025-12-16T20:43:55.705+0800][0.665s][info][gc,cpu      ] GC(22) User=0.00s Sys=0.00s Real=0.00s
[2025-12-16T20:43:55.731+0800][0.692s][info][gc,start    ] GC(23) Pause Young (Allocation Failure)
[2025-12-16T20:43:55.731+0800][0.692s][info][gc,heap     ] GC(23) DefNew: 69953K(78656K)->1K(78656K) Eden: 69952K(69952K)->0K(69952K) From: 1K(8704K)->1K(8704K)
[2025-12-16T20:43:55.731+0800][0.692s][info][gc,heap     ] GC(23) Tenured: 455K(174784K)->455K(174784K)
[2025-12-16T20:43:55.732+0800][0.692s][info][gc,metaspace] GC(23) Metaspace: 138K(320K)->138K(320K) NonClass: 129K(192K)->129K(192K) Class: 9K(128K)->9K(128K)
[2025-12-16T20:43:55.732+0800][0.692s][info][gc          ] GC(23) Pause Young (Allocation Failure) 68M->0M(247M) 0.035ms
[2025-12-16T20:43:55.732+0800][0.692s][info][gc,cpu      ] GC(23) User=0.00s Sys=0.00s Real=0.00s
[2025-12-16T20:43:55.758+0800][0.719s][info][gc,start    ] GC(24) Pause Young (Allocation Failure)
[2025-12-16T20:43:55.758+0800][0.719s][info][gc,heap     ] GC(24) DefNew: 69953K(78656K)->2K(78656K) Eden: 69952K(69952K)->0K(69952K) From: 1K(8704K)->2K(8704K)
[2025-12-16T20:43:55.758+0800][0.719s][info][gc,heap     ] GC(24) Tenured: 455K(174784K)->455K(174784K)
[2025-12-16T20:43:55.758+0800][0.719s][info][gc,metaspace] GC(24) Metaspace: 138K(320K)->138K(320K) NonClass: 129K(192K)->129K(192K) Class: 9K(128K)->9K(128K)
[2025-12-16T20:43:55.758+0800][0.719s][info][gc          ] GC(24) Pause Young (Allocation Failure) 68M->0M(247M) 0.036ms
[2025-12-16T20:43:55.758+0800][0.719s][info][gc,cpu      ] GC(24) User=0.00s Sys=0.00s Real=0.00s
[2025-12-16T20:43:55.785+0800][0.746s][info][gc,start    ] GC(25) Pause Young (Allocation Failure)
[2025-12-16T20:43:55.785+0800][0.746s][info][gc,heap     ] GC(25) DefNew: 69954K(78656K)->2K(78656K) Eden: 69952K(69952K)->0K(69952K) From: 2K(8704K)->2K(8704K)
[2025-12-16T20:43:55.785+0800][0.746s][info][gc,heap     ] GC(25) Tenured: 455K(174784K)->455K(174784K)
[2025-12-16T20:43:55.785+0800][0.746s][info][gc,metaspace] GC(25) Metaspace: 138K(320K)->138K(320K) NonClass: 129K(192K)->129K(192K) Class: 9K(128K)->9K(128K)
[2025-12-16T20:43:55.785+0800][0.746s][info][gc          ] GC(25) Pause Young (Allocation Failure) 68M->0M(247M) 0.032ms
[2025-12-16T20:43:55.785+0800][0.746s][info][gc,cpu      ] GC(25) User=0.00s Sys=0.00s Real=0.00s
[2025-12-16T20:43:55.812+0800][0.773s][info][gc,start    ] GC(26) Pause Young (Allocation Failure)
[2025-12-16T20:43:55.812+0800][0.773s][info][gc,heap     ] GC(26) DefNew: 69954K(78656K)->3K(78656K) Eden: 69952K(69952K)->0K(69952K) From: 2K(8704K)->3K(8704K)
[2025-12-16T20:43:55.812+0800][0.773s][info][gc,heap     ] GC(26) Tenured: 455K(174784K)->455K(174784K)
[2025-12-16T20:43:55.812+0800][0.773s][info][gc,metaspace] GC(26) Metaspace: 138K(320K)->138K(320K) NonClass: 129K(192K)->129K(192K) Class: 9K(128K)->9K(128K)
[2025-12-16T20:43:55.812+0800][0.773s][info][gc          ] GC(26) Pause Young (Allocation Failure) 68M->0M(247M) 0.036ms
[2025-12-16T20:43:55.812+0800][0.773s][info][gc,cpu      ] GC(26) User=0.00s Sys=0.00s Real=0.00s
[2025-12-16T20:43:55.839+0800][0.800s][info][gc,start    ] GC(27) Pause Young (Allocation Failure)
[2025-12-16T20:43:55.839+0800][0.800s][info][gc,heap     ] GC(27) DefNew: 69955K(78656K)->2K(78656K) Eden: 69952K(69952K)->0K(69952K) From: 3K(8704K)->2K(8704K)
[2025-12-16T20:43:55.839+0800][0.800s][info][gc,heap     ] GC(27) Tenured: 455K(174784K)->455K(174784K)
[2025-12-16T20:43:55.839+0800][0.800s][info][gc,metaspace] GC(27) Metaspace: 138K(320K)->138K(320K) NonClass: 129K(192K)->129K(192K) Class: 9K(128K)->9K(128K)
[2025-12-16T20:43:55.839+0800][0.800s][info][gc          ] GC(27) Pause Young (Allocation Failure) 68M->0M(247M) 0.040ms
[2025-12-16T20:43:55.839+0800][0.800s][info][gc,cpu      ] GC(27) User=0.00s Sys=0.00s Real=0.00s
[2025-12-16T20:43:55.866+0800][0.827s][info][gc,start    ] GC(28) Pause Young (Allocation Failure)
[2025-12-16T20:43:55.866+0800][0.827s][info][gc,heap     ] GC(28) DefNew: 69954K(78656K)->2K(78656K) Eden: 69952K(69952K)->0K(69952K) From: 2K(8704K)->2K(8704K)
[2025-12-16T20:43:55.866+0800][0.827s][info][gc,heap     ] GC(28) Tenured: 455K(174784K)->455K(174784K)
[2025-12-16T20:43:55.866+0800][0.827s][info][gc,metaspace] GC(28) Metaspace: 138K(320K)->138K(320K) NonClass: 129K(192K)->129K(192K) Class: 9K(128K)->9K(128K)
[2025-12-16T20:43:55.866+0800][0.827s][info][gc          ] GC(28) Pause Young (Allocation Failure) 68M->0M(247M) 0.035ms
[2025-12-16T20:43:55.866+0800][0.827s][info][gc,cpu      ] GC(28) User=0.00s Sys=0.00s Real=0.00s
[2025-12-16T20:43:55.893+0800][0.854s][info][gc,start    ] GC(29) Pause Young (Allocation Failure)
[2025-12-16T20:43:55.893+0800][0.854s][info][gc,heap     ] GC(29) DefNew: 69954K(78656K)->1K(78656K) Eden: 69952K(69952K)->0K(69952K) From: 2K(8704K)->1K(8704K)
[2025-12-16T20:43:55.893+0800][0.854s][info][gc,heap     ] GC(29) Tenured: 455K(174784K)->455K(174784K)
[2025-12-16T20:43:55.893+0800][0.854s][info][gc,metaspace] GC(29) Metaspace: 138K(320K)->138K(320K) NonClass: 129K(192K)->129K(192K) Class: 9K(128K)->9K(128K)
[2025-12-16T20:43:55.893+0800][0.854s][info][gc          ] GC(29) Pause Young (Allocation Failure) 68M->0M(247M) 0.035ms
[2025-12-16T20:43:55.893+0800][0.854s][info][gc,cpu      ] GC(29) User=0.00s Sys=0.00s Real=0.00s
[2025-12-16T20:43:55.920+0800][0.881s][info][gc,start    ] GC(30) Pause Young (Allocation Failure)
[2025-12-16T20:43:55.920+0800][0.881s][info][gc,heap     ] GC(30) DefNew: 69953K(78656K)->2K(78656K) Eden: 69952K(69952K)->0K(69952K) From: 1K(8704K)->2K(8704K)
[2025-12-16T20:43:55.920+0800][0.881s][info][gc,heap     ] GC(30) Tenured: 455K(174784K)->455K(174784K)
[2025-12-16T20:43:55.920+0800][0.881s][info][gc,metaspace] GC(30) Metaspace: 138K(320K)->138K(320K) NonClass: 129K(192K)->129K(192K) Class: 9K(128K)->9K(128K)
[2025-12-16T20:43:55.920+0800][0.881s][info][gc          ] GC(30) Pause Young (Allocation Failure) 68M->0M(247M) 0.036ms
[2025-12-16T20:43:55.920+0800][0.881s][info][gc,cpu      ] GC(30) User=0.00s Sys=0.00s Real=0.00s
[2025-12-16T20:43:55.947+0800][0.907s][info][gc,start    ] GC(31) Pause Young (Allocation Failure)
[2025-12-16T20:43:55.947+0800][0.907s][info][gc,heap     ] GC(31) DefNew: 69954K(78656K)->2K(78656K) Eden: 69952K(69952K)->0K(69952K) From: 2K(8704K)->2K(8704K)
[2025-12-16T20:43:55.947+0800][0.907s][info][gc,heap     ] GC(31) Tenured: 455K(174784K)->455K(174784K)
[2025-12-16T20:43:55.947+0800][0.907s][info][gc,metaspace] GC(31) Metaspace: 138K(320K)->138K(320K) NonClass: 129K(192K)->129K(192K) Class: 9K(128K)->9K(128K)
[2025-12-16T20:43:55.947+0800][0.907s][info][gc          ] GC(31) Pause Young (Allocation Failure) 68M->0M(247M) 0.045ms
[2025-12-16T20:43:55.947+0800][0.907s][info][gc,cpu      ] GC(31) User=0.00s Sys=0.00s Real=0.00s
[2025-12-16T20:43:55.974+0800][0.934s][info][gc,start    ] GC(32) Pause Young (Allocation Failure)
[2025-12-16T20:43:55.974+0800][0.934s][info][gc,heap     ] GC(32) DefNew: 69954K(78656K)->2K(78656K) Eden: 69952K(69952K)->0K(69952K) From: 2K(8704K)->2K(8704K)
[2025-12-16T20:43:55.974+0800][0.934s][info][gc,heap     ] GC(32) Tenured: 455K(174784K)->455K(174784K)
[2025-12-16T20:43:55.974+0800][0.934s][info][gc,metaspace] GC(32) Metaspace: 138K(320K)->138K(320K) NonClass: 129K(192K)->129K(192K) Class: 9K(128K)->9K(128K)
[2025-12-16T20:43:55.974+0800][0.935s][info][gc          ] GC(32) Pause Young (Allocation Failure) 68M->0M(247M) 0.049ms
[2025-12-16T20:43:55.974+0800][0.935s][info][gc,cpu      ] GC(32) User=0.00s Sys=0.00s Real=0.00s
[2025-12-16T20:43:56.002+0800][0.963s][info][gc,start    ] GC(33) Pause Young (Allocation Failure)
[2025-12-16T20:43:56.002+0800][0.963s][info][gc,heap     ] GC(33) DefNew: 69954K(78656K)->2K(78656K) Eden: 69952K(69952K)->0K(69952K) From: 2K(8704K)->2K(8704K)
[2025-12-16T20:43:56.002+0800][0.963s][info][gc,heap     ] GC(33) Tenured: 455K(174784K)->455K(174784K)
[2025-12-16T20:43:56.002+0800][0.963s][info][gc,metaspace] GC(33) Metaspace: 138K(320K)->138K(320K) NonClass: 129K(192K)->129K(192K) Class: 9K(128K)->9K(128K)
[2025-12-16T20:43:56.002+0800][0.963s][info][gc          ] GC(33) Pause Young (Allocation Failure) 68M->0M(247M) 0.041ms
[2025-12-16T20:43:56.002+0800][0.963s][info][gc,cpu      ] GC(33) User=0.00s Sys=0.00s Real=0.00s
[2025-12-16T20:43:56.031+0800][0.991s][info][gc,start    ] GC(34) Pause Young (Allocation Failure)
[2025-12-16T20:43:56.031+0800][0.991s][info][gc,heap     ] GC(34) DefNew: 69954K(78656K)->2K(78656K) Eden: 69952K(69952K)->0K(69952K) From: 2K(8704K)->2K(8704K)
[2025-12-16T20:43:56.031+0800][0.991s][info][gc,heap     ] GC(34) Tenured: 455K(174784K)->455K(174784K)
[2025-12-16T20:43:56.031+0800][0.991s][info][gc,metaspace] GC(34) Metaspace: 138K(320K)->138K(320K) NonClass: 129K(192K)->129K(192K) Class: 9K(128K)->9K(128K)
[2025-12-16T20:43:56.031+0800][0.991s][info][gc          ] GC(34) Pause Young (Allocation Failure) 68M->0M(247M) 0.063ms
[2025-12-16T20:43:56.031+0800][0.991s][info][gc,cpu      ] GC(34) User=0.00s Sys=0.00s Real=0.00s
[2025-12-16T20:43:56.059+0800][1.019s][info][gc,start    ] GC(35) Pause Young (Allocation Failure)
[2025-12-16T20:43:56.059+0800][1.019s][info][gc,heap     ] GC(35) DefNew: 69954K(78656K)->2K(78656K) Eden: 69952K(69952K)->0K(69952K) From: 2K(8704K)->2K(8704K)
[2025-12-16T20:43:56.059+0800][1.019s][info][gc,heap     ] GC(35) Tenured: 455K(174784K)->455K(174784K)
[2025-12-16T20:43:56.059+0800][1.019s][info][gc,metaspace] GC(35) Metaspace: 138K(320K)->138K(320K) NonClass: 129K(192K)->129K(192K) Class: 9K(128K)->9K(128K)
[2025-12-16T20:43:56.059+0800][1.019s][info][gc          ] GC(35) Pause Young (Allocation Failure) 68M->0M(247M) 0.064ms
[2025-12-16T20:43:56.059+0800][1.019s][info][gc,cpu      ] GC(35) User=0.00s Sys=0.00s Real=0.00s
[2025-12-16T20:43:56.086+0800][1.047s][info][gc,start    ] GC(36) Pause Young (Allocation Failure)
[2025-12-16T20:43:56.086+0800][1.047s][info][gc,heap     ] GC(36) DefNew: 69954K(78656K)->2K(78656K) Eden: 69952K(69952K)->0K(69952K) From: 2K(8704K)->2K(8704K)
[2025-12-16T20:43:56.086+0800][1.047s][info][gc,heap     ] GC(36) Tenured: 455K(174784K)->455K(174784K)
[2025-12-16T20:43:56.086+0800][1.047s][info][gc,metaspace] GC(36) Metaspace: 138K(320K)->138K(320K) NonClass: 129K(192K)->129K(192K) Class: 9K(128K)->9K(128K)
[2025-12-16T20:43:56.086+0800][1.047s][info][gc          ] GC(36) Pause Young (Allocation Failure) 68M->0M(247M) 0.059ms
[2025-12-16T20:43:56.086+0800][1.047s][info][gc,cpu      ] GC(36) User=0.00s Sys=0.00s Real=0.00s
[2025-12-16T20:43:56.114+0800][1.075s][info][gc,start    ] GC(37) Pause Young (Allocation Failure)
[2025-12-16T20:43:56.114+0800][1.075s][info][gc,heap     ] GC(37) DefNew: 69954K(78656K)->2K(78656K) Eden: 69952K(69952K)->0K(69952K) From: 2K(8704K)->2K(8704K)
[2025-12-16T20:43:56.114+0800][1.075s][info][gc,heap     ] GC(37) Tenured: 455K(174784K)->455K(174784K)
[2025-12-16T20:43:56.114+0800][1.075s][info][gc,metaspace] GC(37) Metaspace: 138K(320K)->138K(320K) NonClass: 129K(192K)->129K(192K) Class: 9K(128K)->9K(128K)
[2025-12-16T20:43:56.114+0800][1.075s][info][gc          ] GC(37) Pause Young (Allocation Failure) 68M->0M(247M) 0.040ms
[2025-12-16T20:43:56.114+0800][1.075s][info][gc,cpu      ] GC(37) User=0.00s Sys=0.00s Real=0.00s
[2025-12-16T20:43:56.141+0800][1.101s][info][gc,start    ] GC(38) Pause Young (Allocation Failure)
[2025-12-16T20:43:56.141+0800][1.101s][info][gc,heap     ] GC(38) DefNew: 69954K(78656K)->2K(78656K) Eden: 69952K(69952K)->0K(69952K) From: 2K(8704K)->2K(8704K)
[2025-12-16T20:43:56.141+0800][1.101s][info][gc,heap     ] GC(38) Tenured: 455K(174784K)->455K(174784K)
[2025-12-16T20:43:56.141+0800][1.101s][info][gc,metaspace] GC(38) Metaspace: 138K(320K)->138K(320K) NonClass: 129K(192K)->129K(192K) Class: 9K(128K)->9K(128K)
[2025-12-16T20:43:56.141+0800][1.101s][info][gc          ] GC(38) Pause Young (Allocation Failure) 68M->0M(247M) 0.054ms
[2025-12-16T20:43:56.141+0800][1.101s][info][gc,cpu      ] GC(38) User=0.00s Sys=0.00s Real=0.00s
[2025-12-16T20:43:56.168+0800][1.128s][info][gc,start    ] GC(39) Pause Young (Allocation Failure)
[2025-12-16T20:43:56.168+0800][1.128s][info][gc,heap     ] GC(39) DefNew: 69954K(78656K)->2K(78656K) Eden: 69952K(69952K)->0K(69952K) From: 2K(8704K)->2K(8704K)
[2025-12-16T20:43:56.168+0800][1.128s][info][gc,heap     ] GC(39) Tenured: 455K(174784K)->455K(174784K)
[2025-12-16T20:43:56.168+0800][1.128s][info][gc,metaspace] GC(39) Metaspace: 138K(320K)->138K(320K) NonClass: 129K(192K)->129K(192K) Class: 9K(128K)->9K(128K)
[2025-12-16T20:43:56.168+0800][1.128s][info][gc          ] GC(39) Pause Young (Allocation Failure) 68M->0M(247M) 0.038ms
[2025-12-16T20:43:56.168+0800][1.128s][info][gc,cpu      ] GC(39) User=0.00s Sys=0.00s Real=0.00s
[2025-12-16T20:43:56.195+0800][1.156s][info][gc,start    ] GC(40) Pause Young (Allocation Failure)
[2025-12-16T20:43:56.195+0800][1.156s][info][gc,heap     ] GC(40) DefNew: 69954K(78656K)->2K(78656K) Eden: 69952K(69952K)->0K(69952K) From: 2K(8704K)->2K(8704K)
[2025-12-16T20:43:56.195+0800][1.156s][info][gc,heap     ] GC(40) Tenured: 455K(174784K)->455K(174784K)
[2025-12-16T20:43:56.195+0800][1.156s][info][gc,metaspace] GC(40) Metaspace: 138K(320K)->138K(320K) NonClass: 129K(192K)->129K(192K) Class: 9K(128K)->9K(128K)
[2025-12-16T20:43:56.195+0800][1.156s][info][gc          ] GC(40) Pause Young (Allocation Failure) 68M->0M(247M) 0.043ms
[2025-12-16T20:43:56.195+0800][1.156s][info][gc,cpu      ] GC(40) User=0.00s Sys=0.00s Real=0.00s
[2025-12-16T20:43:56.223+0800][1.184s][info][gc,start    ] GC(41) Pause Young (Allocation Failure)
[2025-12-16T20:43:56.223+0800][1.184s][info][gc,heap     ] GC(41) DefNew: 69954K(78656K)->2K(78656K) Eden: 69952K(69952K)->0K(69952K) From: 2K(8704K)->2K(8704K)
[2025-12-16T20:43:56.223+0800][1.184s][info][gc,heap     ] GC(41) Tenured: 455K(174784K)->455K(174784K)
[2025-12-16T20:43:56.223+0800][1.184s][info][gc,metaspace] GC(41) Metaspace: 138K(320K)->138K(320K) NonClass: 129K(192K)->129K(192K) Class: 9K(128K)->9K(128K)
[2025-12-16T20:43:56.223+0800][1.184s][info][gc          ] GC(41) Pause Young (Allocation Failure) 68M->0M(247M) 0.034ms
[2025-12-16T20:43:56.223+0800][1.184s][info][gc,cpu      ] GC(41) User=0.00s Sys=0.00s Real=0.00s
[2025-12-16T20:43:56.250+0800][1.211s][info][gc,start    ] GC(42) Pause Young (Allocation Failure)
[2025-12-16T20:43:56.251+0800][1.211s][info][gc,heap     ] GC(42) DefNew: 69954K(78656K)->3K(78656K) Eden: 69952K(69952K)->0K(69952K) From: 2K(8704K)->3K(8704K)
[2025-12-16T20:43:56.251+0800][1.211s][info][gc,heap     ] GC(42) Tenured: 455K(174784K)->455K(174784K)
[2025-12-16T20:43:56.251+0800][1.211s][info][gc,metaspace] GC(42) Metaspace: 138K(320K)->138K(320K) NonClass: 129K(192K)->129K(192K) Class: 9K(128K)->9K(128K)
[2025-12-16T20:43:56.251+0800][1.211s][info][gc          ] GC(42) Pause Young (Allocation Failure) 68M->0M(247M) 0.042ms
[2025-12-16T20:43:56.251+0800][1.211s][info][gc,cpu      ] GC(42) User=0.00s Sys=0.00s Real=0.00s
[2025-12-16T20:43:56.278+0800][1.239s][info][gc,start    ] GC(43) Pause Young (Allocation Failure)
[2025-12-16T20:43:56.278+0800][1.239s][info][gc,heap     ] GC(43) DefNew: 69955K(78656K)->1K(78656K) Eden: 69952K(69952K)->0K(69952K) From: 3K(8704K)->1K(8704K)
[2025-12-16T20:43:56.278+0800][1.239s][info][gc,heap     ] GC(43) Tenured: 455K(174784K)->455K(174784K)
[2025-12-16T20:43:56.278+0800][1.239s][info][gc,metaspace] GC(43) Metaspace: 138K(320K)->138K(320K) NonClass: 129K(192K)->129K(192K) Class: 9K(128K)->9K(128K)
[2025-12-16T20:43:56.278+0800][1.239s][info][gc          ] GC(43) Pause Young (Allocation Failure) 68M->0M(247M) 0.036ms
[2025-12-16T20:43:56.278+0800][1.239s][info][gc,cpu      ] GC(43) User=0.00s Sys=0.00s Real=0.00s
[2025-12-16T20:43:56.306+0800][1.266s][info][gc,start    ] GC(44) Pause Young (Allocation Failure)
[2025-12-16T20:43:56.306+0800][1.266s][info][gc,heap     ] GC(44) DefNew: 69953K(78656K)->2K(78656K) Eden: 69952K(69952K)->0K(69952K) From: 1K(8704K)->2K(8704K)
[2025-12-16T20:43:56.306+0800][1.266s][info][gc,heap     ] GC(44) Tenured: 455K(174784K)->455K(174784K)
[2025-12-16T20:43:56.306+0800][1.266s][info][gc,metaspace] GC(44) Metaspace: 138K(320K)->138K(320K) NonClass: 129K(192K)->129K(192K) Class: 9K(128K)->9K(128K)
[2025-12-16T20:43:56.306+0800][1.266s][info][gc          ] GC(44) Pause Young (Allocation Failure) 68M->0M(247M) 0.037ms
[2025-12-16T20:43:56.306+0800][1.266s][info][gc,cpu      ] GC(44) User=0.00s Sys=0.00s Real=0.00s
[2025-12-16T20:43:56.333+0800][1.294s][info][gc,start    ] GC(45) Pause Young (Allocation Failure)
[2025-12-16T20:43:56.333+0800][1.294s][info][gc,heap     ] GC(45) DefNew: 69954K(78656K)->1K(78656K) Eden: 69952K(69952K)->0K(69952K) From: 2K(8704K)->1K(8704K)
[2025-12-16T20:43:56.333+0800][1.294s][info][gc,heap     ] GC(45) Tenured: 455K(174784K)->455K(174784K)
[2025-12-16T20:43:56.333+0800][1.294s][info][gc,metaspace] GC(45) Metaspace: 138K(320K)->138K(320K) NonClass: 129K(192K)->129K(192K) Class: 9K(128K)->9K(128K)
[2025-12-16T20:43:56.333+0800][1.294s][info][gc          ] GC(45) Pause Young (Allocation Failure) 68M->0M(247M) 0.033ms
[2025-12-16T20:43:56.333+0800][1.294s][info][gc,cpu      ] GC(45) User=0.00s Sys=0.00s Real=0.00s
[2025-12-16T20:43:56.360+0800][1.321s][info][gc,start    ] GC(46) Pause Young (Allocation Failure)
[2025-12-16T20:43:56.360+0800][1.321s][info][gc,heap     ] GC(46) DefNew: 69953K(78656K)->2K(78656K) Eden: 69952K(69952K)->0K(69952K) From: 1K(8704K)->2K(8704K)
[2025-12-16T20:43:56.360+0800][1.321s][info][gc,heap     ] GC(46) Tenured: 455K(174784K)->455K(174784K)
[2025-12-16T20:43:56.360+0800][1.321s][info][gc,metaspace] GC(46) Metaspace: 138K(320K)->138K(320K) NonClass: 129K(192K)->129K(192K) Class: 9K(128K)->9K(128K)
[2025-12-16T20:43:56.360+0800][1.321s][info][gc          ] GC(46) Pause Young (Allocation Failure) 68M->0M(247M) 0.042ms
[2025-12-16T20:43:56.360+0800][1.321s][info][gc,cpu      ] GC(46) User=0.00s Sys=0.00s Real=0.00s
[2025-12-16T20:43:56.387+0800][1.347s][info][gc,start    ] GC(47) Pause Young (Allocation Failure)
[2025-12-16T20:43:56.387+0800][1.347s][info][gc,heap     ] GC(47) DefNew: 69954K(78656K)->2K(78656K) Eden: 69952K(69952K)->0K(69952K) From: 2K(8704K)->2K(8704K)
[2025-12-16T20:43:56.387+0800][1.347s][info][gc,heap     ] GC(47) Tenured: 455K(174784K)->455K(174784K)
[2025-12-16T20:43:56.387+0800][1.347s][info][gc,metaspace] GC(47) Metaspace: 138K(320K)->138K(320K) NonClass: 129K(192K)->129K(192K) Class: 9K(128K)->9K(128K)
[2025-12-16T20:43:56.387+0800][1.347s][info][gc          ] GC(47) Pause Young (Allocation Failure) 68M->0M(247M) 0.036ms
[2025-12-16T20:43:56.387+0800][1.347s][info][gc,cpu      ] GC(47) User=0.00s Sys=0.00s Real=0.00s
[2025-12-16T20:43:56.413+0800][1.374s][info][gc,start    ] GC(48) Pause Young (Allocation Failure)
[2025-12-16T20:43:56.413+0800][1.374s][info][gc,heap     ] GC(48) DefNew: 69954K(78656K)->2K(78656K) Eden: 69952K(69952K)->0K(69952K) From: 2K(8704K)->2K(8704K)
[2025-12-16T20:43:56.413+0800][1.374s][info][gc,heap     ] GC(48) Tenured: 455K(174784K)->455K(174784K)
[2025-12-16T20:43:56.413+0800][1.374s][info][gc,metaspace] GC(48) Metaspace: 138K(320K)->138K(320K) NonClass: 129K(192K)->129K(192K) Class: 9K(128K)->9K(128K)
[2025-12-16T20:43:56.413+0800][1.374s][info][gc          ] GC(48) Pause Young (Allocation Failure) 68M->0M(247M) 0.036ms
[2025-12-16T20:43:56.413+0800][1.374s][info][gc,cpu      ] GC(48) User=0.00s Sys=0.00s Real=0.00s
[2025-12-16T20:43:56.440+0800][1.401s][info][gc,start    ] GC(49) Pause Young (Allocation Failure)
[2025-12-16T20:43:56.440+0800][1.401s][info][gc,heap     ] GC(49) DefNew: 69954K(78656K)->3K(78656K) Eden: 69952K(69952K)->0K(69952K) From: 2K(8704K)->3K(8704K)
[2025-12-16T20:43:56.440+0800][1.401s][info][gc,heap     ] GC(49) Tenured: 455K(174784K)->455K(174784K)
[2025-12-16T20:43:56.440+0800][1.401s][info][gc,metaspace] GC(49) Metaspace: 138K(320K)->138K(320K) NonClass: 129K(192K)->129K(192K) Class: 9K(128K)->9K(128K)
[2025-12-16T20:43:56.440+0800][1.401s][info][gc          ] GC(49) Pause Young (Allocation Failure) 68M->0M(247M) 0.035ms
[2025-12-16T20:43:56.440+0800][1.401s][info][gc,cpu      ] GC(49) User=0.00s Sys=0.00s Real=0.00s
[2025-12-16T20:43:56.467+0800][1.427s][info][gc,start    ] GC(50) Pause Young (Allocation Failure)
[2025-12-16T20:43:56.467+0800][1.427s][info][gc,heap     ] GC(50) DefNew: 69955K(78656K)->1K(78656K) Eden: 69952K(69952K)->0K(69952K) From: 3K(8704K)->1K(8704K)
[2025-12-16T20:43:56.467+0800][1.427s][info][gc,heap     ] GC(50) Tenured: 455K(174784K)->455K(174784K)
[2025-12-16T20:43:56.467+0800][1.427s][info][gc,metaspace] GC(50) Metaspace: 138K(320K)->138K(320K) NonClass: 129K(192K)->129K(192K) Class: 9K(128K)->9K(128K)
[2025-12-16T20:43:56.467+0800][1.427s][info][gc          ] GC(50) Pause Young (Allocation Failure) 68M->0M(247M) 0.064ms
[2025-12-16T20:43:56.467+0800][1.427s][info][gc,cpu      ] GC(50) User=0.00s Sys=0.00s Real=0.00s
[2025-12-16T20:43:56.494+0800][1.455s][info][gc,start    ] GC(51) Pause Young (Allocation Failure)
[2025-12-16T20:43:56.494+0800][1.455s][info][gc,heap     ] GC(51) DefNew: 69953K(78656K)->3K(78656K) Eden: 69952K(69952K)->0K(69952K) From: 1K(8704K)->3K(8704K)
[2025-12-16T20:43:56.494+0800][1.455s][info][gc,heap     ] GC(51) Tenured: 455K(174784K)->455K(174784K)
[2025-12-16T20:43:56.494+0800][1.455s][info][gc,metaspace] GC(51) Metaspace: 138K(320K)->138K(320K) NonClass: 129K(192K)->129K(192K) Class: 9K(128K)->9K(128K)
[2025-12-16T20:43:56.494+0800][1.455s][info][gc          ] GC(51) Pause Young (Allocation Failure) 68M->0M(247M) 0.036ms
[2025-12-16T20:43:56.494+0800][1.455s][info][gc,cpu      ] GC(51) User=0.00s Sys=0.00s Real=0.00s
[2025-12-16T20:43:56.521+0800][1.482s][info][gc,start    ] GC(52) Pause Young (Allocation Failure)
[2025-12-16T20:43:56.522+0800][1.482s][info][gc,heap     ] GC(52) DefNew: 69955K(78656K)->1K(78656K) Eden: 69952K(69952K)->0K(69952K) From: 3K(8704K)->1K(8704K)
[2025-12-16T20:43:56.522+0800][1.482s][info][gc,heap     ] GC(52) Tenured: 455K(174784K)->455K(174784K)
[2025-12-16T20:43:56.522+0800][1.482s][info][gc,metaspace] GC(52) Metaspace: 138K(320K)->138K(320K) NonClass: 129K(192K)->129K(192K) Class: 9K(128K)->9K(128K)
[2025-12-16T20:43:56.522+0800][1.482s][info][gc          ] GC(52) Pause Young (Allocation Failure) 68M->0M(247M) 0.038ms
[2025-12-16T20:43:56.522+0800][1.482s][info][gc,cpu      ] GC(52) User=0.00s Sys=0.00s Real=0.00s
[2025-12-16T20:43:56.550+0800][1.510s][info][gc,start    ] GC(53) Pause Young (Allocation Failure)
[2025-12-16T20:43:56.550+0800][1.511s][info][gc,heap     ] GC(53) DefNew: 69953K(78656K)->1K(78656K) Eden: 69952K(69952K)->0K(69952K) From: 1K(8704K)->1K(8704K)
[2025-12-16T20:43:56.550+0800][1.511s][info][gc,heap     ] GC(53) Tenured: 455K(174784K)->455K(174784K)
[2025-12-16T20:43:56.550+0800][1.511s][info][gc,metaspace] GC(53) Metaspace: 138K(320K)->138K(320K) NonClass: 129K(192K)->129K(192K) Class: 9K(128K)->9K(128K)
[2025-12-16T20:43:56.550+0800][1.511s][info][gc          ] GC(53) Pause Young (Allocation Failure) 68M->0M(247M) 0.049ms
[2025-12-16T20:43:56.550+0800][1.511s][info][gc,cpu      ] GC(53) User=0.00s Sys=0.00s Real=0.00s
[2025-12-16T20:43:56.577+0800][1.538s][info][gc,start    ] GC(54) Pause Young (Allocation Failure)
[2025-12-16T20:43:56.577+0800][1.538s][info][gc,heap     ] GC(54) DefNew: 69953K(78656K)->2K(78656K) Eden: 69952K(69952K)->0K(69952K) From: 1K(8704K)->2K(8704K)
[2025-12-16T20:43:56.577+0800][1.538s][info][gc,heap     ] GC(54) Tenured: 455K(174784K)->455K(174784K)
[2025-12-16T20:43:56.577+0800][1.538s][info][gc,metaspace] GC(54) Metaspace: 138K(320K)->138K(320K) NonClass: 129K(192K)->129K(192K) Class: 9K(128K)->9K(128K)
[2025-12-16T20:43:56.577+0800][1.538s][info][gc          ] GC(54) Pause Young (Allocation Failure) 68M->0M(247M) 0.035ms
[2025-12-16T20:43:56.577+0800][1.538s][info][gc,cpu      ] GC(54) User=0.00s Sys=0.00s Real=0.00s
[2025-12-16T20:43:56.604+0800][1.565s][info][gc,start    ] GC(55) Pause Young (Allocation Failure)
[2025-12-16T20:43:56.604+0800][1.565s][info][gc,heap     ] GC(55) DefNew: 69954K(78656K)->2K(78656K) Eden: 69952K(69952K)->0K(69952K) From: 2K(8704K)->2K(8704K)
[2025-12-16T20:43:56.604+0800][1.565s][info][gc,heap     ] GC(55) Tenured: 455K(174784K)->455K(174784K)
[2025-12-16T20:43:56.604+0800][1.565s][info][gc,metaspace] GC(55) Metaspace: 138K(320K)->138K(320K) NonClass: 129K(192K)->129K(192K) Class: 9K(128K)->9K(128K)
[2025-12-16T20:43:56.604+0800][1.565s][info][gc          ] GC(55) Pause Young (Allocation Failure) 68M->0M(247M) 0.064ms
[2025-12-16T20:43:56.604+0800][1.565s][info][gc,cpu      ] GC(55) User=0.00s Sys=0.00s Real=0.00s
[2025-12-16T20:43:56.632+0800][1.592s][info][gc,start    ] GC(56) Pause Young (Allocation Failure)
[2025-12-16T20:43:56.632+0800][1.592s][info][gc,heap     ] GC(56) DefNew: 69954K(78656K)->3K(78656K) Eden: 69952K(69952K)->0K(69952K) From: 2K(8704K)->3K(8704K)
[2025-12-16T20:43:56.632+0800][1.592s][info][gc,heap     ] GC(56) Tenured: 455K(174784K)->455K(174784K)
[2025-12-16T20:43:56.632+0800][1.592s][info][gc,metaspace] GC(56) Metaspace: 138K(320K)->138K(320K) NonClass: 129K(192K)->129K(192K) Class: 9K(128K)->9K(128K)
[2025-12-16T20:43:56.632+0800][1.592s][info][gc          ] GC(56) Pause Young (Allocation Failure) 68M->0M(247M) 0.035ms
[2025-12-16T20:43:56.632+0800][1.592s][info][gc,cpu      ] GC(56) User=0.00s Sys=0.00s Real=0.00s
[2025-12-16T20:43:56.658+0800][1.619s][info][gc,start    ] GC(57) Pause Young (Allocation Failure)
[2025-12-16T20:43:56.658+0800][1.619s][info][gc,heap     ] GC(57) DefNew: 69955K(78656K)->2K(78656K) Eden: 69952K(69952K)->0K(69952K) From: 3K(8704K)->2K(8704K)
[2025-12-16T20:43:56.658+0800][1.619s][info][gc,heap     ] GC(57) Tenured: 455K(174784K)->455K(174784K)
[2025-12-16T20:43:56.658+0800][1.619s][info][gc,metaspace] GC(57) Metaspace: 138K(320K)->138K(320K) NonClass: 129K(192K)->129K(192K) Class: 9K(128K)->9K(128K)
[2025-12-16T20:43:56.658+0800][1.619s][info][gc          ] GC(57) Pause Young (Allocation Failure) 68M->0M(247M) 0.033ms
[2025-12-16T20:43:56.658+0800][1.619s][info][gc,cpu      ] GC(57) User=0.00s Sys=0.00s Real=0.00s
[2025-12-16T20:43:56.686+0800][1.646s][info][gc,start    ] GC(58) Pause Young (Allocation Failure)
[2025-12-16T20:43:56.686+0800][1.646s][info][gc,heap     ] GC(58) DefNew: 69954K(78656K)->3K(78656K) Eden: 69952K(69952K)->0K(69952K) From: 2K(8704K)->3K(8704K)
[2025-12-16T20:43:56.686+0800][1.646s][info][gc,heap     ] GC(58) Tenured: 455K(174784K)->455K(174784K)
[2025-12-16T20:43:56.686+0800][1.646s][info][gc,metaspace] GC(58) Metaspace: 138K(320K)->138K(320K) NonClass: 129K(192K)->129K(192K) Class: 9K(128K)->9K(128K)
[2025-12-16T20:43:56.686+0800][1.646s][info][gc          ] GC(58) Pause Young (Allocation Failure) 68M->0M(247M) 0.032ms
[2025-12-16T20:43:56.686+0800][1.646s][info][gc,cpu      ] GC(58) User=0.00s Sys=0.00s Real=0.00s
[2025-12-16T20:43:56.713+0800][1.674s][info][gc,start    ] GC(59) Pause Young (Allocation Failure)
[2025-12-16T20:43:56.713+0800][1.674s][info][gc,heap     ] GC(59) DefNew: 69955K(78656K)->1K(78656K) Eden: 69952K(69952K)->0K(69952K) From: 3K(8704K)->1K(8704K)
[2025-12-16T20:43:56.713+0800][1.674s][info][gc,heap     ] GC(59) Tenured: 455K(174784K)->455K(174784K)
[2025-12-16T20:43:56.713+0800][1.674s][info][gc,metaspace] GC(59) Metaspace: 138K(320K)->138K(320K) NonClass: 129K(192K)->129K(192K) Class: 9K(128K)->9K(128K)
[2025-12-16T20:43:56.713+0800][1.674s][info][gc          ] GC(59) Pause Young (Allocation Failure) 68M->0M(247M) 0.031ms
[2025-12-16T20:43:56.713+0800][1.674s][info][gc,cpu      ] GC(59) User=0.00s Sys=0.00s Real=0.00s
[2025-12-16T20:43:56.740+0800][1.701s][info][gc,start    ] GC(60) Pause Young (Allocation Failure)
[2025-12-16T20:43:56.740+0800][1.701s][info][gc,heap     ] GC(60) DefNew: 69953K(78656K)->2K(78656K) Eden: 69952K(69952K)->0K(69952K) From: 1K(8704K)->2K(8704K)
[2025-12-16T20:43:56.740+0800][1.701s][info][gc,heap     ] GC(60) Tenured: 455K(174784K)->455K(174784K)
[2025-12-16T20:43:56.740+0800][1.701s][info][gc,metaspace] GC(60) Metaspace: 138K(320K)->138K(320K) NonClass: 129K(192K)->129K(192K) Class: 9K(128K)->9K(128K)
[2025-12-16T20:43:56.740+0800][1.701s][info][gc          ] GC(60) Pause Young (Allocation Failure) 68M->0M(247M) 0.032ms
[2025-12-16T20:43:56.740+0800][1.701s][info][gc,cpu      ] GC(60) User=0.00s Sys=0.00s Real=0.00s
[2025-12-16T20:43:56.767+0800][1.728s][info][gc,start    ] GC(61) Pause Young (Allocation Failure)
[2025-12-16T20:43:56.768+0800][1.728s][info][gc,heap     ] GC(61) DefNew: 69954K(78656K)->2K(78656K) Eden: 69952K(69952K)->0K(69952K) From: 2K(8704K)->2K(8704K)
[2025-12-16T20:43:56.768+0800][1.728s][info][gc,heap     ] GC(61) Tenured: 455K(174784K)->455K(174784K)
[2025-12-16T20:43:56.768+0800][1.728s][info][gc,metaspace] GC(61) Metaspace: 138K(320K)->138K(320K) NonClass: 129K(192K)->129K(192K) Class: 9K(128K)->9K(128K)
[2025-12-16T20:43:56.768+0800][1.728s][info][gc          ] GC(61) Pause Young (Allocation Failure) 68M->0M(247M) 0.033ms
[2025-12-16T20:43:56.768+0800][1.728s][info][gc,cpu      ] GC(61) User=0.00s Sys=0.00s Real=0.00s
[2025-12-16T20:43:56.795+0800][1.755s][info][gc,start    ] GC(62) Pause Young (Allocation Failure)
[2025-12-16T20:43:56.795+0800][1.755s][info][gc,heap     ] GC(62) DefNew: 69954K(78656K)->2K(78656K) Eden: 69952K(69952K)->0K(69952K) From: 2K(8704K)->2K(8704K)
[2025-12-16T20:43:56.795+0800][1.755s][info][gc,heap     ] GC(62) Tenured: 455K(174784K)->455K(174784K)
[2025-12-16T20:43:56.795+0800][1.755s][info][gc,metaspace] GC(62) Metaspace: 138K(320K)->138K(320K) NonClass: 129K(192K)->129K(192K) Class: 9K(128K)->9K(128K)
[2025-12-16T20:43:56.795+0800][1.755s][info][gc          ] GC(62) Pause Young (Allocation Failure) 68M->0M(247M) 0.033ms
[2025-12-16T20:43:56.795+0800][1.755s][info][gc,cpu      ] GC(62) User=0.00s Sys=0.00s Real=0.00s
[2025-12-16T20:43:56.822+0800][1.783s][info][gc,start    ] GC(63) Pause Young (Allocation Failure)
[2025-12-16T20:43:56.822+0800][1.783s][info][gc,heap     ] GC(63) DefNew: 69954K(78656K)->2K(78656K) Eden: 69952K(69952K)->0K(69952K) From: 2K(8704K)->2K(8704K)
[2025-12-16T20:43:56.822+0800][1.783s][info][gc,heap     ] GC(63) Tenured: 455K(174784K)->455K(174784K)
[2025-12-16T20:43:56.822+0800][1.783s][info][gc,metaspace] GC(63) Metaspace: 138K(320K)->138K(320K) NonClass: 129K(192K)->129K(192K) Class: 9K(128K)->9K(128K)
[2025-12-16T20:43:56.822+0800][1.783s][info][gc          ] GC(63) Pause Young (Allocation Failure) 68M->0M(247M) 0.036ms
[2025-12-16T20:43:56.822+0800][1.783s][info][gc,cpu      ] GC(63) User=0.00s Sys=0.00s Real=0.00s
[2025-12-16T20:43:56.849+0800][1.810s][info][gc,start    ] GC(64) Pause Young (Allocation Failure)
[2025-12-16T20:43:56.849+0800][1.810s][info][gc,heap     ] GC(64) DefNew: 69954K(78656K)->2K(78656K) Eden: 69952K(69952K)->0K(69952K) From: 2K(8704K)->2K(8704K)
[2025-12-16T20:43:56.849+0800][1.810s][info][gc,heap     ] GC(64) Tenured: 455K(174784K)->455K(174784K)
[2025-12-16T20:43:56.850+0800][1.810s][info][gc,metaspace] GC(64) Metaspace: 138K(320K)->138K(320K) NonClass: 129K(192K)->129K(192K) Class: 9K(128K)->9K(128K)
[2025-12-16T20:43:56.850+0800][1.810s][info][gc          ] GC(64) Pause Young (Allocation Failure) 68M->0M(247M) 0.043ms
[2025-12-16T20:43:56.850+0800][1.810s][info][gc,cpu      ] GC(64) User=0.00s Sys=0.00s Real=0.01s
[2025-12-16T20:43:56.876+0800][1.837s][info][gc,start    ] GC(65) Pause Young (Allocation Failure)
[2025-12-16T20:43:56.876+0800][1.837s][info][gc,heap     ] GC(65) DefNew: 69954K(78656K)->1K(78656K) Eden: 69952K(69952K)->0K(69952K) From: 2K(8704K)->1K(8704K)
[2025-12-16T20:43:56.876+0800][1.837s][info][gc,heap     ] GC(65) Tenured: 455K(174784K)->455K(174784K)
[2025-12-16T20:43:56.876+0800][1.837s][info][gc,metaspace] GC(65) Metaspace: 138K(320K)->138K(320K) NonClass: 129K(192K)->129K(192K) Class: 9K(128K)->9K(128K)
[2025-12-16T20:43:56.876+0800][1.837s][info][gc          ] GC(65) Pause Young (Allocation Failure) 68M->0M(247M) 0.060ms
[2025-12-16T20:43:56.876+0800][1.837s][info][gc,cpu      ] GC(65) User=0.00s Sys=0.00s Real=0.00s
[2025-12-16T20:43:56.903+0800][1.864s][info][gc,start    ] GC(66) Pause Young (Allocation Failure)
[2025-12-16T20:43:56.903+0800][1.864s][info][gc,heap     ] GC(66) DefNew: 69953K(78656K)->1K(78656K) Eden: 69952K(69952K)->0K(69952K) From: 1K(8704K)->1K(8704K)
[2025-12-16T20:43:56.903+0800][1.864s][info][gc,heap     ] GC(66) Tenured: 455K(174784K)->455K(174784K)
[2025-12-16T20:43:56.903+0800][1.864s][info][gc,metaspace] GC(66) Metaspace: 138K(320K)->138K(320K) NonClass: 129K(192K)->129K(192K) Class: 9K(128K)->9K(128K)
[2025-12-16T20:43:56.903+0800][1.864s][info][gc          ] GC(66) Pause Young (Allocation Failure) 68M->0M(247M) 0.039ms
[2025-12-16T20:43:56.903+0800][1.864s][info][gc,cpu      ] GC(66) User=0.00s Sys=0.00s Real=0.00s
[2025-12-16T20:43:56.930+0800][1.891s][info][gc,start    ] GC(67) Pause Young (Allocation Failure)
[2025-12-16T20:43:56.930+0800][1.891s][info][gc,heap     ] GC(67) DefNew: 69953K(78656K)->2K(78656K) Eden: 69952K(69952K)->0K(69952K) From: 1K(8704K)->2K(8704K)
[2025-12-16T20:43:56.930+0800][1.891s][info][gc,heap     ] GC(67) Tenured: 455K(174784K)->455K(174784K)
[2025-12-16T20:43:56.930+0800][1.891s][info][gc,metaspace] GC(67) Metaspace: 138K(320K)->138K(320K) NonClass: 129K(192K)->129K(192K) Class: 9K(128K)->9K(128K)
[2025-12-16T20:43:56.930+0800][1.891s][info][gc          ] GC(67) Pause Young (Allocation Failure) 68M->0M(247M) 0.038ms
[2025-12-16T20:43:56.930+0800][1.891s][info][gc,cpu      ] GC(67) User=0.00s Sys=0.00s Real=0.00s
[2025-12-16T20:43:56.975+0800][1.936s][info][gc,start    ] GC(68) Pause Young (Allocation Failure)
[2025-12-16T20:43:56.975+0800][1.936s][info][gc,heap     ] GC(68) DefNew: 69954K(78656K)->1K(78656K) Eden: 69952K(69952K)->0K(69952K) From: 2K(8704K)->1K(8704K)
[2025-12-16T20:43:56.975+0800][1.936s][info][gc,heap     ] GC(68) Tenured: 455K(174784K)->455K(174784K)
[2025-12-16T20:43:56.975+0800][1.936s][info][gc,metaspace] GC(68) Metaspace: 138K(320K)->138K(320K) NonClass: 129K(192K)->129K(192K) Class: 9K(128K)->9K(128K)
[2025-12-16T20:43:56.975+0800][1.936s][info][gc          ] GC(68) Pause Young (Allocation Failure) 68M->0M(247M) 0.116ms
[2025-12-16T20:43:56.975+0800][1.936s][info][gc,cpu      ] GC(68) User=0.00s Sys=0.00s Real=0.00s
[2025-12-16T20:43:57.003+0800][1.963s][info][gc,start    ] GC(69) Pause Young (Allocation Failure)
[2025-12-16T20:43:57.003+0800][1.963s][info][gc,heap     ] GC(69) DefNew: 69953K(78656K)->2K(78656K) Eden: 69952K(69952K)->0K(69952K) From: 1K(8704K)->2K(8704K)
[2025-12-16T20:43:57.003+0800][1.963s][info][gc,heap     ] GC(69) Tenured: 455K(174784K)->455K(174784K)
[2025-12-16T20:43:57.003+0800][1.963s][info][gc,metaspace] GC(69) Metaspace: 138K(320K)->138K(320K) NonClass: 129K(192K)->129K(192K) Class: 9K(128K)->9K(128K)
[2025-12-16T20:43:57.003+0800][1.963s][info][gc          ] GC(69) Pause Young (Allocation Failure) 68M->0M(247M) 0.050ms
[2025-12-16T20:43:57.003+0800][1.963s][info][gc,cpu      ] GC(69) User=0.00s Sys=0.00s Real=0.00s
[2025-12-16T20:43:57.030+0800][1.991s][info][gc,start    ] GC(70) Pause Young (Allocation Failure)
[2025-12-16T20:43:57.030+0800][1.991s][info][gc,heap     ] GC(70) DefNew: 69954K(78656K)->2K(78656K) Eden: 69952K(69952K)->0K(69952K) From: 2K(8704K)->2K(8704K)
[2025-12-16T20:43:57.030+0800][1.991s][info][gc,heap     ] GC(70) Tenured: 455K(174784K)->455K(174784K)
[2025-12-16T20:43:57.030+0800][1.991s][info][gc,metaspace] GC(70) Metaspace: 138K(320K)->138K(320K) NonClass: 129K(192K)->129K(192K) Class: 9K(128K)->9K(128K)
[2025-12-16T20:43:57.030+0800][1.991s][info][gc          ] GC(70) Pause Young (Allocation Failure) 68M->0M(247M) 0.037ms
[2025-12-16T20:43:57.030+0800][1.991s][info][gc,cpu      ] GC(70) User=0.00s Sys=0.00s Real=0.00s
[2025-12-16T20:43:57.057+0800][2.018s][info][gc,start    ] GC(71) Pause Young (Allocation Failure)
[2025-12-16T20:43:57.057+0800][2.018s][info][gc,heap     ] GC(71) DefNew: 69954K(78656K)->2K(78656K) Eden: 69952K(69952K)->0K(69952K) From: 2K(8704K)->2K(8704K)
[2025-12-16T20:43:57.057+0800][2.018s][info][gc,heap     ] GC(71) Tenured: 455K(174784K)->455K(174784K)
[2025-12-16T20:43:57.057+0800][2.018s][info][gc,metaspace] GC(71) Metaspace: 138K(320K)->138K(320K) NonClass: 129K(192K)->129K(192K) Class: 9K(128K)->9K(128K)
[2025-12-16T20:43:57.057+0800][2.018s][info][gc          ] GC(71) Pause Young (Allocation Failure) 68M->0M(247M) 0.038ms
[2025-12-16T20:43:57.057+0800][2.018s][info][gc,cpu      ] GC(71) User=0.00s Sys=0.00s Real=0.00s
[2025-12-16T20:43:57.085+0800][2.046s][info][gc,start    ] GC(72) Pause Young (Allocation Failure)
[2025-12-16T20:43:57.085+0800][2.046s][info][gc,heap     ] GC(72) DefNew: 69954K(78656K)->1K(78656K) Eden: 69952K(69952K)->0K(69952K) From: 2K(8704K)->1K(8704K)
[2025-12-16T20:43:57.085+0800][2.046s][info][gc,heap     ] GC(72) Tenured: 455K(174784K)->455K(174784K)
[2025-12-16T20:43:57.085+0800][2.046s][info][gc,metaspace] GC(72) Metaspace: 138K(320K)->138K(320K) NonClass: 129K(192K)->129K(192K) Class: 9K(128K)->9K(128K)
[2025-12-16T20:43:57.086+0800][2.046s][info][gc          ] GC(72) Pause Young (Allocation Failure) 68M->0M(247M) 0.084ms
[2025-12-16T20:43:57.086+0800][2.046s][info][gc,cpu      ] GC(72) User=0.00s Sys=0.00s Real=0.00s
[2025-12-16T20:43:57.113+0800][2.074s][info][gc,start    ] GC(73) Pause Young (Allocation Failure)
[2025-12-16T20:43:57.113+0800][2.074s][info][gc,heap     ] GC(73) DefNew: 69953K(78656K)->1K(78656K) Eden: 69952K(69952K)->0K(69952K) From: 1K(8704K)->1K(8704K)
[2025-12-16T20:43:57.113+0800][2.074s][info][gc,heap     ] GC(73) Tenured: 455K(174784K)->455K(174784K)
[2025-12-16T20:43:57.113+0800][2.074s][info][gc,metaspace] GC(73) Metaspace: 138K(320K)->138K(320K) NonClass: 129K(192K)->129K(192K) Class: 9K(128K)->9K(128K)
[2025-12-16T20:43:57.113+0800][2.074s][info][gc          ] GC(73) Pause Young (Allocation Failure) 68M->0M(247M) 0.086ms
[2025-12-16T20:43:57.113+0800][2.074s][info][gc,cpu      ] GC(73) User=0.00s Sys=0.00s Real=0.00s
[2025-12-16T20:43:57.140+0800][2.101s][info][gc,start    ] GC(74) Pause Young (Allocation Failure)
[2025-12-16T20:43:57.140+0800][2.101s][info][gc,heap     ] GC(74) DefNew: 69953K(78656K)->1K(78656K) Eden: 69952K(69952K)->0K(69952K) From: 1K(8704K)->1K(8704K)
[2025-12-16T20:43:57.140+0800][2.101s][info][gc,heap     ] GC(74) Tenured: 455K(174784K)->455K(174784K)
[2025-12-16T20:43:57.140+0800][2.101s][info][gc,metaspace] GC(74) Metaspace: 138K(320K)->138K(320K) NonClass: 129K(192K)->129K(192K) Class: 9K(128K)->9K(128K)
[2025-12-16T20:43:57.140+0800][2.101s][info][gc          ] GC(74) Pause Young (Allocation Failure) 68M->0M(247M) 0.055ms
[2025-12-16T20:43:57.140+0800][2.101s][info][gc,cpu      ] GC(74) User=0.00s Sys=0.00s Real=0.00s
[2025-12-16T20:43:57.167+0800][2.127s][info][gc,start    ] GC(75) Pause Young (Allocation Failure)
[2025-12-16T20:43:57.167+0800][2.127s][info][gc,heap     ] GC(75) DefNew: 69953K(78656K)->2K(78656K) Eden: 69952K(69952K)->0K(69952K) From: 1K(8704K)->2K(8704K)
[2025-12-16T20:43:57.167+0800][2.127s][info][gc,heap     ] GC(75) Tenured: 455K(174784K)->455K(174784K)
[2025-12-16T20:43:57.167+0800][2.127s][info][gc,metaspace] GC(75) Metaspace: 138K(320K)->138K(320K) NonClass: 129K(192K)->129K(192K) Class: 9K(128K)->9K(128K)
[2025-12-16T20:43:57.167+0800][2.127s][info][gc          ] GC(75) Pause Young (Allocation Failure) 68M->0M(247M) 0.046ms
[2025-12-16T20:43:57.167+0800][2.127s][info][gc,cpu      ] GC(75) User=0.00s Sys=0.00s Real=0.00s
[2025-12-16T20:43:57.193+0800][2.154s][info][gc,start    ] GC(76) Pause Young (Allocation Failure)
[2025-12-16T20:43:57.193+0800][2.154s][info][gc,heap     ] GC(76) DefNew: 69954K(78656K)->2K(78656K) Eden: 69952K(69952K)->0K(69952K) From: 2K(8704K)->2K(8704K)
[2025-12-16T20:43:57.193+0800][2.154s][info][gc,heap     ] GC(76) Tenured: 455K(174784K)->455K(174784K)
[2025-12-16T20:43:57.193+0800][2.154s][info][gc,metaspace] GC(76) Metaspace: 138K(320K)->138K(320K) NonClass: 129K(192K)->129K(192K) Class: 9K(128K)->9K(128K)
[2025-12-16T20:43:57.193+0800][2.154s][info][gc          ] GC(76) Pause Young (Allocation Failure) 68M->0M(247M) 0.044ms
[2025-12-16T20:43:57.193+0800][2.154s][info][gc,cpu      ] GC(76) User=0.00s Sys=0.00s Real=0.00s
[2025-12-16T20:43:57.220+0800][2.181s][info][gc,start    ] GC(77) Pause Young (Allocation Failure)
[2025-12-16T20:43:57.220+0800][2.181s][info][gc,heap     ] GC(77) DefNew: 69954K(78656K)->2K(78656K) Eden: 69952K(69952K)->0K(69952K) From: 2K(8704K)->2K(8704K)
[2025-12-16T20:43:57.220+0800][2.181s][info][gc,heap     ] GC(77) Tenured: 455K(174784K)->455K(174784K)
[2025-12-16T20:43:57.220+0800][2.181s][info][gc,metaspace] GC(77) Metaspace: 138K(320K)->138K(320K) NonClass: 129K(192K)->129K(192K) Class: 9K(128K)->9K(128K)
[2025-12-16T20:43:57.220+0800][2.181s][info][gc          ] GC(77) Pause Young (Allocation Failure) 68M->0M(247M) 0.037ms
[2025-12-16T20:43:57.220+0800][2.181s][info][gc,cpu      ] GC(77) User=0.00s Sys=0.00s Real=0.00s
[2025-12-16T20:43:57.247+0800][2.208s][info][gc,start    ] GC(78) Pause Young (Allocation Failure)
[2025-12-16T20:43:57.247+0800][2.208s][info][gc,heap     ] GC(78) DefNew: 69954K(78656K)->3K(78656K) Eden: 69952K(69952K)->0K(69952K) From: 2K(8704K)->3K(8704K)
[2025-12-16T20:43:57.247+0800][2.208s][info][gc,heap     ] GC(78) Tenured: 455K(174784K)->455K(174784K)
[2025-12-16T20:43:57.247+0800][2.208s][info][gc,metaspace] GC(78) Metaspace: 138K(320K)->138K(320K) NonClass: 129K(192K)->129K(192K) Class: 9K(128K)->9K(128K)
[2025-12-16T20:43:57.247+0800][2.208s][info][gc          ] GC(78) Pause Young (Allocation Failure) 68M->0M(247M) 0.035ms
[2025-12-16T20:43:57.247+0800][2.208s][info][gc,cpu      ] GC(78) User=0.01s Sys=0.00s Real=0.00s
[2025-12-16T20:43:57.274+0800][2.235s][info][gc,start    ] GC(79) Pause Young (Allocation Failure)
[2025-12-16T20:43:57.274+0800][2.235s][info][gc,heap     ] GC(79) DefNew: 69955K(78656K)->1K(78656K) Eden: 69952K(69952K)->0K(69952K) From: 3K(8704K)->1K(8704K)
[2025-12-16T20:43:57.274+0800][2.235s][info][gc,heap     ] GC(79) Tenured: 455K(174784K)->455K(174784K)
[2025-12-16T20:43:57.274+0800][2.235s][info][gc,metaspace] GC(79) Metaspace: 138K(320K)->138K(320K) NonClass: 129K(192K)->129K(192K) Class: 9K(128K)->9K(128K)
[2025-12-16T20:43:57.274+0800][2.235s][info][gc          ] GC(79) Pause Young (Allocation Failure) 68M->0M(247M) 0.033ms
[2025-12-16T20:43:57.274+0800][2.235s][info][gc,cpu      ] GC(79) User=0.00s Sys=0.00s Real=0.00s
[2025-12-16T20:43:57.301+0800][2.261s][info][gc,start    ] GC(80) Pause Young (Allocation Failure)
[2025-12-16T20:43:57.301+0800][2.261s][info][gc,heap     ] GC(80) DefNew: 69953K(78656K)->2K(78656K) Eden: 69952K(69952K)->0K(69952K) From: 1K(8704K)->2K(8704K)
[2025-12-16T20:43:57.301+0800][2.261s][info][gc,heap     ] GC(80) Tenured: 455K(174784K)->455K(174784K)
[2025-12-16T20:43:57.301+0800][2.261s][info][gc,metaspace] GC(80) Metaspace: 138K(320K)->138K(320K) NonClass: 129K(192K)->129K(192K) Class: 9K(128K)->9K(128K)
[2025-12-16T20:43:57.301+0800][2.261s][info][gc          ] GC(80) Pause Young (Allocation Failure) 68M->0M(247M) 0.039ms
[2025-12-16T20:43:57.301+0800][2.261s][info][gc,cpu      ] GC(80) User=0.00s Sys=0.00s Real=0.00s
[2025-12-16T20:43:57.327+0800][2.288s][info][gc,start    ] GC(81) Pause Young (Allocation Failure)
[2025-12-16T20:43:57.327+0800][2.288s][info][gc,heap     ] GC(81) DefNew: 69954K(78656K)->1K(78656K) Eden: 69952K(69952K)->0K(69952K) From: 2K(8704K)->1K(8704K)
[2025-12-16T20:43:57.327+0800][2.288s][info][gc,heap     ] GC(81) Tenured: 455K(174784K)->455K(174784K)
[2025-12-16T20:43:57.327+0800][2.288s][info][gc,metaspace] GC(81) Metaspace: 138K(320K)->138K(320K) NonClass: 129K(192K)->129K(192K) Class: 9K(128K)->9K(128K)
[2025-12-16T20:43:57.327+0800][2.288s][info][gc          ] GC(81) Pause Young (Allocation Failure) 68M->0M(247M) 0.036ms
[2025-12-16T20:43:57.327+0800][2.288s][info][gc,cpu      ] GC(81) User=0.00s Sys=0.00s Real=0.00s
[2025-12-16T20:43:57.354+0800][2.314s][info][gc,start    ] GC(82) Pause Young (Allocation Failure)
[2025-12-16T20:43:57.354+0800][2.314s][info][gc,heap     ] GC(82) DefNew: 69953K(78656K)->1K(78656K) Eden: 69952K(69952K)->0K(69952K) From: 1K(8704K)->1K(8704K)
[2025-12-16T20:43:57.354+0800][2.314s][info][gc,heap     ] GC(82) Tenured: 455K(174784K)->455K(174784K)
[2025-12-16T20:43:57.354+0800][2.314s][info][gc,metaspace] GC(82) Metaspace: 138K(320K)->138K(320K) NonClass: 129K(192K)->129K(192K) Class: 9K(128K)->9K(128K)
[2025-12-16T20:43:57.354+0800][2.314s][info][gc          ] GC(82) Pause Young (Allocation Failure) 68M->0M(247M) 0.036ms
[2025-12-16T20:43:57.354+0800][2.314s][info][gc,cpu      ] GC(82) User=0.00s Sys=0.00s Real=0.00s
[2025-12-16T20:43:57.380+0800][2.341s][info][gc,start    ] GC(83) Pause Young (Allocation Failure)
[2025-12-16T20:43:57.380+0800][2.341s][info][gc,heap     ] GC(83) DefNew: 69953K(78656K)->2K(78656K) Eden: 69952K(69952K)->0K(69952K) From: 1K(8704K)->2K(8704K)
[2025-12-16T20:43:57.380+0800][2.341s][info][gc,heap     ] GC(83) Tenured: 455K(174784K)->455K(174784K)
[2025-12-16T20:43:57.380+0800][2.341s][info][gc,metaspace] GC(83) Metaspace: 138K(320K)->138K(320K) NonClass: 129K(192K)->129K(192K) Class: 9K(128K)->9K(128K)
[2025-12-16T20:43:57.380+0800][2.341s][info][gc          ] GC(83) Pause Young (Allocation Failure) 68M->0M(247M) 0.034ms
[2025-12-16T20:43:57.380+0800][2.341s][info][gc,cpu      ] GC(83) User=0.00s Sys=0.00s Real=0.00s
[2025-12-16T20:43:57.407+0800][2.368s][info][gc,start    ] GC(84) Pause Young (Allocation Failure)
[2025-12-16T20:43:57.407+0800][2.368s][info][gc,heap     ] GC(84) DefNew: 69954K(78656K)->2K(78656K) Eden: 69952K(69952K)->0K(69952K) From: 2K(8704K)->2K(8704K)
[2025-12-16T20:43:57.407+0800][2.368s][info][gc,heap     ] GC(84) Tenured: 455K(174784K)->455K(174784K)
[2025-12-16T20:43:57.407+0800][2.368s][info][gc,metaspace] GC(84) Metaspace: 138K(320K)->138K(320K) NonClass: 129K(192K)->129K(192K) Class: 9K(128K)->9K(128K)
[2025-12-16T20:43:57.407+0800][2.368s][info][gc          ] GC(84) Pause Young (Allocation Failure) 68M->0M(247M) 0.033ms
[2025-12-16T20:43:57.407+0800][2.368s][info][gc,cpu      ] GC(84) User=0.00s Sys=0.00s Real=0.00s
[2025-12-16T20:43:57.434+0800][2.394s][info][gc,start    ] GC(85) Pause Young (Allocation Failure)
[2025-12-16T20:43:57.434+0800][2.394s][info][gc,heap     ] GC(85) DefNew: 69954K(78656K)->3K(78656K) Eden: 69952K(69952K)->0K(69952K) From: 2K(8704K)->3K(8704K)
[2025-12-16T20:43:57.434+0800][2.394s][info][gc,heap     ] GC(85) Tenured: 455K(174784K)->455K(174784K)
[2025-12-16T20:43:57.434+0800][2.394s][info][gc,metaspace] GC(85) Metaspace: 138K(320K)->138K(320K) NonClass: 129K(192K)->129K(192K) Class: 9K(128K)->9K(128K)
[2025-12-16T20:43:57.434+0800][2.394s][info][gc          ] GC(85) Pause Young (Allocation Failure) 68M->0M(247M) 0.033ms
[2025-12-16T20:43:57.434+0800][2.394s][info][gc,cpu      ] GC(85) User=0.00s Sys=0.00s Real=0.00s
[2025-12-16T20:43:57.460+0800][2.421s][info][gc,start    ] GC(86) Pause Young (Allocation Failure)
[2025-12-16T20:43:57.460+0800][2.421s][info][gc,heap     ] GC(86) DefNew: 69955K(78656K)->2K(78656K) Eden: 69952K(69952K)->0K(69952K) From: 3K(8704K)->2K(8704K)
[2025-12-16T20:43:57.460+0800][2.421s][info][gc,heap     ] GC(86) Tenured: 455K(174784K)->455K(174784K)
[2025-12-16T20:43:57.460+0800][2.421s][info][gc,metaspace] GC(86) Metaspace: 138K(320K)->138K(320K) NonClass: 129K(192K)->129K(192K) Class: 9K(128K)->9K(128K)
[2025-12-16T20:43:57.460+0800][2.421s][info][gc          ] GC(86) Pause Young (Allocation Failure) 68M->0M(247M) 0.042ms
[2025-12-16T20:43:57.460+0800][2.421s][info][gc,cpu      ] GC(86) User=0.00s Sys=0.00s Real=0.00s
[2025-12-16T20:43:57.487+0800][2.448s][info][gc,start    ] GC(87) Pause Young (Allocation Failure)
[2025-12-16T20:43:57.487+0800][2.448s][info][gc,heap     ] GC(87) DefNew: 69954K(78656K)->2K(78656K) Eden: 69952K(69952K)->0K(69952K) From: 2K(8704K)->2K(8704K)
[2025-12-16T20:43:57.487+0800][2.448s][info][gc,heap     ] GC(87) Tenured: 455K(174784K)->455K(174784K)
[2025-12-16T20:43:57.487+0800][2.448s][info][gc,metaspace] GC(87) Metaspace: 138K(320K)->138K(320K) NonClass: 129K(192K)->129K(192K) Class: 9K(128K)->9K(128K)
[2025-12-16T20:43:57.487+0800][2.448s][info][gc          ] GC(87) Pause Young (Allocation Failure) 68M->0M(247M) 0.036ms
[2025-12-16T20:43:57.487+0800][2.448s][info][gc,cpu      ] GC(87) User=0.00s Sys=0.00s Real=0.00s
[2025-12-16T20:43:57.514+0800][2.474s][info][gc,start    ] GC(88) Pause Young (Allocation Failure)
[2025-12-16T20:43:57.514+0800][2.474s][info][gc,heap     ] GC(88) DefNew: 69954K(78656K)->3K(78656K) Eden: 69952K(69952K)->0K(69952K) From: 2K(8704K)->3K(8704K)
[2025-12-16T20:43:57.514+0800][2.475s][info][gc,heap     ] GC(88) Tenured: 455K(174784K)->455K(174784K)
[2025-12-16T20:43:57.514+0800][2.475s][info][gc,metaspace] GC(88) Metaspace: 138K(320K)->138K(320K) NonClass: 129K(192K)->129K(192K) Class: 9K(128K)->9K(128K)
[2025-12-16T20:43:57.514+0800][2.475s][info][gc          ] GC(88) Pause Young (Allocation Failure) 68M->0M(247M) 0.054ms
[2025-12-16T20:43:57.514+0800][2.475s][info][gc,cpu      ] GC(88) User=0.00s Sys=0.00s Real=0.00s
[2025-12-16T20:43:57.541+0800][2.501s][info][gc,start    ] GC(89) Pause Young (Allocation Failure)
[2025-12-16T20:43:57.541+0800][2.501s][info][gc,heap     ] GC(89) DefNew: 69955K(78656K)->2K(78656K) Eden: 69952K(69952K)->0K(69952K) From: 3K(8704K)->2K(8704K)
[2025-12-16T20:43:57.541+0800][2.501s][info][gc,heap     ] GC(89) Tenured: 455K(174784K)->455K(174784K)
[2025-12-16T20:43:57.541+0800][2.501s][info][gc,metaspace] GC(89) Metaspace: 138K(320K)->138K(320K) NonClass: 129K(192K)->129K(192K) Class: 9K(128K)->9K(128K)
[2025-12-16T20:43:57.541+0800][2.501s][info][gc          ] GC(89) Pause Young (Allocation Failure) 68M->0M(247M) 0.037ms
[2025-12-16T20:43:57.541+0800][2.501s][info][gc,cpu      ] GC(89) User=0.00s Sys=0.00s Real=0.00s
[2025-12-16T20:43:57.568+0800][2.528s][info][gc,start    ] GC(90) Pause Young (Allocation Failure)
[2025-12-16T20:43:57.568+0800][2.528s][info][gc,heap     ] GC(90) DefNew: 69954K(78656K)->2K(78656K) Eden: 69952K(69952K)->0K(69952K) From: 2K(8704K)->2K(8704K)
[2025-12-16T20:43:57.568+0800][2.528s][info][gc,heap     ] GC(90) Tenured: 455K(174784K)->455K(174784K)
[2025-12-16T20:43:57.568+0800][2.528s][info][gc,metaspace] GC(90) Metaspace: 138K(320K)->138K(320K) NonClass: 129K(192K)->129K(192K) Class: 9K(128K)->9K(128K)
[2025-12-16T20:43:57.568+0800][2.528s][info][gc          ] GC(90) Pause Young (Allocation Failure) 68M->0M(247M) 0.034ms
[2025-12-16T20:43:57.568+0800][2.528s][info][gc,cpu      ] GC(90) User=0.00s Sys=0.00s Real=0.00s
[2025-12-16T20:43:57.609+0800][2.570s][info][gc,start    ] GC(91) Pause Young (Allocation Failure)
[2025-12-16T20:43:57.609+0800][2.570s][info][gc,heap     ] GC(91) DefNew: 69954K(78656K)->2K(78656K) Eden: 69952K(69952K)->0K(69952K) From: 2K(8704K)->2K(8704K)
[2025-12-16T20:43:57.609+0800][2.570s][info][gc,heap     ] GC(91) Tenured: 455K(174784K)->455K(174784K)
[2025-12-16T20:43:57.609+0800][2.570s][info][gc,metaspace] GC(91) Metaspace: 138K(320K)->138K(320K) NonClass: 129K(192K)->129K(192K) Class: 9K(128K)->9K(128K)
[2025-12-16T20:43:57.609+0800][2.570s][info][gc          ] GC(91) Pause Young (Allocation Failure) 68M->0M(247M) 0.075ms
[2025-12-16T20:43:57.609+0800][2.570s][info][gc,cpu      ] GC(91) User=0.00s Sys=0.00s Real=0.00s
[2025-12-16T20:43:57.637+0800][2.598s][info][gc,start    ] GC(92) Pause Young (Allocation Failure)
[2025-12-16T20:43:57.637+0800][2.598s][info][gc,heap     ] GC(92) DefNew: 69954K(78656K)->2K(78656K) Eden: 69952K(69952K)->0K(69952K) From: 2K(8704K)->2K(8704K)
[2025-12-16T20:43:57.637+0800][2.598s][info][gc,heap     ] GC(92) Tenured: 455K(174784K)->455K(174784K)
[2025-12-16T20:43:57.637+0800][2.598s][info][gc,metaspace] GC(92) Metaspace: 138K(320K)->138K(320K) NonClass: 129K(192K)->129K(192K) Class: 9K(128K)->9K(128K)
[2025-12-16T20:43:57.637+0800][2.598s][info][gc          ] GC(92) Pause Young (Allocation Failure) 68M->0M(247M) 0.053ms
[2025-12-16T20:43:57.637+0800][2.598s][info][gc,cpu      ] GC(92) User=0.00s Sys=0.00s Real=0.00s
[2025-12-16T20:43:57.664+0800][2.625s][info][gc,start    ] GC(93) Pause Young (Allocation Failure)
[2025-12-16T20:43:57.664+0800][2.625s][info][gc,heap     ] GC(93) DefNew: 69954K(78656K)->2K(78656K) Eden: 69952K(69952K)->0K(69952K) From: 2K(8704K)->2K(8704K)
[2025-12-16T20:43:57.664+0800][2.625s][info][gc,heap     ] GC(93) Tenured: 455K(174784K)->455K(174784K)
[2025-12-16T20:43:57.664+0800][2.625s][info][gc,metaspace] GC(93) Metaspace: 138K(320K)->138K(320K) NonClass: 129K(192K)->129K(192K) Class: 9K(128K)->9K(128K)
[2025-12-16T20:43:57.664+0800][2.625s][info][gc          ] GC(93) Pause Young (Allocation Failure) 68M->0M(247M) 0.037ms
[2025-12-16T20:43:57.664+0800][2.625s][info][gc,cpu      ] GC(93) User=0.00s Sys=0.00s Real=0.00s
[2025-12-16T20:43:57.692+0800][2.652s][info][gc,start    ] GC(94) Pause Young (Allocation Failure)
[2025-12-16T20:43:57.692+0800][2.652s][info][gc,heap     ] GC(94) DefNew: 69954K(78656K)->3K(78656K) Eden: 69952K(69952K)->0K(69952K) From: 2K(8704K)->3K(8704K)
[2025-12-16T20:43:57.692+0800][2.652s][info][gc,heap     ] GC(94) Tenured: 455K(174784K)->455K(174784K)
[2025-12-16T20:43:57.692+0800][2.652s][info][gc,metaspace] GC(94) Metaspace: 138K(320K)->138K(320K) NonClass: 129K(192K)->129K(192K) Class: 9K(128K)->9K(128K)
[2025-12-16T20:43:57.692+0800][2.652s][info][gc          ] GC(94) Pause Young (Allocation Failure) 68M->0M(247M) 0.054ms
[2025-12-16T20:43:57.692+0800][2.652s][info][gc,cpu      ] GC(94) User=0.00s Sys=0.00s Real=0.00s
[2025-12-16T20:43:57.719+0800][2.680s][info][gc,start    ] GC(95) Pause Young (Allocation Failure)
[2025-12-16T20:43:57.719+0800][2.680s][info][gc,heap     ] GC(95) DefNew: 69955K(78656K)->1K(78656K) Eden: 69952K(69952K)->0K(69952K) From: 3K(8704K)->1K(8704K)
[2025-12-16T20:43:57.719+0800][2.680s][info][gc,heap     ] GC(95) Tenured: 455K(174784K)->455K(174784K)
[2025-12-16T20:43:57.719+0800][2.680s][info][gc,metaspace] GC(95) Metaspace: 138K(320K)->138K(320K) NonClass: 129K(192K)->129K(192K) Class: 9K(128K)->9K(128K)
[2025-12-16T20:43:57.719+0800][2.680s][info][gc          ] GC(95) Pause Young (Allocation Failure) 68M->0M(247M) 0.037ms
[2025-12-16T20:43:57.719+0800][2.680s][info][gc,cpu      ] GC(95) User=0.00s Sys=0.00s Real=0.00s
[2025-12-16T20:43:57.747+0800][2.707s][info][gc,start    ] GC(96) Pause Young (Allocation Failure)
[2025-12-16T20:43:57.747+0800][2.707s][info][gc,heap     ] GC(96) DefNew: 69953K(78656K)->1K(78656K) Eden: 69952K(69952K)->0K(69952K) From: 1K(8704K)->1K(8704K)
[2025-12-16T20:43:57.747+0800][2.707s][info][gc,heap     ] GC(96) Tenured: 455K(174784K)->455K(174784K)
[2025-12-16T20:43:57.747+0800][2.707s][info][gc,metaspace] GC(96) Metaspace: 138K(320K)->138K(320K) NonClass: 129K(192K)->129K(192K) Class: 9K(128K)->9K(128K)
[2025-12-16T20:43:57.747+0800][2.707s][info][gc          ] GC(96) Pause Young (Allocation Failure) 68M->0M(247M) 0.033ms
[2025-12-16T20:43:57.747+0800][2.707s][info][gc,cpu      ] GC(96) User=0.00s Sys=0.00s Real=0.00s
[2025-12-16T20:43:57.774+0800][2.735s][info][gc,start    ] GC(97) Pause Young (Allocation Failure)
[2025-12-16T20:43:57.774+0800][2.735s][info][gc,heap     ] GC(97) DefNew: 69953K(78656K)->2K(78656K) Eden: 69952K(69952K)->0K(69952K) From: 1K(8704K)->2K(8704K)
[2025-12-16T20:43:57.774+0800][2.735s][info][gc,heap     ] GC(97) Tenured: 455K(174784K)->455K(174784K)
[2025-12-16T20:43:57.774+0800][2.735s][info][gc,metaspace] GC(97) Metaspace: 138K(320K)->138K(320K) NonClass: 129K(192K)->129K(192K) Class: 9K(128K)->9K(128K)
[2025-12-16T20:43:57.774+0800][2.735s][info][gc          ] GC(97) Pause Young (Allocation Failure) 68M->0M(247M) 0.034ms
[2025-12-16T20:43:57.774+0800][2.735s][info][gc,cpu      ] GC(97) User=0.00s Sys=0.00s Real=0.00s
[2025-12-16T20:43:57.802+0800][2.762s][info][gc,start    ] GC(98) Pause Young (Allocation Failure)
[2025-12-16T20:43:57.802+0800][2.762s][info][gc,heap     ] GC(98) DefNew: 69954K(78656K)->2K(78656K) Eden: 69952K(69952K)->0K(69952K) From: 2K(8704K)->2K(8704K)
[2025-12-16T20:43:57.802+0800][2.762s][info][gc,heap     ] GC(98) Tenured: 455K(174784K)->455K(174784K)
[2025-12-16T20:43:57.802+0800][2.762s][info][gc,metaspace] GC(98) Metaspace: 138K(320K)->138K(320K) NonClass: 129K(192K)->129K(192K) Class: 9K(128K)->9K(128K)
[2025-12-16T20:43:57.802+0800][2.762s][info][gc          ] GC(98) Pause Young (Allocation Failure) 68M->0M(247M) 0.041ms
[2025-12-16T20:43:57.802+0800][2.762s][info][gc,cpu      ] GC(98) User=0.00s Sys=0.00s Real=0.00s
[2025-12-16T20:43:57.819+0800][2.780s][info][gc,heap,exit] Heap
[2025-12-16T20:43:57.819+0800][2.780s][info][gc,heap,exit]  def new generation   total 78656K, used 46140K [0x0000000700000000, 0x0000000705550000, 0x0000000755550000)
[2025-12-16T20:43:57.819+0800][2.780s][info][gc,heap,exit]   eden space 69952K,  65% used [0x0000000700000000, 0x0000000702d0e800, 0x0000000704450000)
[2025-12-16T20:43:57.819+0800][2.780s][info][gc,heap,exit]   from space 8704K,   0% used [0x0000000704cd0000, 0x0000000704cd0810, 0x0000000705550000)
[2025-12-16T20:43:57.819+0800][2.780s][info][gc,heap,exit]   to   space 8704K,   0% used [0x0000000704450000, 0x0000000704450000, 0x0000000704cd0000)
[2025-12-16T20:43:57.819+0800][2.780s][info][gc,heap,exit]  tenured generation   total 174784K, used 455K [0x0000000755550000, 0x0000000760000000, 0x0000000800000000)
[2025-12-16T20:43:57.819+0800][2.780s][info][gc,heap,exit]    the space 174784K,   0% used [0x0000000755550000, 0x00000007555c1e40, 0x00000007555c2000, 0x0000000760000000)
[2025-12-16T20:43:57.819+0800][2.780s][info][gc,heap,exit]  Metaspace       used 139K, committed 320K, reserved 1114112K
[2025-12-16T20:43:57.819+0800][2.780s][info][gc,heap,exit]   class space    used 9K, committed 128K, reserved 1048576K
