[2025-12-16T20:43:46.909+0800][0.004s][info][gc,heap] Heap region size: 1M
[2025-12-16T20:43:46.909+0800][0.004s][info][gc     ] Using G1
[2025-12-16T20:43:46.909+0800][0.004s][info][gc,heap,coops] Heap address: 0x0000000300800000, size: 4096 MB, Compressed Oops mode: Zero based, Oop shift amount: 3
[2025-12-16T20:43:46.940+0800][0.035s][info][gc,start     ] GC(0) Pause Young (Normal) (G1 Evacuation Pause)
[2025-12-16T20:43:46.940+0800][0.035s][info][gc,task      ] GC(0) Using 6 workers of 9 for evacuation
[2025-12-16T20:43:46.940+0800][0.035s][info][gc,phases    ] GC(0)   Pre Evacuate Collection Set: 0.0ms
[2025-12-16T20:43:46.940+0800][0.035s][info][gc,phases    ] GC(0)   Evacuate Collection Set: 0.3ms
[2025-12-16T20:43:46.940+0800][0.035s][info][gc,phases    ] GC(0)   Post Evacuate Collection Set: 0.0ms
[2025-12-16T20:43:46.940+0800][0.035s][info][gc,phases    ] GC(0)   Other: 0.1ms
[2025-12-16T20:43:46.940+0800][0.035s][info][gc,heap      ] GC(0) Eden regions: 24->0(152)
[2025-12-16T20:43:46.940+0800][0.035s][info][gc,heap      ] GC(0) Survivor regions: 0->1(3)
[2025-12-16T20:43:46.940+0800][0.035s][info][gc,heap      ] GC(0) Old regions: 0->0
[2025-12-16T20:43:46.940+0800][0.035s][info][gc,heap      ] GC(0) Humongous regions: 0->0
[2025-12-16T20:43:46.940+0800][0.035s][info][gc,metaspace ] GC(0) Metaspace: 3387K(4864K)->3387K(4864K) NonClass: 3082K(4352K)->3082K(4352K) Class: 305K(512K)->305K(512K)
[2025-12-16T20:43:46.940+0800][0.035s][info][gc           ] GC(0) Pause Young (Normal) (G1 Evacuation Pause) 24M->0M(256M) 0.480ms
[2025-12-16T20:43:46.940+0800][0.035s][info][gc,cpu       ] GC(0) User=0.00s Sys=0.00s Real=0.00s
[2025-12-16T20:43:47.014+0800][0.109s][info][gc,start     ] GC(1) Pause Young (Normal) (G1 Evacuation Pause)
[2025-12-16T20:43:47.014+0800][0.109s][info][gc,task      ] GC(1) Using 6 workers of 9 for evacuation
[2025-12-16T20:43:47.015+0800][0.110s][info][gc,phases    ] GC(1)   Pre Evacuate Collection Set: 0.0ms
[2025-12-16T20:43:47.015+0800][0.110s][info][gc,phases    ] GC(1)   Evacuate Collection Set: 0.3ms
[2025-12-16T20:43:47.015+0800][0.110s][info][gc,phases    ] GC(1)   Post Evacuate Collection Set: 0.1ms
[2025-12-16T20:43:47.015+0800][0.110s][info][gc,phases    ] GC(1)   Other: 0.1ms
[2025-12-16T20:43:47.015+0800][0.110s][info][gc,heap      ] GC(1) Eden regions: 152->0(152)
[2025-12-16T20:43:47.015+0800][0.110s][info][gc,heap      ] GC(1) Survivor regions: 1->1(20)
[2025-12-16T20:43:47.015+0800][0.110s][info][gc,heap      ] GC(1) Old regions: 0->0
[2025-12-16T20:43:47.015+0800][0.110s][info][gc,heap      ] GC(1) Humongous regions: 0->0
[2025-12-16T20:43:47.015+0800][0.110s][info][gc,metaspace ] GC(1) Metaspace: 3388K(4864K)->3388K(4864K) NonClass: 3083K(4352K)->3083K(4352K) Class: 305K(512K)->305K(512K)
[2025-12-16T20:43:47.015+0800][0.110s][info][gc           ] GC(1) Pause Young (Normal) (G1 Evacuation Pause) 152M->0M(256M) 0.507ms
[2025-12-16T20:43:47.015+0800][0.110s][info][gc,cpu       ] GC(1) User=0.00s Sys=0.00s Real=0.00s
[2025-12-16T20:43:47.082+0800][0.177s][info][gc,start     ] GC(2) Pause Young (Normal) (G1 Evacuation Pause)
[2025-12-16T20:43:47.082+0800][0.177s][info][gc,task      ] GC(2) Using 6 workers of 9 for evacuation
[2025-12-16T20:43:47.083+0800][0.178s][info][gc,phases    ] GC(2)   Pre Evacuate Collection Set: 0.0ms
[2025-12-16T20:43:47.083+0800][0.178s][info][gc,phases    ] GC(2)   Evacuate Collection Set: 0.3ms
[2025-12-16T20:43:47.083+0800][0.178s][info][gc,phases    ] GC(2)   Post Evacuate Collection Set: 0.0ms
[2025-12-16T20:43:47.083+0800][0.178s][info][gc,phases    ] GC(2)   Other: 0.0ms
[2025-12-16T20:43:47.083+0800][0.178s][info][gc,heap      ] GC(2) Eden regions: 152->0(152)
[2025-12-16T20:43:47.083+0800][0.178s][info][gc,heap      ] GC(2) Survivor regions: 1->1(20)
[2025-12-16T20:43:47.083+0800][0.178s][info][gc,heap      ] GC(2) Old regions: 0->0
[2025-12-16T20:43:47.083+0800][0.178s][info][gc,heap      ] GC(2) Humongous regions: 0->0
[2025-12-16T20:43:47.083+0800][0.178s][info][gc,metaspace ] GC(2) Metaspace: 3388K(4864K)->3388K(4864K) NonClass: 3083K(4352K)->3083K(4352K) Class: 305K(512K)->305K(512K)
[2025-12-16T20:43:47.083+0800][0.178s][info][gc           ] GC(2) Pause Young (Normal) (G1 Evacuation Pause) 152M->0M(256M) 0.416ms
[2025-12-16T20:43:47.083+0800][0.178s][info][gc,cpu       ] GC(2) User=0.00s Sys=0.00s Real=0.00s
[2025-12-16T20:43:47.147+0800][0.242s][info][gc,start     ] GC(3) Pause Young (Normal) (G1 Evacuation Pause)
[2025-12-16T20:43:47.147+0800][0.242s][info][gc,task      ] GC(3) Using 6 workers of 9 for evacuation
[2025-12-16T20:43:47.147+0800][0.242s][info][gc,phases    ] GC(3)   Pre Evacuate Collection Set: 0.0ms
[2025-12-16T20:43:47.147+0800][0.242s][info][gc,phases    ] GC(3)   Evacuate Collection Set: 0.3ms
[2025-12-16T20:43:47.147+0800][0.242s][info][gc,phases    ] GC(3)   Post Evacuate Collection Set: 0.1ms
[2025-12-16T20:43:47.147+0800][0.242s][info][gc,phases    ] GC(3)   Other: 0.0ms
[2025-12-16T20:43:47.147+0800][0.242s][info][gc,heap      ] GC(3) Eden regions: 152->0(152)
[2025-12-16T20:43:47.147+0800][0.242s][info][gc,heap      ] GC(3) Survivor regions: 1->1(20)
[2025-12-16T20:43:47.147+0800][0.242s][info][gc,heap      ] GC(3) Old regions: 0->0
[2025-12-16T20:43:47.147+0800][0.242s][info][gc,heap      ] GC(3) Humongous regions: 0->0
[2025-12-16T20:43:47.147+0800][0.242s][info][gc,metaspace ] GC(3) Metaspace: 3388K(4864K)->3388K(4864K) NonClass: 3083K(4352K)->3083K(4352K) Class: 305K(512K)->305K(512K)
[2025-12-16T20:43:47.147+0800][0.242s][info][gc           ] GC(3) Pause Young (Normal) (G1 Evacuation Pause) 152M->0M(256M) 0.437ms
[2025-12-16T20:43:47.147+0800][0.242s][info][gc,cpu       ] GC(3) User=0.00s Sys=0.00s Real=0.00s
[2025-12-16T20:43:47.207+0800][0.302s][info][gc,start     ] GC(4) Pause Young (Normal) (G1 Evacuation Pause)
[2025-12-16T20:43:47.207+0800][0.302s][info][gc,task      ] GC(4) Using 6 workers of 9 for evacuation
[2025-12-16T20:43:47.207+0800][0.302s][info][gc,phases    ] GC(4)   Pre Evacuate Collection Set: 0.0ms
[2025-12-16T20:43:47.207+0800][0.302s][info][gc,phases    ] GC(4)   Evacuate Collection Set: 0.3ms
[2025-12-16T20:43:47.207+0800][0.302s][info][gc,phases    ] GC(4)   Post Evacuate Collection Set: 0.0ms
[2025-12-16T20:43:47.207+0800][0.302s][info][gc,phases    ] GC(4)   Other: 0.0ms
[2025-12-16T20:43:47.207+0800][0.302s][info][gc,heap      ] GC(4) Eden regions: 152->0(152)
[2025-12-16T20:43:47.207+0800][0.302s][info][gc,heap      ] GC(4) Survivor regions: 1->1(20)
[2025-12-16T20:43:47.207+0800][0.302s][info][gc,heap      ] GC(4) Old regions: 0->0
[2025-12-16T20:43:47.207+0800][0.302s][info][gc,heap      ] GC(4) Humongous regions: 0->0
[2025-12-16T20:43:47.207+0800][0.302s][info][gc,metaspace ] GC(4) Metaspace: 3388K(4864K)->3388K(4864K) NonClass: 3083K(4352K)->3083K(4352K) Class: 305K(512K)->305K(512K)
[2025-12-16T20:43:47.207+0800][0.302s][info][gc           ] GC(4) Pause Young (Normal) (G1 Evacuation Pause) 152M->0M(256M) 0.382ms
[2025-12-16T20:43:47.207+0800][0.302s][info][gc,cpu       ] GC(4) User=0.00s Sys=0.00s Real=0.00s
[2025-12-16T20:43:47.267+0800][0.362s][info][gc,start     ] GC(5) Pause Young (Normal) (G1 Evacuation Pause)
[2025-12-16T20:43:47.267+0800][0.362s][info][gc,task      ] GC(5) Using 6 workers of 9 for evacuation
[2025-12-16T20:43:47.267+0800][0.362s][info][gc,phases    ] GC(5)   Pre Evacuate Collection Set: 0.0ms
[2025-12-16T20:43:47.267+0800][0.362s][info][gc,phases    ] GC(5)   Evacuate Collection Set: 0.3ms
[2025-12-16T20:43:47.267+0800][0.362s][info][gc,phases    ] GC(5)   Post Evacuate Collection Set: 0.0ms
[2025-12-16T20:43:47.267+0800][0.362s][info][gc,phases    ] GC(5)   Other: 0.0ms
[2025-12-16T20:43:47.267+0800][0.362s][info][gc,heap      ] GC(5) Eden regions: 152->0(152)
[2025-12-16T20:43:47.267+0800][0.362s][info][gc,heap      ] GC(5) Survivor regions: 1->1(20)
[2025-12-16T20:43:47.267+0800][0.362s][info][gc,heap      ] GC(5) Old regions: 0->0
[2025-12-16T20:43:47.267+0800][0.362s][info][gc,heap      ] GC(5) Humongous regions: 0->0
[2025-12-16T20:43:47.267+0800][0.362s][info][gc,metaspace ] GC(5) Metaspace: 3388K(4864K)->3388K(4864K) NonClass: 3083K(4352K)->3083K(4352K) Class: 305K(512K)->305K(512K)
[2025-12-16T20:43:47.267+0800][0.362s][info][gc           ] GC(5) Pause Young (Normal) (G1 Evacuation Pause) 152M->0M(256M) 0.408ms
[2025-12-16T20:43:47.267+0800][0.362s][info][gc,cpu       ] GC(5) User=0.00s Sys=0.00s Real=0.00s
[2025-12-16T20:43:47.328+0800][0.423s][info][gc,start     ] GC(6) Pause Young (Normal) (G1 Evacuation Pause)
[2025-12-16T20:43:47.328+0800][0.423s][info][gc,task      ] GC(6) Using 6 workers of 9 for evacuation
[2025-12-16T20:43:47.328+0800][0.423s][info][gc,phases    ] GC(6)   Pre Evacuate Collection Set: 0.0ms
[2025-12-16T20:43:47.328+0800][0.423s][info][gc,phases    ] GC(6)   Evacuate Collection Set: 0.2ms
[2025-12-16T20:43:47.328+0800][0.423s][info][gc,phases    ] GC(6)   Post Evacuate Collection Set: 0.0ms
[2025-12-16T20:43:47.328+0800][0.423s][info][gc,phases    ] GC(6)   Other: 0.0ms
[2025-12-16T20:43:47.328+0800][0.423s][info][gc,heap      ] GC(6) Eden regions: 152->0(152)
[2025-12-16T20:43:47.328+0800][0.423s][info][gc,heap      ] GC(6) Survivor regions: 1->1(20)
[2025-12-16T20:43:47.328+0800][0.423s][info][gc,heap      ] GC(6) Old regions: 0->0
[2025-12-16T20:43:47.328+0800][0.423s][info][gc,heap      ] GC(6) Humongous regions: 0->0
[2025-12-16T20:43:47.328+0800][0.423s][info][gc,metaspace ] GC(6) Metaspace: 3388K(4864K)->3388K(4864K) NonClass: 3083K(4352K)->3083K(4352K) Class: 305K(512K)->305K(512K)
[2025-12-16T20:43:47.328+0800][0.423s][info][gc           ] GC(6) Pause Young (Normal) (G1 Evacuation Pause) 152M->0M(256M) 0.342ms
[2025-12-16T20:43:47.328+0800][0.423s][info][gc,cpu       ] GC(6) User=0.00s Sys=0.00s Real=0.00s
[2025-12-16T20:43:47.391+0800][0.486s][info][gc,start     ] GC(7) Pause Young (Normal) (G1 Evacuation Pause)
[2025-12-16T20:43:47.391+0800][0.486s][info][gc,task      ] GC(7) Using 6 workers of 9 for evacuation
[2025-12-16T20:43:47.391+0800][0.486s][info][gc,phases    ] GC(7)   Pre Evacuate Collection Set: 0.0ms
[2025-12-16T20:43:47.392+0800][0.486s][info][gc,phases    ] GC(7)   Evacuate Collection Set: 0.3ms
[2025-12-16T20:43:47.392+0800][0.486s][info][gc,phases    ] GC(7)   Post Evacuate Collection Set: 0.1ms
[2025-12-16T20:43:47.392+0800][0.486s][info][gc,phases    ] GC(7)   Other: 0.0ms
[2025-12-16T20:43:47.392+0800][0.486s][info][gc,heap      ] GC(7) Eden regions: 152->0(152)
[2025-12-16T20:43:47.392+0800][0.486s][info][gc,heap      ] GC(7) Survivor regions: 1->1(20)
[2025-12-16T20:43:47.392+0800][0.486s][info][gc,heap      ] GC(7) Old regions: 0->0
[2025-12-16T20:43:47.392+0800][0.486s][info][gc,heap      ] GC(7) Humongous regions: 0->0
[2025-12-16T20:43:47.392+0800][0.486s][info][gc,metaspace ] GC(7) Metaspace: 3388K(4864K)->3388K(4864K) NonClass: 3083K(4352K)->3083K(4352K) Class: 305K(512K)->305K(512K)
[2025-12-16T20:43:47.392+0800][0.486s][info][gc           ] GC(7) Pause Young (Normal) (G1 Evacuation Pause) 152M->0M(256M) 0.414ms
[2025-12-16T20:43:47.392+0800][0.486s][info][gc,cpu       ] GC(7) User=0.00s Sys=0.00s Real=0.00s
[2025-12-16T20:43:47.464+0800][0.559s][info][gc,start     ] GC(8) Pause Young (Normal) (G1 Evacuation Pause)
[2025-12-16T20:43:47.464+0800][0.559s][info][gc,task      ] GC(8) Using 6 workers of 9 for evacuation
[2025-12-16T20:43:47.473+0800][0.568s][info][gc,phases    ] GC(8)   Pre Evacuate Collection Set: 0.0ms
[2025-12-16T20:43:47.473+0800][0.568s][info][gc,phases    ] GC(8)   Evacuate Collection Set: 8.9ms
[2025-12-16T20:43:47.473+0800][0.568s][info][gc,phases    ] GC(8)   Post Evacuate Collection Set: 0.1ms
[2025-12-16T20:43:47.473+0800][0.568s][info][gc,phases    ] GC(8)   Other: 0.1ms
[2025-12-16T20:43:47.473+0800][0.568s][info][gc,heap      ] GC(8) Eden regions: 152->0(152)
[2025-12-16T20:43:47.473+0800][0.568s][info][gc,heap      ] GC(8) Survivor regions: 1->1(20)
[2025-12-16T20:43:47.473+0800][0.568s][info][gc,heap      ] GC(8) Old regions: 0->0
[2025-12-16T20:43:47.473+0800][0.568s][info][gc,heap      ] GC(8) Humongous regions: 0->0
[2025-12-16T20:43:47.473+0800][0.568s][info][gc,metaspace ] GC(8) Metaspace: 3388K(4864K)->3388K(4864K) NonClass: 3083K(4352K)->3083K(4352K) Class: 305K(512K)->305K(512K)
[2025-12-16T20:43:47.473+0800][0.568s][info][gc           ] GC(8) Pause Young (Normal) (G1 Evacuation Pause) 152M->0M(256M) 9.102ms
[2025-12-16T20:43:47.473+0800][0.568s][info][gc,cpu       ] GC(8) User=0.00s Sys=0.00s Real=0.01s
[2025-12-16T20:43:47.578+0800][0.673s][info][gc,start     ] GC(9) Pause Young (Normal) (G1 Evacuation Pause)
[2025-12-16T20:43:47.578+0800][0.673s][info][gc,task      ] GC(9) Using 6 workers of 9 for evacuation
[2025-12-16T20:43:47.578+0800][0.673s][info][gc,phases    ] GC(9)   Pre Evacuate Collection Set: 0.0ms
[2025-12-16T20:43:47.578+0800][0.673s][info][gc,phases    ] GC(9)   Evacuate Collection Set: 0.3ms
[2025-12-16T20:43:47.578+0800][0.673s][info][gc,phases    ] GC(9)   Post Evacuate Collection Set: 0.1ms
[2025-12-16T20:43:47.578+0800][0.673s][info][gc,phases    ] GC(9)   Other: 0.1ms
[2025-12-16T20:43:47.578+0800][0.673s][info][gc,heap      ] GC(9) Eden regions: 152->0(152)
[2025-12-16T20:43:47.578+0800][0.673s][info][gc,heap      ] GC(9) Survivor regions: 1->1(20)
[2025-12-16T20:43:47.578+0800][0.673s][info][gc,heap      ] GC(9) Old regions: 0->0
[2025-12-16T20:43:47.578+0800][0.673s][info][gc,heap      ] GC(9) Humongous regions: 0->0
[2025-12-16T20:43:47.578+0800][0.673s][info][gc,metaspace ] GC(9) Metaspace: 3388K(4864K)->3388K(4864K) NonClass: 3083K(4352K)->3083K(4352K) Class: 305K(512K)->305K(512K)
[2025-12-16T20:43:47.578+0800][0.673s][info][gc           ] GC(9) Pause Young (Normal) (G1 Evacuation Pause) 152M->0M(256M) 0.431ms
[2025-12-16T20:43:47.578+0800][0.673s][info][gc,cpu       ] GC(9) User=0.01s Sys=0.00s Real=0.00s
[2025-12-16T20:43:47.639+0800][0.734s][info][gc,start     ] GC(10) Pause Young (Normal) (G1 Evacuation Pause)
[2025-12-16T20:43:47.639+0800][0.734s][info][gc,task      ] GC(10) Using 6 workers of 9 for evacuation
[2025-12-16T20:43:47.640+0800][0.735s][info][gc,phases    ] GC(10)   Pre Evacuate Collection Set: 0.0ms
[2025-12-16T20:43:47.640+0800][0.735s][info][gc,phases    ] GC(10)   Evacuate Collection Set: 0.3ms
[2025-12-16T20:43:47.640+0800][0.735s][info][gc,phases    ] GC(10)   Post Evacuate Collection Set: 0.0ms
[2025-12-16T20:43:47.640+0800][0.735s][info][gc,phases    ] GC(10)   Other: 0.0ms
[2025-12-16T20:43:47.640+0800][0.735s][info][gc,heap      ] GC(10) Eden regions: 152->0(152)
[2025-12-16T20:43:47.640+0800][0.735s][info][gc,heap      ] GC(10) Survivor regions: 1->1(20)
[2025-12-16T20:43:47.640+0800][0.735s][info][gc,heap      ] GC(10) Old regions: 0->0
[2025-12-16T20:43:47.640+0800][0.735s][info][gc,heap      ] GC(10) Humongous regions: 0->0
[2025-12-16T20:43:47.640+0800][0.735s][info][gc,metaspace ] GC(10) Metaspace: 3388K(4864K)->3388K(4864K) NonClass: 3083K(4352K)->3083K(4352K) Class: 305K(512K)->305K(512K)
[2025-12-16T20:43:47.640+0800][0.735s][info][gc           ] GC(10) Pause Young (Normal) (G1 Evacuation Pause) 152M->0M(256M) 0.409ms
[2025-12-16T20:43:47.640+0800][0.735s][info][gc,cpu       ] GC(10) User=0.00s Sys=0.00s Real=0.01s
[2025-12-16T20:43:47.701+0800][0.796s][info][gc,start     ] GC(11) Pause Young (Normal) (G1 Evacuation Pause)
[2025-12-16T20:43:47.701+0800][0.796s][info][gc,task      ] GC(11) Using 6 workers of 9 for evacuation
[2025-12-16T20:43:47.701+0800][0.796s][info][gc,phases    ] GC(11)   Pre Evacuate Collection Set: 0.0ms
[2025-12-16T20:43:47.701+0800][0.796s][info][gc,phases    ] GC(11)   Evacuate Collection Set: 0.3ms
[2025-12-16T20:43:47.701+0800][0.796s][info][gc,phases    ] GC(11)   Post Evacuate Collection Set: 0.1ms
[2025-12-16T20:43:47.701+0800][0.796s][info][gc,phases    ] GC(11)   Other: 0.0ms
[2025-12-16T20:43:47.701+0800][0.796s][info][gc,heap      ] GC(11) Eden regions: 152->0(183)
[2025-12-16T20:43:47.701+0800][0.796s][info][gc,heap      ] GC(11) Survivor regions: 1->1(20)
[2025-12-16T20:43:47.701+0800][0.796s][info][gc,heap      ] GC(11) Old regions: 0->0
[2025-12-16T20:43:47.701+0800][0.796s][info][gc,heap      ] GC(11) Humongous regions: 0->0
[2025-12-16T20:43:47.701+0800][0.796s][info][gc,metaspace ] GC(11) Metaspace: 3388K(4864K)->3388K(4864K) NonClass: 3083K(4352K)->3083K(4352K) Class: 305K(512K)->305K(512K)
[2025-12-16T20:43:47.701+0800][0.796s][info][gc           ] GC(11) Pause Young (Normal) (G1 Evacuation Pause) 152M->0M(308M) 0.503ms
[2025-12-16T20:43:47.701+0800][0.796s][info][gc,cpu       ] GC(11) User=0.00s Sys=0.00s Real=0.00s
[2025-12-16T20:43:47.778+0800][0.873s][info][gc,start     ] GC(12) Pause Young (Normal) (G1 Evacuation Pause)
[2025-12-16T20:43:47.779+0800][0.873s][info][gc,task      ] GC(12) Using 7 workers of 9 for evacuation
[2025-12-16T20:43:47.779+0800][0.874s][info][gc,phases    ] GC(12)   Pre Evacuate Collection Set: 0.0ms
[2025-12-16T20:43:47.779+0800][0.874s][info][gc,phases    ] GC(12)   Evacuate Collection Set: 0.3ms
[2025-12-16T20:43:47.779+0800][0.874s][info][gc,phases    ] GC(12)   Post Evacuate Collection Set: 0.0ms
[2025-12-16T20:43:47.779+0800][0.874s][info][gc,phases    ] GC(12)   Other: 0.1ms
[2025-12-16T20:43:47.779+0800][0.874s][info][gc,heap      ] GC(12) Eden regions: 183->0(183)
[2025-12-16T20:43:47.779+0800][0.874s][info][gc,heap      ] GC(12) Survivor regions: 1->1(23)
[2025-12-16T20:43:47.779+0800][0.874s][info][gc,heap      ] GC(12) Old regions: 0->0
[2025-12-16T20:43:47.779+0800][0.874s][info][gc,heap      ] GC(12) Humongous regions: 0->0
[2025-12-16T20:43:47.779+0800][0.874s][info][gc,metaspace ] GC(12) Metaspace: 3388K(4864K)->3388K(4864K) NonClass: 3083K(4352K)->3083K(4352K) Class: 305K(512K)->305K(512K)
[2025-12-16T20:43:47.779+0800][0.874s][info][gc           ] GC(12) Pause Young (Normal) (G1 Evacuation Pause) 183M->0M(308M) 0.446ms
[2025-12-16T20:43:47.779+0800][0.874s][info][gc,cpu       ] GC(12) User=0.00s Sys=0.00s Real=0.00s
[2025-12-16T20:43:47.854+0800][0.949s][info][gc,start     ] GC(13) Pause Young (Normal) (G1 Evacuation Pause)
[2025-12-16T20:43:47.855+0800][0.949s][info][gc,task      ] GC(13) Using 7 workers of 9 for evacuation
[2025-12-16T20:43:47.855+0800][0.950s][info][gc,phases    ] GC(13)   Pre Evacuate Collection Set: 0.0ms
[2025-12-16T20:43:47.855+0800][0.950s][info][gc,phases    ] GC(13)   Evacuate Collection Set: 0.3ms
[2025-12-16T20:43:47.855+0800][0.950s][info][gc,phases    ] GC(13)   Post Evacuate Collection Set: 0.1ms
[2025-12-16T20:43:47.855+0800][0.950s][info][gc,phases    ] GC(13)   Other: 0.0ms
[2025-12-16T20:43:47.855+0800][0.950s][info][gc,heap      ] GC(13) Eden regions: 183->0(183)
[2025-12-16T20:43:47.855+0800][0.950s][info][gc,heap      ] GC(13) Survivor regions: 1->1(23)
[2025-12-16T20:43:47.855+0800][0.950s][info][gc,heap      ] GC(13) Old regions: 0->0
[2025-12-16T20:43:47.855+0800][0.950s][info][gc,heap      ] GC(13) Humongous regions: 0->0
[2025-12-16T20:43:47.855+0800][0.950s][info][gc,metaspace ] GC(13) Metaspace: 3388K(4864K)->3388K(4864K) NonClass: 3083K(4352K)->3083K(4352K) Class: 305K(512K)->305K(512K)
[2025-12-16T20:43:47.855+0800][0.950s][info][gc           ] GC(13) Pause Young (Normal) (G1 Evacuation Pause) 183M->0M(308M) 0.462ms
[2025-12-16T20:43:47.855+0800][0.950s][info][gc,cpu       ] GC(13) User=0.00s Sys=0.00s Real=0.00s
[2025-12-16T20:43:47.928+0800][1.023s][info][gc,start     ] GC(14) Pause Young (Normal) (G1 Evacuation Pause)
[2025-12-16T20:43:47.928+0800][1.023s][info][gc,task      ] GC(14) Using 7 workers of 9 for evacuation
[2025-12-16T20:43:47.929+0800][1.024s][info][gc,phases    ] GC(14)   Pre Evacuate Collection Set: 0.0ms
[2025-12-16T20:43:47.929+0800][1.024s][info][gc,phases    ] GC(14)   Evacuate Collection Set: 0.4ms
[2025-12-16T20:43:47.929+0800][1.024s][info][gc,phases    ] GC(14)   Post Evacuate Collection Set: 0.1ms
[2025-12-16T20:43:47.929+0800][1.024s][info][gc,phases    ] GC(14)   Other: 0.1ms
[2025-12-16T20:43:47.929+0800][1.024s][info][gc,heap      ] GC(14) Eden regions: 183->0(183)
[2025-12-16T20:43:47.929+0800][1.024s][info][gc,heap      ] GC(14) Survivor regions: 1->1(23)
[2025-12-16T20:43:47.929+0800][1.024s][info][gc,heap      ] GC(14) Old regions: 0->0
[2025-12-16T20:43:47.929+0800][1.024s][info][gc,heap      ] GC(14) Humongous regions: 0->0
[2025-12-16T20:43:47.929+0800][1.024s][info][gc,metaspace ] GC(14) Metaspace: 3388K(4864K)->3388K(4864K) NonClass: 3083K(4352K)->3083K(4352K) Class: 305K(512K)->305K(512K)
[2025-12-16T20:43:47.929+0800][1.024s][info][gc           ] GC(14) Pause Young (Normal) (G1 Evacuation Pause) 183M->0M(308M) 0.551ms
[2025-12-16T20:43:47.929+0800][1.024s][info][gc,cpu       ] GC(14) User=0.00s Sys=0.00s Real=0.00s
[2025-12-16T20:43:48.004+0800][1.099s][info][gc,start     ] GC(15) Pause Young (Normal) (G1 Evacuation Pause)
[2025-12-16T20:43:48.005+0800][1.099s][info][gc,task      ] GC(15) Using 7 workers of 9 for evacuation
[2025-12-16T20:43:48.005+0800][1.100s][info][gc,phases    ] GC(15)   Pre Evacuate Collection Set: 0.0ms
[2025-12-16T20:43:48.005+0800][1.100s][info][gc,phases    ] GC(15)   Evacuate Collection Set: 0.3ms
[2025-12-16T20:43:48.005+0800][1.100s][info][gc,phases    ] GC(15)   Post Evacuate Collection Set: 0.0ms
[2025-12-16T20:43:48.005+0800][1.100s][info][gc,phases    ] GC(15)   Other: 0.0ms
[2025-12-16T20:43:48.005+0800][1.100s][info][gc,heap      ] GC(15) Eden regions: 183->0(183)
[2025-12-16T20:43:48.005+0800][1.100s][info][gc,heap      ] GC(15) Survivor regions: 1->1(23)
[2025-12-16T20:43:48.005+0800][1.100s][info][gc,heap      ] GC(15) Old regions: 0->1
[2025-12-16T20:43:48.005+0800][1.100s][info][gc,heap      ] GC(15) Humongous regions: 0->0
[2025-12-16T20:43:48.005+0800][1.100s][info][gc,metaspace ] GC(15) Metaspace: 3388K(4864K)->3388K(4864K) NonClass: 3083K(4352K)->3083K(4352K) Class: 305K(512K)->305K(512K)
[2025-12-16T20:43:48.005+0800][1.100s][info][gc           ] GC(15) Pause Young (Normal) (G1 Evacuation Pause) 183M->0M(308M) 0.448ms
[2025-12-16T20:43:48.005+0800][1.100s][info][gc,cpu       ] GC(15) User=0.01s Sys=0.00s Real=0.00s
[2025-12-16T20:43:48.078+0800][1.173s][info][gc,start     ] GC(16) Pause Young (Normal) (G1 Evacuation Pause)
[2025-12-16T20:43:48.078+0800][1.173s][info][gc,task      ] GC(16) Using 7 workers of 9 for evacuation
[2025-12-16T20:43:48.078+0800][1.173s][info][gc,phases    ] GC(16)   Pre Evacuate Collection Set: 0.0ms
[2025-12-16T20:43:48.078+0800][1.173s][info][gc,phases    ] GC(16)   Evacuate Collection Set: 0.1ms
[2025-12-16T20:43:48.078+0800][1.173s][info][gc,phases    ] GC(16)   Post Evacuate Collection Set: 0.1ms
[2025-12-16T20:43:48.078+0800][1.173s][info][gc,phases    ] GC(16)   Other: 0.1ms
[2025-12-16T20:43:48.078+0800][1.173s][info][gc,heap      ] GC(16) Eden regions: 183->0(183)
[2025-12-16T20:43:48.078+0800][1.173s][info][gc,heap      ] GC(16) Survivor regions: 1->1(23)
[2025-12-16T20:43:48.078+0800][1.173s][info][gc,heap      ] GC(16) Old regions: 1->1
[2025-12-16T20:43:48.078+0800][1.173s][info][gc,heap      ] GC(16) Humongous regions: 0->0
[2025-12-16T20:43:48.078+0800][1.173s][info][gc,metaspace ] GC(16) Metaspace: 3388K(4864K)->3388K(4864K) NonClass: 3083K(4352K)->3083K(4352K) Class: 305K(512K)->305K(512K)
[2025-12-16T20:43:48.078+0800][1.173s][info][gc           ] GC(16) Pause Young (Normal) (G1 Evacuation Pause) 183M->0M(308M) 0.220ms
[2025-12-16T20:43:48.078+0800][1.173s][info][gc,cpu       ] GC(16) User=0.00s Sys=0.00s Real=0.00s
[2025-12-16T20:43:48.152+0800][1.247s][info][gc,start     ] GC(17) Pause Young (Normal) (G1 Evacuation Pause)
[2025-12-16T20:43:48.152+0800][1.247s][info][gc,task      ] GC(17) Using 7 workers of 9 for evacuation
[2025-12-16T20:43:48.152+0800][1.247s][info][gc,phases    ] GC(17)   Pre Evacuate Collection Set: 0.0ms
[2025-12-16T20:43:48.152+0800][1.247s][info][gc,phases    ] GC(17)   Evacuate Collection Set: 0.1ms
[2025-12-16T20:43:48.152+0800][1.247s][info][gc,phases    ] GC(17)   Post Evacuate Collection Set: 0.0ms
[2025-12-16T20:43:48.153+0800][1.247s][info][gc,phases    ] GC(17)   Other: 0.0ms
[2025-12-16T20:43:48.153+0800][1.247s][info][gc,heap      ] GC(17) Eden regions: 183->0(183)
[2025-12-16T20:43:48.153+0800][1.247s][info][gc,heap      ] GC(17) Survivor regions: 1->1(23)
[2025-12-16T20:43:48.153+0800][1.247s][info][gc,heap      ] GC(17) Old regions: 1->1
[2025-12-16T20:43:48.153+0800][1.247s][info][gc,heap      ] GC(17) Humongous regions: 0->0
[2025-12-16T20:43:48.153+0800][1.247s][info][gc,metaspace ] GC(17) Metaspace: 3388K(4864K)->3388K(4864K) NonClass: 3083K(4352K)->3083K(4352K) Class: 305K(512K)->305K(512K)
[2025-12-16T20:43:48.153+0800][1.247s][info][gc           ] GC(17) Pause Young (Normal) (G1 Evacuation Pause) 183M->0M(308M) 0.207ms
[2025-12-16T20:43:48.153+0800][1.247s][info][gc,cpu       ] GC(17) User=0.00s Sys=0.00s Real=0.00s
[2025-12-16T20:43:48.226+0800][1.321s][info][gc,start     ] GC(18) Pause Young (Normal) (G1 Evacuation Pause)
[2025-12-16T20:43:48.226+0800][1.321s][info][gc,task      ] GC(18) Using 7 workers of 9 for evacuation
[2025-12-16T20:43:48.226+0800][1.321s][info][gc,phases    ] GC(18)   Pre Evacuate Collection Set: 0.0ms
[2025-12-16T20:43:48.226+0800][1.321s][info][gc,phases    ] GC(18)   Evacuate Collection Set: 0.1ms
[2025-12-16T20:43:48.226+0800][1.321s][info][gc,phases    ] GC(18)   Post Evacuate Collection Set: 0.0ms
[2025-12-16T20:43:48.226+0800][1.321s][info][gc,phases    ] GC(18)   Other: 0.0ms
[2025-12-16T20:43:48.226+0800][1.321s][info][gc,heap      ] GC(18) Eden regions: 183->0(183)
[2025-12-16T20:43:48.226+0800][1.321s][info][gc,heap      ] GC(18) Survivor regions: 1->1(23)
[2025-12-16T20:43:48.226+0800][1.321s][info][gc,heap      ] GC(18) Old regions: 1->1
[2025-12-16T20:43:48.226+0800][1.321s][info][gc,heap      ] GC(18) Humongous regions: 0->0
[2025-12-16T20:43:48.226+0800][1.321s][info][gc,metaspace ] GC(18) Metaspace: 3388K(4864K)->3388K(4864K) NonClass: 3083K(4352K)->3083K(4352K) Class: 305K(512K)->305K(512K)
[2025-12-16T20:43:48.226+0800][1.321s][info][gc           ] GC(18) Pause Young (Normal) (G1 Evacuation Pause) 183M->0M(308M) 0.181ms
[2025-12-16T20:43:48.226+0800][1.321s][info][gc,cpu       ] GC(18) User=0.00s Sys=0.00s Real=0.00s
[2025-12-16T20:43:48.299+0800][1.394s][info][gc,start     ] GC(19) Pause Young (Normal) (G1 Evacuation Pause)
[2025-12-16T20:43:48.299+0800][1.394s][info][gc,task      ] GC(19) Using 7 workers of 9 for evacuation
[2025-12-16T20:43:48.299+0800][1.394s][info][gc,phases    ] GC(19)   Pre Evacuate Collection Set: 0.0ms
[2025-12-16T20:43:48.299+0800][1.394s][info][gc,phases    ] GC(19)   Evacuate Collection Set: 0.1ms
[2025-12-16T20:43:48.299+0800][1.394s][info][gc,phases    ] GC(19)   Post Evacuate Collection Set: 0.0ms
[2025-12-16T20:43:48.299+0800][1.394s][info][gc,phases    ] GC(19)   Other: 0.0ms
[2025-12-16T20:43:48.299+0800][1.394s][info][gc,heap      ] GC(19) Eden regions: 183->0(183)
[2025-12-16T20:43:48.299+0800][1.394s][info][gc,heap      ] GC(19) Survivor regions: 1->1(23)
[2025-12-16T20:43:48.299+0800][1.394s][info][gc,heap      ] GC(19) Old regions: 1->1
[2025-12-16T20:43:48.299+0800][1.394s][info][gc,heap      ] GC(19) Humongous regions: 0->0
[2025-12-16T20:43:48.299+0800][1.394s][info][gc,metaspace ] GC(19) Metaspace: 3388K(4864K)->3388K(4864K) NonClass: 3083K(4352K)->3083K(4352K) Class: 305K(512K)->305K(512K)
[2025-12-16T20:43:48.299+0800][1.394s][info][gc           ] GC(19) Pause Young (Normal) (G1 Evacuation Pause) 183M->0M(308M) 0.195ms
[2025-12-16T20:43:48.299+0800][1.394s][info][gc,cpu       ] GC(19) User=0.00s Sys=0.00s Real=0.00s
[2025-12-16T20:43:48.373+0800][1.468s][info][gc,start     ] GC(20) Pause Young (Normal) (G1 Evacuation Pause)
[2025-12-16T20:43:48.373+0800][1.468s][info][gc,task      ] GC(20) Using 7 workers of 9 for evacuation
[2025-12-16T20:43:48.373+0800][1.468s][info][gc,phases    ] GC(20)   Pre Evacuate Collection Set: 0.0ms
[2025-12-16T20:43:48.373+0800][1.468s][info][gc,phases    ] GC(20)   Evacuate Collection Set: 0.1ms
[2025-12-16T20:43:48.373+0800][1.468s][info][gc,phases    ] GC(20)   Post Evacuate Collection Set: 0.0ms
[2025-12-16T20:43:48.373+0800][1.468s][info][gc,phases    ] GC(20)   Other: 0.0ms
[2025-12-16T20:43:48.373+0800][1.468s][info][gc,heap      ] GC(20) Eden regions: 183->0(183)
[2025-12-16T20:43:48.373+0800][1.468s][info][gc,heap      ] GC(20) Survivor regions: 1->1(23)
[2025-12-16T20:43:48.373+0800][1.468s][info][gc,heap      ] GC(20) Old regions: 1->1
[2025-12-16T20:43:48.373+0800][1.468s][info][gc,heap      ] GC(20) Humongous regions: 0->0
[2025-12-16T20:43:48.373+0800][1.468s][info][gc,metaspace ] GC(20) Metaspace: 3388K(4864K)->3388K(4864K) NonClass: 3083K(4352K)->3083K(4352K) Class: 305K(512K)->305K(512K)
[2025-12-16T20:43:48.373+0800][1.468s][info][gc           ] GC(20) Pause Young (Normal) (G1 Evacuation Pause) 183M->0M(308M) 0.211ms
[2025-12-16T20:43:48.373+0800][1.468s][info][gc,cpu       ] GC(20) User=0.00s Sys=0.00s Real=0.00s
[2025-12-16T20:43:48.448+0800][1.543s][info][gc,start     ] GC(21) Pause Young (Normal) (G1 Evacuation Pause)
[2025-12-16T20:43:48.448+0800][1.543s][info][gc,task      ] GC(21) Using 7 workers of 9 for evacuation
[2025-12-16T20:43:48.448+0800][1.543s][info][gc,phases    ] GC(21)   Pre Evacuate Collection Set: 0.0ms
[2025-12-16T20:43:48.448+0800][1.543s][info][gc,phases    ] GC(21)   Evacuate Collection Set: 0.1ms
[2025-12-16T20:43:48.448+0800][1.543s][info][gc,phases    ] GC(21)   Post Evacuate Collection Set: 0.1ms
[2025-12-16T20:43:48.448+0800][1.543s][info][gc,phases    ] GC(21)   Other: 0.0ms
[2025-12-16T20:43:48.448+0800][1.543s][info][gc,heap      ] GC(21) Eden regions: 183->0(183)
[2025-12-16T20:43:48.448+0800][1.543s][info][gc,heap      ] GC(21) Survivor regions: 1->1(23)
[2025-12-16T20:43:48.448+0800][1.543s][info][gc,heap      ] GC(21) Old regions: 1->1
[2025-12-16T20:43:48.448+0800][1.543s][info][gc,heap      ] GC(21) Humongous regions: 0->0
[2025-12-16T20:43:48.448+0800][1.543s][info][gc,metaspace ] GC(21) Metaspace: 3388K(4864K)->3388K(4864K) NonClass: 3083K(4352K)->3083K(4352K) Class: 305K(512K)->305K(512K)
[2025-12-16T20:43:48.448+0800][1.543s][info][gc           ] GC(21) Pause Young (Normal) (G1 Evacuation Pause) 183M->0M(308M) 0.198ms
[2025-12-16T20:43:48.448+0800][1.543s][info][gc,cpu       ] GC(21) User=0.00s Sys=0.00s Real=0.00s
[2025-12-16T20:43:48.523+0800][1.618s][info][gc,start     ] GC(22) Pause Young (Normal) (G1 Evacuation Pause)
[2025-12-16T20:43:48.523+0800][1.618s][info][gc,task      ] GC(22) Using 7 workers of 9 for evacuation
[2025-12-16T20:43:48.523+0800][1.618s][info][gc,phases    ] GC(22)   Pre Evacuate Collection Set: 0.0ms
[2025-12-16T20:43:48.523+0800][1.618s][info][gc,phases    ] GC(22)   Evacuate Collection Set: 0.1ms
[2025-12-16T20:43:48.523+0800][1.618s][info][gc,phases    ] GC(22)   Post Evacuate Collection Set: 0.1ms
[2025-12-16T20:43:48.523+0800][1.618s][info][gc,phases    ] GC(22)   Other: 0.0ms
[2025-12-16T20:43:48.523+0800][1.618s][info][gc,heap      ] GC(22) Eden regions: 183->0(183)
[2025-12-16T20:43:48.523+0800][1.618s][info][gc,heap      ] GC(22) Survivor regions: 1->1(23)
[2025-12-16T20:43:48.523+0800][1.618s][info][gc,heap      ] GC(22) Old regions: 1->1
[2025-12-16T20:43:48.523+0800][1.618s][info][gc,heap      ] GC(22) Humongous regions: 0->0
[2025-12-16T20:43:48.523+0800][1.618s][info][gc,metaspace ] GC(22) Metaspace: 3388K(4864K)->3388K(4864K) NonClass: 3083K(4352K)->3083K(4352K) Class: 305K(512K)->305K(512K)
[2025-12-16T20:43:48.523+0800][1.618s][info][gc           ] GC(22) Pause Young (Normal) (G1 Evacuation Pause) 183M->0M(308M) 0.200ms
[2025-12-16T20:43:48.523+0800][1.618s][info][gc,cpu       ] GC(22) User=0.00s Sys=0.00s Real=0.00s
[2025-12-16T20:43:48.597+0800][1.692s][info][gc,start     ] GC(23) Pause Young (Normal) (G1 Evacuation Pause)
[2025-12-16T20:43:48.597+0800][1.692s][info][gc,task      ] GC(23) Using 7 workers of 9 for evacuation
[2025-12-16T20:43:48.597+0800][1.692s][info][gc,phases    ] GC(23)   Pre Evacuate Collection Set: 0.0ms
[2025-12-16T20:43:48.597+0800][1.692s][info][gc,phases    ] GC(23)   Evacuate Collection Set: 0.1ms
[2025-12-16T20:43:48.597+0800][1.692s][info][gc,phases    ] GC(23)   Post Evacuate Collection Set: 0.0ms
[2025-12-16T20:43:48.597+0800][1.692s][info][gc,phases    ] GC(23)   Other: 0.1ms
[2025-12-16T20:43:48.597+0800][1.692s][info][gc,heap      ] GC(23) Eden regions: 183->0(183)
[2025-12-16T20:43:48.597+0800][1.692s][info][gc,heap      ] GC(23) Survivor regions: 1->1(23)
[2025-12-16T20:43:48.597+0800][1.692s][info][gc,heap      ] GC(23) Old regions: 1->1
[2025-12-16T20:43:48.597+0800][1.692s][info][gc,heap      ] GC(23) Humongous regions: 0->0
[2025-12-16T20:43:48.597+0800][1.692s][info][gc,metaspace ] GC(23) Metaspace: 3388K(4864K)->3388K(4864K) NonClass: 3083K(4352K)->3083K(4352K) Class: 305K(512K)->305K(512K)
[2025-12-16T20:43:48.597+0800][1.692s][info][gc           ] GC(23) Pause Young (Normal) (G1 Evacuation Pause) 183M->0M(308M) 0.257ms
[2025-12-16T20:43:48.597+0800][1.692s][info][gc,cpu       ] GC(23) User=0.00s Sys=0.00s Real=0.00s
[2025-12-16T20:43:48.673+0800][1.768s][info][gc,start     ] GC(24) Pause Young (Normal) (G1 Evacuation Pause)
[2025-12-16T20:43:48.673+0800][1.768s][info][gc,task      ] GC(24) Using 7 workers of 9 for evacuation
[2025-12-16T20:43:48.674+0800][1.768s][info][gc,phases    ] GC(24)   Pre Evacuate Collection Set: 0.0ms
[2025-12-16T20:43:48.674+0800][1.768s][info][gc,phases    ] GC(24)   Evacuate Collection Set: 0.1ms
[2025-12-16T20:43:48.674+0800][1.768s][info][gc,phases    ] GC(24)   Post Evacuate Collection Set: 0.0ms
[2025-12-16T20:43:48.674+0800][1.768s][info][gc,phases    ] GC(24)   Other: 0.0ms
[2025-12-16T20:43:48.674+0800][1.768s][info][gc,heap      ] GC(24) Eden regions: 183->0(183)
[2025-12-16T20:43:48.674+0800][1.768s][info][gc,heap      ] GC(24) Survivor regions: 1->1(23)
[2025-12-16T20:43:48.674+0800][1.768s][info][gc,heap      ] GC(24) Old regions: 1->1
[2025-12-16T20:43:48.674+0800][1.768s][info][gc,heap      ] GC(24) Humongous regions: 0->0
[2025-12-16T20:43:48.674+0800][1.768s][info][gc,metaspace ] GC(24) Metaspace: 3388K(4864K)->3388K(4864K) NonClass: 3083K(4352K)->3083K(4352K) Class: 305K(512K)->305K(512K)
[2025-12-16T20:43:48.674+0800][1.768s][info][gc           ] GC(24) Pause Young (Normal) (G1 Evacuation Pause) 183M->0M(308M) 0.215ms
[2025-12-16T20:43:48.674+0800][1.768s][info][gc,cpu       ] GC(24) User=0.00s Sys=0.00s Real=0.00s
[2025-12-16T20:43:48.761+0800][1.856s][info][gc,start     ] GC(25) Pause Young (Normal) (G1 Evacuation Pause)
[2025-12-16T20:43:48.761+0800][1.856s][info][gc,task      ] GC(25) Using 7 workers of 9 for evacuation
[2025-12-16T20:43:48.762+0800][1.857s][info][gc,phases    ] GC(25)   Pre Evacuate Collection Set: 0.0ms
[2025-12-16T20:43:48.762+0800][1.857s][info][gc,phases    ] GC(25)   Evacuate Collection Set: 0.3ms
[2025-12-16T20:43:48.762+0800][1.857s][info][gc,phases    ] GC(25)   Post Evacuate Collection Set: 0.8ms
[2025-12-16T20:43:48.762+0800][1.857s][info][gc,phases    ] GC(25)   Other: 0.1ms
[2025-12-16T20:43:48.762+0800][1.857s][info][gc,heap      ] GC(25) Eden regions: 183->0(183)
[2025-12-16T20:43:48.762+0800][1.857s][info][gc,heap      ] GC(25) Survivor regions: 1->1(23)
[2025-12-16T20:43:48.762+0800][1.857s][info][gc,heap      ] GC(25) Old regions: 1->1
[2025-12-16T20:43:48.762+0800][1.857s][info][gc,heap      ] GC(25) Humongous regions: 0->0
[2025-12-16T20:43:48.762+0800][1.857s][info][gc,metaspace ] GC(25) Metaspace: 3388K(4864K)->3388K(4864K) NonClass: 3083K(4352K)->3083K(4352K) Class: 305K(512K)->305K(512K)
[2025-12-16T20:43:48.762+0800][1.857s][info][gc           ] GC(25) Pause Young (Normal) (G1 Evacuation Pause) 183M->0M(308M) 1.149ms
[2025-12-16T20:43:48.762+0800][1.857s][info][gc,cpu       ] GC(25) User=0.00s Sys=0.00s Real=0.00s
[2025-12-16T20:43:48.864+0800][1.959s][info][gc,start     ] GC(26) Pause Young (Normal) (G1 Evacuation Pause)
[2025-12-16T20:43:48.864+0800][1.959s][info][gc,task      ] GC(26) Using 7 workers of 9 for evacuation
[2025-12-16T20:43:48.864+0800][1.959s][info][gc,phases    ] GC(26)   Pre Evacuate Collection Set: 0.0ms
[2025-12-16T20:43:48.864+0800][1.959s][info][gc,phases    ] GC(26)   Evacuate Collection Set: 0.1ms
[2025-12-16T20:43:48.864+0800][1.959s][info][gc,phases    ] GC(26)   Post Evacuate Collection Set: 0.1ms
[2025-12-16T20:43:48.864+0800][1.959s][info][gc,phases    ] GC(26)   Other: 0.1ms
[2025-12-16T20:43:48.864+0800][1.959s][info][gc,heap      ] GC(26) Eden regions: 183->0(183)
[2025-12-16T20:43:48.864+0800][1.959s][info][gc,heap      ] GC(26) Survivor regions: 1->1(23)
[2025-12-16T20:43:48.864+0800][1.959s][info][gc,heap      ] GC(26) Old regions: 1->1
[2025-12-16T20:43:48.864+0800][1.959s][info][gc,heap      ] GC(26) Humongous regions: 0->0
[2025-12-16T20:43:48.864+0800][1.959s][info][gc,metaspace ] GC(26) Metaspace: 3388K(4864K)->3388K(4864K) NonClass: 3083K(4352K)->3083K(4352K) Class: 305K(512K)->305K(512K)
[2025-12-16T20:43:48.864+0800][1.959s][info][gc           ] GC(26) Pause Young (Normal) (G1 Evacuation Pause) 183M->0M(308M) 0.239ms
[2025-12-16T20:43:48.864+0800][1.959s][info][gc,cpu       ] GC(26) User=0.00s Sys=0.00s Real=0.00s
[2025-12-16T20:43:48.938+0800][2.032s][info][gc,start     ] GC(27) Pause Young (Normal) (G1 Evacuation Pause)
[2025-12-16T20:43:48.938+0800][2.033s][info][gc,task      ] GC(27) Using 7 workers of 9 for evacuation
[2025-12-16T20:43:48.938+0800][2.033s][info][gc,phases    ] GC(27)   Pre Evacuate Collection Set: 0.0ms
[2025-12-16T20:43:48.938+0800][2.033s][info][gc,phases    ] GC(27)   Evacuate Collection Set: 0.1ms
[2025-12-16T20:43:48.938+0800][2.033s][info][gc,phases    ] GC(27)   Post Evacuate Collection Set: 0.1ms
[2025-12-16T20:43:48.938+0800][2.033s][info][gc,phases    ] GC(27)   Other: 0.0ms
[2025-12-16T20:43:48.938+0800][2.033s][info][gc,heap      ] GC(27) Eden regions: 183->0(183)
[2025-12-16T20:43:48.938+0800][2.033s][info][gc,heap      ] GC(27) Survivor regions: 1->1(23)
[2025-12-16T20:43:48.938+0800][2.033s][info][gc,heap      ] GC(27) Old regions: 1->1
[2025-12-16T20:43:48.938+0800][2.033s][info][gc,heap      ] GC(27) Humongous regions: 0->0
[2025-12-16T20:43:48.938+0800][2.033s][info][gc,metaspace ] GC(27) Metaspace: 3388K(4864K)->3388K(4864K) NonClass: 3083K(4352K)->3083K(4352K) Class: 305K(512K)->305K(512K)
[2025-12-16T20:43:48.938+0800][2.033s][info][gc           ] GC(27) Pause Young (Normal) (G1 Evacuation Pause) 183M->0M(308M) 0.226ms
[2025-12-16T20:43:48.938+0800][2.033s][info][gc,cpu       ] GC(27) User=0.00s Sys=0.00s Real=0.00s
[2025-12-16T20:43:49.011+0800][2.106s][info][gc,start     ] GC(28) Pause Young (Normal) (G1 Evacuation Pause)
[2025-12-16T20:43:49.011+0800][2.106s][info][gc,task      ] GC(28) Using 7 workers of 9 for evacuation
[2025-12-16T20:43:49.012+0800][2.106s][info][gc,phases    ] GC(28)   Pre Evacuate Collection Set: 0.0ms
[2025-12-16T20:43:49.012+0800][2.106s][info][gc,phases    ] GC(28)   Evacuate Collection Set: 0.1ms
[2025-12-16T20:43:49.012+0800][2.106s][info][gc,phases    ] GC(28)   Post Evacuate Collection Set: 0.1ms
[2025-12-16T20:43:49.012+0800][2.106s][info][gc,phases    ] GC(28)   Other: 0.0ms
[2025-12-16T20:43:49.012+0800][2.106s][info][gc,heap      ] GC(28) Eden regions: 183->0(183)
[2025-12-16T20:43:49.012+0800][2.106s][info][gc,heap      ] GC(28) Survivor regions: 1->1(23)
[2025-12-16T20:43:49.012+0800][2.106s][info][gc,heap      ] GC(28) Old regions: 1->1
[2025-12-16T20:43:49.012+0800][2.106s][info][gc,heap      ] GC(28) Humongous regions: 0->0
[2025-12-16T20:43:49.012+0800][2.106s][info][gc,metaspace ] GC(28) Metaspace: 3388K(4864K)->3388K(4864K) NonClass: 3083K(4352K)->3083K(4352K) Class: 305K(512K)->305K(512K)
[2025-12-16T20:43:49.012+0800][2.106s][info][gc           ] GC(28) Pause Young (Normal) (G1 Evacuation Pause) 183M->0M(308M) 0.199ms
[2025-12-16T20:43:49.012+0800][2.106s][info][gc,cpu       ] GC(28) User=0.00s Sys=0.00s Real=0.00s
[2025-12-16T20:43:49.085+0800][2.179s][info][gc,start     ] GC(29) Pause Young (Normal) (G1 Evacuation Pause)
[2025-12-16T20:43:49.085+0800][2.179s][info][gc,task      ] GC(29) Using 7 workers of 9 for evacuation
[2025-12-16T20:43:49.085+0800][2.180s][info][gc,phases    ] GC(29)   Pre Evacuate Collection Set: 0.0ms
[2025-12-16T20:43:49.085+0800][2.180s][info][gc,phases    ] GC(29)   Evacuate Collection Set: 0.1ms
[2025-12-16T20:43:49.085+0800][2.180s][info][gc,phases    ] GC(29)   Post Evacuate Collection Set: 0.0ms
[2025-12-16T20:43:49.085+0800][2.180s][info][gc,phases    ] GC(29)   Other: 0.0ms
[2025-12-16T20:43:49.085+0800][2.180s][info][gc,heap      ] GC(29) Eden regions: 183->0(183)
[2025-12-16T20:43:49.085+0800][2.180s][info][gc,heap      ] GC(29) Survivor regions: 1->1(23)
[2025-12-16T20:43:49.085+0800][2.180s][info][gc,heap      ] GC(29) Old regions: 1->1
[2025-12-16T20:43:49.085+0800][2.180s][info][gc,heap      ] GC(29) Humongous regions: 0->0
[2025-12-16T20:43:49.085+0800][2.180s][info][gc,metaspace ] GC(29) Metaspace: 3388K(4864K)->3388K(4864K) NonClass: 3083K(4352K)->3083K(4352K) Class: 305K(512K)->305K(512K)
[2025-12-16T20:43:49.085+0800][2.180s][info][gc           ] GC(29) Pause Young (Normal) (G1 Evacuation Pause) 183M->0M(308M) 0.224ms
[2025-12-16T20:43:49.085+0800][2.180s][info][gc,cpu       ] GC(29) User=0.00s Sys=0.00s Real=0.00s
[2025-12-16T20:43:49.158+0800][2.253s][info][gc,start     ] GC(30) Pause Young (Normal) (G1 Evacuation Pause)
[2025-12-16T20:43:49.158+0800][2.253s][info][gc,task      ] GC(30) Using 7 workers of 9 for evacuation
[2025-12-16T20:43:49.158+0800][2.253s][info][gc,phases    ] GC(30)   Pre Evacuate Collection Set: 0.0ms
[2025-12-16T20:43:49.158+0800][2.253s][info][gc,phases    ] GC(30)   Evacuate Collection Set: 0.1ms
[2025-12-16T20:43:49.158+0800][2.253s][info][gc,phases    ] GC(30)   Post Evacuate Collection Set: 0.0ms
[2025-12-16T20:43:49.159+0800][2.253s][info][gc,phases    ] GC(30)   Other: 0.0ms
[2025-12-16T20:43:49.159+0800][2.253s][info][gc,heap      ] GC(30) Eden regions: 183->0(183)
[2025-12-16T20:43:49.159+0800][2.253s][info][gc,heap      ] GC(30) Survivor regions: 1->1(23)
[2025-12-16T20:43:49.159+0800][2.253s][info][gc,heap      ] GC(30) Old regions: 1->1
[2025-12-16T20:43:49.159+0800][2.253s][info][gc,heap      ] GC(30) Humongous regions: 0->0
[2025-12-16T20:43:49.159+0800][2.253s][info][gc,metaspace ] GC(30) Metaspace: 3388K(4864K)->3388K(4864K) NonClass: 3083K(4352K)->3083K(4352K) Class: 305K(512K)->305K(512K)
[2025-12-16T20:43:49.159+0800][2.253s][info][gc           ] GC(30) Pause Young (Normal) (G1 Evacuation Pause) 183M->0M(308M) 0.212ms
[2025-12-16T20:43:49.159+0800][2.253s][info][gc,cpu       ] GC(30) User=0.00s Sys=0.00s Real=0.00s
[2025-12-16T20:43:49.232+0800][2.327s][info][gc,start     ] GC(31) Pause Young (Normal) (G1 Evacuation Pause)
[2025-12-16T20:43:49.232+0800][2.327s][info][gc,task      ] GC(31) Using 7 workers of 9 for evacuation
[2025-12-16T20:43:49.232+0800][2.327s][info][gc,phases    ] GC(31)   Pre Evacuate Collection Set: 0.0ms
[2025-12-16T20:43:49.232+0800][2.327s][info][gc,phases    ] GC(31)   Evacuate Collection Set: 0.1ms
[2025-12-16T20:43:49.232+0800][2.327s][info][gc,phases    ] GC(31)   Post Evacuate Collection Set: 0.1ms
[2025-12-16T20:43:49.232+0800][2.327s][info][gc,phases    ] GC(31)   Other: 0.1ms
[2025-12-16T20:43:49.232+0800][2.327s][info][gc,heap      ] GC(31) Eden regions: 183->0(183)
[2025-12-16T20:43:49.232+0800][2.327s][info][gc,heap      ] GC(31) Survivor regions: 1->1(23)
[2025-12-16T20:43:49.232+0800][2.327s][info][gc,heap      ] GC(31) Old regions: 1->1
[2025-12-16T20:43:49.232+0800][2.327s][info][gc,heap      ] GC(31) Humongous regions: 0->0
[2025-12-16T20:43:49.233+0800][2.327s][info][gc,metaspace ] GC(31) Metaspace: 3388K(4864K)->3388K(4864K) NonClass: 3083K(4352K)->3083K(4352K) Class: 305K(512K)->305K(512K)
[2025-12-16T20:43:49.233+0800][2.327s][info][gc           ] GC(31) Pause Young (Normal) (G1 Evacuation Pause) 183M->0M(308M) 0.203ms
[2025-12-16T20:43:49.233+0800][2.327s][info][gc,cpu       ] GC(31) User=0.00s Sys=0.00s Real=0.00s
[2025-12-16T20:43:49.308+0800][2.403s][info][gc,start     ] GC(32) Pause Young (Normal) (G1 Evacuation Pause)
[2025-12-16T20:43:49.308+0800][2.403s][info][gc,task      ] GC(32) Using 7 workers of 9 for evacuation
[2025-12-16T20:43:49.308+0800][2.403s][info][gc,phases    ] GC(32)   Pre Evacuate Collection Set: 0.0ms
[2025-12-16T20:43:49.308+0800][2.403s][info][gc,phases    ] GC(32)   Evacuate Collection Set: 0.1ms
[2025-12-16T20:43:49.308+0800][2.403s][info][gc,phases    ] GC(32)   Post Evacuate Collection Set: 0.1ms
[2025-12-16T20:43:49.308+0800][2.403s][info][gc,phases    ] GC(32)   Other: 0.0ms
[2025-12-16T20:43:49.308+0800][2.403s][info][gc,heap      ] GC(32) Eden regions: 183->0(183)
[2025-12-16T20:43:49.308+0800][2.403s][info][gc,heap      ] GC(32) Survivor regions: 1->1(23)
[2025-12-16T20:43:49.308+0800][2.403s][info][gc,heap      ] GC(32) Old regions: 1->1
[2025-12-16T20:43:49.308+0800][2.403s][info][gc,heap      ] GC(32) Humongous regions: 0->0
[2025-12-16T20:43:49.308+0800][2.403s][info][gc,metaspace ] GC(32) Metaspace: 3388K(4864K)->3388K(4864K) NonClass: 3083K(4352K)->3083K(4352K) Class: 305K(512K)->305K(512K)
[2025-12-16T20:43:49.308+0800][2.403s][info][gc           ] GC(32) Pause Young (Normal) (G1 Evacuation Pause) 183M->0M(308M) 0.217ms
[2025-12-16T20:43:49.308+0800][2.403s][info][gc,cpu       ] GC(32) User=0.00s Sys=0.00s Real=0.00s
[2025-12-16T20:43:49.383+0800][2.478s][info][gc,start     ] GC(33) Pause Young (Normal) (G1 Evacuation Pause)
[2025-12-16T20:43:49.383+0800][2.478s][info][gc,task      ] GC(33) Using 7 workers of 9 for evacuation
[2025-12-16T20:43:49.383+0800][2.478s][info][gc,phases    ] GC(33)   Pre Evacuate Collection Set: 0.0ms
[2025-12-16T20:43:49.383+0800][2.478s][info][gc,phases    ] GC(33)   Evacuate Collection Set: 0.1ms
[2025-12-16T20:43:49.383+0800][2.478s][info][gc,phases    ] GC(33)   Post Evacuate Collection Set: 0.1ms
[2025-12-16T20:43:49.383+0800][2.478s][info][gc,phases    ] GC(33)   Other: 0.0ms
[2025-12-16T20:43:49.383+0800][2.478s][info][gc,heap      ] GC(33) Eden regions: 183->0(183)
[2025-12-16T20:43:49.383+0800][2.478s][info][gc,heap      ] GC(33) Survivor regions: 1->1(23)
[2025-12-16T20:43:49.383+0800][2.478s][info][gc,heap      ] GC(33) Old regions: 1->1
[2025-12-16T20:43:49.383+0800][2.478s][info][gc,heap      ] GC(33) Humongous regions: 0->0
[2025-12-16T20:43:49.383+0800][2.478s][info][gc,metaspace ] GC(33) Metaspace: 3388K(4864K)->3388K(4864K) NonClass: 3083K(4352K)->3083K(4352K) Class: 305K(512K)->305K(512K)
[2025-12-16T20:43:49.383+0800][2.478s][info][gc           ] GC(33) Pause Young (Normal) (G1 Evacuation Pause) 183M->0M(308M) 0.227ms
[2025-12-16T20:43:49.383+0800][2.478s][info][gc,cpu       ] GC(33) User=0.00s Sys=0.00s Real=0.00s
[2025-12-16T20:43:49.458+0800][2.553s][info][gc,start     ] GC(34) Pause Young (Normal) (G1 Evacuation Pause)
[2025-12-16T20:43:49.458+0800][2.553s][info][gc,task      ] GC(34) Using 7 workers of 9 for evacuation
[2025-12-16T20:43:49.458+0800][2.553s][info][gc,phases    ] GC(34)   Pre Evacuate Collection Set: 0.0ms
[2025-12-16T20:43:49.458+0800][2.553s][info][gc,phases    ] GC(34)   Evacuate Collection Set: 0.1ms
[2025-12-16T20:43:49.458+0800][2.553s][info][gc,phases    ] GC(34)   Post Evacuate Collection Set: 0.1ms
[2025-12-16T20:43:49.458+0800][2.553s][info][gc,phases    ] GC(34)   Other: 0.0ms
[2025-12-16T20:43:49.458+0800][2.553s][info][gc,heap      ] GC(34) Eden regions: 183->0(183)
[2025-12-16T20:43:49.458+0800][2.553s][info][gc,heap      ] GC(34) Survivor regions: 1->1(23)
[2025-12-16T20:43:49.458+0800][2.553s][info][gc,heap      ] GC(34) Old regions: 1->1
[2025-12-16T20:43:49.458+0800][2.553s][info][gc,heap      ] GC(34) Humongous regions: 0->0
[2025-12-16T20:43:49.458+0800][2.553s][info][gc,metaspace ] GC(34) Metaspace: 3388K(4864K)->3388K(4864K) NonClass: 3083K(4352K)->3083K(4352K) Class: 305K(512K)->305K(512K)
[2025-12-16T20:43:49.458+0800][2.553s][info][gc           ] GC(34) Pause Young (Normal) (G1 Evacuation Pause) 183M->0M(308M) 0.219ms
[2025-12-16T20:43:49.458+0800][2.553s][info][gc,cpu       ] GC(34) User=0.00s Sys=0.00s Real=0.00s
[2025-12-16T20:43:49.530+0800][2.625s][info][gc,start     ] GC(35) Pause Young (Normal) (G1 Evacuation Pause)
[2025-12-16T20:43:49.530+0800][2.625s][info][gc,task      ] GC(35) Using 7 workers of 9 for evacuation
[2025-12-16T20:43:49.530+0800][2.625s][info][gc,phases    ] GC(35)   Pre Evacuate Collection Set: 0.0ms
[2025-12-16T20:43:49.530+0800][2.625s][info][gc,phases    ] GC(35)   Evacuate Collection Set: 0.1ms
[2025-12-16T20:43:49.530+0800][2.625s][info][gc,phases    ] GC(35)   Post Evacuate Collection Set: 0.0ms
[2025-12-16T20:43:49.530+0800][2.625s][info][gc,phases    ] GC(35)   Other: 0.0ms
[2025-12-16T20:43:49.530+0800][2.625s][info][gc,heap      ] GC(35) Eden regions: 183->0(183)
[2025-12-16T20:43:49.530+0800][2.625s][info][gc,heap      ] GC(35) Survivor regions: 1->1(23)
[2025-12-16T20:43:49.531+0800][2.625s][info][gc,heap      ] GC(35) Old regions: 1->1
[2025-12-16T20:43:49.531+0800][2.625s][info][gc,heap      ] GC(35) Humongous regions: 0->0
[2025-12-16T20:43:49.531+0800][2.625s][info][gc,metaspace ] GC(35) Metaspace: 3388K(4864K)->3388K(4864K) NonClass: 3083K(4352K)->3083K(4352K) Class: 305K(512K)->305K(512K)
[2025-12-16T20:43:49.531+0800][2.625s][info][gc           ] GC(35) Pause Young (Normal) (G1 Evacuation Pause) 183M->0M(308M) 0.227ms
[2025-12-16T20:43:49.531+0800][2.625s][info][gc,cpu       ] GC(35) User=0.01s Sys=0.00s Real=0.00s
[2025-12-16T20:43:49.604+0800][2.699s][info][gc,start     ] GC(36) Pause Young (Normal) (G1 Evacuation Pause)
[2025-12-16T20:43:49.605+0800][2.699s][info][gc,task      ] GC(36) Using 7 workers of 9 for evacuation
[2025-12-16T20:43:49.605+0800][2.700s][info][gc,phases    ] GC(36)   Pre Evacuate Collection Set: 0.0ms
[2025-12-16T20:43:49.605+0800][2.700s][info][gc,phases    ] GC(36)   Evacuate Collection Set: 0.1ms
[2025-12-16T20:43:49.605+0800][2.700s][info][gc,phases    ] GC(36)   Post Evacuate Collection Set: 0.0ms
[2025-12-16T20:43:49.605+0800][2.700s][info][gc,phases    ] GC(36)   Other: 0.0ms
[2025-12-16T20:43:49.605+0800][2.700s][info][gc,heap      ] GC(36) Eden regions: 183->0(183)
[2025-12-16T20:43:49.605+0800][2.700s][info][gc,heap      ] GC(36) Survivor regions: 1->1(23)
[2025-12-16T20:43:49.605+0800][2.700s][info][gc,heap      ] GC(36) Old regions: 1->1
[2025-12-16T20:43:49.605+0800][2.700s][info][gc,heap      ] GC(36) Humongous regions: 0->0
[2025-12-16T20:43:49.605+0800][2.700s][info][gc,metaspace ] GC(36) Metaspace: 3388K(4864K)->3388K(4864K) NonClass: 3083K(4352K)->3083K(4352K) Class: 305K(512K)->305K(512K)
[2025-12-16T20:43:49.605+0800][2.700s][info][gc           ] GC(36) Pause Young (Normal) (G1 Evacuation Pause) 183M->0M(308M) 0.188ms
[2025-12-16T20:43:49.605+0800][2.700s][info][gc,cpu       ] GC(36) User=0.00s Sys=0.00s Real=0.00s
[2025-12-16T20:43:49.680+0800][2.775s][info][gc,start     ] GC(37) Pause Young (Normal) (G1 Evacuation Pause)
[2025-12-16T20:43:49.680+0800][2.775s][info][gc,task      ] GC(37) Using 7 workers of 9 for evacuation
[2025-12-16T20:43:49.680+0800][2.775s][info][gc,phases    ] GC(37)   Pre Evacuate Collection Set: 0.0ms
[2025-12-16T20:43:49.680+0800][2.775s][info][gc,phases    ] GC(37)   Evacuate Collection Set: 0.1ms
[2025-12-16T20:43:49.680+0800][2.775s][info][gc,phases    ] GC(37)   Post Evacuate Collection Set: 0.1ms
[2025-12-16T20:43:49.680+0800][2.775s][info][gc,phases    ] GC(37)   Other: 0.1ms
[2025-12-16T20:43:49.680+0800][2.775s][info][gc,heap      ] GC(37) Eden regions: 183->0(183)
[2025-12-16T20:43:49.680+0800][2.775s][info][gc,heap      ] GC(37) Survivor regions: 1->1(23)
[2025-12-16T20:43:49.680+0800][2.775s][info][gc,heap      ] GC(37) Old regions: 1->1
[2025-12-16T20:43:49.680+0800][2.775s][info][gc,heap      ] GC(37) Humongous regions: 0->0
[2025-12-16T20:43:49.680+0800][2.775s][info][gc,metaspace ] GC(37) Metaspace: 3388K(4864K)->3388K(4864K) NonClass: 3083K(4352K)->3083K(4352K) Class: 305K(512K)->305K(512K)
[2025-12-16T20:43:49.680+0800][2.775s][info][gc           ] GC(37) Pause Young (Normal) (G1 Evacuation Pause) 183M->0M(308M) 0.227ms
[2025-12-16T20:43:49.680+0800][2.775s][info][gc,cpu       ] GC(37) User=0.00s Sys=0.00s Real=0.00s
[2025-12-16T20:43:49.753+0800][2.847s][info][gc,start     ] GC(38) Pause Young (Normal) (G1 Evacuation Pause)
[2025-12-16T20:43:49.753+0800][2.847s][info][gc,task      ] GC(38) Using 7 workers of 9 for evacuation
[2025-12-16T20:43:49.753+0800][2.848s][info][gc,phases    ] GC(38)   Pre Evacuate Collection Set: 0.0ms
[2025-12-16T20:43:49.753+0800][2.848s][info][gc,phases    ] GC(38)   Evacuate Collection Set: 0.1ms
[2025-12-16T20:43:49.753+0800][2.848s][info][gc,phases    ] GC(38)   Post Evacuate Collection Set: 0.1ms
[2025-12-16T20:43:49.753+0800][2.848s][info][gc,phases    ] GC(38)   Other: 0.0ms
[2025-12-16T20:43:49.753+0800][2.848s][info][gc,heap      ] GC(38) Eden regions: 183->0(183)
[2025-12-16T20:43:49.753+0800][2.848s][info][gc,heap      ] GC(38) Survivor regions: 1->1(23)
[2025-12-16T20:43:49.753+0800][2.848s][info][gc,heap      ] GC(38) Old regions: 1->1
[2025-12-16T20:43:49.753+0800][2.848s][info][gc,heap      ] GC(38) Humongous regions: 0->0
[2025-12-16T20:43:49.753+0800][2.848s][info][gc,metaspace ] GC(38) Metaspace: 3388K(4864K)->3388K(4864K) NonClass: 3083K(4352K)->3083K(4352K) Class: 305K(512K)->305K(512K)
[2025-12-16T20:43:49.753+0800][2.848s][info][gc           ] GC(38) Pause Young (Normal) (G1 Evacuation Pause) 183M->0M(308M) 0.218ms
[2025-12-16T20:43:49.753+0800][2.848s][info][gc,cpu       ] GC(38) User=0.00s Sys=0.00s Real=0.00s
[2025-12-16T20:43:49.826+0800][2.921s][info][gc,start     ] GC(39) Pause Young (Normal) (G1 Evacuation Pause)
[2025-12-16T20:43:49.826+0800][2.921s][info][gc,task      ] GC(39) Using 7 workers of 9 for evacuation
[2025-12-16T20:43:49.826+0800][2.921s][info][gc,phases    ] GC(39)   Pre Evacuate Collection Set: 0.0ms
[2025-12-16T20:43:49.826+0800][2.921s][info][gc,phases    ] GC(39)   Evacuate Collection Set: 0.1ms
[2025-12-16T20:43:49.826+0800][2.921s][info][gc,phases    ] GC(39)   Post Evacuate Collection Set: 0.0ms
[2025-12-16T20:43:49.826+0800][2.921s][info][gc,phases    ] GC(39)   Other: 0.0ms
[2025-12-16T20:43:49.826+0800][2.921s][info][gc,heap      ] GC(39) Eden regions: 183->0(183)
[2025-12-16T20:43:49.826+0800][2.921s][info][gc,heap      ] GC(39) Survivor regions: 1->1(23)
[2025-12-16T20:43:49.826+0800][2.921s][info][gc,heap      ] GC(39) Old regions: 1->1
[2025-12-16T20:43:49.826+0800][2.921s][info][gc,heap      ] GC(39) Humongous regions: 0->0
[2025-12-16T20:43:49.826+0800][2.921s][info][gc,metaspace ] GC(39) Metaspace: 3391K(4864K)->3391K(4864K) NonClass: 3085K(4352K)->3085K(4352K) Class: 305K(512K)->305K(512K)
[2025-12-16T20:43:49.826+0800][2.921s][info][gc           ] GC(39) Pause Young (Normal) (G1 Evacuation Pause) 183M->0M(308M) 0.194ms
[2025-12-16T20:43:49.826+0800][2.921s][info][gc,cpu       ] GC(39) User=0.00s Sys=0.00s Real=0.00s
[2025-12-16T20:43:49.826+0800][2.921s][info][gc,heap,exit ] Heap
[2025-12-16T20:43:49.826+0800][2.921s][info][gc,heap,exit ]  garbage-first heap   total 315392K, used 519K [0x0000000300800000, 0x0000000400800000)
[2025-12-16T20:43:49.826+0800][2.921s][info][gc,heap,exit ]   region size 1024K, 2 young (2048K), 1 survivors (1024K)
[2025-12-16T20:43:49.826+0800][2.921s][info][gc,heap,exit ]  Metaspace       used 3397K, capacity 4486K, committed 4864K, reserved 1056768K
[2025-12-16T20:43:49.826+0800][2.921s][info][gc,heap,exit ]   class space    used 306K, capacity 386K, committed 512K, reserved 1048576K
