[2025-12-16T20:43:57.875+0800][0.003s][info][gc] Using Parallel
[2025-12-16T20:43:57.876+0800][0.004s][info][gc,init] Version: 17.0.17+0 (release)
[2025-12-16T20:43:57.876+0800][0.004s][info][gc,init] CPUs: 10 total, 10 available
[2025-12-16T20:43:57.876+0800][0.004s][info][gc,init] Memory: 16384M
[2025-12-16T20:43:57.876+0800][0.004s][info][gc,init] Large Page Support: Disabled
[2025-12-16T20:43:57.876+0800][0.004s][info][gc,init] NUMA Support: Disabled
[2025-12-16T20:43:57.876+0800][0.004s][info][gc,init] Compressed Oops: Enabled (Zero based)
[2025-12-16T20:43:57.876+0800][0.004s][info][gc,init] Alignments: Space 512K, Generation 512K, Heap 8M
[2025-12-16T20:43:57.876+0800][0.004s][info][gc,init] Heap Min Capacity: 8M
[2025-12-16T20:43:57.876+0800][0.004s][info][gc,init] Heap Initial Capacity: 256M
[2025-12-16T20:43:57.876+0800][0.004s][info][gc,init] Heap Max Capacity: 4G
[2025-12-16T20:43:57.876+0800][0.004s][info][gc,init] Pre-touch: Disabled
[2025-12-16T20:43:57.876+0800][0.004s][info][gc,init] Parallel Workers: 9
[2025-12-16T20:43:57.878+0800][0.006s][info][gc,metaspace] CDS archive(s) mapped at: [0x0000007000000000-0x0000007000bc0000-0x0000007000bc0000), size 12320768, SharedBaseAddress: 0x0000007000000000, ArchiveRelocationMode: 1.
[2025-12-16T20:43:57.878+0800][0.006s][info][gc,metaspace] Compressed class space mapped at: 0x0000007001000000-0x0000007041000000, reserved size: 1073741824
[2025-12-16T20:43:57.878+0800][0.006s][info][gc,metaspace] Narrow klass base: 0x0000007000000000, Narrow klass shift: 0, Narrow klass range: 0x100000000
[2025-12-16T20:43:57.915+0800][0.043s][info][gc,start    ] GC(0) Pause Young (Allocation Failure)
[2025-12-16T20:43:57.915+0800][0.043s][info][gc,heap     ] GC(0) PSYoungGen: 65536K(76288K)->528K(76288K) Eden: 65536K(65536K)->0K(65536K) From: 0K(10752K)->528K(10752K)
[2025-12-16T20:43:57.916+0800][0.043s][info][gc,heap     ] GC(0) ParOldGen: 0K(175104K)->8K(175104K)
[2025-12-16T20:43:57.916+0800][0.043s][info][gc,metaspace] GC(0) Metaspace: 137K(320K)->137K(320K) NonClass: 128K(192K)->128K(192K) Class: 9K(128K)->9K(128K)
[2025-12-16T20:43:57.916+0800][0.043s][info][gc          ] GC(0) Pause Young (Allocation Failure) 64M->0M(245M) 0.377ms
[2025-12-16T20:43:57.916+0800][0.043s][info][gc,cpu      ] GC(0) User=0.00s Sys=0.00s Real=0.00s
[2025-12-16T20:43:57.942+0800][0.070s][info][gc,start    ] GC(1) Pause Young (Allocation Failure)
[2025-12-16T20:43:57.942+0800][0.070s][info][gc,heap     ] GC(1) PSYoungGen: 66064K(76288K)->544K(76288K) Eden: 65536K(65536K)->0K(65536K) From: 528K(10752K)->544K(10752K)
[2025-12-16T20:43:57.942+0800][0.070s][info][gc,heap     ] GC(1) ParOldGen: 8K(175104K)->16K(175104K)
[2025-12-16T20:43:57.942+0800][0.070s][info][gc,metaspace] GC(1) Metaspace: 138K(320K)->138K(320K) NonClass: 129K(192K)->129K(192K) Class: 9K(128K)->9K(128K)
[2025-12-16T20:43:57.942+0800][0.070s][info][gc          ] GC(1) Pause Young (Allocation Failure) 64M->0M(245M) 0.290ms
[2025-12-16T20:43:57.942+0800][0.070s][info][gc,cpu      ] GC(1) User=0.00s Sys=0.00s Real=0.00s
[2025-12-16T20:43:57.968+0800][0.096s][info][gc,start    ] GC(2) Pause Young (Allocation Failure)
[2025-12-16T20:43:57.968+0800][0.096s][info][gc,heap     ] GC(2) PSYoungGen: 66080K(76288K)->560K(76288K) Eden: 65536K(65536K)->0K(65536K) From: 544K(10752K)->560K(10752K)
[2025-12-16T20:43:57.968+0800][0.096s][info][gc,heap     ] GC(2) ParOldGen: 16K(175104K)->16K(175104K)
[2025-12-16T20:43:57.968+0800][0.096s][info][gc,metaspace] GC(2) Metaspace: 138K(320K)->138K(320K) NonClass: 129K(192K)->129K(192K) Class: 9K(128K)->9K(128K)
[2025-12-16T20:43:57.968+0800][0.096s][info][gc          ] GC(2) Pause Young (Allocation Failure) 64M->0M(245M) 0.271ms
[2025-12-16T20:43:57.968+0800][0.096s][info][gc,cpu      ] GC(2) User=0.00s Sys=0.00s Real=0.00s
[2025-12-16T20:43:57.993+0800][0.121s][info][gc,start    ] GC(3) Pause Young (Allocation Failure)
[2025-12-16T20:43:57.994+0800][0.122s][info][gc,heap     ] GC(3) PSYoungGen: 66096K(76288K)->528K(76288K) Eden: 65536K(65536K)->0K(65536K) From: 560K(10752K)->528K(10752K)
[2025-12-16T20:43:57.994+0800][0.122s][info][gc,heap     ] GC(3) ParOldGen: 16K(175104K)->16K(175104K)
[2025-12-16T20:43:57.994+0800][0.122s][info][gc,metaspace] GC(3) Metaspace: 138K(320K)->138K(320K) NonClass: 129K(192K)->129K(192K) Class: 9K(128K)->9K(128K)
[2025-12-16T20:43:57.994+0800][0.122s][info][gc          ] GC(3) Pause Young (Allocation Failure) 64M->0M(245M) 0.298ms
[2025-12-16T20:43:57.994+0800][0.122s][info][gc,cpu      ] GC(3) User=0.00s Sys=0.00s Real=0.00s
[2025-12-16T20:43:58.019+0800][0.147s][info][gc,start    ] GC(4) Pause Young (Allocation Failure)
[2025-12-16T20:43:58.019+0800][0.147s][info][gc,heap     ] GC(4) PSYoungGen: 66064K(76288K)->528K(65024K) Eden: 65536K(65536K)->0K(64000K) From: 528K(10752K)->528K(1024K)
[2025-12-16T20:43:58.019+0800][0.147s][info][gc,heap     ] GC(4) ParOldGen: 16K(175104K)->16K(175104K)
[2025-12-16T20:43:58.019+0800][0.147s][info][gc,metaspace] GC(4) Metaspace: 138K(320K)->138K(320K) NonClass: 129K(192K)->129K(192K) Class: 9K(128K)->9K(128K)
[2025-12-16T20:43:58.019+0800][0.147s][info][gc          ] GC(4) Pause Young (Allocation Failure) 64M->0M(234M) 0.293ms
[2025-12-16T20:43:58.019+0800][0.147s][info][gc,cpu      ] GC(4) User=0.00s Sys=0.00s Real=0.00s
[2025-12-16T20:43:58.044+0800][0.172s][info][gc,start    ] GC(5) Pause Young (Allocation Failure)
[2025-12-16T20:43:58.044+0800][0.172s][info][gc,heap     ] GC(5) PSYoungGen: 64528K(65024K)->528K(63488K) Eden: 64000K(64000K)->0K(62464K) From: 528K(1024K)->528K(1024K)
[2025-12-16T20:43:58.044+0800][0.172s][info][gc,heap     ] GC(5) ParOldGen: 16K(175104K)->16K(175104K)
[2025-12-16T20:43:58.044+0800][0.172s][info][gc,metaspace] GC(5) Metaspace: 138K(320K)->138K(320K) NonClass: 129K(192K)->129K(192K) Class: 9K(128K)->9K(128K)
[2025-12-16T20:43:58.044+0800][0.172s][info][gc          ] GC(5) Pause Young (Allocation Failure) 63M->0M(233M) 0.240ms
[2025-12-16T20:43:58.044+0800][0.172s][info][gc,cpu      ] GC(5) User=0.00s Sys=0.00s Real=0.00s
[2025-12-16T20:43:58.069+0800][0.197s][info][gc,start    ] GC(6) Pause Young (Allocation Failure)
[2025-12-16T20:43:58.069+0800][0.197s][info][gc,heap     ] GC(6) PSYoungGen: 62992K(63488K)->64K(75776K) Eden: 62464K(62464K)->0K(74752K) From: 528K(1024K)->64K(1024K)
[2025-12-16T20:43:58.069+0800][0.197s][info][gc,heap     ] GC(6) ParOldGen: 16K(175104K)->496K(175104K)
[2025-12-16T20:43:58.069+0800][0.197s][info][gc,metaspace] GC(6) Metaspace: 138K(320K)->138K(320K) NonClass: 129K(192K)->129K(192K) Class: 9K(128K)->9K(128K)
[2025-12-16T20:43:58.069+0800][0.197s][info][gc          ] GC(6) Pause Young (Allocation Failure) 61M->0M(245M) 0.357ms
[2025-12-16T20:43:58.069+0800][0.197s][info][gc,cpu      ] GC(6) User=0.00s Sys=0.00s Real=0.00s
[2025-12-16T20:43:58.099+0800][0.227s][info][gc,start    ] GC(7) Pause Young (Allocation Failure)
[2025-12-16T20:43:58.099+0800][0.227s][info][gc,heap     ] GC(7) PSYoungGen: 74816K(75776K)->64K(73728K) Eden: 74752K(74752K)->0K(73216K) From: 64K(1024K)->64K(512K)
[2025-12-16T20:43:58.099+0800][0.227s][info][gc,heap     ] GC(7) ParOldGen: 496K(175104K)->496K(175104K)
[2025-12-16T20:43:58.099+0800][0.227s][info][gc,metaspace] GC(7) Metaspace: 138K(320K)->138K(320K) NonClass: 129K(192K)->129K(192K) Class: 9K(128K)->9K(128K)
[2025-12-16T20:43:58.099+0800][0.227s][info][gc          ] GC(7) Pause Young (Allocation Failure) 73M->0M(243M) 0.111ms
[2025-12-16T20:43:58.099+0800][0.227s][info][gc,cpu      ] GC(7) User=0.00s Sys=0.00s Real=0.00s
[2025-12-16T20:43:58.128+0800][0.256s][info][gc,start    ] GC(8) Pause Young (Allocation Failure)
[2025-12-16T20:43:58.128+0800][0.256s][info][gc,heap     ] GC(8) PSYoungGen: 73280K(73728K)->128K(72704K) Eden: 73216K(73216K)->0K(71680K) From: 64K(512K)->128K(1024K)
[2025-12-16T20:43:58.128+0800][0.256s][info][gc,heap     ] GC(8) ParOldGen: 496K(175104K)->496K(175104K)
[2025-12-16T20:43:58.128+0800][0.256s][info][gc,metaspace] GC(8) Metaspace: 138K(320K)->138K(320K) NonClass: 129K(192K)->129K(192K) Class: 9K(128K)->9K(128K)
[2025-12-16T20:43:58.128+0800][0.256s][info][gc          ] GC(8) Pause Young (Allocation Failure) 72M->0M(242M) 0.118ms
[2025-12-16T20:43:58.128+0800][0.256s][info][gc,cpu      ] GC(8) User=0.00s Sys=0.00s Real=0.00s
[2025-12-16T20:43:58.156+0800][0.284s][info][gc,start    ] GC(9) Pause Young (Allocation Failure)
[2025-12-16T20:43:58.156+0800][0.284s][info][gc,heap     ] GC(9) PSYoungGen: 71808K(72704K)->128K(70656K) Eden: 71680K(71680K)->0K(70144K) From: 128K(1024K)->128K(512K)
[2025-12-16T20:43:58.156+0800][0.284s][info][gc,heap     ] GC(9) ParOldGen: 496K(175104K)->496K(175104K)
[2025-12-16T20:43:58.156+0800][0.284s][info][gc,metaspace] GC(9) Metaspace: 138K(320K)->138K(320K) NonClass: 129K(192K)->129K(192K) Class: 9K(128K)->9K(128K)
[2025-12-16T20:43:58.156+0800][0.284s][info][gc          ] GC(9) Pause Young (Allocation Failure) 70M->0M(240M) 0.159ms
[2025-12-16T20:43:58.156+0800][0.284s][info][gc,cpu      ] GC(9) User=0.00s Sys=0.00s Real=0.00s
[2025-12-16T20:43:58.183+0800][0.311s][info][gc,start    ] GC(10) Pause Young (Allocation Failure)
[2025-12-16T20:43:58.184+0800][0.311s][info][gc,heap     ] GC(10) PSYoungGen: 70272K(70656K)->64K(69632K) Eden: 70144K(70144K)->0K(68608K) From: 128K(512K)->64K(1024K)
[2025-12-16T20:43:58.184+0800][0.311s][info][gc,heap     ] GC(10) ParOldGen: 496K(175104K)->496K(175104K)
[2025-12-16T20:43:58.184+0800][0.312s][info][gc,metaspace] GC(10) Metaspace: 138K(320K)->138K(320K) NonClass: 129K(192K)->129K(192K) Class: 9K(128K)->9K(128K)
[2025-12-16T20:43:58.184+0800][0.312s][info][gc          ] GC(10) Pause Young (Allocation Failure) 69M->0M(239M) 0.101ms
[2025-12-16T20:43:58.184+0800][0.312s][info][gc,cpu      ] GC(10) User=0.00s Sys=0.00s Real=0.00s
[2025-12-16T20:43:58.210+0800][0.338s][info][gc,start    ] GC(11) Pause Young (Allocation Failure)
[2025-12-16T20:43:58.210+0800][0.338s][info][gc,heap     ] GC(11) PSYoungGen: 68672K(69632K)->64K(67584K) Eden: 68608K(68608K)->0K(67072K) From: 64K(1024K)->64K(512K)
[2025-12-16T20:43:58.210+0800][0.338s][info][gc,heap     ] GC(11) ParOldGen: 496K(175104K)->496K(175104K)
[2025-12-16T20:43:58.210+0800][0.338s][info][gc,metaspace] GC(11) Metaspace: 138K(320K)->138K(320K) NonClass: 129K(192K)->129K(192K) Class: 9K(128K)->9K(128K)
[2025-12-16T20:43:58.210+0800][0.338s][info][gc          ] GC(11) Pause Young (Allocation Failure) 67M->0M(237M) 0.112ms
[2025-12-16T20:43:58.210+0800][0.338s][info][gc,cpu      ] GC(11) User=0.00s Sys=0.00s Real=0.00s
[2025-12-16T20:43:58.236+0800][0.364s][info][gc,start    ] GC(12) Pause Young (Allocation Failure)
[2025-12-16T20:43:58.236+0800][0.364s][info][gc,heap     ] GC(12) PSYoungGen: 67136K(67584K)->96K(66560K) Eden: 67072K(67072K)->0K(65536K) From: 64K(512K)->96K(1024K)
[2025-12-16T20:43:58.236+0800][0.364s][info][gc,heap     ] GC(12) ParOldGen: 496K(175104K)->496K(175104K)
[2025-12-16T20:43:58.236+0800][0.364s][info][gc,metaspace] GC(12) Metaspace: 138K(320K)->138K(320K) NonClass: 129K(192K)->129K(192K) Class: 9K(128K)->9K(128K)
[2025-12-16T20:43:58.236+0800][0.364s][info][gc          ] GC(12) Pause Young (Allocation Failure) 66M->0M(236M) 0.090ms
[2025-12-16T20:43:58.236+0800][0.364s][info][gc,cpu      ] GC(12) User=0.00s Sys=0.00s Real=0.00s
[2025-12-16T20:43:58.261+0800][0.389s][info][gc,start    ] GC(13) Pause Young (Allocation Failure)
[2025-12-16T20:43:58.261+0800][0.389s][info][gc,heap     ] GC(13) PSYoungGen: 65632K(66560K)->96K(64512K) Eden: 65536K(65536K)->0K(64000K) From: 96K(1024K)->96K(512K)
[2025-12-16T20:43:58.261+0800][0.389s][info][gc,heap     ] GC(13) ParOldGen: 496K(175104K)->496K(175104K)
[2025-12-16T20:43:58.261+0800][0.389s][info][gc,metaspace] GC(13) Metaspace: 138K(320K)->138K(320K) NonClass: 129K(192K)->129K(192K) Class: 9K(128K)->9K(128K)
[2025-12-16T20:43:58.261+0800][0.389s][info][gc          ] GC(13) Pause Young (Allocation Failure) 64M->0M(234M) 0.110ms
[2025-12-16T20:43:58.261+0800][0.389s][info][gc,cpu      ] GC(13) User=0.00s Sys=0.00s Real=0.00s
[2025-12-16T20:43:58.287+0800][0.415s][info][gc,start    ] GC(14) Pause Young (Allocation Failure)
[2025-12-16T20:43:58.287+0800][0.415s][info][gc,heap     ] GC(14) PSYoungGen: 64096K(64512K)->64K(63488K) Eden: 64000K(64000K)->0K(62464K) From: 96K(512K)->64K(1024K)
[2025-12-16T20:43:58.287+0800][0.415s][info][gc,heap     ] GC(14) ParOldGen: 496K(175104K)->496K(175104K)
[2025-12-16T20:43:58.287+0800][0.415s][info][gc,metaspace] GC(14) Metaspace: 138K(320K)->138K(320K) NonClass: 129K(192K)->129K(192K) Class: 9K(128K)->9K(128K)
[2025-12-16T20:43:58.287+0800][0.415s][info][gc          ] GC(14) Pause Young (Allocation Failure) 63M->0M(233M) 0.104ms
[2025-12-16T20:43:58.287+0800][0.415s][info][gc,cpu      ] GC(14) User=0.00s Sys=0.00s Real=0.00s
[2025-12-16T20:43:58.312+0800][0.440s][info][gc,start    ] GC(15) Pause Young (Allocation Failure)
[2025-12-16T20:43:58.312+0800][0.440s][info][gc,heap     ] GC(15) PSYoungGen: 62528K(63488K)->128K(61952K) Eden: 62464K(62464K)->0K(61440K) From: 64K(1024K)->128K(512K)
[2025-12-16T20:43:58.312+0800][0.440s][info][gc,heap     ] GC(15) ParOldGen: 496K(175104K)->496K(175104K)
[2025-12-16T20:43:58.312+0800][0.440s][info][gc,metaspace] GC(15) Metaspace: 138K(320K)->138K(320K) NonClass: 129K(192K)->129K(192K) Class: 9K(128K)->9K(128K)
[2025-12-16T20:43:58.312+0800][0.440s][info][gc          ] GC(15) Pause Young (Allocation Failure) 61M->0M(231M) 0.086ms
[2025-12-16T20:43:58.312+0800][0.440s][info][gc,cpu      ] GC(15) User=0.00s Sys=0.00s Real=0.00s
[2025-12-16T20:43:58.337+0800][0.465s][info][gc,start    ] GC(16) Pause Young (Allocation Failure)
[2025-12-16T20:43:58.337+0800][0.465s][info][gc,heap     ] GC(16) PSYoungGen: 61568K(61952K)->96K(61440K) Eden: 61440K(61440K)->0K(60416K) From: 128K(512K)->96K(1024K)
[2025-12-16T20:43:58.337+0800][0.465s][info][gc,heap     ] GC(16) ParOldGen: 496K(175104K)->496K(175104K)
[2025-12-16T20:43:58.337+0800][0.465s][info][gc,metaspace] GC(16) Metaspace: 138K(320K)->138K(320K) NonClass: 129K(192K)->129K(192K) Class: 9K(128K)->9K(128K)
[2025-12-16T20:43:58.337+0800][0.465s][info][gc          ] GC(16) Pause Young (Allocation Failure) 60M->0M(231M) 0.098ms
[2025-12-16T20:43:58.337+0800][0.465s][info][gc,cpu      ] GC(16) User=0.00s Sys=0.00s Real=0.00s
[2025-12-16T20:43:58.360+0800][0.488s][info][gc,start    ] GC(17) Pause Young (Allocation Failure)
[2025-12-16T20:43:58.360+0800][0.488s][info][gc,heap     ] GC(17) PSYoungGen: 60512K(61440K)->128K(59904K) Eden: 60416K(60416K)->0K(59392K) From: 96K(1024K)->128K(512K)
[2025-12-16T20:43:58.360+0800][0.488s][info][gc,heap     ] GC(17) ParOldGen: 496K(175104K)->496K(175104K)
[2025-12-16T20:43:58.360+0800][0.488s][info][gc,metaspace] GC(17) Metaspace: 138K(320K)->138K(320K) NonClass: 129K(192K)->129K(192K) Class: 9K(128K)->9K(128K)
[2025-12-16T20:43:58.360+0800][0.488s][info][gc          ] GC(17) Pause Young (Allocation Failure) 59M->0M(229M) 0.096ms
[2025-12-16T20:43:58.360+0800][0.488s][info][gc,cpu      ] GC(17) User=0.00s Sys=0.00s Real=0.00s
[2025-12-16T20:43:58.382+0800][0.510s][info][gc,start    ] GC(18) Pause Young (Allocation Failure)
[2025-12-16T20:43:58.382+0800][0.510s][info][gc,heap     ] GC(18) PSYoungGen: 59520K(59904K)->64K(59392K) Eden: 59392K(59392K)->0K(58368K) From: 128K(512K)->64K(1024K)
[2025-12-16T20:43:58.382+0800][0.510s][info][gc,heap     ] GC(18) ParOldGen: 496K(175104K)->496K(175104K)
[2025-12-16T20:43:58.382+0800][0.510s][info][gc,metaspace] GC(18) Metaspace: 138K(320K)->138K(320K) NonClass: 129K(192K)->129K(192K) Class: 9K(128K)->9K(128K)
[2025-12-16T20:43:58.382+0800][0.510s][info][gc          ] GC(18) Pause Young (Allocation Failure) 58M->0M(229M) 0.100ms
[2025-12-16T20:43:58.382+0800][0.510s][info][gc,cpu      ] GC(18) User=0.00s Sys=0.00s Real=0.00s
[2025-12-16T20:43:58.404+0800][0.532s][info][gc,start    ] GC(19) Pause Young (Allocation Failure)
[2025-12-16T20:43:58.404+0800][0.532s][info][gc,heap     ] GC(19) PSYoungGen: 58432K(59392K)->160K(57856K) Eden: 58368K(58368K)->0K(57344K) From: 64K(1024K)->160K(512K)
[2025-12-16T20:43:58.404+0800][0.532s][info][gc,heap     ] GC(19) ParOldGen: 496K(175104K)->496K(175104K)
[2025-12-16T20:43:58.404+0800][0.532s][info][gc,metaspace] GC(19) Metaspace: 138K(320K)->138K(320K) NonClass: 129K(192K)->129K(192K) Class: 9K(128K)->9K(128K)
[2025-12-16T20:43:58.404+0800][0.532s][info][gc          ] GC(19) Pause Young (Allocation Failure) 57M->0M(227M) 0.099ms
[2025-12-16T20:43:58.404+0800][0.532s][info][gc,cpu      ] GC(19) User=0.00s Sys=0.00s Real=0.00s
[2025-12-16T20:43:58.426+0800][0.554s][info][gc,start    ] GC(20) Pause Young (Allocation Failure)
[2025-12-16T20:43:58.426+0800][0.554s][info][gc,heap     ] GC(20) PSYoungGen: 57504K(57856K)->64K(57344K) Eden: 57344K(57344K)->0K(56320K) From: 160K(512K)->64K(1024K)
[2025-12-16T20:43:58.426+0800][0.554s][info][gc,heap     ] GC(20) ParOldGen: 496K(175104K)->496K(175104K)
[2025-12-16T20:43:58.426+0800][0.554s][info][gc,metaspace] GC(20) Metaspace: 138K(320K)->138K(320K) NonClass: 129K(192K)->129K(192K) Class: 9K(128K)->9K(128K)
[2025-12-16T20:43:58.426+0800][0.554s][info][gc          ] GC(20) Pause Young (Allocation Failure) 56M->0M(227M) 0.084ms
[2025-12-16T20:43:58.426+0800][0.554s][info][gc,cpu      ] GC(20) User=0.00s Sys=0.00s Real=0.00s
[2025-12-16T20:43:58.448+0800][0.576s][info][gc,start    ] GC(21) Pause Young (Allocation Failure)
[2025-12-16T20:43:58.448+0800][0.576s][info][gc,heap     ] GC(21) PSYoungGen: 56384K(57344K)->128K(55808K) Eden: 56320K(56320K)->0K(55296K) From: 64K(1024K)->128K(512K)
[2025-12-16T20:43:58.448+0800][0.576s][info][gc,heap     ] GC(21) ParOldGen: 496K(175104K)->496K(175104K)
[2025-12-16T20:43:58.448+0800][0.576s][info][gc,metaspace] GC(21) Metaspace: 138K(320K)->138K(320K) NonClass: 129K(192K)->129K(192K) Class: 9K(128K)->9K(128K)
[2025-12-16T20:43:58.448+0800][0.576s][info][gc          ] GC(21) Pause Young (Allocation Failure) 55M->0M(225M) 0.108ms
[2025-12-16T20:43:58.448+0800][0.576s][info][gc,cpu      ] GC(21) User=0.00s Sys=0.00s Real=0.00s
[2025-12-16T20:43:58.469+0800][0.597s][info][gc,start    ] GC(22) Pause Young (Allocation Failure)
[2025-12-16T20:43:58.469+0800][0.597s][info][gc,heap     ] GC(22) PSYoungGen: 55424K(55808K)->64K(55296K) Eden: 55296K(55296K)->0K(54272K) From: 128K(512K)->64K(1024K)
[2025-12-16T20:43:58.469+0800][0.597s][info][gc,heap     ] GC(22) ParOldGen: 496K(175104K)->496K(175104K)
[2025-12-16T20:43:58.469+0800][0.597s][info][gc,metaspace] GC(22) Metaspace: 138K(320K)->138K(320K) NonClass: 129K(192K)->129K(192K) Class: 9K(128K)->9K(128K)
[2025-12-16T20:43:58.469+0800][0.597s][info][gc          ] GC(22) Pause Young (Allocation Failure) 54M->0M(225M) 0.089ms
[2025-12-16T20:43:58.469+0800][0.597s][info][gc,cpu      ] GC(22) User=0.00s Sys=0.00s Real=0.00s
[2025-12-16T20:43:58.490+0800][0.618s][info][gc,start    ] GC(23) Pause Young (Allocation Failure)
[2025-12-16T20:43:58.490+0800][0.618s][info][gc,heap     ] GC(23) PSYoungGen: 54336K(55296K)->128K(53760K) Eden: 54272K(54272K)->0K(53248K) From: 64K(1024K)->128K(512K)
[2025-12-16T20:43:58.490+0800][0.618s][info][gc,heap     ] GC(23) ParOldGen: 496K(175104K)->496K(175104K)
[2025-12-16T20:43:58.490+0800][0.618s][info][gc,metaspace] GC(23) Metaspace: 138K(320K)->138K(320K) NonClass: 129K(192K)->129K(192K) Class: 9K(128K)->9K(128K)
[2025-12-16T20:43:58.490+0800][0.618s][info][gc          ] GC(23) Pause Young (Allocation Failure) 53M->0M(223M) 0.107ms
[2025-12-16T20:43:58.490+0800][0.618s][info][gc,cpu      ] GC(23) User=0.00s Sys=0.00s Real=0.00s
[2025-12-16T20:43:58.512+0800][0.640s][info][gc,start    ] GC(24) Pause Young (Allocation Failure)
[2025-12-16T20:43:58.512+0800][0.640s][info][gc,heap     ] GC(24) PSYoungGen: 53376K(53760K)->128K(52736K) Eden: 53248K(53248K)->0K(52224K) From: 128K(512K)->128K(512K)
[2025-12-16T20:43:58.512+0800][0.640s][info][gc,heap     ] GC(24) ParOldGen: 496K(175104K)->496K(175104K)
[2025-12-16T20:43:58.512+0800][0.640s][info][gc,metaspace] GC(24) Metaspace: 138K(320K)->138K(320K) NonClass: 129K(192K)->129K(192K) Class: 9K(128K)->9K(128K)
[2025-12-16T20:43:58.512+0800][0.640s][info][gc          ] GC(24) Pause Young (Allocation Failure) 52M->0M(222M) 0.088ms
[2025-12-16T20:43:58.512+0800][0.640s][info][gc,cpu      ] GC(24) User=0.00s Sys=0.00s Real=0.00s
[2025-12-16T20:43:58.533+0800][0.661s][info][gc,start    ] GC(25) Pause Young (Allocation Failure)
[2025-12-16T20:43:58.533+0800][0.661s][info][gc,heap     ] GC(25) PSYoungGen: 52352K(52736K)->128K(51712K) Eden: 52224K(52224K)->0K(51200K) From: 128K(512K)->128K(512K)
[2025-12-16T20:43:58.533+0800][0.661s][info][gc,heap     ] GC(25) ParOldGen: 496K(175104K)->496K(175104K)
[2025-12-16T20:43:58.533+0800][0.661s][info][gc,metaspace] GC(25) Metaspace: 138K(320K)->138K(320K) NonClass: 129K(192K)->129K(192K) Class: 9K(128K)->9K(128K)
[2025-12-16T20:43:58.533+0800][0.661s][info][gc          ] GC(25) Pause Young (Allocation Failure) 51M->0M(221M) 0.095ms
[2025-12-16T20:43:58.533+0800][0.661s][info][gc,cpu      ] GC(25) User=0.00s Sys=0.00s Real=0.00s
[2025-12-16T20:43:58.553+0800][0.680s][info][gc,start    ] GC(26) Pause Young (Allocation Failure)
[2025-12-16T20:43:58.553+0800][0.681s][info][gc,heap     ] GC(26) PSYoungGen: 51328K(51712K)->128K(50688K) Eden: 51200K(51200K)->0K(50176K) From: 128K(512K)->128K(512K)
[2025-12-16T20:43:58.553+0800][0.681s][info][gc,heap     ] GC(26) ParOldGen: 496K(175104K)->496K(175104K)
[2025-12-16T20:43:58.553+0800][0.681s][info][gc,metaspace] GC(26) Metaspace: 138K(320K)->138K(320K) NonClass: 129K(192K)->129K(192K) Class: 9K(128K)->9K(128K)
[2025-12-16T20:43:58.553+0800][0.681s][info][gc          ] GC(26) Pause Young (Allocation Failure) 50M->0M(220M) 0.088ms
[2025-12-16T20:43:58.553+0800][0.681s][info][gc,cpu      ] GC(26) User=0.00s Sys=0.00s Real=0.00s
[2025-12-16T20:43:58.572+0800][0.700s][info][gc,start    ] GC(27) Pause Young (Allocation Failure)
[2025-12-16T20:43:58.572+0800][0.700s][info][gc,heap     ] GC(27) PSYoungGen: 50304K(50688K)->64K(49664K) Eden: 50176K(50176K)->0K(49152K) From: 128K(512K)->64K(512K)
[2025-12-16T20:43:58.572+0800][0.700s][info][gc,heap     ] GC(27) ParOldGen: 496K(175104K)->496K(175104K)
[2025-12-16T20:43:58.572+0800][0.700s][info][gc,metaspace] GC(27) Metaspace: 138K(320K)->138K(320K) NonClass: 129K(192K)->129K(192K) Class: 9K(128K)->9K(128K)
[2025-12-16T20:43:58.572+0800][0.700s][info][gc          ] GC(27) Pause Young (Allocation Failure) 49M->0M(219M) 0.094ms
[2025-12-16T20:43:58.572+0800][0.700s][info][gc,cpu      ] GC(27) User=0.00s Sys=0.00s Real=0.00s
[2025-12-16T20:43:58.591+0800][0.719s][info][gc,start    ] GC(28) Pause Young (Allocation Failure)
[2025-12-16T20:43:58.591+0800][0.719s][info][gc,heap     ] GC(28) PSYoungGen: 49216K(49664K)->128K(48640K) Eden: 49152K(49152K)->0K(48128K) From: 64K(512K)->128K(512K)
[2025-12-16T20:43:58.591+0800][0.719s][info][gc,heap     ] GC(28) ParOldGen: 496K(175104K)->496K(175104K)
[2025-12-16T20:43:58.591+0800][0.719s][info][gc,metaspace] GC(28) Metaspace: 138K(320K)->138K(320K) NonClass: 129K(192K)->129K(192K) Class: 9K(128K)->9K(128K)
[2025-12-16T20:43:58.591+0800][0.719s][info][gc          ] GC(28) Pause Young (Allocation Failure) 48M->0M(218M) 0.087ms
[2025-12-16T20:43:58.591+0800][0.719s][info][gc,cpu      ] GC(28) User=0.00s Sys=0.00s Real=0.00s
[2025-12-16T20:43:58.609+0800][0.737s][info][gc,start    ] GC(29) Pause Young (Allocation Failure)
[2025-12-16T20:43:58.609+0800][0.737s][info][gc,heap     ] GC(29) PSYoungGen: 48256K(48640K)->128K(48128K) Eden: 48128K(48128K)->0K(47616K) From: 128K(512K)->128K(512K)
[2025-12-16T20:43:58.609+0800][0.737s][info][gc,heap     ] GC(29) ParOldGen: 496K(175104K)->496K(175104K)
[2025-12-16T20:43:58.609+0800][0.737s][info][gc,metaspace] GC(29) Metaspace: 138K(320K)->138K(320K) NonClass: 129K(192K)->129K(192K) Class: 9K(128K)->9K(128K)
[2025-12-16T20:43:58.609+0800][0.737s][info][gc          ] GC(29) Pause Young (Allocation Failure) 47M->0M(218M) 0.094ms
[2025-12-16T20:43:58.609+0800][0.737s][info][gc,cpu      ] GC(29) User=0.00s Sys=0.00s Real=0.00s
[2025-12-16T20:43:58.627+0800][0.755s][info][gc,start    ] GC(30) Pause Young (Allocation Failure)
[2025-12-16T20:43:58.627+0800][0.755s][info][gc,heap     ] GC(30) PSYoungGen: 47744K(48128K)->128K(47616K) Eden: 47616K(47616K)->0K(47104K) From: 128K(512K)->128K(512K)
[2025-12-16T20:43:58.627+0800][0.755s][info][gc,heap     ] GC(30) ParOldGen: 496K(175104K)->496K(175104K)
[2025-12-16T20:43:58.627+0800][0.755s][info][gc,metaspace] GC(30) Metaspace: 138K(320K)->138K(320K) NonClass: 129K(192K)->129K(192K) Class: 9K(128K)->9K(128K)
[2025-12-16T20:43:58.627+0800][0.755s][info][gc          ] GC(30) Pause Young (Allocation Failure) 47M->0M(217M) 0.114ms
[2025-12-16T20:43:58.627+0800][0.755s][info][gc,cpu      ] GC(30) User=0.00s Sys=0.00s Real=0.00s
[2025-12-16T20:43:58.645+0800][0.773s][info][gc,start    ] GC(31) Pause Young (Allocation Failure)
[2025-12-16T20:43:58.645+0800][0.773s][info][gc,heap     ] GC(31) PSYoungGen: 47232K(47616K)->96K(47104K) Eden: 47104K(47104K)->0K(46592K) From: 128K(512K)->96K(512K)
[2025-12-16T20:43:58.645+0800][0.773s][info][gc,heap     ] GC(31) ParOldGen: 496K(175104K)->496K(175104K)
[2025-12-16T20:43:58.645+0800][0.773s][info][gc,metaspace] GC(31) Metaspace: 138K(320K)->138K(320K) NonClass: 129K(192K)->129K(192K) Class: 9K(128K)->9K(128K)
[2025-12-16T20:43:58.645+0800][0.773s][info][gc          ] GC(31) Pause Young (Allocation Failure) 46M->0M(217M) 0.086ms
[2025-12-16T20:43:58.645+0800][0.773s][info][gc,cpu      ] GC(31) User=0.00s Sys=0.00s Real=0.00s
[2025-12-16T20:43:58.663+0800][0.791s][info][gc,start    ] GC(32) Pause Young (Allocation Failure)
[2025-12-16T20:43:58.663+0800][0.791s][info][gc,heap     ] GC(32) PSYoungGen: 46688K(47104K)->128K(46592K) Eden: 46592K(46592K)->0K(46080K) From: 96K(512K)->128K(512K)
[2025-12-16T20:43:58.663+0800][0.791s][info][gc,heap     ] GC(32) ParOldGen: 496K(175104K)->496K(175104K)
[2025-12-16T20:43:58.663+0800][0.791s][info][gc,metaspace] GC(32) Metaspace: 138K(320K)->138K(320K) NonClass: 129K(192K)->129K(192K) Class: 9K(128K)->9K(128K)
[2025-12-16T20:43:58.663+0800][0.791s][info][gc          ] GC(32) Pause Young (Allocation Failure) 46M->0M(216M) 0.086ms
[2025-12-16T20:43:58.663+0800][0.791s][info][gc,cpu      ] GC(32) User=0.00s Sys=0.00s Real=0.00s
[2025-12-16T20:43:58.680+0800][0.808s][info][gc,start    ] GC(33) Pause Young (Allocation Failure)
[2025-12-16T20:43:58.680+0800][0.808s][info][gc,heap     ] GC(33) PSYoungGen: 46208K(46592K)->160K(46080K) Eden: 46080K(46080K)->0K(45568K) From: 128K(512K)->160K(512K)
[2025-12-16T20:43:58.680+0800][0.808s][info][gc,heap     ] GC(33) ParOldGen: 496K(175104K)->496K(175104K)
[2025-12-16T20:43:58.680+0800][0.808s][info][gc,metaspace] GC(33) Metaspace: 138K(320K)->138K(320K) NonClass: 129K(192K)->129K(192K) Class: 9K(128K)->9K(128K)
[2025-12-16T20:43:58.680+0800][0.808s][info][gc          ] GC(33) Pause Young (Allocation Failure) 45M->0M(216M) 0.089ms
[2025-12-16T20:43:58.680+0800][0.808s][info][gc,cpu      ] GC(33) User=0.00s Sys=0.00s Real=0.00s
[2025-12-16T20:43:58.698+0800][0.826s][info][gc,start    ] GC(34) Pause Young (Allocation Failure)
[2025-12-16T20:43:58.698+0800][0.826s][info][gc,heap     ] GC(34) PSYoungGen: 45728K(46080K)->160K(45568K) Eden: 45568K(45568K)->0K(45056K) From: 160K(512K)->160K(512K)
[2025-12-16T20:43:58.698+0800][0.826s][info][gc,heap     ] GC(34) ParOldGen: 496K(175104K)->496K(175104K)
[2025-12-16T20:43:58.698+0800][0.826s][info][gc,metaspace] GC(34) Metaspace: 138K(320K)->138K(320K) NonClass: 129K(192K)->129K(192K) Class: 9K(128K)->9K(128K)
[2025-12-16T20:43:58.698+0800][0.826s][info][gc          ] GC(34) Pause Young (Allocation Failure) 45M->0M(215M) 0.080ms
[2025-12-16T20:43:58.698+0800][0.826s][info][gc,cpu      ] GC(34) User=0.00s Sys=0.00s Real=0.00s
[2025-12-16T20:43:58.715+0800][0.843s][info][gc,start    ] GC(35) Pause Young (Allocation Failure)
[2025-12-16T20:43:58.715+0800][0.843s][info][gc,heap     ] GC(35) PSYoungGen: 45216K(45568K)->96K(45056K) Eden: 45056K(45056K)->0K(44544K) From: 160K(512K)->96K(512K)
[2025-12-16T20:43:58.715+0800][0.843s][info][gc,heap     ] GC(35) ParOldGen: 496K(175104K)->496K(175104K)
[2025-12-16T20:43:58.715+0800][0.843s][info][gc,metaspace] GC(35) Metaspace: 138K(320K)->138K(320K) NonClass: 129K(192K)->129K(192K) Class: 9K(128K)->9K(128K)
[2025-12-16T20:43:58.715+0800][0.843s][info][gc          ] GC(35) Pause Young (Allocation Failure) 44M->0M(215M) 0.086ms
[2025-12-16T20:43:58.715+0800][0.843s][info][gc,cpu      ] GC(35) User=0.00s Sys=0.00s Real=0.00s
[2025-12-16T20:43:58.732+0800][0.860s][info][gc,start    ] GC(36) Pause Young (Allocation Failure)
[2025-12-16T20:43:58.733+0800][0.860s][info][gc,heap     ] GC(36) PSYoungGen: 44640K(45056K)->128K(44544K) Eden: 44544K(44544K)->0K(44032K) From: 96K(512K)->128K(512K)
[2025-12-16T20:43:58.733+0800][0.861s][info][gc,heap     ] GC(36) ParOldGen: 496K(175104K)->496K(175104K)
[2025-12-16T20:43:58.733+0800][0.861s][info][gc,metaspace] GC(36) Metaspace: 138K(320K)->138K(320K) NonClass: 129K(192K)->129K(192K) Class: 9K(128K)->9K(128K)
[2025-12-16T20:43:58.733+0800][0.861s][info][gc          ] GC(36) Pause Young (Allocation Failure) 44M->0M(214M) 0.079ms
[2025-12-16T20:43:58.733+0800][0.861s][info][gc,cpu      ] GC(36) User=0.00s Sys=0.00s Real=0.00s
[2025-12-16T20:43:58.749+0800][0.877s][info][gc,start    ] GC(37) Pause Young (Allocation Failure)
[2025-12-16T20:43:58.749+0800][0.877s][info][gc,heap     ] GC(37) PSYoungGen: 44160K(44544K)->128K(44032K) Eden: 44032K(44032K)->0K(43520K) From: 128K(512K)->128K(512K)
[2025-12-16T20:43:58.749+0800][0.877s][info][gc,heap     ] GC(37) ParOldGen: 496K(175104K)->496K(175104K)
[2025-12-16T20:43:58.749+0800][0.877s][info][gc,metaspace] GC(37) Metaspace: 138K(320K)->138K(320K) NonClass: 129K(192K)->129K(192K) Class: 9K(128K)->9K(128K)
[2025-12-16T20:43:58.749+0800][0.877s][info][gc          ] GC(37) Pause Young (Allocation Failure) 43M->0M(214M) 0.076ms
[2025-12-16T20:43:58.749+0800][0.877s][info][gc,cpu      ] GC(37) User=0.00s Sys=0.00s Real=0.00s
[2025-12-16T20:43:58.767+0800][0.895s][info][gc,start    ] GC(38) Pause Young (Allocation Failure)
[2025-12-16T20:43:58.767+0800][0.895s][info][gc,heap     ] GC(38) PSYoungGen: 43648K(44032K)->128K(43520K) Eden: 43520K(43520K)->0K(43008K) From: 128K(512K)->128K(512K)
[2025-12-16T20:43:58.767+0800][0.895s][info][gc,heap     ] GC(38) ParOldGen: 496K(175104K)->496K(175104K)
[2025-12-16T20:43:58.767+0800][0.895s][info][gc,metaspace] GC(38) Metaspace: 138K(320K)->138K(320K) NonClass: 129K(192K)->129K(192K) Class: 9K(128K)->9K(128K)
[2025-12-16T20:43:58.767+0800][0.895s][info][gc          ] GC(38) Pause Young (Allocation Failure) 43M->0M(213M) 0.084ms
[2025-12-16T20:43:58.767+0800][0.895s][info][gc,cpu      ] GC(38) User=0.00s Sys=0.00s Real=0.00s
[2025-12-16T20:43:58.783+0800][0.911s][info][gc,start    ] GC(39) Pause Young (Allocation Failure)
[2025-12-16T20:43:58.783+0800][0.911s][info][gc,heap     ] GC(39) PSYoungGen: 43136K(43520K)->64K(43008K) Eden: 43008K(43008K)->0K(42496K) From: 128K(512K)->64K(512K)
[2025-12-16T20:43:58.783+0800][0.911s][info][gc,heap     ] GC(39) ParOldGen: 496K(175104K)->496K(175104K)
[2025-12-16T20:43:58.783+0800][0.911s][info][gc,metaspace] GC(39) Metaspace: 138K(320K)->138K(320K) NonClass: 129K(192K)->129K(192K) Class: 9K(128K)->9K(128K)
[2025-12-16T20:43:58.783+0800][0.911s][info][gc          ] GC(39) Pause Young (Allocation Failure) 42M->0M(213M) 0.080ms
[2025-12-16T20:43:58.783+0800][0.911s][info][gc,cpu      ] GC(39) User=0.00s Sys=0.00s Real=0.00s
[2025-12-16T20:43:58.799+0800][0.927s][info][gc,start    ] GC(40) Pause Young (Allocation Failure)
[2025-12-16T20:43:58.799+0800][0.927s][info][gc,heap     ] GC(40) PSYoungGen: 42560K(43008K)->128K(42496K) Eden: 42496K(42496K)->0K(41984K) From: 64K(512K)->128K(512K)
[2025-12-16T20:43:58.799+0800][0.927s][info][gc,heap     ] GC(40) ParOldGen: 496K(175104K)->496K(175104K)
[2025-12-16T20:43:58.799+0800][0.927s][info][gc,metaspace] GC(40) Metaspace: 138K(320K)->138K(320K) NonClass: 129K(192K)->129K(192K) Class: 9K(128K)->9K(128K)
[2025-12-16T20:43:58.799+0800][0.927s][info][gc          ] GC(40) Pause Young (Allocation Failure) 42M->0M(212M) 0.083ms
[2025-12-16T20:43:58.799+0800][0.927s][info][gc,cpu      ] GC(40) User=0.00s Sys=0.00s Real=0.00s
[2025-12-16T20:43:58.816+0800][0.944s][info][gc,start    ] GC(41) Pause Young (Allocation Failure)
[2025-12-16T20:43:58.816+0800][0.944s][info][gc,heap     ] GC(41) PSYoungGen: 42112K(42496K)->128K(41984K) Eden: 41984K(41984K)->0K(41472K) From: 128K(512K)->128K(512K)
[2025-12-16T20:43:58.816+0800][0.944s][info][gc,heap     ] GC(41) ParOldGen: 496K(175104K)->496K(175104K)
[2025-12-16T20:43:58.816+0800][0.944s][info][gc,metaspace] GC(41) Metaspace: 138K(320K)->138K(320K) NonClass: 129K(192K)->129K(192K) Class: 9K(128K)->9K(128K)
[2025-12-16T20:43:58.816+0800][0.944s][info][gc          ] GC(41) Pause Young (Allocation Failure) 41M->0M(212M) 0.103ms
[2025-12-16T20:43:58.816+0800][0.944s][info][gc,cpu      ] GC(41) User=0.00s Sys=0.00s Real=0.00s
[2025-12-16T20:43:58.831+0800][0.959s][info][gc,start    ] GC(42) Pause Young (Allocation Failure)
[2025-12-16T20:43:58.831+0800][0.959s][info][gc,heap     ] GC(42) PSYoungGen: 41600K(41984K)->128K(41472K) Eden: 41472K(41472K)->0K(40960K) From: 128K(512K)->128K(512K)
[2025-12-16T20:43:58.831+0800][0.959s][info][gc,heap     ] GC(42) ParOldGen: 496K(175104K)->496K(175104K)
[2025-12-16T20:43:58.831+0800][0.959s][info][gc,metaspace] GC(42) Metaspace: 138K(320K)->138K(320K) NonClass: 129K(192K)->129K(192K) Class: 9K(128K)->9K(128K)
[2025-12-16T20:43:58.831+0800][0.959s][info][gc          ] GC(42) Pause Young (Allocation Failure) 41M->0M(211M) 0.090ms
[2025-12-16T20:43:58.831+0800][0.959s][info][gc,cpu      ] GC(42) User=0.00s Sys=0.00s Real=0.00s
[2025-12-16T20:43:58.847+0800][0.975s][info][gc,start    ] GC(43) Pause Young (Allocation Failure)
[2025-12-16T20:43:58.847+0800][0.975s][info][gc,heap     ] GC(43) PSYoungGen: 41088K(41472K)->128K(40960K) Eden: 40960K(40960K)->0K(40448K) From: 128K(512K)->128K(512K)
[2025-12-16T20:43:58.847+0800][0.975s][info][gc,heap     ] GC(43) ParOldGen: 496K(175104K)->496K(175104K)
[2025-12-16T20:43:58.847+0800][0.975s][info][gc,metaspace] GC(43) Metaspace: 138K(320K)->138K(320K) NonClass: 129K(192K)->129K(192K) Class: 9K(128K)->9K(128K)
[2025-12-16T20:43:58.847+0800][0.975s][info][gc          ] GC(43) Pause Young (Allocation Failure) 40M->0M(211M) 0.084ms
[2025-12-16T20:43:58.847+0800][0.975s][info][gc,cpu      ] GC(43) User=0.00s Sys=0.00s Real=0.00s
[2025-12-16T20:43:58.862+0800][0.990s][info][gc,start    ] GC(44) Pause Young (Allocation Failure)
[2025-12-16T20:43:58.862+0800][0.990s][info][gc,heap     ] GC(44) PSYoungGen: 40576K(40960K)->160K(40448K) Eden: 40448K(40448K)->0K(39936K) From: 128K(512K)->160K(512K)
[2025-12-16T20:43:58.862+0800][0.990s][info][gc,heap     ] GC(44) ParOldGen: 496K(175104K)->496K(175104K)
[2025-12-16T20:43:58.862+0800][0.990s][info][gc,metaspace] GC(44) Metaspace: 138K(320K)->138K(320K) NonClass: 129K(192K)->129K(192K) Class: 9K(128K)->9K(128K)
[2025-12-16T20:43:58.862+0800][0.990s][info][gc          ] GC(44) Pause Young (Allocation Failure) 40M->0M(210M) 0.081ms
[2025-12-16T20:43:58.862+0800][0.990s][info][gc,cpu      ] GC(44) User=0.00s Sys=0.00s Real=0.00s
[2025-12-16T20:43:58.878+0800][1.006s][info][gc,start    ] GC(45) Pause Young (Allocation Failure)
[2025-12-16T20:43:58.878+0800][1.006s][info][gc,heap     ] GC(45) PSYoungGen: 40096K(40448K)->128K(39936K) Eden: 39936K(39936K)->0K(39424K) From: 160K(512K)->128K(512K)
[2025-12-16T20:43:58.878+0800][1.006s][info][gc,heap     ] GC(45) ParOldGen: 496K(175104K)->496K(175104K)
[2025-12-16T20:43:58.878+0800][1.006s][info][gc,metaspace] GC(45) Metaspace: 138K(320K)->138K(320K) NonClass: 129K(192K)->129K(192K) Class: 9K(128K)->9K(128K)
[2025-12-16T20:43:58.878+0800][1.006s][info][gc          ] GC(45) Pause Young (Allocation Failure) 39M->0M(210M) 0.086ms
[2025-12-16T20:43:58.878+0800][1.006s][info][gc,cpu      ] GC(45) User=0.00s Sys=0.00s Real=0.00s
[2025-12-16T20:43:58.893+0800][1.021s][info][gc,start    ] GC(46) Pause Young (Allocation Failure)
[2025-12-16T20:43:58.893+0800][1.021s][info][gc,heap     ] GC(46) PSYoungGen: 39552K(39936K)->128K(39424K) Eden: 39424K(39424K)->0K(38912K) From: 128K(512K)->128K(512K)
[2025-12-16T20:43:58.893+0800][1.021s][info][gc,heap     ] GC(46) ParOldGen: 496K(175104K)->496K(175104K)
[2025-12-16T20:43:58.893+0800][1.021s][info][gc,metaspace] GC(46) Metaspace: 138K(320K)->138K(320K) NonClass: 129K(192K)->129K(192K) Class: 9K(128K)->9K(128K)
[2025-12-16T20:43:58.893+0800][1.021s][info][gc          ] GC(46) Pause Young (Allocation Failure) 39M->0M(209M) 0.077ms
[2025-12-16T20:43:58.893+0800][1.021s][info][gc,cpu      ] GC(46) User=0.00s Sys=0.00s Real=0.00s
[2025-12-16T20:43:58.909+0800][1.037s][info][gc,start    ] GC(47) Pause Young (Allocation Failure)
[2025-12-16T20:43:58.909+0800][1.037s][info][gc,heap     ] GC(47) PSYoungGen: 39040K(39424K)->128K(38912K) Eden: 38912K(38912K)->0K(38400K) From: 128K(512K)->128K(512K)
[2025-12-16T20:43:58.909+0800][1.037s][info][gc,heap     ] GC(47) ParOldGen: 496K(175104K)->496K(175104K)
[2025-12-16T20:43:58.909+0800][1.037s][info][gc,metaspace] GC(47) Metaspace: 138K(320K)->138K(320K) NonClass: 129K(192K)->129K(192K) Class: 9K(128K)->9K(128K)
[2025-12-16T20:43:58.909+0800][1.037s][info][gc          ] GC(47) Pause Young (Allocation Failure) 38M->0M(209M) 0.093ms
[2025-12-16T20:43:58.909+0800][1.037s][info][gc,cpu      ] GC(47) User=0.00s Sys=0.00s Real=0.00s
[2025-12-16T20:43:58.923+0800][1.051s][info][gc,start    ] GC(48) Pause Young (Allocation Failure)
[2025-12-16T20:43:58.923+0800][1.051s][info][gc,heap     ] GC(48) PSYoungGen: 38528K(38912K)->64K(38400K) Eden: 38400K(38400K)->0K(37888K) From: 128K(512K)->64K(512K)
[2025-12-16T20:43:58.923+0800][1.051s][info][gc,heap     ] GC(48) ParOldGen: 496K(175104K)->496K(175104K)
[2025-12-16T20:43:58.923+0800][1.051s][info][gc,metaspace] GC(48) Metaspace: 138K(320K)->138K(320K) NonClass: 129K(192K)->129K(192K) Class: 9K(128K)->9K(128K)
[2025-12-16T20:43:58.923+0800][1.051s][info][gc          ] GC(48) Pause Young (Allocation Failure) 38M->0M(208M) 0.092ms
[2025-12-16T20:43:58.923+0800][1.051s][info][gc,cpu      ] GC(48) User=0.00s Sys=0.00s Real=0.00s
[2025-12-16T20:43:58.938+0800][1.066s][info][gc,start    ] GC(49) Pause Young (Allocation Failure)
[2025-12-16T20:43:58.938+0800][1.066s][info][gc,heap     ] GC(49) PSYoungGen: 37952K(38400K)->128K(37888K) Eden: 37888K(37888K)->0K(37376K) From: 64K(512K)->128K(512K)
[2025-12-16T20:43:58.938+0800][1.066s][info][gc,heap     ] GC(49) ParOldGen: 496K(175104K)->496K(175104K)
[2025-12-16T20:43:58.938+0800][1.066s][info][gc,metaspace] GC(49) Metaspace: 138K(320K)->138K(320K) NonClass: 129K(192K)->129K(192K) Class: 9K(128K)->9K(128K)
[2025-12-16T20:43:58.938+0800][1.066s][info][gc          ] GC(49) Pause Young (Allocation Failure) 37M->0M(208M) 0.083ms
[2025-12-16T20:43:58.938+0800][1.066s][info][gc,cpu      ] GC(49) User=0.00s Sys=0.00s Real=0.00s
[2025-12-16T20:43:58.952+0800][1.080s][info][gc,start    ] GC(50) Pause Young (Allocation Failure)
[2025-12-16T20:43:58.952+0800][1.080s][info][gc,heap     ] GC(50) PSYoungGen: 37504K(37888K)->128K(37376K) Eden: 37376K(37376K)->0K(36864K) From: 128K(512K)->128K(512K)
[2025-12-16T20:43:58.952+0800][1.080s][info][gc,heap     ] GC(50) ParOldGen: 496K(175104K)->496K(175104K)
[2025-12-16T20:43:58.952+0800][1.080s][info][gc,metaspace] GC(50) Metaspace: 138K(320K)->138K(320K) NonClass: 129K(192K)->129K(192K) Class: 9K(128K)->9K(128K)
[2025-12-16T20:43:58.952+0800][1.080s][info][gc          ] GC(50) Pause Young (Allocation Failure) 37M->0M(207M) 0.101ms
[2025-12-16T20:43:58.952+0800][1.080s][info][gc,cpu      ] GC(50) User=0.00s Sys=0.00s Real=0.00s
[2025-12-16T20:43:58.966+0800][1.094s][info][gc,start    ] GC(51) Pause Young (Allocation Failure)
[2025-12-16T20:43:58.966+0800][1.094s][info][gc,heap     ] GC(51) PSYoungGen: 36992K(37376K)->96K(36864K) Eden: 36864K(36864K)->0K(36352K) From: 128K(512K)->96K(512K)
[2025-12-16T20:43:58.966+0800][1.094s][info][gc,heap     ] GC(51) ParOldGen: 496K(175104K)->496K(175104K)
[2025-12-16T20:43:58.966+0800][1.094s][info][gc,metaspace] GC(51) Metaspace: 138K(320K)->138K(320K) NonClass: 129K(192K)->129K(192K) Class: 9K(128K)->9K(128K)
[2025-12-16T20:43:58.966+0800][1.094s][info][gc          ] GC(51) Pause Young (Allocation Failure) 36M->0M(207M) 0.057ms
[2025-12-16T20:43:58.966+0800][1.094s][info][gc,cpu      ] GC(51) User=0.00s Sys=0.00s Real=0.00s
[2025-12-16T20:43:58.980+0800][1.108s][info][gc,start    ] GC(52) Pause Young (Allocation Failure)
[2025-12-16T20:43:58.980+0800][1.108s][info][gc,heap     ] GC(52) PSYoungGen: 36448K(36864K)->128K(36352K) Eden: 36352K(36352K)->0K(35840K) From: 96K(512K)->128K(512K)
[2025-12-16T20:43:58.980+0800][1.108s][info][gc,heap     ] GC(52) ParOldGen: 496K(175104K)->496K(175104K)
[2025-12-16T20:43:58.980+0800][1.108s][info][gc,metaspace] GC(52) Metaspace: 138K(320K)->138K(320K) NonClass: 129K(192K)->129K(192K) Class: 9K(128K)->9K(128K)
[2025-12-16T20:43:58.980+0800][1.108s][info][gc          ] GC(52) Pause Young (Allocation Failure) 36M->0M(206M) 0.060ms
[2025-12-16T20:43:58.980+0800][1.108s][info][gc,cpu      ] GC(52) User=0.00s Sys=0.00s Real=0.00s
[2025-12-16T20:43:58.993+0800][1.121s][info][gc,start    ] GC(53) Pause Young (Allocation Failure)
[2025-12-16T20:43:58.993+0800][1.121s][info][gc,heap     ] GC(53) PSYoungGen: 35968K(36352K)->128K(35840K) Eden: 35840K(35840K)->0K(35328K) From: 128K(512K)->128K(512K)
[2025-12-16T20:43:58.993+0800][1.121s][info][gc,heap     ] GC(53) ParOldGen: 496K(175104K)->496K(175104K)
[2025-12-16T20:43:58.993+0800][1.121s][info][gc,metaspace] GC(53) Metaspace: 138K(320K)->138K(320K) NonClass: 129K(192K)->129K(192K) Class: 9K(128K)->9K(128K)
[2025-12-16T20:43:58.993+0800][1.121s][info][gc          ] GC(53) Pause Young (Allocation Failure) 35M->0M(206M) 0.055ms
[2025-12-16T20:43:58.993+0800][1.121s][info][gc,cpu      ] GC(53) User=0.00s Sys=0.00s Real=0.00s
[2025-12-16T20:43:59.006+0800][1.134s][info][gc,start    ] GC(54) Pause Young (Allocation Failure)
[2025-12-16T20:43:59.007+0800][1.134s][info][gc,heap     ] GC(54) PSYoungGen: 35456K(35840K)->64K(35328K) Eden: 35328K(35328K)->0K(34816K) From: 128K(512K)->64K(512K)
[2025-12-16T20:43:59.007+0800][1.134s][info][gc,heap     ] GC(54) ParOldGen: 496K(175104K)->496K(175104K)
[2025-12-16T20:43:59.007+0800][1.134s][info][gc,metaspace] GC(54) Metaspace: 138K(320K)->138K(320K) NonClass: 129K(192K)->129K(192K) Class: 9K(128K)->9K(128K)
[2025-12-16T20:43:59.007+0800][1.134s][info][gc          ] GC(54) Pause Young (Allocation Failure) 35M->0M(205M) 0.070ms
[2025-12-16T20:43:59.007+0800][1.135s][info][gc,cpu      ] GC(54) User=0.00s Sys=0.00s Real=0.00s
[2025-12-16T20:43:59.020+0800][1.148s][info][gc,start    ] GC(55) Pause Young (Allocation Failure)
[2025-12-16T20:43:59.020+0800][1.148s][info][gc,heap     ] GC(55) PSYoungGen: 34880K(35328K)->96K(34816K) Eden: 34816K(34816K)->0K(34304K) From: 64K(512K)->96K(512K)
[2025-12-16T20:43:59.020+0800][1.148s][info][gc,heap     ] GC(55) ParOldGen: 496K(175104K)->496K(175104K)
[2025-12-16T20:43:59.020+0800][1.148s][info][gc,metaspace] GC(55) Metaspace: 138K(320K)->138K(320K) NonClass: 129K(192K)->129K(192K) Class: 9K(128K)->9K(128K)
[2025-12-16T20:43:59.020+0800][1.148s][info][gc          ] GC(55) Pause Young (Allocation Failure) 34M->0M(205M) 0.064ms
[2025-12-16T20:43:59.020+0800][1.148s][info][gc,cpu      ] GC(55) User=0.00s Sys=0.00s Real=0.00s
[2025-12-16T20:43:59.033+0800][1.161s][info][gc,start    ] GC(56) Pause Young (Allocation Failure)
[2025-12-16T20:43:59.033+0800][1.161s][info][gc,heap     ] GC(56) PSYoungGen: 34400K(34816K)->128K(34304K) Eden: 34304K(34304K)->0K(33792K) From: 96K(512K)->128K(512K)
[2025-12-16T20:43:59.033+0800][1.161s][info][gc,heap     ] GC(56) ParOldGen: 496K(175104K)->496K(175104K)
[2025-12-16T20:43:59.033+0800][1.161s][info][gc,metaspace] GC(56) Metaspace: 138K(320K)->138K(320K) NonClass: 129K(192K)->129K(192K) Class: 9K(128K)->9K(128K)
[2025-12-16T20:43:59.033+0800][1.161s][info][gc          ] GC(56) Pause Young (Allocation Failure) 34M->0M(204M) 0.049ms
[2025-12-16T20:43:59.033+0800][1.161s][info][gc,cpu      ] GC(56) User=0.00s Sys=0.00s Real=0.00s
[2025-12-16T20:43:59.046+0800][1.174s][info][gc,start    ] GC(57) Pause Young (Allocation Failure)
[2025-12-16T20:43:59.046+0800][1.174s][info][gc,heap     ] GC(57) PSYoungGen: 33920K(34304K)->128K(33792K) Eden: 33792K(33792K)->0K(33280K) From: 128K(512K)->128K(512K)
[2025-12-16T20:43:59.046+0800][1.174s][info][gc,heap     ] GC(57) ParOldGen: 496K(175104K)->496K(175104K)
[2025-12-16T20:43:59.046+0800][1.174s][info][gc,metaspace] GC(57) Metaspace: 138K(320K)->138K(320K) NonClass: 129K(192K)->129K(192K) Class: 9K(128K)->9K(128K)
[2025-12-16T20:43:59.046+0800][1.174s][info][gc          ] GC(57) Pause Young (Allocation Failure) 33M->0M(204M) 0.048ms
[2025-12-16T20:43:59.046+0800][1.174s][info][gc,cpu      ] GC(57) User=0.00s Sys=0.00s Real=0.00s
[2025-12-16T20:43:59.058+0800][1.186s][info][gc,start    ] GC(58) Pause Young (Allocation Failure)
[2025-12-16T20:43:59.058+0800][1.186s][info][gc,heap     ] GC(58) PSYoungGen: 33408K(33792K)->128K(33280K) Eden: 33280K(33280K)->0K(32768K) From: 128K(512K)->128K(512K)
[2025-12-16T20:43:59.058+0800][1.186s][info][gc,heap     ] GC(58) ParOldGen: 496K(175104K)->496K(175104K)
[2025-12-16T20:43:59.058+0800][1.186s][info][gc,metaspace] GC(58) Metaspace: 138K(320K)->138K(320K) NonClass: 129K(192K)->129K(192K) Class: 9K(128K)->9K(128K)
[2025-12-16T20:43:59.058+0800][1.186s][info][gc          ] GC(58) Pause Young (Allocation Failure) 33M->0M(203M) 0.057ms
[2025-12-16T20:43:59.058+0800][1.186s][info][gc,cpu      ] GC(58) User=0.00s Sys=0.00s Real=0.00s
[2025-12-16T20:43:59.071+0800][1.199s][info][gc,start    ] GC(59) Pause Young (Allocation Failure)
[2025-12-16T20:43:59.071+0800][1.199s][info][gc,heap     ] GC(59) PSYoungGen: 32896K(33280K)->128K(32768K) Eden: 32768K(32768K)->0K(32256K) From: 128K(512K)->128K(512K)
[2025-12-16T20:43:59.071+0800][1.199s][info][gc,heap     ] GC(59) ParOldGen: 496K(175104K)->496K(175104K)
[2025-12-16T20:43:59.071+0800][1.199s][info][gc,metaspace] GC(59) Metaspace: 138K(320K)->138K(320K) NonClass: 129K(192K)->129K(192K) Class: 9K(128K)->9K(128K)
[2025-12-16T20:43:59.071+0800][1.199s][info][gc          ] GC(59) Pause Young (Allocation Failure) 32M->0M(203M) 0.061ms
[2025-12-16T20:43:59.071+0800][1.199s][info][gc,cpu      ] GC(59) User=0.00s Sys=0.00s Real=0.00s
[2025-12-16T20:43:59.083+0800][1.211s][info][gc,start    ] GC(60) Pause Young (Allocation Failure)
[2025-12-16T20:43:59.083+0800][1.211s][info][gc,heap     ] GC(60) PSYoungGen: 32384K(32768K)->96K(32256K) Eden: 32256K(32256K)->0K(31744K) From: 128K(512K)->96K(512K)
[2025-12-16T20:43:59.083+0800][1.211s][info][gc,heap     ] GC(60) ParOldGen: 496K(175104K)->496K(175104K)
[2025-12-16T20:43:59.083+0800][1.211s][info][gc,metaspace] GC(60) Metaspace: 138K(320K)->138K(320K) NonClass: 129K(192K)->129K(192K) Class: 9K(128K)->9K(128K)
[2025-12-16T20:43:59.083+0800][1.211s][info][gc          ] GC(60) Pause Young (Allocation Failure) 32M->0M(202M) 0.050ms
[2025-12-16T20:43:59.083+0800][1.211s][info][gc,cpu      ] GC(60) User=0.00s Sys=0.00s Real=0.00s
[2025-12-16T20:43:59.095+0800][1.223s][info][gc,start    ] GC(61) Pause Young (Allocation Failure)
[2025-12-16T20:43:59.095+0800][1.223s][info][gc,heap     ] GC(61) PSYoungGen: 31840K(32256K)->128K(31744K) Eden: 31744K(31744K)->0K(31232K) From: 96K(512K)->128K(512K)
[2025-12-16T20:43:59.095+0800][1.223s][info][gc,heap     ] GC(61) ParOldGen: 496K(175104K)->496K(175104K)
[2025-12-16T20:43:59.095+0800][1.223s][info][gc,metaspace] GC(61) Metaspace: 138K(320K)->138K(320K) NonClass: 129K(192K)->129K(192K) Class: 9K(128K)->9K(128K)
[2025-12-16T20:43:59.095+0800][1.223s][info][gc          ] GC(61) Pause Young (Allocation Failure) 31M->0M(202M) 0.064ms
[2025-12-16T20:43:59.095+0800][1.223s][info][gc,cpu      ] GC(61) User=0.00s Sys=0.00s Real=0.00s
[2025-12-16T20:43:59.107+0800][1.235s][info][gc,start    ] GC(62) Pause Young (Allocation Failure)
[2025-12-16T20:43:59.107+0800][1.235s][info][gc,heap     ] GC(62) PSYoungGen: 31360K(31744K)->128K(31744K) Eden: 31232K(31232K)->0K(31232K) From: 128K(512K)->128K(512K)
[2025-12-16T20:43:59.107+0800][1.235s][info][gc,heap     ] GC(62) ParOldGen: 496K(175104K)->496K(175104K)
[2025-12-16T20:43:59.107+0800][1.235s][info][gc,metaspace] GC(62) Metaspace: 138K(320K)->138K(320K) NonClass: 129K(192K)->129K(192K) Class: 9K(128K)->9K(128K)
[2025-12-16T20:43:59.107+0800][1.235s][info][gc          ] GC(62) Pause Young (Allocation Failure) 31M->0M(202M) 0.049ms
[2025-12-16T20:43:59.107+0800][1.235s][info][gc,cpu      ] GC(62) User=0.00s Sys=0.00s Real=0.00s
[2025-12-16T20:43:59.119+0800][1.247s][info][gc,start    ] GC(63) Pause Young (Allocation Failure)
[2025-12-16T20:43:59.119+0800][1.247s][info][gc,heap     ] GC(63) PSYoungGen: 31360K(31744K)->64K(31744K) Eden: 31232K(31232K)->0K(31232K) From: 128K(512K)->64K(512K)
[2025-12-16T20:43:59.119+0800][1.247s][info][gc,heap     ] GC(63) ParOldGen: 496K(175104K)->496K(175104K)
[2025-12-16T20:43:59.119+0800][1.247s][info][gc,metaspace] GC(63) Metaspace: 138K(320K)->138K(320K) NonClass: 129K(192K)->129K(192K) Class: 9K(128K)->9K(128K)
[2025-12-16T20:43:59.119+0800][1.247s][info][gc          ] GC(63) Pause Young (Allocation Failure) 31M->0M(202M) 0.075ms
[2025-12-16T20:43:59.119+0800][1.247s][info][gc,cpu      ] GC(63) User=0.00s Sys=0.00s Real=0.00s
[2025-12-16T20:43:59.131+0800][1.259s][info][gc,start    ] GC(64) Pause Young (Allocation Failure)
[2025-12-16T20:43:59.131+0800][1.259s][info][gc,heap     ] GC(64) PSYoungGen: 31296K(31744K)->128K(31744K) Eden: 31232K(31232K)->0K(31232K) From: 64K(512K)->128K(512K)
[2025-12-16T20:43:59.131+0800][1.259s][info][gc,heap     ] GC(64) ParOldGen: 496K(175104K)->496K(175104K)
[2025-12-16T20:43:59.131+0800][1.259s][info][gc,metaspace] GC(64) Metaspace: 138K(320K)->138K(320K) NonClass: 129K(192K)->129K(192K) Class: 9K(128K)->9K(128K)
[2025-12-16T20:43:59.131+0800][1.259s][info][gc          ] GC(64) Pause Young (Allocation Failure) 31M->0M(202M) 0.051ms
[2025-12-16T20:43:59.131+0800][1.259s][info][gc,cpu      ] GC(64) User=0.00s Sys=0.00s Real=0.00s
[2025-12-16T20:43:59.143+0800][1.271s][info][gc,start    ] GC(65) Pause Young (Allocation Failure)
[2025-12-16T20:43:59.143+0800][1.271s][info][gc,heap     ] GC(65) PSYoungGen: 31360K(31744K)->96K(31744K) Eden: 31232K(31232K)->0K(31232K) From: 128K(512K)->96K(512K)
[2025-12-16T20:43:59.143+0800][1.271s][info][gc,heap     ] GC(65) ParOldGen: 496K(175104K)->496K(175104K)
[2025-12-16T20:43:59.143+0800][1.271s][info][gc,metaspace] GC(65) Metaspace: 138K(320K)->138K(320K) NonClass: 129K(192K)->129K(192K) Class: 9K(128K)->9K(128K)
[2025-12-16T20:43:59.143+0800][1.271s][info][gc          ] GC(65) Pause Young (Allocation Failure) 31M->0M(202M) 0.065ms
[2025-12-16T20:43:59.143+0800][1.271s][info][gc,cpu      ] GC(65) User=0.00s Sys=0.00s Real=0.00s
[2025-12-16T20:43:59.155+0800][1.283s][info][gc,start    ] GC(66) Pause Young (Allocation Failure)
[2025-12-16T20:43:59.155+0800][1.283s][info][gc,heap     ] GC(66) PSYoungGen: 31328K(31744K)->128K(31744K) Eden: 31232K(31232K)->0K(31232K) From: 96K(512K)->128K(512K)
[2025-12-16T20:43:59.155+0800][1.283s][info][gc,heap     ] GC(66) ParOldGen: 496K(175104K)->496K(175104K)
[2025-12-16T20:43:59.155+0800][1.283s][info][gc,metaspace] GC(66) Metaspace: 138K(320K)->138K(320K) NonClass: 129K(192K)->129K(192K) Class: 9K(128K)->9K(128K)
[2025-12-16T20:43:59.155+0800][1.283s][info][gc          ] GC(66) Pause Young (Allocation Failure) 31M->0M(202M) 0.066ms
[2025-12-16T20:43:59.155+0800][1.283s][info][gc,cpu      ] GC(66) User=0.00s Sys=0.00s Real=0.00s
[2025-12-16T20:43:59.167+0800][1.295s][info][gc,start    ] GC(67) Pause Young (Allocation Failure)
[2025-12-16T20:43:59.167+0800][1.295s][info][gc,heap     ] GC(67) PSYoungGen: 31360K(31744K)->96K(31744K) Eden: 31232K(31232K)->0K(31232K) From: 128K(512K)->96K(512K)
[2025-12-16T20:43:59.167+0800][1.295s][info][gc,heap     ] GC(67) ParOldGen: 496K(175104K)->496K(175104K)
[2025-12-16T20:43:59.167+0800][1.295s][info][gc,metaspace] GC(67) Metaspace: 138K(320K)->138K(320K) NonClass: 129K(192K)->129K(192K) Class: 9K(128K)->9K(128K)
[2025-12-16T20:43:59.167+0800][1.295s][info][gc          ] GC(67) Pause Young (Allocation Failure) 31M->0M(202M) 0.069ms
[2025-12-16T20:43:59.167+0800][1.295s][info][gc,cpu      ] GC(67) User=0.00s Sys=0.00s Real=0.00s
[2025-12-16T20:43:59.180+0800][1.308s][info][gc,start    ] GC(68) Pause Young (Allocation Failure)
[2025-12-16T20:43:59.180+0800][1.308s][info][gc,heap     ] GC(68) PSYoungGen: 31328K(31744K)->96K(31744K) Eden: 31232K(31232K)->0K(31232K) From: 96K(512K)->96K(512K)
[2025-12-16T20:43:59.180+0800][1.308s][info][gc,heap     ] GC(68) ParOldGen: 496K(175104K)->496K(175104K)
[2025-12-16T20:43:59.180+0800][1.308s][info][gc,metaspace] GC(68) Metaspace: 138K(320K)->138K(320K) NonClass: 129K(192K)->129K(192K) Class: 9K(128K)->9K(128K)
[2025-12-16T20:43:59.180+0800][1.308s][info][gc          ] GC(68) Pause Young (Allocation Failure) 31M->0M(202M) 0.122ms
[2025-12-16T20:43:59.180+0800][1.308s][info][gc,cpu      ] GC(68) User=0.00s Sys=0.00s Real=0.00s
[2025-12-16T20:43:59.192+0800][1.320s][info][gc,start    ] GC(69) Pause Young (Allocation Failure)
[2025-12-16T20:43:59.192+0800][1.320s][info][gc,heap     ] GC(69) PSYoungGen: 31328K(31744K)->128K(31744K) Eden: 31232K(31232K)->0K(31232K) From: 96K(512K)->128K(512K)
[2025-12-16T20:43:59.192+0800][1.320s][info][gc,heap     ] GC(69) ParOldGen: 496K(175104K)->496K(175104K)
[2025-12-16T20:43:59.192+0800][1.320s][info][gc,metaspace] GC(69) Metaspace: 138K(320K)->138K(320K) NonClass: 129K(192K)->129K(192K) Class: 9K(128K)->9K(128K)
[2025-12-16T20:43:59.192+0800][1.320s][info][gc          ] GC(69) Pause Young (Allocation Failure) 31M->0M(202M) 0.125ms
[2025-12-16T20:43:59.192+0800][1.320s][info][gc,cpu      ] GC(69) User=0.00s Sys=0.00s Real=0.00s
[2025-12-16T20:43:59.205+0800][1.333s][info][gc,start    ] GC(70) Pause Young (Allocation Failure)
[2025-12-16T20:43:59.205+0800][1.333s][info][gc,heap     ] GC(70) PSYoungGen: 31360K(31744K)->64K(31744K) Eden: 31232K(31232K)->0K(31232K) From: 128K(512K)->64K(512K)
[2025-12-16T20:43:59.205+0800][1.333s][info][gc,heap     ] GC(70) ParOldGen: 496K(175104K)->496K(175104K)
[2025-12-16T20:43:59.205+0800][1.333s][info][gc,metaspace] GC(70) Metaspace: 138K(320K)->138K(320K) NonClass: 129K(192K)->129K(192K) Class: 9K(128K)->9K(128K)
[2025-12-16T20:43:59.205+0800][1.333s][info][gc          ] GC(70) Pause Young (Allocation Failure) 31M->0M(202M) 0.159ms
[2025-12-16T20:43:59.205+0800][1.333s][info][gc,cpu      ] GC(70) User=0.00s Sys=0.00s Real=0.00s
[2025-12-16T20:43:59.218+0800][1.345s][info][gc,start    ] GC(71) Pause Young (Allocation Failure)
[2025-12-16T20:43:59.218+0800][1.346s][info][gc,heap     ] GC(71) PSYoungGen: 31296K(31744K)->64K(31744K) Eden: 31232K(31232K)->0K(31232K) From: 64K(512K)->64K(512K)
[2025-12-16T20:43:59.218+0800][1.346s][info][gc,heap     ] GC(71) ParOldGen: 496K(175104K)->496K(175104K)
[2025-12-16T20:43:59.218+0800][1.346s][info][gc,metaspace] GC(71) Metaspace: 138K(320K)->138K(320K) NonClass: 129K(192K)->129K(192K) Class: 9K(128K)->9K(128K)
[2025-12-16T20:43:59.218+0800][1.346s][info][gc          ] GC(71) Pause Young (Allocation Failure) 31M->0M(202M) 0.085ms
[2025-12-16T20:43:59.218+0800][1.346s][info][gc,cpu      ] GC(71) User=0.00s Sys=0.00s Real=0.00s
[2025-12-16T20:43:59.230+0800][1.358s][info][gc,start    ] GC(72) Pause Young (Allocation Failure)
[2025-12-16T20:43:59.230+0800][1.358s][info][gc,heap     ] GC(72) PSYoungGen: 31296K(31744K)->128K(31744K) Eden: 31232K(31232K)->0K(31232K) From: 64K(512K)->128K(512K)
[2025-12-16T20:43:59.230+0800][1.358s][info][gc,heap     ] GC(72) ParOldGen: 496K(175104K)->496K(175104K)
[2025-12-16T20:43:59.230+0800][1.358s][info][gc,metaspace] GC(72) Metaspace: 138K(320K)->138K(320K) NonClass: 129K(192K)->129K(192K) Class: 9K(128K)->9K(128K)
[2025-12-16T20:43:59.230+0800][1.358s][info][gc          ] GC(72) Pause Young (Allocation Failure) 31M->0M(202M) 0.066ms
[2025-12-16T20:43:59.230+0800][1.358s][info][gc,cpu      ] GC(72) User=0.00s Sys=0.00s Real=0.00s
[2025-12-16T20:43:59.242+0800][1.370s][info][gc,start    ] GC(73) Pause Young (Allocation Failure)
[2025-12-16T20:43:59.242+0800][1.370s][info][gc,heap     ] GC(73) PSYoungGen: 31360K(31744K)->128K(31744K) Eden: 31232K(31232K)->0K(31232K) From: 128K(512K)->128K(512K)
[2025-12-16T20:43:59.242+0800][1.370s][info][gc,heap     ] GC(73) ParOldGen: 496K(175104K)->496K(175104K)
[2025-12-16T20:43:59.242+0800][1.370s][info][gc,metaspace] GC(73) Metaspace: 138K(320K)->138K(320K) NonClass: 129K(192K)->129K(192K) Class: 9K(128K)->9K(128K)
[2025-12-16T20:43:59.242+0800][1.370s][info][gc          ] GC(73) Pause Young (Allocation Failure) 31M->0M(202M) 0.057ms
[2025-12-16T20:43:59.242+0800][1.370s][info][gc,cpu      ] GC(73) User=0.00s Sys=0.00s Real=0.00s
[2025-12-16T20:43:59.253+0800][1.381s][info][gc,start    ] GC(74) Pause Young (Allocation Failure)
[2025-12-16T20:43:59.253+0800][1.381s][info][gc,heap     ] GC(74) PSYoungGen: 31360K(31744K)->64K(31744K) Eden: 31232K(31232K)->0K(31232K) From: 128K(512K)->64K(512K)
[2025-12-16T20:43:59.253+0800][1.381s][info][gc,heap     ] GC(74) ParOldGen: 496K(175104K)->496K(175104K)
[2025-12-16T20:43:59.253+0800][1.381s][info][gc,metaspace] GC(74) Metaspace: 138K(320K)->138K(320K) NonClass: 129K(192K)->129K(192K) Class: 9K(128K)->9K(128K)
[2025-12-16T20:43:59.253+0800][1.381s][info][gc          ] GC(74) Pause Young (Allocation Failure) 31M->0M(202M) 0.082ms
[2025-12-16T20:43:59.253+0800][1.381s][info][gc,cpu      ] GC(74) User=0.00s Sys=0.00s Real=0.00s
[2025-12-16T20:43:59.265+0800][1.393s][info][gc,start    ] GC(75) Pause Young (Allocation Failure)
[2025-12-16T20:43:59.265+0800][1.393s][info][gc,heap     ] GC(75) PSYoungGen: 31296K(31744K)->32K(31744K) Eden: 31232K(31232K)->0K(31232K) From: 64K(512K)->32K(512K)
[2025-12-16T20:43:59.265+0800][1.393s][info][gc,heap     ] GC(75) ParOldGen: 496K(175104K)->496K(175104K)
[2025-12-16T20:43:59.265+0800][1.393s][info][gc,metaspace] GC(75) Metaspace: 138K(320K)->138K(320K) NonClass: 129K(192K)->129K(192K) Class: 9K(128K)->9K(128K)
[2025-12-16T20:43:59.265+0800][1.393s][info][gc          ] GC(75) Pause Young (Allocation Failure) 31M->0M(202M) 0.065ms
[2025-12-16T20:43:59.265+0800][1.393s][info][gc,cpu      ] GC(75) User=0.00s Sys=0.00s Real=0.00s
[2025-12-16T20:43:59.277+0800][1.405s][info][gc,start    ] GC(76) Pause Young (Allocation Failure)
[2025-12-16T20:43:59.277+0800][1.405s][info][gc,heap     ] GC(76) PSYoungGen: 31264K(31744K)->96K(31744K) Eden: 31232K(31232K)->0K(31232K) From: 32K(512K)->96K(512K)
[2025-12-16T20:43:59.277+0800][1.405s][info][gc,heap     ] GC(76) ParOldGen: 496K(175104K)->496K(175104K)
[2025-12-16T20:43:59.277+0800][1.405s][info][gc,metaspace] GC(76) Metaspace: 138K(320K)->138K(320K) NonClass: 129K(192K)->129K(192K) Class: 9K(128K)->9K(128K)
[2025-12-16T20:43:59.277+0800][1.405s][info][gc          ] GC(76) Pause Young (Allocation Failure) 31M->0M(202M) 0.082ms
[2025-12-16T20:43:59.277+0800][1.405s][info][gc,cpu      ] GC(76) User=0.00s Sys=0.00s Real=0.00s
[2025-12-16T20:43:59.289+0800][1.417s][info][gc,start    ] GC(77) Pause Young (Allocation Failure)
[2025-12-16T20:43:59.289+0800][1.417s][info][gc,heap     ] GC(77) PSYoungGen: 31328K(31744K)->128K(31744K) Eden: 31232K(31232K)->0K(31232K) From: 96K(512K)->128K(512K)
[2025-12-16T20:43:59.289+0800][1.417s][info][gc,heap     ] GC(77) ParOldGen: 496K(175104K)->496K(175104K)
[2025-12-16T20:43:59.289+0800][1.417s][info][gc,metaspace] GC(77) Metaspace: 138K(320K)->138K(320K) NonClass: 129K(192K)->129K(192K) Class: 9K(128K)->9K(128K)
[2025-12-16T20:43:59.289+0800][1.417s][info][gc          ] GC(77) Pause Young (Allocation Failure) 31M->0M(202M) 0.057ms
[2025-12-16T20:43:59.289+0800][1.417s][info][gc,cpu      ] GC(77) User=0.00s Sys=0.00s Real=0.00s
[2025-12-16T20:43:59.301+0800][1.429s][info][gc,start    ] GC(78) Pause Young (Allocation Failure)
[2025-12-16T20:43:59.301+0800][1.429s][info][gc,heap     ] GC(78) PSYoungGen: 31360K(31744K)->96K(31744K) Eden: 31232K(31232K)->0K(31232K) From: 128K(512K)->96K(512K)
[2025-12-16T20:43:59.301+0800][1.429s][info][gc,heap     ] GC(78) ParOldGen: 496K(175104K)->496K(175104K)
[2025-12-16T20:43:59.301+0800][1.429s][info][gc,metaspace] GC(78) Metaspace: 138K(320K)->138K(320K) NonClass: 129K(192K)->129K(192K) Class: 9K(128K)->9K(128K)
[2025-12-16T20:43:59.301+0800][1.429s][info][gc          ] GC(78) Pause Young (Allocation Failure) 31M->0M(202M) 0.086ms
[2025-12-16T20:43:59.301+0800][1.429s][info][gc,cpu      ] GC(78) User=0.00s Sys=0.00s Real=0.00s
[2025-12-16T20:43:59.313+0800][1.441s][info][gc,start    ] GC(79) Pause Young (Allocation Failure)
[2025-12-16T20:43:59.313+0800][1.441s][info][gc,heap     ] GC(79) PSYoungGen: 31328K(31744K)->96K(31744K) Eden: 31232K(31232K)->0K(31232K) From: 96K(512K)->96K(512K)
[2025-12-16T20:43:59.313+0800][1.441s][info][gc,heap     ] GC(79) ParOldGen: 496K(175104K)->496K(175104K)
[2025-12-16T20:43:59.313+0800][1.441s][info][gc,metaspace] GC(79) Metaspace: 138K(320K)->138K(320K) NonClass: 129K(192K)->129K(192K) Class: 9K(128K)->9K(128K)
[2025-12-16T20:43:59.313+0800][1.441s][info][gc          ] GC(79) Pause Young (Allocation Failure) 31M->0M(202M) 0.055ms
[2025-12-16T20:43:59.313+0800][1.441s][info][gc,cpu      ] GC(79) User=0.00s Sys=0.00s Real=0.00s
[2025-12-16T20:43:59.325+0800][1.453s][info][gc,start    ] GC(80) Pause Young (Allocation Failure)
[2025-12-16T20:43:59.325+0800][1.453s][info][gc,heap     ] GC(80) PSYoungGen: 31328K(31744K)->128K(31744K) Eden: 31232K(31232K)->0K(31232K) From: 96K(512K)->128K(512K)
[2025-12-16T20:43:59.325+0800][1.453s][info][gc,heap     ] GC(80) ParOldGen: 496K(175104K)->496K(175104K)
[2025-12-16T20:43:59.325+0800][1.453s][info][gc,metaspace] GC(80) Metaspace: 138K(320K)->138K(320K) NonClass: 129K(192K)->129K(192K) Class: 9K(128K)->9K(128K)
[2025-12-16T20:43:59.325+0800][1.453s][info][gc          ] GC(80) Pause Young (Allocation Failure) 31M->0M(202M) 0.050ms
[2025-12-16T20:43:59.325+0800][1.453s][info][gc,cpu      ] GC(80) User=0.00s Sys=0.00s Real=0.00s
[2025-12-16T20:43:59.337+0800][1.465s][info][gc,start    ] GC(81) Pause Young (Allocation Failure)
[2025-12-16T20:43:59.337+0800][1.465s][info][gc,heap     ] GC(81) PSYoungGen: 31360K(31744K)->128K(31744K) Eden: 31232K(31232K)->0K(31232K) From: 128K(512K)->128K(512K)
[2025-12-16T20:43:59.337+0800][1.465s][info][gc,heap     ] GC(81) ParOldGen: 496K(175104K)->496K(175104K)
[2025-12-16T20:43:59.337+0800][1.465s][info][gc,metaspace] GC(81) Metaspace: 138K(320K)->138K(320K) NonClass: 129K(192K)->129K(192K) Class: 9K(128K)->9K(128K)
[2025-12-16T20:43:59.337+0800][1.465s][info][gc          ] GC(81) Pause Young (Allocation Failure) 31M->0M(202M) 0.062ms
[2025-12-16T20:43:59.337+0800][1.465s][info][gc,cpu      ] GC(81) User=0.00s Sys=0.00s Real=0.00s
[2025-12-16T20:43:59.349+0800][1.477s][info][gc,start    ] GC(82) Pause Young (Allocation Failure)
[2025-12-16T20:43:59.349+0800][1.477s][info][gc,heap     ] GC(82) PSYoungGen: 31360K(31744K)->64K(31744K) Eden: 31232K(31232K)->0K(31232K) From: 128K(512K)->64K(512K)
[2025-12-16T20:43:59.349+0800][1.477s][info][gc,heap     ] GC(82) ParOldGen: 496K(175104K)->496K(175104K)
[2025-12-16T20:43:59.349+0800][1.477s][info][gc,metaspace] GC(82) Metaspace: 138K(320K)->138K(320K) NonClass: 129K(192K)->129K(192K) Class: 9K(128K)->9K(128K)
[2025-12-16T20:43:59.349+0800][1.477s][info][gc          ] GC(82) Pause Young (Allocation Failure) 31M->0M(202M) 0.067ms
[2025-12-16T20:43:59.349+0800][1.477s][info][gc,cpu      ] GC(82) User=0.00s Sys=0.00s Real=0.00s
[2025-12-16T20:43:59.361+0800][1.489s][info][gc,start    ] GC(83) Pause Young (Allocation Failure)
[2025-12-16T20:43:59.361+0800][1.489s][info][gc,heap     ] GC(83) PSYoungGen: 31296K(31744K)->96K(31744K) Eden: 31232K(31232K)->0K(31232K) From: 64K(512K)->96K(512K)
[2025-12-16T20:43:59.361+0800][1.489s][info][gc,heap     ] GC(83) ParOldGen: 496K(175104K)->496K(175104K)
[2025-12-16T20:43:59.361+0800][1.489s][info][gc,metaspace] GC(83) Metaspace: 138K(320K)->138K(320K) NonClass: 129K(192K)->129K(192K) Class: 9K(128K)->9K(128K)
[2025-12-16T20:43:59.361+0800][1.489s][info][gc          ] GC(83) Pause Young (Allocation Failure) 31M->0M(202M) 0.063ms
[2025-12-16T20:43:59.361+0800][1.489s][info][gc,cpu      ] GC(83) User=0.00s Sys=0.00s Real=0.00s
[2025-12-16T20:43:59.373+0800][1.501s][info][gc,start    ] GC(84) Pause Young (Allocation Failure)
[2025-12-16T20:43:59.373+0800][1.501s][info][gc,heap     ] GC(84) PSYoungGen: 31328K(31744K)->128K(31744K) Eden: 31232K(31232K)->0K(31232K) From: 96K(512K)->128K(512K)
[2025-12-16T20:43:59.373+0800][1.501s][info][gc,heap     ] GC(84) ParOldGen: 496K(175104K)->496K(175104K)
[2025-12-16T20:43:59.373+0800][1.501s][info][gc,metaspace] GC(84) Metaspace: 138K(320K)->138K(320K) NonClass: 129K(192K)->129K(192K) Class: 9K(128K)->9K(128K)
[2025-12-16T20:43:59.373+0800][1.501s][info][gc          ] GC(84) Pause Young (Allocation Failure) 31M->0M(202M) 0.059ms
[2025-12-16T20:43:59.373+0800][1.501s][info][gc,cpu      ] GC(84) User=0.00s Sys=0.00s Real=0.00s
[2025-12-16T20:43:59.385+0800][1.513s][info][gc,start    ] GC(85) Pause Young (Allocation Failure)
[2025-12-16T20:43:59.385+0800][1.513s][info][gc,heap     ] GC(85) PSYoungGen: 31360K(31744K)->128K(31744K) Eden: 31232K(31232K)->0K(31232K) From: 128K(512K)->128K(512K)
[2025-12-16T20:43:59.385+0800][1.513s][info][gc,heap     ] GC(85) ParOldGen: 496K(175104K)->496K(175104K)
[2025-12-16T20:43:59.385+0800][1.513s][info][gc,metaspace] GC(85) Metaspace: 138K(320K)->138K(320K) NonClass: 129K(192K)->129K(192K) Class: 9K(128K)->9K(128K)
[2025-12-16T20:43:59.385+0800][1.513s][info][gc          ] GC(85) Pause Young (Allocation Failure) 31M->0M(202M) 0.062ms
[2025-12-16T20:43:59.385+0800][1.513s][info][gc,cpu      ] GC(85) User=0.00s Sys=0.00s Real=0.00s
[2025-12-16T20:43:59.397+0800][1.525s][info][gc,start    ] GC(86) Pause Young (Allocation Failure)
[2025-12-16T20:43:59.397+0800][1.525s][info][gc,heap     ] GC(86) PSYoungGen: 31360K(31744K)->128K(31744K) Eden: 31232K(31232K)->0K(31232K) From: 128K(512K)->128K(512K)
[2025-12-16T20:43:59.397+0800][1.525s][info][gc,heap     ] GC(86) ParOldGen: 496K(175104K)->496K(175104K)
[2025-12-16T20:43:59.397+0800][1.525s][info][gc,metaspace] GC(86) Metaspace: 138K(320K)->138K(320K) NonClass: 129K(192K)->129K(192K) Class: 9K(128K)->9K(128K)
[2025-12-16T20:43:59.397+0800][1.525s][info][gc          ] GC(86) Pause Young (Allocation Failure) 31M->0M(202M) 0.053ms
[2025-12-16T20:43:59.397+0800][1.525s][info][gc,cpu      ] GC(86) User=0.00s Sys=0.00s Real=0.00s
[2025-12-16T20:43:59.409+0800][1.537s][info][gc,start    ] GC(87) Pause Young (Allocation Failure)
[2025-12-16T20:43:59.409+0800][1.537s][info][gc,heap     ] GC(87) PSYoungGen: 31360K(31744K)->64K(31744K) Eden: 31232K(31232K)->0K(31232K) From: 128K(512K)->64K(512K)
[2025-12-16T20:43:59.409+0800][1.537s][info][gc,heap     ] GC(87) ParOldGen: 496K(175104K)->496K(175104K)
[2025-12-16T20:43:59.409+0800][1.537s][info][gc,metaspace] GC(87) Metaspace: 138K(320K)->138K(320K) NonClass: 129K(192K)->129K(192K) Class: 9K(128K)->9K(128K)
[2025-12-16T20:43:59.409+0800][1.537s][info][gc          ] GC(87) Pause Young (Allocation Failure) 31M->0M(202M) 0.062ms
[2025-12-16T20:43:59.409+0800][1.537s][info][gc,cpu      ] GC(87) User=0.00s Sys=0.00s Real=0.00s
[2025-12-16T20:43:59.421+0800][1.548s][info][gc,start    ] GC(88) Pause Young (Allocation Failure)
[2025-12-16T20:43:59.421+0800][1.549s][info][gc,heap     ] GC(88) PSYoungGen: 31296K(31744K)->128K(31744K) Eden: 31232K(31232K)->0K(31232K) From: 64K(512K)->128K(512K)
[2025-12-16T20:43:59.421+0800][1.549s][info][gc,heap     ] GC(88) ParOldGen: 496K(175104K)->496K(175104K)
[2025-12-16T20:43:59.421+0800][1.549s][info][gc,metaspace] GC(88) Metaspace: 138K(320K)->138K(320K) NonClass: 129K(192K)->129K(192K) Class: 9K(128K)->9K(128K)
[2025-12-16T20:43:59.421+0800][1.549s][info][gc          ] GC(88) Pause Young (Allocation Failure) 31M->0M(202M) 0.045ms
[2025-12-16T20:43:59.421+0800][1.549s][info][gc,cpu      ] GC(88) User=0.00s Sys=0.00s Real=0.00s
[2025-12-16T20:43:59.432+0800][1.560s][info][gc,start    ] GC(89) Pause Young (Allocation Failure)
[2025-12-16T20:43:59.432+0800][1.560s][info][gc,heap     ] GC(89) PSYoungGen: 31360K(31744K)->128K(31744K) Eden: 31232K(31232K)->0K(31232K) From: 128K(512K)->128K(512K)
[2025-12-16T20:43:59.432+0800][1.560s][info][gc,heap     ] GC(89) ParOldGen: 496K(175104K)->496K(175104K)
[2025-12-16T20:43:59.432+0800][1.560s][info][gc,metaspace] GC(89) Metaspace: 138K(320K)->138K(320K) NonClass: 129K(192K)->129K(192K) Class: 9K(128K)->9K(128K)
[2025-12-16T20:43:59.432+0800][1.560s][info][gc          ] GC(89) Pause Young (Allocation Failure) 31M->0M(202M) 0.056ms
[2025-12-16T20:43:59.432+0800][1.560s][info][gc,cpu      ] GC(89) User=0.00s Sys=0.00s Real=0.00s
[2025-12-16T20:43:59.444+0800][1.572s][info][gc,start    ] GC(90) Pause Young (Allocation Failure)
[2025-12-16T20:43:59.444+0800][1.572s][info][gc,heap     ] GC(90) PSYoungGen: 31360K(31744K)->128K(31744K) Eden: 31232K(31232K)->0K(31232K) From: 128K(512K)->128K(512K)
[2025-12-16T20:43:59.444+0800][1.572s][info][gc,heap     ] GC(90) ParOldGen: 496K(175104K)->496K(175104K)
[2025-12-16T20:43:59.444+0800][1.572s][info][gc,metaspace] GC(90) Metaspace: 138K(320K)->138K(320K) NonClass: 129K(192K)->129K(192K) Class: 9K(128K)->9K(128K)
[2025-12-16T20:43:59.444+0800][1.572s][info][gc          ] GC(90) Pause Young (Allocation Failure) 31M->0M(202M) 0.058ms
[2025-12-16T20:43:59.444+0800][1.572s][info][gc,cpu      ] GC(90) User=0.00s Sys=0.00s Real=0.00s
[2025-12-16T20:43:59.456+0800][1.584s][info][gc,start    ] GC(91) Pause Young (Allocation Failure)
[2025-12-16T20:43:59.456+0800][1.584s][info][gc,heap     ] GC(91) PSYoungGen: 31360K(31744K)->128K(31744K) Eden: 31232K(31232K)->0K(31232K) From: 128K(512K)->128K(512K)
[2025-12-16T20:43:59.456+0800][1.584s][info][gc,heap     ] GC(91) ParOldGen: 496K(175104K)->496K(175104K)
[2025-12-16T20:43:59.456+0800][1.584s][info][gc,metaspace] GC(91) Metaspace: 138K(320K)->138K(320K) NonClass: 129K(192K)->129K(192K) Class: 9K(128K)->9K(128K)
[2025-12-16T20:43:59.456+0800][1.584s][info][gc          ] GC(91) Pause Young (Allocation Failure) 31M->0M(202M) 0.050ms
[2025-12-16T20:43:59.456+0800][1.584s][info][gc,cpu      ] GC(91) User=0.00s Sys=0.00s Real=0.00s
[2025-12-16T20:43:59.468+0800][1.596s][info][gc,start    ] GC(92) Pause Young (Allocation Failure)
[2025-12-16T20:43:59.468+0800][1.596s][info][gc,heap     ] GC(92) PSYoungGen: 31360K(31744K)->128K(31744K) Eden: 31232K(31232K)->0K(31232K) From: 128K(512K)->128K(512K)
[2025-12-16T20:43:59.468+0800][1.596s][info][gc,heap     ] GC(92) ParOldGen: 496K(175104K)->496K(175104K)
[2025-12-16T20:43:59.468+0800][1.596s][info][gc,metaspace] GC(92) Metaspace: 138K(320K)->138K(320K) NonClass: 129K(192K)->129K(192K) Class: 9K(128K)->9K(128K)
[2025-12-16T20:43:59.468+0800][1.596s][info][gc          ] GC(92) Pause Young (Allocation Failure) 31M->0M(202M) 0.048ms
[2025-12-16T20:43:59.468+0800][1.596s][info][gc,cpu      ] GC(92) User=0.00s Sys=0.00s Real=0.00s
[2025-12-16T20:43:59.480+0800][1.608s][info][gc,start    ] GC(93) Pause Young (Allocation Failure)
[2025-12-16T20:43:59.480+0800][1.608s][info][gc,heap     ] GC(93) PSYoungGen: 31360K(31744K)->128K(31744K) Eden: 31232K(31232K)->0K(31232K) From: 128K(512K)->128K(512K)
[2025-12-16T20:43:59.480+0800][1.608s][info][gc,heap     ] GC(93) ParOldGen: 496K(175104K)->496K(175104K)
[2025-12-16T20:43:59.480+0800][1.608s][info][gc,metaspace] GC(93) Metaspace: 138K(320K)->138K(320K) NonClass: 129K(192K)->129K(192K) Class: 9K(128K)->9K(128K)
[2025-12-16T20:43:59.480+0800][1.608s][info][gc          ] GC(93) Pause Young (Allocation Failure) 31M->0M(202M) 0.067ms
[2025-12-16T20:43:59.480+0800][1.608s][info][gc,cpu      ] GC(93) User=0.00s Sys=0.00s Real=0.00s
[2025-12-16T20:43:59.492+0800][1.620s][info][gc,start    ] GC(94) Pause Young (Allocation Failure)
[2025-12-16T20:43:59.492+0800][1.620s][info][gc,heap     ] GC(94) PSYoungGen: 31360K(31744K)->128K(31744K) Eden: 31232K(31232K)->0K(31232K) From: 128K(512K)->128K(512K)
[2025-12-16T20:43:59.492+0800][1.620s][info][gc,heap     ] GC(94) ParOldGen: 496K(175104K)->496K(175104K)
[2025-12-16T20:43:59.492+0800][1.620s][info][gc,metaspace] GC(94) Metaspace: 138K(320K)->138K(320K) NonClass: 129K(192K)->129K(192K) Class: 9K(128K)->9K(128K)
[2025-12-16T20:43:59.492+0800][1.620s][info][gc          ] GC(94) Pause Young (Allocation Failure) 31M->0M(202M) 0.065ms
[2025-12-16T20:43:59.492+0800][1.620s][info][gc,cpu      ] GC(94) User=0.00s Sys=0.00s Real=0.00s
[2025-12-16T20:43:59.504+0800][1.632s][info][gc,start    ] GC(95) Pause Young (Allocation Failure)
[2025-12-16T20:43:59.504+0800][1.632s][info][gc,heap     ] GC(95) PSYoungGen: 31360K(31744K)->128K(31744K) Eden: 31232K(31232K)->0K(31232K) From: 128K(512K)->128K(512K)
[2025-12-16T20:43:59.504+0800][1.632s][info][gc,heap     ] GC(95) ParOldGen: 496K(175104K)->496K(175104K)
[2025-12-16T20:43:59.504+0800][1.632s][info][gc,metaspace] GC(95) Metaspace: 138K(320K)->138K(320K) NonClass: 129K(192K)->129K(192K) Class: 9K(128K)->9K(128K)
[2025-12-16T20:43:59.504+0800][1.632s][info][gc          ] GC(95) Pause Young (Allocation Failure) 31M->0M(202M) 0.051ms
[2025-12-16T20:43:59.504+0800][1.632s][info][gc,cpu      ] GC(95) User=0.00s Sys=0.00s Real=0.00s
[2025-12-16T20:43:59.516+0800][1.644s][info][gc,start    ] GC(96) Pause Young (Allocation Failure)
[2025-12-16T20:43:59.516+0800][1.644s][info][gc,heap     ] GC(96) PSYoungGen: 31360K(31744K)->32K(31744K) Eden: 31232K(31232K)->0K(31232K) From: 128K(512K)->32K(512K)
[2025-12-16T20:43:59.516+0800][1.644s][info][gc,heap     ] GC(96) ParOldGen: 496K(175104K)->496K(175104K)
[2025-12-16T20:43:59.516+0800][1.644s][info][gc,metaspace] GC(96) Metaspace: 138K(320K)->138K(320K) NonClass: 129K(192K)->129K(192K) Class: 9K(128K)->9K(128K)
[2025-12-16T20:43:59.516+0800][1.644s][info][gc          ] GC(96) Pause Young (Allocation Failure) 31M->0M(202M) 0.075ms
[2025-12-16T20:43:59.516+0800][1.644s][info][gc,cpu      ] GC(96) User=0.00s Sys=0.00s Real=0.00s
[2025-12-16T20:43:59.528+0800][1.656s][info][gc,start    ] GC(97) Pause Young (Allocation Failure)
[2025-12-16T20:43:59.528+0800][1.656s][info][gc,heap     ] GC(97) PSYoungGen: 31264K(31744K)->128K(31744K) Eden: 31232K(31232K)->0K(31232K) From: 32K(512K)->128K(512K)
[2025-12-16T20:43:59.528+0800][1.656s][info][gc,heap     ] GC(97) ParOldGen: 496K(175104K)->496K(175104K)
[2025-12-16T20:43:59.528+0800][1.656s][info][gc,metaspace] GC(97) Metaspace: 138K(320K)->138K(320K) NonClass: 129K(192K)->129K(192K) Class: 9K(128K)->9K(128K)
[2025-12-16T20:43:59.528+0800][1.656s][info][gc          ] GC(97) Pause Young (Allocation Failure) 31M->0M(202M) 0.050ms
[2025-12-16T20:43:59.528+0800][1.656s][info][gc,cpu      ] GC(97) User=0.00s Sys=0.00s Real=0.00s
[2025-12-16T20:43:59.540+0800][1.668s][info][gc,start    ] GC(98) Pause Young (Allocation Failure)
[2025-12-16T20:43:59.540+0800][1.668s][info][gc,heap     ] GC(98) PSYoungGen: 31360K(31744K)->96K(31744K) Eden: 31232K(31232K)->0K(31232K) From: 128K(512K)->96K(512K)
[2025-12-16T20:43:59.540+0800][1.668s][info][gc,heap     ] GC(98) ParOldGen: 496K(175104K)->496K(175104K)
[2025-12-16T20:43:59.540+0800][1.668s][info][gc,metaspace] GC(98) Metaspace: 138K(320K)->138K(320K) NonClass: 129K(192K)->129K(192K) Class: 9K(128K)->9K(128K)
[2025-12-16T20:43:59.540+0800][1.668s][info][gc          ] GC(98) Pause Young (Allocation Failure) 31M->0M(202M) 0.059ms
[2025-12-16T20:43:59.540+0800][1.668s][info][gc,cpu      ] GC(98) User=0.00s Sys=0.00s Real=0.00s
[2025-12-16T20:43:59.552+0800][1.680s][info][gc,start    ] GC(99) Pause Young (Allocation Failure)
[2025-12-16T20:43:59.552+0800][1.680s][info][gc,heap     ] GC(99) PSYoungGen: 31328K(31744K)->128K(31744K) Eden: 31232K(31232K)->0K(31232K) From: 96K(512K)->128K(512K)
[2025-12-16T20:43:59.552+0800][1.680s][info][gc,heap     ] GC(99) ParOldGen: 496K(175104K)->496K(175104K)
[2025-12-16T20:43:59.552+0800][1.680s][info][gc,metaspace] GC(99) Metaspace: 138K(320K)->138K(320K) NonClass: 129K(192K)->129K(192K) Class: 9K(128K)->9K(128K)
[2025-12-16T20:43:59.552+0800][1.680s][info][gc          ] GC(99) Pause Young (Allocation Failure) 31M->0M(202M) 0.066ms
[2025-12-16T20:43:59.552+0800][1.680s][info][gc,cpu      ] GC(99) User=0.00s Sys=0.00s Real=0.00s
[2025-12-16T20:43:59.564+0800][1.692s][info][gc,start    ] GC(100) Pause Young (Allocation Failure)
[2025-12-16T20:43:59.564+0800][1.692s][info][gc,heap     ] GC(100) PSYoungGen: 31360K(31744K)->128K(31744K) Eden: 31232K(31232K)->0K(31232K) From: 128K(512K)->128K(512K)
[2025-12-16T20:43:59.564+0800][1.692s][info][gc,heap     ] GC(100) ParOldGen: 496K(175104K)->496K(175104K)
[2025-12-16T20:43:59.564+0800][1.692s][info][gc,metaspace] GC(100) Metaspace: 138K(320K)->138K(320K) NonClass: 129K(192K)->129K(192K) Class: 9K(128K)->9K(128K)
[2025-12-16T20:43:59.564+0800][1.692s][info][gc          ] GC(100) Pause Young (Allocation Failure) 31M->0M(202M) 0.063ms
[2025-12-16T20:43:59.564+0800][1.692s][info][gc,cpu      ] GC(100) User=0.00s Sys=0.00s Real=0.00s
[2025-12-16T20:43:59.576+0800][1.704s][info][gc,start    ] GC(101) Pause Young (Allocation Failure)
[2025-12-16T20:43:59.576+0800][1.704s][info][gc,heap     ] GC(101) PSYoungGen: 31360K(31744K)->96K(31744K) Eden: 31232K(31232K)->0K(31232K) From: 128K(512K)->96K(512K)
[2025-12-16T20:43:59.576+0800][1.704s][info][gc,heap     ] GC(101) ParOldGen: 496K(175104K)->496K(175104K)
[2025-12-16T20:43:59.576+0800][1.704s][info][gc,metaspace] GC(101) Metaspace: 138K(320K)->138K(320K) NonClass: 129K(192K)->129K(192K) Class: 9K(128K)->9K(128K)
[2025-12-16T20:43:59.576+0800][1.704s][info][gc          ] GC(101) Pause Young (Allocation Failure) 31M->0M(202M) 0.060ms
[2025-12-16T20:43:59.576+0800][1.704s][info][gc,cpu      ] GC(101) User=0.00s Sys=0.00s Real=0.00s
[2025-12-16T20:43:59.588+0800][1.716s][info][gc,start    ] GC(102) Pause Young (Allocation Failure)
[2025-12-16T20:43:59.588+0800][1.716s][info][gc,heap     ] GC(102) PSYoungGen: 31328K(31744K)->128K(31744K) Eden: 31232K(31232K)->0K(31232K) From: 96K(512K)->128K(512K)
[2025-12-16T20:43:59.588+0800][1.716s][info][gc,heap     ] GC(102) ParOldGen: 496K(175104K)->496K(175104K)
[2025-12-16T20:43:59.588+0800][1.716s][info][gc,metaspace] GC(102) Metaspace: 138K(320K)->138K(320K) NonClass: 129K(192K)->129K(192K) Class: 9K(128K)->9K(128K)
[2025-12-16T20:43:59.588+0800][1.716s][info][gc          ] GC(102) Pause Young (Allocation Failure) 31M->0M(202M) 0.054ms
[2025-12-16T20:43:59.588+0800][1.716s][info][gc,cpu      ] GC(102) User=0.00s Sys=0.00s Real=0.00s
[2025-12-16T20:43:59.600+0800][1.728s][info][gc,start    ] GC(103) Pause Young (Allocation Failure)
[2025-12-16T20:43:59.600+0800][1.728s][info][gc,heap     ] GC(103) PSYoungGen: 31360K(31744K)->128K(31744K) Eden: 31232K(31232K)->0K(31232K) From: 128K(512K)->128K(512K)
[2025-12-16T20:43:59.600+0800][1.728s][info][gc,heap     ] GC(103) ParOldGen: 496K(175104K)->496K(175104K)
[2025-12-16T20:43:59.600+0800][1.728s][info][gc,metaspace] GC(103) Metaspace: 138K(320K)->138K(320K) NonClass: 129K(192K)->129K(192K) Class: 9K(128K)->9K(128K)
[2025-12-16T20:43:59.600+0800][1.728s][info][gc          ] GC(103) Pause Young (Allocation Failure) 31M->0M(202M) 0.055ms
[2025-12-16T20:43:59.600+0800][1.728s][info][gc,cpu      ] GC(103) User=0.00s Sys=0.00s Real=0.00s
[2025-12-16T20:43:59.612+0800][1.740s][info][gc,start    ] GC(104) Pause Young (Allocation Failure)
[2025-12-16T20:43:59.612+0800][1.740s][info][gc,heap     ] GC(104) PSYoungGen: 31360K(31744K)->128K(31744K) Eden: 31232K(31232K)->0K(31232K) From: 128K(512K)->128K(512K)
[2025-12-16T20:43:59.612+0800][1.740s][info][gc,heap     ] GC(104) ParOldGen: 496K(175104K)->496K(175104K)
[2025-12-16T20:43:59.612+0800][1.740s][info][gc,metaspace] GC(104) Metaspace: 138K(320K)->138K(320K) NonClass: 129K(192K)->129K(192K) Class: 9K(128K)->9K(128K)
[2025-12-16T20:43:59.612+0800][1.740s][info][gc          ] GC(104) Pause Young (Allocation Failure) 31M->0M(202M) 0.059ms
[2025-12-16T20:43:59.612+0800][1.740s][info][gc,cpu      ] GC(104) User=0.00s Sys=0.00s Real=0.00s
[2025-12-16T20:43:59.624+0800][1.752s][info][gc,start    ] GC(105) Pause Young (Allocation Failure)
[2025-12-16T20:43:59.624+0800][1.752s][info][gc,heap     ] GC(105) PSYoungGen: 31360K(31744K)->128K(31744K) Eden: 31232K(31232K)->0K(31232K) From: 128K(512K)->128K(512K)
[2025-12-16T20:43:59.624+0800][1.752s][info][gc,heap     ] GC(105) ParOldGen: 496K(175104K)->496K(175104K)
[2025-12-16T20:43:59.624+0800][1.752s][info][gc,metaspace] GC(105) Metaspace: 138K(320K)->138K(320K) NonClass: 129K(192K)->129K(192K) Class: 9K(128K)->9K(128K)
[2025-12-16T20:43:59.624+0800][1.752s][info][gc          ] GC(105) Pause Young (Allocation Failure) 31M->0M(202M) 0.046ms
[2025-12-16T20:43:59.624+0800][1.752s][info][gc,cpu      ] GC(105) User=0.00s Sys=0.00s Real=0.00s
[2025-12-16T20:43:59.636+0800][1.764s][info][gc,start    ] GC(106) Pause Young (Allocation Failure)
[2025-12-16T20:43:59.636+0800][1.764s][info][gc,heap     ] GC(106) PSYoungGen: 31360K(31744K)->128K(31744K) Eden: 31232K(31232K)->0K(31232K) From: 128K(512K)->128K(512K)
[2025-12-16T20:43:59.636+0800][1.764s][info][gc,heap     ] GC(106) ParOldGen: 496K(175104K)->496K(175104K)
[2025-12-16T20:43:59.636+0800][1.764s][info][gc,metaspace] GC(106) Metaspace: 138K(320K)->138K(320K) NonClass: 129K(192K)->129K(192K) Class: 9K(128K)->9K(128K)
[2025-12-16T20:43:59.636+0800][1.764s][info][gc          ] GC(106) Pause Young (Allocation Failure) 31M->0M(202M) 0.062ms
[2025-12-16T20:43:59.636+0800][1.764s][info][gc,cpu      ] GC(106) User=0.00s Sys=0.00s Real=0.00s
[2025-12-16T20:43:59.648+0800][1.776s][info][gc,start    ] GC(107) Pause Young (Allocation Failure)
[2025-12-16T20:43:59.648+0800][1.776s][info][gc,heap     ] GC(107) PSYoungGen: 31360K(31744K)->128K(31744K) Eden: 31232K(31232K)->0K(31232K) From: 128K(512K)->128K(512K)
[2025-12-16T20:43:59.648+0800][1.776s][info][gc,heap     ] GC(107) ParOldGen: 496K(175104K)->496K(175104K)
[2025-12-16T20:43:59.648+0800][1.776s][info][gc,metaspace] GC(107) Metaspace: 138K(320K)->138K(320K) NonClass: 129K(192K)->129K(192K) Class: 9K(128K)->9K(128K)
[2025-12-16T20:43:59.648+0800][1.776s][info][gc          ] GC(107) Pause Young (Allocation Failure) 31M->0M(202M) 0.058ms
[2025-12-16T20:43:59.648+0800][1.776s][info][gc,cpu      ] GC(107) User=0.00s Sys=0.00s Real=0.00s
[2025-12-16T20:43:59.660+0800][1.788s][info][gc,start    ] GC(108) Pause Young (Allocation Failure)
[2025-12-16T20:43:59.660+0800][1.788s][info][gc,heap     ] GC(108) PSYoungGen: 31360K(31744K)->128K(31744K) Eden: 31232K(31232K)->0K(31232K) From: 128K(512K)->128K(512K)
[2025-12-16T20:43:59.660+0800][1.788s][info][gc,heap     ] GC(108) ParOldGen: 496K(175104K)->496K(175104K)
[2025-12-16T20:43:59.660+0800][1.788s][info][gc,metaspace] GC(108) Metaspace: 138K(320K)->138K(320K) NonClass: 129K(192K)->129K(192K) Class: 9K(128K)->9K(128K)
[2025-12-16T20:43:59.660+0800][1.788s][info][gc          ] GC(108) Pause Young (Allocation Failure) 31M->0M(202M) 0.064ms
[2025-12-16T20:43:59.660+0800][1.788s][info][gc,cpu      ] GC(108) User=0.00s Sys=0.00s Real=0.00s
[2025-12-16T20:43:59.671+0800][1.799s][info][gc,start    ] GC(109) Pause Young (Allocation Failure)
[2025-12-16T20:43:59.672+0800][1.799s][info][gc,heap     ] GC(109) PSYoungGen: 31360K(31744K)->128K(31744K) Eden: 31232K(31232K)->0K(31232K) From: 128K(512K)->128K(512K)
[2025-12-16T20:43:59.672+0800][1.799s][info][gc,heap     ] GC(109) ParOldGen: 496K(175104K)->496K(175104K)
[2025-12-16T20:43:59.672+0800][1.799s][info][gc,metaspace] GC(109) Metaspace: 138K(320K)->138K(320K) NonClass: 129K(192K)->129K(192K) Class: 9K(128K)->9K(128K)
[2025-12-16T20:43:59.672+0800][1.799s][info][gc          ] GC(109) Pause Young (Allocation Failure) 31M->0M(202M) 0.062ms
[2025-12-16T20:43:59.672+0800][1.799s][info][gc,cpu      ] GC(109) User=0.00s Sys=0.00s Real=0.00s
[2025-12-16T20:43:59.683+0800][1.811s][info][gc,start    ] GC(110) Pause Young (Allocation Failure)
[2025-12-16T20:43:59.683+0800][1.811s][info][gc,heap     ] GC(110) PSYoungGen: 31360K(31744K)->96K(31744K) Eden: 31232K(31232K)->0K(31232K) From: 128K(512K)->96K(512K)
[2025-12-16T20:43:59.683+0800][1.811s][info][gc,heap     ] GC(110) ParOldGen: 496K(175104K)->496K(175104K)
[2025-12-16T20:43:59.683+0800][1.811s][info][gc,metaspace] GC(110) Metaspace: 138K(320K)->138K(320K) NonClass: 129K(192K)->129K(192K) Class: 9K(128K)->9K(128K)
[2025-12-16T20:43:59.683+0800][1.811s][info][gc          ] GC(110) Pause Young (Allocation Failure) 31M->0M(202M) 0.055ms
[2025-12-16T20:43:59.683+0800][1.811s][info][gc,cpu      ] GC(110) User=0.00s Sys=0.00s Real=0.00s
[2025-12-16T20:43:59.695+0800][1.823s][info][gc,start    ] GC(111) Pause Young (Allocation Failure)
[2025-12-16T20:43:59.695+0800][1.823s][info][gc,heap     ] GC(111) PSYoungGen: 31328K(31744K)->128K(31744K) Eden: 31232K(31232K)->0K(31232K) From: 96K(512K)->128K(512K)
[2025-12-16T20:43:59.695+0800][1.823s][info][gc,heap     ] GC(111) ParOldGen: 496K(175104K)->496K(175104K)
[2025-12-16T20:43:59.695+0800][1.823s][info][gc,metaspace] GC(111) Metaspace: 138K(320K)->138K(320K) NonClass: 129K(192K)->129K(192K) Class: 9K(128K)->9K(128K)
[2025-12-16T20:43:59.695+0800][1.823s][info][gc          ] GC(111) Pause Young (Allocation Failure) 31M->0M(202M) 0.048ms
[2025-12-16T20:43:59.695+0800][1.823s][info][gc,cpu      ] GC(111) User=0.00s Sys=0.00s Real=0.00s
[2025-12-16T20:43:59.707+0800][1.835s][info][gc,start    ] GC(112) Pause Young (Allocation Failure)
[2025-12-16T20:43:59.707+0800][1.835s][info][gc,heap     ] GC(112) PSYoungGen: 31360K(31744K)->128K(31744K) Eden: 31232K(31232K)->0K(31232K) From: 128K(512K)->128K(512K)
[2025-12-16T20:43:59.707+0800][1.835s][info][gc,heap     ] GC(112) ParOldGen: 496K(175104K)->496K(175104K)
[2025-12-16T20:43:59.707+0800][1.835s][info][gc,metaspace] GC(112) Metaspace: 138K(320K)->138K(320K) NonClass: 129K(192K)->129K(192K) Class: 9K(128K)->9K(128K)
[2025-12-16T20:43:59.707+0800][1.835s][info][gc          ] GC(112) Pause Young (Allocation Failure) 31M->0M(202M) 0.055ms
[2025-12-16T20:43:59.707+0800][1.835s][info][gc,cpu      ] GC(112) User=0.00s Sys=0.00s Real=0.00s
[2025-12-16T20:43:59.719+0800][1.847s][info][gc,start    ] GC(113) Pause Young (Allocation Failure)
[2025-12-16T20:43:59.719+0800][1.847s][info][gc,heap     ] GC(113) PSYoungGen: 31360K(31744K)->128K(31744K) Eden: 31232K(31232K)->0K(31232K) From: 128K(512K)->128K(512K)
[2025-12-16T20:43:59.719+0800][1.847s][info][gc,heap     ] GC(113) ParOldGen: 496K(175104K)->496K(175104K)
[2025-12-16T20:43:59.719+0800][1.847s][info][gc,metaspace] GC(113) Metaspace: 138K(320K)->138K(320K) NonClass: 129K(192K)->129K(192K) Class: 9K(128K)->9K(128K)
[2025-12-16T20:43:59.720+0800][1.847s][info][gc          ] GC(113) Pause Young (Allocation Failure) 31M->0M(202M) 0.051ms
[2025-12-16T20:43:59.720+0800][1.847s][info][gc,cpu      ] GC(113) User=0.00s Sys=0.00s Real=0.01s
[2025-12-16T20:43:59.732+0800][1.860s][info][gc,start    ] GC(114) Pause Young (Allocation Failure)
[2025-12-16T20:43:59.732+0800][1.860s][info][gc,heap     ] GC(114) PSYoungGen: 31360K(31744K)->128K(31744K) Eden: 31232K(31232K)->0K(31232K) From: 128K(512K)->128K(512K)
[2025-12-16T20:43:59.732+0800][1.860s][info][gc,heap     ] GC(114) ParOldGen: 496K(175104K)->496K(175104K)
[2025-12-16T20:43:59.732+0800][1.860s][info][gc,metaspace] GC(114) Metaspace: 138K(320K)->138K(320K) NonClass: 129K(192K)->129K(192K) Class: 9K(128K)->9K(128K)
[2025-12-16T20:43:59.732+0800][1.860s][info][gc          ] GC(114) Pause Young (Allocation Failure) 31M->0M(202M) 0.060ms
[2025-12-16T20:43:59.732+0800][1.860s][info][gc,cpu      ] GC(114) User=0.00s Sys=0.00s Real=0.00s
[2025-12-16T20:43:59.744+0800][1.872s][info][gc,start    ] GC(115) Pause Young (Allocation Failure)
[2025-12-16T20:43:59.744+0800][1.872s][info][gc,heap     ] GC(115) PSYoungGen: 31360K(31744K)->128K(31744K) Eden: 31232K(31232K)->0K(31232K) From: 128K(512K)->128K(512K)
[2025-12-16T20:43:59.744+0800][1.872s][info][gc,heap     ] GC(115) ParOldGen: 496K(175104K)->496K(175104K)
[2025-12-16T20:43:59.744+0800][1.872s][info][gc,metaspace] GC(115) Metaspace: 138K(320K)->138K(320K) NonClass: 129K(192K)->129K(192K) Class: 9K(128K)->9K(128K)
[2025-12-16T20:43:59.744+0800][1.872s][info][gc          ] GC(115) Pause Young (Allocation Failure) 31M->0M(202M) 0.051ms
[2025-12-16T20:43:59.744+0800][1.872s][info][gc,cpu      ] GC(115) User=0.00s Sys=0.00s Real=0.00s
[2025-12-16T20:43:59.757+0800][1.885s][info][gc,start    ] GC(116) Pause Young (Allocation Failure)
[2025-12-16T20:43:59.757+0800][1.885s][info][gc,heap     ] GC(116) PSYoungGen: 31360K(31744K)->128K(31744K) Eden: 31232K(31232K)->0K(31232K) From: 128K(512K)->128K(512K)
[2025-12-16T20:43:59.757+0800][1.885s][info][gc,heap     ] GC(116) ParOldGen: 496K(175104K)->496K(175104K)
[2025-12-16T20:43:59.757+0800][1.885s][info][gc,metaspace] GC(116) Metaspace: 138K(320K)->138K(320K) NonClass: 129K(192K)->129K(192K) Class: 9K(128K)->9K(128K)
[2025-12-16T20:43:59.757+0800][1.885s][info][gc          ] GC(116) Pause Young (Allocation Failure) 31M->0M(202M) 0.051ms
[2025-12-16T20:43:59.757+0800][1.885s][info][gc,cpu      ] GC(116) User=0.00s Sys=0.00s Real=0.00s
[2025-12-16T20:43:59.769+0800][1.897s][info][gc,start    ] GC(117) Pause Young (Allocation Failure)
[2025-12-16T20:43:59.769+0800][1.897s][info][gc,heap     ] GC(117) PSYoungGen: 31360K(31744K)->128K(31744K) Eden: 31232K(31232K)->0K(31232K) From: 128K(512K)->128K(512K)
[2025-12-16T20:43:59.769+0800][1.897s][info][gc,heap     ] GC(117) ParOldGen: 496K(175104K)->496K(175104K)
[2025-12-16T20:43:59.769+0800][1.897s][info][gc,metaspace] GC(117) Metaspace: 138K(320K)->138K(320K) NonClass: 129K(192K)->129K(192K) Class: 9K(128K)->9K(128K)
[2025-12-16T20:43:59.769+0800][1.897s][info][gc          ] GC(117) Pause Young (Allocation Failure) 31M->0M(202M) 0.059ms
[2025-12-16T20:43:59.769+0800][1.897s][info][gc,cpu      ] GC(117) User=0.00s Sys=0.00s Real=0.00s
[2025-12-16T20:43:59.781+0800][1.909s][info][gc,start    ] GC(118) Pause Young (Allocation Failure)
[2025-12-16T20:43:59.781+0800][1.909s][info][gc,heap     ] GC(118) PSYoungGen: 31360K(31744K)->64K(31744K) Eden: 31232K(31232K)->0K(31232K) From: 128K(512K)->64K(512K)
[2025-12-16T20:43:59.781+0800][1.909s][info][gc,heap     ] GC(118) ParOldGen: 496K(175104K)->496K(175104K)
[2025-12-16T20:43:59.781+0800][1.909s][info][gc,metaspace] GC(118) Metaspace: 138K(320K)->138K(320K) NonClass: 129K(192K)->129K(192K) Class: 9K(128K)->9K(128K)
[2025-12-16T20:43:59.781+0800][1.909s][info][gc          ] GC(118) Pause Young (Allocation Failure) 31M->0M(202M) 0.068ms
[2025-12-16T20:43:59.781+0800][1.909s][info][gc,cpu      ] GC(118) User=0.00s Sys=0.00s Real=0.00s
[2025-12-16T20:43:59.793+0800][1.921s][info][gc,start    ] GC(119) Pause Young (Allocation Failure)
[2025-12-16T20:43:59.793+0800][1.921s][info][gc,heap     ] GC(119) PSYoungGen: 31296K(31744K)->64K(31744K) Eden: 31232K(31232K)->0K(31232K) From: 64K(512K)->64K(512K)
[2025-12-16T20:43:59.793+0800][1.921s][info][gc,heap     ] GC(119) ParOldGen: 496K(175104K)->496K(175104K)
[2025-12-16T20:43:59.793+0800][1.921s][info][gc,metaspace] GC(119) Metaspace: 138K(320K)->138K(320K) NonClass: 129K(192K)->129K(192K) Class: 9K(128K)->9K(128K)
[2025-12-16T20:43:59.793+0800][1.921s][info][gc          ] GC(119) Pause Young (Allocation Failure) 31M->0M(202M) 0.051ms
[2025-12-16T20:43:59.793+0800][1.921s][info][gc,cpu      ] GC(119) User=0.00s Sys=0.00s Real=0.00s
[2025-12-16T20:43:59.805+0800][1.933s][info][gc,start    ] GC(120) Pause Young (Allocation Failure)
[2025-12-16T20:43:59.805+0800][1.933s][info][gc,heap     ] GC(120) PSYoungGen: 31296K(31744K)->64K(31744K) Eden: 31232K(31232K)->0K(31232K) From: 64K(512K)->64K(512K)
[2025-12-16T20:43:59.805+0800][1.933s][info][gc,heap     ] GC(120) ParOldGen: 496K(175104K)->496K(175104K)
[2025-12-16T20:43:59.805+0800][1.933s][info][gc,metaspace] GC(120) Metaspace: 138K(320K)->138K(320K) NonClass: 129K(192K)->129K(192K) Class: 9K(128K)->9K(128K)
[2025-12-16T20:43:59.805+0800][1.933s][info][gc          ] GC(120) Pause Young (Allocation Failure) 31M->0M(202M) 0.069ms
[2025-12-16T20:43:59.805+0800][1.933s][info][gc,cpu      ] GC(120) User=0.00s Sys=0.00s Real=0.00s
[2025-12-16T20:43:59.817+0800][1.945s][info][gc,start    ] GC(121) Pause Young (Allocation Failure)
[2025-12-16T20:43:59.817+0800][1.945s][info][gc,heap     ] GC(121) PSYoungGen: 31296K(31744K)->128K(31744K) Eden: 31232K(31232K)->0K(31232K) From: 64K(512K)->128K(512K)
[2025-12-16T20:43:59.817+0800][1.945s][info][gc,heap     ] GC(121) ParOldGen: 496K(175104K)->496K(175104K)
[2025-12-16T20:43:59.817+0800][1.945s][info][gc,metaspace] GC(121) Metaspace: 138K(320K)->138K(320K) NonClass: 129K(192K)->129K(192K) Class: 9K(128K)->9K(128K)
[2025-12-16T20:43:59.817+0800][1.945s][info][gc          ] GC(121) Pause Young (Allocation Failure) 31M->0M(202M) 0.052ms
[2025-12-16T20:43:59.817+0800][1.945s][info][gc,cpu      ] GC(121) User=0.00s Sys=0.00s Real=0.00s
[2025-12-16T20:43:59.829+0800][1.957s][info][gc,start    ] GC(122) Pause Young (Allocation Failure)
[2025-12-16T20:43:59.829+0800][1.957s][info][gc,heap     ] GC(122) PSYoungGen: 31360K(31744K)->128K(31744K) Eden: 31232K(31232K)->0K(31232K) From: 128K(512K)->128K(512K)
[2025-12-16T20:43:59.829+0800][1.957s][info][gc,heap     ] GC(122) ParOldGen: 496K(175104K)->496K(175104K)
[2025-12-16T20:43:59.829+0800][1.957s][info][gc,metaspace] GC(122) Metaspace: 138K(320K)->138K(320K) NonClass: 129K(192K)->129K(192K) Class: 9K(128K)->9K(128K)
[2025-12-16T20:43:59.829+0800][1.957s][info][gc          ] GC(122) Pause Young (Allocation Failure) 31M->0M(202M) 0.055ms
[2025-12-16T20:43:59.829+0800][1.957s][info][gc,cpu      ] GC(122) User=0.00s Sys=0.00s Real=0.00s
[2025-12-16T20:43:59.841+0800][1.969s][info][gc,start    ] GC(123) Pause Young (Allocation Failure)
[2025-12-16T20:43:59.841+0800][1.969s][info][gc,heap     ] GC(123) PSYoungGen: 31360K(31744K)->32K(31744K) Eden: 31232K(31232K)->0K(31232K) From: 128K(512K)->32K(512K)
[2025-12-16T20:43:59.841+0800][1.969s][info][gc,heap     ] GC(123) ParOldGen: 496K(175104K)->496K(175104K)
[2025-12-16T20:43:59.841+0800][1.969s][info][gc,metaspace] GC(123) Metaspace: 138K(320K)->138K(320K) NonClass: 129K(192K)->129K(192K) Class: 9K(128K)->9K(128K)
[2025-12-16T20:43:59.841+0800][1.969s][info][gc          ] GC(123) Pause Young (Allocation Failure) 31M->0M(202M) 0.069ms
[2025-12-16T20:43:59.841+0800][1.969s][info][gc,cpu      ] GC(123) User=0.00s Sys=0.00s Real=0.00s
[2025-12-16T20:43:59.853+0800][1.981s][info][gc,start    ] GC(124) Pause Young (Allocation Failure)
[2025-12-16T20:43:59.853+0800][1.981s][info][gc,heap     ] GC(124) PSYoungGen: 31264K(31744K)->96K(31744K) Eden: 31232K(31232K)->0K(31232K) From: 32K(512K)->96K(512K)
[2025-12-16T20:43:59.853+0800][1.981s][info][gc,heap     ] GC(124) ParOldGen: 496K(175104K)->496K(175104K)
[2025-12-16T20:43:59.853+0800][1.981s][info][gc,metaspace] GC(124) Metaspace: 138K(320K)->138K(320K) NonClass: 129K(192K)->129K(192K) Class: 9K(128K)->9K(128K)
[2025-12-16T20:43:59.853+0800][1.981s][info][gc          ] GC(124) Pause Young (Allocation Failure) 31M->0M(202M) 0.049ms
[2025-12-16T20:43:59.853+0800][1.981s][info][gc,cpu      ] GC(124) User=0.00s Sys=0.00s Real=0.00s
[2025-12-16T20:43:59.865+0800][1.993s][info][gc,start    ] GC(125) Pause Young (Allocation Failure)
[2025-12-16T20:43:59.865+0800][1.993s][info][gc,heap     ] GC(125) PSYoungGen: 31328K(31744K)->128K(31744K) Eden: 31232K(31232K)->0K(31232K) From: 96K(512K)->128K(512K)
[2025-12-16T20:43:59.865+0800][1.993s][info][gc,heap     ] GC(125) ParOldGen: 496K(175104K)->496K(175104K)
[2025-12-16T20:43:59.865+0800][1.993s][info][gc,metaspace] GC(125) Metaspace: 138K(320K)->138K(320K) NonClass: 129K(192K)->129K(192K) Class: 9K(128K)->9K(128K)
[2025-12-16T20:43:59.865+0800][1.993s][info][gc          ] GC(125) Pause Young (Allocation Failure) 31M->0M(202M) 0.050ms
[2025-12-16T20:43:59.865+0800][1.993s][info][gc,cpu      ] GC(125) User=0.00s Sys=0.00s Real=0.00s
[2025-12-16T20:43:59.877+0800][2.005s][info][gc,start    ] GC(126) Pause Young (Allocation Failure)
[2025-12-16T20:43:59.877+0800][2.005s][info][gc,heap     ] GC(126) PSYoungGen: 31360K(31744K)->96K(31744K) Eden: 31232K(31232K)->0K(31232K) From: 128K(512K)->96K(512K)
[2025-12-16T20:43:59.877+0800][2.005s][info][gc,heap     ] GC(126) ParOldGen: 496K(175104K)->496K(175104K)
[2025-12-16T20:43:59.877+0800][2.005s][info][gc,metaspace] GC(126) Metaspace: 138K(320K)->138K(320K) NonClass: 129K(192K)->129K(192K) Class: 9K(128K)->9K(128K)
[2025-12-16T20:43:59.877+0800][2.005s][info][gc          ] GC(126) Pause Young (Allocation Failure) 31M->0M(202M) 0.070ms
[2025-12-16T20:43:59.877+0800][2.005s][info][gc,cpu      ] GC(126) User=0.00s Sys=0.00s Real=0.00s
[2025-12-16T20:43:59.890+0800][2.018s][info][gc,start    ] GC(127) Pause Young (Allocation Failure)
[2025-12-16T20:43:59.890+0800][2.018s][info][gc,heap     ] GC(127) PSYoungGen: 31328K(31744K)->96K(31744K) Eden: 31232K(31232K)->0K(31232K) From: 96K(512K)->96K(512K)
[2025-12-16T20:43:59.890+0800][2.018s][info][gc,heap     ] GC(127) ParOldGen: 496K(175104K)->496K(175104K)
[2025-12-16T20:43:59.890+0800][2.018s][info][gc,metaspace] GC(127) Metaspace: 138K(320K)->138K(320K) NonClass: 129K(192K)->129K(192K) Class: 9K(128K)->9K(128K)
[2025-12-16T20:43:59.890+0800][2.018s][info][gc          ] GC(127) Pause Young (Allocation Failure) 31M->0M(202M) 0.069ms
[2025-12-16T20:43:59.890+0800][2.018s][info][gc,cpu      ] GC(127) User=0.00s Sys=0.00s Real=0.00s
[2025-12-16T20:43:59.902+0800][2.029s][info][gc,start    ] GC(128) Pause Young (Allocation Failure)
[2025-12-16T20:43:59.902+0800][2.030s][info][gc,heap     ] GC(128) PSYoungGen: 31328K(31744K)->96K(31744K) Eden: 31232K(31232K)->0K(31232K) From: 96K(512K)->96K(512K)
[2025-12-16T20:43:59.902+0800][2.030s][info][gc,heap     ] GC(128) ParOldGen: 496K(175104K)->496K(175104K)
[2025-12-16T20:43:59.902+0800][2.030s][info][gc,metaspace] GC(128) Metaspace: 138K(320K)->138K(320K) NonClass: 129K(192K)->129K(192K) Class: 9K(128K)->9K(128K)
[2025-12-16T20:43:59.902+0800][2.030s][info][gc          ] GC(128) Pause Young (Allocation Failure) 31M->0M(202M) 0.070ms
[2025-12-16T20:43:59.902+0800][2.030s][info][gc,cpu      ] GC(128) User=0.00s Sys=0.00s Real=0.00s
[2025-12-16T20:43:59.913+0800][2.041s][info][gc,start    ] GC(129) Pause Young (Allocation Failure)
[2025-12-16T20:43:59.914+0800][2.041s][info][gc,heap     ] GC(129) PSYoungGen: 31328K(31744K)->96K(31744K) Eden: 31232K(31232K)->0K(31232K) From: 96K(512K)->96K(512K)
[2025-12-16T20:43:59.914+0800][2.041s][info][gc,heap     ] GC(129) ParOldGen: 496K(175104K)->496K(175104K)
[2025-12-16T20:43:59.914+0800][2.041s][info][gc,metaspace] GC(129) Metaspace: 138K(320K)->138K(320K) NonClass: 129K(192K)->129K(192K) Class: 9K(128K)->9K(128K)
[2025-12-16T20:43:59.914+0800][2.041s][info][gc          ] GC(129) Pause Young (Allocation Failure) 31M->0M(202M) 0.088ms
[2025-12-16T20:43:59.914+0800][2.041s][info][gc,cpu      ] GC(129) User=0.00s Sys=0.00s Real=0.00s
[2025-12-16T20:43:59.925+0800][2.053s][info][gc,start    ] GC(130) Pause Young (Allocation Failure)
[2025-12-16T20:43:59.926+0800][2.053s][info][gc,heap     ] GC(130) PSYoungGen: 31328K(31744K)->64K(31744K) Eden: 31232K(31232K)->0K(31232K) From: 96K(512K)->64K(512K)
[2025-12-16T20:43:59.926+0800][2.053s][info][gc,heap     ] GC(130) ParOldGen: 496K(175104K)->496K(175104K)
[2025-12-16T20:43:59.926+0800][2.053s][info][gc,metaspace] GC(130) Metaspace: 138K(320K)->138K(320K) NonClass: 129K(192K)->129K(192K) Class: 9K(128K)->9K(128K)
[2025-12-16T20:43:59.926+0800][2.053s][info][gc          ] GC(130) Pause Young (Allocation Failure) 31M->0M(202M) 0.089ms
[2025-12-16T20:43:59.926+0800][2.053s][info][gc,cpu      ] GC(130) User=0.00s Sys=0.00s Real=0.00s
[2025-12-16T20:43:59.938+0800][2.066s][info][gc,start    ] GC(131) Pause Young (Allocation Failure)
[2025-12-16T20:43:59.938+0800][2.066s][info][gc,heap     ] GC(131) PSYoungGen: 31296K(31744K)->64K(31744K) Eden: 31232K(31232K)->0K(31232K) From: 64K(512K)->64K(512K)
[2025-12-16T20:43:59.938+0800][2.066s][info][gc,heap     ] GC(131) ParOldGen: 496K(175104K)->496K(175104K)
[2025-12-16T20:43:59.938+0800][2.066s][info][gc,metaspace] GC(131) Metaspace: 138K(320K)->138K(320K) NonClass: 129K(192K)->129K(192K) Class: 9K(128K)->9K(128K)
[2025-12-16T20:43:59.938+0800][2.066s][info][gc          ] GC(131) Pause Young (Allocation Failure) 31M->0M(202M) 0.315ms
[2025-12-16T20:43:59.938+0800][2.066s][info][gc,cpu      ] GC(131) User=0.00s Sys=0.00s Real=0.00s
[2025-12-16T20:43:59.951+0800][2.079s][info][gc,start    ] GC(132) Pause Young (Allocation Failure)
[2025-12-16T20:43:59.954+0800][2.082s][info][gc,heap     ] GC(132) PSYoungGen: 31296K(31744K)->64K(38400K) Eden: 31232K(31232K)->0K(37888K) From: 64K(512K)->64K(512K)
[2025-12-16T20:43:59.954+0800][2.082s][info][gc,heap     ] GC(132) ParOldGen: 496K(175104K)->496K(175104K)
[2025-12-16T20:43:59.954+0800][2.082s][info][gc,metaspace] GC(132) Metaspace: 138K(320K)->138K(320K) NonClass: 129K(192K)->129K(192K) Class: 9K(128K)->9K(128K)
[2025-12-16T20:43:59.954+0800][2.082s][info][gc          ] GC(132) Pause Young (Allocation Failure) 31M->0M(208M) 2.750ms
[2025-12-16T20:43:59.954+0800][2.082s][info][gc,cpu      ] GC(132) User=0.00s Sys=0.00s Real=0.00s
[2025-12-16T20:43:59.977+0800][2.105s][info][gc,start    ] GC(133) Pause Young (Allocation Failure)
[2025-12-16T20:43:59.978+0800][2.106s][info][gc,heap     ] GC(133) PSYoungGen: 37952K(38400K)->64K(46080K) Eden: 37888K(37888K)->0K(45568K) From: 64K(512K)->64K(512K)
[2025-12-16T20:43:59.978+0800][2.106s][info][gc,heap     ] GC(133) ParOldGen: 496K(175104K)->496K(175104K)
[2025-12-16T20:43:59.978+0800][2.106s][info][gc,metaspace] GC(133) Metaspace: 138K(320K)->138K(320K) NonClass: 129K(192K)->129K(192K) Class: 9K(128K)->9K(128K)
[2025-12-16T20:43:59.978+0800][2.106s][info][gc          ] GC(133) Pause Young (Allocation Failure) 37M->0M(216M) 1.761ms
[2025-12-16T20:43:59.979+0800][2.106s][info][gc,cpu      ] GC(133) User=0.00s Sys=0.00s Real=0.00s
[2025-12-16T20:44:00.005+0800][2.133s][info][gc,start    ] GC(134) Pause Young (Allocation Failure)
[2025-12-16T20:44:00.005+0800][2.133s][info][gc,heap     ] GC(134) PSYoungGen: 45632K(46080K)->64K(55296K) Eden: 45568K(45568K)->0K(54784K) From: 64K(512K)->64K(512K)
[2025-12-16T20:44:00.005+0800][2.133s][info][gc,heap     ] GC(134) ParOldGen: 496K(175104K)->496K(175104K)
[2025-12-16T20:44:00.005+0800][2.133s][info][gc,metaspace] GC(134) Metaspace: 138K(320K)->138K(320K) NonClass: 129K(192K)->129K(192K) Class: 9K(128K)->9K(128K)
[2025-12-16T20:44:00.005+0800][2.133s][info][gc          ] GC(134) Pause Young (Allocation Failure) 45M->0M(225M) 0.589ms
[2025-12-16T20:44:00.005+0800][2.133s][info][gc,cpu      ] GC(134) User=0.00s Sys=0.00s Real=0.00s
[2025-12-16T20:44:00.056+0800][2.184s][info][gc,start    ] GC(135) Pause Young (Allocation Failure)
[2025-12-16T20:44:00.057+0800][2.184s][info][gc,heap     ] GC(135) PSYoungGen: 54848K(55296K)->64K(66560K) Eden: 54784K(54784K)->0K(66048K) From: 64K(512K)->64K(512K)
[2025-12-16T20:44:00.057+0800][2.184s][info][gc,heap     ] GC(135) ParOldGen: 496K(175104K)->496K(175104K)
[2025-12-16T20:44:00.057+0800][2.184s][info][gc,metaspace] GC(135) Metaspace: 138K(320K)->138K(320K) NonClass: 129K(192K)->129K(192K) Class: 9K(128K)->9K(128K)
[2025-12-16T20:44:00.057+0800][2.184s][info][gc          ] GC(135) Pause Young (Allocation Failure) 54M->0M(236M) 0.176ms
[2025-12-16T20:44:00.057+0800][2.184s][info][gc,cpu      ] GC(135) User=0.00s Sys=0.00s Real=0.00s
[2025-12-16T20:44:00.082+0800][2.210s][info][gc,start    ] GC(136) Pause Young (Allocation Failure)
[2025-12-16T20:44:00.082+0800][2.210s][info][gc,heap     ] GC(136) PSYoungGen: 66112K(66560K)->96K(79872K) Eden: 66048K(66048K)->0K(79360K) From: 64K(512K)->96K(512K)
[2025-12-16T20:44:00.082+0800][2.210s][info][gc,heap     ] GC(136) ParOldGen: 496K(175104K)->496K(175104K)
[2025-12-16T20:44:00.082+0800][2.210s][info][gc,metaspace] GC(136) Metaspace: 138K(320K)->138K(320K) NonClass: 129K(192K)->129K(192K) Class: 9K(128K)->9K(128K)
[2025-12-16T20:44:00.082+0800][2.210s][info][gc          ] GC(136) Pause Young (Allocation Failure) 65M->0M(249M) 0.126ms
[2025-12-16T20:44:00.082+0800][2.210s][info][gc,cpu      ] GC(136) User=0.00s Sys=0.00s Real=0.00s
[2025-12-16T20:44:00.113+0800][2.241s][info][gc,start    ] GC(137) Pause Young (Allocation Failure)
[2025-12-16T20:44:00.113+0800][2.241s][info][gc,heap     ] GC(137) PSYoungGen: 79456K(79872K)->128K(95744K) Eden: 79360K(79360K)->0K(95232K) From: 96K(512K)->128K(512K)
[2025-12-16T20:44:00.113+0800][2.241s][info][gc,heap     ] GC(137) ParOldGen: 496K(175104K)->496K(175104K)
[2025-12-16T20:44:00.113+0800][2.241s][info][gc,metaspace] GC(137) Metaspace: 138K(320K)->138K(320K) NonClass: 129K(192K)->129K(192K) Class: 9K(128K)->9K(128K)
[2025-12-16T20:44:00.113+0800][2.241s][info][gc          ] GC(137) Pause Young (Allocation Failure) 78M->0M(264M) 0.101ms
[2025-12-16T20:44:00.113+0800][2.241s][info][gc,cpu      ] GC(137) User=0.00s Sys=0.00s Real=0.00s
[2025-12-16T20:44:00.151+0800][2.279s][info][gc,start    ] GC(138) Pause Young (Allocation Failure)
[2025-12-16T20:44:00.151+0800][2.279s][info][gc,heap     ] GC(138) PSYoungGen: 95360K(95744K)->96K(115200K) Eden: 95232K(95232K)->0K(114688K) From: 128K(512K)->96K(512K)
[2025-12-16T20:44:00.151+0800][2.279s][info][gc,heap     ] GC(138) ParOldGen: 496K(175104K)->496K(175104K)
[2025-12-16T20:44:00.151+0800][2.279s][info][gc,metaspace] GC(138) Metaspace: 138K(320K)->138K(320K) NonClass: 129K(192K)->129K(192K) Class: 9K(128K)->9K(128K)
[2025-12-16T20:44:00.151+0800][2.279s][info][gc          ] GC(138) Pause Young (Allocation Failure) 93M->0M(283M) 0.144ms
[2025-12-16T20:44:00.151+0800][2.279s][info][gc,cpu      ] GC(138) User=0.00s Sys=0.00s Real=0.00s
[2025-12-16T20:44:00.195+0800][2.323s][info][gc,start    ] GC(139) Pause Young (Allocation Failure)
[2025-12-16T20:44:00.195+0800][2.323s][info][gc,heap     ] GC(139) PSYoungGen: 114784K(115200K)->128K(121856K) Eden: 114688K(114688K)->0K(121344K) From: 96K(512K)->128K(512K)
[2025-12-16T20:44:00.195+0800][2.323s][info][gc,heap     ] GC(139) ParOldGen: 496K(175104K)->496K(175104K)
[2025-12-16T20:44:00.195+0800][2.323s][info][gc,metaspace] GC(139) Metaspace: 138K(320K)->138K(320K) NonClass: 129K(192K)->129K(192K) Class: 9K(128K)->9K(128K)
[2025-12-16T20:44:00.195+0800][2.323s][info][gc          ] GC(139) Pause Young (Allocation Failure) 112M->0M(290M) 0.111ms
[2025-12-16T20:44:00.195+0800][2.323s][info][gc,cpu      ] GC(139) User=0.00s Sys=0.00s Real=0.00s
[2025-12-16T20:44:00.243+0800][2.371s][info][gc,start    ] GC(140) Pause Young (Allocation Failure)
[2025-12-16T20:44:00.244+0800][2.371s][info][gc,heap     ] GC(140) PSYoungGen: 121472K(121856K)->160K(121856K) Eden: 121344K(121344K)->0K(121344K) From: 128K(512K)->160K(512K)
[2025-12-16T20:44:00.244+0800][2.371s][info][gc,heap     ] GC(140) ParOldGen: 496K(175104K)->496K(175104K)
[2025-12-16T20:44:00.244+0800][2.371s][info][gc,metaspace] GC(140) Metaspace: 138K(320K)->138K(320K) NonClass: 129K(192K)->129K(192K) Class: 9K(128K)->9K(128K)
[2025-12-16T20:44:00.244+0800][2.371s][info][gc          ] GC(140) Pause Young (Allocation Failure) 119M->0M(290M) 0.180ms
[2025-12-16T20:44:00.244+0800][2.371s][info][gc,cpu      ] GC(140) User=0.00s Sys=0.00s Real=0.00s
[2025-12-16T20:44:00.292+0800][2.420s][info][gc,start    ] GC(141) Pause Young (Allocation Failure)
[2025-12-16T20:44:00.292+0800][2.420s][info][gc,heap     ] GC(141) PSYoungGen: 121504K(121856K)->64K(118272K) Eden: 121344K(121344K)->0K(117760K) From: 160K(512K)->64K(512K)
[2025-12-16T20:44:00.292+0800][2.420s][info][gc,heap     ] GC(141) ParOldGen: 496K(175104K)->496K(175104K)
[2025-12-16T20:44:00.292+0800][2.420s][info][gc,metaspace] GC(141) Metaspace: 138K(320K)->138K(320K) NonClass: 129K(192K)->129K(192K) Class: 9K(128K)->9K(128K)
[2025-12-16T20:44:00.292+0800][2.420s][info][gc          ] GC(141) Pause Young (Allocation Failure) 119M->0M(286M) 0.137ms
[2025-12-16T20:44:00.292+0800][2.420s][info][gc,cpu      ] GC(141) User=0.00s Sys=0.00s Real=0.00s
[2025-12-16T20:44:00.337+0800][2.464s][info][gc,start    ] GC(142) Pause Young (Allocation Failure)
[2025-12-16T20:44:00.337+0800][2.465s][info][gc,heap     ] GC(142) PSYoungGen: 117824K(118272K)->64K(114688K) Eden: 117760K(117760K)->0K(114176K) From: 64K(512K)->64K(512K)
[2025-12-16T20:44:00.337+0800][2.465s][info][gc,heap     ] GC(142) ParOldGen: 496K(175104K)->496K(175104K)
[2025-12-16T20:44:00.337+0800][2.465s][info][gc,metaspace] GC(142) Metaspace: 138K(320K)->138K(320K) NonClass: 129K(192K)->129K(192K) Class: 9K(128K)->9K(128K)
[2025-12-16T20:44:00.337+0800][2.465s][info][gc          ] GC(142) Pause Young (Allocation Failure) 115M->0M(283M) 0.113ms
[2025-12-16T20:44:00.337+0800][2.465s][info][gc,cpu      ] GC(142) User=0.00s Sys=0.00s Real=0.00s
[2025-12-16T20:44:00.382+0800][2.510s][info][gc,start    ] GC(143) Pause Young (Allocation Failure)
[2025-12-16T20:44:00.382+0800][2.510s][info][gc,heap     ] GC(143) PSYoungGen: 114240K(114688K)->96K(111104K) Eden: 114176K(114176K)->0K(110592K) From: 64K(512K)->96K(512K)
[2025-12-16T20:44:00.382+0800][2.510s][info][gc,heap     ] GC(143) ParOldGen: 496K(175104K)->496K(175104K)
[2025-12-16T20:44:00.382+0800][2.510s][info][gc,metaspace] GC(143) Metaspace: 138K(320K)->138K(320K) NonClass: 129K(192K)->129K(192K) Class: 9K(128K)->9K(128K)
[2025-12-16T20:44:00.382+0800][2.510s][info][gc          ] GC(143) Pause Young (Allocation Failure) 112M->0M(279M) 0.104ms
[2025-12-16T20:44:00.382+0800][2.510s][info][gc,cpu      ] GC(143) User=0.00s Sys=0.00s Real=0.00s
[2025-12-16T20:44:00.424+0800][2.552s][info][gc,start    ] GC(144) Pause Young (Allocation Failure)
[2025-12-16T20:44:00.425+0800][2.552s][info][gc,heap     ] GC(144) PSYoungGen: 110688K(111104K)->128K(108032K) Eden: 110592K(110592K)->0K(107520K) From: 96K(512K)->128K(512K)
[2025-12-16T20:44:00.425+0800][2.552s][info][gc,heap     ] GC(144) ParOldGen: 496K(175104K)->496K(175104K)
[2025-12-16T20:44:00.425+0800][2.552s][info][gc,metaspace] GC(144) Metaspace: 138K(320K)->138K(320K) NonClass: 129K(192K)->129K(192K) Class: 9K(128K)->9K(128K)
[2025-12-16T20:44:00.425+0800][2.552s][info][gc          ] GC(144) Pause Young (Allocation Failure) 108M->0M(276M) 0.104ms
[2025-12-16T20:44:00.425+0800][2.552s][info][gc,cpu      ] GC(144) User=0.00s Sys=0.00s Real=0.00s
[2025-12-16T20:44:00.466+0800][2.594s][info][gc,start    ] GC(145) Pause Young (Allocation Failure)
[2025-12-16T20:44:00.466+0800][2.594s][info][gc,heap     ] GC(145) PSYoungGen: 107648K(108032K)->128K(104960K) Eden: 107520K(107520K)->0K(104448K) From: 128K(512K)->128K(512K)
[2025-12-16T20:44:00.466+0800][2.594s][info][gc,heap     ] GC(145) ParOldGen: 496K(175104K)->496K(175104K)
[2025-12-16T20:44:00.466+0800][2.594s][info][gc,metaspace] GC(145) Metaspace: 138K(320K)->138K(320K) NonClass: 129K(192K)->129K(192K) Class: 9K(128K)->9K(128K)
[2025-12-16T20:44:00.466+0800][2.594s][info][gc          ] GC(145) Pause Young (Allocation Failure) 105M->0M(273M) 0.114ms
[2025-12-16T20:44:00.466+0800][2.594s][info][gc,cpu      ] GC(145) User=0.00s Sys=0.00s Real=0.00s
[2025-12-16T20:44:00.506+0800][2.634s][info][gc,start    ] GC(146) Pause Young (Allocation Failure)
[2025-12-16T20:44:00.506+0800][2.634s][info][gc,heap     ] GC(146) PSYoungGen: 104576K(104960K)->128K(101888K) Eden: 104448K(104448K)->0K(101376K) From: 128K(512K)->128K(512K)
[2025-12-16T20:44:00.506+0800][2.634s][info][gc,heap     ] GC(146) ParOldGen: 496K(175104K)->496K(175104K)
[2025-12-16T20:44:00.506+0800][2.634s][info][gc,metaspace] GC(146) Metaspace: 138K(320K)->138K(320K) NonClass: 129K(192K)->129K(192K) Class: 9K(128K)->9K(128K)
[2025-12-16T20:44:00.506+0800][2.634s][info][gc          ] GC(146) Pause Young (Allocation Failure) 102M->0M(270M) 0.116ms
[2025-12-16T20:44:00.506+0800][2.634s][info][gc,cpu      ] GC(146) User=0.00s Sys=0.00s Real=0.00s
[2025-12-16T20:44:00.544+0800][2.672s][info][gc,start    ] GC(147) Pause Young (Allocation Failure)
[2025-12-16T20:44:00.544+0800][2.672s][info][gc,heap     ] GC(147) PSYoungGen: 101504K(101888K)->128K(98816K) Eden: 101376K(101376K)->0K(98304K) From: 128K(512K)->128K(512K)
[2025-12-16T20:44:00.544+0800][2.672s][info][gc,heap     ] GC(147) ParOldGen: 496K(175104K)->496K(175104K)
[2025-12-16T20:44:00.544+0800][2.672s][info][gc,metaspace] GC(147) Metaspace: 138K(320K)->138K(320K) NonClass: 129K(192K)->129K(192K) Class: 9K(128K)->9K(128K)
[2025-12-16T20:44:00.544+0800][2.672s][info][gc          ] GC(147) Pause Young (Allocation Failure) 99M->0M(267M) 0.109ms
[2025-12-16T20:44:00.544+0800][2.672s][info][gc,cpu      ] GC(147) User=0.00s Sys=0.00s Real=0.00s
[2025-12-16T20:44:00.582+0800][2.710s][info][gc,start    ] GC(148) Pause Young (Allocation Failure)
[2025-12-16T20:44:00.582+0800][2.710s][info][gc,heap     ] GC(148) PSYoungGen: 98432K(98816K)->96K(96256K) Eden: 98304K(98304K)->0K(95744K) From: 128K(512K)->96K(512K)
[2025-12-16T20:44:00.582+0800][2.710s][info][gc,heap     ] GC(148) ParOldGen: 496K(175104K)->496K(175104K)
[2025-12-16T20:44:00.582+0800][2.710s][info][gc,metaspace] GC(148) Metaspace: 138K(320K)->138K(320K) NonClass: 129K(192K)->129K(192K) Class: 9K(128K)->9K(128K)
[2025-12-16T20:44:00.582+0800][2.710s][info][gc          ] GC(148) Pause Young (Allocation Failure) 96M->0M(265M) 0.096ms
[2025-12-16T20:44:00.582+0800][2.710s][info][gc,cpu      ] GC(148) User=0.00s Sys=0.00s Real=0.00s
[2025-12-16T20:44:00.618+0800][2.746s][info][gc,start    ] GC(149) Pause Young (Allocation Failure)
[2025-12-16T20:44:00.618+0800][2.746s][info][gc,heap     ] GC(149) PSYoungGen: 95840K(96256K)->128K(93696K) Eden: 95744K(95744K)->0K(93184K) From: 96K(512K)->128K(512K)
[2025-12-16T20:44:00.618+0800][2.746s][info][gc,heap     ] GC(149) ParOldGen: 496K(175104K)->496K(175104K)
[2025-12-16T20:44:00.619+0800][2.746s][info][gc,metaspace] GC(149) Metaspace: 138K(320K)->138K(320K) NonClass: 129K(192K)->129K(192K) Class: 9K(128K)->9K(128K)
[2025-12-16T20:44:00.619+0800][2.746s][info][gc          ] GC(149) Pause Young (Allocation Failure) 94M->0M(262M) 0.099ms
[2025-12-16T20:44:00.619+0800][2.746s][info][gc,cpu      ] GC(149) User=0.00s Sys=0.00s Real=0.00s
[2025-12-16T20:44:00.641+0800][2.769s][info][gc,heap,exit] Heap
[2025-12-16T20:44:00.641+0800][2.769s][info][gc,heap,exit]  PSYoungGen      total 93696K, used 63462K [0x00000003ab300000, 0x00000003b4280000, 0x0000000400800000)
[2025-12-16T20:44:00.641+0800][2.769s][info][gc,heap,exit]   eden space 93184K, 67% used [0x00000003ab300000,0x00000003af0d9b10,0x00000003b0e00000)
[2025-12-16T20:44:00.641+0800][2.769s][info][gc,heap,exit]   from space 512K, 25% used [0x00000003b4200000,0x00000003b4220000,0x00000003b4280000)
[2025-12-16T20:44:00.641+0800][2.769s][info][gc,heap,exit]   to   space 512K, 0% used [0x00000003b4180000,0x00000003b4180000,0x00000003b4200000)
[2025-12-16T20:44:00.641+0800][2.769s][info][gc,heap,exit]  ParOldGen       total 175104K, used 496K [0x0000000300800000, 0x000000030b300000, 0x00000003ab300000)
[2025-12-16T20:44:00.641+0800][2.769s][info][gc,heap,exit]   object space 175104K, 0% used [0x0000000300800000,0x000000030087c060,0x000000030b300000)
[2025-12-16T20:44:00.641+0800][2.769s][info][gc,heap,exit]  Metaspace       used 138K, committed 320K, reserved 1114112K
[2025-12-16T20:44:00.641+0800][2.769s][info][gc,heap,exit]   class space    used 9K, committed 128K, reserved 1048576K
