[2025-12-16T20:43:41.489+0800][0.004s][info][gc] Using Parallel
[2025-12-16T20:43:41.489+0800][0.004s][info][gc,heap,coops] Heap address: 0x00000004aa800000, size: 4096 MB, Compressed Oops mode: Zero based, Oop shift amount: 3
[2025-12-16T20:43:41.536+0800][0.051s][info][gc,start     ] GC(0) Pause Young (Allocation Failure)
[2025-12-16T20:43:41.536+0800][0.051s][info][gc,heap      ] GC(0) PSYoungGen: 65536K->592K(76288K)
[2025-12-16T20:43:41.536+0800][0.051s][info][gc,heap      ] GC(0) ParOldGen: 0K->8K(175104K)
[2025-12-16T20:43:41.536+0800][0.051s][info][gc,metaspace ] GC(0) Metaspace: 3387K(4864K)->3387K(4864K) NonClass: 3082K(4352K)->3082K(4352K) Class: 305K(512K)->305K(512K)
[2025-12-16T20:43:41.536+0800][0.051s][info][gc           ] GC(0) Pause Young (Allocation Failure) 64M->0M(245M) 0.364ms
[2025-12-16T20:43:41.536+0800][0.051s][info][gc,cpu       ] GC(0) User=0.00s Sys=0.00s Real=0.00s
[2025-12-16T20:43:41.562+0800][0.077s][info][gc,start     ] GC(1) Pause Young (Allocation Failure)
[2025-12-16T20:43:41.562+0800][0.077s][info][gc,heap      ] GC(1) PSYoungGen: 66128K->592K(76288K)
[2025-12-16T20:43:41.562+0800][0.077s][info][gc,heap      ] GC(1) ParOldGen: 8K->8K(175104K)
[2025-12-16T20:43:41.562+0800][0.077s][info][gc,metaspace ] GC(1) Metaspace: 3388K(4864K)->3388K(4864K) NonClass: 3082K(4352K)->3082K(4352K) Class: 305K(512K)->305K(512K)
[2025-12-16T20:43:41.562+0800][0.077s][info][gc           ] GC(1) Pause Young (Allocation Failure) 64M->0M(245M) 0.237ms
[2025-12-16T20:43:41.562+0800][0.077s][info][gc,cpu       ] GC(1) User=0.00s Sys=0.00s Real=0.00s
[2025-12-16T20:43:41.587+0800][0.102s][info][gc,start     ] GC(2) Pause Young (Allocation Failure)
[2025-12-16T20:43:41.587+0800][0.102s][info][gc,heap      ] GC(2) PSYoungGen: 66128K->544K(76288K)
[2025-12-16T20:43:41.587+0800][0.102s][info][gc,heap      ] GC(2) ParOldGen: 8K->16K(175104K)
[2025-12-16T20:43:41.587+0800][0.102s][info][gc,metaspace ] GC(2) Metaspace: 3388K(4864K)->3388K(4864K) NonClass: 3082K(4352K)->3082K(4352K) Class: 305K(512K)->305K(512K)
[2025-12-16T20:43:41.587+0800][0.102s][info][gc           ] GC(2) Pause Young (Allocation Failure) 64M->0M(245M) 0.208ms
[2025-12-16T20:43:41.587+0800][0.102s][info][gc,cpu       ] GC(2) User=0.00s Sys=0.00s Real=0.00s
[2025-12-16T20:43:41.611+0800][0.126s][info][gc,start     ] GC(3) Pause Young (Allocation Failure)
[2025-12-16T20:43:41.611+0800][0.126s][info][gc,heap      ] GC(3) PSYoungGen: 66080K->576K(76288K)
[2025-12-16T20:43:41.611+0800][0.126s][info][gc,heap      ] GC(3) ParOldGen: 16K->16K(175104K)
[2025-12-16T20:43:41.611+0800][0.126s][info][gc,metaspace ] GC(3) Metaspace: 3388K(4864K)->3388K(4864K) NonClass: 3082K(4352K)->3082K(4352K) Class: 305K(512K)->305K(512K)
[2025-12-16T20:43:41.611+0800][0.126s][info][gc           ] GC(3) Pause Young (Allocation Failure) 64M->0M(245M) 0.215ms
[2025-12-16T20:43:41.611+0800][0.126s][info][gc,cpu       ] GC(3) User=0.00s Sys=0.00s Real=0.00s
[2025-12-16T20:43:41.634+0800][0.149s][info][gc,start     ] GC(4) Pause Young (Allocation Failure)
[2025-12-16T20:43:41.635+0800][0.150s][info][gc,heap      ] GC(4) PSYoungGen: 66112K->544K(65024K)
[2025-12-16T20:43:41.635+0800][0.150s][info][gc,heap      ] GC(4) ParOldGen: 16K->16K(175104K)
[2025-12-16T20:43:41.635+0800][0.150s][info][gc,metaspace ] GC(4) Metaspace: 3388K(4864K)->3388K(4864K) NonClass: 3082K(4352K)->3082K(4352K) Class: 305K(512K)->305K(512K)
[2025-12-16T20:43:41.635+0800][0.150s][info][gc           ] GC(4) Pause Young (Allocation Failure) 64M->0M(234M) 0.245ms
[2025-12-16T20:43:41.635+0800][0.150s][info][gc,cpu       ] GC(4) User=0.00s Sys=0.00s Real=0.00s
[2025-12-16T20:43:41.658+0800][0.173s][info][gc,start     ] GC(5) Pause Young (Allocation Failure)
[2025-12-16T20:43:41.659+0800][0.174s][info][gc,heap      ] GC(5) PSYoungGen: 64544K->592K(63488K)
[2025-12-16T20:43:41.659+0800][0.174s][info][gc,heap      ] GC(5) ParOldGen: 16K->16K(175104K)
[2025-12-16T20:43:41.659+0800][0.174s][info][gc,metaspace ] GC(5) Metaspace: 3388K(4864K)->3388K(4864K) NonClass: 3082K(4352K)->3082K(4352K) Class: 305K(512K)->305K(512K)
[2025-12-16T20:43:41.659+0800][0.174s][info][gc           ] GC(5) Pause Young (Allocation Failure) 63M->0M(233M) 0.253ms
[2025-12-16T20:43:41.659+0800][0.174s][info][gc,cpu       ] GC(5) User=0.00s Sys=0.00s Real=0.00s
[2025-12-16T20:43:41.682+0800][0.197s][info][gc,start     ] GC(6) Pause Young (Allocation Failure)
[2025-12-16T20:43:41.682+0800][0.197s][info][gc,heap      ] GC(6) PSYoungGen: 63056K->96K(61952K)
[2025-12-16T20:43:41.682+0800][0.197s][info][gc,heap      ] GC(6) ParOldGen: 16K->524K(175104K)
[2025-12-16T20:43:41.682+0800][0.197s][info][gc,metaspace ] GC(6) Metaspace: 3388K(4864K)->3388K(4864K) NonClass: 3082K(4352K)->3082K(4352K) Class: 305K(512K)->305K(512K)
[2025-12-16T20:43:41.682+0800][0.197s][info][gc           ] GC(6) Pause Young (Allocation Failure) 61M->0M(231M) 0.262ms
[2025-12-16T20:43:41.682+0800][0.197s][info][gc,cpu       ] GC(6) User=0.00s Sys=0.00s Real=0.00s
[2025-12-16T20:43:41.704+0800][0.219s][info][gc,start     ] GC(7) Pause Young (Allocation Failure)
[2025-12-16T20:43:41.704+0800][0.219s][info][gc,heap      ] GC(7) PSYoungGen: 61536K->96K(60928K)
[2025-12-16T20:43:41.704+0800][0.219s][info][gc,heap      ] GC(7) ParOldGen: 524K->524K(175104K)
[2025-12-16T20:43:41.704+0800][0.219s][info][gc,metaspace ] GC(7) Metaspace: 3388K(4864K)->3388K(4864K) NonClass: 3082K(4352K)->3082K(4352K) Class: 305K(512K)->305K(512K)
[2025-12-16T20:43:41.704+0800][0.219s][info][gc           ] GC(7) Pause Young (Allocation Failure) 60M->0M(230M) 0.116ms
[2025-12-16T20:43:41.704+0800][0.219s][info][gc,cpu       ] GC(7) User=0.00s Sys=0.00s Real=0.00s
[2025-12-16T20:43:41.726+0800][0.241s][info][gc,start     ] GC(8) Pause Young (Allocation Failure)
[2025-12-16T20:43:41.727+0800][0.242s][info][gc,heap      ] GC(8) PSYoungGen: 60512K->64K(60416K)
[2025-12-16T20:43:41.727+0800][0.242s][info][gc,heap      ] GC(8) ParOldGen: 524K->524K(175104K)
[2025-12-16T20:43:41.727+0800][0.242s][info][gc,metaspace ] GC(8) Metaspace: 3388K(4864K)->3388K(4864K) NonClass: 3082K(4352K)->3082K(4352K) Class: 305K(512K)->305K(512K)
[2025-12-16T20:43:41.727+0800][0.242s][info][gc           ] GC(8) Pause Young (Allocation Failure) 59M->0M(230M) 0.115ms
[2025-12-16T20:43:41.727+0800][0.242s][info][gc,cpu       ] GC(8) User=0.00s Sys=0.00s Real=0.00s
[2025-12-16T20:43:41.748+0800][0.263s][info][gc,start     ] GC(9) Pause Young (Allocation Failure)
[2025-12-16T20:43:41.748+0800][0.263s][info][gc,heap      ] GC(9) PSYoungGen: 59456K->96K(58880K)
[2025-12-16T20:43:41.748+0800][0.263s][info][gc,heap      ] GC(9) ParOldGen: 524K->524K(175104K)
[2025-12-16T20:43:41.748+0800][0.263s][info][gc,metaspace ] GC(9) Metaspace: 3388K(4864K)->3388K(4864K) NonClass: 3082K(4352K)->3082K(4352K) Class: 305K(512K)->305K(512K)
[2025-12-16T20:43:41.748+0800][0.263s][info][gc           ] GC(9) Pause Young (Allocation Failure) 58M->0M(228M) 0.110ms
[2025-12-16T20:43:41.748+0800][0.263s][info][gc,cpu       ] GC(9) User=0.00s Sys=0.00s Real=0.00s
[2025-12-16T20:43:41.770+0800][0.285s][info][gc,start     ] GC(10) Pause Young (Allocation Failure)
[2025-12-16T20:43:41.770+0800][0.285s][info][gc,heap      ] GC(10) PSYoungGen: 58464K->96K(58368K)
[2025-12-16T20:43:41.770+0800][0.285s][info][gc,heap      ] GC(10) ParOldGen: 524K->524K(175104K)
[2025-12-16T20:43:41.770+0800][0.285s][info][gc,metaspace ] GC(10) Metaspace: 3388K(4864K)->3388K(4864K) NonClass: 3082K(4352K)->3082K(4352K) Class: 305K(512K)->305K(512K)
[2025-12-16T20:43:41.770+0800][0.285s][info][gc           ] GC(10) Pause Young (Allocation Failure) 57M->0M(228M) 0.096ms
[2025-12-16T20:43:41.770+0800][0.285s][info][gc,cpu       ] GC(10) User=0.00s Sys=0.00s Real=0.00s
[2025-12-16T20:43:41.791+0800][0.306s][info][gc,start     ] GC(11) Pause Young (Allocation Failure)
[2025-12-16T20:43:41.791+0800][0.306s][info][gc,heap      ] GC(11) PSYoungGen: 57440K->96K(56832K)
[2025-12-16T20:43:41.791+0800][0.306s][info][gc,heap      ] GC(11) ParOldGen: 524K->524K(175104K)
[2025-12-16T20:43:41.791+0800][0.306s][info][gc,metaspace ] GC(11) Metaspace: 3388K(4864K)->3388K(4864K) NonClass: 3082K(4352K)->3082K(4352K) Class: 305K(512K)->305K(512K)
[2025-12-16T20:43:41.791+0800][0.306s][info][gc           ] GC(11) Pause Young (Allocation Failure) 56M->0M(226M) 0.112ms
[2025-12-16T20:43:41.791+0800][0.306s][info][gc,cpu       ] GC(11) User=0.00s Sys=0.00s Real=0.00s
[2025-12-16T20:43:41.811+0800][0.326s][info][gc,start     ] GC(12) Pause Young (Allocation Failure)
[2025-12-16T20:43:41.812+0800][0.327s][info][gc,heap      ] GC(12) PSYoungGen: 56416K->96K(56320K)
[2025-12-16T20:43:41.812+0800][0.327s][info][gc,heap      ] GC(12) ParOldGen: 524K->524K(175104K)
[2025-12-16T20:43:41.812+0800][0.327s][info][gc,metaspace ] GC(12) Metaspace: 3388K(4864K)->3388K(4864K) NonClass: 3082K(4352K)->3082K(4352K) Class: 305K(512K)->305K(512K)
[2025-12-16T20:43:41.812+0800][0.327s][info][gc           ] GC(12) Pause Young (Allocation Failure) 55M->0M(226M) 0.096ms
[2025-12-16T20:43:41.812+0800][0.327s][info][gc,cpu       ] GC(12) User=0.00s Sys=0.00s Real=0.00s
[2025-12-16T20:43:41.832+0800][0.347s][info][gc,start     ] GC(13) Pause Young (Allocation Failure)
[2025-12-16T20:43:41.832+0800][0.347s][info][gc,heap      ] GC(13) PSYoungGen: 55392K->96K(54784K)
[2025-12-16T20:43:41.832+0800][0.347s][info][gc,heap      ] GC(13) ParOldGen: 524K->524K(175104K)
[2025-12-16T20:43:41.832+0800][0.347s][info][gc,metaspace ] GC(13) Metaspace: 3388K(4864K)->3388K(4864K) NonClass: 3082K(4352K)->3082K(4352K) Class: 305K(512K)->305K(512K)
[2025-12-16T20:43:41.832+0800][0.347s][info][gc           ] GC(13) Pause Young (Allocation Failure) 54M->0M(224M) 0.098ms
[2025-12-16T20:43:41.832+0800][0.347s][info][gc,cpu       ] GC(13) User=0.00s Sys=0.00s Real=0.00s
[2025-12-16T20:43:41.852+0800][0.367s][info][gc,start     ] GC(14) Pause Young (Allocation Failure)
[2025-12-16T20:43:41.852+0800][0.367s][info][gc,heap      ] GC(14) PSYoungGen: 54368K->128K(54272K)
[2025-12-16T20:43:41.852+0800][0.367s][info][gc,heap      ] GC(14) ParOldGen: 524K->524K(175104K)
[2025-12-16T20:43:41.852+0800][0.367s][info][gc,metaspace ] GC(14) Metaspace: 3388K(4864K)->3388K(4864K) NonClass: 3082K(4352K)->3082K(4352K) Class: 305K(512K)->305K(512K)
[2025-12-16T20:43:41.852+0800][0.367s][info][gc           ] GC(14) Pause Young (Allocation Failure) 53M->0M(224M) 0.072ms
[2025-12-16T20:43:41.852+0800][0.367s][info][gc,cpu       ] GC(14) User=0.00s Sys=0.00s Real=0.00s
[2025-12-16T20:43:41.871+0800][0.386s][info][gc,start     ] GC(15) Pause Young (Allocation Failure)
[2025-12-16T20:43:41.872+0800][0.387s][info][gc,heap      ] GC(15) PSYoungGen: 53376K->64K(52736K)
[2025-12-16T20:43:41.872+0800][0.387s][info][gc,heap      ] GC(15) ParOldGen: 524K->524K(175104K)
[2025-12-16T20:43:41.872+0800][0.387s][info][gc,metaspace ] GC(15) Metaspace: 3388K(4864K)->3388K(4864K) NonClass: 3082K(4352K)->3082K(4352K) Class: 305K(512K)->305K(512K)
[2025-12-16T20:43:41.872+0800][0.387s][info][gc           ] GC(15) Pause Young (Allocation Failure) 52M->0M(222M) 0.093ms
[2025-12-16T20:43:41.872+0800][0.387s][info][gc,cpu       ] GC(15) User=0.00s Sys=0.00s Real=0.00s
[2025-12-16T20:43:41.891+0800][0.406s][info][gc,start     ] GC(16) Pause Young (Allocation Failure)
[2025-12-16T20:43:41.891+0800][0.406s][info][gc,heap      ] GC(16) PSYoungGen: 52288K->64K(52224K)
[2025-12-16T20:43:41.891+0800][0.406s][info][gc,heap      ] GC(16) ParOldGen: 524K->524K(175104K)
[2025-12-16T20:43:41.891+0800][0.406s][info][gc,metaspace ] GC(16) Metaspace: 3388K(4864K)->3388K(4864K) NonClass: 3082K(4352K)->3082K(4352K) Class: 305K(512K)->305K(512K)
[2025-12-16T20:43:41.891+0800][0.406s][info][gc           ] GC(16) Pause Young (Allocation Failure) 51M->0M(222M) 0.080ms
[2025-12-16T20:43:41.891+0800][0.406s][info][gc,cpu       ] GC(16) User=0.00s Sys=0.00s Real=0.00s
[2025-12-16T20:43:41.910+0800][0.425s][info][gc,start     ] GC(17) Pause Young (Allocation Failure)
[2025-12-16T20:43:41.910+0800][0.425s][info][gc,heap      ] GC(17) PSYoungGen: 51264K->32K(50688K)
[2025-12-16T20:43:41.910+0800][0.425s][info][gc,heap      ] GC(17) ParOldGen: 524K->524K(175104K)
[2025-12-16T20:43:41.910+0800][0.425s][info][gc,metaspace ] GC(17) Metaspace: 3388K(4864K)->3388K(4864K) NonClass: 3082K(4352K)->3082K(4352K) Class: 305K(512K)->305K(512K)
[2025-12-16T20:43:41.910+0800][0.425s][info][gc           ] GC(17) Pause Young (Allocation Failure) 50M->0M(220M) 0.105ms
[2025-12-16T20:43:41.910+0800][0.425s][info][gc,cpu       ] GC(17) User=0.00s Sys=0.00s Real=0.00s
[2025-12-16T20:43:41.929+0800][0.444s][info][gc,start     ] GC(18) Pause Young (Allocation Failure)
[2025-12-16T20:43:41.929+0800][0.444s][info][gc,heap      ] GC(18) PSYoungGen: 50208K->64K(50176K)
[2025-12-16T20:43:41.929+0800][0.444s][info][gc,heap      ] GC(18) ParOldGen: 524K->524K(175104K)
[2025-12-16T20:43:41.929+0800][0.444s][info][gc,metaspace ] GC(18) Metaspace: 3388K(4864K)->3388K(4864K) NonClass: 3082K(4352K)->3082K(4352K) Class: 305K(512K)->305K(512K)
[2025-12-16T20:43:41.929+0800][0.444s][info][gc           ] GC(18) Pause Young (Allocation Failure) 49M->0M(220M) 0.102ms
[2025-12-16T20:43:41.929+0800][0.444s][info][gc,cpu       ] GC(18) User=0.00s Sys=0.00s Real=0.00s
[2025-12-16T20:43:41.947+0800][0.462s][info][gc,start     ] GC(19) Pause Young (Allocation Failure)
[2025-12-16T20:43:41.947+0800][0.462s][info][gc,heap      ] GC(19) PSYoungGen: 49216K->64K(48640K)
[2025-12-16T20:43:41.947+0800][0.462s][info][gc,heap      ] GC(19) ParOldGen: 524K->524K(175104K)
[2025-12-16T20:43:41.947+0800][0.462s][info][gc,metaspace ] GC(19) Metaspace: 3388K(4864K)->3388K(4864K) NonClass: 3082K(4352K)->3082K(4352K) Class: 305K(512K)->305K(512K)
[2025-12-16T20:43:41.947+0800][0.462s][info][gc           ] GC(19) Pause Young (Allocation Failure) 48M->0M(218M) 0.101ms
[2025-12-16T20:43:41.947+0800][0.462s][info][gc,cpu       ] GC(19) User=0.00s Sys=0.00s Real=0.00s
[2025-12-16T20:43:41.964+0800][0.479s][info][gc,start     ] GC(20) Pause Young (Allocation Failure)
[2025-12-16T20:43:41.964+0800][0.479s][info][gc,heap      ] GC(20) PSYoungGen: 48192K->96K(48640K)
[2025-12-16T20:43:41.964+0800][0.479s][info][gc,heap      ] GC(20) ParOldGen: 524K->524K(175104K)
[2025-12-16T20:43:41.964+0800][0.479s][info][gc,metaspace ] GC(20) Metaspace: 3388K(4864K)->3388K(4864K) NonClass: 3082K(4352K)->3082K(4352K) Class: 305K(512K)->305K(512K)
[2025-12-16T20:43:41.964+0800][0.479s][info][gc           ] GC(20) Pause Young (Allocation Failure) 47M->0M(218M) 0.096ms
[2025-12-16T20:43:41.964+0800][0.479s][info][gc,cpu       ] GC(20) User=0.00s Sys=0.00s Real=0.00s
[2025-12-16T20:43:41.982+0800][0.497s][info][gc,start     ] GC(21) Pause Young (Allocation Failure)
[2025-12-16T20:43:41.982+0800][0.497s][info][gc,heap      ] GC(21) PSYoungGen: 47712K->128K(47616K)
[2025-12-16T20:43:41.982+0800][0.497s][info][gc,heap      ] GC(21) ParOldGen: 524K->524K(175104K)
[2025-12-16T20:43:41.982+0800][0.497s][info][gc,metaspace ] GC(21) Metaspace: 3388K(4864K)->3388K(4864K) NonClass: 3082K(4352K)->3082K(4352K) Class: 305K(512K)->305K(512K)
[2025-12-16T20:43:41.983+0800][0.497s][info][gc           ] GC(21) Pause Young (Allocation Failure) 47M->0M(217M) 0.097ms
[2025-12-16T20:43:41.983+0800][0.497s][info][gc,cpu       ] GC(21) User=0.00s Sys=0.00s Real=0.00s
[2025-12-16T20:43:42.000+0800][0.515s][info][gc,start     ] GC(22) Pause Young (Allocation Failure)
[2025-12-16T20:43:42.000+0800][0.515s][info][gc,heap      ] GC(22) PSYoungGen: 47232K->64K(47616K)
[2025-12-16T20:43:42.000+0800][0.515s][info][gc,heap      ] GC(22) ParOldGen: 524K->524K(175104K)
[2025-12-16T20:43:42.000+0800][0.515s][info][gc,metaspace ] GC(22) Metaspace: 3388K(4864K)->3388K(4864K) NonClass: 3082K(4352K)->3082K(4352K) Class: 305K(512K)->305K(512K)
[2025-12-16T20:43:42.000+0800][0.515s][info][gc           ] GC(22) Pause Young (Allocation Failure) 46M->0M(217M) 0.093ms
[2025-12-16T20:43:42.000+0800][0.515s][info][gc,cpu       ] GC(22) User=0.00s Sys=0.00s Real=0.00s
[2025-12-16T20:43:42.017+0800][0.532s][info][gc,start     ] GC(23) Pause Young (Allocation Failure)
[2025-12-16T20:43:42.017+0800][0.532s][info][gc,heap      ] GC(23) PSYoungGen: 46656K->32K(46592K)
[2025-12-16T20:43:42.017+0800][0.532s][info][gc,heap      ] GC(23) ParOldGen: 524K->524K(175104K)
[2025-12-16T20:43:42.017+0800][0.532s][info][gc,metaspace ] GC(23) Metaspace: 3388K(4864K)->3388K(4864K) NonClass: 3082K(4352K)->3082K(4352K) Class: 305K(512K)->305K(512K)
[2025-12-16T20:43:42.017+0800][0.532s][info][gc           ] GC(23) Pause Young (Allocation Failure) 46M->0M(216M) 0.130ms
[2025-12-16T20:43:42.017+0800][0.532s][info][gc,cpu       ] GC(23) User=0.00s Sys=0.00s Real=0.00s
[2025-12-16T20:43:42.034+0800][0.549s][info][gc,start     ] GC(24) Pause Young (Allocation Failure)
[2025-12-16T20:43:42.034+0800][0.549s][info][gc,heap      ] GC(24) PSYoungGen: 46112K->96K(46592K)
[2025-12-16T20:43:42.034+0800][0.549s][info][gc,heap      ] GC(24) ParOldGen: 524K->524K(175104K)
[2025-12-16T20:43:42.034+0800][0.549s][info][gc,metaspace ] GC(24) Metaspace: 3388K(4864K)->3388K(4864K) NonClass: 3082K(4352K)->3082K(4352K) Class: 305K(512K)->305K(512K)
[2025-12-16T20:43:42.034+0800][0.549s][info][gc           ] GC(24) Pause Young (Allocation Failure) 45M->0M(216M) 0.099ms
[2025-12-16T20:43:42.034+0800][0.549s][info][gc,cpu       ] GC(24) User=0.00s Sys=0.00s Real=0.00s
[2025-12-16T20:43:42.051+0800][0.566s][info][gc,start     ] GC(25) Pause Young (Allocation Failure)
[2025-12-16T20:43:42.051+0800][0.566s][info][gc,heap      ] GC(25) PSYoungGen: 45664K->64K(45568K)
[2025-12-16T20:43:42.051+0800][0.566s][info][gc,heap      ] GC(25) ParOldGen: 524K->524K(175104K)
[2025-12-16T20:43:42.051+0800][0.566s][info][gc,metaspace ] GC(25) Metaspace: 3388K(4864K)->3388K(4864K) NonClass: 3082K(4352K)->3082K(4352K) Class: 305K(512K)->305K(512K)
[2025-12-16T20:43:42.051+0800][0.566s][info][gc           ] GC(25) Pause Young (Allocation Failure) 45M->0M(215M) 0.113ms
[2025-12-16T20:43:42.051+0800][0.566s][info][gc,cpu       ] GC(25) User=0.00s Sys=0.00s Real=0.00s
[2025-12-16T20:43:42.067+0800][0.582s][info][gc,start     ] GC(26) Pause Young (Allocation Failure)
[2025-12-16T20:43:42.067+0800][0.582s][info][gc,heap      ] GC(26) PSYoungGen: 45120K->64K(45056K)
[2025-12-16T20:43:42.067+0800][0.582s][info][gc,heap      ] GC(26) ParOldGen: 524K->524K(175104K)
[2025-12-16T20:43:42.067+0800][0.582s][info][gc,metaspace ] GC(26) Metaspace: 3388K(4864K)->3388K(4864K) NonClass: 3082K(4352K)->3082K(4352K) Class: 305K(512K)->305K(512K)
[2025-12-16T20:43:42.067+0800][0.582s][info][gc           ] GC(26) Pause Young (Allocation Failure) 44M->0M(215M) 0.121ms
[2025-12-16T20:43:42.067+0800][0.582s][info][gc,cpu       ] GC(26) User=0.00s Sys=0.00s Real=0.00s
[2025-12-16T20:43:42.084+0800][0.599s][info][gc,start     ] GC(27) Pause Young (Allocation Failure)
[2025-12-16T20:43:42.084+0800][0.599s][info][gc,heap      ] GC(27) PSYoungGen: 44608K->96K(44544K)
[2025-12-16T20:43:42.084+0800][0.599s][info][gc,heap      ] GC(27) ParOldGen: 524K->524K(175104K)
[2025-12-16T20:43:42.084+0800][0.599s][info][gc,metaspace ] GC(27) Metaspace: 3388K(4864K)->3388K(4864K) NonClass: 3082K(4352K)->3082K(4352K) Class: 305K(512K)->305K(512K)
[2025-12-16T20:43:42.084+0800][0.599s][info][gc           ] GC(27) Pause Young (Allocation Failure) 44M->0M(214M) 0.112ms
[2025-12-16T20:43:42.084+0800][0.599s][info][gc,cpu       ] GC(27) User=0.00s Sys=0.00s Real=0.00s
[2025-12-16T20:43:42.100+0800][0.615s][info][gc,start     ] GC(28) Pause Young (Allocation Failure)
[2025-12-16T20:43:42.100+0800][0.615s][info][gc,heap      ] GC(28) PSYoungGen: 44128K->64K(44032K)
[2025-12-16T20:43:42.100+0800][0.615s][info][gc,heap      ] GC(28) ParOldGen: 524K->524K(175104K)
[2025-12-16T20:43:42.100+0800][0.615s][info][gc,metaspace ] GC(28) Metaspace: 3388K(4864K)->3388K(4864K) NonClass: 3082K(4352K)->3082K(4352K) Class: 305K(512K)->305K(512K)
[2025-12-16T20:43:42.100+0800][0.615s][info][gc           ] GC(28) Pause Young (Allocation Failure) 43M->0M(214M) 0.113ms
[2025-12-16T20:43:42.100+0800][0.615s][info][gc,cpu       ] GC(28) User=0.00s Sys=0.00s Real=0.00s
[2025-12-16T20:43:42.116+0800][0.631s][info][gc,start     ] GC(29) Pause Young (Allocation Failure)
[2025-12-16T20:43:42.116+0800][0.631s][info][gc,heap      ] GC(29) PSYoungGen: 43584K->64K(43520K)
[2025-12-16T20:43:42.116+0800][0.631s][info][gc,heap      ] GC(29) ParOldGen: 524K->524K(175104K)
[2025-12-16T20:43:42.116+0800][0.631s][info][gc,metaspace ] GC(29) Metaspace: 3388K(4864K)->3388K(4864K) NonClass: 3082K(4352K)->3082K(4352K) Class: 305K(512K)->305K(512K)
[2025-12-16T20:43:42.116+0800][0.631s][info][gc           ] GC(29) Pause Young (Allocation Failure) 43M->0M(213M) 0.133ms
[2025-12-16T20:43:42.116+0800][0.631s][info][gc,cpu       ] GC(29) User=0.00s Sys=0.00s Real=0.00s
[2025-12-16T20:43:42.132+0800][0.647s][info][gc,start     ] GC(30) Pause Young (Allocation Failure)
[2025-12-16T20:43:42.132+0800][0.647s][info][gc,heap      ] GC(30) PSYoungGen: 43072K->96K(43008K)
[2025-12-16T20:43:42.132+0800][0.647s][info][gc,heap      ] GC(30) ParOldGen: 524K->524K(175104K)
[2025-12-16T20:43:42.132+0800][0.647s][info][gc,metaspace ] GC(30) Metaspace: 3388K(4864K)->3388K(4864K) NonClass: 3082K(4352K)->3082K(4352K) Class: 305K(512K)->305K(512K)
[2025-12-16T20:43:42.132+0800][0.647s][info][gc           ] GC(30) Pause Young (Allocation Failure) 42M->0M(213M) 0.121ms
[2025-12-16T20:43:42.132+0800][0.647s][info][gc,cpu       ] GC(30) User=0.00s Sys=0.00s Real=0.00s
[2025-12-16T20:43:42.148+0800][0.663s][info][gc,start     ] GC(31) Pause Young (Allocation Failure)
[2025-12-16T20:43:42.148+0800][0.663s][info][gc,heap      ] GC(31) PSYoungGen: 42592K->32K(42496K)
[2025-12-16T20:43:42.148+0800][0.663s][info][gc,heap      ] GC(31) ParOldGen: 524K->524K(175104K)
[2025-12-16T20:43:42.148+0800][0.663s][info][gc,metaspace ] GC(31) Metaspace: 3388K(4864K)->3388K(4864K) NonClass: 3082K(4352K)->3082K(4352K) Class: 305K(512K)->305K(512K)
[2025-12-16T20:43:42.148+0800][0.663s][info][gc           ] GC(31) Pause Young (Allocation Failure) 42M->0M(212M) 0.094ms
[2025-12-16T20:43:42.148+0800][0.663s][info][gc,cpu       ] GC(31) User=0.00s Sys=0.00s Real=0.00s
[2025-12-16T20:43:42.163+0800][0.678s][info][gc,start     ] GC(32) Pause Young (Allocation Failure)
[2025-12-16T20:43:42.163+0800][0.678s][info][gc,heap      ] GC(32) PSYoungGen: 42016K->64K(41984K)
[2025-12-16T20:43:42.163+0800][0.678s][info][gc,heap      ] GC(32) ParOldGen: 524K->524K(175104K)
[2025-12-16T20:43:42.163+0800][0.678s][info][gc,metaspace ] GC(32) Metaspace: 3388K(4864K)->3388K(4864K) NonClass: 3082K(4352K)->3082K(4352K) Class: 305K(512K)->305K(512K)
[2025-12-16T20:43:42.163+0800][0.678s][info][gc           ] GC(32) Pause Young (Allocation Failure) 41M->0M(212M) 0.085ms
[2025-12-16T20:43:42.163+0800][0.678s][info][gc,cpu       ] GC(32) User=0.00s Sys=0.00s Real=0.00s
[2025-12-16T20:43:42.179+0800][0.694s][info][gc,start     ] GC(33) Pause Young (Allocation Failure)
[2025-12-16T20:43:42.179+0800][0.694s][info][gc,heap      ] GC(33) PSYoungGen: 41536K->32K(41472K)
[2025-12-16T20:43:42.179+0800][0.694s][info][gc,heap      ] GC(33) ParOldGen: 524K->524K(175104K)
[2025-12-16T20:43:42.179+0800][0.694s][info][gc,metaspace ] GC(33) Metaspace: 3388K(4864K)->3388K(4864K) NonClass: 3082K(4352K)->3082K(4352K) Class: 305K(512K)->305K(512K)
[2025-12-16T20:43:42.179+0800][0.694s][info][gc           ] GC(33) Pause Young (Allocation Failure) 41M->0M(211M) 0.095ms
[2025-12-16T20:43:42.179+0800][0.694s][info][gc,cpu       ] GC(33) User=0.00s Sys=0.00s Real=0.00s
[2025-12-16T20:43:42.194+0800][0.709s][info][gc,start     ] GC(34) Pause Young (Allocation Failure)
[2025-12-16T20:43:42.194+0800][0.709s][info][gc,heap      ] GC(34) PSYoungGen: 40992K->64K(40960K)
[2025-12-16T20:43:42.194+0800][0.709s][info][gc,heap      ] GC(34) ParOldGen: 524K->524K(175104K)
[2025-12-16T20:43:42.194+0800][0.709s][info][gc,metaspace ] GC(34) Metaspace: 3388K(4864K)->3388K(4864K) NonClass: 3082K(4352K)->3082K(4352K) Class: 305K(512K)->305K(512K)
[2025-12-16T20:43:42.194+0800][0.709s][info][gc           ] GC(34) Pause Young (Allocation Failure) 40M->0M(211M) 0.094ms
[2025-12-16T20:43:42.194+0800][0.709s][info][gc,cpu       ] GC(34) User=0.00s Sys=0.00s Real=0.00s
[2025-12-16T20:43:42.210+0800][0.724s][info][gc,start     ] GC(35) Pause Young (Allocation Failure)
[2025-12-16T20:43:42.210+0800][0.725s][info][gc,heap      ] GC(35) PSYoungGen: 40512K->64K(40448K)
[2025-12-16T20:43:42.210+0800][0.725s][info][gc,heap      ] GC(35) ParOldGen: 524K->524K(175104K)
[2025-12-16T20:43:42.210+0800][0.725s][info][gc,metaspace ] GC(35) Metaspace: 3388K(4864K)->3388K(4864K) NonClass: 3082K(4352K)->3082K(4352K) Class: 305K(512K)->305K(512K)
[2025-12-16T20:43:42.210+0800][0.725s][info][gc           ] GC(35) Pause Young (Allocation Failure) 40M->0M(210M) 0.145ms
[2025-12-16T20:43:42.210+0800][0.725s][info][gc,cpu       ] GC(35) User=0.00s Sys=0.00s Real=0.00s
[2025-12-16T20:43:42.225+0800][0.740s][info][gc,start     ] GC(36) Pause Young (Allocation Failure)
[2025-12-16T20:43:42.226+0800][0.741s][info][gc,heap      ] GC(36) PSYoungGen: 40000K->64K(39936K)
[2025-12-16T20:43:42.226+0800][0.741s][info][gc,heap      ] GC(36) ParOldGen: 524K->524K(175104K)
[2025-12-16T20:43:42.226+0800][0.741s][info][gc,metaspace ] GC(36) Metaspace: 3388K(4864K)->3388K(4864K) NonClass: 3082K(4352K)->3082K(4352K) Class: 305K(512K)->305K(512K)
[2025-12-16T20:43:42.226+0800][0.741s][info][gc           ] GC(36) Pause Young (Allocation Failure) 39M->0M(210M) 0.155ms
[2025-12-16T20:43:42.226+0800][0.741s][info][gc,cpu       ] GC(36) User=0.00s Sys=0.00s Real=0.00s
[2025-12-16T20:43:42.241+0800][0.756s][info][gc,start     ] GC(37) Pause Young (Allocation Failure)
[2025-12-16T20:43:42.241+0800][0.756s][info][gc,heap      ] GC(37) PSYoungGen: 39488K->32K(39424K)
[2025-12-16T20:43:42.241+0800][0.756s][info][gc,heap      ] GC(37) ParOldGen: 524K->524K(175104K)
[2025-12-16T20:43:42.241+0800][0.756s][info][gc,metaspace ] GC(37) Metaspace: 3388K(4864K)->3388K(4864K) NonClass: 3082K(4352K)->3082K(4352K) Class: 305K(512K)->305K(512K)
[2025-12-16T20:43:42.241+0800][0.756s][info][gc           ] GC(37) Pause Young (Allocation Failure) 39M->0M(209M) 0.143ms
[2025-12-16T20:43:42.241+0800][0.756s][info][gc,cpu       ] GC(37) User=0.00s Sys=0.00s Real=0.00s
[2025-12-16T20:43:42.256+0800][0.771s][info][gc,start     ] GC(38) Pause Young (Allocation Failure)
[2025-12-16T20:43:42.256+0800][0.771s][info][gc,heap      ] GC(38) PSYoungGen: 38944K->64K(38912K)
[2025-12-16T20:43:42.256+0800][0.771s][info][gc,heap      ] GC(38) ParOldGen: 524K->524K(175104K)
[2025-12-16T20:43:42.256+0800][0.771s][info][gc,metaspace ] GC(38) Metaspace: 3388K(4864K)->3388K(4864K) NonClass: 3082K(4352K)->3082K(4352K) Class: 305K(512K)->305K(512K)
[2025-12-16T20:43:42.256+0800][0.771s][info][gc           ] GC(38) Pause Young (Allocation Failure) 38M->0M(209M) 0.106ms
[2025-12-16T20:43:42.256+0800][0.771s][info][gc,cpu       ] GC(38) User=0.00s Sys=0.00s Real=0.00s
[2025-12-16T20:43:42.270+0800][0.785s][info][gc,start     ] GC(39) Pause Young (Allocation Failure)
[2025-12-16T20:43:42.270+0800][0.785s][info][gc,heap      ] GC(39) PSYoungGen: 38464K->64K(38400K)
[2025-12-16T20:43:42.270+0800][0.785s][info][gc,heap      ] GC(39) ParOldGen: 524K->524K(175104K)
[2025-12-16T20:43:42.270+0800][0.785s][info][gc,metaspace ] GC(39) Metaspace: 3388K(4864K)->3388K(4864K) NonClass: 3082K(4352K)->3082K(4352K) Class: 305K(512K)->305K(512K)
[2025-12-16T20:43:42.270+0800][0.785s][info][gc           ] GC(39) Pause Young (Allocation Failure) 38M->0M(208M) 0.098ms
[2025-12-16T20:43:42.270+0800][0.785s][info][gc,cpu       ] GC(39) User=0.00s Sys=0.00s Real=0.00s
[2025-12-16T20:43:42.285+0800][0.800s][info][gc,start     ] GC(40) Pause Young (Allocation Failure)
[2025-12-16T20:43:42.285+0800][0.800s][info][gc,heap      ] GC(40) PSYoungGen: 37952K->64K(37888K)
[2025-12-16T20:43:42.285+0800][0.800s][info][gc,heap      ] GC(40) ParOldGen: 524K->524K(175104K)
[2025-12-16T20:43:42.285+0800][0.800s][info][gc,metaspace ] GC(40) Metaspace: 3388K(4864K)->3388K(4864K) NonClass: 3082K(4352K)->3082K(4352K) Class: 305K(512K)->305K(512K)
[2025-12-16T20:43:42.285+0800][0.800s][info][gc           ] GC(40) Pause Young (Allocation Failure) 37M->0M(208M) 0.094ms
[2025-12-16T20:43:42.285+0800][0.800s][info][gc,cpu       ] GC(40) User=0.00s Sys=0.00s Real=0.00s
[2025-12-16T20:43:42.299+0800][0.814s][info][gc,start     ] GC(41) Pause Young (Allocation Failure)
[2025-12-16T20:43:42.299+0800][0.814s][info][gc,heap      ] GC(41) PSYoungGen: 37440K->64K(37376K)
[2025-12-16T20:43:42.299+0800][0.814s][info][gc,heap      ] GC(41) ParOldGen: 524K->524K(175104K)
[2025-12-16T20:43:42.299+0800][0.814s][info][gc,metaspace ] GC(41) Metaspace: 3388K(4864K)->3388K(4864K) NonClass: 3082K(4352K)->3082K(4352K) Class: 305K(512K)->305K(512K)
[2025-12-16T20:43:42.299+0800][0.814s][info][gc           ] GC(41) Pause Young (Allocation Failure) 37M->0M(207M) 0.100ms
[2025-12-16T20:43:42.299+0800][0.814s][info][gc,cpu       ] GC(41) User=0.00s Sys=0.00s Real=0.00s
[2025-12-16T20:43:42.313+0800][0.828s][info][gc,start     ] GC(42) Pause Young (Allocation Failure)
[2025-12-16T20:43:42.313+0800][0.828s][info][gc,heap      ] GC(42) PSYoungGen: 36928K->96K(36864K)
[2025-12-16T20:43:42.313+0800][0.828s][info][gc,heap      ] GC(42) ParOldGen: 524K->524K(175104K)
[2025-12-16T20:43:42.313+0800][0.828s][info][gc,metaspace ] GC(42) Metaspace: 3388K(4864K)->3388K(4864K) NonClass: 3082K(4352K)->3082K(4352K) Class: 305K(512K)->305K(512K)
[2025-12-16T20:43:42.313+0800][0.828s][info][gc           ] GC(42) Pause Young (Allocation Failure) 36M->0M(207M) 0.062ms
[2025-12-16T20:43:42.313+0800][0.828s][info][gc,cpu       ] GC(42) User=0.00s Sys=0.00s Real=0.00s
[2025-12-16T20:43:42.326+0800][0.841s][info][gc,start     ] GC(43) Pause Young (Allocation Failure)
[2025-12-16T20:43:42.326+0800][0.841s][info][gc,heap      ] GC(43) PSYoungGen: 36448K->64K(36352K)
[2025-12-16T20:43:42.326+0800][0.841s][info][gc,heap      ] GC(43) ParOldGen: 524K->524K(175104K)
[2025-12-16T20:43:42.326+0800][0.841s][info][gc,metaspace ] GC(43) Metaspace: 3388K(4864K)->3388K(4864K) NonClass: 3082K(4352K)->3082K(4352K) Class: 305K(512K)->305K(512K)
[2025-12-16T20:43:42.326+0800][0.841s][info][gc           ] GC(43) Pause Young (Allocation Failure) 36M->0M(206M) 0.069ms
[2025-12-16T20:43:42.326+0800][0.841s][info][gc,cpu       ] GC(43) User=0.00s Sys=0.00s Real=0.00s
[2025-12-16T20:43:42.339+0800][0.854s][info][gc,start     ] GC(44) Pause Young (Allocation Failure)
[2025-12-16T20:43:42.340+0800][0.854s][info][gc,heap      ] GC(44) PSYoungGen: 35904K->64K(35840K)
[2025-12-16T20:43:42.340+0800][0.854s][info][gc,heap      ] GC(44) ParOldGen: 524K->524K(175104K)
[2025-12-16T20:43:42.340+0800][0.854s][info][gc,metaspace ] GC(44) Metaspace: 3388K(4864K)->3388K(4864K) NonClass: 3082K(4352K)->3082K(4352K) Class: 305K(512K)->305K(512K)
[2025-12-16T20:43:42.340+0800][0.854s][info][gc           ] GC(44) Pause Young (Allocation Failure) 35M->0M(206M) 0.059ms
[2025-12-16T20:43:42.340+0800][0.854s][info][gc,cpu       ] GC(44) User=0.00s Sys=0.00s Real=0.01s
[2025-12-16T20:43:42.352+0800][0.867s][info][gc,start     ] GC(45) Pause Young (Allocation Failure)
[2025-12-16T20:43:42.352+0800][0.867s][info][gc,heap      ] GC(45) PSYoungGen: 35392K->64K(35328K)
[2025-12-16T20:43:42.352+0800][0.867s][info][gc,heap      ] GC(45) ParOldGen: 524K->524K(175104K)
[2025-12-16T20:43:42.352+0800][0.867s][info][gc,metaspace ] GC(45) Metaspace: 3388K(4864K)->3388K(4864K) NonClass: 3082K(4352K)->3082K(4352K) Class: 305K(512K)->305K(512K)
[2025-12-16T20:43:42.352+0800][0.867s][info][gc           ] GC(45) Pause Young (Allocation Failure) 35M->0M(205M) 0.061ms
[2025-12-16T20:43:42.352+0800][0.867s][info][gc,cpu       ] GC(45) User=0.01s Sys=0.00s Real=0.00s
[2025-12-16T20:43:42.365+0800][0.880s][info][gc,start     ] GC(46) Pause Young (Allocation Failure)
[2025-12-16T20:43:42.365+0800][0.880s][info][gc,heap      ] GC(46) PSYoungGen: 34880K->64K(34816K)
[2025-12-16T20:43:42.365+0800][0.880s][info][gc,heap      ] GC(46) ParOldGen: 524K->524K(175104K)
[2025-12-16T20:43:42.365+0800][0.880s][info][gc,metaspace ] GC(46) Metaspace: 3388K(4864K)->3388K(4864K) NonClass: 3082K(4352K)->3082K(4352K) Class: 305K(512K)->305K(512K)
[2025-12-16T20:43:42.365+0800][0.880s][info][gc           ] GC(46) Pause Young (Allocation Failure) 34M->0M(205M) 0.067ms
[2025-12-16T20:43:42.365+0800][0.880s][info][gc,cpu       ] GC(46) User=0.00s Sys=0.00s Real=0.00s
[2025-12-16T20:43:42.378+0800][0.893s][info][gc,start     ] GC(47) Pause Young (Allocation Failure)
[2025-12-16T20:43:42.378+0800][0.893s][info][gc,heap      ] GC(47) PSYoungGen: 34368K->64K(34304K)
[2025-12-16T20:43:42.378+0800][0.893s][info][gc,heap      ] GC(47) ParOldGen: 524K->524K(175104K)
[2025-12-16T20:43:42.378+0800][0.893s][info][gc,metaspace ] GC(47) Metaspace: 3388K(4864K)->3388K(4864K) NonClass: 3082K(4352K)->3082K(4352K) Class: 305K(512K)->305K(512K)
[2025-12-16T20:43:42.378+0800][0.893s][info][gc           ] GC(47) Pause Young (Allocation Failure) 34M->0M(204M) 0.066ms
[2025-12-16T20:43:42.378+0800][0.893s][info][gc,cpu       ] GC(47) User=0.00s Sys=0.00s Real=0.00s
[2025-12-16T20:43:42.390+0800][0.905s][info][gc,start     ] GC(48) Pause Young (Allocation Failure)
[2025-12-16T20:43:42.391+0800][0.905s][info][gc,heap      ] GC(48) PSYoungGen: 33856K->64K(33792K)
[2025-12-16T20:43:42.391+0800][0.905s][info][gc,heap      ] GC(48) ParOldGen: 524K->524K(175104K)
[2025-12-16T20:43:42.391+0800][0.905s][info][gc,metaspace ] GC(48) Metaspace: 3388K(4864K)->3388K(4864K) NonClass: 3082K(4352K)->3082K(4352K) Class: 305K(512K)->305K(512K)
[2025-12-16T20:43:42.391+0800][0.905s][info][gc           ] GC(48) Pause Young (Allocation Failure) 33M->0M(204M) 0.054ms
[2025-12-16T20:43:42.391+0800][0.905s][info][gc,cpu       ] GC(48) User=0.00s Sys=0.00s Real=0.00s
[2025-12-16T20:43:42.403+0800][0.918s][info][gc,start     ] GC(49) Pause Young (Allocation Failure)
[2025-12-16T20:43:42.403+0800][0.918s][info][gc,heap      ] GC(49) PSYoungGen: 33344K->64K(33280K)
[2025-12-16T20:43:42.403+0800][0.918s][info][gc,heap      ] GC(49) ParOldGen: 524K->524K(175104K)
[2025-12-16T20:43:42.403+0800][0.918s][info][gc,metaspace ] GC(49) Metaspace: 3388K(4864K)->3388K(4864K) NonClass: 3082K(4352K)->3082K(4352K) Class: 305K(512K)->305K(512K)
[2025-12-16T20:43:42.403+0800][0.918s][info][gc           ] GC(49) Pause Young (Allocation Failure) 33M->0M(203M) 0.069ms
[2025-12-16T20:43:42.403+0800][0.918s][info][gc,cpu       ] GC(49) User=0.00s Sys=0.00s Real=0.00s
[2025-12-16T20:43:42.415+0800][0.930s][info][gc,start     ] GC(50) Pause Young (Allocation Failure)
[2025-12-16T20:43:42.415+0800][0.930s][info][gc,heap      ] GC(50) PSYoungGen: 32832K->64K(32768K)
[2025-12-16T20:43:42.415+0800][0.930s][info][gc,heap      ] GC(50) ParOldGen: 524K->524K(175104K)
[2025-12-16T20:43:42.415+0800][0.930s][info][gc,metaspace ] GC(50) Metaspace: 3388K(4864K)->3388K(4864K) NonClass: 3082K(4352K)->3082K(4352K) Class: 305K(512K)->305K(512K)
[2025-12-16T20:43:42.415+0800][0.930s][info][gc           ] GC(50) Pause Young (Allocation Failure) 32M->0M(203M) 0.073ms
[2025-12-16T20:43:42.415+0800][0.930s][info][gc,cpu       ] GC(50) User=0.00s Sys=0.00s Real=0.00s
[2025-12-16T20:43:42.427+0800][0.942s][info][gc,start     ] GC(51) Pause Young (Allocation Failure)
[2025-12-16T20:43:42.427+0800][0.942s][info][gc,heap      ] GC(51) PSYoungGen: 32320K->64K(32256K)
[2025-12-16T20:43:42.427+0800][0.942s][info][gc,heap      ] GC(51) ParOldGen: 524K->524K(175104K)
[2025-12-16T20:43:42.427+0800][0.942s][info][gc,metaspace ] GC(51) Metaspace: 3388K(4864K)->3388K(4864K) NonClass: 3082K(4352K)->3082K(4352K) Class: 305K(512K)->305K(512K)
[2025-12-16T20:43:42.427+0800][0.942s][info][gc           ] GC(51) Pause Young (Allocation Failure) 32M->0M(202M) 0.060ms
[2025-12-16T20:43:42.427+0800][0.942s][info][gc,cpu       ] GC(51) User=0.00s Sys=0.00s Real=0.00s
[2025-12-16T20:43:42.439+0800][0.954s][info][gc,start     ] GC(52) Pause Young (Allocation Failure)
[2025-12-16T20:43:42.439+0800][0.954s][info][gc,heap      ] GC(52) PSYoungGen: 31808K->64K(31744K)
[2025-12-16T20:43:42.439+0800][0.954s][info][gc,heap      ] GC(52) ParOldGen: 524K->524K(175104K)
[2025-12-16T20:43:42.439+0800][0.954s][info][gc,metaspace ] GC(52) Metaspace: 3388K(4864K)->3388K(4864K) NonClass: 3082K(4352K)->3082K(4352K) Class: 305K(512K)->305K(512K)
[2025-12-16T20:43:42.439+0800][0.954s][info][gc           ] GC(52) Pause Young (Allocation Failure) 31M->0M(202M) 0.068ms
[2025-12-16T20:43:42.439+0800][0.954s][info][gc,cpu       ] GC(52) User=0.00s Sys=0.00s Real=0.00s
[2025-12-16T20:43:42.450+0800][0.965s][info][gc,start     ] GC(53) Pause Young (Allocation Failure)
[2025-12-16T20:43:42.450+0800][0.965s][info][gc,heap      ] GC(53) PSYoungGen: 31296K->64K(31744K)
[2025-12-16T20:43:42.450+0800][0.965s][info][gc,heap      ] GC(53) ParOldGen: 524K->524K(175104K)
[2025-12-16T20:43:42.450+0800][0.965s][info][gc,metaspace ] GC(53) Metaspace: 3388K(4864K)->3388K(4864K) NonClass: 3082K(4352K)->3082K(4352K) Class: 305K(512K)->305K(512K)
[2025-12-16T20:43:42.450+0800][0.965s][info][gc           ] GC(53) Pause Young (Allocation Failure) 31M->0M(202M) 0.073ms
[2025-12-16T20:43:42.450+0800][0.965s][info][gc,cpu       ] GC(53) User=0.00s Sys=0.00s Real=0.00s
[2025-12-16T20:43:42.462+0800][0.977s][info][gc,start     ] GC(54) Pause Young (Allocation Failure)
[2025-12-16T20:43:42.462+0800][0.977s][info][gc,heap      ] GC(54) PSYoungGen: 31296K->96K(31744K)
[2025-12-16T20:43:42.462+0800][0.977s][info][gc,heap      ] GC(54) ParOldGen: 524K->524K(175104K)
[2025-12-16T20:43:42.462+0800][0.977s][info][gc,metaspace ] GC(54) Metaspace: 3388K(4864K)->3388K(4864K) NonClass: 3082K(4352K)->3082K(4352K) Class: 305K(512K)->305K(512K)
[2025-12-16T20:43:42.462+0800][0.977s][info][gc           ] GC(54) Pause Young (Allocation Failure) 31M->0M(202M) 0.077ms
[2025-12-16T20:43:42.462+0800][0.977s][info][gc,cpu       ] GC(54) User=0.00s Sys=0.00s Real=0.00s
[2025-12-16T20:43:42.474+0800][0.989s][info][gc,start     ] GC(55) Pause Young (Allocation Failure)
[2025-12-16T20:43:42.474+0800][0.989s][info][gc,heap      ] GC(55) PSYoungGen: 31328K->64K(31744K)
[2025-12-16T20:43:42.474+0800][0.989s][info][gc,heap      ] GC(55) ParOldGen: 524K->524K(175104K)
[2025-12-16T20:43:42.474+0800][0.989s][info][gc,metaspace ] GC(55) Metaspace: 3388K(4864K)->3388K(4864K) NonClass: 3082K(4352K)->3082K(4352K) Class: 305K(512K)->305K(512K)
[2025-12-16T20:43:42.474+0800][0.989s][info][gc           ] GC(55) Pause Young (Allocation Failure) 31M->0M(202M) 0.081ms
[2025-12-16T20:43:42.474+0800][0.989s][info][gc,cpu       ] GC(55) User=0.00s Sys=0.00s Real=0.00s
[2025-12-16T20:43:42.485+0800][1.000s][info][gc,start     ] GC(56) Pause Young (Allocation Failure)
[2025-12-16T20:43:42.485+0800][1.000s][info][gc,heap      ] GC(56) PSYoungGen: 31296K->64K(31744K)
[2025-12-16T20:43:42.485+0800][1.000s][info][gc,heap      ] GC(56) ParOldGen: 524K->524K(175104K)
[2025-12-16T20:43:42.485+0800][1.000s][info][gc,metaspace ] GC(56) Metaspace: 3388K(4864K)->3388K(4864K) NonClass: 3082K(4352K)->3082K(4352K) Class: 305K(512K)->305K(512K)
[2025-12-16T20:43:42.485+0800][1.000s][info][gc           ] GC(56) Pause Young (Allocation Failure) 31M->0M(202M) 0.074ms
[2025-12-16T20:43:42.485+0800][1.000s][info][gc,cpu       ] GC(56) User=0.00s Sys=0.00s Real=0.00s
[2025-12-16T20:43:42.497+0800][1.012s][info][gc,start     ] GC(57) Pause Young (Allocation Failure)
[2025-12-16T20:43:42.497+0800][1.012s][info][gc,heap      ] GC(57) PSYoungGen: 31296K->64K(31744K)
[2025-12-16T20:43:42.497+0800][1.012s][info][gc,heap      ] GC(57) ParOldGen: 524K->524K(175104K)
[2025-12-16T20:43:42.497+0800][1.012s][info][gc,metaspace ] GC(57) Metaspace: 3388K(4864K)->3388K(4864K) NonClass: 3082K(4352K)->3082K(4352K) Class: 305K(512K)->305K(512K)
[2025-12-16T20:43:42.497+0800][1.012s][info][gc           ] GC(57) Pause Young (Allocation Failure) 31M->0M(202M) 0.064ms
[2025-12-16T20:43:42.497+0800][1.012s][info][gc,cpu       ] GC(57) User=0.00s Sys=0.00s Real=0.00s
[2025-12-16T20:43:42.508+0800][1.023s][info][gc,start     ] GC(58) Pause Young (Allocation Failure)
[2025-12-16T20:43:42.508+0800][1.023s][info][gc,heap      ] GC(58) PSYoungGen: 31296K->64K(31744K)
[2025-12-16T20:43:42.508+0800][1.023s][info][gc,heap      ] GC(58) ParOldGen: 524K->524K(175104K)
[2025-12-16T20:43:42.508+0800][1.023s][info][gc,metaspace ] GC(58) Metaspace: 3388K(4864K)->3388K(4864K) NonClass: 3082K(4352K)->3082K(4352K) Class: 305K(512K)->305K(512K)
[2025-12-16T20:43:42.508+0800][1.023s][info][gc           ] GC(58) Pause Young (Allocation Failure) 31M->0M(202M) 0.087ms
[2025-12-16T20:43:42.508+0800][1.023s][info][gc,cpu       ] GC(58) User=0.00s Sys=0.00s Real=0.00s
[2025-12-16T20:43:42.520+0800][1.035s][info][gc,start     ] GC(59) Pause Young (Allocation Failure)
[2025-12-16T20:43:42.520+0800][1.035s][info][gc,heap      ] GC(59) PSYoungGen: 31296K->64K(31744K)
[2025-12-16T20:43:42.520+0800][1.035s][info][gc,heap      ] GC(59) ParOldGen: 524K->524K(175104K)
[2025-12-16T20:43:42.520+0800][1.035s][info][gc,metaspace ] GC(59) Metaspace: 3388K(4864K)->3388K(4864K) NonClass: 3082K(4352K)->3082K(4352K) Class: 305K(512K)->305K(512K)
[2025-12-16T20:43:42.520+0800][1.035s][info][gc           ] GC(59) Pause Young (Allocation Failure) 31M->0M(202M) 0.067ms
[2025-12-16T20:43:42.520+0800][1.035s][info][gc,cpu       ] GC(59) User=0.00s Sys=0.00s Real=0.00s
[2025-12-16T20:43:42.531+0800][1.046s][info][gc,start     ] GC(60) Pause Young (Allocation Failure)
[2025-12-16T20:43:42.532+0800][1.046s][info][gc,heap      ] GC(60) PSYoungGen: 31296K->64K(31744K)
[2025-12-16T20:43:42.532+0800][1.046s][info][gc,heap      ] GC(60) ParOldGen: 524K->524K(175104K)
[2025-12-16T20:43:42.532+0800][1.046s][info][gc,metaspace ] GC(60) Metaspace: 3388K(4864K)->3388K(4864K) NonClass: 3082K(4352K)->3082K(4352K) Class: 305K(512K)->305K(512K)
[2025-12-16T20:43:42.532+0800][1.046s][info][gc           ] GC(60) Pause Young (Allocation Failure) 31M->0M(202M) 0.068ms
[2025-12-16T20:43:42.532+0800][1.046s][info][gc,cpu       ] GC(60) User=0.00s Sys=0.00s Real=0.00s
[2025-12-16T20:43:42.543+0800][1.058s][info][gc,start     ] GC(61) Pause Young (Allocation Failure)
[2025-12-16T20:43:42.543+0800][1.058s][info][gc,heap      ] GC(61) PSYoungGen: 31296K->64K(31744K)
[2025-12-16T20:43:42.543+0800][1.058s][info][gc,heap      ] GC(61) ParOldGen: 524K->524K(175104K)
[2025-12-16T20:43:42.543+0800][1.058s][info][gc,metaspace ] GC(61) Metaspace: 3388K(4864K)->3388K(4864K) NonClass: 3082K(4352K)->3082K(4352K) Class: 305K(512K)->305K(512K)
[2025-12-16T20:43:42.543+0800][1.058s][info][gc           ] GC(61) Pause Young (Allocation Failure) 31M->0M(202M) 0.071ms
[2025-12-16T20:43:42.543+0800][1.058s][info][gc,cpu       ] GC(61) User=0.00s Sys=0.00s Real=0.00s
[2025-12-16T20:43:42.555+0800][1.070s][info][gc,start     ] GC(62) Pause Young (Allocation Failure)
[2025-12-16T20:43:42.555+0800][1.070s][info][gc,heap      ] GC(62) PSYoungGen: 31296K->64K(31744K)
[2025-12-16T20:43:42.555+0800][1.070s][info][gc,heap      ] GC(62) ParOldGen: 524K->524K(175104K)
[2025-12-16T20:43:42.555+0800][1.070s][info][gc,metaspace ] GC(62) Metaspace: 3388K(4864K)->3388K(4864K) NonClass: 3082K(4352K)->3082K(4352K) Class: 305K(512K)->305K(512K)
[2025-12-16T20:43:42.555+0800][1.070s][info][gc           ] GC(62) Pause Young (Allocation Failure) 31M->0M(202M) 0.068ms
[2025-12-16T20:43:42.555+0800][1.070s][info][gc,cpu       ] GC(62) User=0.00s Sys=0.00s Real=0.00s
[2025-12-16T20:43:42.567+0800][1.082s][info][gc,start     ] GC(63) Pause Young (Allocation Failure)
[2025-12-16T20:43:42.567+0800][1.082s][info][gc,heap      ] GC(63) PSYoungGen: 31296K->64K(31744K)
[2025-12-16T20:43:42.567+0800][1.082s][info][gc,heap      ] GC(63) ParOldGen: 524K->524K(175104K)
[2025-12-16T20:43:42.567+0800][1.082s][info][gc,metaspace ] GC(63) Metaspace: 3388K(4864K)->3388K(4864K) NonClass: 3082K(4352K)->3082K(4352K) Class: 305K(512K)->305K(512K)
[2025-12-16T20:43:42.567+0800][1.082s][info][gc           ] GC(63) Pause Young (Allocation Failure) 31M->0M(202M) 0.065ms
[2025-12-16T20:43:42.567+0800][1.082s][info][gc,cpu       ] GC(63) User=0.00s Sys=0.00s Real=0.00s
[2025-12-16T20:43:42.578+0800][1.093s][info][gc,start     ] GC(64) Pause Young (Allocation Failure)
[2025-12-16T20:43:42.578+0800][1.093s][info][gc,heap      ] GC(64) PSYoungGen: 31296K->64K(31744K)
[2025-12-16T20:43:42.578+0800][1.093s][info][gc,heap      ] GC(64) ParOldGen: 524K->524K(175104K)
[2025-12-16T20:43:42.578+0800][1.093s][info][gc,metaspace ] GC(64) Metaspace: 3388K(4864K)->3388K(4864K) NonClass: 3082K(4352K)->3082K(4352K) Class: 305K(512K)->305K(512K)
[2025-12-16T20:43:42.578+0800][1.093s][info][gc           ] GC(64) Pause Young (Allocation Failure) 31M->0M(202M) 0.073ms
[2025-12-16T20:43:42.578+0800][1.093s][info][gc,cpu       ] GC(64) User=0.00s Sys=0.00s Real=0.00s
[2025-12-16T20:43:42.590+0800][1.105s][info][gc,start     ] GC(65) Pause Young (Allocation Failure)
[2025-12-16T20:43:42.590+0800][1.105s][info][gc,heap      ] GC(65) PSYoungGen: 31296K->64K(31744K)
[2025-12-16T20:43:42.590+0800][1.105s][info][gc,heap      ] GC(65) ParOldGen: 524K->524K(175104K)
[2025-12-16T20:43:42.590+0800][1.105s][info][gc,metaspace ] GC(65) Metaspace: 3388K(4864K)->3388K(4864K) NonClass: 3082K(4352K)->3082K(4352K) Class: 305K(512K)->305K(512K)
[2025-12-16T20:43:42.590+0800][1.105s][info][gc           ] GC(65) Pause Young (Allocation Failure) 31M->0M(202M) 0.065ms
[2025-12-16T20:43:42.590+0800][1.105s][info][gc,cpu       ] GC(65) User=0.00s Sys=0.00s Real=0.00s
[2025-12-16T20:43:42.601+0800][1.116s][info][gc,start     ] GC(66) Pause Young (Allocation Failure)
[2025-12-16T20:43:42.601+0800][1.116s][info][gc,heap      ] GC(66) PSYoungGen: 31296K->64K(31744K)
[2025-12-16T20:43:42.601+0800][1.116s][info][gc,heap      ] GC(66) ParOldGen: 524K->524K(175104K)
[2025-12-16T20:43:42.601+0800][1.116s][info][gc,metaspace ] GC(66) Metaspace: 3388K(4864K)->3388K(4864K) NonClass: 3082K(4352K)->3082K(4352K) Class: 305K(512K)->305K(512K)
[2025-12-16T20:43:42.601+0800][1.116s][info][gc           ] GC(66) Pause Young (Allocation Failure) 31M->0M(202M) 0.067ms
[2025-12-16T20:43:42.601+0800][1.116s][info][gc,cpu       ] GC(66) User=0.00s Sys=0.00s Real=0.00s
[2025-12-16T20:43:42.613+0800][1.128s][info][gc,start     ] GC(67) Pause Young (Allocation Failure)
[2025-12-16T20:43:42.613+0800][1.128s][info][gc,heap      ] GC(67) PSYoungGen: 31296K->64K(31744K)
[2025-12-16T20:43:42.613+0800][1.128s][info][gc,heap      ] GC(67) ParOldGen: 524K->524K(175104K)
[2025-12-16T20:43:42.613+0800][1.128s][info][gc,metaspace ] GC(67) Metaspace: 3388K(4864K)->3388K(4864K) NonClass: 3082K(4352K)->3082K(4352K) Class: 305K(512K)->305K(512K)
[2025-12-16T20:43:42.613+0800][1.128s][info][gc           ] GC(67) Pause Young (Allocation Failure) 31M->0M(202M) 0.067ms
[2025-12-16T20:43:42.613+0800][1.128s][info][gc,cpu       ] GC(67) User=0.00s Sys=0.00s Real=0.00s
[2025-12-16T20:43:42.624+0800][1.139s][info][gc,start     ] GC(68) Pause Young (Allocation Failure)
[2025-12-16T20:43:42.625+0800][1.139s][info][gc,heap      ] GC(68) PSYoungGen: 31296K->64K(31744K)
[2025-12-16T20:43:42.625+0800][1.139s][info][gc,heap      ] GC(68) ParOldGen: 524K->524K(175104K)
[2025-12-16T20:43:42.625+0800][1.139s][info][gc,metaspace ] GC(68) Metaspace: 3388K(4864K)->3388K(4864K) NonClass: 3082K(4352K)->3082K(4352K) Class: 305K(512K)->305K(512K)
[2025-12-16T20:43:42.625+0800][1.139s][info][gc           ] GC(68) Pause Young (Allocation Failure) 31M->0M(202M) 0.057ms
[2025-12-16T20:43:42.625+0800][1.139s][info][gc,cpu       ] GC(68) User=0.00s Sys=0.00s Real=0.00s
[2025-12-16T20:43:42.636+0800][1.151s][info][gc,start     ] GC(69) Pause Young (Allocation Failure)
[2025-12-16T20:43:42.636+0800][1.151s][info][gc,heap      ] GC(69) PSYoungGen: 31296K->64K(31744K)
[2025-12-16T20:43:42.636+0800][1.151s][info][gc,heap      ] GC(69) ParOldGen: 524K->524K(175104K)
[2025-12-16T20:43:42.636+0800][1.151s][info][gc,metaspace ] GC(69) Metaspace: 3388K(4864K)->3388K(4864K) NonClass: 3082K(4352K)->3082K(4352K) Class: 305K(512K)->305K(512K)
[2025-12-16T20:43:42.636+0800][1.151s][info][gc           ] GC(69) Pause Young (Allocation Failure) 31M->0M(202M) 0.055ms
[2025-12-16T20:43:42.636+0800][1.151s][info][gc,cpu       ] GC(69) User=0.00s Sys=0.00s Real=0.00s
[2025-12-16T20:43:42.647+0800][1.162s][info][gc,start     ] GC(70) Pause Young (Allocation Failure)
[2025-12-16T20:43:42.647+0800][1.162s][info][gc,heap      ] GC(70) PSYoungGen: 31296K->64K(31744K)
[2025-12-16T20:43:42.647+0800][1.162s][info][gc,heap      ] GC(70) ParOldGen: 524K->524K(175104K)
[2025-12-16T20:43:42.647+0800][1.162s][info][gc,metaspace ] GC(70) Metaspace: 3388K(4864K)->3388K(4864K) NonClass: 3082K(4352K)->3082K(4352K) Class: 305K(512K)->305K(512K)
[2025-12-16T20:43:42.647+0800][1.162s][info][gc           ] GC(70) Pause Young (Allocation Failure) 31M->0M(202M) 0.057ms
[2025-12-16T20:43:42.648+0800][1.162s][info][gc,cpu       ] GC(70) User=0.00s Sys=0.01s Real=0.00s
[2025-12-16T20:43:42.659+0800][1.174s][info][gc,start     ] GC(71) Pause Young (Allocation Failure)
[2025-12-16T20:43:42.659+0800][1.174s][info][gc,heap      ] GC(71) PSYoungGen: 31296K->64K(31744K)
[2025-12-16T20:43:42.659+0800][1.174s][info][gc,heap      ] GC(71) ParOldGen: 524K->524K(175104K)
[2025-12-16T20:43:42.659+0800][1.174s][info][gc,metaspace ] GC(71) Metaspace: 3388K(4864K)->3388K(4864K) NonClass: 3082K(4352K)->3082K(4352K) Class: 305K(512K)->305K(512K)
[2025-12-16T20:43:42.659+0800][1.174s][info][gc           ] GC(71) Pause Young (Allocation Failure) 31M->0M(202M) 0.070ms
[2025-12-16T20:43:42.659+0800][1.174s][info][gc,cpu       ] GC(71) User=0.00s Sys=0.00s Real=0.00s
[2025-12-16T20:43:42.671+0800][1.186s][info][gc,start     ] GC(72) Pause Young (Allocation Failure)
[2025-12-16T20:43:42.671+0800][1.186s][info][gc,heap      ] GC(72) PSYoungGen: 31296K->64K(31744K)
[2025-12-16T20:43:42.671+0800][1.186s][info][gc,heap      ] GC(72) ParOldGen: 524K->524K(175104K)
[2025-12-16T20:43:42.671+0800][1.186s][info][gc,metaspace ] GC(72) Metaspace: 3388K(4864K)->3388K(4864K) NonClass: 3082K(4352K)->3082K(4352K) Class: 305K(512K)->305K(512K)
[2025-12-16T20:43:42.671+0800][1.186s][info][gc           ] GC(72) Pause Young (Allocation Failure) 31M->0M(202M) 0.060ms
[2025-12-16T20:43:42.671+0800][1.186s][info][gc,cpu       ] GC(72) User=0.00s Sys=0.00s Real=0.00s
[2025-12-16T20:43:42.682+0800][1.197s][info][gc,start     ] GC(73) Pause Young (Allocation Failure)
[2025-12-16T20:43:42.682+0800][1.197s][info][gc,heap      ] GC(73) PSYoungGen: 31296K->64K(31744K)
[2025-12-16T20:43:42.682+0800][1.197s][info][gc,heap      ] GC(73) ParOldGen: 524K->524K(175104K)
[2025-12-16T20:43:42.682+0800][1.197s][info][gc,metaspace ] GC(73) Metaspace: 3388K(4864K)->3388K(4864K) NonClass: 3082K(4352K)->3082K(4352K) Class: 305K(512K)->305K(512K)
[2025-12-16T20:43:42.682+0800][1.197s][info][gc           ] GC(73) Pause Young (Allocation Failure) 31M->0M(202M) 0.069ms
[2025-12-16T20:43:42.682+0800][1.197s][info][gc,cpu       ] GC(73) User=0.00s Sys=0.00s Real=0.00s
[2025-12-16T20:43:42.694+0800][1.209s][info][gc,start     ] GC(74) Pause Young (Allocation Failure)
[2025-12-16T20:43:42.694+0800][1.209s][info][gc,heap      ] GC(74) PSYoungGen: 31296K->64K(31744K)
[2025-12-16T20:43:42.694+0800][1.209s][info][gc,heap      ] GC(74) ParOldGen: 524K->524K(175104K)
[2025-12-16T20:43:42.694+0800][1.209s][info][gc,metaspace ] GC(74) Metaspace: 3388K(4864K)->3388K(4864K) NonClass: 3082K(4352K)->3082K(4352K) Class: 305K(512K)->305K(512K)
[2025-12-16T20:43:42.694+0800][1.209s][info][gc           ] GC(74) Pause Young (Allocation Failure) 31M->0M(202M) 0.071ms
[2025-12-16T20:43:42.694+0800][1.209s][info][gc,cpu       ] GC(74) User=0.00s Sys=0.00s Real=0.00s
[2025-12-16T20:43:42.706+0800][1.221s][info][gc,start     ] GC(75) Pause Young (Allocation Failure)
[2025-12-16T20:43:42.706+0800][1.221s][info][gc,heap      ] GC(75) PSYoungGen: 31296K->64K(31744K)
[2025-12-16T20:43:42.706+0800][1.221s][info][gc,heap      ] GC(75) ParOldGen: 524K->524K(175104K)
[2025-12-16T20:43:42.706+0800][1.221s][info][gc,metaspace ] GC(75) Metaspace: 3388K(4864K)->3388K(4864K) NonClass: 3082K(4352K)->3082K(4352K) Class: 305K(512K)->305K(512K)
[2025-12-16T20:43:42.706+0800][1.221s][info][gc           ] GC(75) Pause Young (Allocation Failure) 31M->0M(202M) 0.064ms
[2025-12-16T20:43:42.706+0800][1.221s][info][gc,cpu       ] GC(75) User=0.00s Sys=0.00s Real=0.00s
[2025-12-16T20:43:42.718+0800][1.233s][info][gc,start     ] GC(76) Pause Young (Allocation Failure)
[2025-12-16T20:43:42.718+0800][1.233s][info][gc,heap      ] GC(76) PSYoungGen: 31296K->64K(31744K)
[2025-12-16T20:43:42.718+0800][1.233s][info][gc,heap      ] GC(76) ParOldGen: 524K->524K(175104K)
[2025-12-16T20:43:42.718+0800][1.233s][info][gc,metaspace ] GC(76) Metaspace: 3388K(4864K)->3388K(4864K) NonClass: 3082K(4352K)->3082K(4352K) Class: 305K(512K)->305K(512K)
[2025-12-16T20:43:42.718+0800][1.233s][info][gc           ] GC(76) Pause Young (Allocation Failure) 31M->0M(202M) 0.054ms
[2025-12-16T20:43:42.718+0800][1.233s][info][gc,cpu       ] GC(76) User=0.00s Sys=0.00s Real=0.00s
[2025-12-16T20:43:42.730+0800][1.245s][info][gc,start     ] GC(77) Pause Young (Allocation Failure)
[2025-12-16T20:43:42.730+0800][1.245s][info][gc,heap      ] GC(77) PSYoungGen: 31296K->64K(31744K)
[2025-12-16T20:43:42.730+0800][1.245s][info][gc,heap      ] GC(77) ParOldGen: 524K->524K(175104K)
[2025-12-16T20:43:42.730+0800][1.245s][info][gc,metaspace ] GC(77) Metaspace: 3388K(4864K)->3388K(4864K) NonClass: 3082K(4352K)->3082K(4352K) Class: 305K(512K)->305K(512K)
[2025-12-16T20:43:42.730+0800][1.245s][info][gc           ] GC(77) Pause Young (Allocation Failure) 31M->0M(202M) 0.066ms
[2025-12-16T20:43:42.730+0800][1.245s][info][gc,cpu       ] GC(77) User=0.00s Sys=0.00s Real=0.00s
[2025-12-16T20:43:42.741+0800][1.256s][info][gc,start     ] GC(78) Pause Young (Allocation Failure)
[2025-12-16T20:43:42.741+0800][1.256s][info][gc,heap      ] GC(78) PSYoungGen: 31296K->32K(31744K)
[2025-12-16T20:43:42.741+0800][1.256s][info][gc,heap      ] GC(78) ParOldGen: 524K->524K(175104K)
[2025-12-16T20:43:42.741+0800][1.256s][info][gc,metaspace ] GC(78) Metaspace: 3388K(4864K)->3388K(4864K) NonClass: 3082K(4352K)->3082K(4352K) Class: 305K(512K)->305K(512K)
[2025-12-16T20:43:42.741+0800][1.256s][info][gc           ] GC(78) Pause Young (Allocation Failure) 31M->0M(202M) 0.074ms
[2025-12-16T20:43:42.741+0800][1.256s][info][gc,cpu       ] GC(78) User=0.00s Sys=0.00s Real=0.00s
[2025-12-16T20:43:42.752+0800][1.267s][info][gc,start     ] GC(79) Pause Young (Allocation Failure)
[2025-12-16T20:43:42.752+0800][1.267s][info][gc,heap      ] GC(79) PSYoungGen: 31264K->64K(31744K)
[2025-12-16T20:43:42.752+0800][1.267s][info][gc,heap      ] GC(79) ParOldGen: 524K->524K(175104K)
[2025-12-16T20:43:42.752+0800][1.267s][info][gc,metaspace ] GC(79) Metaspace: 3388K(4864K)->3388K(4864K) NonClass: 3082K(4352K)->3082K(4352K) Class: 305K(512K)->305K(512K)
[2025-12-16T20:43:42.752+0800][1.267s][info][gc           ] GC(79) Pause Young (Allocation Failure) 31M->0M(202M) 0.054ms
[2025-12-16T20:43:42.752+0800][1.267s][info][gc,cpu       ] GC(79) User=0.00s Sys=0.00s Real=0.00s
[2025-12-16T20:43:42.764+0800][1.279s][info][gc,start     ] GC(80) Pause Young (Allocation Failure)
[2025-12-16T20:43:42.764+0800][1.279s][info][gc,heap      ] GC(80) PSYoungGen: 31296K->64K(31744K)
[2025-12-16T20:43:42.764+0800][1.279s][info][gc,heap      ] GC(80) ParOldGen: 524K->524K(175104K)
[2025-12-16T20:43:42.764+0800][1.279s][info][gc,metaspace ] GC(80) Metaspace: 3388K(4864K)->3388K(4864K) NonClass: 3082K(4352K)->3082K(4352K) Class: 305K(512K)->305K(512K)
[2025-12-16T20:43:42.764+0800][1.279s][info][gc           ] GC(80) Pause Young (Allocation Failure) 31M->0M(202M) 0.062ms
[2025-12-16T20:43:42.764+0800][1.279s][info][gc,cpu       ] GC(80) User=0.00s Sys=0.00s Real=0.00s
[2025-12-16T20:43:42.776+0800][1.291s][info][gc,start     ] GC(81) Pause Young (Allocation Failure)
[2025-12-16T20:43:42.776+0800][1.291s][info][gc,heap      ] GC(81) PSYoungGen: 31296K->64K(31744K)
[2025-12-16T20:43:42.776+0800][1.291s][info][gc,heap      ] GC(81) ParOldGen: 524K->524K(175104K)
[2025-12-16T20:43:42.776+0800][1.291s][info][gc,metaspace ] GC(81) Metaspace: 3388K(4864K)->3388K(4864K) NonClass: 3082K(4352K)->3082K(4352K) Class: 305K(512K)->305K(512K)
[2025-12-16T20:43:42.776+0800][1.291s][info][gc           ] GC(81) Pause Young (Allocation Failure) 31M->0M(202M) 0.063ms
[2025-12-16T20:43:42.776+0800][1.291s][info][gc,cpu       ] GC(81) User=0.00s Sys=0.00s Real=0.00s
[2025-12-16T20:43:42.788+0800][1.303s][info][gc,start     ] GC(82) Pause Young (Allocation Failure)
[2025-12-16T20:43:42.788+0800][1.303s][info][gc,heap      ] GC(82) PSYoungGen: 31296K->32K(31744K)
[2025-12-16T20:43:42.788+0800][1.303s][info][gc,heap      ] GC(82) ParOldGen: 524K->524K(175104K)
[2025-12-16T20:43:42.788+0800][1.303s][info][gc,metaspace ] GC(82) Metaspace: 3388K(4864K)->3388K(4864K) NonClass: 3082K(4352K)->3082K(4352K) Class: 305K(512K)->305K(512K)
[2025-12-16T20:43:42.788+0800][1.303s][info][gc           ] GC(82) Pause Young (Allocation Failure) 31M->0M(202M) 0.060ms
[2025-12-16T20:43:42.788+0800][1.303s][info][gc,cpu       ] GC(82) User=0.00s Sys=0.00s Real=0.00s
[2025-12-16T20:43:42.800+0800][1.315s][info][gc,start     ] GC(83) Pause Young (Allocation Failure)
[2025-12-16T20:43:42.800+0800][1.315s][info][gc,heap      ] GC(83) PSYoungGen: 31264K->64K(31744K)
[2025-12-16T20:43:42.800+0800][1.315s][info][gc,heap      ] GC(83) ParOldGen: 524K->524K(175104K)
[2025-12-16T20:43:42.800+0800][1.315s][info][gc,metaspace ] GC(83) Metaspace: 3388K(4864K)->3388K(4864K) NonClass: 3082K(4352K)->3082K(4352K) Class: 305K(512K)->305K(512K)
[2025-12-16T20:43:42.800+0800][1.315s][info][gc           ] GC(83) Pause Young (Allocation Failure) 31M->0M(202M) 0.072ms
[2025-12-16T20:43:42.800+0800][1.315s][info][gc,cpu       ] GC(83) User=0.00s Sys=0.00s Real=0.00s
[2025-12-16T20:43:42.811+0800][1.326s][info][gc,start     ] GC(84) Pause Young (Allocation Failure)
[2025-12-16T20:43:42.811+0800][1.326s][info][gc,heap      ] GC(84) PSYoungGen: 31296K->64K(31744K)
[2025-12-16T20:43:42.811+0800][1.326s][info][gc,heap      ] GC(84) ParOldGen: 524K->524K(175104K)
[2025-12-16T20:43:42.811+0800][1.326s][info][gc,metaspace ] GC(84) Metaspace: 3388K(4864K)->3388K(4864K) NonClass: 3082K(4352K)->3082K(4352K) Class: 305K(512K)->305K(512K)
[2025-12-16T20:43:42.811+0800][1.326s][info][gc           ] GC(84) Pause Young (Allocation Failure) 31M->0M(202M) 0.052ms
[2025-12-16T20:43:42.811+0800][1.326s][info][gc,cpu       ] GC(84) User=0.00s Sys=0.00s Real=0.00s
[2025-12-16T20:43:42.822+0800][1.337s][info][gc,start     ] GC(85) Pause Young (Allocation Failure)
[2025-12-16T20:43:42.822+0800][1.337s][info][gc,heap      ] GC(85) PSYoungGen: 31296K->64K(31744K)
[2025-12-16T20:43:42.822+0800][1.337s][info][gc,heap      ] GC(85) ParOldGen: 524K->524K(175104K)
[2025-12-16T20:43:42.822+0800][1.337s][info][gc,metaspace ] GC(85) Metaspace: 3388K(4864K)->3388K(4864K) NonClass: 3082K(4352K)->3082K(4352K) Class: 305K(512K)->305K(512K)
[2025-12-16T20:43:42.822+0800][1.337s][info][gc           ] GC(85) Pause Young (Allocation Failure) 31M->0M(202M) 0.058ms
[2025-12-16T20:43:42.822+0800][1.337s][info][gc,cpu       ] GC(85) User=0.00s Sys=0.00s Real=0.00s
[2025-12-16T20:43:42.834+0800][1.349s][info][gc,start     ] GC(86) Pause Young (Allocation Failure)
[2025-12-16T20:43:42.834+0800][1.349s][info][gc,heap      ] GC(86) PSYoungGen: 31296K->64K(31744K)
[2025-12-16T20:43:42.834+0800][1.349s][info][gc,heap      ] GC(86) ParOldGen: 524K->524K(175104K)
[2025-12-16T20:43:42.834+0800][1.349s][info][gc,metaspace ] GC(86) Metaspace: 3388K(4864K)->3388K(4864K) NonClass: 3082K(4352K)->3082K(4352K) Class: 305K(512K)->305K(512K)
[2025-12-16T20:43:42.834+0800][1.349s][info][gc           ] GC(86) Pause Young (Allocation Failure) 31M->0M(202M) 0.064ms
[2025-12-16T20:43:42.834+0800][1.349s][info][gc,cpu       ] GC(86) User=0.01s Sys=0.00s Real=0.00s
[2025-12-16T20:43:42.846+0800][1.361s][info][gc,start     ] GC(87) Pause Young (Allocation Failure)
[2025-12-16T20:43:42.846+0800][1.361s][info][gc,heap      ] GC(87) PSYoungGen: 31296K->64K(31744K)
[2025-12-16T20:43:42.846+0800][1.361s][info][gc,heap      ] GC(87) ParOldGen: 524K->524K(175104K)
[2025-12-16T20:43:42.846+0800][1.361s][info][gc,metaspace ] GC(87) Metaspace: 3388K(4864K)->3388K(4864K) NonClass: 3082K(4352K)->3082K(4352K) Class: 305K(512K)->305K(512K)
[2025-12-16T20:43:42.846+0800][1.361s][info][gc           ] GC(87) Pause Young (Allocation Failure) 31M->0M(202M) 0.064ms
[2025-12-16T20:43:42.846+0800][1.361s][info][gc,cpu       ] GC(87) User=0.00s Sys=0.00s Real=0.00s
[2025-12-16T20:43:42.857+0800][1.372s][info][gc,start     ] GC(88) Pause Young (Allocation Failure)
[2025-12-16T20:43:42.857+0800][1.372s][info][gc,heap      ] GC(88) PSYoungGen: 31296K->64K(31744K)
[2025-12-16T20:43:42.857+0800][1.372s][info][gc,heap      ] GC(88) ParOldGen: 524K->524K(175104K)
[2025-12-16T20:43:42.857+0800][1.372s][info][gc,metaspace ] GC(88) Metaspace: 3388K(4864K)->3388K(4864K) NonClass: 3082K(4352K)->3082K(4352K) Class: 305K(512K)->305K(512K)
[2025-12-16T20:43:42.857+0800][1.372s][info][gc           ] GC(88) Pause Young (Allocation Failure) 31M->0M(202M) 0.061ms
[2025-12-16T20:43:42.857+0800][1.372s][info][gc,cpu       ] GC(88) User=0.00s Sys=0.00s Real=0.00s
[2025-12-16T20:43:42.869+0800][1.384s][info][gc,start     ] GC(89) Pause Young (Allocation Failure)
[2025-12-16T20:43:42.869+0800][1.384s][info][gc,heap      ] GC(89) PSYoungGen: 31296K->32K(31744K)
[2025-12-16T20:43:42.869+0800][1.384s][info][gc,heap      ] GC(89) ParOldGen: 524K->524K(175104K)
[2025-12-16T20:43:42.869+0800][1.384s][info][gc,metaspace ] GC(89) Metaspace: 3388K(4864K)->3388K(4864K) NonClass: 3082K(4352K)->3082K(4352K) Class: 305K(512K)->305K(512K)
[2025-12-16T20:43:42.869+0800][1.384s][info][gc           ] GC(89) Pause Young (Allocation Failure) 31M->0M(202M) 0.052ms
[2025-12-16T20:43:42.869+0800][1.384s][info][gc,cpu       ] GC(89) User=0.00s Sys=0.00s Real=0.00s
[2025-12-16T20:43:42.881+0800][1.396s][info][gc,start     ] GC(90) Pause Young (Allocation Failure)
[2025-12-16T20:43:42.881+0800][1.396s][info][gc,heap      ] GC(90) PSYoungGen: 31264K->64K(31744K)
[2025-12-16T20:43:42.881+0800][1.396s][info][gc,heap      ] GC(90) ParOldGen: 524K->524K(175104K)
[2025-12-16T20:43:42.881+0800][1.396s][info][gc,metaspace ] GC(90) Metaspace: 3388K(4864K)->3388K(4864K) NonClass: 3082K(4352K)->3082K(4352K) Class: 305K(512K)->305K(512K)
[2025-12-16T20:43:42.881+0800][1.396s][info][gc           ] GC(90) Pause Young (Allocation Failure) 31M->0M(202M) 0.058ms
[2025-12-16T20:43:42.881+0800][1.396s][info][gc,cpu       ] GC(90) User=0.00s Sys=0.00s Real=0.00s
[2025-12-16T20:43:42.893+0800][1.407s][info][gc,start     ] GC(91) Pause Young (Allocation Failure)
[2025-12-16T20:43:42.893+0800][1.407s][info][gc,heap      ] GC(91) PSYoungGen: 31296K->64K(31744K)
[2025-12-16T20:43:42.893+0800][1.408s][info][gc,heap      ] GC(91) ParOldGen: 524K->524K(175104K)
[2025-12-16T20:43:42.893+0800][1.408s][info][gc,metaspace ] GC(91) Metaspace: 3388K(4864K)->3388K(4864K) NonClass: 3082K(4352K)->3082K(4352K) Class: 305K(512K)->305K(512K)
[2025-12-16T20:43:42.893+0800][1.408s][info][gc           ] GC(91) Pause Young (Allocation Failure) 31M->0M(202M) 0.053ms
[2025-12-16T20:43:42.893+0800][1.408s][info][gc,cpu       ] GC(91) User=0.00s Sys=0.00s Real=0.00s
[2025-12-16T20:43:42.904+0800][1.419s][info][gc,start     ] GC(92) Pause Young (Allocation Failure)
[2025-12-16T20:43:42.904+0800][1.419s][info][gc,heap      ] GC(92) PSYoungGen: 31296K->64K(31744K)
[2025-12-16T20:43:42.904+0800][1.419s][info][gc,heap      ] GC(92) ParOldGen: 524K->524K(175104K)
[2025-12-16T20:43:42.904+0800][1.419s][info][gc,metaspace ] GC(92) Metaspace: 3388K(4864K)->3388K(4864K) NonClass: 3082K(4352K)->3082K(4352K) Class: 305K(512K)->305K(512K)
[2025-12-16T20:43:42.904+0800][1.419s][info][gc           ] GC(92) Pause Young (Allocation Failure) 31M->0M(202M) 0.068ms
[2025-12-16T20:43:42.904+0800][1.419s][info][gc,cpu       ] GC(92) User=0.00s Sys=0.00s Real=0.00s
[2025-12-16T20:43:42.916+0800][1.431s][info][gc,start     ] GC(93) Pause Young (Allocation Failure)
[2025-12-16T20:43:42.916+0800][1.431s][info][gc,heap      ] GC(93) PSYoungGen: 31296K->64K(31744K)
[2025-12-16T20:43:42.916+0800][1.431s][info][gc,heap      ] GC(93) ParOldGen: 524K->524K(175104K)
[2025-12-16T20:43:42.916+0800][1.431s][info][gc,metaspace ] GC(93) Metaspace: 3388K(4864K)->3388K(4864K) NonClass: 3082K(4352K)->3082K(4352K) Class: 305K(512K)->305K(512K)
[2025-12-16T20:43:42.916+0800][1.431s][info][gc           ] GC(93) Pause Young (Allocation Failure) 31M->0M(202M) 0.060ms
[2025-12-16T20:43:42.916+0800][1.431s][info][gc,cpu       ] GC(93) User=0.00s Sys=0.00s Real=0.00s
[2025-12-16T20:43:42.927+0800][1.442s][info][gc,start     ] GC(94) Pause Young (Allocation Failure)
[2025-12-16T20:43:42.927+0800][1.442s][info][gc,heap      ] GC(94) PSYoungGen: 31296K->64K(31744K)
[2025-12-16T20:43:42.927+0800][1.442s][info][gc,heap      ] GC(94) ParOldGen: 524K->524K(175104K)
[2025-12-16T20:43:42.927+0800][1.442s][info][gc,metaspace ] GC(94) Metaspace: 3388K(4864K)->3388K(4864K) NonClass: 3082K(4352K)->3082K(4352K) Class: 305K(512K)->305K(512K)
[2025-12-16T20:43:42.927+0800][1.442s][info][gc           ] GC(94) Pause Young (Allocation Failure) 31M->0M(202M) 0.058ms
[2025-12-16T20:43:42.927+0800][1.442s][info][gc,cpu       ] GC(94) User=0.00s Sys=0.00s Real=0.00s
[2025-12-16T20:43:42.939+0800][1.454s][info][gc,start     ] GC(95) Pause Young (Allocation Failure)
[2025-12-16T20:43:42.939+0800][1.454s][info][gc,heap      ] GC(95) PSYoungGen: 31296K->32K(31744K)
[2025-12-16T20:43:42.939+0800][1.454s][info][gc,heap      ] GC(95) ParOldGen: 524K->524K(175104K)
[2025-12-16T20:43:42.939+0800][1.454s][info][gc,metaspace ] GC(95) Metaspace: 3388K(4864K)->3388K(4864K) NonClass: 3082K(4352K)->3082K(4352K) Class: 305K(512K)->305K(512K)
[2025-12-16T20:43:42.939+0800][1.454s][info][gc           ] GC(95) Pause Young (Allocation Failure) 31M->0M(202M) 0.070ms
[2025-12-16T20:43:42.939+0800][1.454s][info][gc,cpu       ] GC(95) User=0.00s Sys=0.00s Real=0.00s
[2025-12-16T20:43:42.951+0800][1.466s][info][gc,start     ] GC(96) Pause Young (Allocation Failure)
[2025-12-16T20:43:42.951+0800][1.466s][info][gc,heap      ] GC(96) PSYoungGen: 31264K->64K(31744K)
[2025-12-16T20:43:42.951+0800][1.466s][info][gc,heap      ] GC(96) ParOldGen: 524K->524K(175104K)
[2025-12-16T20:43:42.951+0800][1.466s][info][gc,metaspace ] GC(96) Metaspace: 3388K(4864K)->3388K(4864K) NonClass: 3082K(4352K)->3082K(4352K) Class: 305K(512K)->305K(512K)
[2025-12-16T20:43:42.951+0800][1.466s][info][gc           ] GC(96) Pause Young (Allocation Failure) 31M->0M(202M) 0.076ms
[2025-12-16T20:43:42.951+0800][1.466s][info][gc,cpu       ] GC(96) User=0.00s Sys=0.00s Real=0.00s
[2025-12-16T20:43:42.963+0800][1.477s][info][gc,start     ] GC(97) Pause Young (Allocation Failure)
[2025-12-16T20:43:42.963+0800][1.478s][info][gc,heap      ] GC(97) PSYoungGen: 31296K->64K(31744K)
[2025-12-16T20:43:42.963+0800][1.478s][info][gc,heap      ] GC(97) ParOldGen: 524K->524K(175104K)
[2025-12-16T20:43:42.963+0800][1.478s][info][gc,metaspace ] GC(97) Metaspace: 3388K(4864K)->3388K(4864K) NonClass: 3082K(4352K)->3082K(4352K) Class: 305K(512K)->305K(512K)
[2025-12-16T20:43:42.963+0800][1.478s][info][gc           ] GC(97) Pause Young (Allocation Failure) 31M->0M(202M) 0.106ms
[2025-12-16T20:43:42.963+0800][1.478s][info][gc,cpu       ] GC(97) User=0.00s Sys=0.00s Real=0.00s
[2025-12-16T20:43:42.974+0800][1.489s][info][gc,start     ] GC(98) Pause Young (Allocation Failure)
[2025-12-16T20:43:42.974+0800][1.489s][info][gc,heap      ] GC(98) PSYoungGen: 31296K->64K(31744K)
[2025-12-16T20:43:42.974+0800][1.489s][info][gc,heap      ] GC(98) ParOldGen: 524K->524K(175104K)
[2025-12-16T20:43:42.974+0800][1.489s][info][gc,metaspace ] GC(98) Metaspace: 3388K(4864K)->3388K(4864K) NonClass: 3082K(4352K)->3082K(4352K) Class: 305K(512K)->305K(512K)
[2025-12-16T20:43:42.974+0800][1.489s][info][gc           ] GC(98) Pause Young (Allocation Failure) 31M->0M(202M) 0.058ms
[2025-12-16T20:43:42.974+0800][1.489s][info][gc,cpu       ] GC(98) User=0.01s Sys=0.00s Real=0.00s
[2025-12-16T20:43:42.986+0800][1.501s][info][gc,start     ] GC(99) Pause Young (Allocation Failure)
[2025-12-16T20:43:42.986+0800][1.501s][info][gc,heap      ] GC(99) PSYoungGen: 31296K->64K(31744K)
[2025-12-16T20:43:42.986+0800][1.501s][info][gc,heap      ] GC(99) ParOldGen: 524K->524K(175104K)
[2025-12-16T20:43:42.986+0800][1.501s][info][gc,metaspace ] GC(99) Metaspace: 3388K(4864K)->3388K(4864K) NonClass: 3082K(4352K)->3082K(4352K) Class: 305K(512K)->305K(512K)
[2025-12-16T20:43:42.986+0800][1.501s][info][gc           ] GC(99) Pause Young (Allocation Failure) 31M->0M(202M) 0.053ms
[2025-12-16T20:43:42.986+0800][1.501s][info][gc,cpu       ] GC(99) User=0.00s Sys=0.00s Real=0.00s
[2025-12-16T20:43:42.997+0800][1.512s][info][gc,start     ] GC(100) Pause Young (Allocation Failure)
[2025-12-16T20:43:42.997+0800][1.512s][info][gc,heap      ] GC(100) PSYoungGen: 31296K->64K(31744K)
[2025-12-16T20:43:42.997+0800][1.512s][info][gc,heap      ] GC(100) ParOldGen: 524K->524K(175104K)
[2025-12-16T20:43:42.997+0800][1.512s][info][gc,metaspace ] GC(100) Metaspace: 3388K(4864K)->3388K(4864K) NonClass: 3082K(4352K)->3082K(4352K) Class: 305K(512K)->305K(512K)
[2025-12-16T20:43:42.997+0800][1.512s][info][gc           ] GC(100) Pause Young (Allocation Failure) 31M->0M(202M) 0.063ms
[2025-12-16T20:43:42.997+0800][1.512s][info][gc,cpu       ] GC(100) User=0.00s Sys=0.00s Real=0.00s
[2025-12-16T20:43:43.009+0800][1.524s][info][gc,start     ] GC(101) Pause Young (Allocation Failure)
[2025-12-16T20:43:43.009+0800][1.524s][info][gc,heap      ] GC(101) PSYoungGen: 31296K->96K(31744K)
[2025-12-16T20:43:43.009+0800][1.524s][info][gc,heap      ] GC(101) ParOldGen: 524K->524K(175104K)
[2025-12-16T20:43:43.009+0800][1.524s][info][gc,metaspace ] GC(101) Metaspace: 3388K(4864K)->3388K(4864K) NonClass: 3082K(4352K)->3082K(4352K) Class: 305K(512K)->305K(512K)
[2025-12-16T20:43:43.009+0800][1.524s][info][gc           ] GC(101) Pause Young (Allocation Failure) 31M->0M(202M) 0.078ms
[2025-12-16T20:43:43.009+0800][1.524s][info][gc,cpu       ] GC(101) User=0.00s Sys=0.00s Real=0.00s
[2025-12-16T20:43:43.020+0800][1.535s][info][gc,start     ] GC(102) Pause Young (Allocation Failure)
[2025-12-16T20:43:43.021+0800][1.535s][info][gc,heap      ] GC(102) PSYoungGen: 31328K->64K(31744K)
[2025-12-16T20:43:43.021+0800][1.535s][info][gc,heap      ] GC(102) ParOldGen: 524K->524K(175104K)
[2025-12-16T20:43:43.021+0800][1.535s][info][gc,metaspace ] GC(102) Metaspace: 3388K(4864K)->3388K(4864K) NonClass: 3082K(4352K)->3082K(4352K) Class: 305K(512K)->305K(512K)
[2025-12-16T20:43:43.021+0800][1.535s][info][gc           ] GC(102) Pause Young (Allocation Failure) 31M->0M(202M) 0.063ms
[2025-12-16T20:43:43.021+0800][1.535s][info][gc,cpu       ] GC(102) User=0.00s Sys=0.00s Real=0.00s
[2025-12-16T20:43:43.032+0800][1.547s][info][gc,start     ] GC(103) Pause Young (Allocation Failure)
[2025-12-16T20:43:43.032+0800][1.547s][info][gc,heap      ] GC(103) PSYoungGen: 31296K->64K(31744K)
[2025-12-16T20:43:43.032+0800][1.547s][info][gc,heap      ] GC(103) ParOldGen: 524K->524K(175104K)
[2025-12-16T20:43:43.032+0800][1.547s][info][gc,metaspace ] GC(103) Metaspace: 3388K(4864K)->3388K(4864K) NonClass: 3082K(4352K)->3082K(4352K) Class: 305K(512K)->305K(512K)
[2025-12-16T20:43:43.032+0800][1.547s][info][gc           ] GC(103) Pause Young (Allocation Failure) 31M->0M(202M) 0.071ms
[2025-12-16T20:43:43.032+0800][1.547s][info][gc,cpu       ] GC(103) User=0.00s Sys=0.00s Real=0.00s
[2025-12-16T20:43:43.044+0800][1.558s][info][gc,start     ] GC(104) Pause Young (Allocation Failure)
[2025-12-16T20:43:43.044+0800][1.559s][info][gc,heap      ] GC(104) PSYoungGen: 31296K->64K(31744K)
[2025-12-16T20:43:43.044+0800][1.559s][info][gc,heap      ] GC(104) ParOldGen: 524K->524K(175104K)
[2025-12-16T20:43:43.044+0800][1.559s][info][gc,metaspace ] GC(104) Metaspace: 3388K(4864K)->3388K(4864K) NonClass: 3082K(4352K)->3082K(4352K) Class: 305K(512K)->305K(512K)
[2025-12-16T20:43:43.044+0800][1.559s][info][gc           ] GC(104) Pause Young (Allocation Failure) 31M->0M(202M) 0.065ms
[2025-12-16T20:43:43.044+0800][1.559s][info][gc,cpu       ] GC(104) User=0.00s Sys=0.00s Real=0.00s
[2025-12-16T20:43:43.055+0800][1.570s][info][gc,start     ] GC(105) Pause Young (Allocation Failure)
[2025-12-16T20:43:43.055+0800][1.570s][info][gc,heap      ] GC(105) PSYoungGen: 31296K->64K(31744K)
[2025-12-16T20:43:43.055+0800][1.570s][info][gc,heap      ] GC(105) ParOldGen: 524K->524K(175104K)
[2025-12-16T20:43:43.055+0800][1.570s][info][gc,metaspace ] GC(105) Metaspace: 3388K(4864K)->3388K(4864K) NonClass: 3082K(4352K)->3082K(4352K) Class: 305K(512K)->305K(512K)
[2025-12-16T20:43:43.055+0800][1.570s][info][gc           ] GC(105) Pause Young (Allocation Failure) 31M->0M(202M) 0.068ms
[2025-12-16T20:43:43.055+0800][1.570s][info][gc,cpu       ] GC(105) User=0.00s Sys=0.00s Real=0.00s
[2025-12-16T20:43:43.067+0800][1.582s][info][gc,start     ] GC(106) Pause Young (Allocation Failure)
[2025-12-16T20:43:43.067+0800][1.582s][info][gc,heap      ] GC(106) PSYoungGen: 31296K->64K(31744K)
[2025-12-16T20:43:43.067+0800][1.582s][info][gc,heap      ] GC(106) ParOldGen: 524K->524K(175104K)
[2025-12-16T20:43:43.067+0800][1.582s][info][gc,metaspace ] GC(106) Metaspace: 3388K(4864K)->3388K(4864K) NonClass: 3082K(4352K)->3082K(4352K) Class: 305K(512K)->305K(512K)
[2025-12-16T20:43:43.067+0800][1.582s][info][gc           ] GC(106) Pause Young (Allocation Failure) 31M->0M(202M) 0.062ms
[2025-12-16T20:43:43.067+0800][1.582s][info][gc,cpu       ] GC(106) User=0.00s Sys=0.00s Real=0.00s
[2025-12-16T20:43:43.078+0800][1.593s][info][gc,start     ] GC(107) Pause Young (Allocation Failure)
[2025-12-16T20:43:43.078+0800][1.593s][info][gc,heap      ] GC(107) PSYoungGen: 31296K->64K(31744K)
[2025-12-16T20:43:43.078+0800][1.593s][info][gc,heap      ] GC(107) ParOldGen: 524K->524K(175104K)
[2025-12-16T20:43:43.078+0800][1.593s][info][gc,metaspace ] GC(107) Metaspace: 3388K(4864K)->3388K(4864K) NonClass: 3082K(4352K)->3082K(4352K) Class: 305K(512K)->305K(512K)
[2025-12-16T20:43:43.078+0800][1.593s][info][gc           ] GC(107) Pause Young (Allocation Failure) 31M->0M(202M) 0.063ms
[2025-12-16T20:43:43.078+0800][1.593s][info][gc,cpu       ] GC(107) User=0.00s Sys=0.00s Real=0.00s
[2025-12-16T20:43:43.090+0800][1.605s][info][gc,start     ] GC(108) Pause Young (Allocation Failure)
[2025-12-16T20:43:43.090+0800][1.605s][info][gc,heap      ] GC(108) PSYoungGen: 31296K->64K(31744K)
[2025-12-16T20:43:43.090+0800][1.605s][info][gc,heap      ] GC(108) ParOldGen: 524K->524K(175104K)
[2025-12-16T20:43:43.090+0800][1.605s][info][gc,metaspace ] GC(108) Metaspace: 3388K(4864K)->3388K(4864K) NonClass: 3082K(4352K)->3082K(4352K) Class: 305K(512K)->305K(512K)
[2025-12-16T20:43:43.090+0800][1.605s][info][gc           ] GC(108) Pause Young (Allocation Failure) 31M->0M(202M) 0.061ms
[2025-12-16T20:43:43.090+0800][1.605s][info][gc,cpu       ] GC(108) User=0.00s Sys=0.00s Real=0.00s
[2025-12-16T20:43:43.102+0800][1.617s][info][gc,start     ] GC(109) Pause Young (Allocation Failure)
[2025-12-16T20:43:43.102+0800][1.617s][info][gc,heap      ] GC(109) PSYoungGen: 31296K->64K(31744K)
[2025-12-16T20:43:43.102+0800][1.617s][info][gc,heap      ] GC(109) ParOldGen: 524K->524K(175104K)
[2025-12-16T20:43:43.102+0800][1.617s][info][gc,metaspace ] GC(109) Metaspace: 3388K(4864K)->3388K(4864K) NonClass: 3082K(4352K)->3082K(4352K) Class: 305K(512K)->305K(512K)
[2025-12-16T20:43:43.102+0800][1.617s][info][gc           ] GC(109) Pause Young (Allocation Failure) 31M->0M(202M) 0.052ms
[2025-12-16T20:43:43.102+0800][1.617s][info][gc,cpu       ] GC(109) User=0.00s Sys=0.00s Real=0.00s
[2025-12-16T20:43:43.114+0800][1.629s][info][gc,start     ] GC(110) Pause Young (Allocation Failure)
[2025-12-16T20:43:43.114+0800][1.629s][info][gc,heap      ] GC(110) PSYoungGen: 31296K->64K(31744K)
[2025-12-16T20:43:43.114+0800][1.629s][info][gc,heap      ] GC(110) ParOldGen: 524K->524K(175104K)
[2025-12-16T20:43:43.114+0800][1.629s][info][gc,metaspace ] GC(110) Metaspace: 3388K(4864K)->3388K(4864K) NonClass: 3082K(4352K)->3082K(4352K) Class: 305K(512K)->305K(512K)
[2025-12-16T20:43:43.114+0800][1.629s][info][gc           ] GC(110) Pause Young (Allocation Failure) 31M->0M(202M) 0.053ms
[2025-12-16T20:43:43.114+0800][1.629s][info][gc,cpu       ] GC(110) User=0.00s Sys=0.00s Real=0.00s
[2025-12-16T20:43:43.125+0800][1.640s][info][gc,start     ] GC(111) Pause Young (Allocation Failure)
[2025-12-16T20:43:43.125+0800][1.640s][info][gc,heap      ] GC(111) PSYoungGen: 31296K->64K(31744K)
[2025-12-16T20:43:43.125+0800][1.640s][info][gc,heap      ] GC(111) ParOldGen: 524K->524K(175104K)
[2025-12-16T20:43:43.125+0800][1.640s][info][gc,metaspace ] GC(111) Metaspace: 3388K(4864K)->3388K(4864K) NonClass: 3082K(4352K)->3082K(4352K) Class: 305K(512K)->305K(512K)
[2025-12-16T20:43:43.125+0800][1.640s][info][gc           ] GC(111) Pause Young (Allocation Failure) 31M->0M(202M) 0.053ms
[2025-12-16T20:43:43.125+0800][1.640s][info][gc,cpu       ] GC(111) User=0.00s Sys=0.00s Real=0.00s
[2025-12-16T20:43:43.138+0800][1.653s][info][gc,start     ] GC(112) Pause Young (Allocation Failure)
[2025-12-16T20:43:43.138+0800][1.653s][info][gc,heap      ] GC(112) PSYoungGen: 31296K->64K(31744K)
[2025-12-16T20:43:43.138+0800][1.653s][info][gc,heap      ] GC(112) ParOldGen: 524K->524K(175104K)
[2025-12-16T20:43:43.138+0800][1.653s][info][gc,metaspace ] GC(112) Metaspace: 3388K(4864K)->3388K(4864K) NonClass: 3082K(4352K)->3082K(4352K) Class: 305K(512K)->305K(512K)
[2025-12-16T20:43:43.138+0800][1.653s][info][gc           ] GC(112) Pause Young (Allocation Failure) 31M->0M(202M) 0.058ms
[2025-12-16T20:43:43.138+0800][1.653s][info][gc,cpu       ] GC(112) User=0.00s Sys=0.00s Real=0.00s
[2025-12-16T20:43:43.149+0800][1.664s][info][gc,start     ] GC(113) Pause Young (Allocation Failure)
[2025-12-16T20:43:43.149+0800][1.664s][info][gc,heap      ] GC(113) PSYoungGen: 31296K->64K(31744K)
[2025-12-16T20:43:43.149+0800][1.664s][info][gc,heap      ] GC(113) ParOldGen: 524K->524K(175104K)
[2025-12-16T20:43:43.149+0800][1.664s][info][gc,metaspace ] GC(113) Metaspace: 3388K(4864K)->3388K(4864K) NonClass: 3082K(4352K)->3082K(4352K) Class: 305K(512K)->305K(512K)
[2025-12-16T20:43:43.149+0800][1.664s][info][gc           ] GC(113) Pause Young (Allocation Failure) 31M->0M(202M) 0.061ms
[2025-12-16T20:43:43.149+0800][1.664s][info][gc,cpu       ] GC(113) User=0.00s Sys=0.00s Real=0.00s
[2025-12-16T20:43:43.160+0800][1.675s][info][gc,start     ] GC(114) Pause Young (Allocation Failure)
[2025-12-16T20:43:43.160+0800][1.675s][info][gc,heap      ] GC(114) PSYoungGen: 31296K->32K(31744K)
[2025-12-16T20:43:43.160+0800][1.675s][info][gc,heap      ] GC(114) ParOldGen: 524K->524K(175104K)
[2025-12-16T20:43:43.160+0800][1.675s][info][gc,metaspace ] GC(114) Metaspace: 3388K(4864K)->3388K(4864K) NonClass: 3082K(4352K)->3082K(4352K) Class: 305K(512K)->305K(512K)
[2025-12-16T20:43:43.160+0800][1.675s][info][gc           ] GC(114) Pause Young (Allocation Failure) 31M->0M(202M) 0.068ms
[2025-12-16T20:43:43.160+0800][1.675s][info][gc,cpu       ] GC(114) User=0.00s Sys=0.00s Real=0.00s
[2025-12-16T20:43:43.172+0800][1.687s][info][gc,start     ] GC(115) Pause Young (Allocation Failure)
[2025-12-16T20:43:43.172+0800][1.687s][info][gc,heap      ] GC(115) PSYoungGen: 31264K->64K(31744K)
[2025-12-16T20:43:43.172+0800][1.687s][info][gc,heap      ] GC(115) ParOldGen: 524K->524K(175104K)
[2025-12-16T20:43:43.172+0800][1.687s][info][gc,metaspace ] GC(115) Metaspace: 3388K(4864K)->3388K(4864K) NonClass: 3082K(4352K)->3082K(4352K) Class: 305K(512K)->305K(512K)
[2025-12-16T20:43:43.172+0800][1.687s][info][gc           ] GC(115) Pause Young (Allocation Failure) 31M->0M(202M) 0.061ms
[2025-12-16T20:43:43.172+0800][1.687s][info][gc,cpu       ] GC(115) User=0.00s Sys=0.00s Real=0.00s
[2025-12-16T20:43:43.183+0800][1.698s][info][gc,start     ] GC(116) Pause Young (Allocation Failure)
[2025-12-16T20:43:43.183+0800][1.698s][info][gc,heap      ] GC(116) PSYoungGen: 31296K->64K(31744K)
[2025-12-16T20:43:43.183+0800][1.698s][info][gc,heap      ] GC(116) ParOldGen: 524K->524K(175104K)
[2025-12-16T20:43:43.183+0800][1.698s][info][gc,metaspace ] GC(116) Metaspace: 3388K(4864K)->3388K(4864K) NonClass: 3082K(4352K)->3082K(4352K) Class: 305K(512K)->305K(512K)
[2025-12-16T20:43:43.183+0800][1.698s][info][gc           ] GC(116) Pause Young (Allocation Failure) 31M->0M(202M) 0.053ms
[2025-12-16T20:43:43.183+0800][1.698s][info][gc,cpu       ] GC(116) User=0.00s Sys=0.00s Real=0.00s
[2025-12-16T20:43:43.195+0800][1.710s][info][gc,start     ] GC(117) Pause Young (Allocation Failure)
[2025-12-16T20:43:43.195+0800][1.710s][info][gc,heap      ] GC(117) PSYoungGen: 31296K->64K(31744K)
[2025-12-16T20:43:43.195+0800][1.710s][info][gc,heap      ] GC(117) ParOldGen: 524K->524K(175104K)
[2025-12-16T20:43:43.195+0800][1.710s][info][gc,metaspace ] GC(117) Metaspace: 3388K(4864K)->3388K(4864K) NonClass: 3082K(4352K)->3082K(4352K) Class: 305K(512K)->305K(512K)
[2025-12-16T20:43:43.195+0800][1.710s][info][gc           ] GC(117) Pause Young (Allocation Failure) 31M->0M(202M) 0.068ms
[2025-12-16T20:43:43.195+0800][1.710s][info][gc,cpu       ] GC(117) User=0.00s Sys=0.00s Real=0.00s
[2025-12-16T20:43:43.206+0800][1.721s][info][gc,start     ] GC(118) Pause Young (Allocation Failure)
[2025-12-16T20:43:43.206+0800][1.721s][info][gc,heap      ] GC(118) PSYoungGen: 31296K->64K(31744K)
[2025-12-16T20:43:43.206+0800][1.721s][info][gc,heap      ] GC(118) ParOldGen: 524K->524K(175104K)
[2025-12-16T20:43:43.206+0800][1.721s][info][gc,metaspace ] GC(118) Metaspace: 3388K(4864K)->3388K(4864K) NonClass: 3082K(4352K)->3082K(4352K) Class: 305K(512K)->305K(512K)
[2025-12-16T20:43:43.206+0800][1.721s][info][gc           ] GC(118) Pause Young (Allocation Failure) 31M->0M(202M) 0.055ms
[2025-12-16T20:43:43.206+0800][1.721s][info][gc,cpu       ] GC(118) User=0.00s Sys=0.00s Real=0.00s
[2025-12-16T20:43:43.218+0800][1.733s][info][gc,start     ] GC(119) Pause Young (Allocation Failure)
[2025-12-16T20:43:43.218+0800][1.733s][info][gc,heap      ] GC(119) PSYoungGen: 31296K->64K(31744K)
[2025-12-16T20:43:43.218+0800][1.733s][info][gc,heap      ] GC(119) ParOldGen: 524K->524K(175104K)
[2025-12-16T20:43:43.218+0800][1.733s][info][gc,metaspace ] GC(119) Metaspace: 3388K(4864K)->3388K(4864K) NonClass: 3082K(4352K)->3082K(4352K) Class: 305K(512K)->305K(512K)
[2025-12-16T20:43:43.218+0800][1.733s][info][gc           ] GC(119) Pause Young (Allocation Failure) 31M->0M(202M) 0.064ms
[2025-12-16T20:43:43.218+0800][1.733s][info][gc,cpu       ] GC(119) User=0.00s Sys=0.00s Real=0.00s
[2025-12-16T20:43:43.229+0800][1.744s][info][gc,start     ] GC(120) Pause Young (Allocation Failure)
[2025-12-16T20:43:43.229+0800][1.744s][info][gc,heap      ] GC(120) PSYoungGen: 31296K->64K(31744K)
[2025-12-16T20:43:43.229+0800][1.744s][info][gc,heap      ] GC(120) ParOldGen: 524K->524K(175104K)
[2025-12-16T20:43:43.229+0800][1.744s][info][gc,metaspace ] GC(120) Metaspace: 3388K(4864K)->3388K(4864K) NonClass: 3082K(4352K)->3082K(4352K) Class: 305K(512K)->305K(512K)
[2025-12-16T20:43:43.230+0800][1.744s][info][gc           ] GC(120) Pause Young (Allocation Failure) 31M->0M(202M) 0.058ms
[2025-12-16T20:43:43.230+0800][1.744s][info][gc,cpu       ] GC(120) User=0.00s Sys=0.00s Real=0.01s
[2025-12-16T20:43:43.241+0800][1.756s][info][gc,start     ] GC(121) Pause Young (Allocation Failure)
[2025-12-16T20:43:43.241+0800][1.756s][info][gc,heap      ] GC(121) PSYoungGen: 31296K->32K(31744K)
[2025-12-16T20:43:43.241+0800][1.756s][info][gc,heap      ] GC(121) ParOldGen: 524K->524K(175104K)
[2025-12-16T20:43:43.241+0800][1.756s][info][gc,metaspace ] GC(121) Metaspace: 3388K(4864K)->3388K(4864K) NonClass: 3082K(4352K)->3082K(4352K) Class: 305K(512K)->305K(512K)
[2025-12-16T20:43:43.241+0800][1.756s][info][gc           ] GC(121) Pause Young (Allocation Failure) 31M->0M(202M) 0.070ms
[2025-12-16T20:43:43.241+0800][1.756s][info][gc,cpu       ] GC(121) User=0.00s Sys=0.00s Real=0.00s
[2025-12-16T20:43:43.253+0800][1.768s][info][gc,start     ] GC(122) Pause Young (Allocation Failure)
[2025-12-16T20:43:43.253+0800][1.768s][info][gc,heap      ] GC(122) PSYoungGen: 31264K->64K(31744K)
[2025-12-16T20:43:43.253+0800][1.768s][info][gc,heap      ] GC(122) ParOldGen: 524K->524K(175104K)
[2025-12-16T20:43:43.253+0800][1.768s][info][gc,metaspace ] GC(122) Metaspace: 3388K(4864K)->3388K(4864K) NonClass: 3082K(4352K)->3082K(4352K) Class: 305K(512K)->305K(512K)
[2025-12-16T20:43:43.253+0800][1.768s][info][gc           ] GC(122) Pause Young (Allocation Failure) 31M->0M(202M) 0.106ms
[2025-12-16T20:43:43.253+0800][1.768s][info][gc,cpu       ] GC(122) User=0.00s Sys=0.00s Real=0.00s
[2025-12-16T20:43:43.265+0800][1.780s][info][gc,start     ] GC(123) Pause Young (Allocation Failure)
[2025-12-16T20:43:43.265+0800][1.780s][info][gc,heap      ] GC(123) PSYoungGen: 31296K->64K(31744K)
[2025-12-16T20:43:43.265+0800][1.780s][info][gc,heap      ] GC(123) ParOldGen: 524K->524K(175104K)
[2025-12-16T20:43:43.265+0800][1.780s][info][gc,metaspace ] GC(123) Metaspace: 3388K(4864K)->3388K(4864K) NonClass: 3082K(4352K)->3082K(4352K) Class: 305K(512K)->305K(512K)
[2025-12-16T20:43:43.265+0800][1.780s][info][gc           ] GC(123) Pause Young (Allocation Failure) 31M->0M(202M) 0.141ms
[2025-12-16T20:43:43.265+0800][1.780s][info][gc,cpu       ] GC(123) User=0.00s Sys=0.00s Real=0.00s
[2025-12-16T20:43:43.277+0800][1.792s][info][gc,start     ] GC(124) Pause Young (Allocation Failure)
[2025-12-16T20:43:43.277+0800][1.792s][info][gc,heap      ] GC(124) PSYoungGen: 31296K->64K(31744K)
[2025-12-16T20:43:43.277+0800][1.792s][info][gc,heap      ] GC(124) ParOldGen: 524K->524K(175104K)
[2025-12-16T20:43:43.277+0800][1.792s][info][gc,metaspace ] GC(124) Metaspace: 3388K(4864K)->3388K(4864K) NonClass: 3082K(4352K)->3082K(4352K) Class: 305K(512K)->305K(512K)
[2025-12-16T20:43:43.277+0800][1.792s][info][gc           ] GC(124) Pause Young (Allocation Failure) 31M->0M(202M) 0.178ms
[2025-12-16T20:43:43.277+0800][1.792s][info][gc,cpu       ] GC(124) User=0.00s Sys=0.00s Real=0.00s
[2025-12-16T20:43:43.289+0800][1.804s][info][gc,start     ] GC(125) Pause Young (Allocation Failure)
[2025-12-16T20:43:43.289+0800][1.804s][info][gc,heap      ] GC(125) PSYoungGen: 31296K->64K(31744K)
[2025-12-16T20:43:43.289+0800][1.804s][info][gc,heap      ] GC(125) ParOldGen: 524K->524K(175104K)
[2025-12-16T20:43:43.289+0800][1.804s][info][gc,metaspace ] GC(125) Metaspace: 3388K(4864K)->3388K(4864K) NonClass: 3082K(4352K)->3082K(4352K) Class: 305K(512K)->305K(512K)
[2025-12-16T20:43:43.289+0800][1.804s][info][gc           ] GC(125) Pause Young (Allocation Failure) 31M->0M(202M) 0.089ms
[2025-12-16T20:43:43.289+0800][1.804s][info][gc,cpu       ] GC(125) User=0.00s Sys=0.00s Real=0.00s
[2025-12-16T20:43:43.301+0800][1.816s][info][gc,start     ] GC(126) Pause Young (Allocation Failure)
[2025-12-16T20:43:43.302+0800][1.817s][info][gc,heap      ] GC(126) PSYoungGen: 31296K->64K(31744K)
[2025-12-16T20:43:43.302+0800][1.817s][info][gc,heap      ] GC(126) ParOldGen: 524K->524K(175104K)
[2025-12-16T20:43:43.302+0800][1.817s][info][gc,metaspace ] GC(126) Metaspace: 3388K(4864K)->3388K(4864K) NonClass: 3082K(4352K)->3082K(4352K) Class: 305K(512K)->305K(512K)
[2025-12-16T20:43:43.302+0800][1.817s][info][gc           ] GC(126) Pause Young (Allocation Failure) 31M->0M(202M) 0.153ms
[2025-12-16T20:43:43.302+0800][1.817s][info][gc,cpu       ] GC(126) User=0.00s Sys=0.00s Real=0.00s
[2025-12-16T20:43:43.313+0800][1.828s][info][gc,start     ] GC(127) Pause Young (Allocation Failure)
[2025-12-16T20:43:43.313+0800][1.828s][info][gc,heap      ] GC(127) PSYoungGen: 31296K->64K(31744K)
[2025-12-16T20:43:43.313+0800][1.828s][info][gc,heap      ] GC(127) ParOldGen: 524K->524K(175104K)
[2025-12-16T20:43:43.313+0800][1.828s][info][gc,metaspace ] GC(127) Metaspace: 3388K(4864K)->3388K(4864K) NonClass: 3082K(4352K)->3082K(4352K) Class: 305K(512K)->305K(512K)
[2025-12-16T20:43:43.313+0800][1.828s][info][gc           ] GC(127) Pause Young (Allocation Failure) 31M->0M(202M) 0.080ms
[2025-12-16T20:43:43.313+0800][1.828s][info][gc,cpu       ] GC(127) User=0.00s Sys=0.00s Real=0.00s
[2025-12-16T20:43:43.325+0800][1.840s][info][gc,start     ] GC(128) Pause Young (Allocation Failure)
[2025-12-16T20:43:43.325+0800][1.840s][info][gc,heap      ] GC(128) PSYoungGen: 31296K->64K(31744K)
[2025-12-16T20:43:43.325+0800][1.840s][info][gc,heap      ] GC(128) ParOldGen: 524K->524K(175104K)
[2025-12-16T20:43:43.325+0800][1.840s][info][gc,metaspace ] GC(128) Metaspace: 3388K(4864K)->3388K(4864K) NonClass: 3082K(4352K)->3082K(4352K) Class: 305K(512K)->305K(512K)
[2025-12-16T20:43:43.325+0800][1.840s][info][gc           ] GC(128) Pause Young (Allocation Failure) 31M->0M(202M) 0.070ms
[2025-12-16T20:43:43.325+0800][1.840s][info][gc,cpu       ] GC(128) User=0.00s Sys=0.00s Real=0.00s
[2025-12-16T20:43:43.338+0800][1.852s][info][gc,start     ] GC(129) Pause Young (Allocation Failure)
[2025-12-16T20:43:43.338+0800][1.852s][info][gc,heap      ] GC(129) PSYoungGen: 31296K->64K(31744K)
[2025-12-16T20:43:43.338+0800][1.852s][info][gc,heap      ] GC(129) ParOldGen: 524K->524K(175104K)
[2025-12-16T20:43:43.338+0800][1.853s][info][gc,metaspace ] GC(129) Metaspace: 3388K(4864K)->3388K(4864K) NonClass: 3082K(4352K)->3082K(4352K) Class: 305K(512K)->305K(512K)
[2025-12-16T20:43:43.338+0800][1.853s][info][gc           ] GC(129) Pause Young (Allocation Failure) 31M->0M(202M) 0.068ms
[2025-12-16T20:43:43.338+0800][1.853s][info][gc,cpu       ] GC(129) User=0.00s Sys=0.00s Real=0.00s
[2025-12-16T20:43:43.350+0800][1.865s][info][gc,start     ] GC(130) Pause Young (Allocation Failure)
[2025-12-16T20:43:43.350+0800][1.865s][info][gc,heap      ] GC(130) PSYoungGen: 31296K->64K(31744K)
[2025-12-16T20:43:43.350+0800][1.865s][info][gc,heap      ] GC(130) ParOldGen: 524K->524K(175104K)
[2025-12-16T20:43:43.350+0800][1.865s][info][gc,metaspace ] GC(130) Metaspace: 3388K(4864K)->3388K(4864K) NonClass: 3082K(4352K)->3082K(4352K) Class: 305K(512K)->305K(512K)
[2025-12-16T20:43:43.350+0800][1.865s][info][gc           ] GC(130) Pause Young (Allocation Failure) 31M->0M(202M) 0.071ms
[2025-12-16T20:43:43.350+0800][1.865s][info][gc,cpu       ] GC(130) User=0.00s Sys=0.00s Real=0.00s
[2025-12-16T20:43:43.361+0800][1.876s][info][gc,start     ] GC(131) Pause Young (Allocation Failure)
[2025-12-16T20:43:43.361+0800][1.876s][info][gc,heap      ] GC(131) PSYoungGen: 31296K->64K(31744K)
[2025-12-16T20:43:43.361+0800][1.876s][info][gc,heap      ] GC(131) ParOldGen: 524K->524K(175104K)
[2025-12-16T20:43:43.361+0800][1.876s][info][gc,metaspace ] GC(131) Metaspace: 3388K(4864K)->3388K(4864K) NonClass: 3082K(4352K)->3082K(4352K) Class: 305K(512K)->305K(512K)
[2025-12-16T20:43:43.361+0800][1.876s][info][gc           ] GC(131) Pause Young (Allocation Failure) 31M->0M(202M) 0.056ms
[2025-12-16T20:43:43.361+0800][1.876s][info][gc,cpu       ] GC(131) User=0.00s Sys=0.00s Real=0.00s
[2025-12-16T20:43:43.373+0800][1.888s][info][gc,start     ] GC(132) Pause Young (Allocation Failure)
[2025-12-16T20:43:43.373+0800][1.888s][info][gc,heap      ] GC(132) PSYoungGen: 31296K->64K(31744K)
[2025-12-16T20:43:43.373+0800][1.888s][info][gc,heap      ] GC(132) ParOldGen: 524K->524K(175104K)
[2025-12-16T20:43:43.373+0800][1.888s][info][gc,metaspace ] GC(132) Metaspace: 3388K(4864K)->3388K(4864K) NonClass: 3082K(4352K)->3082K(4352K) Class: 305K(512K)->305K(512K)
[2025-12-16T20:43:43.373+0800][1.888s][info][gc           ] GC(132) Pause Young (Allocation Failure) 31M->0M(202M) 0.070ms
[2025-12-16T20:43:43.373+0800][1.888s][info][gc,cpu       ] GC(132) User=0.00s Sys=0.00s Real=0.00s
[2025-12-16T20:43:43.384+0800][1.899s][info][gc,start     ] GC(133) Pause Young (Allocation Failure)
[2025-12-16T20:43:43.384+0800][1.899s][info][gc,heap      ] GC(133) PSYoungGen: 31296K->96K(31744K)
[2025-12-16T20:43:43.384+0800][1.899s][info][gc,heap      ] GC(133) ParOldGen: 524K->524K(175104K)
[2025-12-16T20:43:43.384+0800][1.899s][info][gc,metaspace ] GC(133) Metaspace: 3388K(4864K)->3388K(4864K) NonClass: 3082K(4352K)->3082K(4352K) Class: 305K(512K)->305K(512K)
[2025-12-16T20:43:43.384+0800][1.899s][info][gc           ] GC(133) Pause Young (Allocation Failure) 31M->0M(202M) 0.063ms
[2025-12-16T20:43:43.384+0800][1.899s][info][gc,cpu       ] GC(133) User=0.01s Sys=0.00s Real=0.00s
[2025-12-16T20:43:43.396+0800][1.911s][info][gc,start     ] GC(134) Pause Young (Allocation Failure)
[2025-12-16T20:43:43.396+0800][1.911s][info][gc,heap      ] GC(134) PSYoungGen: 31328K->64K(31744K)
[2025-12-16T20:43:43.396+0800][1.911s][info][gc,heap      ] GC(134) ParOldGen: 524K->524K(175104K)
[2025-12-16T20:43:43.396+0800][1.911s][info][gc,metaspace ] GC(134) Metaspace: 3388K(4864K)->3388K(4864K) NonClass: 3082K(4352K)->3082K(4352K) Class: 305K(512K)->305K(512K)
[2025-12-16T20:43:43.396+0800][1.911s][info][gc           ] GC(134) Pause Young (Allocation Failure) 31M->0M(202M) 0.071ms
[2025-12-16T20:43:43.396+0800][1.911s][info][gc,cpu       ] GC(134) User=0.00s Sys=0.00s Real=0.00s
[2025-12-16T20:43:43.407+0800][1.922s][info][gc,start     ] GC(135) Pause Young (Allocation Failure)
[2025-12-16T20:43:43.407+0800][1.922s][info][gc,heap      ] GC(135) PSYoungGen: 31296K->64K(31744K)
[2025-12-16T20:43:43.407+0800][1.922s][info][gc,heap      ] GC(135) ParOldGen: 524K->524K(175104K)
[2025-12-16T20:43:43.407+0800][1.922s][info][gc,metaspace ] GC(135) Metaspace: 3388K(4864K)->3388K(4864K) NonClass: 3082K(4352K)->3082K(4352K) Class: 305K(512K)->305K(512K)
[2025-12-16T20:43:43.407+0800][1.922s][info][gc           ] GC(135) Pause Young (Allocation Failure) 31M->0M(202M) 0.064ms
[2025-12-16T20:43:43.407+0800][1.922s][info][gc,cpu       ] GC(135) User=0.00s Sys=0.00s Real=0.00s
[2025-12-16T20:43:43.419+0800][1.934s][info][gc,start     ] GC(136) Pause Young (Allocation Failure)
[2025-12-16T20:43:43.419+0800][1.934s][info][gc,heap      ] GC(136) PSYoungGen: 31296K->64K(31744K)
[2025-12-16T20:43:43.419+0800][1.934s][info][gc,heap      ] GC(136) ParOldGen: 524K->524K(175104K)
[2025-12-16T20:43:43.419+0800][1.934s][info][gc,metaspace ] GC(136) Metaspace: 3388K(4864K)->3388K(4864K) NonClass: 3082K(4352K)->3082K(4352K) Class: 305K(512K)->305K(512K)
[2025-12-16T20:43:43.419+0800][1.934s][info][gc           ] GC(136) Pause Young (Allocation Failure) 31M->0M(202M) 0.064ms
[2025-12-16T20:43:43.419+0800][1.934s][info][gc,cpu       ] GC(136) User=0.00s Sys=0.00s Real=0.00s
[2025-12-16T20:43:43.430+0800][1.945s][info][gc,start     ] GC(137) Pause Young (Allocation Failure)
[2025-12-16T20:43:43.430+0800][1.945s][info][gc,heap      ] GC(137) PSYoungGen: 31296K->96K(31744K)
[2025-12-16T20:43:43.430+0800][1.945s][info][gc,heap      ] GC(137) ParOldGen: 524K->524K(175104K)
[2025-12-16T20:43:43.430+0800][1.945s][info][gc,metaspace ] GC(137) Metaspace: 3388K(4864K)->3388K(4864K) NonClass: 3082K(4352K)->3082K(4352K) Class: 305K(512K)->305K(512K)
[2025-12-16T20:43:43.430+0800][1.945s][info][gc           ] GC(137) Pause Young (Allocation Failure) 31M->0M(202M) 0.071ms
[2025-12-16T20:43:43.430+0800][1.945s][info][gc,cpu       ] GC(137) User=0.00s Sys=0.00s Real=0.00s
[2025-12-16T20:43:43.442+0800][1.957s][info][gc,start     ] GC(138) Pause Young (Allocation Failure)
[2025-12-16T20:43:43.443+0800][1.957s][info][gc,heap      ] GC(138) PSYoungGen: 31328K->64K(31744K)
[2025-12-16T20:43:43.443+0800][1.957s][info][gc,heap      ] GC(138) ParOldGen: 524K->524K(175104K)
[2025-12-16T20:43:43.443+0800][1.957s][info][gc,metaspace ] GC(138) Metaspace: 3388K(4864K)->3388K(4864K) NonClass: 3082K(4352K)->3082K(4352K) Class: 305K(512K)->305K(512K)
[2025-12-16T20:43:43.443+0800][1.957s][info][gc           ] GC(138) Pause Young (Allocation Failure) 31M->0M(202M) 0.066ms
[2025-12-16T20:43:43.443+0800][1.957s][info][gc,cpu       ] GC(138) User=0.00s Sys=0.00s Real=0.00s
[2025-12-16T20:43:43.455+0800][1.970s][info][gc,start     ] GC(139) Pause Young (Allocation Failure)
[2025-12-16T20:43:43.455+0800][1.970s][info][gc,heap      ] GC(139) PSYoungGen: 31296K->64K(31744K)
[2025-12-16T20:43:43.455+0800][1.970s][info][gc,heap      ] GC(139) ParOldGen: 524K->524K(175104K)
[2025-12-16T20:43:43.455+0800][1.970s][info][gc,metaspace ] GC(139) Metaspace: 3388K(4864K)->3388K(4864K) NonClass: 3082K(4352K)->3082K(4352K) Class: 305K(512K)->305K(512K)
[2025-12-16T20:43:43.455+0800][1.970s][info][gc           ] GC(139) Pause Young (Allocation Failure) 31M->0M(202M) 0.054ms
[2025-12-16T20:43:43.455+0800][1.970s][info][gc,cpu       ] GC(139) User=0.00s Sys=0.00s Real=0.00s
[2025-12-16T20:43:43.467+0800][1.982s][info][gc,start     ] GC(140) Pause Young (Allocation Failure)
[2025-12-16T20:43:43.467+0800][1.982s][info][gc,heap      ] GC(140) PSYoungGen: 31296K->64K(31744K)
[2025-12-16T20:43:43.467+0800][1.982s][info][gc,heap      ] GC(140) ParOldGen: 524K->524K(175104K)
[2025-12-16T20:43:43.467+0800][1.982s][info][gc,metaspace ] GC(140) Metaspace: 3388K(4864K)->3388K(4864K) NonClass: 3082K(4352K)->3082K(4352K) Class: 305K(512K)->305K(512K)
[2025-12-16T20:43:43.467+0800][1.982s][info][gc           ] GC(140) Pause Young (Allocation Failure) 31M->0M(202M) 0.073ms
[2025-12-16T20:43:43.467+0800][1.982s][info][gc,cpu       ] GC(140) User=0.00s Sys=0.00s Real=0.00s
[2025-12-16T20:43:43.479+0800][1.994s][info][gc,start     ] GC(141) Pause Young (Allocation Failure)
[2025-12-16T20:43:43.479+0800][1.994s][info][gc,heap      ] GC(141) PSYoungGen: 31296K->64K(31744K)
[2025-12-16T20:43:43.479+0800][1.994s][info][gc,heap      ] GC(141) ParOldGen: 524K->524K(175104K)
[2025-12-16T20:43:43.479+0800][1.994s][info][gc,metaspace ] GC(141) Metaspace: 3388K(4864K)->3388K(4864K) NonClass: 3082K(4352K)->3082K(4352K) Class: 305K(512K)->305K(512K)
[2025-12-16T20:43:43.479+0800][1.994s][info][gc           ] GC(141) Pause Young (Allocation Failure) 31M->0M(202M) 0.053ms
[2025-12-16T20:43:43.479+0800][1.994s][info][gc,cpu       ] GC(141) User=0.00s Sys=0.00s Real=0.00s
[2025-12-16T20:43:43.491+0800][2.006s][info][gc,start     ] GC(142) Pause Young (Allocation Failure)
[2025-12-16T20:43:43.491+0800][2.006s][info][gc,heap      ] GC(142) PSYoungGen: 31296K->32K(31744K)
[2025-12-16T20:43:43.491+0800][2.006s][info][gc,heap      ] GC(142) ParOldGen: 524K->524K(175104K)
[2025-12-16T20:43:43.491+0800][2.006s][info][gc,metaspace ] GC(142) Metaspace: 3388K(4864K)->3388K(4864K) NonClass: 3082K(4352K)->3082K(4352K) Class: 305K(512K)->305K(512K)
[2025-12-16T20:43:43.491+0800][2.006s][info][gc           ] GC(142) Pause Young (Allocation Failure) 31M->0M(202M) 0.058ms
[2025-12-16T20:43:43.491+0800][2.006s][info][gc,cpu       ] GC(142) User=0.00s Sys=0.00s Real=0.00s
[2025-12-16T20:43:43.502+0800][2.017s][info][gc,start     ] GC(143) Pause Young (Allocation Failure)
[2025-12-16T20:43:43.502+0800][2.017s][info][gc,heap      ] GC(143) PSYoungGen: 31264K->64K(31744K)
[2025-12-16T20:43:43.502+0800][2.017s][info][gc,heap      ] GC(143) ParOldGen: 524K->524K(175104K)
[2025-12-16T20:43:43.502+0800][2.017s][info][gc,metaspace ] GC(143) Metaspace: 3388K(4864K)->3388K(4864K) NonClass: 3082K(4352K)->3082K(4352K) Class: 305K(512K)->305K(512K)
[2025-12-16T20:43:43.502+0800][2.017s][info][gc           ] GC(143) Pause Young (Allocation Failure) 31M->0M(202M) 0.059ms
[2025-12-16T20:43:43.502+0800][2.017s][info][gc,cpu       ] GC(143) User=0.00s Sys=0.00s Real=0.00s
[2025-12-16T20:43:43.514+0800][2.029s][info][gc,start     ] GC(144) Pause Young (Allocation Failure)
[2025-12-16T20:43:43.514+0800][2.029s][info][gc,heap      ] GC(144) PSYoungGen: 31296K->64K(31744K)
[2025-12-16T20:43:43.514+0800][2.029s][info][gc,heap      ] GC(144) ParOldGen: 524K->524K(175104K)
[2025-12-16T20:43:43.514+0800][2.029s][info][gc,metaspace ] GC(144) Metaspace: 3388K(4864K)->3388K(4864K) NonClass: 3082K(4352K)->3082K(4352K) Class: 305K(512K)->305K(512K)
[2025-12-16T20:43:43.514+0800][2.029s][info][gc           ] GC(144) Pause Young (Allocation Failure) 31M->0M(202M) 0.060ms
[2025-12-16T20:43:43.514+0800][2.029s][info][gc,cpu       ] GC(144) User=0.00s Sys=0.00s Real=0.00s
[2025-12-16T20:43:43.526+0800][2.041s][info][gc,start     ] GC(145) Pause Young (Allocation Failure)
[2025-12-16T20:43:43.526+0800][2.041s][info][gc,heap      ] GC(145) PSYoungGen: 31296K->64K(31744K)
[2025-12-16T20:43:43.526+0800][2.041s][info][gc,heap      ] GC(145) ParOldGen: 524K->524K(175104K)
[2025-12-16T20:43:43.526+0800][2.041s][info][gc,metaspace ] GC(145) Metaspace: 3388K(4864K)->3388K(4864K) NonClass: 3082K(4352K)->3082K(4352K) Class: 305K(512K)->305K(512K)
[2025-12-16T20:43:43.526+0800][2.041s][info][gc           ] GC(145) Pause Young (Allocation Failure) 31M->0M(202M) 0.061ms
[2025-12-16T20:43:43.526+0800][2.041s][info][gc,cpu       ] GC(145) User=0.00s Sys=0.00s Real=0.00s
[2025-12-16T20:43:43.537+0800][2.052s][info][gc,start     ] GC(146) Pause Young (Allocation Failure)
[2025-12-16T20:43:43.537+0800][2.052s][info][gc,heap      ] GC(146) PSYoungGen: 31296K->96K(31744K)
[2025-12-16T20:43:43.537+0800][2.052s][info][gc,heap      ] GC(146) ParOldGen: 524K->524K(175104K)
[2025-12-16T20:43:43.537+0800][2.052s][info][gc,metaspace ] GC(146) Metaspace: 3388K(4864K)->3388K(4864K) NonClass: 3082K(4352K)->3082K(4352K) Class: 305K(512K)->305K(512K)
[2025-12-16T20:43:43.537+0800][2.052s][info][gc           ] GC(146) Pause Young (Allocation Failure) 31M->0M(202M) 0.061ms
[2025-12-16T20:43:43.537+0800][2.052s][info][gc,cpu       ] GC(146) User=0.00s Sys=0.00s Real=0.00s
[2025-12-16T20:43:43.548+0800][2.063s][info][gc,start     ] GC(147) Pause Young (Allocation Failure)
[2025-12-16T20:43:43.548+0800][2.063s][info][gc,heap      ] GC(147) PSYoungGen: 31328K->64K(31744K)
[2025-12-16T20:43:43.548+0800][2.063s][info][gc,heap      ] GC(147) ParOldGen: 524K->524K(175104K)
[2025-12-16T20:43:43.548+0800][2.063s][info][gc,metaspace ] GC(147) Metaspace: 3388K(4864K)->3388K(4864K) NonClass: 3082K(4352K)->3082K(4352K) Class: 305K(512K)->305K(512K)
[2025-12-16T20:43:43.548+0800][2.063s][info][gc           ] GC(147) Pause Young (Allocation Failure) 31M->0M(202M) 0.063ms
[2025-12-16T20:43:43.548+0800][2.063s][info][gc,cpu       ] GC(147) User=0.00s Sys=0.00s Real=0.00s
[2025-12-16T20:43:43.560+0800][2.074s][info][gc,start     ] GC(148) Pause Young (Allocation Failure)
[2025-12-16T20:43:43.560+0800][2.074s][info][gc,heap      ] GC(148) PSYoungGen: 31296K->64K(31744K)
[2025-12-16T20:43:43.560+0800][2.075s][info][gc,heap      ] GC(148) ParOldGen: 524K->524K(175104K)
[2025-12-16T20:43:43.560+0800][2.075s][info][gc,metaspace ] GC(148) Metaspace: 3388K(4864K)->3388K(4864K) NonClass: 3082K(4352K)->3082K(4352K) Class: 305K(512K)->305K(512K)
[2025-12-16T20:43:43.560+0800][2.075s][info][gc           ] GC(148) Pause Young (Allocation Failure) 31M->0M(202M) 0.063ms
[2025-12-16T20:43:43.560+0800][2.075s][info][gc,cpu       ] GC(148) User=0.00s Sys=0.00s Real=0.00s
[2025-12-16T20:43:43.571+0800][2.086s][info][gc,start     ] GC(149) Pause Young (Allocation Failure)
[2025-12-16T20:43:43.571+0800][2.086s][info][gc,heap      ] GC(149) PSYoungGen: 31296K->64K(31744K)
[2025-12-16T20:43:43.571+0800][2.086s][info][gc,heap      ] GC(149) ParOldGen: 524K->524K(175104K)
[2025-12-16T20:43:43.571+0800][2.086s][info][gc,metaspace ] GC(149) Metaspace: 3388K(4864K)->3388K(4864K) NonClass: 3082K(4352K)->3082K(4352K) Class: 305K(512K)->305K(512K)
[2025-12-16T20:43:43.571+0800][2.086s][info][gc           ] GC(149) Pause Young (Allocation Failure) 31M->0M(202M) 0.061ms
[2025-12-16T20:43:43.571+0800][2.086s][info][gc,cpu       ] GC(149) User=0.00s Sys=0.00s Real=0.00s
[2025-12-16T20:43:43.582+0800][2.097s][info][gc,start     ] GC(150) Pause Young (Allocation Failure)
[2025-12-16T20:43:43.582+0800][2.097s][info][gc,heap      ] GC(150) PSYoungGen: 31296K->64K(31744K)
[2025-12-16T20:43:43.582+0800][2.097s][info][gc,heap      ] GC(150) ParOldGen: 524K->524K(175104K)
[2025-12-16T20:43:43.582+0800][2.097s][info][gc,metaspace ] GC(150) Metaspace: 3388K(4864K)->3388K(4864K) NonClass: 3082K(4352K)->3082K(4352K) Class: 305K(512K)->305K(512K)
[2025-12-16T20:43:43.582+0800][2.097s][info][gc           ] GC(150) Pause Young (Allocation Failure) 31M->0M(202M) 0.062ms
[2025-12-16T20:43:43.582+0800][2.097s][info][gc,cpu       ] GC(150) User=0.00s Sys=0.00s Real=0.00s
[2025-12-16T20:43:43.594+0800][2.109s][info][gc,start     ] GC(151) Pause Young (Allocation Failure)
[2025-12-16T20:43:43.594+0800][2.109s][info][gc,heap      ] GC(151) PSYoungGen: 31296K->64K(31744K)
[2025-12-16T20:43:43.594+0800][2.109s][info][gc,heap      ] GC(151) ParOldGen: 524K->524K(175104K)
[2025-12-16T20:43:43.594+0800][2.109s][info][gc,metaspace ] GC(151) Metaspace: 3388K(4864K)->3388K(4864K) NonClass: 3082K(4352K)->3082K(4352K) Class: 305K(512K)->305K(512K)
[2025-12-16T20:43:43.594+0800][2.109s][info][gc           ] GC(151) Pause Young (Allocation Failure) 31M->0M(202M) 0.072ms
[2025-12-16T20:43:43.594+0800][2.109s][info][gc,cpu       ] GC(151) User=0.00s Sys=0.00s Real=0.00s
[2025-12-16T20:43:43.605+0800][2.120s][info][gc,start     ] GC(152) Pause Young (Allocation Failure)
[2025-12-16T20:43:43.606+0800][2.120s][info][gc,heap      ] GC(152) PSYoungGen: 31296K->96K(31744K)
[2025-12-16T20:43:43.606+0800][2.120s][info][gc,heap      ] GC(152) ParOldGen: 524K->524K(175104K)
[2025-12-16T20:43:43.606+0800][2.120s][info][gc,metaspace ] GC(152) Metaspace: 3388K(4864K)->3388K(4864K) NonClass: 3082K(4352K)->3082K(4352K) Class: 305K(512K)->305K(512K)
[2025-12-16T20:43:43.606+0800][2.120s][info][gc           ] GC(152) Pause Young (Allocation Failure) 31M->0M(202M) 0.062ms
[2025-12-16T20:43:43.606+0800][2.120s][info][gc,cpu       ] GC(152) User=0.00s Sys=0.00s Real=0.00s
[2025-12-16T20:43:43.617+0800][2.132s][info][gc,start     ] GC(153) Pause Young (Allocation Failure)
[2025-12-16T20:43:43.617+0800][2.132s][info][gc,heap      ] GC(153) PSYoungGen: 31328K->64K(31744K)
[2025-12-16T20:43:43.617+0800][2.132s][info][gc,heap      ] GC(153) ParOldGen: 524K->524K(175104K)
[2025-12-16T20:43:43.617+0800][2.132s][info][gc,metaspace ] GC(153) Metaspace: 3388K(4864K)->3388K(4864K) NonClass: 3082K(4352K)->3082K(4352K) Class: 305K(512K)->305K(512K)
[2025-12-16T20:43:43.617+0800][2.132s][info][gc           ] GC(153) Pause Young (Allocation Failure) 31M->0M(202M) 0.059ms
[2025-12-16T20:43:43.617+0800][2.132s][info][gc,cpu       ] GC(153) User=0.00s Sys=0.00s Real=0.00s
[2025-12-16T20:43:43.629+0800][2.144s][info][gc,start     ] GC(154) Pause Young (Allocation Failure)
[2025-12-16T20:43:43.629+0800][2.144s][info][gc,heap      ] GC(154) PSYoungGen: 31296K->64K(31744K)
[2025-12-16T20:43:43.629+0800][2.144s][info][gc,heap      ] GC(154) ParOldGen: 524K->524K(175104K)
[2025-12-16T20:43:43.629+0800][2.144s][info][gc,metaspace ] GC(154) Metaspace: 3388K(4864K)->3388K(4864K) NonClass: 3082K(4352K)->3082K(4352K) Class: 305K(512K)->305K(512K)
[2025-12-16T20:43:43.629+0800][2.144s][info][gc           ] GC(154) Pause Young (Allocation Failure) 31M->0M(202M) 0.059ms
[2025-12-16T20:43:43.629+0800][2.144s][info][gc,cpu       ] GC(154) User=0.00s Sys=0.00s Real=0.00s
[2025-12-16T20:43:43.640+0800][2.155s][info][gc,start     ] GC(155) Pause Young (Allocation Failure)
[2025-12-16T20:43:43.640+0800][2.155s][info][gc,heap      ] GC(155) PSYoungGen: 31296K->64K(31744K)
[2025-12-16T20:43:43.640+0800][2.155s][info][gc,heap      ] GC(155) ParOldGen: 524K->524K(175104K)
[2025-12-16T20:43:43.640+0800][2.155s][info][gc,metaspace ] GC(155) Metaspace: 3388K(4864K)->3388K(4864K) NonClass: 3082K(4352K)->3082K(4352K) Class: 305K(512K)->305K(512K)
[2025-12-16T20:43:43.640+0800][2.155s][info][gc           ] GC(155) Pause Young (Allocation Failure) 31M->0M(202M) 0.062ms
[2025-12-16T20:43:43.640+0800][2.155s][info][gc,cpu       ] GC(155) User=0.00s Sys=0.00s Real=0.00s
[2025-12-16T20:43:43.652+0800][2.167s][info][gc,start     ] GC(156) Pause Young (Allocation Failure)
[2025-12-16T20:43:43.652+0800][2.167s][info][gc,heap      ] GC(156) PSYoungGen: 31296K->64K(31744K)
[2025-12-16T20:43:43.652+0800][2.167s][info][gc,heap      ] GC(156) ParOldGen: 524K->524K(175104K)
[2025-12-16T20:43:43.652+0800][2.167s][info][gc,metaspace ] GC(156) Metaspace: 3388K(4864K)->3388K(4864K) NonClass: 3082K(4352K)->3082K(4352K) Class: 305K(512K)->305K(512K)
[2025-12-16T20:43:43.652+0800][2.167s][info][gc           ] GC(156) Pause Young (Allocation Failure) 31M->0M(202M) 0.067ms
[2025-12-16T20:43:43.652+0800][2.167s][info][gc,cpu       ] GC(156) User=0.00s Sys=0.00s Real=0.00s
[2025-12-16T20:43:43.663+0800][2.178s][info][gc,start     ] GC(157) Pause Young (Allocation Failure)
[2025-12-16T20:43:43.663+0800][2.178s][info][gc,heap      ] GC(157) PSYoungGen: 31296K->64K(31744K)
[2025-12-16T20:43:43.663+0800][2.178s][info][gc,heap      ] GC(157) ParOldGen: 524K->524K(175104K)
[2025-12-16T20:43:43.663+0800][2.178s][info][gc,metaspace ] GC(157) Metaspace: 3388K(4864K)->3388K(4864K) NonClass: 3082K(4352K)->3082K(4352K) Class: 305K(512K)->305K(512K)
[2025-12-16T20:43:43.663+0800][2.178s][info][gc           ] GC(157) Pause Young (Allocation Failure) 31M->0M(202M) 0.053ms
[2025-12-16T20:43:43.663+0800][2.178s][info][gc,cpu       ] GC(157) User=0.00s Sys=0.00s Real=0.00s
[2025-12-16T20:43:43.675+0800][2.190s][info][gc,start     ] GC(158) Pause Young (Allocation Failure)
[2025-12-16T20:43:43.675+0800][2.190s][info][gc,heap      ] GC(158) PSYoungGen: 31296K->64K(31744K)
[2025-12-16T20:43:43.675+0800][2.190s][info][gc,heap      ] GC(158) ParOldGen: 524K->524K(175104K)
[2025-12-16T20:43:43.675+0800][2.190s][info][gc,metaspace ] GC(158) Metaspace: 3388K(4864K)->3388K(4864K) NonClass: 3082K(4352K)->3082K(4352K) Class: 305K(512K)->305K(512K)
[2025-12-16T20:43:43.675+0800][2.190s][info][gc           ] GC(158) Pause Young (Allocation Failure) 31M->0M(202M) 0.061ms
[2025-12-16T20:43:43.675+0800][2.190s][info][gc,cpu       ] GC(158) User=0.00s Sys=0.00s Real=0.00s
[2025-12-16T20:43:43.686+0800][2.201s][info][gc,start     ] GC(159) Pause Young (Allocation Failure)
[2025-12-16T20:43:43.686+0800][2.201s][info][gc,heap      ] GC(159) PSYoungGen: 31296K->64K(31744K)
[2025-12-16T20:43:43.686+0800][2.201s][info][gc,heap      ] GC(159) ParOldGen: 524K->524K(175104K)
[2025-12-16T20:43:43.686+0800][2.201s][info][gc,metaspace ] GC(159) Metaspace: 3388K(4864K)->3388K(4864K) NonClass: 3082K(4352K)->3082K(4352K) Class: 305K(512K)->305K(512K)
[2025-12-16T20:43:43.686+0800][2.201s][info][gc           ] GC(159) Pause Young (Allocation Failure) 31M->0M(202M) 0.058ms
[2025-12-16T20:43:43.686+0800][2.201s][info][gc,cpu       ] GC(159) User=0.00s Sys=0.00s Real=0.00s
[2025-12-16T20:43:43.697+0800][2.212s][info][gc,start     ] GC(160) Pause Young (Allocation Failure)
[2025-12-16T20:43:43.698+0800][2.212s][info][gc,heap      ] GC(160) PSYoungGen: 31296K->64K(31744K)
[2025-12-16T20:43:43.698+0800][2.212s][info][gc,heap      ] GC(160) ParOldGen: 524K->524K(175104K)
[2025-12-16T20:43:43.698+0800][2.212s][info][gc,metaspace ] GC(160) Metaspace: 3388K(4864K)->3388K(4864K) NonClass: 3082K(4352K)->3082K(4352K) Class: 305K(512K)->305K(512K)
[2025-12-16T20:43:43.698+0800][2.212s][info][gc           ] GC(160) Pause Young (Allocation Failure) 31M->0M(202M) 0.061ms
[2025-12-16T20:43:43.698+0800][2.212s][info][gc,cpu       ] GC(160) User=0.00s Sys=0.00s Real=0.00s
[2025-12-16T20:43:43.709+0800][2.224s][info][gc,start     ] GC(161) Pause Young (Allocation Failure)
[2025-12-16T20:43:43.709+0800][2.224s][info][gc,heap      ] GC(161) PSYoungGen: 31296K->64K(31744K)
[2025-12-16T20:43:43.709+0800][2.224s][info][gc,heap      ] GC(161) ParOldGen: 524K->524K(175104K)
[2025-12-16T20:43:43.709+0800][2.224s][info][gc,metaspace ] GC(161) Metaspace: 3388K(4864K)->3388K(4864K) NonClass: 3082K(4352K)->3082K(4352K) Class: 305K(512K)->305K(512K)
[2025-12-16T20:43:43.709+0800][2.224s][info][gc           ] GC(161) Pause Young (Allocation Failure) 31M->0M(202M) 0.061ms
[2025-12-16T20:43:43.709+0800][2.224s][info][gc,cpu       ] GC(161) User=0.00s Sys=0.00s Real=0.00s
[2025-12-16T20:43:43.720+0800][2.235s][info][gc,start     ] GC(162) Pause Young (Allocation Failure)
[2025-12-16T20:43:43.720+0800][2.235s][info][gc,heap      ] GC(162) PSYoungGen: 31296K->64K(31744K)
[2025-12-16T20:43:43.720+0800][2.235s][info][gc,heap      ] GC(162) ParOldGen: 524K->524K(175104K)
[2025-12-16T20:43:43.720+0800][2.235s][info][gc,metaspace ] GC(162) Metaspace: 3388K(4864K)->3388K(4864K) NonClass: 3082K(4352K)->3082K(4352K) Class: 305K(512K)->305K(512K)
[2025-12-16T20:43:43.720+0800][2.235s][info][gc           ] GC(162) Pause Young (Allocation Failure) 31M->0M(202M) 0.053ms
[2025-12-16T20:43:43.720+0800][2.235s][info][gc,cpu       ] GC(162) User=0.00s Sys=0.00s Real=0.00s
[2025-12-16T20:43:43.732+0800][2.247s][info][gc,start     ] GC(163) Pause Young (Allocation Failure)
[2025-12-16T20:43:43.732+0800][2.247s][info][gc,heap      ] GC(163) PSYoungGen: 31296K->64K(31744K)
[2025-12-16T20:43:43.732+0800][2.247s][info][gc,heap      ] GC(163) ParOldGen: 524K->524K(175104K)
[2025-12-16T20:43:43.732+0800][2.247s][info][gc,metaspace ] GC(163) Metaspace: 3388K(4864K)->3388K(4864K) NonClass: 3082K(4352K)->3082K(4352K) Class: 305K(512K)->305K(512K)
[2025-12-16T20:43:43.732+0800][2.247s][info][gc           ] GC(163) Pause Young (Allocation Failure) 31M->0M(202M) 0.058ms
[2025-12-16T20:43:43.732+0800][2.247s][info][gc,cpu       ] GC(163) User=0.00s Sys=0.00s Real=0.00s
[2025-12-16T20:43:43.743+0800][2.258s][info][gc,start     ] GC(164) Pause Young (Allocation Failure)
[2025-12-16T20:43:43.744+0800][2.258s][info][gc,heap      ] GC(164) PSYoungGen: 31296K->64K(31744K)
[2025-12-16T20:43:43.744+0800][2.258s][info][gc,heap      ] GC(164) ParOldGen: 524K->524K(175104K)
[2025-12-16T20:43:43.744+0800][2.258s][info][gc,metaspace ] GC(164) Metaspace: 3388K(4864K)->3388K(4864K) NonClass: 3082K(4352K)->3082K(4352K) Class: 305K(512K)->305K(512K)
[2025-12-16T20:43:43.744+0800][2.258s][info][gc           ] GC(164) Pause Young (Allocation Failure) 31M->0M(202M) 0.067ms
[2025-12-16T20:43:43.744+0800][2.258s][info][gc,cpu       ] GC(164) User=0.00s Sys=0.00s Real=0.00s
[2025-12-16T20:43:43.755+0800][2.270s][info][gc,start     ] GC(165) Pause Young (Allocation Failure)
[2025-12-16T20:43:43.755+0800][2.270s][info][gc,heap      ] GC(165) PSYoungGen: 31296K->64K(31744K)
[2025-12-16T20:43:43.755+0800][2.270s][info][gc,heap      ] GC(165) ParOldGen: 524K->524K(175104K)
[2025-12-16T20:43:43.755+0800][2.270s][info][gc,metaspace ] GC(165) Metaspace: 3388K(4864K)->3388K(4864K) NonClass: 3082K(4352K)->3082K(4352K) Class: 305K(512K)->305K(512K)
[2025-12-16T20:43:43.755+0800][2.270s][info][gc           ] GC(165) Pause Young (Allocation Failure) 31M->0M(202M) 0.065ms
[2025-12-16T20:43:43.755+0800][2.270s][info][gc,cpu       ] GC(165) User=0.00s Sys=0.00s Real=0.00s
[2025-12-16T20:43:43.766+0800][2.281s][info][gc,start     ] GC(166) Pause Young (Allocation Failure)
[2025-12-16T20:43:43.766+0800][2.281s][info][gc,heap      ] GC(166) PSYoungGen: 31296K->64K(31744K)
[2025-12-16T20:43:43.766+0800][2.281s][info][gc,heap      ] GC(166) ParOldGen: 524K->524K(175104K)
[2025-12-16T20:43:43.766+0800][2.281s][info][gc,metaspace ] GC(166) Metaspace: 3388K(4864K)->3388K(4864K) NonClass: 3082K(4352K)->3082K(4352K) Class: 305K(512K)->305K(512K)
[2025-12-16T20:43:43.766+0800][2.281s][info][gc           ] GC(166) Pause Young (Allocation Failure) 31M->0M(202M) 0.053ms
[2025-12-16T20:43:43.766+0800][2.281s][info][gc,cpu       ] GC(166) User=0.00s Sys=0.00s Real=0.00s
[2025-12-16T20:43:43.778+0800][2.293s][info][gc,start     ] GC(167) Pause Young (Allocation Failure)
[2025-12-16T20:43:43.778+0800][2.293s][info][gc,heap      ] GC(167) PSYoungGen: 31296K->64K(31744K)
[2025-12-16T20:43:43.778+0800][2.293s][info][gc,heap      ] GC(167) ParOldGen: 524K->524K(175104K)
[2025-12-16T20:43:43.778+0800][2.293s][info][gc,metaspace ] GC(167) Metaspace: 3388K(4864K)->3388K(4864K) NonClass: 3082K(4352K)->3082K(4352K) Class: 305K(512K)->305K(512K)
[2025-12-16T20:43:43.778+0800][2.293s][info][gc           ] GC(167) Pause Young (Allocation Failure) 31M->0M(202M) 0.053ms
[2025-12-16T20:43:43.778+0800][2.293s][info][gc,cpu       ] GC(167) User=0.00s Sys=0.00s Real=0.00s
[2025-12-16T20:43:43.790+0800][2.305s][info][gc,start     ] GC(168) Pause Young (Allocation Failure)
[2025-12-16T20:43:43.790+0800][2.305s][info][gc,heap      ] GC(168) PSYoungGen: 31296K->64K(31744K)
[2025-12-16T20:43:43.790+0800][2.305s][info][gc,heap      ] GC(168) ParOldGen: 524K->524K(175104K)
[2025-12-16T20:43:43.790+0800][2.305s][info][gc,metaspace ] GC(168) Metaspace: 3388K(4864K)->3388K(4864K) NonClass: 3082K(4352K)->3082K(4352K) Class: 305K(512K)->305K(512K)
[2025-12-16T20:43:43.790+0800][2.305s][info][gc           ] GC(168) Pause Young (Allocation Failure) 31M->0M(202M) 0.057ms
[2025-12-16T20:43:43.790+0800][2.305s][info][gc,cpu       ] GC(168) User=0.00s Sys=0.00s Real=0.00s
[2025-12-16T20:43:43.801+0800][2.316s][info][gc,start     ] GC(169) Pause Young (Allocation Failure)
[2025-12-16T20:43:43.801+0800][2.316s][info][gc,heap      ] GC(169) PSYoungGen: 31296K->64K(31744K)
[2025-12-16T20:43:43.801+0800][2.316s][info][gc,heap      ] GC(169) ParOldGen: 524K->524K(175104K)
[2025-12-16T20:43:43.801+0800][2.316s][info][gc,metaspace ] GC(169) Metaspace: 3388K(4864K)->3388K(4864K) NonClass: 3082K(4352K)->3082K(4352K) Class: 305K(512K)->305K(512K)
[2025-12-16T20:43:43.801+0800][2.316s][info][gc           ] GC(169) Pause Young (Allocation Failure) 31M->0M(202M) 0.060ms
[2025-12-16T20:43:43.801+0800][2.316s][info][gc,cpu       ] GC(169) User=0.00s Sys=0.00s Real=0.00s
[2025-12-16T20:43:43.812+0800][2.327s][info][gc,start     ] GC(170) Pause Young (Allocation Failure)
[2025-12-16T20:43:43.812+0800][2.327s][info][gc,heap      ] GC(170) PSYoungGen: 31296K->64K(31744K)
[2025-12-16T20:43:43.812+0800][2.327s][info][gc,heap      ] GC(170) ParOldGen: 524K->524K(175104K)
[2025-12-16T20:43:43.812+0800][2.327s][info][gc,metaspace ] GC(170) Metaspace: 3388K(4864K)->3388K(4864K) NonClass: 3082K(4352K)->3082K(4352K) Class: 305K(512K)->305K(512K)
[2025-12-16T20:43:43.812+0800][2.327s][info][gc           ] GC(170) Pause Young (Allocation Failure) 31M->0M(202M) 0.068ms
[2025-12-16T20:43:43.812+0800][2.327s][info][gc,cpu       ] GC(170) User=0.00s Sys=0.00s Real=0.00s
[2025-12-16T20:43:43.824+0800][2.339s][info][gc,start     ] GC(171) Pause Young (Allocation Failure)
[2025-12-16T20:43:43.824+0800][2.339s][info][gc,heap      ] GC(171) PSYoungGen: 31296K->96K(31744K)
[2025-12-16T20:43:43.824+0800][2.339s][info][gc,heap      ] GC(171) ParOldGen: 524K->524K(175104K)
[2025-12-16T20:43:43.824+0800][2.339s][info][gc,metaspace ] GC(171) Metaspace: 3388K(4864K)->3388K(4864K) NonClass: 3082K(4352K)->3082K(4352K) Class: 305K(512K)->305K(512K)
[2025-12-16T20:43:43.824+0800][2.339s][info][gc           ] GC(171) Pause Young (Allocation Failure) 31M->0M(202M) 0.056ms
[2025-12-16T20:43:43.824+0800][2.339s][info][gc,cpu       ] GC(171) User=0.00s Sys=0.00s Real=0.00s
[2025-12-16T20:43:43.836+0800][2.351s][info][gc,start     ] GC(172) Pause Young (Allocation Failure)
[2025-12-16T20:43:43.836+0800][2.351s][info][gc,heap      ] GC(172) PSYoungGen: 31328K->64K(31744K)
[2025-12-16T20:43:43.836+0800][2.351s][info][gc,heap      ] GC(172) ParOldGen: 524K->524K(175104K)
[2025-12-16T20:43:43.836+0800][2.351s][info][gc,metaspace ] GC(172) Metaspace: 3388K(4864K)->3388K(4864K) NonClass: 3082K(4352K)->3082K(4352K) Class: 305K(512K)->305K(512K)
[2025-12-16T20:43:43.836+0800][2.351s][info][gc           ] GC(172) Pause Young (Allocation Failure) 31M->0M(202M) 0.058ms
[2025-12-16T20:43:43.836+0800][2.351s][info][gc,cpu       ] GC(172) User=0.00s Sys=0.00s Real=0.00s
[2025-12-16T20:43:43.847+0800][2.362s][info][gc,start     ] GC(173) Pause Young (Allocation Failure)
[2025-12-16T20:43:43.847+0800][2.362s][info][gc,heap      ] GC(173) PSYoungGen: 31296K->64K(31744K)
[2025-12-16T20:43:43.847+0800][2.362s][info][gc,heap      ] GC(173) ParOldGen: 524K->524K(175104K)
[2025-12-16T20:43:43.847+0800][2.362s][info][gc,metaspace ] GC(173) Metaspace: 3388K(4864K)->3388K(4864K) NonClass: 3082K(4352K)->3082K(4352K) Class: 305K(512K)->305K(512K)
[2025-12-16T20:43:43.847+0800][2.362s][info][gc           ] GC(173) Pause Young (Allocation Failure) 31M->0M(202M) 0.058ms
[2025-12-16T20:43:43.847+0800][2.362s][info][gc,cpu       ] GC(173) User=0.00s Sys=0.00s Real=0.00s
[2025-12-16T20:43:43.859+0800][2.373s][info][gc,start     ] GC(174) Pause Young (Allocation Failure)
[2025-12-16T20:43:43.859+0800][2.374s][info][gc,heap      ] GC(174) PSYoungGen: 31296K->64K(31744K)
[2025-12-16T20:43:43.859+0800][2.374s][info][gc,heap      ] GC(174) ParOldGen: 524K->524K(175104K)
[2025-12-16T20:43:43.859+0800][2.374s][info][gc,metaspace ] GC(174) Metaspace: 3388K(4864K)->3388K(4864K) NonClass: 3082K(4352K)->3082K(4352K) Class: 305K(512K)->305K(512K)
[2025-12-16T20:43:43.859+0800][2.374s][info][gc           ] GC(174) Pause Young (Allocation Failure) 31M->0M(202M) 0.070ms
[2025-12-16T20:43:43.859+0800][2.374s][info][gc,cpu       ] GC(174) User=0.00s Sys=0.00s Real=0.00s
[2025-12-16T20:43:43.870+0800][2.385s][info][gc,start     ] GC(175) Pause Young (Allocation Failure)
[2025-12-16T20:43:43.870+0800][2.385s][info][gc,heap      ] GC(175) PSYoungGen: 31296K->64K(31744K)
[2025-12-16T20:43:43.870+0800][2.385s][info][gc,heap      ] GC(175) ParOldGen: 524K->524K(175104K)
[2025-12-16T20:43:43.870+0800][2.385s][info][gc,metaspace ] GC(175) Metaspace: 3388K(4864K)->3388K(4864K) NonClass: 3082K(4352K)->3082K(4352K) Class: 305K(512K)->305K(512K)
[2025-12-16T20:43:43.870+0800][2.385s][info][gc           ] GC(175) Pause Young (Allocation Failure) 31M->0M(202M) 0.063ms
[2025-12-16T20:43:43.870+0800][2.385s][info][gc,cpu       ] GC(175) User=0.00s Sys=0.00s Real=0.00s
[2025-12-16T20:43:43.882+0800][2.397s][info][gc,start     ] GC(176) Pause Young (Allocation Failure)
[2025-12-16T20:43:43.882+0800][2.397s][info][gc,heap      ] GC(176) PSYoungGen: 31296K->64K(31744K)
[2025-12-16T20:43:43.882+0800][2.397s][info][gc,heap      ] GC(176) ParOldGen: 524K->524K(175104K)
[2025-12-16T20:43:43.882+0800][2.397s][info][gc,metaspace ] GC(176) Metaspace: 3388K(4864K)->3388K(4864K) NonClass: 3082K(4352K)->3082K(4352K) Class: 305K(512K)->305K(512K)
[2025-12-16T20:43:43.882+0800][2.397s][info][gc           ] GC(176) Pause Young (Allocation Failure) 31M->0M(202M) 0.055ms
[2025-12-16T20:43:43.882+0800][2.397s][info][gc,cpu       ] GC(176) User=0.00s Sys=0.00s Real=0.00s
[2025-12-16T20:43:43.893+0800][2.408s][info][gc,start     ] GC(177) Pause Young (Allocation Failure)
[2025-12-16T20:43:43.893+0800][2.408s][info][gc,heap      ] GC(177) PSYoungGen: 31296K->64K(31744K)
[2025-12-16T20:43:43.893+0800][2.408s][info][gc,heap      ] GC(177) ParOldGen: 524K->524K(175104K)
[2025-12-16T20:43:43.893+0800][2.408s][info][gc,metaspace ] GC(177) Metaspace: 3388K(4864K)->3388K(4864K) NonClass: 3082K(4352K)->3082K(4352K) Class: 305K(512K)->305K(512K)
[2025-12-16T20:43:43.894+0800][2.408s][info][gc           ] GC(177) Pause Young (Allocation Failure) 31M->0M(202M) 0.053ms
[2025-12-16T20:43:43.894+0800][2.408s][info][gc,cpu       ] GC(177) User=0.00s Sys=0.00s Real=0.00s
[2025-12-16T20:43:43.905+0800][2.420s][info][gc,start     ] GC(178) Pause Young (Allocation Failure)
[2025-12-16T20:43:43.905+0800][2.420s][info][gc,heap      ] GC(178) PSYoungGen: 31296K->64K(31744K)
[2025-12-16T20:43:43.905+0800][2.420s][info][gc,heap      ] GC(178) ParOldGen: 524K->524K(175104K)
[2025-12-16T20:43:43.905+0800][2.420s][info][gc,metaspace ] GC(178) Metaspace: 3388K(4864K)->3388K(4864K) NonClass: 3082K(4352K)->3082K(4352K) Class: 305K(512K)->305K(512K)
[2025-12-16T20:43:43.905+0800][2.420s][info][gc           ] GC(178) Pause Young (Allocation Failure) 31M->0M(202M) 0.057ms
[2025-12-16T20:43:43.905+0800][2.420s][info][gc,cpu       ] GC(178) User=0.00s Sys=0.00s Real=0.00s
[2025-12-16T20:43:43.917+0800][2.432s][info][gc,start     ] GC(179) Pause Young (Allocation Failure)
[2025-12-16T20:43:43.917+0800][2.432s][info][gc,heap      ] GC(179) PSYoungGen: 31296K->64K(31744K)
[2025-12-16T20:43:43.917+0800][2.432s][info][gc,heap      ] GC(179) ParOldGen: 524K->524K(175104K)
[2025-12-16T20:43:43.917+0800][2.432s][info][gc,metaspace ] GC(179) Metaspace: 3388K(4864K)->3388K(4864K) NonClass: 3082K(4352K)->3082K(4352K) Class: 305K(512K)->305K(512K)
[2025-12-16T20:43:43.917+0800][2.432s][info][gc           ] GC(179) Pause Young (Allocation Failure) 31M->0M(202M) 0.057ms
[2025-12-16T20:43:43.917+0800][2.432s][info][gc,cpu       ] GC(179) User=0.00s Sys=0.00s Real=0.00s
[2025-12-16T20:43:43.928+0800][2.443s][info][gc,start     ] GC(180) Pause Young (Allocation Failure)
[2025-12-16T20:43:43.928+0800][2.443s][info][gc,heap      ] GC(180) PSYoungGen: 31296K->64K(31744K)
[2025-12-16T20:43:43.928+0800][2.443s][info][gc,heap      ] GC(180) ParOldGen: 524K->524K(175104K)
[2025-12-16T20:43:43.928+0800][2.443s][info][gc,metaspace ] GC(180) Metaspace: 3388K(4864K)->3388K(4864K) NonClass: 3082K(4352K)->3082K(4352K) Class: 305K(512K)->305K(512K)
[2025-12-16T20:43:43.928+0800][2.443s][info][gc           ] GC(180) Pause Young (Allocation Failure) 31M->0M(202M) 0.059ms
[2025-12-16T20:43:43.928+0800][2.443s][info][gc,cpu       ] GC(180) User=0.00s Sys=0.00s Real=0.00s
[2025-12-16T20:43:43.940+0800][2.454s][info][gc,start     ] GC(181) Pause Young (Allocation Failure)
[2025-12-16T20:43:43.940+0800][2.454s][info][gc,heap      ] GC(181) PSYoungGen: 31296K->64K(31744K)
[2025-12-16T20:43:43.940+0800][2.454s][info][gc,heap      ] GC(181) ParOldGen: 524K->524K(175104K)
[2025-12-16T20:43:43.940+0800][2.454s][info][gc,metaspace ] GC(181) Metaspace: 3388K(4864K)->3388K(4864K) NonClass: 3082K(4352K)->3082K(4352K) Class: 305K(512K)->305K(512K)
[2025-12-16T20:43:43.940+0800][2.454s][info][gc           ] GC(181) Pause Young (Allocation Failure) 31M->0M(202M) 0.057ms
[2025-12-16T20:43:43.940+0800][2.454s][info][gc,cpu       ] GC(181) User=0.00s Sys=0.00s Real=0.00s
[2025-12-16T20:43:43.951+0800][2.466s][info][gc,start     ] GC(182) Pause Young (Allocation Failure)
[2025-12-16T20:43:43.951+0800][2.466s][info][gc,heap      ] GC(182) PSYoungGen: 31296K->32K(31744K)
[2025-12-16T20:43:43.951+0800][2.466s][info][gc,heap      ] GC(182) ParOldGen: 524K->524K(175104K)
[2025-12-16T20:43:43.951+0800][2.466s][info][gc,metaspace ] GC(182) Metaspace: 3388K(4864K)->3388K(4864K) NonClass: 3082K(4352K)->3082K(4352K) Class: 305K(512K)->305K(512K)
[2025-12-16T20:43:43.951+0800][2.466s][info][gc           ] GC(182) Pause Young (Allocation Failure) 31M->0M(202M) 0.071ms
[2025-12-16T20:43:43.951+0800][2.466s][info][gc,cpu       ] GC(182) User=0.00s Sys=0.00s Real=0.00s
[2025-12-16T20:43:43.962+0800][2.477s][info][gc,start     ] GC(183) Pause Young (Allocation Failure)
[2025-12-16T20:43:43.962+0800][2.477s][info][gc,heap      ] GC(183) PSYoungGen: 31264K->64K(31744K)
[2025-12-16T20:43:43.962+0800][2.477s][info][gc,heap      ] GC(183) ParOldGen: 524K->524K(175104K)
[2025-12-16T20:43:43.962+0800][2.477s][info][gc,metaspace ] GC(183) Metaspace: 3388K(4864K)->3388K(4864K) NonClass: 3082K(4352K)->3082K(4352K) Class: 305K(512K)->305K(512K)
[2025-12-16T20:43:43.962+0800][2.477s][info][gc           ] GC(183) Pause Young (Allocation Failure) 31M->0M(202M) 0.061ms
[2025-12-16T20:43:43.962+0800][2.477s][info][gc,cpu       ] GC(183) User=0.00s Sys=0.00s Real=0.00s
[2025-12-16T20:43:43.974+0800][2.489s][info][gc,start     ] GC(184) Pause Young (Allocation Failure)
[2025-12-16T20:43:43.974+0800][2.489s][info][gc,heap      ] GC(184) PSYoungGen: 31296K->64K(31744K)
[2025-12-16T20:43:43.974+0800][2.489s][info][gc,heap      ] GC(184) ParOldGen: 524K->524K(175104K)
[2025-12-16T20:43:43.974+0800][2.489s][info][gc,metaspace ] GC(184) Metaspace: 3388K(4864K)->3388K(4864K) NonClass: 3082K(4352K)->3082K(4352K) Class: 305K(512K)->305K(512K)
[2025-12-16T20:43:43.974+0800][2.489s][info][gc           ] GC(184) Pause Young (Allocation Failure) 31M->0M(202M) 0.061ms
[2025-12-16T20:43:43.974+0800][2.489s][info][gc,cpu       ] GC(184) User=0.00s Sys=0.00s Real=0.00s
[2025-12-16T20:43:43.985+0800][2.500s][info][gc,start     ] GC(185) Pause Young (Allocation Failure)
[2025-12-16T20:43:43.985+0800][2.500s][info][gc,heap      ] GC(185) PSYoungGen: 31296K->64K(31744K)
[2025-12-16T20:43:43.985+0800][2.500s][info][gc,heap      ] GC(185) ParOldGen: 524K->524K(175104K)
[2025-12-16T20:43:43.985+0800][2.500s][info][gc,metaspace ] GC(185) Metaspace: 3388K(4864K)->3388K(4864K) NonClass: 3082K(4352K)->3082K(4352K) Class: 305K(512K)->305K(512K)
[2025-12-16T20:43:43.985+0800][2.500s][info][gc           ] GC(185) Pause Young (Allocation Failure) 31M->0M(202M) 0.066ms
[2025-12-16T20:43:43.985+0800][2.500s][info][gc,cpu       ] GC(185) User=0.00s Sys=0.00s Real=0.00s
[2025-12-16T20:43:43.997+0800][2.512s][info][gc,start     ] GC(186) Pause Young (Allocation Failure)
[2025-12-16T20:43:43.997+0800][2.512s][info][gc,heap      ] GC(186) PSYoungGen: 31296K->64K(31744K)
[2025-12-16T20:43:43.997+0800][2.512s][info][gc,heap      ] GC(186) ParOldGen: 524K->524K(175104K)
[2025-12-16T20:43:43.997+0800][2.512s][info][gc,metaspace ] GC(186) Metaspace: 3388K(4864K)->3388K(4864K) NonClass: 3082K(4352K)->3082K(4352K) Class: 305K(512K)->305K(512K)
[2025-12-16T20:43:43.997+0800][2.512s][info][gc           ] GC(186) Pause Young (Allocation Failure) 31M->0M(202M) 0.057ms
[2025-12-16T20:43:43.997+0800][2.512s][info][gc,cpu       ] GC(186) User=0.00s Sys=0.00s Real=0.00s
[2025-12-16T20:43:44.009+0800][2.524s][info][gc,start     ] GC(187) Pause Young (Allocation Failure)
[2025-12-16T20:43:44.009+0800][2.524s][info][gc,heap      ] GC(187) PSYoungGen: 31296K->32K(31744K)
[2025-12-16T20:43:44.009+0800][2.524s][info][gc,heap      ] GC(187) ParOldGen: 524K->524K(175104K)
[2025-12-16T20:43:44.009+0800][2.524s][info][gc,metaspace ] GC(187) Metaspace: 3388K(4864K)->3388K(4864K) NonClass: 3082K(4352K)->3082K(4352K) Class: 305K(512K)->305K(512K)
[2025-12-16T20:43:44.009+0800][2.524s][info][gc           ] GC(187) Pause Young (Allocation Failure) 31M->0M(202M) 0.065ms
[2025-12-16T20:43:44.009+0800][2.524s][info][gc,cpu       ] GC(187) User=0.00s Sys=0.00s Real=0.00s
[2025-12-16T20:43:44.020+0800][2.535s][info][gc,start     ] GC(188) Pause Young (Allocation Failure)
[2025-12-16T20:43:44.020+0800][2.535s][info][gc,heap      ] GC(188) PSYoungGen: 31264K->64K(31744K)
[2025-12-16T20:43:44.020+0800][2.535s][info][gc,heap      ] GC(188) ParOldGen: 524K->524K(175104K)
[2025-12-16T20:43:44.020+0800][2.535s][info][gc,metaspace ] GC(188) Metaspace: 3388K(4864K)->3388K(4864K) NonClass: 3082K(4352K)->3082K(4352K) Class: 305K(512K)->305K(512K)
[2025-12-16T20:43:44.020+0800][2.535s][info][gc           ] GC(188) Pause Young (Allocation Failure) 31M->0M(202M) 0.069ms
[2025-12-16T20:43:44.020+0800][2.535s][info][gc,cpu       ] GC(188) User=0.00s Sys=0.00s Real=0.00s
[2025-12-16T20:43:44.032+0800][2.547s][info][gc,start     ] GC(189) Pause Young (Allocation Failure)
[2025-12-16T20:43:44.033+0800][2.547s][info][gc,heap      ] GC(189) PSYoungGen: 31296K->64K(31744K)
[2025-12-16T20:43:44.033+0800][2.547s][info][gc,heap      ] GC(189) ParOldGen: 524K->524K(175104K)
[2025-12-16T20:43:44.033+0800][2.547s][info][gc,metaspace ] GC(189) Metaspace: 3388K(4864K)->3388K(4864K) NonClass: 3082K(4352K)->3082K(4352K) Class: 305K(512K)->305K(512K)
[2025-12-16T20:43:44.033+0800][2.547s][info][gc           ] GC(189) Pause Young (Allocation Failure) 31M->0M(202M) 0.079ms
[2025-12-16T20:43:44.033+0800][2.547s][info][gc,cpu       ] GC(189) User=0.00s Sys=0.00s Real=0.00s
[2025-12-16T20:43:44.044+0800][2.559s][info][gc,start     ] GC(190) Pause Young (Allocation Failure)
[2025-12-16T20:43:44.044+0800][2.559s][info][gc,heap      ] GC(190) PSYoungGen: 31296K->64K(31744K)
[2025-12-16T20:43:44.044+0800][2.559s][info][gc,heap      ] GC(190) ParOldGen: 524K->524K(175104K)
[2025-12-16T20:43:44.044+0800][2.559s][info][gc,metaspace ] GC(190) Metaspace: 3388K(4864K)->3388K(4864K) NonClass: 3082K(4352K)->3082K(4352K) Class: 305K(512K)->305K(512K)
[2025-12-16T20:43:44.044+0800][2.559s][info][gc           ] GC(190) Pause Young (Allocation Failure) 31M->0M(202M) 0.087ms
[2025-12-16T20:43:44.044+0800][2.559s][info][gc,cpu       ] GC(190) User=0.01s Sys=0.00s Real=0.00s
[2025-12-16T20:43:44.056+0800][2.570s][info][gc,start     ] GC(191) Pause Young (Allocation Failure)
[2025-12-16T20:43:44.056+0800][2.571s][info][gc,heap      ] GC(191) PSYoungGen: 31296K->64K(31744K)
[2025-12-16T20:43:44.056+0800][2.571s][info][gc,heap      ] GC(191) ParOldGen: 524K->524K(175104K)
[2025-12-16T20:43:44.056+0800][2.571s][info][gc,metaspace ] GC(191) Metaspace: 3388K(4864K)->3388K(4864K) NonClass: 3082K(4352K)->3082K(4352K) Class: 305K(512K)->305K(512K)
[2025-12-16T20:43:44.056+0800][2.571s][info][gc           ] GC(191) Pause Young (Allocation Failure) 31M->0M(202M) 0.067ms
[2025-12-16T20:43:44.056+0800][2.571s][info][gc,cpu       ] GC(191) User=0.00s Sys=0.00s Real=0.00s
[2025-12-16T20:43:44.067+0800][2.582s][info][gc,start     ] GC(192) Pause Young (Allocation Failure)
[2025-12-16T20:43:44.067+0800][2.582s][info][gc,heap      ] GC(192) PSYoungGen: 31296K->64K(31744K)
[2025-12-16T20:43:44.067+0800][2.582s][info][gc,heap      ] GC(192) ParOldGen: 524K->524K(175104K)
[2025-12-16T20:43:44.067+0800][2.582s][info][gc,metaspace ] GC(192) Metaspace: 3388K(4864K)->3388K(4864K) NonClass: 3082K(4352K)->3082K(4352K) Class: 305K(512K)->305K(512K)
[2025-12-16T20:43:44.067+0800][2.582s][info][gc           ] GC(192) Pause Young (Allocation Failure) 31M->0M(202M) 0.065ms
[2025-12-16T20:43:44.067+0800][2.582s][info][gc,cpu       ] GC(192) User=0.00s Sys=0.00s Real=0.00s
[2025-12-16T20:43:44.079+0800][2.594s][info][gc,start     ] GC(193) Pause Young (Allocation Failure)
[2025-12-16T20:43:44.079+0800][2.594s][info][gc,heap      ] GC(193) PSYoungGen: 31296K->64K(31744K)
[2025-12-16T20:43:44.079+0800][2.594s][info][gc,heap      ] GC(193) ParOldGen: 524K->524K(175104K)
[2025-12-16T20:43:44.079+0800][2.594s][info][gc,metaspace ] GC(193) Metaspace: 3388K(4864K)->3388K(4864K) NonClass: 3082K(4352K)->3082K(4352K) Class: 305K(512K)->305K(512K)
[2025-12-16T20:43:44.079+0800][2.594s][info][gc           ] GC(193) Pause Young (Allocation Failure) 31M->0M(202M) 0.063ms
[2025-12-16T20:43:44.079+0800][2.594s][info][gc,cpu       ] GC(193) User=0.00s Sys=0.00s Real=0.00s
[2025-12-16T20:43:44.091+0800][2.605s][info][gc,start     ] GC(194) Pause Young (Allocation Failure)
[2025-12-16T20:43:44.091+0800][2.606s][info][gc,heap      ] GC(194) PSYoungGen: 31296K->64K(31744K)
[2025-12-16T20:43:44.091+0800][2.606s][info][gc,heap      ] GC(194) ParOldGen: 524K->524K(175104K)
[2025-12-16T20:43:44.091+0800][2.606s][info][gc,metaspace ] GC(194) Metaspace: 3388K(4864K)->3388K(4864K) NonClass: 3082K(4352K)->3082K(4352K) Class: 305K(512K)->305K(512K)
[2025-12-16T20:43:44.091+0800][2.606s][info][gc           ] GC(194) Pause Young (Allocation Failure) 31M->0M(202M) 0.056ms
[2025-12-16T20:43:44.091+0800][2.606s][info][gc,cpu       ] GC(194) User=0.00s Sys=0.00s Real=0.00s
[2025-12-16T20:43:44.102+0800][2.617s][info][gc,start     ] GC(195) Pause Young (Allocation Failure)
[2025-12-16T20:43:44.102+0800][2.617s][info][gc,heap      ] GC(195) PSYoungGen: 31296K->64K(31744K)
[2025-12-16T20:43:44.102+0800][2.617s][info][gc,heap      ] GC(195) ParOldGen: 524K->524K(175104K)
[2025-12-16T20:43:44.102+0800][2.617s][info][gc,metaspace ] GC(195) Metaspace: 3388K(4864K)->3388K(4864K) NonClass: 3082K(4352K)->3082K(4352K) Class: 305K(512K)->305K(512K)
[2025-12-16T20:43:44.102+0800][2.617s][info][gc           ] GC(195) Pause Young (Allocation Failure) 31M->0M(202M) 0.062ms
[2025-12-16T20:43:44.102+0800][2.617s][info][gc,cpu       ] GC(195) User=0.00s Sys=0.00s Real=0.00s
[2025-12-16T20:43:44.109+0800][2.624s][info][gc,heap,exit ] Heap
[2025-12-16T20:43:44.109+0800][2.624s][info][gc,heap,exit ]  PSYoungGen      total 31744K, used 18774K [0x0000000555300000, 0x0000000559880000, 0x00000005aa800000)
[2025-12-16T20:43:44.109+0800][2.624s][info][gc,heap,exit ]   eden space 31232K, 59% used [0x0000000555300000,0x0000000556545b60,0x0000000557180000)
[2025-12-16T20:43:44.109+0800][2.624s][info][gc,heap,exit ]   from space 512K, 12% used [0x0000000559800000,0x0000000559810000,0x0000000559880000)
[2025-12-16T20:43:44.109+0800][2.624s][info][gc,heap,exit ]   to   space 512K, 0% used [0x0000000559780000,0x0000000559780000,0x0000000559800000)
[2025-12-16T20:43:44.109+0800][2.624s][info][gc,heap,exit ]  ParOldGen       total 175104K, used 524K [0x00000004aa800000, 0x00000004b5300000, 0x0000000555300000)
[2025-12-16T20:43:44.109+0800][2.624s][info][gc,heap,exit ]   object space 175104K, 0% used [0x00000004aa800000,0x00000004aa883090,0x00000004b5300000)
[2025-12-16T20:43:44.109+0800][2.624s][info][gc,heap,exit ]  Metaspace       used 3396K, capacity 4486K, committed 4864K, reserved 1056768K
[2025-12-16T20:43:44.109+0800][2.624s][info][gc,heap,exit ]   class space    used 306K, capacity 386K, committed 512K, reserved 1048576K
