[2026-01-06T22:06:52.362+0800][0.006s][info][gc,init] Initializing The Z Garbage Collector
[2026-01-06T22:06:52.362+0800][0.006s][info][gc,init] Version: 25.0.1 (release)
[2026-01-06T22:06:52.362+0800][0.006s][info][gc,init] NUMA Support: Disabled
[2026-01-06T22:06:52.362+0800][0.006s][info][gc,init] CPUs: 10 total, 10 available
[2026-01-06T22:06:52.362+0800][0.006s][info][gc,init] Memory: 16384M
[2026-01-06T22:06:52.362+0800][0.006s][info][gc,init] Large Page Support: Disabled
[2026-01-06T22:06:52.362+0800][0.006s][info][gc,init] Address Space Size: unlimited
[2026-01-06T22:06:52.362+0800][0.006s][info][gc,init] Reserved Space Type: Contiguous/Unrestricted/Complete
[2026-01-06T22:06:52.362+0800][0.006s][info][gc,init] Reserved Space Size: 64G
[2026-01-06T22:06:52.362+0800][0.006s][info][gc,init] Min Capacity: 8M
[2026-01-06T22:06:52.362+0800][0.006s][info][gc,init] Initial Capacity: 256M
[2026-01-06T22:06:52.362+0800][0.006s][info][gc,init] Max Capacity: 4096M
[2026-01-06T22:06:52.362+0800][0.006s][info][gc,init] Soft Max Capacity: 3686M
[2026-01-06T22:06:52.362+0800][0.006s][info][gc,init] Page Size Medium: Range [4M, 32M]
[2026-01-06T22:06:52.362+0800][0.006s][info][gc,init] Pre-touch: Disabled
[2026-01-06T22:06:52.362+0800][0.006s][info][gc,init] Uncommit: Enabled
[2026-01-06T22:06:52.362+0800][0.006s][info][gc,init] Uncommit Delay: 300s
[2026-01-06T22:06:52.362+0800][0.006s][info][gc,init] GC Workers for Old Generation: 3 (dynamic)
[2026-01-06T22:06:52.363+0800][0.006s][info][gc,init] GC Workers for Young Generation: 3 (dynamic)
[2026-01-06T22:06:52.363+0800][0.006s][info][gc,init] GC Workers Max: 3 (dynamic)
[2026-01-06T22:06:52.363+0800][0.006s][info][gc,init] Runtime Workers: 6
[2026-01-06T22:06:52.363+0800][0.006s][info][gc     ] Using The Z Garbage Collector
[2026-01-06T22:06:52.373+0800][0.016s][info][gc,metaspace] CDS archive(s) mapped at: [0x000001ff00000000-0x000001ff00d94000-0x000001ff00d94000), size 14237696, SharedBaseAddress: 0x000001ff00000000, ArchiveRelocationMode: 1.
[2026-01-06T22:06:52.373+0800][0.016s][info][gc,metaspace] Compressed class space mapped at: 0x000001ff01000000-0x000001ff41000000, reserved size: 1073741824
[2026-01-06T22:06:52.373+0800][0.016s][info][gc,metaspace] UseCompressedClassPointers 1, UseCompactObjectHeaders 0
[2026-01-06T22:06:52.373+0800][0.016s][info][gc,metaspace] Narrow klass pointer bits 32, Max shift 3
[2026-01-06T22:06:52.373+0800][0.016s][info][gc,metaspace] Narrow klass base: 0x000001ff00000000, Narrow klass shift: 0
[2026-01-06T22:06:52.373+0800][0.016s][info][gc,metaspace] Encoding Range: [0x000001ff00000000 - 0x0000020000000000), (4294967296 bytes)
[2026-01-06T22:06:52.373+0800][0.016s][info][gc,metaspace] Klass Range:    [0x000001ff00004000 - 0x000001ff41000000), (1090502656 bytes)
[2026-01-06T22:06:52.373+0800][0.016s][info][gc,metaspace] Klass ID Range:  [16384 - 1090519033) (1090502649)
[2026-01-06T22:06:52.373+0800][0.016s][info][gc,metaspace] Protection zone: [0x000001ff00000000 - 0x000001ff00004000), (16384 bytes)
[2026-01-06T22:06:52.452+0800][0.095s][info][gc          ] GC(0) Major Collection (Warmup)
[2026-01-06T22:06:52.452+0800][0.096s][info][gc,task     ] GC(0) Using 3 Workers for Young Generation
[2026-01-06T22:06:52.452+0800][0.096s][info][gc,task     ] GC(0) Using 2 Workers for Old Generation
[2026-01-06T22:06:52.452+0800][0.096s][info][gc,phases   ] GC(0) Y: Young Generation
[2026-01-06T22:06:52.452+0800][0.096s][info][gc,phases   ] GC(0) Y: Pause Mark Start (Major) 0.012ms
[2026-01-06T22:06:52.453+0800][0.097s][info][gc,phases   ] GC(0) Y: Concurrent Mark 0.612ms
[2026-01-06T22:06:52.453+0800][0.097s][info][gc,phases   ] GC(0) Y: Pause Mark End 0.004ms
[2026-01-06T22:06:52.453+0800][0.097s][info][gc,phases   ] GC(0) Y: Concurrent Mark Free 0.001ms
[2026-01-06T22:06:52.453+0800][0.097s][info][gc,phases   ] GC(0) Y: Concurrent Reset Relocation Set 0.000ms
[2026-01-06T22:06:52.453+0800][0.097s][info][gc,reloc    ] GC(0) Y: Using tenuring threshold: 1 (Computed)
[2026-01-06T22:06:52.453+0800][0.097s][info][gc,phases   ] GC(0) Y: Concurrent Select Relocation Set 0.436ms
[2026-01-06T22:06:52.454+0800][0.097s][info][gc,phases   ] GC(0) Y: Pause Relocate Start 0.002ms
[2026-01-06T22:06:52.454+0800][0.098s][info][gc,phases   ] GC(0) Y: Concurrent Relocate 0.305ms
[2026-01-06T22:06:52.454+0800][0.098s][info][gc,alloc    ] GC(0) Y:                         Mark Start        Mark End      Relocate Start    Relocate End   
[2026-01-06T22:06:52.454+0800][0.098s][info][gc,alloc    ] GC(0) Y: Allocation Stalls:          0                0                0                0         
[2026-01-06T22:06:52.454+0800][0.098s][info][gc,load     ] GC(0) Y: Load: 1.25 (13%) / 1.66 (17%) / 1.97 (20%)
[2026-01-06T22:06:52.454+0800][0.098s][info][gc,mmu      ] GC(0) Y: MMU: 2ms/99.1%, 5ms/99.7%, 10ms/99.8%, 20ms/99.9%, 50ms/100.0%, 100ms/100.0%
[2026-01-06T22:06:52.454+0800][0.098s][info][gc,marking  ] GC(0) Y: Mark: 2 stripe(s), 2 proactive flush(es), 1 terminate flush(es), 0 completion(s), 0 continuation(s) 
[2026-01-06T22:06:52.454+0800][0.098s][info][gc,nmethod  ] GC(0) Y: NMethods: 89 registered, 0 unregistered
[2026-01-06T22:06:52.454+0800][0.098s][info][gc,metaspace] GC(0) Y: Metaspace: 0M used, 0M committed, 1088M reserved
[2026-01-06T22:06:52.454+0800][0.098s][info][gc,reloc    ] GC(0) Y:                        Candidates     Selected     In-Place         Size        Empty    Relocated 
[2026-01-06T22:06:52.454+0800][0.098s][info][gc,reloc    ] GC(0) Y: Small Pages:                  196            2            0         392M         386M           0M 
[2026-01-06T22:06:52.454+0800][0.098s][info][gc,reloc    ] GC(0) Y: Medium Pages:                   0            0            0           0M           0M           0M 
[2026-01-06T22:06:52.454+0800][0.098s][info][gc,reloc    ] GC(0) Y: Large Pages:                    0            0            0           0M           0M           0M 
[2026-01-06T22:06:52.454+0800][0.098s][info][gc,reloc    ] GC(0) Y: Forwarding Usage: 0M
[2026-01-06T22:06:52.454+0800][0.098s][info][gc,reloc    ] GC(0) Y: Age Table:
[2026-01-06T22:06:52.454+0800][0.098s][info][gc,reloc    ] GC(0) Y:                    Live             Garbage             Small              Medium             Large        
[2026-01-06T22:06:52.454+0800][0.098s][info][gc,reloc    ] GC(0) Y: Eden               0M (0%)          391M (10%)        196 / 2              0 / 0              0 / 0        
[2026-01-06T22:06:52.454+0800][0.098s][info][gc,heap     ] GC(0) Y: Min Capacity: 8M(0%)
[2026-01-06T22:06:52.454+0800][0.098s][info][gc,heap     ] GC(0) Y: Max Capacity: 4096M(100%)
[2026-01-06T22:06:52.454+0800][0.098s][info][gc,heap     ] GC(0) Y: Soft Max Capacity: 3686M(90%)
[2026-01-06T22:06:52.454+0800][0.098s][info][gc,heap     ] GC(0) Y: Heap Statistics:
[2026-01-06T22:06:52.454+0800][0.098s][info][gc,heap     ] GC(0) Y:                Mark Start          Mark End        Relocate Start      Relocate End           High               Low         
[2026-01-06T22:06:52.454+0800][0.098s][info][gc,heap     ] GC(0) Y:  Capacity:      392M (10%)         396M (10%)         396M (10%)         396M (10%)         396M (10%)         392M (10%)    
[2026-01-06T22:06:52.454+0800][0.098s][info][gc,heap     ] GC(0) Y:      Free:     3704M (90%)        3700M (90%)        4086M (100%)       4084M (100%)       4086M (100%)       3700M (90%)    
[2026-01-06T22:06:52.454+0800][0.098s][info][gc,heap     ] GC(0) Y:      Used:      392M (10%)         396M (10%)          10M (0%)           12M (0%)          396M (10%)          10M (0%)     
[2026-01-06T22:06:52.454+0800][0.098s][info][gc,heap     ] GC(0) Y: Young Generation Statistics:
[2026-01-06T22:06:52.454+0800][0.098s][info][gc,heap     ] GC(0) Y:                Mark Start          Mark End        Relocate Start      Relocate End    
[2026-01-06T22:06:52.454+0800][0.098s][info][gc,heap     ] GC(0) Y:      Used:      392M (10%)         396M (10%)          10M (0%)           12M (0%)     
[2026-01-06T22:06:52.454+0800][0.098s][info][gc,heap     ] GC(0) Y:      Live:         -                 0M (0%)            0M (0%)            0M (0%)     
[2026-01-06T22:06:52.454+0800][0.098s][info][gc,heap     ] GC(0) Y:   Garbage:         -               391M (10%)           5M (0%)            0M (0%)     
[2026-01-06T22:06:52.454+0800][0.098s][info][gc,heap     ] GC(0) Y: Allocated:         -                 4M (0%)            4M (0%)           11M (0%)     
[2026-01-06T22:06:52.454+0800][0.098s][info][gc,heap     ] GC(0) Y: Reclaimed:         -                  -               386M (9%)          391M (10%)    
[2026-01-06T22:06:52.454+0800][0.098s][info][gc,heap     ] GC(0) Y:  Promoted:         -                  -                 0M (0%)            0M (0%)     
[2026-01-06T22:06:52.454+0800][0.098s][info][gc,heap     ] GC(0) Y: Compacted:         -                  -                  -                 0M (0%)     
[2026-01-06T22:06:52.454+0800][0.098s][info][gc,phases   ] GC(0) Y: Young Generation 392M(10%)->12M(0%) 0.002s
[2026-01-06T22:06:52.454+0800][0.098s][info][gc,phases   ] GC(0) O: Old Generation
[2026-01-06T22:06:52.454+0800][0.098s][info][gc,phases   ] GC(0) O: Concurrent Mark 0.058ms
[2026-01-06T22:06:52.454+0800][0.098s][info][gc,phases   ] GC(0) O: Pause Mark End 0.003ms
[2026-01-06T22:06:52.454+0800][0.098s][info][gc,phases   ] GC(0) O: Concurrent Mark Free 0.000ms
[2026-01-06T22:06:52.454+0800][0.098s][info][gc,phases   ] GC(0) O: Concurrent Process Non-Strong 0.095ms
[2026-01-06T22:06:52.454+0800][0.098s][info][gc,phases   ] GC(0) O: Concurrent Reset Relocation Set 0.000ms
[2026-01-06T22:06:52.454+0800][0.098s][info][gc,phases   ] GC(0) O: Concurrent Select Relocation Set 0.023ms
[2026-01-06T22:06:52.454+0800][0.098s][info][gc,task     ] GC(0) O: Using 3 Workers for Old Generation
[2026-01-06T22:06:52.454+0800][0.098s][info][gc,task     ] GC(0) O: Using 2 Workers for Old Generation
[2026-01-06T22:06:52.454+0800][0.098s][info][gc,phases   ] GC(0) O: Concurrent Remap Roots 0.045ms
[2026-01-06T22:06:52.454+0800][0.098s][info][gc,phases   ] GC(0) O: Pause Relocate Start 0.002ms
[2026-01-06T22:06:52.454+0800][0.098s][info][gc,phases   ] GC(0) O: Concurrent Relocate 0.011ms
[2026-01-06T22:06:52.454+0800][0.098s][info][gc,alloc    ] GC(0) O:                         Mark Start        Mark End      Relocate Start    Relocate End   
[2026-01-06T22:06:52.454+0800][0.098s][info][gc,alloc    ] GC(0) O: Allocation Stalls:          0                0                0                0         
[2026-01-06T22:06:52.454+0800][0.098s][info][gc,load     ] GC(0) O: Load: 1.25 (13%) / 1.66 (17%) / 1.97 (20%)
[2026-01-06T22:06:52.454+0800][0.098s][info][gc,mmu      ] GC(0) O: MMU: 2ms/98.9%, 5ms/99.6%, 10ms/99.8%, 20ms/99.9%, 50ms/100.0%, 100ms/100.0%
[2026-01-06T22:06:52.454+0800][0.098s][info][gc,marking  ] GC(0) O: Mark: 2 stripe(s), 1 proactive flush(es), 1 terminate flush(es), 0 completion(s), 0 continuation(s) 
[2026-01-06T22:06:52.454+0800][0.098s][info][gc,nmethod  ] GC(0) O: NMethods: 86 registered, 3 unregistered
[2026-01-06T22:06:52.454+0800][0.098s][info][gc,metaspace] GC(0) O: Metaspace: 0M used, 0M committed, 1088M reserved
[2026-01-06T22:06:52.454+0800][0.098s][info][gc,ref      ] GC(0) O:                       Encountered   Discovered     Enqueued 
[2026-01-06T22:06:52.454+0800][0.098s][info][gc,ref      ] GC(0) O: Soft References:                1            0            0 
[2026-01-06T22:06:52.454+0800][0.098s][info][gc,ref      ] GC(0) O: Weak References:                6            0            0 
[2026-01-06T22:06:52.454+0800][0.098s][info][gc,ref      ] GC(0) O: Final References:               0            0            0 
[2026-01-06T22:06:52.454+0800][0.098s][info][gc,ref      ] GC(0) O: Phantom References:             1            0            0 
[2026-01-06T22:06:52.454+0800][0.098s][info][gc,heap     ] GC(0) O: Min Capacity: 8M(0%)
[2026-01-06T22:06:52.454+0800][0.098s][info][gc,heap     ] GC(0) O: Max Capacity: 4096M(100%)
[2026-01-06T22:06:52.454+0800][0.098s][info][gc,heap     ] GC(0) O: Soft Max Capacity: 3686M(90%)
[2026-01-06T22:06:52.454+0800][0.098s][info][gc,heap     ] GC(0) O: Heap Statistics:
[2026-01-06T22:06:52.454+0800][0.098s][info][gc,heap     ] GC(0) O:                Mark Start          Mark End        Relocate Start      Relocate End           High               Low         
[2026-01-06T22:06:52.454+0800][0.098s][info][gc,heap     ] GC(0) O:  Capacity:      392M (10%)         396M (10%)         396M (10%)         396M (10%)         396M (10%)         392M (10%)    
[2026-01-06T22:06:52.454+0800][0.098s][info][gc,heap     ] GC(0) O:      Free:     3704M (90%)        4082M (100%)       4080M (100%)       4080M (100%)       4086M (100%)       3700M (90%)    
[2026-01-06T22:06:52.454+0800][0.098s][info][gc,heap     ] GC(0) O:      Used:      392M (10%)          14M (0%)           16M (0%)           16M (0%)          396M (10%)          10M (0%)     
[2026-01-06T22:06:52.454+0800][0.098s][info][gc,heap     ] GC(0) O: Old Generation Statistics:
[2026-01-06T22:06:52.454+0800][0.098s][info][gc,heap     ] GC(0) O:                Mark Start          Mark End        Relocate Start      Relocate End    
[2026-01-06T22:06:52.454+0800][0.098s][info][gc,heap     ] GC(0) O:      Used:        0M (0%)            0M (0%)            0M (0%)            0M (0%)     
[2026-01-06T22:06:52.454+0800][0.098s][info][gc,heap     ] GC(0) O:      Live:         -                 0M (0%)            0M (0%)            0M (0%)     
[2026-01-06T22:06:52.454+0800][0.098s][info][gc,heap     ] GC(0) O:   Garbage:         -                 0M (0%)            0M (0%)            0M (0%)     
[2026-01-06T22:06:52.454+0800][0.098s][info][gc,heap     ] GC(0) O: Allocated:         -                 0M (0%)            0M (0%)            0M (0%)     
[2026-01-06T22:06:52.454+0800][0.098s][info][gc,heap     ] GC(0) O: Reclaimed:         -                  -                 0M (0%)            0M (0%)     
[2026-01-06T22:06:52.454+0800][0.098s][info][gc,heap     ] GC(0) O: Compacted:         -                  -                  -                 0M (0%)     
[2026-01-06T22:06:52.454+0800][0.098s][info][gc,phases   ] GC(0) O: Old Generation 14M(0%)->16M(0%) 0.000s
[2026-01-06T22:06:52.455+0800][0.098s][info][gc          ] GC(0) Major Collection (Warmup) 392M(10%)->18M(0%) 0.003s
[2026-01-06T22:06:52.552+0800][0.196s][info][gc          ] GC(1) Major Collection (Warmup)
[2026-01-06T22:06:52.552+0800][0.196s][info][gc,task     ] GC(1) Using 3 Workers for Young Generation
[2026-01-06T22:06:52.552+0800][0.196s][info][gc,task     ] GC(1) Using 1 Workers for Old Generation
[2026-01-06T22:06:52.552+0800][0.196s][info][gc,phases   ] GC(1) Y: Young Generation
[2026-01-06T22:06:52.553+0800][0.196s][info][gc,phases   ] GC(1) Y: Pause Mark Start (Major) 0.005ms
[2026-01-06T22:06:52.553+0800][0.197s][info][gc,phases   ] GC(1) Y: Concurrent Mark 0.581ms
[2026-01-06T22:06:52.553+0800][0.197s][info][gc,phases   ] GC(1) Y: Pause Mark End 0.004ms
[2026-01-06T22:06:52.553+0800][0.197s][info][gc,phases   ] GC(1) Y: Concurrent Mark Free 0.001ms
[2026-01-06T22:06:52.553+0800][0.197s][info][gc,phases   ] GC(1) Y: Concurrent Reset Relocation Set 0.001ms
[2026-01-06T22:06:52.554+0800][0.197s][info][gc,reloc    ] GC(1) Y: Using tenuring threshold: 1 (Computed)
[2026-01-06T22:06:52.554+0800][0.198s][info][gc,phases   ] GC(1) Y: Concurrent Select Relocation Set 0.630ms
[2026-01-06T22:06:52.554+0800][0.198s][info][gc,phases   ] GC(1) Y: Pause Relocate Start 0.001ms
[2026-01-06T22:06:52.554+0800][0.198s][info][gc,phases   ] GC(1) Y: Concurrent Relocate 0.632ms
[2026-01-06T22:06:52.555+0800][0.198s][info][gc,alloc    ] GC(1) Y:                         Mark Start        Mark End      Relocate Start    Relocate End   
[2026-01-06T22:06:52.555+0800][0.198s][info][gc,alloc    ] GC(1) Y: Allocation Stalls:          0                0                0                0         
[2026-01-06T22:06:52.555+0800][0.198s][info][gc,load     ] GC(1) Y: Load: 1.25 (13%) / 1.66 (17%) / 1.97 (20%)
[2026-01-06T22:06:52.555+0800][0.198s][info][gc,mmu      ] GC(1) Y: MMU: 2ms/98.9%, 5ms/99.6%, 10ms/99.8%, 20ms/99.9%, 50ms/100.0%, 100ms/100.0%
[2026-01-06T22:06:52.555+0800][0.198s][info][gc,marking  ] GC(1) Y: Mark: 2 stripe(s), 3 proactive flush(es), 1 terminate flush(es), 0 completion(s), 0 continuation(s) 
[2026-01-06T22:06:52.555+0800][0.198s][info][gc,nmethod  ] GC(1) Y: NMethods: 120 registered, 3 unregistered
[2026-01-06T22:06:52.555+0800][0.198s][info][gc,metaspace] GC(1) Y: Metaspace: 0M used, 0M committed, 1088M reserved
[2026-01-06T22:06:52.555+0800][0.198s][info][gc,reloc    ] GC(1) Y:                        Candidates     Selected     In-Place         Size        Empty    Relocated 
[2026-01-06T22:06:52.555+0800][0.198s][info][gc,reloc    ] GC(1) Y: Small Pages:                  378            2            0         756M         750M           0M 
[2026-01-06T22:06:52.555+0800][0.198s][info][gc,reloc    ] GC(1) Y: Medium Pages:                   0            0            0           0M           0M           0M 
[2026-01-06T22:06:52.555+0800][0.198s][info][gc,reloc    ] GC(1) Y: Large Pages:                    0            0            0           0M           0M           0M 
[2026-01-06T22:06:52.555+0800][0.198s][info][gc,reloc    ] GC(1) Y: Forwarding Usage: 0M
[2026-01-06T22:06:52.555+0800][0.198s][info][gc,reloc    ] GC(1) Y: Age Table:
[2026-01-06T22:06:52.555+0800][0.198s][info][gc,reloc    ] GC(1) Y:                    Live             Garbage             Small              Medium             Large        
[2026-01-06T22:06:52.555+0800][0.198s][info][gc,reloc    ] GC(1) Y: Eden               0M (0%)          747M (18%)        374 / 0              0 / 0              0 / 0        
[2026-01-06T22:06:52.555+0800][0.198s][info][gc,reloc    ] GC(1) Y: Survivor 1         0M (0%)            7M (0%)           4 / 2              0 / 0              0 / 0        
[2026-01-06T22:06:52.555+0800][0.198s][info][gc,heap     ] GC(1) Y: Min Capacity: 8M(0%)
[2026-01-06T22:06:52.555+0800][0.198s][info][gc,heap     ] GC(1) Y: Max Capacity: 4096M(100%)
[2026-01-06T22:06:52.555+0800][0.198s][info][gc,heap     ] GC(1) Y: Soft Max Capacity: 3686M(90%)
[2026-01-06T22:06:52.555+0800][0.198s][info][gc,heap     ] GC(1) Y: Heap Statistics:
[2026-01-06T22:06:52.555+0800][0.198s][info][gc,heap     ] GC(1) Y:                Mark Start          Mark End        Relocate Start      Relocate End           High               Low         
[2026-01-06T22:06:52.555+0800][0.198s][info][gc,heap     ] GC(1) Y:  Capacity:      756M (18%)         762M (19%)         762M (19%)         762M (19%)         762M (19%)         756M (18%)    
[2026-01-06T22:06:52.555+0800][0.198s][info][gc,heap     ] GC(1) Y:      Free:     3340M (82%)        3334M (81%)        4080M (100%)       4070M (99%)        4082M (100%)       3334M (81%)    
[2026-01-06T22:06:52.555+0800][0.198s][info][gc,heap     ] GC(1) Y:      Used:      756M (18%)         762M (19%)          16M (0%)           26M (1%)          762M (19%)          14M (0%)     
[2026-01-06T22:06:52.555+0800][0.198s][info][gc,heap     ] GC(1) Y: Young Generation Statistics:
[2026-01-06T22:06:52.555+0800][0.198s][info][gc,heap     ] GC(1) Y:                Mark Start          Mark End        Relocate Start      Relocate End    
[2026-01-06T22:06:52.555+0800][0.198s][info][gc,heap     ] GC(1) Y:      Used:      756M (18%)         762M (19%)          16M (0%)           22M (1%)     
[2026-01-06T22:06:52.555+0800][0.198s][info][gc,heap     ] GC(1) Y:      Live:         -                 0M (0%)            0M (0%)            0M (0%)     
[2026-01-06T22:06:52.555+0800][0.198s][info][gc,heap     ] GC(1) Y:   Garbage:         -               755M (18%)           5M (0%)            0M (0%)     
[2026-01-06T22:06:52.555+0800][0.198s][info][gc,heap     ] GC(1) Y: Allocated:         -                 6M (0%)           10M (0%)           21M (1%)     
[2026-01-06T22:06:52.555+0800][0.198s][info][gc,heap     ] GC(1) Y: Reclaimed:         -                  -               750M (18%)         755M (18%)    
[2026-01-06T22:06:52.555+0800][0.198s][info][gc,heap     ] GC(1) Y:  Promoted:         -                  -                 0M (0%)            0M (0%)     
[2026-01-06T22:06:52.555+0800][0.198s][info][gc,heap     ] GC(1) Y: Compacted:         -                  -                  -                 0M (0%)     
[2026-01-06T22:06:52.555+0800][0.198s][info][gc,phases   ] GC(1) Y: Young Generation 756M(18%)->26M(1%) 0.002s
[2026-01-06T22:06:52.555+0800][0.198s][info][gc,phases   ] GC(1) O: Old Generation
[2026-01-06T22:06:52.555+0800][0.199s][info][gc,phases   ] GC(1) O: Concurrent Mark 0.080ms
[2026-01-06T22:06:52.555+0800][0.199s][info][gc,phases   ] GC(1) O: Pause Mark End 0.004ms
[2026-01-06T22:06:52.555+0800][0.199s][info][gc,phases   ] GC(1) O: Concurrent Mark Free 0.000ms
[2026-01-06T22:06:52.555+0800][0.199s][info][gc,phases   ] GC(1) O: Concurrent Process Non-Strong 0.142ms
[2026-01-06T22:06:52.555+0800][0.199s][info][gc,phases   ] GC(1) O: Concurrent Reset Relocation Set 0.000ms
[2026-01-06T22:06:52.555+0800][0.199s][info][gc,phases   ] GC(1) O: Concurrent Select Relocation Set 0.017ms
[2026-01-06T22:06:52.555+0800][0.199s][info][gc,task     ] GC(1) O: Using 3 Workers for Old Generation
[2026-01-06T22:06:52.555+0800][0.199s][info][gc,task     ] GC(1) O: Using 1 Workers for Old Generation
[2026-01-06T22:06:52.555+0800][0.199s][info][gc,phases   ] GC(1) O: Concurrent Remap Roots 0.126ms
[2026-01-06T22:06:52.555+0800][0.199s][info][gc,phases   ] GC(1) O: Pause Relocate Start 0.002ms
[2026-01-06T22:06:52.555+0800][0.199s][info][gc,phases   ] GC(1) O: Concurrent Relocate 0.006ms
[2026-01-06T22:06:52.555+0800][0.199s][info][gc,alloc    ] GC(1) O:                         Mark Start        Mark End      Relocate Start    Relocate End   
[2026-01-06T22:06:52.555+0800][0.199s][info][gc,alloc    ] GC(1) O: Allocation Stalls:          0                0                0                0         
[2026-01-06T22:06:52.555+0800][0.199s][info][gc,load     ] GC(1) O: Load: 1.25 (13%) / 1.66 (17%) / 1.97 (20%)
[2026-01-06T22:06:52.555+0800][0.199s][info][gc,mmu      ] GC(1) O: MMU: 2ms/98.9%, 5ms/99.6%, 10ms/99.8%, 20ms/99.9%, 50ms/100.0%, 100ms/100.0%
[2026-01-06T22:06:52.555+0800][0.199s][info][gc,marking  ] GC(1) O: Mark: 1 stripe(s), 1 proactive flush(es), 1 terminate flush(es), 0 completion(s), 0 continuation(s) 
[2026-01-06T22:06:52.555+0800][0.199s][info][gc,nmethod  ] GC(1) O: NMethods: 120 registered, 3 unregistered
[2026-01-06T22:06:52.555+0800][0.199s][info][gc,metaspace] GC(1) O: Metaspace: 0M used, 0M committed, 1088M reserved
[2026-01-06T22:06:52.555+0800][0.199s][info][gc,ref      ] GC(1) O:                       Encountered   Discovered     Enqueued 
[2026-01-06T22:06:52.555+0800][0.199s][info][gc,ref      ] GC(1) O: Soft References:                1            0            0 
[2026-01-06T22:06:52.555+0800][0.199s][info][gc,ref      ] GC(1) O: Weak References:                6            0            0 
[2026-01-06T22:06:52.555+0800][0.199s][info][gc,ref      ] GC(1) O: Final References:               0            0            0 
[2026-01-06T22:06:52.555+0800][0.199s][info][gc,ref      ] GC(1) O: Phantom References:             1            0            0 
[2026-01-06T22:06:52.555+0800][0.199s][info][gc,heap     ] GC(1) O: Min Capacity: 8M(0%)
[2026-01-06T22:06:52.555+0800][0.199s][info][gc,heap     ] GC(1) O: Max Capacity: 4096M(100%)
[2026-01-06T22:06:52.555+0800][0.199s][info][gc,heap     ] GC(1) O: Soft Max Capacity: 3686M(90%)
[2026-01-06T22:06:52.555+0800][0.199s][info][gc,heap     ] GC(1) O: Heap Statistics:
[2026-01-06T22:06:52.555+0800][0.199s][info][gc,heap     ] GC(1) O:                Mark Start          Mark End        Relocate Start      Relocate End           High               Low         
[2026-01-06T22:06:52.555+0800][0.199s][info][gc,heap     ] GC(1) O:  Capacity:      756M (18%)         762M (19%)         762M (19%)         762M (19%)         762M (19%)         756M (18%)    
[2026-01-06T22:06:52.555+0800][0.199s][info][gc,heap     ] GC(1) O:      Free:     3340M (82%)        4068M (99%)        4062M (99%)        4062M (99%)        4082M (100%)       3334M (81%)    
[2026-01-06T22:06:52.555+0800][0.199s][info][gc,heap     ] GC(1) O:      Used:      756M (18%)          28M (1%)           34M (1%)           34M (1%)          762M (19%)          14M (0%)     
[2026-01-06T22:06:52.555+0800][0.199s][info][gc,heap     ] GC(1) O: Old Generation Statistics:
[2026-01-06T22:06:52.555+0800][0.199s][info][gc,heap     ] GC(1) O:                Mark Start          Mark End        Relocate Start      Relocate End    
[2026-01-06T22:06:52.555+0800][0.199s][info][gc,heap     ] GC(1) O:      Used:        0M (0%)            4M (0%)            4M (0%)            4M (0%)     
[2026-01-06T22:06:52.555+0800][0.199s][info][gc,heap     ] GC(1) O:      Live:         -                 0M (0%)            0M (0%)            0M (0%)     
[2026-01-06T22:06:52.555+0800][0.199s][info][gc,heap     ] GC(1) O:   Garbage:         -                 0M (0%)            0M (0%)            0M (0%)     
[2026-01-06T22:06:52.555+0800][0.199s][info][gc,heap     ] GC(1) O: Allocated:         -                 4M (0%)            4M (0%)            4M (0%)     
[2026-01-06T22:06:52.555+0800][0.199s][info][gc,heap     ] GC(1) O: Reclaimed:         -                  -                 0M (0%)            0M (0%)     
[2026-01-06T22:06:52.555+0800][0.199s][info][gc,heap     ] GC(1) O: Compacted:         -                  -                  -                 0M (0%)     
[2026-01-06T22:06:52.555+0800][0.199s][info][gc,phases   ] GC(1) O: Old Generation 28M(1%)->34M(1%) 0.000s
[2026-01-06T22:06:52.555+0800][0.199s][info][gc          ] GC(1) Major Collection (Warmup) 756M(18%)->36M(1%) 0.003s
[2026-01-06T22:06:52.656+0800][0.299s][info][gc          ] GC(2) Major Collection (Warmup)
[2026-01-06T22:06:52.656+0800][0.299s][info][gc,task     ] GC(2) Using 3 Workers for Young Generation
[2026-01-06T22:06:52.656+0800][0.300s][info][gc,task     ] GC(2) Using 1 Workers for Old Generation
[2026-01-06T22:06:52.656+0800][0.300s][info][gc,phases   ] GC(2) Y: Young Generation
[2026-01-06T22:06:52.656+0800][0.300s][info][gc,phases   ] GC(2) Y: Pause Mark Start (Major) 0.006ms
[2026-01-06T22:06:52.659+0800][0.303s][info][gc,phases   ] GC(2) Y: Concurrent Mark 3.103ms
[2026-01-06T22:06:52.659+0800][0.303s][info][gc,phases   ] GC(2) Y: Pause Mark End 0.005ms
[2026-01-06T22:06:52.659+0800][0.303s][info][gc,phases   ] GC(2) Y: Concurrent Mark Free 0.000ms
[2026-01-06T22:06:52.659+0800][0.303s][info][gc,phases   ] GC(2) Y: Concurrent Reset Relocation Set 0.019ms
[2026-01-06T22:06:52.660+0800][0.304s][info][gc,reloc    ] GC(2) Y: Using tenuring threshold: 1 (Computed)
[2026-01-06T22:06:52.660+0800][0.304s][info][gc,phases   ] GC(2) Y: Concurrent Select Relocation Set 0.996ms
[2026-01-06T22:06:52.660+0800][0.304s][info][gc,phases   ] GC(2) Y: Pause Relocate Start 0.002ms
[2026-01-06T22:06:52.660+0800][0.304s][info][gc,phases   ] GC(2) Y: Concurrent Relocate 0.038ms
[2026-01-06T22:06:52.660+0800][0.304s][info][gc,alloc    ] GC(2) Y:                         Mark Start        Mark End      Relocate Start    Relocate End   
[2026-01-06T22:06:52.660+0800][0.304s][info][gc,alloc    ] GC(2) Y: Allocation Stalls:          0                0                0                0         
[2026-01-06T22:06:52.660+0800][0.304s][info][gc,load     ] GC(2) Y: Load: 1.25 (13%) / 1.66 (17%) / 1.97 (20%)
[2026-01-06T22:06:52.660+0800][0.304s][info][gc,mmu      ] GC(2) Y: MMU: 2ms/98.9%, 5ms/99.6%, 10ms/99.8%, 20ms/99.9%, 50ms/100.0%, 100ms/100.0%
[2026-01-06T22:06:52.660+0800][0.304s][info][gc,marking  ] GC(2) Y: Mark: 2 stripe(s), 2 proactive flush(es), 1 terminate flush(es), 0 completion(s), 0 continuation(s) 
[2026-01-06T22:06:52.660+0800][0.304s][info][gc,nmethod  ] GC(2) Y: NMethods: 146 registered, 3 unregistered
[2026-01-06T22:06:52.660+0800][0.304s][info][gc,metaspace] GC(2) Y: Metaspace: 0M used, 0M committed, 1088M reserved
[2026-01-06T22:06:52.660+0800][0.304s][info][gc,reloc    ] GC(2) Y:                        Candidates     Selected     In-Place         Size        Empty    Relocated 
[2026-01-06T22:06:52.660+0800][0.304s][info][gc,reloc    ] GC(2) Y: Small Pages:                  555            1            0        1110M        1106M           0M 
[2026-01-06T22:06:52.660+0800][0.304s][info][gc,reloc    ] GC(2) Y: Medium Pages:                   0            0            0           0M           0M           0M 
[2026-01-06T22:06:52.660+0800][0.304s][info][gc,reloc    ] GC(2) Y: Large Pages:                    0            0            0           0M           0M           0M 
[2026-01-06T22:06:52.660+0800][0.304s][info][gc,reloc    ] GC(2) Y: Forwarding Usage: 0M
[2026-01-06T22:06:52.660+0800][0.304s][info][gc,reloc    ] GC(2) Y: Age Table:
[2026-01-06T22:06:52.660+0800][0.304s][info][gc,reloc    ] GC(2) Y:                    Live             Garbage             Small              Medium             Large        
[2026-01-06T22:06:52.660+0800][0.304s][info][gc,reloc    ] GC(2) Y: Eden               0M (0%)         1107M (27%)        554 / 1              0 / 0              0 / 0        
[2026-01-06T22:06:52.660+0800][0.304s][info][gc,reloc    ] GC(2) Y: Survivor 1          -                 2M (0%)           1 / 0              0 / 0              0 / 0        
[2026-01-06T22:06:52.660+0800][0.304s][info][gc,heap     ] GC(2) Y: Min Capacity: 8M(0%)
[2026-01-06T22:06:52.660+0800][0.304s][info][gc,heap     ] GC(2) Y: Max Capacity: 4096M(100%)
[2026-01-06T22:06:52.660+0800][0.304s][info][gc,heap     ] GC(2) Y: Soft Max Capacity: 3686M(90%)
[2026-01-06T22:06:52.660+0800][0.304s][info][gc,heap     ] GC(2) Y: Heap Statistics:
[2026-01-06T22:06:52.660+0800][0.304s][info][gc,heap     ] GC(2) Y:                Mark Start          Mark End        Relocate Start      Relocate End           High               Low         
[2026-01-06T22:06:52.660+0800][0.304s][info][gc,heap     ] GC(2) Y:  Capacity:     1114M (27%)        1122M (27%)        1122M (27%)        1122M (27%)        1122M (27%)        1114M (27%)    
[2026-01-06T22:06:52.660+0800][0.304s][info][gc,heap     ] GC(2) Y:      Free:     2982M (73%)        2974M (73%)        4078M (100%)       4078M (100%)       4078M (100%)       2974M (73%)    
[2026-01-06T22:06:52.660+0800][0.304s][info][gc,heap     ] GC(2) Y:      Used:     1114M (27%)        1122M (27%)          18M (0%)           18M (0%)         1122M (27%)          18M (0%)     
[2026-01-06T22:06:52.660+0800][0.304s][info][gc,heap     ] GC(2) Y: Young Generation Statistics:
[2026-01-06T22:06:52.660+0800][0.304s][info][gc,heap     ] GC(2) Y:                Mark Start          Mark End        Relocate Start      Relocate End    
[2026-01-06T22:06:52.660+0800][0.304s][info][gc,heap     ] GC(2) Y:      Used:     1110M (27%)        1118M (27%)          14M (0%)           14M (0%)     
[2026-01-06T22:06:52.660+0800][0.304s][info][gc,heap     ] GC(2) Y:      Live:         -                 0M (0%)            0M (0%)            0M (0%)     
[2026-01-06T22:06:52.660+0800][0.304s][info][gc,heap     ] GC(2) Y:   Garbage:         -              1109M (27%)           3M (0%)            0M (0%)     
[2026-01-06T22:06:52.660+0800][0.304s][info][gc,heap     ] GC(2) Y: Allocated:         -                 8M (0%)           10M (0%)           13M (0%)     
[2026-01-06T22:06:52.660+0800][0.304s][info][gc,heap     ] GC(2) Y: Reclaimed:         -                  -              1106M (27%)        1109M (27%)    
[2026-01-06T22:06:52.660+0800][0.304s][info][gc,heap     ] GC(2) Y:  Promoted:         -                  -                 0M (0%)            0M (0%)     
[2026-01-06T22:06:52.660+0800][0.304s][info][gc,heap     ] GC(2) Y: Compacted:         -                  -                  -                 0M (0%)     
[2026-01-06T22:06:52.660+0800][0.304s][info][gc,phases   ] GC(2) Y: Young Generation 1114M(27%)->18M(0%) 0.004s
[2026-01-06T22:06:52.660+0800][0.304s][info][gc,phases   ] GC(2) O: Old Generation
[2026-01-06T22:06:52.661+0800][0.305s][info][gc,phases   ] GC(2) O: Concurrent Mark 0.610ms
[2026-01-06T22:06:52.661+0800][0.305s][info][gc,phases   ] GC(2) O: Pause Mark End 0.003ms
[2026-01-06T22:06:52.661+0800][0.305s][info][gc,phases   ] GC(2) O: Concurrent Mark Free 0.000ms
[2026-01-06T22:06:52.661+0800][0.305s][info][gc,phases   ] GC(2) O: Concurrent Process Non-Strong 0.132ms
[2026-01-06T22:06:52.661+0800][0.305s][info][gc,phases   ] GC(2) O: Concurrent Reset Relocation Set 0.000ms
[2026-01-06T22:06:52.661+0800][0.305s][info][gc,phases   ] GC(2) O: Concurrent Select Relocation Set 0.021ms
[2026-01-06T22:06:52.661+0800][0.305s][info][gc,task     ] GC(2) O: Using 3 Workers for Old Generation
[2026-01-06T22:06:52.661+0800][0.305s][info][gc,task     ] GC(2) O: Using 1 Workers for Old Generation
[2026-01-06T22:06:52.661+0800][0.305s][info][gc,phases   ] GC(2) O: Concurrent Remap Roots 0.076ms
[2026-01-06T22:06:52.661+0800][0.305s][info][gc,phases   ] GC(2) O: Pause Relocate Start 0.002ms
[2026-01-06T22:06:52.661+0800][0.305s][info][gc,phases   ] GC(2) O: Concurrent Relocate 0.313ms
[2026-01-06T22:06:52.662+0800][0.305s][info][gc,alloc    ] GC(2) O:                         Mark Start        Mark End      Relocate Start    Relocate End   
[2026-01-06T22:06:52.662+0800][0.305s][info][gc,alloc    ] GC(2) O: Allocation Stalls:          0                0                0                0         
[2026-01-06T22:06:52.662+0800][0.305s][info][gc,load     ] GC(2) O: Load: 1.25 (13%) / 1.66 (17%) / 1.97 (20%)
[2026-01-06T22:06:52.662+0800][0.305s][info][gc,mmu      ] GC(2) O: MMU: 2ms/98.9%, 5ms/99.6%, 10ms/99.8%, 20ms/99.9%, 50ms/100.0%, 100ms/100.0%
[2026-01-06T22:06:52.662+0800][0.305s][info][gc,marking  ] GC(2) O: Mark: 1 stripe(s), 2 proactive flush(es), 1 terminate flush(es), 0 completion(s), 0 continuation(s) 
[2026-01-06T22:06:52.662+0800][0.305s][info][gc,nmethod  ] GC(2) O: NMethods: 121 registered, 29 unregistered
[2026-01-06T22:06:52.662+0800][0.305s][info][gc,metaspace] GC(2) O: Metaspace: 0M used, 0M committed, 1088M reserved
[2026-01-06T22:06:52.662+0800][0.305s][info][gc,ref      ] GC(2) O:                       Encountered   Discovered     Enqueued 
[2026-01-06T22:06:52.662+0800][0.305s][info][gc,ref      ] GC(2) O: Soft References:                1            0            0 
[2026-01-06T22:06:52.662+0800][0.305s][info][gc,ref      ] GC(2) O: Weak References:                6            0            0 
[2026-01-06T22:06:52.662+0800][0.305s][info][gc,ref      ] GC(2) O: Final References:               0            0            0 
[2026-01-06T22:06:52.662+0800][0.305s][info][gc,ref      ] GC(2) O: Phantom References:             1            1            0 
[2026-01-06T22:06:52.662+0800][0.305s][info][gc,reloc    ] GC(2) O:                        Candidates     Selected     In-Place         Size        Empty    Relocated 
[2026-01-06T22:06:52.662+0800][0.305s][info][gc,reloc    ] GC(2) O: Small Pages:                    2            1            0           4M           0M           0M 
[2026-01-06T22:06:52.662+0800][0.305s][info][gc,reloc    ] GC(2) O: Medium Pages:                   0            0            0           0M           0M           0M 
[2026-01-06T22:06:52.662+0800][0.305s][info][gc,reloc    ] GC(2) O: Large Pages:                    0            0            0           0M           0M           0M 
[2026-01-06T22:06:52.662+0800][0.305s][info][gc,reloc    ] GC(2) O: Forwarding Usage: 0M
[2026-01-06T22:06:52.662+0800][0.305s][info][gc,heap     ] GC(2) O: Min Capacity: 8M(0%)
[2026-01-06T22:06:52.662+0800][0.305s][info][gc,heap     ] GC(2) O: Max Capacity: 4096M(100%)
[2026-01-06T22:06:52.662+0800][0.305s][info][gc,heap     ] GC(2) O: Soft Max Capacity: 3686M(90%)
[2026-01-06T22:06:52.662+0800][0.305s][info][gc,heap     ] GC(2) O: Heap Statistics:
[2026-01-06T22:06:52.662+0800][0.305s][info][gc,heap     ] GC(2) O:                Mark Start          Mark End        Relocate Start      Relocate End           High               Low         
[2026-01-06T22:06:52.662+0800][0.305s][info][gc,heap     ] GC(2) O:  Capacity:     1114M (27%)        1122M (27%)        1122M (27%)        1122M (27%)        1122M (27%)        1114M (27%)    
[2026-01-06T22:06:52.662+0800][0.305s][info][gc,heap     ] GC(2) O:      Free:     2982M (73%)        4072M (99%)        4068M (99%)        4066M (99%)        4078M (100%)       2974M (73%)    
[2026-01-06T22:06:52.662+0800][0.305s][info][gc,heap     ] GC(2) O:      Used:     1114M (27%)          24M (1%)           28M (1%)           30M (1%)         1122M (27%)          18M (0%)     
[2026-01-06T22:06:52.662+0800][0.305s][info][gc,heap     ] GC(2) O: Old Generation Statistics:
[2026-01-06T22:06:52.662+0800][0.305s][info][gc,heap     ] GC(2) O:                Mark Start          Mark End        Relocate Start      Relocate End    
[2026-01-06T22:06:52.662+0800][0.305s][info][gc,heap     ] GC(2) O:      Used:        4M (0%)            4M (0%)            4M (0%)            4M (0%)     
[2026-01-06T22:06:52.662+0800][0.305s][info][gc,heap     ] GC(2) O:      Live:         -                 0M (0%)            0M (0%)            0M (0%)     
[2026-01-06T22:06:52.662+0800][0.305s][info][gc,heap     ] GC(2) O:   Garbage:         -                 3M (0%)            3M (0%)            0M (0%)     
[2026-01-06T22:06:52.662+0800][0.305s][info][gc,heap     ] GC(2) O: Allocated:         -                 0M (0%)            0M (0%)            3M (0%)     
[2026-01-06T22:06:52.662+0800][0.305s][info][gc,heap     ] GC(2) O: Reclaimed:         -                  -                 0M (0%)            3M (0%)     
[2026-01-06T22:06:52.662+0800][0.305s][info][gc,heap     ] GC(2) O: Compacted:         -                  -                  -                 0M (0%)     
[2026-01-06T22:06:52.662+0800][0.305s][info][gc,phases   ] GC(2) O: Old Generation 20M(0%)->30M(1%) 0.001s
[2026-01-06T22:06:52.662+0800][0.305s][info][gc          ] GC(2) Major Collection (Warmup) 1114M(27%)->32M(1%) 0.006s
[2026-01-06T22:06:53.119+0800][0.763s][info][gc          ] GC(3) Minor Collection (High Usage)
[2026-01-06T22:06:53.119+0800][0.763s][info][gc,task     ] GC(3) Using 1 Workers for Young Generation
[2026-01-06T22:06:53.119+0800][0.763s][info][gc,phases   ] GC(3) y: Young Generation
[2026-01-06T22:06:53.120+0800][0.763s][info][gc,phases   ] GC(3) y: Pause Mark Start 0.004ms
[2026-01-06T22:06:53.121+0800][0.764s][info][gc,phases   ] GC(3) y: Concurrent Mark 1.106ms
[2026-01-06T22:06:53.121+0800][0.764s][info][gc,phases   ] GC(3) y: Pause Mark End 0.003ms
[2026-01-06T22:06:53.121+0800][0.764s][info][gc,phases   ] GC(3) y: Concurrent Mark Free 0.001ms
[2026-01-06T22:06:53.121+0800][0.764s][info][gc,phases   ] GC(3) y: Concurrent Reset Relocation Set 0.003ms
[2026-01-06T22:06:53.123+0800][0.767s][info][gc,reloc    ] GC(3) y: Using tenuring threshold: 2 (Computed)
[2026-01-06T22:06:53.123+0800][0.767s][info][gc,phases   ] GC(3) y: Concurrent Select Relocation Set 2.484ms
[2026-01-06T22:06:53.123+0800][0.767s][info][gc,phases   ] GC(3) y: Pause Relocate Start 0.002ms
[2026-01-06T22:06:53.123+0800][0.767s][info][gc,phases   ] GC(3) y: Concurrent Relocate 0.025ms
[2026-01-06T22:06:53.123+0800][0.767s][info][gc,alloc    ] GC(3) y:                         Mark Start        Mark End      Relocate Start    Relocate End   
[2026-01-06T22:06:53.123+0800][0.767s][info][gc,alloc    ] GC(3) y: Allocation Stalls:          0                0                0                0         
[2026-01-06T22:06:53.123+0800][0.767s][info][gc,load     ] GC(3) y: Load: 1.25 (13%) / 1.66 (17%) / 1.97 (20%)
[2026-01-06T22:06:53.123+0800][0.767s][info][gc,mmu      ] GC(3) y: MMU: 2ms/98.9%, 5ms/99.6%, 10ms/99.8%, 20ms/99.9%, 50ms/100.0%, 100ms/100.0%
[2026-01-06T22:06:53.123+0800][0.767s][info][gc,marking  ] GC(3) y: Mark: 1 stripe(s), 2 proactive flush(es), 1 terminate flush(es), 0 completion(s), 0 continuation(s) 
[2026-01-06T22:06:53.123+0800][0.767s][info][gc,nmethod  ] GC(3) y: NMethods: 128 registered, 29 unregistered
[2026-01-06T22:06:53.123+0800][0.767s][info][gc,metaspace] GC(3) y: Metaspace: 0M used, 0M committed, 1088M reserved
[2026-01-06T22:06:53.123+0800][0.767s][info][gc,reloc    ] GC(3) y:                        Candidates     Selected     In-Place         Size        Empty    Relocated 
[2026-01-06T22:06:53.123+0800][0.767s][info][gc,reloc    ] GC(3) y: Small Pages:                 1740            1            0        3480M        3476M           0M 
[2026-01-06T22:06:53.123+0800][0.767s][info][gc,reloc    ] GC(3) y: Medium Pages:                   0            0            0           0M           0M           0M 
[2026-01-06T22:06:53.123+0800][0.767s][info][gc,reloc    ] GC(3) y: Large Pages:                    0            0            0           0M           0M           0M 
[2026-01-06T22:06:53.123+0800][0.767s][info][gc,reloc    ] GC(3) y: Forwarding Usage: 0M
[2026-01-06T22:06:53.123+0800][0.767s][info][gc,reloc    ] GC(3) y: Age Table:
[2026-01-06T22:06:53.123+0800][0.767s][info][gc,reloc    ] GC(3) y:                    Live             Garbage             Small              Medium             Large        
[2026-01-06T22:06:53.123+0800][0.767s][info][gc,reloc    ] GC(3) y: Eden               0M (0%)         3475M (85%)       1738 / 1              0 / 0              0 / 0        
[2026-01-06T22:06:53.123+0800][0.767s][info][gc,reloc    ] GC(3) y: Survivor 1         0M (0%)            3M (0%)           2 / 0              0 / 0              0 / 0        
[2026-01-06T22:06:53.123+0800][0.767s][info][gc,heap     ] GC(3) y: Min Capacity: 8M(0%)
[2026-01-06T22:06:53.123+0800][0.767s][info][gc,heap     ] GC(3) y: Max Capacity: 4096M(100%)
[2026-01-06T22:06:53.123+0800][0.767s][info][gc,heap     ] GC(3) y: Soft Max Capacity: 3686M(90%)
[2026-01-06T22:06:53.123+0800][0.767s][info][gc,heap     ] GC(3) y: Heap Statistics:
[2026-01-06T22:06:53.123+0800][0.767s][info][gc,heap     ] GC(3) y:                Mark Start          Mark End        Relocate Start      Relocate End           High               Low         
[2026-01-06T22:06:53.123+0800][0.767s][info][gc,heap     ] GC(3) y:  Capacity:     3484M (85%)        3488M (85%)        3488M (85%)        3488M (85%)        3488M (85%)        3484M (85%)    
[2026-01-06T22:06:53.123+0800][0.767s][info][gc,heap     ] GC(3) y:      Free:      612M (15%)         608M (15%)        4080M (100%)       4080M (100%)       4080M (100%)        608M (15%)    
[2026-01-06T22:06:53.123+0800][0.767s][info][gc,heap     ] GC(3) y:      Used:     3484M (85%)        3488M (85%)          16M (0%)           16M (0%)         3488M (85%)          16M (0%)     
[2026-01-06T22:06:53.123+0800][0.767s][info][gc,heap     ] GC(3) y: Young Generation Statistics:
[2026-01-06T22:06:53.123+0800][0.767s][info][gc,heap     ] GC(3) y:                Mark Start          Mark End        Relocate Start      Relocate End    
[2026-01-06T22:06:53.123+0800][0.767s][info][gc,heap     ] GC(3) y:      Used:     3480M (85%)        3484M (85%)          12M (0%)           12M (0%)     
[2026-01-06T22:06:53.123+0800][0.767s][info][gc,heap     ] GC(3) y:      Live:         -                 0M (0%)            0M (0%)            0M (0%)     
[2026-01-06T22:06:53.123+0800][0.767s][info][gc,heap     ] GC(3) y:   Garbage:         -              3479M (85%)           3M (0%)            0M (0%)     
[2026-01-06T22:06:53.123+0800][0.767s][info][gc,heap     ] GC(3) y: Allocated:         -                 4M (0%)            8M (0%)           11M (0%)     
[2026-01-06T22:06:53.123+0800][0.767s][info][gc,heap     ] GC(3) y: Reclaimed:         -                  -              3476M (85%)        3479M (85%)    
[2026-01-06T22:06:53.123+0800][0.767s][info][gc,heap     ] GC(3) y:  Promoted:         -                  -                 0M (0%)            0M (0%)     
[2026-01-06T22:06:53.123+0800][0.767s][info][gc,heap     ] GC(3) y: Compacted:         -                  -                  -                 0M (0%)     
[2026-01-06T22:06:53.123+0800][0.767s][info][gc,phases   ] GC(3) y: Young Generation 3484M(85%)->16M(0%) 0.004s
[2026-01-06T22:06:53.123+0800][0.767s][info][gc          ] GC(3) Minor Collection (High Usage) 3484M(85%)->18M(0%) 0.004s
[2026-01-06T22:06:53.700+0800][1.344s][info][gc          ] GC(4) Major Collection (Proactive)
[2026-01-06T22:06:53.700+0800][1.344s][info][gc,task     ] GC(4) Using 1 Workers for Young Generation
[2026-01-06T22:06:53.700+0800][1.344s][info][gc,task     ] GC(4) Using 1 Workers for Old Generation
[2026-01-06T22:06:53.700+0800][1.344s][info][gc,phases   ] GC(4) Y: Young Generation
[2026-01-06T22:06:53.700+0800][1.344s][info][gc,phases   ] GC(4) Y: Pause Mark Start (Major) 0.017ms
[2026-01-06T22:06:53.700+0800][1.344s][info][gc,phases   ] GC(4) Y: Concurrent Mark 0.436ms
[2026-01-06T22:06:53.701+0800][1.344s][info][gc,phases   ] GC(4) Y: Pause Mark End 0.004ms
[2026-01-06T22:06:53.701+0800][1.344s][info][gc,phases   ] GC(4) Y: Concurrent Mark Free 0.004ms
[2026-01-06T22:06:53.701+0800][1.344s][info][gc,phases   ] GC(4) Y: Concurrent Reset Relocation Set 0.003ms
[2026-01-06T22:06:53.702+0800][1.346s][info][gc,reloc    ] GC(4) Y: Using tenuring threshold: 3 (Computed)
[2026-01-06T22:06:53.702+0800][1.346s][info][gc,phases   ] GC(4) Y: Concurrent Select Relocation Set 1.942ms
[2026-01-06T22:06:53.703+0800][1.346s][info][gc,phases   ] GC(4) Y: Pause Relocate Start 0.001ms
[2026-01-06T22:06:53.703+0800][1.346s][info][gc,phases   ] GC(4) Y: Concurrent Relocate 0.034ms
[2026-01-06T22:06:53.703+0800][1.346s][info][gc,alloc    ] GC(4) Y:                         Mark Start        Mark End      Relocate Start    Relocate End   
[2026-01-06T22:06:53.703+0800][1.346s][info][gc,alloc    ] GC(4) Y: Allocation Stalls:          0                0                0                0         
[2026-01-06T22:06:53.703+0800][1.346s][info][gc,load     ] GC(4) Y: Load: 1.25 (13%) / 1.66 (17%) / 1.97 (20%)
[2026-01-06T22:06:53.703+0800][1.346s][info][gc,mmu      ] GC(4) Y: MMU: 2ms/98.9%, 5ms/99.5%, 10ms/99.8%, 20ms/99.9%, 50ms/100.0%, 100ms/100.0%
[2026-01-06T22:06:53.703+0800][1.346s][info][gc,marking  ] GC(4) Y: Mark: 1 stripe(s), 2 proactive flush(es), 1 terminate flush(es), 0 completion(s), 0 continuation(s) 
[2026-01-06T22:06:53.703+0800][1.346s][info][gc,nmethod  ] GC(4) Y: NMethods: 128 registered, 29 unregistered
[2026-01-06T22:06:53.703+0800][1.346s][info][gc,metaspace] GC(4) Y: Metaspace: 0M used, 0M committed, 1088M reserved
[2026-01-06T22:06:53.703+0800][1.346s][info][gc,reloc    ] GC(4) Y:                        Candidates     Selected     In-Place         Size        Empty    Relocated 
[2026-01-06T22:06:53.703+0800][1.346s][info][gc,reloc    ] GC(4) Y: Small Pages:                 1712            1            0        3424M        3420M           0M 
[2026-01-06T22:06:53.703+0800][1.346s][info][gc,reloc    ] GC(4) Y: Medium Pages:                   0            0            0           0M           0M           0M 
[2026-01-06T22:06:53.703+0800][1.346s][info][gc,reloc    ] GC(4) Y: Large Pages:                    0            0            0           0M           0M           0M 
[2026-01-06T22:06:53.703+0800][1.346s][info][gc,reloc    ] GC(4) Y: Forwarding Usage: 0M
[2026-01-06T22:06:53.703+0800][1.346s][info][gc,reloc    ] GC(4) Y: Age Table:
[2026-01-06T22:06:53.703+0800][1.346s][info][gc,reloc    ] GC(4) Y:                    Live             Garbage             Small              Medium             Large        
[2026-01-06T22:06:53.703+0800][1.346s][info][gc,reloc    ] GC(4) Y: Eden               0M (0%)         3419M (83%)       1710 / 1              0 / 0              0 / 0        
[2026-01-06T22:06:53.703+0800][1.346s][info][gc,reloc    ] GC(4) Y: Survivor 1          -                 2M (0%)           1 / 0              0 / 0              0 / 0        
[2026-01-06T22:06:53.703+0800][1.346s][info][gc,reloc    ] GC(4) Y: Survivor 2         0M (0%)            1M (0%)           1 / 0              0 / 0              0 / 0        
[2026-01-06T22:06:53.703+0800][1.346s][info][gc,heap     ] GC(4) Y: Min Capacity: 8M(0%)
[2026-01-06T22:06:53.703+0800][1.346s][info][gc,heap     ] GC(4) Y: Max Capacity: 4096M(100%)
[2026-01-06T22:06:53.703+0800][1.346s][info][gc,heap     ] GC(4) Y: Soft Max Capacity: 3686M(90%)
[2026-01-06T22:06:53.703+0800][1.346s][info][gc,heap     ] GC(4) Y: Heap Statistics:
[2026-01-06T22:06:53.703+0800][1.346s][info][gc,heap     ] GC(4) Y:                Mark Start          Mark End        Relocate Start      Relocate End           High               Low         
[2026-01-06T22:06:53.703+0800][1.346s][info][gc,heap     ] GC(4) Y:  Capacity:     3488M (85%)        3488M (85%)        3488M (85%)        3488M (85%)        3488M (85%)        3488M (85%)    
[2026-01-06T22:06:53.703+0800][1.346s][info][gc,heap     ] GC(4) Y:      Free:      668M (16%)         664M (16%)        4078M (100%)       4078M (100%)       4078M (100%)        664M (16%)    
[2026-01-06T22:06:53.703+0800][1.346s][info][gc,heap     ] GC(4) Y:      Used:     3428M (84%)        3432M (84%)          18M (0%)           18M (0%)         3432M (84%)          18M (0%)     
[2026-01-06T22:06:53.703+0800][1.346s][info][gc,heap     ] GC(4) Y: Young Generation Statistics:
[2026-01-06T22:06:53.703+0800][1.346s][info][gc,heap     ] GC(4) Y:                Mark Start          Mark End        Relocate Start      Relocate End    
[2026-01-06T22:06:53.703+0800][1.346s][info][gc,heap     ] GC(4) Y:      Used:     3424M (84%)        3428M (84%)          14M (0%)           14M (0%)     
[2026-01-06T22:06:53.703+0800][1.346s][info][gc,heap     ] GC(4) Y:      Live:         -                 0M (0%)            0M (0%)            0M (0%)     
[2026-01-06T22:06:53.703+0800][1.346s][info][gc,heap     ] GC(4) Y:   Garbage:         -              3423M (84%)           3M (0%)            0M (0%)     
[2026-01-06T22:06:53.703+0800][1.346s][info][gc,heap     ] GC(4) Y: Allocated:         -                 4M (0%)           10M (0%)           13M (0%)     
[2026-01-06T22:06:53.703+0800][1.346s][info][gc,heap     ] GC(4) Y: Reclaimed:         -                  -              3420M (83%)        3423M (84%)    
[2026-01-06T22:06:53.703+0800][1.346s][info][gc,heap     ] GC(4) Y:  Promoted:         -                  -                 0M (0%)            0M (0%)     
[2026-01-06T22:06:53.703+0800][1.346s][info][gc,heap     ] GC(4) Y: Compacted:         -                  -                  -                 0M (0%)     
[2026-01-06T22:06:53.703+0800][1.346s][info][gc,phases   ] GC(4) Y: Young Generation 3428M(84%)->18M(0%) 0.003s
[2026-01-06T22:06:53.703+0800][1.346s][info][gc,phases   ] GC(4) O: Old Generation
[2026-01-06T22:06:53.705+0800][1.349s][info][gc,phases   ] GC(4) O: Concurrent Mark 2.096ms
[2026-01-06T22:06:53.705+0800][1.349s][info][gc,phases   ] GC(4) O: Pause Mark End 0.004ms
[2026-01-06T22:06:53.705+0800][1.349s][info][gc,phases   ] GC(4) O: Concurrent Mark Free 0.001ms
[2026-01-06T22:06:53.705+0800][1.349s][info][gc,phases   ] GC(4) O: Concurrent Process Non-Strong 0.198ms
[2026-01-06T22:06:53.705+0800][1.349s][info][gc,phases   ] GC(4) O: Concurrent Reset Relocation Set 0.002ms
[2026-01-06T22:06:53.705+0800][1.349s][info][gc,phases   ] GC(4) O: Concurrent Select Relocation Set 0.029ms
[2026-01-06T22:06:53.705+0800][1.349s][info][gc,task     ] GC(4) O: Using 2 Workers for Old Generation
[2026-01-06T22:06:53.705+0800][1.349s][info][gc,task     ] GC(4) O: Using 1 Workers for Old Generation
[2026-01-06T22:06:53.705+0800][1.349s][info][gc,phases   ] GC(4) O: Concurrent Remap Roots 0.052ms
[2026-01-06T22:06:53.705+0800][1.349s][info][gc,phases   ] GC(4) O: Pause Relocate Start 0.003ms
[2026-01-06T22:06:53.706+0800][1.349s][info][gc,phases   ] GC(4) O: Concurrent Relocate 0.345ms
[2026-01-06T22:06:53.706+0800][1.349s][info][gc,alloc    ] GC(4) O:                         Mark Start        Mark End      Relocate Start    Relocate End   
[2026-01-06T22:06:53.706+0800][1.349s][info][gc,alloc    ] GC(4) O: Allocation Stalls:          0                0                0                0         
[2026-01-06T22:06:53.706+0800][1.349s][info][gc,load     ] GC(4) O: Load: 1.25 (13%) / 1.66 (17%) / 1.97 (20%)
[2026-01-06T22:06:53.706+0800][1.349s][info][gc,mmu      ] GC(4) O: MMU: 2ms/98.9%, 5ms/99.5%, 10ms/99.7%, 20ms/99.9%, 50ms/99.9%, 100ms/100.0%
[2026-01-06T22:06:53.706+0800][1.349s][info][gc,marking  ] GC(4) O: Mark: 1 stripe(s), 2 proactive flush(es), 1 terminate flush(es), 0 completion(s), 0 continuation(s) 
[2026-01-06T22:06:53.706+0800][1.349s][info][gc,nmethod  ] GC(4) O: NMethods: 120 registered, 37 unregistered
[2026-01-06T22:06:53.706+0800][1.349s][info][gc,metaspace] GC(4) O: Metaspace: 0M used, 0M committed, 1088M reserved
[2026-01-06T22:06:53.706+0800][1.349s][info][gc,ref      ] GC(4) O:                       Encountered   Discovered     Enqueued 
[2026-01-06T22:06:53.706+0800][1.349s][info][gc,ref      ] GC(4) O: Soft References:                1            0            0 
[2026-01-06T22:06:53.706+0800][1.349s][info][gc,ref      ] GC(4) O: Weak References:                6            0            0 
[2026-01-06T22:06:53.706+0800][1.349s][info][gc,ref      ] GC(4) O: Final References:               0            0            0 
[2026-01-06T22:06:53.706+0800][1.349s][info][gc,ref      ] GC(4) O: Phantom References:             1            1            0 
[2026-01-06T22:06:53.706+0800][1.349s][info][gc,reloc    ] GC(4) O:                        Candidates     Selected     In-Place         Size        Empty    Relocated 
[2026-01-06T22:06:53.706+0800][1.349s][info][gc,reloc    ] GC(4) O: Small Pages:                    2            1            0           4M           0M           0M 
[2026-01-06T22:06:53.706+0800][1.349s][info][gc,reloc    ] GC(4) O: Medium Pages:                   0            0            0           0M           0M           0M 
[2026-01-06T22:06:53.706+0800][1.349s][info][gc,reloc    ] GC(4) O: Large Pages:                    0            0            0           0M           0M           0M 
[2026-01-06T22:06:53.706+0800][1.349s][info][gc,reloc    ] GC(4) O: Forwarding Usage: 0M
[2026-01-06T22:06:53.706+0800][1.349s][info][gc,heap     ] GC(4) O: Min Capacity: 8M(0%)
[2026-01-06T22:06:53.706+0800][1.349s][info][gc,heap     ] GC(4) O: Max Capacity: 4096M(100%)
[2026-01-06T22:06:53.706+0800][1.349s][info][gc,heap     ] GC(4) O: Soft Max Capacity: 3686M(90%)
[2026-01-06T22:06:53.706+0800][1.349s][info][gc,heap     ] GC(4) O: Heap Statistics:
[2026-01-06T22:06:53.706+0800][1.349s][info][gc,heap     ] GC(4) O:                Mark Start          Mark End        Relocate Start      Relocate End           High               Low         
[2026-01-06T22:06:53.706+0800][1.349s][info][gc,heap     ] GC(4) O:  Capacity:     3488M (85%)        3488M (85%)        3488M (85%)        3488M (85%)        3488M (85%)        3488M (85%)    
[2026-01-06T22:06:53.706+0800][1.349s][info][gc,heap     ] GC(4) O:      Free:      668M (16%)        4070M (99%)        4068M (99%)        4066M (99%)        4078M (100%)        664M (16%)    
[2026-01-06T22:06:53.706+0800][1.349s][info][gc,heap     ] GC(4) O:      Used:     3428M (84%)          26M (1%)           28M (1%)           30M (1%)         3432M (84%)          18M (0%)     
[2026-01-06T22:06:53.706+0800][1.349s][info][gc,heap     ] GC(4) O: Old Generation Statistics:
[2026-01-06T22:06:53.706+0800][1.349s][info][gc,heap     ] GC(4) O:                Mark Start          Mark End        Relocate Start      Relocate End    
[2026-01-06T22:06:53.706+0800][1.349s][info][gc,heap     ] GC(4) O:      Used:        4M (0%)            4M (0%)            4M (0%)            4M (0%)     
[2026-01-06T22:06:53.706+0800][1.349s][info][gc,heap     ] GC(4) O:      Live:         -                 0M (0%)            0M (0%)            0M (0%)     
[2026-01-06T22:06:53.706+0800][1.349s][info][gc,heap     ] GC(4) O:   Garbage:         -                 3M (0%)            3M (0%)            0M (0%)     
[2026-01-06T22:06:53.706+0800][1.349s][info][gc,heap     ] GC(4) O: Allocated:         -                 0M (0%)            0M (0%)            3M (0%)     
[2026-01-06T22:06:53.706+0800][1.349s][info][gc,heap     ] GC(4) O: Reclaimed:         -                  -                 0M (0%)            3M (0%)     
[2026-01-06T22:06:53.706+0800][1.349s][info][gc,heap     ] GC(4) O: Compacted:         -                  -                  -                 0M (0%)     
[2026-01-06T22:06:53.706+0800][1.349s][info][gc,phases   ] GC(4) O: Old Generation 18M(0%)->30M(1%) 0.003s
[2026-01-06T22:06:53.706+0800][1.349s][info][gc          ] GC(4) Major Collection (Proactive) 3428M(84%)->32M(1%) 0.006s
[2026-01-06T22:06:54.546+0800][2.190s][info][gc          ] GC(5) Major Collection (Proactive)
[2026-01-06T22:06:54.547+0800][2.190s][info][gc,task     ] GC(5) Using 1 Workers for Young Generation
[2026-01-06T22:06:54.547+0800][2.190s][info][gc,task     ] GC(5) Using 1 Workers for Old Generation
[2026-01-06T22:06:54.547+0800][2.190s][info][gc,phases   ] GC(5) Y: Young Generation
[2026-01-06T22:06:54.547+0800][2.190s][info][gc,phases   ] GC(5) Y: Pause Mark Start (Major) 0.013ms
[2026-01-06T22:06:54.547+0800][2.191s][info][gc,phases   ] GC(5) Y: Concurrent Mark 0.558ms
[2026-01-06T22:06:54.547+0800][2.191s][info][gc,phases   ] GC(5) Y: Pause Mark End 0.004ms
[2026-01-06T22:06:54.547+0800][2.191s][info][gc,phases   ] GC(5) Y: Concurrent Mark Free 0.004ms
[2026-01-06T22:06:54.547+0800][2.191s][info][gc,phases   ] GC(5) Y: Concurrent Reset Relocation Set 0.004ms
[2026-01-06T22:06:54.554+0800][2.198s][info][gc,reloc    ] GC(5) Y: Using tenuring threshold: 4 (Computed)
[2026-01-06T22:06:54.554+0800][2.198s][info][gc,phases   ] GC(5) Y: Concurrent Select Relocation Set 6.991ms
[2026-01-06T22:06:54.554+0800][2.198s][info][gc,phases   ] GC(5) Y: Pause Relocate Start 0.002ms
[2026-01-06T22:06:54.554+0800][2.198s][info][gc,phases   ] GC(5) Y: Concurrent Relocate 0.031ms
[2026-01-06T22:06:54.554+0800][2.198s][info][gc,alloc    ] GC(5) Y:                         Mark Start        Mark End      Relocate Start    Relocate End   
[2026-01-06T22:06:54.554+0800][2.198s][info][gc,alloc    ] GC(5) Y: Allocation Stalls:          0                0                0                0         
[2026-01-06T22:06:54.554+0800][2.198s][info][gc,load     ] GC(5) Y: Load: 1.25 (13%) / 1.66 (17%) / 1.97 (20%)
[2026-01-06T22:06:54.554+0800][2.198s][info][gc,mmu      ] GC(5) Y: MMU: 2ms/98.9%, 5ms/99.5%, 10ms/99.7%, 20ms/99.9%, 50ms/99.9%, 100ms/100.0%
[2026-01-06T22:06:54.554+0800][2.198s][info][gc,marking  ] GC(5) Y: Mark: 1 stripe(s), 2 proactive flush(es), 1 terminate flush(es), 0 completion(s), 0 continuation(s) 
[2026-01-06T22:06:54.554+0800][2.198s][info][gc,nmethod  ] GC(5) Y: NMethods: 120 registered, 37 unregistered
[2026-01-06T22:06:54.554+0800][2.198s][info][gc,metaspace] GC(5) Y: Metaspace: 0M used, 0M committed, 1088M reserved
[2026-01-06T22:06:54.554+0800][2.198s][info][gc,reloc    ] GC(5) Y:                        Candidates     Selected     In-Place         Size        Empty    Relocated 
[2026-01-06T22:06:54.554+0800][2.198s][info][gc,reloc    ] GC(5) Y: Small Pages:                 1441            1            0        2882M        2878M           0M 
[2026-01-06T22:06:54.554+0800][2.198s][info][gc,reloc    ] GC(5) Y: Medium Pages:                   0            0            0           0M           0M           0M 
[2026-01-06T22:06:54.554+0800][2.198s][info][gc,reloc    ] GC(5) Y: Large Pages:                    0            0            0           0M           0M           0M 
[2026-01-06T22:06:54.554+0800][2.198s][info][gc,reloc    ] GC(5) Y: Forwarding Usage: 0M
[2026-01-06T22:06:54.554+0800][2.198s][info][gc,reloc    ] GC(5) Y: Age Table:
[2026-01-06T22:06:54.554+0800][2.198s][info][gc,reloc    ] GC(5) Y:                    Live             Garbage             Small              Medium             Large        
[2026-01-06T22:06:54.554+0800][2.198s][info][gc,reloc    ] GC(5) Y: Eden               0M (0%)         2877M (70%)       1439 / 1              0 / 0              0 / 0        
[2026-01-06T22:06:54.554+0800][2.198s][info][gc,reloc    ] GC(5) Y: Survivor 1          -                 2M (0%)           1 / 0              0 / 0              0 / 0        
[2026-01-06T22:06:54.554+0800][2.198s][info][gc,reloc    ] GC(5) Y: Survivor 2          -                 0M (0%)           0 / 0              0 / 0              0 / 0        
[2026-01-06T22:06:54.554+0800][2.198s][info][gc,reloc    ] GC(5) Y: Survivor 3         0M (0%)            1M (0%)           1 / 0              0 / 0              0 / 0        
[2026-01-06T22:06:54.554+0800][2.198s][info][gc,heap     ] GC(5) Y: Min Capacity: 8M(0%)
[2026-01-06T22:06:54.554+0800][2.198s][info][gc,heap     ] GC(5) Y: Max Capacity: 4096M(100%)
[2026-01-06T22:06:54.554+0800][2.198s][info][gc,heap     ] GC(5) Y: Soft Max Capacity: 3686M(90%)
[2026-01-06T22:06:54.554+0800][2.198s][info][gc,heap     ] GC(5) Y: Heap Statistics:
[2026-01-06T22:06:54.554+0800][2.198s][info][gc,heap     ] GC(5) Y:                Mark Start          Mark End        Relocate Start      Relocate End           High               Low         
[2026-01-06T22:06:54.554+0800][2.198s][info][gc,heap     ] GC(5) Y:  Capacity:     3488M (85%)        3488M (85%)        3488M (85%)        3488M (85%)        3488M (85%)        3488M (85%)    
[2026-01-06T22:06:54.554+0800][2.198s][info][gc,heap     ] GC(5) Y:      Free:     1210M (30%)        1206M (29%)        4074M (99%)        4074M (99%)        4074M (99%)        1206M (29%)    
[2026-01-06T22:06:54.554+0800][2.198s][info][gc,heap     ] GC(5) Y:      Used:     2886M (70%)        2890M (71%)          22M (1%)           22M (1%)         2890M (71%)          22M (1%)     
[2026-01-06T22:06:54.554+0800][2.198s][info][gc,heap     ] GC(5) Y: Young Generation Statistics:
[2026-01-06T22:06:54.554+0800][2.198s][info][gc,heap     ] GC(5) Y:                Mark Start          Mark End        Relocate Start      Relocate End    
[2026-01-06T22:06:54.554+0800][2.198s][info][gc,heap     ] GC(5) Y:      Used:     2882M (70%)        2886M (70%)          18M (0%)           18M (0%)     
[2026-01-06T22:06:54.554+0800][2.198s][info][gc,heap     ] GC(5) Y:      Live:         -                 0M (0%)            0M (0%)            0M (0%)     
[2026-01-06T22:06:54.554+0800][2.198s][info][gc,heap     ] GC(5) Y:   Garbage:         -              2881M (70%)           3M (0%)            0M (0%)     
[2026-01-06T22:06:54.554+0800][2.198s][info][gc,heap     ] GC(5) Y: Allocated:         -                 4M (0%)           14M (0%)           17M (0%)     
[2026-01-06T22:06:54.554+0800][2.198s][info][gc,heap     ] GC(5) Y: Reclaimed:         -                  -              2878M (70%)        2881M (70%)    
[2026-01-06T22:06:54.554+0800][2.198s][info][gc,heap     ] GC(5) Y:  Promoted:         -                  -                 0M (0%)            0M (0%)     
[2026-01-06T22:06:54.554+0800][2.198s][info][gc,heap     ] GC(5) Y: Compacted:         -                  -                  -                 0M (0%)     
[2026-01-06T22:06:54.554+0800][2.198s][info][gc,phases   ] GC(5) Y: Young Generation 2886M(70%)->22M(1%) 0.008s
[2026-01-06T22:06:54.555+0800][2.198s][info][gc,phases   ] GC(5) O: Old Generation
[2026-01-06T22:06:54.560+0800][2.204s][info][gc,phases   ] GC(5) O: Concurrent Mark 5.361ms
[2026-01-06T22:06:54.560+0800][2.204s][info][gc,phases   ] GC(5) O: Pause Mark End 0.005ms
[2026-01-06T22:06:54.560+0800][2.204s][info][gc,phases   ] GC(5) O: Concurrent Mark Free 0.000ms
[2026-01-06T22:06:54.560+0800][2.204s][info][gc,phases   ] GC(5) O: Concurrent Process Non-Strong 0.190ms
[2026-01-06T22:06:54.560+0800][2.204s][info][gc,phases   ] GC(5) O: Concurrent Reset Relocation Set 0.003ms
[2026-01-06T22:06:54.560+0800][2.204s][info][gc,phases   ] GC(5) O: Concurrent Select Relocation Set 0.032ms
[2026-01-06T22:06:54.560+0800][2.204s][info][gc,task     ] GC(5) O: Using 2 Workers for Old Generation
[2026-01-06T22:06:54.560+0800][2.204s][info][gc,task     ] GC(5) O: Using 1 Workers for Old Generation
[2026-01-06T22:06:54.560+0800][2.204s][info][gc,phases   ] GC(5) O: Concurrent Remap Roots 0.051ms
[2026-01-06T22:06:54.560+0800][2.204s][info][gc,phases   ] GC(5) O: Pause Relocate Start 0.002ms
[2026-01-06T22:06:54.561+0800][2.204s][info][gc,phases   ] GC(5) O: Concurrent Relocate 0.386ms
[2026-01-06T22:06:54.561+0800][2.204s][info][gc,alloc    ] GC(5) O:                         Mark Start        Mark End      Relocate Start    Relocate End   
[2026-01-06T22:06:54.561+0800][2.204s][info][gc,alloc    ] GC(5) O: Allocation Stalls:          0                0                0                0         
[2026-01-06T22:06:54.561+0800][2.204s][info][gc,load     ] GC(5) O: Load: 1.25 (13%) / 1.66 (17%) / 1.97 (20%)
[2026-01-06T22:06:54.561+0800][2.204s][info][gc,mmu      ] GC(5) O: MMU: 2ms/98.9%, 5ms/99.5%, 10ms/99.7%, 20ms/99.9%, 50ms/99.9%, 100ms/100.0%
[2026-01-06T22:06:54.561+0800][2.204s][info][gc,marking  ] GC(5) O: Mark: 1 stripe(s), 2 proactive flush(es), 1 terminate flush(es), 0 completion(s), 0 continuation(s) 
[2026-01-06T22:06:54.561+0800][2.204s][info][gc,nmethod  ] GC(5) O: NMethods: 120 registered, 37 unregistered
[2026-01-06T22:06:54.561+0800][2.204s][info][gc,metaspace] GC(5) O: Metaspace: 0M used, 0M committed, 1088M reserved
[2026-01-06T22:06:54.561+0800][2.204s][info][gc,ref      ] GC(5) O:                       Encountered   Discovered     Enqueued 
[2026-01-06T22:06:54.561+0800][2.204s][info][gc,ref      ] GC(5) O: Soft References:                1            0            0 
[2026-01-06T22:06:54.561+0800][2.204s][info][gc,ref      ] GC(5) O: Weak References:                6            0            0 
[2026-01-06T22:06:54.561+0800][2.204s][info][gc,ref      ] GC(5) O: Final References:               0            0            0 
[2026-01-06T22:06:54.561+0800][2.204s][info][gc,ref      ] GC(5) O: Phantom References:             1            1            0 
[2026-01-06T22:06:54.561+0800][2.204s][info][gc,reloc    ] GC(5) O:                        Candidates     Selected     In-Place         Size        Empty    Relocated 
[2026-01-06T22:06:54.561+0800][2.204s][info][gc,reloc    ] GC(5) O: Small Pages:                    2            1            0           4M           0M           0M 
[2026-01-06T22:06:54.561+0800][2.204s][info][gc,reloc    ] GC(5) O: Medium Pages:                   0            0            0           0M           0M           0M 
[2026-01-06T22:06:54.561+0800][2.204s][info][gc,reloc    ] GC(5) O: Large Pages:                    0            0            0           0M           0M           0M 
[2026-01-06T22:06:54.561+0800][2.204s][info][gc,reloc    ] GC(5) O: Forwarding Usage: 0M
[2026-01-06T22:06:54.561+0800][2.204s][info][gc,heap     ] GC(5) O: Min Capacity: 8M(0%)
[2026-01-06T22:06:54.561+0800][2.204s][info][gc,heap     ] GC(5) O: Max Capacity: 4096M(100%)
[2026-01-06T22:06:54.561+0800][2.204s][info][gc,heap     ] GC(5) O: Soft Max Capacity: 3686M(90%)
[2026-01-06T22:06:54.561+0800][2.204s][info][gc,heap     ] GC(5) O: Heap Statistics:
[2026-01-06T22:06:54.561+0800][2.204s][info][gc,heap     ] GC(5) O:                Mark Start          Mark End        Relocate Start      Relocate End           High               Low         
[2026-01-06T22:06:54.561+0800][2.205s][info][gc,heap     ] GC(5) O:  Capacity:     3488M (85%)        3488M (85%)        3488M (85%)        3488M (85%)        3488M (85%)        3488M (85%)    
[2026-01-06T22:06:54.561+0800][2.205s][info][gc,heap     ] GC(5) O:      Free:     1210M (30%)        4066M (99%)        4064M (99%)        4062M (99%)        4074M (99%)        1206M (29%)    
[2026-01-06T22:06:54.561+0800][2.205s][info][gc,heap     ] GC(5) O:      Used:     2886M (70%)          30M (1%)           32M (1%)           34M (1%)         2890M (71%)          22M (1%)     
[2026-01-06T22:06:54.561+0800][2.205s][info][gc,heap     ] GC(5) O: Old Generation Statistics:
[2026-01-06T22:06:54.561+0800][2.205s][info][gc,heap     ] GC(5) O:                Mark Start          Mark End        Relocate Start      Relocate End    
[2026-01-06T22:06:54.561+0800][2.205s][info][gc,heap     ] GC(5) O:      Used:        4M (0%)            4M (0%)            4M (0%)            4M (0%)     
[2026-01-06T22:06:54.561+0800][2.205s][info][gc,heap     ] GC(5) O:      Live:         -                 0M (0%)            0M (0%)            0M (0%)     
[2026-01-06T22:06:54.561+0800][2.205s][info][gc,heap     ] GC(5) O:   Garbage:         -                 3M (0%)            3M (0%)            0M (0%)     
[2026-01-06T22:06:54.561+0800][2.205s][info][gc,heap     ] GC(5) O: Allocated:         -                 0M (0%)            0M (0%)            3M (0%)     
[2026-01-06T22:06:54.561+0800][2.205s][info][gc,heap     ] GC(5) O: Reclaimed:         -                  -                 0M (0%)            3M (0%)     
[2026-01-06T22:06:54.561+0800][2.205s][info][gc,heap     ] GC(5) O: Compacted:         -                  -                  -                 0M (0%)     
[2026-01-06T22:06:54.561+0800][2.205s][info][gc,phases   ] GC(5) O: Old Generation 22M(1%)->34M(1%) 0.006s
[2026-01-06T22:06:54.561+0800][2.205s][info][gc          ] GC(5) Major Collection (Proactive) 2886M(70%)->34M(1%) 0.014s
[2026-01-06T22:06:55.625+0800][3.269s][info][gc          ] GC(6) Minor Collection (High Usage)
[2026-01-06T22:06:55.625+0800][3.269s][info][gc,task     ] GC(6) Using 1 Workers for Young Generation
[2026-01-06T22:06:55.625+0800][3.269s][info][gc,phases   ] GC(6) y: Young Generation
[2026-01-06T22:06:55.625+0800][3.269s][info][gc,phases   ] GC(6) y: Pause Mark Start 0.012ms
[2026-01-06T22:06:55.626+0800][3.269s][info][gc,phases   ] GC(6) y: Concurrent Mark 0.461ms
[2026-01-06T22:06:55.626+0800][3.269s][info][gc,phases   ] GC(6) y: Pause Mark End 0.003ms
[2026-01-06T22:06:55.626+0800][3.269s][info][gc,phases   ] GC(6) y: Concurrent Mark Free 0.003ms
[2026-01-06T22:06:55.626+0800][3.269s][info][gc,phases   ] GC(6) y: Concurrent Reset Relocation Set 0.003ms
[2026-01-06T22:06:55.632+0800][3.276s][info][gc,reloc    ] GC(6) y: Using tenuring threshold: 5 (Computed)
[2026-01-06T22:06:55.632+0800][3.276s][info][gc,phases   ] GC(6) y: Concurrent Select Relocation Set 6.320ms
[2026-01-06T22:06:55.632+0800][3.276s][info][gc,phases   ] GC(6) y: Pause Relocate Start 0.002ms
[2026-01-06T22:06:55.632+0800][3.276s][info][gc,phases   ] GC(6) y: Concurrent Relocate 0.027ms
[2026-01-06T22:06:55.632+0800][3.276s][info][gc,alloc    ] GC(6) y:                         Mark Start        Mark End      Relocate Start    Relocate End   
[2026-01-06T22:06:55.632+0800][3.276s][info][gc,alloc    ] GC(6) y: Allocation Stalls:          0                0                0                0         
[2026-01-06T22:06:55.632+0800][3.276s][info][gc,load     ] GC(6) y: Load: 1.25 (13%) / 1.66 (17%) / 1.97 (20%)
[2026-01-06T22:06:55.632+0800][3.276s][info][gc,mmu      ] GC(6) y: MMU: 2ms/98.9%, 5ms/99.5%, 10ms/99.7%, 20ms/99.9%, 50ms/99.9%, 100ms/100.0%
[2026-01-06T22:06:55.632+0800][3.276s][info][gc,marking  ] GC(6) y: Mark: 1 stripe(s), 2 proactive flush(es), 1 terminate flush(es), 0 completion(s), 0 continuation(s) 
[2026-01-06T22:06:55.632+0800][3.276s][info][gc,nmethod  ] GC(6) y: NMethods: 120 registered, 37 unregistered
[2026-01-06T22:06:55.632+0800][3.276s][info][gc,metaspace] GC(6) y: Metaspace: 0M used, 0M committed, 1088M reserved
[2026-01-06T22:06:55.632+0800][3.276s][info][gc,reloc    ] GC(6) y:                        Candidates     Selected     In-Place         Size        Empty    Relocated 
[2026-01-06T22:06:55.632+0800][3.276s][info][gc,reloc    ] GC(6) y: Small Pages:                 1742            1            0        3484M        3480M           0M 
[2026-01-06T22:06:55.632+0800][3.276s][info][gc,reloc    ] GC(6) y: Medium Pages:                   0            0            0           0M           0M           0M 
[2026-01-06T22:06:55.632+0800][3.276s][info][gc,reloc    ] GC(6) y: Large Pages:                    0            0            0           0M           0M           0M 
[2026-01-06T22:06:55.632+0800][3.276s][info][gc,reloc    ] GC(6) y: Forwarding Usage: 0M
[2026-01-06T22:06:55.632+0800][3.276s][info][gc,reloc    ] GC(6) y: Age Table:
[2026-01-06T22:06:55.632+0800][3.276s][info][gc,reloc    ] GC(6) y:                    Live             Garbage             Small              Medium             Large        
[2026-01-06T22:06:55.632+0800][3.276s][info][gc,reloc    ] GC(6) y: Eden               0M (0%)         3479M (85%)       1740 / 1              0 / 0              0 / 0        
[2026-01-06T22:06:55.632+0800][3.276s][info][gc,reloc    ] GC(6) y: Survivor 1          -                 2M (0%)           1 / 0              0 / 0              0 / 0        
[2026-01-06T22:06:55.632+0800][3.276s][info][gc,reloc    ] GC(6) y: Survivor 2          -                 0M (0%)           0 / 0              0 / 0              0 / 0        
[2026-01-06T22:06:55.632+0800][3.276s][info][gc,reloc    ] GC(6) y: Survivor 3          -                 0M (0%)           0 / 0              0 / 0              0 / 0        
[2026-01-06T22:06:55.632+0800][3.276s][info][gc,reloc    ] GC(6) y: Survivor 4         0M (0%)            1M (0%)           1 / 0              0 / 0              0 / 0        
[2026-01-06T22:06:55.632+0800][3.276s][info][gc,heap     ] GC(6) y: Min Capacity: 8M(0%)
[2026-01-06T22:06:55.632+0800][3.276s][info][gc,heap     ] GC(6) y: Max Capacity: 4096M(100%)
[2026-01-06T22:06:55.632+0800][3.276s][info][gc,heap     ] GC(6) y: Soft Max Capacity: 3686M(90%)
[2026-01-06T22:06:55.632+0800][3.276s][info][gc,heap     ] GC(6) y: Heap Statistics:
[2026-01-06T22:06:55.632+0800][3.276s][info][gc,heap     ] GC(6) y:                Mark Start          Mark End        Relocate Start      Relocate End           High               Low         
[2026-01-06T22:06:55.632+0800][3.276s][info][gc,heap     ] GC(6) y:  Capacity:     3488M (85%)        3492M (85%)        3494M (85%)        3494M (85%)        3494M (85%)        3488M (85%)    
[2026-01-06T22:06:55.632+0800][3.276s][info][gc,heap     ] GC(6) y:      Free:      608M (15%)         604M (15%)        4074M (99%)        4074M (99%)        4074M (99%)         602M (15%)    
[2026-01-06T22:06:55.632+0800][3.276s][info][gc,heap     ] GC(6) y:      Used:     3488M (85%)        3492M (85%)          22M (1%)           22M (1%)         3494M (85%)          22M (1%)     
[2026-01-06T22:06:55.632+0800][3.276s][info][gc,heap     ] GC(6) y: Young Generation Statistics:
[2026-01-06T22:06:55.632+0800][3.276s][info][gc,heap     ] GC(6) y:                Mark Start          Mark End        Relocate Start      Relocate End    
[2026-01-06T22:06:55.632+0800][3.276s][info][gc,heap     ] GC(6) y:      Used:     3484M (85%)        3488M (85%)          18M (0%)           18M (0%)     
[2026-01-06T22:06:55.632+0800][3.276s][info][gc,heap     ] GC(6) y:      Live:         -                 0M (0%)            0M (0%)            0M (0%)     
[2026-01-06T22:06:55.632+0800][3.276s][info][gc,heap     ] GC(6) y:   Garbage:         -              3483M (85%)           3M (0%)            0M (0%)     
[2026-01-06T22:06:55.632+0800][3.276s][info][gc,heap     ] GC(6) y: Allocated:         -                 4M (0%)           14M (0%)           17M (0%)     
[2026-01-06T22:06:55.632+0800][3.276s][info][gc,heap     ] GC(6) y: Reclaimed:         -                  -              3480M (85%)        3483M (85%)    
[2026-01-06T22:06:55.632+0800][3.276s][info][gc,heap     ] GC(6) y:  Promoted:         -                  -                 0M (0%)            0M (0%)     
[2026-01-06T22:06:55.632+0800][3.276s][info][gc,heap     ] GC(6) y: Compacted:         -                  -                  -                 0M (0%)     
[2026-01-06T22:06:55.632+0800][3.276s][info][gc,phases   ] GC(6) y: Young Generation 3488M(85%)->22M(1%) 0.007s
[2026-01-06T22:06:55.632+0800][3.276s][info][gc          ] GC(6) Minor Collection (High Usage) 3486M(85%)->22M(1%) 0.007s
[2026-01-06T22:06:55.769+0800][3.413s][info][gc          ] GC(7) Major Collection (Proactive)
[2026-01-06T22:06:55.769+0800][3.413s][info][gc,task     ] GC(7) Using 1 Workers for Young Generation
[2026-01-06T22:06:55.769+0800][3.413s][info][gc,task     ] GC(7) Using 1 Workers for Old Generation
[2026-01-06T22:06:55.769+0800][3.413s][info][gc,phases   ] GC(7) Y: Young Generation
[2026-01-06T22:06:55.769+0800][3.413s][info][gc,phases   ] GC(7) Y: Pause Mark Start (Major) 0.004ms
[2026-01-06T22:06:55.769+0800][3.413s][info][gc,phases   ] GC(7) Y: Concurrent Mark 0.171ms
[2026-01-06T22:06:55.769+0800][3.413s][info][gc,phases   ] GC(7) Y: Pause Mark End 0.003ms
[2026-01-06T22:06:55.769+0800][3.413s][info][gc,phases   ] GC(7) Y: Concurrent Mark Free 0.000ms
[2026-01-06T22:06:55.769+0800][3.413s][info][gc,phases   ] GC(7) Y: Concurrent Reset Relocation Set 0.000ms
[2026-01-06T22:06:55.770+0800][3.413s][info][gc,reloc    ] GC(7) Y: Using tenuring threshold: 6 (Computed)
[2026-01-06T22:06:55.770+0800][3.413s][info][gc,phases   ] GC(7) Y: Concurrent Select Relocation Set 0.081ms
[2026-01-06T22:06:55.770+0800][3.413s][info][gc,phases   ] GC(7) Y: Pause Relocate Start 0.001ms
[2026-01-06T22:06:55.770+0800][3.413s][info][gc,phases   ] GC(7) Y: Concurrent Relocate 0.017ms
[2026-01-06T22:06:55.770+0800][3.413s][info][gc,alloc    ] GC(7) Y:                         Mark Start        Mark End      Relocate Start    Relocate End   
[2026-01-06T22:06:55.770+0800][3.413s][info][gc,alloc    ] GC(7) Y: Allocation Stalls:          0                0                0                0         
[2026-01-06T22:06:55.770+0800][3.413s][info][gc,load     ] GC(7) Y: Load: 1.25 (13%) / 1.66 (17%) / 1.97 (20%)
[2026-01-06T22:06:55.770+0800][3.413s][info][gc,mmu      ] GC(7) Y: MMU: 2ms/98.9%, 5ms/99.5%, 10ms/99.7%, 20ms/99.9%, 50ms/99.9%, 100ms/100.0%
[2026-01-06T22:06:55.770+0800][3.413s][info][gc,marking  ] GC(7) Y: Mark: 1 stripe(s), 2 proactive flush(es), 1 terminate flush(es), 0 completion(s), 0 continuation(s) 
[2026-01-06T22:06:55.770+0800][3.413s][info][gc,nmethod  ] GC(7) Y: NMethods: 120 registered, 37 unregistered
[2026-01-06T22:06:55.770+0800][3.413s][info][gc,metaspace] GC(7) Y: Metaspace: 0M used, 0M committed, 1088M reserved
[2026-01-06T22:06:55.770+0800][3.413s][info][gc,reloc    ] GC(7) Y:                        Candidates     Selected     In-Place         Size        Empty    Relocated 
[2026-01-06T22:06:55.770+0800][3.413s][info][gc,reloc    ] GC(7) Y: Small Pages:                  241            1            0         482M         478M           0M 
[2026-01-06T22:06:55.770+0800][3.413s][info][gc,reloc    ] GC(7) Y: Medium Pages:                   0            0            0           0M           0M           0M 
[2026-01-06T22:06:55.770+0800][3.413s][info][gc,reloc    ] GC(7) Y: Large Pages:                    0            0            0           0M           0M           0M 
[2026-01-06T22:06:55.770+0800][3.413s][info][gc,reloc    ] GC(7) Y: Forwarding Usage: 0M
[2026-01-06T22:06:55.770+0800][3.413s][info][gc,reloc    ] GC(7) Y: Age Table:
[2026-01-06T22:06:55.770+0800][3.413s][info][gc,reloc    ] GC(7) Y:                    Live             Garbage             Small              Medium             Large        
[2026-01-06T22:06:55.770+0800][3.413s][info][gc,reloc    ] GC(7) Y: Eden               0M (0%)          477M (12%)        239 / 1              0 / 0              0 / 0        
[2026-01-06T22:06:55.770+0800][3.413s][info][gc,reloc    ] GC(7) Y: Survivor 1          -                 2M (0%)           1 / 0              0 / 0              0 / 0        
[2026-01-06T22:06:55.770+0800][3.413s][info][gc,reloc    ] GC(7) Y: Survivor 2          -                 0M (0%)           0 / 0              0 / 0              0 / 0        
[2026-01-06T22:06:55.770+0800][3.413s][info][gc,reloc    ] GC(7) Y: Survivor 3          -                 0M (0%)           0 / 0              0 / 0              0 / 0        
[2026-01-06T22:06:55.770+0800][3.413s][info][gc,reloc    ] GC(7) Y: Survivor 4          -                 0M (0%)           0 / 0              0 / 0              0 / 0        
[2026-01-06T22:06:55.770+0800][3.413s][info][gc,reloc    ] GC(7) Y: Survivor 5         0M (0%)            1M (0%)           1 / 0              0 / 0              0 / 0        
[2026-01-06T22:06:55.770+0800][3.413s][info][gc,heap     ] GC(7) Y: Min Capacity: 8M(0%)
[2026-01-06T22:06:55.770+0800][3.413s][info][gc,heap     ] GC(7) Y: Max Capacity: 4096M(100%)
[2026-01-06T22:06:55.770+0800][3.413s][info][gc,heap     ] GC(7) Y: Soft Max Capacity: 3686M(90%)
[2026-01-06T22:06:55.770+0800][3.413s][info][gc,heap     ] GC(7) Y: Heap Statistics:
[2026-01-06T22:06:55.770+0800][3.413s][info][gc,heap     ] GC(7) Y:                Mark Start          Mark End        Relocate Start      Relocate End           High               Low         
[2026-01-06T22:06:55.770+0800][3.413s][info][gc,heap     ] GC(7) Y:  Capacity:     3494M (85%)        3494M (85%)        3494M (85%)        3494M (85%)        3494M (85%)        3494M (85%)    
[2026-01-06T22:06:55.770+0800][3.413s][info][gc,heap     ] GC(7) Y:      Free:     3610M (88%)        3608M (88%)        4086M (100%)       4086M (100%)       4086M (100%)       3608M (88%)    
[2026-01-06T22:06:55.770+0800][3.413s][info][gc,heap     ] GC(7) Y:      Used:      486M (12%)         488M (12%)          10M (0%)           10M (0%)          488M (12%)          10M (0%)     
[2026-01-06T22:06:55.770+0800][3.413s][info][gc,heap     ] GC(7) Y: Young Generation Statistics:
[2026-01-06T22:06:55.770+0800][3.413s][info][gc,heap     ] GC(7) Y:                Mark Start          Mark End        Relocate Start      Relocate End    
[2026-01-06T22:06:55.770+0800][3.413s][info][gc,heap     ] GC(7) Y:      Used:      482M (12%)         484M (12%)           6M (0%)            6M (0%)     
[2026-01-06T22:06:55.770+0800][3.413s][info][gc,heap     ] GC(7) Y:      Live:         -                 0M (0%)            0M (0%)            0M (0%)     
[2026-01-06T22:06:55.770+0800][3.414s][info][gc,heap     ] GC(7) Y:   Garbage:         -               481M (12%)           3M (0%)            0M (0%)     
[2026-01-06T22:06:55.770+0800][3.414s][info][gc,heap     ] GC(7) Y: Allocated:         -                 2M (0%)            2M (0%)            5M (0%)     
[2026-01-06T22:06:55.770+0800][3.414s][info][gc,heap     ] GC(7) Y: Reclaimed:         -                  -               478M (12%)         481M (12%)    
[2026-01-06T22:06:55.770+0800][3.414s][info][gc,heap     ] GC(7) Y:  Promoted:         -                  -                 0M (0%)            0M (0%)     
[2026-01-06T22:06:55.770+0800][3.414s][info][gc,heap     ] GC(7) Y: Compacted:         -                  -                  -                 0M (0%)     
[2026-01-06T22:06:55.770+0800][3.414s][info][gc,phases   ] GC(7) Y: Young Generation 486M(12%)->10M(0%) 0.000s
[2026-01-06T22:06:55.770+0800][3.414s][info][gc,phases   ] GC(7) O: Old Generation
[2026-01-06T22:06:55.771+0800][3.415s][info][gc,phases   ] GC(7) O: Concurrent Mark 1.143ms
[2026-01-06T22:06:55.771+0800][3.415s][info][gc,phases   ] GC(7) O: Pause Mark End 0.005ms
[2026-01-06T22:06:55.771+0800][3.415s][info][gc,phases   ] GC(7) O: Concurrent Mark Free 0.000ms
[2026-01-06T22:06:55.771+0800][3.415s][info][gc,phases   ] GC(7) O: Concurrent Process Non-Strong 0.179ms
[2026-01-06T22:06:55.771+0800][3.415s][info][gc,phases   ] GC(7) O: Concurrent Reset Relocation Set 0.002ms
[2026-01-06T22:06:55.771+0800][3.415s][info][gc,phases   ] GC(7) O: Concurrent Select Relocation Set 0.035ms
[2026-01-06T22:06:55.771+0800][3.415s][info][gc,task     ] GC(7) O: Using 2 Workers for Old Generation
[2026-01-06T22:06:55.771+0800][3.415s][info][gc,task     ] GC(7) O: Using 1 Workers for Old Generation
[2026-01-06T22:06:55.771+0800][3.415s][info][gc,phases   ] GC(7) O: Concurrent Remap Roots 0.048ms
[2026-01-06T22:06:55.771+0800][3.415s][info][gc,phases   ] GC(7) O: Pause Relocate Start 0.002ms
[2026-01-06T22:06:55.772+0800][3.415s][info][gc,phases   ] GC(7) O: Concurrent Relocate 0.288ms
[2026-01-06T22:06:55.772+0800][3.415s][info][gc,alloc    ] GC(7) O:                         Mark Start        Mark End      Relocate Start    Relocate End   
[2026-01-06T22:06:55.772+0800][3.415s][info][gc,alloc    ] GC(7) O: Allocation Stalls:          0                0                0                0         
[2026-01-06T22:06:55.772+0800][3.415s][info][gc,load     ] GC(7) O: Load: 1.25 (13%) / 1.66 (17%) / 1.97 (20%)
[2026-01-06T22:06:55.772+0800][3.415s][info][gc,mmu      ] GC(7) O: MMU: 2ms/98.9%, 5ms/99.5%, 10ms/99.7%, 20ms/99.9%, 50ms/99.9%, 100ms/100.0%
[2026-01-06T22:06:55.772+0800][3.415s][info][gc,marking  ] GC(7) O: Mark: 1 stripe(s), 2 proactive flush(es), 1 terminate flush(es), 0 completion(s), 0 continuation(s) 
[2026-01-06T22:06:55.772+0800][3.415s][info][gc,nmethod  ] GC(7) O: NMethods: 120 registered, 37 unregistered
[2026-01-06T22:06:55.772+0800][3.415s][info][gc,metaspace] GC(7) O: Metaspace: 0M used, 0M committed, 1088M reserved
[2026-01-06T22:06:55.772+0800][3.415s][info][gc,ref      ] GC(7) O:                       Encountered   Discovered     Enqueued 
[2026-01-06T22:06:55.772+0800][3.415s][info][gc,ref      ] GC(7) O: Soft References:                1            0            0 
[2026-01-06T22:06:55.772+0800][3.415s][info][gc,ref      ] GC(7) O: Weak References:                6            0            0 
[2026-01-06T22:06:55.772+0800][3.415s][info][gc,ref      ] GC(7) O: Final References:               0            0            0 
[2026-01-06T22:06:55.772+0800][3.415s][info][gc,ref      ] GC(7) O: Phantom References:             1            1            0 
[2026-01-06T22:06:55.772+0800][3.415s][info][gc,reloc    ] GC(7) O:                        Candidates     Selected     In-Place         Size        Empty    Relocated 
[2026-01-06T22:06:55.772+0800][3.415s][info][gc,reloc    ] GC(7) O: Small Pages:                    2            1            0           4M           0M           0M 
[2026-01-06T22:06:55.772+0800][3.415s][info][gc,reloc    ] GC(7) O: Medium Pages:                   0            0            0           0M           0M           0M 
[2026-01-06T22:06:55.772+0800][3.415s][info][gc,reloc    ] GC(7) O: Large Pages:                    0            0            0           0M           0M           0M 
[2026-01-06T22:06:55.772+0800][3.415s][info][gc,reloc    ] GC(7) O: Forwarding Usage: 0M
[2026-01-06T22:06:55.772+0800][3.415s][info][gc,heap     ] GC(7) O: Min Capacity: 8M(0%)
[2026-01-06T22:06:55.772+0800][3.415s][info][gc,heap     ] GC(7) O: Max Capacity: 4096M(100%)
[2026-01-06T22:06:55.772+0800][3.415s][info][gc,heap     ] GC(7) O: Soft Max Capacity: 3686M(90%)
[2026-01-06T22:06:55.772+0800][3.415s][info][gc,heap     ] GC(7) O: Heap Statistics:
[2026-01-06T22:06:55.772+0800][3.415s][info][gc,heap     ] GC(7) O:                Mark Start          Mark End        Relocate Start      Relocate End           High               Low         
[2026-01-06T22:06:55.772+0800][3.415s][info][gc,heap     ] GC(7) O:  Capacity:     3494M (85%)        3494M (85%)        3494M (85%)        3494M (85%)        3494M (85%)        3494M (85%)    
[2026-01-06T22:06:55.772+0800][3.415s][info][gc,heap     ] GC(7) O:      Free:     3610M (88%)        4072M (99%)        4066M (99%)        4064M (99%)        4086M (100%)       3608M (88%)    
[2026-01-06T22:06:55.772+0800][3.415s][info][gc,heap     ] GC(7) O:      Used:      486M (12%)          24M (1%)           30M (1%)           32M (1%)          488M (12%)          10M (0%)     
[2026-01-06T22:06:55.772+0800][3.415s][info][gc,heap     ] GC(7) O: Old Generation Statistics:
[2026-01-06T22:06:55.772+0800][3.415s][info][gc,heap     ] GC(7) O:                Mark Start          Mark End        Relocate Start      Relocate End    
[2026-01-06T22:06:55.772+0800][3.415s][info][gc,heap     ] GC(7) O:      Used:        4M (0%)            4M (0%)            4M (0%)            4M (0%)     
[2026-01-06T22:06:55.772+0800][3.415s][info][gc,heap     ] GC(7) O:      Live:         -                 0M (0%)            0M (0%)            0M (0%)     
[2026-01-06T22:06:55.772+0800][3.415s][info][gc,heap     ] GC(7) O:   Garbage:         -                 3M (0%)            3M (0%)            0M (0%)     
[2026-01-06T22:06:55.772+0800][3.415s][info][gc,heap     ] GC(7) O: Allocated:         -                 0M (0%)            0M (0%)            3M (0%)     
[2026-01-06T22:06:55.772+0800][3.415s][info][gc,heap     ] GC(7) O: Reclaimed:         -                  -                 0M (0%)            3M (0%)     
[2026-01-06T22:06:55.772+0800][3.415s][info][gc,heap     ] GC(7) O: Compacted:         -                  -                  -                 0M (0%)     
[2026-01-06T22:06:55.772+0800][3.415s][info][gc,phases   ] GC(7) O: Old Generation 12M(0%)->32M(1%) 0.002s
[2026-01-06T22:06:55.772+0800][3.415s][info][gc          ] GC(7) Major Collection (Proactive) 484M(12%)->34M(1%) 0.002s
[2026-01-06T22:06:56.760+0800][4.404s][info][gc          ] GC(8) Minor Collection (High Usage)
[2026-01-06T22:06:56.760+0800][4.404s][info][gc,task     ] GC(8) Using 1 Workers for Young Generation
[2026-01-06T22:06:56.760+0800][4.404s][info][gc,phases   ] GC(8) y: Young Generation
[2026-01-06T22:06:56.760+0800][4.404s][info][gc,phases   ] GC(8) y: Pause Mark Start 0.014ms
[2026-01-06T22:06:56.761+0800][4.405s][info][gc,phases   ] GC(8) y: Concurrent Mark 0.527ms
[2026-01-06T22:06:56.761+0800][4.405s][info][gc,phases   ] GC(8) y: Pause Mark End 0.004ms
[2026-01-06T22:06:56.761+0800][4.405s][info][gc,phases   ] GC(8) y: Concurrent Mark Free 0.003ms
[2026-01-06T22:06:56.761+0800][4.405s][info][gc,phases   ] GC(8) y: Concurrent Reset Relocation Set 0.003ms
[2026-01-06T22:06:56.765+0800][4.409s][info][gc,reloc    ] GC(8) y: Using tenuring threshold: 7 (Computed)
[2026-01-06T22:06:56.765+0800][4.409s][info][gc,phases   ] GC(8) y: Concurrent Select Relocation Set 4.148ms
[2026-01-06T22:06:56.765+0800][4.409s][info][gc,phases   ] GC(8) y: Pause Relocate Start 0.003ms
[2026-01-06T22:06:56.765+0800][4.409s][info][gc,phases   ] GC(8) y: Concurrent Relocate 0.053ms
[2026-01-06T22:06:56.765+0800][4.409s][info][gc,alloc    ] GC(8) y:                         Mark Start        Mark End      Relocate Start    Relocate End   
[2026-01-06T22:06:56.765+0800][4.409s][info][gc,alloc    ] GC(8) y: Allocation Stalls:          0                0                0                0         
[2026-01-06T22:06:56.765+0800][4.409s][info][gc,load     ] GC(8) y: Load: 1.39 (14%) / 1.69 (17%) / 1.98 (20%)
[2026-01-06T22:06:56.765+0800][4.409s][info][gc,mmu      ] GC(8) y: MMU: 2ms/98.9%, 5ms/99.5%, 10ms/99.7%, 20ms/99.9%, 50ms/99.9%, 100ms/100.0%
[2026-01-06T22:06:56.765+0800][4.409s][info][gc,marking  ] GC(8) y: Mark: 1 stripe(s), 2 proactive flush(es), 1 terminate flush(es), 0 completion(s), 0 continuation(s) 
[2026-01-06T22:06:56.765+0800][4.409s][info][gc,nmethod  ] GC(8) y: NMethods: 120 registered, 37 unregistered
[2026-01-06T22:06:56.765+0800][4.409s][info][gc,metaspace] GC(8) y: Metaspace: 0M used, 0M committed, 1088M reserved
[2026-01-06T22:06:56.765+0800][4.409s][info][gc,reloc    ] GC(8) y:                        Candidates     Selected     In-Place         Size        Empty    Relocated 
[2026-01-06T22:06:56.765+0800][4.409s][info][gc,reloc    ] GC(8) y: Small Pages:                 1742            1            0        3484M        3480M           0M 
[2026-01-06T22:06:56.765+0800][4.409s][info][gc,reloc    ] GC(8) y: Medium Pages:                   0            0            0           0M           0M           0M 
[2026-01-06T22:06:56.765+0800][4.409s][info][gc,reloc    ] GC(8) y: Large Pages:                    0            0            0           0M           0M           0M 
[2026-01-06T22:06:56.765+0800][4.409s][info][gc,reloc    ] GC(8) y: Forwarding Usage: 0M
[2026-01-06T22:06:56.765+0800][4.409s][info][gc,reloc    ] GC(8) y: Age Table:
[2026-01-06T22:06:56.765+0800][4.409s][info][gc,reloc    ] GC(8) y:                    Live             Garbage             Small              Medium             Large        
[2026-01-06T22:06:56.765+0800][4.409s][info][gc,reloc    ] GC(8) y: Eden               0M (0%)         3479M (85%)       1740 / 1              0 / 0              0 / 0        
[2026-01-06T22:06:56.765+0800][4.409s][info][gc,reloc    ] GC(8) y: Survivor 1          -                 2M (0%)           1 / 0              0 / 0              0 / 0        
[2026-01-06T22:06:56.765+0800][4.409s][info][gc,reloc    ] GC(8) y: Survivor 2          -                 0M (0%)           0 / 0              0 / 0              0 / 0        
[2026-01-06T22:06:56.765+0800][4.409s][info][gc,reloc    ] GC(8) y: Survivor 3          -                 0M (0%)           0 / 0              0 / 0              0 / 0        
[2026-01-06T22:06:56.765+0800][4.409s][info][gc,reloc    ] GC(8) y: Survivor 4          -                 0M (0%)           0 / 0              0 / 0              0 / 0        
[2026-01-06T22:06:56.765+0800][4.409s][info][gc,reloc    ] GC(8) y: Survivor 5          -                 0M (0%)           0 / 0              0 / 0              0 / 0        
[2026-01-06T22:06:56.765+0800][4.409s][info][gc,reloc    ] GC(8) y: Survivor 6         0M (0%)            1M (0%)           1 / 0              0 / 0              0 / 0        
[2026-01-06T22:06:56.765+0800][4.409s][info][gc,heap     ] GC(8) y: Min Capacity: 8M(0%)
[2026-01-06T22:06:56.765+0800][4.409s][info][gc,heap     ] GC(8) y: Max Capacity: 4096M(100%)
[2026-01-06T22:06:56.765+0800][4.409s][info][gc,heap     ] GC(8) y: Soft Max Capacity: 3686M(90%)
[2026-01-06T22:06:56.765+0800][4.409s][info][gc,heap     ] GC(8) y: Heap Statistics:
[2026-01-06T22:06:56.765+0800][4.409s][info][gc,heap     ] GC(8) y:                Mark Start          Mark End        Relocate Start      Relocate End           High               Low         
[2026-01-06T22:06:56.765+0800][4.409s][info][gc,heap     ] GC(8) y:  Capacity:     3494M (85%)        3494M (85%)        3494M (85%)        3494M (85%)        3494M (85%)        3494M (85%)    
[2026-01-06T22:06:56.765+0800][4.409s][info][gc,heap     ] GC(8) y:      Free:      608M (15%)         604M (15%)        4074M (99%)        4074M (99%)        4074M (99%)         604M (15%)    
[2026-01-06T22:06:56.765+0800][4.409s][info][gc,heap     ] GC(8) y:      Used:     3488M (85%)        3492M (85%)          22M (1%)           22M (1%)         3492M (85%)          22M (1%)     
[2026-01-06T22:06:56.765+0800][4.409s][info][gc,heap     ] GC(8) y: Young Generation Statistics:
[2026-01-06T22:06:56.765+0800][4.409s][info][gc,heap     ] GC(8) y:                Mark Start          Mark End        Relocate Start      Relocate End    
[2026-01-06T22:06:56.765+0800][4.409s][info][gc,heap     ] GC(8) y:      Used:     3484M (85%)        3488M (85%)          18M (0%)           18M (0%)     
[2026-01-06T22:06:56.765+0800][4.409s][info][gc,heap     ] GC(8) y:      Live:         -                 0M (0%)            0M (0%)            0M (0%)     
[2026-01-06T22:06:56.765+0800][4.409s][info][gc,heap     ] GC(8) y:   Garbage:         -              3483M (85%)           3M (0%)            0M (0%)     
[2026-01-06T22:06:56.765+0800][4.409s][info][gc,heap     ] GC(8) y: Allocated:         -                 4M (0%)           14M (0%)           17M (0%)     
[2026-01-06T22:06:56.765+0800][4.409s][info][gc,heap     ] GC(8) y: Reclaimed:         -                  -              3480M (85%)        3483M (85%)    
[2026-01-06T22:06:56.765+0800][4.409s][info][gc,heap     ] GC(8) y:  Promoted:         -                  -                 0M (0%)            0M (0%)     
[2026-01-06T22:06:56.765+0800][4.409s][info][gc,heap     ] GC(8) y: Compacted:         -                  -                  -                 0M (0%)     
[2026-01-06T22:06:56.765+0800][4.409s][info][gc,phases   ] GC(8) y: Young Generation 3488M(85%)->22M(1%) 0.005s
[2026-01-06T22:06:56.765+0800][4.409s][info][gc          ] GC(8) Minor Collection (High Usage) 3486M(85%)->24M(1%) 0.005s
[2026-01-06T22:06:56.847+0800][4.490s][info][gc          ] GC(9) Major Collection (Proactive)
[2026-01-06T22:06:56.847+0800][4.490s][info][gc,task     ] GC(9) Using 1 Workers for Young Generation
[2026-01-06T22:06:56.847+0800][4.490s][info][gc,task     ] GC(9) Using 1 Workers for Old Generation
[2026-01-06T22:06:56.847+0800][4.490s][info][gc,phases   ] GC(9) Y: Young Generation
[2026-01-06T22:06:56.847+0800][4.491s][info][gc,phases   ] GC(9) Y: Pause Mark Start (Major) 0.004ms
[2026-01-06T22:06:56.847+0800][4.491s][info][gc,phases   ] GC(9) Y: Concurrent Mark 0.167ms
[2026-01-06T22:06:56.847+0800][4.491s][info][gc,phases   ] GC(9) Y: Pause Mark End 0.003ms
[2026-01-06T22:06:56.847+0800][4.491s][info][gc,phases   ] GC(9) Y: Concurrent Mark Free 0.000ms
[2026-01-06T22:06:56.847+0800][4.491s][info][gc,phases   ] GC(9) Y: Concurrent Reset Relocation Set 0.000ms
[2026-01-06T22:06:56.847+0800][4.491s][info][gc,reloc    ] GC(9) Y: Using tenuring threshold: 8 (Computed)
[2026-01-06T22:06:56.847+0800][4.491s][info][gc,phases   ] GC(9) Y: Concurrent Select Relocation Set 0.076ms
[2026-01-06T22:06:56.847+0800][4.491s][info][gc,phases   ] GC(9) Y: Pause Relocate Start 0.001ms
[2026-01-06T22:06:56.847+0800][4.491s][info][gc,phases   ] GC(9) Y: Concurrent Relocate 0.025ms
[2026-01-06T22:06:56.847+0800][4.491s][info][gc,alloc    ] GC(9) Y:                         Mark Start        Mark End      Relocate Start    Relocate End   
[2026-01-06T22:06:56.847+0800][4.491s][info][gc,alloc    ] GC(9) Y: Allocation Stalls:          0                0                0                0         
[2026-01-06T22:06:56.847+0800][4.491s][info][gc,load     ] GC(9) Y: Load: 1.39 (14%) / 1.69 (17%) / 1.98 (20%)
[2026-01-06T22:06:56.847+0800][4.491s][info][gc,mmu      ] GC(9) Y: MMU: 2ms/98.9%, 5ms/99.5%, 10ms/99.7%, 20ms/99.9%, 50ms/99.9%, 100ms/100.0%
[2026-01-06T22:06:56.847+0800][4.491s][info][gc,marking  ] GC(9) Y: Mark: 1 stripe(s), 2 proactive flush(es), 1 terminate flush(es), 0 completion(s), 0 continuation(s) 
[2026-01-06T22:06:56.847+0800][4.491s][info][gc,nmethod  ] GC(9) Y: NMethods: 120 registered, 37 unregistered
[2026-01-06T22:06:56.847+0800][4.491s][info][gc,metaspace] GC(9) Y: Metaspace: 0M used, 0M committed, 1088M reserved
[2026-01-06T22:06:56.847+0800][4.491s][info][gc,reloc    ] GC(9) Y:                        Candidates     Selected     In-Place         Size        Empty    Relocated 
[2026-01-06T22:06:56.847+0800][4.491s][info][gc,reloc    ] GC(9) Y: Small Pages:                  211            1            0         422M         418M           0M 
[2026-01-06T22:06:56.847+0800][4.491s][info][gc,reloc    ] GC(9) Y: Medium Pages:                   0            0            0           0M           0M           0M 
[2026-01-06T22:06:56.847+0800][4.491s][info][gc,reloc    ] GC(9) Y: Large Pages:                    0            0            0           0M           0M           0M 
[2026-01-06T22:06:56.847+0800][4.491s][info][gc,reloc    ] GC(9) Y: Forwarding Usage: 0M
[2026-01-06T22:06:56.847+0800][4.491s][info][gc,reloc    ] GC(9) Y: Age Table:
[2026-01-06T22:06:56.847+0800][4.491s][info][gc,reloc    ] GC(9) Y:                    Live             Garbage             Small              Medium             Large        
[2026-01-06T22:06:56.847+0800][4.491s][info][gc,reloc    ] GC(9) Y: Eden               0M (0%)          417M (10%)        209 / 1              0 / 0              0 / 0        
[2026-01-06T22:06:56.847+0800][4.491s][info][gc,reloc    ] GC(9) Y: Survivor 1          -                 2M (0%)           1 / 0              0 / 0              0 / 0        
[2026-01-06T22:06:56.847+0800][4.491s][info][gc,reloc    ] GC(9) Y: Survivor 2          -                 0M (0%)           0 / 0              0 / 0              0 / 0        
[2026-01-06T22:06:56.847+0800][4.491s][info][gc,reloc    ] GC(9) Y: Survivor 3          -                 0M (0%)           0 / 0              0 / 0              0 / 0        
[2026-01-06T22:06:56.847+0800][4.491s][info][gc,reloc    ] GC(9) Y: Survivor 4          -                 0M (0%)           0 / 0              0 / 0              0 / 0        
[2026-01-06T22:06:56.847+0800][4.491s][info][gc,reloc    ] GC(9) Y: Survivor 5          -                 0M (0%)           0 / 0              0 / 0              0 / 0        
[2026-01-06T22:06:56.847+0800][4.491s][info][gc,reloc    ] GC(9) Y: Survivor 6          -                 0M (0%)           0 / 0              0 / 0              0 / 0        
[2026-01-06T22:06:56.847+0800][4.491s][info][gc,reloc    ] GC(9) Y: Survivor 7         0M (0%)            1M (0%)           1 / 0              0 / 0              0 / 0        
[2026-01-06T22:06:56.847+0800][4.491s][info][gc,heap     ] GC(9) Y: Min Capacity: 8M(0%)
[2026-01-06T22:06:56.847+0800][4.491s][info][gc,heap     ] GC(9) Y: Max Capacity: 4096M(100%)
[2026-01-06T22:06:56.847+0800][4.491s][info][gc,heap     ] GC(9) Y: Soft Max Capacity: 3686M(90%)
[2026-01-06T22:06:56.847+0800][4.491s][info][gc,heap     ] GC(9) Y: Heap Statistics:
[2026-01-06T22:06:56.847+0800][4.491s][info][gc,heap     ] GC(9) Y:                Mark Start          Mark End        Relocate Start      Relocate End           High               Low         
[2026-01-06T22:06:56.847+0800][4.491s][info][gc,heap     ] GC(9) Y:  Capacity:     3494M (85%)        3494M (85%)        3494M (85%)        3494M (85%)        3494M (85%)        3494M (85%)    
[2026-01-06T22:06:56.847+0800][4.491s][info][gc,heap     ] GC(9) Y:      Free:     3670M (90%)        3668M (90%)        4086M (100%)       4086M (100%)       4086M (100%)       3668M (90%)    
[2026-01-06T22:06:56.847+0800][4.491s][info][gc,heap     ] GC(9) Y:      Used:      426M (10%)         428M (10%)          10M (0%)           10M (0%)          428M (10%)          10M (0%)     
[2026-01-06T22:06:56.847+0800][4.491s][info][gc,heap     ] GC(9) Y: Young Generation Statistics:
[2026-01-06T22:06:56.847+0800][4.491s][info][gc,heap     ] GC(9) Y:                Mark Start          Mark End        Relocate Start      Relocate End    
[2026-01-06T22:06:56.847+0800][4.491s][info][gc,heap     ] GC(9) Y:      Used:      422M (10%)         424M (10%)           6M (0%)            6M (0%)     
[2026-01-06T22:06:56.847+0800][4.491s][info][gc,heap     ] GC(9) Y:      Live:         -                 0M (0%)            0M (0%)            0M (0%)     
[2026-01-06T22:06:56.847+0800][4.491s][info][gc,heap     ] GC(9) Y:   Garbage:         -               421M (10%)           3M (0%)            0M (0%)     
[2026-01-06T22:06:56.847+0800][4.491s][info][gc,heap     ] GC(9) Y: Allocated:         -                 2M (0%)            2M (0%)            5M (0%)     
[2026-01-06T22:06:56.847+0800][4.491s][info][gc,heap     ] GC(9) Y: Reclaimed:         -                  -               418M (10%)         421M (10%)    
[2026-01-06T22:06:56.847+0800][4.491s][info][gc,heap     ] GC(9) Y:  Promoted:         -                  -                 0M (0%)            0M (0%)     
[2026-01-06T22:06:56.847+0800][4.491s][info][gc,heap     ] GC(9) Y: Compacted:         -                  -                  -                 0M (0%)     
[2026-01-06T22:06:56.847+0800][4.491s][info][gc,phases   ] GC(9) Y: Young Generation 426M(10%)->10M(0%) 0.000s
[2026-01-06T22:06:56.847+0800][4.491s][info][gc,phases   ] GC(9) O: Old Generation
[2026-01-06T22:06:56.848+0800][4.492s][info][gc,phases   ] GC(9) O: Concurrent Mark 1.152ms
[2026-01-06T22:06:56.848+0800][4.492s][info][gc,phases   ] GC(9) O: Pause Mark End 0.005ms
[2026-01-06T22:06:56.848+0800][4.492s][info][gc,phases   ] GC(9) O: Concurrent Mark Free 0.000ms
[2026-01-06T22:06:56.849+0800][4.492s][info][gc,phases   ] GC(9) O: Concurrent Process Non-Strong 0.192ms
[2026-01-06T22:06:56.849+0800][4.492s][info][gc,phases   ] GC(9) O: Concurrent Reset Relocation Set 0.003ms
[2026-01-06T22:06:56.849+0800][4.492s][info][gc,phases   ] GC(9) O: Concurrent Select Relocation Set 0.035ms
[2026-01-06T22:06:56.849+0800][4.492s][info][gc,task     ] GC(9) O: Using 2 Workers for Old Generation
[2026-01-06T22:06:56.849+0800][4.493s][info][gc,task     ] GC(9) O: Using 1 Workers for Old Generation
[2026-01-06T22:06:56.849+0800][4.493s][info][gc,phases   ] GC(9) O: Concurrent Remap Roots 0.050ms
[2026-01-06T22:06:56.849+0800][4.493s][info][gc,phases   ] GC(9) O: Pause Relocate Start 0.001ms
[2026-01-06T22:06:56.849+0800][4.493s][info][gc,phases   ] GC(9) O: Concurrent Relocate 0.256ms
[2026-01-06T22:06:56.849+0800][4.493s][info][gc,alloc    ] GC(9) O:                         Mark Start        Mark End      Relocate Start    Relocate End   
[2026-01-06T22:06:56.849+0800][4.493s][info][gc,alloc    ] GC(9) O: Allocation Stalls:          0                0                0                0         
[2026-01-06T22:06:56.849+0800][4.493s][info][gc,load     ] GC(9) O: Load: 1.39 (14%) / 1.69 (17%) / 1.98 (20%)
[2026-01-06T22:06:56.849+0800][4.493s][info][gc,mmu      ] GC(9) O: MMU: 2ms/98.9%, 5ms/99.5%, 10ms/99.7%, 20ms/99.9%, 50ms/99.9%, 100ms/100.0%
[2026-01-06T22:06:56.849+0800][4.493s][info][gc,marking  ] GC(9) O: Mark: 1 stripe(s), 2 proactive flush(es), 1 terminate flush(es), 0 completion(s), 0 continuation(s) 
[2026-01-06T22:06:56.849+0800][4.493s][info][gc,nmethod  ] GC(9) O: NMethods: 120 registered, 37 unregistered
[2026-01-06T22:06:56.849+0800][4.493s][info][gc,metaspace] GC(9) O: Metaspace: 0M used, 0M committed, 1088M reserved
[2026-01-06T22:06:56.849+0800][4.493s][info][gc,ref      ] GC(9) O:                       Encountered   Discovered     Enqueued 
[2026-01-06T22:06:56.849+0800][4.493s][info][gc,ref      ] GC(9) O: Soft References:                1            0            0 
[2026-01-06T22:06:56.849+0800][4.493s][info][gc,ref      ] GC(9) O: Weak References:                6            0            0 
[2026-01-06T22:06:56.849+0800][4.493s][info][gc,ref      ] GC(9) O: Final References:               0            0            0 
[2026-01-06T22:06:56.849+0800][4.493s][info][gc,ref      ] GC(9) O: Phantom References:             1            1            0 
[2026-01-06T22:06:56.849+0800][4.493s][info][gc,reloc    ] GC(9) O:                        Candidates     Selected     In-Place         Size        Empty    Relocated 
[2026-01-06T22:06:56.849+0800][4.493s][info][gc,reloc    ] GC(9) O: Small Pages:                    2            1            0           4M           0M           0M 
[2026-01-06T22:06:56.849+0800][4.493s][info][gc,reloc    ] GC(9) O: Medium Pages:                   0            0            0           0M           0M           0M 
[2026-01-06T22:06:56.849+0800][4.493s][info][gc,reloc    ] GC(9) O: Large Pages:                    0            0            0           0M           0M           0M 
[2026-01-06T22:06:56.849+0800][4.493s][info][gc,reloc    ] GC(9) O: Forwarding Usage: 0M
[2026-01-06T22:06:56.849+0800][4.493s][info][gc,heap     ] GC(9) O: Min Capacity: 8M(0%)
[2026-01-06T22:06:56.849+0800][4.493s][info][gc,heap     ] GC(9) O: Max Capacity: 4096M(100%)
[2026-01-06T22:06:56.849+0800][4.493s][info][gc,heap     ] GC(9) O: Soft Max Capacity: 3686M(90%)
[2026-01-06T22:06:56.849+0800][4.493s][info][gc,heap     ] GC(9) O: Heap Statistics:
[2026-01-06T22:06:56.849+0800][4.493s][info][gc,heap     ] GC(9) O:                Mark Start          Mark End        Relocate Start      Relocate End           High               Low         
[2026-01-06T22:06:56.849+0800][4.493s][info][gc,heap     ] GC(9) O:  Capacity:     3494M (85%)        3494M (85%)        3494M (85%)        3494M (85%)        3494M (85%)        3494M (85%)    
[2026-01-06T22:06:56.849+0800][4.493s][info][gc,heap     ] GC(9) O:      Free:     3670M (90%)        4064M (99%)        4058M (99%)        4056M (99%)        4086M (100%)       3668M (90%)    
[2026-01-06T22:06:56.849+0800][4.493s][info][gc,heap     ] GC(9) O:      Used:      426M (10%)          32M (1%)           38M (1%)           40M (1%)          428M (10%)          10M (0%)     
[2026-01-06T22:06:56.849+0800][4.493s][info][gc,heap     ] GC(9) O: Old Generation Statistics:
[2026-01-06T22:06:56.849+0800][4.493s][info][gc,heap     ] GC(9) O:                Mark Start          Mark End        Relocate Start      Relocate End    
[2026-01-06T22:06:56.849+0800][4.493s][info][gc,heap     ] GC(9) O:      Used:        4M (0%)            4M (0%)            4M (0%)            4M (0%)     
[2026-01-06T22:06:56.849+0800][4.493s][info][gc,heap     ] GC(9) O:      Live:         -                 0M (0%)            0M (0%)            0M (0%)     
[2026-01-06T22:06:56.849+0800][4.493s][info][gc,heap     ] GC(9) O:   Garbage:         -                 3M (0%)            3M (0%)            0M (0%)     
[2026-01-06T22:06:56.849+0800][4.493s][info][gc,heap     ] GC(9) O: Allocated:         -                 0M (0%)            0M (0%)            3M (0%)     
[2026-01-06T22:06:56.849+0800][4.493s][info][gc,heap     ] GC(9) O: Reclaimed:         -                  -                 0M (0%)            3M (0%)     
[2026-01-06T22:06:56.849+0800][4.493s][info][gc,heap     ] GC(9) O: Compacted:         -                  -                  -                 0M (0%)     
[2026-01-06T22:06:56.849+0800][4.493s][info][gc,phases   ] GC(9) O: Old Generation 14M(0%)->40M(1%) 0.002s
[2026-01-06T22:06:56.849+0800][4.493s][info][gc          ] GC(9) Major Collection (Proactive) 426M(10%)->42M(1%) 0.002s
[2026-01-06T22:06:57.543+0800][5.187s][info][gc          ] GC(10) Major Collection (Proactive)
[2026-01-06T22:06:57.543+0800][5.187s][info][gc,task     ] GC(10) Using 1 Workers for Young Generation
[2026-01-06T22:06:57.543+0800][5.187s][info][gc,task     ] GC(10) Using 1 Workers for Old Generation
[2026-01-06T22:06:57.543+0800][5.187s][info][gc,phases   ] GC(10) Y: Young Generation
[2026-01-06T22:06:57.543+0800][5.187s][info][gc,phases   ] GC(10) Y: Pause Mark Start (Major) 0.013ms
[2026-01-06T22:06:57.544+0800][5.188s][info][gc,phases   ] GC(10) Y: Concurrent Mark 0.511ms
[2026-01-06T22:06:57.544+0800][5.188s][info][gc,phases   ] GC(10) Y: Pause Mark End 0.003ms
[2026-01-06T22:06:57.544+0800][5.188s][info][gc,phases   ] GC(10) Y: Concurrent Mark Free 0.004ms
[2026-01-06T22:06:57.544+0800][5.188s][info][gc,phases   ] GC(10) Y: Concurrent Reset Relocation Set 0.004ms
[2026-01-06T22:06:57.549+0800][5.193s][info][gc,reloc    ] GC(10) Y: Using tenuring threshold: 9 (Computed)
[2026-01-06T22:06:57.549+0800][5.193s][info][gc,phases   ] GC(10) Y: Concurrent Select Relocation Set 5.227ms
[2026-01-06T22:06:57.549+0800][5.193s][info][gc,phases   ] GC(10) Y: Pause Relocate Start 0.003ms
[2026-01-06T22:06:57.549+0800][5.193s][info][gc,phases   ] GC(10) Y: Concurrent Relocate 0.046ms
[2026-01-06T22:06:57.549+0800][5.193s][info][gc,alloc    ] GC(10) Y:                         Mark Start        Mark End      Relocate Start    Relocate End   
[2026-01-06T22:06:57.549+0800][5.193s][info][gc,alloc    ] GC(10) Y: Allocation Stalls:          0                0                0                0         
[2026-01-06T22:06:57.549+0800][5.193s][info][gc,load     ] GC(10) Y: Load: 1.39 (14%) / 1.69 (17%) / 1.98 (20%)
[2026-01-06T22:06:57.549+0800][5.193s][info][gc,mmu      ] GC(10) Y: MMU: 2ms/98.9%, 5ms/99.5%, 10ms/99.7%, 20ms/99.9%, 50ms/99.9%, 100ms/100.0%
[2026-01-06T22:06:57.549+0800][5.193s][info][gc,marking  ] GC(10) Y: Mark: 1 stripe(s), 2 proactive flush(es), 1 terminate flush(es), 0 completion(s), 0 continuation(s) 
[2026-01-06T22:06:57.549+0800][5.193s][info][gc,nmethod  ] GC(10) Y: NMethods: 120 registered, 37 unregistered
[2026-01-06T22:06:57.549+0800][5.193s][info][gc,metaspace] GC(10) Y: Metaspace: 0M used, 0M committed, 1088M reserved
[2026-01-06T22:06:57.549+0800][5.193s][info][gc,reloc    ] GC(10) Y:                        Candidates     Selected     In-Place         Size        Empty    Relocated 
[2026-01-06T22:06:57.549+0800][5.193s][info][gc,reloc    ] GC(10) Y: Small Pages:                 1486            1            0        2972M        2968M           0M 
[2026-01-06T22:06:57.549+0800][5.193s][info][gc,reloc    ] GC(10) Y: Medium Pages:                   0            0            0           0M           0M           0M 
[2026-01-06T22:06:57.549+0800][5.193s][info][gc,reloc    ] GC(10) Y: Large Pages:                    0            0            0           0M           0M           0M 
[2026-01-06T22:06:57.549+0800][5.193s][info][gc,reloc    ] GC(10) Y: Forwarding Usage: 0M
[2026-01-06T22:06:57.549+0800][5.193s][info][gc,reloc    ] GC(10) Y: Age Table:
[2026-01-06T22:06:57.549+0800][5.193s][info][gc,reloc    ] GC(10) Y:                    Live             Garbage             Small              Medium             Large        
[2026-01-06T22:06:57.549+0800][5.193s][info][gc,reloc    ] GC(10) Y: Eden               0M (0%)         2967M (72%)       1484 / 1              0 / 0              0 / 0        
[2026-01-06T22:06:57.549+0800][5.193s][info][gc,reloc    ] GC(10) Y: Survivor 1          -                 2M (0%)           1 / 0              0 / 0              0 / 0        
[2026-01-06T22:06:57.549+0800][5.193s][info][gc,reloc    ] GC(10) Y: Survivor 2          -                 0M (0%)           0 / 0              0 / 0              0 / 0        
[2026-01-06T22:06:57.549+0800][5.193s][info][gc,reloc    ] GC(10) Y: Survivor 3          -                 0M (0%)           0 / 0              0 / 0              0 / 0        
[2026-01-06T22:06:57.549+0800][5.193s][info][gc,reloc    ] GC(10) Y: Survivor 4          -                 0M (0%)           0 / 0              0 / 0              0 / 0        
[2026-01-06T22:06:57.549+0800][5.193s][info][gc,reloc    ] GC(10) Y: Survivor 5          -                 0M (0%)           0 / 0              0 / 0              0 / 0        
[2026-01-06T22:06:57.549+0800][5.193s][info][gc,reloc    ] GC(10) Y: Survivor 6          -                 0M (0%)           0 / 0              0 / 0              0 / 0        
[2026-01-06T22:06:57.549+0800][5.193s][info][gc,reloc    ] GC(10) Y: Survivor 7          -                 0M (0%)           0 / 0              0 / 0              0 / 0        
[2026-01-06T22:06:57.549+0800][5.193s][info][gc,reloc    ] GC(10) Y: Survivor 8         0M (0%)            1M (0%)           1 / 0              0 / 0              0 / 0        
[2026-01-06T22:06:57.549+0800][5.193s][info][gc,heap     ] GC(10) Y: Min Capacity: 8M(0%)
[2026-01-06T22:06:57.549+0800][5.193s][info][gc,heap     ] GC(10) Y: Max Capacity: 4096M(100%)
[2026-01-06T22:06:57.549+0800][5.193s][info][gc,heap     ] GC(10) Y: Soft Max Capacity: 3686M(90%)
[2026-01-06T22:06:57.549+0800][5.193s][info][gc,heap     ] GC(10) Y: Heap Statistics:
[2026-01-06T22:06:57.549+0800][5.193s][info][gc,heap     ] GC(10) Y:                Mark Start          Mark End        Relocate Start      Relocate End           High               Low         
[2026-01-06T22:06:57.549+0800][5.193s][info][gc,heap     ] GC(10) Y:  Capacity:     3494M (85%)        3494M (85%)        3494M (85%)        3494M (85%)        3494M (85%)        3494M (85%)    
[2026-01-06T22:06:57.549+0800][5.193s][info][gc,heap     ] GC(10) Y:      Free:     1120M (27%)        1116M (27%)        4074M (99%)        4074M (99%)        4074M (99%)        1116M (27%)    
[2026-01-06T22:06:57.549+0800][5.193s][info][gc,heap     ] GC(10) Y:      Used:     2976M (73%)        2980M (73%)          22M (1%)           22M (1%)         2980M (73%)          22M (1%)     
[2026-01-06T22:06:57.549+0800][5.193s][info][gc,heap     ] GC(10) Y: Young Generation Statistics:
[2026-01-06T22:06:57.549+0800][5.193s][info][gc,heap     ] GC(10) Y:                Mark Start          Mark End        Relocate Start      Relocate End    
[2026-01-06T22:06:57.549+0800][5.193s][info][gc,heap     ] GC(10) Y:      Used:     2972M (73%)        2976M (73%)          18M (0%)           18M (0%)     
[2026-01-06T22:06:57.549+0800][5.193s][info][gc,heap     ] GC(10) Y:      Live:         -                 0M (0%)            0M (0%)            0M (0%)     
[2026-01-06T22:06:57.549+0800][5.193s][info][gc,heap     ] GC(10) Y:   Garbage:         -              2971M (73%)           3M (0%)            0M (0%)     
[2026-01-06T22:06:57.549+0800][5.193s][info][gc,heap     ] GC(10) Y: Allocated:         -                 4M (0%)           14M (0%)           17M (0%)     
[2026-01-06T22:06:57.549+0800][5.193s][info][gc,heap     ] GC(10) Y: Reclaimed:         -                  -              2968M (72%)        2971M (73%)    
[2026-01-06T22:06:57.549+0800][5.193s][info][gc,heap     ] GC(10) Y:  Promoted:         -                  -                 0M (0%)            0M (0%)     
[2026-01-06T22:06:57.549+0800][5.193s][info][gc,heap     ] GC(10) Y: Compacted:         -                  -                  -                 0M (0%)     
[2026-01-06T22:06:57.549+0800][5.193s][info][gc,phases   ] GC(10) Y: Young Generation 2976M(73%)->22M(1%) 0.006s
[2026-01-06T22:06:57.549+0800][5.193s][info][gc,phases   ] GC(10) O: Old Generation
[2026-01-06T22:06:57.552+0800][5.195s][info][gc,phases   ] GC(10) O: Concurrent Mark 2.089ms
[2026-01-06T22:06:57.552+0800][5.195s][info][gc,phases   ] GC(10) O: Pause Mark End 0.012ms
[2026-01-06T22:06:57.552+0800][5.195s][info][gc,phases   ] GC(10) O: Concurrent Mark Free 0.001ms
[2026-01-06T22:06:57.552+0800][5.196s][info][gc,phases   ] GC(10) O: Concurrent Process Non-Strong 0.215ms
[2026-01-06T22:06:57.552+0800][5.196s][info][gc,phases   ] GC(10) O: Concurrent Reset Relocation Set 0.010ms
[2026-01-06T22:06:57.552+0800][5.196s][info][gc,phases   ] GC(10) O: Concurrent Select Relocation Set 0.069ms
[2026-01-06T22:06:57.552+0800][5.196s][info][gc,task     ] GC(10) O: Using 2 Workers for Old Generation
[2026-01-06T22:06:57.552+0800][5.196s][info][gc,task     ] GC(10) O: Using 1 Workers for Old Generation
[2026-01-06T22:06:57.552+0800][5.196s][info][gc,phases   ] GC(10) O: Concurrent Remap Roots 0.059ms
[2026-01-06T22:06:57.552+0800][5.196s][info][gc,phases   ] GC(10) O: Pause Relocate Start 0.002ms
[2026-01-06T22:06:57.554+0800][5.198s][info][gc,phases   ] GC(10) O: Concurrent Relocate 1.630ms
[2026-01-06T22:06:57.554+0800][5.198s][info][gc,alloc    ] GC(10) O:                         Mark Start        Mark End      Relocate Start    Relocate End   
[2026-01-06T22:06:57.554+0800][5.198s][info][gc,alloc    ] GC(10) O: Allocation Stalls:          0                0                0                0         
[2026-01-06T22:06:57.554+0800][5.198s][info][gc,load     ] GC(10) O: Load: 1.39 (14%) / 1.69 (17%) / 1.98 (20%)
[2026-01-06T22:06:57.554+0800][5.198s][info][gc,mmu      ] GC(10) O: MMU: 2ms/98.9%, 5ms/99.5%, 10ms/99.7%, 20ms/99.8%, 50ms/99.9%, 100ms/100.0%
[2026-01-06T22:06:57.554+0800][5.198s][info][gc,marking  ] GC(10) O: Mark: 1 stripe(s), 2 proactive flush(es), 1 terminate flush(es), 0 completion(s), 0 continuation(s) 
[2026-01-06T22:06:57.554+0800][5.198s][info][gc,nmethod  ] GC(10) O: NMethods: 120 registered, 37 unregistered
[2026-01-06T22:06:57.554+0800][5.198s][info][gc,metaspace] GC(10) O: Metaspace: 0M used, 0M committed, 1088M reserved
[2026-01-06T22:06:57.554+0800][5.198s][info][gc,ref      ] GC(10) O:                       Encountered   Discovered     Enqueued 
[2026-01-06T22:06:57.554+0800][5.198s][info][gc,ref      ] GC(10) O: Soft References:                1            0            0 
[2026-01-06T22:06:57.554+0800][5.198s][info][gc,ref      ] GC(10) O: Weak References:                6            0            0 
[2026-01-06T22:06:57.554+0800][5.198s][info][gc,ref      ] GC(10) O: Final References:               0            0            0 
[2026-01-06T22:06:57.554+0800][5.198s][info][gc,ref      ] GC(10) O: Phantom References:             1            1            0 
[2026-01-06T22:06:57.554+0800][5.198s][info][gc,reloc    ] GC(10) O:                        Candidates     Selected     In-Place         Size        Empty    Relocated 
[2026-01-06T22:06:57.554+0800][5.198s][info][gc,reloc    ] GC(10) O: Small Pages:                    2            1            0           4M           0M           0M 
[2026-01-06T22:06:57.554+0800][5.198s][info][gc,reloc    ] GC(10) O: Medium Pages:                   0            0            0           0M           0M           0M 
[2026-01-06T22:06:57.554+0800][5.198s][info][gc,reloc    ] GC(10) O: Large Pages:                    0            0            0           0M           0M           0M 
[2026-01-06T22:06:57.554+0800][5.198s][info][gc,reloc    ] GC(10) O: Forwarding Usage: 0M
[2026-01-06T22:06:57.554+0800][5.198s][info][gc,heap     ] GC(10) O: Min Capacity: 8M(0%)
[2026-01-06T22:06:57.554+0800][5.198s][info][gc,heap     ] GC(10) O: Max Capacity: 4096M(100%)
[2026-01-06T22:06:57.554+0800][5.198s][info][gc,heap     ] GC(10) O: Soft Max Capacity: 3686M(90%)
[2026-01-06T22:06:57.554+0800][5.198s][info][gc,heap     ] GC(10) O: Heap Statistics:
[2026-01-06T22:06:57.554+0800][5.198s][info][gc,heap     ] GC(10) O:                Mark Start          Mark End        Relocate Start      Relocate End           High               Low         
[2026-01-06T22:06:57.554+0800][5.198s][info][gc,heap     ] GC(10) O:  Capacity:     3494M (85%)        3494M (85%)        3494M (85%)        3494M (85%)        3494M (85%)        3494M (85%)    
[2026-01-06T22:06:57.554+0800][5.198s][info][gc,heap     ] GC(10) O:      Free:     1120M (27%)        4064M (99%)        4062M (99%)        4060M (99%)        4074M (99%)        1116M (27%)    
[2026-01-06T22:06:57.554+0800][5.198s][info][gc,heap     ] GC(10) O:      Used:     2976M (73%)          32M (1%)           34M (1%)           36M (1%)         2980M (73%)          22M (1%)     
[2026-01-06T22:06:57.554+0800][5.198s][info][gc,heap     ] GC(10) O: Old Generation Statistics:
[2026-01-06T22:06:57.554+0800][5.198s][info][gc,heap     ] GC(10) O:                Mark Start          Mark End        Relocate Start      Relocate End    
[2026-01-06T22:06:57.554+0800][5.198s][info][gc,heap     ] GC(10) O:      Used:        4M (0%)            4M (0%)            4M (0%)            4M (0%)     
[2026-01-06T22:06:57.554+0800][5.198s][info][gc,heap     ] GC(10) O:      Live:         -                 0M (0%)            0M (0%)            0M (0%)     
[2026-01-06T22:06:57.554+0800][5.198s][info][gc,heap     ] GC(10) O:   Garbage:         -                 3M (0%)            3M (0%)            0M (0%)     
[2026-01-06T22:06:57.554+0800][5.198s][info][gc,heap     ] GC(10) O: Allocated:         -                 0M (0%)            0M (0%)            3M (0%)     
[2026-01-06T22:06:57.554+0800][5.198s][info][gc,heap     ] GC(10) O: Reclaimed:         -                  -                 0M (0%)            3M (0%)     
[2026-01-06T22:06:57.554+0800][5.198s][info][gc,heap     ] GC(10) O: Compacted:         -                  -                  -                 0M (0%)     
[2026-01-06T22:06:57.554+0800][5.198s][info][gc,phases   ] GC(10) O: Old Generation 24M(1%)->36M(1%) 0.004s
[2026-01-06T22:06:57.554+0800][5.198s][info][gc          ] GC(10) Major Collection (Proactive) 2976M(73%)->36M(1%) 0.011s
[2026-01-06T22:06:58.307+0800][5.951s][info][gc          ] GC(11) Minor Collection (High Usage)
[2026-01-06T22:06:58.307+0800][5.951s][info][gc,task     ] GC(11) Using 1 Workers for Young Generation
[2026-01-06T22:06:58.307+0800][5.951s][info][gc,phases   ] GC(11) y: Young Generation
[2026-01-06T22:06:58.307+0800][5.951s][info][gc,phases   ] GC(11) y: Pause Mark Start 0.018ms
[2026-01-06T22:06:58.308+0800][5.952s][info][gc,phases   ] GC(11) y: Concurrent Mark 0.599ms
[2026-01-06T22:06:58.308+0800][5.952s][info][gc,phases   ] GC(11) y: Pause Mark End 0.004ms
[2026-01-06T22:06:58.308+0800][5.952s][info][gc,phases   ] GC(11) y: Concurrent Mark Free 0.003ms
[2026-01-06T22:06:58.308+0800][5.952s][info][gc,phases   ] GC(11) y: Concurrent Reset Relocation Set 0.004ms
[2026-01-06T22:06:58.313+0800][5.956s][info][gc,reloc    ] GC(11) y: Using tenuring threshold: 10 (Computed)
[2026-01-06T22:06:58.313+0800][5.956s][info][gc,phases   ] GC(11) y: Concurrent Select Relocation Set 4.718ms
[2026-01-06T22:06:58.313+0800][5.956s][info][gc,phases   ] GC(11) y: Pause Relocate Start 0.006ms
[2026-01-06T22:06:58.313+0800][5.956s][info][gc,phases   ] GC(11) y: Concurrent Relocate 0.034ms
[2026-01-06T22:06:58.313+0800][5.956s][info][gc,alloc    ] GC(11) y:                         Mark Start        Mark End      Relocate Start    Relocate End   
[2026-01-06T22:06:58.313+0800][5.957s][info][gc,alloc    ] GC(11) y: Allocation Stalls:          0                0                0                0         
[2026-01-06T22:06:58.313+0800][5.957s][info][gc,load     ] GC(11) y: Load: 1.39 (14%) / 1.69 (17%) / 1.98 (20%)
[2026-01-06T22:06:58.313+0800][5.957s][info][gc,mmu      ] GC(11) y: MMU: 2ms/98.9%, 5ms/99.5%, 10ms/99.7%, 20ms/99.8%, 50ms/99.9%, 100ms/100.0%
[2026-01-06T22:06:58.313+0800][5.957s][info][gc,marking  ] GC(11) y: Mark: 1 stripe(s), 2 proactive flush(es), 1 terminate flush(es), 0 completion(s), 0 continuation(s) 
[2026-01-06T22:06:58.313+0800][5.957s][info][gc,nmethod  ] GC(11) y: NMethods: 120 registered, 37 unregistered
[2026-01-06T22:06:58.313+0800][5.957s][info][gc,metaspace] GC(11) y: Metaspace: 0M used, 0M committed, 1088M reserved
[2026-01-06T22:06:58.313+0800][5.957s][info][gc,reloc    ] GC(11) y:                        Candidates     Selected     In-Place         Size        Empty    Relocated 
[2026-01-06T22:06:58.313+0800][5.957s][info][gc,reloc    ] GC(11) y: Small Pages:                 1742            1            0        3484M        3480M           0M 
[2026-01-06T22:06:58.313+0800][5.957s][info][gc,reloc    ] GC(11) y: Medium Pages:                   0            0            0           0M           0M           0M 
[2026-01-06T22:06:58.313+0800][5.957s][info][gc,reloc    ] GC(11) y: Large Pages:                    0            0            0           0M           0M           0M 
[2026-01-06T22:06:58.313+0800][5.957s][info][gc,reloc    ] GC(11) y: Forwarding Usage: 0M
[2026-01-06T22:06:58.313+0800][5.957s][info][gc,reloc    ] GC(11) y: Age Table:
[2026-01-06T22:06:58.313+0800][5.957s][info][gc,reloc    ] GC(11) y:                    Live             Garbage             Small              Medium             Large        
[2026-01-06T22:06:58.313+0800][5.957s][info][gc,reloc    ] GC(11) y: Eden               0M (0%)         3479M (85%)       1740 / 1              0 / 0              0 / 0        
[2026-01-06T22:06:58.313+0800][5.957s][info][gc,reloc    ] GC(11) y: Survivor 1          -                 2M (0%)           1 / 0              0 / 0              0 / 0        
[2026-01-06T22:06:58.313+0800][5.957s][info][gc,reloc    ] GC(11) y: Survivor 2          -                 0M (0%)           0 / 0              0 / 0              0 / 0        
[2026-01-06T22:06:58.313+0800][5.957s][info][gc,reloc    ] GC(11) y: Survivor 3          -                 0M (0%)           0 / 0              0 / 0              0 / 0        
[2026-01-06T22:06:58.313+0800][5.957s][info][gc,reloc    ] GC(11) y: Survivor 4          -                 0M (0%)           0 / 0              0 / 0              0 / 0        
[2026-01-06T22:06:58.313+0800][5.957s][info][gc,reloc    ] GC(11) y: Survivor 5          -                 0M (0%)           0 / 0              0 / 0              0 / 0        
[2026-01-06T22:06:58.313+0800][5.957s][info][gc,reloc    ] GC(11) y: Survivor 6          -                 0M (0%)           0 / 0              0 / 0              0 / 0        
[2026-01-06T22:06:58.313+0800][5.957s][info][gc,reloc    ] GC(11) y: Survivor 7          -                 0M (0%)           0 / 0              0 / 0              0 / 0        
[2026-01-06T22:06:58.313+0800][5.957s][info][gc,reloc    ] GC(11) y: Survivor 8          -                 0M (0%)           0 / 0              0 / 0              0 / 0        
[2026-01-06T22:06:58.313+0800][5.957s][info][gc,reloc    ] GC(11) y: Survivor 9         0M (0%)            1M (0%)           1 / 0              0 / 0              0 / 0        
[2026-01-06T22:06:58.313+0800][5.957s][info][gc,heap     ] GC(11) y: Min Capacity: 8M(0%)
[2026-01-06T22:06:58.313+0800][5.957s][info][gc,heap     ] GC(11) y: Max Capacity: 4096M(100%)
[2026-01-06T22:06:58.313+0800][5.957s][info][gc,heap     ] GC(11) y: Soft Max Capacity: 3686M(90%)
[2026-01-06T22:06:58.313+0800][5.957s][info][gc,heap     ] GC(11) y: Heap Statistics:
[2026-01-06T22:06:58.313+0800][5.957s][info][gc,heap     ] GC(11) y:                Mark Start          Mark End        Relocate Start      Relocate End           High               Low         
[2026-01-06T22:06:58.313+0800][5.957s][info][gc,heap     ] GC(11) y:  Capacity:     3494M (85%)        3494M (85%)        3494M (85%)        3494M (85%)        3494M (85%)        3494M (85%)    
[2026-01-06T22:06:58.313+0800][5.957s][info][gc,heap     ] GC(11) y:      Free:      608M (15%)         604M (15%)        4074M (99%)        4074M (99%)        4074M (99%)         604M (15%)    
[2026-01-06T22:06:58.313+0800][5.957s][info][gc,heap     ] GC(11) y:      Used:     3488M (85%)        3492M (85%)          22M (1%)           22M (1%)         3492M (85%)          22M (1%)     
[2026-01-06T22:06:58.313+0800][5.957s][info][gc,heap     ] GC(11) y: Young Generation Statistics:
[2026-01-06T22:06:58.313+0800][5.957s][info][gc,heap     ] GC(11) y:                Mark Start          Mark End        Relocate Start      Relocate End    
[2026-01-06T22:06:58.313+0800][5.957s][info][gc,heap     ] GC(11) y:      Used:     3484M (85%)        3488M (85%)          18M (0%)           18M (0%)     
[2026-01-06T22:06:58.313+0800][5.957s][info][gc,heap     ] GC(11) y:      Live:         -                 0M (0%)            0M (0%)            0M (0%)     
[2026-01-06T22:06:58.313+0800][5.957s][info][gc,heap     ] GC(11) y:   Garbage:         -              3483M (85%)           3M (0%)            0M (0%)     
[2026-01-06T22:06:58.313+0800][5.957s][info][gc,heap     ] GC(11) y: Allocated:         -                 4M (0%)           14M (0%)           17M (0%)     
[2026-01-06T22:06:58.313+0800][5.957s][info][gc,heap     ] GC(11) y: Reclaimed:         -                  -              3480M (85%)        3483M (85%)    
[2026-01-06T22:06:58.313+0800][5.957s][info][gc,heap     ] GC(11) y:  Promoted:         -                  -                 0M (0%)            0M (0%)     
[2026-01-06T22:06:58.313+0800][5.957s][info][gc,heap     ] GC(11) y: Compacted:         -                  -                  -                 0M (0%)     
[2026-01-06T22:06:58.313+0800][5.957s][info][gc,phases   ] GC(11) y: Young Generation 3488M(85%)->22M(1%) 0.006s
[2026-01-06T22:06:58.313+0800][5.957s][info][gc          ] GC(11) Minor Collection (High Usage) 3486M(85%)->24M(1%) 0.006s
[2026-01-06T22:06:58.401+0800][6.044s][info][gc          ] GC(12) Major Collection (Proactive)
[2026-01-06T22:06:58.401+0800][6.044s][info][gc,task     ] GC(12) Using 1 Workers for Young Generation
[2026-01-06T22:06:58.401+0800][6.044s][info][gc,task     ] GC(12) Using 1 Workers for Old Generation
[2026-01-06T22:06:58.401+0800][6.044s][info][gc,phases   ] GC(12) Y: Young Generation
[2026-01-06T22:06:58.401+0800][6.044s][info][gc,phases   ] GC(12) Y: Pause Mark Start (Major) 0.005ms
[2026-01-06T22:06:58.401+0800][6.045s][info][gc,phases   ] GC(12) Y: Concurrent Mark 0.174ms
[2026-01-06T22:06:58.401+0800][6.045s][info][gc,phases   ] GC(12) Y: Pause Mark End 0.003ms
[2026-01-06T22:06:58.401+0800][6.045s][info][gc,phases   ] GC(12) Y: Concurrent Mark Free 0.000ms
[2026-01-06T22:06:58.401+0800][6.045s][info][gc,phases   ] GC(12) Y: Concurrent Reset Relocation Set 0.000ms
[2026-01-06T22:06:58.401+0800][6.045s][info][gc,reloc    ] GC(12) Y: Using tenuring threshold: 11 (Computed)
[2026-01-06T22:06:58.401+0800][6.045s][info][gc,phases   ] GC(12) Y: Concurrent Select Relocation Set 0.083ms
[2026-01-06T22:06:58.401+0800][6.045s][info][gc,phases   ] GC(12) Y: Pause Relocate Start 0.002ms
[2026-01-06T22:06:58.401+0800][6.045s][info][gc,phases   ] GC(12) Y: Concurrent Relocate 0.026ms
[2026-01-06T22:06:58.401+0800][6.045s][info][gc,alloc    ] GC(12) Y:                         Mark Start        Mark End      Relocate Start    Relocate End   
[2026-01-06T22:06:58.401+0800][6.045s][info][gc,alloc    ] GC(12) Y: Allocation Stalls:          0                0                0                0         
[2026-01-06T22:06:58.401+0800][6.045s][info][gc,load     ] GC(12) Y: Load: 1.39 (14%) / 1.69 (17%) / 1.98 (20%)
[2026-01-06T22:06:58.401+0800][6.045s][info][gc,mmu      ] GC(12) Y: MMU: 2ms/98.9%, 5ms/99.5%, 10ms/99.7%, 20ms/99.8%, 50ms/99.9%, 100ms/100.0%
[2026-01-06T22:06:58.401+0800][6.045s][info][gc,marking  ] GC(12) Y: Mark: 1 stripe(s), 2 proactive flush(es), 1 terminate flush(es), 0 completion(s), 0 continuation(s) 
[2026-01-06T22:06:58.401+0800][6.045s][info][gc,nmethod  ] GC(12) Y: NMethods: 120 registered, 37 unregistered
[2026-01-06T22:06:58.401+0800][6.045s][info][gc,metaspace] GC(12) Y: Metaspace: 0M used, 0M committed, 1088M reserved
[2026-01-06T22:06:58.401+0800][6.045s][info][gc,reloc    ] GC(12) Y:                        Candidates     Selected     In-Place         Size        Empty    Relocated 
[2026-01-06T22:06:58.401+0800][6.045s][info][gc,reloc    ] GC(12) Y: Small Pages:                  211            1            0         422M         418M           0M 
[2026-01-06T22:06:58.401+0800][6.045s][info][gc,reloc    ] GC(12) Y: Medium Pages:                   0            0            0           0M           0M           0M 
[2026-01-06T22:06:58.401+0800][6.045s][info][gc,reloc    ] GC(12) Y: Large Pages:                    0            0            0           0M           0M           0M 
[2026-01-06T22:06:58.401+0800][6.045s][info][gc,reloc    ] GC(12) Y: Forwarding Usage: 0M
[2026-01-06T22:06:58.401+0800][6.045s][info][gc,reloc    ] GC(12) Y: Age Table:
[2026-01-06T22:06:58.401+0800][6.045s][info][gc,reloc    ] GC(12) Y:                    Live             Garbage             Small              Medium             Large        
[2026-01-06T22:06:58.401+0800][6.045s][info][gc,reloc    ] GC(12) Y: Eden               0M (0%)          417M (10%)        209 / 1              0 / 0              0 / 0        
[2026-01-06T22:06:58.401+0800][6.045s][info][gc,reloc    ] GC(12) Y: Survivor 1          -                 2M (0%)           1 / 0              0 / 0              0 / 0        
[2026-01-06T22:06:58.401+0800][6.045s][info][gc,reloc    ] GC(12) Y: Survivor 2          -                 0M (0%)           0 / 0              0 / 0              0 / 0        
[2026-01-06T22:06:58.401+0800][6.045s][info][gc,reloc    ] GC(12) Y: Survivor 3          -                 0M (0%)           0 / 0              0 / 0              0 / 0        
[2026-01-06T22:06:58.401+0800][6.045s][info][gc,reloc    ] GC(12) Y: Survivor 4          -                 0M (0%)           0 / 0              0 / 0              0 / 0        
[2026-01-06T22:06:58.401+0800][6.045s][info][gc,reloc    ] GC(12) Y: Survivor 5          -                 0M (0%)           0 / 0              0 / 0              0 / 0        
[2026-01-06T22:06:58.401+0800][6.045s][info][gc,reloc    ] GC(12) Y: Survivor 6          -                 0M (0%)           0 / 0              0 / 0              0 / 0        
[2026-01-06T22:06:58.401+0800][6.045s][info][gc,reloc    ] GC(12) Y: Survivor 7          -                 0M (0%)           0 / 0              0 / 0              0 / 0        
[2026-01-06T22:06:58.401+0800][6.045s][info][gc,reloc    ] GC(12) Y: Survivor 8          -                 0M (0%)           0 / 0              0 / 0              0 / 0        
[2026-01-06T22:06:58.401+0800][6.045s][info][gc,reloc    ] GC(12) Y: Survivor 9          -                 0M (0%)           0 / 0              0 / 0              0 / 0        
[2026-01-06T22:06:58.401+0800][6.045s][info][gc,reloc    ] GC(12) Y: Survivor 10        0M (0%)            1M (0%)           1 / 0              0 / 0              0 / 0        
[2026-01-06T22:06:58.401+0800][6.045s][info][gc,heap     ] GC(12) Y: Min Capacity: 8M(0%)
[2026-01-06T22:06:58.401+0800][6.045s][info][gc,heap     ] GC(12) Y: Max Capacity: 4096M(100%)
[2026-01-06T22:06:58.401+0800][6.045s][info][gc,heap     ] GC(12) Y: Soft Max Capacity: 3686M(90%)
[2026-01-06T22:06:58.401+0800][6.045s][info][gc,heap     ] GC(12) Y: Heap Statistics:
[2026-01-06T22:06:58.401+0800][6.045s][info][gc,heap     ] GC(12) Y:                Mark Start          Mark End        Relocate Start      Relocate End           High               Low         
[2026-01-06T22:06:58.401+0800][6.045s][info][gc,heap     ] GC(12) Y:  Capacity:     3494M (85%)        3494M (85%)        3494M (85%)        3494M (85%)        3494M (85%)        3494M (85%)    
[2026-01-06T22:06:58.401+0800][6.045s][info][gc,heap     ] GC(12) Y:      Free:     3670M (90%)        3668M (90%)        4086M (100%)       4086M (100%)       4086M (100%)       3668M (90%)    
[2026-01-06T22:06:58.401+0800][6.045s][info][gc,heap     ] GC(12) Y:      Used:      426M (10%)         428M (10%)          10M (0%)           10M (0%)          428M (10%)          10M (0%)     
[2026-01-06T22:06:58.401+0800][6.045s][info][gc,heap     ] GC(12) Y: Young Generation Statistics:
[2026-01-06T22:06:58.401+0800][6.045s][info][gc,heap     ] GC(12) Y:                Mark Start          Mark End        Relocate Start      Relocate End    
[2026-01-06T22:06:58.401+0800][6.045s][info][gc,heap     ] GC(12) Y:      Used:      422M (10%)         424M (10%)           6M (0%)            6M (0%)     
[2026-01-06T22:06:58.401+0800][6.045s][info][gc,heap     ] GC(12) Y:      Live:         -                 0M (0%)            0M (0%)            0M (0%)     
[2026-01-06T22:06:58.401+0800][6.045s][info][gc,heap     ] GC(12) Y:   Garbage:         -               421M (10%)           3M (0%)            0M (0%)     
[2026-01-06T22:06:58.401+0800][6.045s][info][gc,heap     ] GC(12) Y: Allocated:         -                 2M (0%)            2M (0%)            5M (0%)     
[2026-01-06T22:06:58.401+0800][6.045s][info][gc,heap     ] GC(12) Y: Reclaimed:         -                  -               418M (10%)         421M (10%)    
[2026-01-06T22:06:58.401+0800][6.045s][info][gc,heap     ] GC(12) Y:  Promoted:         -                  -                 0M (0%)            0M (0%)     
[2026-01-06T22:06:58.401+0800][6.045s][info][gc,heap     ] GC(12) Y: Compacted:         -                  -                  -                 0M (0%)     
[2026-01-06T22:06:58.401+0800][6.045s][info][gc,phases   ] GC(12) Y: Young Generation 426M(10%)->10M(0%) 0.000s
[2026-01-06T22:06:58.401+0800][6.045s][info][gc,phases   ] GC(12) O: Old Generation
[2026-01-06T22:06:58.402+0800][6.046s][info][gc,phases   ] GC(12) O: Concurrent Mark 1.126ms
[2026-01-06T22:06:58.402+0800][6.046s][info][gc,phases   ] GC(12) O: Pause Mark End 0.005ms
[2026-01-06T22:06:58.402+0800][6.046s][info][gc,phases   ] GC(12) O: Concurrent Mark Free 0.001ms
[2026-01-06T22:06:58.403+0800][6.046s][info][gc,phases   ] GC(12) O: Concurrent Process Non-Strong 0.169ms
[2026-01-06T22:06:58.403+0800][6.046s][info][gc,phases   ] GC(12) O: Concurrent Reset Relocation Set 0.003ms
[2026-01-06T22:06:58.403+0800][6.046s][info][gc,phases   ] GC(12) O: Concurrent Select Relocation Set 0.035ms
[2026-01-06T22:06:58.403+0800][6.046s][info][gc,task     ] GC(12) O: Using 2 Workers for Old Generation
[2026-01-06T22:06:58.403+0800][6.046s][info][gc,task     ] GC(12) O: Using 1 Workers for Old Generation
[2026-01-06T22:06:58.403+0800][6.046s][info][gc,phases   ] GC(12) O: Concurrent Remap Roots 0.052ms
[2026-01-06T22:06:58.403+0800][6.046s][info][gc,phases   ] GC(12) O: Pause Relocate Start 0.002ms
[2026-01-06T22:06:58.403+0800][6.047s][info][gc,phases   ] GC(12) O: Concurrent Relocate 0.283ms
[2026-01-06T22:06:58.403+0800][6.047s][info][gc,alloc    ] GC(12) O:                         Mark Start        Mark End      Relocate Start    Relocate End   
[2026-01-06T22:06:58.403+0800][6.047s][info][gc,alloc    ] GC(12) O: Allocation Stalls:          0                0                0                0         
[2026-01-06T22:06:58.403+0800][6.047s][info][gc,load     ] GC(12) O: Load: 1.39 (14%) / 1.69 (17%) / 1.98 (20%)
[2026-01-06T22:06:58.403+0800][6.047s][info][gc,mmu      ] GC(12) O: MMU: 2ms/98.9%, 5ms/99.5%, 10ms/99.7%, 20ms/99.8%, 50ms/99.9%, 100ms/100.0%
[2026-01-06T22:06:58.403+0800][6.047s][info][gc,marking  ] GC(12) O: Mark: 1 stripe(s), 2 proactive flush(es), 1 terminate flush(es), 0 completion(s), 0 continuation(s) 
[2026-01-06T22:06:58.403+0800][6.047s][info][gc,nmethod  ] GC(12) O: NMethods: 120 registered, 37 unregistered
[2026-01-06T22:06:58.403+0800][6.047s][info][gc,metaspace] GC(12) O: Metaspace: 0M used, 0M committed, 1088M reserved
[2026-01-06T22:06:58.403+0800][6.047s][info][gc,ref      ] GC(12) O:                       Encountered   Discovered     Enqueued 
[2026-01-06T22:06:58.403+0800][6.047s][info][gc,ref      ] GC(12) O: Soft References:                1            0            0 
[2026-01-06T22:06:58.403+0800][6.047s][info][gc,ref      ] GC(12) O: Weak References:                6            0            0 
[2026-01-06T22:06:58.403+0800][6.047s][info][gc,ref      ] GC(12) O: Final References:               0            0            0 
[2026-01-06T22:06:58.403+0800][6.047s][info][gc,ref      ] GC(12) O: Phantom References:             1            1            0 
[2026-01-06T22:06:58.403+0800][6.047s][info][gc,reloc    ] GC(12) O:                        Candidates     Selected     In-Place         Size        Empty    Relocated 
[2026-01-06T22:06:58.403+0800][6.047s][info][gc,reloc    ] GC(12) O: Small Pages:                    2            1            0           4M           0M           0M 
[2026-01-06T22:06:58.403+0800][6.047s][info][gc,reloc    ] GC(12) O: Medium Pages:                   0            0            0           0M           0M           0M 
[2026-01-06T22:06:58.403+0800][6.047s][info][gc,reloc    ] GC(12) O: Large Pages:                    0            0            0           0M           0M           0M 
[2026-01-06T22:06:58.403+0800][6.047s][info][gc,reloc    ] GC(12) O: Forwarding Usage: 0M
[2026-01-06T22:06:58.403+0800][6.047s][info][gc,heap     ] GC(12) O: Min Capacity: 8M(0%)
[2026-01-06T22:06:58.403+0800][6.047s][info][gc,heap     ] GC(12) O: Max Capacity: 4096M(100%)
[2026-01-06T22:06:58.403+0800][6.047s][info][gc,heap     ] GC(12) O: Soft Max Capacity: 3686M(90%)
[2026-01-06T22:06:58.403+0800][6.047s][info][gc,heap     ] GC(12) O: Heap Statistics:
[2026-01-06T22:06:58.403+0800][6.047s][info][gc,heap     ] GC(12) O:                Mark Start          Mark End        Relocate Start      Relocate End           High               Low         
[2026-01-06T22:06:58.403+0800][6.047s][info][gc,heap     ] GC(12) O:  Capacity:     3494M (85%)        3494M (85%)        3494M (85%)        3494M (85%)        3494M (85%)        3494M (85%)    
[2026-01-06T22:06:58.403+0800][6.047s][info][gc,heap     ] GC(12) O:      Free:     3670M (90%)        4068M (99%)        4062M (99%)        4060M (99%)        4086M (100%)       3668M (90%)    
[2026-01-06T22:06:58.403+0800][6.047s][info][gc,heap     ] GC(12) O:      Used:      426M (10%)          28M (1%)           34M (1%)           36M (1%)          428M (10%)          10M (0%)     
[2026-01-06T22:06:58.403+0800][6.047s][info][gc,heap     ] GC(12) O: Old Generation Statistics:
[2026-01-06T22:06:58.403+0800][6.047s][info][gc,heap     ] GC(12) O:                Mark Start          Mark End        Relocate Start      Relocate End    
[2026-01-06T22:06:58.403+0800][6.047s][info][gc,heap     ] GC(12) O:      Used:        4M (0%)            4M (0%)            4M (0%)            4M (0%)     
[2026-01-06T22:06:58.403+0800][6.047s][info][gc,heap     ] GC(12) O:      Live:         -                 0M (0%)            0M (0%)            0M (0%)     
[2026-01-06T22:06:58.403+0800][6.047s][info][gc,heap     ] GC(12) O:   Garbage:         -                 3M (0%)            3M (0%)            0M (0%)     
[2026-01-06T22:06:58.403+0800][6.047s][info][gc,heap     ] GC(12) O: Allocated:         -                 0M (0%)            0M (0%)            3M (0%)     
[2026-01-06T22:06:58.403+0800][6.047s][info][gc,heap     ] GC(12) O: Reclaimed:         -                  -                 0M (0%)            3M (0%)     
[2026-01-06T22:06:58.403+0800][6.047s][info][gc,heap     ] GC(12) O: Compacted:         -                  -                  -                 0M (0%)     
[2026-01-06T22:06:58.403+0800][6.047s][info][gc,phases   ] GC(12) O: Old Generation 14M(0%)->36M(1%) 0.002s
[2026-01-06T22:06:58.403+0800][6.047s][info][gc          ] GC(12) Major Collection (Proactive) 426M(10%)->36M(1%) 0.002s
[2026-01-06T22:06:59.173+0800][6.817s][info][gc          ] GC(13) Major Collection (Proactive)
[2026-01-06T22:06:59.174+0800][6.818s][info][gc,task     ] GC(13) Using 1 Workers for Young Generation
[2026-01-06T22:06:59.174+0800][6.818s][info][gc,task     ] GC(13) Using 1 Workers for Old Generation
[2026-01-06T22:06:59.174+0800][6.818s][info][gc,phases   ] GC(13) Y: Young Generation
[2026-01-06T22:06:59.174+0800][6.818s][info][gc,phases   ] GC(13) Y: Pause Mark Start (Major) 0.016ms
[2026-01-06T22:06:59.175+0800][6.818s][info][gc,phases   ] GC(13) Y: Concurrent Mark 0.610ms
[2026-01-06T22:06:59.175+0800][6.818s][info][gc,phases   ] GC(13) Y: Pause Mark End 0.005ms
[2026-01-06T22:06:59.175+0800][6.819s][info][gc,phases   ] GC(13) Y: Concurrent Mark Free 0.003ms
[2026-01-06T22:06:59.175+0800][6.819s][info][gc,phases   ] GC(13) Y: Concurrent Reset Relocation Set 0.003ms
[2026-01-06T22:06:59.182+0800][6.825s][info][gc,reloc    ] GC(13) Y: Using tenuring threshold: 12 (Computed)
[2026-01-06T22:06:59.182+0800][6.826s][info][gc,phases   ] GC(13) Y: Concurrent Select Relocation Set 6.971ms
[2026-01-06T22:06:59.182+0800][6.826s][info][gc,phases   ] GC(13) Y: Pause Relocate Start 0.002ms
[2026-01-06T22:06:59.182+0800][6.826s][info][gc,phases   ] GC(13) Y: Concurrent Relocate 0.068ms
[2026-01-06T22:06:59.182+0800][6.826s][info][gc,alloc    ] GC(13) Y:                         Mark Start        Mark End      Relocate Start    Relocate End   
[2026-01-06T22:06:59.182+0800][6.826s][info][gc,alloc    ] GC(13) Y: Allocation Stalls:          0                0                0                0         
[2026-01-06T22:06:59.182+0800][6.826s][info][gc,load     ] GC(13) Y: Load: 1.39 (14%) / 1.69 (17%) / 1.98 (20%)
[2026-01-06T22:06:59.182+0800][6.826s][info][gc,mmu      ] GC(13) Y: MMU: 2ms/98.9%, 5ms/99.5%, 10ms/99.7%, 20ms/99.8%, 50ms/99.9%, 100ms/100.0%
[2026-01-06T22:06:59.182+0800][6.826s][info][gc,marking  ] GC(13) Y: Mark: 1 stripe(s), 2 proactive flush(es), 1 terminate flush(es), 0 completion(s), 0 continuation(s) 
[2026-01-06T22:06:59.182+0800][6.826s][info][gc,nmethod  ] GC(13) Y: NMethods: 120 registered, 37 unregistered
[2026-01-06T22:06:59.182+0800][6.826s][info][gc,metaspace] GC(13) Y: Metaspace: 0M used, 0M committed, 1088M reserved
[2026-01-06T22:06:59.182+0800][6.826s][info][gc,reloc    ] GC(13) Y:                        Candidates     Selected     In-Place         Size        Empty    Relocated 
[2026-01-06T22:06:59.182+0800][6.826s][info][gc,reloc    ] GC(13) Y: Small Pages:                 1743            1            0        3486M        3482M           0M 
[2026-01-06T22:06:59.182+0800][6.826s][info][gc,reloc    ] GC(13) Y: Medium Pages:                   0            0            0           0M           0M           0M 
[2026-01-06T22:06:59.182+0800][6.826s][info][gc,reloc    ] GC(13) Y: Large Pages:                    0            0            0           0M           0M           0M 
[2026-01-06T22:06:59.182+0800][6.826s][info][gc,reloc    ] GC(13) Y: Forwarding Usage: 0M
[2026-01-06T22:06:59.182+0800][6.826s][info][gc,reloc    ] GC(13) Y: Age Table:
[2026-01-06T22:06:59.182+0800][6.826s][info][gc,reloc    ] GC(13) Y:                    Live             Garbage             Small              Medium             Large        
[2026-01-06T22:06:59.182+0800][6.826s][info][gc,reloc    ] GC(13) Y: Eden               0M (0%)         3481M (85%)       1741 / 1              0 / 0              0 / 0        
[2026-01-06T22:06:59.182+0800][6.826s][info][gc,reloc    ] GC(13) Y: Survivor 1          -                 2M (0%)           1 / 0              0 / 0              0 / 0        
[2026-01-06T22:06:59.182+0800][6.826s][info][gc,reloc    ] GC(13) Y: Survivor 2          -                 0M (0%)           0 / 0              0 / 0              0 / 0        
[2026-01-06T22:06:59.182+0800][6.826s][info][gc,reloc    ] GC(13) Y: Survivor 3          -                 0M (0%)           0 / 0              0 / 0              0 / 0        
[2026-01-06T22:06:59.182+0800][6.826s][info][gc,reloc    ] GC(13) Y: Survivor 4          -                 0M (0%)           0 / 0              0 / 0              0 / 0        
[2026-01-06T22:06:59.182+0800][6.826s][info][gc,reloc    ] GC(13) Y: Survivor 5          -                 0M (0%)           0 / 0              0 / 0              0 / 0        
[2026-01-06T22:06:59.182+0800][6.826s][info][gc,reloc    ] GC(13) Y: Survivor 6          -                 0M (0%)           0 / 0              0 / 0              0 / 0        
[2026-01-06T22:06:59.182+0800][6.826s][info][gc,reloc    ] GC(13) Y: Survivor 7          -                 0M (0%)           0 / 0              0 / 0              0 / 0        
[2026-01-06T22:06:59.182+0800][6.826s][info][gc,reloc    ] GC(13) Y: Survivor 8          -                 0M (0%)           0 / 0              0 / 0              0 / 0        
[2026-01-06T22:06:59.182+0800][6.826s][info][gc,reloc    ] GC(13) Y: Survivor 9          -                 0M (0%)           0 / 0              0 / 0              0 / 0        
[2026-01-06T22:06:59.182+0800][6.826s][info][gc,reloc    ] GC(13) Y: Survivor 10         -                 0M (0%)           0 / 0              0 / 0              0 / 0        
[2026-01-06T22:06:59.182+0800][6.826s][info][gc,reloc    ] GC(13) Y: Survivor 11        0M (0%)            1M (0%)           1 / 0              0 / 0              0 / 0        
[2026-01-06T22:06:59.182+0800][6.826s][info][gc,heap     ] GC(13) Y: Min Capacity: 8M(0%)
[2026-01-06T22:06:59.182+0800][6.826s][info][gc,heap     ] GC(13) Y: Max Capacity: 4096M(100%)
[2026-01-06T22:06:59.182+0800][6.826s][info][gc,heap     ] GC(13) Y: Soft Max Capacity: 3686M(90%)
[2026-01-06T22:06:59.182+0800][6.826s][info][gc,heap     ] GC(13) Y: Heap Statistics:
[2026-01-06T22:06:59.182+0800][6.826s][info][gc,heap     ] GC(13) Y:                Mark Start          Mark End        Relocate Start      Relocate End           High               Low         
[2026-01-06T22:06:59.182+0800][6.826s][info][gc,heap     ] GC(13) Y:  Capacity:     3494M (85%)        3496M (85%)        3496M (85%)        3496M (85%)        3496M (85%)        3494M (85%)    
[2026-01-06T22:06:59.182+0800][6.826s][info][gc,heap     ] GC(13) Y:      Free:      606M (15%)         600M (15%)        4072M (99%)        4072M (99%)        4072M (99%)         600M (15%)    
[2026-01-06T22:06:59.182+0800][6.826s][info][gc,heap     ] GC(13) Y:      Used:     3490M (85%)        3496M (85%)          24M (1%)           24M (1%)         3496M (85%)          24M (1%)     
[2026-01-06T22:06:59.182+0800][6.826s][info][gc,heap     ] GC(13) Y: Young Generation Statistics:
[2026-01-06T22:06:59.182+0800][6.826s][info][gc,heap     ] GC(13) Y:                Mark Start          Mark End        Relocate Start      Relocate End    
[2026-01-06T22:06:59.182+0800][6.826s][info][gc,heap     ] GC(13) Y:      Used:     3486M (85%)        3492M (85%)          20M (0%)           20M (0%)     
[2026-01-06T22:06:59.182+0800][6.826s][info][gc,heap     ] GC(13) Y:      Live:         -                 0M (0%)            0M (0%)            0M (0%)     
[2026-01-06T22:06:59.182+0800][6.826s][info][gc,heap     ] GC(13) Y:   Garbage:         -              3485M (85%)           3M (0%)            0M (0%)     
[2026-01-06T22:06:59.182+0800][6.826s][info][gc,heap     ] GC(13) Y: Allocated:         -                 6M (0%)           16M (0%)           19M (0%)     
[2026-01-06T22:06:59.182+0800][6.826s][info][gc,heap     ] GC(13) Y: Reclaimed:         -                  -              3482M (85%)        3485M (85%)    
[2026-01-06T22:06:59.182+0800][6.826s][info][gc,heap     ] GC(13) Y:  Promoted:         -                  -                 0M (0%)            0M (0%)     
[2026-01-06T22:06:59.182+0800][6.826s][info][gc,heap     ] GC(13) Y: Compacted:         -                  -                  -                 0M (0%)     
[2026-01-06T22:06:59.182+0800][6.826s][info][gc,phases   ] GC(13) Y: Young Generation 3490M(85%)->24M(1%) 0.008s
[2026-01-06T22:06:59.182+0800][6.826s][info][gc,phases   ] GC(13) O: Old Generation
[2026-01-06T22:06:59.184+0800][6.827s][info][gc,phases   ] GC(13) O: Concurrent Mark 1.487ms
[2026-01-06T22:06:59.184+0800][6.827s][info][gc,phases   ] GC(13) O: Pause Mark End 0.006ms
[2026-01-06T22:06:59.184+0800][6.827s][info][gc,phases   ] GC(13) O: Concurrent Mark Free 0.000ms
[2026-01-06T22:06:59.184+0800][6.828s][info][gc,phases   ] GC(13) O: Concurrent Process Non-Strong 0.210ms
[2026-01-06T22:06:59.184+0800][6.828s][info][gc,phases   ] GC(13) O: Concurrent Reset Relocation Set 0.003ms
[2026-01-06T22:06:59.184+0800][6.828s][info][gc,phases   ] GC(13) O: Concurrent Select Relocation Set 0.040ms
[2026-01-06T22:06:59.184+0800][6.828s][info][gc,task     ] GC(13) O: Using 2 Workers for Old Generation
[2026-01-06T22:06:59.184+0800][6.828s][info][gc,task     ] GC(13) O: Using 1 Workers for Old Generation
[2026-01-06T22:06:59.184+0800][6.828s][info][gc,phases   ] GC(13) O: Concurrent Remap Roots 0.058ms
[2026-01-06T22:06:59.184+0800][6.828s][info][gc,phases   ] GC(13) O: Pause Relocate Start 0.002ms
[2026-01-06T22:06:59.184+0800][6.828s][info][gc,phases   ] GC(13) O: Concurrent Relocate 0.449ms
[2026-01-06T22:06:59.184+0800][6.828s][info][gc,alloc    ] GC(13) O:                         Mark Start        Mark End      Relocate Start    Relocate End   
[2026-01-06T22:06:59.184+0800][6.828s][info][gc,alloc    ] GC(13) O: Allocation Stalls:          0                0                0                0         
[2026-01-06T22:06:59.184+0800][6.828s][info][gc,load     ] GC(13) O: Load: 1.39 (14%) / 1.69 (17%) / 1.98 (20%)
[2026-01-06T22:06:59.184+0800][6.828s][info][gc,mmu      ] GC(13) O: MMU: 2ms/98.9%, 5ms/99.5%, 10ms/99.7%, 20ms/99.8%, 50ms/99.9%, 100ms/100.0%
[2026-01-06T22:06:59.184+0800][6.828s][info][gc,marking  ] GC(13) O: Mark: 1 stripe(s), 2 proactive flush(es), 1 terminate flush(es), 0 completion(s), 0 continuation(s) 
[2026-01-06T22:06:59.184+0800][6.828s][info][gc,nmethod  ] GC(13) O: NMethods: 120 registered, 37 unregistered
[2026-01-06T22:06:59.184+0800][6.828s][info][gc,metaspace] GC(13) O: Metaspace: 0M used, 0M committed, 1088M reserved
[2026-01-06T22:06:59.184+0800][6.828s][info][gc,ref      ] GC(13) O:                       Encountered   Discovered     Enqueued 
[2026-01-06T22:06:59.184+0800][6.828s][info][gc,ref      ] GC(13) O: Soft References:                1            0            0 
[2026-01-06T22:06:59.184+0800][6.828s][info][gc,ref      ] GC(13) O: Weak References:                6            0            0 
[2026-01-06T22:06:59.184+0800][6.828s][info][gc,ref      ] GC(13) O: Final References:               0            0            0 
[2026-01-06T22:06:59.184+0800][6.828s][info][gc,ref      ] GC(13) O: Phantom References:             1            1            0 
[2026-01-06T22:06:59.184+0800][6.828s][info][gc,reloc    ] GC(13) O:                        Candidates     Selected     In-Place         Size        Empty    Relocated 
[2026-01-06T22:06:59.184+0800][6.828s][info][gc,reloc    ] GC(13) O: Small Pages:                    2            1            0           4M           0M           0M 
[2026-01-06T22:06:59.184+0800][6.828s][info][gc,reloc    ] GC(13) O: Medium Pages:                   0            0            0           0M           0M           0M 
[2026-01-06T22:06:59.184+0800][6.828s][info][gc,reloc    ] GC(13) O: Large Pages:                    0            0            0           0M           0M           0M 
[2026-01-06T22:06:59.184+0800][6.828s][info][gc,reloc    ] GC(13) O: Forwarding Usage: 0M
[2026-01-06T22:06:59.184+0800][6.828s][info][gc,heap     ] GC(13) O: Min Capacity: 8M(0%)
[2026-01-06T22:06:59.184+0800][6.828s][info][gc,heap     ] GC(13) O: Max Capacity: 4096M(100%)
[2026-01-06T22:06:59.184+0800][6.828s][info][gc,heap     ] GC(13) O: Soft Max Capacity: 3686M(90%)
[2026-01-06T22:06:59.184+0800][6.828s][info][gc,heap     ] GC(13) O: Heap Statistics:
[2026-01-06T22:06:59.184+0800][6.828s][info][gc,heap     ] GC(13) O:                Mark Start          Mark End        Relocate Start      Relocate End           High               Low         
[2026-01-06T22:06:59.184+0800][6.828s][info][gc,heap     ] GC(13) O:  Capacity:     3494M (85%)        3496M (85%)        3496M (85%)        3496M (85%)        3496M (85%)        3494M (85%)    
[2026-01-06T22:06:59.184+0800][6.828s][info][gc,heap     ] GC(13) O:      Free:      606M (15%)        4064M (99%)        4062M (99%)        4060M (99%)        4072M (99%)         600M (15%)    
[2026-01-06T22:06:59.184+0800][6.828s][info][gc,heap     ] GC(13) O:      Used:     3490M (85%)          32M (1%)           34M (1%)           36M (1%)         3496M (85%)          24M (1%)     
[2026-01-06T22:06:59.184+0800][6.828s][info][gc,heap     ] GC(13) O: Old Generation Statistics:
[2026-01-06T22:06:59.184+0800][6.828s][info][gc,heap     ] GC(13) O:                Mark Start          Mark End        Relocate Start      Relocate End    
[2026-01-06T22:06:59.184+0800][6.828s][info][gc,heap     ] GC(13) O:      Used:        4M (0%)            4M (0%)            4M (0%)            4M (0%)     
[2026-01-06T22:06:59.184+0800][6.828s][info][gc,heap     ] GC(13) O:      Live:         -                 0M (0%)            0M (0%)            0M (0%)     
[2026-01-06T22:06:59.185+0800][6.828s][info][gc,heap     ] GC(13) O:   Garbage:         -                 3M (0%)            3M (0%)            0M (0%)     
[2026-01-06T22:06:59.185+0800][6.828s][info][gc,heap     ] GC(13) O: Allocated:         -                 0M (0%)            0M (0%)            3M (0%)     
[2026-01-06T22:06:59.185+0800][6.828s][info][gc,heap     ] GC(13) O: Reclaimed:         -                  -                 0M (0%)            3M (0%)     
[2026-01-06T22:06:59.185+0800][6.828s][info][gc,heap     ] GC(13) O: Compacted:         -                  -                  -                 0M (0%)     
[2026-01-06T22:06:59.185+0800][6.828s][info][gc,phases   ] GC(13) O: Old Generation 26M(1%)->36M(1%) 0.002s
[2026-01-06T22:06:59.185+0800][6.828s][info][gc          ] GC(13) Major Collection (Proactive) 3484M(85%)->36M(1%) 0.011s
[2026-01-06T22:07:00.188+0800][7.832s][info][gc          ] GC(14) Major Collection (Proactive)
[2026-01-06T22:07:00.188+0800][7.832s][info][gc,task     ] GC(14) Using 1 Workers for Young Generation
[2026-01-06T22:07:00.189+0800][7.832s][info][gc,task     ] GC(14) Using 1 Workers for Old Generation
[2026-01-06T22:07:00.189+0800][7.832s][info][gc,phases   ] GC(14) Y: Young Generation
[2026-01-06T22:07:00.189+0800][7.833s][info][gc,phases   ] GC(14) Y: Pause Mark Start (Major) 0.052ms
[2026-01-06T22:07:00.191+0800][7.835s][info][gc,phases   ] GC(14) Y: Concurrent Mark 1.513ms
[2026-01-06T22:07:00.191+0800][7.835s][info][gc,phases   ] GC(14) Y: Pause Mark End 0.016ms
[2026-01-06T22:07:00.191+0800][7.835s][info][gc,phases   ] GC(14) Y: Concurrent Mark Free 0.004ms
[2026-01-06T22:07:00.191+0800][7.835s][info][gc,phases   ] GC(14) Y: Concurrent Reset Relocation Set 0.005ms
[2026-01-06T22:07:00.198+0800][7.842s][info][gc,reloc    ] GC(14) Y: Using tenuring threshold: 13 (Computed)
[2026-01-06T22:07:00.200+0800][7.843s][info][gc,phases   ] GC(14) Y: Concurrent Select Relocation Set 8.348ms
[2026-01-06T22:07:00.200+0800][7.844s][info][gc,phases   ] GC(14) Y: Pause Relocate Start 0.006ms
[2026-01-06T22:07:00.200+0800][7.844s][info][gc,phases   ] GC(14) Y: Concurrent Relocate 0.458ms
[2026-01-06T22:07:00.200+0800][7.844s][info][gc,alloc    ] GC(14) Y:                         Mark Start        Mark End      Relocate Start    Relocate End   
[2026-01-06T22:07:00.200+0800][7.844s][info][gc,alloc    ] GC(14) Y: Allocation Stalls:          0                0                0                0         
[2026-01-06T22:07:00.200+0800][7.844s][info][gc,load     ] GC(14) Y: Load: 1.39 (14%) / 1.69 (17%) / 1.98 (20%)
[2026-01-06T22:07:00.200+0800][7.844s][info][gc,mmu      ] GC(14) Y: MMU: 2ms/97.4%, 5ms/98.6%, 10ms/99.3%, 20ms/99.6%, 50ms/99.9%, 100ms/99.9%
[2026-01-06T22:07:00.200+0800][7.844s][info][gc,marking  ] GC(14) Y: Mark: 1 stripe(s), 2 proactive flush(es), 1 terminate flush(es), 0 completion(s), 0 continuation(s) 
[2026-01-06T22:07:00.200+0800][7.844s][info][gc,nmethod  ] GC(14) Y: NMethods: 120 registered, 37 unregistered
[2026-01-06T22:07:00.200+0800][7.844s][info][gc,metaspace] GC(14) Y: Metaspace: 0M used, 0M committed, 1088M reserved
[2026-01-06T22:07:00.201+0800][7.844s][info][gc,reloc    ] GC(14) Y:                        Candidates     Selected     In-Place         Size        Empty    Relocated 
[2026-01-06T22:07:00.201+0800][7.844s][info][gc,reloc    ] GC(14) Y: Small Pages:                 1601            1            0        3202M        3198M           0M 
[2026-01-06T22:07:00.201+0800][7.844s][info][gc,reloc    ] GC(14) Y: Medium Pages:                   0            0            0           0M           0M           0M 
[2026-01-06T22:07:00.201+0800][7.845s][info][gc,reloc    ] GC(14) Y: Large Pages:                    0            0            0           0M           0M           0M 
[2026-01-06T22:07:00.201+0800][7.845s][info][gc,reloc    ] GC(14) Y: Forwarding Usage: 0M
[2026-01-06T22:07:00.201+0800][7.845s][info][gc,reloc    ] GC(14) Y: Age Table:
[2026-01-06T22:07:00.201+0800][7.845s][info][gc,reloc    ] GC(14) Y:                    Live             Garbage             Small              Medium             Large        
[2026-01-06T22:07:00.201+0800][7.845s][info][gc,reloc    ] GC(14) Y: Eden               0M (0%)         3197M (78%)       1599 / 1              0 / 0              0 / 0        
[2026-01-06T22:07:00.201+0800][7.845s][info][gc,reloc    ] GC(14) Y: Survivor 1          -                 2M (0%)           1 / 0              0 / 0              0 / 0        
[2026-01-06T22:07:00.201+0800][7.845s][info][gc,reloc    ] GC(14) Y: Survivor 2          -                 0M (0%)           0 / 0              0 / 0              0 / 0        
[2026-01-06T22:07:00.201+0800][7.845s][info][gc,reloc    ] GC(14) Y: Survivor 3          -                 0M (0%)           0 / 0              0 / 0              0 / 0        
[2026-01-06T22:07:00.201+0800][7.845s][info][gc,reloc    ] GC(14) Y: Survivor 4          -                 0M (0%)           0 / 0              0 / 0              0 / 0        
[2026-01-06T22:07:00.201+0800][7.845s][info][gc,reloc    ] GC(14) Y: Survivor 5          -                 0M (0%)           0 / 0              0 / 0              0 / 0        
[2026-01-06T22:07:00.201+0800][7.845s][info][gc,reloc    ] GC(14) Y: Survivor 6          -                 0M (0%)           0 / 0              0 / 0              0 / 0        
[2026-01-06T22:07:00.201+0800][7.845s][info][gc,reloc    ] GC(14) Y: Survivor 7          -                 0M (0%)           0 / 0              0 / 0              0 / 0        
[2026-01-06T22:07:00.201+0800][7.845s][info][gc,reloc    ] GC(14) Y: Survivor 8          -                 0M (0%)           0 / 0              0 / 0              0 / 0        
[2026-01-06T22:07:00.201+0800][7.845s][info][gc,reloc    ] GC(14) Y: Survivor 9          -                 0M (0%)           0 / 0              0 / 0              0 / 0        
[2026-01-06T22:07:00.201+0800][7.845s][info][gc,reloc    ] GC(14) Y: Survivor 10         -                 0M (0%)           0 / 0              0 / 0              0 / 0        
[2026-01-06T22:07:00.201+0800][7.845s][info][gc,reloc    ] GC(14) Y: Survivor 11         -                 0M (0%)           0 / 0              0 / 0              0 / 0        
[2026-01-06T22:07:00.201+0800][7.845s][info][gc,reloc    ] GC(14) Y: Survivor 12        0M (0%)            1M (0%)           1 / 0              0 / 0              0 / 0        
[2026-01-06T22:07:00.201+0800][7.845s][info][gc,heap     ] GC(14) Y: Min Capacity: 8M(0%)
[2026-01-06T22:07:00.201+0800][7.845s][info][gc,heap     ] GC(14) Y: Max Capacity: 4096M(100%)
[2026-01-06T22:07:00.201+0800][7.845s][info][gc,heap     ] GC(14) Y: Soft Max Capacity: 3686M(90%)
[2026-01-06T22:07:00.201+0800][7.845s][info][gc,heap     ] GC(14) Y: Heap Statistics:
[2026-01-06T22:07:00.201+0800][7.845s][info][gc,heap     ] GC(14) Y:                Mark Start          Mark End        Relocate Start      Relocate End           High               Low         
[2026-01-06T22:07:00.201+0800][7.845s][info][gc,heap     ] GC(14) Y:  Capacity:     3496M (85%)        3496M (85%)        3496M (85%)        3496M (85%)        3496M (85%)        3496M (85%)    
[2026-01-06T22:07:00.201+0800][7.845s][info][gc,heap     ] GC(14) Y:      Free:      890M (22%)         882M (22%)        4074M (99%)        4074M (99%)        4076M (100%)        882M (22%)    
[2026-01-06T22:07:00.201+0800][7.845s][info][gc,heap     ] GC(14) Y:      Used:     3206M (78%)        3214M (78%)          22M (1%)           22M (1%)         3214M (78%)          20M (0%)     
[2026-01-06T22:07:00.201+0800][7.845s][info][gc,heap     ] GC(14) Y: Young Generation Statistics:
[2026-01-06T22:07:00.201+0800][7.845s][info][gc,heap     ] GC(14) Y:                Mark Start          Mark End        Relocate Start      Relocate End    
[2026-01-06T22:07:00.201+0800][7.845s][info][gc,heap     ] GC(14) Y:      Used:     3202M (78%)        3210M (78%)          18M (0%)           18M (0%)     
[2026-01-06T22:07:00.201+0800][7.845s][info][gc,heap     ] GC(14) Y:      Live:         -                 0M (0%)            0M (0%)            0M (0%)     
[2026-01-06T22:07:00.201+0800][7.845s][info][gc,heap     ] GC(14) Y:   Garbage:         -              3201M (78%)           3M (0%)            0M (0%)     
[2026-01-06T22:07:00.201+0800][7.845s][info][gc,heap     ] GC(14) Y: Allocated:         -                 8M (0%)           14M (0%)           17M (0%)     
[2026-01-06T22:07:00.201+0800][7.845s][info][gc,heap     ] GC(14) Y: Reclaimed:         -                  -              3198M (78%)        3201M (78%)    
[2026-01-06T22:07:00.201+0800][7.845s][info][gc,heap     ] GC(14) Y:  Promoted:         -                  -                 0M (0%)            0M (0%)     
[2026-01-06T22:07:00.201+0800][7.845s][info][gc,heap     ] GC(14) Y: Compacted:         -                  -                  -                 0M (0%)     
[2026-01-06T22:07:00.201+0800][7.845s][info][gc,phases   ] GC(14) Y: Young Generation 3206M(78%)->22M(1%) 0.012s
[2026-01-06T22:07:00.201+0800][7.845s][info][gc,phases   ] GC(14) O: Old Generation
[2026-01-06T22:07:00.208+0800][7.852s][info][gc,phases   ] GC(14) O: Concurrent Mark 6.510ms
[2026-01-06T22:07:00.208+0800][7.852s][info][gc,phases   ] GC(14) O: Pause Mark End 0.024ms
[2026-01-06T22:07:00.208+0800][7.852s][info][gc,phases   ] GC(14) O: Concurrent Mark Free 0.001ms
[2026-01-06T22:07:00.209+0800][7.853s][info][gc,phases   ] GC(14) O: Concurrent Process Non-Strong 1.017ms
[2026-01-06T22:07:00.209+0800][7.853s][info][gc,phases   ] GC(14) O: Concurrent Reset Relocation Set 0.006ms
[2026-01-06T22:07:00.209+0800][7.853s][info][gc,phases   ] GC(14) O: Concurrent Select Relocation Set 0.051ms
[2026-01-06T22:07:00.210+0800][7.853s][info][gc,task     ] GC(14) O: Using 2 Workers for Old Generation
[2026-01-06T22:07:00.210+0800][7.854s][info][gc,task     ] GC(14) O: Using 1 Workers for Old Generation
[2026-01-06T22:07:00.210+0800][7.854s][info][gc,phases   ] GC(14) O: Concurrent Remap Roots 0.212ms
[2026-01-06T22:07:00.210+0800][7.854s][info][gc,phases   ] GC(14) O: Pause Relocate Start 0.006ms
[2026-01-06T22:07:00.212+0800][7.856s][info][gc,phases   ] GC(14) O: Concurrent Relocate 2.132ms
[2026-01-06T22:07:00.212+0800][7.856s][info][gc,alloc    ] GC(14) O:                         Mark Start        Mark End      Relocate Start    Relocate End   
[2026-01-06T22:07:00.212+0800][7.856s][info][gc,alloc    ] GC(14) O: Allocation Stalls:          0                0                0                0         
[2026-01-06T22:07:00.212+0800][7.856s][info][gc,load     ] GC(14) O: Load: 1.39 (14%) / 1.69 (17%) / 1.98 (20%)
[2026-01-06T22:07:00.212+0800][7.856s][info][gc,mmu      ] GC(14) O: MMU: 2ms/97.4%, 5ms/98.6%, 10ms/99.3%, 20ms/99.5%, 50ms/99.8%, 100ms/99.9%
[2026-01-06T22:07:00.212+0800][7.856s][info][gc,marking  ] GC(14) O: Mark: 1 stripe(s), 2 proactive flush(es), 1 terminate flush(es), 0 completion(s), 0 continuation(s) 
[2026-01-06T22:07:00.212+0800][7.856s][info][gc,nmethod  ] GC(14) O: NMethods: 120 registered, 37 unregistered
[2026-01-06T22:07:00.212+0800][7.856s][info][gc,metaspace] GC(14) O: Metaspace: 0M used, 0M committed, 1088M reserved
[2026-01-06T22:07:00.212+0800][7.856s][info][gc,ref      ] GC(14) O:                       Encountered   Discovered     Enqueued 
[2026-01-06T22:07:00.212+0800][7.856s][info][gc,ref      ] GC(14) O: Soft References:                1            0            0 
[2026-01-06T22:07:00.212+0800][7.856s][info][gc,ref      ] GC(14) O: Weak References:                6            0            0 
[2026-01-06T22:07:00.212+0800][7.856s][info][gc,ref      ] GC(14) O: Final References:               0            0            0 
[2026-01-06T22:07:00.212+0800][7.856s][info][gc,ref      ] GC(14) O: Phantom References:             1            1            0 
[2026-01-06T22:07:00.212+0800][7.856s][info][gc,reloc    ] GC(14) O:                        Candidates     Selected     In-Place         Size        Empty    Relocated 
[2026-01-06T22:07:00.212+0800][7.856s][info][gc,reloc    ] GC(14) O: Small Pages:                    2            1            0           4M           0M           0M 
[2026-01-06T22:07:00.212+0800][7.856s][info][gc,reloc    ] GC(14) O: Medium Pages:                   0            0            0           0M           0M           0M 
[2026-01-06T22:07:00.212+0800][7.856s][info][gc,reloc    ] GC(14) O: Large Pages:                    0            0            0           0M           0M           0M 
[2026-01-06T22:07:00.212+0800][7.856s][info][gc,reloc    ] GC(14) O: Forwarding Usage: 0M
[2026-01-06T22:07:00.212+0800][7.856s][info][gc,heap     ] GC(14) O: Min Capacity: 8M(0%)
[2026-01-06T22:07:00.212+0800][7.856s][info][gc,heap     ] GC(14) O: Max Capacity: 4096M(100%)
[2026-01-06T22:07:00.212+0800][7.856s][info][gc,heap     ] GC(14) O: Soft Max Capacity: 3686M(90%)
[2026-01-06T22:07:00.212+0800][7.856s][info][gc,heap     ] GC(14) O: Heap Statistics:
[2026-01-06T22:07:00.212+0800][7.856s][info][gc,heap     ] GC(14) O:                Mark Start          Mark End        Relocate Start      Relocate End           High               Low         
[2026-01-06T22:07:00.212+0800][7.856s][info][gc,heap     ] GC(14) O:  Capacity:     3496M (85%)        3496M (85%)        3496M (85%)        3496M (85%)        3496M (85%)        3496M (85%)    
[2026-01-06T22:07:00.212+0800][7.856s][info][gc,heap     ] GC(14) O:      Free:      890M (22%)        4066M (99%)        4060M (99%)        4054M (99%)        4076M (100%)        882M (22%)    
[2026-01-06T22:07:00.212+0800][7.856s][info][gc,heap     ] GC(14) O:      Used:     3206M (78%)          30M (1%)           36M (1%)           42M (1%)         3214M (78%)          20M (0%)     
[2026-01-06T22:07:00.212+0800][7.856s][info][gc,heap     ] GC(14) O: Old Generation Statistics:
[2026-01-06T22:07:00.212+0800][7.856s][info][gc,heap     ] GC(14) O:                Mark Start          Mark End        Relocate Start      Relocate End    
[2026-01-06T22:07:00.212+0800][7.856s][info][gc,heap     ] GC(14) O:      Used:        4M (0%)            4M (0%)            4M (0%)            4M (0%)     
[2026-01-06T22:07:00.212+0800][7.856s][info][gc,heap     ] GC(14) O:      Live:         -                 0M (0%)            0M (0%)            0M (0%)     
[2026-01-06T22:07:00.212+0800][7.856s][info][gc,heap     ] GC(14) O:   Garbage:         -                 3M (0%)            3M (0%)            0M (0%)     
[2026-01-06T22:07:00.212+0800][7.856s][info][gc,heap     ] GC(14) O: Allocated:         -                 0M (0%)            0M (0%)            3M (0%)     
[2026-01-06T22:07:00.212+0800][7.856s][info][gc,heap     ] GC(14) O: Reclaimed:         -                  -                 0M (0%)            3M (0%)     
[2026-01-06T22:07:00.212+0800][7.856s][info][gc,heap     ] GC(14) O: Compacted:         -                  -                  -                 0M (0%)     
[2026-01-06T22:07:00.212+0800][7.856s][info][gc,phases   ] GC(14) O: Old Generation 24M(1%)->42M(1%) 0.011s
[2026-01-06T22:07:00.212+0800][7.856s][info][gc          ] GC(14) Major Collection (Proactive) 3206M(78%)->44M(1%) 0.024s
[2026-01-06T22:07:01.054+0800][8.698s][info][gc          ] GC(15) Minor Collection (High Usage)
[2026-01-06T22:07:01.054+0800][8.698s][info][gc,task     ] GC(15) Using 1 Workers for Young Generation
[2026-01-06T22:07:01.054+0800][8.698s][info][gc,phases   ] GC(15) y: Young Generation
[2026-01-06T22:07:01.054+0800][8.698s][info][gc,phases   ] GC(15) y: Pause Mark Start 0.012ms
[2026-01-06T22:07:01.055+0800][8.699s][info][gc,phases   ] GC(15) y: Concurrent Mark 0.521ms
[2026-01-06T22:07:01.055+0800][8.699s][info][gc,phases   ] GC(15) y: Pause Mark End 0.004ms
[2026-01-06T22:07:01.055+0800][8.699s][info][gc,phases   ] GC(15) y: Concurrent Mark Free 0.004ms
[2026-01-06T22:07:01.055+0800][8.699s][info][gc,phases   ] GC(15) y: Concurrent Reset Relocation Set 0.005ms
[2026-01-06T22:07:01.060+0800][8.704s][info][gc,reloc    ] GC(15) y: Using tenuring threshold: 14 (Computed)
[2026-01-06T22:07:01.060+0800][8.704s][info][gc,phases   ] GC(15) y: Concurrent Select Relocation Set 4.916ms
[2026-01-06T22:07:01.060+0800][8.704s][info][gc,phases   ] GC(15) y: Pause Relocate Start 0.002ms
[2026-01-06T22:07:01.060+0800][8.704s][info][gc,phases   ] GC(15) y: Concurrent Relocate 0.039ms
[2026-01-06T22:07:01.060+0800][8.704s][info][gc,alloc    ] GC(15) y:                         Mark Start        Mark End      Relocate Start    Relocate End   
[2026-01-06T22:07:01.060+0800][8.704s][info][gc,alloc    ] GC(15) y: Allocation Stalls:          0                0                0                0         
[2026-01-06T22:07:01.060+0800][8.704s][info][gc,load     ] GC(15) y: Load: 1.39 (14%) / 1.69 (17%) / 1.98 (20%)
[2026-01-06T22:07:01.060+0800][8.704s][info][gc,mmu      ] GC(15) y: MMU: 2ms/97.4%, 5ms/98.6%, 10ms/99.3%, 20ms/99.5%, 50ms/99.8%, 100ms/99.9%
[2026-01-06T22:07:01.060+0800][8.704s][info][gc,marking  ] GC(15) y: Mark: 1 stripe(s), 2 proactive flush(es), 1 terminate flush(es), 0 completion(s), 0 continuation(s) 
[2026-01-06T22:07:01.060+0800][8.704s][info][gc,nmethod  ] GC(15) y: NMethods: 120 registered, 37 unregistered
[2026-01-06T22:07:01.060+0800][8.704s][info][gc,metaspace] GC(15) y: Metaspace: 0M used, 0M committed, 1088M reserved
[2026-01-06T22:07:01.060+0800][8.704s][info][gc,reloc    ] GC(15) y:                        Candidates     Selected     In-Place         Size        Empty    Relocated 
[2026-01-06T22:07:01.060+0800][8.704s][info][gc,reloc    ] GC(15) y: Small Pages:                 1744            1            0        3488M        3484M           0M 
[2026-01-06T22:07:01.060+0800][8.704s][info][gc,reloc    ] GC(15) y: Medium Pages:                   0            0            0           0M           0M           0M 
[2026-01-06T22:07:01.060+0800][8.704s][info][gc,reloc    ] GC(15) y: Large Pages:                    0            0            0           0M           0M           0M 
[2026-01-06T22:07:01.060+0800][8.704s][info][gc,reloc    ] GC(15) y: Forwarding Usage: 0M
[2026-01-06T22:07:01.060+0800][8.704s][info][gc,reloc    ] GC(15) y: Age Table:
[2026-01-06T22:07:01.060+0800][8.704s][info][gc,reloc    ] GC(15) y:                    Live             Garbage             Small              Medium             Large        
[2026-01-06T22:07:01.060+0800][8.704s][info][gc,reloc    ] GC(15) y: Eden               0M (0%)         3483M (85%)       1742 / 1              0 / 0              0 / 0        
[2026-01-06T22:07:01.060+0800][8.704s][info][gc,reloc    ] GC(15) y: Survivor 1          -                 2M (0%)           1 / 0              0 / 0              0 / 0        
[2026-01-06T22:07:01.060+0800][8.704s][info][gc,reloc    ] GC(15) y: Survivor 2          -                 0M (0%)           0 / 0              0 / 0              0 / 0        
[2026-01-06T22:07:01.060+0800][8.704s][info][gc,reloc    ] GC(15) y: Survivor 3          -                 0M (0%)           0 / 0              0 / 0              0 / 0        
[2026-01-06T22:07:01.060+0800][8.704s][info][gc,reloc    ] GC(15) y: Survivor 4          -                 0M (0%)           0 / 0              0 / 0              0 / 0        
[2026-01-06T22:07:01.060+0800][8.704s][info][gc,reloc    ] GC(15) y: Survivor 5          -                 0M (0%)           0 / 0              0 / 0              0 / 0        
[2026-01-06T22:07:01.060+0800][8.704s][info][gc,reloc    ] GC(15) y: Survivor 6          -                 0M (0%)           0 / 0              0 / 0              0 / 0        
[2026-01-06T22:07:01.060+0800][8.704s][info][gc,reloc    ] GC(15) y: Survivor 7          -                 0M (0%)           0 / 0              0 / 0              0 / 0        
[2026-01-06T22:07:01.060+0800][8.704s][info][gc,reloc    ] GC(15) y: Survivor 8          -                 0M (0%)           0 / 0              0 / 0              0 / 0        
[2026-01-06T22:07:01.060+0800][8.704s][info][gc,reloc    ] GC(15) y: Survivor 9          -                 0M (0%)           0 / 0              0 / 0              0 / 0        
[2026-01-06T22:07:01.060+0800][8.704s][info][gc,reloc    ] GC(15) y: Survivor 10         -                 0M (0%)           0 / 0              0 / 0              0 / 0        
[2026-01-06T22:07:01.060+0800][8.704s][info][gc,reloc    ] GC(15) y: Survivor 11         -                 0M (0%)           0 / 0              0 / 0              0 / 0        
[2026-01-06T22:07:01.060+0800][8.704s][info][gc,reloc    ] GC(15) y: Survivor 12         -                 0M (0%)           0 / 0              0 / 0              0 / 0        
[2026-01-06T22:07:01.060+0800][8.704s][info][gc,reloc    ] GC(15) y: Survivor 13        0M (0%)            1M (0%)           1 / 0              0 / 0              0 / 0        
[2026-01-06T22:07:01.060+0800][8.704s][info][gc,heap     ] GC(15) y: Min Capacity: 8M(0%)
[2026-01-06T22:07:01.060+0800][8.704s][info][gc,heap     ] GC(15) y: Max Capacity: 4096M(100%)
[2026-01-06T22:07:01.060+0800][8.704s][info][gc,heap     ] GC(15) y: Soft Max Capacity: 3686M(90%)
[2026-01-06T22:07:01.060+0800][8.704s][info][gc,heap     ] GC(15) y: Heap Statistics:
[2026-01-06T22:07:01.060+0800][8.704s][info][gc,heap     ] GC(15) y:                Mark Start          Mark End        Relocate Start      Relocate End           High               Low         
[2026-01-06T22:07:01.060+0800][8.704s][info][gc,heap     ] GC(15) y:  Capacity:     3496M (85%)        3498M (85%)        3498M (85%)        3498M (85%)        3498M (85%)        3496M (85%)    
[2026-01-06T22:07:01.060+0800][8.704s][info][gc,heap     ] GC(15) y:      Free:      604M (15%)         598M (15%)        4074M (99%)        4074M (99%)        4074M (99%)         598M (15%)    
[2026-01-06T22:07:01.060+0800][8.704s][info][gc,heap     ] GC(15) y:      Used:     3492M (85%)        3498M (85%)          22M (1%)           22M (1%)         3498M (85%)          22M (1%)     
[2026-01-06T22:07:01.060+0800][8.704s][info][gc,heap     ] GC(15) y: Young Generation Statistics:
[2026-01-06T22:07:01.060+0800][8.704s][info][gc,heap     ] GC(15) y:                Mark Start          Mark End        Relocate Start      Relocate End    
[2026-01-06T22:07:01.060+0800][8.704s][info][gc,heap     ] GC(15) y:      Used:     3488M (85%)        3494M (85%)          18M (0%)           18M (0%)     
[2026-01-06T22:07:01.060+0800][8.704s][info][gc,heap     ] GC(15) y:      Live:         -                 0M (0%)            0M (0%)            0M (0%)     
[2026-01-06T22:07:01.060+0800][8.704s][info][gc,heap     ] GC(15) y:   Garbage:         -              3487M (85%)           3M (0%)            0M (0%)     
[2026-01-06T22:07:01.060+0800][8.704s][info][gc,heap     ] GC(15) y: Allocated:         -                 6M (0%)           14M (0%)           17M (0%)     
[2026-01-06T22:07:01.060+0800][8.704s][info][gc,heap     ] GC(15) y: Reclaimed:         -                  -              3484M (85%)        3487M (85%)    
[2026-01-06T22:07:01.060+0800][8.704s][info][gc,heap     ] GC(15) y:  Promoted:         -                  -                 0M (0%)            0M (0%)     
[2026-01-06T22:07:01.060+0800][8.704s][info][gc,heap     ] GC(15) y: Compacted:         -                  -                  -                 0M (0%)     
[2026-01-06T22:07:01.060+0800][8.704s][info][gc,phases   ] GC(15) y: Young Generation 3492M(85%)->22M(1%) 0.006s
[2026-01-06T22:07:01.060+0800][8.704s][info][gc          ] GC(15) Minor Collection (High Usage) 3492M(85%)->22M(1%) 0.006s
[2026-01-06T22:07:01.998+0800][9.642s][info][gc          ] GC(16) Minor Collection (High Usage)
[2026-01-06T22:07:01.998+0800][9.642s][info][gc,task     ] GC(16) Using 1 Workers for Young Generation
[2026-01-06T22:07:01.998+0800][9.642s][info][gc,phases   ] GC(16) y: Young Generation
[2026-01-06T22:07:01.999+0800][9.642s][info][gc,phases   ] GC(16) y: Pause Mark Start 0.014ms
[2026-01-06T22:07:01.999+0800][9.643s][info][gc,phases   ] GC(16) y: Concurrent Mark 0.460ms
[2026-01-06T22:07:01.999+0800][9.643s][info][gc,phases   ] GC(16) y: Pause Mark End 0.003ms
[2026-01-06T22:07:01.999+0800][9.643s][info][gc,phases   ] GC(16) y: Concurrent Mark Free 0.003ms
[2026-01-06T22:07:01.999+0800][9.643s][info][gc,phases   ] GC(16) y: Concurrent Reset Relocation Set 0.004ms
[2026-01-06T22:07:02.003+0800][9.647s][info][gc,reloc    ] GC(16) y: Using tenuring threshold: 15 (Computed)
[2026-01-06T22:07:02.003+0800][9.647s][info][gc,phases   ] GC(16) y: Concurrent Select Relocation Set 3.617ms
[2026-01-06T22:07:02.003+0800][9.647s][info][gc,phases   ] GC(16) y: Pause Relocate Start 0.002ms
[2026-01-06T22:07:02.003+0800][9.647s][info][gc,phases   ] GC(16) y: Concurrent Relocate 0.033ms
[2026-01-06T22:07:02.003+0800][9.647s][info][gc,alloc    ] GC(16) y:                         Mark Start        Mark End      Relocate Start    Relocate End   
[2026-01-06T22:07:02.003+0800][9.647s][info][gc,alloc    ] GC(16) y: Allocation Stalls:          0                0                0                0         
[2026-01-06T22:07:02.003+0800][9.647s][info][gc,load     ] GC(16) y: Load: 1.36 (14%) / 1.67 (17%) / 1.97 (20%)
[2026-01-06T22:07:02.003+0800][9.647s][info][gc,mmu      ] GC(16) y: MMU: 2ms/97.4%, 5ms/98.6%, 10ms/99.3%, 20ms/99.5%, 50ms/99.8%, 100ms/99.9%
[2026-01-06T22:07:02.003+0800][9.647s][info][gc,marking  ] GC(16) y: Mark: 1 stripe(s), 2 proactive flush(es), 1 terminate flush(es), 0 completion(s), 0 continuation(s) 
[2026-01-06T22:07:02.003+0800][9.647s][info][gc,nmethod  ] GC(16) y: NMethods: 120 registered, 37 unregistered
[2026-01-06T22:07:02.003+0800][9.647s][info][gc,metaspace] GC(16) y: Metaspace: 0M used, 0M committed, 1088M reserved
[2026-01-06T22:07:02.003+0800][9.647s][info][gc,reloc    ] GC(16) y:                        Candidates     Selected     In-Place         Size        Empty    Relocated 
[2026-01-06T22:07:02.003+0800][9.647s][info][gc,reloc    ] GC(16) y: Small Pages:                 1742            1            0        3484M        3480M           0M 
[2026-01-06T22:07:02.003+0800][9.647s][info][gc,reloc    ] GC(16) y: Medium Pages:                   0            0            0           0M           0M           0M 
[2026-01-06T22:07:02.003+0800][9.647s][info][gc,reloc    ] GC(16) y: Large Pages:                    0            0            0           0M           0M           0M 
[2026-01-06T22:07:02.003+0800][9.647s][info][gc,reloc    ] GC(16) y: Forwarding Usage: 0M
[2026-01-06T22:07:02.003+0800][9.647s][info][gc,reloc    ] GC(16) y: Age Table:
[2026-01-06T22:07:02.003+0800][9.647s][info][gc,reloc    ] GC(16) y:                    Live             Garbage             Small              Medium             Large        
[2026-01-06T22:07:02.003+0800][9.647s][info][gc,reloc    ] GC(16) y: Eden               0M (0%)         3479M (85%)       1740 / 1              0 / 0              0 / 0        
[2026-01-06T22:07:02.003+0800][9.647s][info][gc,reloc    ] GC(16) y: Survivor 1          -                 2M (0%)           1 / 0              0 / 0              0 / 0        
[2026-01-06T22:07:02.003+0800][9.647s][info][gc,reloc    ] GC(16) y: Survivor 2          -                 0M (0%)           0 / 0              0 / 0              0 / 0        
[2026-01-06T22:07:02.003+0800][9.647s][info][gc,reloc    ] GC(16) y: Survivor 3          -                 0M (0%)           0 / 0              0 / 0              0 / 0        
[2026-01-06T22:07:02.003+0800][9.647s][info][gc,reloc    ] GC(16) y: Survivor 4          -                 0M (0%)           0 / 0              0 / 0              0 / 0        
[2026-01-06T22:07:02.003+0800][9.647s][info][gc,reloc    ] GC(16) y: Survivor 5          -                 0M (0%)           0 / 0              0 / 0              0 / 0        
[2026-01-06T22:07:02.003+0800][9.647s][info][gc,reloc    ] GC(16) y: Survivor 6          -                 0M (0%)           0 / 0              0 / 0              0 / 0        
[2026-01-06T22:07:02.003+0800][9.647s][info][gc,reloc    ] GC(16) y: Survivor 7          -                 0M (0%)           0 / 0              0 / 0              0 / 0        
[2026-01-06T22:07:02.003+0800][9.647s][info][gc,reloc    ] GC(16) y: Survivor 8          -                 0M (0%)           0 / 0              0 / 0              0 / 0        
[2026-01-06T22:07:02.003+0800][9.647s][info][gc,reloc    ] GC(16) y: Survivor 9          -                 0M (0%)           0 / 0              0 / 0              0 / 0        
[2026-01-06T22:07:02.003+0800][9.647s][info][gc,reloc    ] GC(16) y: Survivor 10         -                 0M (0%)           0 / 0              0 / 0              0 / 0        
[2026-01-06T22:07:02.003+0800][9.647s][info][gc,reloc    ] GC(16) y: Survivor 11         -                 0M (0%)           0 / 0              0 / 0              0 / 0        
[2026-01-06T22:07:02.003+0800][9.647s][info][gc,reloc    ] GC(16) y: Survivor 12         -                 0M (0%)           0 / 0              0 / 0              0 / 0        
[2026-01-06T22:07:02.003+0800][9.647s][info][gc,reloc    ] GC(16) y: Survivor 13         -                 0M (0%)           0 / 0              0 / 0              0 / 0        
[2026-01-06T22:07:02.003+0800][9.647s][info][gc,reloc    ] GC(16) y: Survivor 14        0M (0%)            1M (0%)           1 / 0              0 / 0              0 / 0        
[2026-01-06T22:07:02.003+0800][9.647s][info][gc,heap     ] GC(16) y: Min Capacity: 8M(0%)
[2026-01-06T22:07:02.003+0800][9.647s][info][gc,heap     ] GC(16) y: Max Capacity: 4096M(100%)
[2026-01-06T22:07:02.003+0800][9.647s][info][gc,heap     ] GC(16) y: Soft Max Capacity: 3686M(90%)
[2026-01-06T22:07:02.003+0800][9.647s][info][gc,heap     ] GC(16) y: Heap Statistics:
[2026-01-06T22:07:02.003+0800][9.647s][info][gc,heap     ] GC(16) y:                Mark Start          Mark End        Relocate Start      Relocate End           High               Low         
[2026-01-06T22:07:02.003+0800][9.647s][info][gc,heap     ] GC(16) y:  Capacity:     3498M (85%)        3498M (85%)        3498M (85%)        3498M (85%)        3498M (85%)        3498M (85%)    
[2026-01-06T22:07:02.003+0800][9.647s][info][gc,heap     ] GC(16) y:      Free:      608M (15%)         604M (15%)        4078M (100%)       4078M (100%)       4078M (100%)        604M (15%)    
[2026-01-06T22:07:02.003+0800][9.647s][info][gc,heap     ] GC(16) y:      Used:     3488M (85%)        3492M (85%)          18M (0%)           18M (0%)         3492M (85%)          18M (0%)     
[2026-01-06T22:07:02.003+0800][9.647s][info][gc,heap     ] GC(16) y: Young Generation Statistics:
[2026-01-06T22:07:02.003+0800][9.647s][info][gc,heap     ] GC(16) y:                Mark Start          Mark End        Relocate Start      Relocate End    
[2026-01-06T22:07:02.003+0800][9.647s][info][gc,heap     ] GC(16) y:      Used:     3484M (85%)        3488M (85%)          14M (0%)           12M (0%)     
[2026-01-06T22:07:02.003+0800][9.647s][info][gc,heap     ] GC(16) y:      Live:         -                 0M (0%)            0M (0%)            0M (0%)     
[2026-01-06T22:07:02.003+0800][9.647s][info][gc,heap     ] GC(16) y:   Garbage:         -              3483M (85%)           3M (0%)            0M (0%)     
[2026-01-06T22:07:02.003+0800][9.647s][info][gc,heap     ] GC(16) y: Allocated:         -                 4M (0%)           10M (0%)           11M (0%)     
[2026-01-06T22:07:02.003+0800][9.647s][info][gc,heap     ] GC(16) y: Reclaimed:         -                  -              3480M (85%)        3483M (85%)    
[2026-01-06T22:07:02.003+0800][9.647s][info][gc,heap     ] GC(16) y:  Promoted:         -                  -                 0M (0%)            0M (0%)     
[2026-01-06T22:07:02.003+0800][9.647s][info][gc,heap     ] GC(16) y: Compacted:         -                  -                  -                 0M (0%)     
[2026-01-06T22:07:02.003+0800][9.647s][info][gc,phases   ] GC(16) y: Young Generation 3488M(85%)->18M(0%) 0.004s
[2026-01-06T22:07:02.003+0800][9.647s][info][gc          ] GC(16) Minor Collection (High Usage) 3488M(85%)->20M(0%) 0.005s
[2026-01-06T22:07:02.097+0800][9.741s][info][gc          ] GC(17) Major Collection (Proactive)
[2026-01-06T22:07:02.097+0800][9.741s][info][gc,task     ] GC(17) Using 1 Workers for Young Generation
[2026-01-06T22:07:02.097+0800][9.741s][info][gc,task     ] GC(17) Using 1 Workers for Old Generation
[2026-01-06T22:07:02.097+0800][9.741s][info][gc,phases   ] GC(17) Y: Young Generation
[2026-01-06T22:07:02.097+0800][9.741s][info][gc,phases   ] GC(17) Y: Pause Mark Start (Major) 0.005ms
[2026-01-06T22:07:02.098+0800][9.741s][info][gc,phases   ] GC(17) Y: Concurrent Mark 0.191ms
[2026-01-06T22:07:02.098+0800][9.742s][info][gc,phases   ] GC(17) Y: Pause Mark End 0.004ms
[2026-01-06T22:07:02.098+0800][9.742s][info][gc,phases   ] GC(17) Y: Concurrent Mark Free 0.000ms
[2026-01-06T22:07:02.098+0800][9.742s][info][gc,phases   ] GC(17) Y: Concurrent Reset Relocation Set 0.000ms
[2026-01-06T22:07:02.098+0800][9.742s][info][gc,reloc    ] GC(17) Y: Using tenuring threshold: 1 (Computed)
[2026-01-06T22:07:02.098+0800][9.742s][info][gc,phases   ] GC(17) Y: Concurrent Select Relocation Set 0.086ms
[2026-01-06T22:07:02.098+0800][9.742s][info][gc,phases   ] GC(17) Y: Pause Relocate Start 0.001ms
[2026-01-06T22:07:02.098+0800][9.742s][info][gc,phases   ] GC(17) Y: Concurrent Relocate 0.012ms
[2026-01-06T22:07:02.098+0800][9.742s][info][gc,alloc    ] GC(17) Y:                         Mark Start        Mark End      Relocate Start    Relocate End   
[2026-01-06T22:07:02.098+0800][9.742s][info][gc,alloc    ] GC(17) Y: Allocation Stalls:          0                0                0                0         
[2026-01-06T22:07:02.098+0800][9.742s][info][gc,load     ] GC(17) Y: Load: 1.36 (14%) / 1.67 (17%) / 1.97 (20%)
[2026-01-06T22:07:02.098+0800][9.742s][info][gc,mmu      ] GC(17) Y: MMU: 2ms/97.4%, 5ms/98.6%, 10ms/99.3%, 20ms/99.5%, 50ms/99.8%, 100ms/99.9%
[2026-01-06T22:07:02.098+0800][9.742s][info][gc,marking  ] GC(17) Y: Mark: 1 stripe(s), 2 proactive flush(es), 1 terminate flush(es), 0 completion(s), 0 continuation(s) 
[2026-01-06T22:07:02.098+0800][9.742s][info][gc,nmethod  ] GC(17) Y: NMethods: 120 registered, 37 unregistered
[2026-01-06T22:07:02.098+0800][9.742s][info][gc,metaspace] GC(17) Y: Metaspace: 0M used, 0M committed, 1088M reserved
[2026-01-06T22:07:02.098+0800][9.742s][info][gc,reloc    ] GC(17) Y:                        Candidates     Selected     In-Place         Size        Empty    Relocated 
[2026-01-06T22:07:02.098+0800][9.742s][info][gc,reloc    ] GC(17) Y: Small Pages:                  211            0            0         422M         420M           0M 
[2026-01-06T22:07:02.098+0800][9.742s][info][gc,reloc    ] GC(17) Y: Medium Pages:                   0            0            0           0M           0M           0M 
[2026-01-06T22:07:02.098+0800][9.742s][info][gc,reloc    ] GC(17) Y: Large Pages:                    0            0            0           0M           0M           0M 
[2026-01-06T22:07:02.098+0800][9.742s][info][gc,reloc    ] GC(17) Y: Forwarding Usage: 0M
[2026-01-06T22:07:02.098+0800][9.742s][info][gc,reloc    ] GC(17) Y: Age Table:
[2026-01-06T22:07:02.098+0800][9.742s][info][gc,reloc    ] GC(17) Y:                    Live             Garbage             Small              Medium             Large        
[2026-01-06T22:07:02.098+0800][9.742s][info][gc,reloc    ] GC(17) Y: Eden               0M (0%)          419M (10%)        210 / 0              0 / 0              0 / 0        
[2026-01-06T22:07:02.098+0800][9.742s][info][gc,reloc    ] GC(17) Y: Survivor 1          -                 2M (0%)           1 / 0              0 / 0              0 / 0        
[2026-01-06T22:07:02.098+0800][9.742s][info][gc,heap     ] GC(17) Y: Min Capacity: 8M(0%)
[2026-01-06T22:07:02.098+0800][9.742s][info][gc,heap     ] GC(17) Y: Max Capacity: 4096M(100%)
[2026-01-06T22:07:02.098+0800][9.742s][info][gc,heap     ] GC(17) Y: Soft Max Capacity: 3686M(90%)
[2026-01-06T22:07:02.098+0800][9.742s][info][gc,heap     ] GC(17) Y: Heap Statistics:
[2026-01-06T22:07:02.098+0800][9.742s][info][gc,heap     ] GC(17) Y:                Mark Start          Mark End        Relocate Start      Relocate End           High               Low         
[2026-01-06T22:07:02.098+0800][9.742s][info][gc,heap     ] GC(17) Y:  Capacity:     3498M (85%)        3498M (85%)        3498M (85%)        3498M (85%)        3498M (85%)        3498M (85%)    
[2026-01-06T22:07:02.098+0800][9.742s][info][gc,heap     ] GC(17) Y:      Free:     3668M (90%)        3666M (90%)        4086M (100%)       4084M (100%)       4086M (100%)       3666M (90%)    
[2026-01-06T22:07:02.098+0800][9.742s][info][gc,heap     ] GC(17) Y:      Used:      428M (10%)         430M (10%)          10M (0%)           12M (0%)          430M (10%)          10M (0%)     
[2026-01-06T22:07:02.098+0800][9.742s][info][gc,heap     ] GC(17) Y: Young Generation Statistics:
[2026-01-06T22:07:02.098+0800][9.742s][info][gc,heap     ] GC(17) Y:                Mark Start          Mark End        Relocate Start      Relocate End    
[2026-01-06T22:07:02.098+0800][9.742s][info][gc,heap     ] GC(17) Y:      Used:      422M (10%)         424M (10%)           4M (0%)            6M (0%)     
[2026-01-06T22:07:02.098+0800][9.742s][info][gc,heap     ] GC(17) Y:      Live:         -                 0M (0%)            0M (0%)            0M (0%)     
[2026-01-06T22:07:02.098+0800][9.742s][info][gc,heap     ] GC(17) Y:   Garbage:         -               421M (10%)           1M (0%)            1M (0%)     
[2026-01-06T22:07:02.098+0800][9.742s][info][gc,heap     ] GC(17) Y: Allocated:         -                 2M (0%)            2M (0%)            4M (0%)     
[2026-01-06T22:07:02.098+0800][9.742s][info][gc,heap     ] GC(17) Y: Reclaimed:         -                  -               420M (10%)         420M (10%)    
[2026-01-06T22:07:02.098+0800][9.742s][info][gc,heap     ] GC(17) Y:  Promoted:         -                  -                 0M (0%)            0M (0%)     
[2026-01-06T22:07:02.098+0800][9.742s][info][gc,heap     ] GC(17) Y: Compacted:         -                  -                  -                 0M (0%)     
[2026-01-06T22:07:02.098+0800][9.742s][info][gc,phases   ] GC(17) Y: Young Generation 428M(10%)->12M(0%) 0.000s
[2026-01-06T22:07:02.098+0800][9.742s][info][gc,phases   ] GC(17) O: Old Generation
[2026-01-06T22:07:02.099+0800][9.743s][info][gc,phases   ] GC(17) O: Concurrent Mark 1.214ms
[2026-01-06T22:07:02.099+0800][9.743s][info][gc,phases   ] GC(17) O: Pause Mark End 0.005ms
[2026-01-06T22:07:02.099+0800][9.743s][info][gc,phases   ] GC(17) O: Concurrent Mark Free 0.001ms
[2026-01-06T22:07:02.099+0800][9.743s][info][gc,phases   ] GC(17) O: Concurrent Process Non-Strong 0.189ms
[2026-01-06T22:07:02.099+0800][9.743s][info][gc,phases   ] GC(17) O: Concurrent Reset Relocation Set 0.004ms
[2026-01-06T22:07:02.100+0800][9.743s][info][gc,phases   ] GC(17) O: Concurrent Select Relocation Set 0.034ms
[2026-01-06T22:07:02.100+0800][9.743s][info][gc,task     ] GC(17) O: Using 2 Workers for Old Generation
[2026-01-06T22:07:02.100+0800][9.743s][info][gc,task     ] GC(17) O: Using 1 Workers for Old Generation
[2026-01-06T22:07:02.100+0800][9.743s][info][gc,phases   ] GC(17) O: Concurrent Remap Roots 0.053ms
[2026-01-06T22:07:02.100+0800][9.743s][info][gc,phases   ] GC(17) O: Pause Relocate Start 0.002ms
[2026-01-06T22:07:02.100+0800][9.744s][info][gc,phases   ] GC(17) O: Concurrent Relocate 0.288ms
[2026-01-06T22:07:02.100+0800][9.744s][info][gc,alloc    ] GC(17) O:                         Mark Start        Mark End      Relocate Start    Relocate End   
[2026-01-06T22:07:02.100+0800][9.744s][info][gc,alloc    ] GC(17) O: Allocation Stalls:          0                0                0                0         
[2026-01-06T22:07:02.100+0800][9.744s][info][gc,load     ] GC(17) O: Load: 1.36 (14%) / 1.67 (17%) / 1.97 (20%)
[2026-01-06T22:07:02.100+0800][9.744s][info][gc,mmu      ] GC(17) O: MMU: 2ms/97.4%, 5ms/98.6%, 10ms/99.3%, 20ms/99.5%, 50ms/99.8%, 100ms/99.9%
[2026-01-06T22:07:02.100+0800][9.744s][info][gc,marking  ] GC(17) O: Mark: 1 stripe(s), 2 proactive flush(es), 1 terminate flush(es), 0 completion(s), 0 continuation(s) 
[2026-01-06T22:07:02.100+0800][9.744s][info][gc,nmethod  ] GC(17) O: NMethods: 120 registered, 37 unregistered
[2026-01-06T22:07:02.100+0800][9.744s][info][gc,metaspace] GC(17) O: Metaspace: 0M used, 0M committed, 1088M reserved
[2026-01-06T22:07:02.100+0800][9.744s][info][gc,ref      ] GC(17) O:                       Encountered   Discovered     Enqueued 
[2026-01-06T22:07:02.100+0800][9.744s][info][gc,ref      ] GC(17) O: Soft References:                1            0            0 
[2026-01-06T22:07:02.100+0800][9.744s][info][gc,ref      ] GC(17) O: Weak References:                6            0            0 
[2026-01-06T22:07:02.100+0800][9.744s][info][gc,ref      ] GC(17) O: Final References:               0            0            0 
[2026-01-06T22:07:02.100+0800][9.744s][info][gc,ref      ] GC(17) O: Phantom References:             1            1            0 
[2026-01-06T22:07:02.100+0800][9.744s][info][gc,reloc    ] GC(17) O:                        Candidates     Selected     In-Place         Size        Empty    Relocated 
[2026-01-06T22:07:02.100+0800][9.744s][info][gc,reloc    ] GC(17) O: Small Pages:                    3            1            0           6M           2M           0M 
[2026-01-06T22:07:02.100+0800][9.744s][info][gc,reloc    ] GC(17) O: Medium Pages:                   0            0            0           0M           0M           0M 
[2026-01-06T22:07:02.100+0800][9.744s][info][gc,reloc    ] GC(17) O: Large Pages:                    0            0            0           0M           0M           0M 
[2026-01-06T22:07:02.100+0800][9.744s][info][gc,reloc    ] GC(17) O: Forwarding Usage: 0M
[2026-01-06T22:07:02.100+0800][9.744s][info][gc,heap     ] GC(17) O: Min Capacity: 8M(0%)
[2026-01-06T22:07:02.100+0800][9.744s][info][gc,heap     ] GC(17) O: Max Capacity: 4096M(100%)
[2026-01-06T22:07:02.100+0800][9.744s][info][gc,heap     ] GC(17) O: Soft Max Capacity: 3686M(90%)
[2026-01-06T22:07:02.100+0800][9.744s][info][gc,heap     ] GC(17) O: Heap Statistics:
[2026-01-06T22:07:02.100+0800][9.744s][info][gc,heap     ] GC(17) O:                Mark Start          Mark End        Relocate Start      Relocate End           High               Low         
[2026-01-06T22:07:02.100+0800][9.744s][info][gc,heap     ] GC(17) O:  Capacity:     3498M (85%)        3498M (85%)        3498M (85%)        3498M (85%)        3498M (85%)        3498M (85%)    
[2026-01-06T22:07:02.100+0800][9.744s][info][gc,heap     ] GC(17) O:      Free:     3668M (90%)        4064M (99%)        4060M (99%)        4058M (99%)        4086M (100%)       3666M (90%)    
[2026-01-06T22:07:02.100+0800][9.744s][info][gc,heap     ] GC(17) O:      Used:      428M (10%)          32M (1%)           36M (1%)           38M (1%)          430M (10%)          10M (0%)     
[2026-01-06T22:07:02.100+0800][9.744s][info][gc,heap     ] GC(17) O: Old Generation Statistics:
[2026-01-06T22:07:02.100+0800][9.744s][info][gc,heap     ] GC(17) O:                Mark Start          Mark End        Relocate Start      Relocate End    
[2026-01-06T22:07:02.100+0800][9.744s][info][gc,heap     ] GC(17) O:      Used:        6M (0%)            6M (0%)            4M (0%)            4M (0%)     
[2026-01-06T22:07:02.100+0800][9.744s][info][gc,heap     ] GC(17) O:      Live:         -                 0M (0%)            0M (0%)            0M (0%)     
[2026-01-06T22:07:02.100+0800][9.744s][info][gc,heap     ] GC(17) O:   Garbage:         -                 5M (0%)            3M (0%)            0M (0%)     
[2026-01-06T22:07:02.100+0800][9.744s][info][gc,heap     ] GC(17) O: Allocated:         -                 0M (0%)            0M (0%)            3M (0%)     
[2026-01-06T22:07:02.100+0800][9.744s][info][gc,heap     ] GC(17) O: Reclaimed:         -                  -                 2M (0%)            5M (0%)     
[2026-01-06T22:07:02.100+0800][9.744s][info][gc,heap     ] GC(17) O: Compacted:         -                  -                  -                 0M (0%)     
[2026-01-06T22:07:02.100+0800][9.744s][info][gc,phases   ] GC(17) O: Old Generation 14M(0%)->38M(1%) 0.002s
[2026-01-06T22:07:02.100+0800][9.744s][info][gc          ] GC(17) Major Collection (Proactive) 428M(10%)->38M(1%) 0.003s
[2026-01-06T22:07:02.871+0800][10.515s][info][gc          ] GC(18) Minor Collection (High Usage)
[2026-01-06T22:07:02.871+0800][10.515s][info][gc,task     ] GC(18) Using 1 Workers for Young Generation
[2026-01-06T22:07:02.871+0800][10.515s][info][gc,phases   ] GC(18) y: Young Generation
[2026-01-06T22:07:02.872+0800][10.515s][info][gc,phases   ] GC(18) y: Pause Mark Start 0.014ms
[2026-01-06T22:07:02.872+0800][10.516s][info][gc,phases   ] GC(18) y: Concurrent Mark 0.498ms
[2026-01-06T22:07:02.872+0800][10.516s][info][gc,phases   ] GC(18) y: Pause Mark End 0.004ms
[2026-01-06T22:07:02.872+0800][10.516s][info][gc,phases   ] GC(18) y: Concurrent Mark Free 0.006ms
[2026-01-06T22:07:02.872+0800][10.516s][info][gc,phases   ] GC(18) y: Concurrent Reset Relocation Set 0.001ms
[2026-01-06T22:07:02.876+0800][10.519s][info][gc,reloc    ] GC(18) y: Using tenuring threshold: 1 (Computed)
[2026-01-06T22:07:02.876+0800][10.520s][info][gc,phases   ] GC(18) y: Concurrent Select Relocation Set 3.597ms
[2026-01-06T22:07:02.876+0800][10.520s][info][gc,phases   ] GC(18) y: Pause Relocate Start 0.002ms
[2026-01-06T22:07:02.876+0800][10.520s][info][gc,phases   ] GC(18) y: Concurrent Relocate 0.011ms
[2026-01-06T22:07:02.876+0800][10.520s][info][gc,alloc    ] GC(18) y:                         Mark Start        Mark End      Relocate Start    Relocate End   
[2026-01-06T22:07:02.876+0800][10.520s][info][gc,alloc    ] GC(18) y: Allocation Stalls:          0                0                0                0         
[2026-01-06T22:07:02.876+0800][10.520s][info][gc,load     ] GC(18) y: Load: 1.36 (14%) / 1.67 (17%) / 1.97 (20%)
[2026-01-06T22:07:02.876+0800][10.520s][info][gc,mmu      ] GC(18) y: MMU: 2ms/97.4%, 5ms/98.6%, 10ms/99.3%, 20ms/99.5%, 50ms/99.8%, 100ms/99.9%
[2026-01-06T22:07:02.876+0800][10.520s][info][gc,marking  ] GC(18) y: Mark: 1 stripe(s), 2 proactive flush(es), 1 terminate flush(es), 0 completion(s), 0 continuation(s) 
[2026-01-06T22:07:02.876+0800][10.520s][info][gc,nmethod  ] GC(18) y: NMethods: 120 registered, 37 unregistered
[2026-01-06T22:07:02.876+0800][10.520s][info][gc,metaspace] GC(18) y: Metaspace: 0M used, 0M committed, 1088M reserved
[2026-01-06T22:07:02.876+0800][10.520s][info][gc,reloc    ] GC(18) y:                        Candidates     Selected     In-Place         Size        Empty    Relocated 
[2026-01-06T22:07:02.876+0800][10.520s][info][gc,reloc    ] GC(18) y: Small Pages:                 1740            0            0        3480M        3478M           0M 
[2026-01-06T22:07:02.876+0800][10.520s][info][gc,reloc    ] GC(18) y: Medium Pages:                   0            0            0           0M           0M           0M 
[2026-01-06T22:07:02.876+0800][10.520s][info][gc,reloc    ] GC(18) y: Large Pages:                    0            0            0           0M           0M           0M 
[2026-01-06T22:07:02.876+0800][10.520s][info][gc,reloc    ] GC(18) y: Forwarding Usage: 0M
[2026-01-06T22:07:02.876+0800][10.520s][info][gc,reloc    ] GC(18) y: Age Table:
[2026-01-06T22:07:02.876+0800][10.520s][info][gc,reloc    ] GC(18) y:                    Live             Garbage             Small              Medium             Large        
[2026-01-06T22:07:02.876+0800][10.520s][info][gc,reloc    ] GC(18) y: Eden               0M (0%)         3477M (85%)       1739 / 0              0 / 0              0 / 0        
[2026-01-06T22:07:02.876+0800][10.520s][info][gc,reloc    ] GC(18) y: Survivor 1          -                 2M (0%)           1 / 0              0 / 0              0 / 0        
[2026-01-06T22:07:02.876+0800][10.520s][info][gc,heap     ] GC(18) y: Min Capacity: 8M(0%)
[2026-01-06T22:07:02.876+0800][10.520s][info][gc,heap     ] GC(18) y: Max Capacity: 4096M(100%)
[2026-01-06T22:07:02.876+0800][10.520s][info][gc,heap     ] GC(18) y: Soft Max Capacity: 3686M(90%)
[2026-01-06T22:07:02.876+0800][10.520s][info][gc,heap     ] GC(18) y: Heap Statistics:
[2026-01-06T22:07:02.876+0800][10.520s][info][gc,heap     ] GC(18) y:                Mark Start          Mark End        Relocate Start      Relocate End           High               Low         
[2026-01-06T22:07:02.876+0800][10.520s][info][gc,heap     ] GC(18) y:  Capacity:     3498M (85%)        3498M (85%)        3498M (85%)        3498M (85%)        3498M (85%)        3498M (85%)    
[2026-01-06T22:07:02.876+0800][10.520s][info][gc,heap     ] GC(18) y:      Free:      612M (15%)         608M (15%)        4076M (100%)       4076M (100%)       4076M (100%)        608M (15%)    
[2026-01-06T22:07:02.876+0800][10.520s][info][gc,heap     ] GC(18) y:      Used:     3484M (85%)        3488M (85%)          20M (0%)           20M (0%)         3488M (85%)          20M (0%)     
[2026-01-06T22:07:02.876+0800][10.520s][info][gc,heap     ] GC(18) y: Young Generation Statistics:
[2026-01-06T22:07:02.876+0800][10.520s][info][gc,heap     ] GC(18) y:                Mark Start          Mark End        Relocate Start      Relocate End    
[2026-01-06T22:07:02.876+0800][10.520s][info][gc,heap     ] GC(18) y:      Used:     3480M (85%)        3484M (85%)          16M (0%)           16M (0%)     
[2026-01-06T22:07:02.876+0800][10.520s][info][gc,heap     ] GC(18) y:      Live:         -                 0M (0%)            0M (0%)            0M (0%)     
[2026-01-06T22:07:02.876+0800][10.520s][info][gc,heap     ] GC(18) y:   Garbage:         -              3479M (85%)           1M (0%)            1M (0%)     
[2026-01-06T22:07:02.876+0800][10.520s][info][gc,heap     ] GC(18) y: Allocated:         -                 4M (0%)           14M (0%)           14M (0%)     
[2026-01-06T22:07:02.876+0800][10.520s][info][gc,heap     ] GC(18) y: Reclaimed:         -                  -              3478M (85%)        3478M (85%)    
[2026-01-06T22:07:02.876+0800][10.520s][info][gc,heap     ] GC(18) y:  Promoted:         -                  -                 0M (0%)            0M (0%)     
[2026-01-06T22:07:02.876+0800][10.520s][info][gc,heap     ] GC(18) y: Compacted:         -                  -                  -                 0M (0%)     
[2026-01-06T22:07:02.876+0800][10.520s][info][gc,phases   ] GC(18) y: Young Generation 3484M(85%)->20M(0%) 0.004s
[2026-01-06T22:07:02.876+0800][10.520s][info][gc          ] GC(18) Minor Collection (High Usage) 3484M(85%)->20M(0%) 0.005s
[2026-01-06T22:07:03.350+0800][10.994s][info][gc          ] GC(19) Major Collection (Proactive)
[2026-01-06T22:07:03.350+0800][10.994s][info][gc,task     ] GC(19) Using 1 Workers for Young Generation
[2026-01-06T22:07:03.350+0800][10.994s][info][gc,task     ] GC(19) Using 1 Workers for Old Generation
[2026-01-06T22:07:03.350+0800][10.994s][info][gc,phases   ] GC(19) Y: Young Generation
[2026-01-06T22:07:03.350+0800][10.994s][info][gc,phases   ] GC(19) Y: Pause Mark Start (Major) 0.008ms
[2026-01-06T22:07:03.351+0800][10.994s][info][gc,phases   ] GC(19) Y: Concurrent Mark 0.245ms
[2026-01-06T22:07:03.351+0800][10.995s][info][gc,phases   ] GC(19) Y: Pause Mark End 0.003ms
[2026-01-06T22:07:03.351+0800][10.995s][info][gc,phases   ] GC(19) Y: Concurrent Mark Free 0.001ms
[2026-01-06T22:07:03.351+0800][10.995s][info][gc,phases   ] GC(19) Y: Concurrent Reset Relocation Set 0.000ms
[2026-01-06T22:07:03.352+0800][10.995s][info][gc,reloc    ] GC(19) Y: Using tenuring threshold: 1 (Computed)
[2026-01-06T22:07:03.352+0800][10.995s][info][gc,phases   ] GC(19) Y: Concurrent Select Relocation Set 0.930ms
[2026-01-06T22:07:03.352+0800][10.996s][info][gc,phases   ] GC(19) Y: Pause Relocate Start 0.002ms
[2026-01-06T22:07:03.352+0800][10.996s][info][gc,phases   ] GC(19) Y: Concurrent Relocate 0.010ms
[2026-01-06T22:07:03.352+0800][10.996s][info][gc,alloc    ] GC(19) Y:                         Mark Start        Mark End      Relocate Start    Relocate End   
[2026-01-06T22:07:03.352+0800][10.996s][info][gc,alloc    ] GC(19) Y: Allocation Stalls:          0                0                0                0         
[2026-01-06T22:07:03.352+0800][10.996s][info][gc,load     ] GC(19) Y: Load: 1.36 (14%) / 1.67 (17%) / 1.97 (20%)
[2026-01-06T22:07:03.352+0800][10.996s][info][gc,mmu      ] GC(19) Y: MMU: 2ms/97.4%, 5ms/98.6%, 10ms/99.3%, 20ms/99.5%, 50ms/99.8%, 100ms/99.9%
[2026-01-06T22:07:03.352+0800][10.996s][info][gc,marking  ] GC(19) Y: Mark: 1 stripe(s), 2 proactive flush(es), 1 terminate flush(es), 0 completion(s), 0 continuation(s) 
[2026-01-06T22:07:03.352+0800][10.996s][info][gc,nmethod  ] GC(19) Y: NMethods: 120 registered, 37 unregistered
[2026-01-06T22:07:03.352+0800][10.996s][info][gc,metaspace] GC(19) Y: Metaspace: 0M used, 0M committed, 1088M reserved
[2026-01-06T22:07:03.352+0800][10.996s][info][gc,reloc    ] GC(19) Y:                        Candidates     Selected     In-Place         Size        Empty    Relocated 
[2026-01-06T22:07:03.352+0800][10.996s][info][gc,reloc    ] GC(19) Y: Small Pages:                 1066            0            0        2132M        2130M           0M 
[2026-01-06T22:07:03.352+0800][10.996s][info][gc,reloc    ] GC(19) Y: Medium Pages:                   0            0            0           0M           0M           0M 
[2026-01-06T22:07:03.352+0800][10.996s][info][gc,reloc    ] GC(19) Y: Large Pages:                    0            0            0           0M           0M           0M 
[2026-01-06T22:07:03.352+0800][10.996s][info][gc,reloc    ] GC(19) Y: Forwarding Usage: 0M
[2026-01-06T22:07:03.352+0800][10.996s][info][gc,reloc    ] GC(19) Y: Age Table:
[2026-01-06T22:07:03.352+0800][10.996s][info][gc,reloc    ] GC(19) Y:                    Live             Garbage             Small              Medium             Large        
[2026-01-06T22:07:03.352+0800][10.996s][info][gc,reloc    ] GC(19) Y: Eden               0M (0%)         2129M (52%)       1065 / 0              0 / 0              0 / 0        
[2026-01-06T22:07:03.352+0800][10.996s][info][gc,reloc    ] GC(19) Y: Survivor 1          -                 2M (0%)           1 / 0              0 / 0              0 / 0        
[2026-01-06T22:07:03.352+0800][10.996s][info][gc,heap     ] GC(19) Y: Min Capacity: 8M(0%)
[2026-01-06T22:07:03.352+0800][10.996s][info][gc,heap     ] GC(19) Y: Max Capacity: 4096M(100%)
[2026-01-06T22:07:03.352+0800][10.996s][info][gc,heap     ] GC(19) Y: Soft Max Capacity: 3686M(90%)
[2026-01-06T22:07:03.352+0800][10.996s][info][gc,heap     ] GC(19) Y: Heap Statistics:
[2026-01-06T22:07:03.352+0800][10.996s][info][gc,heap     ] GC(19) Y:                Mark Start          Mark End        Relocate Start      Relocate End           High               Low         
[2026-01-06T22:07:03.352+0800][10.996s][info][gc,heap     ] GC(19) Y:  Capacity:     3498M (85%)        3498M (85%)        3498M (85%)        3498M (85%)        3498M (85%)        3498M (85%)    
[2026-01-06T22:07:03.352+0800][10.996s][info][gc,heap     ] GC(19) Y:      Free:     1960M (48%)        1958M (48%)        4082M (100%)       4082M (100%)       4082M (100%)       1958M (48%)    
[2026-01-06T22:07:03.352+0800][10.996s][info][gc,heap     ] GC(19) Y:      Used:     2136M (52%)        2138M (52%)          14M (0%)           14M (0%)         2138M (52%)          14M (0%)     
[2026-01-06T22:07:03.352+0800][10.996s][info][gc,heap     ] GC(19) Y: Young Generation Statistics:
[2026-01-06T22:07:03.352+0800][10.996s][info][gc,heap     ] GC(19) Y:                Mark Start          Mark End        Relocate Start      Relocate End    
[2026-01-06T22:07:03.352+0800][10.996s][info][gc,heap     ] GC(19) Y:      Used:     2132M (52%)        2134M (52%)          10M (0%)           10M (0%)     
[2026-01-06T22:07:03.352+0800][10.996s][info][gc,heap     ] GC(19) Y:      Live:         -                 0M (0%)            0M (0%)            0M (0%)     
[2026-01-06T22:07:03.352+0800][10.996s][info][gc,heap     ] GC(19) Y:   Garbage:         -              2131M (52%)           1M (0%)            1M (0%)     
[2026-01-06T22:07:03.352+0800][10.996s][info][gc,heap     ] GC(19) Y: Allocated:         -                 2M (0%)            8M (0%)            8M (0%)     
[2026-01-06T22:07:03.352+0800][10.996s][info][gc,heap     ] GC(19) Y: Reclaimed:         -                  -              2130M (52%)        2130M (52%)    
[2026-01-06T22:07:03.352+0800][10.996s][info][gc,heap     ] GC(19) Y:  Promoted:         -                  -                 0M (0%)            0M (0%)     
[2026-01-06T22:07:03.352+0800][10.996s][info][gc,heap     ] GC(19) Y: Compacted:         -                  -                  -                 0M (0%)     
[2026-01-06T22:07:03.352+0800][10.996s][info][gc,phases   ] GC(19) Y: Young Generation 2136M(52%)->14M(0%) 0.001s
[2026-01-06T22:07:03.352+0800][10.996s][info][gc,phases   ] GC(19) O: Old Generation
[2026-01-06T22:07:03.353+0800][10.997s][info][gc,phases   ] GC(19) O: Concurrent Mark 1.114ms
[2026-01-06T22:07:03.353+0800][10.997s][info][gc,phases   ] GC(19) O: Pause Mark End 0.005ms
[2026-01-06T22:07:03.353+0800][10.997s][info][gc,phases   ] GC(19) O: Concurrent Mark Free 0.001ms
[2026-01-06T22:07:03.353+0800][10.997s][info][gc,phases   ] GC(19) O: Concurrent Process Non-Strong 0.176ms
[2026-01-06T22:07:03.353+0800][10.997s][info][gc,phases   ] GC(19) O: Concurrent Reset Relocation Set 0.003ms
[2026-01-06T22:07:03.353+0800][10.997s][info][gc,phases   ] GC(19) O: Concurrent Select Relocation Set 0.033ms
[2026-01-06T22:07:03.353+0800][10.997s][info][gc,task     ] GC(19) O: Using 2 Workers for Old Generation
[2026-01-06T22:07:03.353+0800][10.997s][info][gc,task     ] GC(19) O: Using 1 Workers for Old Generation
[2026-01-06T22:07:03.353+0800][10.997s][info][gc,phases   ] GC(19) O: Concurrent Remap Roots 0.049ms
[2026-01-06T22:07:03.353+0800][10.997s][info][gc,phases   ] GC(19) O: Pause Relocate Start 0.002ms
[2026-01-06T22:07:03.354+0800][10.997s][info][gc,phases   ] GC(19) O: Concurrent Relocate 0.333ms
[2026-01-06T22:07:03.354+0800][10.997s][info][gc,alloc    ] GC(19) O:                         Mark Start        Mark End      Relocate Start    Relocate End   
[2026-01-06T22:07:03.354+0800][10.997s][info][gc,alloc    ] GC(19) O: Allocation Stalls:          0                0                0                0         
[2026-01-06T22:07:03.354+0800][10.997s][info][gc,load     ] GC(19) O: Load: 1.36 (14%) / 1.67 (17%) / 1.97 (20%)
[2026-01-06T22:07:03.354+0800][10.997s][info][gc,mmu      ] GC(19) O: MMU: 2ms/97.4%, 5ms/98.6%, 10ms/99.3%, 20ms/99.5%, 50ms/99.8%, 100ms/99.9%
[2026-01-06T22:07:03.354+0800][10.997s][info][gc,marking  ] GC(19) O: Mark: 1 stripe(s), 2 proactive flush(es), 1 terminate flush(es), 0 completion(s), 0 continuation(s) 
[2026-01-06T22:07:03.354+0800][10.997s][info][gc,nmethod  ] GC(19) O: NMethods: 120 registered, 37 unregistered
[2026-01-06T22:07:03.354+0800][10.998s][info][gc,metaspace] GC(19) O: Metaspace: 0M used, 0M committed, 1088M reserved
[2026-01-06T22:07:03.354+0800][10.998s][info][gc,ref      ] GC(19) O:                       Encountered   Discovered     Enqueued 
[2026-01-06T22:07:03.354+0800][10.998s][info][gc,ref      ] GC(19) O: Soft References:                1            0            0 
[2026-01-06T22:07:03.354+0800][10.998s][info][gc,ref      ] GC(19) O: Weak References:                6            0            0 
[2026-01-06T22:07:03.354+0800][10.998s][info][gc,ref      ] GC(19) O: Final References:               0            0            0 
[2026-01-06T22:07:03.354+0800][10.998s][info][gc,ref      ] GC(19) O: Phantom References:             1            1            0 
[2026-01-06T22:07:03.354+0800][10.998s][info][gc,reloc    ] GC(19) O:                        Candidates     Selected     In-Place         Size        Empty    Relocated 
[2026-01-06T22:07:03.354+0800][10.998s][info][gc,reloc    ] GC(19) O: Small Pages:                    2            1            0           4M           0M           0M 
[2026-01-06T22:07:03.354+0800][10.998s][info][gc,reloc    ] GC(19) O: Medium Pages:                   0            0            0           0M           0M           0M 
[2026-01-06T22:07:03.354+0800][10.998s][info][gc,reloc    ] GC(19) O: Large Pages:                    0            0            0           0M           0M           0M 
[2026-01-06T22:07:03.354+0800][10.998s][info][gc,reloc    ] GC(19) O: Forwarding Usage: 0M
[2026-01-06T22:07:03.354+0800][10.998s][info][gc,heap     ] GC(19) O: Min Capacity: 8M(0%)
[2026-01-06T22:07:03.354+0800][10.998s][info][gc,heap     ] GC(19) O: Max Capacity: 4096M(100%)
[2026-01-06T22:07:03.354+0800][10.998s][info][gc,heap     ] GC(19) O: Soft Max Capacity: 3686M(90%)
[2026-01-06T22:07:03.354+0800][10.998s][info][gc,heap     ] GC(19) O: Heap Statistics:
[2026-01-06T22:07:03.354+0800][10.998s][info][gc,heap     ] GC(19) O:                Mark Start          Mark End        Relocate Start      Relocate End           High               Low         
[2026-01-06T22:07:03.354+0800][10.998s][info][gc,heap     ] GC(19) O:  Capacity:     3498M (85%)        3498M (85%)        3498M (85%)        3498M (85%)        3498M (85%)        3498M (85%)    
[2026-01-06T22:07:03.354+0800][10.998s][info][gc,heap     ] GC(19) O:      Free:     1960M (48%)        4072M (99%)        4070M (99%)        4066M (99%)        4082M (100%)       1958M (48%)    
[2026-01-06T22:07:03.354+0800][10.998s][info][gc,heap     ] GC(19) O:      Used:     2136M (52%)          24M (1%)           26M (1%)           30M (1%)         2138M (52%)          14M (0%)     
[2026-01-06T22:07:03.354+0800][10.998s][info][gc,heap     ] GC(19) O: Old Generation Statistics:
[2026-01-06T22:07:03.354+0800][10.998s][info][gc,heap     ] GC(19) O:                Mark Start          Mark End        Relocate Start      Relocate End    
[2026-01-06T22:07:03.354+0800][10.998s][info][gc,heap     ] GC(19) O:      Used:        4M (0%)            4M (0%)            4M (0%)            4M (0%)     
[2026-01-06T22:07:03.354+0800][10.998s][info][gc,heap     ] GC(19) O:      Live:         -                 0M (0%)            0M (0%)            0M (0%)     
[2026-01-06T22:07:03.354+0800][10.998s][info][gc,heap     ] GC(19) O:   Garbage:         -                 3M (0%)            3M (0%)            0M (0%)     
[2026-01-06T22:07:03.354+0800][10.998s][info][gc,heap     ] GC(19) O: Allocated:         -                 0M (0%)            0M (0%)            3M (0%)     
[2026-01-06T22:07:03.354+0800][10.998s][info][gc,heap     ] GC(19) O: Reclaimed:         -                  -                 0M (0%)            3M (0%)     
[2026-01-06T22:07:03.354+0800][10.998s][info][gc,heap     ] GC(19) O: Compacted:         -                  -                  -                 0M (0%)     
[2026-01-06T22:07:03.354+0800][10.998s][info][gc,phases   ] GC(19) O: Old Generation 14M(0%)->30M(1%) 0.002s
[2026-01-06T22:07:03.354+0800][10.998s][info][gc          ] GC(19) Major Collection (Proactive) 2136M(52%)->30M(1%) 0.003s
[2026-01-06T22:07:03.905+0800][11.549s][info][gc          ] GC(20) Minor Collection (High Usage)
[2026-01-06T22:07:03.905+0800][11.549s][info][gc,task     ] GC(20) Using 1 Workers for Young Generation
[2026-01-06T22:07:03.905+0800][11.549s][info][gc,phases   ] GC(20) y: Young Generation
[2026-01-06T22:07:03.905+0800][11.549s][info][gc,phases   ] GC(20) y: Pause Mark Start 0.007ms
[2026-01-06T22:07:03.906+0800][11.550s][info][gc,phases   ] GC(20) y: Concurrent Mark 0.341ms
[2026-01-06T22:07:03.906+0800][11.550s][info][gc,phases   ] GC(20) y: Pause Mark End 0.005ms
[2026-01-06T22:07:03.906+0800][11.550s][info][gc,phases   ] GC(20) y: Concurrent Mark Free 0.002ms
[2026-01-06T22:07:03.906+0800][11.550s][info][gc,phases   ] GC(20) y: Concurrent Reset Relocation Set 0.000ms
[2026-01-06T22:07:03.906+0800][11.550s][info][gc,reloc    ] GC(20) y: Using tenuring threshold: 1 (Computed)
[2026-01-06T22:07:03.907+0800][11.550s][info][gc,phases   ] GC(20) y: Concurrent Select Relocation Set 0.736ms
[2026-01-06T22:07:03.907+0800][11.550s][info][gc,phases   ] GC(20) y: Pause Relocate Start 0.002ms
[2026-01-06T22:07:03.907+0800][11.550s][info][gc,phases   ] GC(20) y: Concurrent Relocate 0.029ms
[2026-01-06T22:07:03.907+0800][11.550s][info][gc,alloc    ] GC(20) y:                         Mark Start        Mark End      Relocate Start    Relocate End   
[2026-01-06T22:07:03.907+0800][11.550s][info][gc,alloc    ] GC(20) y: Allocation Stalls:          0                0                0                0         
[2026-01-06T22:07:03.907+0800][11.550s][info][gc,load     ] GC(20) y: Load: 1.36 (14%) / 1.67 (17%) / 1.97 (20%)
[2026-01-06T22:07:03.907+0800][11.551s][info][gc,mmu      ] GC(20) y: MMU: 2ms/97.4%, 5ms/98.6%, 10ms/99.3%, 20ms/99.5%, 50ms/99.8%, 100ms/99.9%
[2026-01-06T22:07:03.907+0800][11.551s][info][gc,marking  ] GC(20) y: Mark: 1 stripe(s), 2 proactive flush(es), 1 terminate flush(es), 0 completion(s), 0 continuation(s) 
[2026-01-06T22:07:03.907+0800][11.551s][info][gc,nmethod  ] GC(20) y: NMethods: 120 registered, 37 unregistered
[2026-01-06T22:07:03.907+0800][11.551s][info][gc,metaspace] GC(20) y: Metaspace: 0M used, 0M committed, 1088M reserved
[2026-01-06T22:07:03.907+0800][11.551s][info][gc,reloc    ] GC(20) y:                        Candidates     Selected     In-Place         Size        Empty    Relocated 
[2026-01-06T22:07:03.907+0800][11.551s][info][gc,reloc    ] GC(20) y: Small Pages:                 1739            0            0        3478M        3476M           0M 
[2026-01-06T22:07:03.907+0800][11.551s][info][gc,reloc    ] GC(20) y: Medium Pages:                   0            0            0           0M           0M           0M 
[2026-01-06T22:07:03.907+0800][11.551s][info][gc,reloc    ] GC(20) y: Large Pages:                    0            0            0           0M           0M           0M 
[2026-01-06T22:07:03.907+0800][11.551s][info][gc,reloc    ] GC(20) y: Forwarding Usage: 0M
[2026-01-06T22:07:03.907+0800][11.551s][info][gc,reloc    ] GC(20) y: Age Table:
[2026-01-06T22:07:03.907+0800][11.551s][info][gc,reloc    ] GC(20) y:                    Live             Garbage             Small              Medium             Large        
[2026-01-06T22:07:03.907+0800][11.551s][info][gc,reloc    ] GC(20) y: Eden               0M (0%)         3475M (85%)       1738 / 0              0 / 0              0 / 0        
[2026-01-06T22:07:03.907+0800][11.551s][info][gc,reloc    ] GC(20) y: Survivor 1          -                 2M (0%)           1 / 0              0 / 0              0 / 0        
[2026-01-06T22:07:03.907+0800][11.551s][info][gc,heap     ] GC(20) y: Min Capacity: 8M(0%)
[2026-01-06T22:07:03.907+0800][11.551s][info][gc,heap     ] GC(20) y: Max Capacity: 4096M(100%)
[2026-01-06T22:07:03.907+0800][11.551s][info][gc,heap     ] GC(20) y: Soft Max Capacity: 3686M(90%)
[2026-01-06T22:07:03.907+0800][11.551s][info][gc,heap     ] GC(20) y: Heap Statistics:
[2026-01-06T22:07:03.907+0800][11.551s][info][gc,heap     ] GC(20) y:                Mark Start          Mark End        Relocate Start      Relocate End           High               Low         
[2026-01-06T22:07:03.907+0800][11.551s][info][gc,heap     ] GC(20) y:  Capacity:     3498M (85%)        3498M (85%)        3498M (85%)        3498M (85%)        3498M (85%)        3498M (85%)    
[2026-01-06T22:07:03.907+0800][11.551s][info][gc,heap     ] GC(20) y:      Free:      614M (15%)         612M (15%)        4082M (100%)       4080M (100%)       4082M (100%)        612M (15%)    
[2026-01-06T22:07:03.907+0800][11.551s][info][gc,heap     ] GC(20) y:      Used:     3482M (85%)        3484M (85%)          14M (0%)           16M (0%)         3484M (85%)          14M (0%)     
[2026-01-06T22:07:03.907+0800][11.551s][info][gc,heap     ] GC(20) y: Young Generation Statistics:
[2026-01-06T22:07:03.907+0800][11.551s][info][gc,heap     ] GC(20) y:                Mark Start          Mark End        Relocate Start      Relocate End    
[2026-01-06T22:07:03.907+0800][11.551s][info][gc,heap     ] GC(20) y:      Used:     3478M (85%)        3480M (85%)          10M (0%)           12M (0%)     
[2026-01-06T22:07:03.907+0800][11.551s][info][gc,heap     ] GC(20) y:      Live:         -                 0M (0%)            0M (0%)            0M (0%)     
[2026-01-06T22:07:03.907+0800][11.551s][info][gc,heap     ] GC(20) y:   Garbage:         -              3477M (85%)           1M (0%)            1M (0%)     
[2026-01-06T22:07:03.907+0800][11.551s][info][gc,heap     ] GC(20) y: Allocated:         -                 2M (0%)            8M (0%)           10M (0%)     
[2026-01-06T22:07:03.907+0800][11.551s][info][gc,heap     ] GC(20) y: Reclaimed:         -                  -              3476M (85%)        3476M (85%)    
[2026-01-06T22:07:03.907+0800][11.551s][info][gc,heap     ] GC(20) y:  Promoted:         -                  -                 0M (0%)            0M (0%)     
[2026-01-06T22:07:03.907+0800][11.551s][info][gc,heap     ] GC(20) y: Compacted:         -                  -                  -                 0M (0%)     
[2026-01-06T22:07:03.907+0800][11.551s][info][gc,phases   ] GC(20) y: Young Generation 3482M(85%)->16M(0%) 0.001s
[2026-01-06T22:07:03.907+0800][11.551s][info][gc          ] GC(20) Minor Collection (High Usage) 3482M(85%)->18M(0%) 0.002s
[2026-01-06T22:07:04.051+0800][11.694s][info][gc          ] GC(21) Major Collection (Proactive)
[2026-01-06T22:07:04.051+0800][11.694s][info][gc,task     ] GC(21) Using 1 Workers for Young Generation
[2026-01-06T22:07:04.051+0800][11.694s][info][gc,task     ] GC(21) Using 1 Workers for Old Generation
[2026-01-06T22:07:04.051+0800][11.694s][info][gc,phases   ] GC(21) Y: Young Generation
[2026-01-06T22:07:04.051+0800][11.695s][info][gc,phases   ] GC(21) Y: Pause Mark Start (Major) 0.007ms
[2026-01-06T22:07:04.051+0800][11.695s][info][gc,phases   ] GC(21) Y: Concurrent Mark 0.211ms
[2026-01-06T22:07:04.051+0800][11.695s][info][gc,phases   ] GC(21) Y: Pause Mark End 0.005ms
[2026-01-06T22:07:04.051+0800][11.695s][info][gc,phases   ] GC(21) Y: Concurrent Mark Free 0.000ms
[2026-01-06T22:07:04.051+0800][11.695s][info][gc,phases   ] GC(21) Y: Concurrent Reset Relocation Set 0.000ms
[2026-01-06T22:07:04.051+0800][11.695s][info][gc,reloc    ] GC(21) Y: Using tenuring threshold: 1 (Computed)
[2026-01-06T22:07:04.051+0800][11.695s][info][gc,phases   ] GC(21) Y: Concurrent Select Relocation Set 0.138ms
[2026-01-06T22:07:04.051+0800][11.695s][info][gc,phases   ] GC(21) Y: Pause Relocate Start 0.002ms
[2026-01-06T22:07:04.051+0800][11.695s][info][gc,phases   ] GC(21) Y: Concurrent Relocate 0.016ms
[2026-01-06T22:07:04.051+0800][11.695s][info][gc,alloc    ] GC(21) Y:                         Mark Start        Mark End      Relocate Start    Relocate End   
[2026-01-06T22:07:04.051+0800][11.695s][info][gc,alloc    ] GC(21) Y: Allocation Stalls:          0                0                0                0         
[2026-01-06T22:07:04.051+0800][11.695s][info][gc,load     ] GC(21) Y: Load: 1.36 (14%) / 1.67 (17%) / 1.97 (20%)
[2026-01-06T22:07:04.051+0800][11.695s][info][gc,mmu      ] GC(21) Y: MMU: 2ms/97.4%, 5ms/98.6%, 10ms/99.3%, 20ms/99.5%, 50ms/99.8%, 100ms/99.9%
[2026-01-06T22:07:04.051+0800][11.695s][info][gc,marking  ] GC(21) Y: Mark: 1 stripe(s), 2 proactive flush(es), 1 terminate flush(es), 0 completion(s), 0 continuation(s) 
[2026-01-06T22:07:04.051+0800][11.695s][info][gc,nmethod  ] GC(21) Y: NMethods: 120 registered, 37 unregistered
[2026-01-06T22:07:04.051+0800][11.695s][info][gc,metaspace] GC(21) Y: Metaspace: 0M used, 0M committed, 1088M reserved
[2026-01-06T22:07:04.051+0800][11.695s][info][gc,reloc    ] GC(21) Y:                        Candidates     Selected     In-Place         Size        Empty    Relocated 
[2026-01-06T22:07:04.051+0800][11.695s][info][gc,reloc    ] GC(21) Y: Small Pages:                  287            0            0         574M         572M           0M 
[2026-01-06T22:07:04.051+0800][11.695s][info][gc,reloc    ] GC(21) Y: Medium Pages:                   0            0            0           0M           0M           0M 
[2026-01-06T22:07:04.051+0800][11.695s][info][gc,reloc    ] GC(21) Y: Large Pages:                    0            0            0           0M           0M           0M 
[2026-01-06T22:07:04.051+0800][11.695s][info][gc,reloc    ] GC(21) Y: Forwarding Usage: 0M
[2026-01-06T22:07:04.051+0800][11.695s][info][gc,reloc    ] GC(21) Y: Age Table:
[2026-01-06T22:07:04.051+0800][11.695s][info][gc,reloc    ] GC(21) Y:                    Live             Garbage             Small              Medium             Large        
[2026-01-06T22:07:04.051+0800][11.695s][info][gc,reloc    ] GC(21) Y: Eden               0M (0%)          571M (14%)        286 / 0              0 / 0              0 / 0        
[2026-01-06T22:07:04.051+0800][11.695s][info][gc,reloc    ] GC(21) Y: Survivor 1          -                 2M (0%)           1 / 0              0 / 0              0 / 0        
[2026-01-06T22:07:04.051+0800][11.695s][info][gc,heap     ] GC(21) Y: Min Capacity: 8M(0%)
[2026-01-06T22:07:04.051+0800][11.695s][info][gc,heap     ] GC(21) Y: Max Capacity: 4096M(100%)
[2026-01-06T22:07:04.051+0800][11.695s][info][gc,heap     ] GC(21) Y: Soft Max Capacity: 3686M(90%)
[2026-01-06T22:07:04.051+0800][11.695s][info][gc,heap     ] GC(21) Y: Heap Statistics:
[2026-01-06T22:07:04.051+0800][11.695s][info][gc,heap     ] GC(21) Y:                Mark Start          Mark End        Relocate Start      Relocate End           High               Low         
[2026-01-06T22:07:04.051+0800][11.695s][info][gc,heap     ] GC(21) Y:  Capacity:     3498M (85%)        3498M (85%)        3498M (85%)        3498M (85%)        3498M (85%)        3498M (85%)    
[2026-01-06T22:07:04.051+0800][11.695s][info][gc,heap     ] GC(21) Y:      Free:     3518M (86%)        3516M (86%)        4088M (100%)       4086M (100%)       4088M (100%)       3516M (86%)    
[2026-01-06T22:07:04.051+0800][11.695s][info][gc,heap     ] GC(21) Y:      Used:      578M (14%)         580M (14%)           8M (0%)           10M (0%)          580M (14%)           8M (0%)     
[2026-01-06T22:07:04.051+0800][11.695s][info][gc,heap     ] GC(21) Y: Young Generation Statistics:
[2026-01-06T22:07:04.051+0800][11.695s][info][gc,heap     ] GC(21) Y:                Mark Start          Mark End        Relocate Start      Relocate End    
[2026-01-06T22:07:04.051+0800][11.695s][info][gc,heap     ] GC(21) Y:      Used:      574M (14%)         576M (14%)           4M (0%)            6M (0%)     
[2026-01-06T22:07:04.051+0800][11.695s][info][gc,heap     ] GC(21) Y:      Live:         -                 0M (0%)            0M (0%)            0M (0%)     
[2026-01-06T22:07:04.051+0800][11.695s][info][gc,heap     ] GC(21) Y:   Garbage:         -               573M (14%)           1M (0%)            1M (0%)     
[2026-01-06T22:07:04.051+0800][11.695s][info][gc,heap     ] GC(21) Y: Allocated:         -                 2M (0%)            2M (0%)            4M (0%)     
[2026-01-06T22:07:04.051+0800][11.695s][info][gc,heap     ] GC(21) Y: Reclaimed:         -                  -               572M (14%)         572M (14%)    
[2026-01-06T22:07:04.051+0800][11.695s][info][gc,heap     ] GC(21) Y:  Promoted:         -                  -                 0M (0%)            0M (0%)     
[2026-01-06T22:07:04.051+0800][11.695s][info][gc,heap     ] GC(21) Y: Compacted:         -                  -                  -                 0M (0%)     
[2026-01-06T22:07:04.051+0800][11.695s][info][gc,phases   ] GC(21) Y: Young Generation 578M(14%)->10M(0%) 0.001s
[2026-01-06T22:07:04.051+0800][11.695s][info][gc,phases   ] GC(21) O: Old Generation
[2026-01-06T22:07:04.053+0800][11.697s][info][gc,phases   ] GC(21) O: Concurrent Mark 1.439ms
[2026-01-06T22:07:04.053+0800][11.697s][info][gc,phases   ] GC(21) O: Pause Mark End 0.004ms
[2026-01-06T22:07:04.053+0800][11.697s][info][gc,phases   ] GC(21) O: Concurrent Mark Free 0.001ms
[2026-01-06T22:07:04.053+0800][11.697s][info][gc,phases   ] GC(21) O: Concurrent Process Non-Strong 0.188ms
[2026-01-06T22:07:04.053+0800][11.697s][info][gc,phases   ] GC(21) O: Concurrent Reset Relocation Set 0.000ms
[2026-01-06T22:07:04.053+0800][11.697s][info][gc,phases   ] GC(21) O: Concurrent Select Relocation Set 0.061ms
[2026-01-06T22:07:04.053+0800][11.697s][info][gc,task     ] GC(21) O: Using 2 Workers for Old Generation
[2026-01-06T22:07:04.053+0800][11.697s][info][gc,task     ] GC(21) O: Using 1 Workers for Old Generation
[2026-01-06T22:07:04.053+0800][11.697s][info][gc,phases   ] GC(21) O: Concurrent Remap Roots 0.057ms
[2026-01-06T22:07:04.053+0800][11.697s][info][gc,phases   ] GC(21) O: Pause Relocate Start 0.002ms
[2026-01-06T22:07:04.053+0800][11.697s][info][gc,phases   ] GC(21) O: Concurrent Relocate 0.007ms
[2026-01-06T22:07:04.053+0800][11.697s][info][gc,alloc    ] GC(21) O:                         Mark Start        Mark End      Relocate Start    Relocate End   
[2026-01-06T22:07:04.053+0800][11.697s][info][gc,alloc    ] GC(21) O: Allocation Stalls:          0                0                0                0         
[2026-01-06T22:07:04.053+0800][11.697s][info][gc,load     ] GC(21) O: Load: 1.36 (14%) / 1.67 (17%) / 1.97 (20%)
[2026-01-06T22:07:04.053+0800][11.697s][info][gc,mmu      ] GC(21) O: MMU: 2ms/97.4%, 5ms/98.6%, 10ms/99.3%, 20ms/99.5%, 50ms/99.8%, 100ms/99.9%
[2026-01-06T22:07:04.053+0800][11.697s][info][gc,marking  ] GC(21) O: Mark: 1 stripe(s), 2 proactive flush(es), 1 terminate flush(es), 0 completion(s), 0 continuation(s) 
[2026-01-06T22:07:04.053+0800][11.697s][info][gc,nmethod  ] GC(21) O: NMethods: 120 registered, 37 unregistered
[2026-01-06T22:07:04.053+0800][11.697s][info][gc,metaspace] GC(21) O: Metaspace: 0M used, 0M committed, 1088M reserved
[2026-01-06T22:07:04.053+0800][11.697s][info][gc,ref      ] GC(21) O:                       Encountered   Discovered     Enqueued 
[2026-01-06T22:07:04.053+0800][11.697s][info][gc,ref      ] GC(21) O: Soft References:                1            0            0 
[2026-01-06T22:07:04.053+0800][11.697s][info][gc,ref      ] GC(21) O: Weak References:                6            0            0 
[2026-01-06T22:07:04.053+0800][11.697s][info][gc,ref      ] GC(21) O: Final References:               0            0            0 
[2026-01-06T22:07:04.053+0800][11.697s][info][gc,ref      ] GC(21) O: Phantom References:             1            1            0 
[2026-01-06T22:07:04.053+0800][11.697s][info][gc,reloc    ] GC(21) O:                        Candidates     Selected     In-Place         Size        Empty    Relocated 
[2026-01-06T22:07:04.053+0800][11.697s][info][gc,reloc    ] GC(21) O: Small Pages:                    2            0            0           4M           2M           0M 
[2026-01-06T22:07:04.053+0800][11.697s][info][gc,reloc    ] GC(21) O: Medium Pages:                   0            0            0           0M           0M           0M 
[2026-01-06T22:07:04.053+0800][11.697s][info][gc,reloc    ] GC(21) O: Large Pages:                    0            0            0           0M           0M           0M 
[2026-01-06T22:07:04.053+0800][11.697s][info][gc,reloc    ] GC(21) O: Forwarding Usage: 0M
[2026-01-06T22:07:04.053+0800][11.697s][info][gc,heap     ] GC(21) O: Min Capacity: 8M(0%)
[2026-01-06T22:07:04.053+0800][11.697s][info][gc,heap     ] GC(21) O: Max Capacity: 4096M(100%)
[2026-01-06T22:07:04.053+0800][11.697s][info][gc,heap     ] GC(21) O: Soft Max Capacity: 3686M(90%)
[2026-01-06T22:07:04.053+0800][11.697s][info][gc,heap     ] GC(21) O: Heap Statistics:
[2026-01-06T22:07:04.053+0800][11.697s][info][gc,heap     ] GC(21) O:                Mark Start          Mark End        Relocate Start      Relocate End           High               Low         
[2026-01-06T22:07:04.053+0800][11.697s][info][gc,heap     ] GC(21) O:  Capacity:     3498M (85%)        3498M (85%)        3498M (85%)        3498M (85%)        3498M (85%)        3498M (85%)    
[2026-01-06T22:07:04.053+0800][11.697s][info][gc,heap     ] GC(21) O:      Free:     3518M (86%)        4064M (99%)        4062M (99%)        4062M (99%)        4088M (100%)       3516M (86%)    
[2026-01-06T22:07:04.053+0800][11.697s][info][gc,heap     ] GC(21) O:      Used:      578M (14%)          32M (1%)           34M (1%)           34M (1%)          580M (14%)           8M (0%)     
[2026-01-06T22:07:04.053+0800][11.697s][info][gc,heap     ] GC(21) O: Old Generation Statistics:
[2026-01-06T22:07:04.053+0800][11.697s][info][gc,heap     ] GC(21) O:                Mark Start          Mark End        Relocate Start      Relocate End    
[2026-01-06T22:07:04.053+0800][11.697s][info][gc,heap     ] GC(21) O:      Used:        4M (0%)            4M (0%)            2M (0%)            2M (0%)     
[2026-01-06T22:07:04.053+0800][11.697s][info][gc,heap     ] GC(21) O:      Live:         -                 0M (0%)            0M (0%)            0M (0%)     
[2026-01-06T22:07:04.053+0800][11.697s][info][gc,heap     ] GC(21) O:   Garbage:         -                 3M (0%)            1M (0%)            1M (0%)     
[2026-01-06T22:07:04.053+0800][11.697s][info][gc,heap     ] GC(21) O: Allocated:         -                 0M (0%)            0M (0%)            0M (0%)     
[2026-01-06T22:07:04.053+0800][11.697s][info][gc,heap     ] GC(21) O: Reclaimed:         -                  -                 2M (0%)            2M (0%)     
[2026-01-06T22:07:04.053+0800][11.697s][info][gc,heap     ] GC(21) O: Compacted:         -                  -                  -                 0M (0%)     
[2026-01-06T22:07:04.053+0800][11.697s][info][gc,phases   ] GC(21) O: Old Generation 12M(0%)->34M(1%) 0.002s
[2026-01-06T22:07:04.053+0800][11.697s][info][gc          ] GC(21) Major Collection (Proactive) 576M(14%)->34M(1%) 0.003s
[2026-01-06T22:07:04.507+0800][12.150s][info][gc          ] GC(22) Major Collection (Proactive)
[2026-01-06T22:07:04.507+0800][12.150s][info][gc,task     ] GC(22) Using 1 Workers for Young Generation
[2026-01-06T22:07:04.507+0800][12.150s][info][gc,task     ] GC(22) Using 1 Workers for Old Generation
[2026-01-06T22:07:04.507+0800][12.150s][info][gc,phases   ] GC(22) Y: Young Generation
[2026-01-06T22:07:04.507+0800][12.150s][info][gc,phases   ] GC(22) Y: Pause Mark Start (Major) 0.014ms
[2026-01-06T22:07:04.507+0800][12.151s][info][gc,phases   ] GC(22) Y: Concurrent Mark 0.439ms
[2026-01-06T22:07:04.507+0800][12.151s][info][gc,phases   ] GC(22) Y: Pause Mark End 0.004ms
[2026-01-06T22:07:04.507+0800][12.151s][info][gc,phases   ] GC(22) Y: Concurrent Mark Free 0.003ms
[2026-01-06T22:07:04.507+0800][12.151s][info][gc,phases   ] GC(22) Y: Concurrent Reset Relocation Set 0.000ms
[2026-01-06T22:07:04.509+0800][12.153s][info][gc,reloc    ] GC(22) Y: Using tenuring threshold: 1 (Computed)
[2026-01-06T22:07:04.509+0800][12.153s][info][gc,phases   ] GC(22) Y: Concurrent Select Relocation Set 2.009ms
[2026-01-06T22:07:04.509+0800][12.153s][info][gc,phases   ] GC(22) Y: Pause Relocate Start 0.003ms
[2026-01-06T22:07:04.509+0800][12.153s][info][gc,phases   ] GC(22) Y: Concurrent Relocate 0.049ms
[2026-01-06T22:07:04.509+0800][12.153s][info][gc,alloc    ] GC(22) Y:                         Mark Start        Mark End      Relocate Start    Relocate End   
[2026-01-06T22:07:04.509+0800][12.153s][info][gc,alloc    ] GC(22) Y: Allocation Stalls:          0                0                0                0         
[2026-01-06T22:07:04.509+0800][12.153s][info][gc,load     ] GC(22) Y: Load: 1.36 (14%) / 1.67 (17%) / 1.97 (20%)
[2026-01-06T22:07:04.509+0800][12.153s][info][gc,mmu      ] GC(22) Y: MMU: 2ms/97.4%, 5ms/98.6%, 10ms/99.3%, 20ms/99.5%, 50ms/99.8%, 100ms/99.9%
[2026-01-06T22:07:04.509+0800][12.153s][info][gc,marking  ] GC(22) Y: Mark: 1 stripe(s), 2 proactive flush(es), 1 terminate flush(es), 0 completion(s), 0 continuation(s) 
[2026-01-06T22:07:04.509+0800][12.153s][info][gc,nmethod  ] GC(22) Y: NMethods: 120 registered, 37 unregistered
[2026-01-06T22:07:04.509+0800][12.153s][info][gc,metaspace] GC(22) Y: Metaspace: 0M used, 0M committed, 1088M reserved
[2026-01-06T22:07:04.509+0800][12.153s][info][gc,reloc    ] GC(22) Y:                        Candidates     Selected     In-Place         Size        Empty    Relocated 
[2026-01-06T22:07:04.509+0800][12.153s][info][gc,reloc    ] GC(22) Y: Small Pages:                 1066            0            0        2132M        2130M           0M 
[2026-01-06T22:07:04.509+0800][12.153s][info][gc,reloc    ] GC(22) Y: Medium Pages:                   0            0            0           0M           0M           0M 
[2026-01-06T22:07:04.509+0800][12.153s][info][gc,reloc    ] GC(22) Y: Large Pages:                    0            0            0           0M           0M           0M 
[2026-01-06T22:07:04.509+0800][12.153s][info][gc,reloc    ] GC(22) Y: Forwarding Usage: 0M
[2026-01-06T22:07:04.509+0800][12.153s][info][gc,reloc    ] GC(22) Y: Age Table:
[2026-01-06T22:07:04.509+0800][12.153s][info][gc,reloc    ] GC(22) Y:                    Live             Garbage             Small              Medium             Large        
[2026-01-06T22:07:04.509+0800][12.153s][info][gc,reloc    ] GC(22) Y: Eden               0M (0%)         2129M (52%)       1065 / 0              0 / 0              0 / 0        
[2026-01-06T22:07:04.509+0800][12.153s][info][gc,reloc    ] GC(22) Y: Survivor 1          -                 2M (0%)           1 / 0              0 / 0              0 / 0        
[2026-01-06T22:07:04.509+0800][12.153s][info][gc,heap     ] GC(22) Y: Min Capacity: 8M(0%)
[2026-01-06T22:07:04.509+0800][12.153s][info][gc,heap     ] GC(22) Y: Max Capacity: 4096M(100%)
[2026-01-06T22:07:04.509+0800][12.153s][info][gc,heap     ] GC(22) Y: Soft Max Capacity: 3686M(90%)
[2026-01-06T22:07:04.509+0800][12.153s][info][gc,heap     ] GC(22) Y: Heap Statistics:
[2026-01-06T22:07:04.509+0800][12.153s][info][gc,heap     ] GC(22) Y:                Mark Start          Mark End        Relocate Start      Relocate End           High               Low         
[2026-01-06T22:07:04.509+0800][12.153s][info][gc,heap     ] GC(22) Y:  Capacity:     3498M (85%)        3498M (85%)        3498M (85%)        3498M (85%)        3498M (85%)        3498M (85%)    
[2026-01-06T22:07:04.509+0800][12.153s][info][gc,heap     ] GC(22) Y:      Free:     1962M (48%)        1958M (48%)        4084M (100%)       4084M (100%)       4084M (100%)       1958M (48%)    
[2026-01-06T22:07:04.509+0800][12.153s][info][gc,heap     ] GC(22) Y:      Used:     2134M (52%)        2138M (52%)          12M (0%)           12M (0%)         2138M (52%)          12M (0%)     
[2026-01-06T22:07:04.509+0800][12.153s][info][gc,heap     ] GC(22) Y: Young Generation Statistics:
[2026-01-06T22:07:04.509+0800][12.153s][info][gc,heap     ] GC(22) Y:                Mark Start          Mark End        Relocate Start      Relocate End    
[2026-01-06T22:07:04.509+0800][12.153s][info][gc,heap     ] GC(22) Y:      Used:     2132M (52%)        2136M (52%)          10M (0%)           10M (0%)     
[2026-01-06T22:07:04.509+0800][12.153s][info][gc,heap     ] GC(22) Y:      Live:         -                 0M (0%)            0M (0%)            0M (0%)     
[2026-01-06T22:07:04.509+0800][12.153s][info][gc,heap     ] GC(22) Y:   Garbage:         -              2131M (52%)           1M (0%)            1M (0%)     
[2026-01-06T22:07:04.509+0800][12.153s][info][gc,heap     ] GC(22) Y: Allocated:         -                 4M (0%)            8M (0%)            8M (0%)     
[2026-01-06T22:07:04.509+0800][12.153s][info][gc,heap     ] GC(22) Y: Reclaimed:         -                  -              2130M (52%)        2130M (52%)    
[2026-01-06T22:07:04.509+0800][12.153s][info][gc,heap     ] GC(22) Y:  Promoted:         -                  -                 0M (0%)            0M (0%)     
[2026-01-06T22:07:04.509+0800][12.153s][info][gc,heap     ] GC(22) Y: Compacted:         -                  -                  -                 0M (0%)     
[2026-01-06T22:07:04.509+0800][12.153s][info][gc,phases   ] GC(22) Y: Young Generation 2134M(52%)->12M(0%) 0.003s
[2026-01-06T22:07:04.509+0800][12.153s][info][gc,phases   ] GC(22) O: Old Generation
[2026-01-06T22:07:04.511+0800][12.154s][info][gc,phases   ] GC(22) O: Concurrent Mark 1.209ms
[2026-01-06T22:07:04.511+0800][12.155s][info][gc,phases   ] GC(22) O: Pause Mark End 0.007ms
[2026-01-06T22:07:04.511+0800][12.155s][info][gc,phases   ] GC(22) O: Concurrent Mark Free 0.000ms
[2026-01-06T22:07:04.511+0800][12.155s][info][gc,phases   ] GC(22) O: Concurrent Process Non-Strong 0.145ms
[2026-01-06T22:07:04.511+0800][12.155s][info][gc,phases   ] GC(22) O: Concurrent Reset Relocation Set 0.000ms
[2026-01-06T22:07:04.511+0800][12.155s][info][gc,phases   ] GC(22) O: Concurrent Select Relocation Set 0.018ms
[2026-01-06T22:07:04.511+0800][12.155s][info][gc,task     ] GC(22) O: Using 2 Workers for Old Generation
[2026-01-06T22:07:04.511+0800][12.155s][info][gc,task     ] GC(22) O: Using 1 Workers for Old Generation
[2026-01-06T22:07:04.511+0800][12.155s][info][gc,phases   ] GC(22) O: Concurrent Remap Roots 0.066ms
[2026-01-06T22:07:04.511+0800][12.155s][info][gc,phases   ] GC(22) O: Pause Relocate Start 0.002ms
[2026-01-06T22:07:04.511+0800][12.155s][info][gc,phases   ] GC(22) O: Concurrent Relocate 0.017ms
[2026-01-06T22:07:04.511+0800][12.155s][info][gc,alloc    ] GC(22) O:                         Mark Start        Mark End      Relocate Start    Relocate End   
[2026-01-06T22:07:04.511+0800][12.155s][info][gc,alloc    ] GC(22) O: Allocation Stalls:          0                0                0                0         
[2026-01-06T22:07:04.511+0800][12.155s][info][gc,load     ] GC(22) O: Load: 1.36 (14%) / 1.67 (17%) / 1.97 (20%)
[2026-01-06T22:07:04.511+0800][12.155s][info][gc,mmu      ] GC(22) O: MMU: 2ms/97.4%, 5ms/98.6%, 10ms/99.3%, 20ms/99.5%, 50ms/99.8%, 100ms/99.9%
[2026-01-06T22:07:04.511+0800][12.155s][info][gc,marking  ] GC(22) O: Mark: 1 stripe(s), 2 proactive flush(es), 1 terminate flush(es), 0 completion(s), 0 continuation(s) 
[2026-01-06T22:07:04.511+0800][12.155s][info][gc,nmethod  ] GC(22) O: NMethods: 120 registered, 37 unregistered
[2026-01-06T22:07:04.511+0800][12.155s][info][gc,metaspace] GC(22) O: Metaspace: 0M used, 0M committed, 1088M reserved
[2026-01-06T22:07:04.511+0800][12.155s][info][gc,ref      ] GC(22) O:                       Encountered   Discovered     Enqueued 
[2026-01-06T22:07:04.511+0800][12.155s][info][gc,ref      ] GC(22) O: Soft References:                1            0            0 
[2026-01-06T22:07:04.511+0800][12.155s][info][gc,ref      ] GC(22) O: Weak References:                6            0            0 
[2026-01-06T22:07:04.511+0800][12.155s][info][gc,ref      ] GC(22) O: Final References:               0            0            0 
[2026-01-06T22:07:04.511+0800][12.155s][info][gc,ref      ] GC(22) O: Phantom References:             1            1            0 
[2026-01-06T22:07:04.511+0800][12.155s][info][gc,reloc    ] GC(22) O:                        Candidates     Selected     In-Place         Size        Empty    Relocated 
[2026-01-06T22:07:04.511+0800][12.155s][info][gc,reloc    ] GC(22) O: Small Pages:                    1            0            0           2M           0M           0M 
[2026-01-06T22:07:04.511+0800][12.155s][info][gc,reloc    ] GC(22) O: Medium Pages:                   0            0            0           0M           0M           0M 
[2026-01-06T22:07:04.511+0800][12.155s][info][gc,reloc    ] GC(22) O: Large Pages:                    0            0            0           0M           0M           0M 
[2026-01-06T22:07:04.511+0800][12.155s][info][gc,reloc    ] GC(22) O: Forwarding Usage: 0M
[2026-01-06T22:07:04.511+0800][12.155s][info][gc,heap     ] GC(22) O: Min Capacity: 8M(0%)
[2026-01-06T22:07:04.511+0800][12.155s][info][gc,heap     ] GC(22) O: Max Capacity: 4096M(100%)
[2026-01-06T22:07:04.511+0800][12.155s][info][gc,heap     ] GC(22) O: Soft Max Capacity: 3686M(90%)
[2026-01-06T22:07:04.511+0800][12.155s][info][gc,heap     ] GC(22) O: Heap Statistics:
[2026-01-06T22:07:04.511+0800][12.155s][info][gc,heap     ] GC(22) O:                Mark Start          Mark End        Relocate Start      Relocate End           High               Low         
[2026-01-06T22:07:04.511+0800][12.155s][info][gc,heap     ] GC(22) O:  Capacity:     3498M (85%)        3498M (85%)        3498M (85%)        3498M (85%)        3498M (85%)        3498M (85%)    
[2026-01-06T22:07:04.511+0800][12.155s][info][gc,heap     ] GC(22) O:      Free:     1962M (48%)        4078M (100%)       4078M (100%)       4078M (100%)       4084M (100%)       1958M (48%)    
[2026-01-06T22:07:04.511+0800][12.155s][info][gc,heap     ] GC(22) O:      Used:     2134M (52%)          18M (0%)           18M (0%)           18M (0%)         2138M (52%)          12M (0%)     
[2026-01-06T22:07:04.511+0800][12.155s][info][gc,heap     ] GC(22) O: Old Generation Statistics:
[2026-01-06T22:07:04.511+0800][12.155s][info][gc,heap     ] GC(22) O:                Mark Start          Mark End        Relocate Start      Relocate End    
[2026-01-06T22:07:04.511+0800][12.155s][info][gc,heap     ] GC(22) O:      Used:        2M (0%)            2M (0%)            2M (0%)            2M (0%)     
[2026-01-06T22:07:04.511+0800][12.155s][info][gc,heap     ] GC(22) O:      Live:         -                 0M (0%)            0M (0%)            0M (0%)     
[2026-01-06T22:07:04.511+0800][12.155s][info][gc,heap     ] GC(22) O:   Garbage:         -                 1M (0%)            1M (0%)            1M (0%)     
[2026-01-06T22:07:04.511+0800][12.155s][info][gc,heap     ] GC(22) O: Allocated:         -                 0M (0%)            0M (0%)            0M (0%)     
[2026-01-06T22:07:04.511+0800][12.155s][info][gc,heap     ] GC(22) O: Reclaimed:         -                  -                 0M (0%)            0M (0%)     
[2026-01-06T22:07:04.511+0800][12.155s][info][gc,heap     ] GC(22) O: Compacted:         -                  -                  -                 0M (0%)     
[2026-01-06T22:07:04.511+0800][12.155s][info][gc,phases   ] GC(22) O: Old Generation 12M(0%)->18M(0%) 0.002s
[2026-01-06T22:07:04.511+0800][12.155s][info][gc          ] GC(22) Major Collection (Proactive) 2134M(52%)->18M(0%) 0.005s
[2026-01-06T22:07:04.972+0800][12.616s][info][gc          ] GC(23) Major Collection (Proactive)
[2026-01-06T22:07:04.972+0800][12.616s][info][gc,task     ] GC(23) Using 1 Workers for Young Generation
[2026-01-06T22:07:04.972+0800][12.616s][info][gc,task     ] GC(23) Using 1 Workers for Old Generation
[2026-01-06T22:07:04.972+0800][12.616s][info][gc,phases   ] GC(23) Y: Young Generation
[2026-01-06T22:07:04.972+0800][12.616s][info][gc,phases   ] GC(23) Y: Pause Mark Start (Major) 0.010ms
[2026-01-06T22:07:04.972+0800][12.616s][info][gc,phases   ] GC(23) Y: Concurrent Mark 0.229ms
[2026-01-06T22:07:04.972+0800][12.616s][info][gc,phases   ] GC(23) Y: Pause Mark End 0.003ms
[2026-01-06T22:07:04.972+0800][12.616s][info][gc,phases   ] GC(23) Y: Concurrent Mark Free 0.002ms
[2026-01-06T22:07:04.972+0800][12.616s][info][gc,phases   ] GC(23) Y: Concurrent Reset Relocation Set 0.000ms
[2026-01-06T22:07:04.974+0800][12.618s][info][gc,reloc    ] GC(23) Y: Using tenuring threshold: 1 (Computed)
[2026-01-06T22:07:04.974+0800][12.618s][info][gc,phases   ] GC(23) Y: Concurrent Select Relocation Set 1.615ms
[2026-01-06T22:07:04.974+0800][12.618s][info][gc,phases   ] GC(23) Y: Pause Relocate Start 0.004ms
[2026-01-06T22:07:04.974+0800][12.618s][info][gc,phases   ] GC(23) Y: Concurrent Relocate 0.012ms
[2026-01-06T22:07:04.974+0800][12.618s][info][gc,alloc    ] GC(23) Y:                         Mark Start        Mark End      Relocate Start    Relocate End   
[2026-01-06T22:07:04.974+0800][12.618s][info][gc,alloc    ] GC(23) Y: Allocation Stalls:          0                0                0                0         
[2026-01-06T22:07:04.974+0800][12.618s][info][gc,load     ] GC(23) Y: Load: 1.36 (14%) / 1.67 (17%) / 1.97 (20%)
[2026-01-06T22:07:04.974+0800][12.618s][info][gc,mmu      ] GC(23) Y: MMU: 2ms/97.4%, 5ms/98.6%, 10ms/99.3%, 20ms/99.5%, 50ms/99.8%, 100ms/99.9%
[2026-01-06T22:07:04.974+0800][12.618s][info][gc,marking  ] GC(23) Y: Mark: 1 stripe(s), 2 proactive flush(es), 1 terminate flush(es), 0 completion(s), 0 continuation(s) 
[2026-01-06T22:07:04.974+0800][12.618s][info][gc,nmethod  ] GC(23) Y: NMethods: 120 registered, 37 unregistered
[2026-01-06T22:07:04.974+0800][12.618s][info][gc,metaspace] GC(23) Y: Metaspace: 0M used, 0M committed, 1088M reserved
[2026-01-06T22:07:04.974+0800][12.618s][info][gc,reloc    ] GC(23) Y:                        Candidates     Selected     In-Place         Size        Empty    Relocated 
[2026-01-06T22:07:04.974+0800][12.618s][info][gc,reloc    ] GC(23) Y: Small Pages:                 1681            0            0        3362M        3360M           0M 
[2026-01-06T22:07:04.974+0800][12.618s][info][gc,reloc    ] GC(23) Y: Medium Pages:                   0            0            0           0M           0M           0M 
[2026-01-06T22:07:04.974+0800][12.618s][info][gc,reloc    ] GC(23) Y: Large Pages:                    0            0            0           0M           0M           0M 
[2026-01-06T22:07:04.974+0800][12.618s][info][gc,reloc    ] GC(23) Y: Forwarding Usage: 0M
[2026-01-06T22:07:04.974+0800][12.618s][info][gc,reloc    ] GC(23) Y: Age Table:
[2026-01-06T22:07:04.974+0800][12.618s][info][gc,reloc    ] GC(23) Y:                    Live             Garbage             Small              Medium             Large        
[2026-01-06T22:07:04.974+0800][12.618s][info][gc,reloc    ] GC(23) Y: Eden               0M (0%)         3359M (82%)       1680 / 0              0 / 0              0 / 0        
[2026-01-06T22:07:04.974+0800][12.618s][info][gc,reloc    ] GC(23) Y: Survivor 1          -                 2M (0%)           1 / 0              0 / 0              0 / 0        
[2026-01-06T22:07:04.974+0800][12.618s][info][gc,heap     ] GC(23) Y: Min Capacity: 8M(0%)
[2026-01-06T22:07:04.974+0800][12.618s][info][gc,heap     ] GC(23) Y: Max Capacity: 4096M(100%)
[2026-01-06T22:07:04.974+0800][12.618s][info][gc,heap     ] GC(23) Y: Soft Max Capacity: 3686M(90%)
[2026-01-06T22:07:04.974+0800][12.618s][info][gc,heap     ] GC(23) Y: Heap Statistics:
[2026-01-06T22:07:04.974+0800][12.618s][info][gc,heap     ] GC(23) Y:                Mark Start          Mark End        Relocate Start      Relocate End           High               Low         
[2026-01-06T22:07:04.974+0800][12.618s][info][gc,heap     ] GC(23) Y:  Capacity:     3498M (85%)        3498M (85%)        3498M (85%)        3498M (85%)        3498M (85%)        3498M (85%)    
[2026-01-06T22:07:04.974+0800][12.618s][info][gc,heap     ] GC(23) Y:      Free:      732M (18%)         730M (18%)        4082M (100%)       4080M (100%)       4082M (100%)        730M (18%)    
[2026-01-06T22:07:04.974+0800][12.618s][info][gc,heap     ] GC(23) Y:      Used:     3364M (82%)        3366M (82%)          14M (0%)           16M (0%)         3366M (82%)          14M (0%)     
[2026-01-06T22:07:04.974+0800][12.618s][info][gc,heap     ] GC(23) Y: Young Generation Statistics:
[2026-01-06T22:07:04.974+0800][12.618s][info][gc,heap     ] GC(23) Y:                Mark Start          Mark End        Relocate Start      Relocate End    
[2026-01-06T22:07:04.974+0800][12.618s][info][gc,heap     ] GC(23) Y:      Used:     3362M (82%)        3364M (82%)          12M (0%)           14M (0%)     
[2026-01-06T22:07:04.974+0800][12.618s][info][gc,heap     ] GC(23) Y:      Live:         -                 0M (0%)            0M (0%)            0M (0%)     
[2026-01-06T22:07:04.974+0800][12.618s][info][gc,heap     ] GC(23) Y:   Garbage:         -              3361M (82%)           1M (0%)            1M (0%)     
[2026-01-06T22:07:04.974+0800][12.618s][info][gc,heap     ] GC(23) Y: Allocated:         -                 2M (0%)           10M (0%)           12M (0%)     
[2026-01-06T22:07:04.974+0800][12.618s][info][gc,heap     ] GC(23) Y: Reclaimed:         -                  -              3360M (82%)        3360M (82%)    
[2026-01-06T22:07:04.974+0800][12.618s][info][gc,heap     ] GC(23) Y:  Promoted:         -                  -                 0M (0%)            0M (0%)     
[2026-01-06T22:07:04.974+0800][12.618s][info][gc,heap     ] GC(23) Y: Compacted:         -                  -                  -                 0M (0%)     
[2026-01-06T22:07:04.974+0800][12.618s][info][gc,phases   ] GC(23) Y: Young Generation 3364M(82%)->16M(0%) 0.002s
[2026-01-06T22:07:04.974+0800][12.618s][info][gc,phases   ] GC(23) O: Old Generation
[2026-01-06T22:07:04.975+0800][12.619s][info][gc,phases   ] GC(23) O: Concurrent Mark 0.764ms
[2026-01-06T22:07:04.975+0800][12.619s][info][gc,phases   ] GC(23) O: Pause Mark End 0.003ms
[2026-01-06T22:07:04.975+0800][12.619s][info][gc,phases   ] GC(23) O: Concurrent Mark Free 0.001ms
[2026-01-06T22:07:04.975+0800][12.619s][info][gc,phases   ] GC(23) O: Concurrent Process Non-Strong 0.165ms
[2026-01-06T22:07:04.975+0800][12.619s][info][gc,phases   ] GC(23) O: Concurrent Reset Relocation Set 0.000ms
[2026-01-06T22:07:04.975+0800][12.619s][info][gc,phases   ] GC(23) O: Concurrent Select Relocation Set 0.016ms
[2026-01-06T22:07:04.975+0800][12.619s][info][gc,task     ] GC(23) O: Using 2 Workers for Old Generation
[2026-01-06T22:07:04.975+0800][12.619s][info][gc,task     ] GC(23) O: Using 1 Workers for Old Generation
[2026-01-06T22:07:04.975+0800][12.619s][info][gc,phases   ] GC(23) O: Concurrent Remap Roots 0.049ms
[2026-01-06T22:07:04.975+0800][12.619s][info][gc,phases   ] GC(23) O: Pause Relocate Start 0.002ms
[2026-01-06T22:07:04.975+0800][12.619s][info][gc,phases   ] GC(23) O: Concurrent Relocate 0.007ms
[2026-01-06T22:07:04.975+0800][12.619s][info][gc,alloc    ] GC(23) O:                         Mark Start        Mark End      Relocate Start    Relocate End   
[2026-01-06T22:07:04.975+0800][12.619s][info][gc,alloc    ] GC(23) O: Allocation Stalls:          0                0                0                0         
[2026-01-06T22:07:04.975+0800][12.619s][info][gc,load     ] GC(23) O: Load: 1.36 (14%) / 1.67 (17%) / 1.97 (20%)
[2026-01-06T22:07:04.975+0800][12.619s][info][gc,mmu      ] GC(23) O: MMU: 2ms/97.4%, 5ms/98.6%, 10ms/99.3%, 20ms/99.5%, 50ms/99.8%, 100ms/99.9%
[2026-01-06T22:07:04.975+0800][12.619s][info][gc,marking  ] GC(23) O: Mark: 1 stripe(s), 2 proactive flush(es), 1 terminate flush(es), 0 completion(s), 0 continuation(s) 
[2026-01-06T22:07:04.975+0800][12.619s][info][gc,nmethod  ] GC(23) O: NMethods: 120 registered, 37 unregistered
[2026-01-06T22:07:04.975+0800][12.619s][info][gc,metaspace] GC(23) O: Metaspace: 0M used, 0M committed, 1088M reserved
[2026-01-06T22:07:04.975+0800][12.619s][info][gc,ref      ] GC(23) O:                       Encountered   Discovered     Enqueued 
[2026-01-06T22:07:04.975+0800][12.619s][info][gc,ref      ] GC(23) O: Soft References:                1            0            0 
[2026-01-06T22:07:04.975+0800][12.619s][info][gc,ref      ] GC(23) O: Weak References:                6            0            0 
[2026-01-06T22:07:04.975+0800][12.619s][info][gc,ref      ] GC(23) O: Final References:               0            0            0 
[2026-01-06T22:07:04.975+0800][12.619s][info][gc,ref      ] GC(23) O: Phantom References:             1            1            0 
[2026-01-06T22:07:04.975+0800][12.619s][info][gc,reloc    ] GC(23) O:                        Candidates     Selected     In-Place         Size        Empty    Relocated 
[2026-01-06T22:07:04.975+0800][12.619s][info][gc,reloc    ] GC(23) O: Small Pages:                    1            0            0           2M           0M           0M 
[2026-01-06T22:07:04.975+0800][12.619s][info][gc,reloc    ] GC(23) O: Medium Pages:                   0            0            0           0M           0M           0M 
[2026-01-06T22:07:04.975+0800][12.619s][info][gc,reloc    ] GC(23) O: Large Pages:                    0            0            0           0M           0M           0M 
[2026-01-06T22:07:04.975+0800][12.619s][info][gc,reloc    ] GC(23) O: Forwarding Usage: 0M
[2026-01-06T22:07:04.975+0800][12.619s][info][gc,heap     ] GC(23) O: Min Capacity: 8M(0%)
[2026-01-06T22:07:04.975+0800][12.619s][info][gc,heap     ] GC(23) O: Max Capacity: 4096M(100%)
[2026-01-06T22:07:04.975+0800][12.619s][info][gc,heap     ] GC(23) O: Soft Max Capacity: 3686M(90%)
[2026-01-06T22:07:04.975+0800][12.619s][info][gc,heap     ] GC(23) O: Heap Statistics:
[2026-01-06T22:07:04.975+0800][12.619s][info][gc,heap     ] GC(23) O:                Mark Start          Mark End        Relocate Start      Relocate End           High               Low         
[2026-01-06T22:07:04.975+0800][12.619s][info][gc,heap     ] GC(23) O:  Capacity:     3498M (85%)        3498M (85%)        3498M (85%)        3498M (85%)        3498M (85%)        3498M (85%)    
[2026-01-06T22:07:04.975+0800][12.619s][info][gc,heap     ] GC(23) O:      Free:      732M (18%)        4072M (99%)        4070M (99%)        4070M (99%)        4082M (100%)        730M (18%)    
[2026-01-06T22:07:04.975+0800][12.619s][info][gc,heap     ] GC(23) O:      Used:     3364M (82%)          24M (1%)           26M (1%)           26M (1%)         3366M (82%)          14M (0%)     
[2026-01-06T22:07:04.975+0800][12.619s][info][gc,heap     ] GC(23) O: Old Generation Statistics:
[2026-01-06T22:07:04.975+0800][12.619s][info][gc,heap     ] GC(23) O:                Mark Start          Mark End        Relocate Start      Relocate End    
[2026-01-06T22:07:04.975+0800][12.619s][info][gc,heap     ] GC(23) O:      Used:        2M (0%)            2M (0%)            2M (0%)            2M (0%)     
[2026-01-06T22:07:04.975+0800][12.619s][info][gc,heap     ] GC(23) O:      Live:         -                 0M (0%)            0M (0%)            0M (0%)     
[2026-01-06T22:07:04.975+0800][12.619s][info][gc,heap     ] GC(23) O:   Garbage:         -                 1M (0%)            1M (0%)            1M (0%)     
[2026-01-06T22:07:04.975+0800][12.619s][info][gc,heap     ] GC(23) O: Allocated:         -                 0M (0%)            0M (0%)            0M (0%)     
[2026-01-06T22:07:04.975+0800][12.619s][info][gc,heap     ] GC(23) O: Reclaimed:         -                  -                 0M (0%)            0M (0%)     
[2026-01-06T22:07:04.975+0800][12.619s][info][gc,heap     ] GC(23) O: Compacted:         -                  -                  -                 0M (0%)     
[2026-01-06T22:07:04.975+0800][12.619s][info][gc,phases   ] GC(23) O: Old Generation 16M(0%)->26M(1%) 0.001s
[2026-01-06T22:07:04.975+0800][12.619s][info][gc          ] GC(23) Major Collection (Proactive) 3364M(82%)->26M(1%) 0.003s
[2026-01-06T22:07:05.319+0800][12.963s][info][gc          ] GC(24) Major Collection (Proactive)
[2026-01-06T22:07:05.319+0800][12.963s][info][gc,task     ] GC(24) Using 1 Workers for Young Generation
[2026-01-06T22:07:05.319+0800][12.963s][info][gc,task     ] GC(24) Using 1 Workers for Old Generation
[2026-01-06T22:07:05.319+0800][12.963s][info][gc,phases   ] GC(24) Y: Young Generation
[2026-01-06T22:07:05.319+0800][12.963s][info][gc,phases   ] GC(24) Y: Pause Mark Start (Major) 0.005ms
[2026-01-06T22:07:05.319+0800][12.963s][info][gc,phases   ] GC(24) Y: Concurrent Mark 0.226ms
[2026-01-06T22:07:05.319+0800][12.963s][info][gc,phases   ] GC(24) Y: Pause Mark End 0.004ms
[2026-01-06T22:07:05.319+0800][12.963s][info][gc,phases   ] GC(24) Y: Concurrent Mark Free 0.002ms
[2026-01-06T22:07:05.319+0800][12.963s][info][gc,phases   ] GC(24) Y: Concurrent Reset Relocation Set 0.000ms
[2026-01-06T22:07:05.320+0800][12.964s][info][gc,reloc    ] GC(24) Y: Using tenuring threshold: 1 (Computed)
[2026-01-06T22:07:05.320+0800][12.964s][info][gc,phases   ] GC(24) Y: Concurrent Select Relocation Set 0.515ms
[2026-01-06T22:07:05.320+0800][12.964s][info][gc,phases   ] GC(24) Y: Pause Relocate Start 0.004ms
[2026-01-06T22:07:05.320+0800][12.964s][info][gc,phases   ] GC(24) Y: Concurrent Relocate 0.017ms
[2026-01-06T22:07:05.320+0800][12.964s][info][gc,alloc    ] GC(24) Y:                         Mark Start        Mark End      Relocate Start    Relocate End   
[2026-01-06T22:07:05.320+0800][12.964s][info][gc,alloc    ] GC(24) Y: Allocation Stalls:          0                0                0                0         
[2026-01-06T22:07:05.320+0800][12.964s][info][gc,load     ] GC(24) Y: Load: 1.36 (14%) / 1.67 (17%) / 1.97 (20%)
[2026-01-06T22:07:05.320+0800][12.964s][info][gc,mmu      ] GC(24) Y: MMU: 2ms/97.4%, 5ms/98.6%, 10ms/99.3%, 20ms/99.5%, 50ms/99.8%, 100ms/99.9%
[2026-01-06T22:07:05.320+0800][12.964s][info][gc,marking  ] GC(24) Y: Mark: 1 stripe(s), 2 proactive flush(es), 1 terminate flush(es), 0 completion(s), 0 continuation(s) 
[2026-01-06T22:07:05.320+0800][12.964s][info][gc,nmethod  ] GC(24) Y: NMethods: 120 registered, 37 unregistered
[2026-01-06T22:07:05.320+0800][12.964s][info][gc,metaspace] GC(24) Y: Metaspace: 0M used, 0M committed, 1088M reserved
[2026-01-06T22:07:05.320+0800][12.964s][info][gc,reloc    ] GC(24) Y:                        Candidates     Selected     In-Place         Size        Empty    Relocated 
[2026-01-06T22:07:05.320+0800][12.964s][info][gc,reloc    ] GC(24) Y: Small Pages:                  916            0            0        1832M        1830M           0M 
[2026-01-06T22:07:05.320+0800][12.964s][info][gc,reloc    ] GC(24) Y: Medium Pages:                   0            0            0           0M           0M           0M 
[2026-01-06T22:07:05.320+0800][12.964s][info][gc,reloc    ] GC(24) Y: Large Pages:                    0            0            0           0M           0M           0M 
[2026-01-06T22:07:05.320+0800][12.964s][info][gc,reloc    ] GC(24) Y: Forwarding Usage: 0M
[2026-01-06T22:07:05.320+0800][12.964s][info][gc,reloc    ] GC(24) Y: Age Table:
[2026-01-06T22:07:05.320+0800][12.964s][info][gc,reloc    ] GC(24) Y:                    Live             Garbage             Small              Medium             Large        
[2026-01-06T22:07:05.320+0800][12.964s][info][gc,reloc    ] GC(24) Y: Eden               0M (0%)         1829M (45%)        915 / 0              0 / 0              0 / 0        
[2026-01-06T22:07:05.320+0800][12.964s][info][gc,reloc    ] GC(24) Y: Survivor 1          -                 2M (0%)           1 / 0              0 / 0              0 / 0        
[2026-01-06T22:07:05.320+0800][12.964s][info][gc,heap     ] GC(24) Y: Min Capacity: 8M(0%)
[2026-01-06T22:07:05.320+0800][12.964s][info][gc,heap     ] GC(24) Y: Max Capacity: 4096M(100%)
[2026-01-06T22:07:05.320+0800][12.964s][info][gc,heap     ] GC(24) Y: Soft Max Capacity: 3686M(90%)
[2026-01-06T22:07:05.320+0800][12.964s][info][gc,heap     ] GC(24) Y: Heap Statistics:
[2026-01-06T22:07:05.320+0800][12.964s][info][gc,heap     ] GC(24) Y:                Mark Start          Mark End        Relocate Start      Relocate End           High               Low         
[2026-01-06T22:07:05.320+0800][12.964s][info][gc,heap     ] GC(24) Y:  Capacity:     3498M (85%)        3498M (85%)        3498M (85%)        3498M (85%)        3498M (85%)        3498M (85%)    
[2026-01-06T22:07:05.320+0800][12.964s][info][gc,heap     ] GC(24) Y:      Free:     2262M (55%)        2260M (55%)        4086M (100%)       4086M (100%)       4088M (100%)       2260M (55%)    
[2026-01-06T22:07:05.320+0800][12.964s][info][gc,heap     ] GC(24) Y:      Used:     1834M (45%)        1836M (45%)          10M (0%)           10M (0%)         1836M (45%)           8M (0%)     
[2026-01-06T22:07:05.320+0800][12.964s][info][gc,heap     ] GC(24) Y: Young Generation Statistics:
[2026-01-06T22:07:05.320+0800][12.964s][info][gc,heap     ] GC(24) Y:                Mark Start          Mark End        Relocate Start      Relocate End    
[2026-01-06T22:07:05.320+0800][12.964s][info][gc,heap     ] GC(24) Y:      Used:     1832M (45%)        1834M (45%)           8M (0%)            8M (0%)     
[2026-01-06T22:07:05.320+0800][12.964s][info][gc,heap     ] GC(24) Y:      Live:         -                 0M (0%)            0M (0%)            0M (0%)     
[2026-01-06T22:07:05.320+0800][12.964s][info][gc,heap     ] GC(24) Y:   Garbage:         -              1831M (45%)           1M (0%)            1M (0%)     
[2026-01-06T22:07:05.320+0800][12.964s][info][gc,heap     ] GC(24) Y: Allocated:         -                 2M (0%)            6M (0%)            6M (0%)     
[2026-01-06T22:07:05.320+0800][12.964s][info][gc,heap     ] GC(24) Y: Reclaimed:         -                  -              1830M (45%)        1830M (45%)    
[2026-01-06T22:07:05.320+0800][12.964s][info][gc,heap     ] GC(24) Y:  Promoted:         -                  -                 0M (0%)            0M (0%)     
[2026-01-06T22:07:05.320+0800][12.964s][info][gc,heap     ] GC(24) Y: Compacted:         -                  -                  -                 0M (0%)     
[2026-01-06T22:07:05.320+0800][12.964s][info][gc,phases   ] GC(24) Y: Young Generation 1834M(45%)->10M(0%) 0.001s
[2026-01-06T22:07:05.320+0800][12.964s][info][gc,phases   ] GC(24) O: Old Generation
[2026-01-06T22:07:05.321+0800][12.965s][info][gc,phases   ] GC(24) O: Concurrent Mark 0.816ms
[2026-01-06T22:07:05.321+0800][12.965s][info][gc,phases   ] GC(24) O: Pause Mark End 0.004ms
[2026-01-06T22:07:05.321+0800][12.965s][info][gc,phases   ] GC(24) O: Concurrent Mark Free 0.001ms
[2026-01-06T22:07:05.321+0800][12.965s][info][gc,phases   ] GC(24) O: Concurrent Process Non-Strong 0.158ms
[2026-01-06T22:07:05.321+0800][12.965s][info][gc,phases   ] GC(24) O: Concurrent Reset Relocation Set 0.000ms
[2026-01-06T22:07:05.321+0800][12.965s][info][gc,phases   ] GC(24) O: Concurrent Select Relocation Set 0.020ms
[2026-01-06T22:07:05.321+0800][12.965s][info][gc,task     ] GC(24) O: Using 2 Workers for Old Generation
[2026-01-06T22:07:05.321+0800][12.965s][info][gc,task     ] GC(24) O: Using 1 Workers for Old Generation
[2026-01-06T22:07:05.321+0800][12.965s][info][gc,phases   ] GC(24) O: Concurrent Remap Roots 0.062ms
[2026-01-06T22:07:05.321+0800][12.965s][info][gc,phases   ] GC(24) O: Pause Relocate Start 0.002ms
[2026-01-06T22:07:05.321+0800][12.965s][info][gc,phases   ] GC(24) O: Concurrent Relocate 0.006ms
[2026-01-06T22:07:05.321+0800][12.965s][info][gc,alloc    ] GC(24) O:                         Mark Start        Mark End      Relocate Start    Relocate End   
[2026-01-06T22:07:05.321+0800][12.965s][info][gc,alloc    ] GC(24) O: Allocation Stalls:          0                0                0                0         
[2026-01-06T22:07:05.321+0800][12.965s][info][gc,load     ] GC(24) O: Load: 1.36 (14%) / 1.67 (17%) / 1.97 (20%)
[2026-01-06T22:07:05.321+0800][12.965s][info][gc,mmu      ] GC(24) O: MMU: 2ms/97.4%, 5ms/98.6%, 10ms/99.3%, 20ms/99.5%, 50ms/99.8%, 100ms/99.9%
[2026-01-06T22:07:05.321+0800][12.965s][info][gc,marking  ] GC(24) O: Mark: 1 stripe(s), 2 proactive flush(es), 1 terminate flush(es), 0 completion(s), 0 continuation(s) 
[2026-01-06T22:07:05.321+0800][12.965s][info][gc,nmethod  ] GC(24) O: NMethods: 120 registered, 37 unregistered
[2026-01-06T22:07:05.321+0800][12.965s][info][gc,metaspace] GC(24) O: Metaspace: 0M used, 0M committed, 1088M reserved
[2026-01-06T22:07:05.321+0800][12.965s][info][gc,ref      ] GC(24) O:                       Encountered   Discovered     Enqueued 
[2026-01-06T22:07:05.321+0800][12.965s][info][gc,ref      ] GC(24) O: Soft References:                1            0            0 
[2026-01-06T22:07:05.321+0800][12.965s][info][gc,ref      ] GC(24) O: Weak References:                6            0            0 
[2026-01-06T22:07:05.321+0800][12.965s][info][gc,ref      ] GC(24) O: Final References:               0            0            0 
[2026-01-06T22:07:05.321+0800][12.965s][info][gc,ref      ] GC(24) O: Phantom References:             1            1            0 
[2026-01-06T22:07:05.321+0800][12.965s][info][gc,reloc    ] GC(24) O:                        Candidates     Selected     In-Place         Size        Empty    Relocated 
[2026-01-06T22:07:05.321+0800][12.965s][info][gc,reloc    ] GC(24) O: Small Pages:                    1            0            0           2M           0M           0M 
[2026-01-06T22:07:05.321+0800][12.965s][info][gc,reloc    ] GC(24) O: Medium Pages:                   0            0            0           0M           0M           0M 
[2026-01-06T22:07:05.321+0800][12.965s][info][gc,reloc    ] GC(24) O: Large Pages:                    0            0            0           0M           0M           0M 
[2026-01-06T22:07:05.321+0800][12.965s][info][gc,reloc    ] GC(24) O: Forwarding Usage: 0M
[2026-01-06T22:07:05.321+0800][12.965s][info][gc,heap     ] GC(24) O: Min Capacity: 8M(0%)
[2026-01-06T22:07:05.321+0800][12.965s][info][gc,heap     ] GC(24) O: Max Capacity: 4096M(100%)
[2026-01-06T22:07:05.321+0800][12.965s][info][gc,heap     ] GC(24) O: Soft Max Capacity: 3686M(90%)
[2026-01-06T22:07:05.321+0800][12.965s][info][gc,heap     ] GC(24) O: Heap Statistics:
[2026-01-06T22:07:05.321+0800][12.965s][info][gc,heap     ] GC(24) O:                Mark Start          Mark End        Relocate Start      Relocate End           High               Low         
[2026-01-06T22:07:05.321+0800][12.965s][info][gc,heap     ] GC(24) O:  Capacity:     3498M (85%)        3498M (85%)        3498M (85%)        3498M (85%)        3498M (85%)        3498M (85%)    
[2026-01-06T22:07:05.321+0800][12.965s][info][gc,heap     ] GC(24) O:      Free:     2262M (55%)        4072M (99%)        4068M (99%)        4068M (99%)        4088M (100%)       2260M (55%)    
[2026-01-06T22:07:05.321+0800][12.965s][info][gc,heap     ] GC(24) O:      Used:     1834M (45%)          24M (1%)           28M (1%)           28M (1%)         1836M (45%)           8M (0%)     
[2026-01-06T22:07:05.321+0800][12.965s][info][gc,heap     ] GC(24) O: Old Generation Statistics:
[2026-01-06T22:07:05.321+0800][12.965s][info][gc,heap     ] GC(24) O:                Mark Start          Mark End        Relocate Start      Relocate End    
[2026-01-06T22:07:05.321+0800][12.965s][info][gc,heap     ] GC(24) O:      Used:        2M (0%)            2M (0%)            2M (0%)            2M (0%)     
[2026-01-06T22:07:05.321+0800][12.965s][info][gc,heap     ] GC(24) O:      Live:         -                 0M (0%)            0M (0%)            0M (0%)     
[2026-01-06T22:07:05.321+0800][12.965s][info][gc,heap     ] GC(24) O:   Garbage:         -                 1M (0%)            1M (0%)            1M (0%)     
[2026-01-06T22:07:05.321+0800][12.965s][info][gc,heap     ] GC(24) O: Allocated:         -                 0M (0%)            0M (0%)            0M (0%)     
[2026-01-06T22:07:05.321+0800][12.965s][info][gc,heap     ] GC(24) O: Reclaimed:         -                  -                 0M (0%)            0M (0%)     
[2026-01-06T22:07:05.321+0800][12.965s][info][gc,heap     ] GC(24) O: Compacted:         -                  -                  -                 0M (0%)     
[2026-01-06T22:07:05.321+0800][12.965s][info][gc,phases   ] GC(24) O: Old Generation 12M(0%)->28M(1%) 0.001s
[2026-01-06T22:07:05.321+0800][12.965s][info][gc          ] GC(24) Major Collection (Proactive) 1834M(45%)->30M(1%) 0.003s
[2026-01-06T22:07:05.590+0800][13.234s][info][gc          ] GC(25) Major Collection (Proactive)
[2026-01-06T22:07:05.590+0800][13.234s][info][gc,task     ] GC(25) Using 1 Workers for Young Generation
[2026-01-06T22:07:05.590+0800][13.234s][info][gc,task     ] GC(25) Using 1 Workers for Old Generation
[2026-01-06T22:07:05.590+0800][13.234s][info][gc,phases   ] GC(25) Y: Young Generation
[2026-01-06T22:07:05.590+0800][13.234s][info][gc,phases   ] GC(25) Y: Pause Mark Start (Major) 0.006ms
[2026-01-06T22:07:05.590+0800][13.234s][info][gc,phases   ] GC(25) Y: Concurrent Mark 0.255ms
[2026-01-06T22:07:05.590+0800][13.234s][info][gc,phases   ] GC(25) Y: Pause Mark End 0.004ms
[2026-01-06T22:07:05.590+0800][13.234s][info][gc,phases   ] GC(25) Y: Concurrent Mark Free 0.001ms
[2026-01-06T22:07:05.590+0800][13.234s][info][gc,phases   ] GC(25) Y: Concurrent Reset Relocation Set 0.000ms
[2026-01-06T22:07:05.590+0800][13.234s][info][gc,reloc    ] GC(25) Y: Using tenuring threshold: 1 (Computed)
[2026-01-06T22:07:05.590+0800][13.234s][info][gc,phases   ] GC(25) Y: Concurrent Select Relocation Set 0.236ms
[2026-01-06T22:07:05.591+0800][13.234s][info][gc,phases   ] GC(25) Y: Pause Relocate Start 0.002ms
[2026-01-06T22:07:05.591+0800][13.234s][info][gc,phases   ] GC(25) Y: Concurrent Relocate 0.021ms
[2026-01-06T22:07:05.591+0800][13.234s][info][gc,alloc    ] GC(25) Y:                         Mark Start        Mark End      Relocate Start    Relocate End   
[2026-01-06T22:07:05.591+0800][13.234s][info][gc,alloc    ] GC(25) Y: Allocation Stalls:          0                0                0                0         
[2026-01-06T22:07:05.591+0800][13.234s][info][gc,load     ] GC(25) Y: Load: 1.36 (14%) / 1.67 (17%) / 1.97 (20%)
[2026-01-06T22:07:05.591+0800][13.234s][info][gc,mmu      ] GC(25) Y: MMU: 2ms/97.4%, 5ms/98.6%, 10ms/99.3%, 20ms/99.5%, 50ms/99.8%, 100ms/99.9%
[2026-01-06T22:07:05.591+0800][13.234s][info][gc,marking  ] GC(25) Y: Mark: 1 stripe(s), 2 proactive flush(es), 1 terminate flush(es), 0 completion(s), 0 continuation(s) 
[2026-01-06T22:07:05.591+0800][13.234s][info][gc,nmethod  ] GC(25) Y: NMethods: 120 registered, 37 unregistered
[2026-01-06T22:07:05.591+0800][13.234s][info][gc,metaspace] GC(25) Y: Metaspace: 0M used, 0M committed, 1088M reserved
[2026-01-06T22:07:05.591+0800][13.234s][info][gc,reloc    ] GC(25) Y:                        Candidates     Selected     In-Place         Size        Empty    Relocated 
[2026-01-06T22:07:05.591+0800][13.234s][info][gc,reloc    ] GC(25) Y: Small Pages:                  931            0            0        1862M        1860M           0M 
[2026-01-06T22:07:05.591+0800][13.234s][info][gc,reloc    ] GC(25) Y: Medium Pages:                   0            0            0           0M           0M           0M 
[2026-01-06T22:07:05.591+0800][13.234s][info][gc,reloc    ] GC(25) Y: Large Pages:                    0            0            0           0M           0M           0M 
[2026-01-06T22:07:05.591+0800][13.234s][info][gc,reloc    ] GC(25) Y: Forwarding Usage: 0M
[2026-01-06T22:07:05.591+0800][13.234s][info][gc,reloc    ] GC(25) Y: Age Table:
[2026-01-06T22:07:05.591+0800][13.234s][info][gc,reloc    ] GC(25) Y:                    Live             Garbage             Small              Medium             Large        
[2026-01-06T22:07:05.591+0800][13.234s][info][gc,reloc    ] GC(25) Y: Eden               0M (0%)         1859M (45%)        930 / 0              0 / 0              0 / 0        
[2026-01-06T22:07:05.591+0800][13.234s][info][gc,reloc    ] GC(25) Y: Survivor 1          -                 2M (0%)           1 / 0              0 / 0              0 / 0        
[2026-01-06T22:07:05.591+0800][13.234s][info][gc,heap     ] GC(25) Y: Min Capacity: 8M(0%)
[2026-01-06T22:07:05.591+0800][13.234s][info][gc,heap     ] GC(25) Y: Max Capacity: 4096M(100%)
[2026-01-06T22:07:05.591+0800][13.234s][info][gc,heap     ] GC(25) Y: Soft Max Capacity: 3686M(90%)
[2026-01-06T22:07:05.591+0800][13.234s][info][gc,heap     ] GC(25) Y: Heap Statistics:
[2026-01-06T22:07:05.591+0800][13.234s][info][gc,heap     ] GC(25) Y:                Mark Start          Mark End        Relocate Start      Relocate End           High               Low         
[2026-01-06T22:07:05.591+0800][13.234s][info][gc,heap     ] GC(25) Y:  Capacity:     3498M (85%)        3498M (85%)        3498M (85%)        3498M (85%)        3498M (85%)        3498M (85%)    
[2026-01-06T22:07:05.591+0800][13.234s][info][gc,heap     ] GC(25) Y:      Free:     2232M (54%)        2230M (54%)        4086M (100%)       4086M (100%)       4088M (100%)       2230M (54%)    
[2026-01-06T22:07:05.591+0800][13.234s][info][gc,heap     ] GC(25) Y:      Used:     1864M (46%)        1866M (46%)          10M (0%)           10M (0%)         1866M (46%)           8M (0%)     
[2026-01-06T22:07:05.591+0800][13.234s][info][gc,heap     ] GC(25) Y: Young Generation Statistics:
[2026-01-06T22:07:05.591+0800][13.234s][info][gc,heap     ] GC(25) Y:                Mark Start          Mark End        Relocate Start      Relocate End    
[2026-01-06T22:07:05.591+0800][13.234s][info][gc,heap     ] GC(25) Y:      Used:     1862M (45%)        1864M (46%)           8M (0%)            8M (0%)     
[2026-01-06T22:07:05.591+0800][13.234s][info][gc,heap     ] GC(25) Y:      Live:         -                 0M (0%)            0M (0%)            0M (0%)     
[2026-01-06T22:07:05.591+0800][13.234s][info][gc,heap     ] GC(25) Y:   Garbage:         -              1861M (45%)           1M (0%)            1M (0%)     
[2026-01-06T22:07:05.591+0800][13.234s][info][gc,heap     ] GC(25) Y: Allocated:         -                 2M (0%)            6M (0%)            6M (0%)     
[2026-01-06T22:07:05.591+0800][13.234s][info][gc,heap     ] GC(25) Y: Reclaimed:         -                  -              1860M (45%)        1860M (45%)    
[2026-01-06T22:07:05.591+0800][13.234s][info][gc,heap     ] GC(25) Y:  Promoted:         -                  -                 0M (0%)            0M (0%)     
[2026-01-06T22:07:05.591+0800][13.234s][info][gc,heap     ] GC(25) Y: Compacted:         -                  -                  -                 0M (0%)     
[2026-01-06T22:07:05.591+0800][13.234s][info][gc,phases   ] GC(25) Y: Young Generation 1864M(46%)->10M(0%) 0.001s
[2026-01-06T22:07:05.591+0800][13.234s][info][gc,phases   ] GC(25) O: Old Generation
[2026-01-06T22:07:05.591+0800][13.235s][info][gc,phases   ] GC(25) O: Concurrent Mark 0.771ms
[2026-01-06T22:07:05.591+0800][13.235s][info][gc,phases   ] GC(25) O: Pause Mark End 0.004ms
[2026-01-06T22:07:05.591+0800][13.235s][info][gc,phases   ] GC(25) O: Concurrent Mark Free 0.000ms
[2026-01-06T22:07:05.592+0800][13.235s][info][gc,phases   ] GC(25) O: Concurrent Process Non-Strong 0.158ms
[2026-01-06T22:07:05.592+0800][13.235s][info][gc,phases   ] GC(25) O: Concurrent Reset Relocation Set 0.000ms
[2026-01-06T22:07:05.592+0800][13.235s][info][gc,phases   ] GC(25) O: Concurrent Select Relocation Set 0.017ms
[2026-01-06T22:07:05.592+0800][13.235s][info][gc,task     ] GC(25) O: Using 2 Workers for Old Generation
[2026-01-06T22:07:05.592+0800][13.236s][info][gc,task     ] GC(25) O: Using 1 Workers for Old Generation
[2026-01-06T22:07:05.592+0800][13.236s][info][gc,phases   ] GC(25) O: Concurrent Remap Roots 0.058ms
[2026-01-06T22:07:05.592+0800][13.236s][info][gc,phases   ] GC(25) O: Pause Relocate Start 0.002ms
[2026-01-06T22:07:05.592+0800][13.236s][info][gc,phases   ] GC(25) O: Concurrent Relocate 0.017ms
[2026-01-06T22:07:05.592+0800][13.236s][info][gc,alloc    ] GC(25) O:                         Mark Start        Mark End      Relocate Start    Relocate End   
[2026-01-06T22:07:05.592+0800][13.236s][info][gc,alloc    ] GC(25) O: Allocation Stalls:          0                0                0                0         
[2026-01-06T22:07:05.592+0800][13.236s][info][gc,load     ] GC(25) O: Load: 1.36 (14%) / 1.67 (17%) / 1.97 (20%)
[2026-01-06T22:07:05.592+0800][13.236s][info][gc,mmu      ] GC(25) O: MMU: 2ms/97.4%, 5ms/98.6%, 10ms/99.3%, 20ms/99.5%, 50ms/99.8%, 100ms/99.9%
[2026-01-06T22:07:05.592+0800][13.236s][info][gc,marking  ] GC(25) O: Mark: 1 stripe(s), 2 proactive flush(es), 1 terminate flush(es), 0 completion(s), 0 continuation(s) 
[2026-01-06T22:07:05.592+0800][13.236s][info][gc,nmethod  ] GC(25) O: NMethods: 120 registered, 37 unregistered
[2026-01-06T22:07:05.592+0800][13.236s][info][gc,metaspace] GC(25) O: Metaspace: 0M used, 0M committed, 1088M reserved
[2026-01-06T22:07:05.592+0800][13.236s][info][gc,ref      ] GC(25) O:                       Encountered   Discovered     Enqueued 
[2026-01-06T22:07:05.592+0800][13.236s][info][gc,ref      ] GC(25) O: Soft References:                1            0            0 
[2026-01-06T22:07:05.592+0800][13.236s][info][gc,ref      ] GC(25) O: Weak References:                6            0            0 
[2026-01-06T22:07:05.592+0800][13.236s][info][gc,ref      ] GC(25) O: Final References:               0            0            0 
[2026-01-06T22:07:05.592+0800][13.236s][info][gc,ref      ] GC(25) O: Phantom References:             1            1            0 
[2026-01-06T22:07:05.592+0800][13.236s][info][gc,reloc    ] GC(25) O:                        Candidates     Selected     In-Place         Size        Empty    Relocated 
[2026-01-06T22:07:05.592+0800][13.236s][info][gc,reloc    ] GC(25) O: Small Pages:                    1            0            0           2M           0M           0M 
[2026-01-06T22:07:05.592+0800][13.236s][info][gc,reloc    ] GC(25) O: Medium Pages:                   0            0            0           0M           0M           0M 
[2026-01-06T22:07:05.592+0800][13.236s][info][gc,reloc    ] GC(25) O: Large Pages:                    0            0            0           0M           0M           0M 
[2026-01-06T22:07:05.592+0800][13.236s][info][gc,reloc    ] GC(25) O: Forwarding Usage: 0M
[2026-01-06T22:07:05.592+0800][13.236s][info][gc,heap     ] GC(25) O: Min Capacity: 8M(0%)
[2026-01-06T22:07:05.592+0800][13.236s][info][gc,heap     ] GC(25) O: Max Capacity: 4096M(100%)
[2026-01-06T22:07:05.592+0800][13.236s][info][gc,heap     ] GC(25) O: Soft Max Capacity: 3686M(90%)
[2026-01-06T22:07:05.592+0800][13.236s][info][gc,heap     ] GC(25) O: Heap Statistics:
[2026-01-06T22:07:05.592+0800][13.236s][info][gc,heap     ] GC(25) O:                Mark Start          Mark End        Relocate Start      Relocate End           High               Low         
[2026-01-06T22:07:05.592+0800][13.236s][info][gc,heap     ] GC(25) O:  Capacity:     3498M (85%)        3498M (85%)        3498M (85%)        3498M (85%)        3498M (85%)        3498M (85%)    
[2026-01-06T22:07:05.592+0800][13.236s][info][gc,heap     ] GC(25) O:      Free:     2232M (54%)        4070M (99%)        4068M (99%)        4068M (99%)        4088M (100%)       2230M (54%)    
[2026-01-06T22:07:05.592+0800][13.236s][info][gc,heap     ] GC(25) O:      Used:     1864M (46%)          26M (1%)           28M (1%)           28M (1%)         1866M (46%)           8M (0%)     
[2026-01-06T22:07:05.592+0800][13.236s][info][gc,heap     ] GC(25) O: Old Generation Statistics:
[2026-01-06T22:07:05.592+0800][13.236s][info][gc,heap     ] GC(25) O:                Mark Start          Mark End        Relocate Start      Relocate End    
[2026-01-06T22:07:05.592+0800][13.236s][info][gc,heap     ] GC(25) O:      Used:        2M (0%)            2M (0%)            2M (0%)            2M (0%)     
[2026-01-06T22:07:05.592+0800][13.236s][info][gc,heap     ] GC(25) O:      Live:         -                 0M (0%)            0M (0%)            0M (0%)     
[2026-01-06T22:07:05.592+0800][13.236s][info][gc,heap     ] GC(25) O:   Garbage:         -                 1M (0%)            1M (0%)            1M (0%)     
[2026-01-06T22:07:05.592+0800][13.236s][info][gc,heap     ] GC(25) O: Allocated:         -                 0M (0%)            0M (0%)            0M (0%)     
[2026-01-06T22:07:05.592+0800][13.236s][info][gc,heap     ] GC(25) O: Reclaimed:         -                  -                 0M (0%)            0M (0%)     
[2026-01-06T22:07:05.592+0800][13.236s][info][gc,heap     ] GC(25) O: Compacted:         -                  -                  -                 0M (0%)     
[2026-01-06T22:07:05.592+0800][13.236s][info][gc,phases   ] GC(25) O: Old Generation 12M(0%)->28M(1%) 0.001s
[2026-01-06T22:07:05.592+0800][13.236s][info][gc          ] GC(25) Major Collection (Proactive) 1864M(46%)->30M(1%) 0.002s
[2026-01-06T22:07:05.795+0800][13.439s][info][gc          ] GC(26) Major Collection (Proactive)
[2026-01-06T22:07:05.796+0800][13.439s][info][gc,task     ] GC(26) Using 1 Workers for Young Generation
[2026-01-06T22:07:05.796+0800][13.439s][info][gc,task     ] GC(26) Using 1 Workers for Old Generation
[2026-01-06T22:07:05.796+0800][13.440s][info][gc,phases   ] GC(26) Y: Young Generation
[2026-01-06T22:07:05.796+0800][13.440s][info][gc,phases   ] GC(26) Y: Pause Mark Start (Major) 0.009ms
[2026-01-06T22:07:05.796+0800][13.440s][info][gc,phases   ] GC(26) Y: Concurrent Mark 0.243ms
[2026-01-06T22:07:05.796+0800][13.440s][info][gc,phases   ] GC(26) Y: Pause Mark End 0.003ms
[2026-01-06T22:07:05.796+0800][13.440s][info][gc,phases   ] GC(26) Y: Concurrent Mark Free 0.002ms
[2026-01-06T22:07:05.796+0800][13.440s][info][gc,phases   ] GC(26) Y: Concurrent Reset Relocation Set 0.000ms
[2026-01-06T22:07:05.797+0800][13.440s][info][gc,reloc    ] GC(26) Y: Using tenuring threshold: 1 (Computed)
[2026-01-06T22:07:05.797+0800][13.440s][info][gc,phases   ] GC(26) Y: Concurrent Select Relocation Set 0.533ms
[2026-01-06T22:07:05.797+0800][13.440s][info][gc,phases   ] GC(26) Y: Pause Relocate Start 0.002ms
[2026-01-06T22:07:05.797+0800][13.440s][info][gc,phases   ] GC(26) Y: Concurrent Relocate 0.010ms
[2026-01-06T22:07:05.797+0800][13.441s][info][gc,alloc    ] GC(26) Y:                         Mark Start        Mark End      Relocate Start    Relocate End   
[2026-01-06T22:07:05.797+0800][13.441s][info][gc,alloc    ] GC(26) Y: Allocation Stalls:          0                0                0                0         
[2026-01-06T22:07:05.797+0800][13.441s][info][gc,load     ] GC(26) Y: Load: 1.36 (14%) / 1.67 (17%) / 1.97 (20%)
[2026-01-06T22:07:05.797+0800][13.441s][info][gc,mmu      ] GC(26) Y: MMU: 2ms/97.4%, 5ms/98.6%, 10ms/99.3%, 20ms/99.5%, 50ms/99.8%, 100ms/99.9%
[2026-01-06T22:07:05.797+0800][13.441s][info][gc,marking  ] GC(26) Y: Mark: 1 stripe(s), 2 proactive flush(es), 1 terminate flush(es), 0 completion(s), 0 continuation(s) 
[2026-01-06T22:07:05.797+0800][13.441s][info][gc,nmethod  ] GC(26) Y: NMethods: 120 registered, 37 unregistered
[2026-01-06T22:07:05.797+0800][13.441s][info][gc,metaspace] GC(26) Y: Metaspace: 0M used, 0M committed, 1088M reserved
[2026-01-06T22:07:05.797+0800][13.441s][info][gc,reloc    ] GC(26) Y:                        Candidates     Selected     In-Place         Size        Empty    Relocated 
[2026-01-06T22:07:05.797+0800][13.441s][info][gc,reloc    ] GC(26) Y: Small Pages:                 1172            0            0        2344M        2342M           0M 
[2026-01-06T22:07:05.797+0800][13.441s][info][gc,reloc    ] GC(26) Y: Medium Pages:                   0            0            0           0M           0M           0M 
[2026-01-06T22:07:05.797+0800][13.441s][info][gc,reloc    ] GC(26) Y: Large Pages:                    0            0            0           0M           0M           0M 
[2026-01-06T22:07:05.797+0800][13.441s][info][gc,reloc    ] GC(26) Y: Forwarding Usage: 0M
[2026-01-06T22:07:05.797+0800][13.441s][info][gc,reloc    ] GC(26) Y: Age Table:
[2026-01-06T22:07:05.797+0800][13.441s][info][gc,reloc    ] GC(26) Y:                    Live             Garbage             Small              Medium             Large        
[2026-01-06T22:07:05.797+0800][13.441s][info][gc,reloc    ] GC(26) Y: Eden               0M (0%)         2341M (57%)       1171 / 0              0 / 0              0 / 0        
[2026-01-06T22:07:05.797+0800][13.441s][info][gc,reloc    ] GC(26) Y: Survivor 1          -                 2M (0%)           1 / 0              0 / 0              0 / 0        
[2026-01-06T22:07:05.797+0800][13.441s][info][gc,heap     ] GC(26) Y: Min Capacity: 8M(0%)
[2026-01-06T22:07:05.797+0800][13.441s][info][gc,heap     ] GC(26) Y: Max Capacity: 4096M(100%)
[2026-01-06T22:07:05.797+0800][13.441s][info][gc,heap     ] GC(26) Y: Soft Max Capacity: 3686M(90%)
[2026-01-06T22:07:05.797+0800][13.441s][info][gc,heap     ] GC(26) Y: Heap Statistics:
[2026-01-06T22:07:05.797+0800][13.441s][info][gc,heap     ] GC(26) Y:                Mark Start          Mark End        Relocate Start      Relocate End           High               Low         
[2026-01-06T22:07:05.797+0800][13.441s][info][gc,heap     ] GC(26) Y:  Capacity:     3498M (85%)        3498M (85%)        3498M (85%)        3498M (85%)        3498M (85%)        3498M (85%)    
[2026-01-06T22:07:05.797+0800][13.441s][info][gc,heap     ] GC(26) Y:      Free:     1750M (43%)        1748M (43%)        4086M (100%)       4086M (100%)       4086M (100%)       1748M (43%)    
[2026-01-06T22:07:05.797+0800][13.441s][info][gc,heap     ] GC(26) Y:      Used:     2346M (57%)        2348M (57%)          10M (0%)           10M (0%)         2348M (57%)          10M (0%)     
[2026-01-06T22:07:05.797+0800][13.441s][info][gc,heap     ] GC(26) Y: Young Generation Statistics:
[2026-01-06T22:07:05.797+0800][13.441s][info][gc,heap     ] GC(26) Y:                Mark Start          Mark End        Relocate Start      Relocate End    
[2026-01-06T22:07:05.797+0800][13.441s][info][gc,heap     ] GC(26) Y:      Used:     2344M (57%)        2346M (57%)           8M (0%)            8M (0%)     
[2026-01-06T22:07:05.797+0800][13.441s][info][gc,heap     ] GC(26) Y:      Live:         -                 0M (0%)            0M (0%)            0M (0%)     
[2026-01-06T22:07:05.797+0800][13.441s][info][gc,heap     ] GC(26) Y:   Garbage:         -              2343M (57%)           1M (0%)            1M (0%)     
[2026-01-06T22:07:05.797+0800][13.441s][info][gc,heap     ] GC(26) Y: Allocated:         -                 2M (0%)            6M (0%)            6M (0%)     
[2026-01-06T22:07:05.797+0800][13.441s][info][gc,heap     ] GC(26) Y: Reclaimed:         -                  -              2342M (57%)        2342M (57%)    
[2026-01-06T22:07:05.797+0800][13.441s][info][gc,heap     ] GC(26) Y:  Promoted:         -                  -                 0M (0%)            0M (0%)     
[2026-01-06T22:07:05.797+0800][13.441s][info][gc,heap     ] GC(26) Y: Compacted:         -                  -                  -                 0M (0%)     
[2026-01-06T22:07:05.797+0800][13.441s][info][gc,phases   ] GC(26) Y: Young Generation 2346M(57%)->10M(0%) 0.001s
[2026-01-06T22:07:05.797+0800][13.441s][info][gc,phases   ] GC(26) O: Old Generation
[2026-01-06T22:07:05.797+0800][13.441s][info][gc,phases   ] GC(26) O: Concurrent Mark 0.607ms
[2026-01-06T22:07:05.797+0800][13.441s][info][gc,phases   ] GC(26) O: Pause Mark End 0.003ms
[2026-01-06T22:07:05.797+0800][13.441s][info][gc,phases   ] GC(26) O: Concurrent Mark Free 0.001ms
[2026-01-06T22:07:05.798+0800][13.441s][info][gc,phases   ] GC(26) O: Concurrent Process Non-Strong 0.132ms
[2026-01-06T22:07:05.798+0800][13.441s][info][gc,phases   ] GC(26) O: Concurrent Reset Relocation Set 0.000ms
[2026-01-06T22:07:05.798+0800][13.441s][info][gc,phases   ] GC(26) O: Concurrent Select Relocation Set 0.016ms
[2026-01-06T22:07:05.798+0800][13.441s][info][gc,task     ] GC(26) O: Using 2 Workers for Old Generation
[2026-01-06T22:07:05.798+0800][13.442s][info][gc,task     ] GC(26) O: Using 1 Workers for Old Generation
[2026-01-06T22:07:05.798+0800][13.442s][info][gc,phases   ] GC(26) O: Concurrent Remap Roots 0.057ms
[2026-01-06T22:07:05.798+0800][13.442s][info][gc,phases   ] GC(26) O: Pause Relocate Start 0.002ms
[2026-01-06T22:07:05.798+0800][13.442s][info][gc,phases   ] GC(26) O: Concurrent Relocate 0.009ms
[2026-01-06T22:07:05.798+0800][13.442s][info][gc,alloc    ] GC(26) O:                         Mark Start        Mark End      Relocate Start    Relocate End   
[2026-01-06T22:07:05.798+0800][13.442s][info][gc,alloc    ] GC(26) O: Allocation Stalls:          0                0                0                0         
[2026-01-06T22:07:05.798+0800][13.442s][info][gc,load     ] GC(26) O: Load: 1.36 (14%) / 1.67 (17%) / 1.97 (20%)
[2026-01-06T22:07:05.798+0800][13.442s][info][gc,mmu      ] GC(26) O: MMU: 2ms/97.4%, 5ms/98.6%, 10ms/99.3%, 20ms/99.5%, 50ms/99.8%, 100ms/99.9%
[2026-01-06T22:07:05.798+0800][13.442s][info][gc,marking  ] GC(26) O: Mark: 1 stripe(s), 2 proactive flush(es), 1 terminate flush(es), 0 completion(s), 0 continuation(s) 
[2026-01-06T22:07:05.798+0800][13.442s][info][gc,nmethod  ] GC(26) O: NMethods: 120 registered, 37 unregistered
[2026-01-06T22:07:05.798+0800][13.442s][info][gc,metaspace] GC(26) O: Metaspace: 0M used, 0M committed, 1088M reserved
[2026-01-06T22:07:05.798+0800][13.442s][info][gc,ref      ] GC(26) O:                       Encountered   Discovered     Enqueued 
[2026-01-06T22:07:05.798+0800][13.442s][info][gc,ref      ] GC(26) O: Soft References:                1            0            0 
[2026-01-06T22:07:05.798+0800][13.442s][info][gc,ref      ] GC(26) O: Weak References:                6            0            0 
[2026-01-06T22:07:05.798+0800][13.442s][info][gc,ref      ] GC(26) O: Final References:               0            0            0 
[2026-01-06T22:07:05.798+0800][13.442s][info][gc,ref      ] GC(26) O: Phantom References:             1            1            0 
[2026-01-06T22:07:05.798+0800][13.442s][info][gc,reloc    ] GC(26) O:                        Candidates     Selected     In-Place         Size        Empty    Relocated 
[2026-01-06T22:07:05.798+0800][13.442s][info][gc,reloc    ] GC(26) O: Small Pages:                    1            0            0           2M           0M           0M 
[2026-01-06T22:07:05.798+0800][13.442s][info][gc,reloc    ] GC(26) O: Medium Pages:                   0            0            0           0M           0M           0M 
[2026-01-06T22:07:05.798+0800][13.442s][info][gc,reloc    ] GC(26) O: Large Pages:                    0            0            0           0M           0M           0M 
[2026-01-06T22:07:05.798+0800][13.442s][info][gc,reloc    ] GC(26) O: Forwarding Usage: 0M
[2026-01-06T22:07:05.798+0800][13.442s][info][gc,heap     ] GC(26) O: Min Capacity: 8M(0%)
[2026-01-06T22:07:05.798+0800][13.442s][info][gc,heap     ] GC(26) O: Max Capacity: 4096M(100%)
[2026-01-06T22:07:05.798+0800][13.442s][info][gc,heap     ] GC(26) O: Soft Max Capacity: 3686M(90%)
[2026-01-06T22:07:05.798+0800][13.442s][info][gc,heap     ] GC(26) O: Heap Statistics:
[2026-01-06T22:07:05.798+0800][13.442s][info][gc,heap     ] GC(26) O:                Mark Start          Mark End        Relocate Start      Relocate End           High               Low         
[2026-01-06T22:07:05.798+0800][13.442s][info][gc,heap     ] GC(26) O:  Capacity:     3498M (85%)        3498M (85%)        3498M (85%)        3498M (85%)        3498M (85%)        3498M (85%)    
[2026-01-06T22:07:05.798+0800][13.442s][info][gc,heap     ] GC(26) O:      Free:     1750M (43%)        4080M (100%)       4078M (100%)       4078M (100%)       4086M (100%)       1748M (43%)    
[2026-01-06T22:07:05.798+0800][13.442s][info][gc,heap     ] GC(26) O:      Used:     2346M (57%)          16M (0%)           18M (0%)           18M (0%)         2348M (57%)          10M (0%)     
[2026-01-06T22:07:05.798+0800][13.442s][info][gc,heap     ] GC(26) O: Old Generation Statistics:
[2026-01-06T22:07:05.798+0800][13.442s][info][gc,heap     ] GC(26) O:                Mark Start          Mark End        Relocate Start      Relocate End    
[2026-01-06T22:07:05.798+0800][13.442s][info][gc,heap     ] GC(26) O:      Used:        2M (0%)            2M (0%)            2M (0%)            2M (0%)     
[2026-01-06T22:07:05.798+0800][13.442s][info][gc,heap     ] GC(26) O:      Live:         -                 0M (0%)            0M (0%)            0M (0%)     
[2026-01-06T22:07:05.798+0800][13.442s][info][gc,heap     ] GC(26) O:   Garbage:         -                 1M (0%)            1M (0%)            1M (0%)     
[2026-01-06T22:07:05.798+0800][13.442s][info][gc,heap     ] GC(26) O: Allocated:         -                 0M (0%)            0M (0%)            0M (0%)     
[2026-01-06T22:07:05.798+0800][13.442s][info][gc,heap     ] GC(26) O: Reclaimed:         -                  -                 0M (0%)            0M (0%)     
[2026-01-06T22:07:05.798+0800][13.442s][info][gc,heap     ] GC(26) O: Compacted:         -                  -                  -                 0M (0%)     
[2026-01-06T22:07:05.798+0800][13.442s][info][gc,phases   ] GC(26) O: Old Generation 12M(0%)->18M(0%) 0.001s
[2026-01-06T22:07:05.798+0800][13.442s][info][gc          ] GC(26) Major Collection (Proactive) 2344M(57%)->18M(0%) 0.003s
[2026-01-06T22:07:05.961+0800][13.605s][info][gc          ] GC(27) Major Collection (Proactive)
[2026-01-06T22:07:05.961+0800][13.605s][info][gc,task     ] GC(27) Using 1 Workers for Young Generation
[2026-01-06T22:07:05.961+0800][13.605s][info][gc,task     ] GC(27) Using 1 Workers for Old Generation
[2026-01-06T22:07:05.961+0800][13.605s][info][gc,phases   ] GC(27) Y: Young Generation
[2026-01-06T22:07:05.961+0800][13.605s][info][gc,phases   ] GC(27) Y: Pause Mark Start (Major) 0.005ms
[2026-01-06T22:07:05.962+0800][13.605s][info][gc,phases   ] GC(27) Y: Concurrent Mark 0.215ms
[2026-01-06T22:07:05.962+0800][13.605s][info][gc,phases   ] GC(27) Y: Pause Mark End 0.004ms
[2026-01-06T22:07:05.962+0800][13.605s][info][gc,phases   ] GC(27) Y: Concurrent Mark Free 0.001ms
[2026-01-06T22:07:05.962+0800][13.605s][info][gc,phases   ] GC(27) Y: Concurrent Reset Relocation Set 0.000ms
[2026-01-06T22:07:05.962+0800][13.606s][info][gc,reloc    ] GC(27) Y: Using tenuring threshold: 1 (Computed)
[2026-01-06T22:07:05.962+0800][13.606s][info][gc,phases   ] GC(27) Y: Concurrent Select Relocation Set 0.168ms
[2026-01-06T22:07:05.962+0800][13.606s][info][gc,phases   ] GC(27) Y: Pause Relocate Start 0.002ms
[2026-01-06T22:07:05.962+0800][13.606s][info][gc,phases   ] GC(27) Y: Concurrent Relocate 0.013ms
[2026-01-06T22:07:05.962+0800][13.606s][info][gc,alloc    ] GC(27) Y:                         Mark Start        Mark End      Relocate Start    Relocate End   
[2026-01-06T22:07:05.962+0800][13.606s][info][gc,alloc    ] GC(27) Y: Allocation Stalls:          0                0                0                0         
[2026-01-06T22:07:05.962+0800][13.606s][info][gc,load     ] GC(27) Y: Load: 1.36 (14%) / 1.67 (17%) / 1.97 (20%)
[2026-01-06T22:07:05.962+0800][13.606s][info][gc,mmu      ] GC(27) Y: MMU: 2ms/97.4%, 5ms/98.6%, 10ms/99.3%, 20ms/99.5%, 50ms/99.8%, 100ms/99.9%
[2026-01-06T22:07:05.962+0800][13.606s][info][gc,marking  ] GC(27) Y: Mark: 1 stripe(s), 2 proactive flush(es), 1 terminate flush(es), 0 completion(s), 0 continuation(s) 
[2026-01-06T22:07:05.962+0800][13.606s][info][gc,nmethod  ] GC(27) Y: NMethods: 120 registered, 37 unregistered
[2026-01-06T22:07:05.962+0800][13.606s][info][gc,metaspace] GC(27) Y: Metaspace: 0M used, 0M committed, 1088M reserved
[2026-01-06T22:07:05.962+0800][13.606s][info][gc,reloc    ] GC(27) Y:                        Candidates     Selected     In-Place         Size        Empty    Relocated 
[2026-01-06T22:07:05.962+0800][13.606s][info][gc,reloc    ] GC(27) Y: Small Pages:                  600            0            0        1200M        1198M           0M 
[2026-01-06T22:07:05.962+0800][13.606s][info][gc,reloc    ] GC(27) Y: Medium Pages:                   0            0            0           0M           0M           0M 
[2026-01-06T22:07:05.962+0800][13.606s][info][gc,reloc    ] GC(27) Y: Large Pages:                    0            0            0           0M           0M           0M 
[2026-01-06T22:07:05.962+0800][13.606s][info][gc,reloc    ] GC(27) Y: Forwarding Usage: 0M
[2026-01-06T22:07:05.962+0800][13.606s][info][gc,reloc    ] GC(27) Y: Age Table:
[2026-01-06T22:07:05.962+0800][13.606s][info][gc,reloc    ] GC(27) Y:                    Live             Garbage             Small              Medium             Large        
[2026-01-06T22:07:05.962+0800][13.606s][info][gc,reloc    ] GC(27) Y: Eden               0M (0%)         1197M (29%)        599 / 0              0 / 0              0 / 0        
[2026-01-06T22:07:05.962+0800][13.606s][info][gc,reloc    ] GC(27) Y: Survivor 1          -                 2M (0%)           1 / 0              0 / 0              0 / 0        
[2026-01-06T22:07:05.962+0800][13.606s][info][gc,heap     ] GC(27) Y: Min Capacity: 8M(0%)
[2026-01-06T22:07:05.962+0800][13.606s][info][gc,heap     ] GC(27) Y: Max Capacity: 4096M(100%)
[2026-01-06T22:07:05.962+0800][13.606s][info][gc,heap     ] GC(27) Y: Soft Max Capacity: 3686M(90%)
[2026-01-06T22:07:05.962+0800][13.606s][info][gc,heap     ] GC(27) Y: Heap Statistics:
[2026-01-06T22:07:05.962+0800][13.606s][info][gc,heap     ] GC(27) Y:                Mark Start          Mark End        Relocate Start      Relocate End           High               Low         
[2026-01-06T22:07:05.962+0800][13.606s][info][gc,heap     ] GC(27) Y:  Capacity:     3498M (85%)        3498M (85%)        3498M (85%)        3498M (85%)        3498M (85%)        3498M (85%)    
[2026-01-06T22:07:05.962+0800][13.606s][info][gc,heap     ] GC(27) Y:      Free:     2894M (71%)        2892M (71%)        4090M (100%)       4090M (100%)       4090M (100%)       2892M (71%)    
[2026-01-06T22:07:05.962+0800][13.606s][info][gc,heap     ] GC(27) Y:      Used:     1202M (29%)        1204M (29%)           6M (0%)            6M (0%)         1204M (29%)           6M (0%)     
[2026-01-06T22:07:05.962+0800][13.606s][info][gc,heap     ] GC(27) Y: Young Generation Statistics:
[2026-01-06T22:07:05.962+0800][13.606s][info][gc,heap     ] GC(27) Y:                Mark Start          Mark End        Relocate Start      Relocate End    
[2026-01-06T22:07:05.962+0800][13.606s][info][gc,heap     ] GC(27) Y:      Used:     1200M (29%)        1202M (29%)           4M (0%)            4M (0%)     
[2026-01-06T22:07:05.962+0800][13.606s][info][gc,heap     ] GC(27) Y:      Live:         -                 0M (0%)            0M (0%)            0M (0%)     
[2026-01-06T22:07:05.962+0800][13.606s][info][gc,heap     ] GC(27) Y:   Garbage:         -              1199M (29%)           1M (0%)            1M (0%)     
[2026-01-06T22:07:05.962+0800][13.606s][info][gc,heap     ] GC(27) Y: Allocated:         -                 2M (0%)            2M (0%)            2M (0%)     
[2026-01-06T22:07:05.962+0800][13.606s][info][gc,heap     ] GC(27) Y: Reclaimed:         -                  -              1198M (29%)        1198M (29%)    
[2026-01-06T22:07:05.962+0800][13.606s][info][gc,heap     ] GC(27) Y:  Promoted:         -                  -                 0M (0%)            0M (0%)     
[2026-01-06T22:07:05.962+0800][13.606s][info][gc,heap     ] GC(27) Y: Compacted:         -                  -                  -                 0M (0%)     
[2026-01-06T22:07:05.962+0800][13.606s][info][gc,phases   ] GC(27) Y: Young Generation 1202M(29%)->6M(0%) 0.001s
[2026-01-06T22:07:05.962+0800][13.606s][info][gc,phases   ] GC(27) O: Old Generation
[2026-01-06T22:07:05.963+0800][13.606s][info][gc,phases   ] GC(27) O: Concurrent Mark 0.638ms
[2026-01-06T22:07:05.963+0800][13.607s][info][gc,phases   ] GC(27) O: Pause Mark End 0.003ms
[2026-01-06T22:07:05.963+0800][13.607s][info][gc,phases   ] GC(27) O: Concurrent Mark Free 0.001ms
[2026-01-06T22:07:05.963+0800][13.607s][info][gc,phases   ] GC(27) O: Concurrent Process Non-Strong 0.128ms
[2026-01-06T22:07:05.963+0800][13.607s][info][gc,phases   ] GC(27) O: Concurrent Reset Relocation Set 0.000ms
[2026-01-06T22:07:05.963+0800][13.607s][info][gc,phases   ] GC(27) O: Concurrent Select Relocation Set 0.018ms
[2026-01-06T22:07:05.963+0800][13.607s][info][gc,task     ] GC(27) O: Using 2 Workers for Old Generation
[2026-01-06T22:07:05.963+0800][13.607s][info][gc,task     ] GC(27) O: Using 1 Workers for Old Generation
[2026-01-06T22:07:05.963+0800][13.607s][info][gc,phases   ] GC(27) O: Concurrent Remap Roots 0.046ms
[2026-01-06T22:07:05.963+0800][13.607s][info][gc,phases   ] GC(27) O: Pause Relocate Start 0.002ms
[2026-01-06T22:07:05.963+0800][13.607s][info][gc,phases   ] GC(27) O: Concurrent Relocate 0.016ms
[2026-01-06T22:07:05.963+0800][13.607s][info][gc,alloc    ] GC(27) O:                         Mark Start        Mark End      Relocate Start    Relocate End   
[2026-01-06T22:07:05.963+0800][13.607s][info][gc,alloc    ] GC(27) O: Allocation Stalls:          0                0                0                0         
[2026-01-06T22:07:05.963+0800][13.607s][info][gc,load     ] GC(27) O: Load: 1.36 (14%) / 1.67 (17%) / 1.97 (20%)
[2026-01-06T22:07:05.963+0800][13.607s][info][gc,mmu      ] GC(27) O: MMU: 2ms/97.4%, 5ms/98.6%, 10ms/99.3%, 20ms/99.5%, 50ms/99.8%, 100ms/99.9%
[2026-01-06T22:07:05.963+0800][13.607s][info][gc,marking  ] GC(27) O: Mark: 1 stripe(s), 2 proactive flush(es), 1 terminate flush(es), 0 completion(s), 0 continuation(s) 
[2026-01-06T22:07:05.963+0800][13.607s][info][gc,nmethod  ] GC(27) O: NMethods: 120 registered, 37 unregistered
[2026-01-06T22:07:05.963+0800][13.607s][info][gc,metaspace] GC(27) O: Metaspace: 0M used, 0M committed, 1088M reserved
[2026-01-06T22:07:05.963+0800][13.607s][info][gc,ref      ] GC(27) O:                       Encountered   Discovered     Enqueued 
[2026-01-06T22:07:05.963+0800][13.607s][info][gc,ref      ] GC(27) O: Soft References:                1            0            0 
[2026-01-06T22:07:05.963+0800][13.607s][info][gc,ref      ] GC(27) O: Weak References:                6            0            0 
[2026-01-06T22:07:05.963+0800][13.607s][info][gc,ref      ] GC(27) O: Final References:               0            0            0 
[2026-01-06T22:07:05.963+0800][13.607s][info][gc,ref      ] GC(27) O: Phantom References:             1            1            0 
[2026-01-06T22:07:05.963+0800][13.607s][info][gc,reloc    ] GC(27) O:                        Candidates     Selected     In-Place         Size        Empty    Relocated 
[2026-01-06T22:07:05.963+0800][13.607s][info][gc,reloc    ] GC(27) O: Small Pages:                    1            0            0           2M           0M           0M 
[2026-01-06T22:07:05.963+0800][13.607s][info][gc,reloc    ] GC(27) O: Medium Pages:                   0            0            0           0M           0M           0M 
[2026-01-06T22:07:05.963+0800][13.607s][info][gc,reloc    ] GC(27) O: Large Pages:                    0            0            0           0M           0M           0M 
[2026-01-06T22:07:05.963+0800][13.607s][info][gc,reloc    ] GC(27) O: Forwarding Usage: 0M
[2026-01-06T22:07:05.963+0800][13.607s][info][gc,heap     ] GC(27) O: Min Capacity: 8M(0%)
[2026-01-06T22:07:05.963+0800][13.607s][info][gc,heap     ] GC(27) O: Max Capacity: 4096M(100%)
[2026-01-06T22:07:05.963+0800][13.607s][info][gc,heap     ] GC(27) O: Soft Max Capacity: 3686M(90%)
[2026-01-06T22:07:05.963+0800][13.607s][info][gc,heap     ] GC(27) O: Heap Statistics:
[2026-01-06T22:07:05.963+0800][13.607s][info][gc,heap     ] GC(27) O:                Mark Start          Mark End        Relocate Start      Relocate End           High               Low         
[2026-01-06T22:07:05.963+0800][13.607s][info][gc,heap     ] GC(27) O:  Capacity:     3498M (85%)        3498M (85%)        3498M (85%)        3498M (85%)        3498M (85%)        3498M (85%)    
[2026-01-06T22:07:05.963+0800][13.607s][info][gc,heap     ] GC(27) O:      Free:     2894M (71%)        4084M (100%)       4080M (100%)       4080M (100%)       4090M (100%)       2892M (71%)    
[2026-01-06T22:07:05.963+0800][13.607s][info][gc,heap     ] GC(27) O:      Used:     1202M (29%)          12M (0%)           16M (0%)           16M (0%)         1204M (29%)           6M (0%)     
[2026-01-06T22:07:05.963+0800][13.607s][info][gc,heap     ] GC(27) O: Old Generation Statistics:
[2026-01-06T22:07:05.963+0800][13.607s][info][gc,heap     ] GC(27) O:                Mark Start          Mark End        Relocate Start      Relocate End    
[2026-01-06T22:07:05.963+0800][13.607s][info][gc,heap     ] GC(27) O:      Used:        2M (0%)            2M (0%)            2M (0%)            2M (0%)     
[2026-01-06T22:07:05.963+0800][13.607s][info][gc,heap     ] GC(27) O:      Live:         -                 0M (0%)            0M (0%)            0M (0%)     
[2026-01-06T22:07:05.963+0800][13.607s][info][gc,heap     ] GC(27) O:   Garbage:         -                 1M (0%)            1M (0%)            1M (0%)     
[2026-01-06T22:07:05.963+0800][13.607s][info][gc,heap     ] GC(27) O: Allocated:         -                 0M (0%)            0M (0%)            0M (0%)     
[2026-01-06T22:07:05.963+0800][13.607s][info][gc,heap     ] GC(27) O: Reclaimed:         -                  -                 0M (0%)            0M (0%)     
[2026-01-06T22:07:05.963+0800][13.607s][info][gc,heap     ] GC(27) O: Compacted:         -                  -                  -                 0M (0%)     
[2026-01-06T22:07:05.963+0800][13.607s][info][gc,phases   ] GC(27) O: Old Generation 6M(0%)->16M(0%) 0.001s
[2026-01-06T22:07:05.963+0800][13.607s][info][gc          ] GC(27) Major Collection (Proactive) 1202M(29%)->18M(0%) 0.002s
[2026-01-06T22:07:06.102+0800][13.746s][info][gc          ] GC(28) Major Collection (Proactive)
[2026-01-06T22:07:06.102+0800][13.746s][info][gc,task     ] GC(28) Using 1 Workers for Young Generation
[2026-01-06T22:07:06.102+0800][13.746s][info][gc,task     ] GC(28) Using 1 Workers for Old Generation
[2026-01-06T22:07:06.102+0800][13.746s][info][gc,phases   ] GC(28) Y: Young Generation
[2026-01-06T22:07:06.102+0800][13.746s][info][gc,phases   ] GC(28) Y: Pause Mark Start (Major) 0.005ms
[2026-01-06T22:07:06.102+0800][13.746s][info][gc,phases   ] GC(28) Y: Concurrent Mark 0.144ms
[2026-01-06T22:07:06.102+0800][13.746s][info][gc,phases   ] GC(28) Y: Pause Mark End 0.008ms
[2026-01-06T22:07:06.102+0800][13.746s][info][gc,phases   ] GC(28) Y: Concurrent Mark Free 0.000ms
[2026-01-06T22:07:06.102+0800][13.746s][info][gc,phases   ] GC(28) Y: Concurrent Reset Relocation Set 0.000ms
[2026-01-06T22:07:06.102+0800][13.746s][info][gc,reloc    ] GC(28) Y: Using tenuring threshold: 1 (Computed)
[2026-01-06T22:07:06.102+0800][13.746s][info][gc,phases   ] GC(28) Y: Concurrent Select Relocation Set 0.168ms
[2026-01-06T22:07:06.102+0800][13.746s][info][gc,phases   ] GC(28) Y: Pause Relocate Start 0.002ms
[2026-01-06T22:07:06.102+0800][13.746s][info][gc,phases   ] GC(28) Y: Concurrent Relocate 0.010ms
[2026-01-06T22:07:06.102+0800][13.746s][info][gc,alloc    ] GC(28) Y:                         Mark Start        Mark End      Relocate Start    Relocate End   
[2026-01-06T22:07:06.102+0800][13.746s][info][gc,alloc    ] GC(28) Y: Allocation Stalls:          0                0                0                0         
[2026-01-06T22:07:06.102+0800][13.746s][info][gc,load     ] GC(28) Y: Load: 1.36 (14%) / 1.67 (17%) / 1.97 (20%)
[2026-01-06T22:07:06.102+0800][13.746s][info][gc,mmu      ] GC(28) Y: MMU: 2ms/97.4%, 5ms/98.6%, 10ms/99.3%, 20ms/99.5%, 50ms/99.8%, 100ms/99.9%
[2026-01-06T22:07:06.102+0800][13.746s][info][gc,marking  ] GC(28) Y: Mark: 1 stripe(s), 2 proactive flush(es), 1 terminate flush(es), 0 completion(s), 0 continuation(s) 
[2026-01-06T22:07:06.102+0800][13.746s][info][gc,nmethod  ] GC(28) Y: NMethods: 120 registered, 37 unregistered
[2026-01-06T22:07:06.102+0800][13.746s][info][gc,metaspace] GC(28) Y: Metaspace: 0M used, 0M committed, 1088M reserved
[2026-01-06T22:07:06.102+0800][13.746s][info][gc,reloc    ] GC(28) Y:                        Candidates     Selected     In-Place         Size        Empty    Relocated 
[2026-01-06T22:07:06.102+0800][13.746s][info][gc,reloc    ] GC(28) Y: Small Pages:                  766            0            0        1532M        1530M           0M 
[2026-01-06T22:07:06.102+0800][13.746s][info][gc,reloc    ] GC(28) Y: Medium Pages:                   0            0            0           0M           0M           0M 
[2026-01-06T22:07:06.102+0800][13.746s][info][gc,reloc    ] GC(28) Y: Large Pages:                    0            0            0           0M           0M           0M 
[2026-01-06T22:07:06.102+0800][13.746s][info][gc,reloc    ] GC(28) Y: Forwarding Usage: 0M
[2026-01-06T22:07:06.102+0800][13.746s][info][gc,reloc    ] GC(28) Y: Age Table:
[2026-01-06T22:07:06.102+0800][13.746s][info][gc,reloc    ] GC(28) Y:                    Live             Garbage             Small              Medium             Large        
[2026-01-06T22:07:06.102+0800][13.746s][info][gc,reloc    ] GC(28) Y: Eden               0M (0%)         1529M (37%)        765 / 0              0 / 0              0 / 0        
[2026-01-06T22:07:06.102+0800][13.746s][info][gc,reloc    ] GC(28) Y: Survivor 1          -                 2M (0%)           1 / 0              0 / 0              0 / 0        
[2026-01-06T22:07:06.102+0800][13.746s][info][gc,heap     ] GC(28) Y: Min Capacity: 8M(0%)
[2026-01-06T22:07:06.102+0800][13.746s][info][gc,heap     ] GC(28) Y: Max Capacity: 4096M(100%)
[2026-01-06T22:07:06.102+0800][13.746s][info][gc,heap     ] GC(28) Y: Soft Max Capacity: 3686M(90%)
[2026-01-06T22:07:06.102+0800][13.746s][info][gc,heap     ] GC(28) Y: Heap Statistics:
[2026-01-06T22:07:06.102+0800][13.746s][info][gc,heap     ] GC(28) Y:                Mark Start          Mark End        Relocate Start      Relocate End           High               Low         
[2026-01-06T22:07:06.102+0800][13.746s][info][gc,heap     ] GC(28) Y:  Capacity:     3498M (85%)        3498M (85%)        3498M (85%)        3498M (85%)        3498M (85%)        3498M (85%)    
[2026-01-06T22:07:06.102+0800][13.746s][info][gc,heap     ] GC(28) Y:      Free:     2562M (63%)        2560M (62%)        4088M (100%)       4088M (100%)       4090M (100%)       2560M (62%)    
[2026-01-06T22:07:06.102+0800][13.746s][info][gc,heap     ] GC(28) Y:      Used:     1534M (37%)        1536M (38%)           8M (0%)            8M (0%)         1536M (38%)           6M (0%)     
[2026-01-06T22:07:06.102+0800][13.746s][info][gc,heap     ] GC(28) Y: Young Generation Statistics:
[2026-01-06T22:07:06.102+0800][13.746s][info][gc,heap     ] GC(28) Y:                Mark Start          Mark End        Relocate Start      Relocate End    
[2026-01-06T22:07:06.102+0800][13.746s][info][gc,heap     ] GC(28) Y:      Used:     1532M (37%)        1534M (37%)           6M (0%)            6M (0%)     
[2026-01-06T22:07:06.102+0800][13.746s][info][gc,heap     ] GC(28) Y:      Live:         -                 0M (0%)            0M (0%)            0M (0%)     
[2026-01-06T22:07:06.102+0800][13.746s][info][gc,heap     ] GC(28) Y:   Garbage:         -              1531M (37%)           1M (0%)            1M (0%)     
[2026-01-06T22:07:06.102+0800][13.746s][info][gc,heap     ] GC(28) Y: Allocated:         -                 2M (0%)            4M (0%)            4M (0%)     
[2026-01-06T22:07:06.102+0800][13.746s][info][gc,heap     ] GC(28) Y: Reclaimed:         -                  -              1530M (37%)        1530M (37%)    
[2026-01-06T22:07:06.102+0800][13.746s][info][gc,heap     ] GC(28) Y:  Promoted:         -                  -                 0M (0%)            0M (0%)     
[2026-01-06T22:07:06.102+0800][13.746s][info][gc,heap     ] GC(28) Y: Compacted:         -                  -                  -                 0M (0%)     
[2026-01-06T22:07:06.102+0800][13.746s][info][gc,phases   ] GC(28) Y: Young Generation 1534M(37%)->8M(0%) 0.001s
[2026-01-06T22:07:06.102+0800][13.746s][info][gc,phases   ] GC(28) O: Old Generation
[2026-01-06T22:07:06.103+0800][13.747s][info][gc,phases   ] GC(28) O: Concurrent Mark 0.675ms
[2026-01-06T22:07:06.103+0800][13.747s][info][gc,phases   ] GC(28) O: Pause Mark End 0.007ms
[2026-01-06T22:07:06.103+0800][13.747s][info][gc,phases   ] GC(28) O: Concurrent Mark Free 0.000ms
[2026-01-06T22:07:06.103+0800][13.747s][info][gc,phases   ] GC(28) O: Concurrent Process Non-Strong 0.126ms
[2026-01-06T22:07:06.103+0800][13.747s][info][gc,phases   ] GC(28) O: Concurrent Reset Relocation Set 0.000ms
[2026-01-06T22:07:06.103+0800][13.747s][info][gc,phases   ] GC(28) O: Concurrent Select Relocation Set 0.015ms
[2026-01-06T22:07:06.103+0800][13.747s][info][gc,task     ] GC(28) O: Using 2 Workers for Old Generation
[2026-01-06T22:07:06.103+0800][13.747s][info][gc,task     ] GC(28) O: Using 1 Workers for Old Generation
[2026-01-06T22:07:06.103+0800][13.747s][info][gc,phases   ] GC(28) O: Concurrent Remap Roots 0.046ms
[2026-01-06T22:07:06.103+0800][13.747s][info][gc,phases   ] GC(28) O: Pause Relocate Start 0.005ms
[2026-01-06T22:07:06.103+0800][13.747s][info][gc,phases   ] GC(28) O: Concurrent Relocate 0.008ms
[2026-01-06T22:07:06.103+0800][13.747s][info][gc,alloc    ] GC(28) O:                         Mark Start        Mark End      Relocate Start    Relocate End   
[2026-01-06T22:07:06.103+0800][13.747s][info][gc,alloc    ] GC(28) O: Allocation Stalls:          0                0                0                0         
[2026-01-06T22:07:06.103+0800][13.747s][info][gc,load     ] GC(28) O: Load: 1.36 (14%) / 1.67 (17%) / 1.97 (20%)
[2026-01-06T22:07:06.103+0800][13.747s][info][gc,mmu      ] GC(28) O: MMU: 2ms/97.4%, 5ms/98.6%, 10ms/99.3%, 20ms/99.5%, 50ms/99.8%, 100ms/99.9%
[2026-01-06T22:07:06.103+0800][13.747s][info][gc,marking  ] GC(28) O: Mark: 1 stripe(s), 2 proactive flush(es), 1 terminate flush(es), 0 completion(s), 0 continuation(s) 
[2026-01-06T22:07:06.103+0800][13.747s][info][gc,nmethod  ] GC(28) O: NMethods: 120 registered, 37 unregistered
[2026-01-06T22:07:06.103+0800][13.747s][info][gc,metaspace] GC(28) O: Metaspace: 0M used, 0M committed, 1088M reserved
[2026-01-06T22:07:06.103+0800][13.747s][info][gc,ref      ] GC(28) O:                       Encountered   Discovered     Enqueued 
[2026-01-06T22:07:06.103+0800][13.747s][info][gc,ref      ] GC(28) O: Soft References:                1            0            0 
[2026-01-06T22:07:06.103+0800][13.747s][info][gc,ref      ] GC(28) O: Weak References:                6            0            0 
[2026-01-06T22:07:06.103+0800][13.747s][info][gc,ref      ] GC(28) O: Final References:               0            0            0 
[2026-01-06T22:07:06.103+0800][13.747s][info][gc,ref      ] GC(28) O: Phantom References:             1            1            0 
[2026-01-06T22:07:06.103+0800][13.747s][info][gc,reloc    ] GC(28) O:                        Candidates     Selected     In-Place         Size        Empty    Relocated 
[2026-01-06T22:07:06.103+0800][13.747s][info][gc,reloc    ] GC(28) O: Small Pages:                    1            0            0           2M           0M           0M 
[2026-01-06T22:07:06.103+0800][13.747s][info][gc,reloc    ] GC(28) O: Medium Pages:                   0            0            0           0M           0M           0M 
[2026-01-06T22:07:06.103+0800][13.747s][info][gc,reloc    ] GC(28) O: Large Pages:                    0            0            0           0M           0M           0M 
[2026-01-06T22:07:06.103+0800][13.747s][info][gc,reloc    ] GC(28) O: Forwarding Usage: 0M
[2026-01-06T22:07:06.103+0800][13.747s][info][gc,heap     ] GC(28) O: Min Capacity: 8M(0%)
[2026-01-06T22:07:06.103+0800][13.747s][info][gc,heap     ] GC(28) O: Max Capacity: 4096M(100%)
[2026-01-06T22:07:06.103+0800][13.747s][info][gc,heap     ] GC(28) O: Soft Max Capacity: 3686M(90%)
[2026-01-06T22:07:06.103+0800][13.747s][info][gc,heap     ] GC(28) O: Heap Statistics:
[2026-01-06T22:07:06.103+0800][13.747s][info][gc,heap     ] GC(28) O:                Mark Start          Mark End        Relocate Start      Relocate End           High               Low         
[2026-01-06T22:07:06.103+0800][13.747s][info][gc,heap     ] GC(28) O:  Capacity:     3498M (85%)        3498M (85%)        3498M (85%)        3498M (85%)        3498M (85%)        3498M (85%)    
[2026-01-06T22:07:06.103+0800][13.747s][info][gc,heap     ] GC(28) O:      Free:     2562M (63%)        4074M (99%)        4070M (99%)        4070M (99%)        4090M (100%)       2560M (62%)    
[2026-01-06T22:07:06.103+0800][13.747s][info][gc,heap     ] GC(28) O:      Used:     1534M (37%)          22M (1%)           26M (1%)           26M (1%)         1536M (38%)           6M (0%)     
[2026-01-06T22:07:06.103+0800][13.747s][info][gc,heap     ] GC(28) O: Old Generation Statistics:
[2026-01-06T22:07:06.103+0800][13.747s][info][gc,heap     ] GC(28) O:                Mark Start          Mark End        Relocate Start      Relocate End    
[2026-01-06T22:07:06.103+0800][13.747s][info][gc,heap     ] GC(28) O:      Used:        2M (0%)            2M (0%)            2M (0%)            2M (0%)     
[2026-01-06T22:07:06.103+0800][13.747s][info][gc,heap     ] GC(28) O:      Live:         -                 0M (0%)            0M (0%)            0M (0%)     
[2026-01-06T22:07:06.103+0800][13.747s][info][gc,heap     ] GC(28) O:   Garbage:         -                 1M (0%)            1M (0%)            1M (0%)     
[2026-01-06T22:07:06.103+0800][13.747s][info][gc,heap     ] GC(28) O: Allocated:         -                 0M (0%)            0M (0%)            0M (0%)     
[2026-01-06T22:07:06.103+0800][13.747s][info][gc,heap     ] GC(28) O: Reclaimed:         -                  -                 0M (0%)            0M (0%)     
[2026-01-06T22:07:06.103+0800][13.747s][info][gc,heap     ] GC(28) O: Compacted:         -                  -                  -                 0M (0%)     
[2026-01-06T22:07:06.103+0800][13.747s][info][gc,phases   ] GC(28) O: Old Generation 10M(0%)->26M(1%) 0.001s
[2026-01-06T22:07:06.103+0800][13.747s][info][gc          ] GC(28) Major Collection (Proactive) 1534M(37%)->28M(1%) 0.002s
[2026-01-06T22:07:06.213+0800][13.857s][info][gc          ] GC(29) Major Collection (Proactive)
[2026-01-06T22:07:06.213+0800][13.857s][info][gc,task     ] GC(29) Using 1 Workers for Young Generation
[2026-01-06T22:07:06.213+0800][13.857s][info][gc,task     ] GC(29) Using 1 Workers for Old Generation
[2026-01-06T22:07:06.213+0800][13.857s][info][gc,phases   ] GC(29) Y: Young Generation
[2026-01-06T22:07:06.214+0800][13.857s][info][gc,phases   ] GC(29) Y: Pause Mark Start (Major) 0.005ms
[2026-01-06T22:07:06.214+0800][13.858s][info][gc,phases   ] GC(29) Y: Concurrent Mark 0.141ms
[2026-01-06T22:07:06.214+0800][13.858s][info][gc,phases   ] GC(29) Y: Pause Mark End 0.004ms
[2026-01-06T22:07:06.214+0800][13.858s][info][gc,phases   ] GC(29) Y: Concurrent Mark Free 0.000ms
[2026-01-06T22:07:06.214+0800][13.858s][info][gc,phases   ] GC(29) Y: Concurrent Reset Relocation Set 0.000ms
[2026-01-06T22:07:06.214+0800][13.858s][info][gc,reloc    ] GC(29) Y: Using tenuring threshold: 1 (Computed)
[2026-01-06T22:07:06.214+0800][13.858s][info][gc,phases   ] GC(29) Y: Concurrent Select Relocation Set 0.161ms
[2026-01-06T22:07:06.214+0800][13.858s][info][gc,phases   ] GC(29) Y: Pause Relocate Start 0.001ms
[2026-01-06T22:07:06.214+0800][13.858s][info][gc,phases   ] GC(29) Y: Concurrent Relocate 0.010ms
[2026-01-06T22:07:06.214+0800][13.858s][info][gc,alloc    ] GC(29) Y:                         Mark Start        Mark End      Relocate Start    Relocate End   
[2026-01-06T22:07:06.214+0800][13.858s][info][gc,alloc    ] GC(29) Y: Allocation Stalls:          0                0                0                0         
[2026-01-06T22:07:06.214+0800][13.858s][info][gc,load     ] GC(29) Y: Load: 1.36 (14%) / 1.67 (17%) / 1.97 (20%)
[2026-01-06T22:07:06.214+0800][13.858s][info][gc,mmu      ] GC(29) Y: MMU: 2ms/97.4%, 5ms/98.6%, 10ms/99.3%, 20ms/99.5%, 50ms/99.8%, 100ms/99.9%
[2026-01-06T22:07:06.214+0800][13.858s][info][gc,marking  ] GC(29) Y: Mark: 1 stripe(s), 2 proactive flush(es), 1 terminate flush(es), 0 completion(s), 0 continuation(s) 
[2026-01-06T22:07:06.214+0800][13.858s][info][gc,nmethod  ] GC(29) Y: NMethods: 120 registered, 37 unregistered
[2026-01-06T22:07:06.214+0800][13.858s][info][gc,metaspace] GC(29) Y: Metaspace: 0M used, 0M committed, 1088M reserved
[2026-01-06T22:07:06.214+0800][13.858s][info][gc,reloc    ] GC(29) Y:                        Candidates     Selected     In-Place         Size        Empty    Relocated 
[2026-01-06T22:07:06.214+0800][13.858s][info][gc,reloc    ] GC(29) Y: Small Pages:                  781            0            0        1562M        1560M           0M 
[2026-01-06T22:07:06.214+0800][13.858s][info][gc,reloc    ] GC(29) Y: Medium Pages:                   0            0            0           0M           0M           0M 
[2026-01-06T22:07:06.214+0800][13.858s][info][gc,reloc    ] GC(29) Y: Large Pages:                    0            0            0           0M           0M           0M 
[2026-01-06T22:07:06.214+0800][13.858s][info][gc,reloc    ] GC(29) Y: Forwarding Usage: 0M
[2026-01-06T22:07:06.214+0800][13.858s][info][gc,reloc    ] GC(29) Y: Age Table:
[2026-01-06T22:07:06.214+0800][13.858s][info][gc,reloc    ] GC(29) Y:                    Live             Garbage             Small              Medium             Large        
[2026-01-06T22:07:06.214+0800][13.858s][info][gc,reloc    ] GC(29) Y: Eden               0M (0%)         1559M (38%)        780 / 0              0 / 0              0 / 0        
[2026-01-06T22:07:06.214+0800][13.858s][info][gc,reloc    ] GC(29) Y: Survivor 1          -                 2M (0%)           1 / 0              0 / 0              0 / 0        
[2026-01-06T22:07:06.214+0800][13.858s][info][gc,heap     ] GC(29) Y: Min Capacity: 8M(0%)
[2026-01-06T22:07:06.214+0800][13.858s][info][gc,heap     ] GC(29) Y: Max Capacity: 4096M(100%)
[2026-01-06T22:07:06.214+0800][13.858s][info][gc,heap     ] GC(29) Y: Soft Max Capacity: 3686M(90%)
[2026-01-06T22:07:06.214+0800][13.858s][info][gc,heap     ] GC(29) Y: Heap Statistics:
[2026-01-06T22:07:06.214+0800][13.858s][info][gc,heap     ] GC(29) Y:                Mark Start          Mark End        Relocate Start      Relocate End           High               Low         
[2026-01-06T22:07:06.214+0800][13.858s][info][gc,heap     ] GC(29) Y:  Capacity:     3498M (85%)        3498M (85%)        3498M (85%)        3498M (85%)        3498M (85%)        3498M (85%)    
[2026-01-06T22:07:06.214+0800][13.858s][info][gc,heap     ] GC(29) Y:      Free:     2532M (62%)        2530M (62%)        4088M (100%)       4088M (100%)       4090M (100%)       2530M (62%)    
[2026-01-06T22:07:06.214+0800][13.858s][info][gc,heap     ] GC(29) Y:      Used:     1564M (38%)        1566M (38%)           8M (0%)            8M (0%)         1566M (38%)           6M (0%)     
[2026-01-06T22:07:06.214+0800][13.858s][info][gc,heap     ] GC(29) Y: Young Generation Statistics:
[2026-01-06T22:07:06.214+0800][13.858s][info][gc,heap     ] GC(29) Y:                Mark Start          Mark End        Relocate Start      Relocate End    
[2026-01-06T22:07:06.214+0800][13.858s][info][gc,heap     ] GC(29) Y:      Used:     1562M (38%)        1564M (38%)           6M (0%)            6M (0%)     
[2026-01-06T22:07:06.214+0800][13.858s][info][gc,heap     ] GC(29) Y:      Live:         -                 0M (0%)            0M (0%)            0M (0%)     
[2026-01-06T22:07:06.214+0800][13.858s][info][gc,heap     ] GC(29) Y:   Garbage:         -              1561M (38%)           1M (0%)            1M (0%)     
[2026-01-06T22:07:06.214+0800][13.858s][info][gc,heap     ] GC(29) Y: Allocated:         -                 2M (0%)            4M (0%)            4M (0%)     
[2026-01-06T22:07:06.214+0800][13.858s][info][gc,heap     ] GC(29) Y: Reclaimed:         -                  -              1560M (38%)        1560M (38%)    
[2026-01-06T22:07:06.214+0800][13.858s][info][gc,heap     ] GC(29) Y:  Promoted:         -                  -                 0M (0%)            0M (0%)     
[2026-01-06T22:07:06.214+0800][13.858s][info][gc,heap     ] GC(29) Y: Compacted:         -                  -                  -                 0M (0%)     
[2026-01-06T22:07:06.214+0800][13.858s][info][gc,phases   ] GC(29) Y: Young Generation 1564M(38%)->8M(0%) 0.000s
[2026-01-06T22:07:06.214+0800][13.858s][info][gc,phases   ] GC(29) O: Old Generation
[2026-01-06T22:07:06.215+0800][13.859s][info][gc,phases   ] GC(29) O: Concurrent Mark 0.598ms
[2026-01-06T22:07:06.215+0800][13.859s][info][gc,phases   ] GC(29) O: Pause Mark End 0.004ms
[2026-01-06T22:07:06.215+0800][13.859s][info][gc,phases   ] GC(29) O: Concurrent Mark Free 0.000ms
[2026-01-06T22:07:06.215+0800][13.859s][info][gc,phases   ] GC(29) O: Concurrent Process Non-Strong 0.136ms
[2026-01-06T22:07:06.215+0800][13.859s][info][gc,phases   ] GC(29) O: Concurrent Reset Relocation Set 0.000ms
[2026-01-06T22:07:06.215+0800][13.859s][info][gc,phases   ] GC(29) O: Concurrent Select Relocation Set 0.018ms
[2026-01-06T22:07:06.215+0800][13.859s][info][gc,task     ] GC(29) O: Using 2 Workers for Old Generation
[2026-01-06T22:07:06.215+0800][13.859s][info][gc,task     ] GC(29) O: Using 1 Workers for Old Generation
[2026-01-06T22:07:06.215+0800][13.859s][info][gc,phases   ] GC(29) O: Concurrent Remap Roots 0.055ms
[2026-01-06T22:07:06.215+0800][13.859s][info][gc,phases   ] GC(29) O: Pause Relocate Start 0.001ms
[2026-01-06T22:07:06.215+0800][13.859s][info][gc,phases   ] GC(29) O: Concurrent Relocate 0.006ms
[2026-01-06T22:07:06.215+0800][13.859s][info][gc,alloc    ] GC(29) O:                         Mark Start        Mark End      Relocate Start    Relocate End   
[2026-01-06T22:07:06.215+0800][13.859s][info][gc,alloc    ] GC(29) O: Allocation Stalls:          0                0                0                0         
[2026-01-06T22:07:06.215+0800][13.859s][info][gc,load     ] GC(29) O: Load: 1.36 (14%) / 1.67 (17%) / 1.97 (20%)
[2026-01-06T22:07:06.215+0800][13.859s][info][gc,mmu      ] GC(29) O: MMU: 2ms/97.4%, 5ms/98.6%, 10ms/99.3%, 20ms/99.5%, 50ms/99.8%, 100ms/99.9%
[2026-01-06T22:07:06.215+0800][13.859s][info][gc,marking  ] GC(29) O: Mark: 1 stripe(s), 2 proactive flush(es), 1 terminate flush(es), 0 completion(s), 0 continuation(s) 
[2026-01-06T22:07:06.215+0800][13.859s][info][gc,nmethod  ] GC(29) O: NMethods: 120 registered, 37 unregistered
[2026-01-06T22:07:06.215+0800][13.859s][info][gc,metaspace] GC(29) O: Metaspace: 0M used, 0M committed, 1088M reserved
[2026-01-06T22:07:06.215+0800][13.859s][info][gc,ref      ] GC(29) O:                       Encountered   Discovered     Enqueued 
[2026-01-06T22:07:06.215+0800][13.859s][info][gc,ref      ] GC(29) O: Soft References:                1            0            0 
[2026-01-06T22:07:06.215+0800][13.859s][info][gc,ref      ] GC(29) O: Weak References:                6            0            0 
[2026-01-06T22:07:06.215+0800][13.859s][info][gc,ref      ] GC(29) O: Final References:               0            0            0 
[2026-01-06T22:07:06.215+0800][13.859s][info][gc,ref      ] GC(29) O: Phantom References:             1            1            0 
[2026-01-06T22:07:06.215+0800][13.859s][info][gc,reloc    ] GC(29) O:                        Candidates     Selected     In-Place         Size        Empty    Relocated 
[2026-01-06T22:07:06.215+0800][13.859s][info][gc,reloc    ] GC(29) O: Small Pages:                    1            0            0           2M           0M           0M 
[2026-01-06T22:07:06.215+0800][13.859s][info][gc,reloc    ] GC(29) O: Medium Pages:                   0            0            0           0M           0M           0M 
[2026-01-06T22:07:06.215+0800][13.859s][info][gc,reloc    ] GC(29) O: Large Pages:                    0            0            0           0M           0M           0M 
[2026-01-06T22:07:06.215+0800][13.859s][info][gc,reloc    ] GC(29) O: Forwarding Usage: 0M
[2026-01-06T22:07:06.215+0800][13.859s][info][gc,heap     ] GC(29) O: Min Capacity: 8M(0%)
[2026-01-06T22:07:06.215+0800][13.859s][info][gc,heap     ] GC(29) O: Max Capacity: 4096M(100%)
[2026-01-06T22:07:06.215+0800][13.859s][info][gc,heap     ] GC(29) O: Soft Max Capacity: 3686M(90%)
[2026-01-06T22:07:06.215+0800][13.859s][info][gc,heap     ] GC(29) O: Heap Statistics:
[2026-01-06T22:07:06.215+0800][13.859s][info][gc,heap     ] GC(29) O:                Mark Start          Mark End        Relocate Start      Relocate End           High               Low         
[2026-01-06T22:07:06.215+0800][13.859s][info][gc,heap     ] GC(29) O:  Capacity:     3498M (85%)        3498M (85%)        3498M (85%)        3498M (85%)        3498M (85%)        3498M (85%)    
[2026-01-06T22:07:06.215+0800][13.859s][info][gc,heap     ] GC(29) O:      Free:     2532M (62%)        4074M (99%)        4070M (99%)        4070M (99%)        4090M (100%)       2530M (62%)    
[2026-01-06T22:07:06.215+0800][13.859s][info][gc,heap     ] GC(29) O:      Used:     1564M (38%)          22M (1%)           26M (1%)           26M (1%)         1566M (38%)           6M (0%)     
[2026-01-06T22:07:06.215+0800][13.859s][info][gc,heap     ] GC(29) O: Old Generation Statistics:
[2026-01-06T22:07:06.215+0800][13.859s][info][gc,heap     ] GC(29) O:                Mark Start          Mark End        Relocate Start      Relocate End    
[2026-01-06T22:07:06.215+0800][13.859s][info][gc,heap     ] GC(29) O:      Used:        2M (0%)            2M (0%)            2M (0%)            2M (0%)     
[2026-01-06T22:07:06.215+0800][13.859s][info][gc,heap     ] GC(29) O:      Live:         -                 0M (0%)            0M (0%)            0M (0%)     
[2026-01-06T22:07:06.215+0800][13.859s][info][gc,heap     ] GC(29) O:   Garbage:         -                 1M (0%)            1M (0%)            1M (0%)     
[2026-01-06T22:07:06.215+0800][13.859s][info][gc,heap     ] GC(29) O: Allocated:         -                 0M (0%)            0M (0%)            0M (0%)     
[2026-01-06T22:07:06.215+0800][13.859s][info][gc,heap     ] GC(29) O: Reclaimed:         -                  -                 0M (0%)            0M (0%)     
[2026-01-06T22:07:06.215+0800][13.859s][info][gc,heap     ] GC(29) O: Compacted:         -                  -                  -                 0M (0%)     
[2026-01-06T22:07:06.215+0800][13.859s][info][gc,phases   ] GC(29) O: Old Generation 10M(0%)->26M(1%) 0.001s
[2026-01-06T22:07:06.215+0800][13.859s][info][gc          ] GC(29) Major Collection (Proactive) 1564M(38%)->28M(1%) 0.002s
[2026-01-06T22:07:06.316+0800][13.960s][info][gc          ] GC(30) Major Collection (Proactive)
[2026-01-06T22:07:06.316+0800][13.960s][info][gc,task     ] GC(30) Using 1 Workers for Young Generation
[2026-01-06T22:07:06.316+0800][13.960s][info][gc,task     ] GC(30) Using 1 Workers for Old Generation
[2026-01-06T22:07:06.316+0800][13.960s][info][gc,phases   ] GC(30) Y: Young Generation
[2026-01-06T22:07:06.316+0800][13.960s][info][gc,phases   ] GC(30) Y: Pause Mark Start (Major) 0.005ms
[2026-01-06T22:07:06.316+0800][13.960s][info][gc,phases   ] GC(30) Y: Concurrent Mark 0.176ms
[2026-01-06T22:07:06.316+0800][13.960s][info][gc,phases   ] GC(30) Y: Pause Mark End 0.004ms
[2026-01-06T22:07:06.316+0800][13.960s][info][gc,phases   ] GC(30) Y: Concurrent Mark Free 0.000ms
[2026-01-06T22:07:06.316+0800][13.960s][info][gc,phases   ] GC(30) Y: Concurrent Reset Relocation Set 0.000ms
[2026-01-06T22:07:06.316+0800][13.960s][info][gc,reloc    ] GC(30) Y: Using tenuring threshold: 1 (Computed)
[2026-01-06T22:07:06.316+0800][13.960s][info][gc,phases   ] GC(30) Y: Concurrent Select Relocation Set 0.171ms
[2026-01-06T22:07:06.316+0800][13.960s][info][gc,phases   ] GC(30) Y: Pause Relocate Start 0.002ms
[2026-01-06T22:07:06.316+0800][13.960s][info][gc,phases   ] GC(30) Y: Concurrent Relocate 0.020ms
[2026-01-06T22:07:06.316+0800][13.960s][info][gc,alloc    ] GC(30) Y:                         Mark Start        Mark End      Relocate Start    Relocate End   
[2026-01-06T22:07:06.316+0800][13.960s][info][gc,alloc    ] GC(30) Y: Allocation Stalls:          0                0                0                0         
[2026-01-06T22:07:06.316+0800][13.960s][info][gc,load     ] GC(30) Y: Load: 1.36 (14%) / 1.67 (17%) / 1.97 (20%)
[2026-01-06T22:07:06.316+0800][13.960s][info][gc,mmu      ] GC(30) Y: MMU: 2ms/97.4%, 5ms/98.6%, 10ms/99.3%, 20ms/99.5%, 50ms/99.8%, 100ms/99.9%
[2026-01-06T22:07:06.316+0800][13.960s][info][gc,marking  ] GC(30) Y: Mark: 1 stripe(s), 2 proactive flush(es), 1 terminate flush(es), 0 completion(s), 0 continuation(s) 
[2026-01-06T22:07:06.316+0800][13.960s][info][gc,nmethod  ] GC(30) Y: NMethods: 120 registered, 37 unregistered
[2026-01-06T22:07:06.316+0800][13.960s][info][gc,metaspace] GC(30) Y: Metaspace: 0M used, 0M committed, 1088M reserved
[2026-01-06T22:07:06.316+0800][13.960s][info][gc,reloc    ] GC(30) Y:                        Candidates     Selected     In-Place         Size        Empty    Relocated 
[2026-01-06T22:07:06.316+0800][13.960s][info][gc,reloc    ] GC(30) Y: Small Pages:                  811            0            0        1622M        1620M           0M 
[2026-01-06T22:07:06.316+0800][13.960s][info][gc,reloc    ] GC(30) Y: Medium Pages:                   0            0            0           0M           0M           0M 
[2026-01-06T22:07:06.316+0800][13.960s][info][gc,reloc    ] GC(30) Y: Large Pages:                    0            0            0           0M           0M           0M 
[2026-01-06T22:07:06.316+0800][13.960s][info][gc,reloc    ] GC(30) Y: Forwarding Usage: 0M
[2026-01-06T22:07:06.316+0800][13.960s][info][gc,reloc    ] GC(30) Y: Age Table:
[2026-01-06T22:07:06.316+0800][13.960s][info][gc,reloc    ] GC(30) Y:                    Live             Garbage             Small              Medium             Large        
[2026-01-06T22:07:06.316+0800][13.960s][info][gc,reloc    ] GC(30) Y: Eden               0M (0%)         1619M (40%)        810 / 0              0 / 0              0 / 0        
[2026-01-06T22:07:06.316+0800][13.960s][info][gc,reloc    ] GC(30) Y: Survivor 1          -                 2M (0%)           1 / 0              0 / 0              0 / 0        
[2026-01-06T22:07:06.316+0800][13.960s][info][gc,heap     ] GC(30) Y: Min Capacity: 8M(0%)
[2026-01-06T22:07:06.316+0800][13.960s][info][gc,heap     ] GC(30) Y: Max Capacity: 4096M(100%)
[2026-01-06T22:07:06.316+0800][13.960s][info][gc,heap     ] GC(30) Y: Soft Max Capacity: 3686M(90%)
[2026-01-06T22:07:06.316+0800][13.960s][info][gc,heap     ] GC(30) Y: Heap Statistics:
[2026-01-06T22:07:06.316+0800][13.960s][info][gc,heap     ] GC(30) Y:                Mark Start          Mark End        Relocate Start      Relocate End           High               Low         
[2026-01-06T22:07:06.316+0800][13.960s][info][gc,heap     ] GC(30) Y:  Capacity:     3498M (85%)        3498M (85%)        3498M (85%)        3498M (85%)        3498M (85%)        3498M (85%)    
[2026-01-06T22:07:06.316+0800][13.960s][info][gc,heap     ] GC(30) Y:      Free:     2472M (60%)        2470M (60%)        4088M (100%)       4088M (100%)       4090M (100%)       2470M (60%)    
[2026-01-06T22:07:06.316+0800][13.960s][info][gc,heap     ] GC(30) Y:      Used:     1624M (40%)        1626M (40%)           8M (0%)            8M (0%)         1626M (40%)           6M (0%)     
[2026-01-06T22:07:06.316+0800][13.960s][info][gc,heap     ] GC(30) Y: Young Generation Statistics:
[2026-01-06T22:07:06.316+0800][13.960s][info][gc,heap     ] GC(30) Y:                Mark Start          Mark End        Relocate Start      Relocate End    
[2026-01-06T22:07:06.316+0800][13.960s][info][gc,heap     ] GC(30) Y:      Used:     1622M (40%)        1624M (40%)           6M (0%)            6M (0%)     
[2026-01-06T22:07:06.316+0800][13.960s][info][gc,heap     ] GC(30) Y:      Live:         -                 0M (0%)            0M (0%)            0M (0%)     
[2026-01-06T22:07:06.316+0800][13.960s][info][gc,heap     ] GC(30) Y:   Garbage:         -              1621M (40%)           1M (0%)            1M (0%)     
[2026-01-06T22:07:06.316+0800][13.960s][info][gc,heap     ] GC(30) Y: Allocated:         -                 2M (0%)            4M (0%)            4M (0%)     
[2026-01-06T22:07:06.316+0800][13.960s][info][gc,heap     ] GC(30) Y: Reclaimed:         -                  -              1620M (40%)        1620M (40%)    
[2026-01-06T22:07:06.316+0800][13.960s][info][gc,heap     ] GC(30) Y:  Promoted:         -                  -                 0M (0%)            0M (0%)     
[2026-01-06T22:07:06.316+0800][13.960s][info][gc,heap     ] GC(30) Y: Compacted:         -                  -                  -                 0M (0%)     
[2026-01-06T22:07:06.316+0800][13.960s][info][gc,phases   ] GC(30) Y: Young Generation 1624M(40%)->8M(0%) 0.001s
[2026-01-06T22:07:06.316+0800][13.960s][info][gc,phases   ] GC(30) O: Old Generation
[2026-01-06T22:07:06.317+0800][13.961s][info][gc,phases   ] GC(30) O: Concurrent Mark 0.676ms
[2026-01-06T22:07:06.317+0800][13.961s][info][gc,phases   ] GC(30) O: Pause Mark End 0.003ms
[2026-01-06T22:07:06.317+0800][13.961s][info][gc,phases   ] GC(30) O: Concurrent Mark Free 0.001ms
[2026-01-06T22:07:06.317+0800][13.961s][info][gc,phases   ] GC(30) O: Concurrent Process Non-Strong 0.134ms
[2026-01-06T22:07:06.317+0800][13.961s][info][gc,phases   ] GC(30) O: Concurrent Reset Relocation Set 0.000ms
[2026-01-06T22:07:06.317+0800][13.961s][info][gc,phases   ] GC(30) O: Concurrent Select Relocation Set 0.044ms
[2026-01-06T22:07:06.317+0800][13.961s][info][gc,task     ] GC(30) O: Using 2 Workers for Old Generation
[2026-01-06T22:07:06.317+0800][13.961s][info][gc,task     ] GC(30) O: Using 1 Workers for Old Generation
[2026-01-06T22:07:06.317+0800][13.961s][info][gc,phases   ] GC(30) O: Concurrent Remap Roots 0.062ms
[2026-01-06T22:07:06.317+0800][13.961s][info][gc,phases   ] GC(30) O: Pause Relocate Start 0.001ms
[2026-01-06T22:07:06.317+0800][13.961s][info][gc,phases   ] GC(30) O: Concurrent Relocate 0.006ms
[2026-01-06T22:07:06.317+0800][13.961s][info][gc,alloc    ] GC(30) O:                         Mark Start        Mark End      Relocate Start    Relocate End   
[2026-01-06T22:07:06.317+0800][13.961s][info][gc,alloc    ] GC(30) O: Allocation Stalls:          0                0                0                0         
[2026-01-06T22:07:06.317+0800][13.961s][info][gc,load     ] GC(30) O: Load: 1.36 (14%) / 1.67 (17%) / 1.97 (20%)
[2026-01-06T22:07:06.317+0800][13.961s][info][gc,mmu      ] GC(30) O: MMU: 2ms/97.4%, 5ms/98.6%, 10ms/99.3%, 20ms/99.5%, 50ms/99.8%, 100ms/99.9%
[2026-01-06T22:07:06.317+0800][13.961s][info][gc,marking  ] GC(30) O: Mark: 1 stripe(s), 2 proactive flush(es), 1 terminate flush(es), 0 completion(s), 0 continuation(s) 
[2026-01-06T22:07:06.317+0800][13.961s][info][gc,nmethod  ] GC(30) O: NMethods: 120 registered, 37 unregistered
[2026-01-06T22:07:06.317+0800][13.961s][info][gc,metaspace] GC(30) O: Metaspace: 0M used, 0M committed, 1088M reserved
[2026-01-06T22:07:06.317+0800][13.961s][info][gc,ref      ] GC(30) O:                       Encountered   Discovered     Enqueued 
[2026-01-06T22:07:06.317+0800][13.961s][info][gc,ref      ] GC(30) O: Soft References:                1            0            0 
[2026-01-06T22:07:06.317+0800][13.961s][info][gc,ref      ] GC(30) O: Weak References:                6            0            0 
[2026-01-06T22:07:06.317+0800][13.961s][info][gc,ref      ] GC(30) O: Final References:               0            0            0 
[2026-01-06T22:07:06.317+0800][13.961s][info][gc,ref      ] GC(30) O: Phantom References:             1            1            0 
[2026-01-06T22:07:06.317+0800][13.961s][info][gc,reloc    ] GC(30) O:                        Candidates     Selected     In-Place         Size        Empty    Relocated 
[2026-01-06T22:07:06.317+0800][13.961s][info][gc,reloc    ] GC(30) O: Small Pages:                    1            0            0           2M           0M           0M 
[2026-01-06T22:07:06.317+0800][13.961s][info][gc,reloc    ] GC(30) O: Medium Pages:                   0            0            0           0M           0M           0M 
[2026-01-06T22:07:06.317+0800][13.961s][info][gc,reloc    ] GC(30) O: Large Pages:                    0            0            0           0M           0M           0M 
[2026-01-06T22:07:06.317+0800][13.961s][info][gc,reloc    ] GC(30) O: Forwarding Usage: 0M
[2026-01-06T22:07:06.317+0800][13.961s][info][gc,heap     ] GC(30) O: Min Capacity: 8M(0%)
[2026-01-06T22:07:06.317+0800][13.961s][info][gc,heap     ] GC(30) O: Max Capacity: 4096M(100%)
[2026-01-06T22:07:06.317+0800][13.961s][info][gc,heap     ] GC(30) O: Soft Max Capacity: 3686M(90%)
[2026-01-06T22:07:06.317+0800][13.961s][info][gc,heap     ] GC(30) O: Heap Statistics:
[2026-01-06T22:07:06.318+0800][13.961s][info][gc,heap     ] GC(30) O:                Mark Start          Mark End        Relocate Start      Relocate End           High               Low         
[2026-01-06T22:07:06.318+0800][13.961s][info][gc,heap     ] GC(30) O:  Capacity:     3498M (85%)        3498M (85%)        3498M (85%)        3498M (85%)        3498M (85%)        3498M (85%)    
[2026-01-06T22:07:06.318+0800][13.961s][info][gc,heap     ] GC(30) O:      Free:     2472M (60%)        4072M (99%)        4068M (99%)        4068M (99%)        4090M (100%)       2470M (60%)    
[2026-01-06T22:07:06.318+0800][13.961s][info][gc,heap     ] GC(30) O:      Used:     1624M (40%)          24M (1%)           28M (1%)           28M (1%)         1626M (40%)           6M (0%)     
[2026-01-06T22:07:06.318+0800][13.961s][info][gc,heap     ] GC(30) O: Old Generation Statistics:
[2026-01-06T22:07:06.318+0800][13.961s][info][gc,heap     ] GC(30) O:                Mark Start          Mark End        Relocate Start      Relocate End    
[2026-01-06T22:07:06.318+0800][13.961s][info][gc,heap     ] GC(30) O:      Used:        2M (0%)            2M (0%)            2M (0%)            2M (0%)     
[2026-01-06T22:07:06.318+0800][13.961s][info][gc,heap     ] GC(30) O:      Live:         -                 0M (0%)            0M (0%)            0M (0%)     
[2026-01-06T22:07:06.318+0800][13.961s][info][gc,heap     ] GC(30) O:   Garbage:         -                 1M (0%)            1M (0%)            1M (0%)     
[2026-01-06T22:07:06.318+0800][13.961s][info][gc,heap     ] GC(30) O: Allocated:         -                 0M (0%)            0M (0%)            0M (0%)     
[2026-01-06T22:07:06.318+0800][13.961s][info][gc,heap     ] GC(30) O: Reclaimed:         -                  -                 0M (0%)            0M (0%)     
[2026-01-06T22:07:06.318+0800][13.961s][info][gc,heap     ] GC(30) O: Compacted:         -                  -                  -                 0M (0%)     
[2026-01-06T22:07:06.318+0800][13.961s][info][gc,phases   ] GC(30) O: Old Generation 10M(0%)->28M(1%) 0.001s
[2026-01-06T22:07:06.318+0800][13.961s][info][gc          ] GC(30) Major Collection (Proactive) 1624M(40%)->30M(1%) 0.002s
[2026-01-06T22:07:06.418+0800][14.062s][info][gc          ] GC(31) Major Collection (Proactive)
[2026-01-06T22:07:06.418+0800][14.062s][info][gc,task     ] GC(31) Using 1 Workers for Young Generation
[2026-01-06T22:07:06.418+0800][14.062s][info][gc,task     ] GC(31) Using 1 Workers for Old Generation
[2026-01-06T22:07:06.418+0800][14.062s][info][gc,phases   ] GC(31) Y: Young Generation
[2026-01-06T22:07:06.419+0800][14.062s][info][gc,phases   ] GC(31) Y: Pause Mark Start (Major) 0.004ms
[2026-01-06T22:07:06.419+0800][14.062s][info][gc,phases   ] GC(31) Y: Concurrent Mark 0.148ms
[2026-01-06T22:07:06.419+0800][14.063s][info][gc,phases   ] GC(31) Y: Pause Mark End 0.003ms
[2026-01-06T22:07:06.419+0800][14.063s][info][gc,phases   ] GC(31) Y: Concurrent Mark Free 0.001ms
[2026-01-06T22:07:06.419+0800][14.063s][info][gc,phases   ] GC(31) Y: Concurrent Reset Relocation Set 0.000ms
[2026-01-06T22:07:06.419+0800][14.063s][info][gc,reloc    ] GC(31) Y: Using tenuring threshold: 1 (Computed)
[2026-01-06T22:07:06.419+0800][14.063s][info][gc,phases   ] GC(31) Y: Concurrent Select Relocation Set 0.171ms
[2026-01-06T22:07:06.419+0800][14.063s][info][gc,phases   ] GC(31) Y: Pause Relocate Start 0.001ms
[2026-01-06T22:07:06.419+0800][14.063s][info][gc,phases   ] GC(31) Y: Concurrent Relocate 0.012ms
[2026-01-06T22:07:06.419+0800][14.063s][info][gc,alloc    ] GC(31) Y:                         Mark Start        Mark End      Relocate Start    Relocate End   
[2026-01-06T22:07:06.419+0800][14.063s][info][gc,alloc    ] GC(31) Y: Allocation Stalls:          0                0                0                0         
[2026-01-06T22:07:06.419+0800][14.063s][info][gc,load     ] GC(31) Y: Load: 1.36 (14%) / 1.67 (17%) / 1.97 (20%)
[2026-01-06T22:07:06.419+0800][14.063s][info][gc,mmu      ] GC(31) Y: MMU: 2ms/97.4%, 5ms/98.6%, 10ms/99.3%, 20ms/99.5%, 50ms/99.8%, 100ms/99.9%
[2026-01-06T22:07:06.419+0800][14.063s][info][gc,marking  ] GC(31) Y: Mark: 1 stripe(s), 2 proactive flush(es), 1 terminate flush(es), 0 completion(s), 0 continuation(s) 
[2026-01-06T22:07:06.419+0800][14.063s][info][gc,nmethod  ] GC(31) Y: NMethods: 120 registered, 37 unregistered
[2026-01-06T22:07:06.419+0800][14.063s][info][gc,metaspace] GC(31) Y: Metaspace: 0M used, 0M committed, 1088M reserved
[2026-01-06T22:07:06.419+0800][14.063s][info][gc,reloc    ] GC(31) Y:                        Candidates     Selected     In-Place         Size        Empty    Relocated 
[2026-01-06T22:07:06.419+0800][14.063s][info][gc,reloc    ] GC(31) Y: Small Pages:                  841            0            0        1682M        1680M           0M 
[2026-01-06T22:07:06.419+0800][14.063s][info][gc,reloc    ] GC(31) Y: Medium Pages:                   0            0            0           0M           0M           0M 
[2026-01-06T22:07:06.419+0800][14.063s][info][gc,reloc    ] GC(31) Y: Large Pages:                    0            0            0           0M           0M           0M 
[2026-01-06T22:07:06.419+0800][14.063s][info][gc,reloc    ] GC(31) Y: Forwarding Usage: 0M
[2026-01-06T22:07:06.419+0800][14.063s][info][gc,reloc    ] GC(31) Y: Age Table:
[2026-01-06T22:07:06.419+0800][14.063s][info][gc,reloc    ] GC(31) Y:                    Live             Garbage             Small              Medium             Large        
[2026-01-06T22:07:06.419+0800][14.063s][info][gc,reloc    ] GC(31) Y: Eden               0M (0%)         1679M (41%)        840 / 0              0 / 0              0 / 0        
[2026-01-06T22:07:06.419+0800][14.063s][info][gc,reloc    ] GC(31) Y: Survivor 1          -                 2M (0%)           1 / 0              0 / 0              0 / 0        
[2026-01-06T22:07:06.419+0800][14.063s][info][gc,heap     ] GC(31) Y: Min Capacity: 8M(0%)
[2026-01-06T22:07:06.419+0800][14.063s][info][gc,heap     ] GC(31) Y: Max Capacity: 4096M(100%)
[2026-01-06T22:07:06.419+0800][14.063s][info][gc,heap     ] GC(31) Y: Soft Max Capacity: 3686M(90%)
[2026-01-06T22:07:06.419+0800][14.063s][info][gc,heap     ] GC(31) Y: Heap Statistics:
[2026-01-06T22:07:06.419+0800][14.063s][info][gc,heap     ] GC(31) Y:                Mark Start          Mark End        Relocate Start      Relocate End           High               Low         
[2026-01-06T22:07:06.419+0800][14.063s][info][gc,heap     ] GC(31) Y:  Capacity:     3498M (85%)        3498M (85%)        3498M (85%)        3498M (85%)        3498M (85%)        3498M (85%)    
[2026-01-06T22:07:06.419+0800][14.063s][info][gc,heap     ] GC(31) Y:      Free:     2412M (59%)        2410M (59%)        4088M (100%)       4088M (100%)       4088M (100%)       2410M (59%)    
[2026-01-06T22:07:06.419+0800][14.063s][info][gc,heap     ] GC(31) Y:      Used:     1684M (41%)        1686M (41%)           8M (0%)            8M (0%)         1686M (41%)           8M (0%)     
[2026-01-06T22:07:06.419+0800][14.063s][info][gc,heap     ] GC(31) Y: Young Generation Statistics:
[2026-01-06T22:07:06.419+0800][14.063s][info][gc,heap     ] GC(31) Y:                Mark Start          Mark End        Relocate Start      Relocate End    
[2026-01-06T22:07:06.419+0800][14.063s][info][gc,heap     ] GC(31) Y:      Used:     1682M (41%)        1684M (41%)           6M (0%)            6M (0%)     
[2026-01-06T22:07:06.419+0800][14.063s][info][gc,heap     ] GC(31) Y:      Live:         -                 0M (0%)            0M (0%)            0M (0%)     
[2026-01-06T22:07:06.419+0800][14.063s][info][gc,heap     ] GC(31) Y:   Garbage:         -              1681M (41%)           1M (0%)            1M (0%)     
[2026-01-06T22:07:06.419+0800][14.063s][info][gc,heap     ] GC(31) Y: Allocated:         -                 2M (0%)            4M (0%)            4M (0%)     
[2026-01-06T22:07:06.419+0800][14.063s][info][gc,heap     ] GC(31) Y: Reclaimed:         -                  -              1680M (41%)        1680M (41%)    
[2026-01-06T22:07:06.419+0800][14.063s][info][gc,heap     ] GC(31) Y:  Promoted:         -                  -                 0M (0%)            0M (0%)     
[2026-01-06T22:07:06.419+0800][14.063s][info][gc,heap     ] GC(31) Y: Compacted:         -                  -                  -                 0M (0%)     
[2026-01-06T22:07:06.419+0800][14.063s][info][gc,phases   ] GC(31) Y: Young Generation 1684M(41%)->8M(0%) 0.000s
[2026-01-06T22:07:06.419+0800][14.063s][info][gc,phases   ] GC(31) O: Old Generation
[2026-01-06T22:07:06.420+0800][14.064s][info][gc,phases   ] GC(31) O: Concurrent Mark 0.649ms
[2026-01-06T22:07:06.420+0800][14.064s][info][gc,phases   ] GC(31) O: Pause Mark End 0.003ms
[2026-01-06T22:07:06.420+0800][14.064s][info][gc,phases   ] GC(31) O: Concurrent Mark Free 0.000ms
[2026-01-06T22:07:06.420+0800][14.064s][info][gc,phases   ] GC(31) O: Concurrent Process Non-Strong 0.129ms
[2026-01-06T22:07:06.420+0800][14.064s][info][gc,phases   ] GC(31) O: Concurrent Reset Relocation Set 0.000ms
[2026-01-06T22:07:06.420+0800][14.064s][info][gc,phases   ] GC(31) O: Concurrent Select Relocation Set 0.016ms
[2026-01-06T22:07:06.420+0800][14.064s][info][gc,task     ] GC(31) O: Using 2 Workers for Old Generation
[2026-01-06T22:07:06.420+0800][14.064s][info][gc,task     ] GC(31) O: Using 1 Workers for Old Generation
[2026-01-06T22:07:06.420+0800][14.064s][info][gc,phases   ] GC(31) O: Concurrent Remap Roots 0.044ms
[2026-01-06T22:07:06.420+0800][14.064s][info][gc,phases   ] GC(31) O: Pause Relocate Start 0.001ms
[2026-01-06T22:07:06.420+0800][14.064s][info][gc,phases   ] GC(31) O: Concurrent Relocate 0.006ms
[2026-01-06T22:07:06.420+0800][14.064s][info][gc,alloc    ] GC(31) O:                         Mark Start        Mark End      Relocate Start    Relocate End   
[2026-01-06T22:07:06.420+0800][14.064s][info][gc,alloc    ] GC(31) O: Allocation Stalls:          0                0                0                0         
[2026-01-06T22:07:06.420+0800][14.064s][info][gc,load     ] GC(31) O: Load: 1.36 (14%) / 1.67 (17%) / 1.97 (20%)
[2026-01-06T22:07:06.420+0800][14.064s][info][gc,mmu      ] GC(31) O: MMU: 2ms/97.4%, 5ms/98.6%, 10ms/99.3%, 20ms/99.5%, 50ms/99.8%, 100ms/99.9%
[2026-01-06T22:07:06.420+0800][14.064s][info][gc,marking  ] GC(31) O: Mark: 1 stripe(s), 2 proactive flush(es), 1 terminate flush(es), 0 completion(s), 0 continuation(s) 
[2026-01-06T22:07:06.420+0800][14.064s][info][gc,nmethod  ] GC(31) O: NMethods: 120 registered, 37 unregistered
[2026-01-06T22:07:06.420+0800][14.064s][info][gc,metaspace] GC(31) O: Metaspace: 0M used, 0M committed, 1088M reserved
[2026-01-06T22:07:06.420+0800][14.064s][info][gc,ref      ] GC(31) O:                       Encountered   Discovered     Enqueued 
[2026-01-06T22:07:06.420+0800][14.064s][info][gc,ref      ] GC(31) O: Soft References:                1            0            0 
[2026-01-06T22:07:06.420+0800][14.064s][info][gc,ref      ] GC(31) O: Weak References:                6            0            0 
[2026-01-06T22:07:06.420+0800][14.064s][info][gc,ref      ] GC(31) O: Final References:               0            0            0 
[2026-01-06T22:07:06.420+0800][14.064s][info][gc,ref      ] GC(31) O: Phantom References:             1            1            0 
[2026-01-06T22:07:06.420+0800][14.064s][info][gc,reloc    ] GC(31) O:                        Candidates     Selected     In-Place         Size        Empty    Relocated 
[2026-01-06T22:07:06.420+0800][14.064s][info][gc,reloc    ] GC(31) O: Small Pages:                    1            0            0           2M           0M           0M 
[2026-01-06T22:07:06.420+0800][14.064s][info][gc,reloc    ] GC(31) O: Medium Pages:                   0            0            0           0M           0M           0M 
[2026-01-06T22:07:06.420+0800][14.064s][info][gc,reloc    ] GC(31) O: Large Pages:                    0            0            0           0M           0M           0M 
[2026-01-06T22:07:06.420+0800][14.064s][info][gc,reloc    ] GC(31) O: Forwarding Usage: 0M
[2026-01-06T22:07:06.420+0800][14.064s][info][gc,heap     ] GC(31) O: Min Capacity: 8M(0%)
[2026-01-06T22:07:06.420+0800][14.064s][info][gc,heap     ] GC(31) O: Max Capacity: 4096M(100%)
[2026-01-06T22:07:06.420+0800][14.064s][info][gc,heap     ] GC(31) O: Soft Max Capacity: 3686M(90%)
[2026-01-06T22:07:06.420+0800][14.064s][info][gc,heap     ] GC(31) O: Heap Statistics:
[2026-01-06T22:07:06.420+0800][14.064s][info][gc,heap     ] GC(31) O:                Mark Start          Mark End        Relocate Start      Relocate End           High               Low         
[2026-01-06T22:07:06.420+0800][14.064s][info][gc,heap     ] GC(31) O:  Capacity:     3498M (85%)        3498M (85%)        3498M (85%)        3498M (85%)        3498M (85%)        3498M (85%)    
[2026-01-06T22:07:06.420+0800][14.064s][info][gc,heap     ] GC(31) O:      Free:     2412M (59%)        4074M (99%)        4070M (99%)        4070M (99%)        4088M (100%)       2410M (59%)    
[2026-01-06T22:07:06.420+0800][14.064s][info][gc,heap     ] GC(31) O:      Used:     1684M (41%)          22M (1%)           26M (1%)           26M (1%)         1686M (41%)           8M (0%)     
[2026-01-06T22:07:06.420+0800][14.064s][info][gc,heap     ] GC(31) O: Old Generation Statistics:
[2026-01-06T22:07:06.420+0800][14.064s][info][gc,heap     ] GC(31) O:                Mark Start          Mark End        Relocate Start      Relocate End    
[2026-01-06T22:07:06.420+0800][14.064s][info][gc,heap     ] GC(31) O:      Used:        2M (0%)            2M (0%)            2M (0%)            2M (0%)     
[2026-01-06T22:07:06.420+0800][14.064s][info][gc,heap     ] GC(31) O:      Live:         -                 0M (0%)            0M (0%)            0M (0%)     
[2026-01-06T22:07:06.420+0800][14.064s][info][gc,heap     ] GC(31) O:   Garbage:         -                 1M (0%)            1M (0%)            1M (0%)     
[2026-01-06T22:07:06.420+0800][14.064s][info][gc,heap     ] GC(31) O: Allocated:         -                 0M (0%)            0M (0%)            0M (0%)     
[2026-01-06T22:07:06.420+0800][14.064s][info][gc,heap     ] GC(31) O: Reclaimed:         -                  -                 0M (0%)            0M (0%)     
[2026-01-06T22:07:06.420+0800][14.064s][info][gc,heap     ] GC(31) O: Compacted:         -                  -                  -                 0M (0%)     
[2026-01-06T22:07:06.420+0800][14.064s][info][gc,phases   ] GC(31) O: Old Generation 10M(0%)->26M(1%) 0.001s
[2026-01-06T22:07:06.420+0800][14.064s][info][gc          ] GC(31) Major Collection (Proactive) 1684M(41%)->28M(1%) 0.002s
[2026-01-06T22:07:06.508+0800][14.152s][info][gc          ] GC(32) Major Collection (Proactive)
[2026-01-06T22:07:06.508+0800][14.152s][info][gc,task     ] GC(32) Using 1 Workers for Young Generation
[2026-01-06T22:07:06.508+0800][14.152s][info][gc,task     ] GC(32) Using 1 Workers for Old Generation
[2026-01-06T22:07:06.508+0800][14.152s][info][gc,phases   ] GC(32) Y: Young Generation
[2026-01-06T22:07:06.508+0800][14.152s][info][gc,phases   ] GC(32) Y: Pause Mark Start (Major) 0.006ms
[2026-01-06T22:07:06.508+0800][14.152s][info][gc,phases   ] GC(32) Y: Concurrent Mark 0.172ms
[2026-01-06T22:07:06.508+0800][14.152s][info][gc,phases   ] GC(32) Y: Pause Mark End 0.004ms
[2026-01-06T22:07:06.508+0800][14.152s][info][gc,phases   ] GC(32) Y: Concurrent Mark Free 0.000ms
[2026-01-06T22:07:06.508+0800][14.152s][info][gc,phases   ] GC(32) Y: Concurrent Reset Relocation Set 0.000ms
[2026-01-06T22:07:06.508+0800][14.152s][info][gc,reloc    ] GC(32) Y: Using tenuring threshold: 1 (Computed)
[2026-01-06T22:07:06.508+0800][14.152s][info][gc,phases   ] GC(32) Y: Concurrent Select Relocation Set 0.165ms
[2026-01-06T22:07:06.508+0800][14.152s][info][gc,phases   ] GC(32) Y: Pause Relocate Start 0.001ms
[2026-01-06T22:07:06.508+0800][14.152s][info][gc,phases   ] GC(32) Y: Concurrent Relocate 0.010ms
[2026-01-06T22:07:06.508+0800][14.152s][info][gc,alloc    ] GC(32) Y:                         Mark Start        Mark End      Relocate Start    Relocate End   
[2026-01-06T22:07:06.508+0800][14.152s][info][gc,alloc    ] GC(32) Y: Allocation Stalls:          0                0                0                0         
[2026-01-06T22:07:06.508+0800][14.152s][info][gc,load     ] GC(32) Y: Load: 1.36 (14%) / 1.67 (17%) / 1.97 (20%)
[2026-01-06T22:07:06.508+0800][14.152s][info][gc,mmu      ] GC(32) Y: MMU: 2ms/97.4%, 5ms/98.6%, 10ms/99.3%, 20ms/99.5%, 50ms/99.8%, 100ms/99.9%
[2026-01-06T22:07:06.508+0800][14.152s][info][gc,marking  ] GC(32) Y: Mark: 1 stripe(s), 2 proactive flush(es), 1 terminate flush(es), 0 completion(s), 0 continuation(s) 
[2026-01-06T22:07:06.508+0800][14.152s][info][gc,nmethod  ] GC(32) Y: NMethods: 120 registered, 37 unregistered
[2026-01-06T22:07:06.508+0800][14.152s][info][gc,metaspace] GC(32) Y: Metaspace: 0M used, 0M committed, 1088M reserved
[2026-01-06T22:07:06.508+0800][14.152s][info][gc,reloc    ] GC(32) Y:                        Candidates     Selected     In-Place         Size        Empty    Relocated 
[2026-01-06T22:07:06.508+0800][14.152s][info][gc,reloc    ] GC(32) Y: Small Pages:                  841            0            0        1682M        1680M           0M 
[2026-01-06T22:07:06.508+0800][14.152s][info][gc,reloc    ] GC(32) Y: Medium Pages:                   0            0            0           0M           0M           0M 
[2026-01-06T22:07:06.508+0800][14.152s][info][gc,reloc    ] GC(32) Y: Large Pages:                    0            0            0           0M           0M           0M 
[2026-01-06T22:07:06.508+0800][14.152s][info][gc,reloc    ] GC(32) Y: Forwarding Usage: 0M
[2026-01-06T22:07:06.508+0800][14.152s][info][gc,reloc    ] GC(32) Y: Age Table:
[2026-01-06T22:07:06.508+0800][14.152s][info][gc,reloc    ] GC(32) Y:                    Live             Garbage             Small              Medium             Large        
[2026-01-06T22:07:06.508+0800][14.152s][info][gc,reloc    ] GC(32) Y: Eden               0M (0%)         1679M (41%)        840 / 0              0 / 0              0 / 0        
[2026-01-06T22:07:06.508+0800][14.152s][info][gc,reloc    ] GC(32) Y: Survivor 1          -                 2M (0%)           1 / 0              0 / 0              0 / 0        
[2026-01-06T22:07:06.508+0800][14.152s][info][gc,heap     ] GC(32) Y: Min Capacity: 8M(0%)
[2026-01-06T22:07:06.508+0800][14.152s][info][gc,heap     ] GC(32) Y: Max Capacity: 4096M(100%)
[2026-01-06T22:07:06.508+0800][14.152s][info][gc,heap     ] GC(32) Y: Soft Max Capacity: 3686M(90%)
[2026-01-06T22:07:06.508+0800][14.152s][info][gc,heap     ] GC(32) Y: Heap Statistics:
[2026-01-06T22:07:06.508+0800][14.152s][info][gc,heap     ] GC(32) Y:                Mark Start          Mark End        Relocate Start      Relocate End           High               Low         
[2026-01-06T22:07:06.508+0800][14.152s][info][gc,heap     ] GC(32) Y:  Capacity:     3498M (85%)        3498M (85%)        3498M (85%)        3498M (85%)        3498M (85%)        3498M (85%)    
[2026-01-06T22:07:06.508+0800][14.152s][info][gc,heap     ] GC(32) Y:      Free:     2412M (59%)        2408M (59%)        4088M (100%)       4088M (100%)       4088M (100%)       2408M (59%)    
[2026-01-06T22:07:06.508+0800][14.152s][info][gc,heap     ] GC(32) Y:      Used:     1684M (41%)        1688M (41%)           8M (0%)            8M (0%)         1688M (41%)           8M (0%)     
[2026-01-06T22:07:06.508+0800][14.152s][info][gc,heap     ] GC(32) Y: Young Generation Statistics:
[2026-01-06T22:07:06.508+0800][14.152s][info][gc,heap     ] GC(32) Y:                Mark Start          Mark End        Relocate Start      Relocate End    
[2026-01-06T22:07:06.508+0800][14.152s][info][gc,heap     ] GC(32) Y:      Used:     1682M (41%)        1686M (41%)           6M (0%)            6M (0%)     
[2026-01-06T22:07:06.508+0800][14.152s][info][gc,heap     ] GC(32) Y:      Live:         -                 0M (0%)            0M (0%)            0M (0%)     
[2026-01-06T22:07:06.508+0800][14.152s][info][gc,heap     ] GC(32) Y:   Garbage:         -              1681M (41%)           1M (0%)            1M (0%)     
[2026-01-06T22:07:06.508+0800][14.152s][info][gc,heap     ] GC(32) Y: Allocated:         -                 4M (0%)            4M (0%)            4M (0%)     
[2026-01-06T22:07:06.508+0800][14.152s][info][gc,heap     ] GC(32) Y: Reclaimed:         -                  -              1680M (41%)        1680M (41%)    
[2026-01-06T22:07:06.508+0800][14.152s][info][gc,heap     ] GC(32) Y:  Promoted:         -                  -                 0M (0%)            0M (0%)     
[2026-01-06T22:07:06.508+0800][14.152s][info][gc,heap     ] GC(32) Y: Compacted:         -                  -                  -                 0M (0%)     
[2026-01-06T22:07:06.508+0800][14.152s][info][gc,phases   ] GC(32) Y: Young Generation 1684M(41%)->8M(0%) 0.001s
[2026-01-06T22:07:06.508+0800][14.152s][info][gc,phases   ] GC(32) O: Old Generation
[2026-01-06T22:07:06.509+0800][14.153s][info][gc,phases   ] GC(32) O: Concurrent Mark 0.866ms
[2026-01-06T22:07:06.509+0800][14.153s][info][gc,phases   ] GC(32) O: Pause Mark End 0.004ms
[2026-01-06T22:07:06.509+0800][14.153s][info][gc,phases   ] GC(32) O: Concurrent Mark Free 0.001ms
[2026-01-06T22:07:06.509+0800][14.153s][info][gc,phases   ] GC(32) O: Concurrent Process Non-Strong 0.129ms
[2026-01-06T22:07:06.509+0800][14.153s][info][gc,phases   ] GC(32) O: Concurrent Reset Relocation Set 0.000ms
[2026-01-06T22:07:06.510+0800][14.153s][info][gc,phases   ] GC(32) O: Concurrent Select Relocation Set 0.018ms
[2026-01-06T22:07:06.510+0800][14.153s][info][gc,task     ] GC(32) O: Using 2 Workers for Old Generation
[2026-01-06T22:07:06.510+0800][14.153s][info][gc,task     ] GC(32) O: Using 1 Workers for Old Generation
[2026-01-06T22:07:06.510+0800][14.153s][info][gc,phases   ] GC(32) O: Concurrent Remap Roots 0.054ms
[2026-01-06T22:07:06.510+0800][14.153s][info][gc,phases   ] GC(32) O: Pause Relocate Start 0.002ms
[2026-01-06T22:07:06.510+0800][14.153s][info][gc,phases   ] GC(32) O: Concurrent Relocate 0.008ms
[2026-01-06T22:07:06.510+0800][14.153s][info][gc,alloc    ] GC(32) O:                         Mark Start        Mark End      Relocate Start    Relocate End   
[2026-01-06T22:07:06.510+0800][14.153s][info][gc,alloc    ] GC(32) O: Allocation Stalls:          0                0                0                0         
[2026-01-06T22:07:06.510+0800][14.153s][info][gc,load     ] GC(32) O: Load: 1.36 (14%) / 1.67 (17%) / 1.97 (20%)
[2026-01-06T22:07:06.510+0800][14.153s][info][gc,mmu      ] GC(32) O: MMU: 2ms/97.4%, 5ms/98.6%, 10ms/99.3%, 20ms/99.5%, 50ms/99.8%, 100ms/99.9%
[2026-01-06T22:07:06.510+0800][14.153s][info][gc,marking  ] GC(32) O: Mark: 1 stripe(s), 2 proactive flush(es), 1 terminate flush(es), 0 completion(s), 0 continuation(s) 
[2026-01-06T22:07:06.510+0800][14.153s][info][gc,nmethod  ] GC(32) O: NMethods: 120 registered, 37 unregistered
[2026-01-06T22:07:06.510+0800][14.153s][info][gc,metaspace] GC(32) O: Metaspace: 0M used, 0M committed, 1088M reserved
[2026-01-06T22:07:06.510+0800][14.153s][info][gc,ref      ] GC(32) O:                       Encountered   Discovered     Enqueued 
[2026-01-06T22:07:06.510+0800][14.153s][info][gc,ref      ] GC(32) O: Soft References:                1            0            0 
[2026-01-06T22:07:06.510+0800][14.153s][info][gc,ref      ] GC(32) O: Weak References:                6            0            0 
[2026-01-06T22:07:06.510+0800][14.153s][info][gc,ref      ] GC(32) O: Final References:               0            0            0 
[2026-01-06T22:07:06.510+0800][14.153s][info][gc,ref      ] GC(32) O: Phantom References:             1            1            0 
[2026-01-06T22:07:06.510+0800][14.153s][info][gc,reloc    ] GC(32) O:                        Candidates     Selected     In-Place         Size        Empty    Relocated 
[2026-01-06T22:07:06.510+0800][14.154s][info][gc,reloc    ] GC(32) O: Small Pages:                    1            0            0           2M           0M           0M 
[2026-01-06T22:07:06.510+0800][14.154s][info][gc,reloc    ] GC(32) O: Medium Pages:                   0            0            0           0M           0M           0M 
[2026-01-06T22:07:06.510+0800][14.154s][info][gc,reloc    ] GC(32) O: Large Pages:                    0            0            0           0M           0M           0M 
[2026-01-06T22:07:06.510+0800][14.154s][info][gc,reloc    ] GC(32) O: Forwarding Usage: 0M
[2026-01-06T22:07:06.510+0800][14.154s][info][gc,heap     ] GC(32) O: Min Capacity: 8M(0%)
[2026-01-06T22:07:06.510+0800][14.154s][info][gc,heap     ] GC(32) O: Max Capacity: 4096M(100%)
[2026-01-06T22:07:06.510+0800][14.154s][info][gc,heap     ] GC(32) O: Soft Max Capacity: 3686M(90%)
[2026-01-06T22:07:06.510+0800][14.154s][info][gc,heap     ] GC(32) O: Heap Statistics:
[2026-01-06T22:07:06.510+0800][14.154s][info][gc,heap     ] GC(32) O:                Mark Start          Mark End        Relocate Start      Relocate End           High               Low         
[2026-01-06T22:07:06.510+0800][14.154s][info][gc,heap     ] GC(32) O:  Capacity:     3498M (85%)        3498M (85%)        3498M (85%)        3498M (85%)        3498M (85%)        3498M (85%)    
[2026-01-06T22:07:06.510+0800][14.154s][info][gc,heap     ] GC(32) O:      Free:     2412M (59%)        4072M (99%)        4068M (99%)        4068M (99%)        4088M (100%)       2408M (59%)    
[2026-01-06T22:07:06.510+0800][14.154s][info][gc,heap     ] GC(32) O:      Used:     1684M (41%)          24M (1%)           28M (1%)           28M (1%)         1688M (41%)           8M (0%)     
[2026-01-06T22:07:06.510+0800][14.154s][info][gc,heap     ] GC(32) O: Old Generation Statistics:
[2026-01-06T22:07:06.510+0800][14.154s][info][gc,heap     ] GC(32) O:                Mark Start          Mark End        Relocate Start      Relocate End    
[2026-01-06T22:07:06.510+0800][14.154s][info][gc,heap     ] GC(32) O:      Used:        2M (0%)            2M (0%)            2M (0%)            2M (0%)     
[2026-01-06T22:07:06.510+0800][14.154s][info][gc,heap     ] GC(32) O:      Live:         -                 0M (0%)            0M (0%)            0M (0%)     
[2026-01-06T22:07:06.510+0800][14.154s][info][gc,heap     ] GC(32) O:   Garbage:         -                 1M (0%)            1M (0%)            1M (0%)     
[2026-01-06T22:07:06.510+0800][14.154s][info][gc,heap     ] GC(32) O: Allocated:         -                 0M (0%)            0M (0%)            0M (0%)     
[2026-01-06T22:07:06.510+0800][14.154s][info][gc,heap     ] GC(32) O: Reclaimed:         -                  -                 0M (0%)            0M (0%)     
[2026-01-06T22:07:06.510+0800][14.154s][info][gc,heap     ] GC(32) O: Compacted:         -                  -                  -                 0M (0%)     
[2026-01-06T22:07:06.510+0800][14.154s][info][gc,phases   ] GC(32) O: Old Generation 10M(0%)->28M(1%) 0.001s
[2026-01-06T22:07:06.510+0800][14.154s][info][gc          ] GC(32) Major Collection (Proactive) 1684M(41%)->30M(1%) 0.002s
[2026-01-06T22:07:06.614+0800][14.258s][info][gc          ] GC(33) Major Collection (Proactive)
[2026-01-06T22:07:06.614+0800][14.258s][info][gc,task     ] GC(33) Using 1 Workers for Young Generation
[2026-01-06T22:07:06.614+0800][14.258s][info][gc,task     ] GC(33) Using 1 Workers for Old Generation
[2026-01-06T22:07:06.614+0800][14.258s][info][gc,phases   ] GC(33) Y: Young Generation
[2026-01-06T22:07:06.614+0800][14.258s][info][gc,phases   ] GC(33) Y: Pause Mark Start (Major) 0.005ms
[2026-01-06T22:07:06.614+0800][14.258s][info][gc,phases   ] GC(33) Y: Concurrent Mark 0.147ms
[2026-01-06T22:07:06.614+0800][14.258s][info][gc,phases   ] GC(33) Y: Pause Mark End 0.008ms
[2026-01-06T22:07:06.614+0800][14.258s][info][gc,phases   ] GC(33) Y: Concurrent Mark Free 0.000ms
[2026-01-06T22:07:06.614+0800][14.258s][info][gc,phases   ] GC(33) Y: Concurrent Reset Relocation Set 0.000ms
[2026-01-06T22:07:06.614+0800][14.258s][info][gc,reloc    ] GC(33) Y: Using tenuring threshold: 1 (Computed)
[2026-01-06T22:07:06.614+0800][14.258s][info][gc,phases   ] GC(33) Y: Concurrent Select Relocation Set 0.183ms
[2026-01-06T22:07:06.615+0800][14.258s][info][gc,phases   ] GC(33) Y: Pause Relocate Start 0.001ms
[2026-01-06T22:07:06.615+0800][14.258s][info][gc,phases   ] GC(33) Y: Concurrent Relocate 0.011ms
[2026-01-06T22:07:06.615+0800][14.258s][info][gc,alloc    ] GC(33) Y:                         Mark Start        Mark End      Relocate Start    Relocate End   
[2026-01-06T22:07:06.615+0800][14.258s][info][gc,alloc    ] GC(33) Y: Allocation Stalls:          0                0                0                0         
[2026-01-06T22:07:06.615+0800][14.258s][info][gc,load     ] GC(33) Y: Load: 1.49 (15%) / 1.70 (17%) / 1.98 (20%)
[2026-01-06T22:07:06.615+0800][14.258s][info][gc,mmu      ] GC(33) Y: MMU: 2ms/97.4%, 5ms/98.6%, 10ms/99.3%, 20ms/99.5%, 50ms/99.8%, 100ms/99.9%
[2026-01-06T22:07:06.615+0800][14.258s][info][gc,marking  ] GC(33) Y: Mark: 1 stripe(s), 2 proactive flush(es), 1 terminate flush(es), 0 completion(s), 0 continuation(s) 
[2026-01-06T22:07:06.615+0800][14.258s][info][gc,nmethod  ] GC(33) Y: NMethods: 120 registered, 37 unregistered
[2026-01-06T22:07:06.615+0800][14.258s][info][gc,metaspace] GC(33) Y: Metaspace: 0M used, 0M committed, 1088M reserved
[2026-01-06T22:07:06.615+0800][14.258s][info][gc,reloc    ] GC(33) Y:                        Candidates     Selected     In-Place         Size        Empty    Relocated 
[2026-01-06T22:07:06.615+0800][14.258s][info][gc,reloc    ] GC(33) Y: Small Pages:                  886            0            0        1772M        1770M           0M 
[2026-01-06T22:07:06.615+0800][14.258s][info][gc,reloc    ] GC(33) Y: Medium Pages:                   0            0            0           0M           0M           0M 
[2026-01-06T22:07:06.615+0800][14.258s][info][gc,reloc    ] GC(33) Y: Large Pages:                    0            0            0           0M           0M           0M 
[2026-01-06T22:07:06.615+0800][14.258s][info][gc,reloc    ] GC(33) Y: Forwarding Usage: 0M
[2026-01-06T22:07:06.615+0800][14.258s][info][gc,reloc    ] GC(33) Y: Age Table:
[2026-01-06T22:07:06.615+0800][14.258s][info][gc,reloc    ] GC(33) Y:                    Live             Garbage             Small              Medium             Large        
[2026-01-06T22:07:06.615+0800][14.258s][info][gc,reloc    ] GC(33) Y: Eden               0M (0%)         1769M (43%)        885 / 0              0 / 0              0 / 0        
[2026-01-06T22:07:06.615+0800][14.258s][info][gc,reloc    ] GC(33) Y: Survivor 1          -                 2M (0%)           1 / 0              0 / 0              0 / 0        
[2026-01-06T22:07:06.615+0800][14.258s][info][gc,heap     ] GC(33) Y: Min Capacity: 8M(0%)
[2026-01-06T22:07:06.615+0800][14.258s][info][gc,heap     ] GC(33) Y: Max Capacity: 4096M(100%)
[2026-01-06T22:07:06.615+0800][14.258s][info][gc,heap     ] GC(33) Y: Soft Max Capacity: 3686M(90%)
[2026-01-06T22:07:06.615+0800][14.258s][info][gc,heap     ] GC(33) Y: Heap Statistics:
[2026-01-06T22:07:06.615+0800][14.258s][info][gc,heap     ] GC(33) Y:                Mark Start          Mark End        Relocate Start      Relocate End           High               Low         
[2026-01-06T22:07:06.615+0800][14.258s][info][gc,heap     ] GC(33) Y:  Capacity:     3498M (85%)        3498M (85%)        3498M (85%)        3498M (85%)        3498M (85%)        3498M (85%)    
[2026-01-06T22:07:06.615+0800][14.258s][info][gc,heap     ] GC(33) Y:      Free:     2322M (57%)        2320M (57%)        4088M (100%)       4088M (100%)       4088M (100%)       2320M (57%)    
[2026-01-06T22:07:06.615+0800][14.258s][info][gc,heap     ] GC(33) Y:      Used:     1774M (43%)        1776M (43%)           8M (0%)            8M (0%)         1776M (43%)           8M (0%)     
[2026-01-06T22:07:06.615+0800][14.258s][info][gc,heap     ] GC(33) Y: Young Generation Statistics:
[2026-01-06T22:07:06.615+0800][14.258s][info][gc,heap     ] GC(33) Y:                Mark Start          Mark End        Relocate Start      Relocate End    
[2026-01-06T22:07:06.615+0800][14.258s][info][gc,heap     ] GC(33) Y:      Used:     1772M (43%)        1774M (43%)           6M (0%)            6M (0%)     
[2026-01-06T22:07:06.615+0800][14.258s][info][gc,heap     ] GC(33) Y:      Live:         -                 0M (0%)            0M (0%)            0M (0%)     
[2026-01-06T22:07:06.615+0800][14.258s][info][gc,heap     ] GC(33) Y:   Garbage:         -              1771M (43%)           1M (0%)            1M (0%)     
[2026-01-06T22:07:06.615+0800][14.258s][info][gc,heap     ] GC(33) Y: Allocated:         -                 2M (0%)            4M (0%)            4M (0%)     
[2026-01-06T22:07:06.615+0800][14.258s][info][gc,heap     ] GC(33) Y: Reclaimed:         -                  -              1770M (43%)        1770M (43%)    
[2026-01-06T22:07:06.615+0800][14.258s][info][gc,heap     ] GC(33) Y:  Promoted:         -                  -                 0M (0%)            0M (0%)     
[2026-01-06T22:07:06.615+0800][14.258s][info][gc,heap     ] GC(33) Y: Compacted:         -                  -                  -                 0M (0%)     
[2026-01-06T22:07:06.615+0800][14.258s][info][gc,phases   ] GC(33) Y: Young Generation 1774M(43%)->8M(0%) 0.000s
[2026-01-06T22:07:06.615+0800][14.258s][info][gc,phases   ] GC(33) O: Old Generation
[2026-01-06T22:07:06.615+0800][14.259s][info][gc,phases   ] GC(33) O: Concurrent Mark 0.649ms
[2026-01-06T22:07:06.615+0800][14.259s][info][gc,phases   ] GC(33) O: Pause Mark End 0.003ms
[2026-01-06T22:07:06.615+0800][14.259s][info][gc,phases   ] GC(33) O: Concurrent Mark Free 0.000ms
[2026-01-06T22:07:06.615+0800][14.259s][info][gc,phases   ] GC(33) O: Concurrent Process Non-Strong 0.128ms
[2026-01-06T22:07:06.615+0800][14.259s][info][gc,phases   ] GC(33) O: Concurrent Reset Relocation Set 0.000ms
[2026-01-06T22:07:06.616+0800][14.259s][info][gc,phases   ] GC(33) O: Concurrent Select Relocation Set 0.019ms
[2026-01-06T22:07:06.616+0800][14.259s][info][gc,task     ] GC(33) O: Using 2 Workers for Old Generation
[2026-01-06T22:07:06.616+0800][14.259s][info][gc,task     ] GC(33) O: Using 1 Workers for Old Generation
[2026-01-06T22:07:06.616+0800][14.259s][info][gc,phases   ] GC(33) O: Concurrent Remap Roots 0.052ms
[2026-01-06T22:07:06.616+0800][14.259s][info][gc,phases   ] GC(33) O: Pause Relocate Start 0.001ms
[2026-01-06T22:07:06.616+0800][14.259s][info][gc,phases   ] GC(33) O: Concurrent Relocate 0.006ms
[2026-01-06T22:07:06.616+0800][14.259s][info][gc,alloc    ] GC(33) O:                         Mark Start        Mark End      Relocate Start    Relocate End   
[2026-01-06T22:07:06.616+0800][14.259s][info][gc,alloc    ] GC(33) O: Allocation Stalls:          0                0                0                0         
[2026-01-06T22:07:06.616+0800][14.259s][info][gc,load     ] GC(33) O: Load: 1.49 (15%) / 1.70 (17%) / 1.98 (20%)
[2026-01-06T22:07:06.616+0800][14.259s][info][gc,mmu      ] GC(33) O: MMU: 2ms/97.4%, 5ms/98.6%, 10ms/99.3%, 20ms/99.5%, 50ms/99.8%, 100ms/99.9%
[2026-01-06T22:07:06.616+0800][14.259s][info][gc,marking  ] GC(33) O: Mark: 1 stripe(s), 2 proactive flush(es), 1 terminate flush(es), 0 completion(s), 0 continuation(s) 
[2026-01-06T22:07:06.616+0800][14.259s][info][gc,nmethod  ] GC(33) O: NMethods: 120 registered, 37 unregistered
[2026-01-06T22:07:06.616+0800][14.259s][info][gc,metaspace] GC(33) O: Metaspace: 0M used, 0M committed, 1088M reserved
[2026-01-06T22:07:06.616+0800][14.259s][info][gc,ref      ] GC(33) O:                       Encountered   Discovered     Enqueued 
[2026-01-06T22:07:06.616+0800][14.259s][info][gc,ref      ] GC(33) O: Soft References:                1            0            0 
[2026-01-06T22:07:06.616+0800][14.259s][info][gc,ref      ] GC(33) O: Weak References:                6            0            0 
[2026-01-06T22:07:06.616+0800][14.259s][info][gc,ref      ] GC(33) O: Final References:               0            0            0 
[2026-01-06T22:07:06.616+0800][14.259s][info][gc,ref      ] GC(33) O: Phantom References:             1            1            0 
[2026-01-06T22:07:06.616+0800][14.259s][info][gc,reloc    ] GC(33) O:                        Candidates     Selected     In-Place         Size        Empty    Relocated 
[2026-01-06T22:07:06.616+0800][14.259s][info][gc,reloc    ] GC(33) O: Small Pages:                    1            0            0           2M           0M           0M 
[2026-01-06T22:07:06.616+0800][14.259s][info][gc,reloc    ] GC(33) O: Medium Pages:                   0            0            0           0M           0M           0M 
[2026-01-06T22:07:06.616+0800][14.259s][info][gc,reloc    ] GC(33) O: Large Pages:                    0            0            0           0M           0M           0M 
[2026-01-06T22:07:06.616+0800][14.259s][info][gc,reloc    ] GC(33) O: Forwarding Usage: 0M
[2026-01-06T22:07:06.616+0800][14.259s][info][gc,heap     ] GC(33) O: Min Capacity: 8M(0%)
[2026-01-06T22:07:06.616+0800][14.259s][info][gc,heap     ] GC(33) O: Max Capacity: 4096M(100%)
[2026-01-06T22:07:06.616+0800][14.260s][info][gc,heap     ] GC(33) O: Soft Max Capacity: 3686M(90%)
[2026-01-06T22:07:06.616+0800][14.260s][info][gc,heap     ] GC(33) O: Heap Statistics:
[2026-01-06T22:07:06.616+0800][14.260s][info][gc,heap     ] GC(33) O:                Mark Start          Mark End        Relocate Start      Relocate End           High               Low         
[2026-01-06T22:07:06.616+0800][14.260s][info][gc,heap     ] GC(33) O:  Capacity:     3498M (85%)        3498M (85%)        3498M (85%)        3498M (85%)        3498M (85%)        3498M (85%)    
[2026-01-06T22:07:06.616+0800][14.260s][info][gc,heap     ] GC(33) O:      Free:     2322M (57%)        4074M (99%)        4070M (99%)        4070M (99%)        4088M (100%)       2320M (57%)    
[2026-01-06T22:07:06.616+0800][14.260s][info][gc,heap     ] GC(33) O:      Used:     1774M (43%)          22M (1%)           26M (1%)           26M (1%)         1776M (43%)           8M (0%)     
[2026-01-06T22:07:06.616+0800][14.260s][info][gc,heap     ] GC(33) O: Old Generation Statistics:
[2026-01-06T22:07:06.616+0800][14.260s][info][gc,heap     ] GC(33) O:                Mark Start          Mark End        Relocate Start      Relocate End    
[2026-01-06T22:07:06.616+0800][14.260s][info][gc,heap     ] GC(33) O:      Used:        2M (0%)            2M (0%)            2M (0%)            2M (0%)     
[2026-01-06T22:07:06.616+0800][14.260s][info][gc,heap     ] GC(33) O:      Live:         -                 0M (0%)            0M (0%)            0M (0%)     
[2026-01-06T22:07:06.616+0800][14.260s][info][gc,heap     ] GC(33) O:   Garbage:         -                 1M (0%)            1M (0%)            1M (0%)     
[2026-01-06T22:07:06.616+0800][14.260s][info][gc,heap     ] GC(33) O: Allocated:         -                 0M (0%)            0M (0%)            0M (0%)     
[2026-01-06T22:07:06.616+0800][14.260s][info][gc,heap     ] GC(33) O: Reclaimed:         -                  -                 0M (0%)            0M (0%)     
[2026-01-06T22:07:06.616+0800][14.260s][info][gc,heap     ] GC(33) O: Compacted:         -                  -                  -                 0M (0%)     
[2026-01-06T22:07:06.616+0800][14.260s][info][gc,phases   ] GC(33) O: Old Generation 10M(0%)->26M(1%) 0.001s
[2026-01-06T22:07:06.616+0800][14.260s][info][gc          ] GC(33) Major Collection (Proactive) 1774M(43%)->28M(1%) 0.002s
[2026-01-06T22:07:06.718+0800][14.362s][info][gc          ] GC(34) Major Collection (Proactive)
[2026-01-06T22:07:06.718+0800][14.362s][info][gc,task     ] GC(34) Using 1 Workers for Young Generation
[2026-01-06T22:07:06.718+0800][14.362s][info][gc,task     ] GC(34) Using 1 Workers for Old Generation
[2026-01-06T22:07:06.718+0800][14.362s][info][gc,phases   ] GC(34) Y: Young Generation
[2026-01-06T22:07:06.718+0800][14.362s][info][gc,phases   ] GC(34) Y: Pause Mark Start (Major) 0.005ms
[2026-01-06T22:07:06.718+0800][14.362s][info][gc,phases   ] GC(34) Y: Concurrent Mark 0.172ms
[2026-01-06T22:07:06.718+0800][14.362s][info][gc,phases   ] GC(34) Y: Pause Mark End 0.003ms
[2026-01-06T22:07:06.718+0800][14.362s][info][gc,phases   ] GC(34) Y: Concurrent Mark Free 0.000ms
[2026-01-06T22:07:06.718+0800][14.362s][info][gc,phases   ] GC(34) Y: Concurrent Reset Relocation Set 0.000ms
[2026-01-06T22:07:06.718+0800][14.362s][info][gc,reloc    ] GC(34) Y: Using tenuring threshold: 1 (Computed)
[2026-01-06T22:07:06.718+0800][14.362s][info][gc,phases   ] GC(34) Y: Concurrent Select Relocation Set 0.177ms
[2026-01-06T22:07:06.718+0800][14.362s][info][gc,phases   ] GC(34) Y: Pause Relocate Start 0.001ms
[2026-01-06T22:07:06.718+0800][14.362s][info][gc,phases   ] GC(34) Y: Concurrent Relocate 0.013ms
[2026-01-06T22:07:06.718+0800][14.362s][info][gc,alloc    ] GC(34) Y:                         Mark Start        Mark End      Relocate Start    Relocate End   
[2026-01-06T22:07:06.718+0800][14.362s][info][gc,alloc    ] GC(34) Y: Allocation Stalls:          0                0                0                0         
[2026-01-06T22:07:06.719+0800][14.362s][info][gc,load     ] GC(34) Y: Load: 1.49 (15%) / 1.70 (17%) / 1.98 (20%)
[2026-01-06T22:07:06.719+0800][14.362s][info][gc,mmu      ] GC(34) Y: MMU: 2ms/97.4%, 5ms/98.6%, 10ms/99.3%, 20ms/99.5%, 50ms/99.8%, 100ms/99.9%
[2026-01-06T22:07:06.719+0800][14.362s][info][gc,marking  ] GC(34) Y: Mark: 1 stripe(s), 2 proactive flush(es), 1 terminate flush(es), 0 completion(s), 0 continuation(s) 
[2026-01-06T22:07:06.719+0800][14.362s][info][gc,nmethod  ] GC(34) Y: NMethods: 120 registered, 37 unregistered
[2026-01-06T22:07:06.719+0800][14.362s][info][gc,metaspace] GC(34) Y: Metaspace: 0M used, 0M committed, 1088M reserved
[2026-01-06T22:07:06.719+0800][14.362s][info][gc,reloc    ] GC(34) Y:                        Candidates     Selected     In-Place         Size        Empty    Relocated 
[2026-01-06T22:07:06.719+0800][14.362s][info][gc,reloc    ] GC(34) Y: Small Pages:                  901            0            0        1802M        1800M           0M 
[2026-01-06T22:07:06.719+0800][14.362s][info][gc,reloc    ] GC(34) Y: Medium Pages:                   0            0            0           0M           0M           0M 
[2026-01-06T22:07:06.719+0800][14.362s][info][gc,reloc    ] GC(34) Y: Large Pages:                    0            0            0           0M           0M           0M 
[2026-01-06T22:07:06.719+0800][14.362s][info][gc,reloc    ] GC(34) Y: Forwarding Usage: 0M
[2026-01-06T22:07:06.719+0800][14.362s][info][gc,reloc    ] GC(34) Y: Age Table:
[2026-01-06T22:07:06.719+0800][14.362s][info][gc,reloc    ] GC(34) Y:                    Live             Garbage             Small              Medium             Large        
[2026-01-06T22:07:06.719+0800][14.362s][info][gc,reloc    ] GC(34) Y: Eden               0M (0%)         1799M (44%)        900 / 0              0 / 0              0 / 0        
[2026-01-06T22:07:06.719+0800][14.362s][info][gc,reloc    ] GC(34) Y: Survivor 1          -                 2M (0%)           1 / 0              0 / 0              0 / 0        
[2026-01-06T22:07:06.719+0800][14.362s][info][gc,heap     ] GC(34) Y: Min Capacity: 8M(0%)
[2026-01-06T22:07:06.719+0800][14.362s][info][gc,heap     ] GC(34) Y: Max Capacity: 4096M(100%)
[2026-01-06T22:07:06.719+0800][14.362s][info][gc,heap     ] GC(34) Y: Soft Max Capacity: 3686M(90%)
[2026-01-06T22:07:06.719+0800][14.362s][info][gc,heap     ] GC(34) Y: Heap Statistics:
[2026-01-06T22:07:06.719+0800][14.362s][info][gc,heap     ] GC(34) Y:                Mark Start          Mark End        Relocate Start      Relocate End           High               Low         
[2026-01-06T22:07:06.719+0800][14.362s][info][gc,heap     ] GC(34) Y:  Capacity:     3498M (85%)        3498M (85%)        3498M (85%)        3498M (85%)        3498M (85%)        3498M (85%)    
[2026-01-06T22:07:06.719+0800][14.362s][info][gc,heap     ] GC(34) Y:      Free:     2292M (56%)        2290M (56%)        4090M (100%)       4090M (100%)       4090M (100%)       2290M (56%)    
[2026-01-06T22:07:06.719+0800][14.362s][info][gc,heap     ] GC(34) Y:      Used:     1804M (44%)        1806M (44%)           6M (0%)            6M (0%)         1806M (44%)           6M (0%)     
[2026-01-06T22:07:06.719+0800][14.362s][info][gc,heap     ] GC(34) Y: Young Generation Statistics:
[2026-01-06T22:07:06.719+0800][14.362s][info][gc,heap     ] GC(34) Y:                Mark Start          Mark End        Relocate Start      Relocate End    
[2026-01-06T22:07:06.719+0800][14.362s][info][gc,heap     ] GC(34) Y:      Used:     1802M (44%)        1804M (44%)           4M (0%)            4M (0%)     
[2026-01-06T22:07:06.719+0800][14.362s][info][gc,heap     ] GC(34) Y:      Live:         -                 0M (0%)            0M (0%)            0M (0%)     
[2026-01-06T22:07:06.719+0800][14.362s][info][gc,heap     ] GC(34) Y:   Garbage:         -              1801M (44%)           1M (0%)            1M (0%)     
[2026-01-06T22:07:06.719+0800][14.362s][info][gc,heap     ] GC(34) Y: Allocated:         -                 2M (0%)            2M (0%)            2M (0%)     
[2026-01-06T22:07:06.719+0800][14.362s][info][gc,heap     ] GC(34) Y: Reclaimed:         -                  -              1800M (44%)        1800M (44%)    
[2026-01-06T22:07:06.719+0800][14.362s][info][gc,heap     ] GC(34) Y:  Promoted:         -                  -                 0M (0%)            0M (0%)     
[2026-01-06T22:07:06.719+0800][14.362s][info][gc,heap     ] GC(34) Y: Compacted:         -                  -                  -                 0M (0%)     
[2026-01-06T22:07:06.719+0800][14.362s][info][gc,phases   ] GC(34) Y: Young Generation 1804M(44%)->6M(0%) 0.001s
[2026-01-06T22:07:06.719+0800][14.362s][info][gc,phases   ] GC(34) O: Old Generation
[2026-01-06T22:07:06.719+0800][14.363s][info][gc,phases   ] GC(34) O: Concurrent Mark 0.557ms
[2026-01-06T22:07:06.719+0800][14.363s][info][gc,phases   ] GC(34) O: Pause Mark End 0.003ms
[2026-01-06T22:07:06.719+0800][14.363s][info][gc,phases   ] GC(34) O: Concurrent Mark Free 0.000ms
[2026-01-06T22:07:06.719+0800][14.363s][info][gc,phases   ] GC(34) O: Concurrent Process Non-Strong 0.127ms
[2026-01-06T22:07:06.719+0800][14.363s][info][gc,phases   ] GC(34) O: Concurrent Reset Relocation Set 0.000ms
[2026-01-06T22:07:06.719+0800][14.363s][info][gc,phases   ] GC(34) O: Concurrent Select Relocation Set 0.019ms
[2026-01-06T22:07:06.719+0800][14.363s][info][gc,task     ] GC(34) O: Using 2 Workers for Old Generation
[2026-01-06T22:07:06.719+0800][14.363s][info][gc,task     ] GC(34) O: Using 1 Workers for Old Generation
[2026-01-06T22:07:06.719+0800][14.363s][info][gc,phases   ] GC(34) O: Concurrent Remap Roots 0.049ms
[2026-01-06T22:07:06.719+0800][14.363s][info][gc,phases   ] GC(34) O: Pause Relocate Start 0.001ms
[2026-01-06T22:07:06.719+0800][14.363s][info][gc,phases   ] GC(34) O: Concurrent Relocate 0.008ms
[2026-01-06T22:07:06.720+0800][14.363s][info][gc,alloc    ] GC(34) O:                         Mark Start        Mark End      Relocate Start    Relocate End   
[2026-01-06T22:07:06.720+0800][14.363s][info][gc,alloc    ] GC(34) O: Allocation Stalls:          0                0                0                0         
[2026-01-06T22:07:06.720+0800][14.363s][info][gc,load     ] GC(34) O: Load: 1.49 (15%) / 1.70 (17%) / 1.98 (20%)
[2026-01-06T22:07:06.720+0800][14.363s][info][gc,mmu      ] GC(34) O: MMU: 2ms/97.4%, 5ms/98.6%, 10ms/99.3%, 20ms/99.5%, 50ms/99.8%, 100ms/99.9%
[2026-01-06T22:07:06.720+0800][14.363s][info][gc,marking  ] GC(34) O: Mark: 1 stripe(s), 2 proactive flush(es), 1 terminate flush(es), 0 completion(s), 0 continuation(s) 
[2026-01-06T22:07:06.720+0800][14.363s][info][gc,nmethod  ] GC(34) O: NMethods: 120 registered, 37 unregistered
[2026-01-06T22:07:06.720+0800][14.363s][info][gc,metaspace] GC(34) O: Metaspace: 0M used, 0M committed, 1088M reserved
[2026-01-06T22:07:06.720+0800][14.363s][info][gc,ref      ] GC(34) O:                       Encountered   Discovered     Enqueued 
[2026-01-06T22:07:06.720+0800][14.363s][info][gc,ref      ] GC(34) O: Soft References:                1            0            0 
[2026-01-06T22:07:06.720+0800][14.363s][info][gc,ref      ] GC(34) O: Weak References:                6            0            0 
[2026-01-06T22:07:06.720+0800][14.363s][info][gc,ref      ] GC(34) O: Final References:               0            0            0 
[2026-01-06T22:07:06.720+0800][14.363s][info][gc,ref      ] GC(34) O: Phantom References:             1            1            0 
[2026-01-06T22:07:06.720+0800][14.363s][info][gc,reloc    ] GC(34) O:                        Candidates     Selected     In-Place         Size        Empty    Relocated 
[2026-01-06T22:07:06.720+0800][14.363s][info][gc,reloc    ] GC(34) O: Small Pages:                    1            0            0           2M           0M           0M 
[2026-01-06T22:07:06.720+0800][14.363s][info][gc,reloc    ] GC(34) O: Medium Pages:                   0            0            0           0M           0M           0M 
[2026-01-06T22:07:06.720+0800][14.363s][info][gc,reloc    ] GC(34) O: Large Pages:                    0            0            0           0M           0M           0M 
[2026-01-06T22:07:06.720+0800][14.363s][info][gc,reloc    ] GC(34) O: Forwarding Usage: 0M
[2026-01-06T22:07:06.720+0800][14.363s][info][gc,heap     ] GC(34) O: Min Capacity: 8M(0%)
[2026-01-06T22:07:06.720+0800][14.363s][info][gc,heap     ] GC(34) O: Max Capacity: 4096M(100%)
[2026-01-06T22:07:06.720+0800][14.363s][info][gc,heap     ] GC(34) O: Soft Max Capacity: 3686M(90%)
[2026-01-06T22:07:06.720+0800][14.363s][info][gc,heap     ] GC(34) O: Heap Statistics:
[2026-01-06T22:07:06.720+0800][14.363s][info][gc,heap     ] GC(34) O:                Mark Start          Mark End        Relocate Start      Relocate End           High               Low         
[2026-01-06T22:07:06.720+0800][14.363s][info][gc,heap     ] GC(34) O:  Capacity:     3498M (85%)        3498M (85%)        3498M (85%)        3498M (85%)        3498M (85%)        3498M (85%)    
[2026-01-06T22:07:06.720+0800][14.363s][info][gc,heap     ] GC(34) O:      Free:     2292M (56%)        4082M (100%)       4078M (100%)       4078M (100%)       4090M (100%)       2290M (56%)    
[2026-01-06T22:07:06.720+0800][14.363s][info][gc,heap     ] GC(34) O:      Used:     1804M (44%)          14M (0%)           18M (0%)           18M (0%)         1806M (44%)           6M (0%)     
[2026-01-06T22:07:06.720+0800][14.363s][info][gc,heap     ] GC(34) O: Old Generation Statistics:
[2026-01-06T22:07:06.720+0800][14.363s][info][gc,heap     ] GC(34) O:                Mark Start          Mark End        Relocate Start      Relocate End    
[2026-01-06T22:07:06.720+0800][14.363s][info][gc,heap     ] GC(34) O:      Used:        2M (0%)            2M (0%)            2M (0%)            2M (0%)     
[2026-01-06T22:07:06.720+0800][14.363s][info][gc,heap     ] GC(34) O:      Live:         -                 0M (0%)            0M (0%)            0M (0%)     
[2026-01-06T22:07:06.720+0800][14.363s][info][gc,heap     ] GC(34) O:   Garbage:         -                 1M (0%)            1M (0%)            1M (0%)     
[2026-01-06T22:07:06.720+0800][14.363s][info][gc,heap     ] GC(34) O: Allocated:         -                 0M (0%)            0M (0%)            0M (0%)     
[2026-01-06T22:07:06.720+0800][14.363s][info][gc,heap     ] GC(34) O: Reclaimed:         -                  -                 0M (0%)            0M (0%)     
[2026-01-06T22:07:06.720+0800][14.363s][info][gc,heap     ] GC(34) O: Compacted:         -                  -                  -                 0M (0%)     
[2026-01-06T22:07:06.720+0800][14.363s][info][gc,phases   ] GC(34) O: Old Generation 6M(0%)->18M(0%) 0.001s
[2026-01-06T22:07:06.720+0800][14.363s][info][gc          ] GC(34) Major Collection (Proactive) 1804M(44%)->20M(0%) 0.002s
[2026-01-06T22:07:06.811+0800][14.455s][info][gc          ] GC(35) Major Collection (Proactive)
[2026-01-06T22:07:06.811+0800][14.455s][info][gc,task     ] GC(35) Using 1 Workers for Young Generation
[2026-01-06T22:07:06.811+0800][14.455s][info][gc,task     ] GC(35) Using 1 Workers for Old Generation
[2026-01-06T22:07:06.811+0800][14.455s][info][gc,phases   ] GC(35) Y: Young Generation
[2026-01-06T22:07:06.811+0800][14.455s][info][gc,phases   ] GC(35) Y: Pause Mark Start (Major) 0.004ms
[2026-01-06T22:07:06.812+0800][14.455s][info][gc,phases   ] GC(35) Y: Concurrent Mark 0.193ms
[2026-01-06T22:07:06.812+0800][14.455s][info][gc,phases   ] GC(35) Y: Pause Mark End 0.004ms
[2026-01-06T22:07:06.812+0800][14.455s][info][gc,phases   ] GC(35) Y: Concurrent Mark Free 0.000ms
[2026-01-06T22:07:06.812+0800][14.455s][info][gc,phases   ] GC(35) Y: Concurrent Reset Relocation Set 0.000ms
[2026-01-06T22:07:06.812+0800][14.456s][info][gc,reloc    ] GC(35) Y: Using tenuring threshold: 1 (Computed)
[2026-01-06T22:07:06.812+0800][14.456s][info][gc,phases   ] GC(35) Y: Concurrent Select Relocation Set 0.281ms
[2026-01-06T22:07:06.812+0800][14.456s][info][gc,phases   ] GC(35) Y: Pause Relocate Start 0.002ms
[2026-01-06T22:07:06.812+0800][14.456s][info][gc,phases   ] GC(35) Y: Concurrent Relocate 0.044ms
[2026-01-06T22:07:06.812+0800][14.456s][info][gc,alloc    ] GC(35) Y:                         Mark Start        Mark End      Relocate Start    Relocate End   
[2026-01-06T22:07:06.812+0800][14.456s][info][gc,alloc    ] GC(35) Y: Allocation Stalls:          0                0                0                0         
[2026-01-06T22:07:06.812+0800][14.456s][info][gc,load     ] GC(35) Y: Load: 1.49 (15%) / 1.70 (17%) / 1.98 (20%)
[2026-01-06T22:07:06.812+0800][14.456s][info][gc,mmu      ] GC(35) Y: MMU: 2ms/97.4%, 5ms/98.6%, 10ms/99.3%, 20ms/99.5%, 50ms/99.8%, 100ms/99.9%
[2026-01-06T22:07:06.812+0800][14.456s][info][gc,marking  ] GC(35) Y: Mark: 1 stripe(s), 2 proactive flush(es), 1 terminate flush(es), 0 completion(s), 0 continuation(s) 
[2026-01-06T22:07:06.812+0800][14.456s][info][gc,nmethod  ] GC(35) Y: NMethods: 120 registered, 37 unregistered
[2026-01-06T22:07:06.812+0800][14.456s][info][gc,metaspace] GC(35) Y: Metaspace: 0M used, 0M committed, 1088M reserved
[2026-01-06T22:07:06.812+0800][14.456s][info][gc,reloc    ] GC(35) Y:                        Candidates     Selected     In-Place         Size        Empty    Relocated 
[2026-01-06T22:07:06.812+0800][14.456s][info][gc,reloc    ] GC(35) Y: Small Pages:                  841            0            0        1682M        1680M           0M 
[2026-01-06T22:07:06.812+0800][14.456s][info][gc,reloc    ] GC(35) Y: Medium Pages:                   0            0            0           0M           0M           0M 
[2026-01-06T22:07:06.812+0800][14.456s][info][gc,reloc    ] GC(35) Y: Large Pages:                    0            0            0           0M           0M           0M 
[2026-01-06T22:07:06.812+0800][14.456s][info][gc,reloc    ] GC(35) Y: Forwarding Usage: 0M
[2026-01-06T22:07:06.812+0800][14.456s][info][gc,reloc    ] GC(35) Y: Age Table:
[2026-01-06T22:07:06.812+0800][14.456s][info][gc,reloc    ] GC(35) Y:                    Live             Garbage             Small              Medium             Large        
[2026-01-06T22:07:06.812+0800][14.456s][info][gc,reloc    ] GC(35) Y: Eden               0M (0%)         1679M (41%)        840 / 0              0 / 0              0 / 0        
[2026-01-06T22:07:06.812+0800][14.456s][info][gc,reloc    ] GC(35) Y: Survivor 1          -                 2M (0%)           1 / 0              0 / 0              0 / 0        
[2026-01-06T22:07:06.812+0800][14.456s][info][gc,heap     ] GC(35) Y: Min Capacity: 8M(0%)
[2026-01-06T22:07:06.812+0800][14.456s][info][gc,heap     ] GC(35) Y: Max Capacity: 4096M(100%)
[2026-01-06T22:07:06.812+0800][14.456s][info][gc,heap     ] GC(35) Y: Soft Max Capacity: 3686M(90%)
[2026-01-06T22:07:06.812+0800][14.456s][info][gc,heap     ] GC(35) Y: Heap Statistics:
[2026-01-06T22:07:06.812+0800][14.456s][info][gc,heap     ] GC(35) Y:                Mark Start          Mark End        Relocate Start      Relocate End           High               Low         
[2026-01-06T22:07:06.812+0800][14.456s][info][gc,heap     ] GC(35) Y:  Capacity:     3498M (85%)        3498M (85%)        3498M (85%)        3498M (85%)        3498M (85%)        3498M (85%)    
[2026-01-06T22:07:06.812+0800][14.456s][info][gc,heap     ] GC(35) Y:      Free:     2412M (59%)        2408M (59%)        4086M (100%)       4086M (100%)       4086M (100%)       2408M (59%)    
[2026-01-06T22:07:06.812+0800][14.456s][info][gc,heap     ] GC(35) Y:      Used:     1684M (41%)        1688M (41%)          10M (0%)           10M (0%)         1688M (41%)          10M (0%)     
[2026-01-06T22:07:06.812+0800][14.456s][info][gc,heap     ] GC(35) Y: Young Generation Statistics:
[2026-01-06T22:07:06.812+0800][14.456s][info][gc,heap     ] GC(35) Y:                Mark Start          Mark End        Relocate Start      Relocate End    
[2026-01-06T22:07:06.812+0800][14.456s][info][gc,heap     ] GC(35) Y:      Used:     1682M (41%)        1686M (41%)           8M (0%)            8M (0%)     
[2026-01-06T22:07:06.812+0800][14.456s][info][gc,heap     ] GC(35) Y:      Live:         -                 0M (0%)            0M (0%)            0M (0%)     
[2026-01-06T22:07:06.812+0800][14.456s][info][gc,heap     ] GC(35) Y:   Garbage:         -              1681M (41%)           1M (0%)            1M (0%)     
[2026-01-06T22:07:06.812+0800][14.456s][info][gc,heap     ] GC(35) Y: Allocated:         -                 4M (0%)            6M (0%)            6M (0%)     
[2026-01-06T22:07:06.812+0800][14.456s][info][gc,heap     ] GC(35) Y: Reclaimed:         -                  -              1680M (41%)        1680M (41%)    
[2026-01-06T22:07:06.812+0800][14.456s][info][gc,heap     ] GC(35) Y:  Promoted:         -                  -                 0M (0%)            0M (0%)     
[2026-01-06T22:07:06.812+0800][14.456s][info][gc,heap     ] GC(35) Y: Compacted:         -                  -                  -                 0M (0%)     
[2026-01-06T22:07:06.812+0800][14.456s][info][gc,phases   ] GC(35) Y: Young Generation 1684M(41%)->10M(0%) 0.001s
[2026-01-06T22:07:06.812+0800][14.456s][info][gc,phases   ] GC(35) O: Old Generation
[2026-01-06T22:07:06.813+0800][14.457s][info][gc,phases   ] GC(35) O: Concurrent Mark 0.725ms
[2026-01-06T22:07:06.813+0800][14.457s][info][gc,phases   ] GC(35) O: Pause Mark End 0.003ms
[2026-01-06T22:07:06.813+0800][14.457s][info][gc,phases   ] GC(35) O: Concurrent Mark Free 0.001ms
[2026-01-06T22:07:06.813+0800][14.457s][info][gc,phases   ] GC(35) O: Concurrent Process Non-Strong 0.132ms
[2026-01-06T22:07:06.813+0800][14.457s][info][gc,phases   ] GC(35) O: Concurrent Reset Relocation Set 0.000ms
[2026-01-06T22:07:06.813+0800][14.457s][info][gc,phases   ] GC(35) O: Concurrent Select Relocation Set 0.016ms
[2026-01-06T22:07:06.813+0800][14.457s][info][gc,task     ] GC(35) O: Using 2 Workers for Old Generation
[2026-01-06T22:07:06.813+0800][14.457s][info][gc,task     ] GC(35) O: Using 1 Workers for Old Generation
[2026-01-06T22:07:06.813+0800][14.457s][info][gc,phases   ] GC(35) O: Concurrent Remap Roots 0.051ms
[2026-01-06T22:07:06.813+0800][14.457s][info][gc,phases   ] GC(35) O: Pause Relocate Start 0.001ms
[2026-01-06T22:07:06.813+0800][14.457s][info][gc,phases   ] GC(35) O: Concurrent Relocate 0.007ms
[2026-01-06T22:07:06.813+0800][14.457s][info][gc,alloc    ] GC(35) O:                         Mark Start        Mark End      Relocate Start    Relocate End   
[2026-01-06T22:07:06.813+0800][14.457s][info][gc,alloc    ] GC(35) O: Allocation Stalls:          0                0                0                0         
[2026-01-06T22:07:06.813+0800][14.457s][info][gc,load     ] GC(35) O: Load: 1.49 (15%) / 1.70 (17%) / 1.98 (20%)
[2026-01-06T22:07:06.813+0800][14.457s][info][gc,mmu      ] GC(35) O: MMU: 2ms/97.4%, 5ms/98.6%, 10ms/99.3%, 20ms/99.5%, 50ms/99.8%, 100ms/99.9%
[2026-01-06T22:07:06.813+0800][14.457s][info][gc,marking  ] GC(35) O: Mark: 1 stripe(s), 2 proactive flush(es), 1 terminate flush(es), 0 completion(s), 0 continuation(s) 
[2026-01-06T22:07:06.813+0800][14.457s][info][gc,nmethod  ] GC(35) O: NMethods: 120 registered, 37 unregistered
[2026-01-06T22:07:06.813+0800][14.457s][info][gc,metaspace] GC(35) O: Metaspace: 0M used, 0M committed, 1088M reserved
[2026-01-06T22:07:06.813+0800][14.457s][info][gc,ref      ] GC(35) O:                       Encountered   Discovered     Enqueued 
[2026-01-06T22:07:06.813+0800][14.457s][info][gc,ref      ] GC(35) O: Soft References:                1            0            0 
[2026-01-06T22:07:06.813+0800][14.457s][info][gc,ref      ] GC(35) O: Weak References:                6            0            0 
[2026-01-06T22:07:06.813+0800][14.457s][info][gc,ref      ] GC(35) O: Final References:               0            0            0 
[2026-01-06T22:07:06.813+0800][14.457s][info][gc,ref      ] GC(35) O: Phantom References:             1            1            0 
[2026-01-06T22:07:06.813+0800][14.457s][info][gc,reloc    ] GC(35) O:                        Candidates     Selected     In-Place         Size        Empty    Relocated 
[2026-01-06T22:07:06.813+0800][14.457s][info][gc,reloc    ] GC(35) O: Small Pages:                    1            0            0           2M           0M           0M 
[2026-01-06T22:07:06.813+0800][14.457s][info][gc,reloc    ] GC(35) O: Medium Pages:                   0            0            0           0M           0M           0M 
[2026-01-06T22:07:06.813+0800][14.457s][info][gc,reloc    ] GC(35) O: Large Pages:                    0            0            0           0M           0M           0M 
[2026-01-06T22:07:06.813+0800][14.457s][info][gc,reloc    ] GC(35) O: Forwarding Usage: 0M
[2026-01-06T22:07:06.813+0800][14.457s][info][gc,heap     ] GC(35) O: Min Capacity: 8M(0%)
[2026-01-06T22:07:06.813+0800][14.457s][info][gc,heap     ] GC(35) O: Max Capacity: 4096M(100%)
[2026-01-06T22:07:06.813+0800][14.457s][info][gc,heap     ] GC(35) O: Soft Max Capacity: 3686M(90%)
[2026-01-06T22:07:06.813+0800][14.457s][info][gc,heap     ] GC(35) O: Heap Statistics:
[2026-01-06T22:07:06.813+0800][14.457s][info][gc,heap     ] GC(35) O:                Mark Start          Mark End        Relocate Start      Relocate End           High               Low         
[2026-01-06T22:07:06.813+0800][14.457s][info][gc,heap     ] GC(35) O:  Capacity:     3498M (85%)        3498M (85%)        3498M (85%)        3498M (85%)        3498M (85%)        3498M (85%)    
[2026-01-06T22:07:06.813+0800][14.457s][info][gc,heap     ] GC(35) O:      Free:     2412M (59%)        4068M (99%)        4068M (99%)        4068M (99%)        4086M (100%)       2408M (59%)    
[2026-01-06T22:07:06.813+0800][14.457s][info][gc,heap     ] GC(35) O:      Used:     1684M (41%)          28M (1%)           28M (1%)           28M (1%)         1688M (41%)          10M (0%)     
[2026-01-06T22:07:06.813+0800][14.457s][info][gc,heap     ] GC(35) O: Old Generation Statistics:
[2026-01-06T22:07:06.813+0800][14.457s][info][gc,heap     ] GC(35) O:                Mark Start          Mark End        Relocate Start      Relocate End    
[2026-01-06T22:07:06.813+0800][14.457s][info][gc,heap     ] GC(35) O:      Used:        2M (0%)            2M (0%)            2M (0%)            2M (0%)     
[2026-01-06T22:07:06.813+0800][14.457s][info][gc,heap     ] GC(35) O:      Live:         -                 0M (0%)            0M (0%)            0M (0%)     
[2026-01-06T22:07:06.813+0800][14.457s][info][gc,heap     ] GC(35) O:   Garbage:         -                 1M (0%)            1M (0%)            1M (0%)     
[2026-01-06T22:07:06.813+0800][14.457s][info][gc,heap     ] GC(35) O: Allocated:         -                 0M (0%)            0M (0%)            0M (0%)     
[2026-01-06T22:07:06.813+0800][14.457s][info][gc,heap     ] GC(35) O: Reclaimed:         -                  -                 0M (0%)            0M (0%)     
[2026-01-06T22:07:06.813+0800][14.457s][info][gc,heap     ] GC(35) O: Compacted:         -                  -                  -                 0M (0%)     
[2026-01-06T22:07:06.813+0800][14.457s][info][gc,phases   ] GC(35) O: Old Generation 12M(0%)->28M(1%) 0.001s
[2026-01-06T22:07:06.813+0800][14.457s][info][gc          ] GC(35) Major Collection (Proactive) 1684M(41%)->32M(1%) 0.002s
[2026-01-06T22:07:06.928+0800][14.572s][info][gc          ] GC(36) Major Collection (Proactive)
[2026-01-06T22:07:06.928+0800][14.572s][info][gc,task     ] GC(36) Using 1 Workers for Young Generation
[2026-01-06T22:07:06.928+0800][14.572s][info][gc,task     ] GC(36) Using 1 Workers for Old Generation
[2026-01-06T22:07:06.928+0800][14.572s][info][gc,phases   ] GC(36) Y: Young Generation
[2026-01-06T22:07:06.929+0800][14.573s][info][gc,phases   ] GC(36) Y: Pause Mark Start (Major) 0.006ms
[2026-01-06T22:07:06.929+0800][14.573s][info][gc,phases   ] GC(36) Y: Concurrent Mark 0.170ms
[2026-01-06T22:07:06.929+0800][14.573s][info][gc,phases   ] GC(36) Y: Pause Mark End 0.004ms
[2026-01-06T22:07:06.929+0800][14.573s][info][gc,phases   ] GC(36) Y: Concurrent Mark Free 0.000ms
[2026-01-06T22:07:06.929+0800][14.573s][info][gc,phases   ] GC(36) Y: Concurrent Reset Relocation Set 0.000ms
[2026-01-06T22:07:06.929+0800][14.573s][info][gc,reloc    ] GC(36) Y: Using tenuring threshold: 1 (Computed)
[2026-01-06T22:07:06.929+0800][14.573s][info][gc,phases   ] GC(36) Y: Concurrent Select Relocation Set 0.263ms
[2026-01-06T22:07:06.929+0800][14.573s][info][gc,phases   ] GC(36) Y: Pause Relocate Start 0.001ms
[2026-01-06T22:07:06.929+0800][14.573s][info][gc,phases   ] GC(36) Y: Concurrent Relocate 0.009ms
[2026-01-06T22:07:06.929+0800][14.573s][info][gc,alloc    ] GC(36) Y:                         Mark Start        Mark End      Relocate Start    Relocate End   
[2026-01-06T22:07:06.929+0800][14.573s][info][gc,alloc    ] GC(36) Y: Allocation Stalls:          0                0                0                0         
[2026-01-06T22:07:06.929+0800][14.573s][info][gc,load     ] GC(36) Y: Load: 1.49 (15%) / 1.70 (17%) / 1.98 (20%)
[2026-01-06T22:07:06.929+0800][14.573s][info][gc,mmu      ] GC(36) Y: MMU: 2ms/97.4%, 5ms/98.6%, 10ms/99.3%, 20ms/99.5%, 50ms/99.8%, 100ms/99.9%
[2026-01-06T22:07:06.929+0800][14.573s][info][gc,marking  ] GC(36) Y: Mark: 1 stripe(s), 2 proactive flush(es), 1 terminate flush(es), 0 completion(s), 0 continuation(s) 
[2026-01-06T22:07:06.929+0800][14.573s][info][gc,nmethod  ] GC(36) Y: NMethods: 120 registered, 37 unregistered
[2026-01-06T22:07:06.929+0800][14.573s][info][gc,metaspace] GC(36) Y: Metaspace: 0M used, 0M committed, 1088M reserved
[2026-01-06T22:07:06.929+0800][14.573s][info][gc,reloc    ] GC(36) Y:                        Candidates     Selected     In-Place         Size        Empty    Relocated 
[2026-01-06T22:07:06.929+0800][14.573s][info][gc,reloc    ] GC(36) Y: Small Pages:                  915            0            0        1830M        1828M           0M 
[2026-01-06T22:07:06.929+0800][14.573s][info][gc,reloc    ] GC(36) Y: Medium Pages:                   0            0            0           0M           0M           0M 
[2026-01-06T22:07:06.929+0800][14.573s][info][gc,reloc    ] GC(36) Y: Large Pages:                    0            0            0           0M           0M           0M 
[2026-01-06T22:07:06.929+0800][14.573s][info][gc,reloc    ] GC(36) Y: Forwarding Usage: 0M
[2026-01-06T22:07:06.929+0800][14.573s][info][gc,reloc    ] GC(36) Y: Age Table:
[2026-01-06T22:07:06.929+0800][14.573s][info][gc,reloc    ] GC(36) Y:                    Live             Garbage             Small              Medium             Large        
[2026-01-06T22:07:06.929+0800][14.573s][info][gc,reloc    ] GC(36) Y: Eden               0M (0%)         1827M (45%)        914 / 0              0 / 0              0 / 0        
[2026-01-06T22:07:06.929+0800][14.573s][info][gc,reloc    ] GC(36) Y: Survivor 1          -                 2M (0%)           1 / 0              0 / 0              0 / 0        
[2026-01-06T22:07:06.929+0800][14.573s][info][gc,heap     ] GC(36) Y: Min Capacity: 8M(0%)
[2026-01-06T22:07:06.929+0800][14.573s][info][gc,heap     ] GC(36) Y: Max Capacity: 4096M(100%)
[2026-01-06T22:07:06.929+0800][14.573s][info][gc,heap     ] GC(36) Y: Soft Max Capacity: 3686M(90%)
[2026-01-06T22:07:06.929+0800][14.573s][info][gc,heap     ] GC(36) Y: Heap Statistics:
[2026-01-06T22:07:06.929+0800][14.573s][info][gc,heap     ] GC(36) Y:                Mark Start          Mark End        Relocate Start      Relocate End           High               Low         
[2026-01-06T22:07:06.929+0800][14.573s][info][gc,heap     ] GC(36) Y:  Capacity:     3498M (85%)        3498M (85%)        3498M (85%)        3498M (85%)        3498M (85%)        3498M (85%)    
[2026-01-06T22:07:06.929+0800][14.573s][info][gc,heap     ] GC(36) Y:      Free:     2264M (55%)        2262M (55%)        4088M (100%)       4088M (100%)       4090M (100%)       2262M (55%)    
[2026-01-06T22:07:06.929+0800][14.573s][info][gc,heap     ] GC(36) Y:      Used:     1832M (45%)        1834M (45%)           8M (0%)            8M (0%)         1834M (45%)           6M (0%)     
[2026-01-06T22:07:06.929+0800][14.573s][info][gc,heap     ] GC(36) Y: Young Generation Statistics:
[2026-01-06T22:07:06.929+0800][14.573s][info][gc,heap     ] GC(36) Y:                Mark Start          Mark End        Relocate Start      Relocate End    
[2026-01-06T22:07:06.929+0800][14.573s][info][gc,heap     ] GC(36) Y:      Used:     1830M (45%)        1832M (45%)           6M (0%)            6M (0%)     
[2026-01-06T22:07:06.929+0800][14.573s][info][gc,heap     ] GC(36) Y:      Live:         -                 0M (0%)            0M (0%)            0M (0%)     
[2026-01-06T22:07:06.929+0800][14.573s][info][gc,heap     ] GC(36) Y:   Garbage:         -              1829M (45%)           1M (0%)            1M (0%)     
[2026-01-06T22:07:06.929+0800][14.573s][info][gc,heap     ] GC(36) Y: Allocated:         -                 2M (0%)            4M (0%)            4M (0%)     
[2026-01-06T22:07:06.929+0800][14.573s][info][gc,heap     ] GC(36) Y: Reclaimed:         -                  -              1828M (45%)        1828M (45%)    
[2026-01-06T22:07:06.929+0800][14.573s][info][gc,heap     ] GC(36) Y:  Promoted:         -                  -                 0M (0%)            0M (0%)     
[2026-01-06T22:07:06.929+0800][14.573s][info][gc,heap     ] GC(36) Y: Compacted:         -                  -                  -                 0M (0%)     
[2026-01-06T22:07:06.929+0800][14.573s][info][gc,phases   ] GC(36) Y: Young Generation 1832M(45%)->8M(0%) 0.001s
[2026-01-06T22:07:06.929+0800][14.573s][info][gc,phases   ] GC(36) O: Old Generation
[2026-01-06T22:07:06.930+0800][14.574s][info][gc,phases   ] GC(36) O: Concurrent Mark 0.688ms
[2026-01-06T22:07:06.930+0800][14.574s][info][gc,phases   ] GC(36) O: Pause Mark End 0.005ms
[2026-01-06T22:07:06.930+0800][14.574s][info][gc,phases   ] GC(36) O: Concurrent Mark Free 0.000ms
[2026-01-06T22:07:06.930+0800][14.574s][info][gc,phases   ] GC(36) O: Concurrent Process Non-Strong 0.125ms
[2026-01-06T22:07:06.930+0800][14.574s][info][gc,phases   ] GC(36) O: Concurrent Reset Relocation Set 0.000ms
[2026-01-06T22:07:06.930+0800][14.574s][info][gc,phases   ] GC(36) O: Concurrent Select Relocation Set 0.019ms
[2026-01-06T22:07:06.930+0800][14.574s][info][gc,task     ] GC(36) O: Using 2 Workers for Old Generation
[2026-01-06T22:07:06.930+0800][14.574s][info][gc,task     ] GC(36) O: Using 1 Workers for Old Generation
[2026-01-06T22:07:06.930+0800][14.574s][info][gc,phases   ] GC(36) O: Concurrent Remap Roots 0.048ms
[2026-01-06T22:07:06.930+0800][14.574s][info][gc,phases   ] GC(36) O: Pause Relocate Start 0.002ms
[2026-01-06T22:07:06.930+0800][14.574s][info][gc,phases   ] GC(36) O: Concurrent Relocate 0.008ms
[2026-01-06T22:07:06.930+0800][14.574s][info][gc,alloc    ] GC(36) O:                         Mark Start        Mark End      Relocate Start    Relocate End   
[2026-01-06T22:07:06.930+0800][14.574s][info][gc,alloc    ] GC(36) O: Allocation Stalls:          0                0                0                0         
[2026-01-06T22:07:06.930+0800][14.574s][info][gc,load     ] GC(36) O: Load: 1.49 (15%) / 1.70 (17%) / 1.98 (20%)
[2026-01-06T22:07:06.930+0800][14.574s][info][gc,mmu      ] GC(36) O: MMU: 2ms/97.4%, 5ms/98.6%, 10ms/99.3%, 20ms/99.5%, 50ms/99.8%, 100ms/99.9%
[2026-01-06T22:07:06.930+0800][14.574s][info][gc,marking  ] GC(36) O: Mark: 1 stripe(s), 2 proactive flush(es), 1 terminate flush(es), 0 completion(s), 0 continuation(s) 
[2026-01-06T22:07:06.930+0800][14.574s][info][gc,nmethod  ] GC(36) O: NMethods: 120 registered, 37 unregistered
[2026-01-06T22:07:06.930+0800][14.574s][info][gc,metaspace] GC(36) O: Metaspace: 0M used, 0M committed, 1088M reserved
[2026-01-06T22:07:06.930+0800][14.574s][info][gc,ref      ] GC(36) O:                       Encountered   Discovered     Enqueued 
[2026-01-06T22:07:06.930+0800][14.574s][info][gc,ref      ] GC(36) O: Soft References:                1            0            0 
[2026-01-06T22:07:06.930+0800][14.574s][info][gc,ref      ] GC(36) O: Weak References:                6            0            0 
[2026-01-06T22:07:06.930+0800][14.574s][info][gc,ref      ] GC(36) O: Final References:               0            0            0 
[2026-01-06T22:07:06.930+0800][14.574s][info][gc,ref      ] GC(36) O: Phantom References:             1            1            0 
[2026-01-06T22:07:06.930+0800][14.574s][info][gc,reloc    ] GC(36) O:                        Candidates     Selected     In-Place         Size        Empty    Relocated 
[2026-01-06T22:07:06.930+0800][14.574s][info][gc,reloc    ] GC(36) O: Small Pages:                    1            0            0           2M           0M           0M 
[2026-01-06T22:07:06.930+0800][14.574s][info][gc,reloc    ] GC(36) O: Medium Pages:                   0            0            0           0M           0M           0M 
[2026-01-06T22:07:06.930+0800][14.574s][info][gc,reloc    ] GC(36) O: Large Pages:                    0            0            0           0M           0M           0M 
[2026-01-06T22:07:06.930+0800][14.574s][info][gc,reloc    ] GC(36) O: Forwarding Usage: 0M
[2026-01-06T22:07:06.930+0800][14.574s][info][gc,heap     ] GC(36) O: Min Capacity: 8M(0%)
[2026-01-06T22:07:06.931+0800][14.574s][info][gc,heap     ] GC(36) O: Max Capacity: 4096M(100%)
[2026-01-06T22:07:06.931+0800][14.574s][info][gc,heap     ] GC(36) O: Soft Max Capacity: 3686M(90%)
[2026-01-06T22:07:06.931+0800][14.574s][info][gc,heap     ] GC(36) O: Heap Statistics:
[2026-01-06T22:07:06.931+0800][14.574s][info][gc,heap     ] GC(36) O:                Mark Start          Mark End        Relocate Start      Relocate End           High               Low         
[2026-01-06T22:07:06.931+0800][14.574s][info][gc,heap     ] GC(36) O:  Capacity:     3498M (85%)        3498M (85%)        3498M (85%)        3498M (85%)        3498M (85%)        3498M (85%)    
[2026-01-06T22:07:06.931+0800][14.574s][info][gc,heap     ] GC(36) O:      Free:     2264M (55%)        4074M (99%)        4072M (99%)        4070M (99%)        4090M (100%)       2262M (55%)    
[2026-01-06T22:07:06.931+0800][14.574s][info][gc,heap     ] GC(36) O:      Used:     1832M (45%)          22M (1%)           24M (1%)           26M (1%)         1834M (45%)           6M (0%)     
[2026-01-06T22:07:06.931+0800][14.574s][info][gc,heap     ] GC(36) O: Old Generation Statistics:
[2026-01-06T22:07:06.931+0800][14.574s][info][gc,heap     ] GC(36) O:                Mark Start          Mark End        Relocate Start      Relocate End    
[2026-01-06T22:07:06.931+0800][14.574s][info][gc,heap     ] GC(36) O:      Used:        2M (0%)            2M (0%)            2M (0%)            2M (0%)     
[2026-01-06T22:07:06.931+0800][14.574s][info][gc,heap     ] GC(36) O:      Live:         -                 0M (0%)            0M (0%)            0M (0%)     
[2026-01-06T22:07:06.931+0800][14.574s][info][gc,heap     ] GC(36) O:   Garbage:         -                 1M (0%)            1M (0%)            1M (0%)     
[2026-01-06T22:07:06.931+0800][14.574s][info][gc,heap     ] GC(36) O: Allocated:         -                 0M (0%)            0M (0%)            0M (0%)     
[2026-01-06T22:07:06.931+0800][14.574s][info][gc,heap     ] GC(36) O: Reclaimed:         -                  -                 0M (0%)            0M (0%)     
[2026-01-06T22:07:06.931+0800][14.574s][info][gc,heap     ] GC(36) O: Compacted:         -                  -                  -                 0M (0%)     
[2026-01-06T22:07:06.931+0800][14.574s][info][gc,phases   ] GC(36) O: Old Generation 10M(0%)->26M(1%) 0.001s
[2026-01-06T22:07:06.931+0800][14.574s][info][gc          ] GC(36) Major Collection (Proactive) 1832M(45%)->28M(1%) 0.003s
[2026-01-06T22:07:07.096+0800][14.740s][info][gc          ] GC(37) Major Collection (Proactive)
[2026-01-06T22:07:07.096+0800][14.740s][info][gc,task     ] GC(37) Using 1 Workers for Young Generation
[2026-01-06T22:07:07.096+0800][14.740s][info][gc,task     ] GC(37) Using 1 Workers for Old Generation
[2026-01-06T22:07:07.096+0800][14.740s][info][gc,phases   ] GC(37) Y: Young Generation
[2026-01-06T22:07:07.096+0800][14.740s][info][gc,phases   ] GC(37) Y: Pause Mark Start (Major) 0.010ms
[2026-01-06T22:07:07.096+0800][14.740s][info][gc,phases   ] GC(37) Y: Concurrent Mark 0.260ms
[2026-01-06T22:07:07.096+0800][14.740s][info][gc,phases   ] GC(37) Y: Pause Mark End 0.003ms
[2026-01-06T22:07:07.096+0800][14.740s][info][gc,phases   ] GC(37) Y: Concurrent Mark Free 0.002ms
[2026-01-06T22:07:07.096+0800][14.740s][info][gc,phases   ] GC(37) Y: Concurrent Reset Relocation Set 0.000ms
[2026-01-06T22:07:07.097+0800][14.741s][info][gc,reloc    ] GC(37) Y: Using tenuring threshold: 1 (Computed)
[2026-01-06T22:07:07.097+0800][14.741s][info][gc,phases   ] GC(37) Y: Concurrent Select Relocation Set 0.628ms
[2026-01-06T22:07:07.097+0800][14.741s][info][gc,phases   ] GC(37) Y: Pause Relocate Start 0.001ms
[2026-01-06T22:07:07.097+0800][14.741s][info][gc,phases   ] GC(37) Y: Concurrent Relocate 0.051ms
[2026-01-06T22:07:07.097+0800][14.741s][info][gc,alloc    ] GC(37) Y:                         Mark Start        Mark End      Relocate Start    Relocate End   
[2026-01-06T22:07:07.097+0800][14.741s][info][gc,alloc    ] GC(37) Y: Allocation Stalls:          0                0                0                0         
[2026-01-06T22:07:07.097+0800][14.741s][info][gc,load     ] GC(37) Y: Load: 1.49 (15%) / 1.70 (17%) / 1.98 (20%)
[2026-01-06T22:07:07.097+0800][14.741s][info][gc,mmu      ] GC(37) Y: MMU: 2ms/97.4%, 5ms/98.6%, 10ms/99.3%, 20ms/99.5%, 50ms/99.8%, 100ms/99.9%
[2026-01-06T22:07:07.097+0800][14.741s][info][gc,marking  ] GC(37) Y: Mark: 1 stripe(s), 2 proactive flush(es), 1 terminate flush(es), 0 completion(s), 0 continuation(s) 
[2026-01-06T22:07:07.097+0800][14.741s][info][gc,nmethod  ] GC(37) Y: NMethods: 120 registered, 37 unregistered
[2026-01-06T22:07:07.097+0800][14.741s][info][gc,metaspace] GC(37) Y: Metaspace: 0M used, 0M committed, 1088M reserved
[2026-01-06T22:07:07.097+0800][14.741s][info][gc,reloc    ] GC(37) Y:                        Candidates     Selected     In-Place         Size        Empty    Relocated 
[2026-01-06T22:07:07.097+0800][14.741s][info][gc,reloc    ] GC(37) Y: Small Pages:                 1052            0            0        2104M        2102M           0M 
[2026-01-06T22:07:07.097+0800][14.741s][info][gc,reloc    ] GC(37) Y: Medium Pages:                   0            0            0           0M           0M           0M 
[2026-01-06T22:07:07.097+0800][14.741s][info][gc,reloc    ] GC(37) Y: Large Pages:                    0            0            0           0M           0M           0M 
[2026-01-06T22:07:07.097+0800][14.741s][info][gc,reloc    ] GC(37) Y: Forwarding Usage: 0M
[2026-01-06T22:07:07.097+0800][14.741s][info][gc,reloc    ] GC(37) Y: Age Table:
[2026-01-06T22:07:07.097+0800][14.741s][info][gc,reloc    ] GC(37) Y:                    Live             Garbage             Small              Medium             Large        
[2026-01-06T22:07:07.097+0800][14.741s][info][gc,reloc    ] GC(37) Y: Eden               0M (0%)         2101M (51%)       1051 / 0              0 / 0              0 / 0        
[2026-01-06T22:07:07.097+0800][14.741s][info][gc,reloc    ] GC(37) Y: Survivor 1          -                 2M (0%)           1 / 0              0 / 0              0 / 0        
[2026-01-06T22:07:07.097+0800][14.741s][info][gc,heap     ] GC(37) Y: Min Capacity: 8M(0%)
[2026-01-06T22:07:07.097+0800][14.741s][info][gc,heap     ] GC(37) Y: Max Capacity: 4096M(100%)
[2026-01-06T22:07:07.097+0800][14.741s][info][gc,heap     ] GC(37) Y: Soft Max Capacity: 3686M(90%)
[2026-01-06T22:07:07.097+0800][14.741s][info][gc,heap     ] GC(37) Y: Heap Statistics:
[2026-01-06T22:07:07.097+0800][14.741s][info][gc,heap     ] GC(37) Y:                Mark Start          Mark End        Relocate Start      Relocate End           High               Low         
[2026-01-06T22:07:07.097+0800][14.741s][info][gc,heap     ] GC(37) Y:  Capacity:     3498M (85%)        3498M (85%)        3498M (85%)        3498M (85%)        3498M (85%)        3498M (85%)    
[2026-01-06T22:07:07.097+0800][14.741s][info][gc,heap     ] GC(37) Y:      Free:     1990M (49%)        1988M (49%)        4090M (100%)       4088M (100%)       4090M (100%)       1988M (49%)    
[2026-01-06T22:07:07.097+0800][14.741s][info][gc,heap     ] GC(37) Y:      Used:     2106M (51%)        2108M (51%)           6M (0%)            8M (0%)         2108M (51%)           6M (0%)     
[2026-01-06T22:07:07.097+0800][14.741s][info][gc,heap     ] GC(37) Y: Young Generation Statistics:
[2026-01-06T22:07:07.097+0800][14.741s][info][gc,heap     ] GC(37) Y:                Mark Start          Mark End        Relocate Start      Relocate End    
[2026-01-06T22:07:07.097+0800][14.741s][info][gc,heap     ] GC(37) Y:      Used:     2104M (51%)        2106M (51%)           4M (0%)            6M (0%)     
[2026-01-06T22:07:07.097+0800][14.741s][info][gc,heap     ] GC(37) Y:      Live:         -                 0M (0%)            0M (0%)            0M (0%)     
[2026-01-06T22:07:07.097+0800][14.741s][info][gc,heap     ] GC(37) Y:   Garbage:         -              2103M (51%)           1M (0%)            1M (0%)     
[2026-01-06T22:07:07.097+0800][14.741s][info][gc,heap     ] GC(37) Y: Allocated:         -                 2M (0%)            2M (0%)            4M (0%)     
[2026-01-06T22:07:07.097+0800][14.741s][info][gc,heap     ] GC(37) Y: Reclaimed:         -                  -              2102M (51%)        2102M (51%)    
[2026-01-06T22:07:07.097+0800][14.741s][info][gc,heap     ] GC(37) Y:  Promoted:         -                  -                 0M (0%)            0M (0%)     
[2026-01-06T22:07:07.097+0800][14.741s][info][gc,heap     ] GC(37) Y: Compacted:         -                  -                  -                 0M (0%)     
[2026-01-06T22:07:07.097+0800][14.741s][info][gc,phases   ] GC(37) Y: Young Generation 2106M(51%)->8M(0%) 0.001s
[2026-01-06T22:07:07.097+0800][14.741s][info][gc,phases   ] GC(37) O: Old Generation
[2026-01-06T22:07:07.098+0800][14.742s][info][gc,phases   ] GC(37) O: Concurrent Mark 0.709ms
[2026-01-06T22:07:07.098+0800][14.742s][info][gc,phases   ] GC(37) O: Pause Mark End 0.005ms
[2026-01-06T22:07:07.098+0800][14.742s][info][gc,phases   ] GC(37) O: Concurrent Mark Free 0.001ms
[2026-01-06T22:07:07.098+0800][14.742s][info][gc,phases   ] GC(37) O: Concurrent Process Non-Strong 0.137ms
[2026-01-06T22:07:07.098+0800][14.742s][info][gc,phases   ] GC(37) O: Concurrent Reset Relocation Set 0.000ms
[2026-01-06T22:07:07.098+0800][14.742s][info][gc,phases   ] GC(37) O: Concurrent Select Relocation Set 0.019ms
[2026-01-06T22:07:07.098+0800][14.742s][info][gc,task     ] GC(37) O: Using 2 Workers for Old Generation
[2026-01-06T22:07:07.098+0800][14.742s][info][gc,task     ] GC(37) O: Using 1 Workers for Old Generation
[2026-01-06T22:07:07.098+0800][14.742s][info][gc,phases   ] GC(37) O: Concurrent Remap Roots 0.064ms
[2026-01-06T22:07:07.098+0800][14.742s][info][gc,phases   ] GC(37) O: Pause Relocate Start 0.001ms
[2026-01-06T22:07:07.098+0800][14.742s][info][gc,phases   ] GC(37) O: Concurrent Relocate 0.008ms
[2026-01-06T22:07:07.098+0800][14.742s][info][gc,alloc    ] GC(37) O:                         Mark Start        Mark End      Relocate Start    Relocate End   
[2026-01-06T22:07:07.098+0800][14.742s][info][gc,alloc    ] GC(37) O: Allocation Stalls:          0                0                0                0         
[2026-01-06T22:07:07.098+0800][14.742s][info][gc,load     ] GC(37) O: Load: 1.49 (15%) / 1.70 (17%) / 1.98 (20%)
[2026-01-06T22:07:07.098+0800][14.742s][info][gc,mmu      ] GC(37) O: MMU: 2ms/97.4%, 5ms/98.6%, 10ms/99.3%, 20ms/99.5%, 50ms/99.8%, 100ms/99.9%
[2026-01-06T22:07:07.098+0800][14.742s][info][gc,marking  ] GC(37) O: Mark: 1 stripe(s), 2 proactive flush(es), 1 terminate flush(es), 0 completion(s), 0 continuation(s) 
[2026-01-06T22:07:07.098+0800][14.742s][info][gc,nmethod  ] GC(37) O: NMethods: 120 registered, 37 unregistered
[2026-01-06T22:07:07.098+0800][14.742s][info][gc,metaspace] GC(37) O: Metaspace: 0M used, 0M committed, 1088M reserved
[2026-01-06T22:07:07.098+0800][14.742s][info][gc,ref      ] GC(37) O:                       Encountered   Discovered     Enqueued 
[2026-01-06T22:07:07.098+0800][14.742s][info][gc,ref      ] GC(37) O: Soft References:                1            0            0 
[2026-01-06T22:07:07.098+0800][14.742s][info][gc,ref      ] GC(37) O: Weak References:                6            0            0 
[2026-01-06T22:07:07.098+0800][14.742s][info][gc,ref      ] GC(37) O: Final References:               0            0            0 
[2026-01-06T22:07:07.098+0800][14.742s][info][gc,ref      ] GC(37) O: Phantom References:             1            1            0 
[2026-01-06T22:07:07.098+0800][14.742s][info][gc,reloc    ] GC(37) O:                        Candidates     Selected     In-Place         Size        Empty    Relocated 
[2026-01-06T22:07:07.098+0800][14.742s][info][gc,reloc    ] GC(37) O: Small Pages:                    1            0            0           2M           0M           0M 
[2026-01-06T22:07:07.098+0800][14.742s][info][gc,reloc    ] GC(37) O: Medium Pages:                   0            0            0           0M           0M           0M 
[2026-01-06T22:07:07.098+0800][14.742s][info][gc,reloc    ] GC(37) O: Large Pages:                    0            0            0           0M           0M           0M 
[2026-01-06T22:07:07.098+0800][14.742s][info][gc,reloc    ] GC(37) O: Forwarding Usage: 0M
[2026-01-06T22:07:07.098+0800][14.742s][info][gc,heap     ] GC(37) O: Min Capacity: 8M(0%)
[2026-01-06T22:07:07.098+0800][14.742s][info][gc,heap     ] GC(37) O: Max Capacity: 4096M(100%)
[2026-01-06T22:07:07.098+0800][14.742s][info][gc,heap     ] GC(37) O: Soft Max Capacity: 3686M(90%)
[2026-01-06T22:07:07.098+0800][14.742s][info][gc,heap     ] GC(37) O: Heap Statistics:
[2026-01-06T22:07:07.098+0800][14.742s][info][gc,heap     ] GC(37) O:                Mark Start          Mark End        Relocate Start      Relocate End           High               Low         
[2026-01-06T22:07:07.098+0800][14.742s][info][gc,heap     ] GC(37) O:  Capacity:     3498M (85%)        3498M (85%)        3498M (85%)        3498M (85%)        3498M (85%)        3498M (85%)    
[2026-01-06T22:07:07.098+0800][14.742s][info][gc,heap     ] GC(37) O:      Free:     1990M (49%)        4082M (100%)       4080M (100%)       4080M (100%)       4090M (100%)       1988M (49%)    
[2026-01-06T22:07:07.098+0800][14.742s][info][gc,heap     ] GC(37) O:      Used:     2106M (51%)          14M (0%)           16M (0%)           16M (0%)         2108M (51%)           6M (0%)     
[2026-01-06T22:07:07.098+0800][14.742s][info][gc,heap     ] GC(37) O: Old Generation Statistics:
[2026-01-06T22:07:07.098+0800][14.742s][info][gc,heap     ] GC(37) O:                Mark Start          Mark End        Relocate Start      Relocate End    
[2026-01-06T22:07:07.098+0800][14.742s][info][gc,heap     ] GC(37) O:      Used:        2M (0%)            2M (0%)            2M (0%)            2M (0%)     
[2026-01-06T22:07:07.098+0800][14.742s][info][gc,heap     ] GC(37) O:      Live:         -                 0M (0%)            0M (0%)            0M (0%)     
[2026-01-06T22:07:07.098+0800][14.742s][info][gc,heap     ] GC(37) O:   Garbage:         -                 1M (0%)            1M (0%)            1M (0%)     
[2026-01-06T22:07:07.098+0800][14.742s][info][gc,heap     ] GC(37) O: Allocated:         -                 0M (0%)            0M (0%)            0M (0%)     
[2026-01-06T22:07:07.098+0800][14.742s][info][gc,heap     ] GC(37) O: Reclaimed:         -                  -                 0M (0%)            0M (0%)     
[2026-01-06T22:07:07.098+0800][14.742s][info][gc,heap     ] GC(37) O: Compacted:         -                  -                  -                 0M (0%)     
[2026-01-06T22:07:07.098+0800][14.742s][info][gc,phases   ] GC(37) O: Old Generation 8M(0%)->16M(0%) 0.001s
[2026-01-06T22:07:07.098+0800][14.742s][info][gc          ] GC(37) Major Collection (Proactive) 2106M(51%)->18M(0%) 0.002s
[2026-01-06T22:07:07.253+0800][14.896s][info][gc          ] GC(38) Major Collection (Proactive)
[2026-01-06T22:07:07.253+0800][14.896s][info][gc,task     ] GC(38) Using 1 Workers for Young Generation
[2026-01-06T22:07:07.253+0800][14.896s][info][gc,task     ] GC(38) Using 1 Workers for Old Generation
[2026-01-06T22:07:07.253+0800][14.896s][info][gc,phases   ] GC(38) Y: Young Generation
[2026-01-06T22:07:07.253+0800][14.896s][info][gc,phases   ] GC(38) Y: Pause Mark Start (Major) 0.005ms
[2026-01-06T22:07:07.253+0800][14.897s][info][gc,phases   ] GC(38) Y: Concurrent Mark 0.170ms
[2026-01-06T22:07:07.253+0800][14.897s][info][gc,phases   ] GC(38) Y: Pause Mark End 0.004ms
[2026-01-06T22:07:07.253+0800][14.897s][info][gc,phases   ] GC(38) Y: Concurrent Mark Free 0.001ms
[2026-01-06T22:07:07.253+0800][14.897s][info][gc,phases   ] GC(38) Y: Concurrent Reset Relocation Set 0.000ms
[2026-01-06T22:07:07.253+0800][14.897s][info][gc,reloc    ] GC(38) Y: Using tenuring threshold: 1 (Computed)
[2026-01-06T22:07:07.253+0800][14.897s][info][gc,phases   ] GC(38) Y: Concurrent Select Relocation Set 0.232ms
[2026-01-06T22:07:07.253+0800][14.897s][info][gc,phases   ] GC(38) Y: Pause Relocate Start 0.001ms
[2026-01-06T22:07:07.253+0800][14.897s][info][gc,phases   ] GC(38) Y: Concurrent Relocate 0.011ms
[2026-01-06T22:07:07.253+0800][14.897s][info][gc,alloc    ] GC(38) Y:                         Mark Start        Mark End      Relocate Start    Relocate End   
[2026-01-06T22:07:07.253+0800][14.897s][info][gc,alloc    ] GC(38) Y: Allocation Stalls:          0                0                0                0         
[2026-01-06T22:07:07.253+0800][14.897s][info][gc,load     ] GC(38) Y: Load: 1.49 (15%) / 1.70 (17%) / 1.98 (20%)
[2026-01-06T22:07:07.253+0800][14.897s][info][gc,mmu      ] GC(38) Y: MMU: 2ms/97.4%, 5ms/98.6%, 10ms/99.3%, 20ms/99.5%, 50ms/99.8%, 100ms/99.9%
[2026-01-06T22:07:07.253+0800][14.897s][info][gc,marking  ] GC(38) Y: Mark: 1 stripe(s), 2 proactive flush(es), 1 terminate flush(es), 0 completion(s), 0 continuation(s) 
[2026-01-06T22:07:07.253+0800][14.897s][info][gc,nmethod  ] GC(38) Y: NMethods: 120 registered, 37 unregistered
[2026-01-06T22:07:07.253+0800][14.897s][info][gc,metaspace] GC(38) Y: Metaspace: 0M used, 0M committed, 1088M reserved
[2026-01-06T22:07:07.253+0800][14.897s][info][gc,reloc    ] GC(38) Y:                        Candidates     Selected     In-Place         Size        Empty    Relocated 
[2026-01-06T22:07:07.253+0800][14.897s][info][gc,reloc    ] GC(38) Y: Small Pages:                 1095            0            0        2190M        2188M           0M 
[2026-01-06T22:07:07.253+0800][14.897s][info][gc,reloc    ] GC(38) Y: Medium Pages:                   0            0            0           0M           0M           0M 
[2026-01-06T22:07:07.253+0800][14.897s][info][gc,reloc    ] GC(38) Y: Large Pages:                    0            0            0           0M           0M           0M 
[2026-01-06T22:07:07.253+0800][14.897s][info][gc,reloc    ] GC(38) Y: Forwarding Usage: 0M
[2026-01-06T22:07:07.253+0800][14.897s][info][gc,reloc    ] GC(38) Y: Age Table:
[2026-01-06T22:07:07.253+0800][14.897s][info][gc,reloc    ] GC(38) Y:                    Live             Garbage             Small              Medium             Large        
[2026-01-06T22:07:07.253+0800][14.897s][info][gc,reloc    ] GC(38) Y: Eden               0M (0%)         2187M (53%)       1094 / 0              0 / 0              0 / 0        
[2026-01-06T22:07:07.253+0800][14.897s][info][gc,reloc    ] GC(38) Y: Survivor 1          -                 2M (0%)           1 / 0              0 / 0              0 / 0        
[2026-01-06T22:07:07.253+0800][14.897s][info][gc,heap     ] GC(38) Y: Min Capacity: 8M(0%)
[2026-01-06T22:07:07.253+0800][14.897s][info][gc,heap     ] GC(38) Y: Max Capacity: 4096M(100%)
[2026-01-06T22:07:07.253+0800][14.897s][info][gc,heap     ] GC(38) Y: Soft Max Capacity: 3686M(90%)
[2026-01-06T22:07:07.253+0800][14.897s][info][gc,heap     ] GC(38) Y: Heap Statistics:
[2026-01-06T22:07:07.253+0800][14.897s][info][gc,heap     ] GC(38) Y:                Mark Start          Mark End        Relocate Start      Relocate End           High               Low         
[2026-01-06T22:07:07.253+0800][14.897s][info][gc,heap     ] GC(38) Y:  Capacity:     3498M (85%)        3498M (85%)        3498M (85%)        3498M (85%)        3498M (85%)        3498M (85%)    
[2026-01-06T22:07:07.253+0800][14.897s][info][gc,heap     ] GC(38) Y:      Free:     1904M (46%)        1902M (46%)        4090M (100%)       4090M (100%)       4090M (100%)       1902M (46%)    
[2026-01-06T22:07:07.253+0800][14.897s][info][gc,heap     ] GC(38) Y:      Used:     2192M (54%)        2194M (54%)           6M (0%)            6M (0%)         2194M (54%)           6M (0%)     
[2026-01-06T22:07:07.253+0800][14.897s][info][gc,heap     ] GC(38) Y: Young Generation Statistics:
[2026-01-06T22:07:07.253+0800][14.897s][info][gc,heap     ] GC(38) Y:                Mark Start          Mark End        Relocate Start      Relocate End    
[2026-01-06T22:07:07.253+0800][14.897s][info][gc,heap     ] GC(38) Y:      Used:     2190M (53%)        2192M (54%)           4M (0%)            4M (0%)     
[2026-01-06T22:07:07.253+0800][14.897s][info][gc,heap     ] GC(38) Y:      Live:         -                 0M (0%)            0M (0%)            0M (0%)     
[2026-01-06T22:07:07.253+0800][14.897s][info][gc,heap     ] GC(38) Y:   Garbage:         -              2189M (53%)           1M (0%)            1M (0%)     
[2026-01-06T22:07:07.253+0800][14.897s][info][gc,heap     ] GC(38) Y: Allocated:         -                 2M (0%)            2M (0%)            2M (0%)     
[2026-01-06T22:07:07.253+0800][14.897s][info][gc,heap     ] GC(38) Y: Reclaimed:         -                  -              2188M (53%)        2188M (53%)    
[2026-01-06T22:07:07.253+0800][14.897s][info][gc,heap     ] GC(38) Y:  Promoted:         -                  -                 0M (0%)            0M (0%)     
[2026-01-06T22:07:07.253+0800][14.897s][info][gc,heap     ] GC(38) Y: Compacted:         -                  -                  -                 0M (0%)     
[2026-01-06T22:07:07.253+0800][14.897s][info][gc,phases   ] GC(38) Y: Young Generation 2192M(54%)->6M(0%) 0.001s
[2026-01-06T22:07:07.253+0800][14.897s][info][gc,phases   ] GC(38) O: Old Generation
[2026-01-06T22:07:07.254+0800][14.898s][info][gc,phases   ] GC(38) O: Concurrent Mark 0.719ms
[2026-01-06T22:07:07.254+0800][14.898s][info][gc,phases   ] GC(38) O: Pause Mark End 0.004ms
[2026-01-06T22:07:07.254+0800][14.898s][info][gc,phases   ] GC(38) O: Concurrent Mark Free 0.001ms
[2026-01-06T22:07:07.254+0800][14.898s][info][gc,phases   ] GC(38) O: Concurrent Process Non-Strong 0.130ms
[2026-01-06T22:07:07.254+0800][14.898s][info][gc,phases   ] GC(38) O: Concurrent Reset Relocation Set 0.000ms
[2026-01-06T22:07:07.254+0800][14.898s][info][gc,phases   ] GC(38) O: Concurrent Select Relocation Set 0.018ms
[2026-01-06T22:07:07.254+0800][14.898s][info][gc,task     ] GC(38) O: Using 2 Workers for Old Generation
[2026-01-06T22:07:07.254+0800][14.898s][info][gc,task     ] GC(38) O: Using 1 Workers for Old Generation
[2026-01-06T22:07:07.254+0800][14.898s][info][gc,phases   ] GC(38) O: Concurrent Remap Roots 0.046ms
[2026-01-06T22:07:07.254+0800][14.898s][info][gc,phases   ] GC(38) O: Pause Relocate Start 0.002ms
[2026-01-06T22:07:07.254+0800][14.898s][info][gc,phases   ] GC(38) O: Concurrent Relocate 0.006ms
[2026-01-06T22:07:07.254+0800][14.898s][info][gc,alloc    ] GC(38) O:                         Mark Start        Mark End      Relocate Start    Relocate End   
[2026-01-06T22:07:07.254+0800][14.898s][info][gc,alloc    ] GC(38) O: Allocation Stalls:          0                0                0                0         
[2026-01-06T22:07:07.254+0800][14.898s][info][gc,load     ] GC(38) O: Load: 1.49 (15%) / 1.70 (17%) / 1.98 (20%)
[2026-01-06T22:07:07.254+0800][14.898s][info][gc,mmu      ] GC(38) O: MMU: 2ms/97.4%, 5ms/98.6%, 10ms/99.3%, 20ms/99.5%, 50ms/99.8%, 100ms/99.9%
[2026-01-06T22:07:07.254+0800][14.898s][info][gc,marking  ] GC(38) O: Mark: 1 stripe(s), 2 proactive flush(es), 1 terminate flush(es), 0 completion(s), 0 continuation(s) 
[2026-01-06T22:07:07.254+0800][14.898s][info][gc,nmethod  ] GC(38) O: NMethods: 120 registered, 37 unregistered
[2026-01-06T22:07:07.254+0800][14.898s][info][gc,metaspace] GC(38) O: Metaspace: 0M used, 0M committed, 1088M reserved
[2026-01-06T22:07:07.254+0800][14.898s][info][gc,ref      ] GC(38) O:                       Encountered   Discovered     Enqueued 
[2026-01-06T22:07:07.254+0800][14.898s][info][gc,ref      ] GC(38) O: Soft References:                1            0            0 
[2026-01-06T22:07:07.254+0800][14.898s][info][gc,ref      ] GC(38) O: Weak References:                6            0            0 
[2026-01-06T22:07:07.254+0800][14.898s][info][gc,ref      ] GC(38) O: Final References:               0            0            0 
[2026-01-06T22:07:07.254+0800][14.898s][info][gc,ref      ] GC(38) O: Phantom References:             1            1            0 
[2026-01-06T22:07:07.254+0800][14.898s][info][gc,reloc    ] GC(38) O:                        Candidates     Selected     In-Place         Size        Empty    Relocated 
[2026-01-06T22:07:07.254+0800][14.898s][info][gc,reloc    ] GC(38) O: Small Pages:                    1            0            0           2M           0M           0M 
[2026-01-06T22:07:07.254+0800][14.898s][info][gc,reloc    ] GC(38) O: Medium Pages:                   0            0            0           0M           0M           0M 
[2026-01-06T22:07:07.254+0800][14.898s][info][gc,reloc    ] GC(38) O: Large Pages:                    0            0            0           0M           0M           0M 
[2026-01-06T22:07:07.254+0800][14.898s][info][gc,reloc    ] GC(38) O: Forwarding Usage: 0M
[2026-01-06T22:07:07.254+0800][14.898s][info][gc,heap     ] GC(38) O: Min Capacity: 8M(0%)
[2026-01-06T22:07:07.254+0800][14.898s][info][gc,heap     ] GC(38) O: Max Capacity: 4096M(100%)
[2026-01-06T22:07:07.254+0800][14.898s][info][gc,heap     ] GC(38) O: Soft Max Capacity: 3686M(90%)
[2026-01-06T22:07:07.254+0800][14.898s][info][gc,heap     ] GC(38) O: Heap Statistics:
[2026-01-06T22:07:07.254+0800][14.898s][info][gc,heap     ] GC(38) O:                Mark Start          Mark End        Relocate Start      Relocate End           High               Low         
[2026-01-06T22:07:07.254+0800][14.898s][info][gc,heap     ] GC(38) O:  Capacity:     3498M (85%)        3498M (85%)        3498M (85%)        3498M (85%)        3498M (85%)        3498M (85%)    
[2026-01-06T22:07:07.254+0800][14.898s][info][gc,heap     ] GC(38) O:      Free:     1904M (46%)        4080M (100%)       4078M (100%)       4078M (100%)       4090M (100%)       1902M (46%)    
[2026-01-06T22:07:07.254+0800][14.898s][info][gc,heap     ] GC(38) O:      Used:     2192M (54%)          16M (0%)           18M (0%)           18M (0%)         2194M (54%)           6M (0%)     
[2026-01-06T22:07:07.254+0800][14.898s][info][gc,heap     ] GC(38) O: Old Generation Statistics:
[2026-01-06T22:07:07.254+0800][14.898s][info][gc,heap     ] GC(38) O:                Mark Start          Mark End        Relocate Start      Relocate End    
[2026-01-06T22:07:07.254+0800][14.898s][info][gc,heap     ] GC(38) O:      Used:        2M (0%)            2M (0%)            2M (0%)            2M (0%)     
[2026-01-06T22:07:07.254+0800][14.898s][info][gc,heap     ] GC(38) O:      Live:         -                 0M (0%)            0M (0%)            0M (0%)     
[2026-01-06T22:07:07.254+0800][14.898s][info][gc,heap     ] GC(38) O:   Garbage:         -                 1M (0%)            1M (0%)            1M (0%)     
[2026-01-06T22:07:07.254+0800][14.898s][info][gc,heap     ] GC(38) O: Allocated:         -                 0M (0%)            0M (0%)            0M (0%)     
[2026-01-06T22:07:07.254+0800][14.898s][info][gc,heap     ] GC(38) O: Reclaimed:         -                  -                 0M (0%)            0M (0%)     
[2026-01-06T22:07:07.254+0800][14.898s][info][gc,heap     ] GC(38) O: Compacted:         -                  -                  -                 0M (0%)     
[2026-01-06T22:07:07.254+0800][14.898s][info][gc,phases   ] GC(38) O: Old Generation 6M(0%)->18M(0%) 0.001s
[2026-01-06T22:07:07.254+0800][14.898s][info][gc          ] GC(38) Major Collection (Proactive) 2192M(54%)->20M(0%) 0.002s
[2026-01-06T22:07:07.397+0800][15.041s][info][gc          ] GC(39) Major Collection (Proactive)
[2026-01-06T22:07:07.397+0800][15.041s][info][gc,task     ] GC(39) Using 1 Workers for Young Generation
[2026-01-06T22:07:07.397+0800][15.041s][info][gc,task     ] GC(39) Using 1 Workers for Old Generation
[2026-01-06T22:07:07.397+0800][15.041s][info][gc,phases   ] GC(39) Y: Young Generation
[2026-01-06T22:07:07.397+0800][15.041s][info][gc,phases   ] GC(39) Y: Pause Mark Start (Major) 0.004ms
[2026-01-06T22:07:07.397+0800][15.041s][info][gc,phases   ] GC(39) Y: Concurrent Mark 0.183ms
[2026-01-06T22:07:07.397+0800][15.041s][info][gc,phases   ] GC(39) Y: Pause Mark End 0.004ms
[2026-01-06T22:07:07.397+0800][15.041s][info][gc,phases   ] GC(39) Y: Concurrent Mark Free 0.000ms
[2026-01-06T22:07:07.397+0800][15.041s][info][gc,phases   ] GC(39) Y: Concurrent Reset Relocation Set 0.000ms
[2026-01-06T22:07:07.398+0800][15.042s][info][gc,reloc    ] GC(39) Y: Using tenuring threshold: 1 (Computed)
[2026-01-06T22:07:07.398+0800][15.042s][info][gc,phases   ] GC(39) Y: Concurrent Select Relocation Set 0.214ms
[2026-01-06T22:07:07.398+0800][15.042s][info][gc,phases   ] GC(39) Y: Pause Relocate Start 0.001ms
[2026-01-06T22:07:07.398+0800][15.042s][info][gc,phases   ] GC(39) Y: Concurrent Relocate 0.011ms
[2026-01-06T22:07:07.398+0800][15.042s][info][gc,alloc    ] GC(39) Y:                         Mark Start        Mark End      Relocate Start    Relocate End   
[2026-01-06T22:07:07.398+0800][15.042s][info][gc,alloc    ] GC(39) Y: Allocation Stalls:          0                0                0                0         
[2026-01-06T22:07:07.398+0800][15.042s][info][gc,load     ] GC(39) Y: Load: 1.49 (15%) / 1.70 (17%) / 1.98 (20%)
[2026-01-06T22:07:07.398+0800][15.042s][info][gc,mmu      ] GC(39) Y: MMU: 2ms/97.4%, 5ms/98.6%, 10ms/99.3%, 20ms/99.5%, 50ms/99.8%, 100ms/99.9%
[2026-01-06T22:07:07.398+0800][15.042s][info][gc,marking  ] GC(39) Y: Mark: 1 stripe(s), 2 proactive flush(es), 1 terminate flush(es), 0 completion(s), 0 continuation(s) 
[2026-01-06T22:07:07.398+0800][15.042s][info][gc,nmethod  ] GC(39) Y: NMethods: 120 registered, 37 unregistered
[2026-01-06T22:07:07.398+0800][15.042s][info][gc,metaspace] GC(39) Y: Metaspace: 0M used, 0M committed, 1088M reserved
[2026-01-06T22:07:07.398+0800][15.042s][info][gc,reloc    ] GC(39) Y:                        Candidates     Selected     In-Place         Size        Empty    Relocated 
[2026-01-06T22:07:07.398+0800][15.042s][info][gc,reloc    ] GC(39) Y: Small Pages:                 1127            0            0        2254M        2252M           0M 
[2026-01-06T22:07:07.398+0800][15.042s][info][gc,reloc    ] GC(39) Y: Medium Pages:                   0            0            0           0M           0M           0M 
[2026-01-06T22:07:07.398+0800][15.042s][info][gc,reloc    ] GC(39) Y: Large Pages:                    0            0            0           0M           0M           0M 
[2026-01-06T22:07:07.398+0800][15.042s][info][gc,reloc    ] GC(39) Y: Forwarding Usage: 0M
[2026-01-06T22:07:07.398+0800][15.042s][info][gc,reloc    ] GC(39) Y: Age Table:
[2026-01-06T22:07:07.398+0800][15.042s][info][gc,reloc    ] GC(39) Y:                    Live             Garbage             Small              Medium             Large        
[2026-01-06T22:07:07.398+0800][15.042s][info][gc,reloc    ] GC(39) Y: Eden               0M (0%)         2251M (55%)       1126 / 0              0 / 0              0 / 0        
[2026-01-06T22:07:07.398+0800][15.042s][info][gc,reloc    ] GC(39) Y: Survivor 1          -                 2M (0%)           1 / 0              0 / 0              0 / 0        
[2026-01-06T22:07:07.398+0800][15.042s][info][gc,heap     ] GC(39) Y: Min Capacity: 8M(0%)
[2026-01-06T22:07:07.398+0800][15.042s][info][gc,heap     ] GC(39) Y: Max Capacity: 4096M(100%)
[2026-01-06T22:07:07.398+0800][15.042s][info][gc,heap     ] GC(39) Y: Soft Max Capacity: 3686M(90%)
[2026-01-06T22:07:07.398+0800][15.042s][info][gc,heap     ] GC(39) Y: Heap Statistics:
[2026-01-06T22:07:07.398+0800][15.042s][info][gc,heap     ] GC(39) Y:                Mark Start          Mark End        Relocate Start      Relocate End           High               Low         
[2026-01-06T22:07:07.398+0800][15.042s][info][gc,heap     ] GC(39) Y:  Capacity:     3498M (85%)        3498M (85%)        3498M (85%)        3498M (85%)        3498M (85%)        3498M (85%)    
[2026-01-06T22:07:07.398+0800][15.042s][info][gc,heap     ] GC(39) Y:      Free:     1840M (45%)        1838M (45%)        4090M (100%)       4090M (100%)       4090M (100%)       1838M (45%)    
[2026-01-06T22:07:07.398+0800][15.042s][info][gc,heap     ] GC(39) Y:      Used:     2256M (55%)        2258M (55%)           6M (0%)            6M (0%)         2258M (55%)           6M (0%)     
[2026-01-06T22:07:07.398+0800][15.042s][info][gc,heap     ] GC(39) Y: Young Generation Statistics:
[2026-01-06T22:07:07.398+0800][15.042s][info][gc,heap     ] GC(39) Y:                Mark Start          Mark End        Relocate Start      Relocate End    
[2026-01-06T22:07:07.398+0800][15.042s][info][gc,heap     ] GC(39) Y:      Used:     2254M (55%)        2256M (55%)           4M (0%)            4M (0%)     
[2026-01-06T22:07:07.398+0800][15.042s][info][gc,heap     ] GC(39) Y:      Live:         -                 0M (0%)            0M (0%)            0M (0%)     
[2026-01-06T22:07:07.398+0800][15.042s][info][gc,heap     ] GC(39) Y:   Garbage:         -              2253M (55%)           1M (0%)            1M (0%)     
[2026-01-06T22:07:07.398+0800][15.042s][info][gc,heap     ] GC(39) Y: Allocated:         -                 2M (0%)            2M (0%)            2M (0%)     
[2026-01-06T22:07:07.398+0800][15.042s][info][gc,heap     ] GC(39) Y: Reclaimed:         -                  -              2252M (55%)        2252M (55%)    
[2026-01-06T22:07:07.398+0800][15.042s][info][gc,heap     ] GC(39) Y:  Promoted:         -                  -                 0M (0%)            0M (0%)     
[2026-01-06T22:07:07.398+0800][15.042s][info][gc,heap     ] GC(39) Y: Compacted:         -                  -                  -                 0M (0%)     
[2026-01-06T22:07:07.398+0800][15.042s][info][gc,phases   ] GC(39) Y: Young Generation 2256M(55%)->6M(0%) 0.001s
[2026-01-06T22:07:07.398+0800][15.042s][info][gc,phases   ] GC(39) O: Old Generation
[2026-01-06T22:07:07.398+0800][15.042s][info][gc,phases   ] GC(39) O: Concurrent Mark 0.551ms
[2026-01-06T22:07:07.398+0800][15.042s][info][gc,phases   ] GC(39) O: Pause Mark End 0.004ms
[2026-01-06T22:07:07.398+0800][15.042s][info][gc,phases   ] GC(39) O: Concurrent Mark Free 0.001ms
[2026-01-06T22:07:07.399+0800][15.042s][info][gc,phases   ] GC(39) O: Concurrent Process Non-Strong 0.131ms
[2026-01-06T22:07:07.399+0800][15.042s][info][gc,phases   ] GC(39) O: Concurrent Reset Relocation Set 0.000ms
[2026-01-06T22:07:07.399+0800][15.042s][info][gc,phases   ] GC(39) O: Concurrent Select Relocation Set 0.016ms
[2026-01-06T22:07:07.399+0800][15.042s][info][gc,task     ] GC(39) O: Using 2 Workers for Old Generation
[2026-01-06T22:07:07.399+0800][15.043s][info][gc,task     ] GC(39) O: Using 1 Workers for Old Generation
[2026-01-06T22:07:07.399+0800][15.043s][info][gc,phases   ] GC(39) O: Concurrent Remap Roots 0.049ms
[2026-01-06T22:07:07.399+0800][15.043s][info][gc,phases   ] GC(39) O: Pause Relocate Start 0.002ms
[2026-01-06T22:07:07.399+0800][15.043s][info][gc,phases   ] GC(39) O: Concurrent Relocate 0.007ms
[2026-01-06T22:07:07.399+0800][15.043s][info][gc,alloc    ] GC(39) O:                         Mark Start        Mark End      Relocate Start    Relocate End   
[2026-01-06T22:07:07.399+0800][15.043s][info][gc,alloc    ] GC(39) O: Allocation Stalls:          0                0                0                0         
[2026-01-06T22:07:07.399+0800][15.043s][info][gc,load     ] GC(39) O: Load: 1.49 (15%) / 1.70 (17%) / 1.98 (20%)
[2026-01-06T22:07:07.399+0800][15.043s][info][gc,mmu      ] GC(39) O: MMU: 2ms/97.4%, 5ms/98.6%, 10ms/99.3%, 20ms/99.5%, 50ms/99.8%, 100ms/99.9%
[2026-01-06T22:07:07.399+0800][15.043s][info][gc,marking  ] GC(39) O: Mark: 1 stripe(s), 2 proactive flush(es), 1 terminate flush(es), 0 completion(s), 0 continuation(s) 
[2026-01-06T22:07:07.399+0800][15.043s][info][gc,nmethod  ] GC(39) O: NMethods: 120 registered, 37 unregistered
[2026-01-06T22:07:07.399+0800][15.043s][info][gc,metaspace] GC(39) O: Metaspace: 0M used, 0M committed, 1088M reserved
[2026-01-06T22:07:07.399+0800][15.043s][info][gc,ref      ] GC(39) O:                       Encountered   Discovered     Enqueued 
[2026-01-06T22:07:07.399+0800][15.043s][info][gc,ref      ] GC(39) O: Soft References:                1            0            0 
[2026-01-06T22:07:07.399+0800][15.043s][info][gc,ref      ] GC(39) O: Weak References:                6            0            0 
[2026-01-06T22:07:07.399+0800][15.043s][info][gc,ref      ] GC(39) O: Final References:               0            0            0 
[2026-01-06T22:07:07.399+0800][15.043s][info][gc,ref      ] GC(39) O: Phantom References:             1            1            0 
[2026-01-06T22:07:07.399+0800][15.043s][info][gc,reloc    ] GC(39) O:                        Candidates     Selected     In-Place         Size        Empty    Relocated 
[2026-01-06T22:07:07.399+0800][15.043s][info][gc,reloc    ] GC(39) O: Small Pages:                    1            0            0           2M           0M           0M 
[2026-01-06T22:07:07.399+0800][15.043s][info][gc,reloc    ] GC(39) O: Medium Pages:                   0            0            0           0M           0M           0M 
[2026-01-06T22:07:07.399+0800][15.043s][info][gc,reloc    ] GC(39) O: Large Pages:                    0            0            0           0M           0M           0M 
[2026-01-06T22:07:07.399+0800][15.043s][info][gc,reloc    ] GC(39) O: Forwarding Usage: 0M
[2026-01-06T22:07:07.399+0800][15.043s][info][gc,heap     ] GC(39) O: Min Capacity: 8M(0%)
[2026-01-06T22:07:07.399+0800][15.043s][info][gc,heap     ] GC(39) O: Max Capacity: 4096M(100%)
[2026-01-06T22:07:07.399+0800][15.043s][info][gc,heap     ] GC(39) O: Soft Max Capacity: 3686M(90%)
[2026-01-06T22:07:07.399+0800][15.043s][info][gc,heap     ] GC(39) O: Heap Statistics:
[2026-01-06T22:07:07.399+0800][15.043s][info][gc,heap     ] GC(39) O:                Mark Start          Mark End        Relocate Start      Relocate End           High               Low         
[2026-01-06T22:07:07.399+0800][15.043s][info][gc,heap     ] GC(39) O:  Capacity:     3498M (85%)        3498M (85%)        3498M (85%)        3498M (85%)        3498M (85%)        3498M (85%)    
[2026-01-06T22:07:07.399+0800][15.043s][info][gc,heap     ] GC(39) O:      Free:     1840M (45%)        4082M (100%)       4078M (100%)       4078M (100%)       4090M (100%)       1838M (45%)    
[2026-01-06T22:07:07.399+0800][15.043s][info][gc,heap     ] GC(39) O:      Used:     2256M (55%)          14M (0%)           18M (0%)           18M (0%)         2258M (55%)           6M (0%)     
[2026-01-06T22:07:07.399+0800][15.043s][info][gc,heap     ] GC(39) O: Old Generation Statistics:
[2026-01-06T22:07:07.399+0800][15.043s][info][gc,heap     ] GC(39) O:                Mark Start          Mark End        Relocate Start      Relocate End    
[2026-01-06T22:07:07.399+0800][15.043s][info][gc,heap     ] GC(39) O:      Used:        2M (0%)            2M (0%)            2M (0%)            2M (0%)     
[2026-01-06T22:07:07.399+0800][15.043s][info][gc,heap     ] GC(39) O:      Live:         -                 0M (0%)            0M (0%)            0M (0%)     
[2026-01-06T22:07:07.399+0800][15.043s][info][gc,heap     ] GC(39) O:   Garbage:         -                 1M (0%)            1M (0%)            1M (0%)     
[2026-01-06T22:07:07.399+0800][15.043s][info][gc,heap     ] GC(39) O: Allocated:         -                 0M (0%)            0M (0%)            0M (0%)     
[2026-01-06T22:07:07.399+0800][15.043s][info][gc,heap     ] GC(39) O: Reclaimed:         -                  -                 0M (0%)            0M (0%)     
[2026-01-06T22:07:07.399+0800][15.043s][info][gc,heap     ] GC(39) O: Compacted:         -                  -                  -                 0M (0%)     
[2026-01-06T22:07:07.399+0800][15.043s][info][gc,phases   ] GC(39) O: Old Generation 6M(0%)->18M(0%) 0.001s
[2026-01-06T22:07:07.399+0800][15.043s][info][gc          ] GC(39) Major Collection (Proactive) 2256M(55%)->20M(0%) 0.002s
[2026-01-06T22:07:07.519+0800][15.163s][info][gc          ] GC(40) Major Collection (Proactive)
[2026-01-06T22:07:07.519+0800][15.163s][info][gc,task     ] GC(40) Using 1 Workers for Young Generation
[2026-01-06T22:07:07.519+0800][15.163s][info][gc,task     ] GC(40) Using 1 Workers for Old Generation
[2026-01-06T22:07:07.519+0800][15.163s][info][gc,phases   ] GC(40) Y: Young Generation
[2026-01-06T22:07:07.519+0800][15.163s][info][gc,phases   ] GC(40) Y: Pause Mark Start (Major) 0.007ms
[2026-01-06T22:07:07.519+0800][15.163s][info][gc,phases   ] GC(40) Y: Concurrent Mark 0.164ms
[2026-01-06T22:07:07.519+0800][15.163s][info][gc,phases   ] GC(40) Y: Pause Mark End 0.003ms
[2026-01-06T22:07:07.519+0800][15.163s][info][gc,phases   ] GC(40) Y: Concurrent Mark Free 0.000ms
[2026-01-06T22:07:07.519+0800][15.163s][info][gc,phases   ] GC(40) Y: Concurrent Reset Relocation Set 0.000ms
[2026-01-06T22:07:07.519+0800][15.163s][info][gc,reloc    ] GC(40) Y: Using tenuring threshold: 1 (Computed)
[2026-01-06T22:07:07.519+0800][15.163s][info][gc,phases   ] GC(40) Y: Concurrent Select Relocation Set 0.232ms
[2026-01-06T22:07:07.519+0800][15.163s][info][gc,phases   ] GC(40) Y: Pause Relocate Start 0.001ms
[2026-01-06T22:07:07.519+0800][15.163s][info][gc,phases   ] GC(40) Y: Concurrent Relocate 0.010ms
[2026-01-06T22:07:07.519+0800][15.163s][info][gc,alloc    ] GC(40) Y:                         Mark Start        Mark End      Relocate Start    Relocate End   
[2026-01-06T22:07:07.519+0800][15.163s][info][gc,alloc    ] GC(40) Y: Allocation Stalls:          0                0                0                0         
[2026-01-06T22:07:07.519+0800][15.163s][info][gc,load     ] GC(40) Y: Load: 1.49 (15%) / 1.70 (17%) / 1.98 (20%)
[2026-01-06T22:07:07.519+0800][15.163s][info][gc,mmu      ] GC(40) Y: MMU: 2ms/97.4%, 5ms/98.6%, 10ms/99.3%, 20ms/99.5%, 50ms/99.8%, 100ms/99.9%
[2026-01-06T22:07:07.519+0800][15.163s][info][gc,marking  ] GC(40) Y: Mark: 1 stripe(s), 2 proactive flush(es), 1 terminate flush(es), 0 completion(s), 0 continuation(s) 
[2026-01-06T22:07:07.519+0800][15.163s][info][gc,nmethod  ] GC(40) Y: NMethods: 120 registered, 37 unregistered
[2026-01-06T22:07:07.519+0800][15.163s][info][gc,metaspace] GC(40) Y: Metaspace: 0M used, 0M committed, 1088M reserved
[2026-01-06T22:07:07.519+0800][15.163s][info][gc,reloc    ] GC(40) Y:                        Candidates     Selected     In-Place         Size        Empty    Relocated 
[2026-01-06T22:07:07.519+0800][15.163s][info][gc,reloc    ] GC(40) Y: Small Pages:                  871            0            0        1742M        1740M           0M 
[2026-01-06T22:07:07.519+0800][15.163s][info][gc,reloc    ] GC(40) Y: Medium Pages:                   0            0            0           0M           0M           0M 
[2026-01-06T22:07:07.519+0800][15.163s][info][gc,reloc    ] GC(40) Y: Large Pages:                    0            0            0           0M           0M           0M 
[2026-01-06T22:07:07.519+0800][15.163s][info][gc,reloc    ] GC(40) Y: Forwarding Usage: 0M
[2026-01-06T22:07:07.519+0800][15.163s][info][gc,reloc    ] GC(40) Y: Age Table:
[2026-01-06T22:07:07.519+0800][15.163s][info][gc,reloc    ] GC(40) Y:                    Live             Garbage             Small              Medium             Large        
[2026-01-06T22:07:07.519+0800][15.163s][info][gc,reloc    ] GC(40) Y: Eden               0M (0%)         1739M (42%)        870 / 0              0 / 0              0 / 0        
[2026-01-06T22:07:07.519+0800][15.163s][info][gc,reloc    ] GC(40) Y: Survivor 1          -                 2M (0%)           1 / 0              0 / 0              0 / 0        
[2026-01-06T22:07:07.519+0800][15.163s][info][gc,heap     ] GC(40) Y: Min Capacity: 8M(0%)
[2026-01-06T22:07:07.519+0800][15.163s][info][gc,heap     ] GC(40) Y: Max Capacity: 4096M(100%)
[2026-01-06T22:07:07.519+0800][15.163s][info][gc,heap     ] GC(40) Y: Soft Max Capacity: 3686M(90%)
[2026-01-06T22:07:07.519+0800][15.163s][info][gc,heap     ] GC(40) Y: Heap Statistics:
[2026-01-06T22:07:07.519+0800][15.163s][info][gc,heap     ] GC(40) Y:                Mark Start          Mark End        Relocate Start      Relocate End           High               Low         
[2026-01-06T22:07:07.519+0800][15.163s][info][gc,heap     ] GC(40) Y:  Capacity:     3498M (85%)        3498M (85%)        3498M (85%)        3498M (85%)        3498M (85%)        3498M (85%)    
[2026-01-06T22:07:07.519+0800][15.163s][info][gc,heap     ] GC(40) Y:      Free:     2352M (57%)        2350M (57%)        4086M (100%)       4086M (100%)       4086M (100%)       2350M (57%)    
[2026-01-06T22:07:07.519+0800][15.163s][info][gc,heap     ] GC(40) Y:      Used:     1744M (43%)        1746M (43%)          10M (0%)           10M (0%)         1746M (43%)          10M (0%)     
[2026-01-06T22:07:07.519+0800][15.163s][info][gc,heap     ] GC(40) Y: Young Generation Statistics:
[2026-01-06T22:07:07.519+0800][15.163s][info][gc,heap     ] GC(40) Y:                Mark Start          Mark End        Relocate Start      Relocate End    
[2026-01-06T22:07:07.519+0800][15.163s][info][gc,heap     ] GC(40) Y:      Used:     1742M (43%)        1744M (43%)           8M (0%)            8M (0%)     
[2026-01-06T22:07:07.519+0800][15.163s][info][gc,heap     ] GC(40) Y:      Live:         -                 0M (0%)            0M (0%)            0M (0%)     
[2026-01-06T22:07:07.519+0800][15.163s][info][gc,heap     ] GC(40) Y:   Garbage:         -              1741M (43%)           1M (0%)            1M (0%)     
[2026-01-06T22:07:07.519+0800][15.163s][info][gc,heap     ] GC(40) Y: Allocated:         -                 2M (0%)            6M (0%)            6M (0%)     
[2026-01-06T22:07:07.519+0800][15.163s][info][gc,heap     ] GC(40) Y: Reclaimed:         -                  -              1740M (42%)        1740M (42%)    
[2026-01-06T22:07:07.519+0800][15.163s][info][gc,heap     ] GC(40) Y:  Promoted:         -                  -                 0M (0%)            0M (0%)     
[2026-01-06T22:07:07.519+0800][15.163s][info][gc,heap     ] GC(40) Y: Compacted:         -                  -                  -                 0M (0%)     
[2026-01-06T22:07:07.519+0800][15.163s][info][gc,phases   ] GC(40) Y: Young Generation 1744M(43%)->10M(0%) 0.001s
[2026-01-06T22:07:07.519+0800][15.163s][info][gc,phases   ] GC(40) O: Old Generation
[2026-01-06T22:07:07.520+0800][15.164s][info][gc,phases   ] GC(40) O: Concurrent Mark 0.601ms
[2026-01-06T22:07:07.520+0800][15.164s][info][gc,phases   ] GC(40) O: Pause Mark End 0.003ms
[2026-01-06T22:07:07.520+0800][15.164s][info][gc,phases   ] GC(40) O: Concurrent Mark Free 0.000ms
[2026-01-06T22:07:07.520+0800][15.164s][info][gc,phases   ] GC(40) O: Concurrent Process Non-Strong 0.117ms
[2026-01-06T22:07:07.520+0800][15.164s][info][gc,phases   ] GC(40) O: Concurrent Reset Relocation Set 0.000ms
[2026-01-06T22:07:07.520+0800][15.164s][info][gc,phases   ] GC(40) O: Concurrent Select Relocation Set 0.018ms
[2026-01-06T22:07:07.520+0800][15.164s][info][gc,task     ] GC(40) O: Using 2 Workers for Old Generation
[2026-01-06T22:07:07.520+0800][15.164s][info][gc,task     ] GC(40) O: Using 1 Workers for Old Generation
[2026-01-06T22:07:07.520+0800][15.164s][info][gc,phases   ] GC(40) O: Concurrent Remap Roots 0.051ms
[2026-01-06T22:07:07.520+0800][15.164s][info][gc,phases   ] GC(40) O: Pause Relocate Start 0.001ms
[2026-01-06T22:07:07.520+0800][15.164s][info][gc,phases   ] GC(40) O: Concurrent Relocate 0.006ms
[2026-01-06T22:07:07.520+0800][15.164s][info][gc,alloc    ] GC(40) O:                         Mark Start        Mark End      Relocate Start    Relocate End   
[2026-01-06T22:07:07.520+0800][15.164s][info][gc,alloc    ] GC(40) O: Allocation Stalls:          0                0                0                0         
[2026-01-06T22:07:07.520+0800][15.164s][info][gc,load     ] GC(40) O: Load: 1.49 (15%) / 1.70 (17%) / 1.98 (20%)
[2026-01-06T22:07:07.520+0800][15.164s][info][gc,mmu      ] GC(40) O: MMU: 2ms/97.4%, 5ms/98.6%, 10ms/99.3%, 20ms/99.5%, 50ms/99.8%, 100ms/99.9%
[2026-01-06T22:07:07.520+0800][15.164s][info][gc,marking  ] GC(40) O: Mark: 1 stripe(s), 2 proactive flush(es), 1 terminate flush(es), 0 completion(s), 0 continuation(s) 
[2026-01-06T22:07:07.520+0800][15.164s][info][gc,nmethod  ] GC(40) O: NMethods: 120 registered, 37 unregistered
[2026-01-06T22:07:07.520+0800][15.164s][info][gc,metaspace] GC(40) O: Metaspace: 0M used, 0M committed, 1088M reserved
[2026-01-06T22:07:07.520+0800][15.164s][info][gc,ref      ] GC(40) O:                       Encountered   Discovered     Enqueued 
[2026-01-06T22:07:07.520+0800][15.164s][info][gc,ref      ] GC(40) O: Soft References:                1            0            0 
[2026-01-06T22:07:07.520+0800][15.164s][info][gc,ref      ] GC(40) O: Weak References:                6            0            0 
[2026-01-06T22:07:07.520+0800][15.164s][info][gc,ref      ] GC(40) O: Final References:               0            0            0 
[2026-01-06T22:07:07.520+0800][15.164s][info][gc,ref      ] GC(40) O: Phantom References:             1            1            0 
[2026-01-06T22:07:07.520+0800][15.164s][info][gc,reloc    ] GC(40) O:                        Candidates     Selected     In-Place         Size        Empty    Relocated 
[2026-01-06T22:07:07.520+0800][15.164s][info][gc,reloc    ] GC(40) O: Small Pages:                    1            0            0           2M           0M           0M 
[2026-01-06T22:07:07.520+0800][15.164s][info][gc,reloc    ] GC(40) O: Medium Pages:                   0            0            0           0M           0M           0M 
[2026-01-06T22:07:07.520+0800][15.164s][info][gc,reloc    ] GC(40) O: Large Pages:                    0            0            0           0M           0M           0M 
[2026-01-06T22:07:07.520+0800][15.164s][info][gc,reloc    ] GC(40) O: Forwarding Usage: 0M
[2026-01-06T22:07:07.520+0800][15.164s][info][gc,heap     ] GC(40) O: Min Capacity: 8M(0%)
[2026-01-06T22:07:07.520+0800][15.164s][info][gc,heap     ] GC(40) O: Max Capacity: 4096M(100%)
[2026-01-06T22:07:07.520+0800][15.164s][info][gc,heap     ] GC(40) O: Soft Max Capacity: 3686M(90%)
[2026-01-06T22:07:07.520+0800][15.164s][info][gc,heap     ] GC(40) O: Heap Statistics:
[2026-01-06T22:07:07.520+0800][15.164s][info][gc,heap     ] GC(40) O:                Mark Start          Mark End        Relocate Start      Relocate End           High               Low         
[2026-01-06T22:07:07.520+0800][15.164s][info][gc,heap     ] GC(40) O:  Capacity:     3498M (85%)        3498M (85%)        3498M (85%)        3498M (85%)        3498M (85%)        3498M (85%)    
[2026-01-06T22:07:07.520+0800][15.164s][info][gc,heap     ] GC(40) O:      Free:     2352M (57%)        4072M (99%)        4068M (99%)        4068M (99%)        4086M (100%)       2350M (57%)    
[2026-01-06T22:07:07.520+0800][15.164s][info][gc,heap     ] GC(40) O:      Used:     1744M (43%)          24M (1%)           28M (1%)           28M (1%)         1746M (43%)          10M (0%)     
[2026-01-06T22:07:07.520+0800][15.164s][info][gc,heap     ] GC(40) O: Old Generation Statistics:
[2026-01-06T22:07:07.520+0800][15.164s][info][gc,heap     ] GC(40) O:                Mark Start          Mark End        Relocate Start      Relocate End    
[2026-01-06T22:07:07.520+0800][15.164s][info][gc,heap     ] GC(40) O:      Used:        2M (0%)            2M (0%)            2M (0%)            2M (0%)     
[2026-01-06T22:07:07.520+0800][15.164s][info][gc,heap     ] GC(40) O:      Live:         -                 0M (0%)            0M (0%)            0M (0%)     
[2026-01-06T22:07:07.520+0800][15.164s][info][gc,heap     ] GC(40) O:   Garbage:         -                 1M (0%)            1M (0%)            1M (0%)     
[2026-01-06T22:07:07.520+0800][15.164s][info][gc,heap     ] GC(40) O: Allocated:         -                 0M (0%)            0M (0%)            0M (0%)     
[2026-01-06T22:07:07.520+0800][15.164s][info][gc,heap     ] GC(40) O: Reclaimed:         -                  -                 0M (0%)            0M (0%)     
[2026-01-06T22:07:07.520+0800][15.164s][info][gc,heap     ] GC(40) O: Compacted:         -                  -                  -                 0M (0%)     
[2026-01-06T22:07:07.520+0800][15.164s][info][gc,phases   ] GC(40) O: Old Generation 12M(0%)->28M(1%) 0.001s
[2026-01-06T22:07:07.520+0800][15.164s][info][gc          ] GC(40) Major Collection (Proactive) 1744M(43%)->30M(1%) 0.002s
[2026-01-06T22:07:07.620+0800][15.263s][info][gc          ] GC(41) Major Collection (Proactive)
[2026-01-06T22:07:07.620+0800][15.263s][info][gc,task     ] GC(41) Using 1 Workers for Young Generation
[2026-01-06T22:07:07.620+0800][15.263s][info][gc,task     ] GC(41) Using 1 Workers for Old Generation
[2026-01-06T22:07:07.620+0800][15.263s][info][gc,phases   ] GC(41) Y: Young Generation
[2026-01-06T22:07:07.620+0800][15.263s][info][gc,phases   ] GC(41) Y: Pause Mark Start (Major) 0.004ms
[2026-01-06T22:07:07.620+0800][15.264s][info][gc,phases   ] GC(41) Y: Concurrent Mark 0.196ms
[2026-01-06T22:07:07.620+0800][15.264s][info][gc,phases   ] GC(41) Y: Pause Mark End 0.003ms
[2026-01-06T22:07:07.620+0800][15.264s][info][gc,phases   ] GC(41) Y: Concurrent Mark Free 0.000ms
[2026-01-06T22:07:07.620+0800][15.264s][info][gc,phases   ] GC(41) Y: Concurrent Reset Relocation Set 0.000ms
[2026-01-06T22:07:07.620+0800][15.264s][info][gc,reloc    ] GC(41) Y: Using tenuring threshold: 1 (Computed)
[2026-01-06T22:07:07.620+0800][15.264s][info][gc,phases   ] GC(41) Y: Concurrent Select Relocation Set 0.184ms
[2026-01-06T22:07:07.620+0800][15.264s][info][gc,phases   ] GC(41) Y: Pause Relocate Start 0.001ms
[2026-01-06T22:07:07.620+0800][15.264s][info][gc,phases   ] GC(41) Y: Concurrent Relocate 0.012ms
[2026-01-06T22:07:07.620+0800][15.264s][info][gc,alloc    ] GC(41) Y:                         Mark Start        Mark End      Relocate Start    Relocate End   
[2026-01-06T22:07:07.620+0800][15.264s][info][gc,alloc    ] GC(41) Y: Allocation Stalls:          0                0                0                0         
[2026-01-06T22:07:07.620+0800][15.264s][info][gc,load     ] GC(41) Y: Load: 1.49 (15%) / 1.70 (17%) / 1.98 (20%)
[2026-01-06T22:07:07.620+0800][15.264s][info][gc,mmu      ] GC(41) Y: MMU: 2ms/97.4%, 5ms/98.6%, 10ms/99.3%, 20ms/99.5%, 50ms/99.8%, 100ms/99.9%
[2026-01-06T22:07:07.620+0800][15.264s][info][gc,marking  ] GC(41) Y: Mark: 1 stripe(s), 2 proactive flush(es), 1 terminate flush(es), 0 completion(s), 0 continuation(s) 
[2026-01-06T22:07:07.620+0800][15.264s][info][gc,nmethod  ] GC(41) Y: NMethods: 120 registered, 37 unregistered
[2026-01-06T22:07:07.620+0800][15.264s][info][gc,metaspace] GC(41) Y: Metaspace: 0M used, 0M committed, 1088M reserved
[2026-01-06T22:07:07.620+0800][15.264s][info][gc,reloc    ] GC(41) Y:                        Candidates     Selected     In-Place         Size        Empty    Relocated 
[2026-01-06T22:07:07.620+0800][15.264s][info][gc,reloc    ] GC(41) Y: Small Pages:                  916            0            0        1832M        1830M           0M 
[2026-01-06T22:07:07.620+0800][15.264s][info][gc,reloc    ] GC(41) Y: Medium Pages:                   0            0            0           0M           0M           0M 
[2026-01-06T22:07:07.620+0800][15.264s][info][gc,reloc    ] GC(41) Y: Large Pages:                    0            0            0           0M           0M           0M 
[2026-01-06T22:07:07.620+0800][15.264s][info][gc,reloc    ] GC(41) Y: Forwarding Usage: 0M
[2026-01-06T22:07:07.620+0800][15.264s][info][gc,reloc    ] GC(41) Y: Age Table:
[2026-01-06T22:07:07.620+0800][15.264s][info][gc,reloc    ] GC(41) Y:                    Live             Garbage             Small              Medium             Large        
[2026-01-06T22:07:07.620+0800][15.264s][info][gc,reloc    ] GC(41) Y: Eden               0M (0%)         1829M (45%)        915 / 0              0 / 0              0 / 0        
[2026-01-06T22:07:07.620+0800][15.264s][info][gc,reloc    ] GC(41) Y: Survivor 1          -                 2M (0%)           1 / 0              0 / 0              0 / 0        
[2026-01-06T22:07:07.620+0800][15.264s][info][gc,heap     ] GC(41) Y: Min Capacity: 8M(0%)
[2026-01-06T22:07:07.620+0800][15.264s][info][gc,heap     ] GC(41) Y: Max Capacity: 4096M(100%)
[2026-01-06T22:07:07.620+0800][15.264s][info][gc,heap     ] GC(41) Y: Soft Max Capacity: 3686M(90%)
[2026-01-06T22:07:07.620+0800][15.264s][info][gc,heap     ] GC(41) Y: Heap Statistics:
[2026-01-06T22:07:07.620+0800][15.264s][info][gc,heap     ] GC(41) Y:                Mark Start          Mark End        Relocate Start      Relocate End           High               Low         
[2026-01-06T22:07:07.620+0800][15.264s][info][gc,heap     ] GC(41) Y:  Capacity:     3498M (85%)        3498M (85%)        3498M (85%)        3498M (85%)        3498M (85%)        3498M (85%)    
[2026-01-06T22:07:07.620+0800][15.264s][info][gc,heap     ] GC(41) Y:      Free:     2262M (55%)        2258M (55%)        4084M (100%)       4084M (100%)       4084M (100%)       2258M (55%)    
[2026-01-06T22:07:07.620+0800][15.264s][info][gc,heap     ] GC(41) Y:      Used:     1834M (45%)        1838M (45%)          12M (0%)           12M (0%)         1838M (45%)          12M (0%)     
[2026-01-06T22:07:07.620+0800][15.264s][info][gc,heap     ] GC(41) Y: Young Generation Statistics:
[2026-01-06T22:07:07.620+0800][15.264s][info][gc,heap     ] GC(41) Y:                Mark Start          Mark End        Relocate Start      Relocate End    
[2026-01-06T22:07:07.620+0800][15.264s][info][gc,heap     ] GC(41) Y:      Used:     1832M (45%)        1836M (45%)          10M (0%)           10M (0%)     
[2026-01-06T22:07:07.620+0800][15.264s][info][gc,heap     ] GC(41) Y:      Live:         -                 0M (0%)            0M (0%)            0M (0%)     
[2026-01-06T22:07:07.620+0800][15.264s][info][gc,heap     ] GC(41) Y:   Garbage:         -              1831M (45%)           1M (0%)            1M (0%)     
[2026-01-06T22:07:07.620+0800][15.264s][info][gc,heap     ] GC(41) Y: Allocated:         -                 4M (0%)            8M (0%)            8M (0%)     
[2026-01-06T22:07:07.620+0800][15.264s][info][gc,heap     ] GC(41) Y: Reclaimed:         -                  -              1830M (45%)        1830M (45%)    
[2026-01-06T22:07:07.620+0800][15.264s][info][gc,heap     ] GC(41) Y:  Promoted:         -                  -                 0M (0%)            0M (0%)     
[2026-01-06T22:07:07.620+0800][15.264s][info][gc,heap     ] GC(41) Y: Compacted:         -                  -                  -                 0M (0%)     
[2026-01-06T22:07:07.620+0800][15.264s][info][gc,phases   ] GC(41) Y: Young Generation 1834M(45%)->12M(0%) 0.001s
[2026-01-06T22:07:07.620+0800][15.264s][info][gc,phases   ] GC(41) O: Old Generation
[2026-01-06T22:07:07.621+0800][15.265s][info][gc,phases   ] GC(41) O: Concurrent Mark 0.602ms
[2026-01-06T22:07:07.621+0800][15.265s][info][gc,phases   ] GC(41) O: Pause Mark End 0.002ms
[2026-01-06T22:07:07.621+0800][15.265s][info][gc,phases   ] GC(41) O: Concurrent Mark Free 0.001ms
[2026-01-06T22:07:07.621+0800][15.265s][info][gc,phases   ] GC(41) O: Concurrent Process Non-Strong 0.125ms
[2026-01-06T22:07:07.621+0800][15.265s][info][gc,phases   ] GC(41) O: Concurrent Reset Relocation Set 0.000ms
[2026-01-06T22:07:07.621+0800][15.265s][info][gc,phases   ] GC(41) O: Concurrent Select Relocation Set 0.016ms
[2026-01-06T22:07:07.621+0800][15.265s][info][gc,task     ] GC(41) O: Using 2 Workers for Old Generation
[2026-01-06T22:07:07.621+0800][15.265s][info][gc,task     ] GC(41) O: Using 1 Workers for Old Generation
[2026-01-06T22:07:07.621+0800][15.265s][info][gc,phases   ] GC(41) O: Concurrent Remap Roots 0.052ms
[2026-01-06T22:07:07.621+0800][15.265s][info][gc,phases   ] GC(41) O: Pause Relocate Start 0.001ms
[2026-01-06T22:07:07.621+0800][15.265s][info][gc,phases   ] GC(41) O: Concurrent Relocate 0.010ms
[2026-01-06T22:07:07.621+0800][15.265s][info][gc,alloc    ] GC(41) O:                         Mark Start        Mark End      Relocate Start    Relocate End   
[2026-01-06T22:07:07.621+0800][15.265s][info][gc,alloc    ] GC(41) O: Allocation Stalls:          0                0                0                0         
[2026-01-06T22:07:07.621+0800][15.265s][info][gc,load     ] GC(41) O: Load: 1.49 (15%) / 1.70 (17%) / 1.98 (20%)
[2026-01-06T22:07:07.621+0800][15.265s][info][gc,mmu      ] GC(41) O: MMU: 2ms/97.4%, 5ms/98.6%, 10ms/99.3%, 20ms/99.5%, 50ms/99.8%, 100ms/99.9%
[2026-01-06T22:07:07.621+0800][15.265s][info][gc,marking  ] GC(41) O: Mark: 1 stripe(s), 2 proactive flush(es), 1 terminate flush(es), 0 completion(s), 0 continuation(s) 
[2026-01-06T22:07:07.621+0800][15.265s][info][gc,nmethod  ] GC(41) O: NMethods: 120 registered, 37 unregistered
[2026-01-06T22:07:07.621+0800][15.265s][info][gc,metaspace] GC(41) O: Metaspace: 0M used, 0M committed, 1088M reserved
[2026-01-06T22:07:07.621+0800][15.265s][info][gc,ref      ] GC(41) O:                       Encountered   Discovered     Enqueued 
[2026-01-06T22:07:07.621+0800][15.265s][info][gc,ref      ] GC(41) O: Soft References:                1            0            0 
[2026-01-06T22:07:07.621+0800][15.265s][info][gc,ref      ] GC(41) O: Weak References:                6            0            0 
[2026-01-06T22:07:07.621+0800][15.265s][info][gc,ref      ] GC(41) O: Final References:               0            0            0 
[2026-01-06T22:07:07.621+0800][15.265s][info][gc,ref      ] GC(41) O: Phantom References:             1            1            0 
[2026-01-06T22:07:07.621+0800][15.265s][info][gc,reloc    ] GC(41) O:                        Candidates     Selected     In-Place         Size        Empty    Relocated 
[2026-01-06T22:07:07.621+0800][15.265s][info][gc,reloc    ] GC(41) O: Small Pages:                    1            0            0           2M           0M           0M 
[2026-01-06T22:07:07.621+0800][15.265s][info][gc,reloc    ] GC(41) O: Medium Pages:                   0            0            0           0M           0M           0M 
[2026-01-06T22:07:07.621+0800][15.265s][info][gc,reloc    ] GC(41) O: Large Pages:                    0            0            0           0M           0M           0M 
[2026-01-06T22:07:07.621+0800][15.265s][info][gc,reloc    ] GC(41) O: Forwarding Usage: 0M
[2026-01-06T22:07:07.621+0800][15.265s][info][gc,heap     ] GC(41) O: Min Capacity: 8M(0%)
[2026-01-06T22:07:07.621+0800][15.265s][info][gc,heap     ] GC(41) O: Max Capacity: 4096M(100%)
[2026-01-06T22:07:07.621+0800][15.265s][info][gc,heap     ] GC(41) O: Soft Max Capacity: 3686M(90%)
[2026-01-06T22:07:07.621+0800][15.265s][info][gc,heap     ] GC(41) O: Heap Statistics:
[2026-01-06T22:07:07.621+0800][15.265s][info][gc,heap     ] GC(41) O:                Mark Start          Mark End        Relocate Start      Relocate End           High               Low         
[2026-01-06T22:07:07.621+0800][15.265s][info][gc,heap     ] GC(41) O:  Capacity:     3498M (85%)        3498M (85%)        3498M (85%)        3498M (85%)        3498M (85%)        3498M (85%)    
[2026-01-06T22:07:07.621+0800][15.265s][info][gc,heap     ] GC(41) O:      Free:     2262M (55%)        4070M (99%)        4066M (99%)        4066M (99%)        4084M (100%)       2258M (55%)    
[2026-01-06T22:07:07.621+0800][15.265s][info][gc,heap     ] GC(41) O:      Used:     1834M (45%)          26M (1%)           30M (1%)           30M (1%)         1838M (45%)          12M (0%)     
[2026-01-06T22:07:07.621+0800][15.265s][info][gc,heap     ] GC(41) O: Old Generation Statistics:
[2026-01-06T22:07:07.621+0800][15.265s][info][gc,heap     ] GC(41) O:                Mark Start          Mark End        Relocate Start      Relocate End    
[2026-01-06T22:07:07.621+0800][15.265s][info][gc,heap     ] GC(41) O:      Used:        2M (0%)            2M (0%)            2M (0%)            2M (0%)     
[2026-01-06T22:07:07.621+0800][15.265s][info][gc,heap     ] GC(41) O:      Live:         -                 0M (0%)            0M (0%)            0M (0%)     
[2026-01-06T22:07:07.621+0800][15.265s][info][gc,heap     ] GC(41) O:   Garbage:         -                 1M (0%)            1M (0%)            1M (0%)     
[2026-01-06T22:07:07.621+0800][15.265s][info][gc,heap     ] GC(41) O: Allocated:         -                 0M (0%)            0M (0%)            0M (0%)     
[2026-01-06T22:07:07.621+0800][15.265s][info][gc,heap     ] GC(41) O: Reclaimed:         -                  -                 0M (0%)            0M (0%)     
[2026-01-06T22:07:07.621+0800][15.265s][info][gc,heap     ] GC(41) O: Compacted:         -                  -                  -                 0M (0%)     
[2026-01-06T22:07:07.621+0800][15.265s][info][gc,phases   ] GC(41) O: Old Generation 14M(0%)->30M(1%) 0.001s
[2026-01-06T22:07:07.621+0800][15.265s][info][gc          ] GC(41) Major Collection (Proactive) 1834M(45%)->32M(1%) 0.002s
[2026-01-06T22:07:07.713+0800][15.357s][info][gc          ] GC(42) Major Collection (Proactive)
[2026-01-06T22:07:07.713+0800][15.357s][info][gc,task     ] GC(42) Using 1 Workers for Young Generation
[2026-01-06T22:07:07.713+0800][15.357s][info][gc,task     ] GC(42) Using 1 Workers for Old Generation
[2026-01-06T22:07:07.713+0800][15.357s][info][gc,phases   ] GC(42) Y: Young Generation
[2026-01-06T22:07:07.713+0800][15.357s][info][gc,phases   ] GC(42) Y: Pause Mark Start (Major) 0.005ms
[2026-01-06T22:07:07.713+0800][15.357s][info][gc,phases   ] GC(42) Y: Concurrent Mark 0.166ms
[2026-01-06T22:07:07.713+0800][15.357s][info][gc,phases   ] GC(42) Y: Pause Mark End 0.003ms
[2026-01-06T22:07:07.713+0800][15.357s][info][gc,phases   ] GC(42) Y: Concurrent Mark Free 0.000ms
[2026-01-06T22:07:07.713+0800][15.357s][info][gc,phases   ] GC(42) Y: Concurrent Reset Relocation Set 0.000ms
[2026-01-06T22:07:07.713+0800][15.357s][info][gc,reloc    ] GC(42) Y: Using tenuring threshold: 1 (Computed)
[2026-01-06T22:07:07.713+0800][15.357s][info][gc,phases   ] GC(42) Y: Concurrent Select Relocation Set 0.176ms
[2026-01-06T22:07:07.713+0800][15.357s][info][gc,phases   ] GC(42) Y: Pause Relocate Start 0.001ms
[2026-01-06T22:07:07.713+0800][15.357s][info][gc,phases   ] GC(42) Y: Concurrent Relocate 0.011ms
[2026-01-06T22:07:07.713+0800][15.357s][info][gc,alloc    ] GC(42) Y:                         Mark Start        Mark End      Relocate Start    Relocate End   
[2026-01-06T22:07:07.713+0800][15.357s][info][gc,alloc    ] GC(42) Y: Allocation Stalls:          0                0                0                0         
[2026-01-06T22:07:07.713+0800][15.357s][info][gc,load     ] GC(42) Y: Load: 1.49 (15%) / 1.70 (17%) / 1.98 (20%)
[2026-01-06T22:07:07.713+0800][15.357s][info][gc,mmu      ] GC(42) Y: MMU: 2ms/97.4%, 5ms/98.6%, 10ms/99.3%, 20ms/99.5%, 50ms/99.8%, 100ms/99.9%
[2026-01-06T22:07:07.713+0800][15.357s][info][gc,marking  ] GC(42) Y: Mark: 1 stripe(s), 2 proactive flush(es), 1 terminate flush(es), 0 completion(s), 0 continuation(s) 
[2026-01-06T22:07:07.713+0800][15.357s][info][gc,nmethod  ] GC(42) Y: NMethods: 120 registered, 37 unregistered
[2026-01-06T22:07:07.713+0800][15.357s][info][gc,metaspace] GC(42) Y: Metaspace: 0M used, 0M committed, 1088M reserved
[2026-01-06T22:07:07.713+0800][15.357s][info][gc,reloc    ] GC(42) Y:                        Candidates     Selected     In-Place         Size        Empty    Relocated 
[2026-01-06T22:07:07.713+0800][15.357s][info][gc,reloc    ] GC(42) Y: Small Pages:                  886            0            0        1772M        1770M           0M 
[2026-01-06T22:07:07.713+0800][15.357s][info][gc,reloc    ] GC(42) Y: Medium Pages:                   0            0            0           0M           0M           0M 
[2026-01-06T22:07:07.713+0800][15.357s][info][gc,reloc    ] GC(42) Y: Large Pages:                    0            0            0           0M           0M           0M 
[2026-01-06T22:07:07.713+0800][15.357s][info][gc,reloc    ] GC(42) Y: Forwarding Usage: 0M
[2026-01-06T22:07:07.713+0800][15.357s][info][gc,reloc    ] GC(42) Y: Age Table:
[2026-01-06T22:07:07.713+0800][15.357s][info][gc,reloc    ] GC(42) Y:                    Live             Garbage             Small              Medium             Large        
[2026-01-06T22:07:07.713+0800][15.357s][info][gc,reloc    ] GC(42) Y: Eden               0M (0%)         1769M (43%)        885 / 0              0 / 0              0 / 0        
[2026-01-06T22:07:07.713+0800][15.357s][info][gc,reloc    ] GC(42) Y: Survivor 1          -                 2M (0%)           1 / 0              0 / 0              0 / 0        
[2026-01-06T22:07:07.713+0800][15.357s][info][gc,heap     ] GC(42) Y: Min Capacity: 8M(0%)
[2026-01-06T22:07:07.713+0800][15.357s][info][gc,heap     ] GC(42) Y: Max Capacity: 4096M(100%)
[2026-01-06T22:07:07.713+0800][15.357s][info][gc,heap     ] GC(42) Y: Soft Max Capacity: 3686M(90%)
[2026-01-06T22:07:07.713+0800][15.357s][info][gc,heap     ] GC(42) Y: Heap Statistics:
[2026-01-06T22:07:07.713+0800][15.357s][info][gc,heap     ] GC(42) Y:                Mark Start          Mark End        Relocate Start      Relocate End           High               Low         
[2026-01-06T22:07:07.713+0800][15.357s][info][gc,heap     ] GC(42) Y:  Capacity:     3498M (85%)        3498M (85%)        3498M (85%)        3498M (85%)        3498M (85%)        3498M (85%)    
[2026-01-06T22:07:07.713+0800][15.357s][info][gc,heap     ] GC(42) Y:      Free:     2322M (57%)        2318M (57%)        4084M (100%)       4084M (100%)       4086M (100%)       2318M (57%)    
[2026-01-06T22:07:07.713+0800][15.357s][info][gc,heap     ] GC(42) Y:      Used:     1774M (43%)        1778M (43%)          12M (0%)           12M (0%)         1778M (43%)          10M (0%)     
[2026-01-06T22:07:07.713+0800][15.357s][info][gc,heap     ] GC(42) Y: Young Generation Statistics:
[2026-01-06T22:07:07.713+0800][15.357s][info][gc,heap     ] GC(42) Y:                Mark Start          Mark End        Relocate Start      Relocate End    
[2026-01-06T22:07:07.713+0800][15.357s][info][gc,heap     ] GC(42) Y:      Used:     1772M (43%)        1776M (43%)          10M (0%)           10M (0%)     
[2026-01-06T22:07:07.713+0800][15.357s][info][gc,heap     ] GC(42) Y:      Live:         -                 0M (0%)            0M (0%)            0M (0%)     
[2026-01-06T22:07:07.713+0800][15.357s][info][gc,heap     ] GC(42) Y:   Garbage:         -              1771M (43%)           1M (0%)            1M (0%)     
[2026-01-06T22:07:07.713+0800][15.357s][info][gc,heap     ] GC(42) Y: Allocated:         -                 4M (0%)            8M (0%)            8M (0%)     
[2026-01-06T22:07:07.713+0800][15.357s][info][gc,heap     ] GC(42) Y: Reclaimed:         -                  -              1770M (43%)        1770M (43%)    
[2026-01-06T22:07:07.713+0800][15.357s][info][gc,heap     ] GC(42) Y:  Promoted:         -                  -                 0M (0%)            0M (0%)     
[2026-01-06T22:07:07.713+0800][15.357s][info][gc,heap     ] GC(42) Y: Compacted:         -                  -                  -                 0M (0%)     
[2026-01-06T22:07:07.713+0800][15.357s][info][gc,phases   ] GC(42) Y: Young Generation 1774M(43%)->12M(0%) 0.001s
[2026-01-06T22:07:07.713+0800][15.357s][info][gc,phases   ] GC(42) O: Old Generation
[2026-01-06T22:07:07.714+0800][15.358s][info][gc,phases   ] GC(42) O: Concurrent Mark 0.578ms
[2026-01-06T22:07:07.714+0800][15.358s][info][gc,phases   ] GC(42) O: Pause Mark End 0.002ms
[2026-01-06T22:07:07.714+0800][15.358s][info][gc,phases   ] GC(42) O: Concurrent Mark Free 0.000ms
[2026-01-06T22:07:07.714+0800][15.358s][info][gc,phases   ] GC(42) O: Concurrent Process Non-Strong 0.125ms
[2026-01-06T22:07:07.714+0800][15.358s][info][gc,phases   ] GC(42) O: Concurrent Reset Relocation Set 0.000ms
[2026-01-06T22:07:07.714+0800][15.358s][info][gc,phases   ] GC(42) O: Concurrent Select Relocation Set 0.021ms
[2026-01-06T22:07:07.714+0800][15.358s][info][gc,task     ] GC(42) O: Using 2 Workers for Old Generation
[2026-01-06T22:07:07.714+0800][15.358s][info][gc,task     ] GC(42) O: Using 1 Workers for Old Generation
[2026-01-06T22:07:07.714+0800][15.358s][info][gc,phases   ] GC(42) O: Concurrent Remap Roots 0.049ms
[2026-01-06T22:07:07.714+0800][15.358s][info][gc,phases   ] GC(42) O: Pause Relocate Start 0.001ms
[2026-01-06T22:07:07.714+0800][15.358s][info][gc,phases   ] GC(42) O: Concurrent Relocate 0.007ms
[2026-01-06T22:07:07.714+0800][15.358s][info][gc,alloc    ] GC(42) O:                         Mark Start        Mark End      Relocate Start    Relocate End   
[2026-01-06T22:07:07.714+0800][15.358s][info][gc,alloc    ] GC(42) O: Allocation Stalls:          0                0                0                0         
[2026-01-06T22:07:07.714+0800][15.358s][info][gc,load     ] GC(42) O: Load: 1.49 (15%) / 1.70 (17%) / 1.98 (20%)
[2026-01-06T22:07:07.714+0800][15.358s][info][gc,mmu      ] GC(42) O: MMU: 2ms/97.4%, 5ms/98.6%, 10ms/99.3%, 20ms/99.5%, 50ms/99.8%, 100ms/99.9%
[2026-01-06T22:07:07.714+0800][15.358s][info][gc,marking  ] GC(42) O: Mark: 1 stripe(s), 2 proactive flush(es), 1 terminate flush(es), 0 completion(s), 0 continuation(s) 
[2026-01-06T22:07:07.714+0800][15.358s][info][gc,nmethod  ] GC(42) O: NMethods: 120 registered, 37 unregistered
[2026-01-06T22:07:07.714+0800][15.358s][info][gc,metaspace] GC(42) O: Metaspace: 0M used, 0M committed, 1088M reserved
[2026-01-06T22:07:07.714+0800][15.358s][info][gc,ref      ] GC(42) O:                       Encountered   Discovered     Enqueued 
[2026-01-06T22:07:07.714+0800][15.358s][info][gc,ref      ] GC(42) O: Soft References:                1            0            0 
[2026-01-06T22:07:07.714+0800][15.358s][info][gc,ref      ] GC(42) O: Weak References:                6            0            0 
[2026-01-06T22:07:07.714+0800][15.358s][info][gc,ref      ] GC(42) O: Final References:               0            0            0 
[2026-01-06T22:07:07.714+0800][15.358s][info][gc,ref      ] GC(42) O: Phantom References:             1            1            0 
[2026-01-06T22:07:07.714+0800][15.358s][info][gc,reloc    ] GC(42) O:                        Candidates     Selected     In-Place         Size        Empty    Relocated 
[2026-01-06T22:07:07.714+0800][15.358s][info][gc,reloc    ] GC(42) O: Small Pages:                    1            0            0           2M           0M           0M 
[2026-01-06T22:07:07.714+0800][15.358s][info][gc,reloc    ] GC(42) O: Medium Pages:                   0            0            0           0M           0M           0M 
[2026-01-06T22:07:07.714+0800][15.358s][info][gc,reloc    ] GC(42) O: Large Pages:                    0            0            0           0M           0M           0M 
[2026-01-06T22:07:07.714+0800][15.358s][info][gc,reloc    ] GC(42) O: Forwarding Usage: 0M
[2026-01-06T22:07:07.714+0800][15.358s][info][gc,heap     ] GC(42) O: Min Capacity: 8M(0%)
[2026-01-06T22:07:07.714+0800][15.358s][info][gc,heap     ] GC(42) O: Max Capacity: 4096M(100%)
[2026-01-06T22:07:07.714+0800][15.358s][info][gc,heap     ] GC(42) O: Soft Max Capacity: 3686M(90%)
[2026-01-06T22:07:07.714+0800][15.358s][info][gc,heap     ] GC(42) O: Heap Statistics:
[2026-01-06T22:07:07.714+0800][15.358s][info][gc,heap     ] GC(42) O:                Mark Start          Mark End        Relocate Start      Relocate End           High               Low         
[2026-01-06T22:07:07.714+0800][15.358s][info][gc,heap     ] GC(42) O:  Capacity:     3498M (85%)        3498M (85%)        3498M (85%)        3498M (85%)        3498M (85%)        3498M (85%)    
[2026-01-06T22:07:07.714+0800][15.358s][info][gc,heap     ] GC(42) O:      Free:     2322M (57%)        4072M (99%)        4068M (99%)        4068M (99%)        4086M (100%)       2318M (57%)    
[2026-01-06T22:07:07.714+0800][15.358s][info][gc,heap     ] GC(42) O:      Used:     1774M (43%)          24M (1%)           28M (1%)           28M (1%)         1778M (43%)          10M (0%)     
[2026-01-06T22:07:07.714+0800][15.358s][info][gc,heap     ] GC(42) O: Old Generation Statistics:
[2026-01-06T22:07:07.714+0800][15.358s][info][gc,heap     ] GC(42) O:                Mark Start          Mark End        Relocate Start      Relocate End    
[2026-01-06T22:07:07.714+0800][15.358s][info][gc,heap     ] GC(42) O:      Used:        2M (0%)            2M (0%)            2M (0%)            2M (0%)     
[2026-01-06T22:07:07.714+0800][15.358s][info][gc,heap     ] GC(42) O:      Live:         -                 0M (0%)            0M (0%)            0M (0%)     
[2026-01-06T22:07:07.714+0800][15.358s][info][gc,heap     ] GC(42) O:   Garbage:         -                 1M (0%)            1M (0%)            1M (0%)     
[2026-01-06T22:07:07.714+0800][15.358s][info][gc,heap     ] GC(42) O: Allocated:         -                 0M (0%)            0M (0%)            0M (0%)     
[2026-01-06T22:07:07.714+0800][15.358s][info][gc,heap     ] GC(42) O: Reclaimed:         -                  -                 0M (0%)            0M (0%)     
[2026-01-06T22:07:07.714+0800][15.358s][info][gc,heap     ] GC(42) O: Compacted:         -                  -                  -                 0M (0%)     
[2026-01-06T22:07:07.714+0800][15.358s][info][gc,phases   ] GC(42) O: Old Generation 14M(0%)->28M(1%) 0.001s
[2026-01-06T22:07:07.714+0800][15.358s][info][gc          ] GC(42) Major Collection (Proactive) 1774M(43%)->30M(1%) 0.002s
[2026-01-06T22:07:07.797+0800][15.441s][info][gc          ] GC(43) Major Collection (Proactive)
[2026-01-06T22:07:07.797+0800][15.441s][info][gc,task     ] GC(43) Using 1 Workers for Young Generation
[2026-01-06T22:07:07.797+0800][15.441s][info][gc,task     ] GC(43) Using 1 Workers for Old Generation
[2026-01-06T22:07:07.797+0800][15.441s][info][gc,phases   ] GC(43) Y: Young Generation
[2026-01-06T22:07:07.797+0800][15.441s][info][gc,phases   ] GC(43) Y: Pause Mark Start (Major) 0.012ms
[2026-01-06T22:07:07.797+0800][15.441s][info][gc,phases   ] GC(43) Y: Concurrent Mark 0.238ms
[2026-01-06T22:07:07.797+0800][15.441s][info][gc,phases   ] GC(43) Y: Pause Mark End 0.004ms
[2026-01-06T22:07:07.797+0800][15.441s][info][gc,phases   ] GC(43) Y: Concurrent Mark Free 0.000ms
[2026-01-06T22:07:07.797+0800][15.441s][info][gc,phases   ] GC(43) Y: Concurrent Reset Relocation Set 0.000ms
[2026-01-06T22:07:07.797+0800][15.441s][info][gc,reloc    ] GC(43) Y: Using tenuring threshold: 1 (Computed)
[2026-01-06T22:07:07.797+0800][15.441s][info][gc,phases   ] GC(43) Y: Concurrent Select Relocation Set 0.259ms
[2026-01-06T22:07:07.798+0800][15.441s][info][gc,phases   ] GC(43) Y: Pause Relocate Start 0.001ms
[2026-01-06T22:07:07.798+0800][15.441s][info][gc,phases   ] GC(43) Y: Concurrent Relocate 0.022ms
[2026-01-06T22:07:07.798+0800][15.441s][info][gc,alloc    ] GC(43) Y:                         Mark Start        Mark End      Relocate Start    Relocate End   
[2026-01-06T22:07:07.798+0800][15.441s][info][gc,alloc    ] GC(43) Y: Allocation Stalls:          0                0                0                0         
[2026-01-06T22:07:07.798+0800][15.441s][info][gc,load     ] GC(43) Y: Load: 1.49 (15%) / 1.70 (17%) / 1.98 (20%)
[2026-01-06T22:07:07.798+0800][15.441s][info][gc,mmu      ] GC(43) Y: MMU: 2ms/97.4%, 5ms/98.6%, 10ms/99.3%, 20ms/99.5%, 50ms/99.8%, 100ms/99.9%
[2026-01-06T22:07:07.798+0800][15.441s][info][gc,marking  ] GC(43) Y: Mark: 1 stripe(s), 2 proactive flush(es), 1 terminate flush(es), 0 completion(s), 0 continuation(s) 
[2026-01-06T22:07:07.798+0800][15.441s][info][gc,nmethod  ] GC(43) Y: NMethods: 120 registered, 37 unregistered
[2026-01-06T22:07:07.798+0800][15.441s][info][gc,metaspace] GC(43) Y: Metaspace: 0M used, 0M committed, 1088M reserved
[2026-01-06T22:07:07.798+0800][15.441s][info][gc,reloc    ] GC(43) Y:                        Candidates     Selected     In-Place         Size        Empty    Relocated 
[2026-01-06T22:07:07.798+0800][15.441s][info][gc,reloc    ] GC(43) Y: Small Pages:                  811            0            0        1622M        1620M           0M 
[2026-01-06T22:07:07.798+0800][15.441s][info][gc,reloc    ] GC(43) Y: Medium Pages:                   0            0            0           0M           0M           0M 
[2026-01-06T22:07:07.798+0800][15.441s][info][gc,reloc    ] GC(43) Y: Large Pages:                    0            0            0           0M           0M           0M 
[2026-01-06T22:07:07.798+0800][15.441s][info][gc,reloc    ] GC(43) Y: Forwarding Usage: 0M
[2026-01-06T22:07:07.798+0800][15.441s][info][gc,reloc    ] GC(43) Y: Age Table:
[2026-01-06T22:07:07.798+0800][15.441s][info][gc,reloc    ] GC(43) Y:                    Live             Garbage             Small              Medium             Large        
[2026-01-06T22:07:07.798+0800][15.441s][info][gc,reloc    ] GC(43) Y: Eden               0M (0%)         1619M (40%)        810 / 0              0 / 0              0 / 0        
[2026-01-06T22:07:07.798+0800][15.441s][info][gc,reloc    ] GC(43) Y: Survivor 1          -                 2M (0%)           1 / 0              0 / 0              0 / 0        
[2026-01-06T22:07:07.798+0800][15.441s][info][gc,heap     ] GC(43) Y: Min Capacity: 8M(0%)
[2026-01-06T22:07:07.798+0800][15.441s][info][gc,heap     ] GC(43) Y: Max Capacity: 4096M(100%)
[2026-01-06T22:07:07.798+0800][15.441s][info][gc,heap     ] GC(43) Y: Soft Max Capacity: 3686M(90%)
[2026-01-06T22:07:07.798+0800][15.441s][info][gc,heap     ] GC(43) Y: Heap Statistics:
[2026-01-06T22:07:07.798+0800][15.441s][info][gc,heap     ] GC(43) Y:                Mark Start          Mark End        Relocate Start      Relocate End           High               Low         
[2026-01-06T22:07:07.798+0800][15.441s][info][gc,heap     ] GC(43) Y:  Capacity:     3498M (85%)        3498M (85%)        3498M (85%)        3498M (85%)        3498M (85%)        3498M (85%)    
[2026-01-06T22:07:07.798+0800][15.441s][info][gc,heap     ] GC(43) Y:      Free:     2472M (60%)        2466M (60%)        4082M (100%)       4082M (100%)       4084M (100%)       2466M (60%)    
[2026-01-06T22:07:07.798+0800][15.441s][info][gc,heap     ] GC(43) Y:      Used:     1624M (40%)        1630M (40%)          14M (0%)           14M (0%)         1630M (40%)          12M (0%)     
[2026-01-06T22:07:07.798+0800][15.441s][info][gc,heap     ] GC(43) Y: Young Generation Statistics:
[2026-01-06T22:07:07.798+0800][15.441s][info][gc,heap     ] GC(43) Y:                Mark Start          Mark End        Relocate Start      Relocate End    
[2026-01-06T22:07:07.798+0800][15.441s][info][gc,heap     ] GC(43) Y:      Used:     1622M (40%)        1628M (40%)          12M (0%)           12M (0%)     
[2026-01-06T22:07:07.798+0800][15.441s][info][gc,heap     ] GC(43) Y:      Live:         -                 0M (0%)            0M (0%)            0M (0%)     
[2026-01-06T22:07:07.798+0800][15.441s][info][gc,heap     ] GC(43) Y:   Garbage:         -              1621M (40%)           1M (0%)            1M (0%)     
[2026-01-06T22:07:07.798+0800][15.441s][info][gc,heap     ] GC(43) Y: Allocated:         -                 6M (0%)           10M (0%)           10M (0%)     
[2026-01-06T22:07:07.798+0800][15.441s][info][gc,heap     ] GC(43) Y: Reclaimed:         -                  -              1620M (40%)        1620M (40%)    
[2026-01-06T22:07:07.798+0800][15.441s][info][gc,heap     ] GC(43) Y:  Promoted:         -                  -                 0M (0%)            0M (0%)     
[2026-01-06T22:07:07.798+0800][15.441s][info][gc,heap     ] GC(43) Y: Compacted:         -                  -                  -                 0M (0%)     
[2026-01-06T22:07:07.798+0800][15.441s][info][gc,phases   ] GC(43) Y: Young Generation 1624M(40%)->14M(0%) 0.001s
[2026-01-06T22:07:07.798+0800][15.442s][info][gc,phases   ] GC(43) O: Old Generation
[2026-01-06T22:07:07.798+0800][15.442s][info][gc,phases   ] GC(43) O: Concurrent Mark 0.681ms
[2026-01-06T22:07:07.798+0800][15.442s][info][gc,phases   ] GC(43) O: Pause Mark End 0.003ms
[2026-01-06T22:07:07.798+0800][15.442s][info][gc,phases   ] GC(43) O: Concurrent Mark Free 0.000ms
[2026-01-06T22:07:07.799+0800][15.442s][info][gc,phases   ] GC(43) O: Concurrent Process Non-Strong 0.143ms
[2026-01-06T22:07:07.799+0800][15.442s][info][gc,phases   ] GC(43) O: Concurrent Reset Relocation Set 0.000ms
[2026-01-06T22:07:07.799+0800][15.442s][info][gc,phases   ] GC(43) O: Concurrent Select Relocation Set 0.018ms
[2026-01-06T22:07:07.799+0800][15.442s][info][gc,task     ] GC(43) O: Using 2 Workers for Old Generation
[2026-01-06T22:07:07.799+0800][15.442s][info][gc,task     ] GC(43) O: Using 1 Workers for Old Generation
[2026-01-06T22:07:07.799+0800][15.442s][info][gc,phases   ] GC(43) O: Concurrent Remap Roots 0.059ms
[2026-01-06T22:07:07.799+0800][15.442s][info][gc,phases   ] GC(43) O: Pause Relocate Start 0.001ms
[2026-01-06T22:07:07.799+0800][15.443s][info][gc,phases   ] GC(43) O: Concurrent Relocate 0.016ms
[2026-01-06T22:07:07.799+0800][15.443s][info][gc,alloc    ] GC(43) O:                         Mark Start        Mark End      Relocate Start    Relocate End   
[2026-01-06T22:07:07.799+0800][15.443s][info][gc,alloc    ] GC(43) O: Allocation Stalls:          0                0                0                0         
[2026-01-06T22:07:07.799+0800][15.443s][info][gc,load     ] GC(43) O: Load: 1.49 (15%) / 1.70 (17%) / 1.98 (20%)
[2026-01-06T22:07:07.799+0800][15.443s][info][gc,mmu      ] GC(43) O: MMU: 2ms/97.4%, 5ms/98.6%, 10ms/99.3%, 20ms/99.5%, 50ms/99.8%, 100ms/99.9%
[2026-01-06T22:07:07.799+0800][15.443s][info][gc,marking  ] GC(43) O: Mark: 1 stripe(s), 2 proactive flush(es), 1 terminate flush(es), 0 completion(s), 0 continuation(s) 
[2026-01-06T22:07:07.799+0800][15.443s][info][gc,nmethod  ] GC(43) O: NMethods: 120 registered, 37 unregistered
[2026-01-06T22:07:07.799+0800][15.443s][info][gc,metaspace] GC(43) O: Metaspace: 0M used, 0M committed, 1088M reserved
[2026-01-06T22:07:07.799+0800][15.443s][info][gc,ref      ] GC(43) O:                       Encountered   Discovered     Enqueued 
[2026-01-06T22:07:07.799+0800][15.443s][info][gc,ref      ] GC(43) O: Soft References:                1            0            0 
[2026-01-06T22:07:07.799+0800][15.443s][info][gc,ref      ] GC(43) O: Weak References:                6            0            0 
[2026-01-06T22:07:07.799+0800][15.443s][info][gc,ref      ] GC(43) O: Final References:               0            0            0 
[2026-01-06T22:07:07.799+0800][15.443s][info][gc,ref      ] GC(43) O: Phantom References:             1            1            0 
[2026-01-06T22:07:07.799+0800][15.443s][info][gc,reloc    ] GC(43) O:                        Candidates     Selected     In-Place         Size        Empty    Relocated 
[2026-01-06T22:07:07.799+0800][15.443s][info][gc,reloc    ] GC(43) O: Small Pages:                    1            0            0           2M           0M           0M 
[2026-01-06T22:07:07.799+0800][15.443s][info][gc,reloc    ] GC(43) O: Medium Pages:                   0            0            0           0M           0M           0M 
[2026-01-06T22:07:07.799+0800][15.443s][info][gc,reloc    ] GC(43) O: Large Pages:                    0            0            0           0M           0M           0M 
[2026-01-06T22:07:07.799+0800][15.443s][info][gc,reloc    ] GC(43) O: Forwarding Usage: 0M
[2026-01-06T22:07:07.799+0800][15.443s][info][gc,heap     ] GC(43) O: Min Capacity: 8M(0%)
[2026-01-06T22:07:07.799+0800][15.443s][info][gc,heap     ] GC(43) O: Max Capacity: 4096M(100%)
[2026-01-06T22:07:07.799+0800][15.443s][info][gc,heap     ] GC(43) O: Soft Max Capacity: 3686M(90%)
[2026-01-06T22:07:07.799+0800][15.443s][info][gc,heap     ] GC(43) O: Heap Statistics:
[2026-01-06T22:07:07.799+0800][15.443s][info][gc,heap     ] GC(43) O:                Mark Start          Mark End        Relocate Start      Relocate End           High               Low         
[2026-01-06T22:07:07.799+0800][15.443s][info][gc,heap     ] GC(43) O:  Capacity:     3498M (85%)        3498M (85%)        3498M (85%)        3498M (85%)        3498M (85%)        3498M (85%)    
[2026-01-06T22:07:07.799+0800][15.443s][info][gc,heap     ] GC(43) O:      Free:     2472M (60%)        4068M (99%)        4064M (99%)        4064M (99%)        4084M (100%)       2466M (60%)    
[2026-01-06T22:07:07.799+0800][15.443s][info][gc,heap     ] GC(43) O:      Used:     1624M (40%)          28M (1%)           32M (1%)           32M (1%)         1630M (40%)          12M (0%)     
[2026-01-06T22:07:07.799+0800][15.443s][info][gc,heap     ] GC(43) O: Old Generation Statistics:
[2026-01-06T22:07:07.799+0800][15.443s][info][gc,heap     ] GC(43) O:                Mark Start          Mark End        Relocate Start      Relocate End    
[2026-01-06T22:07:07.799+0800][15.443s][info][gc,heap     ] GC(43) O:      Used:        2M (0%)            2M (0%)            2M (0%)            2M (0%)     
[2026-01-06T22:07:07.799+0800][15.443s][info][gc,heap     ] GC(43) O:      Live:         -                 0M (0%)            0M (0%)            0M (0%)     
[2026-01-06T22:07:07.799+0800][15.443s][info][gc,heap     ] GC(43) O:   Garbage:         -                 1M (0%)            1M (0%)            1M (0%)     
[2026-01-06T22:07:07.799+0800][15.443s][info][gc,heap     ] GC(43) O: Allocated:         -                 0M (0%)            0M (0%)            0M (0%)     
[2026-01-06T22:07:07.799+0800][15.443s][info][gc,heap     ] GC(43) O: Reclaimed:         -                  -                 0M (0%)            0M (0%)     
[2026-01-06T22:07:07.799+0800][15.443s][info][gc,heap     ] GC(43) O: Compacted:         -                  -                  -                 0M (0%)     
[2026-01-06T22:07:07.799+0800][15.443s][info][gc,phases   ] GC(43) O: Old Generation 16M(0%)->32M(1%) 0.001s
[2026-01-06T22:07:07.799+0800][15.443s][info][gc          ] GC(43) Major Collection (Proactive) 1624M(40%)->34M(1%) 0.002s
[2026-01-06T22:07:07.908+0800][15.552s][info][gc          ] GC(44) Major Collection (Proactive)
[2026-01-06T22:07:07.908+0800][15.552s][info][gc,task     ] GC(44) Using 1 Workers for Young Generation
[2026-01-06T22:07:07.908+0800][15.552s][info][gc,task     ] GC(44) Using 1 Workers for Old Generation
[2026-01-06T22:07:07.908+0800][15.552s][info][gc,phases   ] GC(44) Y: Young Generation
[2026-01-06T22:07:07.909+0800][15.552s][info][gc,phases   ] GC(44) Y: Pause Mark Start (Major) 0.005ms
[2026-01-06T22:07:07.909+0800][15.553s][info][gc,phases   ] GC(44) Y: Concurrent Mark 0.179ms
[2026-01-06T22:07:07.909+0800][15.553s][info][gc,phases   ] GC(44) Y: Pause Mark End 0.004ms
[2026-01-06T22:07:07.909+0800][15.553s][info][gc,phases   ] GC(44) Y: Concurrent Mark Free 0.000ms
[2026-01-06T22:07:07.909+0800][15.553s][info][gc,phases   ] GC(44) Y: Concurrent Reset Relocation Set 0.000ms
[2026-01-06T22:07:07.909+0800][15.553s][info][gc,reloc    ] GC(44) Y: Using tenuring threshold: 1 (Computed)
[2026-01-06T22:07:07.909+0800][15.553s][info][gc,phases   ] GC(44) Y: Concurrent Select Relocation Set 0.226ms
[2026-01-06T22:07:07.909+0800][15.553s][info][gc,phases   ] GC(44) Y: Pause Relocate Start 0.001ms
[2026-01-06T22:07:07.909+0800][15.553s][info][gc,phases   ] GC(44) Y: Concurrent Relocate 0.011ms
[2026-01-06T22:07:07.909+0800][15.553s][info][gc,alloc    ] GC(44) Y:                         Mark Start        Mark End      Relocate Start    Relocate End   
[2026-01-06T22:07:07.909+0800][15.553s][info][gc,alloc    ] GC(44) Y: Allocation Stalls:          0                0                0                0         
[2026-01-06T22:07:07.909+0800][15.553s][info][gc,load     ] GC(44) Y: Load: 1.49 (15%) / 1.70 (17%) / 1.98 (20%)
[2026-01-06T22:07:07.909+0800][15.553s][info][gc,mmu      ] GC(44) Y: MMU: 2ms/97.4%, 5ms/98.6%, 10ms/99.3%, 20ms/99.5%, 50ms/99.8%, 100ms/99.9%
[2026-01-06T22:07:07.909+0800][15.553s][info][gc,marking  ] GC(44) Y: Mark: 1 stripe(s), 2 proactive flush(es), 1 terminate flush(es), 0 completion(s), 0 continuation(s) 
[2026-01-06T22:07:07.909+0800][15.553s][info][gc,nmethod  ] GC(44) Y: NMethods: 120 registered, 37 unregistered
[2026-01-06T22:07:07.909+0800][15.553s][info][gc,metaspace] GC(44) Y: Metaspace: 0M used, 0M committed, 1088M reserved
[2026-01-06T22:07:07.909+0800][15.553s][info][gc,reloc    ] GC(44) Y:                        Candidates     Selected     In-Place         Size        Empty    Relocated 
[2026-01-06T22:07:07.909+0800][15.553s][info][gc,reloc    ] GC(44) Y: Small Pages:                  961            0            0        1922M        1920M           0M 
[2026-01-06T22:07:07.909+0800][15.553s][info][gc,reloc    ] GC(44) Y: Medium Pages:                   0            0            0           0M           0M           0M 
[2026-01-06T22:07:07.909+0800][15.553s][info][gc,reloc    ] GC(44) Y: Large Pages:                    0            0            0           0M           0M           0M 
[2026-01-06T22:07:07.909+0800][15.553s][info][gc,reloc    ] GC(44) Y: Forwarding Usage: 0M
[2026-01-06T22:07:07.909+0800][15.553s][info][gc,reloc    ] GC(44) Y: Age Table:
[2026-01-06T22:07:07.909+0800][15.553s][info][gc,reloc    ] GC(44) Y:                    Live             Garbage             Small              Medium             Large        
[2026-01-06T22:07:07.909+0800][15.553s][info][gc,reloc    ] GC(44) Y: Eden               0M (0%)         1919M (47%)        960 / 0              0 / 0              0 / 0        
[2026-01-06T22:07:07.909+0800][15.553s][info][gc,reloc    ] GC(44) Y: Survivor 1          -                 2M (0%)           1 / 0              0 / 0              0 / 0        
[2026-01-06T22:07:07.909+0800][15.553s][info][gc,heap     ] GC(44) Y: Min Capacity: 8M(0%)
[2026-01-06T22:07:07.909+0800][15.553s][info][gc,heap     ] GC(44) Y: Max Capacity: 4096M(100%)
[2026-01-06T22:07:07.909+0800][15.553s][info][gc,heap     ] GC(44) Y: Soft Max Capacity: 3686M(90%)
[2026-01-06T22:07:07.909+0800][15.553s][info][gc,heap     ] GC(44) Y: Heap Statistics:
[2026-01-06T22:07:07.909+0800][15.553s][info][gc,heap     ] GC(44) Y:                Mark Start          Mark End        Relocate Start      Relocate End           High               Low         
[2026-01-06T22:07:07.909+0800][15.553s][info][gc,heap     ] GC(44) Y:  Capacity:     3498M (85%)        3498M (85%)        3498M (85%)        3498M (85%)        3498M (85%)        3498M (85%)    
[2026-01-06T22:07:07.909+0800][15.553s][info][gc,heap     ] GC(44) Y:      Free:     2172M (53%)        2168M (53%)        4086M (100%)       4086M (100%)       4088M (100%)       2168M (53%)    
[2026-01-06T22:07:07.909+0800][15.553s][info][gc,heap     ] GC(44) Y:      Used:     1924M (47%)        1928M (47%)          10M (0%)           10M (0%)         1928M (47%)           8M (0%)     
[2026-01-06T22:07:07.909+0800][15.553s][info][gc,heap     ] GC(44) Y: Young Generation Statistics:
[2026-01-06T22:07:07.909+0800][15.553s][info][gc,heap     ] GC(44) Y:                Mark Start          Mark End        Relocate Start      Relocate End    
[2026-01-06T22:07:07.909+0800][15.553s][info][gc,heap     ] GC(44) Y:      Used:     1922M (47%)        1926M (47%)           8M (0%)            8M (0%)     
[2026-01-06T22:07:07.909+0800][15.553s][info][gc,heap     ] GC(44) Y:      Live:         -                 0M (0%)            0M (0%)            0M (0%)     
[2026-01-06T22:07:07.909+0800][15.553s][info][gc,heap     ] GC(44) Y:   Garbage:         -              1921M (47%)           1M (0%)            1M (0%)     
[2026-01-06T22:07:07.909+0800][15.553s][info][gc,heap     ] GC(44) Y: Allocated:         -                 4M (0%)            6M (0%)            6M (0%)     
[2026-01-06T22:07:07.909+0800][15.553s][info][gc,heap     ] GC(44) Y: Reclaimed:         -                  -              1920M (47%)        1920M (47%)    
[2026-01-06T22:07:07.909+0800][15.553s][info][gc,heap     ] GC(44) Y:  Promoted:         -                  -                 0M (0%)            0M (0%)     
[2026-01-06T22:07:07.909+0800][15.553s][info][gc,heap     ] GC(44) Y: Compacted:         -                  -                  -                 0M (0%)     
[2026-01-06T22:07:07.909+0800][15.553s][info][gc,phases   ] GC(44) Y: Young Generation 1924M(47%)->10M(0%) 0.001s
[2026-01-06T22:07:07.909+0800][15.553s][info][gc,phases   ] GC(44) O: Old Generation
[2026-01-06T22:07:07.910+0800][15.554s][info][gc,phases   ] GC(44) O: Concurrent Mark 0.637ms
[2026-01-06T22:07:07.910+0800][15.554s][info][gc,phases   ] GC(44) O: Pause Mark End 0.003ms
[2026-01-06T22:07:07.910+0800][15.554s][info][gc,phases   ] GC(44) O: Concurrent Mark Free 0.000ms
[2026-01-06T22:07:07.910+0800][15.554s][info][gc,phases   ] GC(44) O: Concurrent Process Non-Strong 0.127ms
[2026-01-06T22:07:07.910+0800][15.554s][info][gc,phases   ] GC(44) O: Concurrent Reset Relocation Set 0.000ms
[2026-01-06T22:07:07.910+0800][15.554s][info][gc,phases   ] GC(44) O: Concurrent Select Relocation Set 0.016ms
[2026-01-06T22:07:07.910+0800][15.554s][info][gc,task     ] GC(44) O: Using 2 Workers for Old Generation
[2026-01-06T22:07:07.910+0800][15.554s][info][gc,task     ] GC(44) O: Using 1 Workers for Old Generation
[2026-01-06T22:07:07.910+0800][15.554s][info][gc,phases   ] GC(44) O: Concurrent Remap Roots 0.044ms
[2026-01-06T22:07:07.910+0800][15.554s][info][gc,phases   ] GC(44) O: Pause Relocate Start 0.002ms
[2026-01-06T22:07:07.910+0800][15.554s][info][gc,phases   ] GC(44) O: Concurrent Relocate 0.006ms
[2026-01-06T22:07:07.910+0800][15.554s][info][gc,alloc    ] GC(44) O:                         Mark Start        Mark End      Relocate Start    Relocate End   
[2026-01-06T22:07:07.910+0800][15.554s][info][gc,alloc    ] GC(44) O: Allocation Stalls:          0                0                0                0         
[2026-01-06T22:07:07.910+0800][15.554s][info][gc,load     ] GC(44) O: Load: 1.49 (15%) / 1.70 (17%) / 1.98 (20%)
[2026-01-06T22:07:07.910+0800][15.554s][info][gc,mmu      ] GC(44) O: MMU: 2ms/97.4%, 5ms/98.6%, 10ms/99.3%, 20ms/99.5%, 50ms/99.8%, 100ms/99.9%
[2026-01-06T22:07:07.910+0800][15.554s][info][gc,marking  ] GC(44) O: Mark: 1 stripe(s), 2 proactive flush(es), 1 terminate flush(es), 0 completion(s), 0 continuation(s) 
[2026-01-06T22:07:07.910+0800][15.554s][info][gc,nmethod  ] GC(44) O: NMethods: 120 registered, 37 unregistered
[2026-01-06T22:07:07.910+0800][15.554s][info][gc,metaspace] GC(44) O: Metaspace: 0M used, 0M committed, 1088M reserved
[2026-01-06T22:07:07.910+0800][15.554s][info][gc,ref      ] GC(44) O:                       Encountered   Discovered     Enqueued 
[2026-01-06T22:07:07.910+0800][15.554s][info][gc,ref      ] GC(44) O: Soft References:                1            0            0 
[2026-01-06T22:07:07.910+0800][15.554s][info][gc,ref      ] GC(44) O: Weak References:                6            0            0 
[2026-01-06T22:07:07.910+0800][15.554s][info][gc,ref      ] GC(44) O: Final References:               0            0            0 
[2026-01-06T22:07:07.910+0800][15.554s][info][gc,ref      ] GC(44) O: Phantom References:             1            1            0 
[2026-01-06T22:07:07.910+0800][15.554s][info][gc,reloc    ] GC(44) O:                        Candidates     Selected     In-Place         Size        Empty    Relocated 
[2026-01-06T22:07:07.910+0800][15.554s][info][gc,reloc    ] GC(44) O: Small Pages:                    1            0            0           2M           0M           0M 
[2026-01-06T22:07:07.910+0800][15.554s][info][gc,reloc    ] GC(44) O: Medium Pages:                   0            0            0           0M           0M           0M 
[2026-01-06T22:07:07.910+0800][15.554s][info][gc,reloc    ] GC(44) O: Large Pages:                    0            0            0           0M           0M           0M 
[2026-01-06T22:07:07.910+0800][15.554s][info][gc,reloc    ] GC(44) O: Forwarding Usage: 0M
[2026-01-06T22:07:07.910+0800][15.554s][info][gc,heap     ] GC(44) O: Min Capacity: 8M(0%)
[2026-01-06T22:07:07.910+0800][15.554s][info][gc,heap     ] GC(44) O: Max Capacity: 4096M(100%)
[2026-01-06T22:07:07.910+0800][15.554s][info][gc,heap     ] GC(44) O: Soft Max Capacity: 3686M(90%)
[2026-01-06T22:07:07.910+0800][15.554s][info][gc,heap     ] GC(44) O: Heap Statistics:
[2026-01-06T22:07:07.910+0800][15.554s][info][gc,heap     ] GC(44) O:                Mark Start          Mark End        Relocate Start      Relocate End           High               Low         
[2026-01-06T22:07:07.910+0800][15.554s][info][gc,heap     ] GC(44) O:  Capacity:     3498M (85%)        3498M (85%)        3498M (85%)        3498M (85%)        3498M (85%)        3498M (85%)    
[2026-01-06T22:07:07.910+0800][15.554s][info][gc,heap     ] GC(44) O:      Free:     2172M (53%)        4072M (99%)        4068M (99%)        4068M (99%)        4088M (100%)       2168M (53%)    
[2026-01-06T22:07:07.910+0800][15.554s][info][gc,heap     ] GC(44) O:      Used:     1924M (47%)          24M (1%)           28M (1%)           28M (1%)         1928M (47%)           8M (0%)     
[2026-01-06T22:07:07.910+0800][15.554s][info][gc,heap     ] GC(44) O: Old Generation Statistics:
[2026-01-06T22:07:07.910+0800][15.554s][info][gc,heap     ] GC(44) O:                Mark Start          Mark End        Relocate Start      Relocate End    
[2026-01-06T22:07:07.910+0800][15.554s][info][gc,heap     ] GC(44) O:      Used:        2M (0%)            2M (0%)            2M (0%)            2M (0%)     
[2026-01-06T22:07:07.910+0800][15.554s][info][gc,heap     ] GC(44) O:      Live:         -                 0M (0%)            0M (0%)            0M (0%)     
[2026-01-06T22:07:07.910+0800][15.554s][info][gc,heap     ] GC(44) O:   Garbage:         -                 1M (0%)            1M (0%)            1M (0%)     
[2026-01-06T22:07:07.910+0800][15.554s][info][gc,heap     ] GC(44) O: Allocated:         -                 0M (0%)            0M (0%)            0M (0%)     
[2026-01-06T22:07:07.910+0800][15.554s][info][gc,heap     ] GC(44) O: Reclaimed:         -                  -                 0M (0%)            0M (0%)     
[2026-01-06T22:07:07.910+0800][15.554s][info][gc,heap     ] GC(44) O: Compacted:         -                  -                  -                 0M (0%)     
[2026-01-06T22:07:07.910+0800][15.554s][info][gc,phases   ] GC(44) O: Old Generation 12M(0%)->28M(1%) 0.001s
[2026-01-06T22:07:07.910+0800][15.554s][info][gc          ] GC(44) Major Collection (Proactive) 1924M(47%)->30M(1%) 0.002s
[2026-01-06T22:07:08.008+0800][15.652s][info][gc          ] GC(45) Major Collection (Proactive)
[2026-01-06T22:07:08.008+0800][15.652s][info][gc,task     ] GC(45) Using 1 Workers for Young Generation
[2026-01-06T22:07:08.008+0800][15.652s][info][gc,task     ] GC(45) Using 1 Workers for Old Generation
[2026-01-06T22:07:08.008+0800][15.652s][info][gc,phases   ] GC(45) Y: Young Generation
[2026-01-06T22:07:08.008+0800][15.652s][info][gc,phases   ] GC(45) Y: Pause Mark Start (Major) 0.004ms
[2026-01-06T22:07:08.008+0800][15.652s][info][gc,phases   ] GC(45) Y: Concurrent Mark 0.149ms
[2026-01-06T22:07:08.008+0800][15.652s][info][gc,phases   ] GC(45) Y: Pause Mark End 0.003ms
[2026-01-06T22:07:08.008+0800][15.652s][info][gc,phases   ] GC(45) Y: Concurrent Mark Free 0.000ms
[2026-01-06T22:07:08.008+0800][15.652s][info][gc,phases   ] GC(45) Y: Concurrent Reset Relocation Set 0.000ms
[2026-01-06T22:07:08.008+0800][15.652s][info][gc,reloc    ] GC(45) Y: Using tenuring threshold: 1 (Computed)
[2026-01-06T22:07:08.009+0800][15.652s][info][gc,phases   ] GC(45) Y: Concurrent Select Relocation Set 0.114ms
[2026-01-06T22:07:08.009+0800][15.652s][info][gc,phases   ] GC(45) Y: Pause Relocate Start 0.002ms
[2026-01-06T22:07:08.009+0800][15.652s][info][gc,phases   ] GC(45) Y: Concurrent Relocate 0.009ms
[2026-01-06T22:07:08.009+0800][15.652s][info][gc,alloc    ] GC(45) Y:                         Mark Start        Mark End      Relocate Start    Relocate End   
[2026-01-06T22:07:08.009+0800][15.652s][info][gc,alloc    ] GC(45) Y: Allocation Stalls:          0                0                0                0         
[2026-01-06T22:07:08.009+0800][15.652s][info][gc,load     ] GC(45) Y: Load: 1.49 (15%) / 1.70 (17%) / 1.98 (20%)
[2026-01-06T22:07:08.009+0800][15.652s][info][gc,mmu      ] GC(45) Y: MMU: 2ms/97.4%, 5ms/98.6%, 10ms/99.3%, 20ms/99.5%, 50ms/99.8%, 100ms/99.9%
[2026-01-06T22:07:08.009+0800][15.652s][info][gc,marking  ] GC(45) Y: Mark: 1 stripe(s), 2 proactive flush(es), 1 terminate flush(es), 0 completion(s), 0 continuation(s) 
[2026-01-06T22:07:08.009+0800][15.652s][info][gc,nmethod  ] GC(45) Y: NMethods: 120 registered, 37 unregistered
[2026-01-06T22:07:08.009+0800][15.652s][info][gc,metaspace] GC(45) Y: Metaspace: 0M used, 0M committed, 1088M reserved
[2026-01-06T22:07:08.009+0800][15.652s][info][gc,reloc    ] GC(45) Y:                        Candidates     Selected     In-Place         Size        Empty    Relocated 
[2026-01-06T22:07:08.009+0800][15.652s][info][gc,reloc    ] GC(45) Y: Small Pages:                  346            0            0         692M         690M           0M 
[2026-01-06T22:07:08.009+0800][15.652s][info][gc,reloc    ] GC(45) Y: Medium Pages:                   0            0            0           0M           0M           0M 
[2026-01-06T22:07:08.009+0800][15.652s][info][gc,reloc    ] GC(45) Y: Large Pages:                    0            0            0           0M           0M           0M 
[2026-01-06T22:07:08.009+0800][15.652s][info][gc,reloc    ] GC(45) Y: Forwarding Usage: 0M
[2026-01-06T22:07:08.009+0800][15.652s][info][gc,reloc    ] GC(45) Y: Age Table:
[2026-01-06T22:07:08.009+0800][15.652s][info][gc,reloc    ] GC(45) Y:                    Live             Garbage             Small              Medium             Large        
[2026-01-06T22:07:08.009+0800][15.652s][info][gc,reloc    ] GC(45) Y: Eden               0M (0%)          689M (17%)        345 / 0              0 / 0              0 / 0        
[2026-01-06T22:07:08.009+0800][15.652s][info][gc,reloc    ] GC(45) Y: Survivor 1          -                 2M (0%)           1 / 0              0 / 0              0 / 0        
[2026-01-06T22:07:08.009+0800][15.652s][info][gc,heap     ] GC(45) Y: Min Capacity: 8M(0%)
[2026-01-06T22:07:08.009+0800][15.652s][info][gc,heap     ] GC(45) Y: Max Capacity: 4096M(100%)
[2026-01-06T22:07:08.009+0800][15.652s][info][gc,heap     ] GC(45) Y: Soft Max Capacity: 3686M(90%)
[2026-01-06T22:07:08.009+0800][15.652s][info][gc,heap     ] GC(45) Y: Heap Statistics:
[2026-01-06T22:07:08.009+0800][15.652s][info][gc,heap     ] GC(45) Y:                Mark Start          Mark End        Relocate Start      Relocate End           High               Low         
[2026-01-06T22:07:08.009+0800][15.652s][info][gc,heap     ] GC(45) Y:  Capacity:     3498M (85%)        3498M (85%)        3498M (85%)        3498M (85%)        3498M (85%)        3498M (85%)    
[2026-01-06T22:07:08.009+0800][15.652s][info][gc,heap     ] GC(45) Y:      Free:     3402M (83%)        3400M (83%)        4088M (100%)       4088M (100%)       4090M (100%)       3400M (83%)    
[2026-01-06T22:07:08.009+0800][15.652s][info][gc,heap     ] GC(45) Y:      Used:      694M (17%)         696M (17%)           8M (0%)            8M (0%)          696M (17%)           6M (0%)     
[2026-01-06T22:07:08.009+0800][15.652s][info][gc,heap     ] GC(45) Y: Young Generation Statistics:
[2026-01-06T22:07:08.009+0800][15.652s][info][gc,heap     ] GC(45) Y:                Mark Start          Mark End        Relocate Start      Relocate End    
[2026-01-06T22:07:08.009+0800][15.652s][info][gc,heap     ] GC(45) Y:      Used:      692M (17%)         694M (17%)           6M (0%)            6M (0%)     
[2026-01-06T22:07:08.009+0800][15.652s][info][gc,heap     ] GC(45) Y:      Live:         -                 0M (0%)            0M (0%)            0M (0%)     
[2026-01-06T22:07:08.009+0800][15.652s][info][gc,heap     ] GC(45) Y:   Garbage:         -               691M (17%)           1M (0%)            1M (0%)     
[2026-01-06T22:07:08.009+0800][15.652s][info][gc,heap     ] GC(45) Y: Allocated:         -                 2M (0%)            4M (0%)            4M (0%)     
[2026-01-06T22:07:08.009+0800][15.652s][info][gc,heap     ] GC(45) Y: Reclaimed:         -                  -               690M (17%)         690M (17%)    
[2026-01-06T22:07:08.009+0800][15.652s][info][gc,heap     ] GC(45) Y:  Promoted:         -                  -                 0M (0%)            0M (0%)     
[2026-01-06T22:07:08.009+0800][15.652s][info][gc,heap     ] GC(45) Y: Compacted:         -                  -                  -                 0M (0%)     
[2026-01-06T22:07:08.009+0800][15.652s][info][gc,phases   ] GC(45) Y: Young Generation 694M(17%)->8M(0%) 0.000s
[2026-01-06T22:07:08.009+0800][15.652s][info][gc,phases   ] GC(45) O: Old Generation
[2026-01-06T22:07:08.009+0800][15.653s][info][gc,phases   ] GC(45) O: Concurrent Mark 0.725ms
[2026-01-06T22:07:08.009+0800][15.653s][info][gc,phases   ] GC(45) O: Pause Mark End 0.008ms
[2026-01-06T22:07:08.009+0800][15.653s][info][gc,phases   ] GC(45) O: Concurrent Mark Free 0.001ms
[2026-01-06T22:07:08.010+0800][15.653s][info][gc,phases   ] GC(45) O: Concurrent Process Non-Strong 0.138ms
[2026-01-06T22:07:08.010+0800][15.653s][info][gc,phases   ] GC(45) O: Concurrent Reset Relocation Set 0.000ms
[2026-01-06T22:07:08.010+0800][15.653s][info][gc,phases   ] GC(45) O: Concurrent Select Relocation Set 0.016ms
[2026-01-06T22:07:08.010+0800][15.653s][info][gc,task     ] GC(45) O: Using 2 Workers for Old Generation
[2026-01-06T22:07:08.010+0800][15.653s][info][gc,task     ] GC(45) O: Using 1 Workers for Old Generation
[2026-01-06T22:07:08.010+0800][15.653s][info][gc,phases   ] GC(45) O: Concurrent Remap Roots 0.044ms
[2026-01-06T22:07:08.010+0800][15.654s][info][gc,phases   ] GC(45) O: Pause Relocate Start 0.001ms
[2026-01-06T22:07:08.010+0800][15.654s][info][gc,phases   ] GC(45) O: Concurrent Relocate 0.006ms
[2026-01-06T22:07:08.010+0800][15.654s][info][gc,alloc    ] GC(45) O:                         Mark Start        Mark End      Relocate Start    Relocate End   
[2026-01-06T22:07:08.010+0800][15.654s][info][gc,alloc    ] GC(45) O: Allocation Stalls:          0                0                0                0         
[2026-01-06T22:07:08.010+0800][15.654s][info][gc,load     ] GC(45) O: Load: 1.49 (15%) / 1.70 (17%) / 1.98 (20%)
[2026-01-06T22:07:08.010+0800][15.654s][info][gc,mmu      ] GC(45) O: MMU: 2ms/97.4%, 5ms/98.6%, 10ms/99.3%, 20ms/99.5%, 50ms/99.8%, 100ms/99.9%
[2026-01-06T22:07:08.010+0800][15.654s][info][gc,marking  ] GC(45) O: Mark: 1 stripe(s), 2 proactive flush(es), 1 terminate flush(es), 0 completion(s), 0 continuation(s) 
[2026-01-06T22:07:08.010+0800][15.654s][info][gc,nmethod  ] GC(45) O: NMethods: 120 registered, 37 unregistered
[2026-01-06T22:07:08.010+0800][15.654s][info][gc,metaspace] GC(45) O: Metaspace: 0M used, 0M committed, 1088M reserved
[2026-01-06T22:07:08.010+0800][15.654s][info][gc,ref      ] GC(45) O:                       Encountered   Discovered     Enqueued 
[2026-01-06T22:07:08.010+0800][15.654s][info][gc,ref      ] GC(45) O: Soft References:                1            0            0 
[2026-01-06T22:07:08.010+0800][15.654s][info][gc,ref      ] GC(45) O: Weak References:                6            0            0 
[2026-01-06T22:07:08.010+0800][15.654s][info][gc,ref      ] GC(45) O: Final References:               0            0            0 
[2026-01-06T22:07:08.010+0800][15.654s][info][gc,ref      ] GC(45) O: Phantom References:             1            1            0 
[2026-01-06T22:07:08.010+0800][15.654s][info][gc,reloc    ] GC(45) O:                        Candidates     Selected     In-Place         Size        Empty    Relocated 
[2026-01-06T22:07:08.010+0800][15.654s][info][gc,reloc    ] GC(45) O: Small Pages:                    1            0            0           2M           0M           0M 
[2026-01-06T22:07:08.010+0800][15.654s][info][gc,reloc    ] GC(45) O: Medium Pages:                   0            0            0           0M           0M           0M 
[2026-01-06T22:07:08.010+0800][15.654s][info][gc,reloc    ] GC(45) O: Large Pages:                    0            0            0           0M           0M           0M 
[2026-01-06T22:07:08.010+0800][15.654s][info][gc,reloc    ] GC(45) O: Forwarding Usage: 0M
[2026-01-06T22:07:08.010+0800][15.654s][info][gc,heap     ] GC(45) O: Min Capacity: 8M(0%)
[2026-01-06T22:07:08.010+0800][15.654s][info][gc,heap     ] GC(45) O: Max Capacity: 4096M(100%)
[2026-01-06T22:07:08.010+0800][15.654s][info][gc,heap     ] GC(45) O: Soft Max Capacity: 3686M(90%)
[2026-01-06T22:07:08.010+0800][15.654s][info][gc,heap     ] GC(45) O: Heap Statistics:
[2026-01-06T22:07:08.010+0800][15.654s][info][gc,heap     ] GC(45) O:                Mark Start          Mark End        Relocate Start      Relocate End           High               Low         
[2026-01-06T22:07:08.010+0800][15.654s][info][gc,heap     ] GC(45) O:  Capacity:     3498M (85%)        3498M (85%)        3498M (85%)        3498M (85%)        3498M (85%)        3498M (85%)    
[2026-01-06T22:07:08.010+0800][15.654s][info][gc,heap     ] GC(45) O:      Free:     3402M (83%)        4074M (99%)        4070M (99%)        4070M (99%)        4090M (100%)       3400M (83%)    
[2026-01-06T22:07:08.010+0800][15.654s][info][gc,heap     ] GC(45) O:      Used:      694M (17%)          22M (1%)           26M (1%)           26M (1%)          696M (17%)           6M (0%)     
[2026-01-06T22:07:08.010+0800][15.654s][info][gc,heap     ] GC(45) O: Old Generation Statistics:
[2026-01-06T22:07:08.010+0800][15.654s][info][gc,heap     ] GC(45) O:                Mark Start          Mark End        Relocate Start      Relocate End    
[2026-01-06T22:07:08.010+0800][15.654s][info][gc,heap     ] GC(45) O:      Used:        2M (0%)            2M (0%)            2M (0%)            2M (0%)     
[2026-01-06T22:07:08.010+0800][15.654s][info][gc,heap     ] GC(45) O:      Live:         -                 0M (0%)            0M (0%)            0M (0%)     
[2026-01-06T22:07:08.010+0800][15.654s][info][gc,heap     ] GC(45) O:   Garbage:         -                 1M (0%)            1M (0%)            1M (0%)     
[2026-01-06T22:07:08.010+0800][15.654s][info][gc,heap     ] GC(45) O: Allocated:         -                 0M (0%)            0M (0%)            0M (0%)     
[2026-01-06T22:07:08.010+0800][15.654s][info][gc,heap     ] GC(45) O: Reclaimed:         -                  -                 0M (0%)            0M (0%)     
[2026-01-06T22:07:08.010+0800][15.654s][info][gc,heap     ] GC(45) O: Compacted:         -                  -                  -                 0M (0%)     
[2026-01-06T22:07:08.010+0800][15.654s][info][gc,phases   ] GC(45) O: Old Generation 10M(0%)->26M(1%) 0.001s
[2026-01-06T22:07:08.010+0800][15.654s][info][gc          ] GC(45) Major Collection (Proactive) 694M(17%)->26M(1%) 0.002s
[2026-01-06T22:07:08.106+0800][15.750s][info][gc          ] GC(46) Major Collection (Proactive)
[2026-01-06T22:07:08.106+0800][15.750s][info][gc,task     ] GC(46) Using 1 Workers for Young Generation
[2026-01-06T22:07:08.106+0800][15.750s][info][gc,task     ] GC(46) Using 1 Workers for Old Generation
[2026-01-06T22:07:08.106+0800][15.750s][info][gc,phases   ] GC(46) Y: Young Generation
[2026-01-06T22:07:08.106+0800][15.750s][info][gc,phases   ] GC(46) Y: Pause Mark Start (Major) 0.006ms
[2026-01-06T22:07:08.107+0800][15.751s][info][gc,phases   ] GC(46) Y: Concurrent Mark 0.175ms
[2026-01-06T22:07:08.107+0800][15.751s][info][gc,phases   ] GC(46) Y: Pause Mark End 0.004ms
[2026-01-06T22:07:08.107+0800][15.751s][info][gc,phases   ] GC(46) Y: Concurrent Mark Free 0.001ms
[2026-01-06T22:07:08.107+0800][15.751s][info][gc,phases   ] GC(46) Y: Concurrent Reset Relocation Set 0.000ms
[2026-01-06T22:07:08.107+0800][15.751s][info][gc,reloc    ] GC(46) Y: Using tenuring threshold: 1 (Computed)
[2026-01-06T22:07:08.107+0800][15.751s][info][gc,phases   ] GC(46) Y: Concurrent Select Relocation Set 0.159ms
[2026-01-06T22:07:08.107+0800][15.751s][info][gc,phases   ] GC(46) Y: Pause Relocate Start 0.002ms
[2026-01-06T22:07:08.107+0800][15.751s][info][gc,phases   ] GC(46) Y: Concurrent Relocate 0.012ms
[2026-01-06T22:07:08.107+0800][15.751s][info][gc,alloc    ] GC(46) Y:                         Mark Start        Mark End      Relocate Start    Relocate End   
[2026-01-06T22:07:08.107+0800][15.751s][info][gc,alloc    ] GC(46) Y: Allocation Stalls:          0                0                0                0         
[2026-01-06T22:07:08.107+0800][15.751s][info][gc,load     ] GC(46) Y: Load: 1.49 (15%) / 1.70 (17%) / 1.98 (20%)
[2026-01-06T22:07:08.107+0800][15.751s][info][gc,mmu      ] GC(46) Y: MMU: 2ms/97.4%, 5ms/98.6%, 10ms/99.3%, 20ms/99.5%, 50ms/99.8%, 100ms/99.9%
[2026-01-06T22:07:08.107+0800][15.751s][info][gc,marking  ] GC(46) Y: Mark: 1 stripe(s), 2 proactive flush(es), 1 terminate flush(es), 0 completion(s), 0 continuation(s) 
[2026-01-06T22:07:08.107+0800][15.751s][info][gc,nmethod  ] GC(46) Y: NMethods: 120 registered, 37 unregistered
[2026-01-06T22:07:08.107+0800][15.751s][info][gc,metaspace] GC(46) Y: Metaspace: 0M used, 0M committed, 1088M reserved
[2026-01-06T22:07:08.107+0800][15.751s][info][gc,reloc    ] GC(46) Y:                        Candidates     Selected     In-Place         Size        Empty    Relocated 
[2026-01-06T22:07:08.107+0800][15.751s][info][gc,reloc    ] GC(46) Y: Small Pages:                  707            0            0        1414M        1412M           0M 
[2026-01-06T22:07:08.107+0800][15.751s][info][gc,reloc    ] GC(46) Y: Medium Pages:                   0            0            0           0M           0M           0M 
[2026-01-06T22:07:08.107+0800][15.751s][info][gc,reloc    ] GC(46) Y: Large Pages:                    0            0            0           0M           0M           0M 
[2026-01-06T22:07:08.107+0800][15.751s][info][gc,reloc    ] GC(46) Y: Forwarding Usage: 0M
[2026-01-06T22:07:08.107+0800][15.751s][info][gc,reloc    ] GC(46) Y: Age Table:
[2026-01-06T22:07:08.107+0800][15.751s][info][gc,reloc    ] GC(46) Y:                    Live             Garbage             Small              Medium             Large        
[2026-01-06T22:07:08.107+0800][15.751s][info][gc,reloc    ] GC(46) Y: Eden               0M (0%)         1411M (34%)        706 / 0              0 / 0              0 / 0        
[2026-01-06T22:07:08.107+0800][15.751s][info][gc,reloc    ] GC(46) Y: Survivor 1          -                 2M (0%)           1 / 0              0 / 0              0 / 0        
[2026-01-06T22:07:08.107+0800][15.751s][info][gc,heap     ] GC(46) Y: Min Capacity: 8M(0%)
[2026-01-06T22:07:08.107+0800][15.751s][info][gc,heap     ] GC(46) Y: Max Capacity: 4096M(100%)
[2026-01-06T22:07:08.107+0800][15.751s][info][gc,heap     ] GC(46) Y: Soft Max Capacity: 3686M(90%)
[2026-01-06T22:07:08.107+0800][15.751s][info][gc,heap     ] GC(46) Y: Heap Statistics:
[2026-01-06T22:07:08.107+0800][15.751s][info][gc,heap     ] GC(46) Y:                Mark Start          Mark End        Relocate Start      Relocate End           High               Low         
[2026-01-06T22:07:08.107+0800][15.751s][info][gc,heap     ] GC(46) Y:  Capacity:     3498M (85%)        3498M (85%)        3498M (85%)        3498M (85%)        3498M (85%)        3498M (85%)    
[2026-01-06T22:07:08.107+0800][15.751s][info][gc,heap     ] GC(46) Y:      Free:     2680M (65%)        2676M (65%)        4084M (100%)       4084M (100%)       4086M (100%)       2676M (65%)    
[2026-01-06T22:07:08.107+0800][15.751s][info][gc,heap     ] GC(46) Y:      Used:     1416M (35%)        1420M (35%)          12M (0%)           12M (0%)         1420M (35%)          10M (0%)     
[2026-01-06T22:07:08.107+0800][15.751s][info][gc,heap     ] GC(46) Y: Young Generation Statistics:
[2026-01-06T22:07:08.107+0800][15.751s][info][gc,heap     ] GC(46) Y:                Mark Start          Mark End        Relocate Start      Relocate End    
[2026-01-06T22:07:08.107+0800][15.751s][info][gc,heap     ] GC(46) Y:      Used:     1414M (35%)        1418M (35%)          10M (0%)           10M (0%)     
[2026-01-06T22:07:08.107+0800][15.751s][info][gc,heap     ] GC(46) Y:      Live:         -                 0M (0%)            0M (0%)            0M (0%)     
[2026-01-06T22:07:08.107+0800][15.751s][info][gc,heap     ] GC(46) Y:   Garbage:         -              1413M (35%)           1M (0%)            1M (0%)     
[2026-01-06T22:07:08.107+0800][15.751s][info][gc,heap     ] GC(46) Y: Allocated:         -                 4M (0%)            8M (0%)            8M (0%)     
[2026-01-06T22:07:08.107+0800][15.751s][info][gc,heap     ] GC(46) Y: Reclaimed:         -                  -              1412M (34%)        1412M (34%)    
[2026-01-06T22:07:08.107+0800][15.751s][info][gc,heap     ] GC(46) Y:  Promoted:         -                  -                 0M (0%)            0M (0%)     
[2026-01-06T22:07:08.107+0800][15.751s][info][gc,heap     ] GC(46) Y: Compacted:         -                  -                  -                 0M (0%)     
[2026-01-06T22:07:08.107+0800][15.751s][info][gc,phases   ] GC(46) Y: Young Generation 1414M(35%)->12M(0%) 0.001s
[2026-01-06T22:07:08.107+0800][15.751s][info][gc,phases   ] GC(46) O: Old Generation
[2026-01-06T22:07:08.108+0800][15.752s][info][gc,phases   ] GC(46) O: Concurrent Mark 0.605ms
[2026-01-06T22:07:08.108+0800][15.752s][info][gc,phases   ] GC(46) O: Pause Mark End 0.003ms
[2026-01-06T22:07:08.108+0800][15.752s][info][gc,phases   ] GC(46) O: Concurrent Mark Free 0.000ms
[2026-01-06T22:07:08.108+0800][15.752s][info][gc,phases   ] GC(46) O: Concurrent Process Non-Strong 0.127ms
[2026-01-06T22:07:08.108+0800][15.752s][info][gc,phases   ] GC(46) O: Concurrent Reset Relocation Set 0.000ms
[2026-01-06T22:07:08.108+0800][15.752s][info][gc,phases   ] GC(46) O: Concurrent Select Relocation Set 0.016ms
[2026-01-06T22:07:08.108+0800][15.752s][info][gc,task     ] GC(46) O: Using 2 Workers for Old Generation
[2026-01-06T22:07:08.108+0800][15.752s][info][gc,task     ] GC(46) O: Using 1 Workers for Old Generation
[2026-01-06T22:07:08.108+0800][15.752s][info][gc,phases   ] GC(46) O: Concurrent Remap Roots 0.058ms
[2026-01-06T22:07:08.108+0800][15.752s][info][gc,phases   ] GC(46) O: Pause Relocate Start 0.001ms
[2026-01-06T22:07:08.108+0800][15.752s][info][gc,phases   ] GC(46) O: Concurrent Relocate 0.007ms
[2026-01-06T22:07:08.108+0800][15.752s][info][gc,alloc    ] GC(46) O:                         Mark Start        Mark End      Relocate Start    Relocate End   
[2026-01-06T22:07:08.108+0800][15.752s][info][gc,alloc    ] GC(46) O: Allocation Stalls:          0                0                0                0         
[2026-01-06T22:07:08.108+0800][15.752s][info][gc,load     ] GC(46) O: Load: 1.49 (15%) / 1.70 (17%) / 1.98 (20%)
[2026-01-06T22:07:08.108+0800][15.752s][info][gc,mmu      ] GC(46) O: MMU: 2ms/97.4%, 5ms/98.6%, 10ms/99.3%, 20ms/99.5%, 50ms/99.8%, 100ms/99.9%
[2026-01-06T22:07:08.108+0800][15.752s][info][gc,marking  ] GC(46) O: Mark: 1 stripe(s), 2 proactive flush(es), 1 terminate flush(es), 0 completion(s), 0 continuation(s) 
[2026-01-06T22:07:08.108+0800][15.752s][info][gc,nmethod  ] GC(46) O: NMethods: 120 registered, 37 unregistered
[2026-01-06T22:07:08.108+0800][15.752s][info][gc,metaspace] GC(46) O: Metaspace: 0M used, 0M committed, 1088M reserved
[2026-01-06T22:07:08.108+0800][15.752s][info][gc,ref      ] GC(46) O:                       Encountered   Discovered     Enqueued 
[2026-01-06T22:07:08.108+0800][15.752s][info][gc,ref      ] GC(46) O: Soft References:                1            0            0 
[2026-01-06T22:07:08.108+0800][15.752s][info][gc,ref      ] GC(46) O: Weak References:                6            0            0 
[2026-01-06T22:07:08.108+0800][15.752s][info][gc,ref      ] GC(46) O: Final References:               0            0            0 
[2026-01-06T22:07:08.108+0800][15.752s][info][gc,ref      ] GC(46) O: Phantom References:             1            1            0 
[2026-01-06T22:07:08.108+0800][15.752s][info][gc,reloc    ] GC(46) O:                        Candidates     Selected     In-Place         Size        Empty    Relocated 
[2026-01-06T22:07:08.108+0800][15.752s][info][gc,reloc    ] GC(46) O: Small Pages:                    1            0            0           2M           0M           0M 
[2026-01-06T22:07:08.108+0800][15.752s][info][gc,reloc    ] GC(46) O: Medium Pages:                   0            0            0           0M           0M           0M 
[2026-01-06T22:07:08.108+0800][15.752s][info][gc,reloc    ] GC(46) O: Large Pages:                    0            0            0           0M           0M           0M 
[2026-01-06T22:07:08.108+0800][15.752s][info][gc,reloc    ] GC(46) O: Forwarding Usage: 0M
[2026-01-06T22:07:08.108+0800][15.752s][info][gc,heap     ] GC(46) O: Min Capacity: 8M(0%)
[2026-01-06T22:07:08.108+0800][15.752s][info][gc,heap     ] GC(46) O: Max Capacity: 4096M(100%)
[2026-01-06T22:07:08.108+0800][15.752s][info][gc,heap     ] GC(46) O: Soft Max Capacity: 3686M(90%)
[2026-01-06T22:07:08.108+0800][15.752s][info][gc,heap     ] GC(46) O: Heap Statistics:
[2026-01-06T22:07:08.108+0800][15.752s][info][gc,heap     ] GC(46) O:                Mark Start          Mark End        Relocate Start      Relocate End           High               Low         
[2026-01-06T22:07:08.108+0800][15.752s][info][gc,heap     ] GC(46) O:  Capacity:     3498M (85%)        3498M (85%)        3498M (85%)        3498M (85%)        3498M (85%)        3498M (85%)    
[2026-01-06T22:07:08.108+0800][15.752s][info][gc,heap     ] GC(46) O:      Free:     2680M (65%)        4070M (99%)        4066M (99%)        4066M (99%)        4086M (100%)       2676M (65%)    
[2026-01-06T22:07:08.108+0800][15.752s][info][gc,heap     ] GC(46) O:      Used:     1416M (35%)          26M (1%)           30M (1%)           30M (1%)         1420M (35%)          10M (0%)     
[2026-01-06T22:07:08.108+0800][15.752s][info][gc,heap     ] GC(46) O: Old Generation Statistics:
[2026-01-06T22:07:08.108+0800][15.752s][info][gc,heap     ] GC(46) O:                Mark Start          Mark End        Relocate Start      Relocate End    
[2026-01-06T22:07:08.108+0800][15.752s][info][gc,heap     ] GC(46) O:      Used:        2M (0%)            2M (0%)            2M (0%)            2M (0%)     
[2026-01-06T22:07:08.108+0800][15.752s][info][gc,heap     ] GC(46) O:      Live:         -                 0M (0%)            0M (0%)            0M (0%)     
[2026-01-06T22:07:08.108+0800][15.752s][info][gc,heap     ] GC(46) O:   Garbage:         -                 1M (0%)            1M (0%)            1M (0%)     
[2026-01-06T22:07:08.108+0800][15.752s][info][gc,heap     ] GC(46) O: Allocated:         -                 0M (0%)            0M (0%)            0M (0%)     
[2026-01-06T22:07:08.108+0800][15.752s][info][gc,heap     ] GC(46) O: Reclaimed:         -                  -                 0M (0%)            0M (0%)     
[2026-01-06T22:07:08.108+0800][15.752s][info][gc,heap     ] GC(46) O: Compacted:         -                  -                  -                 0M (0%)     
[2026-01-06T22:07:08.108+0800][15.752s][info][gc,phases   ] GC(46) O: Old Generation 14M(0%)->30M(1%) 0.001s
[2026-01-06T22:07:08.108+0800][15.752s][info][gc          ] GC(46) Major Collection (Proactive) 1414M(35%)->32M(1%) 0.002s
[2026-01-06T22:07:08.199+0800][15.843s][info][gc          ] GC(47) Major Collection (Proactive)
[2026-01-06T22:07:08.200+0800][15.843s][info][gc,task     ] GC(47) Using 1 Workers for Young Generation
[2026-01-06T22:07:08.200+0800][15.843s][info][gc,task     ] GC(47) Using 1 Workers for Old Generation
[2026-01-06T22:07:08.200+0800][15.843s][info][gc,phases   ] GC(47) Y: Young Generation
[2026-01-06T22:07:08.200+0800][15.843s][info][gc,phases   ] GC(47) Y: Pause Mark Start (Major) 0.005ms
[2026-01-06T22:07:08.200+0800][15.844s][info][gc,phases   ] GC(47) Y: Concurrent Mark 0.160ms
[2026-01-06T22:07:08.200+0800][15.844s][info][gc,phases   ] GC(47) Y: Pause Mark End 0.003ms
[2026-01-06T22:07:08.200+0800][15.844s][info][gc,phases   ] GC(47) Y: Concurrent Mark Free 0.001ms
[2026-01-06T22:07:08.200+0800][15.844s][info][gc,phases   ] GC(47) Y: Concurrent Reset Relocation Set 0.000ms
[2026-01-06T22:07:08.200+0800][15.844s][info][gc,reloc    ] GC(47) Y: Using tenuring threshold: 1 (Computed)
[2026-01-06T22:07:08.200+0800][15.844s][info][gc,phases   ] GC(47) Y: Concurrent Select Relocation Set 0.194ms
[2026-01-06T22:07:08.200+0800][15.844s][info][gc,phases   ] GC(47) Y: Pause Relocate Start 0.001ms
[2026-01-06T22:07:08.200+0800][15.844s][info][gc,phases   ] GC(47) Y: Concurrent Relocate 0.011ms
[2026-01-06T22:07:08.200+0800][15.844s][info][gc,alloc    ] GC(47) Y:                         Mark Start        Mark End      Relocate Start    Relocate End   
[2026-01-06T22:07:08.200+0800][15.844s][info][gc,alloc    ] GC(47) Y: Allocation Stalls:          0                0                0                0         
[2026-01-06T22:07:08.200+0800][15.844s][info][gc,load     ] GC(47) Y: Load: 1.49 (15%) / 1.70 (17%) / 1.98 (20%)
[2026-01-06T22:07:08.200+0800][15.844s][info][gc,mmu      ] GC(47) Y: MMU: 2ms/97.4%, 5ms/98.6%, 10ms/99.3%, 20ms/99.5%, 50ms/99.8%, 100ms/99.9%
[2026-01-06T22:07:08.200+0800][15.844s][info][gc,marking  ] GC(47) Y: Mark: 1 stripe(s), 2 proactive flush(es), 1 terminate flush(es), 0 completion(s), 0 continuation(s) 
[2026-01-06T22:07:08.200+0800][15.844s][info][gc,nmethod  ] GC(47) Y: NMethods: 120 registered, 37 unregistered
[2026-01-06T22:07:08.200+0800][15.844s][info][gc,metaspace] GC(47) Y: Metaspace: 0M used, 0M committed, 1088M reserved
[2026-01-06T22:07:08.200+0800][15.844s][info][gc,reloc    ] GC(47) Y:                        Candidates     Selected     In-Place         Size        Empty    Relocated 
[2026-01-06T22:07:08.200+0800][15.844s][info][gc,reloc    ] GC(47) Y: Small Pages:                  885            0            0        1770M        1768M           0M 
[2026-01-06T22:07:08.200+0800][15.844s][info][gc,reloc    ] GC(47) Y: Medium Pages:                   0            0            0           0M           0M           0M 
[2026-01-06T22:07:08.200+0800][15.844s][info][gc,reloc    ] GC(47) Y: Large Pages:                    0            0            0           0M           0M           0M 
[2026-01-06T22:07:08.200+0800][15.844s][info][gc,reloc    ] GC(47) Y: Forwarding Usage: 0M
[2026-01-06T22:07:08.200+0800][15.844s][info][gc,reloc    ] GC(47) Y: Age Table:
[2026-01-06T22:07:08.200+0800][15.844s][info][gc,reloc    ] GC(47) Y:                    Live             Garbage             Small              Medium             Large        
[2026-01-06T22:07:08.200+0800][15.844s][info][gc,reloc    ] GC(47) Y: Eden               0M (0%)         1767M (43%)        884 / 0              0 / 0              0 / 0        
[2026-01-06T22:07:08.200+0800][15.844s][info][gc,reloc    ] GC(47) Y: Survivor 1          -                 2M (0%)           1 / 0              0 / 0              0 / 0        
[2026-01-06T22:07:08.200+0800][15.844s][info][gc,heap     ] GC(47) Y: Min Capacity: 8M(0%)
[2026-01-06T22:07:08.200+0800][15.844s][info][gc,heap     ] GC(47) Y: Max Capacity: 4096M(100%)
[2026-01-06T22:07:08.200+0800][15.844s][info][gc,heap     ] GC(47) Y: Soft Max Capacity: 3686M(90%)
[2026-01-06T22:07:08.200+0800][15.844s][info][gc,heap     ] GC(47) Y: Heap Statistics:
[2026-01-06T22:07:08.200+0800][15.844s][info][gc,heap     ] GC(47) Y:                Mark Start          Mark End        Relocate Start      Relocate End           High               Low         
[2026-01-06T22:07:08.200+0800][15.844s][info][gc,heap     ] GC(47) Y:  Capacity:     3498M (85%)        3498M (85%)        3498M (85%)        3498M (85%)        3498M (85%)        3498M (85%)    
[2026-01-06T22:07:08.200+0800][15.844s][info][gc,heap     ] GC(47) Y:      Free:     2324M (57%)        2322M (57%)        4086M (100%)       4086M (100%)       4086M (100%)       2322M (57%)    
[2026-01-06T22:07:08.200+0800][15.844s][info][gc,heap     ] GC(47) Y:      Used:     1772M (43%)        1774M (43%)          10M (0%)           10M (0%)         1774M (43%)          10M (0%)     
[2026-01-06T22:07:08.200+0800][15.844s][info][gc,heap     ] GC(47) Y: Young Generation Statistics:
[2026-01-06T22:07:08.200+0800][15.844s][info][gc,heap     ] GC(47) Y:                Mark Start          Mark End        Relocate Start      Relocate End    
[2026-01-06T22:07:08.200+0800][15.844s][info][gc,heap     ] GC(47) Y:      Used:     1770M (43%)        1772M (43%)           8M (0%)            8M (0%)     
[2026-01-06T22:07:08.200+0800][15.844s][info][gc,heap     ] GC(47) Y:      Live:         -                 0M (0%)            0M (0%)            0M (0%)     
[2026-01-06T22:07:08.200+0800][15.844s][info][gc,heap     ] GC(47) Y:   Garbage:         -              1769M (43%)           1M (0%)            1M (0%)     
[2026-01-06T22:07:08.200+0800][15.844s][info][gc,heap     ] GC(47) Y: Allocated:         -                 2M (0%)            6M (0%)            6M (0%)     
[2026-01-06T22:07:08.200+0800][15.844s][info][gc,heap     ] GC(47) Y: Reclaimed:         -                  -              1768M (43%)        1768M (43%)    
[2026-01-06T22:07:08.200+0800][15.844s][info][gc,heap     ] GC(47) Y:  Promoted:         -                  -                 0M (0%)            0M (0%)     
[2026-01-06T22:07:08.200+0800][15.844s][info][gc,heap     ] GC(47) Y: Compacted:         -                  -                  -                 0M (0%)     
[2026-01-06T22:07:08.200+0800][15.844s][info][gc,phases   ] GC(47) Y: Young Generation 1772M(43%)->10M(0%) 0.001s
[2026-01-06T22:07:08.200+0800][15.844s][info][gc,phases   ] GC(47) O: Old Generation
[2026-01-06T22:07:08.201+0800][15.845s][info][gc,phases   ] GC(47) O: Concurrent Mark 0.600ms
[2026-01-06T22:07:08.201+0800][15.845s][info][gc,phases   ] GC(47) O: Pause Mark End 0.003ms
[2026-01-06T22:07:08.201+0800][15.845s][info][gc,phases   ] GC(47) O: Concurrent Mark Free 0.001ms
[2026-01-06T22:07:08.201+0800][15.845s][info][gc,phases   ] GC(47) O: Concurrent Process Non-Strong 0.130ms
[2026-01-06T22:07:08.201+0800][15.845s][info][gc,phases   ] GC(47) O: Concurrent Reset Relocation Set 0.000ms
[2026-01-06T22:07:08.201+0800][15.845s][info][gc,phases   ] GC(47) O: Concurrent Select Relocation Set 0.019ms
[2026-01-06T22:07:08.201+0800][15.845s][info][gc,task     ] GC(47) O: Using 2 Workers for Old Generation
[2026-01-06T22:07:08.201+0800][15.845s][info][gc,task     ] GC(47) O: Using 1 Workers for Old Generation
[2026-01-06T22:07:08.201+0800][15.845s][info][gc,phases   ] GC(47) O: Concurrent Remap Roots 0.048ms
[2026-01-06T22:07:08.201+0800][15.845s][info][gc,phases   ] GC(47) O: Pause Relocate Start 0.001ms
[2026-01-06T22:07:08.201+0800][15.845s][info][gc,phases   ] GC(47) O: Concurrent Relocate 0.006ms
[2026-01-06T22:07:08.201+0800][15.845s][info][gc,alloc    ] GC(47) O:                         Mark Start        Mark End      Relocate Start    Relocate End   
[2026-01-06T22:07:08.201+0800][15.845s][info][gc,alloc    ] GC(47) O: Allocation Stalls:          0                0                0                0         
[2026-01-06T22:07:08.201+0800][15.845s][info][gc,load     ] GC(47) O: Load: 1.49 (15%) / 1.70 (17%) / 1.98 (20%)
[2026-01-06T22:07:08.201+0800][15.845s][info][gc,mmu      ] GC(47) O: MMU: 2ms/97.4%, 5ms/98.6%, 10ms/99.3%, 20ms/99.5%, 50ms/99.8%, 100ms/99.9%
[2026-01-06T22:07:08.201+0800][15.845s][info][gc,marking  ] GC(47) O: Mark: 1 stripe(s), 2 proactive flush(es), 1 terminate flush(es), 0 completion(s), 0 continuation(s) 
[2026-01-06T22:07:08.201+0800][15.845s][info][gc,nmethod  ] GC(47) O: NMethods: 120 registered, 37 unregistered
[2026-01-06T22:07:08.201+0800][15.845s][info][gc,metaspace] GC(47) O: Metaspace: 0M used, 0M committed, 1088M reserved
[2026-01-06T22:07:08.201+0800][15.845s][info][gc,ref      ] GC(47) O:                       Encountered   Discovered     Enqueued 
[2026-01-06T22:07:08.201+0800][15.845s][info][gc,ref      ] GC(47) O: Soft References:                1            0            0 
[2026-01-06T22:07:08.201+0800][15.845s][info][gc,ref      ] GC(47) O: Weak References:                6            0            0 
[2026-01-06T22:07:08.201+0800][15.845s][info][gc,ref      ] GC(47) O: Final References:               0            0            0 
[2026-01-06T22:07:08.201+0800][15.845s][info][gc,ref      ] GC(47) O: Phantom References:             1            1            0 
[2026-01-06T22:07:08.201+0800][15.845s][info][gc,reloc    ] GC(47) O:                        Candidates     Selected     In-Place         Size        Empty    Relocated 
[2026-01-06T22:07:08.201+0800][15.845s][info][gc,reloc    ] GC(47) O: Small Pages:                    1            0            0           2M           0M           0M 
[2026-01-06T22:07:08.201+0800][15.845s][info][gc,reloc    ] GC(47) O: Medium Pages:                   0            0            0           0M           0M           0M 
[2026-01-06T22:07:08.201+0800][15.845s][info][gc,reloc    ] GC(47) O: Large Pages:                    0            0            0           0M           0M           0M 
[2026-01-06T22:07:08.201+0800][15.845s][info][gc,reloc    ] GC(47) O: Forwarding Usage: 0M
[2026-01-06T22:07:08.201+0800][15.845s][info][gc,heap     ] GC(47) O: Min Capacity: 8M(0%)
[2026-01-06T22:07:08.201+0800][15.845s][info][gc,heap     ] GC(47) O: Max Capacity: 4096M(100%)
[2026-01-06T22:07:08.201+0800][15.845s][info][gc,heap     ] GC(47) O: Soft Max Capacity: 3686M(90%)
[2026-01-06T22:07:08.201+0800][15.845s][info][gc,heap     ] GC(47) O: Heap Statistics:
[2026-01-06T22:07:08.201+0800][15.845s][info][gc,heap     ] GC(47) O:                Mark Start          Mark End        Relocate Start      Relocate End           High               Low         
[2026-01-06T22:07:08.201+0800][15.845s][info][gc,heap     ] GC(47) O:  Capacity:     3498M (85%)        3498M (85%)        3498M (85%)        3498M (85%)        3498M (85%)        3498M (85%)    
[2026-01-06T22:07:08.201+0800][15.845s][info][gc,heap     ] GC(47) O:      Free:     2324M (57%)        4072M (99%)        4068M (99%)        4068M (99%)        4086M (100%)       2322M (57%)    
[2026-01-06T22:07:08.201+0800][15.845s][info][gc,heap     ] GC(47) O:      Used:     1772M (43%)          24M (1%)           28M (1%)           28M (1%)         1774M (43%)          10M (0%)     
[2026-01-06T22:07:08.201+0800][15.845s][info][gc,heap     ] GC(47) O: Old Generation Statistics:
[2026-01-06T22:07:08.201+0800][15.845s][info][gc,heap     ] GC(47) O:                Mark Start          Mark End        Relocate Start      Relocate End    
[2026-01-06T22:07:08.201+0800][15.845s][info][gc,heap     ] GC(47) O:      Used:        2M (0%)            2M (0%)            2M (0%)            2M (0%)     
[2026-01-06T22:07:08.201+0800][15.845s][info][gc,heap     ] GC(47) O:      Live:         -                 0M (0%)            0M (0%)            0M (0%)     
[2026-01-06T22:07:08.201+0800][15.845s][info][gc,heap     ] GC(47) O:   Garbage:         -                 1M (0%)            1M (0%)            1M (0%)     
[2026-01-06T22:07:08.201+0800][15.845s][info][gc,heap     ] GC(47) O: Allocated:         -                 0M (0%)            0M (0%)            0M (0%)     
[2026-01-06T22:07:08.201+0800][15.845s][info][gc,heap     ] GC(47) O: Reclaimed:         -                  -                 0M (0%)            0M (0%)     
[2026-01-06T22:07:08.201+0800][15.845s][info][gc,heap     ] GC(47) O: Compacted:         -                  -                  -                 0M (0%)     
[2026-01-06T22:07:08.201+0800][15.845s][info][gc,phases   ] GC(47) O: Old Generation 12M(0%)->28M(1%) 0.001s
[2026-01-06T22:07:08.201+0800][15.845s][info][gc          ] GC(47) Major Collection (Proactive) 1772M(43%)->30M(1%) 0.002s
[2026-01-06T22:07:08.285+0800][15.929s][info][gc          ] GC(48) Major Collection (Proactive)
[2026-01-06T22:07:08.285+0800][15.929s][info][gc,task     ] GC(48) Using 1 Workers for Young Generation
[2026-01-06T22:07:08.285+0800][15.929s][info][gc,task     ] GC(48) Using 1 Workers for Old Generation
[2026-01-06T22:07:08.285+0800][15.929s][info][gc,phases   ] GC(48) Y: Young Generation
[2026-01-06T22:07:08.285+0800][15.929s][info][gc,phases   ] GC(48) Y: Pause Mark Start (Major) 0.006ms
[2026-01-06T22:07:08.286+0800][15.929s][info][gc,phases   ] GC(48) Y: Concurrent Mark 0.171ms
[2026-01-06T22:07:08.286+0800][15.929s][info][gc,phases   ] GC(48) Y: Pause Mark End 0.003ms
[2026-01-06T22:07:08.286+0800][15.929s][info][gc,phases   ] GC(48) Y: Concurrent Mark Free 0.000ms
[2026-01-06T22:07:08.286+0800][15.929s][info][gc,phases   ] GC(48) Y: Concurrent Reset Relocation Set 0.000ms
[2026-01-06T22:07:08.286+0800][15.930s][info][gc,reloc    ] GC(48) Y: Using tenuring threshold: 1 (Computed)
[2026-01-06T22:07:08.286+0800][15.930s][info][gc,phases   ] GC(48) Y: Concurrent Select Relocation Set 0.199ms
[2026-01-06T22:07:08.286+0800][15.930s][info][gc,phases   ] GC(48) Y: Pause Relocate Start 0.001ms
[2026-01-06T22:07:08.286+0800][15.930s][info][gc,phases   ] GC(48) Y: Concurrent Relocate 0.010ms
[2026-01-06T22:07:08.286+0800][15.930s][info][gc,alloc    ] GC(48) Y:                         Mark Start        Mark End      Relocate Start    Relocate End   
[2026-01-06T22:07:08.286+0800][15.930s][info][gc,alloc    ] GC(48) Y: Allocation Stalls:          0                0                0                0         
[2026-01-06T22:07:08.286+0800][15.930s][info][gc,load     ] GC(48) Y: Load: 1.49 (15%) / 1.70 (17%) / 1.98 (20%)
[2026-01-06T22:07:08.286+0800][15.930s][info][gc,mmu      ] GC(48) Y: MMU: 2ms/97.4%, 5ms/98.6%, 10ms/99.3%, 20ms/99.5%, 50ms/99.8%, 100ms/99.9%
[2026-01-06T22:07:08.286+0800][15.930s][info][gc,marking  ] GC(48) Y: Mark: 1 stripe(s), 2 proactive flush(es), 1 terminate flush(es), 0 completion(s), 0 continuation(s) 
[2026-01-06T22:07:08.286+0800][15.930s][info][gc,nmethod  ] GC(48) Y: NMethods: 120 registered, 37 unregistered
[2026-01-06T22:07:08.286+0800][15.930s][info][gc,metaspace] GC(48) Y: Metaspace: 0M used, 0M committed, 1088M reserved
[2026-01-06T22:07:08.286+0800][15.930s][info][gc,reloc    ] GC(48) Y:                        Candidates     Selected     In-Place         Size        Empty    Relocated 
[2026-01-06T22:07:08.286+0800][15.930s][info][gc,reloc    ] GC(48) Y: Small Pages:                  826            0            0        1652M        1650M           0M 
[2026-01-06T22:07:08.286+0800][15.930s][info][gc,reloc    ] GC(48) Y: Medium Pages:                   0            0            0           0M           0M           0M 
[2026-01-06T22:07:08.286+0800][15.930s][info][gc,reloc    ] GC(48) Y: Large Pages:                    0            0            0           0M           0M           0M 
[2026-01-06T22:07:08.286+0800][15.930s][info][gc,reloc    ] GC(48) Y: Forwarding Usage: 0M
[2026-01-06T22:07:08.286+0800][15.930s][info][gc,reloc    ] GC(48) Y: Age Table:
[2026-01-06T22:07:08.286+0800][15.930s][info][gc,reloc    ] GC(48) Y:                    Live             Garbage             Small              Medium             Large        
[2026-01-06T22:07:08.286+0800][15.930s][info][gc,reloc    ] GC(48) Y: Eden               0M (0%)         1649M (40%)        825 / 0              0 / 0              0 / 0        
[2026-01-06T22:07:08.286+0800][15.930s][info][gc,reloc    ] GC(48) Y: Survivor 1          -                 2M (0%)           1 / 0              0 / 0              0 / 0        
[2026-01-06T22:07:08.286+0800][15.930s][info][gc,heap     ] GC(48) Y: Min Capacity: 8M(0%)
[2026-01-06T22:07:08.286+0800][15.930s][info][gc,heap     ] GC(48) Y: Max Capacity: 4096M(100%)
[2026-01-06T22:07:08.286+0800][15.930s][info][gc,heap     ] GC(48) Y: Soft Max Capacity: 3686M(90%)
[2026-01-06T22:07:08.286+0800][15.930s][info][gc,heap     ] GC(48) Y: Heap Statistics:
[2026-01-06T22:07:08.286+0800][15.930s][info][gc,heap     ] GC(48) Y:                Mark Start          Mark End        Relocate Start      Relocate End           High               Low         
[2026-01-06T22:07:08.286+0800][15.930s][info][gc,heap     ] GC(48) Y:  Capacity:     3498M (85%)        3498M (85%)        3498M (85%)        3498M (85%)        3498M (85%)        3498M (85%)    
[2026-01-06T22:07:08.286+0800][15.930s][info][gc,heap     ] GC(48) Y:      Free:     2442M (60%)        2438M (60%)        4086M (100%)       4086M (100%)       4086M (100%)       2438M (60%)    
[2026-01-06T22:07:08.286+0800][15.930s][info][gc,heap     ] GC(48) Y:      Used:     1654M (40%)        1658M (40%)          10M (0%)           10M (0%)         1658M (40%)          10M (0%)     
[2026-01-06T22:07:08.286+0800][15.930s][info][gc,heap     ] GC(48) Y: Young Generation Statistics:
[2026-01-06T22:07:08.286+0800][15.930s][info][gc,heap     ] GC(48) Y:                Mark Start          Mark End        Relocate Start      Relocate End    
[2026-01-06T22:07:08.286+0800][15.930s][info][gc,heap     ] GC(48) Y:      Used:     1652M (40%)        1656M (40%)           8M (0%)            8M (0%)     
[2026-01-06T22:07:08.286+0800][15.930s][info][gc,heap     ] GC(48) Y:      Live:         -                 0M (0%)            0M (0%)            0M (0%)     
[2026-01-06T22:07:08.286+0800][15.930s][info][gc,heap     ] GC(48) Y:   Garbage:         -              1651M (40%)           1M (0%)            1M (0%)     
[2026-01-06T22:07:08.286+0800][15.930s][info][gc,heap     ] GC(48) Y: Allocated:         -                 4M (0%)            6M (0%)            6M (0%)     
[2026-01-06T22:07:08.286+0800][15.930s][info][gc,heap     ] GC(48) Y: Reclaimed:         -                  -              1650M (40%)        1650M (40%)    
[2026-01-06T22:07:08.286+0800][15.930s][info][gc,heap     ] GC(48) Y:  Promoted:         -                  -                 0M (0%)            0M (0%)     
[2026-01-06T22:07:08.286+0800][15.930s][info][gc,heap     ] GC(48) Y: Compacted:         -                  -                  -                 0M (0%)     
[2026-01-06T22:07:08.286+0800][15.930s][info][gc,phases   ] GC(48) Y: Young Generation 1654M(40%)->10M(0%) 0.001s
[2026-01-06T22:07:08.286+0800][15.930s][info][gc,phases   ] GC(48) O: Old Generation
[2026-01-06T22:07:08.287+0800][15.930s][info][gc,phases   ] GC(48) O: Concurrent Mark 0.622ms
[2026-01-06T22:07:08.287+0800][15.931s][info][gc,phases   ] GC(48) O: Pause Mark End 0.002ms
[2026-01-06T22:07:08.287+0800][15.931s][info][gc,phases   ] GC(48) O: Concurrent Mark Free 0.001ms
[2026-01-06T22:07:08.287+0800][15.931s][info][gc,phases   ] GC(48) O: Concurrent Process Non-Strong 0.172ms
[2026-01-06T22:07:08.287+0800][15.931s][info][gc,phases   ] GC(48) O: Concurrent Reset Relocation Set 0.000ms
[2026-01-06T22:07:08.287+0800][15.931s][info][gc,phases   ] GC(48) O: Concurrent Select Relocation Set 0.019ms
[2026-01-06T22:07:08.287+0800][15.931s][info][gc,task     ] GC(48) O: Using 2 Workers for Old Generation
[2026-01-06T22:07:08.287+0800][15.931s][info][gc,task     ] GC(48) O: Using 1 Workers for Old Generation
[2026-01-06T22:07:08.287+0800][15.931s][info][gc,phases   ] GC(48) O: Concurrent Remap Roots 0.050ms
[2026-01-06T22:07:08.287+0800][15.931s][info][gc,phases   ] GC(48) O: Pause Relocate Start 0.001ms
[2026-01-06T22:07:08.287+0800][15.931s][info][gc,phases   ] GC(48) O: Concurrent Relocate 0.008ms
[2026-01-06T22:07:08.287+0800][15.931s][info][gc,alloc    ] GC(48) O:                         Mark Start        Mark End      Relocate Start    Relocate End   
[2026-01-06T22:07:08.287+0800][15.931s][info][gc,alloc    ] GC(48) O: Allocation Stalls:          0                0                0                0         
[2026-01-06T22:07:08.287+0800][15.931s][info][gc,load     ] GC(48) O: Load: 1.49 (15%) / 1.70 (17%) / 1.98 (20%)
[2026-01-06T22:07:08.287+0800][15.931s][info][gc,mmu      ] GC(48) O: MMU: 2ms/97.4%, 5ms/98.6%, 10ms/99.3%, 20ms/99.5%, 50ms/99.8%, 100ms/99.9%
[2026-01-06T22:07:08.287+0800][15.931s][info][gc,marking  ] GC(48) O: Mark: 1 stripe(s), 2 proactive flush(es), 1 terminate flush(es), 0 completion(s), 0 continuation(s) 
[2026-01-06T22:07:08.287+0800][15.931s][info][gc,nmethod  ] GC(48) O: NMethods: 120 registered, 37 unregistered
[2026-01-06T22:07:08.287+0800][15.931s][info][gc,metaspace] GC(48) O: Metaspace: 0M used, 0M committed, 1088M reserved
[2026-01-06T22:07:08.287+0800][15.931s][info][gc,ref      ] GC(48) O:                       Encountered   Discovered     Enqueued 
[2026-01-06T22:07:08.287+0800][15.931s][info][gc,ref      ] GC(48) O: Soft References:                1            0            0 
[2026-01-06T22:07:08.287+0800][15.931s][info][gc,ref      ] GC(48) O: Weak References:                6            0            0 
[2026-01-06T22:07:08.287+0800][15.931s][info][gc,ref      ] GC(48) O: Final References:               0            0            0 
[2026-01-06T22:07:08.287+0800][15.931s][info][gc,ref      ] GC(48) O: Phantom References:             1            1            0 
[2026-01-06T22:07:08.287+0800][15.931s][info][gc,reloc    ] GC(48) O:                        Candidates     Selected     In-Place         Size        Empty    Relocated 
[2026-01-06T22:07:08.287+0800][15.931s][info][gc,reloc    ] GC(48) O: Small Pages:                    1            0            0           2M           0M           0M 
[2026-01-06T22:07:08.287+0800][15.931s][info][gc,reloc    ] GC(48) O: Medium Pages:                   0            0            0           0M           0M           0M 
[2026-01-06T22:07:08.287+0800][15.931s][info][gc,reloc    ] GC(48) O: Large Pages:                    0            0            0           0M           0M           0M 
[2026-01-06T22:07:08.287+0800][15.931s][info][gc,reloc    ] GC(48) O: Forwarding Usage: 0M
[2026-01-06T22:07:08.287+0800][15.931s][info][gc,heap     ] GC(48) O: Min Capacity: 8M(0%)
[2026-01-06T22:07:08.287+0800][15.931s][info][gc,heap     ] GC(48) O: Max Capacity: 4096M(100%)
[2026-01-06T22:07:08.287+0800][15.931s][info][gc,heap     ] GC(48) O: Soft Max Capacity: 3686M(90%)
[2026-01-06T22:07:08.287+0800][15.931s][info][gc,heap     ] GC(48) O: Heap Statistics:
[2026-01-06T22:07:08.287+0800][15.931s][info][gc,heap     ] GC(48) O:                Mark Start          Mark End        Relocate Start      Relocate End           High               Low         
[2026-01-06T22:07:08.287+0800][15.931s][info][gc,heap     ] GC(48) O:  Capacity:     3498M (85%)        3498M (85%)        3498M (85%)        3498M (85%)        3498M (85%)        3498M (85%)    
[2026-01-06T22:07:08.287+0800][15.931s][info][gc,heap     ] GC(48) O:      Free:     2442M (60%)        4072M (99%)        4068M (99%)        4068M (99%)        4086M (100%)       2438M (60%)    
[2026-01-06T22:07:08.287+0800][15.931s][info][gc,heap     ] GC(48) O:      Used:     1654M (40%)          24M (1%)           28M (1%)           28M (1%)         1658M (40%)          10M (0%)     
[2026-01-06T22:07:08.287+0800][15.931s][info][gc,heap     ] GC(48) O: Old Generation Statistics:
[2026-01-06T22:07:08.287+0800][15.931s][info][gc,heap     ] GC(48) O:                Mark Start          Mark End        Relocate Start      Relocate End    
[2026-01-06T22:07:08.287+0800][15.931s][info][gc,heap     ] GC(48) O:      Used:        2M (0%)            2M (0%)            2M (0%)            2M (0%)     
[2026-01-06T22:07:08.287+0800][15.931s][info][gc,heap     ] GC(48) O:      Live:         -                 0M (0%)            0M (0%)            0M (0%)     
[2026-01-06T22:07:08.287+0800][15.931s][info][gc,heap     ] GC(48) O:   Garbage:         -                 1M (0%)            1M (0%)            1M (0%)     
[2026-01-06T22:07:08.287+0800][15.931s][info][gc,heap     ] GC(48) O: Allocated:         -                 0M (0%)            0M (0%)            0M (0%)     
[2026-01-06T22:07:08.287+0800][15.931s][info][gc,heap     ] GC(48) O: Reclaimed:         -                  -                 0M (0%)            0M (0%)     
[2026-01-06T22:07:08.287+0800][15.931s][info][gc,heap     ] GC(48) O: Compacted:         -                  -                  -                 0M (0%)     
[2026-01-06T22:07:08.287+0800][15.931s][info][gc,phases   ] GC(48) O: Old Generation 12M(0%)->28M(1%) 0.001s
[2026-01-06T22:07:08.287+0800][15.931s][info][gc          ] GC(48) Major Collection (Proactive) 1654M(40%)->30M(1%) 0.002s
[2026-01-06T22:07:08.373+0800][16.017s][info][gc          ] GC(49) Major Collection (Proactive)
[2026-01-06T22:07:08.373+0800][16.017s][info][gc,task     ] GC(49) Using 1 Workers for Young Generation
[2026-01-06T22:07:08.373+0800][16.017s][info][gc,task     ] GC(49) Using 1 Workers for Old Generation
[2026-01-06T22:07:08.373+0800][16.017s][info][gc,phases   ] GC(49) Y: Young Generation
[2026-01-06T22:07:08.373+0800][16.017s][info][gc,phases   ] GC(49) Y: Pause Mark Start (Major) 0.005ms
[2026-01-06T22:07:08.374+0800][16.017s][info][gc,phases   ] GC(49) Y: Concurrent Mark 0.164ms
[2026-01-06T22:07:08.374+0800][16.017s][info][gc,phases   ] GC(49) Y: Pause Mark End 0.003ms
[2026-01-06T22:07:08.374+0800][16.017s][info][gc,phases   ] GC(49) Y: Concurrent Mark Free 0.001ms
[2026-01-06T22:07:08.374+0800][16.017s][info][gc,phases   ] GC(49) Y: Concurrent Reset Relocation Set 0.000ms
[2026-01-06T22:07:08.374+0800][16.018s][info][gc,reloc    ] GC(49) Y: Using tenuring threshold: 1 (Computed)
[2026-01-06T22:07:08.374+0800][16.018s][info][gc,phases   ] GC(49) Y: Concurrent Select Relocation Set 0.179ms
[2026-01-06T22:07:08.374+0800][16.018s][info][gc,phases   ] GC(49) Y: Pause Relocate Start 0.002ms
[2026-01-06T22:07:08.374+0800][16.018s][info][gc,phases   ] GC(49) Y: Concurrent Relocate 0.010ms
[2026-01-06T22:07:08.374+0800][16.018s][info][gc,alloc    ] GC(49) Y:                         Mark Start        Mark End      Relocate Start    Relocate End   
[2026-01-06T22:07:08.374+0800][16.018s][info][gc,alloc    ] GC(49) Y: Allocation Stalls:          0                0                0                0         
[2026-01-06T22:07:08.374+0800][16.018s][info][gc,load     ] GC(49) Y: Load: 1.49 (15%) / 1.70 (17%) / 1.98 (20%)
[2026-01-06T22:07:08.374+0800][16.018s][info][gc,mmu      ] GC(49) Y: MMU: 2ms/97.4%, 5ms/98.6%, 10ms/99.3%, 20ms/99.5%, 50ms/99.8%, 100ms/99.9%
[2026-01-06T22:07:08.374+0800][16.018s][info][gc,marking  ] GC(49) Y: Mark: 1 stripe(s), 2 proactive flush(es), 1 terminate flush(es), 0 completion(s), 0 continuation(s) 
[2026-01-06T22:07:08.374+0800][16.018s][info][gc,nmethod  ] GC(49) Y: NMethods: 120 registered, 37 unregistered
[2026-01-06T22:07:08.374+0800][16.018s][info][gc,metaspace] GC(49) Y: Metaspace: 0M used, 0M committed, 1088M reserved
[2026-01-06T22:07:08.374+0800][16.018s][info][gc,reloc    ] GC(49) Y:                        Candidates     Selected     In-Place         Size        Empty    Relocated 
[2026-01-06T22:07:08.374+0800][16.018s][info][gc,reloc    ] GC(49) Y: Small Pages:                  841            0            0        1682M        1680M           0M 
[2026-01-06T22:07:08.374+0800][16.018s][info][gc,reloc    ] GC(49) Y: Medium Pages:                   0            0            0           0M           0M           0M 
[2026-01-06T22:07:08.374+0800][16.018s][info][gc,reloc    ] GC(49) Y: Large Pages:                    0            0            0           0M           0M           0M 
[2026-01-06T22:07:08.374+0800][16.018s][info][gc,reloc    ] GC(49) Y: Forwarding Usage: 0M
[2026-01-06T22:07:08.374+0800][16.018s][info][gc,reloc    ] GC(49) Y: Age Table:
[2026-01-06T22:07:08.374+0800][16.018s][info][gc,reloc    ] GC(49) Y:                    Live             Garbage             Small              Medium             Large        
[2026-01-06T22:07:08.374+0800][16.018s][info][gc,reloc    ] GC(49) Y: Eden               0M (0%)         1679M (41%)        840 / 0              0 / 0              0 / 0        
[2026-01-06T22:07:08.374+0800][16.018s][info][gc,reloc    ] GC(49) Y: Survivor 1          -                 2M (0%)           1 / 0              0 / 0              0 / 0        
[2026-01-06T22:07:08.374+0800][16.018s][info][gc,heap     ] GC(49) Y: Min Capacity: 8M(0%)
[2026-01-06T22:07:08.374+0800][16.018s][info][gc,heap     ] GC(49) Y: Max Capacity: 4096M(100%)
[2026-01-06T22:07:08.374+0800][16.018s][info][gc,heap     ] GC(49) Y: Soft Max Capacity: 3686M(90%)
[2026-01-06T22:07:08.374+0800][16.018s][info][gc,heap     ] GC(49) Y: Heap Statistics:
[2026-01-06T22:07:08.374+0800][16.018s][info][gc,heap     ] GC(49) Y:                Mark Start          Mark End        Relocate Start      Relocate End           High               Low         
[2026-01-06T22:07:08.374+0800][16.018s][info][gc,heap     ] GC(49) Y:  Capacity:     3498M (85%)        3498M (85%)        3498M (85%)        3498M (85%)        3498M (85%)        3498M (85%)    
[2026-01-06T22:07:08.374+0800][16.018s][info][gc,heap     ] GC(49) Y:      Free:     2412M (59%)        2408M (59%)        4086M (100%)       4086M (100%)       4086M (100%)       2408M (59%)    
[2026-01-06T22:07:08.374+0800][16.018s][info][gc,heap     ] GC(49) Y:      Used:     1684M (41%)        1688M (41%)          10M (0%)           10M (0%)         1688M (41%)          10M (0%)     
[2026-01-06T22:07:08.374+0800][16.018s][info][gc,heap     ] GC(49) Y: Young Generation Statistics:
[2026-01-06T22:07:08.374+0800][16.018s][info][gc,heap     ] GC(49) Y:                Mark Start          Mark End        Relocate Start      Relocate End    
[2026-01-06T22:07:08.374+0800][16.018s][info][gc,heap     ] GC(49) Y:      Used:     1682M (41%)        1686M (41%)           8M (0%)            8M (0%)     
[2026-01-06T22:07:08.374+0800][16.018s][info][gc,heap     ] GC(49) Y:      Live:         -                 0M (0%)            0M (0%)            0M (0%)     
[2026-01-06T22:07:08.374+0800][16.018s][info][gc,heap     ] GC(49) Y:   Garbage:         -              1681M (41%)           1M (0%)            1M (0%)     
[2026-01-06T22:07:08.374+0800][16.018s][info][gc,heap     ] GC(49) Y: Allocated:         -                 4M (0%)            6M (0%)            6M (0%)     
[2026-01-06T22:07:08.374+0800][16.018s][info][gc,heap     ] GC(49) Y: Reclaimed:         -                  -              1680M (41%)        1680M (41%)    
[2026-01-06T22:07:08.374+0800][16.018s][info][gc,heap     ] GC(49) Y:  Promoted:         -                  -                 0M (0%)            0M (0%)     
[2026-01-06T22:07:08.374+0800][16.018s][info][gc,heap     ] GC(49) Y: Compacted:         -                  -                  -                 0M (0%)     
[2026-01-06T22:07:08.374+0800][16.018s][info][gc,phases   ] GC(49) Y: Young Generation 1684M(41%)->10M(0%) 0.001s
[2026-01-06T22:07:08.374+0800][16.018s][info][gc,phases   ] GC(49) O: Old Generation
[2026-01-06T22:07:08.375+0800][16.018s][info][gc,phases   ] GC(49) O: Concurrent Mark 0.626ms
[2026-01-06T22:07:08.375+0800][16.018s][info][gc,phases   ] GC(49) O: Pause Mark End 0.002ms
[2026-01-06T22:07:08.375+0800][16.018s][info][gc,phases   ] GC(49) O: Concurrent Mark Free 0.000ms
[2026-01-06T22:07:08.375+0800][16.019s][info][gc,phases   ] GC(49) O: Concurrent Process Non-Strong 0.119ms
[2026-01-06T22:07:08.375+0800][16.019s][info][gc,phases   ] GC(49) O: Concurrent Reset Relocation Set 0.000ms
[2026-01-06T22:07:08.375+0800][16.019s][info][gc,phases   ] GC(49) O: Concurrent Select Relocation Set 0.016ms
[2026-01-06T22:07:08.375+0800][16.019s][info][gc,task     ] GC(49) O: Using 2 Workers for Old Generation
[2026-01-06T22:07:08.375+0800][16.019s][info][gc,task     ] GC(49) O: Using 1 Workers for Old Generation
[2026-01-06T22:07:08.375+0800][16.019s][info][gc,phases   ] GC(49) O: Concurrent Remap Roots 0.053ms
[2026-01-06T22:07:08.375+0800][16.019s][info][gc,phases   ] GC(49) O: Pause Relocate Start 0.002ms
[2026-01-06T22:07:08.375+0800][16.019s][info][gc,phases   ] GC(49) O: Concurrent Relocate 0.005ms
[2026-01-06T22:07:08.375+0800][16.019s][info][gc,alloc    ] GC(49) O:                         Mark Start        Mark End      Relocate Start    Relocate End   
[2026-01-06T22:07:08.375+0800][16.019s][info][gc,alloc    ] GC(49) O: Allocation Stalls:          0                0                0                0         
[2026-01-06T22:07:08.375+0800][16.019s][info][gc,load     ] GC(49) O: Load: 1.49 (15%) / 1.70 (17%) / 1.98 (20%)
[2026-01-06T22:07:08.375+0800][16.019s][info][gc,mmu      ] GC(49) O: MMU: 2ms/97.4%, 5ms/98.6%, 10ms/99.3%, 20ms/99.5%, 50ms/99.8%, 100ms/99.9%
[2026-01-06T22:07:08.375+0800][16.019s][info][gc,marking  ] GC(49) O: Mark: 1 stripe(s), 2 proactive flush(es), 1 terminate flush(es), 0 completion(s), 0 continuation(s) 
[2026-01-06T22:07:08.375+0800][16.019s][info][gc,nmethod  ] GC(49) O: NMethods: 120 registered, 37 unregistered
[2026-01-06T22:07:08.375+0800][16.019s][info][gc,metaspace] GC(49) O: Metaspace: 0M used, 0M committed, 1088M reserved
[2026-01-06T22:07:08.375+0800][16.019s][info][gc,ref      ] GC(49) O:                       Encountered   Discovered     Enqueued 
[2026-01-06T22:07:08.375+0800][16.019s][info][gc,ref      ] GC(49) O: Soft References:                1            0            0 
[2026-01-06T22:07:08.375+0800][16.019s][info][gc,ref      ] GC(49) O: Weak References:                6            0            0 
[2026-01-06T22:07:08.375+0800][16.019s][info][gc,ref      ] GC(49) O: Final References:               0            0            0 
[2026-01-06T22:07:08.375+0800][16.019s][info][gc,ref      ] GC(49) O: Phantom References:             1            1            0 
[2026-01-06T22:07:08.375+0800][16.019s][info][gc,reloc    ] GC(49) O:                        Candidates     Selected     In-Place         Size        Empty    Relocated 
[2026-01-06T22:07:08.375+0800][16.019s][info][gc,reloc    ] GC(49) O: Small Pages:                    1            0            0           2M           0M           0M 
[2026-01-06T22:07:08.375+0800][16.019s][info][gc,reloc    ] GC(49) O: Medium Pages:                   0            0            0           0M           0M           0M 
[2026-01-06T22:07:08.375+0800][16.019s][info][gc,reloc    ] GC(49) O: Large Pages:                    0            0            0           0M           0M           0M 
[2026-01-06T22:07:08.375+0800][16.019s][info][gc,reloc    ] GC(49) O: Forwarding Usage: 0M
[2026-01-06T22:07:08.375+0800][16.019s][info][gc,heap     ] GC(49) O: Min Capacity: 8M(0%)
[2026-01-06T22:07:08.375+0800][16.019s][info][gc,heap     ] GC(49) O: Max Capacity: 4096M(100%)
[2026-01-06T22:07:08.375+0800][16.019s][info][gc,heap     ] GC(49) O: Soft Max Capacity: 3686M(90%)
[2026-01-06T22:07:08.375+0800][16.019s][info][gc,heap     ] GC(49) O: Heap Statistics:
[2026-01-06T22:07:08.375+0800][16.019s][info][gc,heap     ] GC(49) O:                Mark Start          Mark End        Relocate Start      Relocate End           High               Low         
[2026-01-06T22:07:08.375+0800][16.019s][info][gc,heap     ] GC(49) O:  Capacity:     3498M (85%)        3498M (85%)        3498M (85%)        3498M (85%)        3498M (85%)        3498M (85%)    
[2026-01-06T22:07:08.375+0800][16.019s][info][gc,heap     ] GC(49) O:      Free:     2412M (59%)        4072M (99%)        4068M (99%)        4068M (99%)        4086M (100%)       2408M (59%)    
[2026-01-06T22:07:08.375+0800][16.019s][info][gc,heap     ] GC(49) O:      Used:     1684M (41%)          24M (1%)           28M (1%)           28M (1%)         1688M (41%)          10M (0%)     
[2026-01-06T22:07:08.375+0800][16.019s][info][gc,heap     ] GC(49) O: Old Generation Statistics:
[2026-01-06T22:07:08.375+0800][16.019s][info][gc,heap     ] GC(49) O:                Mark Start          Mark End        Relocate Start      Relocate End    
[2026-01-06T22:07:08.375+0800][16.019s][info][gc,heap     ] GC(49) O:      Used:        2M (0%)            2M (0%)            2M (0%)            2M (0%)     
[2026-01-06T22:07:08.375+0800][16.019s][info][gc,heap     ] GC(49) O:      Live:         -                 0M (0%)            0M (0%)            0M (0%)     
[2026-01-06T22:07:08.375+0800][16.019s][info][gc,heap     ] GC(49) O:   Garbage:         -                 1M (0%)            1M (0%)            1M (0%)     
[2026-01-06T22:07:08.375+0800][16.019s][info][gc,heap     ] GC(49) O: Allocated:         -                 0M (0%)            0M (0%)            0M (0%)     
[2026-01-06T22:07:08.375+0800][16.019s][info][gc,heap     ] GC(49) O: Reclaimed:         -                  -                 0M (0%)            0M (0%)     
[2026-01-06T22:07:08.375+0800][16.019s][info][gc,heap     ] GC(49) O: Compacted:         -                  -                  -                 0M (0%)     
[2026-01-06T22:07:08.375+0800][16.019s][info][gc,phases   ] GC(49) O: Old Generation 12M(0%)->28M(1%) 0.001s
[2026-01-06T22:07:08.375+0800][16.019s][info][gc          ] GC(49) Major Collection (Proactive) 1684M(41%)->30M(1%) 0.002s
[2026-01-06T22:07:08.456+0800][16.100s][info][gc          ] GC(50) Major Collection (Proactive)
[2026-01-06T22:07:08.456+0800][16.100s][info][gc,task     ] GC(50) Using 1 Workers for Young Generation
[2026-01-06T22:07:08.456+0800][16.100s][info][gc,task     ] GC(50) Using 1 Workers for Old Generation
[2026-01-06T22:07:08.456+0800][16.100s][info][gc,phases   ] GC(50) Y: Young Generation
[2026-01-06T22:07:08.457+0800][16.100s][info][gc,phases   ] GC(50) Y: Pause Mark Start (Major) 0.005ms
[2026-01-06T22:07:08.457+0800][16.101s][info][gc,phases   ] GC(50) Y: Concurrent Mark 0.166ms
[2026-01-06T22:07:08.457+0800][16.101s][info][gc,phases   ] GC(50) Y: Pause Mark End 0.003ms
[2026-01-06T22:07:08.457+0800][16.101s][info][gc,phases   ] GC(50) Y: Concurrent Mark Free 0.001ms
[2026-01-06T22:07:08.457+0800][16.101s][info][gc,phases   ] GC(50) Y: Concurrent Reset Relocation Set 0.000ms
[2026-01-06T22:07:08.457+0800][16.101s][info][gc,reloc    ] GC(50) Y: Using tenuring threshold: 1 (Computed)
[2026-01-06T22:07:08.457+0800][16.101s][info][gc,phases   ] GC(50) Y: Concurrent Select Relocation Set 0.169ms
[2026-01-06T22:07:08.457+0800][16.101s][info][gc,phases   ] GC(50) Y: Pause Relocate Start 0.001ms
[2026-01-06T22:07:08.457+0800][16.101s][info][gc,phases   ] GC(50) Y: Concurrent Relocate 0.010ms
[2026-01-06T22:07:08.457+0800][16.101s][info][gc,alloc    ] GC(50) Y:                         Mark Start        Mark End      Relocate Start    Relocate End   
[2026-01-06T22:07:08.457+0800][16.101s][info][gc,alloc    ] GC(50) Y: Allocation Stalls:          0                0                0                0         
[2026-01-06T22:07:08.457+0800][16.101s][info][gc,load     ] GC(50) Y: Load: 1.49 (15%) / 1.70 (17%) / 1.98 (20%)
[2026-01-06T22:07:08.457+0800][16.101s][info][gc,mmu      ] GC(50) Y: MMU: 2ms/97.4%, 5ms/98.6%, 10ms/99.3%, 20ms/99.5%, 50ms/99.8%, 100ms/99.9%
[2026-01-06T22:07:08.457+0800][16.101s][info][gc,marking  ] GC(50) Y: Mark: 1 stripe(s), 2 proactive flush(es), 1 terminate flush(es), 0 completion(s), 0 continuation(s) 
[2026-01-06T22:07:08.457+0800][16.101s][info][gc,nmethod  ] GC(50) Y: NMethods: 120 registered, 37 unregistered
[2026-01-06T22:07:08.457+0800][16.101s][info][gc,metaspace] GC(50) Y: Metaspace: 0M used, 0M committed, 1088M reserved
[2026-01-06T22:07:08.457+0800][16.101s][info][gc,reloc    ] GC(50) Y:                        Candidates     Selected     In-Place         Size        Empty    Relocated 
[2026-01-06T22:07:08.457+0800][16.101s][info][gc,reloc    ] GC(50) Y: Small Pages:                  811            0            0        1622M        1620M           0M 
[2026-01-06T22:07:08.457+0800][16.101s][info][gc,reloc    ] GC(50) Y: Medium Pages:                   0            0            0           0M           0M           0M 
[2026-01-06T22:07:08.457+0800][16.101s][info][gc,reloc    ] GC(50) Y: Large Pages:                    0            0            0           0M           0M           0M 
[2026-01-06T22:07:08.457+0800][16.101s][info][gc,reloc    ] GC(50) Y: Forwarding Usage: 0M
[2026-01-06T22:07:08.457+0800][16.101s][info][gc,reloc    ] GC(50) Y: Age Table:
[2026-01-06T22:07:08.457+0800][16.101s][info][gc,reloc    ] GC(50) Y:                    Live             Garbage             Small              Medium             Large        
[2026-01-06T22:07:08.457+0800][16.101s][info][gc,reloc    ] GC(50) Y: Eden               0M (0%)         1619M (40%)        810 / 0              0 / 0              0 / 0        
[2026-01-06T22:07:08.457+0800][16.101s][info][gc,reloc    ] GC(50) Y: Survivor 1          -                 2M (0%)           1 / 0              0 / 0              0 / 0        
[2026-01-06T22:07:08.457+0800][16.101s][info][gc,heap     ] GC(50) Y: Min Capacity: 8M(0%)
[2026-01-06T22:07:08.457+0800][16.101s][info][gc,heap     ] GC(50) Y: Max Capacity: 4096M(100%)
[2026-01-06T22:07:08.457+0800][16.101s][info][gc,heap     ] GC(50) Y: Soft Max Capacity: 3686M(90%)
[2026-01-06T22:07:08.457+0800][16.101s][info][gc,heap     ] GC(50) Y: Heap Statistics:
[2026-01-06T22:07:08.457+0800][16.101s][info][gc,heap     ] GC(50) Y:                Mark Start          Mark End        Relocate Start      Relocate End           High               Low         
[2026-01-06T22:07:08.457+0800][16.101s][info][gc,heap     ] GC(50) Y:  Capacity:     3498M (85%)        3498M (85%)        3498M (85%)        3498M (85%)        3498M (85%)        3498M (85%)    
[2026-01-06T22:07:08.457+0800][16.101s][info][gc,heap     ] GC(50) Y:      Free:     2472M (60%)        2468M (60%)        4084M (100%)       4084M (100%)       4086M (100%)       2468M (60%)    
[2026-01-06T22:07:08.457+0800][16.101s][info][gc,heap     ] GC(50) Y:      Used:     1624M (40%)        1628M (40%)          12M (0%)           12M (0%)         1628M (40%)          10M (0%)     
[2026-01-06T22:07:08.457+0800][16.101s][info][gc,heap     ] GC(50) Y: Young Generation Statistics:
[2026-01-06T22:07:08.457+0800][16.101s][info][gc,heap     ] GC(50) Y:                Mark Start          Mark End        Relocate Start      Relocate End    
[2026-01-06T22:07:08.457+0800][16.101s][info][gc,heap     ] GC(50) Y:      Used:     1622M (40%)        1626M (40%)          10M (0%)           10M (0%)     
[2026-01-06T22:07:08.457+0800][16.101s][info][gc,heap     ] GC(50) Y:      Live:         -                 0M (0%)            0M (0%)            0M (0%)     
[2026-01-06T22:07:08.457+0800][16.101s][info][gc,heap     ] GC(50) Y:   Garbage:         -              1621M (40%)           1M (0%)            1M (0%)     
[2026-01-06T22:07:08.457+0800][16.101s][info][gc,heap     ] GC(50) Y: Allocated:         -                 4M (0%)            8M (0%)            8M (0%)     
[2026-01-06T22:07:08.457+0800][16.101s][info][gc,heap     ] GC(50) Y: Reclaimed:         -                  -              1620M (40%)        1620M (40%)    
[2026-01-06T22:07:08.457+0800][16.101s][info][gc,heap     ] GC(50) Y:  Promoted:         -                  -                 0M (0%)            0M (0%)     
[2026-01-06T22:07:08.457+0800][16.101s][info][gc,heap     ] GC(50) Y: Compacted:         -                  -                  -                 0M (0%)     
[2026-01-06T22:07:08.457+0800][16.101s][info][gc,phases   ] GC(50) Y: Young Generation 1624M(40%)->12M(0%) 0.001s
[2026-01-06T22:07:08.457+0800][16.101s][info][gc,phases   ] GC(50) O: Old Generation
[2026-01-06T22:07:08.458+0800][16.102s][info][gc,phases   ] GC(50) O: Concurrent Mark 0.609ms
[2026-01-06T22:07:08.458+0800][16.102s][info][gc,phases   ] GC(50) O: Pause Mark End 0.003ms
[2026-01-06T22:07:08.458+0800][16.102s][info][gc,phases   ] GC(50) O: Concurrent Mark Free 0.000ms
[2026-01-06T22:07:08.458+0800][16.102s][info][gc,phases   ] GC(50) O: Concurrent Process Non-Strong 0.119ms
[2026-01-06T22:07:08.458+0800][16.102s][info][gc,phases   ] GC(50) O: Concurrent Reset Relocation Set 0.000ms
[2026-01-06T22:07:08.458+0800][16.102s][info][gc,phases   ] GC(50) O: Concurrent Select Relocation Set 0.018ms
[2026-01-06T22:07:08.458+0800][16.102s][info][gc,task     ] GC(50) O: Using 2 Workers for Old Generation
[2026-01-06T22:07:08.458+0800][16.102s][info][gc,task     ] GC(50) O: Using 1 Workers for Old Generation
[2026-01-06T22:07:08.458+0800][16.102s][info][gc,phases   ] GC(50) O: Concurrent Remap Roots 0.051ms
[2026-01-06T22:07:08.458+0800][16.102s][info][gc,phases   ] GC(50) O: Pause Relocate Start 0.001ms
[2026-01-06T22:07:08.458+0800][16.102s][info][gc,phases   ] GC(50) O: Concurrent Relocate 0.008ms
[2026-01-06T22:07:08.458+0800][16.102s][info][gc,alloc    ] GC(50) O:                         Mark Start        Mark End      Relocate Start    Relocate End   
[2026-01-06T22:07:08.458+0800][16.102s][info][gc,alloc    ] GC(50) O: Allocation Stalls:          0                0                0                0         
[2026-01-06T22:07:08.458+0800][16.102s][info][gc,load     ] GC(50) O: Load: 1.49 (15%) / 1.70 (17%) / 1.98 (20%)
[2026-01-06T22:07:08.458+0800][16.102s][info][gc,mmu      ] GC(50) O: MMU: 2ms/97.4%, 5ms/98.6%, 10ms/99.3%, 20ms/99.5%, 50ms/99.8%, 100ms/99.9%
[2026-01-06T22:07:08.458+0800][16.102s][info][gc,marking  ] GC(50) O: Mark: 1 stripe(s), 2 proactive flush(es), 1 terminate flush(es), 0 completion(s), 0 continuation(s) 
[2026-01-06T22:07:08.458+0800][16.102s][info][gc,nmethod  ] GC(50) O: NMethods: 120 registered, 37 unregistered
[2026-01-06T22:07:08.458+0800][16.102s][info][gc,metaspace] GC(50) O: Metaspace: 0M used, 0M committed, 1088M reserved
[2026-01-06T22:07:08.458+0800][16.102s][info][gc,ref      ] GC(50) O:                       Encountered   Discovered     Enqueued 
[2026-01-06T22:07:08.458+0800][16.102s][info][gc,ref      ] GC(50) O: Soft References:                1            0            0 
[2026-01-06T22:07:08.458+0800][16.102s][info][gc,ref      ] GC(50) O: Weak References:                6            0            0 
[2026-01-06T22:07:08.458+0800][16.102s][info][gc,ref      ] GC(50) O: Final References:               0            0            0 
[2026-01-06T22:07:08.458+0800][16.102s][info][gc,ref      ] GC(50) O: Phantom References:             1            1            0 
[2026-01-06T22:07:08.458+0800][16.102s][info][gc,reloc    ] GC(50) O:                        Candidates     Selected     In-Place         Size        Empty    Relocated 
[2026-01-06T22:07:08.458+0800][16.102s][info][gc,reloc    ] GC(50) O: Small Pages:                    1            0            0           2M           0M           0M 
[2026-01-06T22:07:08.458+0800][16.102s][info][gc,reloc    ] GC(50) O: Medium Pages:                   0            0            0           0M           0M           0M 
[2026-01-06T22:07:08.458+0800][16.102s][info][gc,reloc    ] GC(50) O: Large Pages:                    0            0            0           0M           0M           0M 
[2026-01-06T22:07:08.458+0800][16.102s][info][gc,reloc    ] GC(50) O: Forwarding Usage: 0M
[2026-01-06T22:07:08.458+0800][16.102s][info][gc,heap     ] GC(50) O: Min Capacity: 8M(0%)
[2026-01-06T22:07:08.458+0800][16.102s][info][gc,heap     ] GC(50) O: Max Capacity: 4096M(100%)
[2026-01-06T22:07:08.458+0800][16.102s][info][gc,heap     ] GC(50) O: Soft Max Capacity: 3686M(90%)
[2026-01-06T22:07:08.458+0800][16.102s][info][gc,heap     ] GC(50) O: Heap Statistics:
[2026-01-06T22:07:08.458+0800][16.102s][info][gc,heap     ] GC(50) O:                Mark Start          Mark End        Relocate Start      Relocate End           High               Low         
[2026-01-06T22:07:08.458+0800][16.102s][info][gc,heap     ] GC(50) O:  Capacity:     3498M (85%)        3498M (85%)        3498M (85%)        3498M (85%)        3498M (85%)        3498M (85%)    
[2026-01-06T22:07:08.458+0800][16.102s][info][gc,heap     ] GC(50) O:      Free:     2472M (60%)        4070M (99%)        4066M (99%)        4066M (99%)        4086M (100%)       2468M (60%)    
[2026-01-06T22:07:08.458+0800][16.102s][info][gc,heap     ] GC(50) O:      Used:     1624M (40%)          26M (1%)           30M (1%)           30M (1%)         1628M (40%)          10M (0%)     
[2026-01-06T22:07:08.458+0800][16.102s][info][gc,heap     ] GC(50) O: Old Generation Statistics:
[2026-01-06T22:07:08.458+0800][16.102s][info][gc,heap     ] GC(50) O:                Mark Start          Mark End        Relocate Start      Relocate End    
[2026-01-06T22:07:08.458+0800][16.102s][info][gc,heap     ] GC(50) O:      Used:        2M (0%)            2M (0%)            2M (0%)            2M (0%)     
[2026-01-06T22:07:08.458+0800][16.102s][info][gc,heap     ] GC(50) O:      Live:         -                 0M (0%)            0M (0%)            0M (0%)     
[2026-01-06T22:07:08.458+0800][16.102s][info][gc,heap     ] GC(50) O:   Garbage:         -                 1M (0%)            1M (0%)            1M (0%)     
[2026-01-06T22:07:08.458+0800][16.102s][info][gc,heap     ] GC(50) O: Allocated:         -                 0M (0%)            0M (0%)            0M (0%)     
[2026-01-06T22:07:08.458+0800][16.102s][info][gc,heap     ] GC(50) O: Reclaimed:         -                  -                 0M (0%)            0M (0%)     
[2026-01-06T22:07:08.458+0800][16.102s][info][gc,heap     ] GC(50) O: Compacted:         -                  -                  -                 0M (0%)     
[2026-01-06T22:07:08.458+0800][16.102s][info][gc,phases   ] GC(50) O: Old Generation 14M(0%)->30M(1%) 0.001s
[2026-01-06T22:07:08.458+0800][16.102s][info][gc          ] GC(50) Major Collection (Proactive) 1624M(40%)->32M(1%) 0.002s
[2026-01-06T22:07:08.537+0800][16.181s][info][gc          ] GC(51) Major Collection (Proactive)
[2026-01-06T22:07:08.537+0800][16.181s][info][gc,task     ] GC(51) Using 1 Workers for Young Generation
[2026-01-06T22:07:08.537+0800][16.181s][info][gc,task     ] GC(51) Using 1 Workers for Old Generation
[2026-01-06T22:07:08.537+0800][16.181s][info][gc,phases   ] GC(51) Y: Young Generation
[2026-01-06T22:07:08.537+0800][16.181s][info][gc,phases   ] GC(51) Y: Pause Mark Start (Major) 0.003ms
[2026-01-06T22:07:08.537+0800][16.181s][info][gc,phases   ] GC(51) Y: Concurrent Mark 0.160ms
[2026-01-06T22:07:08.537+0800][16.181s][info][gc,phases   ] GC(51) Y: Pause Mark End 0.003ms
[2026-01-06T22:07:08.537+0800][16.181s][info][gc,phases   ] GC(51) Y: Concurrent Mark Free 0.000ms
[2026-01-06T22:07:08.537+0800][16.181s][info][gc,phases   ] GC(51) Y: Concurrent Reset Relocation Set 0.000ms
[2026-01-06T22:07:08.537+0800][16.181s][info][gc,reloc    ] GC(51) Y: Using tenuring threshold: 1 (Computed)
[2026-01-06T22:07:08.537+0800][16.181s][info][gc,phases   ] GC(51) Y: Concurrent Select Relocation Set 0.170ms
[2026-01-06T22:07:08.537+0800][16.181s][info][gc,phases   ] GC(51) Y: Pause Relocate Start 0.001ms
[2026-01-06T22:07:08.538+0800][16.181s][info][gc,phases   ] GC(51) Y: Concurrent Relocate 0.009ms
[2026-01-06T22:07:08.538+0800][16.181s][info][gc,alloc    ] GC(51) Y:                         Mark Start        Mark End      Relocate Start    Relocate End   
[2026-01-06T22:07:08.538+0800][16.181s][info][gc,alloc    ] GC(51) Y: Allocation Stalls:          0                0                0                0         
[2026-01-06T22:07:08.538+0800][16.181s][info][gc,load     ] GC(51) Y: Load: 1.49 (15%) / 1.70 (17%) / 1.98 (20%)
[2026-01-06T22:07:08.538+0800][16.181s][info][gc,mmu      ] GC(51) Y: MMU: 2ms/97.4%, 5ms/98.6%, 10ms/99.3%, 20ms/99.5%, 50ms/99.8%, 100ms/99.9%
[2026-01-06T22:07:08.538+0800][16.181s][info][gc,marking  ] GC(51) Y: Mark: 1 stripe(s), 2 proactive flush(es), 1 terminate flush(es), 0 completion(s), 0 continuation(s) 
[2026-01-06T22:07:08.538+0800][16.181s][info][gc,nmethod  ] GC(51) Y: NMethods: 120 registered, 37 unregistered
[2026-01-06T22:07:08.538+0800][16.181s][info][gc,metaspace] GC(51) Y: Metaspace: 0M used, 0M committed, 1088M reserved
[2026-01-06T22:07:08.538+0800][16.181s][info][gc,reloc    ] GC(51) Y:                        Candidates     Selected     In-Place         Size        Empty    Relocated 
[2026-01-06T22:07:08.538+0800][16.181s][info][gc,reloc    ] GC(51) Y: Small Pages:                  781            0            0        1562M        1560M           0M 
[2026-01-06T22:07:08.538+0800][16.181s][info][gc,reloc    ] GC(51) Y: Medium Pages:                   0            0            0           0M           0M           0M 
[2026-01-06T22:07:08.538+0800][16.181s][info][gc,reloc    ] GC(51) Y: Large Pages:                    0            0            0           0M           0M           0M 
[2026-01-06T22:07:08.538+0800][16.181s][info][gc,reloc    ] GC(51) Y: Forwarding Usage: 0M
[2026-01-06T22:07:08.538+0800][16.181s][info][gc,reloc    ] GC(51) Y: Age Table:
[2026-01-06T22:07:08.538+0800][16.181s][info][gc,reloc    ] GC(51) Y:                    Live             Garbage             Small              Medium             Large        
[2026-01-06T22:07:08.538+0800][16.181s][info][gc,reloc    ] GC(51) Y: Eden               0M (0%)         1559M (38%)        780 / 0              0 / 0              0 / 0        
[2026-01-06T22:07:08.538+0800][16.181s][info][gc,reloc    ] GC(51) Y: Survivor 1          -                 2M (0%)           1 / 0              0 / 0              0 / 0        
[2026-01-06T22:07:08.538+0800][16.181s][info][gc,heap     ] GC(51) Y: Min Capacity: 8M(0%)
[2026-01-06T22:07:08.538+0800][16.181s][info][gc,heap     ] GC(51) Y: Max Capacity: 4096M(100%)
[2026-01-06T22:07:08.538+0800][16.181s][info][gc,heap     ] GC(51) Y: Soft Max Capacity: 3686M(90%)
[2026-01-06T22:07:08.538+0800][16.181s][info][gc,heap     ] GC(51) Y: Heap Statistics:
[2026-01-06T22:07:08.538+0800][16.181s][info][gc,heap     ] GC(51) Y:                Mark Start          Mark End        Relocate Start      Relocate End           High               Low         
[2026-01-06T22:07:08.538+0800][16.181s][info][gc,heap     ] GC(51) Y:  Capacity:     3498M (85%)        3498M (85%)        3498M (85%)        3498M (85%)        3498M (85%)        3498M (85%)    
[2026-01-06T22:07:08.538+0800][16.181s][info][gc,heap     ] GC(51) Y:      Free:     2532M (62%)        2528M (62%)        4084M (100%)       4084M (100%)       4086M (100%)       2528M (62%)    
[2026-01-06T22:07:08.538+0800][16.181s][info][gc,heap     ] GC(51) Y:      Used:     1564M (38%)        1568M (38%)          12M (0%)           12M (0%)         1568M (38%)          10M (0%)     
[2026-01-06T22:07:08.538+0800][16.181s][info][gc,heap     ] GC(51) Y: Young Generation Statistics:
[2026-01-06T22:07:08.538+0800][16.181s][info][gc,heap     ] GC(51) Y:                Mark Start          Mark End        Relocate Start      Relocate End    
[2026-01-06T22:07:08.538+0800][16.181s][info][gc,heap     ] GC(51) Y:      Used:     1562M (38%)        1566M (38%)          10M (0%)           10M (0%)     
[2026-01-06T22:07:08.538+0800][16.181s][info][gc,heap     ] GC(51) Y:      Live:         -                 0M (0%)            0M (0%)            0M (0%)     
[2026-01-06T22:07:08.538+0800][16.181s][info][gc,heap     ] GC(51) Y:   Garbage:         -              1561M (38%)           1M (0%)            1M (0%)     
[2026-01-06T22:07:08.538+0800][16.181s][info][gc,heap     ] GC(51) Y: Allocated:         -                 4M (0%)            8M (0%)            8M (0%)     
[2026-01-06T22:07:08.538+0800][16.181s][info][gc,heap     ] GC(51) Y: Reclaimed:         -                  -              1560M (38%)        1560M (38%)    
[2026-01-06T22:07:08.538+0800][16.181s][info][gc,heap     ] GC(51) Y:  Promoted:         -                  -                 0M (0%)            0M (0%)     
[2026-01-06T22:07:08.538+0800][16.181s][info][gc,heap     ] GC(51) Y: Compacted:         -                  -                  -                 0M (0%)     
[2026-01-06T22:07:08.538+0800][16.181s][info][gc,phases   ] GC(51) Y: Young Generation 1564M(38%)->12M(0%) 0.000s
[2026-01-06T22:07:08.538+0800][16.181s][info][gc,phases   ] GC(51) O: Old Generation
[2026-01-06T22:07:08.538+0800][16.182s][info][gc,phases   ] GC(51) O: Concurrent Mark 0.611ms
[2026-01-06T22:07:08.538+0800][16.182s][info][gc,phases   ] GC(51) O: Pause Mark End 0.002ms
[2026-01-06T22:07:08.538+0800][16.182s][info][gc,phases   ] GC(51) O: Concurrent Mark Free 0.000ms
[2026-01-06T22:07:08.538+0800][16.182s][info][gc,phases   ] GC(51) O: Concurrent Process Non-Strong 0.121ms
[2026-01-06T22:07:08.538+0800][16.182s][info][gc,phases   ] GC(51) O: Concurrent Reset Relocation Set 0.000ms
[2026-01-06T22:07:08.538+0800][16.182s][info][gc,phases   ] GC(51) O: Concurrent Select Relocation Set 0.018ms
[2026-01-06T22:07:08.538+0800][16.182s][info][gc,task     ] GC(51) O: Using 2 Workers for Old Generation
[2026-01-06T22:07:08.538+0800][16.182s][info][gc,task     ] GC(51) O: Using 1 Workers for Old Generation
[2026-01-06T22:07:08.538+0800][16.182s][info][gc,phases   ] GC(51) O: Concurrent Remap Roots 0.053ms
[2026-01-06T22:07:08.539+0800][16.182s][info][gc,phases   ] GC(51) O: Pause Relocate Start 0.002ms
[2026-01-06T22:07:08.539+0800][16.182s][info][gc,phases   ] GC(51) O: Concurrent Relocate 0.005ms
[2026-01-06T22:07:08.539+0800][16.182s][info][gc,alloc    ] GC(51) O:                         Mark Start        Mark End      Relocate Start    Relocate End   
[2026-01-06T22:07:08.539+0800][16.182s][info][gc,alloc    ] GC(51) O: Allocation Stalls:          0                0                0                0         
[2026-01-06T22:07:08.539+0800][16.182s][info][gc,load     ] GC(51) O: Load: 1.49 (15%) / 1.70 (17%) / 1.98 (20%)
[2026-01-06T22:07:08.539+0800][16.182s][info][gc,mmu      ] GC(51) O: MMU: 2ms/97.4%, 5ms/98.6%, 10ms/99.3%, 20ms/99.5%, 50ms/99.8%, 100ms/99.9%
[2026-01-06T22:07:08.539+0800][16.182s][info][gc,marking  ] GC(51) O: Mark: 1 stripe(s), 2 proactive flush(es), 1 terminate flush(es), 0 completion(s), 0 continuation(s) 
[2026-01-06T22:07:08.539+0800][16.182s][info][gc,nmethod  ] GC(51) O: NMethods: 120 registered, 37 unregistered
[2026-01-06T22:07:08.539+0800][16.182s][info][gc,metaspace] GC(51) O: Metaspace: 0M used, 0M committed, 1088M reserved
[2026-01-06T22:07:08.539+0800][16.182s][info][gc,ref      ] GC(51) O:                       Encountered   Discovered     Enqueued 
[2026-01-06T22:07:08.539+0800][16.182s][info][gc,ref      ] GC(51) O: Soft References:                1            0            0 
[2026-01-06T22:07:08.539+0800][16.182s][info][gc,ref      ] GC(51) O: Weak References:                6            0            0 
[2026-01-06T22:07:08.539+0800][16.182s][info][gc,ref      ] GC(51) O: Final References:               0            0            0 
[2026-01-06T22:07:08.539+0800][16.182s][info][gc,ref      ] GC(51) O: Phantom References:             1            1            0 
[2026-01-06T22:07:08.539+0800][16.182s][info][gc,reloc    ] GC(51) O:                        Candidates     Selected     In-Place         Size        Empty    Relocated 
[2026-01-06T22:07:08.539+0800][16.182s][info][gc,reloc    ] GC(51) O: Small Pages:                    1            0            0           2M           0M           0M 
[2026-01-06T22:07:08.539+0800][16.182s][info][gc,reloc    ] GC(51) O: Medium Pages:                   0            0            0           0M           0M           0M 
[2026-01-06T22:07:08.539+0800][16.182s][info][gc,reloc    ] GC(51) O: Large Pages:                    0            0            0           0M           0M           0M 
[2026-01-06T22:07:08.539+0800][16.182s][info][gc,reloc    ] GC(51) O: Forwarding Usage: 0M
[2026-01-06T22:07:08.539+0800][16.182s][info][gc,heap     ] GC(51) O: Min Capacity: 8M(0%)
[2026-01-06T22:07:08.539+0800][16.182s][info][gc,heap     ] GC(51) O: Max Capacity: 4096M(100%)
[2026-01-06T22:07:08.539+0800][16.182s][info][gc,heap     ] GC(51) O: Soft Max Capacity: 3686M(90%)
[2026-01-06T22:07:08.539+0800][16.182s][info][gc,heap     ] GC(51) O: Heap Statistics:
[2026-01-06T22:07:08.539+0800][16.182s][info][gc,heap     ] GC(51) O:                Mark Start          Mark End        Relocate Start      Relocate End           High               Low         
[2026-01-06T22:07:08.539+0800][16.182s][info][gc,heap     ] GC(51) O:  Capacity:     3498M (85%)        3498M (85%)        3498M (85%)        3498M (85%)        3498M (85%)        3498M (85%)    
[2026-01-06T22:07:08.539+0800][16.182s][info][gc,heap     ] GC(51) O:      Free:     2532M (62%)        4072M (99%)        4068M (99%)        4068M (99%)        4086M (100%)       2528M (62%)    
[2026-01-06T22:07:08.539+0800][16.182s][info][gc,heap     ] GC(51) O:      Used:     1564M (38%)          24M (1%)           28M (1%)           28M (1%)         1568M (38%)          10M (0%)     
[2026-01-06T22:07:08.539+0800][16.182s][info][gc,heap     ] GC(51) O: Old Generation Statistics:
[2026-01-06T22:07:08.539+0800][16.182s][info][gc,heap     ] GC(51) O:                Mark Start          Mark End        Relocate Start      Relocate End    
[2026-01-06T22:07:08.539+0800][16.182s][info][gc,heap     ] GC(51) O:      Used:        2M (0%)            2M (0%)            2M (0%)            2M (0%)     
[2026-01-06T22:07:08.539+0800][16.182s][info][gc,heap     ] GC(51) O:      Live:         -                 0M (0%)            0M (0%)            0M (0%)     
[2026-01-06T22:07:08.539+0800][16.182s][info][gc,heap     ] GC(51) O:   Garbage:         -                 1M (0%)            1M (0%)            1M (0%)     
[2026-01-06T22:07:08.539+0800][16.182s][info][gc,heap     ] GC(51) O: Allocated:         -                 0M (0%)            0M (0%)            0M (0%)     
[2026-01-06T22:07:08.539+0800][16.182s][info][gc,heap     ] GC(51) O: Reclaimed:         -                  -                 0M (0%)            0M (0%)     
[2026-01-06T22:07:08.539+0800][16.182s][info][gc,heap     ] GC(51) O: Compacted:         -                  -                  -                 0M (0%)     
[2026-01-06T22:07:08.539+0800][16.182s][info][gc,phases   ] GC(51) O: Old Generation 14M(0%)->28M(1%) 0.001s
[2026-01-06T22:07:08.539+0800][16.182s][info][gc          ] GC(51) Major Collection (Proactive) 1564M(38%)->30M(1%) 0.002s
[2026-01-06T22:07:08.614+0800][16.258s][info][gc          ] GC(52) Major Collection (Proactive)
[2026-01-06T22:07:08.614+0800][16.258s][info][gc,task     ] GC(52) Using 1 Workers for Young Generation
[2026-01-06T22:07:08.614+0800][16.258s][info][gc,task     ] GC(52) Using 1 Workers for Old Generation
[2026-01-06T22:07:08.614+0800][16.258s][info][gc,phases   ] GC(52) Y: Young Generation
[2026-01-06T22:07:08.614+0800][16.258s][info][gc,phases   ] GC(52) Y: Pause Mark Start (Major) 0.004ms
[2026-01-06T22:07:08.614+0800][16.258s][info][gc,phases   ] GC(52) Y: Concurrent Mark 0.154ms
[2026-01-06T22:07:08.614+0800][16.258s][info][gc,phases   ] GC(52) Y: Pause Mark End 0.003ms
[2026-01-06T22:07:08.614+0800][16.258s][info][gc,phases   ] GC(52) Y: Concurrent Mark Free 0.000ms
[2026-01-06T22:07:08.614+0800][16.258s][info][gc,phases   ] GC(52) Y: Concurrent Reset Relocation Set 0.000ms
[2026-01-06T22:07:08.614+0800][16.258s][info][gc,reloc    ] GC(52) Y: Using tenuring threshold: 1 (Computed)
[2026-01-06T22:07:08.614+0800][16.258s][info][gc,phases   ] GC(52) Y: Concurrent Select Relocation Set 0.148ms
[2026-01-06T22:07:08.614+0800][16.258s][info][gc,phases   ] GC(52) Y: Pause Relocate Start 0.001ms
[2026-01-06T22:07:08.614+0800][16.258s][info][gc,phases   ] GC(52) Y: Concurrent Relocate 0.011ms
[2026-01-06T22:07:08.614+0800][16.258s][info][gc,alloc    ] GC(52) Y:                         Mark Start        Mark End      Relocate Start    Relocate End   
[2026-01-06T22:07:08.614+0800][16.258s][info][gc,alloc    ] GC(52) Y: Allocation Stalls:          0                0                0                0         
[2026-01-06T22:07:08.614+0800][16.258s][info][gc,load     ] GC(52) Y: Load: 1.49 (15%) / 1.70 (17%) / 1.98 (20%)
[2026-01-06T22:07:08.614+0800][16.258s][info][gc,mmu      ] GC(52) Y: MMU: 2ms/97.4%, 5ms/98.6%, 10ms/99.3%, 20ms/99.5%, 50ms/99.8%, 100ms/99.9%
[2026-01-06T22:07:08.614+0800][16.258s][info][gc,marking  ] GC(52) Y: Mark: 1 stripe(s), 2 proactive flush(es), 1 terminate flush(es), 0 completion(s), 0 continuation(s) 
[2026-01-06T22:07:08.614+0800][16.258s][info][gc,nmethod  ] GC(52) Y: NMethods: 120 registered, 37 unregistered
[2026-01-06T22:07:08.614+0800][16.258s][info][gc,metaspace] GC(52) Y: Metaspace: 0M used, 0M committed, 1088M reserved
[2026-01-06T22:07:08.614+0800][16.258s][info][gc,reloc    ] GC(52) Y:                        Candidates     Selected     In-Place         Size        Empty    Relocated 
[2026-01-06T22:07:08.614+0800][16.258s][info][gc,reloc    ] GC(52) Y: Small Pages:                  751            0            0        1502M        1500M           0M 
[2026-01-06T22:07:08.614+0800][16.258s][info][gc,reloc    ] GC(52) Y: Medium Pages:                   0            0            0           0M           0M           0M 
[2026-01-06T22:07:08.614+0800][16.258s][info][gc,reloc    ] GC(52) Y: Large Pages:                    0            0            0           0M           0M           0M 
[2026-01-06T22:07:08.614+0800][16.258s][info][gc,reloc    ] GC(52) Y: Forwarding Usage: 0M
[2026-01-06T22:07:08.614+0800][16.258s][info][gc,reloc    ] GC(52) Y: Age Table:
[2026-01-06T22:07:08.614+0800][16.258s][info][gc,reloc    ] GC(52) Y:                    Live             Garbage             Small              Medium             Large        
[2026-01-06T22:07:08.614+0800][16.258s][info][gc,reloc    ] GC(52) Y: Eden               0M (0%)         1499M (37%)        750 / 0              0 / 0              0 / 0        
[2026-01-06T22:07:08.614+0800][16.258s][info][gc,reloc    ] GC(52) Y: Survivor 1          -                 2M (0%)           1 / 0              0 / 0              0 / 0        
[2026-01-06T22:07:08.614+0800][16.258s][info][gc,heap     ] GC(52) Y: Min Capacity: 8M(0%)
[2026-01-06T22:07:08.614+0800][16.258s][info][gc,heap     ] GC(52) Y: Max Capacity: 4096M(100%)
[2026-01-06T22:07:08.614+0800][16.258s][info][gc,heap     ] GC(52) Y: Soft Max Capacity: 3686M(90%)
[2026-01-06T22:07:08.614+0800][16.258s][info][gc,heap     ] GC(52) Y: Heap Statistics:
[2026-01-06T22:07:08.614+0800][16.258s][info][gc,heap     ] GC(52) Y:                Mark Start          Mark End        Relocate Start      Relocate End           High               Low         
[2026-01-06T22:07:08.614+0800][16.258s][info][gc,heap     ] GC(52) Y:  Capacity:     3498M (85%)        3498M (85%)        3498M (85%)        3498M (85%)        3498M (85%)        3498M (85%)    
[2026-01-06T22:07:08.614+0800][16.258s][info][gc,heap     ] GC(52) Y:      Free:     2592M (63%)        2588M (63%)        4086M (100%)       4086M (100%)       4086M (100%)       2588M (63%)    
[2026-01-06T22:07:08.614+0800][16.258s][info][gc,heap     ] GC(52) Y:      Used:     1504M (37%)        1508M (37%)          10M (0%)           10M (0%)         1508M (37%)          10M (0%)     
[2026-01-06T22:07:08.614+0800][16.258s][info][gc,heap     ] GC(52) Y: Young Generation Statistics:
[2026-01-06T22:07:08.614+0800][16.258s][info][gc,heap     ] GC(52) Y:                Mark Start          Mark End        Relocate Start      Relocate End    
[2026-01-06T22:07:08.614+0800][16.258s][info][gc,heap     ] GC(52) Y:      Used:     1502M (37%)        1506M (37%)           8M (0%)            8M (0%)     
[2026-01-06T22:07:08.614+0800][16.258s][info][gc,heap     ] GC(52) Y:      Live:         -                 0M (0%)            0M (0%)            0M (0%)     
[2026-01-06T22:07:08.614+0800][16.258s][info][gc,heap     ] GC(52) Y:   Garbage:         -              1501M (37%)           1M (0%)            1M (0%)     
[2026-01-06T22:07:08.614+0800][16.258s][info][gc,heap     ] GC(52) Y: Allocated:         -                 4M (0%)            6M (0%)            6M (0%)     
[2026-01-06T22:07:08.614+0800][16.258s][info][gc,heap     ] GC(52) Y: Reclaimed:         -                  -              1500M (37%)        1500M (37%)    
[2026-01-06T22:07:08.614+0800][16.258s][info][gc,heap     ] GC(52) Y:  Promoted:         -                  -                 0M (0%)            0M (0%)     
[2026-01-06T22:07:08.614+0800][16.258s][info][gc,heap     ] GC(52) Y: Compacted:         -                  -                  -                 0M (0%)     
[2026-01-06T22:07:08.614+0800][16.258s][info][gc,phases   ] GC(52) Y: Young Generation 1504M(37%)->10M(0%) 0.000s
[2026-01-06T22:07:08.614+0800][16.258s][info][gc,phases   ] GC(52) O: Old Generation
[2026-01-06T22:07:08.615+0800][16.259s][info][gc,phases   ] GC(52) O: Concurrent Mark 0.603ms
[2026-01-06T22:07:08.615+0800][16.259s][info][gc,phases   ] GC(52) O: Pause Mark End 0.002ms
[2026-01-06T22:07:08.615+0800][16.259s][info][gc,phases   ] GC(52) O: Concurrent Mark Free 0.000ms
[2026-01-06T22:07:08.615+0800][16.259s][info][gc,phases   ] GC(52) O: Concurrent Process Non-Strong 0.114ms
[2026-01-06T22:07:08.615+0800][16.259s][info][gc,phases   ] GC(52) O: Concurrent Reset Relocation Set 0.000ms
[2026-01-06T22:07:08.615+0800][16.259s][info][gc,phases   ] GC(52) O: Concurrent Select Relocation Set 0.016ms
[2026-01-06T22:07:08.615+0800][16.259s][info][gc,task     ] GC(52) O: Using 2 Workers for Old Generation
[2026-01-06T22:07:08.615+0800][16.259s][info][gc,task     ] GC(52) O: Using 1 Workers for Old Generation
[2026-01-06T22:07:08.615+0800][16.259s][info][gc,phases   ] GC(52) O: Concurrent Remap Roots 0.050ms
[2026-01-06T22:07:08.615+0800][16.259s][info][gc,phases   ] GC(52) O: Pause Relocate Start 0.001ms
[2026-01-06T22:07:08.615+0800][16.259s][info][gc,phases   ] GC(52) O: Concurrent Relocate 0.006ms
[2026-01-06T22:07:08.615+0800][16.259s][info][gc,alloc    ] GC(52) O:                         Mark Start        Mark End      Relocate Start    Relocate End   
[2026-01-06T22:07:08.615+0800][16.259s][info][gc,alloc    ] GC(52) O: Allocation Stalls:          0                0                0                0         
[2026-01-06T22:07:08.615+0800][16.259s][info][gc,load     ] GC(52) O: Load: 1.49 (15%) / 1.70 (17%) / 1.98 (20%)
[2026-01-06T22:07:08.615+0800][16.259s][info][gc,mmu      ] GC(52) O: MMU: 2ms/97.4%, 5ms/98.6%, 10ms/99.3%, 20ms/99.5%, 50ms/99.8%, 100ms/99.9%
[2026-01-06T22:07:08.615+0800][16.259s][info][gc,marking  ] GC(52) O: Mark: 1 stripe(s), 2 proactive flush(es), 1 terminate flush(es), 0 completion(s), 0 continuation(s) 
[2026-01-06T22:07:08.615+0800][16.259s][info][gc,nmethod  ] GC(52) O: NMethods: 120 registered, 37 unregistered
[2026-01-06T22:07:08.615+0800][16.259s][info][gc,metaspace] GC(52) O: Metaspace: 0M used, 0M committed, 1088M reserved
[2026-01-06T22:07:08.615+0800][16.259s][info][gc,ref      ] GC(52) O:                       Encountered   Discovered     Enqueued 
[2026-01-06T22:07:08.615+0800][16.259s][info][gc,ref      ] GC(52) O: Soft References:                1            0            0 
[2026-01-06T22:07:08.615+0800][16.259s][info][gc,ref      ] GC(52) O: Weak References:                6            0            0 
[2026-01-06T22:07:08.615+0800][16.259s][info][gc,ref      ] GC(52) O: Final References:               0            0            0 
[2026-01-06T22:07:08.615+0800][16.259s][info][gc,ref      ] GC(52) O: Phantom References:             1            1            0 
[2026-01-06T22:07:08.615+0800][16.259s][info][gc,reloc    ] GC(52) O:                        Candidates     Selected     In-Place         Size        Empty    Relocated 
[2026-01-06T22:07:08.615+0800][16.259s][info][gc,reloc    ] GC(52) O: Small Pages:                    1            0            0           2M           0M           0M 
[2026-01-06T22:07:08.615+0800][16.259s][info][gc,reloc    ] GC(52) O: Medium Pages:                   0            0            0           0M           0M           0M 
[2026-01-06T22:07:08.615+0800][16.259s][info][gc,reloc    ] GC(52) O: Large Pages:                    0            0            0           0M           0M           0M 
[2026-01-06T22:07:08.615+0800][16.259s][info][gc,reloc    ] GC(52) O: Forwarding Usage: 0M
[2026-01-06T22:07:08.615+0800][16.259s][info][gc,heap     ] GC(52) O: Min Capacity: 8M(0%)
[2026-01-06T22:07:08.615+0800][16.259s][info][gc,heap     ] GC(52) O: Max Capacity: 4096M(100%)
[2026-01-06T22:07:08.615+0800][16.259s][info][gc,heap     ] GC(52) O: Soft Max Capacity: 3686M(90%)
[2026-01-06T22:07:08.615+0800][16.259s][info][gc,heap     ] GC(52) O: Heap Statistics:
[2026-01-06T22:07:08.615+0800][16.259s][info][gc,heap     ] GC(52) O:                Mark Start          Mark End        Relocate Start      Relocate End           High               Low         
[2026-01-06T22:07:08.615+0800][16.259s][info][gc,heap     ] GC(52) O:  Capacity:     3498M (85%)        3498M (85%)        3498M (85%)        3498M (85%)        3498M (85%)        3498M (85%)    
[2026-01-06T22:07:08.615+0800][16.259s][info][gc,heap     ] GC(52) O:      Free:     2592M (63%)        4072M (99%)        4068M (99%)        4068M (99%)        4086M (100%)       2588M (63%)    
[2026-01-06T22:07:08.615+0800][16.259s][info][gc,heap     ] GC(52) O:      Used:     1504M (37%)          24M (1%)           28M (1%)           28M (1%)         1508M (37%)          10M (0%)     
[2026-01-06T22:07:08.615+0800][16.259s][info][gc,heap     ] GC(52) O: Old Generation Statistics:
[2026-01-06T22:07:08.615+0800][16.259s][info][gc,heap     ] GC(52) O:                Mark Start          Mark End        Relocate Start      Relocate End    
[2026-01-06T22:07:08.615+0800][16.259s][info][gc,heap     ] GC(52) O:      Used:        2M (0%)            2M (0%)            2M (0%)            2M (0%)     
[2026-01-06T22:07:08.615+0800][16.259s][info][gc,heap     ] GC(52) O:      Live:         -                 0M (0%)            0M (0%)            0M (0%)     
[2026-01-06T22:07:08.615+0800][16.259s][info][gc,heap     ] GC(52) O:   Garbage:         -                 1M (0%)            1M (0%)            1M (0%)     
[2026-01-06T22:07:08.615+0800][16.259s][info][gc,heap     ] GC(52) O: Allocated:         -                 0M (0%)            0M (0%)            0M (0%)     
[2026-01-06T22:07:08.615+0800][16.259s][info][gc,heap     ] GC(52) O: Reclaimed:         -                  -                 0M (0%)            0M (0%)     
[2026-01-06T22:07:08.615+0800][16.259s][info][gc,heap     ] GC(52) O: Compacted:         -                  -                  -                 0M (0%)     
[2026-01-06T22:07:08.615+0800][16.259s][info][gc,phases   ] GC(52) O: Old Generation 12M(0%)->28M(1%) 0.001s
[2026-01-06T22:07:08.615+0800][16.259s][info][gc          ] GC(52) Major Collection (Proactive) 1504M(37%)->30M(1%) 0.002s
[2026-01-06T22:07:08.689+0800][16.333s][info][gc          ] GC(53) Major Collection (Proactive)
[2026-01-06T22:07:08.689+0800][16.333s][info][gc,task     ] GC(53) Using 1 Workers for Young Generation
[2026-01-06T22:07:08.689+0800][16.333s][info][gc,task     ] GC(53) Using 1 Workers for Old Generation
[2026-01-06T22:07:08.689+0800][16.333s][info][gc,phases   ] GC(53) Y: Young Generation
[2026-01-06T22:07:08.690+0800][16.333s][info][gc,phases   ] GC(53) Y: Pause Mark Start (Major) 0.005ms
[2026-01-06T22:07:08.690+0800][16.334s][info][gc,phases   ] GC(53) Y: Concurrent Mark 0.153ms
[2026-01-06T22:07:08.690+0800][16.334s][info][gc,phases   ] GC(53) Y: Pause Mark End 0.003ms
[2026-01-06T22:07:08.690+0800][16.334s][info][gc,phases   ] GC(53) Y: Concurrent Mark Free 0.000ms
[2026-01-06T22:07:08.690+0800][16.334s][info][gc,phases   ] GC(53) Y: Concurrent Reset Relocation Set 0.000ms
[2026-01-06T22:07:08.690+0800][16.334s][info][gc,reloc    ] GC(53) Y: Using tenuring threshold: 1 (Computed)
[2026-01-06T22:07:08.690+0800][16.334s][info][gc,phases   ] GC(53) Y: Concurrent Select Relocation Set 0.149ms
[2026-01-06T22:07:08.690+0800][16.334s][info][gc,phases   ] GC(53) Y: Pause Relocate Start 0.001ms
[2026-01-06T22:07:08.690+0800][16.334s][info][gc,phases   ] GC(53) Y: Concurrent Relocate 0.010ms
[2026-01-06T22:07:08.690+0800][16.334s][info][gc,alloc    ] GC(53) Y:                         Mark Start        Mark End      Relocate Start    Relocate End   
[2026-01-06T22:07:08.690+0800][16.334s][info][gc,alloc    ] GC(53) Y: Allocation Stalls:          0                0                0                0         
[2026-01-06T22:07:08.690+0800][16.334s][info][gc,load     ] GC(53) Y: Load: 1.49 (15%) / 1.70 (17%) / 1.98 (20%)
[2026-01-06T22:07:08.690+0800][16.334s][info][gc,mmu      ] GC(53) Y: MMU: 2ms/97.4%, 5ms/98.6%, 10ms/99.3%, 20ms/99.5%, 50ms/99.8%, 100ms/99.9%
[2026-01-06T22:07:08.690+0800][16.334s][info][gc,marking  ] GC(53) Y: Mark: 1 stripe(s), 2 proactive flush(es), 1 terminate flush(es), 0 completion(s), 0 continuation(s) 
[2026-01-06T22:07:08.690+0800][16.334s][info][gc,nmethod  ] GC(53) Y: NMethods: 120 registered, 37 unregistered
[2026-01-06T22:07:08.690+0800][16.334s][info][gc,metaspace] GC(53) Y: Metaspace: 0M used, 0M committed, 1088M reserved
[2026-01-06T22:07:08.690+0800][16.334s][info][gc,reloc    ] GC(53) Y:                        Candidates     Selected     In-Place         Size        Empty    Relocated 
[2026-01-06T22:07:08.690+0800][16.334s][info][gc,reloc    ] GC(53) Y: Small Pages:                  721            0            0        1442M        1440M           0M 
[2026-01-06T22:07:08.690+0800][16.334s][info][gc,reloc    ] GC(53) Y: Medium Pages:                   0            0            0           0M           0M           0M 
[2026-01-06T22:07:08.690+0800][16.334s][info][gc,reloc    ] GC(53) Y: Large Pages:                    0            0            0           0M           0M           0M 
[2026-01-06T22:07:08.690+0800][16.334s][info][gc,reloc    ] GC(53) Y: Forwarding Usage: 0M
[2026-01-06T22:07:08.690+0800][16.334s][info][gc,reloc    ] GC(53) Y: Age Table:
[2026-01-06T22:07:08.690+0800][16.334s][info][gc,reloc    ] GC(53) Y:                    Live             Garbage             Small              Medium             Large        
[2026-01-06T22:07:08.690+0800][16.334s][info][gc,reloc    ] GC(53) Y: Eden               0M (0%)         1439M (35%)        720 / 0              0 / 0              0 / 0        
[2026-01-06T22:07:08.690+0800][16.334s][info][gc,reloc    ] GC(53) Y: Survivor 1          -                 2M (0%)           1 / 0              0 / 0              0 / 0        
[2026-01-06T22:07:08.690+0800][16.334s][info][gc,heap     ] GC(53) Y: Min Capacity: 8M(0%)
[2026-01-06T22:07:08.690+0800][16.334s][info][gc,heap     ] GC(53) Y: Max Capacity: 4096M(100%)
[2026-01-06T22:07:08.690+0800][16.334s][info][gc,heap     ] GC(53) Y: Soft Max Capacity: 3686M(90%)
[2026-01-06T22:07:08.690+0800][16.334s][info][gc,heap     ] GC(53) Y: Heap Statistics:
[2026-01-06T22:07:08.690+0800][16.334s][info][gc,heap     ] GC(53) Y:                Mark Start          Mark End        Relocate Start      Relocate End           High               Low         
[2026-01-06T22:07:08.690+0800][16.334s][info][gc,heap     ] GC(53) Y:  Capacity:     3498M (85%)        3498M (85%)        3498M (85%)        3498M (85%)        3498M (85%)        3498M (85%)    
[2026-01-06T22:07:08.690+0800][16.334s][info][gc,heap     ] GC(53) Y:      Free:     2652M (65%)        2648M (65%)        4086M (100%)       4086M (100%)       4086M (100%)       2648M (65%)    
[2026-01-06T22:07:08.690+0800][16.334s][info][gc,heap     ] GC(53) Y:      Used:     1444M (35%)        1448M (35%)          10M (0%)           10M (0%)         1448M (35%)          10M (0%)     
[2026-01-06T22:07:08.690+0800][16.334s][info][gc,heap     ] GC(53) Y: Young Generation Statistics:
[2026-01-06T22:07:08.690+0800][16.334s][info][gc,heap     ] GC(53) Y:                Mark Start          Mark End        Relocate Start      Relocate End    
[2026-01-06T22:07:08.690+0800][16.334s][info][gc,heap     ] GC(53) Y:      Used:     1442M (35%)        1446M (35%)           8M (0%)            8M (0%)     
[2026-01-06T22:07:08.690+0800][16.334s][info][gc,heap     ] GC(53) Y:      Live:         -                 0M (0%)            0M (0%)            0M (0%)     
[2026-01-06T22:07:08.690+0800][16.334s][info][gc,heap     ] GC(53) Y:   Garbage:         -              1441M (35%)           1M (0%)            1M (0%)     
[2026-01-06T22:07:08.690+0800][16.334s][info][gc,heap     ] GC(53) Y: Allocated:         -                 4M (0%)            6M (0%)            6M (0%)     
[2026-01-06T22:07:08.690+0800][16.334s][info][gc,heap     ] GC(53) Y: Reclaimed:         -                  -              1440M (35%)        1440M (35%)    
[2026-01-06T22:07:08.690+0800][16.334s][info][gc,heap     ] GC(53) Y:  Promoted:         -                  -                 0M (0%)            0M (0%)     
[2026-01-06T22:07:08.690+0800][16.334s][info][gc,heap     ] GC(53) Y: Compacted:         -                  -                  -                 0M (0%)     
[2026-01-06T22:07:08.690+0800][16.334s][info][gc,phases   ] GC(53) Y: Young Generation 1444M(35%)->10M(0%) 0.000s
[2026-01-06T22:07:08.690+0800][16.334s][info][gc,phases   ] GC(53) O: Old Generation
[2026-01-06T22:07:08.691+0800][16.334s][info][gc,phases   ] GC(53) O: Concurrent Mark 0.578ms
[2026-01-06T22:07:08.691+0800][16.334s][info][gc,phases   ] GC(53) O: Pause Mark End 0.002ms
[2026-01-06T22:07:08.691+0800][16.334s][info][gc,phases   ] GC(53) O: Concurrent Mark Free 0.000ms
[2026-01-06T22:07:08.691+0800][16.335s][info][gc,phases   ] GC(53) O: Concurrent Process Non-Strong 0.111ms
[2026-01-06T22:07:08.691+0800][16.335s][info][gc,phases   ] GC(53) O: Concurrent Reset Relocation Set 0.000ms
[2026-01-06T22:07:08.691+0800][16.335s][info][gc,phases   ] GC(53) O: Concurrent Select Relocation Set 0.018ms
[2026-01-06T22:07:08.691+0800][16.335s][info][gc,task     ] GC(53) O: Using 2 Workers for Old Generation
[2026-01-06T22:07:08.691+0800][16.335s][info][gc,task     ] GC(53) O: Using 1 Workers for Old Generation
[2026-01-06T22:07:08.691+0800][16.335s][info][gc,phases   ] GC(53) O: Concurrent Remap Roots 0.047ms
[2026-01-06T22:07:08.691+0800][16.335s][info][gc,phases   ] GC(53) O: Pause Relocate Start 0.001ms
[2026-01-06T22:07:08.691+0800][16.335s][info][gc,phases   ] GC(53) O: Concurrent Relocate 0.006ms
[2026-01-06T22:07:08.691+0800][16.335s][info][gc,alloc    ] GC(53) O:                         Mark Start        Mark End      Relocate Start    Relocate End   
[2026-01-06T22:07:08.691+0800][16.335s][info][gc,alloc    ] GC(53) O: Allocation Stalls:          0                0                0                0         
[2026-01-06T22:07:08.691+0800][16.335s][info][gc,load     ] GC(53) O: Load: 1.49 (15%) / 1.70 (17%) / 1.98 (20%)
[2026-01-06T22:07:08.691+0800][16.335s][info][gc,mmu      ] GC(53) O: MMU: 2ms/97.4%, 5ms/98.6%, 10ms/99.3%, 20ms/99.5%, 50ms/99.8%, 100ms/99.9%
[2026-01-06T22:07:08.691+0800][16.335s][info][gc,marking  ] GC(53) O: Mark: 1 stripe(s), 2 proactive flush(es), 1 terminate flush(es), 0 completion(s), 0 continuation(s) 
[2026-01-06T22:07:08.691+0800][16.335s][info][gc,nmethod  ] GC(53) O: NMethods: 120 registered, 37 unregistered
[2026-01-06T22:07:08.691+0800][16.335s][info][gc,metaspace] GC(53) O: Metaspace: 0M used, 0M committed, 1088M reserved
[2026-01-06T22:07:08.691+0800][16.335s][info][gc,ref      ] GC(53) O:                       Encountered   Discovered     Enqueued 
[2026-01-06T22:07:08.691+0800][16.335s][info][gc,ref      ] GC(53) O: Soft References:                1            0            0 
[2026-01-06T22:07:08.691+0800][16.335s][info][gc,ref      ] GC(53) O: Weak References:                6            0            0 
[2026-01-06T22:07:08.691+0800][16.335s][info][gc,ref      ] GC(53) O: Final References:               0            0            0 
[2026-01-06T22:07:08.691+0800][16.335s][info][gc,ref      ] GC(53) O: Phantom References:             1            1            0 
[2026-01-06T22:07:08.691+0800][16.335s][info][gc,reloc    ] GC(53) O:                        Candidates     Selected     In-Place         Size        Empty    Relocated 
[2026-01-06T22:07:08.691+0800][16.335s][info][gc,reloc    ] GC(53) O: Small Pages:                    1            0            0           2M           0M           0M 
[2026-01-06T22:07:08.691+0800][16.335s][info][gc,reloc    ] GC(53) O: Medium Pages:                   0            0            0           0M           0M           0M 
[2026-01-06T22:07:08.691+0800][16.335s][info][gc,reloc    ] GC(53) O: Large Pages:                    0            0            0           0M           0M           0M 
[2026-01-06T22:07:08.691+0800][16.335s][info][gc,reloc    ] GC(53) O: Forwarding Usage: 0M
[2026-01-06T22:07:08.691+0800][16.335s][info][gc,heap     ] GC(53) O: Min Capacity: 8M(0%)
[2026-01-06T22:07:08.691+0800][16.335s][info][gc,heap     ] GC(53) O: Max Capacity: 4096M(100%)
[2026-01-06T22:07:08.691+0800][16.335s][info][gc,heap     ] GC(53) O: Soft Max Capacity: 3686M(90%)
[2026-01-06T22:07:08.691+0800][16.335s][info][gc,heap     ] GC(53) O: Heap Statistics:
[2026-01-06T22:07:08.691+0800][16.335s][info][gc,heap     ] GC(53) O:                Mark Start          Mark End        Relocate Start      Relocate End           High               Low         
[2026-01-06T22:07:08.691+0800][16.335s][info][gc,heap     ] GC(53) O:  Capacity:     3498M (85%)        3498M (85%)        3498M (85%)        3498M (85%)        3498M (85%)        3498M (85%)    
[2026-01-06T22:07:08.691+0800][16.335s][info][gc,heap     ] GC(53) O:      Free:     2652M (65%)        4072M (99%)        4068M (99%)        4068M (99%)        4086M (100%)       2648M (65%)    
[2026-01-06T22:07:08.691+0800][16.335s][info][gc,heap     ] GC(53) O:      Used:     1444M (35%)          24M (1%)           28M (1%)           28M (1%)         1448M (35%)          10M (0%)     
[2026-01-06T22:07:08.691+0800][16.335s][info][gc,heap     ] GC(53) O: Old Generation Statistics:
[2026-01-06T22:07:08.691+0800][16.335s][info][gc,heap     ] GC(53) O:                Mark Start          Mark End        Relocate Start      Relocate End    
[2026-01-06T22:07:08.691+0800][16.335s][info][gc,heap     ] GC(53) O:      Used:        2M (0%)            2M (0%)            2M (0%)            2M (0%)     
[2026-01-06T22:07:08.691+0800][16.335s][info][gc,heap     ] GC(53) O:      Live:         -                 0M (0%)            0M (0%)            0M (0%)     
[2026-01-06T22:07:08.691+0800][16.335s][info][gc,heap     ] GC(53) O:   Garbage:         -                 1M (0%)            1M (0%)            1M (0%)     
[2026-01-06T22:07:08.691+0800][16.335s][info][gc,heap     ] GC(53) O: Allocated:         -                 0M (0%)            0M (0%)            0M (0%)     
[2026-01-06T22:07:08.691+0800][16.335s][info][gc,heap     ] GC(53) O: Reclaimed:         -                  -                 0M (0%)            0M (0%)     
[2026-01-06T22:07:08.691+0800][16.335s][info][gc,heap     ] GC(53) O: Compacted:         -                  -                  -                 0M (0%)     
[2026-01-06T22:07:08.691+0800][16.335s][info][gc,phases   ] GC(53) O: Old Generation 12M(0%)->28M(1%) 0.001s
[2026-01-06T22:07:08.691+0800][16.335s][info][gc          ] GC(53) Major Collection (Proactive) 1444M(35%)->30M(1%) 0.002s
[2026-01-06T22:07:08.763+0800][16.406s][info][gc          ] GC(54) Major Collection (Proactive)
[2026-01-06T22:07:08.763+0800][16.406s][info][gc,task     ] GC(54) Using 1 Workers for Young Generation
[2026-01-06T22:07:08.763+0800][16.406s][info][gc,task     ] GC(54) Using 1 Workers for Old Generation
[2026-01-06T22:07:08.763+0800][16.406s][info][gc,phases   ] GC(54) Y: Young Generation
[2026-01-06T22:07:08.763+0800][16.406s][info][gc,phases   ] GC(54) Y: Pause Mark Start (Major) 0.004ms
[2026-01-06T22:07:08.763+0800][16.407s][info][gc,phases   ] GC(54) Y: Concurrent Mark 0.160ms
[2026-01-06T22:07:08.763+0800][16.407s][info][gc,phases   ] GC(54) Y: Pause Mark End 0.003ms
[2026-01-06T22:07:08.763+0800][16.407s][info][gc,phases   ] GC(54) Y: Concurrent Mark Free 0.000ms
[2026-01-06T22:07:08.763+0800][16.407s][info][gc,phases   ] GC(54) Y: Concurrent Reset Relocation Set 0.000ms
[2026-01-06T22:07:08.763+0800][16.407s][info][gc,reloc    ] GC(54) Y: Using tenuring threshold: 1 (Computed)
[2026-01-06T22:07:08.763+0800][16.407s][info][gc,phases   ] GC(54) Y: Concurrent Select Relocation Set 0.147ms
[2026-01-06T22:07:08.763+0800][16.407s][info][gc,phases   ] GC(54) Y: Pause Relocate Start 0.001ms
[2026-01-06T22:07:08.763+0800][16.407s][info][gc,phases   ] GC(54) Y: Concurrent Relocate 0.011ms
[2026-01-06T22:07:08.763+0800][16.407s][info][gc,alloc    ] GC(54) Y:                         Mark Start        Mark End      Relocate Start    Relocate End   
[2026-01-06T22:07:08.763+0800][16.407s][info][gc,alloc    ] GC(54) Y: Allocation Stalls:          0                0                0                0         
[2026-01-06T22:07:08.763+0800][16.407s][info][gc,load     ] GC(54) Y: Load: 1.49 (15%) / 1.70 (17%) / 1.98 (20%)
[2026-01-06T22:07:08.763+0800][16.407s][info][gc,mmu      ] GC(54) Y: MMU: 2ms/97.4%, 5ms/98.6%, 10ms/99.3%, 20ms/99.5%, 50ms/99.8%, 100ms/99.9%
[2026-01-06T22:07:08.763+0800][16.407s][info][gc,marking  ] GC(54) Y: Mark: 1 stripe(s), 2 proactive flush(es), 1 terminate flush(es), 0 completion(s), 0 continuation(s) 
[2026-01-06T22:07:08.763+0800][16.407s][info][gc,nmethod  ] GC(54) Y: NMethods: 120 registered, 37 unregistered
[2026-01-06T22:07:08.763+0800][16.407s][info][gc,metaspace] GC(54) Y: Metaspace: 0M used, 0M committed, 1088M reserved
[2026-01-06T22:07:08.763+0800][16.407s][info][gc,reloc    ] GC(54) Y:                        Candidates     Selected     In-Place         Size        Empty    Relocated 
[2026-01-06T22:07:08.763+0800][16.407s][info][gc,reloc    ] GC(54) Y: Small Pages:                  706            0            0        1412M        1410M           0M 
[2026-01-06T22:07:08.763+0800][16.407s][info][gc,reloc    ] GC(54) Y: Medium Pages:                   0            0            0           0M           0M           0M 
[2026-01-06T22:07:08.763+0800][16.407s][info][gc,reloc    ] GC(54) Y: Large Pages:                    0            0            0           0M           0M           0M 
[2026-01-06T22:07:08.763+0800][16.407s][info][gc,reloc    ] GC(54) Y: Forwarding Usage: 0M
[2026-01-06T22:07:08.763+0800][16.407s][info][gc,reloc    ] GC(54) Y: Age Table:
[2026-01-06T22:07:08.763+0800][16.407s][info][gc,reloc    ] GC(54) Y:                    Live             Garbage             Small              Medium             Large        
[2026-01-06T22:07:08.763+0800][16.407s][info][gc,reloc    ] GC(54) Y: Eden               0M (0%)         1409M (34%)        705 / 0              0 / 0              0 / 0        
[2026-01-06T22:07:08.763+0800][16.407s][info][gc,reloc    ] GC(54) Y: Survivor 1          -                 2M (0%)           1 / 0              0 / 0              0 / 0        
[2026-01-06T22:07:08.763+0800][16.407s][info][gc,heap     ] GC(54) Y: Min Capacity: 8M(0%)
[2026-01-06T22:07:08.763+0800][16.407s][info][gc,heap     ] GC(54) Y: Max Capacity: 4096M(100%)
[2026-01-06T22:07:08.763+0800][16.407s][info][gc,heap     ] GC(54) Y: Soft Max Capacity: 3686M(90%)
[2026-01-06T22:07:08.763+0800][16.407s][info][gc,heap     ] GC(54) Y: Heap Statistics:
[2026-01-06T22:07:08.763+0800][16.407s][info][gc,heap     ] GC(54) Y:                Mark Start          Mark End        Relocate Start      Relocate End           High               Low         
[2026-01-06T22:07:08.763+0800][16.407s][info][gc,heap     ] GC(54) Y:  Capacity:     3498M (85%)        3498M (85%)        3498M (85%)        3498M (85%)        3498M (85%)        3498M (85%)    
[2026-01-06T22:07:08.763+0800][16.407s][info][gc,heap     ] GC(54) Y:      Free:     2682M (65%)        2678M (65%)        4086M (100%)       4086M (100%)       4086M (100%)       2678M (65%)    
[2026-01-06T22:07:08.763+0800][16.407s][info][gc,heap     ] GC(54) Y:      Used:     1414M (35%)        1418M (35%)          10M (0%)           10M (0%)         1418M (35%)          10M (0%)     
[2026-01-06T22:07:08.763+0800][16.407s][info][gc,heap     ] GC(54) Y: Young Generation Statistics:
[2026-01-06T22:07:08.763+0800][16.407s][info][gc,heap     ] GC(54) Y:                Mark Start          Mark End        Relocate Start      Relocate End    
[2026-01-06T22:07:08.763+0800][16.407s][info][gc,heap     ] GC(54) Y:      Used:     1412M (34%)        1416M (35%)           8M (0%)            8M (0%)     
[2026-01-06T22:07:08.763+0800][16.407s][info][gc,heap     ] GC(54) Y:      Live:         -                 0M (0%)            0M (0%)            0M (0%)     
[2026-01-06T22:07:08.763+0800][16.407s][info][gc,heap     ] GC(54) Y:   Garbage:         -              1411M (34%)           1M (0%)            1M (0%)     
[2026-01-06T22:07:08.763+0800][16.407s][info][gc,heap     ] GC(54) Y: Allocated:         -                 4M (0%)            6M (0%)            6M (0%)     
[2026-01-06T22:07:08.763+0800][16.407s][info][gc,heap     ] GC(54) Y: Reclaimed:         -                  -              1410M (34%)        1410M (34%)    
[2026-01-06T22:07:08.763+0800][16.407s][info][gc,heap     ] GC(54) Y:  Promoted:         -                  -                 0M (0%)            0M (0%)     
[2026-01-06T22:07:08.763+0800][16.407s][info][gc,heap     ] GC(54) Y: Compacted:         -                  -                  -                 0M (0%)     
[2026-01-06T22:07:08.763+0800][16.407s][info][gc,phases   ] GC(54) Y: Young Generation 1414M(35%)->10M(0%) 0.000s
[2026-01-06T22:07:08.763+0800][16.407s][info][gc,phases   ] GC(54) O: Old Generation
[2026-01-06T22:07:08.764+0800][16.408s][info][gc,phases   ] GC(54) O: Concurrent Mark 0.569ms
[2026-01-06T22:07:08.764+0800][16.408s][info][gc,phases   ] GC(54) O: Pause Mark End 0.002ms
[2026-01-06T22:07:08.764+0800][16.408s][info][gc,phases   ] GC(54) O: Concurrent Mark Free 0.000ms
[2026-01-06T22:07:08.764+0800][16.408s][info][gc,phases   ] GC(54) O: Concurrent Process Non-Strong 0.116ms
[2026-01-06T22:07:08.764+0800][16.408s][info][gc,phases   ] GC(54) O: Concurrent Reset Relocation Set 0.000ms
[2026-01-06T22:07:08.764+0800][16.408s][info][gc,phases   ] GC(54) O: Concurrent Select Relocation Set 0.017ms
[2026-01-06T22:07:08.764+0800][16.408s][info][gc,task     ] GC(54) O: Using 2 Workers for Old Generation
[2026-01-06T22:07:08.764+0800][16.408s][info][gc,task     ] GC(54) O: Using 1 Workers for Old Generation
[2026-01-06T22:07:08.764+0800][16.408s][info][gc,phases   ] GC(54) O: Concurrent Remap Roots 0.049ms
[2026-01-06T22:07:08.764+0800][16.408s][info][gc,phases   ] GC(54) O: Pause Relocate Start 0.001ms
[2026-01-06T22:07:08.764+0800][16.408s][info][gc,phases   ] GC(54) O: Concurrent Relocate 0.005ms
[2026-01-06T22:07:08.764+0800][16.408s][info][gc,alloc    ] GC(54) O:                         Mark Start        Mark End      Relocate Start    Relocate End   
[2026-01-06T22:07:08.764+0800][16.408s][info][gc,alloc    ] GC(54) O: Allocation Stalls:          0                0                0                0         
[2026-01-06T22:07:08.764+0800][16.408s][info][gc,load     ] GC(54) O: Load: 1.49 (15%) / 1.70 (17%) / 1.98 (20%)
[2026-01-06T22:07:08.764+0800][16.408s][info][gc,mmu      ] GC(54) O: MMU: 2ms/97.4%, 5ms/98.6%, 10ms/99.3%, 20ms/99.5%, 50ms/99.8%, 100ms/99.9%
[2026-01-06T22:07:08.764+0800][16.408s][info][gc,marking  ] GC(54) O: Mark: 1 stripe(s), 2 proactive flush(es), 1 terminate flush(es), 0 completion(s), 0 continuation(s) 
[2026-01-06T22:07:08.764+0800][16.408s][info][gc,nmethod  ] GC(54) O: NMethods: 120 registered, 37 unregistered
[2026-01-06T22:07:08.764+0800][16.408s][info][gc,metaspace] GC(54) O: Metaspace: 0M used, 0M committed, 1088M reserved
[2026-01-06T22:07:08.764+0800][16.408s][info][gc,ref      ] GC(54) O:                       Encountered   Discovered     Enqueued 
[2026-01-06T22:07:08.764+0800][16.408s][info][gc,ref      ] GC(54) O: Soft References:                1            0            0 
[2026-01-06T22:07:08.764+0800][16.408s][info][gc,ref      ] GC(54) O: Weak References:                6            0            0 
[2026-01-06T22:07:08.764+0800][16.408s][info][gc,ref      ] GC(54) O: Final References:               0            0            0 
[2026-01-06T22:07:08.764+0800][16.408s][info][gc,ref      ] GC(54) O: Phantom References:             1            1            0 
[2026-01-06T22:07:08.764+0800][16.408s][info][gc,reloc    ] GC(54) O:                        Candidates     Selected     In-Place         Size        Empty    Relocated 
[2026-01-06T22:07:08.764+0800][16.408s][info][gc,reloc    ] GC(54) O: Small Pages:                    1            0            0           2M           0M           0M 
[2026-01-06T22:07:08.764+0800][16.408s][info][gc,reloc    ] GC(54) O: Medium Pages:                   0            0            0           0M           0M           0M 
[2026-01-06T22:07:08.764+0800][16.408s][info][gc,reloc    ] GC(54) O: Large Pages:                    0            0            0           0M           0M           0M 
[2026-01-06T22:07:08.764+0800][16.408s][info][gc,reloc    ] GC(54) O: Forwarding Usage: 0M
[2026-01-06T22:07:08.764+0800][16.408s][info][gc,heap     ] GC(54) O: Min Capacity: 8M(0%)
[2026-01-06T22:07:08.764+0800][16.408s][info][gc,heap     ] GC(54) O: Max Capacity: 4096M(100%)
[2026-01-06T22:07:08.764+0800][16.408s][info][gc,heap     ] GC(54) O: Soft Max Capacity: 3686M(90%)
[2026-01-06T22:07:08.764+0800][16.408s][info][gc,heap     ] GC(54) O: Heap Statistics:
[2026-01-06T22:07:08.764+0800][16.408s][info][gc,heap     ] GC(54) O:                Mark Start          Mark End        Relocate Start      Relocate End           High               Low         
[2026-01-06T22:07:08.764+0800][16.408s][info][gc,heap     ] GC(54) O:  Capacity:     3498M (85%)        3498M (85%)        3498M (85%)        3498M (85%)        3498M (85%)        3498M (85%)    
[2026-01-06T22:07:08.764+0800][16.408s][info][gc,heap     ] GC(54) O:      Free:     2682M (65%)        4072M (99%)        4068M (99%)        4068M (99%)        4086M (100%)       2678M (65%)    
[2026-01-06T22:07:08.764+0800][16.408s][info][gc,heap     ] GC(54) O:      Used:     1414M (35%)          24M (1%)           28M (1%)           28M (1%)         1418M (35%)          10M (0%)     
[2026-01-06T22:07:08.764+0800][16.408s][info][gc,heap     ] GC(54) O: Old Generation Statistics:
[2026-01-06T22:07:08.764+0800][16.408s][info][gc,heap     ] GC(54) O:                Mark Start          Mark End        Relocate Start      Relocate End    
[2026-01-06T22:07:08.764+0800][16.408s][info][gc,heap     ] GC(54) O:      Used:        2M (0%)            2M (0%)            2M (0%)            2M (0%)     
[2026-01-06T22:07:08.764+0800][16.408s][info][gc,heap     ] GC(54) O:      Live:         -                 0M (0%)            0M (0%)            0M (0%)     
[2026-01-06T22:07:08.764+0800][16.408s][info][gc,heap     ] GC(54) O:   Garbage:         -                 1M (0%)            1M (0%)            1M (0%)     
[2026-01-06T22:07:08.764+0800][16.408s][info][gc,heap     ] GC(54) O: Allocated:         -                 0M (0%)            0M (0%)            0M (0%)     
[2026-01-06T22:07:08.764+0800][16.408s][info][gc,heap     ] GC(54) O: Reclaimed:         -                  -                 0M (0%)            0M (0%)     
[2026-01-06T22:07:08.764+0800][16.408s][info][gc,heap     ] GC(54) O: Compacted:         -                  -                  -                 0M (0%)     
[2026-01-06T22:07:08.764+0800][16.408s][info][gc,phases   ] GC(54) O: Old Generation 12M(0%)->28M(1%) 0.001s
[2026-01-06T22:07:08.764+0800][16.408s][info][gc          ] GC(54) Major Collection (Proactive) 1414M(35%)->30M(1%) 0.002s
[2026-01-06T22:07:08.835+0800][16.479s][info][gc          ] GC(55) Major Collection (Proactive)
[2026-01-06T22:07:08.835+0800][16.479s][info][gc,task     ] GC(55) Using 1 Workers for Young Generation
[2026-01-06T22:07:08.835+0800][16.479s][info][gc,task     ] GC(55) Using 1 Workers for Old Generation
[2026-01-06T22:07:08.835+0800][16.479s][info][gc,phases   ] GC(55) Y: Young Generation
[2026-01-06T22:07:08.835+0800][16.479s][info][gc,phases   ] GC(55) Y: Pause Mark Start (Major) 0.004ms
[2026-01-06T22:07:08.835+0800][16.479s][info][gc,phases   ] GC(55) Y: Concurrent Mark 0.163ms
[2026-01-06T22:07:08.835+0800][16.479s][info][gc,phases   ] GC(55) Y: Pause Mark End 0.004ms
[2026-01-06T22:07:08.835+0800][16.479s][info][gc,phases   ] GC(55) Y: Concurrent Mark Free 0.000ms
[2026-01-06T22:07:08.835+0800][16.479s][info][gc,phases   ] GC(55) Y: Concurrent Reset Relocation Set 0.000ms
[2026-01-06T22:07:08.835+0800][16.479s][info][gc,reloc    ] GC(55) Y: Using tenuring threshold: 1 (Computed)
[2026-01-06T22:07:08.835+0800][16.479s][info][gc,phases   ] GC(55) Y: Concurrent Select Relocation Set 0.170ms
[2026-01-06T22:07:08.835+0800][16.479s][info][gc,phases   ] GC(55) Y: Pause Relocate Start 0.010ms
[2026-01-06T22:07:08.835+0800][16.479s][info][gc,phases   ] GC(55) Y: Concurrent Relocate 0.013ms
[2026-01-06T22:07:08.835+0800][16.479s][info][gc,alloc    ] GC(55) Y:                         Mark Start        Mark End      Relocate Start    Relocate End   
[2026-01-06T22:07:08.835+0800][16.479s][info][gc,alloc    ] GC(55) Y: Allocation Stalls:          0                0                0                0         
[2026-01-06T22:07:08.835+0800][16.479s][info][gc,load     ] GC(55) Y: Load: 1.49 (15%) / 1.70 (17%) / 1.98 (20%)
[2026-01-06T22:07:08.835+0800][16.479s][info][gc,mmu      ] GC(55) Y: MMU: 2ms/97.4%, 5ms/98.6%, 10ms/99.3%, 20ms/99.5%, 50ms/99.8%, 100ms/99.9%
[2026-01-06T22:07:08.835+0800][16.479s][info][gc,marking  ] GC(55) Y: Mark: 1 stripe(s), 2 proactive flush(es), 1 terminate flush(es), 0 completion(s), 0 continuation(s) 
[2026-01-06T22:07:08.835+0800][16.479s][info][gc,nmethod  ] GC(55) Y: NMethods: 120 registered, 37 unregistered
[2026-01-06T22:07:08.835+0800][16.479s][info][gc,metaspace] GC(55) Y: Metaspace: 0M used, 0M committed, 1088M reserved
[2026-01-06T22:07:08.835+0800][16.479s][info][gc,reloc    ] GC(55) Y:                        Candidates     Selected     In-Place         Size        Empty    Relocated 
[2026-01-06T22:07:08.835+0800][16.479s][info][gc,reloc    ] GC(55) Y: Small Pages:                  676            0            0        1352M        1350M           0M 
[2026-01-06T22:07:08.835+0800][16.479s][info][gc,reloc    ] GC(55) Y: Medium Pages:                   0            0            0           0M           0M           0M 
[2026-01-06T22:07:08.835+0800][16.479s][info][gc,reloc    ] GC(55) Y: Large Pages:                    0            0            0           0M           0M           0M 
[2026-01-06T22:07:08.835+0800][16.479s][info][gc,reloc    ] GC(55) Y: Forwarding Usage: 0M
[2026-01-06T22:07:08.835+0800][16.479s][info][gc,reloc    ] GC(55) Y: Age Table:
[2026-01-06T22:07:08.835+0800][16.479s][info][gc,reloc    ] GC(55) Y:                    Live             Garbage             Small              Medium             Large        
[2026-01-06T22:07:08.835+0800][16.479s][info][gc,reloc    ] GC(55) Y: Eden               0M (0%)         1349M (33%)        675 / 0              0 / 0              0 / 0        
[2026-01-06T22:07:08.835+0800][16.479s][info][gc,reloc    ] GC(55) Y: Survivor 1          -                 2M (0%)           1 / 0              0 / 0              0 / 0        
[2026-01-06T22:07:08.835+0800][16.479s][info][gc,heap     ] GC(55) Y: Min Capacity: 8M(0%)
[2026-01-06T22:07:08.835+0800][16.479s][info][gc,heap     ] GC(55) Y: Max Capacity: 4096M(100%)
[2026-01-06T22:07:08.835+0800][16.479s][info][gc,heap     ] GC(55) Y: Soft Max Capacity: 3686M(90%)
[2026-01-06T22:07:08.835+0800][16.479s][info][gc,heap     ] GC(55) Y: Heap Statistics:
[2026-01-06T22:07:08.835+0800][16.479s][info][gc,heap     ] GC(55) Y:                Mark Start          Mark End        Relocate Start      Relocate End           High               Low         
[2026-01-06T22:07:08.835+0800][16.479s][info][gc,heap     ] GC(55) Y:  Capacity:     3498M (85%)        3498M (85%)        3498M (85%)        3498M (85%)        3498M (85%)        3498M (85%)    
[2026-01-06T22:07:08.835+0800][16.479s][info][gc,heap     ] GC(55) Y:      Free:     2742M (67%)        2738M (67%)        4084M (100%)       4084M (100%)       4086M (100%)       2738M (67%)    
[2026-01-06T22:07:08.835+0800][16.479s][info][gc,heap     ] GC(55) Y:      Used:     1354M (33%)        1358M (33%)          12M (0%)           12M (0%)         1358M (33%)          10M (0%)     
[2026-01-06T22:07:08.835+0800][16.479s][info][gc,heap     ] GC(55) Y: Young Generation Statistics:
[2026-01-06T22:07:08.835+0800][16.479s][info][gc,heap     ] GC(55) Y:                Mark Start          Mark End        Relocate Start      Relocate End    
[2026-01-06T22:07:08.835+0800][16.479s][info][gc,heap     ] GC(55) Y:      Used:     1352M (33%)        1356M (33%)          10M (0%)           10M (0%)     
[2026-01-06T22:07:08.835+0800][16.479s][info][gc,heap     ] GC(55) Y:      Live:         -                 0M (0%)            0M (0%)            0M (0%)     
[2026-01-06T22:07:08.835+0800][16.479s][info][gc,heap     ] GC(55) Y:   Garbage:         -              1351M (33%)           1M (0%)            1M (0%)     
[2026-01-06T22:07:08.835+0800][16.479s][info][gc,heap     ] GC(55) Y: Allocated:         -                 4M (0%)            8M (0%)            8M (0%)     
[2026-01-06T22:07:08.835+0800][16.479s][info][gc,heap     ] GC(55) Y: Reclaimed:         -                  -              1350M (33%)        1350M (33%)    
[2026-01-06T22:07:08.835+0800][16.479s][info][gc,heap     ] GC(55) Y:  Promoted:         -                  -                 0M (0%)            0M (0%)     
[2026-01-06T22:07:08.835+0800][16.479s][info][gc,heap     ] GC(55) Y: Compacted:         -                  -                  -                 0M (0%)     
[2026-01-06T22:07:08.835+0800][16.479s][info][gc,phases   ] GC(55) Y: Young Generation 1354M(33%)->12M(0%) 0.001s
[2026-01-06T22:07:08.835+0800][16.479s][info][gc,phases   ] GC(55) O: Old Generation
[2026-01-06T22:07:08.836+0800][16.480s][info][gc,phases   ] GC(55) O: Concurrent Mark 0.625ms
[2026-01-06T22:07:08.836+0800][16.480s][info][gc,phases   ] GC(55) O: Pause Mark End 0.003ms
[2026-01-06T22:07:08.836+0800][16.480s][info][gc,phases   ] GC(55) O: Concurrent Mark Free 0.000ms
[2026-01-06T22:07:08.836+0800][16.480s][info][gc,phases   ] GC(55) O: Concurrent Process Non-Strong 0.115ms
[2026-01-06T22:07:08.836+0800][16.480s][info][gc,phases   ] GC(55) O: Concurrent Reset Relocation Set 0.000ms
[2026-01-06T22:07:08.836+0800][16.480s][info][gc,phases   ] GC(55) O: Concurrent Select Relocation Set 0.022ms
[2026-01-06T22:07:08.836+0800][16.480s][info][gc,task     ] GC(55) O: Using 2 Workers for Old Generation
[2026-01-06T22:07:08.836+0800][16.480s][info][gc,task     ] GC(55) O: Using 1 Workers for Old Generation
[2026-01-06T22:07:08.836+0800][16.480s][info][gc,phases   ] GC(55) O: Concurrent Remap Roots 0.065ms
[2026-01-06T22:07:08.836+0800][16.480s][info][gc,phases   ] GC(55) O: Pause Relocate Start 0.002ms
[2026-01-06T22:07:08.836+0800][16.480s][info][gc,phases   ] GC(55) O: Concurrent Relocate 0.006ms
[2026-01-06T22:07:08.836+0800][16.480s][info][gc,alloc    ] GC(55) O:                         Mark Start        Mark End      Relocate Start    Relocate End   
[2026-01-06T22:07:08.836+0800][16.480s][info][gc,alloc    ] GC(55) O: Allocation Stalls:          0                0                0                0         
[2026-01-06T22:07:08.836+0800][16.480s][info][gc,load     ] GC(55) O: Load: 1.49 (15%) / 1.70 (17%) / 1.98 (20%)
[2026-01-06T22:07:08.836+0800][16.480s][info][gc,mmu      ] GC(55) O: MMU: 2ms/97.4%, 5ms/98.6%, 10ms/99.3%, 20ms/99.5%, 50ms/99.8%, 100ms/99.9%
[2026-01-06T22:07:08.836+0800][16.480s][info][gc,marking  ] GC(55) O: Mark: 1 stripe(s), 2 proactive flush(es), 1 terminate flush(es), 0 completion(s), 0 continuation(s) 
[2026-01-06T22:07:08.836+0800][16.480s][info][gc,nmethod  ] GC(55) O: NMethods: 120 registered, 37 unregistered
[2026-01-06T22:07:08.836+0800][16.480s][info][gc,metaspace] GC(55) O: Metaspace: 0M used, 0M committed, 1088M reserved
[2026-01-06T22:07:08.836+0800][16.480s][info][gc,ref      ] GC(55) O:                       Encountered   Discovered     Enqueued 
[2026-01-06T22:07:08.836+0800][16.480s][info][gc,ref      ] GC(55) O: Soft References:                1            0            0 
[2026-01-06T22:07:08.836+0800][16.480s][info][gc,ref      ] GC(55) O: Weak References:                6            0            0 
[2026-01-06T22:07:08.836+0800][16.480s][info][gc,ref      ] GC(55) O: Final References:               0            0            0 
[2026-01-06T22:07:08.836+0800][16.480s][info][gc,ref      ] GC(55) O: Phantom References:             1            1            0 
[2026-01-06T22:07:08.836+0800][16.480s][info][gc,reloc    ] GC(55) O:                        Candidates     Selected     In-Place         Size        Empty    Relocated 
[2026-01-06T22:07:08.836+0800][16.480s][info][gc,reloc    ] GC(55) O: Small Pages:                    1            0            0           2M           0M           0M 
[2026-01-06T22:07:08.836+0800][16.480s][info][gc,reloc    ] GC(55) O: Medium Pages:                   0            0            0           0M           0M           0M 
[2026-01-06T22:07:08.836+0800][16.480s][info][gc,reloc    ] GC(55) O: Large Pages:                    0            0            0           0M           0M           0M 
[2026-01-06T22:07:08.836+0800][16.480s][info][gc,reloc    ] GC(55) O: Forwarding Usage: 0M
[2026-01-06T22:07:08.836+0800][16.480s][info][gc,heap     ] GC(55) O: Min Capacity: 8M(0%)
[2026-01-06T22:07:08.836+0800][16.480s][info][gc,heap     ] GC(55) O: Max Capacity: 4096M(100%)
[2026-01-06T22:07:08.836+0800][16.480s][info][gc,heap     ] GC(55) O: Soft Max Capacity: 3686M(90%)
[2026-01-06T22:07:08.836+0800][16.480s][info][gc,heap     ] GC(55) O: Heap Statistics:
[2026-01-06T22:07:08.836+0800][16.480s][info][gc,heap     ] GC(55) O:                Mark Start          Mark End        Relocate Start      Relocate End           High               Low         
[2026-01-06T22:07:08.836+0800][16.480s][info][gc,heap     ] GC(55) O:  Capacity:     3498M (85%)        3498M (85%)        3498M (85%)        3498M (85%)        3498M (85%)        3498M (85%)    
[2026-01-06T22:07:08.836+0800][16.480s][info][gc,heap     ] GC(55) O:      Free:     2742M (67%)        4070M (99%)        4066M (99%)        4066M (99%)        4086M (100%)       2738M (67%)    
[2026-01-06T22:07:08.836+0800][16.480s][info][gc,heap     ] GC(55) O:      Used:     1354M (33%)          26M (1%)           30M (1%)           30M (1%)         1358M (33%)          10M (0%)     
[2026-01-06T22:07:08.836+0800][16.480s][info][gc,heap     ] GC(55) O: Old Generation Statistics:
[2026-01-06T22:07:08.836+0800][16.480s][info][gc,heap     ] GC(55) O:                Mark Start          Mark End        Relocate Start      Relocate End    
[2026-01-06T22:07:08.836+0800][16.480s][info][gc,heap     ] GC(55) O:      Used:        2M (0%)            2M (0%)            2M (0%)            2M (0%)     
[2026-01-06T22:07:08.836+0800][16.480s][info][gc,heap     ] GC(55) O:      Live:         -                 0M (0%)            0M (0%)            0M (0%)     
[2026-01-06T22:07:08.836+0800][16.480s][info][gc,heap     ] GC(55) O:   Garbage:         -                 1M (0%)            1M (0%)            1M (0%)     
[2026-01-06T22:07:08.837+0800][16.480s][info][gc,heap     ] GC(55) O: Allocated:         -                 0M (0%)            0M (0%)            0M (0%)     
[2026-01-06T22:07:08.837+0800][16.480s][info][gc,heap     ] GC(55) O: Reclaimed:         -                  -                 0M (0%)            0M (0%)     
[2026-01-06T22:07:08.837+0800][16.480s][info][gc,heap     ] GC(55) O: Compacted:         -                  -                  -                 0M (0%)     
[2026-01-06T22:07:08.837+0800][16.480s][info][gc,phases   ] GC(55) O: Old Generation 14M(0%)->30M(1%) 0.001s
[2026-01-06T22:07:08.837+0800][16.480s][info][gc          ] GC(55) Major Collection (Proactive) 1354M(33%)->32M(1%) 0.002s
[2026-01-06T22:07:08.923+0800][16.566s][info][gc          ] GC(56) Major Collection (Proactive)
[2026-01-06T22:07:08.923+0800][16.566s][info][gc,task     ] GC(56) Using 1 Workers for Young Generation
[2026-01-06T22:07:08.923+0800][16.566s][info][gc,task     ] GC(56) Using 1 Workers for Old Generation
[2026-01-06T22:07:08.923+0800][16.566s][info][gc,phases   ] GC(56) Y: Young Generation
[2026-01-06T22:07:08.923+0800][16.566s][info][gc,phases   ] GC(56) Y: Pause Mark Start (Major) 0.005ms
[2026-01-06T22:07:08.923+0800][16.567s][info][gc,phases   ] GC(56) Y: Concurrent Mark 0.168ms
[2026-01-06T22:07:08.923+0800][16.567s][info][gc,phases   ] GC(56) Y: Pause Mark End 0.006ms
[2026-01-06T22:07:08.923+0800][16.567s][info][gc,phases   ] GC(56) Y: Concurrent Mark Free 0.000ms
[2026-01-06T22:07:08.923+0800][16.567s][info][gc,phases   ] GC(56) Y: Concurrent Reset Relocation Set 0.000ms
[2026-01-06T22:07:08.923+0800][16.567s][info][gc,reloc    ] GC(56) Y: Using tenuring threshold: 1 (Computed)
[2026-01-06T22:07:08.923+0800][16.567s][info][gc,phases   ] GC(56) Y: Concurrent Select Relocation Set 0.178ms
[2026-01-06T22:07:08.923+0800][16.567s][info][gc,phases   ] GC(56) Y: Pause Relocate Start 0.001ms
[2026-01-06T22:07:08.923+0800][16.567s][info][gc,phases   ] GC(56) Y: Concurrent Relocate 0.010ms
[2026-01-06T22:07:08.923+0800][16.567s][info][gc,alloc    ] GC(56) Y:                         Mark Start        Mark End      Relocate Start    Relocate End   
[2026-01-06T22:07:08.923+0800][16.567s][info][gc,alloc    ] GC(56) Y: Allocation Stalls:          0                0                0                0         
[2026-01-06T22:07:08.923+0800][16.567s][info][gc,load     ] GC(56) Y: Load: 1.49 (15%) / 1.70 (17%) / 1.98 (20%)
[2026-01-06T22:07:08.923+0800][16.567s][info][gc,mmu      ] GC(56) Y: MMU: 2ms/97.4%, 5ms/98.6%, 10ms/99.3%, 20ms/99.5%, 50ms/99.8%, 100ms/99.9%
[2026-01-06T22:07:08.923+0800][16.567s][info][gc,marking  ] GC(56) Y: Mark: 1 stripe(s), 2 proactive flush(es), 1 terminate flush(es), 0 completion(s), 0 continuation(s) 
[2026-01-06T22:07:08.923+0800][16.567s][info][gc,nmethod  ] GC(56) Y: NMethods: 120 registered, 37 unregistered
[2026-01-06T22:07:08.923+0800][16.567s][info][gc,metaspace] GC(56) Y: Metaspace: 0M used, 0M committed, 1088M reserved
[2026-01-06T22:07:08.923+0800][16.567s][info][gc,reloc    ] GC(56) Y:                        Candidates     Selected     In-Place         Size        Empty    Relocated 
[2026-01-06T22:07:08.923+0800][16.567s][info][gc,reloc    ] GC(56) Y: Small Pages:                  826            0            0        1652M        1650M           0M 
[2026-01-06T22:07:08.923+0800][16.567s][info][gc,reloc    ] GC(56) Y: Medium Pages:                   0            0            0           0M           0M           0M 
[2026-01-06T22:07:08.923+0800][16.567s][info][gc,reloc    ] GC(56) Y: Large Pages:                    0            0            0           0M           0M           0M 
[2026-01-06T22:07:08.923+0800][16.567s][info][gc,reloc    ] GC(56) Y: Forwarding Usage: 0M
[2026-01-06T22:07:08.923+0800][16.567s][info][gc,reloc    ] GC(56) Y: Age Table:
[2026-01-06T22:07:08.923+0800][16.567s][info][gc,reloc    ] GC(56) Y:                    Live             Garbage             Small              Medium             Large        
[2026-01-06T22:07:08.923+0800][16.567s][info][gc,reloc    ] GC(56) Y: Eden               0M (0%)         1649M (40%)        825 / 0              0 / 0              0 / 0        
[2026-01-06T22:07:08.923+0800][16.567s][info][gc,reloc    ] GC(56) Y: Survivor 1          -                 2M (0%)           1 / 0              0 / 0              0 / 0        
[2026-01-06T22:07:08.923+0800][16.567s][info][gc,heap     ] GC(56) Y: Min Capacity: 8M(0%)
[2026-01-06T22:07:08.923+0800][16.567s][info][gc,heap     ] GC(56) Y: Max Capacity: 4096M(100%)
[2026-01-06T22:07:08.923+0800][16.567s][info][gc,heap     ] GC(56) Y: Soft Max Capacity: 3686M(90%)
[2026-01-06T22:07:08.923+0800][16.567s][info][gc,heap     ] GC(56) Y: Heap Statistics:
[2026-01-06T22:07:08.923+0800][16.567s][info][gc,heap     ] GC(56) Y:                Mark Start          Mark End        Relocate Start      Relocate End           High               Low         
[2026-01-06T22:07:08.923+0800][16.567s][info][gc,heap     ] GC(56) Y:  Capacity:     3498M (85%)        3498M (85%)        3498M (85%)        3498M (85%)        3498M (85%)        3498M (85%)    
[2026-01-06T22:07:08.923+0800][16.567s][info][gc,heap     ] GC(56) Y:      Free:     2442M (60%)        2438M (60%)        4084M (100%)       4084M (100%)       4084M (100%)       2438M (60%)    
[2026-01-06T22:07:08.923+0800][16.567s][info][gc,heap     ] GC(56) Y:      Used:     1654M (40%)        1658M (40%)          12M (0%)           12M (0%)         1658M (40%)          12M (0%)     
[2026-01-06T22:07:08.923+0800][16.567s][info][gc,heap     ] GC(56) Y: Young Generation Statistics:
[2026-01-06T22:07:08.923+0800][16.567s][info][gc,heap     ] GC(56) Y:                Mark Start          Mark End        Relocate Start      Relocate End    
[2026-01-06T22:07:08.923+0800][16.567s][info][gc,heap     ] GC(56) Y:      Used:     1652M (40%)        1656M (40%)          10M (0%)           10M (0%)     
[2026-01-06T22:07:08.923+0800][16.567s][info][gc,heap     ] GC(56) Y:      Live:         -                 0M (0%)            0M (0%)            0M (0%)     
[2026-01-06T22:07:08.923+0800][16.567s][info][gc,heap     ] GC(56) Y:   Garbage:         -              1651M (40%)           1M (0%)            1M (0%)     
[2026-01-06T22:07:08.923+0800][16.567s][info][gc,heap     ] GC(56) Y: Allocated:         -                 4M (0%)            8M (0%)            8M (0%)     
[2026-01-06T22:07:08.923+0800][16.567s][info][gc,heap     ] GC(56) Y: Reclaimed:         -                  -              1650M (40%)        1650M (40%)    
[2026-01-06T22:07:08.923+0800][16.567s][info][gc,heap     ] GC(56) Y:  Promoted:         -                  -                 0M (0%)            0M (0%)     
[2026-01-06T22:07:08.923+0800][16.567s][info][gc,heap     ] GC(56) Y: Compacted:         -                  -                  -                 0M (0%)     
[2026-01-06T22:07:08.923+0800][16.567s][info][gc,phases   ] GC(56) Y: Young Generation 1654M(40%)->12M(0%) 0.001s
[2026-01-06T22:07:08.923+0800][16.567s][info][gc,phases   ] GC(56) O: Old Generation
[2026-01-06T22:07:08.924+0800][16.568s][info][gc,phases   ] GC(56) O: Concurrent Mark 0.594ms
[2026-01-06T22:07:08.924+0800][16.568s][info][gc,phases   ] GC(56) O: Pause Mark End 0.003ms
[2026-01-06T22:07:08.924+0800][16.568s][info][gc,phases   ] GC(56) O: Concurrent Mark Free 0.000ms
[2026-01-06T22:07:08.924+0800][16.568s][info][gc,phases   ] GC(56) O: Concurrent Process Non-Strong 0.124ms
[2026-01-06T22:07:08.924+0800][16.568s][info][gc,phases   ] GC(56) O: Concurrent Reset Relocation Set 0.000ms
[2026-01-06T22:07:08.924+0800][16.568s][info][gc,phases   ] GC(56) O: Concurrent Select Relocation Set 0.016ms
[2026-01-06T22:07:08.924+0800][16.568s][info][gc,task     ] GC(56) O: Using 2 Workers for Old Generation
[2026-01-06T22:07:08.924+0800][16.568s][info][gc,task     ] GC(56) O: Using 1 Workers for Old Generation
[2026-01-06T22:07:08.924+0800][16.568s][info][gc,phases   ] GC(56) O: Concurrent Remap Roots 0.055ms
[2026-01-06T22:07:08.924+0800][16.568s][info][gc,phases   ] GC(56) O: Pause Relocate Start 0.001ms
[2026-01-06T22:07:08.924+0800][16.568s][info][gc,phases   ] GC(56) O: Concurrent Relocate 0.006ms
[2026-01-06T22:07:08.924+0800][16.568s][info][gc,alloc    ] GC(56) O:                         Mark Start        Mark End      Relocate Start    Relocate End   
[2026-01-06T22:07:08.924+0800][16.568s][info][gc,alloc    ] GC(56) O: Allocation Stalls:          0                0                0                0         
[2026-01-06T22:07:08.924+0800][16.568s][info][gc,load     ] GC(56) O: Load: 1.49 (15%) / 1.70 (17%) / 1.98 (20%)
[2026-01-06T22:07:08.924+0800][16.568s][info][gc,mmu      ] GC(56) O: MMU: 2ms/97.4%, 5ms/98.6%, 10ms/99.3%, 20ms/99.5%, 50ms/99.8%, 100ms/99.9%
[2026-01-06T22:07:08.924+0800][16.568s][info][gc,marking  ] GC(56) O: Mark: 1 stripe(s), 2 proactive flush(es), 1 terminate flush(es), 0 completion(s), 0 continuation(s) 
[2026-01-06T22:07:08.924+0800][16.568s][info][gc,nmethod  ] GC(56) O: NMethods: 120 registered, 37 unregistered
[2026-01-06T22:07:08.924+0800][16.568s][info][gc,metaspace] GC(56) O: Metaspace: 0M used, 0M committed, 1088M reserved
[2026-01-06T22:07:08.924+0800][16.568s][info][gc,ref      ] GC(56) O:                       Encountered   Discovered     Enqueued 
[2026-01-06T22:07:08.924+0800][16.568s][info][gc,ref      ] GC(56) O: Soft References:                1            0            0 
[2026-01-06T22:07:08.924+0800][16.568s][info][gc,ref      ] GC(56) O: Weak References:                6            0            0 
[2026-01-06T22:07:08.924+0800][16.568s][info][gc,ref      ] GC(56) O: Final References:               0            0            0 
[2026-01-06T22:07:08.924+0800][16.568s][info][gc,ref      ] GC(56) O: Phantom References:             1            1            0 
[2026-01-06T22:07:08.924+0800][16.568s][info][gc,reloc    ] GC(56) O:                        Candidates     Selected     In-Place         Size        Empty    Relocated 
[2026-01-06T22:07:08.924+0800][16.568s][info][gc,reloc    ] GC(56) O: Small Pages:                    1            0            0           2M           0M           0M 
[2026-01-06T22:07:08.924+0800][16.568s][info][gc,reloc    ] GC(56) O: Medium Pages:                   0            0            0           0M           0M           0M 
[2026-01-06T22:07:08.924+0800][16.568s][info][gc,reloc    ] GC(56) O: Large Pages:                    0            0            0           0M           0M           0M 
[2026-01-06T22:07:08.924+0800][16.568s][info][gc,reloc    ] GC(56) O: Forwarding Usage: 0M
[2026-01-06T22:07:08.924+0800][16.568s][info][gc,heap     ] GC(56) O: Min Capacity: 8M(0%)
[2026-01-06T22:07:08.924+0800][16.568s][info][gc,heap     ] GC(56) O: Max Capacity: 4096M(100%)
[2026-01-06T22:07:08.924+0800][16.568s][info][gc,heap     ] GC(56) O: Soft Max Capacity: 3686M(90%)
[2026-01-06T22:07:08.924+0800][16.568s][info][gc,heap     ] GC(56) O: Heap Statistics:
[2026-01-06T22:07:08.924+0800][16.568s][info][gc,heap     ] GC(56) O:                Mark Start          Mark End        Relocate Start      Relocate End           High               Low         
[2026-01-06T22:07:08.924+0800][16.568s][info][gc,heap     ] GC(56) O:  Capacity:     3498M (85%)        3498M (85%)        3498M (85%)        3498M (85%)        3498M (85%)        3498M (85%)    
[2026-01-06T22:07:08.924+0800][16.568s][info][gc,heap     ] GC(56) O:      Free:     2442M (60%)        4070M (99%)        4066M (99%)        4066M (99%)        4084M (100%)       2438M (60%)    
[2026-01-06T22:07:08.924+0800][16.568s][info][gc,heap     ] GC(56) O:      Used:     1654M (40%)          26M (1%)           30M (1%)           30M (1%)         1658M (40%)          12M (0%)     
[2026-01-06T22:07:08.924+0800][16.568s][info][gc,heap     ] GC(56) O: Old Generation Statistics:
[2026-01-06T22:07:08.924+0800][16.568s][info][gc,heap     ] GC(56) O:                Mark Start          Mark End        Relocate Start      Relocate End    
[2026-01-06T22:07:08.924+0800][16.568s][info][gc,heap     ] GC(56) O:      Used:        2M (0%)            2M (0%)            2M (0%)            2M (0%)     
[2026-01-06T22:07:08.924+0800][16.568s][info][gc,heap     ] GC(56) O:      Live:         -                 0M (0%)            0M (0%)            0M (0%)     
[2026-01-06T22:07:08.924+0800][16.568s][info][gc,heap     ] GC(56) O:   Garbage:         -                 1M (0%)            1M (0%)            1M (0%)     
[2026-01-06T22:07:08.924+0800][16.568s][info][gc,heap     ] GC(56) O: Allocated:         -                 0M (0%)            0M (0%)            0M (0%)     
[2026-01-06T22:07:08.924+0800][16.568s][info][gc,heap     ] GC(56) O: Reclaimed:         -                  -                 0M (0%)            0M (0%)     
[2026-01-06T22:07:08.924+0800][16.568s][info][gc,heap     ] GC(56) O: Compacted:         -                  -                  -                 0M (0%)     
[2026-01-06T22:07:08.924+0800][16.568s][info][gc,phases   ] GC(56) O: Old Generation 14M(0%)->30M(1%) 0.001s
[2026-01-06T22:07:08.924+0800][16.568s][info][gc          ] GC(56) Major Collection (Proactive) 1654M(40%)->32M(1%) 0.002s
[2026-01-06T22:07:09.005+0800][16.649s][info][gc          ] GC(57) Major Collection (Proactive)
[2026-01-06T22:07:09.005+0800][16.649s][info][gc,task     ] GC(57) Using 1 Workers for Young Generation
[2026-01-06T22:07:09.005+0800][16.649s][info][gc,task     ] GC(57) Using 1 Workers for Old Generation
[2026-01-06T22:07:09.005+0800][16.649s][info][gc,phases   ] GC(57) Y: Young Generation
[2026-01-06T22:07:09.005+0800][16.649s][info][gc,phases   ] GC(57) Y: Pause Mark Start (Major) 0.005ms
[2026-01-06T22:07:09.005+0800][16.649s][info][gc,phases   ] GC(57) Y: Concurrent Mark 0.199ms
[2026-01-06T22:07:09.005+0800][16.649s][info][gc,phases   ] GC(57) Y: Pause Mark End 0.003ms
[2026-01-06T22:07:09.005+0800][16.649s][info][gc,phases   ] GC(57) Y: Concurrent Mark Free 0.001ms
[2026-01-06T22:07:09.005+0800][16.649s][info][gc,phases   ] GC(57) Y: Concurrent Reset Relocation Set 0.000ms
[2026-01-06T22:07:09.006+0800][16.649s][info][gc,reloc    ] GC(57) Y: Using tenuring threshold: 1 (Computed)
[2026-01-06T22:07:09.006+0800][16.649s][info][gc,phases   ] GC(57) Y: Concurrent Select Relocation Set 0.174ms
[2026-01-06T22:07:09.006+0800][16.650s][info][gc,phases   ] GC(57) Y: Pause Relocate Start 0.001ms
[2026-01-06T22:07:09.006+0800][16.650s][info][gc,phases   ] GC(57) Y: Concurrent Relocate 0.011ms
[2026-01-06T22:07:09.006+0800][16.650s][info][gc,alloc    ] GC(57) Y:                         Mark Start        Mark End      Relocate Start    Relocate End   
[2026-01-06T22:07:09.006+0800][16.650s][info][gc,alloc    ] GC(57) Y: Allocation Stalls:          0                0                0                0         
[2026-01-06T22:07:09.006+0800][16.650s][info][gc,load     ] GC(57) Y: Load: 1.49 (15%) / 1.70 (17%) / 1.98 (20%)
[2026-01-06T22:07:09.006+0800][16.650s][info][gc,mmu      ] GC(57) Y: MMU: 2ms/97.4%, 5ms/98.6%, 10ms/99.3%, 20ms/99.5%, 50ms/99.8%, 100ms/99.9%
[2026-01-06T22:07:09.006+0800][16.650s][info][gc,marking  ] GC(57) Y: Mark: 1 stripe(s), 2 proactive flush(es), 1 terminate flush(es), 0 completion(s), 0 continuation(s) 
[2026-01-06T22:07:09.006+0800][16.650s][info][gc,nmethod  ] GC(57) Y: NMethods: 120 registered, 37 unregistered
[2026-01-06T22:07:09.006+0800][16.650s][info][gc,metaspace] GC(57) Y: Metaspace: 0M used, 0M committed, 1088M reserved
[2026-01-06T22:07:09.006+0800][16.650s][info][gc,reloc    ] GC(57) Y:                        Candidates     Selected     In-Place         Size        Empty    Relocated 
[2026-01-06T22:07:09.006+0800][16.650s][info][gc,reloc    ] GC(57) Y: Small Pages:                  796            0            0        1592M        1590M           0M 
[2026-01-06T22:07:09.006+0800][16.650s][info][gc,reloc    ] GC(57) Y: Medium Pages:                   0            0            0           0M           0M           0M 
[2026-01-06T22:07:09.006+0800][16.650s][info][gc,reloc    ] GC(57) Y: Large Pages:                    0            0            0           0M           0M           0M 
[2026-01-06T22:07:09.006+0800][16.650s][info][gc,reloc    ] GC(57) Y: Forwarding Usage: 0M
[2026-01-06T22:07:09.006+0800][16.650s][info][gc,reloc    ] GC(57) Y: Age Table:
[2026-01-06T22:07:09.006+0800][16.650s][info][gc,reloc    ] GC(57) Y:                    Live             Garbage             Small              Medium             Large        
[2026-01-06T22:07:09.006+0800][16.650s][info][gc,reloc    ] GC(57) Y: Eden               0M (0%)         1589M (39%)        795 / 0              0 / 0              0 / 0        
[2026-01-06T22:07:09.006+0800][16.650s][info][gc,reloc    ] GC(57) Y: Survivor 1          -                 2M (0%)           1 / 0              0 / 0              0 / 0        
[2026-01-06T22:07:09.006+0800][16.650s][info][gc,heap     ] GC(57) Y: Min Capacity: 8M(0%)
[2026-01-06T22:07:09.006+0800][16.650s][info][gc,heap     ] GC(57) Y: Max Capacity: 4096M(100%)
[2026-01-06T22:07:09.006+0800][16.650s][info][gc,heap     ] GC(57) Y: Soft Max Capacity: 3686M(90%)
[2026-01-06T22:07:09.006+0800][16.650s][info][gc,heap     ] GC(57) Y: Heap Statistics:
[2026-01-06T22:07:09.006+0800][16.650s][info][gc,heap     ] GC(57) Y:                Mark Start          Mark End        Relocate Start      Relocate End           High               Low         
[2026-01-06T22:07:09.006+0800][16.650s][info][gc,heap     ] GC(57) Y:  Capacity:     3498M (85%)        3498M (85%)        3498M (85%)        3498M (85%)        3498M (85%)        3498M (85%)    
[2026-01-06T22:07:09.006+0800][16.650s][info][gc,heap     ] GC(57) Y:      Free:     2502M (61%)        2498M (61%)        4086M (100%)       4086M (100%)       4086M (100%)       2498M (61%)    
[2026-01-06T22:07:09.006+0800][16.650s][info][gc,heap     ] GC(57) Y:      Used:     1594M (39%)        1598M (39%)          10M (0%)           10M (0%)         1598M (39%)          10M (0%)     
[2026-01-06T22:07:09.006+0800][16.650s][info][gc,heap     ] GC(57) Y: Young Generation Statistics:
[2026-01-06T22:07:09.006+0800][16.650s][info][gc,heap     ] GC(57) Y:                Mark Start          Mark End        Relocate Start      Relocate End    
[2026-01-06T22:07:09.006+0800][16.650s][info][gc,heap     ] GC(57) Y:      Used:     1592M (39%)        1596M (39%)           8M (0%)            8M (0%)     
[2026-01-06T22:07:09.006+0800][16.650s][info][gc,heap     ] GC(57) Y:      Live:         -                 0M (0%)            0M (0%)            0M (0%)     
[2026-01-06T22:07:09.006+0800][16.650s][info][gc,heap     ] GC(57) Y:   Garbage:         -              1591M (39%)           1M (0%)            1M (0%)     
[2026-01-06T22:07:09.006+0800][16.650s][info][gc,heap     ] GC(57) Y: Allocated:         -                 4M (0%)            6M (0%)            6M (0%)     
[2026-01-06T22:07:09.006+0800][16.650s][info][gc,heap     ] GC(57) Y: Reclaimed:         -                  -              1590M (39%)        1590M (39%)    
[2026-01-06T22:07:09.006+0800][16.650s][info][gc,heap     ] GC(57) Y:  Promoted:         -                  -                 0M (0%)            0M (0%)     
[2026-01-06T22:07:09.006+0800][16.650s][info][gc,heap     ] GC(57) Y: Compacted:         -                  -                  -                 0M (0%)     
[2026-01-06T22:07:09.006+0800][16.650s][info][gc,phases   ] GC(57) Y: Young Generation 1594M(39%)->10M(0%) 0.001s
[2026-01-06T22:07:09.006+0800][16.650s][info][gc,phases   ] GC(57) O: Old Generation
[2026-01-06T22:07:09.006+0800][16.650s][info][gc,phases   ] GC(57) O: Concurrent Mark 0.596ms
[2026-01-06T22:07:09.006+0800][16.650s][info][gc,phases   ] GC(57) O: Pause Mark End 0.003ms
[2026-01-06T22:07:09.006+0800][16.650s][info][gc,phases   ] GC(57) O: Concurrent Mark Free 0.000ms
[2026-01-06T22:07:09.007+0800][16.650s][info][gc,phases   ] GC(57) O: Concurrent Process Non-Strong 0.118ms
[2026-01-06T22:07:09.007+0800][16.650s][info][gc,phases   ] GC(57) O: Concurrent Reset Relocation Set 0.000ms
[2026-01-06T22:07:09.007+0800][16.650s][info][gc,phases   ] GC(57) O: Concurrent Select Relocation Set 0.018ms
[2026-01-06T22:07:09.007+0800][16.650s][info][gc,task     ] GC(57) O: Using 2 Workers for Old Generation
[2026-01-06T22:07:09.007+0800][16.651s][info][gc,task     ] GC(57) O: Using 1 Workers for Old Generation
[2026-01-06T22:07:09.007+0800][16.651s][info][gc,phases   ] GC(57) O: Concurrent Remap Roots 0.052ms
[2026-01-06T22:07:09.007+0800][16.651s][info][gc,phases   ] GC(57) O: Pause Relocate Start 0.001ms
[2026-01-06T22:07:09.007+0800][16.651s][info][gc,phases   ] GC(57) O: Concurrent Relocate 0.006ms
[2026-01-06T22:07:09.007+0800][16.651s][info][gc,alloc    ] GC(57) O:                         Mark Start        Mark End      Relocate Start    Relocate End   
[2026-01-06T22:07:09.007+0800][16.651s][info][gc,alloc    ] GC(57) O: Allocation Stalls:          0                0                0                0         
[2026-01-06T22:07:09.007+0800][16.651s][info][gc,load     ] GC(57) O: Load: 1.49 (15%) / 1.70 (17%) / 1.98 (20%)
[2026-01-06T22:07:09.007+0800][16.651s][info][gc,mmu      ] GC(57) O: MMU: 2ms/97.4%, 5ms/98.6%, 10ms/99.3%, 20ms/99.5%, 50ms/99.8%, 100ms/99.9%
[2026-01-06T22:07:09.007+0800][16.651s][info][gc,marking  ] GC(57) O: Mark: 1 stripe(s), 2 proactive flush(es), 1 terminate flush(es), 0 completion(s), 0 continuation(s) 
[2026-01-06T22:07:09.007+0800][16.651s][info][gc,nmethod  ] GC(57) O: NMethods: 120 registered, 37 unregistered
[2026-01-06T22:07:09.007+0800][16.651s][info][gc,metaspace] GC(57) O: Metaspace: 0M used, 0M committed, 1088M reserved
[2026-01-06T22:07:09.007+0800][16.651s][info][gc,ref      ] GC(57) O:                       Encountered   Discovered     Enqueued 
[2026-01-06T22:07:09.007+0800][16.651s][info][gc,ref      ] GC(57) O: Soft References:                1            0            0 
[2026-01-06T22:07:09.007+0800][16.651s][info][gc,ref      ] GC(57) O: Weak References:                6            0            0 
[2026-01-06T22:07:09.007+0800][16.651s][info][gc,ref      ] GC(57) O: Final References:               0            0            0 
[2026-01-06T22:07:09.007+0800][16.651s][info][gc,ref      ] GC(57) O: Phantom References:             1            1            0 
[2026-01-06T22:07:09.007+0800][16.651s][info][gc,reloc    ] GC(57) O:                        Candidates     Selected     In-Place         Size        Empty    Relocated 
[2026-01-06T22:07:09.007+0800][16.651s][info][gc,reloc    ] GC(57) O: Small Pages:                    1            0            0           2M           0M           0M 
[2026-01-06T22:07:09.007+0800][16.651s][info][gc,reloc    ] GC(57) O: Medium Pages:                   0            0            0           0M           0M           0M 
[2026-01-06T22:07:09.007+0800][16.651s][info][gc,reloc    ] GC(57) O: Large Pages:                    0            0            0           0M           0M           0M 
[2026-01-06T22:07:09.007+0800][16.651s][info][gc,reloc    ] GC(57) O: Forwarding Usage: 0M
[2026-01-06T22:07:09.007+0800][16.651s][info][gc,heap     ] GC(57) O: Min Capacity: 8M(0%)
[2026-01-06T22:07:09.007+0800][16.651s][info][gc,heap     ] GC(57) O: Max Capacity: 4096M(100%)
[2026-01-06T22:07:09.007+0800][16.651s][info][gc,heap     ] GC(57) O: Soft Max Capacity: 3686M(90%)
[2026-01-06T22:07:09.007+0800][16.651s][info][gc,heap     ] GC(57) O: Heap Statistics:
[2026-01-06T22:07:09.007+0800][16.651s][info][gc,heap     ] GC(57) O:                Mark Start          Mark End        Relocate Start      Relocate End           High               Low         
[2026-01-06T22:07:09.007+0800][16.651s][info][gc,heap     ] GC(57) O:  Capacity:     3498M (85%)        3498M (85%)        3498M (85%)        3498M (85%)        3498M (85%)        3498M (85%)    
[2026-01-06T22:07:09.007+0800][16.651s][info][gc,heap     ] GC(57) O:      Free:     2502M (61%)        4072M (99%)        4068M (99%)        4068M (99%)        4086M (100%)       2498M (61%)    
[2026-01-06T22:07:09.007+0800][16.651s][info][gc,heap     ] GC(57) O:      Used:     1594M (39%)          24M (1%)           28M (1%)           28M (1%)         1598M (39%)          10M (0%)     
[2026-01-06T22:07:09.007+0800][16.651s][info][gc,heap     ] GC(57) O: Old Generation Statistics:
[2026-01-06T22:07:09.007+0800][16.651s][info][gc,heap     ] GC(57) O:                Mark Start          Mark End        Relocate Start      Relocate End    
[2026-01-06T22:07:09.007+0800][16.651s][info][gc,heap     ] GC(57) O:      Used:        2M (0%)            2M (0%)            2M (0%)            2M (0%)     
[2026-01-06T22:07:09.007+0800][16.651s][info][gc,heap     ] GC(57) O:      Live:         -                 0M (0%)            0M (0%)            0M (0%)     
[2026-01-06T22:07:09.007+0800][16.651s][info][gc,heap     ] GC(57) O:   Garbage:         -                 1M (0%)            1M (0%)            1M (0%)     
[2026-01-06T22:07:09.007+0800][16.651s][info][gc,heap     ] GC(57) O: Allocated:         -                 0M (0%)            0M (0%)            0M (0%)     
[2026-01-06T22:07:09.007+0800][16.651s][info][gc,heap     ] GC(57) O: Reclaimed:         -                  -                 0M (0%)            0M (0%)     
[2026-01-06T22:07:09.007+0800][16.651s][info][gc,heap     ] GC(57) O: Compacted:         -                  -                  -                 0M (0%)     
[2026-01-06T22:07:09.007+0800][16.651s][info][gc,phases   ] GC(57) O: Old Generation 12M(0%)->28M(1%) 0.001s
[2026-01-06T22:07:09.007+0800][16.651s][info][gc          ] GC(57) Major Collection (Proactive) 1594M(39%)->30M(1%) 0.002s
[2026-01-06T22:07:09.087+0800][16.731s][info][gc          ] GC(58) Major Collection (Proactive)
[2026-01-06T22:07:09.087+0800][16.731s][info][gc,task     ] GC(58) Using 1 Workers for Young Generation
[2026-01-06T22:07:09.087+0800][16.731s][info][gc,task     ] GC(58) Using 1 Workers for Old Generation
[2026-01-06T22:07:09.087+0800][16.731s][info][gc,phases   ] GC(58) Y: Young Generation
[2026-01-06T22:07:09.087+0800][16.731s][info][gc,phases   ] GC(58) Y: Pause Mark Start (Major) 0.005ms
[2026-01-06T22:07:09.087+0800][16.731s][info][gc,phases   ] GC(58) Y: Concurrent Mark 0.156ms
[2026-01-06T22:07:09.087+0800][16.731s][info][gc,phases   ] GC(58) Y: Pause Mark End 0.003ms
[2026-01-06T22:07:09.087+0800][16.731s][info][gc,phases   ] GC(58) Y: Concurrent Mark Free 0.000ms
[2026-01-06T22:07:09.087+0800][16.731s][info][gc,phases   ] GC(58) Y: Concurrent Reset Relocation Set 0.000ms
[2026-01-06T22:07:09.087+0800][16.731s][info][gc,reloc    ] GC(58) Y: Using tenuring threshold: 1 (Computed)
[2026-01-06T22:07:09.087+0800][16.731s][info][gc,phases   ] GC(58) Y: Concurrent Select Relocation Set 0.152ms
[2026-01-06T22:07:09.087+0800][16.731s][info][gc,phases   ] GC(58) Y: Pause Relocate Start 0.001ms
[2026-01-06T22:07:09.087+0800][16.731s][info][gc,phases   ] GC(58) Y: Concurrent Relocate 0.012ms
[2026-01-06T22:07:09.087+0800][16.731s][info][gc,alloc    ] GC(58) Y:                         Mark Start        Mark End      Relocate Start    Relocate End   
[2026-01-06T22:07:09.087+0800][16.731s][info][gc,alloc    ] GC(58) Y: Allocation Stalls:          0                0                0                0         
[2026-01-06T22:07:09.087+0800][16.731s][info][gc,load     ] GC(58) Y: Load: 1.49 (15%) / 1.70 (17%) / 1.98 (20%)
[2026-01-06T22:07:09.087+0800][16.731s][info][gc,mmu      ] GC(58) Y: MMU: 2ms/97.4%, 5ms/98.6%, 10ms/99.3%, 20ms/99.5%, 50ms/99.8%, 100ms/99.9%
[2026-01-06T22:07:09.087+0800][16.731s][info][gc,marking  ] GC(58) Y: Mark: 1 stripe(s), 2 proactive flush(es), 1 terminate flush(es), 0 completion(s), 0 continuation(s) 
[2026-01-06T22:07:09.087+0800][16.731s][info][gc,nmethod  ] GC(58) Y: NMethods: 120 registered, 37 unregistered
[2026-01-06T22:07:09.087+0800][16.731s][info][gc,metaspace] GC(58) Y: Metaspace: 0M used, 0M committed, 1088M reserved
[2026-01-06T22:07:09.087+0800][16.731s][info][gc,reloc    ] GC(58) Y:                        Candidates     Selected     In-Place         Size        Empty    Relocated 
[2026-01-06T22:07:09.087+0800][16.731s][info][gc,reloc    ] GC(58) Y: Small Pages:                  781            0            0        1562M        1560M           0M 
[2026-01-06T22:07:09.087+0800][16.731s][info][gc,reloc    ] GC(58) Y: Medium Pages:                   0            0            0           0M           0M           0M 
[2026-01-06T22:07:09.087+0800][16.731s][info][gc,reloc    ] GC(58) Y: Large Pages:                    0            0            0           0M           0M           0M 
[2026-01-06T22:07:09.087+0800][16.731s][info][gc,reloc    ] GC(58) Y: Forwarding Usage: 0M
[2026-01-06T22:07:09.087+0800][16.731s][info][gc,reloc    ] GC(58) Y: Age Table:
[2026-01-06T22:07:09.087+0800][16.731s][info][gc,reloc    ] GC(58) Y:                    Live             Garbage             Small              Medium             Large        
[2026-01-06T22:07:09.087+0800][16.731s][info][gc,reloc    ] GC(58) Y: Eden               0M (0%)         1559M (38%)        780 / 0              0 / 0              0 / 0        
[2026-01-06T22:07:09.087+0800][16.731s][info][gc,reloc    ] GC(58) Y: Survivor 1          -                 2M (0%)           1 / 0              0 / 0              0 / 0        
[2026-01-06T22:07:09.087+0800][16.731s][info][gc,heap     ] GC(58) Y: Min Capacity: 8M(0%)
[2026-01-06T22:07:09.087+0800][16.731s][info][gc,heap     ] GC(58) Y: Max Capacity: 4096M(100%)
[2026-01-06T22:07:09.087+0800][16.731s][info][gc,heap     ] GC(58) Y: Soft Max Capacity: 3686M(90%)
[2026-01-06T22:07:09.087+0800][16.731s][info][gc,heap     ] GC(58) Y: Heap Statistics:
[2026-01-06T22:07:09.087+0800][16.731s][info][gc,heap     ] GC(58) Y:                Mark Start          Mark End        Relocate Start      Relocate End           High               Low         
[2026-01-06T22:07:09.087+0800][16.731s][info][gc,heap     ] GC(58) Y:  Capacity:     3498M (85%)        3498M (85%)        3498M (85%)        3498M (85%)        3498M (85%)        3498M (85%)    
[2026-01-06T22:07:09.087+0800][16.731s][info][gc,heap     ] GC(58) Y:      Free:     2532M (62%)        2528M (62%)        4086M (100%)       4084M (100%)       4086M (100%)       2528M (62%)    
[2026-01-06T22:07:09.087+0800][16.731s][info][gc,heap     ] GC(58) Y:      Used:     1564M (38%)        1568M (38%)          10M (0%)           12M (0%)         1568M (38%)          10M (0%)     
[2026-01-06T22:07:09.087+0800][16.731s][info][gc,heap     ] GC(58) Y: Young Generation Statistics:
[2026-01-06T22:07:09.087+0800][16.731s][info][gc,heap     ] GC(58) Y:                Mark Start          Mark End        Relocate Start      Relocate End    
[2026-01-06T22:07:09.087+0800][16.731s][info][gc,heap     ] GC(58) Y:      Used:     1562M (38%)        1566M (38%)           8M (0%)           10M (0%)     
[2026-01-06T22:07:09.087+0800][16.731s][info][gc,heap     ] GC(58) Y:      Live:         -                 0M (0%)            0M (0%)            0M (0%)     
[2026-01-06T22:07:09.087+0800][16.731s][info][gc,heap     ] GC(58) Y:   Garbage:         -              1561M (38%)           1M (0%)            1M (0%)     
[2026-01-06T22:07:09.087+0800][16.731s][info][gc,heap     ] GC(58) Y: Allocated:         -                 4M (0%)            6M (0%)            8M (0%)     
[2026-01-06T22:07:09.087+0800][16.731s][info][gc,heap     ] GC(58) Y: Reclaimed:         -                  -              1560M (38%)        1560M (38%)    
[2026-01-06T22:07:09.087+0800][16.731s][info][gc,heap     ] GC(58) Y:  Promoted:         -                  -                 0M (0%)            0M (0%)     
[2026-01-06T22:07:09.087+0800][16.731s][info][gc,heap     ] GC(58) Y: Compacted:         -                  -                  -                 0M (0%)     
[2026-01-06T22:07:09.087+0800][16.731s][info][gc,phases   ] GC(58) Y: Young Generation 1564M(38%)->12M(0%) 0.000s
[2026-01-06T22:07:09.087+0800][16.731s][info][gc,phases   ] GC(58) O: Old Generation
[2026-01-06T22:07:09.088+0800][16.732s][info][gc,phases   ] GC(58) O: Concurrent Mark 0.581ms
[2026-01-06T22:07:09.088+0800][16.732s][info][gc,phases   ] GC(58) O: Pause Mark End 0.002ms
[2026-01-06T22:07:09.088+0800][16.732s][info][gc,phases   ] GC(58) O: Concurrent Mark Free 0.000ms
[2026-01-06T22:07:09.088+0800][16.732s][info][gc,phases   ] GC(58) O: Concurrent Process Non-Strong 0.125ms
[2026-01-06T22:07:09.088+0800][16.732s][info][gc,phases   ] GC(58) O: Concurrent Reset Relocation Set 0.000ms
[2026-01-06T22:07:09.088+0800][16.732s][info][gc,phases   ] GC(58) O: Concurrent Select Relocation Set 0.017ms
[2026-01-06T22:07:09.088+0800][16.732s][info][gc,task     ] GC(58) O: Using 2 Workers for Old Generation
[2026-01-06T22:07:09.088+0800][16.732s][info][gc,task     ] GC(58) O: Using 1 Workers for Old Generation
[2026-01-06T22:07:09.088+0800][16.732s][info][gc,phases   ] GC(58) O: Concurrent Remap Roots 0.052ms
[2026-01-06T22:07:09.088+0800][16.732s][info][gc,phases   ] GC(58) O: Pause Relocate Start 0.001ms
[2026-01-06T22:07:09.088+0800][16.732s][info][gc,phases   ] GC(58) O: Concurrent Relocate 0.006ms
[2026-01-06T22:07:09.088+0800][16.732s][info][gc,alloc    ] GC(58) O:                         Mark Start        Mark End      Relocate Start    Relocate End   
[2026-01-06T22:07:09.088+0800][16.732s][info][gc,alloc    ] GC(58) O: Allocation Stalls:          0                0                0                0         
[2026-01-06T22:07:09.088+0800][16.732s][info][gc,load     ] GC(58) O: Load: 1.49 (15%) / 1.70 (17%) / 1.98 (20%)
[2026-01-06T22:07:09.088+0800][16.732s][info][gc,mmu      ] GC(58) O: MMU: 2ms/97.4%, 5ms/98.6%, 10ms/99.3%, 20ms/99.5%, 50ms/99.8%, 100ms/99.9%
[2026-01-06T22:07:09.088+0800][16.732s][info][gc,marking  ] GC(58) O: Mark: 1 stripe(s), 2 proactive flush(es), 1 terminate flush(es), 0 completion(s), 0 continuation(s) 
[2026-01-06T22:07:09.088+0800][16.732s][info][gc,nmethod  ] GC(58) O: NMethods: 120 registered, 37 unregistered
[2026-01-06T22:07:09.088+0800][16.732s][info][gc,metaspace] GC(58) O: Metaspace: 0M used, 0M committed, 1088M reserved
[2026-01-06T22:07:09.088+0800][16.732s][info][gc,ref      ] GC(58) O:                       Encountered   Discovered     Enqueued 
[2026-01-06T22:07:09.088+0800][16.732s][info][gc,ref      ] GC(58) O: Soft References:                1            0            0 
[2026-01-06T22:07:09.088+0800][16.732s][info][gc,ref      ] GC(58) O: Weak References:                6            0            0 
[2026-01-06T22:07:09.088+0800][16.732s][info][gc,ref      ] GC(58) O: Final References:               0            0            0 
[2026-01-06T22:07:09.088+0800][16.732s][info][gc,ref      ] GC(58) O: Phantom References:             1            1            0 
[2026-01-06T22:07:09.088+0800][16.732s][info][gc,reloc    ] GC(58) O:                        Candidates     Selected     In-Place         Size        Empty    Relocated 
[2026-01-06T22:07:09.088+0800][16.732s][info][gc,reloc    ] GC(58) O: Small Pages:                    1            0            0           2M           0M           0M 
[2026-01-06T22:07:09.088+0800][16.732s][info][gc,reloc    ] GC(58) O: Medium Pages:                   0            0            0           0M           0M           0M 
[2026-01-06T22:07:09.088+0800][16.732s][info][gc,reloc    ] GC(58) O: Large Pages:                    0            0            0           0M           0M           0M 
[2026-01-06T22:07:09.088+0800][16.732s][info][gc,reloc    ] GC(58) O: Forwarding Usage: 0M
[2026-01-06T22:07:09.088+0800][16.732s][info][gc,heap     ] GC(58) O: Min Capacity: 8M(0%)
[2026-01-06T22:07:09.088+0800][16.732s][info][gc,heap     ] GC(58) O: Max Capacity: 4096M(100%)
[2026-01-06T22:07:09.088+0800][16.732s][info][gc,heap     ] GC(58) O: Soft Max Capacity: 3686M(90%)
[2026-01-06T22:07:09.088+0800][16.732s][info][gc,heap     ] GC(58) O: Heap Statistics:
[2026-01-06T22:07:09.088+0800][16.732s][info][gc,heap     ] GC(58) O:                Mark Start          Mark End        Relocate Start      Relocate End           High               Low         
[2026-01-06T22:07:09.088+0800][16.732s][info][gc,heap     ] GC(58) O:  Capacity:     3498M (85%)        3498M (85%)        3498M (85%)        3498M (85%)        3498M (85%)        3498M (85%)    
[2026-01-06T22:07:09.088+0800][16.732s][info][gc,heap     ] GC(58) O:      Free:     2532M (62%)        4072M (99%)        4068M (99%)        4068M (99%)        4086M (100%)       2528M (62%)    
[2026-01-06T22:07:09.088+0800][16.732s][info][gc,heap     ] GC(58) O:      Used:     1564M (38%)          24M (1%)           28M (1%)           28M (1%)         1568M (38%)          10M (0%)     
[2026-01-06T22:07:09.088+0800][16.732s][info][gc,heap     ] GC(58) O: Old Generation Statistics:
[2026-01-06T22:07:09.088+0800][16.732s][info][gc,heap     ] GC(58) O:                Mark Start          Mark End        Relocate Start      Relocate End    
[2026-01-06T22:07:09.088+0800][16.732s][info][gc,heap     ] GC(58) O:      Used:        2M (0%)            2M (0%)            2M (0%)            2M (0%)     
[2026-01-06T22:07:09.088+0800][16.732s][info][gc,heap     ] GC(58) O:      Live:         -                 0M (0%)            0M (0%)            0M (0%)     
[2026-01-06T22:07:09.088+0800][16.732s][info][gc,heap     ] GC(58) O:   Garbage:         -                 1M (0%)            1M (0%)            1M (0%)     
[2026-01-06T22:07:09.088+0800][16.732s][info][gc,heap     ] GC(58) O: Allocated:         -                 0M (0%)            0M (0%)            0M (0%)     
[2026-01-06T22:07:09.088+0800][16.732s][info][gc,heap     ] GC(58) O: Reclaimed:         -                  -                 0M (0%)            0M (0%)     
[2026-01-06T22:07:09.088+0800][16.732s][info][gc,heap     ] GC(58) O: Compacted:         -                  -                  -                 0M (0%)     
[2026-01-06T22:07:09.088+0800][16.732s][info][gc,phases   ] GC(58) O: Old Generation 14M(0%)->28M(1%) 0.001s
[2026-01-06T22:07:09.088+0800][16.732s][info][gc          ] GC(58) Major Collection (Proactive) 1564M(38%)->30M(1%) 0.002s
[2026-01-06T22:07:09.166+0800][16.809s][info][gc          ] GC(59) Major Collection (Proactive)
[2026-01-06T22:07:09.166+0800][16.809s][info][gc,task     ] GC(59) Using 1 Workers for Young Generation
[2026-01-06T22:07:09.166+0800][16.809s][info][gc,task     ] GC(59) Using 1 Workers for Old Generation
[2026-01-06T22:07:09.166+0800][16.809s][info][gc,phases   ] GC(59) Y: Young Generation
[2026-01-06T22:07:09.166+0800][16.809s][info][gc,phases   ] GC(59) Y: Pause Mark Start (Major) 0.005ms
[2026-01-06T22:07:09.166+0800][16.810s][info][gc,phases   ] GC(59) Y: Concurrent Mark 0.216ms
[2026-01-06T22:07:09.166+0800][16.810s][info][gc,phases   ] GC(59) Y: Pause Mark End 0.003ms
[2026-01-06T22:07:09.166+0800][16.810s][info][gc,phases   ] GC(59) Y: Concurrent Mark Free 0.000ms
[2026-01-06T22:07:09.166+0800][16.810s][info][gc,phases   ] GC(59) Y: Concurrent Reset Relocation Set 0.000ms
[2026-01-06T22:07:09.166+0800][16.810s][info][gc,reloc    ] GC(59) Y: Using tenuring threshold: 1 (Computed)
[2026-01-06T22:07:09.166+0800][16.810s][info][gc,phases   ] GC(59) Y: Concurrent Select Relocation Set 0.187ms
[2026-01-06T22:07:09.166+0800][16.810s][info][gc,phases   ] GC(59) Y: Pause Relocate Start 0.002ms
[2026-01-06T22:07:09.166+0800][16.810s][info][gc,phases   ] GC(59) Y: Concurrent Relocate 0.010ms
[2026-01-06T22:07:09.166+0800][16.810s][info][gc,alloc    ] GC(59) Y:                         Mark Start        Mark End      Relocate Start    Relocate End   
[2026-01-06T22:07:09.166+0800][16.810s][info][gc,alloc    ] GC(59) Y: Allocation Stalls:          0                0                0                0         
[2026-01-06T22:07:09.166+0800][16.810s][info][gc,load     ] GC(59) Y: Load: 1.49 (15%) / 1.70 (17%) / 1.98 (20%)
[2026-01-06T22:07:09.166+0800][16.810s][info][gc,mmu      ] GC(59) Y: MMU: 2ms/97.4%, 5ms/98.6%, 10ms/99.3%, 20ms/99.5%, 50ms/99.8%, 100ms/99.9%
[2026-01-06T22:07:09.166+0800][16.810s][info][gc,marking  ] GC(59) Y: Mark: 1 stripe(s), 2 proactive flush(es), 1 terminate flush(es), 0 completion(s), 0 continuation(s) 
[2026-01-06T22:07:09.166+0800][16.810s][info][gc,nmethod  ] GC(59) Y: NMethods: 120 registered, 37 unregistered
[2026-01-06T22:07:09.166+0800][16.810s][info][gc,metaspace] GC(59) Y: Metaspace: 0M used, 0M committed, 1088M reserved
[2026-01-06T22:07:09.166+0800][16.810s][info][gc,reloc    ] GC(59) Y:                        Candidates     Selected     In-Place         Size        Empty    Relocated 
[2026-01-06T22:07:09.166+0800][16.810s][info][gc,reloc    ] GC(59) Y: Small Pages:                  766            0            0        1532M        1530M           0M 
[2026-01-06T22:07:09.166+0800][16.810s][info][gc,reloc    ] GC(59) Y: Medium Pages:                   0            0            0           0M           0M           0M 
[2026-01-06T22:07:09.166+0800][16.810s][info][gc,reloc    ] GC(59) Y: Large Pages:                    0            0            0           0M           0M           0M 
[2026-01-06T22:07:09.166+0800][16.810s][info][gc,reloc    ] GC(59) Y: Forwarding Usage: 0M
[2026-01-06T22:07:09.166+0800][16.810s][info][gc,reloc    ] GC(59) Y: Age Table:
[2026-01-06T22:07:09.166+0800][16.810s][info][gc,reloc    ] GC(59) Y:                    Live             Garbage             Small              Medium             Large        
[2026-01-06T22:07:09.166+0800][16.810s][info][gc,reloc    ] GC(59) Y: Eden               0M (0%)         1529M (37%)        765 / 0              0 / 0              0 / 0        
[2026-01-06T22:07:09.166+0800][16.810s][info][gc,reloc    ] GC(59) Y: Survivor 1          -                 2M (0%)           1 / 0              0 / 0              0 / 0        
[2026-01-06T22:07:09.166+0800][16.810s][info][gc,heap     ] GC(59) Y: Min Capacity: 8M(0%)
[2026-01-06T22:07:09.166+0800][16.810s][info][gc,heap     ] GC(59) Y: Max Capacity: 4096M(100%)
[2026-01-06T22:07:09.166+0800][16.810s][info][gc,heap     ] GC(59) Y: Soft Max Capacity: 3686M(90%)
[2026-01-06T22:07:09.166+0800][16.810s][info][gc,heap     ] GC(59) Y: Heap Statistics:
[2026-01-06T22:07:09.166+0800][16.810s][info][gc,heap     ] GC(59) Y:                Mark Start          Mark End        Relocate Start      Relocate End           High               Low         
[2026-01-06T22:07:09.166+0800][16.810s][info][gc,heap     ] GC(59) Y:  Capacity:     3498M (85%)        3498M (85%)        3498M (85%)        3498M (85%)        3498M (85%)        3498M (85%)    
[2026-01-06T22:07:09.166+0800][16.810s][info][gc,heap     ] GC(59) Y:      Free:     2562M (63%)        2558M (62%)        4084M (100%)       4084M (100%)       4084M (100%)       2558M (62%)    
[2026-01-06T22:07:09.166+0800][16.810s][info][gc,heap     ] GC(59) Y:      Used:     1534M (37%)        1538M (38%)          12M (0%)           12M (0%)         1538M (38%)          12M (0%)     
[2026-01-06T22:07:09.166+0800][16.810s][info][gc,heap     ] GC(59) Y: Young Generation Statistics:
[2026-01-06T22:07:09.166+0800][16.810s][info][gc,heap     ] GC(59) Y:                Mark Start          Mark End        Relocate Start      Relocate End    
[2026-01-06T22:07:09.166+0800][16.810s][info][gc,heap     ] GC(59) Y:      Used:     1532M (37%)        1536M (38%)          10M (0%)           10M (0%)     
[2026-01-06T22:07:09.166+0800][16.810s][info][gc,heap     ] GC(59) Y:      Live:         -                 0M (0%)            0M (0%)            0M (0%)     
[2026-01-06T22:07:09.166+0800][16.810s][info][gc,heap     ] GC(59) Y:   Garbage:         -              1531M (37%)           1M (0%)            1M (0%)     
[2026-01-06T22:07:09.166+0800][16.810s][info][gc,heap     ] GC(59) Y: Allocated:         -                 4M (0%)            8M (0%)            8M (0%)     
[2026-01-06T22:07:09.166+0800][16.810s][info][gc,heap     ] GC(59) Y: Reclaimed:         -                  -              1530M (37%)        1530M (37%)    
[2026-01-06T22:07:09.166+0800][16.810s][info][gc,heap     ] GC(59) Y:  Promoted:         -                  -                 0M (0%)            0M (0%)     
[2026-01-06T22:07:09.166+0800][16.810s][info][gc,heap     ] GC(59) Y: Compacted:         -                  -                  -                 0M (0%)     
[2026-01-06T22:07:09.166+0800][16.810s][info][gc,phases   ] GC(59) Y: Young Generation 1534M(37%)->12M(0%) 0.001s
[2026-01-06T22:07:09.166+0800][16.810s][info][gc,phases   ] GC(59) O: Old Generation
[2026-01-06T22:07:09.167+0800][16.811s][info][gc,phases   ] GC(59) O: Concurrent Mark 0.589ms
[2026-01-06T22:07:09.167+0800][16.811s][info][gc,phases   ] GC(59) O: Pause Mark End 0.002ms
[2026-01-06T22:07:09.167+0800][16.811s][info][gc,phases   ] GC(59) O: Concurrent Mark Free 0.000ms
[2026-01-06T22:07:09.167+0800][16.811s][info][gc,phases   ] GC(59) O: Concurrent Process Non-Strong 0.117ms
[2026-01-06T22:07:09.167+0800][16.811s][info][gc,phases   ] GC(59) O: Concurrent Reset Relocation Set 0.000ms
[2026-01-06T22:07:09.167+0800][16.811s][info][gc,phases   ] GC(59) O: Concurrent Select Relocation Set 0.015ms
[2026-01-06T22:07:09.167+0800][16.811s][info][gc,task     ] GC(59) O: Using 2 Workers for Old Generation
[2026-01-06T22:07:09.167+0800][16.811s][info][gc,task     ] GC(59) O: Using 1 Workers for Old Generation
[2026-01-06T22:07:09.167+0800][16.811s][info][gc,phases   ] GC(59) O: Concurrent Remap Roots 0.048ms
[2026-01-06T22:07:09.167+0800][16.811s][info][gc,phases   ] GC(59) O: Pause Relocate Start 0.001ms
[2026-01-06T22:07:09.167+0800][16.811s][info][gc,phases   ] GC(59) O: Concurrent Relocate 0.005ms
[2026-01-06T22:07:09.167+0800][16.811s][info][gc,alloc    ] GC(59) O:                         Mark Start        Mark End      Relocate Start    Relocate End   
[2026-01-06T22:07:09.167+0800][16.811s][info][gc,alloc    ] GC(59) O: Allocation Stalls:          0                0                0                0         
[2026-01-06T22:07:09.167+0800][16.811s][info][gc,load     ] GC(59) O: Load: 1.49 (15%) / 1.70 (17%) / 1.98 (20%)
[2026-01-06T22:07:09.167+0800][16.811s][info][gc,mmu      ] GC(59) O: MMU: 2ms/97.4%, 5ms/98.6%, 10ms/99.3%, 20ms/99.5%, 50ms/99.8%, 100ms/99.9%
[2026-01-06T22:07:09.167+0800][16.811s][info][gc,marking  ] GC(59) O: Mark: 1 stripe(s), 2 proactive flush(es), 1 terminate flush(es), 0 completion(s), 0 continuation(s) 
[2026-01-06T22:07:09.167+0800][16.811s][info][gc,nmethod  ] GC(59) O: NMethods: 120 registered, 37 unregistered
[2026-01-06T22:07:09.167+0800][16.811s][info][gc,metaspace] GC(59) O: Metaspace: 0M used, 0M committed, 1088M reserved
[2026-01-06T22:07:09.167+0800][16.811s][info][gc,ref      ] GC(59) O:                       Encountered   Discovered     Enqueued 
[2026-01-06T22:07:09.167+0800][16.811s][info][gc,ref      ] GC(59) O: Soft References:                1            0            0 
[2026-01-06T22:07:09.167+0800][16.811s][info][gc,ref      ] GC(59) O: Weak References:                6            0            0 
[2026-01-06T22:07:09.167+0800][16.811s][info][gc,ref      ] GC(59) O: Final References:               0            0            0 
[2026-01-06T22:07:09.167+0800][16.811s][info][gc,ref      ] GC(59) O: Phantom References:             1            1            0 
[2026-01-06T22:07:09.167+0800][16.811s][info][gc,reloc    ] GC(59) O:                        Candidates     Selected     In-Place         Size        Empty    Relocated 
[2026-01-06T22:07:09.167+0800][16.811s][info][gc,reloc    ] GC(59) O: Small Pages:                    1            0            0           2M           0M           0M 
[2026-01-06T22:07:09.167+0800][16.811s][info][gc,reloc    ] GC(59) O: Medium Pages:                   0            0            0           0M           0M           0M 
[2026-01-06T22:07:09.167+0800][16.811s][info][gc,reloc    ] GC(59) O: Large Pages:                    0            0            0           0M           0M           0M 
[2026-01-06T22:07:09.167+0800][16.811s][info][gc,reloc    ] GC(59) O: Forwarding Usage: 0M
[2026-01-06T22:07:09.167+0800][16.811s][info][gc,heap     ] GC(59) O: Min Capacity: 8M(0%)
[2026-01-06T22:07:09.167+0800][16.811s][info][gc,heap     ] GC(59) O: Max Capacity: 4096M(100%)
[2026-01-06T22:07:09.167+0800][16.811s][info][gc,heap     ] GC(59) O: Soft Max Capacity: 3686M(90%)
[2026-01-06T22:07:09.167+0800][16.811s][info][gc,heap     ] GC(59) O: Heap Statistics:
[2026-01-06T22:07:09.167+0800][16.811s][info][gc,heap     ] GC(59) O:                Mark Start          Mark End        Relocate Start      Relocate End           High               Low         
[2026-01-06T22:07:09.167+0800][16.811s][info][gc,heap     ] GC(59) O:  Capacity:     3498M (85%)        3498M (85%)        3498M (85%)        3498M (85%)        3498M (85%)        3498M (85%)    
[2026-01-06T22:07:09.167+0800][16.811s][info][gc,heap     ] GC(59) O:      Free:     2562M (63%)        4070M (99%)        4066M (99%)        4066M (99%)        4084M (100%)       2558M (62%)    
[2026-01-06T22:07:09.167+0800][16.811s][info][gc,heap     ] GC(59) O:      Used:     1534M (37%)          26M (1%)           30M (1%)           30M (1%)         1538M (38%)          12M (0%)     
[2026-01-06T22:07:09.167+0800][16.811s][info][gc,heap     ] GC(59) O: Old Generation Statistics:
[2026-01-06T22:07:09.167+0800][16.811s][info][gc,heap     ] GC(59) O:                Mark Start          Mark End        Relocate Start      Relocate End    
[2026-01-06T22:07:09.167+0800][16.811s][info][gc,heap     ] GC(59) O:      Used:        2M (0%)            2M (0%)            2M (0%)            2M (0%)     
[2026-01-06T22:07:09.167+0800][16.811s][info][gc,heap     ] GC(59) O:      Live:         -                 0M (0%)            0M (0%)            0M (0%)     
[2026-01-06T22:07:09.167+0800][16.811s][info][gc,heap     ] GC(59) O:   Garbage:         -                 1M (0%)            1M (0%)            1M (0%)     
[2026-01-06T22:07:09.167+0800][16.811s][info][gc,heap     ] GC(59) O: Allocated:         -                 0M (0%)            0M (0%)            0M (0%)     
[2026-01-06T22:07:09.167+0800][16.811s][info][gc,heap     ] GC(59) O: Reclaimed:         -                  -                 0M (0%)            0M (0%)     
[2026-01-06T22:07:09.167+0800][16.811s][info][gc,heap     ] GC(59) O: Compacted:         -                  -                  -                 0M (0%)     
[2026-01-06T22:07:09.167+0800][16.811s][info][gc,phases   ] GC(59) O: Old Generation 14M(0%)->30M(1%) 0.001s
[2026-01-06T22:07:09.167+0800][16.811s][info][gc          ] GC(59) Major Collection (Proactive) 1534M(37%)->32M(1%) 0.002s
[2026-01-06T22:07:09.247+0800][16.891s][info][gc          ] GC(60) Major Collection (Proactive)
[2026-01-06T22:07:09.247+0800][16.891s][info][gc,task     ] GC(60) Using 1 Workers for Young Generation
[2026-01-06T22:07:09.247+0800][16.891s][info][gc,task     ] GC(60) Using 1 Workers for Old Generation
[2026-01-06T22:07:09.247+0800][16.891s][info][gc,phases   ] GC(60) Y: Young Generation
[2026-01-06T22:07:09.247+0800][16.891s][info][gc,phases   ] GC(60) Y: Pause Mark Start (Major) 0.004ms
[2026-01-06T22:07:09.247+0800][16.891s][info][gc,phases   ] GC(60) Y: Concurrent Mark 0.178ms
[2026-01-06T22:07:09.247+0800][16.891s][info][gc,phases   ] GC(60) Y: Pause Mark End 0.004ms
[2026-01-06T22:07:09.247+0800][16.891s][info][gc,phases   ] GC(60) Y: Concurrent Mark Free 0.000ms
[2026-01-06T22:07:09.247+0800][16.891s][info][gc,phases   ] GC(60) Y: Concurrent Reset Relocation Set 0.000ms
[2026-01-06T22:07:09.247+0800][16.891s][info][gc,reloc    ] GC(60) Y: Using tenuring threshold: 1 (Computed)
[2026-01-06T22:07:09.247+0800][16.891s][info][gc,phases   ] GC(60) Y: Concurrent Select Relocation Set 0.221ms
[2026-01-06T22:07:09.247+0800][16.891s][info][gc,phases   ] GC(60) Y: Pause Relocate Start 0.001ms
[2026-01-06T22:07:09.247+0800][16.891s][info][gc,phases   ] GC(60) Y: Concurrent Relocate 0.012ms
[2026-01-06T22:07:09.247+0800][16.891s][info][gc,alloc    ] GC(60) Y:                         Mark Start        Mark End      Relocate Start    Relocate End   
[2026-01-06T22:07:09.247+0800][16.891s][info][gc,alloc    ] GC(60) Y: Allocation Stalls:          0                0                0                0         
[2026-01-06T22:07:09.247+0800][16.891s][info][gc,load     ] GC(60) Y: Load: 1.49 (15%) / 1.70 (17%) / 1.98 (20%)
[2026-01-06T22:07:09.247+0800][16.891s][info][gc,mmu      ] GC(60) Y: MMU: 2ms/97.4%, 5ms/98.6%, 10ms/99.3%, 20ms/99.5%, 50ms/99.8%, 100ms/99.9%
[2026-01-06T22:07:09.247+0800][16.891s][info][gc,marking  ] GC(60) Y: Mark: 1 stripe(s), 2 proactive flush(es), 1 terminate flush(es), 0 completion(s), 0 continuation(s) 
[2026-01-06T22:07:09.247+0800][16.891s][info][gc,nmethod  ] GC(60) Y: NMethods: 120 registered, 37 unregistered
[2026-01-06T22:07:09.247+0800][16.891s][info][gc,metaspace] GC(60) Y: Metaspace: 0M used, 0M committed, 1088M reserved
[2026-01-06T22:07:09.247+0800][16.891s][info][gc,reloc    ] GC(60) Y:                        Candidates     Selected     In-Place         Size        Empty    Relocated 
[2026-01-06T22:07:09.247+0800][16.891s][info][gc,reloc    ] GC(60) Y: Small Pages:                  781            0            0        1562M        1560M           0M 
[2026-01-06T22:07:09.247+0800][16.891s][info][gc,reloc    ] GC(60) Y: Medium Pages:                   0            0            0           0M           0M           0M 
[2026-01-06T22:07:09.247+0800][16.891s][info][gc,reloc    ] GC(60) Y: Large Pages:                    0            0            0           0M           0M           0M 
[2026-01-06T22:07:09.247+0800][16.891s][info][gc,reloc    ] GC(60) Y: Forwarding Usage: 0M
[2026-01-06T22:07:09.247+0800][16.891s][info][gc,reloc    ] GC(60) Y: Age Table:
[2026-01-06T22:07:09.247+0800][16.891s][info][gc,reloc    ] GC(60) Y:                    Live             Garbage             Small              Medium             Large        
[2026-01-06T22:07:09.247+0800][16.891s][info][gc,reloc    ] GC(60) Y: Eden               0M (0%)         1559M (38%)        780 / 0              0 / 0              0 / 0        
[2026-01-06T22:07:09.247+0800][16.891s][info][gc,reloc    ] GC(60) Y: Survivor 1          -                 2M (0%)           1 / 0              0 / 0              0 / 0        
[2026-01-06T22:07:09.247+0800][16.891s][info][gc,heap     ] GC(60) Y: Min Capacity: 8M(0%)
[2026-01-06T22:07:09.247+0800][16.891s][info][gc,heap     ] GC(60) Y: Max Capacity: 4096M(100%)
[2026-01-06T22:07:09.247+0800][16.891s][info][gc,heap     ] GC(60) Y: Soft Max Capacity: 3686M(90%)
[2026-01-06T22:07:09.247+0800][16.891s][info][gc,heap     ] GC(60) Y: Heap Statistics:
[2026-01-06T22:07:09.248+0800][16.891s][info][gc,heap     ] GC(60) Y:                Mark Start          Mark End        Relocate Start      Relocate End           High               Low         
[2026-01-06T22:07:09.248+0800][16.891s][info][gc,heap     ] GC(60) Y:  Capacity:     3498M (85%)        3498M (85%)        3498M (85%)        3498M (85%)        3498M (85%)        3498M (85%)    
[2026-01-06T22:07:09.248+0800][16.891s][info][gc,heap     ] GC(60) Y:      Free:     2532M (62%)        2528M (62%)        4084M (100%)       4084M (100%)       4084M (100%)       2528M (62%)    
[2026-01-06T22:07:09.248+0800][16.891s][info][gc,heap     ] GC(60) Y:      Used:     1564M (38%)        1568M (38%)          12M (0%)           12M (0%)         1568M (38%)          12M (0%)     
[2026-01-06T22:07:09.248+0800][16.891s][info][gc,heap     ] GC(60) Y: Young Generation Statistics:
[2026-01-06T22:07:09.248+0800][16.891s][info][gc,heap     ] GC(60) Y:                Mark Start          Mark End        Relocate Start      Relocate End    
[2026-01-06T22:07:09.248+0800][16.891s][info][gc,heap     ] GC(60) Y:      Used:     1562M (38%)        1566M (38%)          10M (0%)           10M (0%)     
[2026-01-06T22:07:09.248+0800][16.891s][info][gc,heap     ] GC(60) Y:      Live:         -                 0M (0%)            0M (0%)            0M (0%)     
[2026-01-06T22:07:09.248+0800][16.891s][info][gc,heap     ] GC(60) Y:   Garbage:         -              1561M (38%)           1M (0%)            1M (0%)     
[2026-01-06T22:07:09.248+0800][16.891s][info][gc,heap     ] GC(60) Y: Allocated:         -                 4M (0%)            8M (0%)            8M (0%)     
[2026-01-06T22:07:09.248+0800][16.891s][info][gc,heap     ] GC(60) Y: Reclaimed:         -                  -              1560M (38%)        1560M (38%)    
[2026-01-06T22:07:09.248+0800][16.891s][info][gc,heap     ] GC(60) Y:  Promoted:         -                  -                 0M (0%)            0M (0%)     
[2026-01-06T22:07:09.248+0800][16.891s][info][gc,heap     ] GC(60) Y: Compacted:         -                  -                  -                 0M (0%)     
[2026-01-06T22:07:09.248+0800][16.891s][info][gc,phases   ] GC(60) Y: Young Generation 1564M(38%)->12M(0%) 0.001s
[2026-01-06T22:07:09.248+0800][16.891s][info][gc,phases   ] GC(60) O: Old Generation
[2026-01-06T22:07:09.248+0800][16.892s][info][gc,phases   ] GC(60) O: Concurrent Mark 0.638ms
[2026-01-06T22:07:09.248+0800][16.892s][info][gc,phases   ] GC(60) O: Pause Mark End 0.003ms
[2026-01-06T22:07:09.248+0800][16.892s][info][gc,phases   ] GC(60) O: Concurrent Mark Free 0.001ms
[2026-01-06T22:07:09.248+0800][16.892s][info][gc,phases   ] GC(60) O: Concurrent Process Non-Strong 0.120ms
[2026-01-06T22:07:09.248+0800][16.892s][info][gc,phases   ] GC(60) O: Concurrent Reset Relocation Set 0.000ms
[2026-01-06T22:07:09.248+0800][16.892s][info][gc,phases   ] GC(60) O: Concurrent Select Relocation Set 0.016ms
[2026-01-06T22:07:09.248+0800][16.892s][info][gc,task     ] GC(60) O: Using 2 Workers for Old Generation
[2026-01-06T22:07:09.248+0800][16.892s][info][gc,task     ] GC(60) O: Using 1 Workers for Old Generation
[2026-01-06T22:07:09.248+0800][16.892s][info][gc,phases   ] GC(60) O: Concurrent Remap Roots 0.057ms
[2026-01-06T22:07:09.248+0800][16.892s][info][gc,phases   ] GC(60) O: Pause Relocate Start 0.002ms
[2026-01-06T22:07:09.248+0800][16.892s][info][gc,phases   ] GC(60) O: Concurrent Relocate 0.035ms
[2026-01-06T22:07:09.249+0800][16.892s][info][gc,alloc    ] GC(60) O:                         Mark Start        Mark End      Relocate Start    Relocate End   
[2026-01-06T22:07:09.249+0800][16.892s][info][gc,alloc    ] GC(60) O: Allocation Stalls:          0                0                0                0         
[2026-01-06T22:07:09.249+0800][16.892s][info][gc,load     ] GC(60) O: Load: 1.49 (15%) / 1.70 (17%) / 1.98 (20%)
[2026-01-06T22:07:09.249+0800][16.892s][info][gc,mmu      ] GC(60) O: MMU: 2ms/97.4%, 5ms/98.6%, 10ms/99.3%, 20ms/99.5%, 50ms/99.8%, 100ms/99.9%
[2026-01-06T22:07:09.249+0800][16.892s][info][gc,marking  ] GC(60) O: Mark: 1 stripe(s), 2 proactive flush(es), 1 terminate flush(es), 0 completion(s), 0 continuation(s) 
[2026-01-06T22:07:09.249+0800][16.892s][info][gc,nmethod  ] GC(60) O: NMethods: 120 registered, 37 unregistered
[2026-01-06T22:07:09.249+0800][16.892s][info][gc,metaspace] GC(60) O: Metaspace: 0M used, 0M committed, 1088M reserved
[2026-01-06T22:07:09.249+0800][16.892s][info][gc,ref      ] GC(60) O:                       Encountered   Discovered     Enqueued 
[2026-01-06T22:07:09.249+0800][16.892s][info][gc,ref      ] GC(60) O: Soft References:                1            0            0 
[2026-01-06T22:07:09.249+0800][16.892s][info][gc,ref      ] GC(60) O: Weak References:                6            0            0 
[2026-01-06T22:07:09.249+0800][16.892s][info][gc,ref      ] GC(60) O: Final References:               0            0            0 
[2026-01-06T22:07:09.249+0800][16.892s][info][gc,ref      ] GC(60) O: Phantom References:             1            1            0 
[2026-01-06T22:07:09.249+0800][16.892s][info][gc,reloc    ] GC(60) O:                        Candidates     Selected     In-Place         Size        Empty    Relocated 
[2026-01-06T22:07:09.249+0800][16.892s][info][gc,reloc    ] GC(60) O: Small Pages:                    1            0            0           2M           0M           0M 
[2026-01-06T22:07:09.249+0800][16.892s][info][gc,reloc    ] GC(60) O: Medium Pages:                   0            0            0           0M           0M           0M 
[2026-01-06T22:07:09.249+0800][16.892s][info][gc,reloc    ] GC(60) O: Large Pages:                    0            0            0           0M           0M           0M 
[2026-01-06T22:07:09.249+0800][16.892s][info][gc,reloc    ] GC(60) O: Forwarding Usage: 0M
[2026-01-06T22:07:09.249+0800][16.892s][info][gc,heap     ] GC(60) O: Min Capacity: 8M(0%)
[2026-01-06T22:07:09.249+0800][16.892s][info][gc,heap     ] GC(60) O: Max Capacity: 4096M(100%)
[2026-01-06T22:07:09.249+0800][16.892s][info][gc,heap     ] GC(60) O: Soft Max Capacity: 3686M(90%)
[2026-01-06T22:07:09.249+0800][16.892s][info][gc,heap     ] GC(60) O: Heap Statistics:
[2026-01-06T22:07:09.249+0800][16.892s][info][gc,heap     ] GC(60) O:                Mark Start          Mark End        Relocate Start      Relocate End           High               Low         
[2026-01-06T22:07:09.249+0800][16.892s][info][gc,heap     ] GC(60) O:  Capacity:     3498M (85%)        3498M (85%)        3498M (85%)        3498M (85%)        3498M (85%)        3498M (85%)    
[2026-01-06T22:07:09.249+0800][16.892s][info][gc,heap     ] GC(60) O:      Free:     2532M (62%)        4070M (99%)        4066M (99%)        4064M (99%)        4084M (100%)       2528M (62%)    
[2026-01-06T22:07:09.249+0800][16.892s][info][gc,heap     ] GC(60) O:      Used:     1564M (38%)          26M (1%)           30M (1%)           32M (1%)         1568M (38%)          12M (0%)     
[2026-01-06T22:07:09.249+0800][16.892s][info][gc,heap     ] GC(60) O: Old Generation Statistics:
[2026-01-06T22:07:09.249+0800][16.892s][info][gc,heap     ] GC(60) O:                Mark Start          Mark End        Relocate Start      Relocate End    
[2026-01-06T22:07:09.249+0800][16.892s][info][gc,heap     ] GC(60) O:      Used:        2M (0%)            2M (0%)            2M (0%)            2M (0%)     
[2026-01-06T22:07:09.249+0800][16.892s][info][gc,heap     ] GC(60) O:      Live:         -                 0M (0%)            0M (0%)            0M (0%)     
[2026-01-06T22:07:09.249+0800][16.892s][info][gc,heap     ] GC(60) O:   Garbage:         -                 1M (0%)            1M (0%)            1M (0%)     
[2026-01-06T22:07:09.249+0800][16.892s][info][gc,heap     ] GC(60) O: Allocated:         -                 0M (0%)            0M (0%)            0M (0%)     
[2026-01-06T22:07:09.249+0800][16.892s][info][gc,heap     ] GC(60) O: Reclaimed:         -                  -                 0M (0%)            0M (0%)     
[2026-01-06T22:07:09.249+0800][16.892s][info][gc,heap     ] GC(60) O: Compacted:         -                  -                  -                 0M (0%)     
[2026-01-06T22:07:09.249+0800][16.892s][info][gc,phases   ] GC(60) O: Old Generation 14M(0%)->32M(1%) 0.001s
[2026-01-06T22:07:09.249+0800][16.892s][info][gc          ] GC(60) Major Collection (Proactive) 1564M(38%)->34M(1%) 0.002s
[2026-01-06T22:07:09.338+0800][16.982s][info][gc          ] GC(61) Major Collection (Proactive)
[2026-01-06T22:07:09.338+0800][16.982s][info][gc,task     ] GC(61) Using 1 Workers for Young Generation
[2026-01-06T22:07:09.338+0800][16.982s][info][gc,task     ] GC(61) Using 1 Workers for Old Generation
[2026-01-06T22:07:09.338+0800][16.982s][info][gc,phases   ] GC(61) Y: Young Generation
[2026-01-06T22:07:09.338+0800][16.982s][info][gc,phases   ] GC(61) Y: Pause Mark Start (Major) 0.005ms
[2026-01-06T22:07:09.339+0800][16.982s][info][gc,phases   ] GC(61) Y: Concurrent Mark 0.175ms
[2026-01-06T22:07:09.339+0800][16.982s][info][gc,phases   ] GC(61) Y: Pause Mark End 0.004ms
[2026-01-06T22:07:09.339+0800][16.982s][info][gc,phases   ] GC(61) Y: Concurrent Mark Free 0.001ms
[2026-01-06T22:07:09.339+0800][16.982s][info][gc,phases   ] GC(61) Y: Concurrent Reset Relocation Set 0.000ms
[2026-01-06T22:07:09.339+0800][16.983s][info][gc,reloc    ] GC(61) Y: Using tenuring threshold: 1 (Computed)
[2026-01-06T22:07:09.339+0800][16.983s][info][gc,phases   ] GC(61) Y: Concurrent Select Relocation Set 0.228ms
[2026-01-06T22:07:09.339+0800][16.983s][info][gc,phases   ] GC(61) Y: Pause Relocate Start 0.001ms
[2026-01-06T22:07:09.339+0800][16.983s][info][gc,phases   ] GC(61) Y: Concurrent Relocate 0.010ms
[2026-01-06T22:07:09.339+0800][16.983s][info][gc,alloc    ] GC(61) Y:                         Mark Start        Mark End      Relocate Start    Relocate End   
[2026-01-06T22:07:09.339+0800][16.983s][info][gc,alloc    ] GC(61) Y: Allocation Stalls:          0                0                0                0         
[2026-01-06T22:07:09.339+0800][16.983s][info][gc,load     ] GC(61) Y: Load: 1.49 (15%) / 1.70 (17%) / 1.98 (20%)
[2026-01-06T22:07:09.339+0800][16.983s][info][gc,mmu      ] GC(61) Y: MMU: 2ms/97.4%, 5ms/98.6%, 10ms/99.3%, 20ms/99.5%, 50ms/99.8%, 100ms/99.9%
[2026-01-06T22:07:09.339+0800][16.983s][info][gc,marking  ] GC(61) Y: Mark: 1 stripe(s), 2 proactive flush(es), 1 terminate flush(es), 0 completion(s), 0 continuation(s) 
[2026-01-06T22:07:09.339+0800][16.983s][info][gc,nmethod  ] GC(61) Y: NMethods: 120 registered, 37 unregistered
[2026-01-06T22:07:09.339+0800][16.983s][info][gc,metaspace] GC(61) Y: Metaspace: 0M used, 0M committed, 1088M reserved
[2026-01-06T22:07:09.339+0800][16.983s][info][gc,reloc    ] GC(61) Y:                        Candidates     Selected     In-Place         Size        Empty    Relocated 
[2026-01-06T22:07:09.339+0800][16.983s][info][gc,reloc    ] GC(61) Y: Small Pages:                  871            0            0        1742M        1740M           0M 
[2026-01-06T22:07:09.339+0800][16.983s][info][gc,reloc    ] GC(61) Y: Medium Pages:                   0            0            0           0M           0M           0M 
[2026-01-06T22:07:09.339+0800][16.983s][info][gc,reloc    ] GC(61) Y: Large Pages:                    0            0            0           0M           0M           0M 
[2026-01-06T22:07:09.339+0800][16.983s][info][gc,reloc    ] GC(61) Y: Forwarding Usage: 0M
[2026-01-06T22:07:09.339+0800][16.983s][info][gc,reloc    ] GC(61) Y: Age Table:
[2026-01-06T22:07:09.339+0800][16.983s][info][gc,reloc    ] GC(61) Y:                    Live             Garbage             Small              Medium             Large        
[2026-01-06T22:07:09.339+0800][16.983s][info][gc,reloc    ] GC(61) Y: Eden               0M (0%)         1739M (42%)        870 / 0              0 / 0              0 / 0        
[2026-01-06T22:07:09.339+0800][16.983s][info][gc,reloc    ] GC(61) Y: Survivor 1          -                 2M (0%)           1 / 0              0 / 0              0 / 0        
[2026-01-06T22:07:09.339+0800][16.983s][info][gc,heap     ] GC(61) Y: Min Capacity: 8M(0%)
[2026-01-06T22:07:09.339+0800][16.983s][info][gc,heap     ] GC(61) Y: Max Capacity: 4096M(100%)
[2026-01-06T22:07:09.339+0800][16.983s][info][gc,heap     ] GC(61) Y: Soft Max Capacity: 3686M(90%)
[2026-01-06T22:07:09.339+0800][16.983s][info][gc,heap     ] GC(61) Y: Heap Statistics:
[2026-01-06T22:07:09.339+0800][16.983s][info][gc,heap     ] GC(61) Y:                Mark Start          Mark End        Relocate Start      Relocate End           High               Low         
[2026-01-06T22:07:09.339+0800][16.983s][info][gc,heap     ] GC(61) Y:  Capacity:     3498M (85%)        3498M (85%)        3498M (85%)        3498M (85%)        3498M (85%)        3498M (85%)    
[2026-01-06T22:07:09.339+0800][16.983s][info][gc,heap     ] GC(61) Y:      Free:     2352M (57%)        2348M (57%)        4084M (100%)       4084M (100%)       4084M (100%)       2348M (57%)    
[2026-01-06T22:07:09.339+0800][16.983s][info][gc,heap     ] GC(61) Y:      Used:     1744M (43%)        1748M (43%)          12M (0%)           12M (0%)         1748M (43%)          12M (0%)     
[2026-01-06T22:07:09.339+0800][16.983s][info][gc,heap     ] GC(61) Y: Young Generation Statistics:
[2026-01-06T22:07:09.339+0800][16.983s][info][gc,heap     ] GC(61) Y:                Mark Start          Mark End        Relocate Start      Relocate End    
[2026-01-06T22:07:09.339+0800][16.983s][info][gc,heap     ] GC(61) Y:      Used:     1742M (43%)        1746M (43%)          10M (0%)           10M (0%)     
[2026-01-06T22:07:09.339+0800][16.983s][info][gc,heap     ] GC(61) Y:      Live:         -                 0M (0%)            0M (0%)            0M (0%)     
[2026-01-06T22:07:09.339+0800][16.983s][info][gc,heap     ] GC(61) Y:   Garbage:         -              1741M (43%)           1M (0%)            1M (0%)     
[2026-01-06T22:07:09.339+0800][16.983s][info][gc,heap     ] GC(61) Y: Allocated:         -                 4M (0%)            8M (0%)            8M (0%)     
[2026-01-06T22:07:09.339+0800][16.983s][info][gc,heap     ] GC(61) Y: Reclaimed:         -                  -              1740M (42%)        1740M (42%)    
[2026-01-06T22:07:09.339+0800][16.983s][info][gc,heap     ] GC(61) Y:  Promoted:         -                  -                 0M (0%)            0M (0%)     
[2026-01-06T22:07:09.339+0800][16.983s][info][gc,heap     ] GC(61) Y: Compacted:         -                  -                  -                 0M (0%)     
[2026-01-06T22:07:09.339+0800][16.983s][info][gc,phases   ] GC(61) Y: Young Generation 1744M(43%)->12M(0%) 0.001s
[2026-01-06T22:07:09.339+0800][16.983s][info][gc,phases   ] GC(61) O: Old Generation
[2026-01-06T22:07:09.340+0800][16.983s][info][gc,phases   ] GC(61) O: Concurrent Mark 0.592ms
[2026-01-06T22:07:09.340+0800][16.983s][info][gc,phases   ] GC(61) O: Pause Mark End 0.003ms
[2026-01-06T22:07:09.340+0800][16.983s][info][gc,phases   ] GC(61) O: Concurrent Mark Free 0.001ms
[2026-01-06T22:07:09.340+0800][16.984s][info][gc,phases   ] GC(61) O: Concurrent Process Non-Strong 0.124ms
[2026-01-06T22:07:09.340+0800][16.984s][info][gc,phases   ] GC(61) O: Concurrent Reset Relocation Set 0.000ms
[2026-01-06T22:07:09.340+0800][16.984s][info][gc,phases   ] GC(61) O: Concurrent Select Relocation Set 0.019ms
[2026-01-06T22:07:09.340+0800][16.984s][info][gc,task     ] GC(61) O: Using 2 Workers for Old Generation
[2026-01-06T22:07:09.340+0800][16.984s][info][gc,task     ] GC(61) O: Using 1 Workers for Old Generation
[2026-01-06T22:07:09.340+0800][16.984s][info][gc,phases   ] GC(61) O: Concurrent Remap Roots 0.046ms
[2026-01-06T22:07:09.340+0800][16.984s][info][gc,phases   ] GC(61) O: Pause Relocate Start 0.002ms
[2026-01-06T22:07:09.340+0800][16.984s][info][gc,phases   ] GC(61) O: Concurrent Relocate 0.006ms
[2026-01-06T22:07:09.340+0800][16.984s][info][gc,alloc    ] GC(61) O:                         Mark Start        Mark End      Relocate Start    Relocate End   
[2026-01-06T22:07:09.340+0800][16.984s][info][gc,alloc    ] GC(61) O: Allocation Stalls:          0                0                0                0         
[2026-01-06T22:07:09.340+0800][16.984s][info][gc,load     ] GC(61) O: Load: 1.49 (15%) / 1.70 (17%) / 1.98 (20%)
[2026-01-06T22:07:09.340+0800][16.984s][info][gc,mmu      ] GC(61) O: MMU: 2ms/97.4%, 5ms/98.6%, 10ms/99.3%, 20ms/99.5%, 50ms/99.8%, 100ms/99.9%
[2026-01-06T22:07:09.340+0800][16.984s][info][gc,marking  ] GC(61) O: Mark: 1 stripe(s), 2 proactive flush(es), 1 terminate flush(es), 0 completion(s), 0 continuation(s) 
[2026-01-06T22:07:09.340+0800][16.984s][info][gc,nmethod  ] GC(61) O: NMethods: 120 registered, 37 unregistered
[2026-01-06T22:07:09.340+0800][16.984s][info][gc,metaspace] GC(61) O: Metaspace: 0M used, 0M committed, 1088M reserved
[2026-01-06T22:07:09.340+0800][16.984s][info][gc,ref      ] GC(61) O:                       Encountered   Discovered     Enqueued 
[2026-01-06T22:07:09.340+0800][16.984s][info][gc,ref      ] GC(61) O: Soft References:                1            0            0 
[2026-01-06T22:07:09.340+0800][16.984s][info][gc,ref      ] GC(61) O: Weak References:                6            0            0 
[2026-01-06T22:07:09.340+0800][16.984s][info][gc,ref      ] GC(61) O: Final References:               0            0            0 
[2026-01-06T22:07:09.340+0800][16.984s][info][gc,ref      ] GC(61) O: Phantom References:             1            1            0 
[2026-01-06T22:07:09.340+0800][16.984s][info][gc,reloc    ] GC(61) O:                        Candidates     Selected     In-Place         Size        Empty    Relocated 
[2026-01-06T22:07:09.340+0800][16.984s][info][gc,reloc    ] GC(61) O: Small Pages:                    1            0            0           2M           0M           0M 
[2026-01-06T22:07:09.340+0800][16.984s][info][gc,reloc    ] GC(61) O: Medium Pages:                   0            0            0           0M           0M           0M 
[2026-01-06T22:07:09.340+0800][16.984s][info][gc,reloc    ] GC(61) O: Large Pages:                    0            0            0           0M           0M           0M 
[2026-01-06T22:07:09.340+0800][16.984s][info][gc,reloc    ] GC(61) O: Forwarding Usage: 0M
[2026-01-06T22:07:09.340+0800][16.984s][info][gc,heap     ] GC(61) O: Min Capacity: 8M(0%)
[2026-01-06T22:07:09.340+0800][16.984s][info][gc,heap     ] GC(61) O: Max Capacity: 4096M(100%)
[2026-01-06T22:07:09.340+0800][16.984s][info][gc,heap     ] GC(61) O: Soft Max Capacity: 3686M(90%)
[2026-01-06T22:07:09.340+0800][16.984s][info][gc,heap     ] GC(61) O: Heap Statistics:
[2026-01-06T22:07:09.340+0800][16.984s][info][gc,heap     ] GC(61) O:                Mark Start          Mark End        Relocate Start      Relocate End           High               Low         
[2026-01-06T22:07:09.340+0800][16.984s][info][gc,heap     ] GC(61) O:  Capacity:     3498M (85%)        3498M (85%)        3498M (85%)        3498M (85%)        3498M (85%)        3498M (85%)    
[2026-01-06T22:07:09.340+0800][16.984s][info][gc,heap     ] GC(61) O:      Free:     2352M (57%)        4070M (99%)        4066M (99%)        4066M (99%)        4084M (100%)       2348M (57%)    
[2026-01-06T22:07:09.340+0800][16.984s][info][gc,heap     ] GC(61) O:      Used:     1744M (43%)          26M (1%)           30M (1%)           30M (1%)         1748M (43%)          12M (0%)     
[2026-01-06T22:07:09.340+0800][16.984s][info][gc,heap     ] GC(61) O: Old Generation Statistics:
[2026-01-06T22:07:09.340+0800][16.984s][info][gc,heap     ] GC(61) O:                Mark Start          Mark End        Relocate Start      Relocate End    
[2026-01-06T22:07:09.340+0800][16.984s][info][gc,heap     ] GC(61) O:      Used:        2M (0%)            2M (0%)            2M (0%)            2M (0%)     
[2026-01-06T22:07:09.340+0800][16.984s][info][gc,heap     ] GC(61) O:      Live:         -                 0M (0%)            0M (0%)            0M (0%)     
[2026-01-06T22:07:09.340+0800][16.984s][info][gc,heap     ] GC(61) O:   Garbage:         -                 1M (0%)            1M (0%)            1M (0%)     
[2026-01-06T22:07:09.340+0800][16.984s][info][gc,heap     ] GC(61) O: Allocated:         -                 0M (0%)            0M (0%)            0M (0%)     
[2026-01-06T22:07:09.340+0800][16.984s][info][gc,heap     ] GC(61) O: Reclaimed:         -                  -                 0M (0%)            0M (0%)     
[2026-01-06T22:07:09.340+0800][16.984s][info][gc,heap     ] GC(61) O: Compacted:         -                  -                  -                 0M (0%)     
[2026-01-06T22:07:09.340+0800][16.984s][info][gc,phases   ] GC(61) O: Old Generation 14M(0%)->30M(1%) 0.001s
[2026-01-06T22:07:09.340+0800][16.984s][info][gc          ] GC(61) Major Collection (Proactive) 1744M(43%)->32M(1%) 0.002s
[2026-01-06T22:07:09.425+0800][17.069s][info][gc          ] GC(62) Major Collection (Proactive)
[2026-01-06T22:07:09.425+0800][17.069s][info][gc,task     ] GC(62) Using 1 Workers for Young Generation
[2026-01-06T22:07:09.425+0800][17.069s][info][gc,task     ] GC(62) Using 1 Workers for Old Generation
[2026-01-06T22:07:09.425+0800][17.069s][info][gc,phases   ] GC(62) Y: Young Generation
[2026-01-06T22:07:09.425+0800][17.069s][info][gc,phases   ] GC(62) Y: Pause Mark Start (Major) 0.004ms
[2026-01-06T22:07:09.425+0800][17.069s][info][gc,phases   ] GC(62) Y: Concurrent Mark 0.160ms
[2026-01-06T22:07:09.425+0800][17.069s][info][gc,phases   ] GC(62) Y: Pause Mark End 0.003ms
[2026-01-06T22:07:09.425+0800][17.069s][info][gc,phases   ] GC(62) Y: Concurrent Mark Free 0.000ms
[2026-01-06T22:07:09.425+0800][17.069s][info][gc,phases   ] GC(62) Y: Concurrent Reset Relocation Set 0.000ms
[2026-01-06T22:07:09.426+0800][17.069s][info][gc,reloc    ] GC(62) Y: Using tenuring threshold: 1 (Computed)
[2026-01-06T22:07:09.426+0800][17.069s][info][gc,phases   ] GC(62) Y: Concurrent Select Relocation Set 0.170ms
[2026-01-06T22:07:09.426+0800][17.069s][info][gc,phases   ] GC(62) Y: Pause Relocate Start 0.001ms
[2026-01-06T22:07:09.426+0800][17.070s][info][gc,phases   ] GC(62) Y: Concurrent Relocate 0.014ms
[2026-01-06T22:07:09.426+0800][17.070s][info][gc,alloc    ] GC(62) Y:                         Mark Start        Mark End      Relocate Start    Relocate End   
[2026-01-06T22:07:09.426+0800][17.070s][info][gc,alloc    ] GC(62) Y: Allocation Stalls:          0                0                0                0         
[2026-01-06T22:07:09.426+0800][17.070s][info][gc,load     ] GC(62) Y: Load: 1.49 (15%) / 1.70 (17%) / 1.98 (20%)
[2026-01-06T22:07:09.426+0800][17.070s][info][gc,mmu      ] GC(62) Y: MMU: 2ms/97.4%, 5ms/98.6%, 10ms/99.3%, 20ms/99.5%, 50ms/99.8%, 100ms/99.9%
[2026-01-06T22:07:09.426+0800][17.070s][info][gc,marking  ] GC(62) Y: Mark: 1 stripe(s), 2 proactive flush(es), 1 terminate flush(es), 0 completion(s), 0 continuation(s) 
[2026-01-06T22:07:09.426+0800][17.070s][info][gc,nmethod  ] GC(62) Y: NMethods: 120 registered, 37 unregistered
[2026-01-06T22:07:09.426+0800][17.070s][info][gc,metaspace] GC(62) Y: Metaspace: 0M used, 0M committed, 1088M reserved
[2026-01-06T22:07:09.426+0800][17.070s][info][gc,reloc    ] GC(62) Y:                        Candidates     Selected     In-Place         Size        Empty    Relocated 
[2026-01-06T22:07:09.426+0800][17.070s][info][gc,reloc    ] GC(62) Y: Small Pages:                  826            0            0        1652M        1650M           0M 
[2026-01-06T22:07:09.426+0800][17.070s][info][gc,reloc    ] GC(62) Y: Medium Pages:                   0            0            0           0M           0M           0M 
[2026-01-06T22:07:09.426+0800][17.070s][info][gc,reloc    ] GC(62) Y: Large Pages:                    0            0            0           0M           0M           0M 
[2026-01-06T22:07:09.426+0800][17.070s][info][gc,reloc    ] GC(62) Y: Forwarding Usage: 0M
[2026-01-06T22:07:09.426+0800][17.070s][info][gc,reloc    ] GC(62) Y: Age Table:
[2026-01-06T22:07:09.426+0800][17.070s][info][gc,reloc    ] GC(62) Y:                    Live             Garbage             Small              Medium             Large        
[2026-01-06T22:07:09.426+0800][17.070s][info][gc,reloc    ] GC(62) Y: Eden               0M (0%)         1649M (40%)        825 / 0              0 / 0              0 / 0        
[2026-01-06T22:07:09.426+0800][17.070s][info][gc,reloc    ] GC(62) Y: Survivor 1          -                 2M (0%)           1 / 0              0 / 0              0 / 0        
[2026-01-06T22:07:09.426+0800][17.070s][info][gc,heap     ] GC(62) Y: Min Capacity: 8M(0%)
[2026-01-06T22:07:09.426+0800][17.070s][info][gc,heap     ] GC(62) Y: Max Capacity: 4096M(100%)
[2026-01-06T22:07:09.426+0800][17.070s][info][gc,heap     ] GC(62) Y: Soft Max Capacity: 3686M(90%)
[2026-01-06T22:07:09.426+0800][17.070s][info][gc,heap     ] GC(62) Y: Heap Statistics:
[2026-01-06T22:07:09.426+0800][17.070s][info][gc,heap     ] GC(62) Y:                Mark Start          Mark End        Relocate Start      Relocate End           High               Low         
[2026-01-06T22:07:09.426+0800][17.070s][info][gc,heap     ] GC(62) Y:  Capacity:     3498M (85%)        3498M (85%)        3498M (85%)        3498M (85%)        3498M (85%)        3498M (85%)    
[2026-01-06T22:07:09.426+0800][17.070s][info][gc,heap     ] GC(62) Y:      Free:     2442M (60%)        2438M (60%)        4086M (100%)       4086M (100%)       4086M (100%)       2438M (60%)    
[2026-01-06T22:07:09.426+0800][17.070s][info][gc,heap     ] GC(62) Y:      Used:     1654M (40%)        1658M (40%)          10M (0%)           10M (0%)         1658M (40%)          10M (0%)     
[2026-01-06T22:07:09.426+0800][17.070s][info][gc,heap     ] GC(62) Y: Young Generation Statistics:
[2026-01-06T22:07:09.426+0800][17.070s][info][gc,heap     ] GC(62) Y:                Mark Start          Mark End        Relocate Start      Relocate End    
[2026-01-06T22:07:09.426+0800][17.070s][info][gc,heap     ] GC(62) Y:      Used:     1652M (40%)        1656M (40%)           8M (0%)            8M (0%)     
[2026-01-06T22:07:09.426+0800][17.070s][info][gc,heap     ] GC(62) Y:      Live:         -                 0M (0%)            0M (0%)            0M (0%)     
[2026-01-06T22:07:09.426+0800][17.070s][info][gc,heap     ] GC(62) Y:   Garbage:         -              1651M (40%)           1M (0%)            1M (0%)     
[2026-01-06T22:07:09.426+0800][17.070s][info][gc,heap     ] GC(62) Y: Allocated:         -                 4M (0%)            6M (0%)            6M (0%)     
[2026-01-06T22:07:09.426+0800][17.070s][info][gc,heap     ] GC(62) Y: Reclaimed:         -                  -              1650M (40%)        1650M (40%)    
[2026-01-06T22:07:09.426+0800][17.070s][info][gc,heap     ] GC(62) Y:  Promoted:         -                  -                 0M (0%)            0M (0%)     
[2026-01-06T22:07:09.426+0800][17.070s][info][gc,heap     ] GC(62) Y: Compacted:         -                  -                  -                 0M (0%)     
[2026-01-06T22:07:09.426+0800][17.070s][info][gc,phases   ] GC(62) Y: Young Generation 1654M(40%)->10M(0%) 0.001s
[2026-01-06T22:07:09.426+0800][17.070s][info][gc,phases   ] GC(62) O: Old Generation
[2026-01-06T22:07:09.426+0800][17.070s][info][gc,phases   ] GC(62) O: Concurrent Mark 0.588ms
[2026-01-06T22:07:09.426+0800][17.070s][info][gc,phases   ] GC(62) O: Pause Mark End 0.003ms
[2026-01-06T22:07:09.426+0800][17.070s][info][gc,phases   ] GC(62) O: Concurrent Mark Free 0.000ms
[2026-01-06T22:07:09.427+0800][17.070s][info][gc,phases   ] GC(62) O: Concurrent Process Non-Strong 0.122ms
[2026-01-06T22:07:09.427+0800][17.070s][info][gc,phases   ] GC(62) O: Concurrent Reset Relocation Set 0.000ms
[2026-01-06T22:07:09.427+0800][17.070s][info][gc,phases   ] GC(62) O: Concurrent Select Relocation Set 0.020ms
[2026-01-06T22:07:09.427+0800][17.070s][info][gc,task     ] GC(62) O: Using 2 Workers for Old Generation
[2026-01-06T22:07:09.427+0800][17.070s][info][gc,task     ] GC(62) O: Using 1 Workers for Old Generation
[2026-01-06T22:07:09.427+0800][17.070s][info][gc,phases   ] GC(62) O: Concurrent Remap Roots 0.050ms
[2026-01-06T22:07:09.427+0800][17.070s][info][gc,phases   ] GC(62) O: Pause Relocate Start 0.001ms
[2026-01-06T22:07:09.427+0800][17.070s][info][gc,phases   ] GC(62) O: Concurrent Relocate 0.008ms
[2026-01-06T22:07:09.427+0800][17.071s][info][gc,alloc    ] GC(62) O:                         Mark Start        Mark End      Relocate Start    Relocate End   
[2026-01-06T22:07:09.427+0800][17.071s][info][gc,alloc    ] GC(62) O: Allocation Stalls:          0                0                0                0         
[2026-01-06T22:07:09.427+0800][17.071s][info][gc,load     ] GC(62) O: Load: 1.49 (15%) / 1.70 (17%) / 1.98 (20%)
[2026-01-06T22:07:09.427+0800][17.071s][info][gc,mmu      ] GC(62) O: MMU: 2ms/97.4%, 5ms/98.6%, 10ms/99.3%, 20ms/99.5%, 50ms/99.8%, 100ms/99.9%
[2026-01-06T22:07:09.427+0800][17.071s][info][gc,marking  ] GC(62) O: Mark: 1 stripe(s), 2 proactive flush(es), 1 terminate flush(es), 0 completion(s), 0 continuation(s) 
[2026-01-06T22:07:09.427+0800][17.071s][info][gc,nmethod  ] GC(62) O: NMethods: 120 registered, 37 unregistered
[2026-01-06T22:07:09.427+0800][17.071s][info][gc,metaspace] GC(62) O: Metaspace: 0M used, 0M committed, 1088M reserved
[2026-01-06T22:07:09.427+0800][17.071s][info][gc,ref      ] GC(62) O:                       Encountered   Discovered     Enqueued 
[2026-01-06T22:07:09.427+0800][17.071s][info][gc,ref      ] GC(62) O: Soft References:                1            0            0 
[2026-01-06T22:07:09.427+0800][17.071s][info][gc,ref      ] GC(62) O: Weak References:                6            0            0 
[2026-01-06T22:07:09.427+0800][17.071s][info][gc,ref      ] GC(62) O: Final References:               0            0            0 
[2026-01-06T22:07:09.427+0800][17.071s][info][gc,ref      ] GC(62) O: Phantom References:             1            1            0 
[2026-01-06T22:07:09.427+0800][17.071s][info][gc,reloc    ] GC(62) O:                        Candidates     Selected     In-Place         Size        Empty    Relocated 
[2026-01-06T22:07:09.427+0800][17.071s][info][gc,reloc    ] GC(62) O: Small Pages:                    1            0            0           2M           0M           0M 
[2026-01-06T22:07:09.427+0800][17.071s][info][gc,reloc    ] GC(62) O: Medium Pages:                   0            0            0           0M           0M           0M 
[2026-01-06T22:07:09.427+0800][17.071s][info][gc,reloc    ] GC(62) O: Large Pages:                    0            0            0           0M           0M           0M 
[2026-01-06T22:07:09.427+0800][17.071s][info][gc,reloc    ] GC(62) O: Forwarding Usage: 0M
[2026-01-06T22:07:09.427+0800][17.071s][info][gc,heap     ] GC(62) O: Min Capacity: 8M(0%)
[2026-01-06T22:07:09.427+0800][17.071s][info][gc,heap     ] GC(62) O: Max Capacity: 4096M(100%)
[2026-01-06T22:07:09.427+0800][17.071s][info][gc,heap     ] GC(62) O: Soft Max Capacity: 3686M(90%)
[2026-01-06T22:07:09.427+0800][17.071s][info][gc,heap     ] GC(62) O: Heap Statistics:
[2026-01-06T22:07:09.427+0800][17.071s][info][gc,heap     ] GC(62) O:                Mark Start          Mark End        Relocate Start      Relocate End           High               Low         
[2026-01-06T22:07:09.427+0800][17.071s][info][gc,heap     ] GC(62) O:  Capacity:     3498M (85%)        3498M (85%)        3498M (85%)        3498M (85%)        3498M (85%)        3498M (85%)    
[2026-01-06T22:07:09.427+0800][17.071s][info][gc,heap     ] GC(62) O:      Free:     2442M (60%)        4074M (99%)        4070M (99%)        4070M (99%)        4086M (100%)       2438M (60%)    
[2026-01-06T22:07:09.427+0800][17.071s][info][gc,heap     ] GC(62) O:      Used:     1654M (40%)          22M (1%)           26M (1%)           26M (1%)         1658M (40%)          10M (0%)     
[2026-01-06T22:07:09.427+0800][17.071s][info][gc,heap     ] GC(62) O: Old Generation Statistics:
[2026-01-06T22:07:09.427+0800][17.071s][info][gc,heap     ] GC(62) O:                Mark Start          Mark End        Relocate Start      Relocate End    
[2026-01-06T22:07:09.427+0800][17.071s][info][gc,heap     ] GC(62) O:      Used:        2M (0%)            2M (0%)            2M (0%)            2M (0%)     
[2026-01-06T22:07:09.427+0800][17.071s][info][gc,heap     ] GC(62) O:      Live:         -                 0M (0%)            0M (0%)            0M (0%)     
[2026-01-06T22:07:09.427+0800][17.071s][info][gc,heap     ] GC(62) O:   Garbage:         -                 1M (0%)            1M (0%)            1M (0%)     
[2026-01-06T22:07:09.427+0800][17.071s][info][gc,heap     ] GC(62) O: Allocated:         -                 0M (0%)            0M (0%)            0M (0%)     
[2026-01-06T22:07:09.427+0800][17.071s][info][gc,heap     ] GC(62) O: Reclaimed:         -                  -                 0M (0%)            0M (0%)     
[2026-01-06T22:07:09.427+0800][17.071s][info][gc,heap     ] GC(62) O: Compacted:         -                  -                  -                 0M (0%)     
[2026-01-06T22:07:09.427+0800][17.071s][info][gc,phases   ] GC(62) O: Old Generation 10M(0%)->26M(1%) 0.001s
[2026-01-06T22:07:09.427+0800][17.071s][info][gc          ] GC(62) Major Collection (Proactive) 1654M(40%)->26M(1%) 0.002s
[2026-01-06T22:07:09.508+0800][17.152s][info][gc          ] GC(63) Major Collection (Proactive)
[2026-01-06T22:07:09.508+0800][17.152s][info][gc,task     ] GC(63) Using 1 Workers for Young Generation
[2026-01-06T22:07:09.508+0800][17.152s][info][gc,task     ] GC(63) Using 1 Workers for Old Generation
[2026-01-06T22:07:09.508+0800][17.152s][info][gc,phases   ] GC(63) Y: Young Generation
[2026-01-06T22:07:09.508+0800][17.152s][info][gc,phases   ] GC(63) Y: Pause Mark Start (Major) 0.005ms
[2026-01-06T22:07:09.508+0800][17.152s][info][gc,phases   ] GC(63) Y: Concurrent Mark 0.158ms
[2026-01-06T22:07:09.508+0800][17.152s][info][gc,phases   ] GC(63) Y: Pause Mark End 0.003ms
[2026-01-06T22:07:09.508+0800][17.152s][info][gc,phases   ] GC(63) Y: Concurrent Mark Free 0.000ms
[2026-01-06T22:07:09.508+0800][17.152s][info][gc,phases   ] GC(63) Y: Concurrent Reset Relocation Set 0.000ms
[2026-01-06T22:07:09.508+0800][17.152s][info][gc,reloc    ] GC(63) Y: Using tenuring threshold: 1 (Computed)
[2026-01-06T22:07:09.508+0800][17.152s][info][gc,phases   ] GC(63) Y: Concurrent Select Relocation Set 0.174ms
[2026-01-06T22:07:09.508+0800][17.152s][info][gc,phases   ] GC(63) Y: Pause Relocate Start 0.001ms
[2026-01-06T22:07:09.508+0800][17.152s][info][gc,phases   ] GC(63) Y: Concurrent Relocate 0.012ms
[2026-01-06T22:07:09.508+0800][17.152s][info][gc,alloc    ] GC(63) Y:                         Mark Start        Mark End      Relocate Start    Relocate End   
[2026-01-06T22:07:09.508+0800][17.152s][info][gc,alloc    ] GC(63) Y: Allocation Stalls:          0                0                0                0         
[2026-01-06T22:07:09.508+0800][17.152s][info][gc,load     ] GC(63) Y: Load: 1.49 (15%) / 1.70 (17%) / 1.98 (20%)
[2026-01-06T22:07:09.508+0800][17.152s][info][gc,mmu      ] GC(63) Y: MMU: 2ms/97.4%, 5ms/98.6%, 10ms/99.3%, 20ms/99.5%, 50ms/99.8%, 100ms/99.9%
[2026-01-06T22:07:09.508+0800][17.152s][info][gc,marking  ] GC(63) Y: Mark: 1 stripe(s), 2 proactive flush(es), 1 terminate flush(es), 0 completion(s), 0 continuation(s) 
[2026-01-06T22:07:09.508+0800][17.152s][info][gc,nmethod  ] GC(63) Y: NMethods: 120 registered, 37 unregistered
[2026-01-06T22:07:09.508+0800][17.152s][info][gc,metaspace] GC(63) Y: Metaspace: 0M used, 0M committed, 1088M reserved
[2026-01-06T22:07:09.508+0800][17.152s][info][gc,reloc    ] GC(63) Y:                        Candidates     Selected     In-Place         Size        Empty    Relocated 
[2026-01-06T22:07:09.508+0800][17.152s][info][gc,reloc    ] GC(63) Y: Small Pages:                  766            0            0        1532M        1530M           0M 
[2026-01-06T22:07:09.508+0800][17.152s][info][gc,reloc    ] GC(63) Y: Medium Pages:                   0            0            0           0M           0M           0M 
[2026-01-06T22:07:09.508+0800][17.152s][info][gc,reloc    ] GC(63) Y: Large Pages:                    0            0            0           0M           0M           0M 
[2026-01-06T22:07:09.508+0800][17.152s][info][gc,reloc    ] GC(63) Y: Forwarding Usage: 0M
[2026-01-06T22:07:09.508+0800][17.152s][info][gc,reloc    ] GC(63) Y: Age Table:
[2026-01-06T22:07:09.508+0800][17.152s][info][gc,reloc    ] GC(63) Y:                    Live             Garbage             Small              Medium             Large        
[2026-01-06T22:07:09.508+0800][17.152s][info][gc,reloc    ] GC(63) Y: Eden               0M (0%)         1529M (37%)        765 / 0              0 / 0              0 / 0        
[2026-01-06T22:07:09.508+0800][17.152s][info][gc,reloc    ] GC(63) Y: Survivor 1          -                 2M (0%)           1 / 0              0 / 0              0 / 0        
[2026-01-06T22:07:09.508+0800][17.152s][info][gc,heap     ] GC(63) Y: Min Capacity: 8M(0%)
[2026-01-06T22:07:09.508+0800][17.152s][info][gc,heap     ] GC(63) Y: Max Capacity: 4096M(100%)
[2026-01-06T22:07:09.508+0800][17.152s][info][gc,heap     ] GC(63) Y: Soft Max Capacity: 3686M(90%)
[2026-01-06T22:07:09.509+0800][17.152s][info][gc,heap     ] GC(63) Y: Heap Statistics:
[2026-01-06T22:07:09.509+0800][17.152s][info][gc,heap     ] GC(63) Y:                Mark Start          Mark End        Relocate Start      Relocate End           High               Low         
[2026-01-06T22:07:09.509+0800][17.152s][info][gc,heap     ] GC(63) Y:  Capacity:     3498M (85%)        3498M (85%)        3498M (85%)        3498M (85%)        3498M (85%)        3498M (85%)    
[2026-01-06T22:07:09.509+0800][17.152s][info][gc,heap     ] GC(63) Y:      Free:     2562M (63%)        2558M (62%)        4086M (100%)       4086M (100%)       4086M (100%)       2558M (62%)    
[2026-01-06T22:07:09.509+0800][17.152s][info][gc,heap     ] GC(63) Y:      Used:     1534M (37%)        1538M (38%)          10M (0%)           10M (0%)         1538M (38%)          10M (0%)     
[2026-01-06T22:07:09.509+0800][17.152s][info][gc,heap     ] GC(63) Y: Young Generation Statistics:
[2026-01-06T22:07:09.509+0800][17.152s][info][gc,heap     ] GC(63) Y:                Mark Start          Mark End        Relocate Start      Relocate End    
[2026-01-06T22:07:09.509+0800][17.152s][info][gc,heap     ] GC(63) Y:      Used:     1532M (37%)        1536M (38%)           8M (0%)            8M (0%)     
[2026-01-06T22:07:09.509+0800][17.152s][info][gc,heap     ] GC(63) Y:      Live:         -                 0M (0%)            0M (0%)            0M (0%)     
[2026-01-06T22:07:09.509+0800][17.152s][info][gc,heap     ] GC(63) Y:   Garbage:         -              1531M (37%)           1M (0%)            1M (0%)     
[2026-01-06T22:07:09.509+0800][17.152s][info][gc,heap     ] GC(63) Y: Allocated:         -                 4M (0%)            6M (0%)            6M (0%)     
[2026-01-06T22:07:09.509+0800][17.152s][info][gc,heap     ] GC(63) Y: Reclaimed:         -                  -              1530M (37%)        1530M (37%)    
[2026-01-06T22:07:09.509+0800][17.152s][info][gc,heap     ] GC(63) Y:  Promoted:         -                  -                 0M (0%)            0M (0%)     
[2026-01-06T22:07:09.509+0800][17.152s][info][gc,heap     ] GC(63) Y: Compacted:         -                  -                  -                 0M (0%)     
[2026-01-06T22:07:09.509+0800][17.152s][info][gc,phases   ] GC(63) Y: Young Generation 1534M(37%)->10M(0%) 0.000s
[2026-01-06T22:07:09.509+0800][17.152s][info][gc,phases   ] GC(63) O: Old Generation
[2026-01-06T22:07:09.509+0800][17.153s][info][gc,phases   ] GC(63) O: Concurrent Mark 0.631ms
[2026-01-06T22:07:09.509+0800][17.153s][info][gc,phases   ] GC(63) O: Pause Mark End 0.003ms
[2026-01-06T22:07:09.509+0800][17.153s][info][gc,phases   ] GC(63) O: Concurrent Mark Free 0.000ms
[2026-01-06T22:07:09.509+0800][17.153s][info][gc,phases   ] GC(63) O: Concurrent Process Non-Strong 0.118ms
[2026-01-06T22:07:09.509+0800][17.153s][info][gc,phases   ] GC(63) O: Concurrent Reset Relocation Set 0.000ms
[2026-01-06T22:07:09.509+0800][17.153s][info][gc,phases   ] GC(63) O: Concurrent Select Relocation Set 0.018ms
[2026-01-06T22:07:09.509+0800][17.153s][info][gc,task     ] GC(63) O: Using 2 Workers for Old Generation
[2026-01-06T22:07:09.509+0800][17.153s][info][gc,task     ] GC(63) O: Using 1 Workers for Old Generation
[2026-01-06T22:07:09.509+0800][17.153s][info][gc,phases   ] GC(63) O: Concurrent Remap Roots 0.048ms
[2026-01-06T22:07:09.509+0800][17.153s][info][gc,phases   ] GC(63) O: Pause Relocate Start 0.001ms
[2026-01-06T22:07:09.509+0800][17.153s][info][gc,phases   ] GC(63) O: Concurrent Relocate 0.005ms
[2026-01-06T22:07:09.509+0800][17.153s][info][gc,alloc    ] GC(63) O:                         Mark Start        Mark End      Relocate Start    Relocate End   
[2026-01-06T22:07:09.509+0800][17.153s][info][gc,alloc    ] GC(63) O: Allocation Stalls:          0                0                0                0         
[2026-01-06T22:07:09.509+0800][17.153s][info][gc,load     ] GC(63) O: Load: 1.49 (15%) / 1.70 (17%) / 1.98 (20%)
[2026-01-06T22:07:09.509+0800][17.153s][info][gc,mmu      ] GC(63) O: MMU: 2ms/97.4%, 5ms/98.6%, 10ms/99.3%, 20ms/99.5%, 50ms/99.8%, 100ms/99.9%
[2026-01-06T22:07:09.509+0800][17.153s][info][gc,marking  ] GC(63) O: Mark: 1 stripe(s), 2 proactive flush(es), 1 terminate flush(es), 0 completion(s), 0 continuation(s) 
[2026-01-06T22:07:09.509+0800][17.153s][info][gc,nmethod  ] GC(63) O: NMethods: 120 registered, 37 unregistered
[2026-01-06T22:07:09.509+0800][17.153s][info][gc,metaspace] GC(63) O: Metaspace: 0M used, 0M committed, 1088M reserved
[2026-01-06T22:07:09.509+0800][17.153s][info][gc,ref      ] GC(63) O:                       Encountered   Discovered     Enqueued 
[2026-01-06T22:07:09.509+0800][17.153s][info][gc,ref      ] GC(63) O: Soft References:                1            0            0 
[2026-01-06T22:07:09.509+0800][17.153s][info][gc,ref      ] GC(63) O: Weak References:                6            0            0 
[2026-01-06T22:07:09.509+0800][17.153s][info][gc,ref      ] GC(63) O: Final References:               0            0            0 
[2026-01-06T22:07:09.509+0800][17.153s][info][gc,ref      ] GC(63) O: Phantom References:             1            1            0 
[2026-01-06T22:07:09.509+0800][17.153s][info][gc,reloc    ] GC(63) O:                        Candidates     Selected     In-Place         Size        Empty    Relocated 
[2026-01-06T22:07:09.509+0800][17.153s][info][gc,reloc    ] GC(63) O: Small Pages:                    1            0            0           2M           0M           0M 
[2026-01-06T22:07:09.509+0800][17.153s][info][gc,reloc    ] GC(63) O: Medium Pages:                   0            0            0           0M           0M           0M 
[2026-01-06T22:07:09.510+0800][17.153s][info][gc,reloc    ] GC(63) O: Large Pages:                    0            0            0           0M           0M           0M 
[2026-01-06T22:07:09.510+0800][17.153s][info][gc,reloc    ] GC(63) O: Forwarding Usage: 0M
[2026-01-06T22:07:09.510+0800][17.153s][info][gc,heap     ] GC(63) O: Min Capacity: 8M(0%)
[2026-01-06T22:07:09.510+0800][17.153s][info][gc,heap     ] GC(63) O: Max Capacity: 4096M(100%)
[2026-01-06T22:07:09.510+0800][17.153s][info][gc,heap     ] GC(63) O: Soft Max Capacity: 3686M(90%)
[2026-01-06T22:07:09.510+0800][17.153s][info][gc,heap     ] GC(63) O: Heap Statistics:
[2026-01-06T22:07:09.510+0800][17.153s][info][gc,heap     ] GC(63) O:                Mark Start          Mark End        Relocate Start      Relocate End           High               Low         
[2026-01-06T22:07:09.510+0800][17.153s][info][gc,heap     ] GC(63) O:  Capacity:     3498M (85%)        3498M (85%)        3498M (85%)        3498M (85%)        3498M (85%)        3498M (85%)    
[2026-01-06T22:07:09.510+0800][17.153s][info][gc,heap     ] GC(63) O:      Free:     2562M (63%)        4072M (99%)        4068M (99%)        4068M (99%)        4086M (100%)       2558M (62%)    
[2026-01-06T22:07:09.510+0800][17.153s][info][gc,heap     ] GC(63) O:      Used:     1534M (37%)          24M (1%)           28M (1%)           28M (1%)         1538M (38%)          10M (0%)     
[2026-01-06T22:07:09.510+0800][17.153s][info][gc,heap     ] GC(63) O: Old Generation Statistics:
[2026-01-06T22:07:09.510+0800][17.153s][info][gc,heap     ] GC(63) O:                Mark Start          Mark End        Relocate Start      Relocate End    
[2026-01-06T22:07:09.510+0800][17.153s][info][gc,heap     ] GC(63) O:      Used:        2M (0%)            2M (0%)            2M (0%)            2M (0%)     
[2026-01-06T22:07:09.510+0800][17.153s][info][gc,heap     ] GC(63) O:      Live:         -                 0M (0%)            0M (0%)            0M (0%)     
[2026-01-06T22:07:09.510+0800][17.153s][info][gc,heap     ] GC(63) O:   Garbage:         -                 1M (0%)            1M (0%)            1M (0%)     
[2026-01-06T22:07:09.510+0800][17.153s][info][gc,heap     ] GC(63) O: Allocated:         -                 0M (0%)            0M (0%)            0M (0%)     
[2026-01-06T22:07:09.510+0800][17.153s][info][gc,heap     ] GC(63) O: Reclaimed:         -                  -                 0M (0%)            0M (0%)     
[2026-01-06T22:07:09.510+0800][17.153s][info][gc,heap     ] GC(63) O: Compacted:         -                  -                  -                 0M (0%)     
[2026-01-06T22:07:09.510+0800][17.153s][info][gc,phases   ] GC(63) O: Old Generation 12M(0%)->28M(1%) 0.001s
[2026-01-06T22:07:09.510+0800][17.153s][info][gc          ] GC(63) Major Collection (Proactive) 1534M(37%)->30M(1%) 0.002s
[2026-01-06T22:07:09.588+0800][17.232s][info][gc          ] GC(64) Major Collection (Proactive)
[2026-01-06T22:07:09.588+0800][17.232s][info][gc,task     ] GC(64) Using 1 Workers for Young Generation
[2026-01-06T22:07:09.588+0800][17.232s][info][gc,task     ] GC(64) Using 1 Workers for Old Generation
[2026-01-06T22:07:09.588+0800][17.232s][info][gc,phases   ] GC(64) Y: Young Generation
[2026-01-06T22:07:09.588+0800][17.232s][info][gc,phases   ] GC(64) Y: Pause Mark Start (Major) 0.004ms
[2026-01-06T22:07:09.588+0800][17.232s][info][gc,phases   ] GC(64) Y: Concurrent Mark 0.160ms
[2026-01-06T22:07:09.588+0800][17.232s][info][gc,phases   ] GC(64) Y: Pause Mark End 0.003ms
[2026-01-06T22:07:09.588+0800][17.232s][info][gc,phases   ] GC(64) Y: Concurrent Mark Free 0.000ms
[2026-01-06T22:07:09.588+0800][17.232s][info][gc,phases   ] GC(64) Y: Concurrent Reset Relocation Set 0.000ms
[2026-01-06T22:07:09.588+0800][17.232s][info][gc,reloc    ] GC(64) Y: Using tenuring threshold: 1 (Computed)
[2026-01-06T22:07:09.588+0800][17.232s][info][gc,phases   ] GC(64) Y: Concurrent Select Relocation Set 0.156ms
[2026-01-06T22:07:09.588+0800][17.232s][info][gc,phases   ] GC(64) Y: Pause Relocate Start 0.002ms
[2026-01-06T22:07:09.588+0800][17.232s][info][gc,phases   ] GC(64) Y: Concurrent Relocate 0.017ms
[2026-01-06T22:07:09.588+0800][17.232s][info][gc,alloc    ] GC(64) Y:                         Mark Start        Mark End      Relocate Start    Relocate End   
[2026-01-06T22:07:09.588+0800][17.232s][info][gc,alloc    ] GC(64) Y: Allocation Stalls:          0                0                0                0         
[2026-01-06T22:07:09.588+0800][17.232s][info][gc,load     ] GC(64) Y: Load: 1.49 (15%) / 1.70 (17%) / 1.98 (20%)
[2026-01-06T22:07:09.588+0800][17.232s][info][gc,mmu      ] GC(64) Y: MMU: 2ms/97.4%, 5ms/98.6%, 10ms/99.3%, 20ms/99.5%, 50ms/99.8%, 100ms/99.9%
[2026-01-06T22:07:09.588+0800][17.232s][info][gc,marking  ] GC(64) Y: Mark: 1 stripe(s), 2 proactive flush(es), 1 terminate flush(es), 0 completion(s), 0 continuation(s) 
[2026-01-06T22:07:09.588+0800][17.232s][info][gc,nmethod  ] GC(64) Y: NMethods: 120 registered, 37 unregistered
[2026-01-06T22:07:09.588+0800][17.232s][info][gc,metaspace] GC(64) Y: Metaspace: 0M used, 0M committed, 1088M reserved
[2026-01-06T22:07:09.588+0800][17.232s][info][gc,reloc    ] GC(64) Y:                        Candidates     Selected     In-Place         Size        Empty    Relocated 
[2026-01-06T22:07:09.588+0800][17.232s][info][gc,reloc    ] GC(64) Y: Small Pages:                  751            0            0        1502M        1500M           0M 
[2026-01-06T22:07:09.588+0800][17.232s][info][gc,reloc    ] GC(64) Y: Medium Pages:                   0            0            0           0M           0M           0M 
[2026-01-06T22:07:09.588+0800][17.232s][info][gc,reloc    ] GC(64) Y: Large Pages:                    0            0            0           0M           0M           0M 
[2026-01-06T22:07:09.588+0800][17.232s][info][gc,reloc    ] GC(64) Y: Forwarding Usage: 0M
[2026-01-06T22:07:09.588+0800][17.232s][info][gc,reloc    ] GC(64) Y: Age Table:
[2026-01-06T22:07:09.588+0800][17.232s][info][gc,reloc    ] GC(64) Y:                    Live             Garbage             Small              Medium             Large        
[2026-01-06T22:07:09.588+0800][17.232s][info][gc,reloc    ] GC(64) Y: Eden               0M (0%)         1499M (37%)        750 / 0              0 / 0              0 / 0        
[2026-01-06T22:07:09.588+0800][17.232s][info][gc,reloc    ] GC(64) Y: Survivor 1          -                 2M (0%)           1 / 0              0 / 0              0 / 0        
[2026-01-06T22:07:09.588+0800][17.232s][info][gc,heap     ] GC(64) Y: Min Capacity: 8M(0%)
[2026-01-06T22:07:09.588+0800][17.232s][info][gc,heap     ] GC(64) Y: Max Capacity: 4096M(100%)
[2026-01-06T22:07:09.588+0800][17.232s][info][gc,heap     ] GC(64) Y: Soft Max Capacity: 3686M(90%)
[2026-01-06T22:07:09.588+0800][17.232s][info][gc,heap     ] GC(64) Y: Heap Statistics:
[2026-01-06T22:07:09.588+0800][17.232s][info][gc,heap     ] GC(64) Y:                Mark Start          Mark End        Relocate Start      Relocate End           High               Low         
[2026-01-06T22:07:09.588+0800][17.232s][info][gc,heap     ] GC(64) Y:  Capacity:     3498M (85%)        3498M (85%)        3498M (85%)        3498M (85%)        3498M (85%)        3498M (85%)    
[2026-01-06T22:07:09.588+0800][17.232s][info][gc,heap     ] GC(64) Y:      Free:     2592M (63%)        2588M (63%)        4086M (100%)       4084M (100%)       4086M (100%)       2588M (63%)    
[2026-01-06T22:07:09.588+0800][17.232s][info][gc,heap     ] GC(64) Y:      Used:     1504M (37%)        1508M (37%)          10M (0%)           12M (0%)         1508M (37%)          10M (0%)     
[2026-01-06T22:07:09.588+0800][17.232s][info][gc,heap     ] GC(64) Y: Young Generation Statistics:
[2026-01-06T22:07:09.588+0800][17.232s][info][gc,heap     ] GC(64) Y:                Mark Start          Mark End        Relocate Start      Relocate End    
[2026-01-06T22:07:09.588+0800][17.232s][info][gc,heap     ] GC(64) Y:      Used:     1502M (37%)        1506M (37%)           8M (0%)           10M (0%)     
[2026-01-06T22:07:09.588+0800][17.232s][info][gc,heap     ] GC(64) Y:      Live:         -                 0M (0%)            0M (0%)            0M (0%)     
[2026-01-06T22:07:09.588+0800][17.232s][info][gc,heap     ] GC(64) Y:   Garbage:         -              1501M (37%)           1M (0%)            1M (0%)     
[2026-01-06T22:07:09.588+0800][17.232s][info][gc,heap     ] GC(64) Y: Allocated:         -                 4M (0%)            6M (0%)            8M (0%)     
[2026-01-06T22:07:09.588+0800][17.232s][info][gc,heap     ] GC(64) Y: Reclaimed:         -                  -              1500M (37%)        1500M (37%)    
[2026-01-06T22:07:09.588+0800][17.232s][info][gc,heap     ] GC(64) Y:  Promoted:         -                  -                 0M (0%)            0M (0%)     
[2026-01-06T22:07:09.588+0800][17.232s][info][gc,heap     ] GC(64) Y: Compacted:         -                  -                  -                 0M (0%)     
[2026-01-06T22:07:09.588+0800][17.232s][info][gc,phases   ] GC(64) Y: Young Generation 1504M(37%)->12M(0%) 0.000s
[2026-01-06T22:07:09.588+0800][17.232s][info][gc,phases   ] GC(64) O: Old Generation
[2026-01-06T22:07:09.589+0800][17.233s][info][gc,phases   ] GC(64) O: Concurrent Mark 0.609ms
[2026-01-06T22:07:09.589+0800][17.233s][info][gc,phases   ] GC(64) O: Pause Mark End 0.002ms
[2026-01-06T22:07:09.589+0800][17.233s][info][gc,phases   ] GC(64) O: Concurrent Mark Free 0.000ms
[2026-01-06T22:07:09.589+0800][17.233s][info][gc,phases   ] GC(64) O: Concurrent Process Non-Strong 0.108ms
[2026-01-06T22:07:09.589+0800][17.233s][info][gc,phases   ] GC(64) O: Concurrent Reset Relocation Set 0.000ms
[2026-01-06T22:07:09.589+0800][17.233s][info][gc,phases   ] GC(64) O: Concurrent Select Relocation Set 0.020ms
[2026-01-06T22:07:09.589+0800][17.233s][info][gc,task     ] GC(64) O: Using 2 Workers for Old Generation
[2026-01-06T22:07:09.589+0800][17.233s][info][gc,task     ] GC(64) O: Using 1 Workers for Old Generation
[2026-01-06T22:07:09.589+0800][17.233s][info][gc,phases   ] GC(64) O: Concurrent Remap Roots 0.051ms
[2026-01-06T22:07:09.589+0800][17.233s][info][gc,phases   ] GC(64) O: Pause Relocate Start 0.001ms
[2026-01-06T22:07:09.589+0800][17.233s][info][gc,phases   ] GC(64) O: Concurrent Relocate 0.005ms
[2026-01-06T22:07:09.589+0800][17.233s][info][gc,alloc    ] GC(64) O:                         Mark Start        Mark End      Relocate Start    Relocate End   
[2026-01-06T22:07:09.589+0800][17.233s][info][gc,alloc    ] GC(64) O: Allocation Stalls:          0                0                0                0         
[2026-01-06T22:07:09.589+0800][17.233s][info][gc,load     ] GC(64) O: Load: 1.49 (15%) / 1.70 (17%) / 1.98 (20%)
[2026-01-06T22:07:09.589+0800][17.233s][info][gc,mmu      ] GC(64) O: MMU: 2ms/97.4%, 5ms/98.6%, 10ms/99.3%, 20ms/99.5%, 50ms/99.8%, 100ms/99.9%
[2026-01-06T22:07:09.589+0800][17.233s][info][gc,marking  ] GC(64) O: Mark: 1 stripe(s), 2 proactive flush(es), 1 terminate flush(es), 0 completion(s), 0 continuation(s) 
[2026-01-06T22:07:09.589+0800][17.233s][info][gc,nmethod  ] GC(64) O: NMethods: 120 registered, 37 unregistered
[2026-01-06T22:07:09.589+0800][17.233s][info][gc,metaspace] GC(64) O: Metaspace: 0M used, 0M committed, 1088M reserved
[2026-01-06T22:07:09.589+0800][17.233s][info][gc,ref      ] GC(64) O:                       Encountered   Discovered     Enqueued 
[2026-01-06T22:07:09.589+0800][17.233s][info][gc,ref      ] GC(64) O: Soft References:                1            0            0 
[2026-01-06T22:07:09.589+0800][17.233s][info][gc,ref      ] GC(64) O: Weak References:                6            0            0 
[2026-01-06T22:07:09.589+0800][17.233s][info][gc,ref      ] GC(64) O: Final References:               0            0            0 
[2026-01-06T22:07:09.589+0800][17.233s][info][gc,ref      ] GC(64) O: Phantom References:             1            1            0 
[2026-01-06T22:07:09.589+0800][17.233s][info][gc,reloc    ] GC(64) O:                        Candidates     Selected     In-Place         Size        Empty    Relocated 
[2026-01-06T22:07:09.589+0800][17.233s][info][gc,reloc    ] GC(64) O: Small Pages:                    1            0            0           2M           0M           0M 
[2026-01-06T22:07:09.589+0800][17.233s][info][gc,reloc    ] GC(64) O: Medium Pages:                   0            0            0           0M           0M           0M 
[2026-01-06T22:07:09.589+0800][17.233s][info][gc,reloc    ] GC(64) O: Large Pages:                    0            0            0           0M           0M           0M 
[2026-01-06T22:07:09.589+0800][17.233s][info][gc,reloc    ] GC(64) O: Forwarding Usage: 0M
[2026-01-06T22:07:09.589+0800][17.233s][info][gc,heap     ] GC(64) O: Min Capacity: 8M(0%)
[2026-01-06T22:07:09.589+0800][17.233s][info][gc,heap     ] GC(64) O: Max Capacity: 4096M(100%)
[2026-01-06T22:07:09.589+0800][17.233s][info][gc,heap     ] GC(64) O: Soft Max Capacity: 3686M(90%)
[2026-01-06T22:07:09.589+0800][17.233s][info][gc,heap     ] GC(64) O: Heap Statistics:
[2026-01-06T22:07:09.589+0800][17.233s][info][gc,heap     ] GC(64) O:                Mark Start          Mark End        Relocate Start      Relocate End           High               Low         
[2026-01-06T22:07:09.589+0800][17.233s][info][gc,heap     ] GC(64) O:  Capacity:     3498M (85%)        3498M (85%)        3498M (85%)        3498M (85%)        3498M (85%)        3498M (85%)    
[2026-01-06T22:07:09.589+0800][17.233s][info][gc,heap     ] GC(64) O:      Free:     2592M (63%)        4072M (99%)        4068M (99%)        4068M (99%)        4086M (100%)       2588M (63%)    
[2026-01-06T22:07:09.589+0800][17.233s][info][gc,heap     ] GC(64) O:      Used:     1504M (37%)          24M (1%)           28M (1%)           28M (1%)         1508M (37%)          10M (0%)     
[2026-01-06T22:07:09.589+0800][17.233s][info][gc,heap     ] GC(64) O: Old Generation Statistics:
[2026-01-06T22:07:09.589+0800][17.233s][info][gc,heap     ] GC(64) O:                Mark Start          Mark End        Relocate Start      Relocate End    
[2026-01-06T22:07:09.589+0800][17.233s][info][gc,heap     ] GC(64) O:      Used:        2M (0%)            2M (0%)            2M (0%)            2M (0%)     
[2026-01-06T22:07:09.589+0800][17.233s][info][gc,heap     ] GC(64) O:      Live:         -                 0M (0%)            0M (0%)            0M (0%)     
[2026-01-06T22:07:09.589+0800][17.233s][info][gc,heap     ] GC(64) O:   Garbage:         -                 1M (0%)            1M (0%)            1M (0%)     
[2026-01-06T22:07:09.589+0800][17.233s][info][gc,heap     ] GC(64) O: Allocated:         -                 0M (0%)            0M (0%)            0M (0%)     
[2026-01-06T22:07:09.589+0800][17.233s][info][gc,heap     ] GC(64) O: Reclaimed:         -                  -                 0M (0%)            0M (0%)     
[2026-01-06T22:07:09.589+0800][17.233s][info][gc,heap     ] GC(64) O: Compacted:         -                  -                  -                 0M (0%)     
[2026-01-06T22:07:09.589+0800][17.233s][info][gc,phases   ] GC(64) O: Old Generation 14M(0%)->28M(1%) 0.001s
[2026-01-06T22:07:09.589+0800][17.233s][info][gc          ] GC(64) Major Collection (Proactive) 1504M(37%)->30M(1%) 0.002s
[2026-01-06T22:07:09.666+0800][17.310s][info][gc          ] GC(65) Major Collection (Proactive)
[2026-01-06T22:07:09.666+0800][17.310s][info][gc,task     ] GC(65) Using 1 Workers for Young Generation
[2026-01-06T22:07:09.666+0800][17.310s][info][gc,task     ] GC(65) Using 1 Workers for Old Generation
[2026-01-06T22:07:09.666+0800][17.310s][info][gc,phases   ] GC(65) Y: Young Generation
[2026-01-06T22:07:09.666+0800][17.310s][info][gc,phases   ] GC(65) Y: Pause Mark Start (Major) 0.014ms
[2026-01-06T22:07:09.666+0800][17.310s][info][gc,phases   ] GC(65) Y: Concurrent Mark 0.158ms
[2026-01-06T22:07:09.666+0800][17.310s][info][gc,phases   ] GC(65) Y: Pause Mark End 0.003ms
[2026-01-06T22:07:09.666+0800][17.310s][info][gc,phases   ] GC(65) Y: Concurrent Mark Free 0.000ms
[2026-01-06T22:07:09.666+0800][17.310s][info][gc,phases   ] GC(65) Y: Concurrent Reset Relocation Set 0.000ms
[2026-01-06T22:07:09.666+0800][17.310s][info][gc,reloc    ] GC(65) Y: Using tenuring threshold: 1 (Computed)
[2026-01-06T22:07:09.666+0800][17.310s][info][gc,phases   ] GC(65) Y: Concurrent Select Relocation Set 0.148ms
[2026-01-06T22:07:09.666+0800][17.310s][info][gc,phases   ] GC(65) Y: Pause Relocate Start 0.001ms
[2026-01-06T22:07:09.666+0800][17.310s][info][gc,phases   ] GC(65) Y: Concurrent Relocate 0.009ms
[2026-01-06T22:07:09.666+0800][17.310s][info][gc,alloc    ] GC(65) Y:                         Mark Start        Mark End      Relocate Start    Relocate End   
[2026-01-06T22:07:09.666+0800][17.310s][info][gc,alloc    ] GC(65) Y: Allocation Stalls:          0                0                0                0         
[2026-01-06T22:07:09.666+0800][17.310s][info][gc,load     ] GC(65) Y: Load: 1.49 (15%) / 1.70 (17%) / 1.98 (20%)
[2026-01-06T22:07:09.666+0800][17.310s][info][gc,mmu      ] GC(65) Y: MMU: 2ms/97.4%, 5ms/98.6%, 10ms/99.3%, 20ms/99.5%, 50ms/99.8%, 100ms/99.9%
[2026-01-06T22:07:09.666+0800][17.310s][info][gc,marking  ] GC(65) Y: Mark: 1 stripe(s), 2 proactive flush(es), 1 terminate flush(es), 0 completion(s), 0 continuation(s) 
[2026-01-06T22:07:09.666+0800][17.310s][info][gc,nmethod  ] GC(65) Y: NMethods: 120 registered, 37 unregistered
[2026-01-06T22:07:09.666+0800][17.310s][info][gc,metaspace] GC(65) Y: Metaspace: 0M used, 0M committed, 1088M reserved
[2026-01-06T22:07:09.666+0800][17.310s][info][gc,reloc    ] GC(65) Y:                        Candidates     Selected     In-Place         Size        Empty    Relocated 
[2026-01-06T22:07:09.666+0800][17.310s][info][gc,reloc    ] GC(65) Y: Small Pages:                  766            0            0        1532M        1530M           0M 
[2026-01-06T22:07:09.666+0800][17.310s][info][gc,reloc    ] GC(65) Y: Medium Pages:                   0            0            0           0M           0M           0M 
[2026-01-06T22:07:09.666+0800][17.310s][info][gc,reloc    ] GC(65) Y: Large Pages:                    0            0            0           0M           0M           0M 
[2026-01-06T22:07:09.666+0800][17.310s][info][gc,reloc    ] GC(65) Y: Forwarding Usage: 0M
[2026-01-06T22:07:09.666+0800][17.310s][info][gc,reloc    ] GC(65) Y: Age Table:
[2026-01-06T22:07:09.666+0800][17.310s][info][gc,reloc    ] GC(65) Y:                    Live             Garbage             Small              Medium             Large        
[2026-01-06T22:07:09.666+0800][17.310s][info][gc,reloc    ] GC(65) Y: Eden               0M (0%)         1529M (37%)        765 / 0              0 / 0              0 / 0        
[2026-01-06T22:07:09.666+0800][17.310s][info][gc,reloc    ] GC(65) Y: Survivor 1          -                 2M (0%)           1 / 0              0 / 0              0 / 0        
[2026-01-06T22:07:09.666+0800][17.310s][info][gc,heap     ] GC(65) Y: Min Capacity: 8M(0%)
[2026-01-06T22:07:09.666+0800][17.310s][info][gc,heap     ] GC(65) Y: Max Capacity: 4096M(100%)
[2026-01-06T22:07:09.666+0800][17.310s][info][gc,heap     ] GC(65) Y: Soft Max Capacity: 3686M(90%)
[2026-01-06T22:07:09.666+0800][17.310s][info][gc,heap     ] GC(65) Y: Heap Statistics:
[2026-01-06T22:07:09.666+0800][17.310s][info][gc,heap     ] GC(65) Y:                Mark Start          Mark End        Relocate Start      Relocate End           High               Low         
[2026-01-06T22:07:09.666+0800][17.310s][info][gc,heap     ] GC(65) Y:  Capacity:     3498M (85%)        3498M (85%)        3498M (85%)        3498M (85%)        3498M (85%)        3498M (85%)    
[2026-01-06T22:07:09.666+0800][17.310s][info][gc,heap     ] GC(65) Y:      Free:     2562M (63%)        2558M (62%)        4086M (100%)       4086M (100%)       4086M (100%)       2558M (62%)    
[2026-01-06T22:07:09.666+0800][17.310s][info][gc,heap     ] GC(65) Y:      Used:     1534M (37%)        1538M (38%)          10M (0%)           10M (0%)         1538M (38%)          10M (0%)     
[2026-01-06T22:07:09.666+0800][17.310s][info][gc,heap     ] GC(65) Y: Young Generation Statistics:
[2026-01-06T22:07:09.666+0800][17.310s][info][gc,heap     ] GC(65) Y:                Mark Start          Mark End        Relocate Start      Relocate End    
[2026-01-06T22:07:09.666+0800][17.310s][info][gc,heap     ] GC(65) Y:      Used:     1532M (37%)        1536M (38%)           8M (0%)            8M (0%)     
[2026-01-06T22:07:09.666+0800][17.310s][info][gc,heap     ] GC(65) Y:      Live:         -                 0M (0%)            0M (0%)            0M (0%)     
[2026-01-06T22:07:09.666+0800][17.310s][info][gc,heap     ] GC(65) Y:   Garbage:         -              1531M (37%)           1M (0%)            1M (0%)     
[2026-01-06T22:07:09.666+0800][17.310s][info][gc,heap     ] GC(65) Y: Allocated:         -                 4M (0%)            6M (0%)            6M (0%)     
[2026-01-06T22:07:09.666+0800][17.310s][info][gc,heap     ] GC(65) Y: Reclaimed:         -                  -              1530M (37%)        1530M (37%)    
[2026-01-06T22:07:09.666+0800][17.310s][info][gc,heap     ] GC(65) Y:  Promoted:         -                  -                 0M (0%)            0M (0%)     
[2026-01-06T22:07:09.666+0800][17.310s][info][gc,heap     ] GC(65) Y: Compacted:         -                  -                  -                 0M (0%)     
[2026-01-06T22:07:09.666+0800][17.310s][info][gc,phases   ] GC(65) Y: Young Generation 1534M(37%)->10M(0%) 0.000s
[2026-01-06T22:07:09.666+0800][17.310s][info][gc,phases   ] GC(65) O: Old Generation
[2026-01-06T22:07:09.667+0800][17.311s][info][gc,phases   ] GC(65) O: Concurrent Mark 0.590ms
[2026-01-06T22:07:09.667+0800][17.311s][info][gc,phases   ] GC(65) O: Pause Mark End 0.002ms
[2026-01-06T22:07:09.667+0800][17.311s][info][gc,phases   ] GC(65) O: Concurrent Mark Free 0.000ms
[2026-01-06T22:07:09.667+0800][17.311s][info][gc,phases   ] GC(65) O: Concurrent Process Non-Strong 0.106ms
[2026-01-06T22:07:09.667+0800][17.311s][info][gc,phases   ] GC(65) O: Concurrent Reset Relocation Set 0.000ms
[2026-01-06T22:07:09.667+0800][17.311s][info][gc,phases   ] GC(65) O: Concurrent Select Relocation Set 0.016ms
[2026-01-06T22:07:09.667+0800][17.311s][info][gc,task     ] GC(65) O: Using 2 Workers for Old Generation
[2026-01-06T22:07:09.667+0800][17.311s][info][gc,task     ] GC(65) O: Using 1 Workers for Old Generation
[2026-01-06T22:07:09.667+0800][17.311s][info][gc,phases   ] GC(65) O: Concurrent Remap Roots 0.044ms
[2026-01-06T22:07:09.667+0800][17.311s][info][gc,phases   ] GC(65) O: Pause Relocate Start 0.001ms
[2026-01-06T22:07:09.667+0800][17.311s][info][gc,phases   ] GC(65) O: Concurrent Relocate 0.006ms
[2026-01-06T22:07:09.667+0800][17.311s][info][gc,alloc    ] GC(65) O:                         Mark Start        Mark End      Relocate Start    Relocate End   
[2026-01-06T22:07:09.667+0800][17.311s][info][gc,alloc    ] GC(65) O: Allocation Stalls:          0                0                0                0         
[2026-01-06T22:07:09.667+0800][17.311s][info][gc,load     ] GC(65) O: Load: 1.49 (15%) / 1.70 (17%) / 1.98 (20%)
[2026-01-06T22:07:09.667+0800][17.311s][info][gc,mmu      ] GC(65) O: MMU: 2ms/97.4%, 5ms/98.6%, 10ms/99.3%, 20ms/99.5%, 50ms/99.8%, 100ms/99.9%
[2026-01-06T22:07:09.667+0800][17.311s][info][gc,marking  ] GC(65) O: Mark: 1 stripe(s), 2 proactive flush(es), 1 terminate flush(es), 0 completion(s), 0 continuation(s) 
[2026-01-06T22:07:09.667+0800][17.311s][info][gc,nmethod  ] GC(65) O: NMethods: 120 registered, 37 unregistered
[2026-01-06T22:07:09.667+0800][17.311s][info][gc,metaspace] GC(65) O: Metaspace: 0M used, 0M committed, 1088M reserved
[2026-01-06T22:07:09.667+0800][17.311s][info][gc,ref      ] GC(65) O:                       Encountered   Discovered     Enqueued 
[2026-01-06T22:07:09.667+0800][17.311s][info][gc,ref      ] GC(65) O: Soft References:                1            0            0 
[2026-01-06T22:07:09.667+0800][17.311s][info][gc,ref      ] GC(65) O: Weak References:                6            0            0 
[2026-01-06T22:07:09.667+0800][17.311s][info][gc,ref      ] GC(65) O: Final References:               0            0            0 
[2026-01-06T22:07:09.667+0800][17.311s][info][gc,ref      ] GC(65) O: Phantom References:             1            1            0 
[2026-01-06T22:07:09.667+0800][17.311s][info][gc,reloc    ] GC(65) O:                        Candidates     Selected     In-Place         Size        Empty    Relocated 
[2026-01-06T22:07:09.667+0800][17.311s][info][gc,reloc    ] GC(65) O: Small Pages:                    1            0            0           2M           0M           0M 
[2026-01-06T22:07:09.667+0800][17.311s][info][gc,reloc    ] GC(65) O: Medium Pages:                   0            0            0           0M           0M           0M 
[2026-01-06T22:07:09.667+0800][17.311s][info][gc,reloc    ] GC(65) O: Large Pages:                    0            0            0           0M           0M           0M 
[2026-01-06T22:07:09.667+0800][17.311s][info][gc,reloc    ] GC(65) O: Forwarding Usage: 0M
[2026-01-06T22:07:09.667+0800][17.311s][info][gc,heap     ] GC(65) O: Min Capacity: 8M(0%)
[2026-01-06T22:07:09.667+0800][17.311s][info][gc,heap     ] GC(65) O: Max Capacity: 4096M(100%)
[2026-01-06T22:07:09.667+0800][17.311s][info][gc,heap     ] GC(65) O: Soft Max Capacity: 3686M(90%)
[2026-01-06T22:07:09.667+0800][17.311s][info][gc,heap     ] GC(65) O: Heap Statistics:
[2026-01-06T22:07:09.667+0800][17.311s][info][gc,heap     ] GC(65) O:                Mark Start          Mark End        Relocate Start      Relocate End           High               Low         
[2026-01-06T22:07:09.667+0800][17.311s][info][gc,heap     ] GC(65) O:  Capacity:     3498M (85%)        3498M (85%)        3498M (85%)        3498M (85%)        3498M (85%)        3498M (85%)    
[2026-01-06T22:07:09.667+0800][17.311s][info][gc,heap     ] GC(65) O:      Free:     2562M (63%)        4072M (99%)        4070M (99%)        4070M (99%)        4086M (100%)       2558M (62%)    
[2026-01-06T22:07:09.667+0800][17.311s][info][gc,heap     ] GC(65) O:      Used:     1534M (37%)          24M (1%)           26M (1%)           26M (1%)         1538M (38%)          10M (0%)     
[2026-01-06T22:07:09.667+0800][17.311s][info][gc,heap     ] GC(65) O: Old Generation Statistics:
[2026-01-06T22:07:09.667+0800][17.311s][info][gc,heap     ] GC(65) O:                Mark Start          Mark End        Relocate Start      Relocate End    
[2026-01-06T22:07:09.667+0800][17.311s][info][gc,heap     ] GC(65) O:      Used:        2M (0%)            2M (0%)            2M (0%)            2M (0%)     
[2026-01-06T22:07:09.667+0800][17.311s][info][gc,heap     ] GC(65) O:      Live:         -                 0M (0%)            0M (0%)            0M (0%)     
[2026-01-06T22:07:09.667+0800][17.311s][info][gc,heap     ] GC(65) O:   Garbage:         -                 1M (0%)            1M (0%)            1M (0%)     
[2026-01-06T22:07:09.667+0800][17.311s][info][gc,heap     ] GC(65) O: Allocated:         -                 0M (0%)            0M (0%)            0M (0%)     
[2026-01-06T22:07:09.667+0800][17.311s][info][gc,heap     ] GC(65) O: Reclaimed:         -                  -                 0M (0%)            0M (0%)     
[2026-01-06T22:07:09.667+0800][17.311s][info][gc,heap     ] GC(65) O: Compacted:         -                  -                  -                 0M (0%)     
[2026-01-06T22:07:09.667+0800][17.311s][info][gc,phases   ] GC(65) O: Old Generation 12M(0%)->26M(1%) 0.001s
[2026-01-06T22:07:09.667+0800][17.311s][info][gc          ] GC(65) Major Collection (Proactive) 1534M(37%)->28M(1%) 0.002s
[2026-01-06T22:07:09.742+0800][17.386s][info][gc          ] GC(66) Major Collection (Proactive)
[2026-01-06T22:07:09.742+0800][17.386s][info][gc,task     ] GC(66) Using 1 Workers for Young Generation
[2026-01-06T22:07:09.742+0800][17.386s][info][gc,task     ] GC(66) Using 1 Workers for Old Generation
[2026-01-06T22:07:09.742+0800][17.386s][info][gc,phases   ] GC(66) Y: Young Generation
[2026-01-06T22:07:09.742+0800][17.386s][info][gc,phases   ] GC(66) Y: Pause Mark Start (Major) 0.003ms
[2026-01-06T22:07:09.742+0800][17.386s][info][gc,phases   ] GC(66) Y: Concurrent Mark 0.211ms
[2026-01-06T22:07:09.742+0800][17.386s][info][gc,phases   ] GC(66) Y: Pause Mark End 0.002ms
[2026-01-06T22:07:09.742+0800][17.386s][info][gc,phases   ] GC(66) Y: Concurrent Mark Free 0.000ms
[2026-01-06T22:07:09.742+0800][17.386s][info][gc,phases   ] GC(66) Y: Concurrent Reset Relocation Set 0.000ms
[2026-01-06T22:07:09.742+0800][17.386s][info][gc,reloc    ] GC(66) Y: Using tenuring threshold: 0 (Computed)
[2026-01-06T22:07:09.742+0800][17.386s][info][gc,phases   ] GC(66) Y: Concurrent Select Relocation Set 0.145ms
[2026-01-06T22:07:09.742+0800][17.386s][info][gc,phases   ] GC(66) Y: Pause Relocate Start 0.001ms
[2026-01-06T22:07:09.742+0800][17.386s][info][gc,phases   ] GC(66) Y: Concurrent Relocate 0.012ms
[2026-01-06T22:07:09.742+0800][17.386s][info][gc,alloc    ] GC(66) Y:                         Mark Start        Mark End      Relocate Start    Relocate End   
[2026-01-06T22:07:09.742+0800][17.386s][info][gc,alloc    ] GC(66) Y: Allocation Stalls:          0                0                0                0         
[2026-01-06T22:07:09.742+0800][17.386s][info][gc,load     ] GC(66) Y: Load: 1.49 (15%) / 1.70 (17%) / 1.98 (20%)
[2026-01-06T22:07:09.742+0800][17.386s][info][gc,mmu      ] GC(66) Y: MMU: 2ms/97.4%, 5ms/98.6%, 10ms/99.3%, 20ms/99.5%, 50ms/99.8%, 100ms/99.9%
[2026-01-06T22:07:09.742+0800][17.386s][info][gc,marking  ] GC(66) Y: Mark: 1 stripe(s), 1 proactive flush(es), 1 terminate flush(es), 0 completion(s), 0 continuation(s) 
[2026-01-06T22:07:09.742+0800][17.386s][info][gc,nmethod  ] GC(66) Y: NMethods: 120 registered, 37 unregistered
[2026-01-06T22:07:09.742+0800][17.386s][info][gc,metaspace] GC(66) Y: Metaspace: 0M used, 0M committed, 1088M reserved
[2026-01-06T22:07:09.742+0800][17.386s][info][gc,reloc    ] GC(66) Y:                        Candidates     Selected     In-Place         Size        Empty    Relocated 
[2026-01-06T22:07:09.742+0800][17.386s][info][gc,reloc    ] GC(66) Y: Small Pages:                  736            0            0        1472M        1472M           0M 
[2026-01-06T22:07:09.742+0800][17.386s][info][gc,reloc    ] GC(66) Y: Medium Pages:                   0            0            0           0M           0M           0M 
[2026-01-06T22:07:09.742+0800][17.386s][info][gc,reloc    ] GC(66) Y: Large Pages:                    0            0            0           0M           0M           0M 
[2026-01-06T22:07:09.743+0800][17.386s][info][gc,reloc    ] GC(66) Y: Forwarding Usage: 0M
[2026-01-06T22:07:09.743+0800][17.386s][info][gc,reloc    ] GC(66) Y: Age Table:
[2026-01-06T22:07:09.743+0800][17.386s][info][gc,reloc    ] GC(66) Y:                    Live             Garbage             Small              Medium             Large        
[2026-01-06T22:07:09.743+0800][17.386s][info][gc,reloc    ] GC(66) Y: Eden                -              1470M (36%)        735 / 0              0 / 0              0 / 0        
[2026-01-06T22:07:09.743+0800][17.386s][info][gc,reloc    ] GC(66) Y: Survivor 1          -                 2M (0%)           1 / 0              0 / 0              0 / 0        
[2026-01-06T22:07:09.743+0800][17.386s][info][gc,heap     ] GC(66) Y: Min Capacity: 8M(0%)
[2026-01-06T22:07:09.743+0800][17.386s][info][gc,heap     ] GC(66) Y: Max Capacity: 4096M(100%)
[2026-01-06T22:07:09.743+0800][17.386s][info][gc,heap     ] GC(66) Y: Soft Max Capacity: 3686M(90%)
[2026-01-06T22:07:09.743+0800][17.386s][info][gc,heap     ] GC(66) Y: Heap Statistics:
[2026-01-06T22:07:09.743+0800][17.386s][info][gc,heap     ] GC(66) Y:                Mark Start          Mark End        Relocate Start      Relocate End           High               Low         
[2026-01-06T22:07:09.743+0800][17.386s][info][gc,heap     ] GC(66) Y:  Capacity:     3498M (85%)        3498M (85%)        3498M (85%)        3498M (85%)        3498M (85%)        3498M (85%)    
[2026-01-06T22:07:09.743+0800][17.386s][info][gc,heap     ] GC(66) Y:      Free:     2622M (64%)        2620M (64%)        4090M (100%)       4090M (100%)       4090M (100%)       2620M (64%)    
[2026-01-06T22:07:09.743+0800][17.386s][info][gc,heap     ] GC(66) Y:      Used:     1474M (36%)        1476M (36%)           6M (0%)            6M (0%)         1476M (36%)           6M (0%)     
[2026-01-06T22:07:09.743+0800][17.386s][info][gc,heap     ] GC(66) Y: Young Generation Statistics:
[2026-01-06T22:07:09.743+0800][17.386s][info][gc,heap     ] GC(66) Y:                Mark Start          Mark End        Relocate Start      Relocate End    
[2026-01-06T22:07:09.743+0800][17.386s][info][gc,heap     ] GC(66) Y:      Used:     1472M (36%)        1474M (36%)           4M (0%)            4M (0%)     
[2026-01-06T22:07:09.743+0800][17.386s][info][gc,heap     ] GC(66) Y:      Live:         -                 0M (0%)            0M (0%)            0M (0%)     
[2026-01-06T22:07:09.743+0800][17.386s][info][gc,heap     ] GC(66) Y:   Garbage:         -              1472M (36%)           0M (0%)            0M (0%)     
[2026-01-06T22:07:09.743+0800][17.386s][info][gc,heap     ] GC(66) Y: Allocated:         -                 2M (0%)            4M (0%)            4M (0%)     
[2026-01-06T22:07:09.743+0800][17.386s][info][gc,heap     ] GC(66) Y: Reclaimed:         -                  -              1472M (36%)        1472M (36%)    
[2026-01-06T22:07:09.743+0800][17.386s][info][gc,heap     ] GC(66) Y:  Promoted:         -                  -                 0M (0%)            0M (0%)     
[2026-01-06T22:07:09.743+0800][17.386s][info][gc,heap     ] GC(66) Y: Compacted:         -                  -                  -                 0M (0%)     
[2026-01-06T22:07:09.743+0800][17.386s][info][gc,phases   ] GC(66) Y: Young Generation 1474M(36%)->6M(0%) 0.001s
[2026-01-06T22:07:09.743+0800][17.386s][info][gc,phases   ] GC(66) O: Old Generation
[2026-01-06T22:07:09.743+0800][17.387s][info][gc,phases   ] GC(66) O: Concurrent Mark 0.599ms
[2026-01-06T22:07:09.743+0800][17.387s][info][gc,phases   ] GC(66) O: Pause Mark End 0.003ms
[2026-01-06T22:07:09.743+0800][17.387s][info][gc,phases   ] GC(66) O: Concurrent Mark Free 0.000ms
[2026-01-06T22:07:09.743+0800][17.387s][info][gc,phases   ] GC(66) O: Concurrent Process Non-Strong 0.102ms
[2026-01-06T22:07:09.743+0800][17.387s][info][gc,phases   ] GC(66) O: Concurrent Reset Relocation Set 0.000ms
[2026-01-06T22:07:09.743+0800][17.387s][info][gc,phases   ] GC(66) O: Concurrent Select Relocation Set 0.017ms
[2026-01-06T22:07:09.743+0800][17.387s][info][gc,task     ] GC(66) O: Using 2 Workers for Old Generation
[2026-01-06T22:07:09.743+0800][17.387s][info][gc,task     ] GC(66) O: Using 1 Workers for Old Generation
[2026-01-06T22:07:09.743+0800][17.387s][info][gc,phases   ] GC(66) O: Concurrent Remap Roots 0.046ms
[2026-01-06T22:07:09.743+0800][17.387s][info][gc,phases   ] GC(66) O: Pause Relocate Start 0.001ms
[2026-01-06T22:07:09.743+0800][17.387s][info][gc,phases   ] GC(66) O: Concurrent Relocate 0.007ms
[2026-01-06T22:07:09.743+0800][17.387s][info][gc,alloc    ] GC(66) O:                         Mark Start        Mark End      Relocate Start    Relocate End   
[2026-01-06T22:07:09.743+0800][17.387s][info][gc,alloc    ] GC(66) O: Allocation Stalls:          0                0                0                0         
[2026-01-06T22:07:09.743+0800][17.387s][info][gc,load     ] GC(66) O: Load: 1.49 (15%) / 1.70 (17%) / 1.98 (20%)
[2026-01-06T22:07:09.743+0800][17.387s][info][gc,mmu      ] GC(66) O: MMU: 2ms/97.4%, 5ms/98.6%, 10ms/99.3%, 20ms/99.5%, 50ms/99.8%, 100ms/99.9%
[2026-01-06T22:07:09.743+0800][17.387s][info][gc,marking  ] GC(66) O: Mark: 1 stripe(s), 2 proactive flush(es), 1 terminate flush(es), 0 completion(s), 0 continuation(s) 
[2026-01-06T22:07:09.743+0800][17.387s][info][gc,nmethod  ] GC(66) O: NMethods: 120 registered, 37 unregistered
[2026-01-06T22:07:09.743+0800][17.387s][info][gc,metaspace] GC(66) O: Metaspace: 0M used, 0M committed, 1088M reserved
[2026-01-06T22:07:09.743+0800][17.387s][info][gc,ref      ] GC(66) O:                       Encountered   Discovered     Enqueued 
[2026-01-06T22:07:09.743+0800][17.387s][info][gc,ref      ] GC(66) O: Soft References:                1            0            0 
[2026-01-06T22:07:09.743+0800][17.387s][info][gc,ref      ] GC(66) O: Weak References:                6            0            0 
[2026-01-06T22:07:09.743+0800][17.387s][info][gc,ref      ] GC(66) O: Final References:               0            0            0 
[2026-01-06T22:07:09.743+0800][17.387s][info][gc,ref      ] GC(66) O: Phantom References:             1            1            0 
[2026-01-06T22:07:09.743+0800][17.387s][info][gc,reloc    ] GC(66) O:                        Candidates     Selected     In-Place         Size        Empty    Relocated 
[2026-01-06T22:07:09.743+0800][17.387s][info][gc,reloc    ] GC(66) O: Small Pages:                    1            0            0           2M           0M           0M 
[2026-01-06T22:07:09.743+0800][17.387s][info][gc,reloc    ] GC(66) O: Medium Pages:                   0            0            0           0M           0M           0M 
[2026-01-06T22:07:09.743+0800][17.387s][info][gc,reloc    ] GC(66) O: Large Pages:                    0            0            0           0M           0M           0M 
[2026-01-06T22:07:09.743+0800][17.387s][info][gc,reloc    ] GC(66) O: Forwarding Usage: 0M
[2026-01-06T22:07:09.743+0800][17.387s][info][gc,heap     ] GC(66) O: Min Capacity: 8M(0%)
[2026-01-06T22:07:09.743+0800][17.387s][info][gc,heap     ] GC(66) O: Max Capacity: 4096M(100%)
[2026-01-06T22:07:09.744+0800][17.387s][info][gc,heap     ] GC(66) O: Soft Max Capacity: 3686M(90%)
[2026-01-06T22:07:09.744+0800][17.387s][info][gc,heap     ] GC(66) O: Heap Statistics:
[2026-01-06T22:07:09.744+0800][17.387s][info][gc,heap     ] GC(66) O:                Mark Start          Mark End        Relocate Start      Relocate End           High               Low         
[2026-01-06T22:07:09.744+0800][17.387s][info][gc,heap     ] GC(66) O:  Capacity:     3498M (85%)        3498M (85%)        3498M (85%)        3498M (85%)        3498M (85%)        3498M (85%)    
[2026-01-06T22:07:09.744+0800][17.387s][info][gc,heap     ] GC(66) O:      Free:     2622M (64%)        4076M (100%)       4072M (99%)        4072M (99%)        4090M (100%)       2620M (64%)    
[2026-01-06T22:07:09.744+0800][17.387s][info][gc,heap     ] GC(66) O:      Used:     1474M (36%)          20M (0%)           24M (1%)           24M (1%)         1476M (36%)           6M (0%)     
[2026-01-06T22:07:09.744+0800][17.387s][info][gc,heap     ] GC(66) O: Old Generation Statistics:
[2026-01-06T22:07:09.744+0800][17.387s][info][gc,heap     ] GC(66) O:                Mark Start          Mark End        Relocate Start      Relocate End    
[2026-01-06T22:07:09.744+0800][17.387s][info][gc,heap     ] GC(66) O:      Used:        2M (0%)            2M (0%)            2M (0%)            2M (0%)     
[2026-01-06T22:07:09.744+0800][17.387s][info][gc,heap     ] GC(66) O:      Live:         -                 0M (0%)            0M (0%)            0M (0%)     
[2026-01-06T22:07:09.744+0800][17.387s][info][gc,heap     ] GC(66) O:   Garbage:         -                 1M (0%)            1M (0%)            1M (0%)     
[2026-01-06T22:07:09.744+0800][17.387s][info][gc,heap     ] GC(66) O: Allocated:         -                 0M (0%)            0M (0%)            0M (0%)     
[2026-01-06T22:07:09.744+0800][17.387s][info][gc,heap     ] GC(66) O: Reclaimed:         -                  -                 0M (0%)            0M (0%)     
[2026-01-06T22:07:09.744+0800][17.387s][info][gc,heap     ] GC(66) O: Compacted:         -                  -                  -                 0M (0%)     
[2026-01-06T22:07:09.744+0800][17.387s][info][gc,phases   ] GC(66) O: Old Generation 8M(0%)->24M(1%) 0.001s
[2026-01-06T22:07:09.744+0800][17.387s][info][gc          ] GC(66) Major Collection (Proactive) 1474M(36%)->26M(1%) 0.002s
[2026-01-06T22:07:09.822+0800][17.466s][info][gc          ] GC(67) Major Collection (Proactive)
[2026-01-06T22:07:09.822+0800][17.466s][info][gc,task     ] GC(67) Using 1 Workers for Young Generation
[2026-01-06T22:07:09.822+0800][17.466s][info][gc,task     ] GC(67) Using 1 Workers for Old Generation
[2026-01-06T22:07:09.822+0800][17.466s][info][gc,phases   ] GC(67) Y: Young Generation
[2026-01-06T22:07:09.822+0800][17.466s][info][gc,phases   ] GC(67) Y: Pause Mark Start (Major) 0.003ms
[2026-01-06T22:07:09.822+0800][17.466s][info][gc,phases   ] GC(67) Y: Concurrent Mark 0.144ms
[2026-01-06T22:07:09.822+0800][17.466s][info][gc,phases   ] GC(67) Y: Pause Mark End 0.003ms
[2026-01-06T22:07:09.822+0800][17.466s][info][gc,phases   ] GC(67) Y: Concurrent Mark Free 0.000ms
[2026-01-06T22:07:09.822+0800][17.466s][info][gc,phases   ] GC(67) Y: Concurrent Reset Relocation Set 0.000ms
[2026-01-06T22:07:09.822+0800][17.466s][info][gc,reloc    ] GC(67) Y: Using tenuring threshold: 1 (Computed)
[2026-01-06T22:07:09.822+0800][17.466s][info][gc,phases   ] GC(67) Y: Concurrent Select Relocation Set 0.141ms
[2026-01-06T22:07:09.822+0800][17.466s][info][gc,phases   ] GC(67) Y: Pause Relocate Start 0.001ms
[2026-01-06T22:07:09.822+0800][17.466s][info][gc,phases   ] GC(67) Y: Concurrent Relocate 0.011ms
[2026-01-06T22:07:09.822+0800][17.466s][info][gc,alloc    ] GC(67) Y:                         Mark Start        Mark End      Relocate Start    Relocate End   
[2026-01-06T22:07:09.822+0800][17.466s][info][gc,alloc    ] GC(67) Y: Allocation Stalls:          0                0                0                0         
[2026-01-06T22:07:09.822+0800][17.466s][info][gc,load     ] GC(67) Y: Load: 1.49 (15%) / 1.70 (17%) / 1.98 (20%)
[2026-01-06T22:07:09.822+0800][17.466s][info][gc,mmu      ] GC(67) Y: MMU: 2ms/97.4%, 5ms/98.6%, 10ms/99.3%, 20ms/99.5%, 50ms/99.8%, 100ms/99.9%
[2026-01-06T22:07:09.822+0800][17.466s][info][gc,marking  ] GC(67) Y: Mark: 1 stripe(s), 2 proactive flush(es), 1 terminate flush(es), 0 completion(s), 0 continuation(s) 
[2026-01-06T22:07:09.822+0800][17.466s][info][gc,nmethod  ] GC(67) Y: NMethods: 120 registered, 37 unregistered
[2026-01-06T22:07:09.822+0800][17.466s][info][gc,metaspace] GC(67) Y: Metaspace: 0M used, 0M committed, 1088M reserved
[2026-01-06T22:07:09.822+0800][17.466s][info][gc,reloc    ] GC(67) Y:                        Candidates     Selected     In-Place         Size        Empty    Relocated 
[2026-01-06T22:07:09.822+0800][17.466s][info][gc,reloc    ] GC(67) Y: Small Pages:                  765            0            0        1530M        1528M           0M 
[2026-01-06T22:07:09.822+0800][17.466s][info][gc,reloc    ] GC(67) Y: Medium Pages:                   0            0            0           0M           0M           0M 
[2026-01-06T22:07:09.822+0800][17.466s][info][gc,reloc    ] GC(67) Y: Large Pages:                    0            0            0           0M           0M           0M 
[2026-01-06T22:07:09.822+0800][17.466s][info][gc,reloc    ] GC(67) Y: Forwarding Usage: 0M
[2026-01-06T22:07:09.822+0800][17.466s][info][gc,reloc    ] GC(67) Y: Age Table:
[2026-01-06T22:07:09.823+0800][17.466s][info][gc,reloc    ] GC(67) Y:                    Live             Garbage             Small              Medium             Large        
[2026-01-06T22:07:09.823+0800][17.466s][info][gc,reloc    ] GC(67) Y: Eden               0M (0%)         1529M (37%)        765 / 0              0 / 0              0 / 0        
[2026-01-06T22:07:09.823+0800][17.466s][info][gc,heap     ] GC(67) Y: Min Capacity: 8M(0%)
[2026-01-06T22:07:09.823+0800][17.466s][info][gc,heap     ] GC(67) Y: Max Capacity: 4096M(100%)
[2026-01-06T22:07:09.823+0800][17.466s][info][gc,heap     ] GC(67) Y: Soft Max Capacity: 3686M(90%)
[2026-01-06T22:07:09.823+0800][17.466s][info][gc,heap     ] GC(67) Y: Heap Statistics:
[2026-01-06T22:07:09.823+0800][17.466s][info][gc,heap     ] GC(67) Y:                Mark Start          Mark End        Relocate Start      Relocate End           High               Low         
[2026-01-06T22:07:09.823+0800][17.466s][info][gc,heap     ] GC(67) Y:  Capacity:     3498M (85%)        3498M (85%)        3498M (85%)        3498M (85%)        3498M (85%)        3498M (85%)    
[2026-01-06T22:07:09.823+0800][17.466s][info][gc,heap     ] GC(67) Y:      Free:     2564M (63%)        2560M (62%)        4086M (100%)       4086M (100%)       4086M (100%)       2560M (62%)    
[2026-01-06T22:07:09.823+0800][17.466s][info][gc,heap     ] GC(67) Y:      Used:     1532M (37%)        1536M (38%)          10M (0%)           10M (0%)         1536M (38%)          10M (0%)     
[2026-01-06T22:07:09.823+0800][17.466s][info][gc,heap     ] GC(67) Y: Young Generation Statistics:
[2026-01-06T22:07:09.823+0800][17.466s][info][gc,heap     ] GC(67) Y:                Mark Start          Mark End        Relocate Start      Relocate End    
[2026-01-06T22:07:09.823+0800][17.466s][info][gc,heap     ] GC(67) Y:      Used:     1530M (37%)        1534M (37%)           8M (0%)            8M (0%)     
[2026-01-06T22:07:09.823+0800][17.466s][info][gc,heap     ] GC(67) Y:      Live:         -                 0M (0%)            0M (0%)            0M (0%)     
[2026-01-06T22:07:09.823+0800][17.466s][info][gc,heap     ] GC(67) Y:   Garbage:         -              1529M (37%)           1M (0%)            1M (0%)     
[2026-01-06T22:07:09.823+0800][17.466s][info][gc,heap     ] GC(67) Y: Allocated:         -                 4M (0%)            6M (0%)            6M (0%)     
[2026-01-06T22:07:09.823+0800][17.466s][info][gc,heap     ] GC(67) Y: Reclaimed:         -                  -              1528M (37%)        1528M (37%)    
[2026-01-06T22:07:09.823+0800][17.466s][info][gc,heap     ] GC(67) Y:  Promoted:         -                  -                 0M (0%)            0M (0%)     
[2026-01-06T22:07:09.823+0800][17.466s][info][gc,heap     ] GC(67) Y: Compacted:         -                  -                  -                 0M (0%)     
[2026-01-06T22:07:09.823+0800][17.466s][info][gc,phases   ] GC(67) Y: Young Generation 1532M(37%)->10M(0%) 0.000s
[2026-01-06T22:07:09.823+0800][17.466s][info][gc,phases   ] GC(67) O: Old Generation
[2026-01-06T22:07:09.823+0800][17.467s][info][gc,phases   ] GC(67) O: Concurrent Mark 0.612ms
[2026-01-06T22:07:09.823+0800][17.467s][info][gc,phases   ] GC(67) O: Pause Mark End 0.002ms
[2026-01-06T22:07:09.823+0800][17.467s][info][gc,phases   ] GC(67) O: Concurrent Mark Free 0.000ms
[2026-01-06T22:07:09.823+0800][17.467s][info][gc,phases   ] GC(67) O: Concurrent Process Non-Strong 0.107ms
[2026-01-06T22:07:09.823+0800][17.467s][info][gc,phases   ] GC(67) O: Concurrent Reset Relocation Set 0.000ms
[2026-01-06T22:07:09.823+0800][17.467s][info][gc,phases   ] GC(67) O: Concurrent Select Relocation Set 0.017ms
[2026-01-06T22:07:09.823+0800][17.467s][info][gc,task     ] GC(67) O: Using 2 Workers for Old Generation
[2026-01-06T22:07:09.823+0800][17.467s][info][gc,task     ] GC(67) O: Using 1 Workers for Old Generation
[2026-01-06T22:07:09.823+0800][17.467s][info][gc,phases   ] GC(67) O: Concurrent Remap Roots 0.045ms
[2026-01-06T22:07:09.823+0800][17.467s][info][gc,phases   ] GC(67) O: Pause Relocate Start 0.001ms
[2026-01-06T22:07:09.823+0800][17.467s][info][gc,phases   ] GC(67) O: Concurrent Relocate 0.005ms
[2026-01-06T22:07:09.823+0800][17.467s][info][gc,alloc    ] GC(67) O:                         Mark Start        Mark End      Relocate Start    Relocate End   
[2026-01-06T22:07:09.823+0800][17.467s][info][gc,alloc    ] GC(67) O: Allocation Stalls:          0                0                0                0         
[2026-01-06T22:07:09.823+0800][17.467s][info][gc,load     ] GC(67) O: Load: 1.49 (15%) / 1.70 (17%) / 1.98 (20%)
[2026-01-06T22:07:09.823+0800][17.467s][info][gc,mmu      ] GC(67) O: MMU: 2ms/97.4%, 5ms/98.6%, 10ms/99.3%, 20ms/99.5%, 50ms/99.8%, 100ms/99.9%
[2026-01-06T22:07:09.823+0800][17.467s][info][gc,marking  ] GC(67) O: Mark: 1 stripe(s), 2 proactive flush(es), 1 terminate flush(es), 0 completion(s), 0 continuation(s) 
[2026-01-06T22:07:09.823+0800][17.467s][info][gc,nmethod  ] GC(67) O: NMethods: 120 registered, 37 unregistered
[2026-01-06T22:07:09.823+0800][17.467s][info][gc,metaspace] GC(67) O: Metaspace: 0M used, 0M committed, 1088M reserved
[2026-01-06T22:07:09.823+0800][17.467s][info][gc,ref      ] GC(67) O:                       Encountered   Discovered     Enqueued 
[2026-01-06T22:07:09.823+0800][17.467s][info][gc,ref      ] GC(67) O: Soft References:                1            0            0 
[2026-01-06T22:07:09.823+0800][17.467s][info][gc,ref      ] GC(67) O: Weak References:                6            0            0 
[2026-01-06T22:07:09.823+0800][17.467s][info][gc,ref      ] GC(67) O: Final References:               0            0            0 
[2026-01-06T22:07:09.823+0800][17.467s][info][gc,ref      ] GC(67) O: Phantom References:             1            1            0 
[2026-01-06T22:07:09.823+0800][17.467s][info][gc,reloc    ] GC(67) O:                        Candidates     Selected     In-Place         Size        Empty    Relocated 
[2026-01-06T22:07:09.823+0800][17.467s][info][gc,reloc    ] GC(67) O: Small Pages:                    1            0            0           2M           0M           0M 
[2026-01-06T22:07:09.823+0800][17.467s][info][gc,reloc    ] GC(67) O: Medium Pages:                   0            0            0           0M           0M           0M 
[2026-01-06T22:07:09.823+0800][17.467s][info][gc,reloc    ] GC(67) O: Large Pages:                    0            0            0           0M           0M           0M 
[2026-01-06T22:07:09.823+0800][17.467s][info][gc,reloc    ] GC(67) O: Forwarding Usage: 0M
[2026-01-06T22:07:09.823+0800][17.467s][info][gc,heap     ] GC(67) O: Min Capacity: 8M(0%)
[2026-01-06T22:07:09.823+0800][17.467s][info][gc,heap     ] GC(67) O: Max Capacity: 4096M(100%)
[2026-01-06T22:07:09.823+0800][17.467s][info][gc,heap     ] GC(67) O: Soft Max Capacity: 3686M(90%)
[2026-01-06T22:07:09.823+0800][17.467s][info][gc,heap     ] GC(67) O: Heap Statistics:
[2026-01-06T22:07:09.823+0800][17.467s][info][gc,heap     ] GC(67) O:                Mark Start          Mark End        Relocate Start      Relocate End           High               Low         
[2026-01-06T22:07:09.824+0800][17.467s][info][gc,heap     ] GC(67) O:  Capacity:     3498M (85%)        3498M (85%)        3498M (85%)        3498M (85%)        3498M (85%)        3498M (85%)    
[2026-01-06T22:07:09.824+0800][17.467s][info][gc,heap     ] GC(67) O:      Free:     2564M (63%)        4070M (99%)        4068M (99%)        4068M (99%)        4086M (100%)       2560M (62%)    
[2026-01-06T22:07:09.824+0800][17.467s][info][gc,heap     ] GC(67) O:      Used:     1532M (37%)          26M (1%)           28M (1%)           28M (1%)         1536M (38%)          10M (0%)     
[2026-01-06T22:07:09.824+0800][17.467s][info][gc,heap     ] GC(67) O: Old Generation Statistics:
[2026-01-06T22:07:09.824+0800][17.467s][info][gc,heap     ] GC(67) O:                Mark Start          Mark End        Relocate Start      Relocate End    
[2026-01-06T22:07:09.824+0800][17.467s][info][gc,heap     ] GC(67) O:      Used:        2M (0%)            2M (0%)            2M (0%)            2M (0%)     
[2026-01-06T22:07:09.824+0800][17.467s][info][gc,heap     ] GC(67) O:      Live:         -                 0M (0%)            0M (0%)            0M (0%)     
[2026-01-06T22:07:09.824+0800][17.467s][info][gc,heap     ] GC(67) O:   Garbage:         -                 1M (0%)            1M (0%)            1M (0%)     
[2026-01-06T22:07:09.824+0800][17.467s][info][gc,heap     ] GC(67) O: Allocated:         -                 0M (0%)            0M (0%)            0M (0%)     
[2026-01-06T22:07:09.824+0800][17.467s][info][gc,heap     ] GC(67) O: Reclaimed:         -                  -                 0M (0%)            0M (0%)     
[2026-01-06T22:07:09.824+0800][17.467s][info][gc,heap     ] GC(67) O: Compacted:         -                  -                  -                 0M (0%)     
[2026-01-06T22:07:09.824+0800][17.467s][info][gc,phases   ] GC(67) O: Old Generation 14M(0%)->28M(1%) 0.001s
[2026-01-06T22:07:09.824+0800][17.467s][info][gc          ] GC(67) Major Collection (Proactive) 1532M(37%)->30M(1%) 0.002s
[2026-01-06T22:07:09.901+0800][17.545s][info][gc          ] GC(68) Major Collection (Proactive)
[2026-01-06T22:07:09.901+0800][17.545s][info][gc,task     ] GC(68) Using 1 Workers for Young Generation
[2026-01-06T22:07:09.901+0800][17.545s][info][gc,task     ] GC(68) Using 1 Workers for Old Generation
[2026-01-06T22:07:09.901+0800][17.545s][info][gc,phases   ] GC(68) Y: Young Generation
[2026-01-06T22:07:09.901+0800][17.545s][info][gc,phases   ] GC(68) Y: Pause Mark Start (Major) 0.004ms
[2026-01-06T22:07:09.901+0800][17.545s][info][gc,phases   ] GC(68) Y: Concurrent Mark 0.162ms
[2026-01-06T22:07:09.901+0800][17.545s][info][gc,phases   ] GC(68) Y: Pause Mark End 0.003ms
[2026-01-06T22:07:09.901+0800][17.545s][info][gc,phases   ] GC(68) Y: Concurrent Mark Free 0.000ms
[2026-01-06T22:07:09.901+0800][17.545s][info][gc,phases   ] GC(68) Y: Concurrent Reset Relocation Set 0.000ms
[2026-01-06T22:07:09.901+0800][17.545s][info][gc,reloc    ] GC(68) Y: Using tenuring threshold: 1 (Computed)
[2026-01-06T22:07:09.901+0800][17.545s][info][gc,phases   ] GC(68) Y: Concurrent Select Relocation Set 0.162ms
[2026-01-06T22:07:09.901+0800][17.545s][info][gc,phases   ] GC(68) Y: Pause Relocate Start 0.001ms
[2026-01-06T22:07:09.901+0800][17.545s][info][gc,phases   ] GC(68) Y: Concurrent Relocate 0.009ms
[2026-01-06T22:07:09.901+0800][17.545s][info][gc,alloc    ] GC(68) Y:                         Mark Start        Mark End      Relocate Start    Relocate End   
[2026-01-06T22:07:09.901+0800][17.545s][info][gc,alloc    ] GC(68) Y: Allocation Stalls:          0                0                0                0         
[2026-01-06T22:07:09.901+0800][17.545s][info][gc,load     ] GC(68) Y: Load: 1.49 (15%) / 1.70 (17%) / 1.98 (20%)
[2026-01-06T22:07:09.901+0800][17.545s][info][gc,mmu      ] GC(68) Y: MMU: 2ms/97.4%, 5ms/98.6%, 10ms/99.3%, 20ms/99.5%, 50ms/99.8%, 100ms/99.9%
[2026-01-06T22:07:09.901+0800][17.545s][info][gc,marking  ] GC(68) Y: Mark: 1 stripe(s), 2 proactive flush(es), 1 terminate flush(es), 0 completion(s), 0 continuation(s) 
[2026-01-06T22:07:09.901+0800][17.545s][info][gc,nmethod  ] GC(68) Y: NMethods: 120 registered, 37 unregistered
[2026-01-06T22:07:09.901+0800][17.545s][info][gc,metaspace] GC(68) Y: Metaspace: 0M used, 0M committed, 1088M reserved
[2026-01-06T22:07:09.901+0800][17.545s][info][gc,reloc    ] GC(68) Y:                        Candidates     Selected     In-Place         Size        Empty    Relocated 
[2026-01-06T22:07:09.901+0800][17.545s][info][gc,reloc    ] GC(68) Y: Small Pages:                  751            0            0        1502M        1500M           0M 
[2026-01-06T22:07:09.901+0800][17.545s][info][gc,reloc    ] GC(68) Y: Medium Pages:                   0            0            0           0M           0M           0M 
[2026-01-06T22:07:09.901+0800][17.545s][info][gc,reloc    ] GC(68) Y: Large Pages:                    0            0            0           0M           0M           0M 
[2026-01-06T22:07:09.901+0800][17.545s][info][gc,reloc    ] GC(68) Y: Forwarding Usage: 0M
[2026-01-06T22:07:09.901+0800][17.545s][info][gc,reloc    ] GC(68) Y: Age Table:
[2026-01-06T22:07:09.901+0800][17.545s][info][gc,reloc    ] GC(68) Y:                    Live             Garbage             Small              Medium             Large        
[2026-01-06T22:07:09.901+0800][17.545s][info][gc,reloc    ] GC(68) Y: Eden               0M (0%)         1499M (37%)        750 / 0              0 / 0              0 / 0        
[2026-01-06T22:07:09.901+0800][17.545s][info][gc,reloc    ] GC(68) Y: Survivor 1          -                 2M (0%)           1 / 0              0 / 0              0 / 0        
[2026-01-06T22:07:09.901+0800][17.545s][info][gc,heap     ] GC(68) Y: Min Capacity: 8M(0%)
[2026-01-06T22:07:09.901+0800][17.545s][info][gc,heap     ] GC(68) Y: Max Capacity: 4096M(100%)
[2026-01-06T22:07:09.901+0800][17.545s][info][gc,heap     ] GC(68) Y: Soft Max Capacity: 3686M(90%)
[2026-01-06T22:07:09.901+0800][17.545s][info][gc,heap     ] GC(68) Y: Heap Statistics:
[2026-01-06T22:07:09.901+0800][17.545s][info][gc,heap     ] GC(68) Y:                Mark Start          Mark End        Relocate Start      Relocate End           High               Low         
[2026-01-06T22:07:09.901+0800][17.545s][info][gc,heap     ] GC(68) Y:  Capacity:     3498M (85%)        3498M (85%)        3498M (85%)        3498M (85%)        3498M (85%)        3498M (85%)    
[2026-01-06T22:07:09.901+0800][17.545s][info][gc,heap     ] GC(68) Y:      Free:     2592M (63%)        2588M (63%)        4086M (100%)       4086M (100%)       4086M (100%)       2588M (63%)    
[2026-01-06T22:07:09.901+0800][17.545s][info][gc,heap     ] GC(68) Y:      Used:     1504M (37%)        1508M (37%)          10M (0%)           10M (0%)         1508M (37%)          10M (0%)     
[2026-01-06T22:07:09.901+0800][17.545s][info][gc,heap     ] GC(68) Y: Young Generation Statistics:
[2026-01-06T22:07:09.901+0800][17.545s][info][gc,heap     ] GC(68) Y:                Mark Start          Mark End        Relocate Start      Relocate End    
[2026-01-06T22:07:09.901+0800][17.545s][info][gc,heap     ] GC(68) Y:      Used:     1502M (37%)        1506M (37%)           8M (0%)            8M (0%)     
[2026-01-06T22:07:09.901+0800][17.545s][info][gc,heap     ] GC(68) Y:      Live:         -                 0M (0%)            0M (0%)            0M (0%)     
[2026-01-06T22:07:09.901+0800][17.545s][info][gc,heap     ] GC(68) Y:   Garbage:         -              1501M (37%)           1M (0%)            1M (0%)     
[2026-01-06T22:07:09.901+0800][17.545s][info][gc,heap     ] GC(68) Y: Allocated:         -                 4M (0%)            6M (0%)            6M (0%)     
[2026-01-06T22:07:09.901+0800][17.545s][info][gc,heap     ] GC(68) Y: Reclaimed:         -                  -              1500M (37%)        1500M (37%)    
[2026-01-06T22:07:09.901+0800][17.545s][info][gc,heap     ] GC(68) Y:  Promoted:         -                  -                 0M (0%)            0M (0%)     
[2026-01-06T22:07:09.901+0800][17.545s][info][gc,heap     ] GC(68) Y: Compacted:         -                  -                  -                 0M (0%)     
[2026-01-06T22:07:09.901+0800][17.545s][info][gc,phases   ] GC(68) Y: Young Generation 1504M(37%)->10M(0%) 0.000s
[2026-01-06T22:07:09.901+0800][17.545s][info][gc,phases   ] GC(68) O: Old Generation
[2026-01-06T22:07:09.902+0800][17.546s][info][gc,phases   ] GC(68) O: Concurrent Mark 0.593ms
[2026-01-06T22:07:09.902+0800][17.546s][info][gc,phases   ] GC(68) O: Pause Mark End 0.003ms
[2026-01-06T22:07:09.902+0800][17.546s][info][gc,phases   ] GC(68) O: Concurrent Mark Free 0.000ms
[2026-01-06T22:07:09.902+0800][17.546s][info][gc,phases   ] GC(68) O: Concurrent Process Non-Strong 0.115ms
[2026-01-06T22:07:09.902+0800][17.546s][info][gc,phases   ] GC(68) O: Concurrent Reset Relocation Set 0.000ms
[2026-01-06T22:07:09.902+0800][17.546s][info][gc,phases   ] GC(68) O: Concurrent Select Relocation Set 0.018ms
[2026-01-06T22:07:09.902+0800][17.546s][info][gc,task     ] GC(68) O: Using 2 Workers for Old Generation
[2026-01-06T22:07:09.902+0800][17.546s][info][gc,task     ] GC(68) O: Using 1 Workers for Old Generation
[2026-01-06T22:07:09.902+0800][17.546s][info][gc,phases   ] GC(68) O: Concurrent Remap Roots 0.053ms
[2026-01-06T22:07:09.902+0800][17.546s][info][gc,phases   ] GC(68) O: Pause Relocate Start 0.001ms
[2026-01-06T22:07:09.902+0800][17.546s][info][gc,phases   ] GC(68) O: Concurrent Relocate 0.006ms
[2026-01-06T22:07:09.902+0800][17.546s][info][gc,alloc    ] GC(68) O:                         Mark Start        Mark End      Relocate Start    Relocate End   
[2026-01-06T22:07:09.902+0800][17.546s][info][gc,alloc    ] GC(68) O: Allocation Stalls:          0                0                0                0         
[2026-01-06T22:07:09.902+0800][17.546s][info][gc,load     ] GC(68) O: Load: 1.49 (15%) / 1.70 (17%) / 1.98 (20%)
[2026-01-06T22:07:09.902+0800][17.546s][info][gc,mmu      ] GC(68) O: MMU: 2ms/97.4%, 5ms/98.6%, 10ms/99.3%, 20ms/99.5%, 50ms/99.8%, 100ms/99.9%
[2026-01-06T22:07:09.902+0800][17.546s][info][gc,marking  ] GC(68) O: Mark: 1 stripe(s), 2 proactive flush(es), 1 terminate flush(es), 0 completion(s), 0 continuation(s) 
[2026-01-06T22:07:09.902+0800][17.546s][info][gc,nmethod  ] GC(68) O: NMethods: 120 registered, 37 unregistered
[2026-01-06T22:07:09.902+0800][17.546s][info][gc,metaspace] GC(68) O: Metaspace: 0M used, 0M committed, 1088M reserved
[2026-01-06T22:07:09.902+0800][17.546s][info][gc,ref      ] GC(68) O:                       Encountered   Discovered     Enqueued 
[2026-01-06T22:07:09.902+0800][17.546s][info][gc,ref      ] GC(68) O: Soft References:                1            0            0 
[2026-01-06T22:07:09.902+0800][17.546s][info][gc,ref      ] GC(68) O: Weak References:                6            0            0 
[2026-01-06T22:07:09.902+0800][17.546s][info][gc,ref      ] GC(68) O: Final References:               0            0            0 
[2026-01-06T22:07:09.902+0800][17.546s][info][gc,ref      ] GC(68) O: Phantom References:             1            1            0 
[2026-01-06T22:07:09.902+0800][17.546s][info][gc,reloc    ] GC(68) O:                        Candidates     Selected     In-Place         Size        Empty    Relocated 
[2026-01-06T22:07:09.902+0800][17.546s][info][gc,reloc    ] GC(68) O: Small Pages:                    1            0            0           2M           0M           0M 
[2026-01-06T22:07:09.902+0800][17.546s][info][gc,reloc    ] GC(68) O: Medium Pages:                   0            0            0           0M           0M           0M 
[2026-01-06T22:07:09.902+0800][17.546s][info][gc,reloc    ] GC(68) O: Large Pages:                    0            0            0           0M           0M           0M 
[2026-01-06T22:07:09.902+0800][17.546s][info][gc,reloc    ] GC(68) O: Forwarding Usage: 0M
[2026-01-06T22:07:09.902+0800][17.546s][info][gc,heap     ] GC(68) O: Min Capacity: 8M(0%)
[2026-01-06T22:07:09.902+0800][17.546s][info][gc,heap     ] GC(68) O: Max Capacity: 4096M(100%)
[2026-01-06T22:07:09.902+0800][17.546s][info][gc,heap     ] GC(68) O: Soft Max Capacity: 3686M(90%)
[2026-01-06T22:07:09.902+0800][17.546s][info][gc,heap     ] GC(68) O: Heap Statistics:
[2026-01-06T22:07:09.902+0800][17.546s][info][gc,heap     ] GC(68) O:                Mark Start          Mark End        Relocate Start      Relocate End           High               Low         
[2026-01-06T22:07:09.902+0800][17.546s][info][gc,heap     ] GC(68) O:  Capacity:     3498M (85%)        3498M (85%)        3498M (85%)        3498M (85%)        3498M (85%)        3498M (85%)    
[2026-01-06T22:07:09.902+0800][17.546s][info][gc,heap     ] GC(68) O:      Free:     2592M (63%)        4072M (99%)        4068M (99%)        4068M (99%)        4086M (100%)       2588M (63%)    
[2026-01-06T22:07:09.902+0800][17.546s][info][gc,heap     ] GC(68) O:      Used:     1504M (37%)          24M (1%)           28M (1%)           28M (1%)         1508M (37%)          10M (0%)     
[2026-01-06T22:07:09.902+0800][17.546s][info][gc,heap     ] GC(68) O: Old Generation Statistics:
[2026-01-06T22:07:09.902+0800][17.546s][info][gc,heap     ] GC(68) O:                Mark Start          Mark End        Relocate Start      Relocate End    
[2026-01-06T22:07:09.902+0800][17.546s][info][gc,heap     ] GC(68) O:      Used:        2M (0%)            2M (0%)            2M (0%)            2M (0%)     
[2026-01-06T22:07:09.902+0800][17.546s][info][gc,heap     ] GC(68) O:      Live:         -                 0M (0%)            0M (0%)            0M (0%)     
[2026-01-06T22:07:09.902+0800][17.546s][info][gc,heap     ] GC(68) O:   Garbage:         -                 1M (0%)            1M (0%)            1M (0%)     
[2026-01-06T22:07:09.902+0800][17.546s][info][gc,heap     ] GC(68) O: Allocated:         -                 0M (0%)            0M (0%)            0M (0%)     
[2026-01-06T22:07:09.902+0800][17.546s][info][gc,heap     ] GC(68) O: Reclaimed:         -                  -                 0M (0%)            0M (0%)     
[2026-01-06T22:07:09.902+0800][17.546s][info][gc,heap     ] GC(68) O: Compacted:         -                  -                  -                 0M (0%)     
[2026-01-06T22:07:09.902+0800][17.546s][info][gc,phases   ] GC(68) O: Old Generation 12M(0%)->28M(1%) 0.001s
[2026-01-06T22:07:09.902+0800][17.546s][info][gc          ] GC(68) Major Collection (Proactive) 1504M(37%)->30M(1%) 0.002s
[2026-01-06T22:07:09.977+0800][17.621s][info][gc          ] GC(69) Major Collection (Proactive)
[2026-01-06T22:07:09.977+0800][17.621s][info][gc,task     ] GC(69) Using 1 Workers for Young Generation
[2026-01-06T22:07:09.977+0800][17.621s][info][gc,task     ] GC(69) Using 1 Workers for Old Generation
[2026-01-06T22:07:09.977+0800][17.621s][info][gc,phases   ] GC(69) Y: Young Generation
[2026-01-06T22:07:09.977+0800][17.621s][info][gc,phases   ] GC(69) Y: Pause Mark Start (Major) 0.003ms
[2026-01-06T22:07:09.977+0800][17.621s][info][gc,phases   ] GC(69) Y: Concurrent Mark 0.177ms
[2026-01-06T22:07:09.977+0800][17.621s][info][gc,phases   ] GC(69) Y: Pause Mark End 0.003ms
[2026-01-06T22:07:09.977+0800][17.621s][info][gc,phases   ] GC(69) Y: Concurrent Mark Free 0.000ms
[2026-01-06T22:07:09.977+0800][17.621s][info][gc,phases   ] GC(69) Y: Concurrent Reset Relocation Set 0.000ms
[2026-01-06T22:07:09.977+0800][17.621s][info][gc,reloc    ] GC(69) Y: Using tenuring threshold: 1 (Computed)
[2026-01-06T22:07:09.977+0800][17.621s][info][gc,phases   ] GC(69) Y: Concurrent Select Relocation Set 0.136ms
[2026-01-06T22:07:09.977+0800][17.621s][info][gc,phases   ] GC(69) Y: Pause Relocate Start 0.001ms
[2026-01-06T22:07:09.977+0800][17.621s][info][gc,phases   ] GC(69) Y: Concurrent Relocate 0.010ms
[2026-01-06T22:07:09.977+0800][17.621s][info][gc,alloc    ] GC(69) Y:                         Mark Start        Mark End      Relocate Start    Relocate End   
[2026-01-06T22:07:09.977+0800][17.621s][info][gc,alloc    ] GC(69) Y: Allocation Stalls:          0                0                0                0         
[2026-01-06T22:07:09.977+0800][17.621s][info][gc,load     ] GC(69) Y: Load: 1.49 (15%) / 1.70 (17%) / 1.98 (20%)
[2026-01-06T22:07:09.977+0800][17.621s][info][gc,mmu      ] GC(69) Y: MMU: 2ms/97.4%, 5ms/98.6%, 10ms/99.3%, 20ms/99.5%, 50ms/99.8%, 100ms/99.9%
[2026-01-06T22:07:09.977+0800][17.621s][info][gc,marking  ] GC(69) Y: Mark: 1 stripe(s), 2 proactive flush(es), 1 terminate flush(es), 0 completion(s), 0 continuation(s) 
[2026-01-06T22:07:09.977+0800][17.621s][info][gc,nmethod  ] GC(69) Y: NMethods: 120 registered, 37 unregistered
[2026-01-06T22:07:09.977+0800][17.621s][info][gc,metaspace] GC(69) Y: Metaspace: 0M used, 0M committed, 1088M reserved
[2026-01-06T22:07:09.977+0800][17.621s][info][gc,reloc    ] GC(69) Y:                        Candidates     Selected     In-Place         Size        Empty    Relocated 
[2026-01-06T22:07:09.977+0800][17.621s][info][gc,reloc    ] GC(69) Y: Small Pages:                  751            0            0        1502M        1500M           0M 
[2026-01-06T22:07:09.977+0800][17.621s][info][gc,reloc    ] GC(69) Y: Medium Pages:                   0            0            0           0M           0M           0M 
[2026-01-06T22:07:09.977+0800][17.621s][info][gc,reloc    ] GC(69) Y: Large Pages:                    0            0            0           0M           0M           0M 
[2026-01-06T22:07:09.977+0800][17.621s][info][gc,reloc    ] GC(69) Y: Forwarding Usage: 0M
[2026-01-06T22:07:09.977+0800][17.621s][info][gc,reloc    ] GC(69) Y: Age Table:
[2026-01-06T22:07:09.977+0800][17.621s][info][gc,reloc    ] GC(69) Y:                    Live             Garbage             Small              Medium             Large        
[2026-01-06T22:07:09.977+0800][17.621s][info][gc,reloc    ] GC(69) Y: Eden               0M (0%)         1499M (37%)        750 / 0              0 / 0              0 / 0        
[2026-01-06T22:07:09.977+0800][17.621s][info][gc,reloc    ] GC(69) Y: Survivor 1          -                 2M (0%)           1 / 0              0 / 0              0 / 0        
[2026-01-06T22:07:09.977+0800][17.621s][info][gc,heap     ] GC(69) Y: Min Capacity: 8M(0%)
[2026-01-06T22:07:09.977+0800][17.621s][info][gc,heap     ] GC(69) Y: Max Capacity: 4096M(100%)
[2026-01-06T22:07:09.977+0800][17.621s][info][gc,heap     ] GC(69) Y: Soft Max Capacity: 3686M(90%)
[2026-01-06T22:07:09.977+0800][17.621s][info][gc,heap     ] GC(69) Y: Heap Statistics:
[2026-01-06T22:07:09.977+0800][17.621s][info][gc,heap     ] GC(69) Y:                Mark Start          Mark End        Relocate Start      Relocate End           High               Low         
[2026-01-06T22:07:09.977+0800][17.621s][info][gc,heap     ] GC(69) Y:  Capacity:     3498M (85%)        3498M (85%)        3498M (85%)        3498M (85%)        3498M (85%)        3498M (85%)    
[2026-01-06T22:07:09.977+0800][17.621s][info][gc,heap     ] GC(69) Y:      Free:     2592M (63%)        2588M (63%)        4086M (100%)       4086M (100%)       4086M (100%)       2588M (63%)    
[2026-01-06T22:07:09.977+0800][17.621s][info][gc,heap     ] GC(69) Y:      Used:     1504M (37%)        1508M (37%)          10M (0%)           10M (0%)         1508M (37%)          10M (0%)     
[2026-01-06T22:07:09.977+0800][17.621s][info][gc,heap     ] GC(69) Y: Young Generation Statistics:
[2026-01-06T22:07:09.977+0800][17.621s][info][gc,heap     ] GC(69) Y:                Mark Start          Mark End        Relocate Start      Relocate End    
[2026-01-06T22:07:09.977+0800][17.621s][info][gc,heap     ] GC(69) Y:      Used:     1502M (37%)        1506M (37%)           8M (0%)            8M (0%)     
[2026-01-06T22:07:09.977+0800][17.621s][info][gc,heap     ] GC(69) Y:      Live:         -                 0M (0%)            0M (0%)            0M (0%)     
[2026-01-06T22:07:09.977+0800][17.621s][info][gc,heap     ] GC(69) Y:   Garbage:         -              1501M (37%)           1M (0%)            1M (0%)     
[2026-01-06T22:07:09.977+0800][17.621s][info][gc,heap     ] GC(69) Y: Allocated:         -                 4M (0%)            6M (0%)            6M (0%)     
[2026-01-06T22:07:09.977+0800][17.621s][info][gc,heap     ] GC(69) Y: Reclaimed:         -                  -              1500M (37%)        1500M (37%)    
[2026-01-06T22:07:09.977+0800][17.621s][info][gc,heap     ] GC(69) Y:  Promoted:         -                  -                 0M (0%)            0M (0%)     
[2026-01-06T22:07:09.977+0800][17.621s][info][gc,heap     ] GC(69) Y: Compacted:         -                  -                  -                 0M (0%)     
[2026-01-06T22:07:09.977+0800][17.621s][info][gc,phases   ] GC(69) Y: Young Generation 1504M(37%)->10M(0%) 0.000s
[2026-01-06T22:07:09.977+0800][17.621s][info][gc,phases   ] GC(69) O: Old Generation
[2026-01-06T22:07:09.978+0800][17.622s][info][gc,phases   ] GC(69) O: Concurrent Mark 0.572ms
[2026-01-06T22:07:09.978+0800][17.622s][info][gc,phases   ] GC(69) O: Pause Mark End 0.002ms
[2026-01-06T22:07:09.978+0800][17.622s][info][gc,phases   ] GC(69) O: Concurrent Mark Free 0.000ms
[2026-01-06T22:07:09.978+0800][17.622s][info][gc,phases   ] GC(69) O: Concurrent Process Non-Strong 0.104ms
[2026-01-06T22:07:09.978+0800][17.622s][info][gc,phases   ] GC(69) O: Concurrent Reset Relocation Set 0.000ms
[2026-01-06T22:07:09.978+0800][17.622s][info][gc,phases   ] GC(69) O: Concurrent Select Relocation Set 0.017ms
[2026-01-06T22:07:09.978+0800][17.622s][info][gc,task     ] GC(69) O: Using 2 Workers for Old Generation
[2026-01-06T22:07:09.978+0800][17.622s][info][gc,task     ] GC(69) O: Using 1 Workers for Old Generation
[2026-01-06T22:07:09.978+0800][17.622s][info][gc,phases   ] GC(69) O: Concurrent Remap Roots 0.046ms
[2026-01-06T22:07:09.978+0800][17.622s][info][gc,phases   ] GC(69) O: Pause Relocate Start 0.001ms
[2026-01-06T22:07:09.978+0800][17.622s][info][gc,phases   ] GC(69) O: Concurrent Relocate 0.006ms
[2026-01-06T22:07:09.978+0800][17.622s][info][gc,alloc    ] GC(69) O:                         Mark Start        Mark End      Relocate Start    Relocate End   
[2026-01-06T22:07:09.978+0800][17.622s][info][gc,alloc    ] GC(69) O: Allocation Stalls:          0                0                0                0         
[2026-01-06T22:07:09.978+0800][17.622s][info][gc,load     ] GC(69) O: Load: 1.49 (15%) / 1.70 (17%) / 1.98 (20%)
[2026-01-06T22:07:09.978+0800][17.622s][info][gc,mmu      ] GC(69) O: MMU: 2ms/97.4%, 5ms/98.6%, 10ms/99.3%, 20ms/99.5%, 50ms/99.8%, 100ms/99.9%
[2026-01-06T22:07:09.978+0800][17.622s][info][gc,marking  ] GC(69) O: Mark: 1 stripe(s), 2 proactive flush(es), 1 terminate flush(es), 0 completion(s), 0 continuation(s) 
[2026-01-06T22:07:09.978+0800][17.622s][info][gc,nmethod  ] GC(69) O: NMethods: 120 registered, 37 unregistered
[2026-01-06T22:07:09.978+0800][17.622s][info][gc,metaspace] GC(69) O: Metaspace: 0M used, 0M committed, 1088M reserved
[2026-01-06T22:07:09.978+0800][17.622s][info][gc,ref      ] GC(69) O:                       Encountered   Discovered     Enqueued 
[2026-01-06T22:07:09.978+0800][17.622s][info][gc,ref      ] GC(69) O: Soft References:                1            0            0 
[2026-01-06T22:07:09.978+0800][17.622s][info][gc,ref      ] GC(69) O: Weak References:                6            0            0 
[2026-01-06T22:07:09.978+0800][17.622s][info][gc,ref      ] GC(69) O: Final References:               0            0            0 
[2026-01-06T22:07:09.978+0800][17.622s][info][gc,ref      ] GC(69) O: Phantom References:             1            1            0 
[2026-01-06T22:07:09.978+0800][17.622s][info][gc,reloc    ] GC(69) O:                        Candidates     Selected     In-Place         Size        Empty    Relocated 
[2026-01-06T22:07:09.978+0800][17.622s][info][gc,reloc    ] GC(69) O: Small Pages:                    1            0            0           2M           0M           0M 
[2026-01-06T22:07:09.978+0800][17.622s][info][gc,reloc    ] GC(69) O: Medium Pages:                   0            0            0           0M           0M           0M 
[2026-01-06T22:07:09.978+0800][17.622s][info][gc,reloc    ] GC(69) O: Large Pages:                    0            0            0           0M           0M           0M 
[2026-01-06T22:07:09.978+0800][17.622s][info][gc,reloc    ] GC(69) O: Forwarding Usage: 0M
[2026-01-06T22:07:09.978+0800][17.622s][info][gc,heap     ] GC(69) O: Min Capacity: 8M(0%)
[2026-01-06T22:07:09.978+0800][17.622s][info][gc,heap     ] GC(69) O: Max Capacity: 4096M(100%)
[2026-01-06T22:07:09.978+0800][17.622s][info][gc,heap     ] GC(69) O: Soft Max Capacity: 3686M(90%)
[2026-01-06T22:07:09.978+0800][17.622s][info][gc,heap     ] GC(69) O: Heap Statistics:
[2026-01-06T22:07:09.978+0800][17.622s][info][gc,heap     ] GC(69) O:                Mark Start          Mark End        Relocate Start      Relocate End           High               Low         
[2026-01-06T22:07:09.978+0800][17.622s][info][gc,heap     ] GC(69) O:  Capacity:     3498M (85%)        3498M (85%)        3498M (85%)        3498M (85%)        3498M (85%)        3498M (85%)    
[2026-01-06T22:07:09.978+0800][17.622s][info][gc,heap     ] GC(69) O:      Free:     2592M (63%)        4072M (99%)        4070M (99%)        4070M (99%)        4086M (100%)       2588M (63%)    
[2026-01-06T22:07:09.978+0800][17.622s][info][gc,heap     ] GC(69) O:      Used:     1504M (37%)          24M (1%)           26M (1%)           26M (1%)         1508M (37%)          10M (0%)     
[2026-01-06T22:07:09.978+0800][17.622s][info][gc,heap     ] GC(69) O: Old Generation Statistics:
[2026-01-06T22:07:09.978+0800][17.622s][info][gc,heap     ] GC(69) O:                Mark Start          Mark End        Relocate Start      Relocate End    
[2026-01-06T22:07:09.978+0800][17.622s][info][gc,heap     ] GC(69) O:      Used:        2M (0%)            2M (0%)            2M (0%)            2M (0%)     
[2026-01-06T22:07:09.978+0800][17.622s][info][gc,heap     ] GC(69) O:      Live:         -                 0M (0%)            0M (0%)            0M (0%)     
[2026-01-06T22:07:09.978+0800][17.622s][info][gc,heap     ] GC(69) O:   Garbage:         -                 1M (0%)            1M (0%)            1M (0%)     
[2026-01-06T22:07:09.978+0800][17.622s][info][gc,heap     ] GC(69) O: Allocated:         -                 0M (0%)            0M (0%)            0M (0%)     
[2026-01-06T22:07:09.978+0800][17.622s][info][gc,heap     ] GC(69) O: Reclaimed:         -                  -                 0M (0%)            0M (0%)     
[2026-01-06T22:07:09.978+0800][17.622s][info][gc,heap     ] GC(69) O: Compacted:         -                  -                  -                 0M (0%)     
[2026-01-06T22:07:09.978+0800][17.622s][info][gc,phases   ] GC(69) O: Old Generation 12M(0%)->26M(1%) 0.001s
[2026-01-06T22:07:09.978+0800][17.622s][info][gc          ] GC(69) Major Collection (Proactive) 1504M(37%)->28M(1%) 0.002s
[2026-01-06T22:07:10.052+0800][17.696s][info][gc          ] GC(70) Major Collection (Proactive)
[2026-01-06T22:07:10.052+0800][17.696s][info][gc,task     ] GC(70) Using 1 Workers for Young Generation
[2026-01-06T22:07:10.052+0800][17.696s][info][gc,task     ] GC(70) Using 1 Workers for Old Generation
[2026-01-06T22:07:10.052+0800][17.696s][info][gc,phases   ] GC(70) Y: Young Generation
[2026-01-06T22:07:10.052+0800][17.696s][info][gc,phases   ] GC(70) Y: Pause Mark Start (Major) 0.004ms
[2026-01-06T22:07:10.052+0800][17.696s][info][gc,phases   ] GC(70) Y: Concurrent Mark 0.161ms
[2026-01-06T22:07:10.052+0800][17.696s][info][gc,phases   ] GC(70) Y: Pause Mark End 0.003ms
[2026-01-06T22:07:10.052+0800][17.696s][info][gc,phases   ] GC(70) Y: Concurrent Mark Free 0.000ms
[2026-01-06T22:07:10.052+0800][17.696s][info][gc,phases   ] GC(70) Y: Concurrent Reset Relocation Set 0.000ms
[2026-01-06T22:07:10.052+0800][17.696s][info][gc,reloc    ] GC(70) Y: Using tenuring threshold: 1 (Computed)
[2026-01-06T22:07:10.052+0800][17.696s][info][gc,phases   ] GC(70) Y: Concurrent Select Relocation Set 0.147ms
[2026-01-06T22:07:10.052+0800][17.696s][info][gc,phases   ] GC(70) Y: Pause Relocate Start 0.001ms
[2026-01-06T22:07:10.052+0800][17.696s][info][gc,phases   ] GC(70) Y: Concurrent Relocate 0.033ms
[2026-01-06T22:07:10.052+0800][17.696s][info][gc,alloc    ] GC(70) Y:                         Mark Start        Mark End      Relocate Start    Relocate End   
[2026-01-06T22:07:10.052+0800][17.696s][info][gc,alloc    ] GC(70) Y: Allocation Stalls:          0                0                0                0         
[2026-01-06T22:07:10.052+0800][17.696s][info][gc,load     ] GC(70) Y: Load: 1.49 (15%) / 1.70 (17%) / 1.98 (20%)
[2026-01-06T22:07:10.052+0800][17.696s][info][gc,mmu      ] GC(70) Y: MMU: 2ms/97.4%, 5ms/98.6%, 10ms/99.3%, 20ms/99.5%, 50ms/99.8%, 100ms/99.9%
[2026-01-06T22:07:10.052+0800][17.696s][info][gc,marking  ] GC(70) Y: Mark: 1 stripe(s), 2 proactive flush(es), 1 terminate flush(es), 0 completion(s), 0 continuation(s) 
[2026-01-06T22:07:10.052+0800][17.696s][info][gc,nmethod  ] GC(70) Y: NMethods: 120 registered, 37 unregistered
[2026-01-06T22:07:10.052+0800][17.696s][info][gc,metaspace] GC(70) Y: Metaspace: 0M used, 0M committed, 1088M reserved
[2026-01-06T22:07:10.052+0800][17.696s][info][gc,reloc    ] GC(70) Y:                        Candidates     Selected     In-Place         Size        Empty    Relocated 
[2026-01-06T22:07:10.052+0800][17.696s][info][gc,reloc    ] GC(70) Y: Small Pages:                  721            0            0        1442M        1440M           0M 
[2026-01-06T22:07:10.052+0800][17.696s][info][gc,reloc    ] GC(70) Y: Medium Pages:                   0            0            0           0M           0M           0M 
[2026-01-06T22:07:10.052+0800][17.696s][info][gc,reloc    ] GC(70) Y: Large Pages:                    0            0            0           0M           0M           0M 
[2026-01-06T22:07:10.052+0800][17.696s][info][gc,reloc    ] GC(70) Y: Forwarding Usage: 0M
[2026-01-06T22:07:10.052+0800][17.696s][info][gc,reloc    ] GC(70) Y: Age Table:
[2026-01-06T22:07:10.052+0800][17.696s][info][gc,reloc    ] GC(70) Y:                    Live             Garbage             Small              Medium             Large        
[2026-01-06T22:07:10.052+0800][17.696s][info][gc,reloc    ] GC(70) Y: Eden               0M (0%)         1439M (35%)        720 / 0              0 / 0              0 / 0        
[2026-01-06T22:07:10.052+0800][17.696s][info][gc,reloc    ] GC(70) Y: Survivor 1          -                 2M (0%)           1 / 0              0 / 0              0 / 0        
[2026-01-06T22:07:10.052+0800][17.696s][info][gc,heap     ] GC(70) Y: Min Capacity: 8M(0%)
[2026-01-06T22:07:10.052+0800][17.696s][info][gc,heap     ] GC(70) Y: Max Capacity: 4096M(100%)
[2026-01-06T22:07:10.052+0800][17.696s][info][gc,heap     ] GC(70) Y: Soft Max Capacity: 3686M(90%)
[2026-01-06T22:07:10.052+0800][17.696s][info][gc,heap     ] GC(70) Y: Heap Statistics:
[2026-01-06T22:07:10.052+0800][17.696s][info][gc,heap     ] GC(70) Y:                Mark Start          Mark End        Relocate Start      Relocate End           High               Low         
[2026-01-06T22:07:10.052+0800][17.696s][info][gc,heap     ] GC(70) Y:  Capacity:     3498M (85%)        3498M (85%)        3498M (85%)        3498M (85%)        3498M (85%)        3498M (85%)    
[2026-01-06T22:07:10.052+0800][17.696s][info][gc,heap     ] GC(70) Y:      Free:     2652M (65%)        2648M (65%)        4086M (100%)       4084M (100%)       4086M (100%)       2648M (65%)    
[2026-01-06T22:07:10.052+0800][17.696s][info][gc,heap     ] GC(70) Y:      Used:     1444M (35%)        1448M (35%)          10M (0%)           12M (0%)         1448M (35%)          10M (0%)     
[2026-01-06T22:07:10.052+0800][17.696s][info][gc,heap     ] GC(70) Y: Young Generation Statistics:
[2026-01-06T22:07:10.052+0800][17.696s][info][gc,heap     ] GC(70) Y:                Mark Start          Mark End        Relocate Start      Relocate End    
[2026-01-06T22:07:10.052+0800][17.696s][info][gc,heap     ] GC(70) Y:      Used:     1442M (35%)        1446M (35%)           8M (0%)           10M (0%)     
[2026-01-06T22:07:10.052+0800][17.696s][info][gc,heap     ] GC(70) Y:      Live:         -                 0M (0%)            0M (0%)            0M (0%)     
[2026-01-06T22:07:10.052+0800][17.696s][info][gc,heap     ] GC(70) Y:   Garbage:         -              1441M (35%)           1M (0%)            1M (0%)     
[2026-01-06T22:07:10.052+0800][17.696s][info][gc,heap     ] GC(70) Y: Allocated:         -                 4M (0%)            6M (0%)            8M (0%)     
[2026-01-06T22:07:10.052+0800][17.696s][info][gc,heap     ] GC(70) Y: Reclaimed:         -                  -              1440M (35%)        1440M (35%)    
[2026-01-06T22:07:10.052+0800][17.696s][info][gc,heap     ] GC(70) Y:  Promoted:         -                  -                 0M (0%)            0M (0%)     
[2026-01-06T22:07:10.052+0800][17.696s][info][gc,heap     ] GC(70) Y: Compacted:         -                  -                  -                 0M (0%)     
[2026-01-06T22:07:10.052+0800][17.696s][info][gc,phases   ] GC(70) Y: Young Generation 1444M(35%)->12M(0%) 0.000s
[2026-01-06T22:07:10.052+0800][17.696s][info][gc,phases   ] GC(70) O: Old Generation
[2026-01-06T22:07:10.053+0800][17.697s][info][gc,phases   ] GC(70) O: Concurrent Mark 0.569ms
[2026-01-06T22:07:10.053+0800][17.697s][info][gc,phases   ] GC(70) O: Pause Mark End 0.002ms
[2026-01-06T22:07:10.053+0800][17.697s][info][gc,phases   ] GC(70) O: Concurrent Mark Free 0.000ms
[2026-01-06T22:07:10.053+0800][17.697s][info][gc,phases   ] GC(70) O: Concurrent Process Non-Strong 0.115ms
[2026-01-06T22:07:10.053+0800][17.697s][info][gc,phases   ] GC(70) O: Concurrent Reset Relocation Set 0.000ms
[2026-01-06T22:07:10.053+0800][17.697s][info][gc,phases   ] GC(70) O: Concurrent Select Relocation Set 0.016ms
[2026-01-06T22:07:10.053+0800][17.697s][info][gc,task     ] GC(70) O: Using 2 Workers for Old Generation
[2026-01-06T22:07:10.053+0800][17.697s][info][gc,task     ] GC(70) O: Using 1 Workers for Old Generation
[2026-01-06T22:07:10.053+0800][17.697s][info][gc,phases   ] GC(70) O: Concurrent Remap Roots 0.048ms
[2026-01-06T22:07:10.053+0800][17.697s][info][gc,phases   ] GC(70) O: Pause Relocate Start 0.001ms
[2026-01-06T22:07:10.053+0800][17.697s][info][gc,phases   ] GC(70) O: Concurrent Relocate 0.006ms
[2026-01-06T22:07:10.053+0800][17.697s][info][gc,alloc    ] GC(70) O:                         Mark Start        Mark End      Relocate Start    Relocate End   
[2026-01-06T22:07:10.053+0800][17.697s][info][gc,alloc    ] GC(70) O: Allocation Stalls:          0                0                0                0         
[2026-01-06T22:07:10.053+0800][17.697s][info][gc,load     ] GC(70) O: Load: 1.49 (15%) / 1.70 (17%) / 1.98 (20%)
[2026-01-06T22:07:10.053+0800][17.697s][info][gc,mmu      ] GC(70) O: MMU: 2ms/97.4%, 5ms/98.6%, 10ms/99.3%, 20ms/99.5%, 50ms/99.8%, 100ms/99.9%
[2026-01-06T22:07:10.053+0800][17.697s][info][gc,marking  ] GC(70) O: Mark: 1 stripe(s), 2 proactive flush(es), 1 terminate flush(es), 0 completion(s), 0 continuation(s) 
[2026-01-06T22:07:10.053+0800][17.697s][info][gc,nmethod  ] GC(70) O: NMethods: 120 registered, 37 unregistered
[2026-01-06T22:07:10.053+0800][17.697s][info][gc,metaspace] GC(70) O: Metaspace: 0M used, 0M committed, 1088M reserved
[2026-01-06T22:07:10.053+0800][17.697s][info][gc,ref      ] GC(70) O:                       Encountered   Discovered     Enqueued 
[2026-01-06T22:07:10.053+0800][17.697s][info][gc,ref      ] GC(70) O: Soft References:                1            0            0 
[2026-01-06T22:07:10.053+0800][17.697s][info][gc,ref      ] GC(70) O: Weak References:                6            0            0 
[2026-01-06T22:07:10.053+0800][17.697s][info][gc,ref      ] GC(70) O: Final References:               0            0            0 
[2026-01-06T22:07:10.053+0800][17.697s][info][gc,ref      ] GC(70) O: Phantom References:             1            1            0 
[2026-01-06T22:07:10.053+0800][17.697s][info][gc,reloc    ] GC(70) O:                        Candidates     Selected     In-Place         Size        Empty    Relocated 
[2026-01-06T22:07:10.053+0800][17.697s][info][gc,reloc    ] GC(70) O: Small Pages:                    1            0            0           2M           0M           0M 
[2026-01-06T22:07:10.053+0800][17.697s][info][gc,reloc    ] GC(70) O: Medium Pages:                   0            0            0           0M           0M           0M 
[2026-01-06T22:07:10.053+0800][17.697s][info][gc,reloc    ] GC(70) O: Large Pages:                    0            0            0           0M           0M           0M 
[2026-01-06T22:07:10.053+0800][17.697s][info][gc,reloc    ] GC(70) O: Forwarding Usage: 0M
[2026-01-06T22:07:10.053+0800][17.697s][info][gc,heap     ] GC(70) O: Min Capacity: 8M(0%)
[2026-01-06T22:07:10.053+0800][17.697s][info][gc,heap     ] GC(70) O: Max Capacity: 4096M(100%)
[2026-01-06T22:07:10.053+0800][17.697s][info][gc,heap     ] GC(70) O: Soft Max Capacity: 3686M(90%)
[2026-01-06T22:07:10.053+0800][17.697s][info][gc,heap     ] GC(70) O: Heap Statistics:
[2026-01-06T22:07:10.053+0800][17.697s][info][gc,heap     ] GC(70) O:                Mark Start          Mark End        Relocate Start      Relocate End           High               Low         
[2026-01-06T22:07:10.053+0800][17.697s][info][gc,heap     ] GC(70) O:  Capacity:     3498M (85%)        3498M (85%)        3498M (85%)        3498M (85%)        3498M (85%)        3498M (85%)    
[2026-01-06T22:07:10.053+0800][17.697s][info][gc,heap     ] GC(70) O:      Free:     2652M (65%)        4072M (99%)        4068M (99%)        4068M (99%)        4086M (100%)       2648M (65%)    
[2026-01-06T22:07:10.053+0800][17.697s][info][gc,heap     ] GC(70) O:      Used:     1444M (35%)          24M (1%)           28M (1%)           28M (1%)         1448M (35%)          10M (0%)     
[2026-01-06T22:07:10.053+0800][17.697s][info][gc,heap     ] GC(70) O: Old Generation Statistics:
[2026-01-06T22:07:10.053+0800][17.697s][info][gc,heap     ] GC(70) O:                Mark Start          Mark End        Relocate Start      Relocate End    
[2026-01-06T22:07:10.053+0800][17.697s][info][gc,heap     ] GC(70) O:      Used:        2M (0%)            2M (0%)            2M (0%)            2M (0%)     
[2026-01-06T22:07:10.053+0800][17.697s][info][gc,heap     ] GC(70) O:      Live:         -                 0M (0%)            0M (0%)            0M (0%)     
[2026-01-06T22:07:10.053+0800][17.697s][info][gc,heap     ] GC(70) O:   Garbage:         -                 1M (0%)            1M (0%)            1M (0%)     
[2026-01-06T22:07:10.053+0800][17.697s][info][gc,heap     ] GC(70) O: Allocated:         -                 0M (0%)            0M (0%)            0M (0%)     
[2026-01-06T22:07:10.053+0800][17.697s][info][gc,heap     ] GC(70) O: Reclaimed:         -                  -                 0M (0%)            0M (0%)     
[2026-01-06T22:07:10.053+0800][17.697s][info][gc,heap     ] GC(70) O: Compacted:         -                  -                  -                 0M (0%)     
[2026-01-06T22:07:10.053+0800][17.697s][info][gc,phases   ] GC(70) O: Old Generation 14M(0%)->28M(1%) 0.001s
[2026-01-06T22:07:10.053+0800][17.697s][info][gc          ] GC(70) Major Collection (Proactive) 1444M(35%)->30M(1%) 0.002s
[2026-01-06T22:07:10.125+0800][17.769s][info][gc          ] GC(71) Major Collection (Proactive)
[2026-01-06T22:07:10.125+0800][17.769s][info][gc,task     ] GC(71) Using 1 Workers for Young Generation
[2026-01-06T22:07:10.125+0800][17.769s][info][gc,task     ] GC(71) Using 1 Workers for Old Generation
[2026-01-06T22:07:10.125+0800][17.769s][info][gc,phases   ] GC(71) Y: Young Generation
[2026-01-06T22:07:10.125+0800][17.769s][info][gc,phases   ] GC(71) Y: Pause Mark Start (Major) 0.005ms
[2026-01-06T22:07:10.126+0800][17.769s][info][gc,phases   ] GC(71) Y: Concurrent Mark 0.155ms
[2026-01-06T22:07:10.126+0800][17.769s][info][gc,phases   ] GC(71) Y: Pause Mark End 0.002ms
[2026-01-06T22:07:10.126+0800][17.769s][info][gc,phases   ] GC(71) Y: Concurrent Mark Free 0.001ms
[2026-01-06T22:07:10.126+0800][17.769s][info][gc,phases   ] GC(71) Y: Concurrent Reset Relocation Set 0.000ms
[2026-01-06T22:07:10.126+0800][17.770s][info][gc,reloc    ] GC(71) Y: Using tenuring threshold: 1 (Computed)
[2026-01-06T22:07:10.126+0800][17.770s][info][gc,phases   ] GC(71) Y: Concurrent Select Relocation Set 0.150ms
[2026-01-06T22:07:10.126+0800][17.770s][info][gc,phases   ] GC(71) Y: Pause Relocate Start 0.001ms
[2026-01-06T22:07:10.126+0800][17.770s][info][gc,phases   ] GC(71) Y: Concurrent Relocate 0.011ms
[2026-01-06T22:07:10.126+0800][17.770s][info][gc,alloc    ] GC(71) Y:                         Mark Start        Mark End      Relocate Start    Relocate End   
[2026-01-06T22:07:10.126+0800][17.770s][info][gc,alloc    ] GC(71) Y: Allocation Stalls:          0                0                0                0         
[2026-01-06T22:07:10.126+0800][17.770s][info][gc,load     ] GC(71) Y: Load: 1.49 (15%) / 1.70 (17%) / 1.98 (20%)
[2026-01-06T22:07:10.126+0800][17.770s][info][gc,mmu      ] GC(71) Y: MMU: 2ms/97.4%, 5ms/98.6%, 10ms/99.3%, 20ms/99.5%, 50ms/99.8%, 100ms/99.9%
[2026-01-06T22:07:10.126+0800][17.770s][info][gc,marking  ] GC(71) Y: Mark: 1 stripe(s), 2 proactive flush(es), 1 terminate flush(es), 0 completion(s), 0 continuation(s) 
[2026-01-06T22:07:10.126+0800][17.770s][info][gc,nmethod  ] GC(71) Y: NMethods: 120 registered, 37 unregistered
[2026-01-06T22:07:10.126+0800][17.770s][info][gc,metaspace] GC(71) Y: Metaspace: 0M used, 0M committed, 1088M reserved
[2026-01-06T22:07:10.126+0800][17.770s][info][gc,reloc    ] GC(71) Y:                        Candidates     Selected     In-Place         Size        Empty    Relocated 
[2026-01-06T22:07:10.126+0800][17.770s][info][gc,reloc    ] GC(71) Y: Small Pages:                  706            0            0        1412M        1410M           0M 
[2026-01-06T22:07:10.126+0800][17.770s][info][gc,reloc    ] GC(71) Y: Medium Pages:                   0            0            0           0M           0M           0M 
[2026-01-06T22:07:10.126+0800][17.770s][info][gc,reloc    ] GC(71) Y: Large Pages:                    0            0            0           0M           0M           0M 
[2026-01-06T22:07:10.126+0800][17.770s][info][gc,reloc    ] GC(71) Y: Forwarding Usage: 0M
[2026-01-06T22:07:10.126+0800][17.770s][info][gc,reloc    ] GC(71) Y: Age Table:
[2026-01-06T22:07:10.126+0800][17.770s][info][gc,reloc    ] GC(71) Y:                    Live             Garbage             Small              Medium             Large        
[2026-01-06T22:07:10.126+0800][17.770s][info][gc,reloc    ] GC(71) Y: Eden               0M (0%)         1409M (34%)        705 / 0              0 / 0              0 / 0        
[2026-01-06T22:07:10.126+0800][17.770s][info][gc,reloc    ] GC(71) Y: Survivor 1          -                 2M (0%)           1 / 0              0 / 0              0 / 0        
[2026-01-06T22:07:10.126+0800][17.770s][info][gc,heap     ] GC(71) Y: Min Capacity: 8M(0%)
[2026-01-06T22:07:10.126+0800][17.770s][info][gc,heap     ] GC(71) Y: Max Capacity: 4096M(100%)
[2026-01-06T22:07:10.126+0800][17.770s][info][gc,heap     ] GC(71) Y: Soft Max Capacity: 3686M(90%)
[2026-01-06T22:07:10.126+0800][17.770s][info][gc,heap     ] GC(71) Y: Heap Statistics:
[2026-01-06T22:07:10.126+0800][17.770s][info][gc,heap     ] GC(71) Y:                Mark Start          Mark End        Relocate Start      Relocate End           High               Low         
[2026-01-06T22:07:10.126+0800][17.770s][info][gc,heap     ] GC(71) Y:  Capacity:     3498M (85%)        3498M (85%)        3498M (85%)        3498M (85%)        3498M (85%)        3498M (85%)    
[2026-01-06T22:07:10.126+0800][17.770s][info][gc,heap     ] GC(71) Y:      Free:     2682M (65%)        2678M (65%)        4086M (100%)       4086M (100%)       4086M (100%)       2678M (65%)    
[2026-01-06T22:07:10.126+0800][17.770s][info][gc,heap     ] GC(71) Y:      Used:     1414M (35%)        1418M (35%)          10M (0%)           10M (0%)         1418M (35%)          10M (0%)     
[2026-01-06T22:07:10.126+0800][17.770s][info][gc,heap     ] GC(71) Y: Young Generation Statistics:
[2026-01-06T22:07:10.126+0800][17.770s][info][gc,heap     ] GC(71) Y:                Mark Start          Mark End        Relocate Start      Relocate End    
[2026-01-06T22:07:10.126+0800][17.770s][info][gc,heap     ] GC(71) Y:      Used:     1412M (34%)        1416M (35%)           8M (0%)            8M (0%)     
[2026-01-06T22:07:10.126+0800][17.770s][info][gc,heap     ] GC(71) Y:      Live:         -                 0M (0%)            0M (0%)            0M (0%)     
[2026-01-06T22:07:10.126+0800][17.770s][info][gc,heap     ] GC(71) Y:   Garbage:         -              1411M (34%)           1M (0%)            1M (0%)     
[2026-01-06T22:07:10.126+0800][17.770s][info][gc,heap     ] GC(71) Y: Allocated:         -                 4M (0%)            6M (0%)            6M (0%)     
[2026-01-06T22:07:10.126+0800][17.770s][info][gc,heap     ] GC(71) Y: Reclaimed:         -                  -              1410M (34%)        1410M (34%)    
[2026-01-06T22:07:10.126+0800][17.770s][info][gc,heap     ] GC(71) Y:  Promoted:         -                  -                 0M (0%)            0M (0%)     
[2026-01-06T22:07:10.126+0800][17.770s][info][gc,heap     ] GC(71) Y: Compacted:         -                  -                  -                 0M (0%)     
[2026-01-06T22:07:10.126+0800][17.770s][info][gc,phases   ] GC(71) Y: Young Generation 1414M(35%)->10M(0%) 0.000s
[2026-01-06T22:07:10.126+0800][17.770s][info][gc,phases   ] GC(71) O: Old Generation
[2026-01-06T22:07:10.126+0800][17.770s][info][gc,phases   ] GC(71) O: Concurrent Mark 0.574ms
[2026-01-06T22:07:10.126+0800][17.770s][info][gc,phases   ] GC(71) O: Pause Mark End 0.002ms
[2026-01-06T22:07:10.126+0800][17.770s][info][gc,phases   ] GC(71) O: Concurrent Mark Free 0.000ms
[2026-01-06T22:07:10.127+0800][17.770s][info][gc,phases   ] GC(71) O: Concurrent Process Non-Strong 0.120ms
[2026-01-06T22:07:10.127+0800][17.770s][info][gc,phases   ] GC(71) O: Concurrent Reset Relocation Set 0.000ms
[2026-01-06T22:07:10.127+0800][17.770s][info][gc,phases   ] GC(71) O: Concurrent Select Relocation Set 0.017ms
[2026-01-06T22:07:10.127+0800][17.770s][info][gc,task     ] GC(71) O: Using 2 Workers for Old Generation
[2026-01-06T22:07:10.127+0800][17.771s][info][gc,task     ] GC(71) O: Using 1 Workers for Old Generation
[2026-01-06T22:07:10.127+0800][17.771s][info][gc,phases   ] GC(71) O: Concurrent Remap Roots 0.047ms
[2026-01-06T22:07:10.127+0800][17.771s][info][gc,phases   ] GC(71) O: Pause Relocate Start 0.001ms
[2026-01-06T22:07:10.127+0800][17.771s][info][gc,phases   ] GC(71) O: Concurrent Relocate 0.006ms
[2026-01-06T22:07:10.127+0800][17.771s][info][gc,alloc    ] GC(71) O:                         Mark Start        Mark End      Relocate Start    Relocate End   
[2026-01-06T22:07:10.127+0800][17.771s][info][gc,alloc    ] GC(71) O: Allocation Stalls:          0                0                0                0         
[2026-01-06T22:07:10.127+0800][17.771s][info][gc,load     ] GC(71) O: Load: 1.49 (15%) / 1.70 (17%) / 1.98 (20%)
[2026-01-06T22:07:10.127+0800][17.771s][info][gc,mmu      ] GC(71) O: MMU: 2ms/97.4%, 5ms/98.6%, 10ms/99.3%, 20ms/99.5%, 50ms/99.8%, 100ms/99.9%
[2026-01-06T22:07:10.127+0800][17.771s][info][gc,marking  ] GC(71) O: Mark: 1 stripe(s), 2 proactive flush(es), 1 terminate flush(es), 0 completion(s), 0 continuation(s) 
[2026-01-06T22:07:10.127+0800][17.771s][info][gc,nmethod  ] GC(71) O: NMethods: 120 registered, 37 unregistered
[2026-01-06T22:07:10.127+0800][17.771s][info][gc,metaspace] GC(71) O: Metaspace: 0M used, 0M committed, 1088M reserved
[2026-01-06T22:07:10.127+0800][17.771s][info][gc,ref      ] GC(71) O:                       Encountered   Discovered     Enqueued 
[2026-01-06T22:07:10.127+0800][17.771s][info][gc,ref      ] GC(71) O: Soft References:                1            0            0 
[2026-01-06T22:07:10.127+0800][17.771s][info][gc,ref      ] GC(71) O: Weak References:                6            0            0 
[2026-01-06T22:07:10.127+0800][17.771s][info][gc,ref      ] GC(71) O: Final References:               0            0            0 
[2026-01-06T22:07:10.127+0800][17.771s][info][gc,ref      ] GC(71) O: Phantom References:             1            1            0 
[2026-01-06T22:07:10.127+0800][17.771s][info][gc,reloc    ] GC(71) O:                        Candidates     Selected     In-Place         Size        Empty    Relocated 
[2026-01-06T22:07:10.127+0800][17.771s][info][gc,reloc    ] GC(71) O: Small Pages:                    1            0            0           2M           0M           0M 
[2026-01-06T22:07:10.127+0800][17.771s][info][gc,reloc    ] GC(71) O: Medium Pages:                   0            0            0           0M           0M           0M 
[2026-01-06T22:07:10.127+0800][17.771s][info][gc,reloc    ] GC(71) O: Large Pages:                    0            0            0           0M           0M           0M 
[2026-01-06T22:07:10.127+0800][17.771s][info][gc,reloc    ] GC(71) O: Forwarding Usage: 0M
[2026-01-06T22:07:10.127+0800][17.771s][info][gc,heap     ] GC(71) O: Min Capacity: 8M(0%)
[2026-01-06T22:07:10.127+0800][17.771s][info][gc,heap     ] GC(71) O: Max Capacity: 4096M(100%)
[2026-01-06T22:07:10.127+0800][17.771s][info][gc,heap     ] GC(71) O: Soft Max Capacity: 3686M(90%)
[2026-01-06T22:07:10.127+0800][17.771s][info][gc,heap     ] GC(71) O: Heap Statistics:
[2026-01-06T22:07:10.127+0800][17.771s][info][gc,heap     ] GC(71) O:                Mark Start          Mark End        Relocate Start      Relocate End           High               Low         
[2026-01-06T22:07:10.127+0800][17.771s][info][gc,heap     ] GC(71) O:  Capacity:     3498M (85%)        3498M (85%)        3498M (85%)        3498M (85%)        3498M (85%)        3498M (85%)    
[2026-01-06T22:07:10.127+0800][17.771s][info][gc,heap     ] GC(71) O:      Free:     2682M (65%)        4072M (99%)        4070M (99%)        4070M (99%)        4086M (100%)       2678M (65%)    
[2026-01-06T22:07:10.127+0800][17.771s][info][gc,heap     ] GC(71) O:      Used:     1414M (35%)          24M (1%)           26M (1%)           26M (1%)         1418M (35%)          10M (0%)     
[2026-01-06T22:07:10.127+0800][17.771s][info][gc,heap     ] GC(71) O: Old Generation Statistics:
[2026-01-06T22:07:10.127+0800][17.771s][info][gc,heap     ] GC(71) O:                Mark Start          Mark End        Relocate Start      Relocate End    
[2026-01-06T22:07:10.127+0800][17.771s][info][gc,heap     ] GC(71) O:      Used:        2M (0%)            2M (0%)            2M (0%)            2M (0%)     
[2026-01-06T22:07:10.127+0800][17.771s][info][gc,heap     ] GC(71) O:      Live:         -                 0M (0%)            0M (0%)            0M (0%)     
[2026-01-06T22:07:10.127+0800][17.771s][info][gc,heap     ] GC(71) O:   Garbage:         -                 1M (0%)            1M (0%)            1M (0%)     
[2026-01-06T22:07:10.127+0800][17.771s][info][gc,heap     ] GC(71) O: Allocated:         -                 0M (0%)            0M (0%)            0M (0%)     
[2026-01-06T22:07:10.127+0800][17.771s][info][gc,heap     ] GC(71) O: Reclaimed:         -                  -                 0M (0%)            0M (0%)     
[2026-01-06T22:07:10.127+0800][17.771s][info][gc,heap     ] GC(71) O: Compacted:         -                  -                  -                 0M (0%)     
[2026-01-06T22:07:10.127+0800][17.771s][info][gc,phases   ] GC(71) O: Old Generation 12M(0%)->26M(1%) 0.001s
[2026-01-06T22:07:10.127+0800][17.771s][info][gc          ] GC(71) Major Collection (Proactive) 1414M(35%)->28M(1%) 0.002s
[2026-01-06T22:07:10.198+0800][17.842s][info][gc          ] GC(72) Major Collection (Proactive)
[2026-01-06T22:07:10.198+0800][17.842s][info][gc,task     ] GC(72) Using 1 Workers for Young Generation
[2026-01-06T22:07:10.198+0800][17.842s][info][gc,task     ] GC(72) Using 1 Workers for Old Generation
[2026-01-06T22:07:10.198+0800][17.842s][info][gc,phases   ] GC(72) Y: Young Generation
[2026-01-06T22:07:10.198+0800][17.842s][info][gc,phases   ] GC(72) Y: Pause Mark Start (Major) 0.004ms
[2026-01-06T22:07:10.199+0800][17.843s][info][gc,phases   ] GC(72) Y: Concurrent Mark 0.154ms
[2026-01-06T22:07:10.199+0800][17.843s][info][gc,phases   ] GC(72) Y: Pause Mark End 0.002ms
[2026-01-06T22:07:10.199+0800][17.843s][info][gc,phases   ] GC(72) Y: Concurrent Mark Free 0.000ms
[2026-01-06T22:07:10.199+0800][17.843s][info][gc,phases   ] GC(72) Y: Concurrent Reset Relocation Set 0.000ms
[2026-01-06T22:07:10.199+0800][17.843s][info][gc,reloc    ] GC(72) Y: Using tenuring threshold: 1 (Computed)
[2026-01-06T22:07:10.199+0800][17.843s][info][gc,phases   ] GC(72) Y: Concurrent Select Relocation Set 0.155ms
[2026-01-06T22:07:10.199+0800][17.843s][info][gc,phases   ] GC(72) Y: Pause Relocate Start 0.001ms
[2026-01-06T22:07:10.199+0800][17.843s][info][gc,phases   ] GC(72) Y: Concurrent Relocate 0.011ms
[2026-01-06T22:07:10.199+0800][17.843s][info][gc,alloc    ] GC(72) Y:                         Mark Start        Mark End      Relocate Start    Relocate End   
[2026-01-06T22:07:10.199+0800][17.843s][info][gc,alloc    ] GC(72) Y: Allocation Stalls:          0                0                0                0         
[2026-01-06T22:07:10.199+0800][17.843s][info][gc,load     ] GC(72) Y: Load: 1.49 (15%) / 1.70 (17%) / 1.98 (20%)
[2026-01-06T22:07:10.199+0800][17.843s][info][gc,mmu      ] GC(72) Y: MMU: 2ms/97.4%, 5ms/98.6%, 10ms/99.3%, 20ms/99.5%, 50ms/99.8%, 100ms/99.9%
[2026-01-06T22:07:10.199+0800][17.843s][info][gc,marking  ] GC(72) Y: Mark: 1 stripe(s), 2 proactive flush(es), 1 terminate flush(es), 0 completion(s), 0 continuation(s) 
[2026-01-06T22:07:10.199+0800][17.843s][info][gc,nmethod  ] GC(72) Y: NMethods: 120 registered, 37 unregistered
[2026-01-06T22:07:10.199+0800][17.843s][info][gc,metaspace] GC(72) Y: Metaspace: 0M used, 0M committed, 1088M reserved
[2026-01-06T22:07:10.199+0800][17.843s][info][gc,reloc    ] GC(72) Y:                        Candidates     Selected     In-Place         Size        Empty    Relocated 
[2026-01-06T22:07:10.199+0800][17.843s][info][gc,reloc    ] GC(72) Y: Small Pages:                  706            0            0        1412M        1410M           0M 
[2026-01-06T22:07:10.199+0800][17.843s][info][gc,reloc    ] GC(72) Y: Medium Pages:                   0            0            0           0M           0M           0M 
[2026-01-06T22:07:10.199+0800][17.843s][info][gc,reloc    ] GC(72) Y: Large Pages:                    0            0            0           0M           0M           0M 
[2026-01-06T22:07:10.199+0800][17.843s][info][gc,reloc    ] GC(72) Y: Forwarding Usage: 0M
[2026-01-06T22:07:10.199+0800][17.843s][info][gc,reloc    ] GC(72) Y: Age Table:
[2026-01-06T22:07:10.199+0800][17.843s][info][gc,reloc    ] GC(72) Y:                    Live             Garbage             Small              Medium             Large        
[2026-01-06T22:07:10.199+0800][17.843s][info][gc,reloc    ] GC(72) Y: Eden               0M (0%)         1409M (34%)        705 / 0              0 / 0              0 / 0        
[2026-01-06T22:07:10.199+0800][17.843s][info][gc,reloc    ] GC(72) Y: Survivor 1          -                 2M (0%)           1 / 0              0 / 0              0 / 0        
[2026-01-06T22:07:10.199+0800][17.843s][info][gc,heap     ] GC(72) Y: Min Capacity: 8M(0%)
[2026-01-06T22:07:10.199+0800][17.843s][info][gc,heap     ] GC(72) Y: Max Capacity: 4096M(100%)
[2026-01-06T22:07:10.199+0800][17.843s][info][gc,heap     ] GC(72) Y: Soft Max Capacity: 3686M(90%)
[2026-01-06T22:07:10.199+0800][17.843s][info][gc,heap     ] GC(72) Y: Heap Statistics:
[2026-01-06T22:07:10.199+0800][17.843s][info][gc,heap     ] GC(72) Y:                Mark Start          Mark End        Relocate Start      Relocate End           High               Low         
[2026-01-06T22:07:10.199+0800][17.843s][info][gc,heap     ] GC(72) Y:  Capacity:     3498M (85%)        3498M (85%)        3498M (85%)        3498M (85%)        3498M (85%)        3498M (85%)    
[2026-01-06T22:07:10.199+0800][17.843s][info][gc,heap     ] GC(72) Y:      Free:     2682M (65%)        2678M (65%)        4086M (100%)       4084M (100%)       4086M (100%)       2678M (65%)    
[2026-01-06T22:07:10.199+0800][17.843s][info][gc,heap     ] GC(72) Y:      Used:     1414M (35%)        1418M (35%)          10M (0%)           12M (0%)         1418M (35%)          10M (0%)     
[2026-01-06T22:07:10.199+0800][17.843s][info][gc,heap     ] GC(72) Y: Young Generation Statistics:
[2026-01-06T22:07:10.199+0800][17.843s][info][gc,heap     ] GC(72) Y:                Mark Start          Mark End        Relocate Start      Relocate End    
[2026-01-06T22:07:10.199+0800][17.843s][info][gc,heap     ] GC(72) Y:      Used:     1412M (34%)        1416M (35%)           8M (0%)           10M (0%)     
[2026-01-06T22:07:10.199+0800][17.843s][info][gc,heap     ] GC(72) Y:      Live:         -                 0M (0%)            0M (0%)            0M (0%)     
[2026-01-06T22:07:10.199+0800][17.843s][info][gc,heap     ] GC(72) Y:   Garbage:         -              1411M (34%)           1M (0%)            1M (0%)     
[2026-01-06T22:07:10.199+0800][17.843s][info][gc,heap     ] GC(72) Y: Allocated:         -                 4M (0%)            6M (0%)            8M (0%)     
[2026-01-06T22:07:10.199+0800][17.843s][info][gc,heap     ] GC(72) Y: Reclaimed:         -                  -              1410M (34%)        1410M (34%)    
[2026-01-06T22:07:10.199+0800][17.843s][info][gc,heap     ] GC(72) Y:  Promoted:         -                  -                 0M (0%)            0M (0%)     
[2026-01-06T22:07:10.199+0800][17.843s][info][gc,heap     ] GC(72) Y: Compacted:         -                  -                  -                 0M (0%)     
[2026-01-06T22:07:10.199+0800][17.843s][info][gc,phases   ] GC(72) Y: Young Generation 1414M(35%)->12M(0%) 0.000s
[2026-01-06T22:07:10.199+0800][17.843s][info][gc,phases   ] GC(72) O: Old Generation
[2026-01-06T22:07:10.200+0800][17.843s][info][gc,phases   ] GC(72) O: Concurrent Mark 0.575ms
[2026-01-06T22:07:10.200+0800][17.843s][info][gc,phases   ] GC(72) O: Pause Mark End 0.002ms
[2026-01-06T22:07:10.200+0800][17.843s][info][gc,phases   ] GC(72) O: Concurrent Mark Free 0.000ms
[2026-01-06T22:07:10.200+0800][17.844s][info][gc,phases   ] GC(72) O: Concurrent Process Non-Strong 0.112ms
[2026-01-06T22:07:10.200+0800][17.844s][info][gc,phases   ] GC(72) O: Concurrent Reset Relocation Set 0.000ms
[2026-01-06T22:07:10.200+0800][17.844s][info][gc,phases   ] GC(72) O: Concurrent Select Relocation Set 0.016ms
[2026-01-06T22:07:10.200+0800][17.844s][info][gc,task     ] GC(72) O: Using 2 Workers for Old Generation
[2026-01-06T22:07:10.200+0800][17.844s][info][gc,task     ] GC(72) O: Using 1 Workers for Old Generation
[2026-01-06T22:07:10.200+0800][17.844s][info][gc,phases   ] GC(72) O: Concurrent Remap Roots 0.043ms
[2026-01-06T22:07:10.200+0800][17.844s][info][gc,phases   ] GC(72) O: Pause Relocate Start 0.001ms
[2026-01-06T22:07:10.200+0800][17.844s][info][gc,phases   ] GC(72) O: Concurrent Relocate 0.005ms
[2026-01-06T22:07:10.200+0800][17.844s][info][gc,alloc    ] GC(72) O:                         Mark Start        Mark End      Relocate Start    Relocate End   
[2026-01-06T22:07:10.200+0800][17.844s][info][gc,alloc    ] GC(72) O: Allocation Stalls:          0                0                0                0         
[2026-01-06T22:07:10.200+0800][17.844s][info][gc,load     ] GC(72) O: Load: 1.49 (15%) / 1.70 (17%) / 1.98 (20%)
[2026-01-06T22:07:10.200+0800][17.844s][info][gc,mmu      ] GC(72) O: MMU: 2ms/97.4%, 5ms/98.6%, 10ms/99.3%, 20ms/99.5%, 50ms/99.8%, 100ms/99.9%
[2026-01-06T22:07:10.200+0800][17.844s][info][gc,marking  ] GC(72) O: Mark: 1 stripe(s), 2 proactive flush(es), 1 terminate flush(es), 0 completion(s), 0 continuation(s) 
[2026-01-06T22:07:10.200+0800][17.844s][info][gc,nmethod  ] GC(72) O: NMethods: 120 registered, 37 unregistered
[2026-01-06T22:07:10.200+0800][17.844s][info][gc,metaspace] GC(72) O: Metaspace: 0M used, 0M committed, 1088M reserved
[2026-01-06T22:07:10.200+0800][17.844s][info][gc,ref      ] GC(72) O:                       Encountered   Discovered     Enqueued 
[2026-01-06T22:07:10.200+0800][17.844s][info][gc,ref      ] GC(72) O: Soft References:                1            0            0 
[2026-01-06T22:07:10.200+0800][17.844s][info][gc,ref      ] GC(72) O: Weak References:                6            0            0 
[2026-01-06T22:07:10.200+0800][17.844s][info][gc,ref      ] GC(72) O: Final References:               0            0            0 
[2026-01-06T22:07:10.200+0800][17.844s][info][gc,ref      ] GC(72) O: Phantom References:             1            1            0 
[2026-01-06T22:07:10.200+0800][17.844s][info][gc,reloc    ] GC(72) O:                        Candidates     Selected     In-Place         Size        Empty    Relocated 
[2026-01-06T22:07:10.200+0800][17.844s][info][gc,reloc    ] GC(72) O: Small Pages:                    1            0            0           2M           0M           0M 
[2026-01-06T22:07:10.200+0800][17.844s][info][gc,reloc    ] GC(72) O: Medium Pages:                   0            0            0           0M           0M           0M 
[2026-01-06T22:07:10.200+0800][17.844s][info][gc,reloc    ] GC(72) O: Large Pages:                    0            0            0           0M           0M           0M 
[2026-01-06T22:07:10.200+0800][17.844s][info][gc,reloc    ] GC(72) O: Forwarding Usage: 0M
[2026-01-06T22:07:10.200+0800][17.844s][info][gc,heap     ] GC(72) O: Min Capacity: 8M(0%)
[2026-01-06T22:07:10.200+0800][17.844s][info][gc,heap     ] GC(72) O: Max Capacity: 4096M(100%)
[2026-01-06T22:07:10.200+0800][17.844s][info][gc,heap     ] GC(72) O: Soft Max Capacity: 3686M(90%)
[2026-01-06T22:07:10.200+0800][17.844s][info][gc,heap     ] GC(72) O: Heap Statistics:
[2026-01-06T22:07:10.200+0800][17.844s][info][gc,heap     ] GC(72) O:                Mark Start          Mark End        Relocate Start      Relocate End           High               Low         
[2026-01-06T22:07:10.200+0800][17.844s][info][gc,heap     ] GC(72) O:  Capacity:     3498M (85%)        3498M (85%)        3498M (85%)        3498M (85%)        3498M (85%)        3498M (85%)    
[2026-01-06T22:07:10.200+0800][17.844s][info][gc,heap     ] GC(72) O:      Free:     2682M (65%)        4072M (99%)        4068M (99%)        4068M (99%)        4086M (100%)       2678M (65%)    
[2026-01-06T22:07:10.200+0800][17.844s][info][gc,heap     ] GC(72) O:      Used:     1414M (35%)          24M (1%)           28M (1%)           28M (1%)         1418M (35%)          10M (0%)     
[2026-01-06T22:07:10.200+0800][17.844s][info][gc,heap     ] GC(72) O: Old Generation Statistics:
[2026-01-06T22:07:10.200+0800][17.844s][info][gc,heap     ] GC(72) O:                Mark Start          Mark End        Relocate Start      Relocate End    
[2026-01-06T22:07:10.200+0800][17.844s][info][gc,heap     ] GC(72) O:      Used:        2M (0%)            2M (0%)            2M (0%)            2M (0%)     
[2026-01-06T22:07:10.200+0800][17.844s][info][gc,heap     ] GC(72) O:      Live:         -                 0M (0%)            0M (0%)            0M (0%)     
[2026-01-06T22:07:10.200+0800][17.844s][info][gc,heap     ] GC(72) O:   Garbage:         -                 1M (0%)            1M (0%)            1M (0%)     
[2026-01-06T22:07:10.200+0800][17.844s][info][gc,heap     ] GC(72) O: Allocated:         -                 0M (0%)            0M (0%)            0M (0%)     
[2026-01-06T22:07:10.200+0800][17.844s][info][gc,heap     ] GC(72) O: Reclaimed:         -                  -                 0M (0%)            0M (0%)     
[2026-01-06T22:07:10.200+0800][17.844s][info][gc,heap     ] GC(72) O: Compacted:         -                  -                  -                 0M (0%)     
[2026-01-06T22:07:10.200+0800][17.844s][info][gc,phases   ] GC(72) O: Old Generation 14M(0%)->28M(1%) 0.001s
[2026-01-06T22:07:10.200+0800][17.844s][info][gc          ] GC(72) Major Collection (Proactive) 1414M(35%)->30M(1%) 0.002s
[2026-01-06T22:07:10.271+0800][17.915s][info][gc          ] GC(73) Major Collection (Proactive)
[2026-01-06T22:07:10.271+0800][17.915s][info][gc,task     ] GC(73) Using 1 Workers for Young Generation
[2026-01-06T22:07:10.271+0800][17.915s][info][gc,task     ] GC(73) Using 1 Workers for Old Generation
[2026-01-06T22:07:10.271+0800][17.915s][info][gc,phases   ] GC(73) Y: Young Generation
[2026-01-06T22:07:10.271+0800][17.915s][info][gc,phases   ] GC(73) Y: Pause Mark Start (Major) 0.004ms
[2026-01-06T22:07:10.271+0800][17.915s][info][gc,phases   ] GC(73) Y: Concurrent Mark 0.160ms
[2026-01-06T22:07:10.271+0800][17.915s][info][gc,phases   ] GC(73) Y: Pause Mark End 0.003ms
[2026-01-06T22:07:10.271+0800][17.915s][info][gc,phases   ] GC(73) Y: Concurrent Mark Free 0.000ms
[2026-01-06T22:07:10.271+0800][17.915s][info][gc,phases   ] GC(73) Y: Concurrent Reset Relocation Set 0.000ms
[2026-01-06T22:07:10.271+0800][17.915s][info][gc,reloc    ] GC(73) Y: Using tenuring threshold: 1 (Computed)
[2026-01-06T22:07:10.271+0800][17.915s][info][gc,phases   ] GC(73) Y: Concurrent Select Relocation Set 0.167ms
[2026-01-06T22:07:10.271+0800][17.915s][info][gc,phases   ] GC(73) Y: Pause Relocate Start 0.001ms
[2026-01-06T22:07:10.271+0800][17.915s][info][gc,phases   ] GC(73) Y: Concurrent Relocate 0.011ms
[2026-01-06T22:07:10.271+0800][17.915s][info][gc,alloc    ] GC(73) Y:                         Mark Start        Mark End      Relocate Start    Relocate End   
[2026-01-06T22:07:10.271+0800][17.915s][info][gc,alloc    ] GC(73) Y: Allocation Stalls:          0                0                0                0         
[2026-01-06T22:07:10.271+0800][17.915s][info][gc,load     ] GC(73) Y: Load: 1.49 (15%) / 1.70 (17%) / 1.98 (20%)
[2026-01-06T22:07:10.271+0800][17.915s][info][gc,mmu      ] GC(73) Y: MMU: 2ms/97.4%, 5ms/98.6%, 10ms/99.3%, 20ms/99.5%, 50ms/99.8%, 100ms/99.9%
[2026-01-06T22:07:10.271+0800][17.915s][info][gc,marking  ] GC(73) Y: Mark: 1 stripe(s), 2 proactive flush(es), 1 terminate flush(es), 0 completion(s), 0 continuation(s) 
[2026-01-06T22:07:10.271+0800][17.915s][info][gc,nmethod  ] GC(73) Y: NMethods: 120 registered, 37 unregistered
[2026-01-06T22:07:10.271+0800][17.915s][info][gc,metaspace] GC(73) Y: Metaspace: 0M used, 0M committed, 1088M reserved
[2026-01-06T22:07:10.271+0800][17.915s][info][gc,reloc    ] GC(73) Y:                        Candidates     Selected     In-Place         Size        Empty    Relocated 
[2026-01-06T22:07:10.271+0800][17.915s][info][gc,reloc    ] GC(73) Y: Small Pages:                  691            0            0        1382M        1380M           0M 
[2026-01-06T22:07:10.271+0800][17.915s][info][gc,reloc    ] GC(73) Y: Medium Pages:                   0            0            0           0M           0M           0M 
[2026-01-06T22:07:10.271+0800][17.915s][info][gc,reloc    ] GC(73) Y: Large Pages:                    0            0            0           0M           0M           0M 
[2026-01-06T22:07:10.271+0800][17.915s][info][gc,reloc    ] GC(73) Y: Forwarding Usage: 0M
[2026-01-06T22:07:10.271+0800][17.915s][info][gc,reloc    ] GC(73) Y: Age Table:
[2026-01-06T22:07:10.271+0800][17.915s][info][gc,reloc    ] GC(73) Y:                    Live             Garbage             Small              Medium             Large        
[2026-01-06T22:07:10.271+0800][17.915s][info][gc,reloc    ] GC(73) Y: Eden               0M (0%)         1379M (34%)        690 / 0              0 / 0              0 / 0        
[2026-01-06T22:07:10.271+0800][17.915s][info][gc,reloc    ] GC(73) Y: Survivor 1          -                 2M (0%)           1 / 0              0 / 0              0 / 0        
[2026-01-06T22:07:10.271+0800][17.915s][info][gc,heap     ] GC(73) Y: Min Capacity: 8M(0%)
[2026-01-06T22:07:10.271+0800][17.915s][info][gc,heap     ] GC(73) Y: Max Capacity: 4096M(100%)
[2026-01-06T22:07:10.271+0800][17.915s][info][gc,heap     ] GC(73) Y: Soft Max Capacity: 3686M(90%)
[2026-01-06T22:07:10.271+0800][17.915s][info][gc,heap     ] GC(73) Y: Heap Statistics:
[2026-01-06T22:07:10.271+0800][17.915s][info][gc,heap     ] GC(73) Y:                Mark Start          Mark End        Relocate Start      Relocate End           High               Low         
[2026-01-06T22:07:10.271+0800][17.915s][info][gc,heap     ] GC(73) Y:  Capacity:     3498M (85%)        3498M (85%)        3498M (85%)        3498M (85%)        3498M (85%)        3498M (85%)    
[2026-01-06T22:07:10.271+0800][17.915s][info][gc,heap     ] GC(73) Y:      Free:     2712M (66%)        2708M (66%)        4086M (100%)       4086M (100%)       4086M (100%)       2708M (66%)    
[2026-01-06T22:07:10.271+0800][17.915s][info][gc,heap     ] GC(73) Y:      Used:     1384M (34%)        1388M (34%)          10M (0%)           10M (0%)         1388M (34%)          10M (0%)     
[2026-01-06T22:07:10.271+0800][17.915s][info][gc,heap     ] GC(73) Y: Young Generation Statistics:
[2026-01-06T22:07:10.271+0800][17.915s][info][gc,heap     ] GC(73) Y:                Mark Start          Mark End        Relocate Start      Relocate End    
[2026-01-06T22:07:10.271+0800][17.915s][info][gc,heap     ] GC(73) Y:      Used:     1382M (34%)        1386M (34%)           8M (0%)            8M (0%)     
[2026-01-06T22:07:10.271+0800][17.915s][info][gc,heap     ] GC(73) Y:      Live:         -                 0M (0%)            0M (0%)            0M (0%)     
[2026-01-06T22:07:10.271+0800][17.915s][info][gc,heap     ] GC(73) Y:   Garbage:         -              1381M (34%)           1M (0%)            1M (0%)     
[2026-01-06T22:07:10.271+0800][17.915s][info][gc,heap     ] GC(73) Y: Allocated:         -                 4M (0%)            6M (0%)            6M (0%)     
[2026-01-06T22:07:10.271+0800][17.915s][info][gc,heap     ] GC(73) Y: Reclaimed:         -                  -              1380M (34%)        1380M (34%)    
[2026-01-06T22:07:10.271+0800][17.915s][info][gc,heap     ] GC(73) Y:  Promoted:         -                  -                 0M (0%)            0M (0%)     
[2026-01-06T22:07:10.271+0800][17.915s][info][gc,heap     ] GC(73) Y: Compacted:         -                  -                  -                 0M (0%)     
[2026-01-06T22:07:10.271+0800][17.915s][info][gc,phases   ] GC(73) Y: Young Generation 1384M(34%)->10M(0%) 0.000s
[2026-01-06T22:07:10.271+0800][17.915s][info][gc,phases   ] GC(73) O: Old Generation
[2026-01-06T22:07:10.272+0800][17.916s][info][gc,phases   ] GC(73) O: Concurrent Mark 0.637ms
[2026-01-06T22:07:10.272+0800][17.916s][info][gc,phases   ] GC(73) O: Pause Mark End 0.002ms
[2026-01-06T22:07:10.272+0800][17.916s][info][gc,phases   ] GC(73) O: Concurrent Mark Free 0.000ms
[2026-01-06T22:07:10.272+0800][17.916s][info][gc,phases   ] GC(73) O: Concurrent Process Non-Strong 0.116ms
[2026-01-06T22:07:10.272+0800][17.916s][info][gc,phases   ] GC(73) O: Concurrent Reset Relocation Set 0.000ms
[2026-01-06T22:07:10.272+0800][17.916s][info][gc,phases   ] GC(73) O: Concurrent Select Relocation Set 0.016ms
[2026-01-06T22:07:10.272+0800][17.916s][info][gc,task     ] GC(73) O: Using 2 Workers for Old Generation
[2026-01-06T22:07:10.272+0800][17.916s][info][gc,task     ] GC(73) O: Using 1 Workers for Old Generation
[2026-01-06T22:07:10.272+0800][17.916s][info][gc,phases   ] GC(73) O: Concurrent Remap Roots 0.045ms
[2026-01-06T22:07:10.272+0800][17.916s][info][gc,phases   ] GC(73) O: Pause Relocate Start 0.001ms
[2026-01-06T22:07:10.272+0800][17.916s][info][gc,phases   ] GC(73) O: Concurrent Relocate 0.006ms
[2026-01-06T22:07:10.272+0800][17.916s][info][gc,alloc    ] GC(73) O:                         Mark Start        Mark End      Relocate Start    Relocate End   
[2026-01-06T22:07:10.272+0800][17.916s][info][gc,alloc    ] GC(73) O: Allocation Stalls:          0                0                0                0         
[2026-01-06T22:07:10.272+0800][17.916s][info][gc,load     ] GC(73) O: Load: 1.49 (15%) / 1.70 (17%) / 1.98 (20%)
[2026-01-06T22:07:10.272+0800][17.916s][info][gc,mmu      ] GC(73) O: MMU: 2ms/97.4%, 5ms/98.6%, 10ms/99.3%, 20ms/99.5%, 50ms/99.8%, 100ms/99.9%
[2026-01-06T22:07:10.272+0800][17.916s][info][gc,marking  ] GC(73) O: Mark: 1 stripe(s), 2 proactive flush(es), 1 terminate flush(es), 0 completion(s), 0 continuation(s) 
[2026-01-06T22:07:10.272+0800][17.916s][info][gc,nmethod  ] GC(73) O: NMethods: 120 registered, 37 unregistered
[2026-01-06T22:07:10.272+0800][17.916s][info][gc,metaspace] GC(73) O: Metaspace: 0M used, 0M committed, 1088M reserved
[2026-01-06T22:07:10.272+0800][17.916s][info][gc,ref      ] GC(73) O:                       Encountered   Discovered     Enqueued 
[2026-01-06T22:07:10.272+0800][17.916s][info][gc,ref      ] GC(73) O: Soft References:                1            0            0 
[2026-01-06T22:07:10.272+0800][17.916s][info][gc,ref      ] GC(73) O: Weak References:                6            0            0 
[2026-01-06T22:07:10.272+0800][17.916s][info][gc,ref      ] GC(73) O: Final References:               0            0            0 
[2026-01-06T22:07:10.272+0800][17.916s][info][gc,ref      ] GC(73) O: Phantom References:             1            1            0 
[2026-01-06T22:07:10.272+0800][17.916s][info][gc,reloc    ] GC(73) O:                        Candidates     Selected     In-Place         Size        Empty    Relocated 
[2026-01-06T22:07:10.272+0800][17.916s][info][gc,reloc    ] GC(73) O: Small Pages:                    1            0            0           2M           0M           0M 
[2026-01-06T22:07:10.272+0800][17.916s][info][gc,reloc    ] GC(73) O: Medium Pages:                   0            0            0           0M           0M           0M 
[2026-01-06T22:07:10.272+0800][17.916s][info][gc,reloc    ] GC(73) O: Large Pages:                    0            0            0           0M           0M           0M 
[2026-01-06T22:07:10.272+0800][17.916s][info][gc,reloc    ] GC(73) O: Forwarding Usage: 0M
[2026-01-06T22:07:10.272+0800][17.916s][info][gc,heap     ] GC(73) O: Min Capacity: 8M(0%)
[2026-01-06T22:07:10.272+0800][17.916s][info][gc,heap     ] GC(73) O: Max Capacity: 4096M(100%)
[2026-01-06T22:07:10.272+0800][17.916s][info][gc,heap     ] GC(73) O: Soft Max Capacity: 3686M(90%)
[2026-01-06T22:07:10.272+0800][17.916s][info][gc,heap     ] GC(73) O: Heap Statistics:
[2026-01-06T22:07:10.272+0800][17.916s][info][gc,heap     ] GC(73) O:                Mark Start          Mark End        Relocate Start      Relocate End           High               Low         
[2026-01-06T22:07:10.272+0800][17.916s][info][gc,heap     ] GC(73) O:  Capacity:     3498M (85%)        3498M (85%)        3498M (85%)        3498M (85%)        3498M (85%)        3498M (85%)    
[2026-01-06T22:07:10.272+0800][17.916s][info][gc,heap     ] GC(73) O:      Free:     2712M (66%)        4070M (99%)        4068M (99%)        4066M (99%)        4086M (100%)       2708M (66%)    
[2026-01-06T22:07:10.272+0800][17.916s][info][gc,heap     ] GC(73) O:      Used:     1384M (34%)          26M (1%)           28M (1%)           30M (1%)         1388M (34%)          10M (0%)     
[2026-01-06T22:07:10.272+0800][17.916s][info][gc,heap     ] GC(73) O: Old Generation Statistics:
[2026-01-06T22:07:10.272+0800][17.916s][info][gc,heap     ] GC(73) O:                Mark Start          Mark End        Relocate Start      Relocate End    
[2026-01-06T22:07:10.272+0800][17.916s][info][gc,heap     ] GC(73) O:      Used:        2M (0%)            2M (0%)            2M (0%)            2M (0%)     
[2026-01-06T22:07:10.272+0800][17.916s][info][gc,heap     ] GC(73) O:      Live:         -                 0M (0%)            0M (0%)            0M (0%)     
[2026-01-06T22:07:10.272+0800][17.916s][info][gc,heap     ] GC(73) O:   Garbage:         -                 1M (0%)            1M (0%)            1M (0%)     
[2026-01-06T22:07:10.272+0800][17.916s][info][gc,heap     ] GC(73) O: Allocated:         -                 0M (0%)            0M (0%)            0M (0%)     
[2026-01-06T22:07:10.272+0800][17.916s][info][gc,heap     ] GC(73) O: Reclaimed:         -                  -                 0M (0%)            0M (0%)     
[2026-01-06T22:07:10.272+0800][17.916s][info][gc,heap     ] GC(73) O: Compacted:         -                  -                  -                 0M (0%)     
[2026-01-06T22:07:10.272+0800][17.916s][info][gc,phases   ] GC(73) O: Old Generation 12M(0%)->30M(1%) 0.001s
[2026-01-06T22:07:10.272+0800][17.916s][info][gc          ] GC(73) Major Collection (Proactive) 1384M(34%)->30M(1%) 0.002s
[2026-01-06T22:07:10.350+0800][17.994s][info][gc          ] GC(74) Major Collection (Proactive)
[2026-01-06T22:07:10.350+0800][17.994s][info][gc,task     ] GC(74) Using 1 Workers for Young Generation
[2026-01-06T22:07:10.350+0800][17.994s][info][gc,task     ] GC(74) Using 1 Workers for Old Generation
[2026-01-06T22:07:10.350+0800][17.994s][info][gc,phases   ] GC(74) Y: Young Generation
[2026-01-06T22:07:10.350+0800][17.994s][info][gc,phases   ] GC(74) Y: Pause Mark Start (Major) 0.009ms
[2026-01-06T22:07:10.350+0800][17.994s][info][gc,phases   ] GC(74) Y: Concurrent Mark 0.248ms
[2026-01-06T22:07:10.350+0800][17.994s][info][gc,phases   ] GC(74) Y: Pause Mark End 0.003ms
[2026-01-06T22:07:10.350+0800][17.994s][info][gc,phases   ] GC(74) Y: Concurrent Mark Free 0.002ms
[2026-01-06T22:07:10.350+0800][17.994s][info][gc,phases   ] GC(74) Y: Concurrent Reset Relocation Set 0.000ms
[2026-01-06T22:07:10.351+0800][17.994s][info][gc,reloc    ] GC(74) Y: Using tenuring threshold: 1 (Computed)
[2026-01-06T22:07:10.351+0800][17.994s][info][gc,phases   ] GC(74) Y: Concurrent Select Relocation Set 0.197ms
[2026-01-06T22:07:10.351+0800][17.994s][info][gc,phases   ] GC(74) Y: Pause Relocate Start 0.001ms
[2026-01-06T22:07:10.351+0800][17.994s][info][gc,phases   ] GC(74) Y: Concurrent Relocate 0.012ms
[2026-01-06T22:07:10.351+0800][17.994s][info][gc,alloc    ] GC(74) Y:                         Mark Start        Mark End      Relocate Start    Relocate End   
[2026-01-06T22:07:10.351+0800][17.994s][info][gc,alloc    ] GC(74) Y: Allocation Stalls:          0                0                0                0         
[2026-01-06T22:07:10.351+0800][17.994s][info][gc,load     ] GC(74) Y: Load: 1.49 (15%) / 1.70 (17%) / 1.98 (20%)
[2026-01-06T22:07:10.351+0800][17.995s][info][gc,mmu      ] GC(74) Y: MMU: 2ms/97.4%, 5ms/98.6%, 10ms/99.3%, 20ms/99.5%, 50ms/99.8%, 100ms/99.9%
[2026-01-06T22:07:10.351+0800][17.995s][info][gc,marking  ] GC(74) Y: Mark: 1 stripe(s), 2 proactive flush(es), 1 terminate flush(es), 0 completion(s), 0 continuation(s) 
[2026-01-06T22:07:10.351+0800][17.995s][info][gc,nmethod  ] GC(74) Y: NMethods: 120 registered, 37 unregistered
[2026-01-06T22:07:10.351+0800][17.995s][info][gc,metaspace] GC(74) Y: Metaspace: 0M used, 0M committed, 1088M reserved
[2026-01-06T22:07:10.351+0800][17.995s][info][gc,reloc    ] GC(74) Y:                        Candidates     Selected     In-Place         Size        Empty    Relocated 
[2026-01-06T22:07:10.351+0800][17.995s][info][gc,reloc    ] GC(74) Y: Small Pages:                  737            0            0        1474M        1472M           0M 
[2026-01-06T22:07:10.351+0800][17.995s][info][gc,reloc    ] GC(74) Y: Medium Pages:                   0            0            0           0M           0M           0M 
[2026-01-06T22:07:10.351+0800][17.995s][info][gc,reloc    ] GC(74) Y: Large Pages:                    0            0            0           0M           0M           0M 
[2026-01-06T22:07:10.351+0800][17.995s][info][gc,reloc    ] GC(74) Y: Forwarding Usage: 0M
[2026-01-06T22:07:10.351+0800][17.995s][info][gc,reloc    ] GC(74) Y: Age Table:
[2026-01-06T22:07:10.351+0800][17.995s][info][gc,reloc    ] GC(74) Y:                    Live             Garbage             Small              Medium             Large        
[2026-01-06T22:07:10.351+0800][17.995s][info][gc,reloc    ] GC(74) Y: Eden               0M (0%)         1471M (36%)        736 / 0              0 / 0              0 / 0        
[2026-01-06T22:07:10.351+0800][17.995s][info][gc,reloc    ] GC(74) Y: Survivor 1          -                 2M (0%)           1 / 0              0 / 0              0 / 0        
[2026-01-06T22:07:10.351+0800][17.995s][info][gc,heap     ] GC(74) Y: Min Capacity: 8M(0%)
[2026-01-06T22:07:10.351+0800][17.995s][info][gc,heap     ] GC(74) Y: Max Capacity: 4096M(100%)
[2026-01-06T22:07:10.351+0800][17.995s][info][gc,heap     ] GC(74) Y: Soft Max Capacity: 3686M(90%)
[2026-01-06T22:07:10.351+0800][17.995s][info][gc,heap     ] GC(74) Y: Heap Statistics:
[2026-01-06T22:07:10.351+0800][17.995s][info][gc,heap     ] GC(74) Y:                Mark Start          Mark End        Relocate Start      Relocate End           High               Low         
[2026-01-06T22:07:10.351+0800][17.995s][info][gc,heap     ] GC(74) Y:  Capacity:     3498M (85%)        3498M (85%)        3498M (85%)        3498M (85%)        3498M (85%)        3498M (85%)    
[2026-01-06T22:07:10.351+0800][17.995s][info][gc,heap     ] GC(74) Y:      Free:     2620M (64%)        2614M (64%)        4084M (100%)       4084M (100%)       4084M (100%)       2614M (64%)    
[2026-01-06T22:07:10.351+0800][17.995s][info][gc,heap     ] GC(74) Y:      Used:     1476M (36%)        1482M (36%)          12M (0%)           12M (0%)         1482M (36%)          12M (0%)     
[2026-01-06T22:07:10.351+0800][17.995s][info][gc,heap     ] GC(74) Y: Young Generation Statistics:
[2026-01-06T22:07:10.351+0800][17.995s][info][gc,heap     ] GC(74) Y:                Mark Start          Mark End        Relocate Start      Relocate End    
[2026-01-06T22:07:10.351+0800][17.995s][info][gc,heap     ] GC(74) Y:      Used:     1474M (36%)        1480M (36%)          10M (0%)           10M (0%)     
[2026-01-06T22:07:10.351+0800][17.995s][info][gc,heap     ] GC(74) Y:      Live:         -                 0M (0%)            0M (0%)            0M (0%)     
[2026-01-06T22:07:10.351+0800][17.995s][info][gc,heap     ] GC(74) Y:   Garbage:         -              1473M (36%)           1M (0%)            1M (0%)     
[2026-01-06T22:07:10.351+0800][17.995s][info][gc,heap     ] GC(74) Y: Allocated:         -                 6M (0%)            8M (0%)            8M (0%)     
[2026-01-06T22:07:10.351+0800][17.995s][info][gc,heap     ] GC(74) Y: Reclaimed:         -                  -              1472M (36%)        1472M (36%)    
[2026-01-06T22:07:10.351+0800][17.995s][info][gc,heap     ] GC(74) Y:  Promoted:         -                  -                 0M (0%)            0M (0%)     
[2026-01-06T22:07:10.351+0800][17.995s][info][gc,heap     ] GC(74) Y: Compacted:         -                  -                  -                 0M (0%)     
[2026-01-06T22:07:10.351+0800][17.995s][info][gc,phases   ] GC(74) Y: Young Generation 1474M(36%)->12M(0%) 0.001s
[2026-01-06T22:07:10.351+0800][17.995s][info][gc,phases   ] GC(74) O: Old Generation
[2026-01-06T22:07:10.351+0800][17.995s][info][gc,phases   ] GC(74) O: Concurrent Mark 0.613ms
[2026-01-06T22:07:10.351+0800][17.995s][info][gc,phases   ] GC(74) O: Pause Mark End 0.003ms
[2026-01-06T22:07:10.351+0800][17.995s][info][gc,phases   ] GC(74) O: Concurrent Mark Free 0.000ms
[2026-01-06T22:07:10.352+0800][17.995s][info][gc,phases   ] GC(74) O: Concurrent Process Non-Strong 0.125ms
[2026-01-06T22:07:10.352+0800][17.995s][info][gc,phases   ] GC(74) O: Concurrent Reset Relocation Set 0.000ms
[2026-01-06T22:07:10.352+0800][17.995s][info][gc,phases   ] GC(74) O: Concurrent Select Relocation Set 0.017ms
[2026-01-06T22:07:10.352+0800][17.995s][info][gc,task     ] GC(74) O: Using 2 Workers for Old Generation
[2026-01-06T22:07:10.352+0800][17.995s][info][gc,task     ] GC(74) O: Using 1 Workers for Old Generation
[2026-01-06T22:07:10.352+0800][17.995s][info][gc,phases   ] GC(74) O: Concurrent Remap Roots 0.051ms
[2026-01-06T22:07:10.352+0800][17.995s][info][gc,phases   ] GC(74) O: Pause Relocate Start 0.001ms
[2026-01-06T22:07:10.352+0800][17.995s][info][gc,phases   ] GC(74) O: Concurrent Relocate 0.006ms
[2026-01-06T22:07:10.352+0800][17.996s][info][gc,alloc    ] GC(74) O:                         Mark Start        Mark End      Relocate Start    Relocate End   
[2026-01-06T22:07:10.352+0800][17.996s][info][gc,alloc    ] GC(74) O: Allocation Stalls:          0                0                0                0         
[2026-01-06T22:07:10.352+0800][17.996s][info][gc,load     ] GC(74) O: Load: 1.49 (15%) / 1.70 (17%) / 1.98 (20%)
[2026-01-06T22:07:10.352+0800][17.996s][info][gc,mmu      ] GC(74) O: MMU: 2ms/97.4%, 5ms/98.6%, 10ms/99.3%, 20ms/99.5%, 50ms/99.8%, 100ms/99.9%
[2026-01-06T22:07:10.352+0800][17.996s][info][gc,marking  ] GC(74) O: Mark: 1 stripe(s), 2 proactive flush(es), 1 terminate flush(es), 0 completion(s), 0 continuation(s) 
[2026-01-06T22:07:10.352+0800][17.996s][info][gc,nmethod  ] GC(74) O: NMethods: 120 registered, 37 unregistered
[2026-01-06T22:07:10.352+0800][17.996s][info][gc,metaspace] GC(74) O: Metaspace: 0M used, 0M committed, 1088M reserved
[2026-01-06T22:07:10.352+0800][17.996s][info][gc,ref      ] GC(74) O:                       Encountered   Discovered     Enqueued 
[2026-01-06T22:07:10.352+0800][17.996s][info][gc,ref      ] GC(74) O: Soft References:                1            0            0 
[2026-01-06T22:07:10.352+0800][17.996s][info][gc,ref      ] GC(74) O: Weak References:                6            0            0 
[2026-01-06T22:07:10.352+0800][17.996s][info][gc,ref      ] GC(74) O: Final References:               0            0            0 
[2026-01-06T22:07:10.352+0800][17.996s][info][gc,ref      ] GC(74) O: Phantom References:             1            1            0 
[2026-01-06T22:07:10.352+0800][17.996s][info][gc,reloc    ] GC(74) O:                        Candidates     Selected     In-Place         Size        Empty    Relocated 
[2026-01-06T22:07:10.352+0800][17.996s][info][gc,reloc    ] GC(74) O: Small Pages:                    1            0            0           2M           0M           0M 
[2026-01-06T22:07:10.352+0800][17.996s][info][gc,reloc    ] GC(74) O: Medium Pages:                   0            0            0           0M           0M           0M 
[2026-01-06T22:07:10.352+0800][17.996s][info][gc,reloc    ] GC(74) O: Large Pages:                    0            0            0           0M           0M           0M 
[2026-01-06T22:07:10.352+0800][17.996s][info][gc,reloc    ] GC(74) O: Forwarding Usage: 0M
[2026-01-06T22:07:10.352+0800][17.996s][info][gc,heap     ] GC(74) O: Min Capacity: 8M(0%)
[2026-01-06T22:07:10.352+0800][17.996s][info][gc,heap     ] GC(74) O: Max Capacity: 4096M(100%)
[2026-01-06T22:07:10.352+0800][17.996s][info][gc,heap     ] GC(74) O: Soft Max Capacity: 3686M(90%)
[2026-01-06T22:07:10.352+0800][17.996s][info][gc,heap     ] GC(74) O: Heap Statistics:
[2026-01-06T22:07:10.352+0800][17.996s][info][gc,heap     ] GC(74) O:                Mark Start          Mark End        Relocate Start      Relocate End           High               Low         
[2026-01-06T22:07:10.352+0800][17.996s][info][gc,heap     ] GC(74) O:  Capacity:     3498M (85%)        3498M (85%)        3498M (85%)        3498M (85%)        3498M (85%)        3498M (85%)    
[2026-01-06T22:07:10.352+0800][17.996s][info][gc,heap     ] GC(74) O:      Free:     2620M (64%)        4070M (99%)        4066M (99%)        4066M (99%)        4084M (100%)       2614M (64%)    
[2026-01-06T22:07:10.352+0800][17.996s][info][gc,heap     ] GC(74) O:      Used:     1476M (36%)          26M (1%)           30M (1%)           30M (1%)         1482M (36%)          12M (0%)     
[2026-01-06T22:07:10.352+0800][17.996s][info][gc,heap     ] GC(74) O: Old Generation Statistics:
[2026-01-06T22:07:10.352+0800][17.996s][info][gc,heap     ] GC(74) O:                Mark Start          Mark End        Relocate Start      Relocate End    
[2026-01-06T22:07:10.352+0800][17.996s][info][gc,heap     ] GC(74) O:      Used:        2M (0%)            2M (0%)            2M (0%)            2M (0%)     
[2026-01-06T22:07:10.352+0800][17.996s][info][gc,heap     ] GC(74) O:      Live:         -                 0M (0%)            0M (0%)            0M (0%)     
[2026-01-06T22:07:10.352+0800][17.996s][info][gc,heap     ] GC(74) O:   Garbage:         -                 1M (0%)            1M (0%)            1M (0%)     
[2026-01-06T22:07:10.352+0800][17.996s][info][gc,heap     ] GC(74) O: Allocated:         -                 0M (0%)            0M (0%)            0M (0%)     
[2026-01-06T22:07:10.352+0800][17.996s][info][gc,heap     ] GC(74) O: Reclaimed:         -                  -                 0M (0%)            0M (0%)     
[2026-01-06T22:07:10.352+0800][17.996s][info][gc,heap     ] GC(74) O: Compacted:         -                  -                  -                 0M (0%)     
[2026-01-06T22:07:10.352+0800][17.996s][info][gc,phases   ] GC(74) O: Old Generation 14M(0%)->30M(1%) 0.001s
[2026-01-06T22:07:10.352+0800][17.996s][info][gc          ] GC(74) Major Collection (Proactive) 1474M(36%)->32M(1%) 0.002s
[2026-01-06T22:07:10.442+0800][18.086s][info][gc          ] GC(75) Major Collection (Proactive)
[2026-01-06T22:07:10.442+0800][18.086s][info][gc,task     ] GC(75) Using 1 Workers for Young Generation
[2026-01-06T22:07:10.442+0800][18.086s][info][gc,task     ] GC(75) Using 1 Workers for Old Generation
[2026-01-06T22:07:10.442+0800][18.086s][info][gc,phases   ] GC(75) Y: Young Generation
[2026-01-06T22:07:10.442+0800][18.086s][info][gc,phases   ] GC(75) Y: Pause Mark Start (Major) 0.005ms
[2026-01-06T22:07:10.442+0800][18.086s][info][gc,phases   ] GC(75) Y: Concurrent Mark 0.162ms
[2026-01-06T22:07:10.442+0800][18.086s][info][gc,phases   ] GC(75) Y: Pause Mark End 0.004ms
[2026-01-06T22:07:10.442+0800][18.086s][info][gc,phases   ] GC(75) Y: Concurrent Mark Free 0.000ms
[2026-01-06T22:07:10.442+0800][18.086s][info][gc,phases   ] GC(75) Y: Concurrent Reset Relocation Set 0.000ms
[2026-01-06T22:07:10.442+0800][18.086s][info][gc,reloc    ] GC(75) Y: Using tenuring threshold: 1 (Computed)
[2026-01-06T22:07:10.442+0800][18.086s][info][gc,phases   ] GC(75) Y: Concurrent Select Relocation Set 0.208ms
[2026-01-06T22:07:10.442+0800][18.086s][info][gc,phases   ] GC(75) Y: Pause Relocate Start 0.001ms
[2026-01-06T22:07:10.442+0800][18.086s][info][gc,phases   ] GC(75) Y: Concurrent Relocate 0.009ms
[2026-01-06T22:07:10.442+0800][18.086s][info][gc,alloc    ] GC(75) Y:                         Mark Start        Mark End      Relocate Start    Relocate End   
[2026-01-06T22:07:10.442+0800][18.086s][info][gc,alloc    ] GC(75) Y: Allocation Stalls:          0                0                0                0         
[2026-01-06T22:07:10.442+0800][18.086s][info][gc,load     ] GC(75) Y: Load: 1.49 (15%) / 1.70 (17%) / 1.98 (20%)
[2026-01-06T22:07:10.442+0800][18.086s][info][gc,mmu      ] GC(75) Y: MMU: 2ms/97.4%, 5ms/98.6%, 10ms/99.3%, 20ms/99.5%, 50ms/99.8%, 100ms/99.9%
[2026-01-06T22:07:10.442+0800][18.086s][info][gc,marking  ] GC(75) Y: Mark: 1 stripe(s), 2 proactive flush(es), 1 terminate flush(es), 0 completion(s), 0 continuation(s) 
[2026-01-06T22:07:10.442+0800][18.086s][info][gc,nmethod  ] GC(75) Y: NMethods: 120 registered, 37 unregistered
[2026-01-06T22:07:10.442+0800][18.086s][info][gc,metaspace] GC(75) Y: Metaspace: 0M used, 0M committed, 1088M reserved
[2026-01-06T22:07:10.442+0800][18.086s][info][gc,reloc    ] GC(75) Y:                        Candidates     Selected     In-Place         Size        Empty    Relocated 
[2026-01-06T22:07:10.442+0800][18.086s][info][gc,reloc    ] GC(75) Y: Small Pages:                  870            0            0        1740M        1738M           0M 
[2026-01-06T22:07:10.442+0800][18.086s][info][gc,reloc    ] GC(75) Y: Medium Pages:                   0            0            0           0M           0M           0M 
[2026-01-06T22:07:10.442+0800][18.086s][info][gc,reloc    ] GC(75) Y: Large Pages:                    0            0            0           0M           0M           0M 
[2026-01-06T22:07:10.442+0800][18.086s][info][gc,reloc    ] GC(75) Y: Forwarding Usage: 0M
[2026-01-06T22:07:10.442+0800][18.086s][info][gc,reloc    ] GC(75) Y: Age Table:
[2026-01-06T22:07:10.442+0800][18.086s][info][gc,reloc    ] GC(75) Y:                    Live             Garbage             Small              Medium             Large        
[2026-01-06T22:07:10.442+0800][18.086s][info][gc,reloc    ] GC(75) Y: Eden               0M (0%)         1737M (42%)        869 / 0              0 / 0              0 / 0        
[2026-01-06T22:07:10.442+0800][18.086s][info][gc,reloc    ] GC(75) Y: Survivor 1          -                 2M (0%)           1 / 0              0 / 0              0 / 0        
[2026-01-06T22:07:10.442+0800][18.086s][info][gc,heap     ] GC(75) Y: Min Capacity: 8M(0%)
[2026-01-06T22:07:10.442+0800][18.086s][info][gc,heap     ] GC(75) Y: Max Capacity: 4096M(100%)
[2026-01-06T22:07:10.442+0800][18.086s][info][gc,heap     ] GC(75) Y: Soft Max Capacity: 3686M(90%)
[2026-01-06T22:07:10.442+0800][18.086s][info][gc,heap     ] GC(75) Y: Heap Statistics:
[2026-01-06T22:07:10.442+0800][18.086s][info][gc,heap     ] GC(75) Y:                Mark Start          Mark End        Relocate Start      Relocate End           High               Low         
[2026-01-06T22:07:10.442+0800][18.086s][info][gc,heap     ] GC(75) Y:  Capacity:     3498M (85%)        3498M (85%)        3498M (85%)        3498M (85%)        3498M (85%)        3498M (85%)    
[2026-01-06T22:07:10.442+0800][18.086s][info][gc,heap     ] GC(75) Y:      Free:     2354M (57%)        2350M (57%)        4086M (100%)       4086M (100%)       4086M (100%)       2350M (57%)    
[2026-01-06T22:07:10.442+0800][18.086s][info][gc,heap     ] GC(75) Y:      Used:     1742M (43%)        1746M (43%)          10M (0%)           10M (0%)         1746M (43%)          10M (0%)     
[2026-01-06T22:07:10.442+0800][18.086s][info][gc,heap     ] GC(75) Y: Young Generation Statistics:
[2026-01-06T22:07:10.442+0800][18.086s][info][gc,heap     ] GC(75) Y:                Mark Start          Mark End        Relocate Start      Relocate End    
[2026-01-06T22:07:10.442+0800][18.086s][info][gc,heap     ] GC(75) Y:      Used:     1740M (42%)        1744M (43%)           8M (0%)            8M (0%)     
[2026-01-06T22:07:10.442+0800][18.086s][info][gc,heap     ] GC(75) Y:      Live:         -                 0M (0%)            0M (0%)            0M (0%)     
[2026-01-06T22:07:10.442+0800][18.086s][info][gc,heap     ] GC(75) Y:   Garbage:         -              1739M (42%)           1M (0%)            1M (0%)     
[2026-01-06T22:07:10.442+0800][18.086s][info][gc,heap     ] GC(75) Y: Allocated:         -                 4M (0%)            6M (0%)            6M (0%)     
[2026-01-06T22:07:10.442+0800][18.086s][info][gc,heap     ] GC(75) Y: Reclaimed:         -                  -              1738M (42%)        1738M (42%)    
[2026-01-06T22:07:10.442+0800][18.086s][info][gc,heap     ] GC(75) Y:  Promoted:         -                  -                 0M (0%)            0M (0%)     
[2026-01-06T22:07:10.442+0800][18.086s][info][gc,heap     ] GC(75) Y: Compacted:         -                  -                  -                 0M (0%)     
[2026-01-06T22:07:10.442+0800][18.086s][info][gc,phases   ] GC(75) Y: Young Generation 1742M(43%)->10M(0%) 0.001s
[2026-01-06T22:07:10.442+0800][18.086s][info][gc,phases   ] GC(75) O: Old Generation
[2026-01-06T22:07:10.443+0800][18.087s][info][gc,phases   ] GC(75) O: Concurrent Mark 0.651ms
[2026-01-06T22:07:10.443+0800][18.087s][info][gc,phases   ] GC(75) O: Pause Mark End 0.002ms
[2026-01-06T22:07:10.443+0800][18.087s][info][gc,phases   ] GC(75) O: Concurrent Mark Free 0.000ms
[2026-01-06T22:07:10.443+0800][18.087s][info][gc,phases   ] GC(75) O: Concurrent Process Non-Strong 0.118ms
[2026-01-06T22:07:10.443+0800][18.087s][info][gc,phases   ] GC(75) O: Concurrent Reset Relocation Set 0.000ms
[2026-01-06T22:07:10.443+0800][18.087s][info][gc,phases   ] GC(75) O: Concurrent Select Relocation Set 0.021ms
[2026-01-06T22:07:10.443+0800][18.087s][info][gc,task     ] GC(75) O: Using 2 Workers for Old Generation
[2026-01-06T22:07:10.443+0800][18.087s][info][gc,task     ] GC(75) O: Using 1 Workers for Old Generation
[2026-01-06T22:07:10.443+0800][18.087s][info][gc,phases   ] GC(75) O: Concurrent Remap Roots 0.050ms
[2026-01-06T22:07:10.443+0800][18.087s][info][gc,phases   ] GC(75) O: Pause Relocate Start 0.001ms
[2026-01-06T22:07:10.443+0800][18.087s][info][gc,phases   ] GC(75) O: Concurrent Relocate 0.006ms
[2026-01-06T22:07:10.443+0800][18.087s][info][gc,alloc    ] GC(75) O:                         Mark Start        Mark End      Relocate Start    Relocate End   
[2026-01-06T22:07:10.443+0800][18.087s][info][gc,alloc    ] GC(75) O: Allocation Stalls:          0                0                0                0         
[2026-01-06T22:07:10.443+0800][18.087s][info][gc,load     ] GC(75) O: Load: 1.49 (15%) / 1.70 (17%) / 1.98 (20%)
[2026-01-06T22:07:10.443+0800][18.087s][info][gc,mmu      ] GC(75) O: MMU: 2ms/97.4%, 5ms/98.6%, 10ms/99.3%, 20ms/99.5%, 50ms/99.8%, 100ms/99.9%
[2026-01-06T22:07:10.443+0800][18.087s][info][gc,marking  ] GC(75) O: Mark: 1 stripe(s), 2 proactive flush(es), 1 terminate flush(es), 0 completion(s), 0 continuation(s) 
[2026-01-06T22:07:10.443+0800][18.087s][info][gc,nmethod  ] GC(75) O: NMethods: 120 registered, 37 unregistered
[2026-01-06T22:07:10.443+0800][18.087s][info][gc,metaspace] GC(75) O: Metaspace: 0M used, 0M committed, 1088M reserved
[2026-01-06T22:07:10.443+0800][18.087s][info][gc,ref      ] GC(75) O:                       Encountered   Discovered     Enqueued 
[2026-01-06T22:07:10.443+0800][18.087s][info][gc,ref      ] GC(75) O: Soft References:                1            0            0 
[2026-01-06T22:07:10.443+0800][18.087s][info][gc,ref      ] GC(75) O: Weak References:                6            0            0 
[2026-01-06T22:07:10.443+0800][18.087s][info][gc,ref      ] GC(75) O: Final References:               0            0            0 
[2026-01-06T22:07:10.443+0800][18.087s][info][gc,ref      ] GC(75) O: Phantom References:             1            1            0 
[2026-01-06T22:07:10.443+0800][18.087s][info][gc,reloc    ] GC(75) O:                        Candidates     Selected     In-Place         Size        Empty    Relocated 
[2026-01-06T22:07:10.443+0800][18.087s][info][gc,reloc    ] GC(75) O: Small Pages:                    1            0            0           2M           0M           0M 
[2026-01-06T22:07:10.443+0800][18.087s][info][gc,reloc    ] GC(75) O: Medium Pages:                   0            0            0           0M           0M           0M 
[2026-01-06T22:07:10.443+0800][18.087s][info][gc,reloc    ] GC(75) O: Large Pages:                    0            0            0           0M           0M           0M 
[2026-01-06T22:07:10.443+0800][18.087s][info][gc,reloc    ] GC(75) O: Forwarding Usage: 0M
[2026-01-06T22:07:10.443+0800][18.087s][info][gc,heap     ] GC(75) O: Min Capacity: 8M(0%)
[2026-01-06T22:07:10.443+0800][18.087s][info][gc,heap     ] GC(75) O: Max Capacity: 4096M(100%)
[2026-01-06T22:07:10.443+0800][18.087s][info][gc,heap     ] GC(75) O: Soft Max Capacity: 3686M(90%)
[2026-01-06T22:07:10.443+0800][18.087s][info][gc,heap     ] GC(75) O: Heap Statistics:
[2026-01-06T22:07:10.443+0800][18.087s][info][gc,heap     ] GC(75) O:                Mark Start          Mark End        Relocate Start      Relocate End           High               Low         
[2026-01-06T22:07:10.443+0800][18.087s][info][gc,heap     ] GC(75) O:  Capacity:     3498M (85%)        3498M (85%)        3498M (85%)        3498M (85%)        3498M (85%)        3498M (85%)    
[2026-01-06T22:07:10.443+0800][18.087s][info][gc,heap     ] GC(75) O:      Free:     2354M (57%)        4072M (99%)        4068M (99%)        4068M (99%)        4086M (100%)       2350M (57%)    
[2026-01-06T22:07:10.443+0800][18.087s][info][gc,heap     ] GC(75) O:      Used:     1742M (43%)          24M (1%)           28M (1%)           28M (1%)         1746M (43%)          10M (0%)     
[2026-01-06T22:07:10.444+0800][18.087s][info][gc,heap     ] GC(75) O: Old Generation Statistics:
[2026-01-06T22:07:10.444+0800][18.087s][info][gc,heap     ] GC(75) O:                Mark Start          Mark End        Relocate Start      Relocate End    
[2026-01-06T22:07:10.444+0800][18.087s][info][gc,heap     ] GC(75) O:      Used:        2M (0%)            2M (0%)            2M (0%)            2M (0%)     
[2026-01-06T22:07:10.444+0800][18.087s][info][gc,heap     ] GC(75) O:      Live:         -                 0M (0%)            0M (0%)            0M (0%)     
[2026-01-06T22:07:10.444+0800][18.087s][info][gc,heap     ] GC(75) O:   Garbage:         -                 1M (0%)            1M (0%)            1M (0%)     
[2026-01-06T22:07:10.444+0800][18.087s][info][gc,heap     ] GC(75) O: Allocated:         -                 0M (0%)            0M (0%)            0M (0%)     
[2026-01-06T22:07:10.444+0800][18.087s][info][gc,heap     ] GC(75) O: Reclaimed:         -                  -                 0M (0%)            0M (0%)     
[2026-01-06T22:07:10.444+0800][18.087s][info][gc,heap     ] GC(75) O: Compacted:         -                  -                  -                 0M (0%)     
[2026-01-06T22:07:10.444+0800][18.087s][info][gc,phases   ] GC(75) O: Old Generation 12M(0%)->28M(1%) 0.001s
[2026-01-06T22:07:10.444+0800][18.087s][info][gc          ] GC(75) Major Collection (Proactive) 1742M(43%)->30M(1%) 0.002s
[2026-01-06T22:07:10.531+0800][18.175s][info][gc          ] GC(76) Major Collection (Proactive)
[2026-01-06T22:07:10.531+0800][18.175s][info][gc,task     ] GC(76) Using 1 Workers for Young Generation
[2026-01-06T22:07:10.531+0800][18.175s][info][gc,task     ] GC(76) Using 1 Workers for Old Generation
[2026-01-06T22:07:10.531+0800][18.175s][info][gc,phases   ] GC(76) Y: Young Generation
[2026-01-06T22:07:10.531+0800][18.175s][info][gc,phases   ] GC(76) Y: Pause Mark Start (Major) 0.004ms
[2026-01-06T22:07:10.531+0800][18.175s][info][gc,phases   ] GC(76) Y: Concurrent Mark 0.191ms
[2026-01-06T22:07:10.531+0800][18.175s][info][gc,phases   ] GC(76) Y: Pause Mark End 0.003ms
[2026-01-06T22:07:10.531+0800][18.175s][info][gc,phases   ] GC(76) Y: Concurrent Mark Free 0.000ms
[2026-01-06T22:07:10.531+0800][18.175s][info][gc,phases   ] GC(76) Y: Concurrent Reset Relocation Set 0.000ms
[2026-01-06T22:07:10.531+0800][18.175s][info][gc,reloc    ] GC(76) Y: Using tenuring threshold: 1 (Computed)
[2026-01-06T22:07:10.531+0800][18.175s][info][gc,phases   ] GC(76) Y: Concurrent Select Relocation Set 0.180ms
[2026-01-06T22:07:10.531+0800][18.175s][info][gc,phases   ] GC(76) Y: Pause Relocate Start 0.001ms
[2026-01-06T22:07:10.531+0800][18.175s][info][gc,phases   ] GC(76) Y: Concurrent Relocate 0.010ms
[2026-01-06T22:07:10.531+0800][18.175s][info][gc,alloc    ] GC(76) Y:                         Mark Start        Mark End      Relocate Start    Relocate End   
[2026-01-06T22:07:10.531+0800][18.175s][info][gc,alloc    ] GC(76) Y: Allocation Stalls:          0                0                0                0         
[2026-01-06T22:07:10.531+0800][18.175s][info][gc,load     ] GC(76) Y: Load: 1.49 (15%) / 1.70 (17%) / 1.98 (20%)
[2026-01-06T22:07:10.531+0800][18.175s][info][gc,mmu      ] GC(76) Y: MMU: 2ms/97.4%, 5ms/98.6%, 10ms/99.3%, 20ms/99.5%, 50ms/99.8%, 100ms/99.9%
[2026-01-06T22:07:10.531+0800][18.175s][info][gc,marking  ] GC(76) Y: Mark: 1 stripe(s), 2 proactive flush(es), 1 terminate flush(es), 0 completion(s), 0 continuation(s) 
[2026-01-06T22:07:10.531+0800][18.175s][info][gc,nmethod  ] GC(76) Y: NMethods: 120 registered, 37 unregistered
[2026-01-06T22:07:10.531+0800][18.175s][info][gc,metaspace] GC(76) Y: Metaspace: 0M used, 0M committed, 1088M reserved
[2026-01-06T22:07:10.531+0800][18.175s][info][gc,reloc    ] GC(76) Y:                        Candidates     Selected     In-Place         Size        Empty    Relocated 
[2026-01-06T22:07:10.531+0800][18.175s][info][gc,reloc    ] GC(76) Y: Small Pages:                  871            0            0        1742M        1740M           0M 
[2026-01-06T22:07:10.531+0800][18.175s][info][gc,reloc    ] GC(76) Y: Medium Pages:                   0            0            0           0M           0M           0M 
[2026-01-06T22:07:10.531+0800][18.175s][info][gc,reloc    ] GC(76) Y: Large Pages:                    0            0            0           0M           0M           0M 
[2026-01-06T22:07:10.532+0800][18.175s][info][gc,reloc    ] GC(76) Y: Forwarding Usage: 0M
[2026-01-06T22:07:10.532+0800][18.175s][info][gc,reloc    ] GC(76) Y: Age Table:
[2026-01-06T22:07:10.532+0800][18.175s][info][gc,reloc    ] GC(76) Y:                    Live             Garbage             Small              Medium             Large        
[2026-01-06T22:07:10.532+0800][18.175s][info][gc,reloc    ] GC(76) Y: Eden               0M (0%)         1739M (42%)        870 / 0              0 / 0              0 / 0        
[2026-01-06T22:07:10.532+0800][18.175s][info][gc,reloc    ] GC(76) Y: Survivor 1          -                 2M (0%)           1 / 0              0 / 0              0 / 0        
[2026-01-06T22:07:10.532+0800][18.175s][info][gc,heap     ] GC(76) Y: Min Capacity: 8M(0%)
[2026-01-06T22:07:10.532+0800][18.175s][info][gc,heap     ] GC(76) Y: Max Capacity: 4096M(100%)
[2026-01-06T22:07:10.532+0800][18.175s][info][gc,heap     ] GC(76) Y: Soft Max Capacity: 3686M(90%)
[2026-01-06T22:07:10.532+0800][18.175s][info][gc,heap     ] GC(76) Y: Heap Statistics:
[2026-01-06T22:07:10.532+0800][18.175s][info][gc,heap     ] GC(76) Y:                Mark Start          Mark End        Relocate Start      Relocate End           High               Low         
[2026-01-06T22:07:10.532+0800][18.175s][info][gc,heap     ] GC(76) Y:  Capacity:     3498M (85%)        3498M (85%)        3498M (85%)        3498M (85%)        3498M (85%)        3498M (85%)    
[2026-01-06T22:07:10.532+0800][18.175s][info][gc,heap     ] GC(76) Y:      Free:     2352M (57%)        2348M (57%)        4084M (100%)       4084M (100%)       4086M (100%)       2348M (57%)    
[2026-01-06T22:07:10.532+0800][18.175s][info][gc,heap     ] GC(76) Y:      Used:     1744M (43%)        1748M (43%)          12M (0%)           12M (0%)         1748M (43%)          10M (0%)     
[2026-01-06T22:07:10.532+0800][18.175s][info][gc,heap     ] GC(76) Y: Young Generation Statistics:
[2026-01-06T22:07:10.532+0800][18.175s][info][gc,heap     ] GC(76) Y:                Mark Start          Mark End        Relocate Start      Relocate End    
[2026-01-06T22:07:10.532+0800][18.175s][info][gc,heap     ] GC(76) Y:      Used:     1742M (43%)        1746M (43%)          10M (0%)           10M (0%)     
[2026-01-06T22:07:10.532+0800][18.175s][info][gc,heap     ] GC(76) Y:      Live:         -                 0M (0%)            0M (0%)            0M (0%)     
[2026-01-06T22:07:10.532+0800][18.175s][info][gc,heap     ] GC(76) Y:   Garbage:         -              1741M (43%)           1M (0%)            1M (0%)     
[2026-01-06T22:07:10.532+0800][18.175s][info][gc,heap     ] GC(76) Y: Allocated:         -                 4M (0%)            8M (0%)            8M (0%)     
[2026-01-06T22:07:10.532+0800][18.175s][info][gc,heap     ] GC(76) Y: Reclaimed:         -                  -              1740M (42%)        1740M (42%)    
[2026-01-06T22:07:10.532+0800][18.175s][info][gc,heap     ] GC(76) Y:  Promoted:         -                  -                 0M (0%)            0M (0%)     
[2026-01-06T22:07:10.532+0800][18.175s][info][gc,heap     ] GC(76) Y: Compacted:         -                  -                  -                 0M (0%)     
[2026-01-06T22:07:10.532+0800][18.175s][info][gc,phases   ] GC(76) Y: Young Generation 1744M(43%)->12M(0%) 0.001s
[2026-01-06T22:07:10.532+0800][18.175s][info][gc,phases   ] GC(76) O: Old Generation
[2026-01-06T22:07:10.532+0800][18.176s][info][gc,phases   ] GC(76) O: Concurrent Mark 0.606ms
[2026-01-06T22:07:10.532+0800][18.176s][info][gc,phases   ] GC(76) O: Pause Mark End 0.002ms
[2026-01-06T22:07:10.532+0800][18.176s][info][gc,phases   ] GC(76) O: Concurrent Mark Free 0.000ms
[2026-01-06T22:07:10.532+0800][18.176s][info][gc,phases   ] GC(76) O: Concurrent Process Non-Strong 0.130ms
[2026-01-06T22:07:10.532+0800][18.176s][info][gc,phases   ] GC(76) O: Concurrent Reset Relocation Set 0.000ms
[2026-01-06T22:07:10.532+0800][18.176s][info][gc,phases   ] GC(76) O: Concurrent Select Relocation Set 0.018ms
[2026-01-06T22:07:10.532+0800][18.176s][info][gc,task     ] GC(76) O: Using 2 Workers for Old Generation
[2026-01-06T22:07:10.532+0800][18.176s][info][gc,task     ] GC(76) O: Using 1 Workers for Old Generation
[2026-01-06T22:07:10.532+0800][18.176s][info][gc,phases   ] GC(76) O: Concurrent Remap Roots 0.049ms
[2026-01-06T22:07:10.532+0800][18.176s][info][gc,phases   ] GC(76) O: Pause Relocate Start 0.001ms
[2026-01-06T22:07:10.532+0800][18.176s][info][gc,phases   ] GC(76) O: Concurrent Relocate 0.006ms
[2026-01-06T22:07:10.532+0800][18.176s][info][gc,alloc    ] GC(76) O:                         Mark Start        Mark End      Relocate Start    Relocate End   
[2026-01-06T22:07:10.532+0800][18.176s][info][gc,alloc    ] GC(76) O: Allocation Stalls:          0                0                0                0         
[2026-01-06T22:07:10.532+0800][18.176s][info][gc,load     ] GC(76) O: Load: 1.49 (15%) / 1.70 (17%) / 1.98 (20%)
[2026-01-06T22:07:10.533+0800][18.176s][info][gc,mmu      ] GC(76) O: MMU: 2ms/97.4%, 5ms/98.6%, 10ms/99.3%, 20ms/99.5%, 50ms/99.8%, 100ms/99.9%
[2026-01-06T22:07:10.533+0800][18.176s][info][gc,marking  ] GC(76) O: Mark: 1 stripe(s), 2 proactive flush(es), 1 terminate flush(es), 0 completion(s), 0 continuation(s) 
[2026-01-06T22:07:10.533+0800][18.176s][info][gc,nmethod  ] GC(76) O: NMethods: 120 registered, 37 unregistered
[2026-01-06T22:07:10.533+0800][18.176s][info][gc,metaspace] GC(76) O: Metaspace: 0M used, 0M committed, 1088M reserved
[2026-01-06T22:07:10.533+0800][18.176s][info][gc,ref      ] GC(76) O:                       Encountered   Discovered     Enqueued 
[2026-01-06T22:07:10.533+0800][18.176s][info][gc,ref      ] GC(76) O: Soft References:                1            0            0 
[2026-01-06T22:07:10.533+0800][18.176s][info][gc,ref      ] GC(76) O: Weak References:                6            0            0 
[2026-01-06T22:07:10.533+0800][18.176s][info][gc,ref      ] GC(76) O: Final References:               0            0            0 
[2026-01-06T22:07:10.533+0800][18.176s][info][gc,ref      ] GC(76) O: Phantom References:             1            1            0 
[2026-01-06T22:07:10.533+0800][18.176s][info][gc,reloc    ] GC(76) O:                        Candidates     Selected     In-Place         Size        Empty    Relocated 
[2026-01-06T22:07:10.533+0800][18.176s][info][gc,reloc    ] GC(76) O: Small Pages:                    1            0            0           2M           0M           0M 
[2026-01-06T22:07:10.533+0800][18.176s][info][gc,reloc    ] GC(76) O: Medium Pages:                   0            0            0           0M           0M           0M 
[2026-01-06T22:07:10.533+0800][18.176s][info][gc,reloc    ] GC(76) O: Large Pages:                    0            0            0           0M           0M           0M 
[2026-01-06T22:07:10.533+0800][18.176s][info][gc,reloc    ] GC(76) O: Forwarding Usage: 0M
[2026-01-06T22:07:10.533+0800][18.176s][info][gc,heap     ] GC(76) O: Min Capacity: 8M(0%)
[2026-01-06T22:07:10.533+0800][18.176s][info][gc,heap     ] GC(76) O: Max Capacity: 4096M(100%)
[2026-01-06T22:07:10.533+0800][18.176s][info][gc,heap     ] GC(76) O: Soft Max Capacity: 3686M(90%)
[2026-01-06T22:07:10.533+0800][18.176s][info][gc,heap     ] GC(76) O: Heap Statistics:
[2026-01-06T22:07:10.533+0800][18.176s][info][gc,heap     ] GC(76) O:                Mark Start          Mark End        Relocate Start      Relocate End           High               Low         
[2026-01-06T22:07:10.533+0800][18.176s][info][gc,heap     ] GC(76) O:  Capacity:     3498M (85%)        3498M (85%)        3498M (85%)        3498M (85%)        3498M (85%)        3498M (85%)    
[2026-01-06T22:07:10.533+0800][18.176s][info][gc,heap     ] GC(76) O:      Free:     2352M (57%)        4070M (99%)        4066M (99%)        4066M (99%)        4086M (100%)       2348M (57%)    
[2026-01-06T22:07:10.533+0800][18.176s][info][gc,heap     ] GC(76) O:      Used:     1744M (43%)          26M (1%)           30M (1%)           30M (1%)         1748M (43%)          10M (0%)     
[2026-01-06T22:07:10.533+0800][18.176s][info][gc,heap     ] GC(76) O: Old Generation Statistics:
[2026-01-06T22:07:10.533+0800][18.176s][info][gc,heap     ] GC(76) O:                Mark Start          Mark End        Relocate Start      Relocate End    
[2026-01-06T22:07:10.533+0800][18.176s][info][gc,heap     ] GC(76) O:      Used:        2M (0%)            2M (0%)            2M (0%)            2M (0%)     
[2026-01-06T22:07:10.533+0800][18.176s][info][gc,heap     ] GC(76) O:      Live:         -                 0M (0%)            0M (0%)            0M (0%)     
[2026-01-06T22:07:10.533+0800][18.176s][info][gc,heap     ] GC(76) O:   Garbage:         -                 1M (0%)            1M (0%)            1M (0%)     
[2026-01-06T22:07:10.533+0800][18.176s][info][gc,heap     ] GC(76) O: Allocated:         -                 0M (0%)            0M (0%)            0M (0%)     
[2026-01-06T22:07:10.533+0800][18.176s][info][gc,heap     ] GC(76) O: Reclaimed:         -                  -                 0M (0%)            0M (0%)     
[2026-01-06T22:07:10.533+0800][18.176s][info][gc,heap     ] GC(76) O: Compacted:         -                  -                  -                 0M (0%)     
[2026-01-06T22:07:10.533+0800][18.176s][info][gc,phases   ] GC(76) O: Old Generation 14M(0%)->30M(1%) 0.001s
[2026-01-06T22:07:10.533+0800][18.176s][info][gc          ] GC(76) Major Collection (Proactive) 1744M(43%)->32M(1%) 0.002s
[2026-01-06T22:07:10.615+0800][18.259s][info][gc          ] GC(77) Major Collection (Proactive)
[2026-01-06T22:07:10.615+0800][18.259s][info][gc,task     ] GC(77) Using 1 Workers for Young Generation
[2026-01-06T22:07:10.615+0800][18.259s][info][gc,task     ] GC(77) Using 1 Workers for Old Generation
[2026-01-06T22:07:10.615+0800][18.259s][info][gc,phases   ] GC(77) Y: Young Generation
[2026-01-06T22:07:10.615+0800][18.259s][info][gc,phases   ] GC(77) Y: Pause Mark Start (Major) 0.004ms
[2026-01-06T22:07:10.615+0800][18.259s][info][gc,phases   ] GC(77) Y: Concurrent Mark 0.154ms
[2026-01-06T22:07:10.615+0800][18.259s][info][gc,phases   ] GC(77) Y: Pause Mark End 0.003ms
[2026-01-06T22:07:10.615+0800][18.259s][info][gc,phases   ] GC(77) Y: Concurrent Mark Free 0.000ms
[2026-01-06T22:07:10.615+0800][18.259s][info][gc,phases   ] GC(77) Y: Concurrent Reset Relocation Set 0.000ms
[2026-01-06T22:07:10.615+0800][18.259s][info][gc,reloc    ] GC(77) Y: Using tenuring threshold: 1 (Computed)
[2026-01-06T22:07:10.615+0800][18.259s][info][gc,phases   ] GC(77) Y: Concurrent Select Relocation Set 0.165ms
[2026-01-06T22:07:10.615+0800][18.259s][info][gc,phases   ] GC(77) Y: Pause Relocate Start 0.001ms
[2026-01-06T22:07:10.615+0800][18.259s][info][gc,phases   ] GC(77) Y: Concurrent Relocate 0.010ms
[2026-01-06T22:07:10.615+0800][18.259s][info][gc,alloc    ] GC(77) Y:                         Mark Start        Mark End      Relocate Start    Relocate End   
[2026-01-06T22:07:10.615+0800][18.259s][info][gc,alloc    ] GC(77) Y: Allocation Stalls:          0                0                0                0         
[2026-01-06T22:07:10.615+0800][18.259s][info][gc,load     ] GC(77) Y: Load: 1.49 (15%) / 1.70 (17%) / 1.98 (20%)
[2026-01-06T22:07:10.615+0800][18.259s][info][gc,mmu      ] GC(77) Y: MMU: 2ms/97.4%, 5ms/98.6%, 10ms/99.3%, 20ms/99.5%, 50ms/99.8%, 100ms/99.9%
[2026-01-06T22:07:10.615+0800][18.259s][info][gc,marking  ] GC(77) Y: Mark: 1 stripe(s), 2 proactive flush(es), 1 terminate flush(es), 0 completion(s), 0 continuation(s) 
[2026-01-06T22:07:10.615+0800][18.259s][info][gc,nmethod  ] GC(77) Y: NMethods: 120 registered, 37 unregistered
[2026-01-06T22:07:10.615+0800][18.259s][info][gc,metaspace] GC(77) Y: Metaspace: 0M used, 0M committed, 1088M reserved
[2026-01-06T22:07:10.615+0800][18.259s][info][gc,reloc    ] GC(77) Y:                        Candidates     Selected     In-Place         Size        Empty    Relocated 
[2026-01-06T22:07:10.615+0800][18.259s][info][gc,reloc    ] GC(77) Y: Small Pages:                  811            0            0        1622M        1620M           0M 
[2026-01-06T22:07:10.615+0800][18.259s][info][gc,reloc    ] GC(77) Y: Medium Pages:                   0            0            0           0M           0M           0M 
[2026-01-06T22:07:10.615+0800][18.259s][info][gc,reloc    ] GC(77) Y: Large Pages:                    0            0            0           0M           0M           0M 
[2026-01-06T22:07:10.615+0800][18.259s][info][gc,reloc    ] GC(77) Y: Forwarding Usage: 0M
[2026-01-06T22:07:10.615+0800][18.259s][info][gc,reloc    ] GC(77) Y: Age Table:
[2026-01-06T22:07:10.615+0800][18.259s][info][gc,reloc    ] GC(77) Y:                    Live             Garbage             Small              Medium             Large        
[2026-01-06T22:07:10.615+0800][18.259s][info][gc,reloc    ] GC(77) Y: Eden               0M (0%)         1619M (40%)        810 / 0              0 / 0              0 / 0        
[2026-01-06T22:07:10.615+0800][18.259s][info][gc,reloc    ] GC(77) Y: Survivor 1          -                 2M (0%)           1 / 0              0 / 0              0 / 0        
[2026-01-06T22:07:10.615+0800][18.259s][info][gc,heap     ] GC(77) Y: Min Capacity: 8M(0%)
[2026-01-06T22:07:10.615+0800][18.259s][info][gc,heap     ] GC(77) Y: Max Capacity: 4096M(100%)
[2026-01-06T22:07:10.615+0800][18.259s][info][gc,heap     ] GC(77) Y: Soft Max Capacity: 3686M(90%)
[2026-01-06T22:07:10.615+0800][18.259s][info][gc,heap     ] GC(77) Y: Heap Statistics:
[2026-01-06T22:07:10.615+0800][18.259s][info][gc,heap     ] GC(77) Y:                Mark Start          Mark End        Relocate Start      Relocate End           High               Low         
[2026-01-06T22:07:10.615+0800][18.259s][info][gc,heap     ] GC(77) Y:  Capacity:     3498M (85%)        3498M (85%)        3498M (85%)        3498M (85%)        3498M (85%)        3498M (85%)    
[2026-01-06T22:07:10.615+0800][18.259s][info][gc,heap     ] GC(77) Y:      Free:     2472M (60%)        2468M (60%)        4084M (100%)       4084M (100%)       4086M (100%)       2468M (60%)    
[2026-01-06T22:07:10.615+0800][18.259s][info][gc,heap     ] GC(77) Y:      Used:     1624M (40%)        1628M (40%)          12M (0%)           12M (0%)         1628M (40%)          10M (0%)     
[2026-01-06T22:07:10.615+0800][18.259s][info][gc,heap     ] GC(77) Y: Young Generation Statistics:
[2026-01-06T22:07:10.615+0800][18.259s][info][gc,heap     ] GC(77) Y:                Mark Start          Mark End        Relocate Start      Relocate End    
[2026-01-06T22:07:10.615+0800][18.259s][info][gc,heap     ] GC(77) Y:      Used:     1622M (40%)        1626M (40%)          10M (0%)           10M (0%)     
[2026-01-06T22:07:10.615+0800][18.259s][info][gc,heap     ] GC(77) Y:      Live:         -                 0M (0%)            0M (0%)            0M (0%)     
[2026-01-06T22:07:10.615+0800][18.259s][info][gc,heap     ] GC(77) Y:   Garbage:         -              1621M (40%)           1M (0%)            1M (0%)     
[2026-01-06T22:07:10.615+0800][18.259s][info][gc,heap     ] GC(77) Y: Allocated:         -                 4M (0%)            8M (0%)            8M (0%)     
[2026-01-06T22:07:10.615+0800][18.259s][info][gc,heap     ] GC(77) Y: Reclaimed:         -                  -              1620M (40%)        1620M (40%)    
[2026-01-06T22:07:10.615+0800][18.259s][info][gc,heap     ] GC(77) Y:  Promoted:         -                  -                 0M (0%)            0M (0%)     
[2026-01-06T22:07:10.615+0800][18.259s][info][gc,heap     ] GC(77) Y: Compacted:         -                  -                  -                 0M (0%)     
[2026-01-06T22:07:10.615+0800][18.259s][info][gc,phases   ] GC(77) Y: Young Generation 1624M(40%)->12M(0%) 0.000s
[2026-01-06T22:07:10.615+0800][18.259s][info][gc,phases   ] GC(77) O: Old Generation
[2026-01-06T22:07:10.616+0800][18.260s][info][gc,phases   ] GC(77) O: Concurrent Mark 0.609ms
[2026-01-06T22:07:10.616+0800][18.260s][info][gc,phases   ] GC(77) O: Pause Mark End 0.002ms
[2026-01-06T22:07:10.616+0800][18.260s][info][gc,phases   ] GC(77) O: Concurrent Mark Free 0.000ms
[2026-01-06T22:07:10.616+0800][18.260s][info][gc,phases   ] GC(77) O: Concurrent Process Non-Strong 0.122ms
[2026-01-06T22:07:10.616+0800][18.260s][info][gc,phases   ] GC(77) O: Concurrent Reset Relocation Set 0.000ms
[2026-01-06T22:07:10.616+0800][18.260s][info][gc,phases   ] GC(77) O: Concurrent Select Relocation Set 0.015ms
[2026-01-06T22:07:10.616+0800][18.260s][info][gc,task     ] GC(77) O: Using 2 Workers for Old Generation
[2026-01-06T22:07:10.616+0800][18.260s][info][gc,task     ] GC(77) O: Using 1 Workers for Old Generation
[2026-01-06T22:07:10.616+0800][18.260s][info][gc,phases   ] GC(77) O: Concurrent Remap Roots 0.048ms
[2026-01-06T22:07:10.616+0800][18.260s][info][gc,phases   ] GC(77) O: Pause Relocate Start 0.001ms
[2026-01-06T22:07:10.616+0800][18.260s][info][gc,phases   ] GC(77) O: Concurrent Relocate 0.006ms
[2026-01-06T22:07:10.616+0800][18.260s][info][gc,alloc    ] GC(77) O:                         Mark Start        Mark End      Relocate Start    Relocate End   
[2026-01-06T22:07:10.616+0800][18.260s][info][gc,alloc    ] GC(77) O: Allocation Stalls:          0                0                0                0         
[2026-01-06T22:07:10.616+0800][18.260s][info][gc,load     ] GC(77) O: Load: 1.49 (15%) / 1.70 (17%) / 1.98 (20%)
[2026-01-06T22:07:10.616+0800][18.260s][info][gc,mmu      ] GC(77) O: MMU: 2ms/97.4%, 5ms/98.6%, 10ms/99.3%, 20ms/99.5%, 50ms/99.8%, 100ms/99.9%
[2026-01-06T22:07:10.616+0800][18.260s][info][gc,marking  ] GC(77) O: Mark: 1 stripe(s), 2 proactive flush(es), 1 terminate flush(es), 0 completion(s), 0 continuation(s) 
[2026-01-06T22:07:10.616+0800][18.260s][info][gc,nmethod  ] GC(77) O: NMethods: 120 registered, 37 unregistered
[2026-01-06T22:07:10.616+0800][18.260s][info][gc,metaspace] GC(77) O: Metaspace: 0M used, 0M committed, 1088M reserved
[2026-01-06T22:07:10.616+0800][18.260s][info][gc,ref      ] GC(77) O:                       Encountered   Discovered     Enqueued 
[2026-01-06T22:07:10.616+0800][18.260s][info][gc,ref      ] GC(77) O: Soft References:                1            0            0 
[2026-01-06T22:07:10.616+0800][18.260s][info][gc,ref      ] GC(77) O: Weak References:                6            0            0 
[2026-01-06T22:07:10.616+0800][18.260s][info][gc,ref      ] GC(77) O: Final References:               0            0            0 
[2026-01-06T22:07:10.616+0800][18.260s][info][gc,ref      ] GC(77) O: Phantom References:             1            1            0 
[2026-01-06T22:07:10.616+0800][18.260s][info][gc,reloc    ] GC(77) O:                        Candidates     Selected     In-Place         Size        Empty    Relocated 
[2026-01-06T22:07:10.616+0800][18.260s][info][gc,reloc    ] GC(77) O: Small Pages:                    1            0            0           2M           0M           0M 
[2026-01-06T22:07:10.616+0800][18.260s][info][gc,reloc    ] GC(77) O: Medium Pages:                   0            0            0           0M           0M           0M 
[2026-01-06T22:07:10.616+0800][18.260s][info][gc,reloc    ] GC(77) O: Large Pages:                    0            0            0           0M           0M           0M 
[2026-01-06T22:07:10.616+0800][18.260s][info][gc,reloc    ] GC(77) O: Forwarding Usage: 0M
[2026-01-06T22:07:10.616+0800][18.260s][info][gc,heap     ] GC(77) O: Min Capacity: 8M(0%)
[2026-01-06T22:07:10.616+0800][18.260s][info][gc,heap     ] GC(77) O: Max Capacity: 4096M(100%)
[2026-01-06T22:07:10.616+0800][18.260s][info][gc,heap     ] GC(77) O: Soft Max Capacity: 3686M(90%)
[2026-01-06T22:07:10.616+0800][18.260s][info][gc,heap     ] GC(77) O: Heap Statistics:
[2026-01-06T22:07:10.616+0800][18.260s][info][gc,heap     ] GC(77) O:                Mark Start          Mark End        Relocate Start      Relocate End           High               Low         
[2026-01-06T22:07:10.616+0800][18.260s][info][gc,heap     ] GC(77) O:  Capacity:     3498M (85%)        3498M (85%)        3498M (85%)        3498M (85%)        3498M (85%)        3498M (85%)    
[2026-01-06T22:07:10.616+0800][18.260s][info][gc,heap     ] GC(77) O:      Free:     2472M (60%)        4072M (99%)        4068M (99%)        4068M (99%)        4086M (100%)       2468M (60%)    
[2026-01-06T22:07:10.616+0800][18.260s][info][gc,heap     ] GC(77) O:      Used:     1624M (40%)          24M (1%)           28M (1%)           28M (1%)         1628M (40%)          10M (0%)     
[2026-01-06T22:07:10.616+0800][18.260s][info][gc,heap     ] GC(77) O: Old Generation Statistics:
[2026-01-06T22:07:10.616+0800][18.260s][info][gc,heap     ] GC(77) O:                Mark Start          Mark End        Relocate Start      Relocate End    
[2026-01-06T22:07:10.616+0800][18.260s][info][gc,heap     ] GC(77) O:      Used:        2M (0%)            2M (0%)            2M (0%)            2M (0%)     
[2026-01-06T22:07:10.616+0800][18.260s][info][gc,heap     ] GC(77) O:      Live:         -                 0M (0%)            0M (0%)            0M (0%)     
[2026-01-06T22:07:10.616+0800][18.260s][info][gc,heap     ] GC(77) O:   Garbage:         -                 1M (0%)            1M (0%)            1M (0%)     
[2026-01-06T22:07:10.616+0800][18.260s][info][gc,heap     ] GC(77) O: Allocated:         -                 0M (0%)            0M (0%)            0M (0%)     
[2026-01-06T22:07:10.616+0800][18.260s][info][gc,heap     ] GC(77) O: Reclaimed:         -                  -                 0M (0%)            0M (0%)     
[2026-01-06T22:07:10.616+0800][18.260s][info][gc,heap     ] GC(77) O: Compacted:         -                  -                  -                 0M (0%)     
[2026-01-06T22:07:10.616+0800][18.260s][info][gc,phases   ] GC(77) O: Old Generation 14M(0%)->28M(1%) 0.001s
[2026-01-06T22:07:10.616+0800][18.260s][info][gc          ] GC(77) Major Collection (Proactive) 1624M(40%)->30M(1%) 0.002s
[2026-01-06T22:07:10.696+0800][18.339s][info][gc          ] GC(78) Major Collection (Proactive)
[2026-01-06T22:07:10.696+0800][18.339s][info][gc,task     ] GC(78) Using 1 Workers for Young Generation
[2026-01-06T22:07:10.696+0800][18.339s][info][gc,task     ] GC(78) Using 1 Workers for Old Generation
[2026-01-06T22:07:10.696+0800][18.339s][info][gc,phases   ] GC(78) Y: Young Generation
[2026-01-06T22:07:10.696+0800][18.339s][info][gc,phases   ] GC(78) Y: Pause Mark Start (Major) 0.004ms
[2026-01-06T22:07:10.696+0800][18.340s][info][gc,phases   ] GC(78) Y: Concurrent Mark 0.159ms
[2026-01-06T22:07:10.696+0800][18.340s][info][gc,phases   ] GC(78) Y: Pause Mark End 0.002ms
[2026-01-06T22:07:10.696+0800][18.340s][info][gc,phases   ] GC(78) Y: Concurrent Mark Free 0.001ms
[2026-01-06T22:07:10.696+0800][18.340s][info][gc,phases   ] GC(78) Y: Concurrent Reset Relocation Set 0.000ms
[2026-01-06T22:07:10.696+0800][18.340s][info][gc,reloc    ] GC(78) Y: Using tenuring threshold: 1 (Computed)
[2026-01-06T22:07:10.696+0800][18.340s][info][gc,phases   ] GC(78) Y: Concurrent Select Relocation Set 0.155ms
[2026-01-06T22:07:10.696+0800][18.340s][info][gc,phases   ] GC(78) Y: Pause Relocate Start 0.001ms
[2026-01-06T22:07:10.696+0800][18.340s][info][gc,phases   ] GC(78) Y: Concurrent Relocate 0.010ms
[2026-01-06T22:07:10.696+0800][18.340s][info][gc,alloc    ] GC(78) Y:                         Mark Start        Mark End      Relocate Start    Relocate End   
[2026-01-06T22:07:10.696+0800][18.340s][info][gc,alloc    ] GC(78) Y: Allocation Stalls:          0                0                0                0         
[2026-01-06T22:07:10.696+0800][18.340s][info][gc,load     ] GC(78) Y: Load: 1.49 (15%) / 1.70 (17%) / 1.98 (20%)
[2026-01-06T22:07:10.696+0800][18.340s][info][gc,mmu      ] GC(78) Y: MMU: 2ms/97.4%, 5ms/98.6%, 10ms/99.3%, 20ms/99.5%, 50ms/99.8%, 100ms/99.9%
[2026-01-06T22:07:10.696+0800][18.340s][info][gc,marking  ] GC(78) Y: Mark: 1 stripe(s), 2 proactive flush(es), 1 terminate flush(es), 0 completion(s), 0 continuation(s) 
[2026-01-06T22:07:10.696+0800][18.340s][info][gc,nmethod  ] GC(78) Y: NMethods: 120 registered, 37 unregistered
[2026-01-06T22:07:10.696+0800][18.340s][info][gc,metaspace] GC(78) Y: Metaspace: 0M used, 0M committed, 1088M reserved
[2026-01-06T22:07:10.696+0800][18.340s][info][gc,reloc    ] GC(78) Y:                        Candidates     Selected     In-Place         Size        Empty    Relocated 
[2026-01-06T22:07:10.696+0800][18.340s][info][gc,reloc    ] GC(78) Y: Small Pages:                  766            0            0        1532M        1530M           0M 
[2026-01-06T22:07:10.696+0800][18.340s][info][gc,reloc    ] GC(78) Y: Medium Pages:                   0            0            0           0M           0M           0M 
[2026-01-06T22:07:10.696+0800][18.340s][info][gc,reloc    ] GC(78) Y: Large Pages:                    0            0            0           0M           0M           0M 
[2026-01-06T22:07:10.696+0800][18.340s][info][gc,reloc    ] GC(78) Y: Forwarding Usage: 0M
[2026-01-06T22:07:10.696+0800][18.340s][info][gc,reloc    ] GC(78) Y: Age Table:
[2026-01-06T22:07:10.696+0800][18.340s][info][gc,reloc    ] GC(78) Y:                    Live             Garbage             Small              Medium             Large        
[2026-01-06T22:07:10.696+0800][18.340s][info][gc,reloc    ] GC(78) Y: Eden               0M (0%)         1529M (37%)        765 / 0              0 / 0              0 / 0        
[2026-01-06T22:07:10.696+0800][18.340s][info][gc,reloc    ] GC(78) Y: Survivor 1          -                 2M (0%)           1 / 0              0 / 0              0 / 0        
[2026-01-06T22:07:10.696+0800][18.340s][info][gc,heap     ] GC(78) Y: Min Capacity: 8M(0%)
[2026-01-06T22:07:10.696+0800][18.340s][info][gc,heap     ] GC(78) Y: Max Capacity: 4096M(100%)
[2026-01-06T22:07:10.696+0800][18.340s][info][gc,heap     ] GC(78) Y: Soft Max Capacity: 3686M(90%)
[2026-01-06T22:07:10.696+0800][18.340s][info][gc,heap     ] GC(78) Y: Heap Statistics:
[2026-01-06T22:07:10.696+0800][18.340s][info][gc,heap     ] GC(78) Y:                Mark Start          Mark End        Relocate Start      Relocate End           High               Low         
[2026-01-06T22:07:10.696+0800][18.340s][info][gc,heap     ] GC(78) Y:  Capacity:     3498M (85%)        3498M (85%)        3498M (85%)        3498M (85%)        3498M (85%)        3498M (85%)    
[2026-01-06T22:07:10.696+0800][18.340s][info][gc,heap     ] GC(78) Y:      Free:     2562M (63%)        2558M (62%)        4086M (100%)       4086M (100%)       4086M (100%)       2558M (62%)    
[2026-01-06T22:07:10.696+0800][18.340s][info][gc,heap     ] GC(78) Y:      Used:     1534M (37%)        1538M (38%)          10M (0%)           10M (0%)         1538M (38%)          10M (0%)     
[2026-01-06T22:07:10.696+0800][18.340s][info][gc,heap     ] GC(78) Y: Young Generation Statistics:
[2026-01-06T22:07:10.696+0800][18.340s][info][gc,heap     ] GC(78) Y:                Mark Start          Mark End        Relocate Start      Relocate End    
[2026-01-06T22:07:10.696+0800][18.340s][info][gc,heap     ] GC(78) Y:      Used:     1532M (37%)        1536M (38%)           8M (0%)            8M (0%)     
[2026-01-06T22:07:10.696+0800][18.340s][info][gc,heap     ] GC(78) Y:      Live:         -                 0M (0%)            0M (0%)            0M (0%)     
[2026-01-06T22:07:10.696+0800][18.340s][info][gc,heap     ] GC(78) Y:   Garbage:         -              1531M (37%)           1M (0%)            1M (0%)     
[2026-01-06T22:07:10.696+0800][18.340s][info][gc,heap     ] GC(78) Y: Allocated:         -                 4M (0%)            6M (0%)            6M (0%)     
[2026-01-06T22:07:10.696+0800][18.340s][info][gc,heap     ] GC(78) Y: Reclaimed:         -                  -              1530M (37%)        1530M (37%)    
[2026-01-06T22:07:10.696+0800][18.340s][info][gc,heap     ] GC(78) Y:  Promoted:         -                  -                 0M (0%)            0M (0%)     
[2026-01-06T22:07:10.696+0800][18.340s][info][gc,heap     ] GC(78) Y: Compacted:         -                  -                  -                 0M (0%)     
[2026-01-06T22:07:10.696+0800][18.340s][info][gc,phases   ] GC(78) Y: Young Generation 1534M(37%)->10M(0%) 0.000s
[2026-01-06T22:07:10.696+0800][18.340s][info][gc,phases   ] GC(78) O: Old Generation
[2026-01-06T22:07:10.697+0800][18.341s][info][gc,phases   ] GC(78) O: Concurrent Mark 0.600ms
[2026-01-06T22:07:10.697+0800][18.341s][info][gc,phases   ] GC(78) O: Pause Mark End 0.003ms
[2026-01-06T22:07:10.697+0800][18.341s][info][gc,phases   ] GC(78) O: Concurrent Mark Free 0.000ms
[2026-01-06T22:07:10.697+0800][18.341s][info][gc,phases   ] GC(78) O: Concurrent Process Non-Strong 0.143ms
[2026-01-06T22:07:10.697+0800][18.341s][info][gc,phases   ] GC(78) O: Concurrent Reset Relocation Set 0.000ms
[2026-01-06T22:07:10.697+0800][18.341s][info][gc,phases   ] GC(78) O: Concurrent Select Relocation Set 0.020ms
[2026-01-06T22:07:10.697+0800][18.341s][info][gc,task     ] GC(78) O: Using 2 Workers for Old Generation
[2026-01-06T22:07:10.697+0800][18.341s][info][gc,task     ] GC(78) O: Using 1 Workers for Old Generation
[2026-01-06T22:07:10.697+0800][18.341s][info][gc,phases   ] GC(78) O: Concurrent Remap Roots 0.049ms
[2026-01-06T22:07:10.697+0800][18.341s][info][gc,phases   ] GC(78) O: Pause Relocate Start 0.001ms
[2026-01-06T22:07:10.697+0800][18.341s][info][gc,phases   ] GC(78) O: Concurrent Relocate 0.011ms
[2026-01-06T22:07:10.697+0800][18.341s][info][gc,alloc    ] GC(78) O:                         Mark Start        Mark End      Relocate Start    Relocate End   
[2026-01-06T22:07:10.697+0800][18.341s][info][gc,alloc    ] GC(78) O: Allocation Stalls:          0                0                0                0         
[2026-01-06T22:07:10.697+0800][18.341s][info][gc,load     ] GC(78) O: Load: 1.49 (15%) / 1.70 (17%) / 1.98 (20%)
[2026-01-06T22:07:10.697+0800][18.341s][info][gc,mmu      ] GC(78) O: MMU: 2ms/97.4%, 5ms/98.6%, 10ms/99.3%, 20ms/99.5%, 50ms/99.8%, 100ms/99.9%
[2026-01-06T22:07:10.697+0800][18.341s][info][gc,marking  ] GC(78) O: Mark: 1 stripe(s), 2 proactive flush(es), 1 terminate flush(es), 0 completion(s), 0 continuation(s) 
[2026-01-06T22:07:10.697+0800][18.341s][info][gc,nmethod  ] GC(78) O: NMethods: 120 registered, 37 unregistered
[2026-01-06T22:07:10.697+0800][18.341s][info][gc,metaspace] GC(78) O: Metaspace: 0M used, 0M committed, 1088M reserved
[2026-01-06T22:07:10.697+0800][18.341s][info][gc,ref      ] GC(78) O:                       Encountered   Discovered     Enqueued 
[2026-01-06T22:07:10.697+0800][18.341s][info][gc,ref      ] GC(78) O: Soft References:                1            0            0 
[2026-01-06T22:07:10.697+0800][18.341s][info][gc,ref      ] GC(78) O: Weak References:                6            0            0 
[2026-01-06T22:07:10.697+0800][18.341s][info][gc,ref      ] GC(78) O: Final References:               0            0            0 
[2026-01-06T22:07:10.697+0800][18.341s][info][gc,ref      ] GC(78) O: Phantom References:             1            1            0 
[2026-01-06T22:07:10.697+0800][18.341s][info][gc,reloc    ] GC(78) O:                        Candidates     Selected     In-Place         Size        Empty    Relocated 
[2026-01-06T22:07:10.697+0800][18.341s][info][gc,reloc    ] GC(78) O: Small Pages:                    1            0            0           2M           0M           0M 
[2026-01-06T22:07:10.697+0800][18.341s][info][gc,reloc    ] GC(78) O: Medium Pages:                   0            0            0           0M           0M           0M 
[2026-01-06T22:07:10.697+0800][18.341s][info][gc,reloc    ] GC(78) O: Large Pages:                    0            0            0           0M           0M           0M 
[2026-01-06T22:07:10.697+0800][18.341s][info][gc,reloc    ] GC(78) O: Forwarding Usage: 0M
[2026-01-06T22:07:10.697+0800][18.341s][info][gc,heap     ] GC(78) O: Min Capacity: 8M(0%)
[2026-01-06T22:07:10.697+0800][18.341s][info][gc,heap     ] GC(78) O: Max Capacity: 4096M(100%)
[2026-01-06T22:07:10.697+0800][18.341s][info][gc,heap     ] GC(78) O: Soft Max Capacity: 3686M(90%)
[2026-01-06T22:07:10.697+0800][18.341s][info][gc,heap     ] GC(78) O: Heap Statistics:
[2026-01-06T22:07:10.697+0800][18.341s][info][gc,heap     ] GC(78) O:                Mark Start          Mark End        Relocate Start      Relocate End           High               Low         
[2026-01-06T22:07:10.697+0800][18.341s][info][gc,heap     ] GC(78) O:  Capacity:     3498M (85%)        3498M (85%)        3498M (85%)        3498M (85%)        3498M (85%)        3498M (85%)    
[2026-01-06T22:07:10.697+0800][18.341s][info][gc,heap     ] GC(78) O:      Free:     2562M (63%)        4072M (99%)        4068M (99%)        4068M (99%)        4086M (100%)       2558M (62%)    
[2026-01-06T22:07:10.697+0800][18.341s][info][gc,heap     ] GC(78) O:      Used:     1534M (37%)          24M (1%)           28M (1%)           28M (1%)         1538M (38%)          10M (0%)     
[2026-01-06T22:07:10.697+0800][18.341s][info][gc,heap     ] GC(78) O: Old Generation Statistics:
[2026-01-06T22:07:10.697+0800][18.341s][info][gc,heap     ] GC(78) O:                Mark Start          Mark End        Relocate Start      Relocate End    
[2026-01-06T22:07:10.697+0800][18.341s][info][gc,heap     ] GC(78) O:      Used:        2M (0%)            2M (0%)            2M (0%)            2M (0%)     
[2026-01-06T22:07:10.697+0800][18.341s][info][gc,heap     ] GC(78) O:      Live:         -                 0M (0%)            0M (0%)            0M (0%)     
[2026-01-06T22:07:10.697+0800][18.341s][info][gc,heap     ] GC(78) O:   Garbage:         -                 1M (0%)            1M (0%)            1M (0%)     
[2026-01-06T22:07:10.697+0800][18.341s][info][gc,heap     ] GC(78) O: Allocated:         -                 0M (0%)            0M (0%)            0M (0%)     
[2026-01-06T22:07:10.697+0800][18.341s][info][gc,heap     ] GC(78) O: Reclaimed:         -                  -                 0M (0%)            0M (0%)     
[2026-01-06T22:07:10.697+0800][18.341s][info][gc,heap     ] GC(78) O: Compacted:         -                  -                  -                 0M (0%)     
[2026-01-06T22:07:10.697+0800][18.341s][info][gc,phases   ] GC(78) O: Old Generation 12M(0%)->28M(1%) 0.001s
[2026-01-06T22:07:10.697+0800][18.341s][info][gc          ] GC(78) Major Collection (Proactive) 1534M(37%)->30M(1%) 0.002s
[2026-01-06T22:07:10.775+0800][18.419s][info][gc          ] GC(79) Major Collection (Proactive)
[2026-01-06T22:07:10.775+0800][18.419s][info][gc,task     ] GC(79) Using 1 Workers for Young Generation
[2026-01-06T22:07:10.775+0800][18.419s][info][gc,task     ] GC(79) Using 1 Workers for Old Generation
[2026-01-06T22:07:10.775+0800][18.419s][info][gc,phases   ] GC(79) Y: Young Generation
[2026-01-06T22:07:10.775+0800][18.419s][info][gc,phases   ] GC(79) Y: Pause Mark Start (Major) 0.004ms
[2026-01-06T22:07:10.776+0800][18.419s][info][gc,phases   ] GC(79) Y: Concurrent Mark 0.160ms
[2026-01-06T22:07:10.776+0800][18.419s][info][gc,phases   ] GC(79) Y: Pause Mark End 0.003ms
[2026-01-06T22:07:10.776+0800][18.419s][info][gc,phases   ] GC(79) Y: Concurrent Mark Free 0.000ms
[2026-01-06T22:07:10.776+0800][18.419s][info][gc,phases   ] GC(79) Y: Concurrent Reset Relocation Set 0.000ms
[2026-01-06T22:07:10.776+0800][18.420s][info][gc,reloc    ] GC(79) Y: Using tenuring threshold: 1 (Computed)
[2026-01-06T22:07:10.776+0800][18.420s][info][gc,phases   ] GC(79) Y: Concurrent Select Relocation Set 0.163ms
[2026-01-06T22:07:10.776+0800][18.420s][info][gc,phases   ] GC(79) Y: Pause Relocate Start 0.001ms
[2026-01-06T22:07:10.776+0800][18.420s][info][gc,phases   ] GC(79) Y: Concurrent Relocate 0.011ms
[2026-01-06T22:07:10.776+0800][18.420s][info][gc,alloc    ] GC(79) Y:                         Mark Start        Mark End      Relocate Start    Relocate End   
[2026-01-06T22:07:10.776+0800][18.420s][info][gc,alloc    ] GC(79) Y: Allocation Stalls:          0                0                0                0         
[2026-01-06T22:07:10.776+0800][18.420s][info][gc,load     ] GC(79) Y: Load: 1.49 (15%) / 1.70 (17%) / 1.98 (20%)
[2026-01-06T22:07:10.776+0800][18.420s][info][gc,mmu      ] GC(79) Y: MMU: 2ms/97.4%, 5ms/98.6%, 10ms/99.3%, 20ms/99.5%, 50ms/99.8%, 100ms/99.9%
[2026-01-06T22:07:10.776+0800][18.420s][info][gc,marking  ] GC(79) Y: Mark: 1 stripe(s), 2 proactive flush(es), 1 terminate flush(es), 0 completion(s), 0 continuation(s) 
[2026-01-06T22:07:10.776+0800][18.420s][info][gc,nmethod  ] GC(79) Y: NMethods: 120 registered, 37 unregistered
[2026-01-06T22:07:10.776+0800][18.420s][info][gc,metaspace] GC(79) Y: Metaspace: 0M used, 0M committed, 1088M reserved
[2026-01-06T22:07:10.776+0800][18.420s][info][gc,reloc    ] GC(79) Y:                        Candidates     Selected     In-Place         Size        Empty    Relocated 
[2026-01-06T22:07:10.776+0800][18.420s][info][gc,reloc    ] GC(79) Y: Small Pages:                  751            0            0        1502M        1500M           0M 
[2026-01-06T22:07:10.776+0800][18.420s][info][gc,reloc    ] GC(79) Y: Medium Pages:                   0            0            0           0M           0M           0M 
[2026-01-06T22:07:10.776+0800][18.420s][info][gc,reloc    ] GC(79) Y: Large Pages:                    0            0            0           0M           0M           0M 
[2026-01-06T22:07:10.776+0800][18.420s][info][gc,reloc    ] GC(79) Y: Forwarding Usage: 0M
[2026-01-06T22:07:10.776+0800][18.420s][info][gc,reloc    ] GC(79) Y: Age Table:
[2026-01-06T22:07:10.776+0800][18.420s][info][gc,reloc    ] GC(79) Y:                    Live             Garbage             Small              Medium             Large        
[2026-01-06T22:07:10.776+0800][18.420s][info][gc,reloc    ] GC(79) Y: Eden               0M (0%)         1499M (37%)        750 / 0              0 / 0              0 / 0        
[2026-01-06T22:07:10.776+0800][18.420s][info][gc,reloc    ] GC(79) Y: Survivor 1          -                 2M (0%)           1 / 0              0 / 0              0 / 0        
[2026-01-06T22:07:10.776+0800][18.420s][info][gc,heap     ] GC(79) Y: Min Capacity: 8M(0%)
[2026-01-06T22:07:10.776+0800][18.420s][info][gc,heap     ] GC(79) Y: Max Capacity: 4096M(100%)
[2026-01-06T22:07:10.776+0800][18.420s][info][gc,heap     ] GC(79) Y: Soft Max Capacity: 3686M(90%)
[2026-01-06T22:07:10.776+0800][18.420s][info][gc,heap     ] GC(79) Y: Heap Statistics:
[2026-01-06T22:07:10.776+0800][18.420s][info][gc,heap     ] GC(79) Y:                Mark Start          Mark End        Relocate Start      Relocate End           High               Low         
[2026-01-06T22:07:10.776+0800][18.420s][info][gc,heap     ] GC(79) Y:  Capacity:     3498M (85%)        3498M (85%)        3498M (85%)        3498M (85%)        3498M (85%)        3498M (85%)    
[2026-01-06T22:07:10.776+0800][18.420s][info][gc,heap     ] GC(79) Y:      Free:     2592M (63%)        2588M (63%)        4086M (100%)       4084M (100%)       4086M (100%)       2588M (63%)    
[2026-01-06T22:07:10.776+0800][18.420s][info][gc,heap     ] GC(79) Y:      Used:     1504M (37%)        1508M (37%)          10M (0%)           12M (0%)         1508M (37%)          10M (0%)     
[2026-01-06T22:07:10.776+0800][18.420s][info][gc,heap     ] GC(79) Y: Young Generation Statistics:
[2026-01-06T22:07:10.776+0800][18.420s][info][gc,heap     ] GC(79) Y:                Mark Start          Mark End        Relocate Start      Relocate End    
[2026-01-06T22:07:10.776+0800][18.420s][info][gc,heap     ] GC(79) Y:      Used:     1502M (37%)        1506M (37%)           8M (0%)           10M (0%)     
[2026-01-06T22:07:10.776+0800][18.420s][info][gc,heap     ] GC(79) Y:      Live:         -                 0M (0%)            0M (0%)            0M (0%)     
[2026-01-06T22:07:10.776+0800][18.420s][info][gc,heap     ] GC(79) Y:   Garbage:         -              1501M (37%)           1M (0%)            1M (0%)     
[2026-01-06T22:07:10.776+0800][18.420s][info][gc,heap     ] GC(79) Y: Allocated:         -                 4M (0%)            6M (0%)            8M (0%)     
[2026-01-06T22:07:10.776+0800][18.420s][info][gc,heap     ] GC(79) Y: Reclaimed:         -                  -              1500M (37%)        1500M (37%)    
[2026-01-06T22:07:10.776+0800][18.420s][info][gc,heap     ] GC(79) Y:  Promoted:         -                  -                 0M (0%)            0M (0%)     
[2026-01-06T22:07:10.776+0800][18.420s][info][gc,heap     ] GC(79) Y: Compacted:         -                  -                  -                 0M (0%)     
[2026-01-06T22:07:10.776+0800][18.420s][info][gc,phases   ] GC(79) Y: Young Generation 1504M(37%)->12M(0%) 0.000s
[2026-01-06T22:07:10.776+0800][18.420s][info][gc,phases   ] GC(79) O: Old Generation
[2026-01-06T22:07:10.777+0800][18.420s][info][gc,phases   ] GC(79) O: Concurrent Mark 0.602ms
[2026-01-06T22:07:10.777+0800][18.420s][info][gc,phases   ] GC(79) O: Pause Mark End 0.003ms
[2026-01-06T22:07:10.777+0800][18.420s][info][gc,phases   ] GC(79) O: Concurrent Mark Free 0.000ms
[2026-01-06T22:07:10.777+0800][18.421s][info][gc,phases   ] GC(79) O: Concurrent Process Non-Strong 0.115ms
[2026-01-06T22:07:10.777+0800][18.421s][info][gc,phases   ] GC(79) O: Concurrent Reset Relocation Set 0.000ms
[2026-01-06T22:07:10.777+0800][18.421s][info][gc,phases   ] GC(79) O: Concurrent Select Relocation Set 0.018ms
[2026-01-06T22:07:10.777+0800][18.421s][info][gc,task     ] GC(79) O: Using 2 Workers for Old Generation
[2026-01-06T22:07:10.777+0800][18.421s][info][gc,task     ] GC(79) O: Using 1 Workers for Old Generation
[2026-01-06T22:07:10.777+0800][18.421s][info][gc,phases   ] GC(79) O: Concurrent Remap Roots 0.049ms
[2026-01-06T22:07:10.777+0800][18.421s][info][gc,phases   ] GC(79) O: Pause Relocate Start 0.001ms
[2026-01-06T22:07:10.777+0800][18.421s][info][gc,phases   ] GC(79) O: Concurrent Relocate 0.006ms
[2026-01-06T22:07:10.777+0800][18.421s][info][gc,alloc    ] GC(79) O:                         Mark Start        Mark End      Relocate Start    Relocate End   
[2026-01-06T22:07:10.777+0800][18.421s][info][gc,alloc    ] GC(79) O: Allocation Stalls:          0                0                0                0         
[2026-01-06T22:07:10.777+0800][18.421s][info][gc,load     ] GC(79) O: Load: 1.49 (15%) / 1.70 (17%) / 1.98 (20%)
[2026-01-06T22:07:10.777+0800][18.421s][info][gc,mmu      ] GC(79) O: MMU: 2ms/97.4%, 5ms/98.6%, 10ms/99.3%, 20ms/99.5%, 50ms/99.8%, 100ms/99.9%
[2026-01-06T22:07:10.777+0800][18.421s][info][gc,marking  ] GC(79) O: Mark: 1 stripe(s), 2 proactive flush(es), 1 terminate flush(es), 0 completion(s), 0 continuation(s) 
[2026-01-06T22:07:10.777+0800][18.421s][info][gc,nmethod  ] GC(79) O: NMethods: 120 registered, 37 unregistered
[2026-01-06T22:07:10.777+0800][18.421s][info][gc,metaspace] GC(79) O: Metaspace: 0M used, 0M committed, 1088M reserved
[2026-01-06T22:07:10.777+0800][18.421s][info][gc,ref      ] GC(79) O:                       Encountered   Discovered     Enqueued 
[2026-01-06T22:07:10.777+0800][18.421s][info][gc,ref      ] GC(79) O: Soft References:                1            0            0 
[2026-01-06T22:07:10.777+0800][18.421s][info][gc,ref      ] GC(79) O: Weak References:                6            0            0 
[2026-01-06T22:07:10.777+0800][18.421s][info][gc,ref      ] GC(79) O: Final References:               0            0            0 
[2026-01-06T22:07:10.777+0800][18.421s][info][gc,ref      ] GC(79) O: Phantom References:             1            1            0 
[2026-01-06T22:07:10.777+0800][18.421s][info][gc,reloc    ] GC(79) O:                        Candidates     Selected     In-Place         Size        Empty    Relocated 
[2026-01-06T22:07:10.777+0800][18.421s][info][gc,reloc    ] GC(79) O: Small Pages:                    1            0            0           2M           0M           0M 
[2026-01-06T22:07:10.777+0800][18.421s][info][gc,reloc    ] GC(79) O: Medium Pages:                   0            0            0           0M           0M           0M 
[2026-01-06T22:07:10.777+0800][18.421s][info][gc,reloc    ] GC(79) O: Large Pages:                    0            0            0           0M           0M           0M 
[2026-01-06T22:07:10.777+0800][18.421s][info][gc,reloc    ] GC(79) O: Forwarding Usage: 0M
[2026-01-06T22:07:10.777+0800][18.421s][info][gc,heap     ] GC(79) O: Min Capacity: 8M(0%)
[2026-01-06T22:07:10.777+0800][18.421s][info][gc,heap     ] GC(79) O: Max Capacity: 4096M(100%)
[2026-01-06T22:07:10.777+0800][18.421s][info][gc,heap     ] GC(79) O: Soft Max Capacity: 3686M(90%)
[2026-01-06T22:07:10.777+0800][18.421s][info][gc,heap     ] GC(79) O: Heap Statistics:
[2026-01-06T22:07:10.777+0800][18.421s][info][gc,heap     ] GC(79) O:                Mark Start          Mark End        Relocate Start      Relocate End           High               Low         
[2026-01-06T22:07:10.777+0800][18.421s][info][gc,heap     ] GC(79) O:  Capacity:     3498M (85%)        3498M (85%)        3498M (85%)        3498M (85%)        3498M (85%)        3498M (85%)    
[2026-01-06T22:07:10.777+0800][18.421s][info][gc,heap     ] GC(79) O:      Free:     2592M (63%)        4072M (99%)        4068M (99%)        4068M (99%)        4086M (100%)       2588M (63%)    
[2026-01-06T22:07:10.777+0800][18.421s][info][gc,heap     ] GC(79) O:      Used:     1504M (37%)          24M (1%)           28M (1%)           28M (1%)         1508M (37%)          10M (0%)     
[2026-01-06T22:07:10.777+0800][18.421s][info][gc,heap     ] GC(79) O: Old Generation Statistics:
[2026-01-06T22:07:10.777+0800][18.421s][info][gc,heap     ] GC(79) O:                Mark Start          Mark End        Relocate Start      Relocate End    
[2026-01-06T22:07:10.777+0800][18.421s][info][gc,heap     ] GC(79) O:      Used:        2M (0%)            2M (0%)            2M (0%)            2M (0%)     
[2026-01-06T22:07:10.777+0800][18.421s][info][gc,heap     ] GC(79) O:      Live:         -                 0M (0%)            0M (0%)            0M (0%)     
[2026-01-06T22:07:10.777+0800][18.421s][info][gc,heap     ] GC(79) O:   Garbage:         -                 1M (0%)            1M (0%)            1M (0%)     
[2026-01-06T22:07:10.777+0800][18.421s][info][gc,heap     ] GC(79) O: Allocated:         -                 0M (0%)            0M (0%)            0M (0%)     
[2026-01-06T22:07:10.777+0800][18.421s][info][gc,heap     ] GC(79) O: Reclaimed:         -                  -                 0M (0%)            0M (0%)     
[2026-01-06T22:07:10.777+0800][18.421s][info][gc,heap     ] GC(79) O: Compacted:         -                  -                  -                 0M (0%)     
[2026-01-06T22:07:10.777+0800][18.421s][info][gc,phases   ] GC(79) O: Old Generation 14M(0%)->28M(1%) 0.001s
[2026-01-06T22:07:10.777+0800][18.421s][info][gc          ] GC(79) Major Collection (Proactive) 1504M(37%)->30M(1%) 0.002s
[2026-01-06T22:07:10.851+0800][18.495s][info][gc          ] GC(80) Major Collection (Proactive)
[2026-01-06T22:07:10.851+0800][18.495s][info][gc,task     ] GC(80) Using 1 Workers for Young Generation
[2026-01-06T22:07:10.851+0800][18.495s][info][gc,task     ] GC(80) Using 1 Workers for Old Generation
[2026-01-06T22:07:10.851+0800][18.495s][info][gc,phases   ] GC(80) Y: Young Generation
[2026-01-06T22:07:10.851+0800][18.495s][info][gc,phases   ] GC(80) Y: Pause Mark Start (Major) 0.004ms
[2026-01-06T22:07:10.851+0800][18.495s][info][gc,phases   ] GC(80) Y: Concurrent Mark 0.151ms
[2026-01-06T22:07:10.851+0800][18.495s][info][gc,phases   ] GC(80) Y: Pause Mark End 0.003ms
[2026-01-06T22:07:10.851+0800][18.495s][info][gc,phases   ] GC(80) Y: Concurrent Mark Free 0.000ms
[2026-01-06T22:07:10.851+0800][18.495s][info][gc,phases   ] GC(80) Y: Concurrent Reset Relocation Set 0.000ms
[2026-01-06T22:07:10.851+0800][18.495s][info][gc,reloc    ] GC(80) Y: Using tenuring threshold: 1 (Computed)
[2026-01-06T22:07:10.851+0800][18.495s][info][gc,phases   ] GC(80) Y: Concurrent Select Relocation Set 0.166ms
[2026-01-06T22:07:10.851+0800][18.495s][info][gc,phases   ] GC(80) Y: Pause Relocate Start 0.001ms
[2026-01-06T22:07:10.851+0800][18.495s][info][gc,phases   ] GC(80) Y: Concurrent Relocate 0.008ms
[2026-01-06T22:07:10.851+0800][18.495s][info][gc,alloc    ] GC(80) Y:                         Mark Start        Mark End      Relocate Start    Relocate End   
[2026-01-06T22:07:10.851+0800][18.495s][info][gc,alloc    ] GC(80) Y: Allocation Stalls:          0                0                0                0         
[2026-01-06T22:07:10.851+0800][18.495s][info][gc,load     ] GC(80) Y: Load: 1.49 (15%) / 1.70 (17%) / 1.98 (20%)
[2026-01-06T22:07:10.851+0800][18.495s][info][gc,mmu      ] GC(80) Y: MMU: 2ms/97.4%, 5ms/98.6%, 10ms/99.3%, 20ms/99.5%, 50ms/99.8%, 100ms/99.9%
[2026-01-06T22:07:10.851+0800][18.495s][info][gc,marking  ] GC(80) Y: Mark: 1 stripe(s), 2 proactive flush(es), 1 terminate flush(es), 0 completion(s), 0 continuation(s) 
[2026-01-06T22:07:10.851+0800][18.495s][info][gc,nmethod  ] GC(80) Y: NMethods: 120 registered, 37 unregistered
[2026-01-06T22:07:10.851+0800][18.495s][info][gc,metaspace] GC(80) Y: Metaspace: 0M used, 0M committed, 1088M reserved
[2026-01-06T22:07:10.851+0800][18.495s][info][gc,reloc    ] GC(80) Y:                        Candidates     Selected     In-Place         Size        Empty    Relocated 
[2026-01-06T22:07:10.851+0800][18.495s][info][gc,reloc    ] GC(80) Y: Small Pages:                  736            0            0        1472M        1470M           0M 
[2026-01-06T22:07:10.851+0800][18.495s][info][gc,reloc    ] GC(80) Y: Medium Pages:                   0            0            0           0M           0M           0M 
[2026-01-06T22:07:10.851+0800][18.495s][info][gc,reloc    ] GC(80) Y: Large Pages:                    0            0            0           0M           0M           0M 
[2026-01-06T22:07:10.851+0800][18.495s][info][gc,reloc    ] GC(80) Y: Forwarding Usage: 0M
[2026-01-06T22:07:10.851+0800][18.495s][info][gc,reloc    ] GC(80) Y: Age Table:
[2026-01-06T22:07:10.851+0800][18.495s][info][gc,reloc    ] GC(80) Y:                    Live             Garbage             Small              Medium             Large        
[2026-01-06T22:07:10.851+0800][18.495s][info][gc,reloc    ] GC(80) Y: Eden               0M (0%)         1469M (36%)        735 / 0              0 / 0              0 / 0        
[2026-01-06T22:07:10.851+0800][18.495s][info][gc,reloc    ] GC(80) Y: Survivor 1          -                 2M (0%)           1 / 0              0 / 0              0 / 0        
[2026-01-06T22:07:10.851+0800][18.495s][info][gc,heap     ] GC(80) Y: Min Capacity: 8M(0%)
[2026-01-06T22:07:10.851+0800][18.495s][info][gc,heap     ] GC(80) Y: Max Capacity: 4096M(100%)
[2026-01-06T22:07:10.851+0800][18.495s][info][gc,heap     ] GC(80) Y: Soft Max Capacity: 3686M(90%)
[2026-01-06T22:07:10.851+0800][18.495s][info][gc,heap     ] GC(80) Y: Heap Statistics:
[2026-01-06T22:07:10.852+0800][18.495s][info][gc,heap     ] GC(80) Y:                Mark Start          Mark End        Relocate Start      Relocate End           High               Low         
[2026-01-06T22:07:10.852+0800][18.495s][info][gc,heap     ] GC(80) Y:  Capacity:     3498M (85%)        3498M (85%)        3498M (85%)        3498M (85%)        3498M (85%)        3498M (85%)    
[2026-01-06T22:07:10.852+0800][18.495s][info][gc,heap     ] GC(80) Y:      Free:     2622M (64%)        2618M (64%)        4086M (100%)       4084M (100%)       4086M (100%)       2618M (64%)    
[2026-01-06T22:07:10.852+0800][18.495s][info][gc,heap     ] GC(80) Y:      Used:     1474M (36%)        1478M (36%)          10M (0%)           12M (0%)         1478M (36%)          10M (0%)     
[2026-01-06T22:07:10.852+0800][18.495s][info][gc,heap     ] GC(80) Y: Young Generation Statistics:
[2026-01-06T22:07:10.852+0800][18.495s][info][gc,heap     ] GC(80) Y:                Mark Start          Mark End        Relocate Start      Relocate End    
[2026-01-06T22:07:10.852+0800][18.495s][info][gc,heap     ] GC(80) Y:      Used:     1472M (36%)        1476M (36%)           8M (0%)           10M (0%)     
[2026-01-06T22:07:10.852+0800][18.495s][info][gc,heap     ] GC(80) Y:      Live:         -                 0M (0%)            0M (0%)            0M (0%)     
[2026-01-06T22:07:10.852+0800][18.495s][info][gc,heap     ] GC(80) Y:   Garbage:         -              1471M (36%)           1M (0%)            1M (0%)     
[2026-01-06T22:07:10.852+0800][18.495s][info][gc,heap     ] GC(80) Y: Allocated:         -                 4M (0%)            6M (0%)            8M (0%)     
[2026-01-06T22:07:10.852+0800][18.495s][info][gc,heap     ] GC(80) Y: Reclaimed:         -                  -              1470M (36%)        1470M (36%)    
[2026-01-06T22:07:10.852+0800][18.495s][info][gc,heap     ] GC(80) Y:  Promoted:         -                  -                 0M (0%)            0M (0%)     
[2026-01-06T22:07:10.852+0800][18.495s][info][gc,heap     ] GC(80) Y: Compacted:         -                  -                  -                 0M (0%)     
[2026-01-06T22:07:10.852+0800][18.495s][info][gc,phases   ] GC(80) Y: Young Generation 1474M(36%)->12M(0%) 0.000s
[2026-01-06T22:07:10.852+0800][18.495s][info][gc,phases   ] GC(80) O: Old Generation
[2026-01-06T22:07:10.852+0800][18.496s][info][gc,phases   ] GC(80) O: Concurrent Mark 0.611ms
[2026-01-06T22:07:10.852+0800][18.496s][info][gc,phases   ] GC(80) O: Pause Mark End 0.002ms
[2026-01-06T22:07:10.852+0800][18.496s][info][gc,phases   ] GC(80) O: Concurrent Mark Free 0.000ms
[2026-01-06T22:07:10.852+0800][18.496s][info][gc,phases   ] GC(80) O: Concurrent Process Non-Strong 0.123ms
[2026-01-06T22:07:10.852+0800][18.496s][info][gc,phases   ] GC(80) O: Concurrent Reset Relocation Set 0.000ms
[2026-01-06T22:07:10.852+0800][18.496s][info][gc,phases   ] GC(80) O: Concurrent Select Relocation Set 0.017ms
[2026-01-06T22:07:10.852+0800][18.496s][info][gc,task     ] GC(80) O: Using 2 Workers for Old Generation
[2026-01-06T22:07:10.852+0800][18.496s][info][gc,task     ] GC(80) O: Using 1 Workers for Old Generation
[2026-01-06T22:07:10.852+0800][18.496s][info][gc,phases   ] GC(80) O: Concurrent Remap Roots 0.048ms
[2026-01-06T22:07:10.852+0800][18.496s][info][gc,phases   ] GC(80) O: Pause Relocate Start 0.002ms
[2026-01-06T22:07:10.852+0800][18.496s][info][gc,phases   ] GC(80) O: Concurrent Relocate 0.006ms
[2026-01-06T22:07:10.852+0800][18.496s][info][gc,alloc    ] GC(80) O:                         Mark Start        Mark End      Relocate Start    Relocate End   
[2026-01-06T22:07:10.852+0800][18.496s][info][gc,alloc    ] GC(80) O: Allocation Stalls:          0                0                0                0         
[2026-01-06T22:07:10.852+0800][18.496s][info][gc,load     ] GC(80) O: Load: 1.49 (15%) / 1.70 (17%) / 1.98 (20%)
[2026-01-06T22:07:10.852+0800][18.496s][info][gc,mmu      ] GC(80) O: MMU: 2ms/97.4%, 5ms/98.6%, 10ms/99.3%, 20ms/99.5%, 50ms/99.8%, 100ms/99.9%
[2026-01-06T22:07:10.852+0800][18.496s][info][gc,marking  ] GC(80) O: Mark: 1 stripe(s), 2 proactive flush(es), 1 terminate flush(es), 0 completion(s), 0 continuation(s) 
[2026-01-06T22:07:10.852+0800][18.496s][info][gc,nmethod  ] GC(80) O: NMethods: 120 registered, 37 unregistered
[2026-01-06T22:07:10.852+0800][18.496s][info][gc,metaspace] GC(80) O: Metaspace: 0M used, 0M committed, 1088M reserved
[2026-01-06T22:07:10.852+0800][18.496s][info][gc,ref      ] GC(80) O:                       Encountered   Discovered     Enqueued 
[2026-01-06T22:07:10.852+0800][18.496s][info][gc,ref      ] GC(80) O: Soft References:                1            0            0 
[2026-01-06T22:07:10.852+0800][18.496s][info][gc,ref      ] GC(80) O: Weak References:                6            0            0 
[2026-01-06T22:07:10.852+0800][18.496s][info][gc,ref      ] GC(80) O: Final References:               0            0            0 
[2026-01-06T22:07:10.852+0800][18.496s][info][gc,ref      ] GC(80) O: Phantom References:             1            1            0 
[2026-01-06T22:07:10.852+0800][18.496s][info][gc,reloc    ] GC(80) O:                        Candidates     Selected     In-Place         Size        Empty    Relocated 
[2026-01-06T22:07:10.852+0800][18.496s][info][gc,reloc    ] GC(80) O: Small Pages:                    1            0            0           2M           0M           0M 
[2026-01-06T22:07:10.852+0800][18.496s][info][gc,reloc    ] GC(80) O: Medium Pages:                   0            0            0           0M           0M           0M 
[2026-01-06T22:07:10.852+0800][18.496s][info][gc,reloc    ] GC(80) O: Large Pages:                    0            0            0           0M           0M           0M 
[2026-01-06T22:07:10.852+0800][18.496s][info][gc,reloc    ] GC(80) O: Forwarding Usage: 0M
[2026-01-06T22:07:10.852+0800][18.496s][info][gc,heap     ] GC(80) O: Min Capacity: 8M(0%)
[2026-01-06T22:07:10.852+0800][18.496s][info][gc,heap     ] GC(80) O: Max Capacity: 4096M(100%)
[2026-01-06T22:07:10.852+0800][18.496s][info][gc,heap     ] GC(80) O: Soft Max Capacity: 3686M(90%)
[2026-01-06T22:07:10.852+0800][18.496s][info][gc,heap     ] GC(80) O: Heap Statistics:
[2026-01-06T22:07:10.852+0800][18.496s][info][gc,heap     ] GC(80) O:                Mark Start          Mark End        Relocate Start      Relocate End           High               Low         
[2026-01-06T22:07:10.852+0800][18.496s][info][gc,heap     ] GC(80) O:  Capacity:     3498M (85%)        3498M (85%)        3498M (85%)        3498M (85%)        3498M (85%)        3498M (85%)    
[2026-01-06T22:07:10.852+0800][18.496s][info][gc,heap     ] GC(80) O:      Free:     2622M (64%)        4072M (99%)        4068M (99%)        4068M (99%)        4086M (100%)       2618M (64%)    
[2026-01-06T22:07:10.853+0800][18.496s][info][gc,heap     ] GC(80) O:      Used:     1474M (36%)          24M (1%)           28M (1%)           28M (1%)         1478M (36%)          10M (0%)     
[2026-01-06T22:07:10.853+0800][18.496s][info][gc,heap     ] GC(80) O: Old Generation Statistics:
[2026-01-06T22:07:10.853+0800][18.496s][info][gc,heap     ] GC(80) O:                Mark Start          Mark End        Relocate Start      Relocate End    
[2026-01-06T22:07:10.853+0800][18.496s][info][gc,heap     ] GC(80) O:      Used:        2M (0%)            2M (0%)            2M (0%)            2M (0%)     
[2026-01-06T22:07:10.853+0800][18.496s][info][gc,heap     ] GC(80) O:      Live:         -                 0M (0%)            0M (0%)            0M (0%)     
[2026-01-06T22:07:10.853+0800][18.496s][info][gc,heap     ] GC(80) O:   Garbage:         -                 1M (0%)            1M (0%)            1M (0%)     
[2026-01-06T22:07:10.853+0800][18.496s][info][gc,heap     ] GC(80) O: Allocated:         -                 0M (0%)            0M (0%)            0M (0%)     
[2026-01-06T22:07:10.853+0800][18.496s][info][gc,heap     ] GC(80) O: Reclaimed:         -                  -                 0M (0%)            0M (0%)     
[2026-01-06T22:07:10.853+0800][18.496s][info][gc,heap     ] GC(80) O: Compacted:         -                  -                  -                 0M (0%)     
[2026-01-06T22:07:10.853+0800][18.496s][info][gc,phases   ] GC(80) O: Old Generation 14M(0%)->28M(1%) 0.001s
[2026-01-06T22:07:10.853+0800][18.496s][info][gc          ] GC(80) Major Collection (Proactive) 1474M(36%)->30M(1%) 0.002s
[2026-01-06T22:07:10.925+0800][18.569s][info][gc          ] GC(81) Major Collection (Proactive)
[2026-01-06T22:07:10.925+0800][18.569s][info][gc,task     ] GC(81) Using 1 Workers for Young Generation
[2026-01-06T22:07:10.925+0800][18.569s][info][gc,task     ] GC(81) Using 1 Workers for Old Generation
[2026-01-06T22:07:10.925+0800][18.569s][info][gc,phases   ] GC(81) Y: Young Generation
[2026-01-06T22:07:10.925+0800][18.569s][info][gc,phases   ] GC(81) Y: Pause Mark Start (Major) 0.005ms
[2026-01-06T22:07:10.926+0800][18.569s][info][gc,phases   ] GC(81) Y: Concurrent Mark 0.168ms
[2026-01-06T22:07:10.926+0800][18.569s][info][gc,phases   ] GC(81) Y: Pause Mark End 0.003ms
[2026-01-06T22:07:10.926+0800][18.569s][info][gc,phases   ] GC(81) Y: Concurrent Mark Free 0.000ms
[2026-01-06T22:07:10.926+0800][18.569s][info][gc,phases   ] GC(81) Y: Concurrent Reset Relocation Set 0.000ms
[2026-01-06T22:07:10.926+0800][18.570s][info][gc,reloc    ] GC(81) Y: Using tenuring threshold: 1 (Computed)
[2026-01-06T22:07:10.926+0800][18.570s][info][gc,phases   ] GC(81) Y: Concurrent Select Relocation Set 0.345ms
[2026-01-06T22:07:10.926+0800][18.570s][info][gc,phases   ] GC(81) Y: Pause Relocate Start 0.001ms
[2026-01-06T22:07:10.926+0800][18.570s][info][gc,phases   ] GC(81) Y: Concurrent Relocate 0.012ms
[2026-01-06T22:07:10.926+0800][18.570s][info][gc,alloc    ] GC(81) Y:                         Mark Start        Mark End      Relocate Start    Relocate End   
[2026-01-06T22:07:10.926+0800][18.570s][info][gc,alloc    ] GC(81) Y: Allocation Stalls:          0                0                0                0         
[2026-01-06T22:07:10.926+0800][18.570s][info][gc,load     ] GC(81) Y: Load: 1.49 (15%) / 1.70 (17%) / 1.98 (20%)
[2026-01-06T22:07:10.926+0800][18.570s][info][gc,mmu      ] GC(81) Y: MMU: 2ms/97.4%, 5ms/98.6%, 10ms/99.3%, 20ms/99.5%, 50ms/99.8%, 100ms/99.9%
[2026-01-06T22:07:10.926+0800][18.570s][info][gc,marking  ] GC(81) Y: Mark: 1 stripe(s), 2 proactive flush(es), 1 terminate flush(es), 0 completion(s), 0 continuation(s) 
[2026-01-06T22:07:10.926+0800][18.570s][info][gc,nmethod  ] GC(81) Y: NMethods: 120 registered, 37 unregistered
[2026-01-06T22:07:10.926+0800][18.570s][info][gc,metaspace] GC(81) Y: Metaspace: 0M used, 0M committed, 1088M reserved
[2026-01-06T22:07:10.926+0800][18.570s][info][gc,reloc    ] GC(81) Y:                        Candidates     Selected     In-Place         Size        Empty    Relocated 
[2026-01-06T22:07:10.926+0800][18.570s][info][gc,reloc    ] GC(81) Y: Small Pages:                  706            0            0        1412M        1410M           0M 
[2026-01-06T22:07:10.926+0800][18.570s][info][gc,reloc    ] GC(81) Y: Medium Pages:                   0            0            0           0M           0M           0M 
[2026-01-06T22:07:10.926+0800][18.570s][info][gc,reloc    ] GC(81) Y: Large Pages:                    0            0            0           0M           0M           0M 
[2026-01-06T22:07:10.926+0800][18.570s][info][gc,reloc    ] GC(81) Y: Forwarding Usage: 0M
[2026-01-06T22:07:10.926+0800][18.570s][info][gc,reloc    ] GC(81) Y: Age Table:
[2026-01-06T22:07:10.926+0800][18.570s][info][gc,reloc    ] GC(81) Y:                    Live             Garbage             Small              Medium             Large        
[2026-01-06T22:07:10.926+0800][18.570s][info][gc,reloc    ] GC(81) Y: Eden               0M (0%)         1409M (34%)        705 / 0              0 / 0              0 / 0        
[2026-01-06T22:07:10.926+0800][18.570s][info][gc,reloc    ] GC(81) Y: Survivor 1          -                 2M (0%)           1 / 0              0 / 0              0 / 0        
[2026-01-06T22:07:10.926+0800][18.570s][info][gc,heap     ] GC(81) Y: Min Capacity: 8M(0%)
[2026-01-06T22:07:10.926+0800][18.570s][info][gc,heap     ] GC(81) Y: Max Capacity: 4096M(100%)
[2026-01-06T22:07:10.926+0800][18.570s][info][gc,heap     ] GC(81) Y: Soft Max Capacity: 3686M(90%)
[2026-01-06T22:07:10.926+0800][18.570s][info][gc,heap     ] GC(81) Y: Heap Statistics:
[2026-01-06T22:07:10.926+0800][18.570s][info][gc,heap     ] GC(81) Y:                Mark Start          Mark End        Relocate Start      Relocate End           High               Low         
[2026-01-06T22:07:10.926+0800][18.570s][info][gc,heap     ] GC(81) Y:  Capacity:     3498M (85%)        3498M (85%)        3498M (85%)        3498M (85%)        3498M (85%)        3498M (85%)    
[2026-01-06T22:07:10.926+0800][18.570s][info][gc,heap     ] GC(81) Y:      Free:     2682M (65%)        2678M (65%)        4086M (100%)       4086M (100%)       4086M (100%)       2678M (65%)    
[2026-01-06T22:07:10.926+0800][18.570s][info][gc,heap     ] GC(81) Y:      Used:     1414M (35%)        1418M (35%)          10M (0%)           10M (0%)         1418M (35%)          10M (0%)     
[2026-01-06T22:07:10.926+0800][18.570s][info][gc,heap     ] GC(81) Y: Young Generation Statistics:
[2026-01-06T22:07:10.926+0800][18.570s][info][gc,heap     ] GC(81) Y:                Mark Start          Mark End        Relocate Start      Relocate End    
[2026-01-06T22:07:10.926+0800][18.570s][info][gc,heap     ] GC(81) Y:      Used:     1412M (34%)        1416M (35%)           8M (0%)            8M (0%)     
[2026-01-06T22:07:10.926+0800][18.570s][info][gc,heap     ] GC(81) Y:      Live:         -                 0M (0%)            0M (0%)            0M (0%)     
[2026-01-06T22:07:10.926+0800][18.570s][info][gc,heap     ] GC(81) Y:   Garbage:         -              1411M (34%)           1M (0%)            1M (0%)     
[2026-01-06T22:07:10.926+0800][18.570s][info][gc,heap     ] GC(81) Y: Allocated:         -                 4M (0%)            6M (0%)            6M (0%)     
[2026-01-06T22:07:10.926+0800][18.570s][info][gc,heap     ] GC(81) Y: Reclaimed:         -                  -              1410M (34%)        1410M (34%)    
[2026-01-06T22:07:10.926+0800][18.570s][info][gc,heap     ] GC(81) Y:  Promoted:         -                  -                 0M (0%)            0M (0%)     
[2026-01-06T22:07:10.926+0800][18.570s][info][gc,heap     ] GC(81) Y: Compacted:         -                  -                  -                 0M (0%)     
[2026-01-06T22:07:10.926+0800][18.570s][info][gc,phases   ] GC(81) Y: Young Generation 1414M(35%)->10M(0%) 0.001s
[2026-01-06T22:07:10.926+0800][18.570s][info][gc,phases   ] GC(81) O: Old Generation
[2026-01-06T22:07:10.927+0800][18.571s][info][gc,phases   ] GC(81) O: Concurrent Mark 0.585ms
[2026-01-06T22:07:10.927+0800][18.571s][info][gc,phases   ] GC(81) O: Pause Mark End 0.002ms
[2026-01-06T22:07:10.927+0800][18.571s][info][gc,phases   ] GC(81) O: Concurrent Mark Free 0.000ms
[2026-01-06T22:07:10.927+0800][18.571s][info][gc,phases   ] GC(81) O: Concurrent Process Non-Strong 0.116ms
[2026-01-06T22:07:10.927+0800][18.571s][info][gc,phases   ] GC(81) O: Concurrent Reset Relocation Set 0.000ms
[2026-01-06T22:07:10.927+0800][18.571s][info][gc,phases   ] GC(81) O: Concurrent Select Relocation Set 0.020ms
[2026-01-06T22:07:10.927+0800][18.571s][info][gc,task     ] GC(81) O: Using 2 Workers for Old Generation
[2026-01-06T22:07:10.927+0800][18.571s][info][gc,task     ] GC(81) O: Using 1 Workers for Old Generation
[2026-01-06T22:07:10.927+0800][18.571s][info][gc,phases   ] GC(81) O: Concurrent Remap Roots 0.045ms
[2026-01-06T22:07:10.927+0800][18.571s][info][gc,phases   ] GC(81) O: Pause Relocate Start 0.001ms
[2026-01-06T22:07:10.927+0800][18.571s][info][gc,phases   ] GC(81) O: Concurrent Relocate 0.005ms
[2026-01-06T22:07:10.927+0800][18.571s][info][gc,alloc    ] GC(81) O:                         Mark Start        Mark End      Relocate Start    Relocate End   
[2026-01-06T22:07:10.927+0800][18.571s][info][gc,alloc    ] GC(81) O: Allocation Stalls:          0                0                0                0         
[2026-01-06T22:07:10.927+0800][18.571s][info][gc,load     ] GC(81) O: Load: 1.49 (15%) / 1.70 (17%) / 1.98 (20%)
[2026-01-06T22:07:10.927+0800][18.571s][info][gc,mmu      ] GC(81) O: MMU: 2ms/97.4%, 5ms/98.6%, 10ms/99.3%, 20ms/99.5%, 50ms/99.8%, 100ms/99.9%
[2026-01-06T22:07:10.927+0800][18.571s][info][gc,marking  ] GC(81) O: Mark: 1 stripe(s), 2 proactive flush(es), 1 terminate flush(es), 0 completion(s), 0 continuation(s) 
[2026-01-06T22:07:10.927+0800][18.571s][info][gc,nmethod  ] GC(81) O: NMethods: 120 registered, 37 unregistered
[2026-01-06T22:07:10.927+0800][18.571s][info][gc,metaspace] GC(81) O: Metaspace: 0M used, 0M committed, 1088M reserved
[2026-01-06T22:07:10.927+0800][18.571s][info][gc,ref      ] GC(81) O:                       Encountered   Discovered     Enqueued 
[2026-01-06T22:07:10.927+0800][18.571s][info][gc,ref      ] GC(81) O: Soft References:                1            0            0 
[2026-01-06T22:07:10.927+0800][18.571s][info][gc,ref      ] GC(81) O: Weak References:                6            0            0 
[2026-01-06T22:07:10.927+0800][18.571s][info][gc,ref      ] GC(81) O: Final References:               0            0            0 
[2026-01-06T22:07:10.927+0800][18.571s][info][gc,ref      ] GC(81) O: Phantom References:             1            1            0 
[2026-01-06T22:07:10.927+0800][18.571s][info][gc,reloc    ] GC(81) O:                        Candidates     Selected     In-Place         Size        Empty    Relocated 
[2026-01-06T22:07:10.927+0800][18.571s][info][gc,reloc    ] GC(81) O: Small Pages:                    1            0            0           2M           0M           0M 
[2026-01-06T22:07:10.927+0800][18.571s][info][gc,reloc    ] GC(81) O: Medium Pages:                   0            0            0           0M           0M           0M 
[2026-01-06T22:07:10.927+0800][18.571s][info][gc,reloc    ] GC(81) O: Large Pages:                    0            0            0           0M           0M           0M 
[2026-01-06T22:07:10.927+0800][18.571s][info][gc,reloc    ] GC(81) O: Forwarding Usage: 0M
[2026-01-06T22:07:10.927+0800][18.571s][info][gc,heap     ] GC(81) O: Min Capacity: 8M(0%)
[2026-01-06T22:07:10.927+0800][18.571s][info][gc,heap     ] GC(81) O: Max Capacity: 4096M(100%)
[2026-01-06T22:07:10.927+0800][18.571s][info][gc,heap     ] GC(81) O: Soft Max Capacity: 3686M(90%)
[2026-01-06T22:07:10.927+0800][18.571s][info][gc,heap     ] GC(81) O: Heap Statistics:
[2026-01-06T22:07:10.927+0800][18.571s][info][gc,heap     ] GC(81) O:                Mark Start          Mark End        Relocate Start      Relocate End           High               Low         
[2026-01-06T22:07:10.927+0800][18.571s][info][gc,heap     ] GC(81) O:  Capacity:     3498M (85%)        3498M (85%)        3498M (85%)        3498M (85%)        3498M (85%)        3498M (85%)    
[2026-01-06T22:07:10.927+0800][18.571s][info][gc,heap     ] GC(81) O:      Free:     2682M (65%)        4074M (99%)        4070M (99%)        4070M (99%)        4086M (100%)       2678M (65%)    
[2026-01-06T22:07:10.927+0800][18.571s][info][gc,heap     ] GC(81) O:      Used:     1414M (35%)          22M (1%)           26M (1%)           26M (1%)         1418M (35%)          10M (0%)     
[2026-01-06T22:07:10.927+0800][18.571s][info][gc,heap     ] GC(81) O: Old Generation Statistics:
[2026-01-06T22:07:10.927+0800][18.571s][info][gc,heap     ] GC(81) O:                Mark Start          Mark End        Relocate Start      Relocate End    
[2026-01-06T22:07:10.927+0800][18.571s][info][gc,heap     ] GC(81) O:      Used:        2M (0%)            2M (0%)            2M (0%)            2M (0%)     
[2026-01-06T22:07:10.927+0800][18.571s][info][gc,heap     ] GC(81) O:      Live:         -                 0M (0%)            0M (0%)            0M (0%)     
[2026-01-06T22:07:10.927+0800][18.571s][info][gc,heap     ] GC(81) O:   Garbage:         -                 1M (0%)            1M (0%)            1M (0%)     
[2026-01-06T22:07:10.927+0800][18.571s][info][gc,heap     ] GC(81) O: Allocated:         -                 0M (0%)            0M (0%)            0M (0%)     
[2026-01-06T22:07:10.927+0800][18.571s][info][gc,heap     ] GC(81) O: Reclaimed:         -                  -                 0M (0%)            0M (0%)     
[2026-01-06T22:07:10.927+0800][18.571s][info][gc,heap     ] GC(81) O: Compacted:         -                  -                  -                 0M (0%)     
[2026-01-06T22:07:10.927+0800][18.571s][info][gc,phases   ] GC(81) O: Old Generation 12M(0%)->26M(1%) 0.001s
[2026-01-06T22:07:10.927+0800][18.571s][info][gc          ] GC(81) Major Collection (Proactive) 1414M(35%)->28M(1%) 0.002s
[2026-01-06T22:07:11.034+0800][18.677s][info][gc          ] GC(82) Major Collection (Proactive)
[2026-01-06T22:07:11.034+0800][18.678s][info][gc,task     ] GC(82) Using 1 Workers for Young Generation
[2026-01-06T22:07:11.034+0800][18.678s][info][gc,task     ] GC(82) Using 1 Workers for Old Generation
[2026-01-06T22:07:11.034+0800][18.678s][info][gc,phases   ] GC(82) Y: Young Generation
[2026-01-06T22:07:11.034+0800][18.678s][info][gc,phases   ] GC(82) Y: Pause Mark Start (Major) 0.004ms
[2026-01-06T22:07:11.034+0800][18.678s][info][gc,phases   ] GC(82) Y: Concurrent Mark 0.131ms
[2026-01-06T22:07:11.034+0800][18.678s][info][gc,phases   ] GC(82) Y: Pause Mark End 0.003ms
[2026-01-06T22:07:11.034+0800][18.678s][info][gc,phases   ] GC(82) Y: Concurrent Mark Free 0.000ms
[2026-01-06T22:07:11.034+0800][18.678s][info][gc,phases   ] GC(82) Y: Concurrent Reset Relocation Set 0.000ms
[2026-01-06T22:07:11.034+0800][18.678s][info][gc,reloc    ] GC(82) Y: Using tenuring threshold: 1 (Computed)
[2026-01-06T22:07:11.034+0800][18.678s][info][gc,phases   ] GC(82) Y: Concurrent Select Relocation Set 0.246ms
[2026-01-06T22:07:11.034+0800][18.678s][info][gc,phases   ] GC(82) Y: Pause Relocate Start 0.001ms
[2026-01-06T22:07:11.034+0800][18.678s][info][gc,phases   ] GC(82) Y: Concurrent Relocate 0.013ms
[2026-01-06T22:07:11.034+0800][18.678s][info][gc,alloc    ] GC(82) Y:                         Mark Start        Mark End      Relocate Start    Relocate End   
[2026-01-06T22:07:11.034+0800][18.678s][info][gc,alloc    ] GC(82) Y: Allocation Stalls:          0                0                0                0         
[2026-01-06T22:07:11.034+0800][18.678s][info][gc,load     ] GC(82) Y: Load: 1.49 (15%) / 1.70 (17%) / 1.98 (20%)
[2026-01-06T22:07:11.034+0800][18.678s][info][gc,mmu      ] GC(82) Y: MMU: 2ms/97.4%, 5ms/98.6%, 10ms/99.3%, 20ms/99.5%, 50ms/99.8%, 100ms/99.9%
[2026-01-06T22:07:11.034+0800][18.678s][info][gc,marking  ] GC(82) Y: Mark: 1 stripe(s), 2 proactive flush(es), 1 terminate flush(es), 0 completion(s), 0 continuation(s) 
[2026-01-06T22:07:11.034+0800][18.678s][info][gc,nmethod  ] GC(82) Y: NMethods: 120 registered, 37 unregistered
[2026-01-06T22:07:11.034+0800][18.678s][info][gc,metaspace] GC(82) Y: Metaspace: 0M used, 0M committed, 1088M reserved
[2026-01-06T22:07:11.034+0800][18.678s][info][gc,reloc    ] GC(82) Y:                        Candidates     Selected     In-Place         Size        Empty    Relocated 
[2026-01-06T22:07:11.034+0800][18.678s][info][gc,reloc    ] GC(82) Y: Small Pages:                  916            0            0        1832M        1830M           0M 
[2026-01-06T22:07:11.034+0800][18.678s][info][gc,reloc    ] GC(82) Y: Medium Pages:                   0            0            0           0M           0M           0M 
[2026-01-06T22:07:11.035+0800][18.678s][info][gc,reloc    ] GC(82) Y: Large Pages:                    0            0            0           0M           0M           0M 
[2026-01-06T22:07:11.035+0800][18.678s][info][gc,reloc    ] GC(82) Y: Forwarding Usage: 0M
[2026-01-06T22:07:11.035+0800][18.678s][info][gc,reloc    ] GC(82) Y: Age Table:
[2026-01-06T22:07:11.035+0800][18.678s][info][gc,reloc    ] GC(82) Y:                    Live             Garbage             Small              Medium             Large        
[2026-01-06T22:07:11.035+0800][18.678s][info][gc,reloc    ] GC(82) Y: Eden               0M (0%)         1829M (45%)        915 / 0              0 / 0              0 / 0        
[2026-01-06T22:07:11.035+0800][18.678s][info][gc,reloc    ] GC(82) Y: Survivor 1          -                 2M (0%)           1 / 0              0 / 0              0 / 0        
[2026-01-06T22:07:11.035+0800][18.678s][info][gc,heap     ] GC(82) Y: Min Capacity: 8M(0%)
[2026-01-06T22:07:11.035+0800][18.678s][info][gc,heap     ] GC(82) Y: Max Capacity: 4096M(100%)
[2026-01-06T22:07:11.035+0800][18.678s][info][gc,heap     ] GC(82) Y: Soft Max Capacity: 3686M(90%)
[2026-01-06T22:07:11.035+0800][18.678s][info][gc,heap     ] GC(82) Y: Heap Statistics:
[2026-01-06T22:07:11.035+0800][18.678s][info][gc,heap     ] GC(82) Y:                Mark Start          Mark End        Relocate Start      Relocate End           High               Low         
[2026-01-06T22:07:11.035+0800][18.678s][info][gc,heap     ] GC(82) Y:  Capacity:     3498M (85%)        3498M (85%)        3498M (85%)        3498M (85%)        3498M (85%)        3498M (85%)    
[2026-01-06T22:07:11.035+0800][18.678s][info][gc,heap     ] GC(82) Y:      Free:     2262M (55%)        2260M (55%)        4088M (100%)       4088M (100%)       4090M (100%)       2260M (55%)    
[2026-01-06T22:07:11.035+0800][18.678s][info][gc,heap     ] GC(82) Y:      Used:     1834M (45%)        1836M (45%)           8M (0%)            8M (0%)         1836M (45%)           6M (0%)     
[2026-01-06T22:07:11.035+0800][18.678s][info][gc,heap     ] GC(82) Y: Young Generation Statistics:
[2026-01-06T22:07:11.035+0800][18.678s][info][gc,heap     ] GC(82) Y:                Mark Start          Mark End        Relocate Start      Relocate End    
[2026-01-06T22:07:11.035+0800][18.678s][info][gc,heap     ] GC(82) Y:      Used:     1832M (45%)        1834M (45%)           6M (0%)            6M (0%)     
[2026-01-06T22:07:11.035+0800][18.678s][info][gc,heap     ] GC(82) Y:      Live:         -                 0M (0%)            0M (0%)            0M (0%)     
[2026-01-06T22:07:11.035+0800][18.678s][info][gc,heap     ] GC(82) Y:   Garbage:         -              1831M (45%)           1M (0%)            1M (0%)     
[2026-01-06T22:07:11.035+0800][18.678s][info][gc,heap     ] GC(82) Y: Allocated:         -                 2M (0%)            4M (0%)            4M (0%)     
[2026-01-06T22:07:11.035+0800][18.678s][info][gc,heap     ] GC(82) Y: Reclaimed:         -                  -              1830M (45%)        1830M (45%)    
[2026-01-06T22:07:11.035+0800][18.678s][info][gc,heap     ] GC(82) Y:  Promoted:         -                  -                 0M (0%)            0M (0%)     
[2026-01-06T22:07:11.035+0800][18.678s][info][gc,heap     ] GC(82) Y: Compacted:         -                  -                  -                 0M (0%)     
[2026-01-06T22:07:11.035+0800][18.678s][info][gc,phases   ] GC(82) Y: Young Generation 1834M(45%)->8M(0%) 0.001s
[2026-01-06T22:07:11.035+0800][18.678s][info][gc,phases   ] GC(82) O: Old Generation
[2026-01-06T22:07:11.035+0800][18.679s][info][gc,phases   ] GC(82) O: Concurrent Mark 0.588ms
[2026-01-06T22:07:11.035+0800][18.679s][info][gc,phases   ] GC(82) O: Pause Mark End 0.002ms
[2026-01-06T22:07:11.035+0800][18.679s][info][gc,phases   ] GC(82) O: Concurrent Mark Free 0.001ms
[2026-01-06T22:07:11.035+0800][18.679s][info][gc,phases   ] GC(82) O: Concurrent Process Non-Strong 0.120ms
[2026-01-06T22:07:11.035+0800][18.679s][info][gc,phases   ] GC(82) O: Concurrent Reset Relocation Set 0.000ms
[2026-01-06T22:07:11.035+0800][18.679s][info][gc,phases   ] GC(82) O: Concurrent Select Relocation Set 0.017ms
[2026-01-06T22:07:11.035+0800][18.679s][info][gc,task     ] GC(82) O: Using 2 Workers for Old Generation
[2026-01-06T22:07:11.035+0800][18.679s][info][gc,task     ] GC(82) O: Using 1 Workers for Old Generation
[2026-01-06T22:07:11.035+0800][18.679s][info][gc,phases   ] GC(82) O: Concurrent Remap Roots 0.050ms
[2026-01-06T22:07:11.035+0800][18.679s][info][gc,phases   ] GC(82) O: Pause Relocate Start 0.001ms
[2026-01-06T22:07:11.035+0800][18.679s][info][gc,phases   ] GC(82) O: Concurrent Relocate 0.008ms
[2026-01-06T22:07:11.035+0800][18.679s][info][gc,alloc    ] GC(82) O:                         Mark Start        Mark End      Relocate Start    Relocate End   
[2026-01-06T22:07:11.035+0800][18.679s][info][gc,alloc    ] GC(82) O: Allocation Stalls:          0                0                0                0         
[2026-01-06T22:07:11.035+0800][18.679s][info][gc,load     ] GC(82) O: Load: 1.49 (15%) / 1.70 (17%) / 1.98 (20%)
[2026-01-06T22:07:11.035+0800][18.679s][info][gc,mmu      ] GC(82) O: MMU: 2ms/97.4%, 5ms/98.6%, 10ms/99.3%, 20ms/99.5%, 50ms/99.8%, 100ms/99.9%
[2026-01-06T22:07:11.035+0800][18.679s][info][gc,marking  ] GC(82) O: Mark: 1 stripe(s), 2 proactive flush(es), 1 terminate flush(es), 0 completion(s), 0 continuation(s) 
[2026-01-06T22:07:11.035+0800][18.679s][info][gc,nmethod  ] GC(82) O: NMethods: 120 registered, 37 unregistered
[2026-01-06T22:07:11.035+0800][18.679s][info][gc,metaspace] GC(82) O: Metaspace: 0M used, 0M committed, 1088M reserved
[2026-01-06T22:07:11.035+0800][18.679s][info][gc,ref      ] GC(82) O:                       Encountered   Discovered     Enqueued 
[2026-01-06T22:07:11.035+0800][18.679s][info][gc,ref      ] GC(82) O: Soft References:                1            0            0 
[2026-01-06T22:07:11.035+0800][18.679s][info][gc,ref      ] GC(82) O: Weak References:                6            0            0 
[2026-01-06T22:07:11.036+0800][18.679s][info][gc,ref      ] GC(82) O: Final References:               0            0            0 
[2026-01-06T22:07:11.036+0800][18.679s][info][gc,ref      ] GC(82) O: Phantom References:             1            1            0 
[2026-01-06T22:07:11.036+0800][18.679s][info][gc,reloc    ] GC(82) O:                        Candidates     Selected     In-Place         Size        Empty    Relocated 
[2026-01-06T22:07:11.036+0800][18.679s][info][gc,reloc    ] GC(82) O: Small Pages:                    1            0            0           2M           0M           0M 
[2026-01-06T22:07:11.036+0800][18.679s][info][gc,reloc    ] GC(82) O: Medium Pages:                   0            0            0           0M           0M           0M 
[2026-01-06T22:07:11.036+0800][18.679s][info][gc,reloc    ] GC(82) O: Large Pages:                    0            0            0           0M           0M           0M 
[2026-01-06T22:07:11.036+0800][18.679s][info][gc,reloc    ] GC(82) O: Forwarding Usage: 0M
[2026-01-06T22:07:11.036+0800][18.679s][info][gc,heap     ] GC(82) O: Min Capacity: 8M(0%)
[2026-01-06T22:07:11.036+0800][18.679s][info][gc,heap     ] GC(82) O: Max Capacity: 4096M(100%)
[2026-01-06T22:07:11.036+0800][18.679s][info][gc,heap     ] GC(82) O: Soft Max Capacity: 3686M(90%)
[2026-01-06T22:07:11.036+0800][18.679s][info][gc,heap     ] GC(82) O: Heap Statistics:
[2026-01-06T22:07:11.036+0800][18.679s][info][gc,heap     ] GC(82) O:                Mark Start          Mark End        Relocate Start      Relocate End           High               Low         
[2026-01-06T22:07:11.036+0800][18.679s][info][gc,heap     ] GC(82) O:  Capacity:     3498M (85%)        3498M (85%)        3498M (85%)        3498M (85%)        3498M (85%)        3498M (85%)    
[2026-01-06T22:07:11.036+0800][18.679s][info][gc,heap     ] GC(82) O:      Free:     2262M (55%)        4082M (100%)       4080M (100%)       4080M (100%)       4090M (100%)       2260M (55%)    
[2026-01-06T22:07:11.036+0800][18.679s][info][gc,heap     ] GC(82) O:      Used:     1834M (45%)          14M (0%)           16M (0%)           16M (0%)         1836M (45%)           6M (0%)     
[2026-01-06T22:07:11.036+0800][18.679s][info][gc,heap     ] GC(82) O: Old Generation Statistics:
[2026-01-06T22:07:11.036+0800][18.679s][info][gc,heap     ] GC(82) O:                Mark Start          Mark End        Relocate Start      Relocate End    
[2026-01-06T22:07:11.036+0800][18.679s][info][gc,heap     ] GC(82) O:      Used:        2M (0%)            2M (0%)            2M (0%)            2M (0%)     
[2026-01-06T22:07:11.036+0800][18.679s][info][gc,heap     ] GC(82) O:      Live:         -                 0M (0%)            0M (0%)            0M (0%)     
[2026-01-06T22:07:11.036+0800][18.679s][info][gc,heap     ] GC(82) O:   Garbage:         -                 1M (0%)            1M (0%)            1M (0%)     
[2026-01-06T22:07:11.036+0800][18.679s][info][gc,heap     ] GC(82) O: Allocated:         -                 0M (0%)            0M (0%)            0M (0%)     
[2026-01-06T22:07:11.036+0800][18.679s][info][gc,heap     ] GC(82) O: Reclaimed:         -                  -                 0M (0%)            0M (0%)     
[2026-01-06T22:07:11.036+0800][18.679s][info][gc,heap     ] GC(82) O: Compacted:         -                  -                  -                 0M (0%)     
[2026-01-06T22:07:11.036+0800][18.679s][info][gc,phases   ] GC(82) O: Old Generation 8M(0%)->16M(0%) 0.001s
[2026-01-06T22:07:11.036+0800][18.679s][info][gc          ] GC(82) Major Collection (Proactive) 1834M(45%)->18M(0%) 0.002s
[2026-01-06T22:07:11.124+0800][18.768s][info][gc          ] GC(83) Major Collection (Proactive)
[2026-01-06T22:07:11.124+0800][18.768s][info][gc,task     ] GC(83) Using 1 Workers for Young Generation
[2026-01-06T22:07:11.124+0800][18.768s][info][gc,task     ] GC(83) Using 1 Workers for Old Generation
[2026-01-06T22:07:11.124+0800][18.768s][info][gc,phases   ] GC(83) Y: Young Generation
[2026-01-06T22:07:11.124+0800][18.768s][info][gc,phases   ] GC(83) Y: Pause Mark Start (Major) 0.004ms
[2026-01-06T22:07:11.124+0800][18.768s][info][gc,phases   ] GC(83) Y: Concurrent Mark 0.160ms
[2026-01-06T22:07:11.124+0800][18.768s][info][gc,phases   ] GC(83) Y: Pause Mark End 0.003ms
[2026-01-06T22:07:11.124+0800][18.768s][info][gc,phases   ] GC(83) Y: Concurrent Mark Free 0.001ms
[2026-01-06T22:07:11.124+0800][18.768s][info][gc,phases   ] GC(83) Y: Concurrent Reset Relocation Set 0.000ms
[2026-01-06T22:07:11.124+0800][18.768s][info][gc,reloc    ] GC(83) Y: Using tenuring threshold: 1 (Computed)
[2026-01-06T22:07:11.124+0800][18.768s][info][gc,phases   ] GC(83) Y: Concurrent Select Relocation Set 0.191ms
[2026-01-06T22:07:11.124+0800][18.768s][info][gc,phases   ] GC(83) Y: Pause Relocate Start 0.001ms
[2026-01-06T22:07:11.124+0800][18.768s][info][gc,phases   ] GC(83) Y: Concurrent Relocate 0.011ms
[2026-01-06T22:07:11.124+0800][18.768s][info][gc,alloc    ] GC(83) Y:                         Mark Start        Mark End      Relocate Start    Relocate End   
[2026-01-06T22:07:11.124+0800][18.768s][info][gc,alloc    ] GC(83) Y: Allocation Stalls:          0                0                0                0         
[2026-01-06T22:07:11.124+0800][18.768s][info][gc,load     ] GC(83) Y: Load: 1.49 (15%) / 1.70 (17%) / 1.98 (20%)
[2026-01-06T22:07:11.124+0800][18.768s][info][gc,mmu      ] GC(83) Y: MMU: 2ms/97.4%, 5ms/98.6%, 10ms/99.3%, 20ms/99.5%, 50ms/99.8%, 100ms/99.9%
[2026-01-06T22:07:11.124+0800][18.768s][info][gc,marking  ] GC(83) Y: Mark: 1 stripe(s), 2 proactive flush(es), 1 terminate flush(es), 0 completion(s), 0 continuation(s) 
[2026-01-06T22:07:11.124+0800][18.768s][info][gc,nmethod  ] GC(83) Y: NMethods: 120 registered, 37 unregistered
[2026-01-06T22:07:11.124+0800][18.768s][info][gc,metaspace] GC(83) Y: Metaspace: 0M used, 0M committed, 1088M reserved
[2026-01-06T22:07:11.124+0800][18.768s][info][gc,reloc    ] GC(83) Y:                        Candidates     Selected     In-Place         Size        Empty    Relocated 
[2026-01-06T22:07:11.124+0800][18.768s][info][gc,reloc    ] GC(83) Y: Small Pages:                  856            0            0        1712M        1710M           0M 
[2026-01-06T22:07:11.124+0800][18.768s][info][gc,reloc    ] GC(83) Y: Medium Pages:                   0            0            0           0M           0M           0M 
[2026-01-06T22:07:11.124+0800][18.768s][info][gc,reloc    ] GC(83) Y: Large Pages:                    0            0            0           0M           0M           0M 
[2026-01-06T22:07:11.124+0800][18.768s][info][gc,reloc    ] GC(83) Y: Forwarding Usage: 0M
[2026-01-06T22:07:11.124+0800][18.768s][info][gc,reloc    ] GC(83) Y: Age Table:
[2026-01-06T22:07:11.124+0800][18.768s][info][gc,reloc    ] GC(83) Y:                    Live             Garbage             Small              Medium             Large        
[2026-01-06T22:07:11.124+0800][18.768s][info][gc,reloc    ] GC(83) Y: Eden               0M (0%)         1709M (42%)        855 / 0              0 / 0              0 / 0        
[2026-01-06T22:07:11.124+0800][18.768s][info][gc,reloc    ] GC(83) Y: Survivor 1          -                 2M (0%)           1 / 0              0 / 0              0 / 0        
[2026-01-06T22:07:11.124+0800][18.768s][info][gc,heap     ] GC(83) Y: Min Capacity: 8M(0%)
[2026-01-06T22:07:11.124+0800][18.768s][info][gc,heap     ] GC(83) Y: Max Capacity: 4096M(100%)
[2026-01-06T22:07:11.124+0800][18.768s][info][gc,heap     ] GC(83) Y: Soft Max Capacity: 3686M(90%)
[2026-01-06T22:07:11.124+0800][18.768s][info][gc,heap     ] GC(83) Y: Heap Statistics:
[2026-01-06T22:07:11.124+0800][18.768s][info][gc,heap     ] GC(83) Y:                Mark Start          Mark End        Relocate Start      Relocate End           High               Low         
[2026-01-06T22:07:11.124+0800][18.768s][info][gc,heap     ] GC(83) Y:  Capacity:     3498M (85%)        3498M (85%)        3498M (85%)        3498M (85%)        3498M (85%)        3498M (85%)    
[2026-01-06T22:07:11.124+0800][18.768s][info][gc,heap     ] GC(83) Y:      Free:     2382M (58%)        2378M (58%)        4086M (100%)       4086M (100%)       4086M (100%)       2378M (58%)    
[2026-01-06T22:07:11.125+0800][18.768s][info][gc,heap     ] GC(83) Y:      Used:     1714M (42%)        1718M (42%)          10M (0%)           10M (0%)         1718M (42%)          10M (0%)     
[2026-01-06T22:07:11.125+0800][18.768s][info][gc,heap     ] GC(83) Y: Young Generation Statistics:
[2026-01-06T22:07:11.125+0800][18.768s][info][gc,heap     ] GC(83) Y:                Mark Start          Mark End        Relocate Start      Relocate End    
[2026-01-06T22:07:11.125+0800][18.768s][info][gc,heap     ] GC(83) Y:      Used:     1712M (42%)        1716M (42%)           8M (0%)            8M (0%)     
[2026-01-06T22:07:11.125+0800][18.768s][info][gc,heap     ] GC(83) Y:      Live:         -                 0M (0%)            0M (0%)            0M (0%)     
[2026-01-06T22:07:11.125+0800][18.768s][info][gc,heap     ] GC(83) Y:   Garbage:         -              1711M (42%)           1M (0%)            1M (0%)     
[2026-01-06T22:07:11.125+0800][18.768s][info][gc,heap     ] GC(83) Y: Allocated:         -                 4M (0%)            6M (0%)            6M (0%)     
[2026-01-06T22:07:11.125+0800][18.768s][info][gc,heap     ] GC(83) Y: Reclaimed:         -                  -              1710M (42%)        1710M (42%)    
[2026-01-06T22:07:11.125+0800][18.768s][info][gc,heap     ] GC(83) Y:  Promoted:         -                  -                 0M (0%)            0M (0%)     
[2026-01-06T22:07:11.125+0800][18.768s][info][gc,heap     ] GC(83) Y: Compacted:         -                  -                  -                 0M (0%)     
[2026-01-06T22:07:11.125+0800][18.768s][info][gc,phases   ] GC(83) Y: Young Generation 1714M(42%)->10M(0%) 0.001s
[2026-01-06T22:07:11.125+0800][18.768s][info][gc,phases   ] GC(83) O: Old Generation
[2026-01-06T22:07:11.125+0800][18.769s][info][gc,phases   ] GC(83) O: Concurrent Mark 0.617ms
[2026-01-06T22:07:11.125+0800][18.769s][info][gc,phases   ] GC(83) O: Pause Mark End 0.003ms
[2026-01-06T22:07:11.125+0800][18.769s][info][gc,phases   ] GC(83) O: Concurrent Mark Free 0.000ms
[2026-01-06T22:07:11.125+0800][18.769s][info][gc,phases   ] GC(83) O: Concurrent Process Non-Strong 0.112ms
[2026-01-06T22:07:11.125+0800][18.769s][info][gc,phases   ] GC(83) O: Concurrent Reset Relocation Set 0.000ms
[2026-01-06T22:07:11.125+0800][18.769s][info][gc,phases   ] GC(83) O: Concurrent Select Relocation Set 0.015ms
[2026-01-06T22:07:11.125+0800][18.769s][info][gc,task     ] GC(83) O: Using 2 Workers for Old Generation
[2026-01-06T22:07:11.125+0800][18.769s][info][gc,task     ] GC(83) O: Using 1 Workers for Old Generation
[2026-01-06T22:07:11.125+0800][18.769s][info][gc,phases   ] GC(83) O: Concurrent Remap Roots 0.046ms
[2026-01-06T22:07:11.125+0800][18.769s][info][gc,phases   ] GC(83) O: Pause Relocate Start 0.001ms
[2026-01-06T22:07:11.125+0800][18.769s][info][gc,phases   ] GC(83) O: Concurrent Relocate 0.006ms
[2026-01-06T22:07:11.125+0800][18.769s][info][gc,alloc    ] GC(83) O:                         Mark Start        Mark End      Relocate Start    Relocate End   
[2026-01-06T22:07:11.125+0800][18.769s][info][gc,alloc    ] GC(83) O: Allocation Stalls:          0                0                0                0         
[2026-01-06T22:07:11.125+0800][18.769s][info][gc,load     ] GC(83) O: Load: 1.49 (15%) / 1.70 (17%) / 1.98 (20%)
[2026-01-06T22:07:11.125+0800][18.769s][info][gc,mmu      ] GC(83) O: MMU: 2ms/97.4%, 5ms/98.6%, 10ms/99.3%, 20ms/99.5%, 50ms/99.8%, 100ms/99.9%
[2026-01-06T22:07:11.125+0800][18.769s][info][gc,marking  ] GC(83) O: Mark: 1 stripe(s), 2 proactive flush(es), 1 terminate flush(es), 0 completion(s), 0 continuation(s) 
[2026-01-06T22:07:11.125+0800][18.769s][info][gc,nmethod  ] GC(83) O: NMethods: 120 registered, 37 unregistered
[2026-01-06T22:07:11.125+0800][18.769s][info][gc,metaspace] GC(83) O: Metaspace: 0M used, 0M committed, 1088M reserved
[2026-01-06T22:07:11.125+0800][18.769s][info][gc,ref      ] GC(83) O:                       Encountered   Discovered     Enqueued 
[2026-01-06T22:07:11.125+0800][18.769s][info][gc,ref      ] GC(83) O: Soft References:                1            0            0 
[2026-01-06T22:07:11.125+0800][18.769s][info][gc,ref      ] GC(83) O: Weak References:                6            0            0 
[2026-01-06T22:07:11.125+0800][18.769s][info][gc,ref      ] GC(83) O: Final References:               0            0            0 
[2026-01-06T22:07:11.125+0800][18.769s][info][gc,ref      ] GC(83) O: Phantom References:             1            1            0 
[2026-01-06T22:07:11.125+0800][18.769s][info][gc,reloc    ] GC(83) O:                        Candidates     Selected     In-Place         Size        Empty    Relocated 
[2026-01-06T22:07:11.125+0800][18.769s][info][gc,reloc    ] GC(83) O: Small Pages:                    1            0            0           2M           0M           0M 
[2026-01-06T22:07:11.125+0800][18.769s][info][gc,reloc    ] GC(83) O: Medium Pages:                   0            0            0           0M           0M           0M 
[2026-01-06T22:07:11.125+0800][18.769s][info][gc,reloc    ] GC(83) O: Large Pages:                    0            0            0           0M           0M           0M 
[2026-01-06T22:07:11.125+0800][18.769s][info][gc,reloc    ] GC(83) O: Forwarding Usage: 0M
[2026-01-06T22:07:11.125+0800][18.769s][info][gc,heap     ] GC(83) O: Min Capacity: 8M(0%)
[2026-01-06T22:07:11.125+0800][18.769s][info][gc,heap     ] GC(83) O: Max Capacity: 4096M(100%)
[2026-01-06T22:07:11.125+0800][18.769s][info][gc,heap     ] GC(83) O: Soft Max Capacity: 3686M(90%)
[2026-01-06T22:07:11.125+0800][18.769s][info][gc,heap     ] GC(83) O: Heap Statistics:
[2026-01-06T22:07:11.126+0800][18.769s][info][gc,heap     ] GC(83) O:                Mark Start          Mark End        Relocate Start      Relocate End           High               Low         
[2026-01-06T22:07:11.126+0800][18.769s][info][gc,heap     ] GC(83) O:  Capacity:     3498M (85%)        3498M (85%)        3498M (85%)        3498M (85%)        3498M (85%)        3498M (85%)    
[2026-01-06T22:07:11.126+0800][18.769s][info][gc,heap     ] GC(83) O:      Free:     2382M (58%)        4072M (99%)        4068M (99%)        4068M (99%)        4086M (100%)       2378M (58%)    
[2026-01-06T22:07:11.126+0800][18.769s][info][gc,heap     ] GC(83) O:      Used:     1714M (42%)          24M (1%)           28M (1%)           28M (1%)         1718M (42%)          10M (0%)     
[2026-01-06T22:07:11.126+0800][18.769s][info][gc,heap     ] GC(83) O: Old Generation Statistics:
[2026-01-06T22:07:11.126+0800][18.769s][info][gc,heap     ] GC(83) O:                Mark Start          Mark End        Relocate Start      Relocate End    
[2026-01-06T22:07:11.126+0800][18.769s][info][gc,heap     ] GC(83) O:      Used:        2M (0%)            2M (0%)            2M (0%)            2M (0%)     
[2026-01-06T22:07:11.126+0800][18.769s][info][gc,heap     ] GC(83) O:      Live:         -                 0M (0%)            0M (0%)            0M (0%)     
[2026-01-06T22:07:11.126+0800][18.769s][info][gc,heap     ] GC(83) O:   Garbage:         -                 1M (0%)            1M (0%)            1M (0%)     
[2026-01-06T22:07:11.126+0800][18.769s][info][gc,heap     ] GC(83) O: Allocated:         -                 0M (0%)            0M (0%)            0M (0%)     
[2026-01-06T22:07:11.126+0800][18.769s][info][gc,heap     ] GC(83) O: Reclaimed:         -                  -                 0M (0%)            0M (0%)     
[2026-01-06T22:07:11.126+0800][18.769s][info][gc,heap     ] GC(83) O: Compacted:         -                  -                  -                 0M (0%)     
[2026-01-06T22:07:11.126+0800][18.769s][info][gc,phases   ] GC(83) O: Old Generation 12M(0%)->28M(1%) 0.001s
[2026-01-06T22:07:11.126+0800][18.769s][info][gc          ] GC(83) Major Collection (Proactive) 1714M(42%)->30M(1%) 0.002s
[2026-01-06T22:07:11.210+0800][18.854s][info][gc          ] GC(84) Major Collection (Proactive)
[2026-01-06T22:07:11.210+0800][18.854s][info][gc,task     ] GC(84) Using 1 Workers for Young Generation
[2026-01-06T22:07:11.210+0800][18.854s][info][gc,task     ] GC(84) Using 1 Workers for Old Generation
[2026-01-06T22:07:11.210+0800][18.854s][info][gc,phases   ] GC(84) Y: Young Generation
[2026-01-06T22:07:11.210+0800][18.854s][info][gc,phases   ] GC(84) Y: Pause Mark Start (Major) 0.004ms
[2026-01-06T22:07:11.210+0800][18.854s][info][gc,phases   ] GC(84) Y: Concurrent Mark 0.175ms
[2026-01-06T22:07:11.210+0800][18.854s][info][gc,phases   ] GC(84) Y: Pause Mark End 0.003ms
[2026-01-06T22:07:11.210+0800][18.854s][info][gc,phases   ] GC(84) Y: Concurrent Mark Free 0.000ms
[2026-01-06T22:07:11.210+0800][18.854s][info][gc,phases   ] GC(84) Y: Concurrent Reset Relocation Set 0.000ms
[2026-01-06T22:07:11.210+0800][18.854s][info][gc,reloc    ] GC(84) Y: Using tenuring threshold: 1 (Computed)
[2026-01-06T22:07:11.210+0800][18.854s][info][gc,phases   ] GC(84) Y: Concurrent Select Relocation Set 0.169ms
[2026-01-06T22:07:11.211+0800][18.854s][info][gc,phases   ] GC(84) Y: Pause Relocate Start 0.001ms
[2026-01-06T22:07:11.211+0800][18.854s][info][gc,phases   ] GC(84) Y: Concurrent Relocate 0.011ms
[2026-01-06T22:07:11.211+0800][18.854s][info][gc,alloc    ] GC(84) Y:                         Mark Start        Mark End      Relocate Start    Relocate End   
[2026-01-06T22:07:11.211+0800][18.854s][info][gc,alloc    ] GC(84) Y: Allocation Stalls:          0                0                0                0         
[2026-01-06T22:07:11.211+0800][18.854s][info][gc,load     ] GC(84) Y: Load: 1.49 (15%) / 1.70 (17%) / 1.98 (20%)
[2026-01-06T22:07:11.211+0800][18.854s][info][gc,mmu      ] GC(84) Y: MMU: 2ms/97.4%, 5ms/98.6%, 10ms/99.3%, 20ms/99.5%, 50ms/99.8%, 100ms/99.9%
[2026-01-06T22:07:11.211+0800][18.854s][info][gc,marking  ] GC(84) Y: Mark: 1 stripe(s), 2 proactive flush(es), 1 terminate flush(es), 0 completion(s), 0 continuation(s) 
[2026-01-06T22:07:11.211+0800][18.854s][info][gc,nmethod  ] GC(84) Y: NMethods: 120 registered, 37 unregistered
[2026-01-06T22:07:11.211+0800][18.854s][info][gc,metaspace] GC(84) Y: Metaspace: 0M used, 0M committed, 1088M reserved
[2026-01-06T22:07:11.211+0800][18.854s][info][gc,reloc    ] GC(84) Y:                        Candidates     Selected     In-Place         Size        Empty    Relocated 
[2026-01-06T22:07:11.211+0800][18.854s][info][gc,reloc    ] GC(84) Y: Small Pages:                  811            0            0        1622M        1620M           0M 
[2026-01-06T22:07:11.211+0800][18.854s][info][gc,reloc    ] GC(84) Y: Medium Pages:                   0            0            0           0M           0M           0M 
[2026-01-06T22:07:11.211+0800][18.854s][info][gc,reloc    ] GC(84) Y: Large Pages:                    0            0            0           0M           0M           0M 
[2026-01-06T22:07:11.211+0800][18.854s][info][gc,reloc    ] GC(84) Y: Forwarding Usage: 0M
[2026-01-06T22:07:11.211+0800][18.854s][info][gc,reloc    ] GC(84) Y: Age Table:
[2026-01-06T22:07:11.211+0800][18.854s][info][gc,reloc    ] GC(84) Y:                    Live             Garbage             Small              Medium             Large        
[2026-01-06T22:07:11.211+0800][18.854s][info][gc,reloc    ] GC(84) Y: Eden               0M (0%)         1619M (40%)        810 / 0              0 / 0              0 / 0        
[2026-01-06T22:07:11.211+0800][18.854s][info][gc,reloc    ] GC(84) Y: Survivor 1          -                 2M (0%)           1 / 0              0 / 0              0 / 0        
[2026-01-06T22:07:11.211+0800][18.854s][info][gc,heap     ] GC(84) Y: Min Capacity: 8M(0%)
[2026-01-06T22:07:11.211+0800][18.854s][info][gc,heap     ] GC(84) Y: Max Capacity: 4096M(100%)
[2026-01-06T22:07:11.211+0800][18.854s][info][gc,heap     ] GC(84) Y: Soft Max Capacity: 3686M(90%)
[2026-01-06T22:07:11.211+0800][18.854s][info][gc,heap     ] GC(84) Y: Heap Statistics:
[2026-01-06T22:07:11.211+0800][18.854s][info][gc,heap     ] GC(84) Y:                Mark Start          Mark End        Relocate Start      Relocate End           High               Low         
[2026-01-06T22:07:11.211+0800][18.854s][info][gc,heap     ] GC(84) Y:  Capacity:     3498M (85%)        3498M (85%)        3498M (85%)        3498M (85%)        3498M (85%)        3498M (85%)    
[2026-01-06T22:07:11.211+0800][18.854s][info][gc,heap     ] GC(84) Y:      Free:     2472M (60%)        2468M (60%)        4084M (100%)       4084M (100%)       4086M (100%)       2468M (60%)    
[2026-01-06T22:07:11.211+0800][18.854s][info][gc,heap     ] GC(84) Y:      Used:     1624M (40%)        1628M (40%)          12M (0%)           12M (0%)         1628M (40%)          10M (0%)     
[2026-01-06T22:07:11.211+0800][18.854s][info][gc,heap     ] GC(84) Y: Young Generation Statistics:
[2026-01-06T22:07:11.211+0800][18.854s][info][gc,heap     ] GC(84) Y:                Mark Start          Mark End        Relocate Start      Relocate End    
[2026-01-06T22:07:11.211+0800][18.854s][info][gc,heap     ] GC(84) Y:      Used:     1622M (40%)        1626M (40%)          10M (0%)           10M (0%)     
[2026-01-06T22:07:11.211+0800][18.854s][info][gc,heap     ] GC(84) Y:      Live:         -                 0M (0%)            0M (0%)            0M (0%)     
[2026-01-06T22:07:11.211+0800][18.854s][info][gc,heap     ] GC(84) Y:   Garbage:         -              1621M (40%)           1M (0%)            1M (0%)     
[2026-01-06T22:07:11.211+0800][18.854s][info][gc,heap     ] GC(84) Y: Allocated:         -                 4M (0%)            8M (0%)            8M (0%)     
[2026-01-06T22:07:11.211+0800][18.854s][info][gc,heap     ] GC(84) Y: Reclaimed:         -                  -              1620M (40%)        1620M (40%)    
[2026-01-06T22:07:11.211+0800][18.854s][info][gc,heap     ] GC(84) Y:  Promoted:         -                  -                 0M (0%)            0M (0%)     
[2026-01-06T22:07:11.211+0800][18.854s][info][gc,heap     ] GC(84) Y: Compacted:         -                  -                  -                 0M (0%)     
[2026-01-06T22:07:11.211+0800][18.855s][info][gc,phases   ] GC(84) Y: Young Generation 1624M(40%)->12M(0%) 0.001s
[2026-01-06T22:07:11.211+0800][18.855s][info][gc,phases   ] GC(84) O: Old Generation
[2026-01-06T22:07:11.211+0800][18.855s][info][gc,phases   ] GC(84) O: Concurrent Mark 0.593ms
[2026-01-06T22:07:11.211+0800][18.855s][info][gc,phases   ] GC(84) O: Pause Mark End 0.002ms
[2026-01-06T22:07:11.211+0800][18.855s][info][gc,phases   ] GC(84) O: Concurrent Mark Free 0.000ms
[2026-01-06T22:07:11.211+0800][18.855s][info][gc,phases   ] GC(84) O: Concurrent Process Non-Strong 0.113ms
[2026-01-06T22:07:11.211+0800][18.855s][info][gc,phases   ] GC(84) O: Concurrent Reset Relocation Set 0.000ms
[2026-01-06T22:07:11.211+0800][18.855s][info][gc,phases   ] GC(84) O: Concurrent Select Relocation Set 0.017ms
[2026-01-06T22:07:11.211+0800][18.855s][info][gc,task     ] GC(84) O: Using 2 Workers for Old Generation
[2026-01-06T22:07:11.211+0800][18.855s][info][gc,task     ] GC(84) O: Using 1 Workers for Old Generation
[2026-01-06T22:07:11.212+0800][18.855s][info][gc,phases   ] GC(84) O: Concurrent Remap Roots 0.051ms
[2026-01-06T22:07:11.212+0800][18.855s][info][gc,phases   ] GC(84) O: Pause Relocate Start 0.001ms
[2026-01-06T22:07:11.212+0800][18.855s][info][gc,phases   ] GC(84) O: Concurrent Relocate 0.006ms
[2026-01-06T22:07:11.212+0800][18.855s][info][gc,alloc    ] GC(84) O:                         Mark Start        Mark End      Relocate Start    Relocate End   
[2026-01-06T22:07:11.212+0800][18.855s][info][gc,alloc    ] GC(84) O: Allocation Stalls:          0                0                0                0         
[2026-01-06T22:07:11.212+0800][18.855s][info][gc,load     ] GC(84) O: Load: 1.49 (15%) / 1.70 (17%) / 1.98 (20%)
[2026-01-06T22:07:11.212+0800][18.855s][info][gc,mmu      ] GC(84) O: MMU: 2ms/97.4%, 5ms/98.6%, 10ms/99.3%, 20ms/99.5%, 50ms/99.8%, 100ms/99.9%
[2026-01-06T22:07:11.212+0800][18.855s][info][gc,marking  ] GC(84) O: Mark: 1 stripe(s), 2 proactive flush(es), 1 terminate flush(es), 0 completion(s), 0 continuation(s) 
[2026-01-06T22:07:11.212+0800][18.855s][info][gc,nmethod  ] GC(84) O: NMethods: 120 registered, 37 unregistered
[2026-01-06T22:07:11.212+0800][18.855s][info][gc,metaspace] GC(84) O: Metaspace: 0M used, 0M committed, 1088M reserved
[2026-01-06T22:07:11.212+0800][18.855s][info][gc,ref      ] GC(84) O:                       Encountered   Discovered     Enqueued 
[2026-01-06T22:07:11.212+0800][18.855s][info][gc,ref      ] GC(84) O: Soft References:                1            0            0 
[2026-01-06T22:07:11.212+0800][18.855s][info][gc,ref      ] GC(84) O: Weak References:                6            0            0 
[2026-01-06T22:07:11.212+0800][18.855s][info][gc,ref      ] GC(84) O: Final References:               0            0            0 
[2026-01-06T22:07:11.212+0800][18.855s][info][gc,ref      ] GC(84) O: Phantom References:             1            1            0 
[2026-01-06T22:07:11.212+0800][18.855s][info][gc,reloc    ] GC(84) O:                        Candidates     Selected     In-Place         Size        Empty    Relocated 
[2026-01-06T22:07:11.212+0800][18.855s][info][gc,reloc    ] GC(84) O: Small Pages:                    1            0            0           2M           0M           0M 
[2026-01-06T22:07:11.212+0800][18.855s][info][gc,reloc    ] GC(84) O: Medium Pages:                   0            0            0           0M           0M           0M 
[2026-01-06T22:07:11.212+0800][18.855s][info][gc,reloc    ] GC(84) O: Large Pages:                    0            0            0           0M           0M           0M 
[2026-01-06T22:07:11.212+0800][18.855s][info][gc,reloc    ] GC(84) O: Forwarding Usage: 0M
[2026-01-06T22:07:11.212+0800][18.855s][info][gc,heap     ] GC(84) O: Min Capacity: 8M(0%)
[2026-01-06T22:07:11.212+0800][18.855s][info][gc,heap     ] GC(84) O: Max Capacity: 4096M(100%)
[2026-01-06T22:07:11.212+0800][18.855s][info][gc,heap     ] GC(84) O: Soft Max Capacity: 3686M(90%)
[2026-01-06T22:07:11.212+0800][18.855s][info][gc,heap     ] GC(84) O: Heap Statistics:
[2026-01-06T22:07:11.212+0800][18.855s][info][gc,heap     ] GC(84) O:                Mark Start          Mark End        Relocate Start      Relocate End           High               Low         
[2026-01-06T22:07:11.212+0800][18.855s][info][gc,heap     ] GC(84) O:  Capacity:     3498M (85%)        3498M (85%)        3498M (85%)        3498M (85%)        3498M (85%)        3498M (85%)    
[2026-01-06T22:07:11.212+0800][18.855s][info][gc,heap     ] GC(84) O:      Free:     2472M (60%)        4070M (99%)        4068M (99%)        4068M (99%)        4086M (100%)       2468M (60%)    
[2026-01-06T22:07:11.212+0800][18.855s][info][gc,heap     ] GC(84) O:      Used:     1624M (40%)          26M (1%)           28M (1%)           28M (1%)         1628M (40%)          10M (0%)     
[2026-01-06T22:07:11.212+0800][18.855s][info][gc,heap     ] GC(84) O: Old Generation Statistics:
[2026-01-06T22:07:11.212+0800][18.855s][info][gc,heap     ] GC(84) O:                Mark Start          Mark End        Relocate Start      Relocate End    
[2026-01-06T22:07:11.212+0800][18.855s][info][gc,heap     ] GC(84) O:      Used:        2M (0%)            2M (0%)            2M (0%)            2M (0%)     
[2026-01-06T22:07:11.212+0800][18.855s][info][gc,heap     ] GC(84) O:      Live:         -                 0M (0%)            0M (0%)            0M (0%)     
[2026-01-06T22:07:11.212+0800][18.855s][info][gc,heap     ] GC(84) O:   Garbage:         -                 1M (0%)            1M (0%)            1M (0%)     
[2026-01-06T22:07:11.212+0800][18.855s][info][gc,heap     ] GC(84) O: Allocated:         -                 0M (0%)            0M (0%)            0M (0%)     
[2026-01-06T22:07:11.212+0800][18.855s][info][gc,heap     ] GC(84) O: Reclaimed:         -                  -                 0M (0%)            0M (0%)     
[2026-01-06T22:07:11.212+0800][18.855s][info][gc,heap     ] GC(84) O: Compacted:         -                  -                  -                 0M (0%)     
[2026-01-06T22:07:11.212+0800][18.855s][info][gc,phases   ] GC(84) O: Old Generation 14M(0%)->28M(1%) 0.001s
[2026-01-06T22:07:11.212+0800][18.855s][info][gc          ] GC(84) Major Collection (Proactive) 1624M(40%)->30M(1%) 0.002s
[2026-01-06T22:07:11.292+0800][18.935s][info][gc          ] GC(85) Major Collection (Proactive)
[2026-01-06T22:07:11.292+0800][18.936s][info][gc,task     ] GC(85) Using 1 Workers for Young Generation
[2026-01-06T22:07:11.292+0800][18.936s][info][gc,task     ] GC(85) Using 1 Workers for Old Generation
[2026-01-06T22:07:11.292+0800][18.936s][info][gc,phases   ] GC(85) Y: Young Generation
[2026-01-06T22:07:11.292+0800][18.936s][info][gc,phases   ] GC(85) Y: Pause Mark Start (Major) 0.004ms
[2026-01-06T22:07:11.292+0800][18.936s][info][gc,phases   ] GC(85) Y: Concurrent Mark 0.153ms
[2026-01-06T22:07:11.292+0800][18.936s][info][gc,phases   ] GC(85) Y: Pause Mark End 0.003ms
[2026-01-06T22:07:11.292+0800][18.936s][info][gc,phases   ] GC(85) Y: Concurrent Mark Free 0.000ms
[2026-01-06T22:07:11.292+0800][18.936s][info][gc,phases   ] GC(85) Y: Concurrent Reset Relocation Set 0.000ms
[2026-01-06T22:07:11.292+0800][18.936s][info][gc,reloc    ] GC(85) Y: Using tenuring threshold: 1 (Computed)
[2026-01-06T22:07:11.292+0800][18.936s][info][gc,phases   ] GC(85) Y: Concurrent Select Relocation Set 0.148ms
[2026-01-06T22:07:11.292+0800][18.936s][info][gc,phases   ] GC(85) Y: Pause Relocate Start 0.001ms
[2026-01-06T22:07:11.292+0800][18.936s][info][gc,phases   ] GC(85) Y: Concurrent Relocate 0.010ms
[2026-01-06T22:07:11.292+0800][18.936s][info][gc,alloc    ] GC(85) Y:                         Mark Start        Mark End      Relocate Start    Relocate End   
[2026-01-06T22:07:11.292+0800][18.936s][info][gc,alloc    ] GC(85) Y: Allocation Stalls:          0                0                0                0         
[2026-01-06T22:07:11.292+0800][18.936s][info][gc,load     ] GC(85) Y: Load: 1.49 (15%) / 1.70 (17%) / 1.98 (20%)
[2026-01-06T22:07:11.292+0800][18.936s][info][gc,mmu      ] GC(85) Y: MMU: 2ms/97.4%, 5ms/98.6%, 10ms/99.3%, 20ms/99.5%, 50ms/99.8%, 100ms/99.9%
[2026-01-06T22:07:11.292+0800][18.936s][info][gc,marking  ] GC(85) Y: Mark: 1 stripe(s), 2 proactive flush(es), 1 terminate flush(es), 0 completion(s), 0 continuation(s) 
[2026-01-06T22:07:11.292+0800][18.936s][info][gc,nmethod  ] GC(85) Y: NMethods: 120 registered, 37 unregistered
[2026-01-06T22:07:11.292+0800][18.936s][info][gc,metaspace] GC(85) Y: Metaspace: 0M used, 0M committed, 1088M reserved
[2026-01-06T22:07:11.292+0800][18.936s][info][gc,reloc    ] GC(85) Y:                        Candidates     Selected     In-Place         Size        Empty    Relocated 
[2026-01-06T22:07:11.292+0800][18.936s][info][gc,reloc    ] GC(85) Y: Small Pages:                  796            0            0        1592M        1590M           0M 
[2026-01-06T22:07:11.292+0800][18.936s][info][gc,reloc    ] GC(85) Y: Medium Pages:                   0            0            0           0M           0M           0M 
[2026-01-06T22:07:11.292+0800][18.936s][info][gc,reloc    ] GC(85) Y: Large Pages:                    0            0            0           0M           0M           0M 
[2026-01-06T22:07:11.292+0800][18.936s][info][gc,reloc    ] GC(85) Y: Forwarding Usage: 0M
[2026-01-06T22:07:11.292+0800][18.936s][info][gc,reloc    ] GC(85) Y: Age Table:
[2026-01-06T22:07:11.292+0800][18.936s][info][gc,reloc    ] GC(85) Y:                    Live             Garbage             Small              Medium             Large        
[2026-01-06T22:07:11.292+0800][18.936s][info][gc,reloc    ] GC(85) Y: Eden               0M (0%)         1589M (39%)        795 / 0              0 / 0              0 / 0        
[2026-01-06T22:07:11.292+0800][18.936s][info][gc,reloc    ] GC(85) Y: Survivor 1          -                 2M (0%)           1 / 0              0 / 0              0 / 0        
[2026-01-06T22:07:11.292+0800][18.936s][info][gc,heap     ] GC(85) Y: Min Capacity: 8M(0%)
[2026-01-06T22:07:11.292+0800][18.936s][info][gc,heap     ] GC(85) Y: Max Capacity: 4096M(100%)
[2026-01-06T22:07:11.292+0800][18.936s][info][gc,heap     ] GC(85) Y: Soft Max Capacity: 3686M(90%)
[2026-01-06T22:07:11.292+0800][18.936s][info][gc,heap     ] GC(85) Y: Heap Statistics:
[2026-01-06T22:07:11.292+0800][18.936s][info][gc,heap     ] GC(85) Y:                Mark Start          Mark End        Relocate Start      Relocate End           High               Low         
[2026-01-06T22:07:11.292+0800][18.936s][info][gc,heap     ] GC(85) Y:  Capacity:     3498M (85%)        3498M (85%)        3498M (85%)        3498M (85%)        3498M (85%)        3498M (85%)    
[2026-01-06T22:07:11.292+0800][18.936s][info][gc,heap     ] GC(85) Y:      Free:     2502M (61%)        2498M (61%)        4086M (100%)       4086M (100%)       4086M (100%)       2498M (61%)    
[2026-01-06T22:07:11.292+0800][18.936s][info][gc,heap     ] GC(85) Y:      Used:     1594M (39%)        1598M (39%)          10M (0%)           10M (0%)         1598M (39%)          10M (0%)     
[2026-01-06T22:07:11.292+0800][18.936s][info][gc,heap     ] GC(85) Y: Young Generation Statistics:
[2026-01-06T22:07:11.292+0800][18.936s][info][gc,heap     ] GC(85) Y:                Mark Start          Mark End        Relocate Start      Relocate End    
[2026-01-06T22:07:11.292+0800][18.936s][info][gc,heap     ] GC(85) Y:      Used:     1592M (39%)        1596M (39%)           8M (0%)            8M (0%)     
[2026-01-06T22:07:11.292+0800][18.936s][info][gc,heap     ] GC(85) Y:      Live:         -                 0M (0%)            0M (0%)            0M (0%)     
[2026-01-06T22:07:11.292+0800][18.936s][info][gc,heap     ] GC(85) Y:   Garbage:         -              1591M (39%)           1M (0%)            1M (0%)     
[2026-01-06T22:07:11.292+0800][18.936s][info][gc,heap     ] GC(85) Y: Allocated:         -                 4M (0%)            6M (0%)            6M (0%)     
[2026-01-06T22:07:11.292+0800][18.936s][info][gc,heap     ] GC(85) Y: Reclaimed:         -                  -              1590M (39%)        1590M (39%)    
[2026-01-06T22:07:11.292+0800][18.936s][info][gc,heap     ] GC(85) Y:  Promoted:         -                  -                 0M (0%)            0M (0%)     
[2026-01-06T22:07:11.292+0800][18.936s][info][gc,heap     ] GC(85) Y: Compacted:         -                  -                  -                 0M (0%)     
[2026-01-06T22:07:11.292+0800][18.936s][info][gc,phases   ] GC(85) Y: Young Generation 1594M(39%)->10M(0%) 0.000s
[2026-01-06T22:07:11.292+0800][18.936s][info][gc,phases   ] GC(85) O: Old Generation
[2026-01-06T22:07:11.293+0800][18.937s][info][gc,phases   ] GC(85) O: Concurrent Mark 0.612ms
[2026-01-06T22:07:11.293+0800][18.937s][info][gc,phases   ] GC(85) O: Pause Mark End 0.002ms
[2026-01-06T22:07:11.293+0800][18.937s][info][gc,phases   ] GC(85) O: Concurrent Mark Free 0.000ms
[2026-01-06T22:07:11.293+0800][18.937s][info][gc,phases   ] GC(85) O: Concurrent Process Non-Strong 0.102ms
[2026-01-06T22:07:11.293+0800][18.937s][info][gc,phases   ] GC(85) O: Concurrent Reset Relocation Set 0.000ms
[2026-01-06T22:07:11.293+0800][18.937s][info][gc,phases   ] GC(85) O: Concurrent Select Relocation Set 0.016ms
[2026-01-06T22:07:11.293+0800][18.937s][info][gc,task     ] GC(85) O: Using 2 Workers for Old Generation
[2026-01-06T22:07:11.293+0800][18.937s][info][gc,task     ] GC(85) O: Using 1 Workers for Old Generation
[2026-01-06T22:07:11.293+0800][18.937s][info][gc,phases   ] GC(85) O: Concurrent Remap Roots 0.047ms
[2026-01-06T22:07:11.293+0800][18.937s][info][gc,phases   ] GC(85) O: Pause Relocate Start 0.001ms
[2026-01-06T22:07:11.293+0800][18.937s][info][gc,phases   ] GC(85) O: Concurrent Relocate 0.005ms
[2026-01-06T22:07:11.293+0800][18.937s][info][gc,alloc    ] GC(85) O:                         Mark Start        Mark End      Relocate Start    Relocate End   
[2026-01-06T22:07:11.293+0800][18.937s][info][gc,alloc    ] GC(85) O: Allocation Stalls:          0                0                0                0         
[2026-01-06T22:07:11.293+0800][18.937s][info][gc,load     ] GC(85) O: Load: 1.49 (15%) / 1.70 (17%) / 1.98 (20%)
[2026-01-06T22:07:11.293+0800][18.937s][info][gc,mmu      ] GC(85) O: MMU: 2ms/97.4%, 5ms/98.6%, 10ms/99.3%, 20ms/99.5%, 50ms/99.8%, 100ms/99.9%
[2026-01-06T22:07:11.293+0800][18.937s][info][gc,marking  ] GC(85) O: Mark: 1 stripe(s), 2 proactive flush(es), 1 terminate flush(es), 0 completion(s), 0 continuation(s) 
[2026-01-06T22:07:11.293+0800][18.937s][info][gc,nmethod  ] GC(85) O: NMethods: 120 registered, 37 unregistered
[2026-01-06T22:07:11.293+0800][18.937s][info][gc,metaspace] GC(85) O: Metaspace: 0M used, 0M committed, 1088M reserved
[2026-01-06T22:07:11.293+0800][18.937s][info][gc,ref      ] GC(85) O:                       Encountered   Discovered     Enqueued 
[2026-01-06T22:07:11.293+0800][18.937s][info][gc,ref      ] GC(85) O: Soft References:                1            0            0 
[2026-01-06T22:07:11.293+0800][18.937s][info][gc,ref      ] GC(85) O: Weak References:                6            0            0 
[2026-01-06T22:07:11.293+0800][18.937s][info][gc,ref      ] GC(85) O: Final References:               0            0            0 
[2026-01-06T22:07:11.293+0800][18.937s][info][gc,ref      ] GC(85) O: Phantom References:             1            1            0 
[2026-01-06T22:07:11.293+0800][18.937s][info][gc,reloc    ] GC(85) O:                        Candidates     Selected     In-Place         Size        Empty    Relocated 
[2026-01-06T22:07:11.293+0800][18.937s][info][gc,reloc    ] GC(85) O: Small Pages:                    1            0            0           2M           0M           0M 
[2026-01-06T22:07:11.293+0800][18.937s][info][gc,reloc    ] GC(85) O: Medium Pages:                   0            0            0           0M           0M           0M 
[2026-01-06T22:07:11.293+0800][18.937s][info][gc,reloc    ] GC(85) O: Large Pages:                    0            0            0           0M           0M           0M 
[2026-01-06T22:07:11.293+0800][18.937s][info][gc,reloc    ] GC(85) O: Forwarding Usage: 0M
[2026-01-06T22:07:11.293+0800][18.937s][info][gc,heap     ] GC(85) O: Min Capacity: 8M(0%)
[2026-01-06T22:07:11.293+0800][18.937s][info][gc,heap     ] GC(85) O: Max Capacity: 4096M(100%)
[2026-01-06T22:07:11.293+0800][18.937s][info][gc,heap     ] GC(85) O: Soft Max Capacity: 3686M(90%)
[2026-01-06T22:07:11.293+0800][18.937s][info][gc,heap     ] GC(85) O: Heap Statistics:
[2026-01-06T22:07:11.293+0800][18.937s][info][gc,heap     ] GC(85) O:                Mark Start          Mark End        Relocate Start      Relocate End           High               Low         
[2026-01-06T22:07:11.293+0800][18.937s][info][gc,heap     ] GC(85) O:  Capacity:     3498M (85%)        3498M (85%)        3498M (85%)        3498M (85%)        3498M (85%)        3498M (85%)    
[2026-01-06T22:07:11.293+0800][18.937s][info][gc,heap     ] GC(85) O:      Free:     2502M (61%)        4070M (99%)        4068M (99%)        4068M (99%)        4086M (100%)       2498M (61%)    
[2026-01-06T22:07:11.293+0800][18.937s][info][gc,heap     ] GC(85) O:      Used:     1594M (39%)          26M (1%)           28M (1%)           28M (1%)         1598M (39%)          10M (0%)     
[2026-01-06T22:07:11.293+0800][18.937s][info][gc,heap     ] GC(85) O: Old Generation Statistics:
[2026-01-06T22:07:11.293+0800][18.937s][info][gc,heap     ] GC(85) O:                Mark Start          Mark End        Relocate Start      Relocate End    
[2026-01-06T22:07:11.293+0800][18.937s][info][gc,heap     ] GC(85) O:      Used:        2M (0%)            2M (0%)            2M (0%)            2M (0%)     
[2026-01-06T22:07:11.293+0800][18.937s][info][gc,heap     ] GC(85) O:      Live:         -                 0M (0%)            0M (0%)            0M (0%)     
[2026-01-06T22:07:11.293+0800][18.937s][info][gc,heap     ] GC(85) O:   Garbage:         -                 1M (0%)            1M (0%)            1M (0%)     
[2026-01-06T22:07:11.293+0800][18.937s][info][gc,heap     ] GC(85) O: Allocated:         -                 0M (0%)            0M (0%)            0M (0%)     
[2026-01-06T22:07:11.293+0800][18.937s][info][gc,heap     ] GC(85) O: Reclaimed:         -                  -                 0M (0%)            0M (0%)     
[2026-01-06T22:07:11.293+0800][18.937s][info][gc,heap     ] GC(85) O: Compacted:         -                  -                  -                 0M (0%)     
[2026-01-06T22:07:11.293+0800][18.937s][info][gc,phases   ] GC(85) O: Old Generation 14M(0%)->28M(1%) 0.001s
[2026-01-06T22:07:11.293+0800][18.937s][info][gc          ] GC(85) Major Collection (Proactive) 1594M(39%)->30M(1%) 0.002s
[2026-01-06T22:07:11.369+0800][19.013s][info][gc          ] GC(86) Major Collection (Proactive)
[2026-01-06T22:07:11.369+0800][19.013s][info][gc,task     ] GC(86) Using 1 Workers for Young Generation
[2026-01-06T22:07:11.369+0800][19.013s][info][gc,task     ] GC(86) Using 1 Workers for Old Generation
[2026-01-06T22:07:11.369+0800][19.013s][info][gc,phases   ] GC(86) Y: Young Generation
[2026-01-06T22:07:11.369+0800][19.013s][info][gc,phases   ] GC(86) Y: Pause Mark Start (Major) 0.004ms
[2026-01-06T22:07:11.369+0800][19.013s][info][gc,phases   ] GC(86) Y: Concurrent Mark 0.152ms
[2026-01-06T22:07:11.369+0800][19.013s][info][gc,phases   ] GC(86) Y: Pause Mark End 0.003ms
[2026-01-06T22:07:11.369+0800][19.013s][info][gc,phases   ] GC(86) Y: Concurrent Mark Free 0.000ms
[2026-01-06T22:07:11.369+0800][19.013s][info][gc,phases   ] GC(86) Y: Concurrent Reset Relocation Set 0.000ms
[2026-01-06T22:07:11.370+0800][19.013s][info][gc,reloc    ] GC(86) Y: Using tenuring threshold: 1 (Computed)
[2026-01-06T22:07:11.370+0800][19.013s][info][gc,phases   ] GC(86) Y: Concurrent Select Relocation Set 0.153ms
[2026-01-06T22:07:11.370+0800][19.013s][info][gc,phases   ] GC(86) Y: Pause Relocate Start 0.001ms
[2026-01-06T22:07:11.370+0800][19.013s][info][gc,phases   ] GC(86) Y: Concurrent Relocate 0.012ms
[2026-01-06T22:07:11.370+0800][19.013s][info][gc,alloc    ] GC(86) Y:                         Mark Start        Mark End      Relocate Start    Relocate End   
[2026-01-06T22:07:11.370+0800][19.013s][info][gc,alloc    ] GC(86) Y: Allocation Stalls:          0                0                0                0         
[2026-01-06T22:07:11.370+0800][19.013s][info][gc,load     ] GC(86) Y: Load: 1.49 (15%) / 1.70 (17%) / 1.98 (20%)
[2026-01-06T22:07:11.370+0800][19.013s][info][gc,mmu      ] GC(86) Y: MMU: 2ms/97.4%, 5ms/98.6%, 10ms/99.3%, 20ms/99.5%, 50ms/99.8%, 100ms/99.9%
[2026-01-06T22:07:11.370+0800][19.014s][info][gc,marking  ] GC(86) Y: Mark: 1 stripe(s), 2 proactive flush(es), 1 terminate flush(es), 0 completion(s), 0 continuation(s) 
[2026-01-06T22:07:11.370+0800][19.014s][info][gc,nmethod  ] GC(86) Y: NMethods: 120 registered, 37 unregistered
[2026-01-06T22:07:11.370+0800][19.014s][info][gc,metaspace] GC(86) Y: Metaspace: 0M used, 0M committed, 1088M reserved
[2026-01-06T22:07:11.370+0800][19.014s][info][gc,reloc    ] GC(86) Y:                        Candidates     Selected     In-Place         Size        Empty    Relocated 
[2026-01-06T22:07:11.370+0800][19.014s][info][gc,reloc    ] GC(86) Y: Small Pages:                  751            0            0        1502M        1500M           0M 
[2026-01-06T22:07:11.370+0800][19.014s][info][gc,reloc    ] GC(86) Y: Medium Pages:                   0            0            0           0M           0M           0M 
[2026-01-06T22:07:11.370+0800][19.014s][info][gc,reloc    ] GC(86) Y: Large Pages:                    0            0            0           0M           0M           0M 
[2026-01-06T22:07:11.370+0800][19.014s][info][gc,reloc    ] GC(86) Y: Forwarding Usage: 0M
[2026-01-06T22:07:11.370+0800][19.014s][info][gc,reloc    ] GC(86) Y: Age Table:
[2026-01-06T22:07:11.370+0800][19.014s][info][gc,reloc    ] GC(86) Y:                    Live             Garbage             Small              Medium             Large        
[2026-01-06T22:07:11.370+0800][19.014s][info][gc,reloc    ] GC(86) Y: Eden               0M (0%)         1499M (37%)        750 / 0              0 / 0              0 / 0        
[2026-01-06T22:07:11.370+0800][19.014s][info][gc,reloc    ] GC(86) Y: Survivor 1          -                 2M (0%)           1 / 0              0 / 0              0 / 0        
[2026-01-06T22:07:11.370+0800][19.014s][info][gc,heap     ] GC(86) Y: Min Capacity: 8M(0%)
[2026-01-06T22:07:11.370+0800][19.014s][info][gc,heap     ] GC(86) Y: Max Capacity: 4096M(100%)
[2026-01-06T22:07:11.370+0800][19.014s][info][gc,heap     ] GC(86) Y: Soft Max Capacity: 3686M(90%)
[2026-01-06T22:07:11.370+0800][19.014s][info][gc,heap     ] GC(86) Y: Heap Statistics:
[2026-01-06T22:07:11.370+0800][19.014s][info][gc,heap     ] GC(86) Y:                Mark Start          Mark End        Relocate Start      Relocate End           High               Low         
[2026-01-06T22:07:11.370+0800][19.014s][info][gc,heap     ] GC(86) Y:  Capacity:     3498M (85%)        3498M (85%)        3498M (85%)        3498M (85%)        3498M (85%)        3498M (85%)    
[2026-01-06T22:07:11.370+0800][19.014s][info][gc,heap     ] GC(86) Y:      Free:     2592M (63%)        2588M (63%)        4086M (100%)       4086M (100%)       4086M (100%)       2588M (63%)    
[2026-01-06T22:07:11.370+0800][19.014s][info][gc,heap     ] GC(86) Y:      Used:     1504M (37%)        1508M (37%)          10M (0%)           10M (0%)         1508M (37%)          10M (0%)     
[2026-01-06T22:07:11.370+0800][19.014s][info][gc,heap     ] GC(86) Y: Young Generation Statistics:
[2026-01-06T22:07:11.370+0800][19.014s][info][gc,heap     ] GC(86) Y:                Mark Start          Mark End        Relocate Start      Relocate End    
[2026-01-06T22:07:11.370+0800][19.014s][info][gc,heap     ] GC(86) Y:      Used:     1502M (37%)        1506M (37%)           8M (0%)            8M (0%)     
[2026-01-06T22:07:11.370+0800][19.014s][info][gc,heap     ] GC(86) Y:      Live:         -                 0M (0%)            0M (0%)            0M (0%)     
[2026-01-06T22:07:11.370+0800][19.014s][info][gc,heap     ] GC(86) Y:   Garbage:         -              1501M (37%)           1M (0%)            1M (0%)     
[2026-01-06T22:07:11.370+0800][19.014s][info][gc,heap     ] GC(86) Y: Allocated:         -                 4M (0%)            6M (0%)            6M (0%)     
[2026-01-06T22:07:11.370+0800][19.014s][info][gc,heap     ] GC(86) Y: Reclaimed:         -                  -              1500M (37%)        1500M (37%)    
[2026-01-06T22:07:11.370+0800][19.014s][info][gc,heap     ] GC(86) Y:  Promoted:         -                  -                 0M (0%)            0M (0%)     
[2026-01-06T22:07:11.370+0800][19.014s][info][gc,heap     ] GC(86) Y: Compacted:         -                  -                  -                 0M (0%)     
[2026-01-06T22:07:11.370+0800][19.014s][info][gc,phases   ] GC(86) Y: Young Generation 1504M(37%)->10M(0%) 0.000s
[2026-01-06T22:07:11.370+0800][19.014s][info][gc,phases   ] GC(86) O: Old Generation
[2026-01-06T22:07:11.370+0800][19.014s][info][gc,phases   ] GC(86) O: Concurrent Mark 0.605ms
[2026-01-06T22:07:11.370+0800][19.014s][info][gc,phases   ] GC(86) O: Pause Mark End 0.002ms
[2026-01-06T22:07:11.370+0800][19.014s][info][gc,phases   ] GC(86) O: Concurrent Mark Free 0.000ms
[2026-01-06T22:07:11.371+0800][19.014s][info][gc,phases   ] GC(86) O: Concurrent Process Non-Strong 0.113ms
[2026-01-06T22:07:11.371+0800][19.014s][info][gc,phases   ] GC(86) O: Concurrent Reset Relocation Set 0.000ms
[2026-01-06T22:07:11.371+0800][19.014s][info][gc,phases   ] GC(86) O: Concurrent Select Relocation Set 0.017ms
[2026-01-06T22:07:11.371+0800][19.014s][info][gc,task     ] GC(86) O: Using 2 Workers for Old Generation
[2026-01-06T22:07:11.371+0800][19.014s][info][gc,task     ] GC(86) O: Using 1 Workers for Old Generation
[2026-01-06T22:07:11.371+0800][19.014s][info][gc,phases   ] GC(86) O: Concurrent Remap Roots 0.052ms
[2026-01-06T22:07:11.371+0800][19.014s][info][gc,phases   ] GC(86) O: Pause Relocate Start 0.001ms
[2026-01-06T22:07:11.371+0800][19.014s][info][gc,phases   ] GC(86) O: Concurrent Relocate 0.006ms
[2026-01-06T22:07:11.371+0800][19.014s][info][gc,alloc    ] GC(86) O:                         Mark Start        Mark End      Relocate Start    Relocate End   
[2026-01-06T22:07:11.371+0800][19.014s][info][gc,alloc    ] GC(86) O: Allocation Stalls:          0                0                0                0         
[2026-01-06T22:07:11.371+0800][19.014s][info][gc,load     ] GC(86) O: Load: 1.49 (15%) / 1.70 (17%) / 1.98 (20%)
[2026-01-06T22:07:11.371+0800][19.015s][info][gc,mmu      ] GC(86) O: MMU: 2ms/97.4%, 5ms/98.6%, 10ms/99.3%, 20ms/99.5%, 50ms/99.8%, 100ms/99.9%
[2026-01-06T22:07:11.371+0800][19.015s][info][gc,marking  ] GC(86) O: Mark: 1 stripe(s), 2 proactive flush(es), 1 terminate flush(es), 0 completion(s), 0 continuation(s) 
[2026-01-06T22:07:11.371+0800][19.015s][info][gc,nmethod  ] GC(86) O: NMethods: 120 registered, 37 unregistered
[2026-01-06T22:07:11.371+0800][19.015s][info][gc,metaspace] GC(86) O: Metaspace: 0M used, 0M committed, 1088M reserved
[2026-01-06T22:07:11.371+0800][19.015s][info][gc,ref      ] GC(86) O:                       Encountered   Discovered     Enqueued 
[2026-01-06T22:07:11.371+0800][19.015s][info][gc,ref      ] GC(86) O: Soft References:                1            0            0 
[2026-01-06T22:07:11.371+0800][19.015s][info][gc,ref      ] GC(86) O: Weak References:                6            0            0 
[2026-01-06T22:07:11.371+0800][19.015s][info][gc,ref      ] GC(86) O: Final References:               0            0            0 
[2026-01-06T22:07:11.371+0800][19.015s][info][gc,ref      ] GC(86) O: Phantom References:             1            1            0 
[2026-01-06T22:07:11.371+0800][19.015s][info][gc,reloc    ] GC(86) O:                        Candidates     Selected     In-Place         Size        Empty    Relocated 
[2026-01-06T22:07:11.371+0800][19.015s][info][gc,reloc    ] GC(86) O: Small Pages:                    1            0            0           2M           0M           0M 
[2026-01-06T22:07:11.371+0800][19.015s][info][gc,reloc    ] GC(86) O: Medium Pages:                   0            0            0           0M           0M           0M 
[2026-01-06T22:07:11.371+0800][19.015s][info][gc,reloc    ] GC(86) O: Large Pages:                    0            0            0           0M           0M           0M 
[2026-01-06T22:07:11.371+0800][19.015s][info][gc,reloc    ] GC(86) O: Forwarding Usage: 0M
[2026-01-06T22:07:11.371+0800][19.015s][info][gc,heap     ] GC(86) O: Min Capacity: 8M(0%)
[2026-01-06T22:07:11.371+0800][19.015s][info][gc,heap     ] GC(86) O: Max Capacity: 4096M(100%)
[2026-01-06T22:07:11.371+0800][19.015s][info][gc,heap     ] GC(86) O: Soft Max Capacity: 3686M(90%)
[2026-01-06T22:07:11.371+0800][19.015s][info][gc,heap     ] GC(86) O: Heap Statistics:
[2026-01-06T22:07:11.371+0800][19.015s][info][gc,heap     ] GC(86) O:                Mark Start          Mark End        Relocate Start      Relocate End           High               Low         
[2026-01-06T22:07:11.371+0800][19.015s][info][gc,heap     ] GC(86) O:  Capacity:     3498M (85%)        3498M (85%)        3498M (85%)        3498M (85%)        3498M (85%)        3498M (85%)    
[2026-01-06T22:07:11.371+0800][19.015s][info][gc,heap     ] GC(86) O:      Free:     2592M (63%)        4072M (99%)        4068M (99%)        4068M (99%)        4086M (100%)       2588M (63%)    
[2026-01-06T22:07:11.371+0800][19.015s][info][gc,heap     ] GC(86) O:      Used:     1504M (37%)          24M (1%)           28M (1%)           28M (1%)         1508M (37%)          10M (0%)     
[2026-01-06T22:07:11.371+0800][19.015s][info][gc,heap     ] GC(86) O: Old Generation Statistics:
[2026-01-06T22:07:11.371+0800][19.015s][info][gc,heap     ] GC(86) O:                Mark Start          Mark End        Relocate Start      Relocate End    
[2026-01-06T22:07:11.371+0800][19.015s][info][gc,heap     ] GC(86) O:      Used:        2M (0%)            2M (0%)            2M (0%)            2M (0%)     
[2026-01-06T22:07:11.371+0800][19.015s][info][gc,heap     ] GC(86) O:      Live:         -                 0M (0%)            0M (0%)            0M (0%)     
[2026-01-06T22:07:11.371+0800][19.015s][info][gc,heap     ] GC(86) O:   Garbage:         -                 1M (0%)            1M (0%)            1M (0%)     
[2026-01-06T22:07:11.371+0800][19.015s][info][gc,heap     ] GC(86) O: Allocated:         -                 0M (0%)            0M (0%)            0M (0%)     
[2026-01-06T22:07:11.371+0800][19.015s][info][gc,heap     ] GC(86) O: Reclaimed:         -                  -                 0M (0%)            0M (0%)     
[2026-01-06T22:07:11.371+0800][19.015s][info][gc,heap     ] GC(86) O: Compacted:         -                  -                  -                 0M (0%)     
[2026-01-06T22:07:11.371+0800][19.015s][info][gc,phases   ] GC(86) O: Old Generation 12M(0%)->28M(1%) 0.001s
[2026-01-06T22:07:11.371+0800][19.015s][info][gc          ] GC(86) Major Collection (Proactive) 1504M(37%)->30M(1%) 0.002s
[2026-01-06T22:07:11.444+0800][19.088s][info][gc          ] GC(87) Major Collection (Proactive)
[2026-01-06T22:07:11.444+0800][19.088s][info][gc,task     ] GC(87) Using 1 Workers for Young Generation
[2026-01-06T22:07:11.444+0800][19.088s][info][gc,task     ] GC(87) Using 1 Workers for Old Generation
[2026-01-06T22:07:11.444+0800][19.088s][info][gc,phases   ] GC(87) Y: Young Generation
[2026-01-06T22:07:11.444+0800][19.088s][info][gc,phases   ] GC(87) Y: Pause Mark Start (Major) 0.004ms
[2026-01-06T22:07:11.444+0800][19.088s][info][gc,phases   ] GC(87) Y: Concurrent Mark 0.156ms
[2026-01-06T22:07:11.444+0800][19.088s][info][gc,phases   ] GC(87) Y: Pause Mark End 0.003ms
[2026-01-06T22:07:11.445+0800][19.088s][info][gc,phases   ] GC(87) Y: Concurrent Mark Free 0.000ms
[2026-01-06T22:07:11.445+0800][19.088s][info][gc,phases   ] GC(87) Y: Concurrent Reset Relocation Set 0.000ms
[2026-01-06T22:07:11.445+0800][19.088s][info][gc,reloc    ] GC(87) Y: Using tenuring threshold: 1 (Computed)
[2026-01-06T22:07:11.445+0800][19.089s][info][gc,phases   ] GC(87) Y: Concurrent Select Relocation Set 0.156ms
[2026-01-06T22:07:11.445+0800][19.089s][info][gc,phases   ] GC(87) Y: Pause Relocate Start 0.001ms
[2026-01-06T22:07:11.445+0800][19.089s][info][gc,phases   ] GC(87) Y: Concurrent Relocate 0.013ms
[2026-01-06T22:07:11.445+0800][19.089s][info][gc,alloc    ] GC(87) Y:                         Mark Start        Mark End      Relocate Start    Relocate End   
[2026-01-06T22:07:11.445+0800][19.089s][info][gc,alloc    ] GC(87) Y: Allocation Stalls:          0                0                0                0         
[2026-01-06T22:07:11.445+0800][19.089s][info][gc,load     ] GC(87) Y: Load: 1.49 (15%) / 1.70 (17%) / 1.98 (20%)
[2026-01-06T22:07:11.445+0800][19.089s][info][gc,mmu      ] GC(87) Y: MMU: 2ms/97.4%, 5ms/98.6%, 10ms/99.3%, 20ms/99.5%, 50ms/99.8%, 100ms/99.9%
[2026-01-06T22:07:11.445+0800][19.089s][info][gc,marking  ] GC(87) Y: Mark: 1 stripe(s), 2 proactive flush(es), 1 terminate flush(es), 0 completion(s), 0 continuation(s) 
[2026-01-06T22:07:11.445+0800][19.089s][info][gc,nmethod  ] GC(87) Y: NMethods: 120 registered, 37 unregistered
[2026-01-06T22:07:11.445+0800][19.089s][info][gc,metaspace] GC(87) Y: Metaspace: 0M used, 0M committed, 1088M reserved
[2026-01-06T22:07:11.445+0800][19.089s][info][gc,reloc    ] GC(87) Y:                        Candidates     Selected     In-Place         Size        Empty    Relocated 
[2026-01-06T22:07:11.445+0800][19.089s][info][gc,reloc    ] GC(87) Y: Small Pages:                  736            0            0        1472M        1470M           0M 
[2026-01-06T22:07:11.445+0800][19.089s][info][gc,reloc    ] GC(87) Y: Medium Pages:                   0            0            0           0M           0M           0M 
[2026-01-06T22:07:11.445+0800][19.089s][info][gc,reloc    ] GC(87) Y: Large Pages:                    0            0            0           0M           0M           0M 
[2026-01-06T22:07:11.445+0800][19.089s][info][gc,reloc    ] GC(87) Y: Forwarding Usage: 0M
[2026-01-06T22:07:11.445+0800][19.089s][info][gc,reloc    ] GC(87) Y: Age Table:
[2026-01-06T22:07:11.445+0800][19.089s][info][gc,reloc    ] GC(87) Y:                    Live             Garbage             Small              Medium             Large        
[2026-01-06T22:07:11.445+0800][19.089s][info][gc,reloc    ] GC(87) Y: Eden               0M (0%)         1469M (36%)        735 / 0              0 / 0              0 / 0        
[2026-01-06T22:07:11.445+0800][19.089s][info][gc,reloc    ] GC(87) Y: Survivor 1          -                 2M (0%)           1 / 0              0 / 0              0 / 0        
[2026-01-06T22:07:11.445+0800][19.089s][info][gc,heap     ] GC(87) Y: Min Capacity: 8M(0%)
[2026-01-06T22:07:11.445+0800][19.089s][info][gc,heap     ] GC(87) Y: Max Capacity: 4096M(100%)
[2026-01-06T22:07:11.445+0800][19.089s][info][gc,heap     ] GC(87) Y: Soft Max Capacity: 3686M(90%)
[2026-01-06T22:07:11.445+0800][19.089s][info][gc,heap     ] GC(87) Y: Heap Statistics:
[2026-01-06T22:07:11.445+0800][19.089s][info][gc,heap     ] GC(87) Y:                Mark Start          Mark End        Relocate Start      Relocate End           High               Low         
[2026-01-06T22:07:11.445+0800][19.089s][info][gc,heap     ] GC(87) Y:  Capacity:     3498M (85%)        3498M (85%)        3498M (85%)        3498M (85%)        3498M (85%)        3498M (85%)    
[2026-01-06T22:07:11.445+0800][19.089s][info][gc,heap     ] GC(87) Y:      Free:     2622M (64%)        2618M (64%)        4086M (100%)       4086M (100%)       4086M (100%)       2618M (64%)    
[2026-01-06T22:07:11.445+0800][19.089s][info][gc,heap     ] GC(87) Y:      Used:     1474M (36%)        1478M (36%)          10M (0%)           10M (0%)         1478M (36%)          10M (0%)     
[2026-01-06T22:07:11.445+0800][19.089s][info][gc,heap     ] GC(87) Y: Young Generation Statistics:
[2026-01-06T22:07:11.445+0800][19.089s][info][gc,heap     ] GC(87) Y:                Mark Start          Mark End        Relocate Start      Relocate End    
[2026-01-06T22:07:11.445+0800][19.089s][info][gc,heap     ] GC(87) Y:      Used:     1472M (36%)        1476M (36%)           8M (0%)            8M (0%)     
[2026-01-06T22:07:11.445+0800][19.089s][info][gc,heap     ] GC(87) Y:      Live:         -                 0M (0%)            0M (0%)            0M (0%)     
[2026-01-06T22:07:11.445+0800][19.089s][info][gc,heap     ] GC(87) Y:   Garbage:         -              1471M (36%)           1M (0%)            1M (0%)     
[2026-01-06T22:07:11.445+0800][19.089s][info][gc,heap     ] GC(87) Y: Allocated:         -                 4M (0%)            6M (0%)            6M (0%)     
[2026-01-06T22:07:11.445+0800][19.089s][info][gc,heap     ] GC(87) Y: Reclaimed:         -                  -              1470M (36%)        1470M (36%)    
[2026-01-06T22:07:11.445+0800][19.089s][info][gc,heap     ] GC(87) Y:  Promoted:         -                  -                 0M (0%)            0M (0%)     
[2026-01-06T22:07:11.445+0800][19.089s][info][gc,heap     ] GC(87) Y: Compacted:         -                  -                  -                 0M (0%)     
[2026-01-06T22:07:11.445+0800][19.089s][info][gc,phases   ] GC(87) Y: Young Generation 1474M(36%)->10M(0%) 0.000s
[2026-01-06T22:07:11.445+0800][19.089s][info][gc,phases   ] GC(87) O: Old Generation
[2026-01-06T22:07:11.445+0800][19.089s][info][gc,phases   ] GC(87) O: Concurrent Mark 0.557ms
[2026-01-06T22:07:11.445+0800][19.089s][info][gc,phases   ] GC(87) O: Pause Mark End 0.002ms
[2026-01-06T22:07:11.445+0800][19.089s][info][gc,phases   ] GC(87) O: Concurrent Mark Free 0.000ms
[2026-01-06T22:07:11.446+0800][19.089s][info][gc,phases   ] GC(87) O: Concurrent Process Non-Strong 0.115ms
[2026-01-06T22:07:11.446+0800][19.089s][info][gc,phases   ] GC(87) O: Concurrent Reset Relocation Set 0.000ms
[2026-01-06T22:07:11.446+0800][19.089s][info][gc,phases   ] GC(87) O: Concurrent Select Relocation Set 0.017ms
[2026-01-06T22:07:11.446+0800][19.089s][info][gc,task     ] GC(87) O: Using 2 Workers for Old Generation
[2026-01-06T22:07:11.446+0800][19.089s][info][gc,task     ] GC(87) O: Using 1 Workers for Old Generation
[2026-01-06T22:07:11.446+0800][19.089s][info][gc,phases   ] GC(87) O: Concurrent Remap Roots 0.049ms
[2026-01-06T22:07:11.446+0800][19.089s][info][gc,phases   ] GC(87) O: Pause Relocate Start 0.001ms
[2026-01-06T22:07:11.446+0800][19.090s][info][gc,phases   ] GC(87) O: Concurrent Relocate 0.005ms
[2026-01-06T22:07:11.446+0800][19.090s][info][gc,alloc    ] GC(87) O:                         Mark Start        Mark End      Relocate Start    Relocate End   
[2026-01-06T22:07:11.446+0800][19.090s][info][gc,alloc    ] GC(87) O: Allocation Stalls:          0                0                0                0         
[2026-01-06T22:07:11.446+0800][19.090s][info][gc,load     ] GC(87) O: Load: 1.49 (15%) / 1.70 (17%) / 1.98 (20%)
[2026-01-06T22:07:11.446+0800][19.090s][info][gc,mmu      ] GC(87) O: MMU: 2ms/97.4%, 5ms/98.6%, 10ms/99.3%, 20ms/99.5%, 50ms/99.8%, 100ms/99.9%
[2026-01-06T22:07:11.446+0800][19.090s][info][gc,marking  ] GC(87) O: Mark: 1 stripe(s), 2 proactive flush(es), 1 terminate flush(es), 0 completion(s), 0 continuation(s) 
[2026-01-06T22:07:11.446+0800][19.090s][info][gc,nmethod  ] GC(87) O: NMethods: 120 registered, 37 unregistered
[2026-01-06T22:07:11.446+0800][19.090s][info][gc,metaspace] GC(87) O: Metaspace: 0M used, 0M committed, 1088M reserved
[2026-01-06T22:07:11.446+0800][19.090s][info][gc,ref      ] GC(87) O:                       Encountered   Discovered     Enqueued 
[2026-01-06T22:07:11.446+0800][19.090s][info][gc,ref      ] GC(87) O: Soft References:                1            0            0 
[2026-01-06T22:07:11.446+0800][19.090s][info][gc,ref      ] GC(87) O: Weak References:                6            0            0 
[2026-01-06T22:07:11.446+0800][19.090s][info][gc,ref      ] GC(87) O: Final References:               0            0            0 
[2026-01-06T22:07:11.446+0800][19.090s][info][gc,ref      ] GC(87) O: Phantom References:             1            1            0 
[2026-01-06T22:07:11.446+0800][19.090s][info][gc,reloc    ] GC(87) O:                        Candidates     Selected     In-Place         Size        Empty    Relocated 
[2026-01-06T22:07:11.446+0800][19.090s][info][gc,reloc    ] GC(87) O: Small Pages:                    1            0            0           2M           0M           0M 
[2026-01-06T22:07:11.446+0800][19.090s][info][gc,reloc    ] GC(87) O: Medium Pages:                   0            0            0           0M           0M           0M 
[2026-01-06T22:07:11.446+0800][19.090s][info][gc,reloc    ] GC(87) O: Large Pages:                    0            0            0           0M           0M           0M 
[2026-01-06T22:07:11.446+0800][19.090s][info][gc,reloc    ] GC(87) O: Forwarding Usage: 0M
[2026-01-06T22:07:11.446+0800][19.090s][info][gc,heap     ] GC(87) O: Min Capacity: 8M(0%)
[2026-01-06T22:07:11.446+0800][19.090s][info][gc,heap     ] GC(87) O: Max Capacity: 4096M(100%)
[2026-01-06T22:07:11.446+0800][19.090s][info][gc,heap     ] GC(87) O: Soft Max Capacity: 3686M(90%)
[2026-01-06T22:07:11.446+0800][19.090s][info][gc,heap     ] GC(87) O: Heap Statistics:
[2026-01-06T22:07:11.446+0800][19.090s][info][gc,heap     ] GC(87) O:                Mark Start          Mark End        Relocate Start      Relocate End           High               Low         
[2026-01-06T22:07:11.446+0800][19.090s][info][gc,heap     ] GC(87) O:  Capacity:     3498M (85%)        3498M (85%)        3498M (85%)        3498M (85%)        3498M (85%)        3498M (85%)    
[2026-01-06T22:07:11.446+0800][19.090s][info][gc,heap     ] GC(87) O:      Free:     2622M (64%)        4072M (99%)        4070M (99%)        4070M (99%)        4086M (100%)       2618M (64%)    
[2026-01-06T22:07:11.446+0800][19.090s][info][gc,heap     ] GC(87) O:      Used:     1474M (36%)          24M (1%)           26M (1%)           26M (1%)         1478M (36%)          10M (0%)     
[2026-01-06T22:07:11.446+0800][19.090s][info][gc,heap     ] GC(87) O: Old Generation Statistics:
[2026-01-06T22:07:11.446+0800][19.090s][info][gc,heap     ] GC(87) O:                Mark Start          Mark End        Relocate Start      Relocate End    
[2026-01-06T22:07:11.446+0800][19.090s][info][gc,heap     ] GC(87) O:      Used:        2M (0%)            2M (0%)            2M (0%)            2M (0%)     
[2026-01-06T22:07:11.446+0800][19.090s][info][gc,heap     ] GC(87) O:      Live:         -                 0M (0%)            0M (0%)            0M (0%)     
[2026-01-06T22:07:11.446+0800][19.090s][info][gc,heap     ] GC(87) O:   Garbage:         -                 1M (0%)            1M (0%)            1M (0%)     
[2026-01-06T22:07:11.446+0800][19.090s][info][gc,heap     ] GC(87) O: Allocated:         -                 0M (0%)            0M (0%)            0M (0%)     
[2026-01-06T22:07:11.446+0800][19.090s][info][gc,heap     ] GC(87) O: Reclaimed:         -                  -                 0M (0%)            0M (0%)     
[2026-01-06T22:07:11.446+0800][19.090s][info][gc,heap     ] GC(87) O: Compacted:         -                  -                  -                 0M (0%)     
[2026-01-06T22:07:11.446+0800][19.090s][info][gc,phases   ] GC(87) O: Old Generation 12M(0%)->26M(1%) 0.001s
[2026-01-06T22:07:11.446+0800][19.090s][info][gc          ] GC(87) Major Collection (Proactive) 1474M(36%)->28M(1%) 0.002s
[2026-01-06T22:07:11.519+0800][19.163s][info][gc          ] GC(88) Major Collection (Proactive)
[2026-01-06T22:07:11.519+0800][19.163s][info][gc,task     ] GC(88) Using 1 Workers for Young Generation
[2026-01-06T22:07:11.519+0800][19.163s][info][gc,task     ] GC(88) Using 1 Workers for Old Generation
[2026-01-06T22:07:11.519+0800][19.163s][info][gc,phases   ] GC(88) Y: Young Generation
[2026-01-06T22:07:11.519+0800][19.163s][info][gc,phases   ] GC(88) Y: Pause Mark Start (Major) 0.004ms
[2026-01-06T22:07:11.519+0800][19.163s][info][gc,phases   ] GC(88) Y: Concurrent Mark 0.151ms
[2026-01-06T22:07:11.519+0800][19.163s][info][gc,phases   ] GC(88) Y: Pause Mark End 0.003ms
[2026-01-06T22:07:11.519+0800][19.163s][info][gc,phases   ] GC(88) Y: Concurrent Mark Free 0.000ms
[2026-01-06T22:07:11.519+0800][19.163s][info][gc,phases   ] GC(88) Y: Concurrent Reset Relocation Set 0.000ms
[2026-01-06T22:07:11.519+0800][19.163s][info][gc,reloc    ] GC(88) Y: Using tenuring threshold: 1 (Computed)
[2026-01-06T22:07:11.519+0800][19.163s][info][gc,phases   ] GC(88) Y: Concurrent Select Relocation Set 0.139ms
[2026-01-06T22:07:11.519+0800][19.163s][info][gc,phases   ] GC(88) Y: Pause Relocate Start 0.001ms
[2026-01-06T22:07:11.519+0800][19.163s][info][gc,phases   ] GC(88) Y: Concurrent Relocate 0.010ms
[2026-01-06T22:07:11.519+0800][19.163s][info][gc,alloc    ] GC(88) Y:                         Mark Start        Mark End      Relocate Start    Relocate End   
[2026-01-06T22:07:11.519+0800][19.163s][info][gc,alloc    ] GC(88) Y: Allocation Stalls:          0                0                0                0         
[2026-01-06T22:07:11.519+0800][19.163s][info][gc,load     ] GC(88) Y: Load: 1.49 (15%) / 1.70 (17%) / 1.98 (20%)
[2026-01-06T22:07:11.519+0800][19.163s][info][gc,mmu      ] GC(88) Y: MMU: 2ms/97.4%, 5ms/98.6%, 10ms/99.3%, 20ms/99.5%, 50ms/99.8%, 100ms/99.9%
[2026-01-06T22:07:11.519+0800][19.163s][info][gc,marking  ] GC(88) Y: Mark: 1 stripe(s), 2 proactive flush(es), 1 terminate flush(es), 0 completion(s), 0 continuation(s) 
[2026-01-06T22:07:11.519+0800][19.163s][info][gc,nmethod  ] GC(88) Y: NMethods: 120 registered, 37 unregistered
[2026-01-06T22:07:11.519+0800][19.163s][info][gc,metaspace] GC(88) Y: Metaspace: 0M used, 0M committed, 1088M reserved
[2026-01-06T22:07:11.519+0800][19.163s][info][gc,reloc    ] GC(88) Y:                        Candidates     Selected     In-Place         Size        Empty    Relocated 
[2026-01-06T22:07:11.519+0800][19.163s][info][gc,reloc    ] GC(88) Y: Small Pages:                  706            0            0        1412M        1410M           0M 
[2026-01-06T22:07:11.519+0800][19.163s][info][gc,reloc    ] GC(88) Y: Medium Pages:                   0            0            0           0M           0M           0M 
[2026-01-06T22:07:11.519+0800][19.163s][info][gc,reloc    ] GC(88) Y: Large Pages:                    0            0            0           0M           0M           0M 
[2026-01-06T22:07:11.519+0800][19.163s][info][gc,reloc    ] GC(88) Y: Forwarding Usage: 0M
[2026-01-06T22:07:11.519+0800][19.163s][info][gc,reloc    ] GC(88) Y: Age Table:
[2026-01-06T22:07:11.519+0800][19.163s][info][gc,reloc    ] GC(88) Y:                    Live             Garbage             Small              Medium             Large        
[2026-01-06T22:07:11.519+0800][19.163s][info][gc,reloc    ] GC(88) Y: Eden               0M (0%)         1409M (34%)        705 / 0              0 / 0              0 / 0        
[2026-01-06T22:07:11.519+0800][19.163s][info][gc,reloc    ] GC(88) Y: Survivor 1          -                 2M (0%)           1 / 0              0 / 0              0 / 0        
[2026-01-06T22:07:11.519+0800][19.163s][info][gc,heap     ] GC(88) Y: Min Capacity: 8M(0%)
[2026-01-06T22:07:11.519+0800][19.163s][info][gc,heap     ] GC(88) Y: Max Capacity: 4096M(100%)
[2026-01-06T22:07:11.519+0800][19.163s][info][gc,heap     ] GC(88) Y: Soft Max Capacity: 3686M(90%)
[2026-01-06T22:07:11.519+0800][19.163s][info][gc,heap     ] GC(88) Y: Heap Statistics:
[2026-01-06T22:07:11.519+0800][19.163s][info][gc,heap     ] GC(88) Y:                Mark Start          Mark End        Relocate Start      Relocate End           High               Low         
[2026-01-06T22:07:11.519+0800][19.163s][info][gc,heap     ] GC(88) Y:  Capacity:     3498M (85%)        3498M (85%)        3498M (85%)        3498M (85%)        3498M (85%)        3498M (85%)    
[2026-01-06T22:07:11.519+0800][19.163s][info][gc,heap     ] GC(88) Y:      Free:     2682M (65%)        2678M (65%)        4086M (100%)       4086M (100%)       4086M (100%)       2678M (65%)    
[2026-01-06T22:07:11.519+0800][19.163s][info][gc,heap     ] GC(88) Y:      Used:     1414M (35%)        1418M (35%)          10M (0%)           10M (0%)         1418M (35%)          10M (0%)     
[2026-01-06T22:07:11.519+0800][19.163s][info][gc,heap     ] GC(88) Y: Young Generation Statistics:
[2026-01-06T22:07:11.519+0800][19.163s][info][gc,heap     ] GC(88) Y:                Mark Start          Mark End        Relocate Start      Relocate End    
[2026-01-06T22:07:11.519+0800][19.163s][info][gc,heap     ] GC(88) Y:      Used:     1412M (34%)        1416M (35%)           8M (0%)            8M (0%)     
[2026-01-06T22:07:11.519+0800][19.163s][info][gc,heap     ] GC(88) Y:      Live:         -                 0M (0%)            0M (0%)            0M (0%)     
[2026-01-06T22:07:11.519+0800][19.163s][info][gc,heap     ] GC(88) Y:   Garbage:         -              1411M (34%)           1M (0%)            1M (0%)     
[2026-01-06T22:07:11.519+0800][19.163s][info][gc,heap     ] GC(88) Y: Allocated:         -                 4M (0%)            6M (0%)            6M (0%)     
[2026-01-06T22:07:11.519+0800][19.163s][info][gc,heap     ] GC(88) Y: Reclaimed:         -                  -              1410M (34%)        1410M (34%)    
[2026-01-06T22:07:11.519+0800][19.163s][info][gc,heap     ] GC(88) Y:  Promoted:         -                  -                 0M (0%)            0M (0%)     
[2026-01-06T22:07:11.519+0800][19.163s][info][gc,heap     ] GC(88) Y: Compacted:         -                  -                  -                 0M (0%)     
[2026-01-06T22:07:11.519+0800][19.163s][info][gc,phases   ] GC(88) Y: Young Generation 1414M(35%)->10M(0%) 0.000s
[2026-01-06T22:07:11.519+0800][19.163s][info][gc,phases   ] GC(88) O: Old Generation
[2026-01-06T22:07:11.520+0800][19.164s][info][gc,phases   ] GC(88) O: Concurrent Mark 0.583ms
[2026-01-06T22:07:11.520+0800][19.164s][info][gc,phases   ] GC(88) O: Pause Mark End 0.002ms
[2026-01-06T22:07:11.520+0800][19.164s][info][gc,phases   ] GC(88) O: Concurrent Mark Free 0.000ms
[2026-01-06T22:07:11.520+0800][19.164s][info][gc,phases   ] GC(88) O: Concurrent Process Non-Strong 0.106ms
[2026-01-06T22:07:11.520+0800][19.164s][info][gc,phases   ] GC(88) O: Concurrent Reset Relocation Set 0.000ms
[2026-01-06T22:07:11.520+0800][19.164s][info][gc,phases   ] GC(88) O: Concurrent Select Relocation Set 0.017ms
[2026-01-06T22:07:11.520+0800][19.164s][info][gc,task     ] GC(88) O: Using 2 Workers for Old Generation
[2026-01-06T22:07:11.520+0800][19.164s][info][gc,task     ] GC(88) O: Using 1 Workers for Old Generation
[2026-01-06T22:07:11.520+0800][19.164s][info][gc,phases   ] GC(88) O: Concurrent Remap Roots 0.047ms
[2026-01-06T22:07:11.520+0800][19.164s][info][gc,phases   ] GC(88) O: Pause Relocate Start 0.001ms
[2026-01-06T22:07:11.520+0800][19.164s][info][gc,phases   ] GC(88) O: Concurrent Relocate 0.006ms
[2026-01-06T22:07:11.520+0800][19.164s][info][gc,alloc    ] GC(88) O:                         Mark Start        Mark End      Relocate Start    Relocate End   
[2026-01-06T22:07:11.520+0800][19.164s][info][gc,alloc    ] GC(88) O: Allocation Stalls:          0                0                0                0         
[2026-01-06T22:07:11.520+0800][19.164s][info][gc,load     ] GC(88) O: Load: 1.49 (15%) / 1.70 (17%) / 1.98 (20%)
[2026-01-06T22:07:11.520+0800][19.164s][info][gc,mmu      ] GC(88) O: MMU: 2ms/97.4%, 5ms/98.6%, 10ms/99.3%, 20ms/99.5%, 50ms/99.8%, 100ms/99.9%
[2026-01-06T22:07:11.520+0800][19.164s][info][gc,marking  ] GC(88) O: Mark: 1 stripe(s), 2 proactive flush(es), 1 terminate flush(es), 0 completion(s), 0 continuation(s) 
[2026-01-06T22:07:11.520+0800][19.164s][info][gc,nmethod  ] GC(88) O: NMethods: 120 registered, 37 unregistered
[2026-01-06T22:07:11.520+0800][19.164s][info][gc,metaspace] GC(88) O: Metaspace: 0M used, 0M committed, 1088M reserved
[2026-01-06T22:07:11.520+0800][19.164s][info][gc,ref      ] GC(88) O:                       Encountered   Discovered     Enqueued 
[2026-01-06T22:07:11.520+0800][19.164s][info][gc,ref      ] GC(88) O: Soft References:                1            0            0 
[2026-01-06T22:07:11.520+0800][19.164s][info][gc,ref      ] GC(88) O: Weak References:                6            0            0 
[2026-01-06T22:07:11.520+0800][19.164s][info][gc,ref      ] GC(88) O: Final References:               0            0            0 
[2026-01-06T22:07:11.520+0800][19.164s][info][gc,ref      ] GC(88) O: Phantom References:             1            1            0 
[2026-01-06T22:07:11.520+0800][19.164s][info][gc,reloc    ] GC(88) O:                        Candidates     Selected     In-Place         Size        Empty    Relocated 
[2026-01-06T22:07:11.520+0800][19.164s][info][gc,reloc    ] GC(88) O: Small Pages:                    1            0            0           2M           0M           0M 
[2026-01-06T22:07:11.520+0800][19.164s][info][gc,reloc    ] GC(88) O: Medium Pages:                   0            0            0           0M           0M           0M 
[2026-01-06T22:07:11.520+0800][19.164s][info][gc,reloc    ] GC(88) O: Large Pages:                    0            0            0           0M           0M           0M 
[2026-01-06T22:07:11.520+0800][19.164s][info][gc,reloc    ] GC(88) O: Forwarding Usage: 0M
[2026-01-06T22:07:11.520+0800][19.164s][info][gc,heap     ] GC(88) O: Min Capacity: 8M(0%)
[2026-01-06T22:07:11.520+0800][19.164s][info][gc,heap     ] GC(88) O: Max Capacity: 4096M(100%)
[2026-01-06T22:07:11.520+0800][19.164s][info][gc,heap     ] GC(88) O: Soft Max Capacity: 3686M(90%)
[2026-01-06T22:07:11.520+0800][19.164s][info][gc,heap     ] GC(88) O: Heap Statistics:
[2026-01-06T22:07:11.520+0800][19.164s][info][gc,heap     ] GC(88) O:                Mark Start          Mark End        Relocate Start      Relocate End           High               Low         
[2026-01-06T22:07:11.520+0800][19.164s][info][gc,heap     ] GC(88) O:  Capacity:     3498M (85%)        3498M (85%)        3498M (85%)        3498M (85%)        3498M (85%)        3498M (85%)    
[2026-01-06T22:07:11.520+0800][19.164s][info][gc,heap     ] GC(88) O:      Free:     2682M (65%)        4072M (99%)        4070M (99%)        4070M (99%)        4086M (100%)       2678M (65%)    
[2026-01-06T22:07:11.520+0800][19.164s][info][gc,heap     ] GC(88) O:      Used:     1414M (35%)          24M (1%)           26M (1%)           26M (1%)         1418M (35%)          10M (0%)     
[2026-01-06T22:07:11.520+0800][19.164s][info][gc,heap     ] GC(88) O: Old Generation Statistics:
[2026-01-06T22:07:11.520+0800][19.164s][info][gc,heap     ] GC(88) O:                Mark Start          Mark End        Relocate Start      Relocate End    
[2026-01-06T22:07:11.520+0800][19.164s][info][gc,heap     ] GC(88) O:      Used:        2M (0%)            2M (0%)            2M (0%)            2M (0%)     
[2026-01-06T22:07:11.520+0800][19.164s][info][gc,heap     ] GC(88) O:      Live:         -                 0M (0%)            0M (0%)            0M (0%)     
[2026-01-06T22:07:11.520+0800][19.164s][info][gc,heap     ] GC(88) O:   Garbage:         -                 1M (0%)            1M (0%)            1M (0%)     
[2026-01-06T22:07:11.520+0800][19.164s][info][gc,heap     ] GC(88) O: Allocated:         -                 0M (0%)            0M (0%)            0M (0%)     
[2026-01-06T22:07:11.520+0800][19.164s][info][gc,heap     ] GC(88) O: Reclaimed:         -                  -                 0M (0%)            0M (0%)     
[2026-01-06T22:07:11.520+0800][19.164s][info][gc,heap     ] GC(88) O: Compacted:         -                  -                  -                 0M (0%)     
[2026-01-06T22:07:11.520+0800][19.164s][info][gc,phases   ] GC(88) O: Old Generation 12M(0%)->26M(1%) 0.001s
[2026-01-06T22:07:11.520+0800][19.164s][info][gc          ] GC(88) Major Collection (Proactive) 1414M(35%)->28M(1%) 0.002s
[2026-01-06T22:07:11.592+0800][19.235s][info][gc          ] GC(89) Major Collection (Proactive)
[2026-01-06T22:07:11.592+0800][19.236s][info][gc,task     ] GC(89) Using 1 Workers for Young Generation
[2026-01-06T22:07:11.592+0800][19.236s][info][gc,task     ] GC(89) Using 1 Workers for Old Generation
[2026-01-06T22:07:11.592+0800][19.236s][info][gc,phases   ] GC(89) Y: Young Generation
[2026-01-06T22:07:11.592+0800][19.236s][info][gc,phases   ] GC(89) Y: Pause Mark Start (Major) 0.004ms
[2026-01-06T22:07:11.592+0800][19.236s][info][gc,phases   ] GC(89) Y: Concurrent Mark 0.156ms
[2026-01-06T22:07:11.592+0800][19.236s][info][gc,phases   ] GC(89) Y: Pause Mark End 0.003ms
[2026-01-06T22:07:11.592+0800][19.236s][info][gc,phases   ] GC(89) Y: Concurrent Mark Free 0.000ms
[2026-01-06T22:07:11.592+0800][19.236s][info][gc,phases   ] GC(89) Y: Concurrent Reset Relocation Set 0.000ms
[2026-01-06T22:07:11.592+0800][19.236s][info][gc,reloc    ] GC(89) Y: Using tenuring threshold: 1 (Computed)
[2026-01-06T22:07:11.592+0800][19.236s][info][gc,phases   ] GC(89) Y: Concurrent Select Relocation Set 0.136ms
[2026-01-06T22:07:11.592+0800][19.236s][info][gc,phases   ] GC(89) Y: Pause Relocate Start 0.001ms
[2026-01-06T22:07:11.592+0800][19.236s][info][gc,phases   ] GC(89) Y: Concurrent Relocate 0.010ms
[2026-01-06T22:07:11.592+0800][19.236s][info][gc,alloc    ] GC(89) Y:                         Mark Start        Mark End      Relocate Start    Relocate End   
[2026-01-06T22:07:11.592+0800][19.236s][info][gc,alloc    ] GC(89) Y: Allocation Stalls:          0                0                0                0         
[2026-01-06T22:07:11.592+0800][19.236s][info][gc,load     ] GC(89) Y: Load: 1.45 (15%) / 1.68 (17%) / 1.97 (20%)
[2026-01-06T22:07:11.592+0800][19.236s][info][gc,mmu      ] GC(89) Y: MMU: 2ms/97.4%, 5ms/98.6%, 10ms/99.3%, 20ms/99.5%, 50ms/99.8%, 100ms/99.9%
[2026-01-06T22:07:11.592+0800][19.236s][info][gc,marking  ] GC(89) Y: Mark: 1 stripe(s), 2 proactive flush(es), 1 terminate flush(es), 0 completion(s), 0 continuation(s) 
[2026-01-06T22:07:11.592+0800][19.236s][info][gc,nmethod  ] GC(89) Y: NMethods: 120 registered, 37 unregistered
[2026-01-06T22:07:11.592+0800][19.236s][info][gc,metaspace] GC(89) Y: Metaspace: 0M used, 0M committed, 1088M reserved
[2026-01-06T22:07:11.592+0800][19.236s][info][gc,reloc    ] GC(89) Y:                        Candidates     Selected     In-Place         Size        Empty    Relocated 
[2026-01-06T22:07:11.592+0800][19.236s][info][gc,reloc    ] GC(89) Y: Small Pages:                  706            0            0        1412M        1410M           0M 
[2026-01-06T22:07:11.592+0800][19.236s][info][gc,reloc    ] GC(89) Y: Medium Pages:                   0            0            0           0M           0M           0M 
[2026-01-06T22:07:11.592+0800][19.236s][info][gc,reloc    ] GC(89) Y: Large Pages:                    0            0            0           0M           0M           0M 
[2026-01-06T22:07:11.592+0800][19.236s][info][gc,reloc    ] GC(89) Y: Forwarding Usage: 0M
[2026-01-06T22:07:11.592+0800][19.236s][info][gc,reloc    ] GC(89) Y: Age Table:
[2026-01-06T22:07:11.592+0800][19.236s][info][gc,reloc    ] GC(89) Y:                    Live             Garbage             Small              Medium             Large        
[2026-01-06T22:07:11.592+0800][19.236s][info][gc,reloc    ] GC(89) Y: Eden               0M (0%)         1409M (34%)        705 / 0              0 / 0              0 / 0        
[2026-01-06T22:07:11.592+0800][19.236s][info][gc,reloc    ] GC(89) Y: Survivor 1          -                 2M (0%)           1 / 0              0 / 0              0 / 0        
[2026-01-06T22:07:11.592+0800][19.236s][info][gc,heap     ] GC(89) Y: Min Capacity: 8M(0%)
[2026-01-06T22:07:11.592+0800][19.236s][info][gc,heap     ] GC(89) Y: Max Capacity: 4096M(100%)
[2026-01-06T22:07:11.592+0800][19.236s][info][gc,heap     ] GC(89) Y: Soft Max Capacity: 3686M(90%)
[2026-01-06T22:07:11.592+0800][19.236s][info][gc,heap     ] GC(89) Y: Heap Statistics:
[2026-01-06T22:07:11.592+0800][19.236s][info][gc,heap     ] GC(89) Y:                Mark Start          Mark End        Relocate Start      Relocate End           High               Low         
[2026-01-06T22:07:11.592+0800][19.236s][info][gc,heap     ] GC(89) Y:  Capacity:     3498M (85%)        3498M (85%)        3498M (85%)        3498M (85%)        3498M (85%)        3498M (85%)    
[2026-01-06T22:07:11.592+0800][19.236s][info][gc,heap     ] GC(89) Y:      Free:     2682M (65%)        2678M (65%)        4086M (100%)       4086M (100%)       4086M (100%)       2678M (65%)    
[2026-01-06T22:07:11.592+0800][19.236s][info][gc,heap     ] GC(89) Y:      Used:     1414M (35%)        1418M (35%)          10M (0%)           10M (0%)         1418M (35%)          10M (0%)     
[2026-01-06T22:07:11.592+0800][19.236s][info][gc,heap     ] GC(89) Y: Young Generation Statistics:
[2026-01-06T22:07:11.592+0800][19.236s][info][gc,heap     ] GC(89) Y:                Mark Start          Mark End        Relocate Start      Relocate End    
[2026-01-06T22:07:11.592+0800][19.236s][info][gc,heap     ] GC(89) Y:      Used:     1412M (34%)        1416M (35%)           8M (0%)            8M (0%)     
[2026-01-06T22:07:11.592+0800][19.236s][info][gc,heap     ] GC(89) Y:      Live:         -                 0M (0%)            0M (0%)            0M (0%)     
[2026-01-06T22:07:11.592+0800][19.236s][info][gc,heap     ] GC(89) Y:   Garbage:         -              1411M (34%)           1M (0%)            1M (0%)     
[2026-01-06T22:07:11.592+0800][19.236s][info][gc,heap     ] GC(89) Y: Allocated:         -                 4M (0%)            6M (0%)            6M (0%)     
[2026-01-06T22:07:11.592+0800][19.236s][info][gc,heap     ] GC(89) Y: Reclaimed:         -                  -              1410M (34%)        1410M (34%)    
[2026-01-06T22:07:11.592+0800][19.236s][info][gc,heap     ] GC(89) Y:  Promoted:         -                  -                 0M (0%)            0M (0%)     
[2026-01-06T22:07:11.592+0800][19.236s][info][gc,heap     ] GC(89) Y: Compacted:         -                  -                  -                 0M (0%)     
[2026-01-06T22:07:11.592+0800][19.236s][info][gc,phases   ] GC(89) Y: Young Generation 1414M(35%)->10M(0%) 0.000s
[2026-01-06T22:07:11.592+0800][19.236s][info][gc,phases   ] GC(89) O: Old Generation
[2026-01-06T22:07:11.593+0800][19.237s][info][gc,phases   ] GC(89) O: Concurrent Mark 0.615ms
[2026-01-06T22:07:11.593+0800][19.237s][info][gc,phases   ] GC(89) O: Pause Mark End 0.003ms
[2026-01-06T22:07:11.593+0800][19.237s][info][gc,phases   ] GC(89) O: Concurrent Mark Free 0.000ms
[2026-01-06T22:07:11.593+0800][19.237s][info][gc,phases   ] GC(89) O: Concurrent Process Non-Strong 0.115ms
[2026-01-06T22:07:11.593+0800][19.237s][info][gc,phases   ] GC(89) O: Concurrent Reset Relocation Set 0.000ms
[2026-01-06T22:07:11.593+0800][19.237s][info][gc,phases   ] GC(89) O: Concurrent Select Relocation Set 0.017ms
[2026-01-06T22:07:11.593+0800][19.237s][info][gc,task     ] GC(89) O: Using 2 Workers for Old Generation
[2026-01-06T22:07:11.593+0800][19.237s][info][gc,task     ] GC(89) O: Using 1 Workers for Old Generation
[2026-01-06T22:07:11.593+0800][19.237s][info][gc,phases   ] GC(89) O: Concurrent Remap Roots 0.046ms
[2026-01-06T22:07:11.593+0800][19.237s][info][gc,phases   ] GC(89) O: Pause Relocate Start 0.002ms
[2026-01-06T22:07:11.593+0800][19.237s][info][gc,phases   ] GC(89) O: Concurrent Relocate 0.005ms
[2026-01-06T22:07:11.593+0800][19.237s][info][gc,alloc    ] GC(89) O:                         Mark Start        Mark End      Relocate Start    Relocate End   
[2026-01-06T22:07:11.593+0800][19.237s][info][gc,alloc    ] GC(89) O: Allocation Stalls:          0                0                0                0         
[2026-01-06T22:07:11.593+0800][19.237s][info][gc,load     ] GC(89) O: Load: 1.45 (15%) / 1.68 (17%) / 1.97 (20%)
[2026-01-06T22:07:11.593+0800][19.237s][info][gc,mmu      ] GC(89) O: MMU: 2ms/97.4%, 5ms/98.6%, 10ms/99.3%, 20ms/99.5%, 50ms/99.8%, 100ms/99.9%
[2026-01-06T22:07:11.593+0800][19.237s][info][gc,marking  ] GC(89) O: Mark: 1 stripe(s), 2 proactive flush(es), 1 terminate flush(es), 0 completion(s), 0 continuation(s) 
[2026-01-06T22:07:11.593+0800][19.237s][info][gc,nmethod  ] GC(89) O: NMethods: 120 registered, 37 unregistered
[2026-01-06T22:07:11.593+0800][19.237s][info][gc,metaspace] GC(89) O: Metaspace: 0M used, 0M committed, 1088M reserved
[2026-01-06T22:07:11.593+0800][19.237s][info][gc,ref      ] GC(89) O:                       Encountered   Discovered     Enqueued 
[2026-01-06T22:07:11.593+0800][19.237s][info][gc,ref      ] GC(89) O: Soft References:                1            0            0 
[2026-01-06T22:07:11.593+0800][19.237s][info][gc,ref      ] GC(89) O: Weak References:                6            0            0 
[2026-01-06T22:07:11.593+0800][19.237s][info][gc,ref      ] GC(89) O: Final References:               0            0            0 
[2026-01-06T22:07:11.593+0800][19.237s][info][gc,ref      ] GC(89) O: Phantom References:             1            1            0 
[2026-01-06T22:07:11.593+0800][19.237s][info][gc,reloc    ] GC(89) O:                        Candidates     Selected     In-Place         Size        Empty    Relocated 
[2026-01-06T22:07:11.593+0800][19.237s][info][gc,reloc    ] GC(89) O: Small Pages:                    1            0            0           2M           0M           0M 
[2026-01-06T22:07:11.593+0800][19.237s][info][gc,reloc    ] GC(89) O: Medium Pages:                   0            0            0           0M           0M           0M 
[2026-01-06T22:07:11.593+0800][19.237s][info][gc,reloc    ] GC(89) O: Large Pages:                    0            0            0           0M           0M           0M 
[2026-01-06T22:07:11.593+0800][19.237s][info][gc,reloc    ] GC(89) O: Forwarding Usage: 0M
[2026-01-06T22:07:11.593+0800][19.237s][info][gc,heap     ] GC(89) O: Min Capacity: 8M(0%)
[2026-01-06T22:07:11.593+0800][19.237s][info][gc,heap     ] GC(89) O: Max Capacity: 4096M(100%)
[2026-01-06T22:07:11.593+0800][19.237s][info][gc,heap     ] GC(89) O: Soft Max Capacity: 3686M(90%)
[2026-01-06T22:07:11.593+0800][19.237s][info][gc,heap     ] GC(89) O: Heap Statistics:
[2026-01-06T22:07:11.593+0800][19.237s][info][gc,heap     ] GC(89) O:                Mark Start          Mark End        Relocate Start      Relocate End           High               Low         
[2026-01-06T22:07:11.593+0800][19.237s][info][gc,heap     ] GC(89) O:  Capacity:     3498M (85%)        3498M (85%)        3498M (85%)        3498M (85%)        3498M (85%)        3498M (85%)    
[2026-01-06T22:07:11.593+0800][19.237s][info][gc,heap     ] GC(89) O:      Free:     2682M (65%)        4070M (99%)        4068M (99%)        4068M (99%)        4086M (100%)       2678M (65%)    
[2026-01-06T22:07:11.593+0800][19.237s][info][gc,heap     ] GC(89) O:      Used:     1414M (35%)          26M (1%)           28M (1%)           28M (1%)         1418M (35%)          10M (0%)     
[2026-01-06T22:07:11.593+0800][19.237s][info][gc,heap     ] GC(89) O: Old Generation Statistics:
[2026-01-06T22:07:11.593+0800][19.237s][info][gc,heap     ] GC(89) O:                Mark Start          Mark End        Relocate Start      Relocate End    
[2026-01-06T22:07:11.593+0800][19.237s][info][gc,heap     ] GC(89) O:      Used:        2M (0%)            2M (0%)            2M (0%)            2M (0%)     
[2026-01-06T22:07:11.593+0800][19.237s][info][gc,heap     ] GC(89) O:      Live:         -                 0M (0%)            0M (0%)            0M (0%)     
[2026-01-06T22:07:11.593+0800][19.237s][info][gc,heap     ] GC(89) O:   Garbage:         -                 1M (0%)            1M (0%)            1M (0%)     
[2026-01-06T22:07:11.593+0800][19.237s][info][gc,heap     ] GC(89) O: Allocated:         -                 0M (0%)            0M (0%)            0M (0%)     
[2026-01-06T22:07:11.593+0800][19.237s][info][gc,heap     ] GC(89) O: Reclaimed:         -                  -                 0M (0%)            0M (0%)     
[2026-01-06T22:07:11.593+0800][19.237s][info][gc,heap     ] GC(89) O: Compacted:         -                  -                  -                 0M (0%)     
[2026-01-06T22:07:11.593+0800][19.237s][info][gc,phases   ] GC(89) O: Old Generation 12M(0%)->28M(1%) 0.001s
[2026-01-06T22:07:11.593+0800][19.237s][info][gc          ] GC(89) Major Collection (Proactive) 1414M(35%)->30M(1%) 0.002s
[2026-01-06T22:07:11.665+0800][19.309s][info][gc          ] GC(90) Major Collection (Proactive)
[2026-01-06T22:07:11.665+0800][19.309s][info][gc,task     ] GC(90) Using 1 Workers for Young Generation
[2026-01-06T22:07:11.665+0800][19.309s][info][gc,task     ] GC(90) Using 1 Workers for Old Generation
[2026-01-06T22:07:11.665+0800][19.309s][info][gc,phases   ] GC(90) Y: Young Generation
[2026-01-06T22:07:11.665+0800][19.309s][info][gc,phases   ] GC(90) Y: Pause Mark Start (Major) 0.004ms
[2026-01-06T22:07:11.666+0800][19.309s][info][gc,phases   ] GC(90) Y: Concurrent Mark 0.145ms
[2026-01-06T22:07:11.666+0800][19.310s][info][gc,phases   ] GC(90) Y: Pause Mark End 0.003ms
[2026-01-06T22:07:11.666+0800][19.310s][info][gc,phases   ] GC(90) Y: Concurrent Mark Free 0.000ms
[2026-01-06T22:07:11.666+0800][19.310s][info][gc,phases   ] GC(90) Y: Concurrent Reset Relocation Set 0.000ms
[2026-01-06T22:07:11.666+0800][19.310s][info][gc,reloc    ] GC(90) Y: Using tenuring threshold: 1 (Computed)
[2026-01-06T22:07:11.666+0800][19.310s][info][gc,phases   ] GC(90) Y: Concurrent Select Relocation Set 0.135ms
[2026-01-06T22:07:11.666+0800][19.310s][info][gc,phases   ] GC(90) Y: Pause Relocate Start 0.001ms
[2026-01-06T22:07:11.666+0800][19.310s][info][gc,phases   ] GC(90) Y: Concurrent Relocate 0.009ms
[2026-01-06T22:07:11.666+0800][19.310s][info][gc,alloc    ] GC(90) Y:                         Mark Start        Mark End      Relocate Start    Relocate End   
[2026-01-06T22:07:11.666+0800][19.310s][info][gc,alloc    ] GC(90) Y: Allocation Stalls:          0                0                0                0         
[2026-01-06T22:07:11.666+0800][19.310s][info][gc,load     ] GC(90) Y: Load: 1.45 (15%) / 1.68 (17%) / 1.97 (20%)
[2026-01-06T22:07:11.666+0800][19.310s][info][gc,mmu      ] GC(90) Y: MMU: 2ms/97.4%, 5ms/98.6%, 10ms/99.3%, 20ms/99.5%, 50ms/99.8%, 100ms/99.9%
[2026-01-06T22:07:11.666+0800][19.310s][info][gc,marking  ] GC(90) Y: Mark: 1 stripe(s), 2 proactive flush(es), 1 terminate flush(es), 0 completion(s), 0 continuation(s) 
[2026-01-06T22:07:11.666+0800][19.310s][info][gc,nmethod  ] GC(90) Y: NMethods: 120 registered, 37 unregistered
[2026-01-06T22:07:11.666+0800][19.310s][info][gc,metaspace] GC(90) Y: Metaspace: 0M used, 0M committed, 1088M reserved
[2026-01-06T22:07:11.666+0800][19.310s][info][gc,reloc    ] GC(90) Y:                        Candidates     Selected     In-Place         Size        Empty    Relocated 
[2026-01-06T22:07:11.666+0800][19.310s][info][gc,reloc    ] GC(90) Y: Small Pages:                  706            0            0        1412M        1410M           0M 
[2026-01-06T22:07:11.666+0800][19.310s][info][gc,reloc    ] GC(90) Y: Medium Pages:                   0            0            0           0M           0M           0M 
[2026-01-06T22:07:11.666+0800][19.310s][info][gc,reloc    ] GC(90) Y: Large Pages:                    0            0            0           0M           0M           0M 
[2026-01-06T22:07:11.666+0800][19.310s][info][gc,reloc    ] GC(90) Y: Forwarding Usage: 0M
[2026-01-06T22:07:11.666+0800][19.310s][info][gc,reloc    ] GC(90) Y: Age Table:
[2026-01-06T22:07:11.666+0800][19.310s][info][gc,reloc    ] GC(90) Y:                    Live             Garbage             Small              Medium             Large        
[2026-01-06T22:07:11.666+0800][19.310s][info][gc,reloc    ] GC(90) Y: Eden               0M (0%)         1409M (34%)        705 / 0              0 / 0              0 / 0        
[2026-01-06T22:07:11.666+0800][19.310s][info][gc,reloc    ] GC(90) Y: Survivor 1          -                 2M (0%)           1 / 0              0 / 0              0 / 0        
[2026-01-06T22:07:11.666+0800][19.310s][info][gc,heap     ] GC(90) Y: Min Capacity: 8M(0%)
[2026-01-06T22:07:11.666+0800][19.310s][info][gc,heap     ] GC(90) Y: Max Capacity: 4096M(100%)
[2026-01-06T22:07:11.666+0800][19.310s][info][gc,heap     ] GC(90) Y: Soft Max Capacity: 3686M(90%)
[2026-01-06T22:07:11.666+0800][19.310s][info][gc,heap     ] GC(90) Y: Heap Statistics:
[2026-01-06T22:07:11.666+0800][19.310s][info][gc,heap     ] GC(90) Y:                Mark Start          Mark End        Relocate Start      Relocate End           High               Low         
[2026-01-06T22:07:11.666+0800][19.310s][info][gc,heap     ] GC(90) Y:  Capacity:     3498M (85%)        3498M (85%)        3498M (85%)        3498M (85%)        3498M (85%)        3498M (85%)    
[2026-01-06T22:07:11.666+0800][19.310s][info][gc,heap     ] GC(90) Y:      Free:     2682M (65%)        2678M (65%)        4086M (100%)       4086M (100%)       4086M (100%)       2678M (65%)    
[2026-01-06T22:07:11.666+0800][19.310s][info][gc,heap     ] GC(90) Y:      Used:     1414M (35%)        1418M (35%)          10M (0%)           10M (0%)         1418M (35%)          10M (0%)     
[2026-01-06T22:07:11.666+0800][19.310s][info][gc,heap     ] GC(90) Y: Young Generation Statistics:
[2026-01-06T22:07:11.666+0800][19.310s][info][gc,heap     ] GC(90) Y:                Mark Start          Mark End        Relocate Start      Relocate End    
[2026-01-06T22:07:11.666+0800][19.310s][info][gc,heap     ] GC(90) Y:      Used:     1412M (34%)        1416M (35%)           8M (0%)            8M (0%)     
[2026-01-06T22:07:11.666+0800][19.310s][info][gc,heap     ] GC(90) Y:      Live:         -                 0M (0%)            0M (0%)            0M (0%)     
[2026-01-06T22:07:11.666+0800][19.310s][info][gc,heap     ] GC(90) Y:   Garbage:         -              1411M (34%)           1M (0%)            1M (0%)     
[2026-01-06T22:07:11.666+0800][19.310s][info][gc,heap     ] GC(90) Y: Allocated:         -                 4M (0%)            6M (0%)            6M (0%)     
[2026-01-06T22:07:11.666+0800][19.310s][info][gc,heap     ] GC(90) Y: Reclaimed:         -                  -              1410M (34%)        1410M (34%)    
[2026-01-06T22:07:11.666+0800][19.310s][info][gc,heap     ] GC(90) Y:  Promoted:         -                  -                 0M (0%)            0M (0%)     
[2026-01-06T22:07:11.666+0800][19.310s][info][gc,heap     ] GC(90) Y: Compacted:         -                  -                  -                 0M (0%)     
[2026-01-06T22:07:11.666+0800][19.310s][info][gc,phases   ] GC(90) Y: Young Generation 1414M(35%)->10M(0%) 0.000s
[2026-01-06T22:07:11.666+0800][19.310s][info][gc,phases   ] GC(90) O: Old Generation
[2026-01-06T22:07:11.667+0800][19.310s][info][gc,phases   ] GC(90) O: Concurrent Mark 0.584ms
[2026-01-06T22:07:11.667+0800][19.310s][info][gc,phases   ] GC(90) O: Pause Mark End 0.003ms
[2026-01-06T22:07:11.667+0800][19.310s][info][gc,phases   ] GC(90) O: Concurrent Mark Free 0.000ms
[2026-01-06T22:07:11.667+0800][19.311s][info][gc,phases   ] GC(90) O: Concurrent Process Non-Strong 0.112ms
[2026-01-06T22:07:11.667+0800][19.311s][info][gc,phases   ] GC(90) O: Concurrent Reset Relocation Set 0.000ms
[2026-01-06T22:07:11.667+0800][19.311s][info][gc,phases   ] GC(90) O: Concurrent Select Relocation Set 0.017ms
[2026-01-06T22:07:11.667+0800][19.311s][info][gc,task     ] GC(90) O: Using 2 Workers for Old Generation
[2026-01-06T22:07:11.667+0800][19.311s][info][gc,task     ] GC(90) O: Using 1 Workers for Old Generation
[2026-01-06T22:07:11.667+0800][19.311s][info][gc,phases   ] GC(90) O: Concurrent Remap Roots 0.047ms
[2026-01-06T22:07:11.667+0800][19.311s][info][gc,phases   ] GC(90) O: Pause Relocate Start 0.001ms
[2026-01-06T22:07:11.667+0800][19.311s][info][gc,phases   ] GC(90) O: Concurrent Relocate 0.005ms
[2026-01-06T22:07:11.667+0800][19.311s][info][gc,alloc    ] GC(90) O:                         Mark Start        Mark End      Relocate Start    Relocate End   
[2026-01-06T22:07:11.667+0800][19.311s][info][gc,alloc    ] GC(90) O: Allocation Stalls:          0                0                0                0         
[2026-01-06T22:07:11.667+0800][19.311s][info][gc,load     ] GC(90) O: Load: 1.45 (15%) / 1.68 (17%) / 1.97 (20%)
[2026-01-06T22:07:11.667+0800][19.311s][info][gc,mmu      ] GC(90) O: MMU: 2ms/97.4%, 5ms/98.6%, 10ms/99.3%, 20ms/99.5%, 50ms/99.8%, 100ms/99.9%
[2026-01-06T22:07:11.667+0800][19.311s][info][gc,marking  ] GC(90) O: Mark: 1 stripe(s), 2 proactive flush(es), 1 terminate flush(es), 0 completion(s), 0 continuation(s) 
[2026-01-06T22:07:11.667+0800][19.311s][info][gc,nmethod  ] GC(90) O: NMethods: 120 registered, 37 unregistered
[2026-01-06T22:07:11.667+0800][19.311s][info][gc,metaspace] GC(90) O: Metaspace: 0M used, 0M committed, 1088M reserved
[2026-01-06T22:07:11.667+0800][19.311s][info][gc,ref      ] GC(90) O:                       Encountered   Discovered     Enqueued 
[2026-01-06T22:07:11.667+0800][19.311s][info][gc,ref      ] GC(90) O: Soft References:                1            0            0 
[2026-01-06T22:07:11.667+0800][19.311s][info][gc,ref      ] GC(90) O: Weak References:                6            0            0 
[2026-01-06T22:07:11.667+0800][19.311s][info][gc,ref      ] GC(90) O: Final References:               0            0            0 
[2026-01-06T22:07:11.667+0800][19.311s][info][gc,ref      ] GC(90) O: Phantom References:             1            1            0 
[2026-01-06T22:07:11.667+0800][19.311s][info][gc,reloc    ] GC(90) O:                        Candidates     Selected     In-Place         Size        Empty    Relocated 
[2026-01-06T22:07:11.667+0800][19.311s][info][gc,reloc    ] GC(90) O: Small Pages:                    1            0            0           2M           0M           0M 
[2026-01-06T22:07:11.667+0800][19.311s][info][gc,reloc    ] GC(90) O: Medium Pages:                   0            0            0           0M           0M           0M 
[2026-01-06T22:07:11.667+0800][19.311s][info][gc,reloc    ] GC(90) O: Large Pages:                    0            0            0           0M           0M           0M 
[2026-01-06T22:07:11.667+0800][19.311s][info][gc,reloc    ] GC(90) O: Forwarding Usage: 0M
[2026-01-06T22:07:11.667+0800][19.311s][info][gc,heap     ] GC(90) O: Min Capacity: 8M(0%)
[2026-01-06T22:07:11.667+0800][19.311s][info][gc,heap     ] GC(90) O: Max Capacity: 4096M(100%)
[2026-01-06T22:07:11.667+0800][19.311s][info][gc,heap     ] GC(90) O: Soft Max Capacity: 3686M(90%)
[2026-01-06T22:07:11.667+0800][19.311s][info][gc,heap     ] GC(90) O: Heap Statistics:
[2026-01-06T22:07:11.667+0800][19.311s][info][gc,heap     ] GC(90) O:                Mark Start          Mark End        Relocate Start      Relocate End           High               Low         
[2026-01-06T22:07:11.667+0800][19.311s][info][gc,heap     ] GC(90) O:  Capacity:     3498M (85%)        3498M (85%)        3498M (85%)        3498M (85%)        3498M (85%)        3498M (85%)    
[2026-01-06T22:07:11.667+0800][19.311s][info][gc,heap     ] GC(90) O:      Free:     2682M (65%)        4074M (99%)        4070M (99%)        4070M (99%)        4086M (100%)       2678M (65%)    
[2026-01-06T22:07:11.667+0800][19.311s][info][gc,heap     ] GC(90) O:      Used:     1414M (35%)          22M (1%)           26M (1%)           26M (1%)         1418M (35%)          10M (0%)     
[2026-01-06T22:07:11.667+0800][19.311s][info][gc,heap     ] GC(90) O: Old Generation Statistics:
[2026-01-06T22:07:11.667+0800][19.311s][info][gc,heap     ] GC(90) O:                Mark Start          Mark End        Relocate Start      Relocate End    
[2026-01-06T22:07:11.667+0800][19.311s][info][gc,heap     ] GC(90) O:      Used:        2M (0%)            2M (0%)            2M (0%)            2M (0%)     
[2026-01-06T22:07:11.667+0800][19.311s][info][gc,heap     ] GC(90) O:      Live:         -                 0M (0%)            0M (0%)            0M (0%)     
[2026-01-06T22:07:11.667+0800][19.311s][info][gc,heap     ] GC(90) O:   Garbage:         -                 1M (0%)            1M (0%)            1M (0%)     
[2026-01-06T22:07:11.667+0800][19.311s][info][gc,heap     ] GC(90) O: Allocated:         -                 0M (0%)            0M (0%)            0M (0%)     
[2026-01-06T22:07:11.667+0800][19.311s][info][gc,heap     ] GC(90) O: Reclaimed:         -                  -                 0M (0%)            0M (0%)     
[2026-01-06T22:07:11.667+0800][19.311s][info][gc,heap     ] GC(90) O: Compacted:         -                  -                  -                 0M (0%)     
[2026-01-06T22:07:11.667+0800][19.311s][info][gc,phases   ] GC(90) O: Old Generation 12M(0%)->26M(1%) 0.001s
[2026-01-06T22:07:11.667+0800][19.311s][info][gc          ] GC(90) Major Collection (Proactive) 1414M(35%)->28M(1%) 0.002s
[2026-01-06T22:07:11.737+0800][19.381s][info][gc          ] GC(91) Major Collection (Proactive)
[2026-01-06T22:07:11.737+0800][19.381s][info][gc,task     ] GC(91) Using 1 Workers for Young Generation
[2026-01-06T22:07:11.737+0800][19.381s][info][gc,task     ] GC(91) Using 1 Workers for Old Generation
[2026-01-06T22:07:11.737+0800][19.381s][info][gc,phases   ] GC(91) Y: Young Generation
[2026-01-06T22:07:11.737+0800][19.381s][info][gc,phases   ] GC(91) Y: Pause Mark Start (Major) 0.003ms
[2026-01-06T22:07:11.738+0800][19.381s][info][gc,phases   ] GC(91) Y: Concurrent Mark 0.148ms
[2026-01-06T22:07:11.738+0800][19.381s][info][gc,phases   ] GC(91) Y: Pause Mark End 0.003ms
[2026-01-06T22:07:11.738+0800][19.381s][info][gc,phases   ] GC(91) Y: Concurrent Mark Free 0.000ms
[2026-01-06T22:07:11.738+0800][19.381s][info][gc,phases   ] GC(91) Y: Concurrent Reset Relocation Set 0.000ms
[2026-01-06T22:07:11.738+0800][19.382s][info][gc,reloc    ] GC(91) Y: Using tenuring threshold: 1 (Computed)
[2026-01-06T22:07:11.738+0800][19.382s][info][gc,phases   ] GC(91) Y: Concurrent Select Relocation Set 0.127ms
[2026-01-06T22:07:11.738+0800][19.382s][info][gc,phases   ] GC(91) Y: Pause Relocate Start 0.001ms
[2026-01-06T22:07:11.738+0800][19.382s][info][gc,phases   ] GC(91) Y: Concurrent Relocate 0.011ms
[2026-01-06T22:07:11.738+0800][19.382s][info][gc,alloc    ] GC(91) Y:                         Mark Start        Mark End      Relocate Start    Relocate End   
[2026-01-06T22:07:11.738+0800][19.382s][info][gc,alloc    ] GC(91) Y: Allocation Stalls:          0                0                0                0         
[2026-01-06T22:07:11.738+0800][19.382s][info][gc,load     ] GC(91) Y: Load: 1.45 (15%) / 1.68 (17%) / 1.97 (20%)
[2026-01-06T22:07:11.738+0800][19.382s][info][gc,mmu      ] GC(91) Y: MMU: 2ms/97.4%, 5ms/98.6%, 10ms/99.3%, 20ms/99.5%, 50ms/99.8%, 100ms/99.9%
[2026-01-06T22:07:11.738+0800][19.382s][info][gc,marking  ] GC(91) Y: Mark: 1 stripe(s), 2 proactive flush(es), 1 terminate flush(es), 0 completion(s), 0 continuation(s) 
[2026-01-06T22:07:11.738+0800][19.382s][info][gc,nmethod  ] GC(91) Y: NMethods: 120 registered, 37 unregistered
[2026-01-06T22:07:11.738+0800][19.382s][info][gc,metaspace] GC(91) Y: Metaspace: 0M used, 0M committed, 1088M reserved
[2026-01-06T22:07:11.738+0800][19.382s][info][gc,reloc    ] GC(91) Y:                        Candidates     Selected     In-Place         Size        Empty    Relocated 
[2026-01-06T22:07:11.738+0800][19.382s][info][gc,reloc    ] GC(91) Y: Small Pages:                  676            0            0        1352M        1350M           0M 
[2026-01-06T22:07:11.738+0800][19.382s][info][gc,reloc    ] GC(91) Y: Medium Pages:                   0            0            0           0M           0M           0M 
[2026-01-06T22:07:11.738+0800][19.382s][info][gc,reloc    ] GC(91) Y: Large Pages:                    0            0            0           0M           0M           0M 
[2026-01-06T22:07:11.738+0800][19.382s][info][gc,reloc    ] GC(91) Y: Forwarding Usage: 0M
[2026-01-06T22:07:11.738+0800][19.382s][info][gc,reloc    ] GC(91) Y: Age Table:
[2026-01-06T22:07:11.738+0800][19.382s][info][gc,reloc    ] GC(91) Y:                    Live             Garbage             Small              Medium             Large        
[2026-01-06T22:07:11.738+0800][19.382s][info][gc,reloc    ] GC(91) Y: Eden               0M (0%)         1349M (33%)        675 / 0              0 / 0              0 / 0        
[2026-01-06T22:07:11.738+0800][19.382s][info][gc,reloc    ] GC(91) Y: Survivor 1          -                 2M (0%)           1 / 0              0 / 0              0 / 0        
[2026-01-06T22:07:11.738+0800][19.382s][info][gc,heap     ] GC(91) Y: Min Capacity: 8M(0%)
[2026-01-06T22:07:11.738+0800][19.382s][info][gc,heap     ] GC(91) Y: Max Capacity: 4096M(100%)
[2026-01-06T22:07:11.738+0800][19.382s][info][gc,heap     ] GC(91) Y: Soft Max Capacity: 3686M(90%)
[2026-01-06T22:07:11.738+0800][19.382s][info][gc,heap     ] GC(91) Y: Heap Statistics:
[2026-01-06T22:07:11.738+0800][19.382s][info][gc,heap     ] GC(91) Y:                Mark Start          Mark End        Relocate Start      Relocate End           High               Low         
[2026-01-06T22:07:11.738+0800][19.382s][info][gc,heap     ] GC(91) Y:  Capacity:     3498M (85%)        3498M (85%)        3498M (85%)        3498M (85%)        3498M (85%)        3498M (85%)    
[2026-01-06T22:07:11.738+0800][19.382s][info][gc,heap     ] GC(91) Y:      Free:     2742M (67%)        2738M (67%)        4086M (100%)       4086M (100%)       4086M (100%)       2738M (67%)    
[2026-01-06T22:07:11.738+0800][19.382s][info][gc,heap     ] GC(91) Y:      Used:     1354M (33%)        1358M (33%)          10M (0%)           10M (0%)         1358M (33%)          10M (0%)     
[2026-01-06T22:07:11.738+0800][19.382s][info][gc,heap     ] GC(91) Y: Young Generation Statistics:
[2026-01-06T22:07:11.738+0800][19.382s][info][gc,heap     ] GC(91) Y:                Mark Start          Mark End        Relocate Start      Relocate End    
[2026-01-06T22:07:11.738+0800][19.382s][info][gc,heap     ] GC(91) Y:      Used:     1352M (33%)        1356M (33%)           8M (0%)            8M (0%)     
[2026-01-06T22:07:11.738+0800][19.382s][info][gc,heap     ] GC(91) Y:      Live:         -                 0M (0%)            0M (0%)            0M (0%)     
[2026-01-06T22:07:11.738+0800][19.382s][info][gc,heap     ] GC(91) Y:   Garbage:         -              1351M (33%)           1M (0%)            1M (0%)     
[2026-01-06T22:07:11.738+0800][19.382s][info][gc,heap     ] GC(91) Y: Allocated:         -                 4M (0%)            6M (0%)            6M (0%)     
[2026-01-06T22:07:11.738+0800][19.382s][info][gc,heap     ] GC(91) Y: Reclaimed:         -                  -              1350M (33%)        1350M (33%)    
[2026-01-06T22:07:11.738+0800][19.382s][info][gc,heap     ] GC(91) Y:  Promoted:         -                  -                 0M (0%)            0M (0%)     
[2026-01-06T22:07:11.738+0800][19.382s][info][gc,heap     ] GC(91) Y: Compacted:         -                  -                  -                 0M (0%)     
[2026-01-06T22:07:11.738+0800][19.382s][info][gc,phases   ] GC(91) Y: Young Generation 1354M(33%)->10M(0%) 0.000s
[2026-01-06T22:07:11.738+0800][19.382s][info][gc,phases   ] GC(91) O: Old Generation
[2026-01-06T22:07:11.738+0800][19.382s][info][gc,phases   ] GC(91) O: Concurrent Mark 0.586ms
[2026-01-06T22:07:11.738+0800][19.382s][info][gc,phases   ] GC(91) O: Pause Mark End 0.002ms
[2026-01-06T22:07:11.738+0800][19.382s][info][gc,phases   ] GC(91) O: Concurrent Mark Free 0.000ms
[2026-01-06T22:07:11.739+0800][19.382s][info][gc,phases   ] GC(91) O: Concurrent Process Non-Strong 0.120ms
[2026-01-06T22:07:11.739+0800][19.382s][info][gc,phases   ] GC(91) O: Concurrent Reset Relocation Set 0.000ms
[2026-01-06T22:07:11.739+0800][19.382s][info][gc,phases   ] GC(91) O: Concurrent Select Relocation Set 0.017ms
[2026-01-06T22:07:11.739+0800][19.382s][info][gc,task     ] GC(91) O: Using 2 Workers for Old Generation
[2026-01-06T22:07:11.739+0800][19.383s][info][gc,task     ] GC(91) O: Using 1 Workers for Old Generation
[2026-01-06T22:07:11.739+0800][19.383s][info][gc,phases   ] GC(91) O: Concurrent Remap Roots 0.047ms
[2026-01-06T22:07:11.739+0800][19.383s][info][gc,phases   ] GC(91) O: Pause Relocate Start 0.001ms
[2026-01-06T22:07:11.739+0800][19.383s][info][gc,phases   ] GC(91) O: Concurrent Relocate 0.005ms
[2026-01-06T22:07:11.739+0800][19.383s][info][gc,alloc    ] GC(91) O:                         Mark Start        Mark End      Relocate Start    Relocate End   
[2026-01-06T22:07:11.739+0800][19.383s][info][gc,alloc    ] GC(91) O: Allocation Stalls:          0                0                0                0         
[2026-01-06T22:07:11.739+0800][19.383s][info][gc,load     ] GC(91) O: Load: 1.45 (15%) / 1.68 (17%) / 1.97 (20%)
[2026-01-06T22:07:11.739+0800][19.383s][info][gc,mmu      ] GC(91) O: MMU: 2ms/97.4%, 5ms/98.6%, 10ms/99.3%, 20ms/99.5%, 50ms/99.8%, 100ms/99.9%
[2026-01-06T22:07:11.739+0800][19.383s][info][gc,marking  ] GC(91) O: Mark: 1 stripe(s), 2 proactive flush(es), 1 terminate flush(es), 0 completion(s), 0 continuation(s) 
[2026-01-06T22:07:11.739+0800][19.383s][info][gc,nmethod  ] GC(91) O: NMethods: 120 registered, 37 unregistered
[2026-01-06T22:07:11.739+0800][19.383s][info][gc,metaspace] GC(91) O: Metaspace: 0M used, 0M committed, 1088M reserved
[2026-01-06T22:07:11.739+0800][19.383s][info][gc,ref      ] GC(91) O:                       Encountered   Discovered     Enqueued 
[2026-01-06T22:07:11.739+0800][19.383s][info][gc,ref      ] GC(91) O: Soft References:                1            0            0 
[2026-01-06T22:07:11.739+0800][19.383s][info][gc,ref      ] GC(91) O: Weak References:                6            0            0 
[2026-01-06T22:07:11.739+0800][19.383s][info][gc,ref      ] GC(91) O: Final References:               0            0            0 
[2026-01-06T22:07:11.739+0800][19.383s][info][gc,ref      ] GC(91) O: Phantom References:             1            1            0 
[2026-01-06T22:07:11.739+0800][19.383s][info][gc,reloc    ] GC(91) O:                        Candidates     Selected     In-Place         Size        Empty    Relocated 
[2026-01-06T22:07:11.739+0800][19.383s][info][gc,reloc    ] GC(91) O: Small Pages:                    1            0            0           2M           0M           0M 
[2026-01-06T22:07:11.739+0800][19.383s][info][gc,reloc    ] GC(91) O: Medium Pages:                   0            0            0           0M           0M           0M 
[2026-01-06T22:07:11.739+0800][19.383s][info][gc,reloc    ] GC(91) O: Large Pages:                    0            0            0           0M           0M           0M 
[2026-01-06T22:07:11.739+0800][19.383s][info][gc,reloc    ] GC(91) O: Forwarding Usage: 0M
[2026-01-06T22:07:11.739+0800][19.383s][info][gc,heap     ] GC(91) O: Min Capacity: 8M(0%)
[2026-01-06T22:07:11.739+0800][19.383s][info][gc,heap     ] GC(91) O: Max Capacity: 4096M(100%)
[2026-01-06T22:07:11.739+0800][19.383s][info][gc,heap     ] GC(91) O: Soft Max Capacity: 3686M(90%)
[2026-01-06T22:07:11.739+0800][19.383s][info][gc,heap     ] GC(91) O: Heap Statistics:
[2026-01-06T22:07:11.739+0800][19.383s][info][gc,heap     ] GC(91) O:                Mark Start          Mark End        Relocate Start      Relocate End           High               Low         
[2026-01-06T22:07:11.739+0800][19.383s][info][gc,heap     ] GC(91) O:  Capacity:     3498M (85%)        3498M (85%)        3498M (85%)        3498M (85%)        3498M (85%)        3498M (85%)    
[2026-01-06T22:07:11.739+0800][19.383s][info][gc,heap     ] GC(91) O:      Free:     2742M (67%)        4072M (99%)        4068M (99%)        4068M (99%)        4086M (100%)       2738M (67%)    
[2026-01-06T22:07:11.739+0800][19.383s][info][gc,heap     ] GC(91) O:      Used:     1354M (33%)          24M (1%)           28M (1%)           28M (1%)         1358M (33%)          10M (0%)     
[2026-01-06T22:07:11.739+0800][19.383s][info][gc,heap     ] GC(91) O: Old Generation Statistics:
[2026-01-06T22:07:11.739+0800][19.383s][info][gc,heap     ] GC(91) O:                Mark Start          Mark End        Relocate Start      Relocate End    
[2026-01-06T22:07:11.739+0800][19.383s][info][gc,heap     ] GC(91) O:      Used:        2M (0%)            2M (0%)            2M (0%)            2M (0%)     
[2026-01-06T22:07:11.739+0800][19.383s][info][gc,heap     ] GC(91) O:      Live:         -                 0M (0%)            0M (0%)            0M (0%)     
[2026-01-06T22:07:11.739+0800][19.383s][info][gc,heap     ] GC(91) O:   Garbage:         -                 1M (0%)            1M (0%)            1M (0%)     
[2026-01-06T22:07:11.739+0800][19.383s][info][gc,heap     ] GC(91) O: Allocated:         -                 0M (0%)            0M (0%)            0M (0%)     
[2026-01-06T22:07:11.739+0800][19.383s][info][gc,heap     ] GC(91) O: Reclaimed:         -                  -                 0M (0%)            0M (0%)     
[2026-01-06T22:07:11.739+0800][19.383s][info][gc,heap     ] GC(91) O: Compacted:         -                  -                  -                 0M (0%)     
[2026-01-06T22:07:11.739+0800][19.383s][info][gc,phases   ] GC(91) O: Old Generation 12M(0%)->28M(1%) 0.001s
[2026-01-06T22:07:11.739+0800][19.383s][info][gc          ] GC(91) Major Collection (Proactive) 1354M(33%)->30M(1%) 0.002s
[2026-01-06T22:07:11.807+0800][19.451s][info][gc          ] GC(92) Major Collection (Proactive)
[2026-01-06T22:07:11.807+0800][19.451s][info][gc,task     ] GC(92) Using 1 Workers for Young Generation
[2026-01-06T22:07:11.807+0800][19.451s][info][gc,task     ] GC(92) Using 1 Workers for Old Generation
[2026-01-06T22:07:11.807+0800][19.451s][info][gc,phases   ] GC(92) Y: Young Generation
[2026-01-06T22:07:11.807+0800][19.451s][info][gc,phases   ] GC(92) Y: Pause Mark Start (Major) 0.003ms
[2026-01-06T22:07:11.808+0800][19.451s][info][gc,phases   ] GC(92) Y: Concurrent Mark 0.153ms
[2026-01-06T22:07:11.808+0800][19.451s][info][gc,phases   ] GC(92) Y: Pause Mark End 0.003ms
[2026-01-06T22:07:11.808+0800][19.451s][info][gc,phases   ] GC(92) Y: Concurrent Mark Free 0.000ms
[2026-01-06T22:07:11.808+0800][19.451s][info][gc,phases   ] GC(92) Y: Concurrent Reset Relocation Set 0.000ms
[2026-01-06T22:07:11.808+0800][19.452s][info][gc,reloc    ] GC(92) Y: Using tenuring threshold: 1 (Computed)
[2026-01-06T22:07:11.808+0800][19.452s][info][gc,phases   ] GC(92) Y: Concurrent Select Relocation Set 0.133ms
[2026-01-06T22:07:11.808+0800][19.452s][info][gc,phases   ] GC(92) Y: Pause Relocate Start 0.001ms
[2026-01-06T22:07:11.808+0800][19.452s][info][gc,phases   ] GC(92) Y: Concurrent Relocate 0.011ms
[2026-01-06T22:07:11.808+0800][19.452s][info][gc,alloc    ] GC(92) Y:                         Mark Start        Mark End      Relocate Start    Relocate End   
[2026-01-06T22:07:11.808+0800][19.452s][info][gc,alloc    ] GC(92) Y: Allocation Stalls:          0                0                0                0         
[2026-01-06T22:07:11.808+0800][19.452s][info][gc,load     ] GC(92) Y: Load: 1.45 (15%) / 1.68 (17%) / 1.97 (20%)
[2026-01-06T22:07:11.808+0800][19.452s][info][gc,mmu      ] GC(92) Y: MMU: 2ms/97.4%, 5ms/98.6%, 10ms/99.3%, 20ms/99.5%, 50ms/99.8%, 100ms/99.9%
[2026-01-06T22:07:11.808+0800][19.452s][info][gc,marking  ] GC(92) Y: Mark: 1 stripe(s), 2 proactive flush(es), 1 terminate flush(es), 0 completion(s), 0 continuation(s) 
[2026-01-06T22:07:11.808+0800][19.452s][info][gc,nmethod  ] GC(92) Y: NMethods: 120 registered, 37 unregistered
[2026-01-06T22:07:11.808+0800][19.452s][info][gc,metaspace] GC(92) Y: Metaspace: 0M used, 0M committed, 1088M reserved
[2026-01-06T22:07:11.808+0800][19.452s][info][gc,reloc    ] GC(92) Y:                        Candidates     Selected     In-Place         Size        Empty    Relocated 
[2026-01-06T22:07:11.808+0800][19.452s][info][gc,reloc    ] GC(92) Y: Small Pages:                  691            0            0        1382M        1380M           0M 
[2026-01-06T22:07:11.808+0800][19.452s][info][gc,reloc    ] GC(92) Y: Medium Pages:                   0            0            0           0M           0M           0M 
[2026-01-06T22:07:11.808+0800][19.452s][info][gc,reloc    ] GC(92) Y: Large Pages:                    0            0            0           0M           0M           0M 
[2026-01-06T22:07:11.808+0800][19.452s][info][gc,reloc    ] GC(92) Y: Forwarding Usage: 0M
[2026-01-06T22:07:11.808+0800][19.452s][info][gc,reloc    ] GC(92) Y: Age Table:
[2026-01-06T22:07:11.808+0800][19.452s][info][gc,reloc    ] GC(92) Y:                    Live             Garbage             Small              Medium             Large        
[2026-01-06T22:07:11.808+0800][19.452s][info][gc,reloc    ] GC(92) Y: Eden               0M (0%)         1379M (34%)        690 / 0              0 / 0              0 / 0        
[2026-01-06T22:07:11.808+0800][19.452s][info][gc,reloc    ] GC(92) Y: Survivor 1          -                 2M (0%)           1 / 0              0 / 0              0 / 0        
[2026-01-06T22:07:11.808+0800][19.452s][info][gc,heap     ] GC(92) Y: Min Capacity: 8M(0%)
[2026-01-06T22:07:11.808+0800][19.452s][info][gc,heap     ] GC(92) Y: Max Capacity: 4096M(100%)
[2026-01-06T22:07:11.808+0800][19.452s][info][gc,heap     ] GC(92) Y: Soft Max Capacity: 3686M(90%)
[2026-01-06T22:07:11.808+0800][19.452s][info][gc,heap     ] GC(92) Y: Heap Statistics:
[2026-01-06T22:07:11.808+0800][19.452s][info][gc,heap     ] GC(92) Y:                Mark Start          Mark End        Relocate Start      Relocate End           High               Low         
[2026-01-06T22:07:11.808+0800][19.452s][info][gc,heap     ] GC(92) Y:  Capacity:     3498M (85%)        3498M (85%)        3498M (85%)        3498M (85%)        3498M (85%)        3498M (85%)    
[2026-01-06T22:07:11.808+0800][19.452s][info][gc,heap     ] GC(92) Y:      Free:     2712M (66%)        2708M (66%)        4086M (100%)       4086M (100%)       4086M (100%)       2708M (66%)    
[2026-01-06T22:07:11.808+0800][19.452s][info][gc,heap     ] GC(92) Y:      Used:     1384M (34%)        1388M (34%)          10M (0%)           10M (0%)         1388M (34%)          10M (0%)     
[2026-01-06T22:07:11.808+0800][19.452s][info][gc,heap     ] GC(92) Y: Young Generation Statistics:
[2026-01-06T22:07:11.808+0800][19.452s][info][gc,heap     ] GC(92) Y:                Mark Start          Mark End        Relocate Start      Relocate End    
[2026-01-06T22:07:11.808+0800][19.452s][info][gc,heap     ] GC(92) Y:      Used:     1382M (34%)        1386M (34%)           8M (0%)            8M (0%)     
[2026-01-06T22:07:11.808+0800][19.452s][info][gc,heap     ] GC(92) Y:      Live:         -                 0M (0%)            0M (0%)            0M (0%)     
[2026-01-06T22:07:11.808+0800][19.452s][info][gc,heap     ] GC(92) Y:   Garbage:         -              1381M (34%)           1M (0%)            1M (0%)     
[2026-01-06T22:07:11.808+0800][19.452s][info][gc,heap     ] GC(92) Y: Allocated:         -                 4M (0%)            6M (0%)            6M (0%)     
[2026-01-06T22:07:11.808+0800][19.452s][info][gc,heap     ] GC(92) Y: Reclaimed:         -                  -              1380M (34%)        1380M (34%)    
[2026-01-06T22:07:11.808+0800][19.452s][info][gc,heap     ] GC(92) Y:  Promoted:         -                  -                 0M (0%)            0M (0%)     
[2026-01-06T22:07:11.808+0800][19.452s][info][gc,heap     ] GC(92) Y: Compacted:         -                  -                  -                 0M (0%)     
[2026-01-06T22:07:11.808+0800][19.452s][info][gc,phases   ] GC(92) Y: Young Generation 1384M(34%)->10M(0%) 0.000s
[2026-01-06T22:07:11.808+0800][19.452s][info][gc,phases   ] GC(92) O: Old Generation
[2026-01-06T22:07:11.808+0800][19.452s][info][gc,phases   ] GC(92) O: Concurrent Mark 0.592ms
[2026-01-06T22:07:11.808+0800][19.452s][info][gc,phases   ] GC(92) O: Pause Mark End 0.002ms
[2026-01-06T22:07:11.808+0800][19.452s][info][gc,phases   ] GC(92) O: Concurrent Mark Free 0.000ms
[2026-01-06T22:07:11.809+0800][19.452s][info][gc,phases   ] GC(92) O: Concurrent Process Non-Strong 0.112ms
[2026-01-06T22:07:11.809+0800][19.452s][info][gc,phases   ] GC(92) O: Concurrent Reset Relocation Set 0.000ms
[2026-01-06T22:07:11.809+0800][19.452s][info][gc,phases   ] GC(92) O: Concurrent Select Relocation Set 0.017ms
[2026-01-06T22:07:11.809+0800][19.452s][info][gc,task     ] GC(92) O: Using 2 Workers for Old Generation
[2026-01-06T22:07:11.809+0800][19.453s][info][gc,task     ] GC(92) O: Using 1 Workers for Old Generation
[2026-01-06T22:07:11.809+0800][19.453s][info][gc,phases   ] GC(92) O: Concurrent Remap Roots 0.047ms
[2026-01-06T22:07:11.809+0800][19.453s][info][gc,phases   ] GC(92) O: Pause Relocate Start 0.001ms
[2026-01-06T22:07:11.809+0800][19.453s][info][gc,phases   ] GC(92) O: Concurrent Relocate 0.005ms
[2026-01-06T22:07:11.809+0800][19.453s][info][gc,alloc    ] GC(92) O:                         Mark Start        Mark End      Relocate Start    Relocate End   
[2026-01-06T22:07:11.809+0800][19.453s][info][gc,alloc    ] GC(92) O: Allocation Stalls:          0                0                0                0         
[2026-01-06T22:07:11.809+0800][19.453s][info][gc,load     ] GC(92) O: Load: 1.45 (15%) / 1.68 (17%) / 1.97 (20%)
[2026-01-06T22:07:11.809+0800][19.453s][info][gc,mmu      ] GC(92) O: MMU: 2ms/97.4%, 5ms/98.6%, 10ms/99.3%, 20ms/99.5%, 50ms/99.8%, 100ms/99.9%
[2026-01-06T22:07:11.809+0800][19.453s][info][gc,marking  ] GC(92) O: Mark: 1 stripe(s), 2 proactive flush(es), 1 terminate flush(es), 0 completion(s), 0 continuation(s) 
[2026-01-06T22:07:11.809+0800][19.453s][info][gc,nmethod  ] GC(92) O: NMethods: 120 registered, 37 unregistered
[2026-01-06T22:07:11.809+0800][19.453s][info][gc,metaspace] GC(92) O: Metaspace: 0M used, 0M committed, 1088M reserved
[2026-01-06T22:07:11.809+0800][19.453s][info][gc,ref      ] GC(92) O:                       Encountered   Discovered     Enqueued 
[2026-01-06T22:07:11.809+0800][19.453s][info][gc,ref      ] GC(92) O: Soft References:                1            0            0 
[2026-01-06T22:07:11.809+0800][19.453s][info][gc,ref      ] GC(92) O: Weak References:                6            0            0 
[2026-01-06T22:07:11.809+0800][19.453s][info][gc,ref      ] GC(92) O: Final References:               0            0            0 
[2026-01-06T22:07:11.809+0800][19.453s][info][gc,ref      ] GC(92) O: Phantom References:             1            1            0 
[2026-01-06T22:07:11.809+0800][19.453s][info][gc,reloc    ] GC(92) O:                        Candidates     Selected     In-Place         Size        Empty    Relocated 
[2026-01-06T22:07:11.809+0800][19.453s][info][gc,reloc    ] GC(92) O: Small Pages:                    1            0            0           2M           0M           0M 
[2026-01-06T22:07:11.809+0800][19.453s][info][gc,reloc    ] GC(92) O: Medium Pages:                   0            0            0           0M           0M           0M 
[2026-01-06T22:07:11.809+0800][19.453s][info][gc,reloc    ] GC(92) O: Large Pages:                    0            0            0           0M           0M           0M 
[2026-01-06T22:07:11.809+0800][19.453s][info][gc,reloc    ] GC(92) O: Forwarding Usage: 0M
[2026-01-06T22:07:11.809+0800][19.453s][info][gc,heap     ] GC(92) O: Min Capacity: 8M(0%)
[2026-01-06T22:07:11.809+0800][19.453s][info][gc,heap     ] GC(92) O: Max Capacity: 4096M(100%)
[2026-01-06T22:07:11.809+0800][19.453s][info][gc,heap     ] GC(92) O: Soft Max Capacity: 3686M(90%)
[2026-01-06T22:07:11.809+0800][19.453s][info][gc,heap     ] GC(92) O: Heap Statistics:
[2026-01-06T22:07:11.809+0800][19.453s][info][gc,heap     ] GC(92) O:                Mark Start          Mark End        Relocate Start      Relocate End           High               Low         
[2026-01-06T22:07:11.809+0800][19.453s][info][gc,heap     ] GC(92) O:  Capacity:     3498M (85%)        3498M (85%)        3498M (85%)        3498M (85%)        3498M (85%)        3498M (85%)    
[2026-01-06T22:07:11.809+0800][19.453s][info][gc,heap     ] GC(92) O:      Free:     2712M (66%)        4072M (99%)        4068M (99%)        4068M (99%)        4086M (100%)       2708M (66%)    
[2026-01-06T22:07:11.809+0800][19.453s][info][gc,heap     ] GC(92) O:      Used:     1384M (34%)          24M (1%)           28M (1%)           28M (1%)         1388M (34%)          10M (0%)     
[2026-01-06T22:07:11.809+0800][19.453s][info][gc,heap     ] GC(92) O: Old Generation Statistics:
[2026-01-06T22:07:11.809+0800][19.453s][info][gc,heap     ] GC(92) O:                Mark Start          Mark End        Relocate Start      Relocate End    
[2026-01-06T22:07:11.809+0800][19.453s][info][gc,heap     ] GC(92) O:      Used:        2M (0%)            2M (0%)            2M (0%)            2M (0%)     
[2026-01-06T22:07:11.809+0800][19.453s][info][gc,heap     ] GC(92) O:      Live:         -                 0M (0%)            0M (0%)            0M (0%)     
[2026-01-06T22:07:11.809+0800][19.453s][info][gc,heap     ] GC(92) O:   Garbage:         -                 1M (0%)            1M (0%)            1M (0%)     
[2026-01-06T22:07:11.809+0800][19.453s][info][gc,heap     ] GC(92) O: Allocated:         -                 0M (0%)            0M (0%)            0M (0%)     
[2026-01-06T22:07:11.809+0800][19.453s][info][gc,heap     ] GC(92) O: Reclaimed:         -                  -                 0M (0%)            0M (0%)     
[2026-01-06T22:07:11.809+0800][19.453s][info][gc,heap     ] GC(92) O: Compacted:         -                  -                  -                 0M (0%)     
[2026-01-06T22:07:11.809+0800][19.453s][info][gc,phases   ] GC(92) O: Old Generation 12M(0%)->28M(1%) 0.001s
[2026-01-06T22:07:11.809+0800][19.453s][info][gc          ] GC(92) Major Collection (Proactive) 1384M(34%)->28M(1%) 0.002s
[2026-01-06T22:07:11.877+0800][19.521s][info][gc          ] GC(93) Major Collection (Proactive)
[2026-01-06T22:07:11.877+0800][19.521s][info][gc,task     ] GC(93) Using 1 Workers for Young Generation
[2026-01-06T22:07:11.877+0800][19.521s][info][gc,task     ] GC(93) Using 1 Workers for Old Generation
[2026-01-06T22:07:11.877+0800][19.521s][info][gc,phases   ] GC(93) Y: Young Generation
[2026-01-06T22:07:11.877+0800][19.521s][info][gc,phases   ] GC(93) Y: Pause Mark Start (Major) 0.004ms
[2026-01-06T22:07:11.877+0800][19.521s][info][gc,phases   ] GC(93) Y: Concurrent Mark 0.175ms
[2026-01-06T22:07:11.877+0800][19.521s][info][gc,phases   ] GC(93) Y: Pause Mark End 0.003ms
[2026-01-06T22:07:11.877+0800][19.521s][info][gc,phases   ] GC(93) Y: Concurrent Mark Free 0.001ms
[2026-01-06T22:07:11.877+0800][19.521s][info][gc,phases   ] GC(93) Y: Concurrent Reset Relocation Set 0.000ms
[2026-01-06T22:07:11.877+0800][19.521s][info][gc,reloc    ] GC(93) Y: Using tenuring threshold: 1 (Computed)
[2026-01-06T22:07:11.877+0800][19.521s][info][gc,phases   ] GC(93) Y: Concurrent Select Relocation Set 0.123ms
[2026-01-06T22:07:11.877+0800][19.521s][info][gc,phases   ] GC(93) Y: Pause Relocate Start 0.001ms
[2026-01-06T22:07:11.877+0800][19.521s][info][gc,phases   ] GC(93) Y: Concurrent Relocate 0.010ms
[2026-01-06T22:07:11.877+0800][19.521s][info][gc,alloc    ] GC(93) Y:                         Mark Start        Mark End      Relocate Start    Relocate End   
[2026-01-06T22:07:11.877+0800][19.521s][info][gc,alloc    ] GC(93) Y: Allocation Stalls:          0                0                0                0         
[2026-01-06T22:07:11.877+0800][19.521s][info][gc,load     ] GC(93) Y: Load: 1.45 (15%) / 1.68 (17%) / 1.97 (20%)
[2026-01-06T22:07:11.877+0800][19.521s][info][gc,mmu      ] GC(93) Y: MMU: 2ms/97.4%, 5ms/98.6%, 10ms/99.3%, 20ms/99.5%, 50ms/99.8%, 100ms/99.9%
[2026-01-06T22:07:11.877+0800][19.521s][info][gc,marking  ] GC(93) Y: Mark: 1 stripe(s), 2 proactive flush(es), 1 terminate flush(es), 0 completion(s), 0 continuation(s) 
[2026-01-06T22:07:11.877+0800][19.521s][info][gc,nmethod  ] GC(93) Y: NMethods: 120 registered, 37 unregistered
[2026-01-06T22:07:11.877+0800][19.521s][info][gc,metaspace] GC(93) Y: Metaspace: 0M used, 0M committed, 1088M reserved
[2026-01-06T22:07:11.877+0800][19.521s][info][gc,reloc    ] GC(93) Y:                        Candidates     Selected     In-Place         Size        Empty    Relocated 
[2026-01-06T22:07:11.877+0800][19.521s][info][gc,reloc    ] GC(93) Y: Small Pages:                  661            0            0        1322M        1320M           0M 
[2026-01-06T22:07:11.877+0800][19.521s][info][gc,reloc    ] GC(93) Y: Medium Pages:                   0            0            0           0M           0M           0M 
[2026-01-06T22:07:11.877+0800][19.521s][info][gc,reloc    ] GC(93) Y: Large Pages:                    0            0            0           0M           0M           0M 
[2026-01-06T22:07:11.877+0800][19.521s][info][gc,reloc    ] GC(93) Y: Forwarding Usage: 0M
[2026-01-06T22:07:11.877+0800][19.521s][info][gc,reloc    ] GC(93) Y: Age Table:
[2026-01-06T22:07:11.877+0800][19.521s][info][gc,reloc    ] GC(93) Y:                    Live             Garbage             Small              Medium             Large        
[2026-01-06T22:07:11.877+0800][19.521s][info][gc,reloc    ] GC(93) Y: Eden               0M (0%)         1319M (32%)        660 / 0              0 / 0              0 / 0        
[2026-01-06T22:07:11.877+0800][19.521s][info][gc,reloc    ] GC(93) Y: Survivor 1          -                 2M (0%)           1 / 0              0 / 0              0 / 0        
[2026-01-06T22:07:11.877+0800][19.521s][info][gc,heap     ] GC(93) Y: Min Capacity: 8M(0%)
[2026-01-06T22:07:11.877+0800][19.521s][info][gc,heap     ] GC(93) Y: Max Capacity: 4096M(100%)
[2026-01-06T22:07:11.877+0800][19.521s][info][gc,heap     ] GC(93) Y: Soft Max Capacity: 3686M(90%)
[2026-01-06T22:07:11.877+0800][19.521s][info][gc,heap     ] GC(93) Y: Heap Statistics:
[2026-01-06T22:07:11.877+0800][19.521s][info][gc,heap     ] GC(93) Y:                Mark Start          Mark End        Relocate Start      Relocate End           High               Low         
[2026-01-06T22:07:11.877+0800][19.521s][info][gc,heap     ] GC(93) Y:  Capacity:     3498M (85%)        3498M (85%)        3498M (85%)        3498M (85%)        3498M (85%)        3498M (85%)    
[2026-01-06T22:07:11.877+0800][19.521s][info][gc,heap     ] GC(93) Y:      Free:     2772M (68%)        2768M (68%)        4086M (100%)       4086M (100%)       4086M (100%)       2768M (68%)    
[2026-01-06T22:07:11.877+0800][19.521s][info][gc,heap     ] GC(93) Y:      Used:     1324M (32%)        1328M (32%)          10M (0%)           10M (0%)         1328M (32%)          10M (0%)     
[2026-01-06T22:07:11.877+0800][19.521s][info][gc,heap     ] GC(93) Y: Young Generation Statistics:
[2026-01-06T22:07:11.877+0800][19.521s][info][gc,heap     ] GC(93) Y:                Mark Start          Mark End        Relocate Start      Relocate End    
[2026-01-06T22:07:11.877+0800][19.521s][info][gc,heap     ] GC(93) Y:      Used:     1322M (32%)        1326M (32%)           8M (0%)            8M (0%)     
[2026-01-06T22:07:11.877+0800][19.521s][info][gc,heap     ] GC(93) Y:      Live:         -                 0M (0%)            0M (0%)            0M (0%)     
[2026-01-06T22:07:11.877+0800][19.521s][info][gc,heap     ] GC(93) Y:   Garbage:         -              1321M (32%)           1M (0%)            1M (0%)     
[2026-01-06T22:07:11.877+0800][19.521s][info][gc,heap     ] GC(93) Y: Allocated:         -                 4M (0%)            6M (0%)            6M (0%)     
[2026-01-06T22:07:11.877+0800][19.521s][info][gc,heap     ] GC(93) Y: Reclaimed:         -                  -              1320M (32%)        1320M (32%)    
[2026-01-06T22:07:11.877+0800][19.521s][info][gc,heap     ] GC(93) Y:  Promoted:         -                  -                 0M (0%)            0M (0%)     
[2026-01-06T22:07:11.877+0800][19.521s][info][gc,heap     ] GC(93) Y: Compacted:         -                  -                  -                 0M (0%)     
[2026-01-06T22:07:11.877+0800][19.521s][info][gc,phases   ] GC(93) Y: Young Generation 1324M(32%)->10M(0%) 0.000s
[2026-01-06T22:07:11.877+0800][19.521s][info][gc,phases   ] GC(93) O: Old Generation
[2026-01-06T22:07:11.878+0800][19.522s][info][gc,phases   ] GC(93) O: Concurrent Mark 0.586ms
[2026-01-06T22:07:11.878+0800][19.522s][info][gc,phases   ] GC(93) O: Pause Mark End 0.002ms
[2026-01-06T22:07:11.878+0800][19.522s][info][gc,phases   ] GC(93) O: Concurrent Mark Free 0.000ms
[2026-01-06T22:07:11.878+0800][19.522s][info][gc,phases   ] GC(93) O: Concurrent Process Non-Strong 0.101ms
[2026-01-06T22:07:11.878+0800][19.522s][info][gc,phases   ] GC(93) O: Concurrent Reset Relocation Set 0.000ms
[2026-01-06T22:07:11.878+0800][19.522s][info][gc,phases   ] GC(93) O: Concurrent Select Relocation Set 0.018ms
[2026-01-06T22:07:11.878+0800][19.522s][info][gc,task     ] GC(93) O: Using 2 Workers for Old Generation
[2026-01-06T22:07:11.878+0800][19.522s][info][gc,task     ] GC(93) O: Using 1 Workers for Old Generation
[2026-01-06T22:07:11.878+0800][19.522s][info][gc,phases   ] GC(93) O: Concurrent Remap Roots 0.048ms
[2026-01-06T22:07:11.878+0800][19.522s][info][gc,phases   ] GC(93) O: Pause Relocate Start 0.001ms
[2026-01-06T22:07:11.878+0800][19.522s][info][gc,phases   ] GC(93) O: Concurrent Relocate 0.005ms
[2026-01-06T22:07:11.878+0800][19.522s][info][gc,alloc    ] GC(93) O:                         Mark Start        Mark End      Relocate Start    Relocate End   
[2026-01-06T22:07:11.878+0800][19.522s][info][gc,alloc    ] GC(93) O: Allocation Stalls:          0                0                0                0         
[2026-01-06T22:07:11.878+0800][19.522s][info][gc,load     ] GC(93) O: Load: 1.45 (15%) / 1.68 (17%) / 1.97 (20%)
[2026-01-06T22:07:11.878+0800][19.522s][info][gc,mmu      ] GC(93) O: MMU: 2ms/97.4%, 5ms/98.6%, 10ms/99.3%, 20ms/99.5%, 50ms/99.8%, 100ms/99.9%
[2026-01-06T22:07:11.878+0800][19.522s][info][gc,marking  ] GC(93) O: Mark: 1 stripe(s), 2 proactive flush(es), 1 terminate flush(es), 0 completion(s), 0 continuation(s) 
[2026-01-06T22:07:11.878+0800][19.522s][info][gc,nmethod  ] GC(93) O: NMethods: 120 registered, 37 unregistered
[2026-01-06T22:07:11.878+0800][19.522s][info][gc,metaspace] GC(93) O: Metaspace: 0M used, 0M committed, 1088M reserved
[2026-01-06T22:07:11.878+0800][19.522s][info][gc,ref      ] GC(93) O:                       Encountered   Discovered     Enqueued 
[2026-01-06T22:07:11.878+0800][19.522s][info][gc,ref      ] GC(93) O: Soft References:                1            0            0 
[2026-01-06T22:07:11.878+0800][19.522s][info][gc,ref      ] GC(93) O: Weak References:                6            0            0 
[2026-01-06T22:07:11.878+0800][19.522s][info][gc,ref      ] GC(93) O: Final References:               0            0            0 
[2026-01-06T22:07:11.878+0800][19.522s][info][gc,ref      ] GC(93) O: Phantom References:             1            1            0 
[2026-01-06T22:07:11.878+0800][19.522s][info][gc,reloc    ] GC(93) O:                        Candidates     Selected     In-Place         Size        Empty    Relocated 
[2026-01-06T22:07:11.878+0800][19.522s][info][gc,reloc    ] GC(93) O: Small Pages:                    1            0            0           2M           0M           0M 
[2026-01-06T22:07:11.878+0800][19.522s][info][gc,reloc    ] GC(93) O: Medium Pages:                   0            0            0           0M           0M           0M 
[2026-01-06T22:07:11.878+0800][19.522s][info][gc,reloc    ] GC(93) O: Large Pages:                    0            0            0           0M           0M           0M 
[2026-01-06T22:07:11.878+0800][19.522s][info][gc,reloc    ] GC(93) O: Forwarding Usage: 0M
[2026-01-06T22:07:11.878+0800][19.522s][info][gc,heap     ] GC(93) O: Min Capacity: 8M(0%)
[2026-01-06T22:07:11.878+0800][19.522s][info][gc,heap     ] GC(93) O: Max Capacity: 4096M(100%)
[2026-01-06T22:07:11.878+0800][19.522s][info][gc,heap     ] GC(93) O: Soft Max Capacity: 3686M(90%)
[2026-01-06T22:07:11.878+0800][19.522s][info][gc,heap     ] GC(93) O: Heap Statistics:
[2026-01-06T22:07:11.878+0800][19.522s][info][gc,heap     ] GC(93) O:                Mark Start          Mark End        Relocate Start      Relocate End           High               Low         
[2026-01-06T22:07:11.878+0800][19.522s][info][gc,heap     ] GC(93) O:  Capacity:     3498M (85%)        3498M (85%)        3498M (85%)        3498M (85%)        3498M (85%)        3498M (85%)    
[2026-01-06T22:07:11.878+0800][19.522s][info][gc,heap     ] GC(93) O:      Free:     2772M (68%)        4072M (99%)        4068M (99%)        4068M (99%)        4086M (100%)       2768M (68%)    
[2026-01-06T22:07:11.878+0800][19.522s][info][gc,heap     ] GC(93) O:      Used:     1324M (32%)          24M (1%)           28M (1%)           28M (1%)         1328M (32%)          10M (0%)     
[2026-01-06T22:07:11.878+0800][19.522s][info][gc,heap     ] GC(93) O: Old Generation Statistics:
[2026-01-06T22:07:11.878+0800][19.522s][info][gc,heap     ] GC(93) O:                Mark Start          Mark End        Relocate Start      Relocate End    
[2026-01-06T22:07:11.878+0800][19.522s][info][gc,heap     ] GC(93) O:      Used:        2M (0%)            2M (0%)            2M (0%)            2M (0%)     
[2026-01-06T22:07:11.878+0800][19.522s][info][gc,heap     ] GC(93) O:      Live:         -                 0M (0%)            0M (0%)            0M (0%)     
[2026-01-06T22:07:11.878+0800][19.522s][info][gc,heap     ] GC(93) O:   Garbage:         -                 1M (0%)            1M (0%)            1M (0%)     
[2026-01-06T22:07:11.878+0800][19.522s][info][gc,heap     ] GC(93) O: Allocated:         -                 0M (0%)            0M (0%)            0M (0%)     
[2026-01-06T22:07:11.878+0800][19.522s][info][gc,heap     ] GC(93) O: Reclaimed:         -                  -                 0M (0%)            0M (0%)     
[2026-01-06T22:07:11.878+0800][19.522s][info][gc,heap     ] GC(93) O: Compacted:         -                  -                  -                 0M (0%)     
[2026-01-06T22:07:11.878+0800][19.522s][info][gc,phases   ] GC(93) O: Old Generation 12M(0%)->28M(1%) 0.001s
[2026-01-06T22:07:11.878+0800][19.522s][info][gc          ] GC(93) Major Collection (Proactive) 1324M(32%)->30M(1%) 0.002s
[2026-01-06T22:07:11.947+0800][19.591s][info][gc          ] GC(94) Major Collection (Proactive)
[2026-01-06T22:07:11.947+0800][19.591s][info][gc,task     ] GC(94) Using 1 Workers for Young Generation
[2026-01-06T22:07:11.947+0800][19.591s][info][gc,task     ] GC(94) Using 1 Workers for Old Generation
[2026-01-06T22:07:11.947+0800][19.591s][info][gc,phases   ] GC(94) Y: Young Generation
[2026-01-06T22:07:11.947+0800][19.591s][info][gc,phases   ] GC(94) Y: Pause Mark Start (Major) 0.005ms
[2026-01-06T22:07:11.947+0800][19.591s][info][gc,phases   ] GC(94) Y: Concurrent Mark 0.166ms
[2026-01-06T22:07:11.947+0800][19.591s][info][gc,phases   ] GC(94) Y: Pause Mark End 0.003ms
[2026-01-06T22:07:11.947+0800][19.591s][info][gc,phases   ] GC(94) Y: Concurrent Mark Free 0.000ms
[2026-01-06T22:07:11.947+0800][19.591s][info][gc,phases   ] GC(94) Y: Concurrent Reset Relocation Set 0.000ms
[2026-01-06T22:07:11.947+0800][19.591s][info][gc,reloc    ] GC(94) Y: Using tenuring threshold: 1 (Computed)
[2026-01-06T22:07:11.947+0800][19.591s][info][gc,phases   ] GC(94) Y: Concurrent Select Relocation Set 0.139ms
[2026-01-06T22:07:11.947+0800][19.591s][info][gc,phases   ] GC(94) Y: Pause Relocate Start 0.001ms
[2026-01-06T22:07:11.947+0800][19.591s][info][gc,phases   ] GC(94) Y: Concurrent Relocate 0.011ms
[2026-01-06T22:07:11.947+0800][19.591s][info][gc,alloc    ] GC(94) Y:                         Mark Start        Mark End      Relocate Start    Relocate End   
[2026-01-06T22:07:11.947+0800][19.591s][info][gc,alloc    ] GC(94) Y: Allocation Stalls:          0                0                0                0         
[2026-01-06T22:07:11.948+0800][19.591s][info][gc,load     ] GC(94) Y: Load: 1.45 (15%) / 1.68 (17%) / 1.97 (20%)
[2026-01-06T22:07:11.948+0800][19.591s][info][gc,mmu      ] GC(94) Y: MMU: 2ms/97.4%, 5ms/98.6%, 10ms/99.3%, 20ms/99.5%, 50ms/99.8%, 100ms/99.9%
[2026-01-06T22:07:11.948+0800][19.591s][info][gc,marking  ] GC(94) Y: Mark: 1 stripe(s), 2 proactive flush(es), 1 terminate flush(es), 0 completion(s), 0 continuation(s) 
[2026-01-06T22:07:11.948+0800][19.591s][info][gc,nmethod  ] GC(94) Y: NMethods: 120 registered, 37 unregistered
[2026-01-06T22:07:11.948+0800][19.591s][info][gc,metaspace] GC(94) Y: Metaspace: 0M used, 0M committed, 1088M reserved
[2026-01-06T22:07:11.948+0800][19.591s][info][gc,reloc    ] GC(94) Y:                        Candidates     Selected     In-Place         Size        Empty    Relocated 
[2026-01-06T22:07:11.948+0800][19.591s][info][gc,reloc    ] GC(94) Y: Small Pages:                  676            0            0        1352M        1350M           0M 
[2026-01-06T22:07:11.948+0800][19.591s][info][gc,reloc    ] GC(94) Y: Medium Pages:                   0            0            0           0M           0M           0M 
[2026-01-06T22:07:11.948+0800][19.591s][info][gc,reloc    ] GC(94) Y: Large Pages:                    0            0            0           0M           0M           0M 
[2026-01-06T22:07:11.948+0800][19.591s][info][gc,reloc    ] GC(94) Y: Forwarding Usage: 0M
[2026-01-06T22:07:11.948+0800][19.591s][info][gc,reloc    ] GC(94) Y: Age Table:
[2026-01-06T22:07:11.948+0800][19.591s][info][gc,reloc    ] GC(94) Y:                    Live             Garbage             Small              Medium             Large        
[2026-01-06T22:07:11.948+0800][19.591s][info][gc,reloc    ] GC(94) Y: Eden               0M (0%)         1349M (33%)        675 / 0              0 / 0              0 / 0        
[2026-01-06T22:07:11.948+0800][19.591s][info][gc,reloc    ] GC(94) Y: Survivor 1          -                 2M (0%)           1 / 0              0 / 0              0 / 0        
[2026-01-06T22:07:11.948+0800][19.591s][info][gc,heap     ] GC(94) Y: Min Capacity: 8M(0%)
[2026-01-06T22:07:11.948+0800][19.591s][info][gc,heap     ] GC(94) Y: Max Capacity: 4096M(100%)
[2026-01-06T22:07:11.948+0800][19.591s][info][gc,heap     ] GC(94) Y: Soft Max Capacity: 3686M(90%)
[2026-01-06T22:07:11.948+0800][19.591s][info][gc,heap     ] GC(94) Y: Heap Statistics:
[2026-01-06T22:07:11.948+0800][19.591s][info][gc,heap     ] GC(94) Y:                Mark Start          Mark End        Relocate Start      Relocate End           High               Low         
[2026-01-06T22:07:11.948+0800][19.591s][info][gc,heap     ] GC(94) Y:  Capacity:     3498M (85%)        3498M (85%)        3498M (85%)        3498M (85%)        3498M (85%)        3498M (85%)    
[2026-01-06T22:07:11.948+0800][19.591s][info][gc,heap     ] GC(94) Y:      Free:     2742M (67%)        2738M (67%)        4086M (100%)       4084M (100%)       4086M (100%)       2738M (67%)    
[2026-01-06T22:07:11.948+0800][19.591s][info][gc,heap     ] GC(94) Y:      Used:     1354M (33%)        1358M (33%)          10M (0%)           12M (0%)         1358M (33%)          10M (0%)     
[2026-01-06T22:07:11.948+0800][19.591s][info][gc,heap     ] GC(94) Y: Young Generation Statistics:
[2026-01-06T22:07:11.948+0800][19.591s][info][gc,heap     ] GC(94) Y:                Mark Start          Mark End        Relocate Start      Relocate End    
[2026-01-06T22:07:11.948+0800][19.591s][info][gc,heap     ] GC(94) Y:      Used:     1352M (33%)        1356M (33%)           8M (0%)           10M (0%)     
[2026-01-06T22:07:11.948+0800][19.591s][info][gc,heap     ] GC(94) Y:      Live:         -                 0M (0%)            0M (0%)            0M (0%)     
[2026-01-06T22:07:11.948+0800][19.591s][info][gc,heap     ] GC(94) Y:   Garbage:         -              1351M (33%)           1M (0%)            1M (0%)     
[2026-01-06T22:07:11.948+0800][19.591s][info][gc,heap     ] GC(94) Y: Allocated:         -                 4M (0%)            6M (0%)            8M (0%)     
[2026-01-06T22:07:11.948+0800][19.591s][info][gc,heap     ] GC(94) Y: Reclaimed:         -                  -              1350M (33%)        1350M (33%)    
[2026-01-06T22:07:11.948+0800][19.591s][info][gc,heap     ] GC(94) Y:  Promoted:         -                  -                 0M (0%)            0M (0%)     
[2026-01-06T22:07:11.948+0800][19.591s][info][gc,heap     ] GC(94) Y: Compacted:         -                  -                  -                 0M (0%)     
[2026-01-06T22:07:11.948+0800][19.591s][info][gc,phases   ] GC(94) Y: Young Generation 1354M(33%)->12M(0%) 0.000s
[2026-01-06T22:07:11.948+0800][19.591s][info][gc,phases   ] GC(94) O: Old Generation
[2026-01-06T22:07:11.948+0800][19.592s][info][gc,phases   ] GC(94) O: Concurrent Mark 0.581ms
[2026-01-06T22:07:11.948+0800][19.592s][info][gc,phases   ] GC(94) O: Pause Mark End 0.002ms
[2026-01-06T22:07:11.948+0800][19.592s][info][gc,phases   ] GC(94) O: Concurrent Mark Free 0.000ms
[2026-01-06T22:07:11.948+0800][19.592s][info][gc,phases   ] GC(94) O: Concurrent Process Non-Strong 0.109ms
[2026-01-06T22:07:11.948+0800][19.592s][info][gc,phases   ] GC(94) O: Concurrent Reset Relocation Set 0.000ms
[2026-01-06T22:07:11.948+0800][19.592s][info][gc,phases   ] GC(94) O: Concurrent Select Relocation Set 0.017ms
[2026-01-06T22:07:11.948+0800][19.592s][info][gc,task     ] GC(94) O: Using 2 Workers for Old Generation
[2026-01-06T22:07:11.948+0800][19.592s][info][gc,task     ] GC(94) O: Using 1 Workers for Old Generation
[2026-01-06T22:07:11.948+0800][19.592s][info][gc,phases   ] GC(94) O: Concurrent Remap Roots 0.049ms
[2026-01-06T22:07:11.948+0800][19.592s][info][gc,phases   ] GC(94) O: Pause Relocate Start 0.002ms
[2026-01-06T22:07:11.948+0800][19.592s][info][gc,phases   ] GC(94) O: Concurrent Relocate 0.005ms
[2026-01-06T22:07:11.948+0800][19.592s][info][gc,alloc    ] GC(94) O:                         Mark Start        Mark End      Relocate Start    Relocate End   
[2026-01-06T22:07:11.948+0800][19.592s][info][gc,alloc    ] GC(94) O: Allocation Stalls:          0                0                0                0         
[2026-01-06T22:07:11.948+0800][19.592s][info][gc,load     ] GC(94) O: Load: 1.45 (15%) / 1.68 (17%) / 1.97 (20%)
[2026-01-06T22:07:11.948+0800][19.592s][info][gc,mmu      ] GC(94) O: MMU: 2ms/97.4%, 5ms/98.6%, 10ms/99.3%, 20ms/99.5%, 50ms/99.8%, 100ms/99.9%
[2026-01-06T22:07:11.948+0800][19.592s][info][gc,marking  ] GC(94) O: Mark: 1 stripe(s), 2 proactive flush(es), 1 terminate flush(es), 0 completion(s), 0 continuation(s) 
[2026-01-06T22:07:11.948+0800][19.592s][info][gc,nmethod  ] GC(94) O: NMethods: 120 registered, 37 unregistered
[2026-01-06T22:07:11.948+0800][19.592s][info][gc,metaspace] GC(94) O: Metaspace: 0M used, 0M committed, 1088M reserved
[2026-01-06T22:07:11.948+0800][19.592s][info][gc,ref      ] GC(94) O:                       Encountered   Discovered     Enqueued 
[2026-01-06T22:07:11.948+0800][19.592s][info][gc,ref      ] GC(94) O: Soft References:                1            0            0 
[2026-01-06T22:07:11.948+0800][19.592s][info][gc,ref      ] GC(94) O: Weak References:                6            0            0 
[2026-01-06T22:07:11.948+0800][19.592s][info][gc,ref      ] GC(94) O: Final References:               0            0            0 
[2026-01-06T22:07:11.948+0800][19.592s][info][gc,ref      ] GC(94) O: Phantom References:             1            1            0 
[2026-01-06T22:07:11.948+0800][19.592s][info][gc,reloc    ] GC(94) O:                        Candidates     Selected     In-Place         Size        Empty    Relocated 
[2026-01-06T22:07:11.948+0800][19.592s][info][gc,reloc    ] GC(94) O: Small Pages:                    1            0            0           2M           0M           0M 
[2026-01-06T22:07:11.948+0800][19.592s][info][gc,reloc    ] GC(94) O: Medium Pages:                   0            0            0           0M           0M           0M 
[2026-01-06T22:07:11.948+0800][19.592s][info][gc,reloc    ] GC(94) O: Large Pages:                    0            0            0           0M           0M           0M 
[2026-01-06T22:07:11.948+0800][19.592s][info][gc,reloc    ] GC(94) O: Forwarding Usage: 0M
[2026-01-06T22:07:11.949+0800][19.592s][info][gc,heap     ] GC(94) O: Min Capacity: 8M(0%)
[2026-01-06T22:07:11.949+0800][19.592s][info][gc,heap     ] GC(94) O: Max Capacity: 4096M(100%)
[2026-01-06T22:07:11.949+0800][19.592s][info][gc,heap     ] GC(94) O: Soft Max Capacity: 3686M(90%)
[2026-01-06T22:07:11.949+0800][19.592s][info][gc,heap     ] GC(94) O: Heap Statistics:
[2026-01-06T22:07:11.949+0800][19.592s][info][gc,heap     ] GC(94) O:                Mark Start          Mark End        Relocate Start      Relocate End           High               Low         
[2026-01-06T22:07:11.949+0800][19.592s][info][gc,heap     ] GC(94) O:  Capacity:     3498M (85%)        3498M (85%)        3498M (85%)        3498M (85%)        3498M (85%)        3498M (85%)    
[2026-01-06T22:07:11.949+0800][19.592s][info][gc,heap     ] GC(94) O:      Free:     2742M (67%)        4072M (99%)        4068M (99%)        4068M (99%)        4086M (100%)       2738M (67%)    
[2026-01-06T22:07:11.949+0800][19.592s][info][gc,heap     ] GC(94) O:      Used:     1354M (33%)          24M (1%)           28M (1%)           28M (1%)         1358M (33%)          10M (0%)     
[2026-01-06T22:07:11.949+0800][19.592s][info][gc,heap     ] GC(94) O: Old Generation Statistics:
[2026-01-06T22:07:11.949+0800][19.592s][info][gc,heap     ] GC(94) O:                Mark Start          Mark End        Relocate Start      Relocate End    
[2026-01-06T22:07:11.949+0800][19.592s][info][gc,heap     ] GC(94) O:      Used:        2M (0%)            2M (0%)            2M (0%)            2M (0%)     
[2026-01-06T22:07:11.949+0800][19.592s][info][gc,heap     ] GC(94) O:      Live:         -                 0M (0%)            0M (0%)            0M (0%)     
[2026-01-06T22:07:11.949+0800][19.592s][info][gc,heap     ] GC(94) O:   Garbage:         -                 1M (0%)            1M (0%)            1M (0%)     
[2026-01-06T22:07:11.949+0800][19.592s][info][gc,heap     ] GC(94) O: Allocated:         -                 0M (0%)            0M (0%)            0M (0%)     
[2026-01-06T22:07:11.949+0800][19.592s][info][gc,heap     ] GC(94) O: Reclaimed:         -                  -                 0M (0%)            0M (0%)     
[2026-01-06T22:07:11.949+0800][19.592s][info][gc,heap     ] GC(94) O: Compacted:         -                  -                  -                 0M (0%)     
[2026-01-06T22:07:11.949+0800][19.592s][info][gc,phases   ] GC(94) O: Old Generation 14M(0%)->28M(1%) 0.001s
[2026-01-06T22:07:11.949+0800][19.592s][info][gc          ] GC(94) Major Collection (Proactive) 1354M(33%)->30M(1%) 0.002s
[2026-01-06T22:07:12.018+0800][19.662s][info][gc          ] GC(95) Major Collection (Proactive)
[2026-01-06T22:07:12.018+0800][19.662s][info][gc,task     ] GC(95) Using 1 Workers for Young Generation
[2026-01-06T22:07:12.018+0800][19.662s][info][gc,task     ] GC(95) Using 1 Workers for Old Generation
[2026-01-06T22:07:12.018+0800][19.662s][info][gc,phases   ] GC(95) Y: Young Generation
[2026-01-06T22:07:12.018+0800][19.662s][info][gc,phases   ] GC(95) Y: Pause Mark Start (Major) 0.004ms
[2026-01-06T22:07:12.018+0800][19.662s][info][gc,phases   ] GC(95) Y: Concurrent Mark 0.153ms
[2026-01-06T22:07:12.018+0800][19.662s][info][gc,phases   ] GC(95) Y: Pause Mark End 0.002ms
[2026-01-06T22:07:12.018+0800][19.662s][info][gc,phases   ] GC(95) Y: Concurrent Mark Free 0.000ms
[2026-01-06T22:07:12.018+0800][19.662s][info][gc,phases   ] GC(95) Y: Concurrent Reset Relocation Set 0.000ms
[2026-01-06T22:07:12.019+0800][19.662s][info][gc,reloc    ] GC(95) Y: Using tenuring threshold: 1 (Computed)
[2026-01-06T22:07:12.019+0800][19.662s][info][gc,phases   ] GC(95) Y: Concurrent Select Relocation Set 0.141ms
[2026-01-06T22:07:12.019+0800][19.662s][info][gc,phases   ] GC(95) Y: Pause Relocate Start 0.001ms
[2026-01-06T22:07:12.019+0800][19.662s][info][gc,phases   ] GC(95) Y: Concurrent Relocate 0.008ms
[2026-01-06T22:07:12.019+0800][19.662s][info][gc,alloc    ] GC(95) Y:                         Mark Start        Mark End      Relocate Start    Relocate End   
[2026-01-06T22:07:12.019+0800][19.662s][info][gc,alloc    ] GC(95) Y: Allocation Stalls:          0                0                0                0         
[2026-01-06T22:07:12.019+0800][19.662s][info][gc,load     ] GC(95) Y: Load: 1.45 (15%) / 1.68 (17%) / 1.97 (20%)
[2026-01-06T22:07:12.019+0800][19.662s][info][gc,mmu      ] GC(95) Y: MMU: 2ms/97.4%, 5ms/98.6%, 10ms/99.3%, 20ms/99.5%, 50ms/99.8%, 100ms/99.9%
[2026-01-06T22:07:12.019+0800][19.662s][info][gc,marking  ] GC(95) Y: Mark: 1 stripe(s), 2 proactive flush(es), 1 terminate flush(es), 0 completion(s), 0 continuation(s) 
[2026-01-06T22:07:12.019+0800][19.662s][info][gc,nmethod  ] GC(95) Y: NMethods: 120 registered, 37 unregistered
[2026-01-06T22:07:12.019+0800][19.662s][info][gc,metaspace] GC(95) Y: Metaspace: 0M used, 0M committed, 1088M reserved
[2026-01-06T22:07:12.019+0800][19.662s][info][gc,reloc    ] GC(95) Y:                        Candidates     Selected     In-Place         Size        Empty    Relocated 
[2026-01-06T22:07:12.019+0800][19.662s][info][gc,reloc    ] GC(95) Y: Small Pages:                  661            0            0        1322M        1320M           0M 
[2026-01-06T22:07:12.019+0800][19.662s][info][gc,reloc    ] GC(95) Y: Medium Pages:                   0            0            0           0M           0M           0M 
[2026-01-06T22:07:12.019+0800][19.663s][info][gc,reloc    ] GC(95) Y: Large Pages:                    0            0            0           0M           0M           0M 
[2026-01-06T22:07:12.019+0800][19.663s][info][gc,reloc    ] GC(95) Y: Forwarding Usage: 0M
[2026-01-06T22:07:12.019+0800][19.663s][info][gc,reloc    ] GC(95) Y: Age Table:
[2026-01-06T22:07:12.019+0800][19.663s][info][gc,reloc    ] GC(95) Y:                    Live             Garbage             Small              Medium             Large        
[2026-01-06T22:07:12.019+0800][19.663s][info][gc,reloc    ] GC(95) Y: Eden               0M (0%)         1319M (32%)        660 / 0              0 / 0              0 / 0        
[2026-01-06T22:07:12.019+0800][19.663s][info][gc,reloc    ] GC(95) Y: Survivor 1          -                 2M (0%)           1 / 0              0 / 0              0 / 0        
[2026-01-06T22:07:12.019+0800][19.663s][info][gc,heap     ] GC(95) Y: Min Capacity: 8M(0%)
[2026-01-06T22:07:12.019+0800][19.663s][info][gc,heap     ] GC(95) Y: Max Capacity: 4096M(100%)
[2026-01-06T22:07:12.019+0800][19.663s][info][gc,heap     ] GC(95) Y: Soft Max Capacity: 3686M(90%)
[2026-01-06T22:07:12.019+0800][19.663s][info][gc,heap     ] GC(95) Y: Heap Statistics:
[2026-01-06T22:07:12.019+0800][19.663s][info][gc,heap     ] GC(95) Y:                Mark Start          Mark End        Relocate Start      Relocate End           High               Low         
[2026-01-06T22:07:12.019+0800][19.663s][info][gc,heap     ] GC(95) Y:  Capacity:     3498M (85%)        3498M (85%)        3498M (85%)        3498M (85%)        3498M (85%)        3498M (85%)    
[2026-01-06T22:07:12.019+0800][19.663s][info][gc,heap     ] GC(95) Y:      Free:     2772M (68%)        2768M (68%)        4086M (100%)       4086M (100%)       4086M (100%)       2768M (68%)    
[2026-01-06T22:07:12.019+0800][19.663s][info][gc,heap     ] GC(95) Y:      Used:     1324M (32%)        1328M (32%)          10M (0%)           10M (0%)         1328M (32%)          10M (0%)     
[2026-01-06T22:07:12.019+0800][19.663s][info][gc,heap     ] GC(95) Y: Young Generation Statistics:
[2026-01-06T22:07:12.019+0800][19.663s][info][gc,heap     ] GC(95) Y:                Mark Start          Mark End        Relocate Start      Relocate End    
[2026-01-06T22:07:12.019+0800][19.663s][info][gc,heap     ] GC(95) Y:      Used:     1322M (32%)        1326M (32%)           8M (0%)            8M (0%)     
[2026-01-06T22:07:12.019+0800][19.663s][info][gc,heap     ] GC(95) Y:      Live:         -                 0M (0%)            0M (0%)            0M (0%)     
[2026-01-06T22:07:12.019+0800][19.663s][info][gc,heap     ] GC(95) Y:   Garbage:         -              1321M (32%)           1M (0%)            1M (0%)     
[2026-01-06T22:07:12.019+0800][19.663s][info][gc,heap     ] GC(95) Y: Allocated:         -                 4M (0%)            6M (0%)            6M (0%)     
[2026-01-06T22:07:12.019+0800][19.663s][info][gc,heap     ] GC(95) Y: Reclaimed:         -                  -              1320M (32%)        1320M (32%)    
[2026-01-06T22:07:12.019+0800][19.663s][info][gc,heap     ] GC(95) Y:  Promoted:         -                  -                 0M (0%)            0M (0%)     
[2026-01-06T22:07:12.019+0800][19.663s][info][gc,heap     ] GC(95) Y: Compacted:         -                  -                  -                 0M (0%)     
[2026-01-06T22:07:12.019+0800][19.663s][info][gc,phases   ] GC(95) Y: Young Generation 1324M(32%)->10M(0%) 0.000s
[2026-01-06T22:07:12.019+0800][19.663s][info][gc,phases   ] GC(95) O: Old Generation
[2026-01-06T22:07:12.019+0800][19.663s][info][gc,phases   ] GC(95) O: Concurrent Mark 0.589ms
[2026-01-06T22:07:12.019+0800][19.663s][info][gc,phases   ] GC(95) O: Pause Mark End 0.002ms
[2026-01-06T22:07:12.019+0800][19.663s][info][gc,phases   ] GC(95) O: Concurrent Mark Free 0.000ms
[2026-01-06T22:07:12.019+0800][19.663s][info][gc,phases   ] GC(95) O: Concurrent Process Non-Strong 0.101ms
[2026-01-06T22:07:12.019+0800][19.663s][info][gc,phases   ] GC(95) O: Concurrent Reset Relocation Set 0.000ms
[2026-01-06T22:07:12.019+0800][19.663s][info][gc,phases   ] GC(95) O: Concurrent Select Relocation Set 0.017ms
[2026-01-06T22:07:12.019+0800][19.663s][info][gc,task     ] GC(95) O: Using 2 Workers for Old Generation
[2026-01-06T22:07:12.020+0800][19.663s][info][gc,task     ] GC(95) O: Using 1 Workers for Old Generation
[2026-01-06T22:07:12.020+0800][19.663s][info][gc,phases   ] GC(95) O: Concurrent Remap Roots 0.044ms
[2026-01-06T22:07:12.020+0800][19.663s][info][gc,phases   ] GC(95) O: Pause Relocate Start 0.001ms
[2026-01-06T22:07:12.020+0800][19.663s][info][gc,phases   ] GC(95) O: Concurrent Relocate 0.006ms
[2026-01-06T22:07:12.020+0800][19.663s][info][gc,alloc    ] GC(95) O:                         Mark Start        Mark End      Relocate Start    Relocate End   
[2026-01-06T22:07:12.020+0800][19.663s][info][gc,alloc    ] GC(95) O: Allocation Stalls:          0                0                0                0         
[2026-01-06T22:07:12.020+0800][19.663s][info][gc,load     ] GC(95) O: Load: 1.45 (15%) / 1.68 (17%) / 1.97 (20%)
[2026-01-06T22:07:12.020+0800][19.663s][info][gc,mmu      ] GC(95) O: MMU: 2ms/97.4%, 5ms/98.6%, 10ms/99.3%, 20ms/99.5%, 50ms/99.8%, 100ms/99.9%
[2026-01-06T22:07:12.020+0800][19.663s][info][gc,marking  ] GC(95) O: Mark: 1 stripe(s), 2 proactive flush(es), 1 terminate flush(es), 0 completion(s), 0 continuation(s) 
[2026-01-06T22:07:12.020+0800][19.663s][info][gc,nmethod  ] GC(95) O: NMethods: 120 registered, 37 unregistered
[2026-01-06T22:07:12.020+0800][19.663s][info][gc,metaspace] GC(95) O: Metaspace: 0M used, 0M committed, 1088M reserved
[2026-01-06T22:07:12.020+0800][19.663s][info][gc,ref      ] GC(95) O:                       Encountered   Discovered     Enqueued 
[2026-01-06T22:07:12.020+0800][19.663s][info][gc,ref      ] GC(95) O: Soft References:                1            0            0 
[2026-01-06T22:07:12.020+0800][19.663s][info][gc,ref      ] GC(95) O: Weak References:                6            0            0 
[2026-01-06T22:07:12.020+0800][19.663s][info][gc,ref      ] GC(95) O: Final References:               0            0            0 
[2026-01-06T22:07:12.020+0800][19.663s][info][gc,ref      ] GC(95) O: Phantom References:             1            1            0 
[2026-01-06T22:07:12.020+0800][19.663s][info][gc,reloc    ] GC(95) O:                        Candidates     Selected     In-Place         Size        Empty    Relocated 
[2026-01-06T22:07:12.020+0800][19.663s][info][gc,reloc    ] GC(95) O: Small Pages:                    1            0            0           2M           0M           0M 
[2026-01-06T22:07:12.020+0800][19.663s][info][gc,reloc    ] GC(95) O: Medium Pages:                   0            0            0           0M           0M           0M 
[2026-01-06T22:07:12.020+0800][19.663s][info][gc,reloc    ] GC(95) O: Large Pages:                    0            0            0           0M           0M           0M 
[2026-01-06T22:07:12.020+0800][19.663s][info][gc,reloc    ] GC(95) O: Forwarding Usage: 0M
[2026-01-06T22:07:12.020+0800][19.663s][info][gc,heap     ] GC(95) O: Min Capacity: 8M(0%)
[2026-01-06T22:07:12.020+0800][19.663s][info][gc,heap     ] GC(95) O: Max Capacity: 4096M(100%)
[2026-01-06T22:07:12.020+0800][19.663s][info][gc,heap     ] GC(95) O: Soft Max Capacity: 3686M(90%)
[2026-01-06T22:07:12.020+0800][19.663s][info][gc,heap     ] GC(95) O: Heap Statistics:
[2026-01-06T22:07:12.020+0800][19.663s][info][gc,heap     ] GC(95) O:                Mark Start          Mark End        Relocate Start      Relocate End           High               Low         
[2026-01-06T22:07:12.020+0800][19.663s][info][gc,heap     ] GC(95) O:  Capacity:     3498M (85%)        3498M (85%)        3498M (85%)        3498M (85%)        3498M (85%)        3498M (85%)    
[2026-01-06T22:07:12.020+0800][19.663s][info][gc,heap     ] GC(95) O:      Free:     2772M (68%)        4072M (99%)        4068M (99%)        4068M (99%)        4086M (100%)       2768M (68%)    
[2026-01-06T22:07:12.020+0800][19.663s][info][gc,heap     ] GC(95) O:      Used:     1324M (32%)          24M (1%)           28M (1%)           28M (1%)         1328M (32%)          10M (0%)     
[2026-01-06T22:07:12.020+0800][19.663s][info][gc,heap     ] GC(95) O: Old Generation Statistics:
[2026-01-06T22:07:12.020+0800][19.663s][info][gc,heap     ] GC(95) O:                Mark Start          Mark End        Relocate Start      Relocate End    
[2026-01-06T22:07:12.020+0800][19.663s][info][gc,heap     ] GC(95) O:      Used:        2M (0%)            2M (0%)            2M (0%)            2M (0%)     
[2026-01-06T22:07:12.020+0800][19.663s][info][gc,heap     ] GC(95) O:      Live:         -                 0M (0%)            0M (0%)            0M (0%)     
[2026-01-06T22:07:12.020+0800][19.663s][info][gc,heap     ] GC(95) O:   Garbage:         -                 1M (0%)            1M (0%)            1M (0%)     
[2026-01-06T22:07:12.020+0800][19.663s][info][gc,heap     ] GC(95) O: Allocated:         -                 0M (0%)            0M (0%)            0M (0%)     
[2026-01-06T22:07:12.020+0800][19.664s][info][gc,heap     ] GC(95) O: Reclaimed:         -                  -                 0M (0%)            0M (0%)     
[2026-01-06T22:07:12.020+0800][19.664s][info][gc,heap     ] GC(95) O: Compacted:         -                  -                  -                 0M (0%)     
[2026-01-06T22:07:12.020+0800][19.664s][info][gc,phases   ] GC(95) O: Old Generation 12M(0%)->28M(1%) 0.001s
[2026-01-06T22:07:12.020+0800][19.664s][info][gc          ] GC(95) Major Collection (Proactive) 1324M(32%)->30M(1%) 0.002s
[2026-01-06T22:07:12.088+0800][19.732s][info][gc          ] GC(96) Major Collection (Proactive)
[2026-01-06T22:07:12.088+0800][19.732s][info][gc,task     ] GC(96) Using 1 Workers for Young Generation
[2026-01-06T22:07:12.088+0800][19.732s][info][gc,task     ] GC(96) Using 1 Workers for Old Generation
[2026-01-06T22:07:12.088+0800][19.732s][info][gc,phases   ] GC(96) Y: Young Generation
[2026-01-06T22:07:12.088+0800][19.732s][info][gc,phases   ] GC(96) Y: Pause Mark Start (Major) 0.005ms
[2026-01-06T22:07:12.088+0800][19.732s][info][gc,phases   ] GC(96) Y: Concurrent Mark 0.155ms
[2026-01-06T22:07:12.088+0800][19.732s][info][gc,phases   ] GC(96) Y: Pause Mark End 0.003ms
[2026-01-06T22:07:12.088+0800][19.732s][info][gc,phases   ] GC(96) Y: Concurrent Mark Free 0.000ms
[2026-01-06T22:07:12.088+0800][19.732s][info][gc,phases   ] GC(96) Y: Concurrent Reset Relocation Set 0.000ms
[2026-01-06T22:07:12.088+0800][19.732s][info][gc,reloc    ] GC(96) Y: Using tenuring threshold: 1 (Computed)
[2026-01-06T22:07:12.088+0800][19.732s][info][gc,phases   ] GC(96) Y: Concurrent Select Relocation Set 0.149ms
[2026-01-06T22:07:12.088+0800][19.732s][info][gc,phases   ] GC(96) Y: Pause Relocate Start 0.001ms
[2026-01-06T22:07:12.088+0800][19.732s][info][gc,phases   ] GC(96) Y: Concurrent Relocate 0.009ms
[2026-01-06T22:07:12.088+0800][19.732s][info][gc,alloc    ] GC(96) Y:                         Mark Start        Mark End      Relocate Start    Relocate End   
[2026-01-06T22:07:12.088+0800][19.732s][info][gc,alloc    ] GC(96) Y: Allocation Stalls:          0                0                0                0         
[2026-01-06T22:07:12.088+0800][19.732s][info][gc,load     ] GC(96) Y: Load: 1.45 (15%) / 1.68 (17%) / 1.97 (20%)
[2026-01-06T22:07:12.088+0800][19.732s][info][gc,mmu      ] GC(96) Y: MMU: 2ms/97.4%, 5ms/98.6%, 10ms/99.3%, 20ms/99.5%, 50ms/99.8%, 100ms/99.9%
[2026-01-06T22:07:12.088+0800][19.732s][info][gc,marking  ] GC(96) Y: Mark: 1 stripe(s), 2 proactive flush(es), 1 terminate flush(es), 0 completion(s), 0 continuation(s) 
[2026-01-06T22:07:12.088+0800][19.732s][info][gc,nmethod  ] GC(96) Y: NMethods: 120 registered, 37 unregistered
[2026-01-06T22:07:12.088+0800][19.732s][info][gc,metaspace] GC(96) Y: Metaspace: 0M used, 0M committed, 1088M reserved
[2026-01-06T22:07:12.088+0800][19.732s][info][gc,reloc    ] GC(96) Y:                        Candidates     Selected     In-Place         Size        Empty    Relocated 
[2026-01-06T22:07:12.088+0800][19.732s][info][gc,reloc    ] GC(96) Y: Small Pages:                  646            0            0        1292M        1290M           0M 
[2026-01-06T22:07:12.088+0800][19.732s][info][gc,reloc    ] GC(96) Y: Medium Pages:                   0            0            0           0M           0M           0M 
[2026-01-06T22:07:12.088+0800][19.732s][info][gc,reloc    ] GC(96) Y: Large Pages:                    0            0            0           0M           0M           0M 
[2026-01-06T22:07:12.088+0800][19.732s][info][gc,reloc    ] GC(96) Y: Forwarding Usage: 0M
[2026-01-06T22:07:12.088+0800][19.732s][info][gc,reloc    ] GC(96) Y: Age Table:
[2026-01-06T22:07:12.088+0800][19.732s][info][gc,reloc    ] GC(96) Y:                    Live             Garbage             Small              Medium             Large        
[2026-01-06T22:07:12.088+0800][19.732s][info][gc,reloc    ] GC(96) Y: Eden               0M (0%)         1289M (31%)        645 / 0              0 / 0              0 / 0        
[2026-01-06T22:07:12.088+0800][19.732s][info][gc,reloc    ] GC(96) Y: Survivor 1          -                 2M (0%)           1 / 0              0 / 0              0 / 0        
[2026-01-06T22:07:12.088+0800][19.732s][info][gc,heap     ] GC(96) Y: Min Capacity: 8M(0%)
[2026-01-06T22:07:12.088+0800][19.732s][info][gc,heap     ] GC(96) Y: Max Capacity: 4096M(100%)
[2026-01-06T22:07:12.088+0800][19.732s][info][gc,heap     ] GC(96) Y: Soft Max Capacity: 3686M(90%)
[2026-01-06T22:07:12.088+0800][19.732s][info][gc,heap     ] GC(96) Y: Heap Statistics:
[2026-01-06T22:07:12.089+0800][19.732s][info][gc,heap     ] GC(96) Y:                Mark Start          Mark End        Relocate Start      Relocate End           High               Low         
[2026-01-06T22:07:12.089+0800][19.732s][info][gc,heap     ] GC(96) Y:  Capacity:     3498M (85%)        3498M (85%)        3498M (85%)        3498M (85%)        3498M (85%)        3498M (85%)    
[2026-01-06T22:07:12.089+0800][19.732s][info][gc,heap     ] GC(96) Y:      Free:     2802M (68%)        2798M (68%)        4086M (100%)       4086M (100%)       4086M (100%)       2798M (68%)    
[2026-01-06T22:07:12.089+0800][19.732s][info][gc,heap     ] GC(96) Y:      Used:     1294M (32%)        1298M (32%)          10M (0%)           10M (0%)         1298M (32%)          10M (0%)     
[2026-01-06T22:07:12.089+0800][19.732s][info][gc,heap     ] GC(96) Y: Young Generation Statistics:
[2026-01-06T22:07:12.089+0800][19.732s][info][gc,heap     ] GC(96) Y:                Mark Start          Mark End        Relocate Start      Relocate End    
[2026-01-06T22:07:12.089+0800][19.732s][info][gc,heap     ] GC(96) Y:      Used:     1292M (32%)        1296M (32%)           8M (0%)            8M (0%)     
[2026-01-06T22:07:12.089+0800][19.732s][info][gc,heap     ] GC(96) Y:      Live:         -                 0M (0%)            0M (0%)            0M (0%)     
[2026-01-06T22:07:12.089+0800][19.732s][info][gc,heap     ] GC(96) Y:   Garbage:         -              1291M (32%)           1M (0%)            1M (0%)     
[2026-01-06T22:07:12.089+0800][19.732s][info][gc,heap     ] GC(96) Y: Allocated:         -                 4M (0%)            6M (0%)            6M (0%)     
[2026-01-06T22:07:12.089+0800][19.732s][info][gc,heap     ] GC(96) Y: Reclaimed:         -                  -              1290M (31%)        1290M (31%)    
[2026-01-06T22:07:12.089+0800][19.732s][info][gc,heap     ] GC(96) Y:  Promoted:         -                  -                 0M (0%)            0M (0%)     
[2026-01-06T22:07:12.089+0800][19.732s][info][gc,heap     ] GC(96) Y: Compacted:         -                  -                  -                 0M (0%)     
[2026-01-06T22:07:12.089+0800][19.732s][info][gc,phases   ] GC(96) Y: Young Generation 1294M(32%)->10M(0%) 0.000s
[2026-01-06T22:07:12.089+0800][19.732s][info][gc,phases   ] GC(96) O: Old Generation
[2026-01-06T22:07:12.089+0800][19.733s][info][gc,phases   ] GC(96) O: Concurrent Mark 0.620ms
[2026-01-06T22:07:12.089+0800][19.733s][info][gc,phases   ] GC(96) O: Pause Mark End 0.002ms
[2026-01-06T22:07:12.089+0800][19.733s][info][gc,phases   ] GC(96) O: Concurrent Mark Free 0.000ms
[2026-01-06T22:07:12.089+0800][19.733s][info][gc,phases   ] GC(96) O: Concurrent Process Non-Strong 0.104ms
[2026-01-06T22:07:12.089+0800][19.733s][info][gc,phases   ] GC(96) O: Concurrent Reset Relocation Set 0.000ms
[2026-01-06T22:07:12.089+0800][19.733s][info][gc,phases   ] GC(96) O: Concurrent Select Relocation Set 0.018ms
[2026-01-06T22:07:12.089+0800][19.733s][info][gc,task     ] GC(96) O: Using 2 Workers for Old Generation
[2026-01-06T22:07:12.089+0800][19.733s][info][gc,task     ] GC(96) O: Using 1 Workers for Old Generation
[2026-01-06T22:07:12.089+0800][19.733s][info][gc,phases   ] GC(96) O: Concurrent Remap Roots 0.077ms
[2026-01-06T22:07:12.089+0800][19.733s][info][gc,phases   ] GC(96) O: Pause Relocate Start 0.001ms
[2026-01-06T22:07:12.089+0800][19.733s][info][gc,phases   ] GC(96) O: Concurrent Relocate 0.006ms
[2026-01-06T22:07:12.089+0800][19.733s][info][gc,alloc    ] GC(96) O:                         Mark Start        Mark End      Relocate Start    Relocate End   
[2026-01-06T22:07:12.089+0800][19.733s][info][gc,alloc    ] GC(96) O: Allocation Stalls:          0                0                0                0         
[2026-01-06T22:07:12.089+0800][19.733s][info][gc,load     ] GC(96) O: Load: 1.45 (15%) / 1.68 (17%) / 1.97 (20%)
[2026-01-06T22:07:12.089+0800][19.733s][info][gc,mmu      ] GC(96) O: MMU: 2ms/97.4%, 5ms/98.6%, 10ms/99.3%, 20ms/99.5%, 50ms/99.8%, 100ms/99.9%
[2026-01-06T22:07:12.089+0800][19.733s][info][gc,marking  ] GC(96) O: Mark: 1 stripe(s), 2 proactive flush(es), 1 terminate flush(es), 0 completion(s), 0 continuation(s) 
[2026-01-06T22:07:12.089+0800][19.733s][info][gc,nmethod  ] GC(96) O: NMethods: 120 registered, 37 unregistered
[2026-01-06T22:07:12.089+0800][19.733s][info][gc,metaspace] GC(96) O: Metaspace: 0M used, 0M committed, 1088M reserved
[2026-01-06T22:07:12.089+0800][19.733s][info][gc,ref      ] GC(96) O:                       Encountered   Discovered     Enqueued 
[2026-01-06T22:07:12.089+0800][19.733s][info][gc,ref      ] GC(96) O: Soft References:                1            0            0 
[2026-01-06T22:07:12.089+0800][19.733s][info][gc,ref      ] GC(96) O: Weak References:                6            0            0 
[2026-01-06T22:07:12.089+0800][19.733s][info][gc,ref      ] GC(96) O: Final References:               0            0            0 
[2026-01-06T22:07:12.089+0800][19.733s][info][gc,ref      ] GC(96) O: Phantom References:             1            1            0 
[2026-01-06T22:07:12.089+0800][19.733s][info][gc,reloc    ] GC(96) O:                        Candidates     Selected     In-Place         Size        Empty    Relocated 
[2026-01-06T22:07:12.089+0800][19.733s][info][gc,reloc    ] GC(96) O: Small Pages:                    1            0            0           2M           0M           0M 
[2026-01-06T22:07:12.089+0800][19.733s][info][gc,reloc    ] GC(96) O: Medium Pages:                   0            0            0           0M           0M           0M 
[2026-01-06T22:07:12.089+0800][19.733s][info][gc,reloc    ] GC(96) O: Large Pages:                    0            0            0           0M           0M           0M 
[2026-01-06T22:07:12.089+0800][19.733s][info][gc,reloc    ] GC(96) O: Forwarding Usage: 0M
[2026-01-06T22:07:12.089+0800][19.733s][info][gc,heap     ] GC(96) O: Min Capacity: 8M(0%)
[2026-01-06T22:07:12.089+0800][19.733s][info][gc,heap     ] GC(96) O: Max Capacity: 4096M(100%)
[2026-01-06T22:07:12.090+0800][19.733s][info][gc,heap     ] GC(96) O: Soft Max Capacity: 3686M(90%)
[2026-01-06T22:07:12.090+0800][19.733s][info][gc,heap     ] GC(96) O: Heap Statistics:
[2026-01-06T22:07:12.090+0800][19.733s][info][gc,heap     ] GC(96) O:                Mark Start          Mark End        Relocate Start      Relocate End           High               Low         
[2026-01-06T22:07:12.090+0800][19.733s][info][gc,heap     ] GC(96) O:  Capacity:     3498M (85%)        3498M (85%)        3498M (85%)        3498M (85%)        3498M (85%)        3498M (85%)    
[2026-01-06T22:07:12.090+0800][19.733s][info][gc,heap     ] GC(96) O:      Free:     2802M (68%)        4072M (99%)        4068M (99%)        4068M (99%)        4086M (100%)       2798M (68%)    
[2026-01-06T22:07:12.090+0800][19.733s][info][gc,heap     ] GC(96) O:      Used:     1294M (32%)          24M (1%)           28M (1%)           28M (1%)         1298M (32%)          10M (0%)     
[2026-01-06T22:07:12.090+0800][19.733s][info][gc,heap     ] GC(96) O: Old Generation Statistics:
[2026-01-06T22:07:12.090+0800][19.733s][info][gc,heap     ] GC(96) O:                Mark Start          Mark End        Relocate Start      Relocate End    
[2026-01-06T22:07:12.090+0800][19.733s][info][gc,heap     ] GC(96) O:      Used:        2M (0%)            2M (0%)            2M (0%)            2M (0%)     
[2026-01-06T22:07:12.090+0800][19.733s][info][gc,heap     ] GC(96) O:      Live:         -                 0M (0%)            0M (0%)            0M (0%)     
[2026-01-06T22:07:12.090+0800][19.733s][info][gc,heap     ] GC(96) O:   Garbage:         -                 1M (0%)            1M (0%)            1M (0%)     
[2026-01-06T22:07:12.090+0800][19.733s][info][gc,heap     ] GC(96) O: Allocated:         -                 0M (0%)            0M (0%)            0M (0%)     
[2026-01-06T22:07:12.090+0800][19.733s][info][gc,heap     ] GC(96) O: Reclaimed:         -                  -                 0M (0%)            0M (0%)     
[2026-01-06T22:07:12.090+0800][19.734s][info][gc,heap     ] GC(96) O: Compacted:         -                  -                  -                 0M (0%)     
[2026-01-06T22:07:12.090+0800][19.734s][info][gc,phases   ] GC(96) O: Old Generation 12M(0%)->28M(1%) 0.001s
[2026-01-06T22:07:12.090+0800][19.734s][info][gc          ] GC(96) Major Collection (Proactive) 1294M(32%)->30M(1%) 0.002s
[2026-01-06T22:07:12.167+0800][19.811s][info][gc          ] GC(97) Major Collection (Proactive)
[2026-01-06T22:07:12.167+0800][19.811s][info][gc,task     ] GC(97) Using 1 Workers for Young Generation
[2026-01-06T22:07:12.167+0800][19.811s][info][gc,task     ] GC(97) Using 1 Workers for Old Generation
[2026-01-06T22:07:12.167+0800][19.811s][info][gc,phases   ] GC(97) Y: Young Generation
[2026-01-06T22:07:12.167+0800][19.811s][info][gc,phases   ] GC(97) Y: Pause Mark Start (Major) 0.007ms
[2026-01-06T22:07:12.167+0800][19.811s][info][gc,phases   ] GC(97) Y: Concurrent Mark 0.388ms
[2026-01-06T22:07:12.167+0800][19.811s][info][gc,phases   ] GC(97) Y: Pause Mark End 0.005ms
[2026-01-06T22:07:12.167+0800][19.811s][info][gc,phases   ] GC(97) Y: Concurrent Mark Free 0.001ms
[2026-01-06T22:07:12.167+0800][19.811s][info][gc,phases   ] GC(97) Y: Concurrent Reset Relocation Set 0.000ms
[2026-01-06T22:07:12.168+0800][19.812s][info][gc,reloc    ] GC(97) Y: Using tenuring threshold: 1 (Computed)
[2026-01-06T22:07:12.168+0800][19.812s][info][gc,phases   ] GC(97) Y: Concurrent Select Relocation Set 0.272ms
[2026-01-06T22:07:12.168+0800][19.812s][info][gc,phases   ] GC(97) Y: Pause Relocate Start 0.002ms
[2026-01-06T22:07:12.168+0800][19.812s][info][gc,phases   ] GC(97) Y: Concurrent Relocate 0.017ms
[2026-01-06T22:07:12.168+0800][19.812s][info][gc,alloc    ] GC(97) Y:                         Mark Start        Mark End      Relocate Start    Relocate End   
[2026-01-06T22:07:12.168+0800][19.812s][info][gc,alloc    ] GC(97) Y: Allocation Stalls:          0                0                0                0         
[2026-01-06T22:07:12.168+0800][19.812s][info][gc,load     ] GC(97) Y: Load: 1.45 (15%) / 1.68 (17%) / 1.97 (20%)
[2026-01-06T22:07:12.168+0800][19.812s][info][gc,mmu      ] GC(97) Y: MMU: 2ms/97.4%, 5ms/98.6%, 10ms/99.3%, 20ms/99.5%, 50ms/99.8%, 100ms/99.9%
[2026-01-06T22:07:12.168+0800][19.812s][info][gc,marking  ] GC(97) Y: Mark: 1 stripe(s), 2 proactive flush(es), 1 terminate flush(es), 0 completion(s), 0 continuation(s) 
[2026-01-06T22:07:12.168+0800][19.812s][info][gc,nmethod  ] GC(97) Y: NMethods: 120 registered, 37 unregistered
[2026-01-06T22:07:12.168+0800][19.812s][info][gc,metaspace] GC(97) Y: Metaspace: 0M used, 0M committed, 1088M reserved
[2026-01-06T22:07:12.168+0800][19.812s][info][gc,reloc    ] GC(97) Y:                        Candidates     Selected     In-Place         Size        Empty    Relocated 
[2026-01-06T22:07:12.168+0800][19.812s][info][gc,reloc    ] GC(97) Y: Small Pages:                  392            0            0         784M         782M           0M 
[2026-01-06T22:07:12.168+0800][19.812s][info][gc,reloc    ] GC(97) Y: Medium Pages:                   0            0            0           0M           0M           0M 
[2026-01-06T22:07:12.168+0800][19.812s][info][gc,reloc    ] GC(97) Y: Large Pages:                    0            0            0           0M           0M           0M 
[2026-01-06T22:07:12.168+0800][19.812s][info][gc,reloc    ] GC(97) Y: Forwarding Usage: 0M
[2026-01-06T22:07:12.168+0800][19.812s][info][gc,reloc    ] GC(97) Y: Age Table:
[2026-01-06T22:07:12.168+0800][19.812s][info][gc,reloc    ] GC(97) Y:                    Live             Garbage             Small              Medium             Large        
[2026-01-06T22:07:12.168+0800][19.812s][info][gc,reloc    ] GC(97) Y: Eden               0M (0%)          781M (19%)        391 / 0              0 / 0              0 / 0        
[2026-01-06T22:07:12.168+0800][19.812s][info][gc,reloc    ] GC(97) Y: Survivor 1          -                 2M (0%)           1 / 0              0 / 0              0 / 0        
[2026-01-06T22:07:12.168+0800][19.812s][info][gc,heap     ] GC(97) Y: Min Capacity: 8M(0%)
[2026-01-06T22:07:12.168+0800][19.812s][info][gc,heap     ] GC(97) Y: Max Capacity: 4096M(100%)
[2026-01-06T22:07:12.168+0800][19.812s][info][gc,heap     ] GC(97) Y: Soft Max Capacity: 3686M(90%)
[2026-01-06T22:07:12.168+0800][19.812s][info][gc,heap     ] GC(97) Y: Heap Statistics:
[2026-01-06T22:07:12.168+0800][19.812s][info][gc,heap     ] GC(97) Y:                Mark Start          Mark End        Relocate Start      Relocate End           High               Low         
[2026-01-06T22:07:12.168+0800][19.812s][info][gc,heap     ] GC(97) Y:  Capacity:     3498M (85%)        3498M (85%)        3498M (85%)        3498M (85%)        3498M (85%)        3498M (85%)    
[2026-01-06T22:07:12.168+0800][19.812s][info][gc,heap     ] GC(97) Y:      Free:     3310M (81%)        3304M (81%)        4082M (100%)       4080M (100%)       4082M (100%)       3302M (81%)    
[2026-01-06T22:07:12.168+0800][19.812s][info][gc,heap     ] GC(97) Y:      Used:      786M (19%)         792M (19%)          14M (0%)           16M (0%)          794M (19%)          14M (0%)     
[2026-01-06T22:07:12.168+0800][19.812s][info][gc,heap     ] GC(97) Y: Young Generation Statistics:
[2026-01-06T22:07:12.168+0800][19.812s][info][gc,heap     ] GC(97) Y:                Mark Start          Mark End        Relocate Start      Relocate End    
[2026-01-06T22:07:12.168+0800][19.812s][info][gc,heap     ] GC(97) Y:      Used:      784M (19%)         790M (19%)          12M (0%)           14M (0%)     
[2026-01-06T22:07:12.168+0800][19.812s][info][gc,heap     ] GC(97) Y:      Live:         -                 0M (0%)            0M (0%)            0M (0%)     
[2026-01-06T22:07:12.168+0800][19.812s][info][gc,heap     ] GC(97) Y:   Garbage:         -               783M (19%)           1M (0%)            1M (0%)     
[2026-01-06T22:07:12.168+0800][19.812s][info][gc,heap     ] GC(97) Y: Allocated:         -                 6M (0%)           10M (0%)           12M (0%)     
[2026-01-06T22:07:12.168+0800][19.812s][info][gc,heap     ] GC(97) Y: Reclaimed:         -                  -               782M (19%)         782M (19%)    
[2026-01-06T22:07:12.168+0800][19.812s][info][gc,heap     ] GC(97) Y:  Promoted:         -                  -                 0M (0%)            0M (0%)     
[2026-01-06T22:07:12.168+0800][19.812s][info][gc,heap     ] GC(97) Y: Compacted:         -                  -                  -                 0M (0%)     
[2026-01-06T22:07:12.168+0800][19.812s][info][gc,phases   ] GC(97) Y: Young Generation 786M(19%)->16M(0%) 0.001s
[2026-01-06T22:07:12.168+0800][19.812s][info][gc,phases   ] GC(97) O: Old Generation
[2026-01-06T22:07:12.169+0800][19.813s][info][gc,phases   ] GC(97) O: Concurrent Mark 0.819ms
[2026-01-06T22:07:12.169+0800][19.813s][info][gc,phases   ] GC(97) O: Pause Mark End 0.003ms
[2026-01-06T22:07:12.169+0800][19.813s][info][gc,phases   ] GC(97) O: Concurrent Mark Free 0.001ms
[2026-01-06T22:07:12.169+0800][19.813s][info][gc,phases   ] GC(97) O: Concurrent Process Non-Strong 0.176ms
[2026-01-06T22:07:12.169+0800][19.813s][info][gc,phases   ] GC(97) O: Concurrent Reset Relocation Set 0.000ms
[2026-01-06T22:07:12.169+0800][19.813s][info][gc,phases   ] GC(97) O: Concurrent Select Relocation Set 0.017ms
[2026-01-06T22:07:12.169+0800][19.813s][info][gc,task     ] GC(97) O: Using 2 Workers for Old Generation
[2026-01-06T22:07:12.169+0800][19.813s][info][gc,task     ] GC(97) O: Using 1 Workers for Old Generation
[2026-01-06T22:07:12.169+0800][19.813s][info][gc,phases   ] GC(97) O: Concurrent Remap Roots 0.049ms
[2026-01-06T22:07:12.169+0800][19.813s][info][gc,phases   ] GC(97) O: Pause Relocate Start 0.002ms
[2026-01-06T22:07:12.169+0800][19.813s][info][gc,phases   ] GC(97) O: Concurrent Relocate 0.006ms
[2026-01-06T22:07:12.169+0800][19.813s][info][gc,alloc    ] GC(97) O:                         Mark Start        Mark End      Relocate Start    Relocate End   
[2026-01-06T22:07:12.169+0800][19.813s][info][gc,alloc    ] GC(97) O: Allocation Stalls:          0                0                0                0         
[2026-01-06T22:07:12.169+0800][19.813s][info][gc,load     ] GC(97) O: Load: 1.45 (15%) / 1.68 (17%) / 1.97 (20%)
[2026-01-06T22:07:12.169+0800][19.813s][info][gc,mmu      ] GC(97) O: MMU: 2ms/97.4%, 5ms/98.6%, 10ms/99.3%, 20ms/99.5%, 50ms/99.8%, 100ms/99.9%
[2026-01-06T22:07:12.169+0800][19.813s][info][gc,marking  ] GC(97) O: Mark: 1 stripe(s), 2 proactive flush(es), 1 terminate flush(es), 0 completion(s), 0 continuation(s) 
[2026-01-06T22:07:12.169+0800][19.813s][info][gc,nmethod  ] GC(97) O: NMethods: 120 registered, 37 unregistered
[2026-01-06T22:07:12.169+0800][19.813s][info][gc,metaspace] GC(97) O: Metaspace: 0M used, 0M committed, 1088M reserved
[2026-01-06T22:07:12.169+0800][19.813s][info][gc,ref      ] GC(97) O:                       Encountered   Discovered     Enqueued 
[2026-01-06T22:07:12.169+0800][19.813s][info][gc,ref      ] GC(97) O: Soft References:                1            0            0 
[2026-01-06T22:07:12.169+0800][19.813s][info][gc,ref      ] GC(97) O: Weak References:                6            0            0 
[2026-01-06T22:07:12.169+0800][19.813s][info][gc,ref      ] GC(97) O: Final References:               0            0            0 
[2026-01-06T22:07:12.169+0800][19.813s][info][gc,ref      ] GC(97) O: Phantom References:             1            1            0 
[2026-01-06T22:07:12.169+0800][19.813s][info][gc,reloc    ] GC(97) O:                        Candidates     Selected     In-Place         Size        Empty    Relocated 
[2026-01-06T22:07:12.169+0800][19.813s][info][gc,reloc    ] GC(97) O: Small Pages:                    1            0            0           2M           0M           0M 
[2026-01-06T22:07:12.169+0800][19.813s][info][gc,reloc    ] GC(97) O: Medium Pages:                   0            0            0           0M           0M           0M 
[2026-01-06T22:07:12.169+0800][19.813s][info][gc,reloc    ] GC(97) O: Large Pages:                    0            0            0           0M           0M           0M 
[2026-01-06T22:07:12.169+0800][19.813s][info][gc,reloc    ] GC(97) O: Forwarding Usage: 0M
[2026-01-06T22:07:12.169+0800][19.813s][info][gc,heap     ] GC(97) O: Min Capacity: 8M(0%)
[2026-01-06T22:07:12.169+0800][19.813s][info][gc,heap     ] GC(97) O: Max Capacity: 4096M(100%)
[2026-01-06T22:07:12.169+0800][19.813s][info][gc,heap     ] GC(97) O: Soft Max Capacity: 3686M(90%)
[2026-01-06T22:07:12.169+0800][19.813s][info][gc,heap     ] GC(97) O: Heap Statistics:
[2026-01-06T22:07:12.169+0800][19.813s][info][gc,heap     ] GC(97) O:                Mark Start          Mark End        Relocate Start      Relocate End           High               Low         
[2026-01-06T22:07:12.169+0800][19.813s][info][gc,heap     ] GC(97) O:  Capacity:     3498M (85%)        3498M (85%)        3498M (85%)        3498M (85%)        3498M (85%)        3498M (85%)    
[2026-01-06T22:07:12.169+0800][19.813s][info][gc,heap     ] GC(97) O:      Free:     3310M (81%)        4064M (99%)        4060M (99%)        4060M (99%)        4082M (100%)       3302M (81%)    
[2026-01-06T22:07:12.169+0800][19.813s][info][gc,heap     ] GC(97) O:      Used:      786M (19%)          32M (1%)           36M (1%)           36M (1%)          794M (19%)          14M (0%)     
[2026-01-06T22:07:12.169+0800][19.813s][info][gc,heap     ] GC(97) O: Old Generation Statistics:
[2026-01-06T22:07:12.169+0800][19.813s][info][gc,heap     ] GC(97) O:                Mark Start          Mark End        Relocate Start      Relocate End    
[2026-01-06T22:07:12.169+0800][19.813s][info][gc,heap     ] GC(97) O:      Used:        2M (0%)            2M (0%)            2M (0%)            2M (0%)     
[2026-01-06T22:07:12.169+0800][19.813s][info][gc,heap     ] GC(97) O:      Live:         -                 0M (0%)            0M (0%)            0M (0%)     
[2026-01-06T22:07:12.169+0800][19.813s][info][gc,heap     ] GC(97) O:   Garbage:         -                 1M (0%)            1M (0%)            1M (0%)     
[2026-01-06T22:07:12.169+0800][19.813s][info][gc,heap     ] GC(97) O: Allocated:         -                 0M (0%)            0M (0%)            0M (0%)     
[2026-01-06T22:07:12.169+0800][19.813s][info][gc,heap     ] GC(97) O: Reclaimed:         -                  -                 0M (0%)            0M (0%)     
[2026-01-06T22:07:12.169+0800][19.813s][info][gc,heap     ] GC(97) O: Compacted:         -                  -                  -                 0M (0%)     
[2026-01-06T22:07:12.169+0800][19.813s][info][gc,phases   ] GC(97) O: Old Generation 18M(0%)->36M(1%) 0.001s
[2026-01-06T22:07:12.169+0800][19.813s][info][gc          ] GC(97) Major Collection (Proactive) 784M(19%)->38M(1%) 0.003s
[2026-01-06T22:07:12.328+0800][19.972s][info][gc          ] GC(98) Major Collection (Proactive)
[2026-01-06T22:07:12.328+0800][19.972s][info][gc,task     ] GC(98) Using 1 Workers for Young Generation
[2026-01-06T22:07:12.328+0800][19.972s][info][gc,task     ] GC(98) Using 1 Workers for Old Generation
[2026-01-06T22:07:12.328+0800][19.972s][info][gc,phases   ] GC(98) Y: Young Generation
[2026-01-06T22:07:12.328+0800][19.972s][info][gc,phases   ] GC(98) Y: Pause Mark Start (Major) 0.005ms
[2026-01-06T22:07:12.328+0800][19.972s][info][gc,phases   ] GC(98) Y: Concurrent Mark 0.159ms
[2026-01-06T22:07:12.329+0800][19.972s][info][gc,phases   ] GC(98) Y: Pause Mark End 0.004ms
[2026-01-06T22:07:12.329+0800][19.972s][info][gc,phases   ] GC(98) Y: Concurrent Mark Free 0.001ms
[2026-01-06T22:07:12.329+0800][19.972s][info][gc,phases   ] GC(98) Y: Concurrent Reset Relocation Set 0.000ms
[2026-01-06T22:07:12.329+0800][19.973s][info][gc,reloc    ] GC(98) Y: Using tenuring threshold: 1 (Computed)
[2026-01-06T22:07:12.329+0800][19.973s][info][gc,phases   ] GC(98) Y: Concurrent Select Relocation Set 0.153ms
[2026-01-06T22:07:12.329+0800][19.973s][info][gc,phases   ] GC(98) Y: Pause Relocate Start 0.001ms
[2026-01-06T22:07:12.329+0800][19.973s][info][gc,phases   ] GC(98) Y: Concurrent Relocate 0.010ms
[2026-01-06T22:07:12.329+0800][19.973s][info][gc,alloc    ] GC(98) Y:                         Mark Start        Mark End      Relocate Start    Relocate End   
[2026-01-06T22:07:12.329+0800][19.973s][info][gc,alloc    ] GC(98) Y: Allocation Stalls:          0                0                0                0         
[2026-01-06T22:07:12.329+0800][19.973s][info][gc,load     ] GC(98) Y: Load: 1.45 (15%) / 1.68 (17%) / 1.97 (20%)
[2026-01-06T22:07:12.329+0800][19.973s][info][gc,mmu      ] GC(98) Y: MMU: 2ms/97.4%, 5ms/98.6%, 10ms/99.3%, 20ms/99.5%, 50ms/99.8%, 100ms/99.9%
[2026-01-06T22:07:12.329+0800][19.973s][info][gc,marking  ] GC(98) Y: Mark: 1 stripe(s), 2 proactive flush(es), 1 terminate flush(es), 0 completion(s), 0 continuation(s) 
[2026-01-06T22:07:12.329+0800][19.973s][info][gc,nmethod  ] GC(98) Y: NMethods: 120 registered, 37 unregistered
[2026-01-06T22:07:12.329+0800][19.973s][info][gc,metaspace] GC(98) Y: Metaspace: 0M used, 0M committed, 1088M reserved
[2026-01-06T22:07:12.329+0800][19.973s][info][gc,reloc    ] GC(98) Y:                        Candidates     Selected     In-Place         Size        Empty    Relocated 
[2026-01-06T22:07:12.329+0800][19.973s][info][gc,reloc    ] GC(98) Y: Small Pages:                  690            0            0        1380M        1378M           0M 
[2026-01-06T22:07:12.329+0800][19.973s][info][gc,reloc    ] GC(98) Y: Medium Pages:                   0            0            0           0M           0M           0M 
[2026-01-06T22:07:12.329+0800][19.973s][info][gc,reloc    ] GC(98) Y: Large Pages:                    0            0            0           0M           0M           0M 
[2026-01-06T22:07:12.329+0800][19.973s][info][gc,reloc    ] GC(98) Y: Forwarding Usage: 0M
[2026-01-06T22:07:12.329+0800][19.973s][info][gc,reloc    ] GC(98) Y: Age Table:
[2026-01-06T22:07:12.329+0800][19.973s][info][gc,reloc    ] GC(98) Y:                    Live             Garbage             Small              Medium             Large        
[2026-01-06T22:07:12.329+0800][19.973s][info][gc,reloc    ] GC(98) Y: Eden               0M (0%)         1377M (34%)        689 / 0              0 / 0              0 / 0        
[2026-01-06T22:07:12.329+0800][19.973s][info][gc,reloc    ] GC(98) Y: Survivor 1          -                 2M (0%)           1 / 0              0 / 0              0 / 0        
[2026-01-06T22:07:12.329+0800][19.973s][info][gc,heap     ] GC(98) Y: Min Capacity: 8M(0%)
[2026-01-06T22:07:12.329+0800][19.973s][info][gc,heap     ] GC(98) Y: Max Capacity: 4096M(100%)
[2026-01-06T22:07:12.329+0800][19.973s][info][gc,heap     ] GC(98) Y: Soft Max Capacity: 3686M(90%)
[2026-01-06T22:07:12.329+0800][19.973s][info][gc,heap     ] GC(98) Y: Heap Statistics:
[2026-01-06T22:07:12.329+0800][19.973s][info][gc,heap     ] GC(98) Y:                Mark Start          Mark End        Relocate Start      Relocate End           High               Low         
[2026-01-06T22:07:12.329+0800][19.973s][info][gc,heap     ] GC(98) Y:  Capacity:     3498M (85%)        3498M (85%)        3498M (85%)        3498M (85%)        3498M (85%)        3498M (85%)    
[2026-01-06T22:07:12.329+0800][19.973s][info][gc,heap     ] GC(98) Y:      Free:     2714M (66%)        2712M (66%)        4088M (100%)       4088M (100%)       4090M (100%)       2712M (66%)    
[2026-01-06T22:07:12.329+0800][19.973s][info][gc,heap     ] GC(98) Y:      Used:     1382M (34%)        1384M (34%)           8M (0%)            8M (0%)         1384M (34%)           6M (0%)     
[2026-01-06T22:07:12.329+0800][19.973s][info][gc,heap     ] GC(98) Y: Young Generation Statistics:
[2026-01-06T22:07:12.329+0800][19.973s][info][gc,heap     ] GC(98) Y:                Mark Start          Mark End        Relocate Start      Relocate End    
[2026-01-06T22:07:12.329+0800][19.973s][info][gc,heap     ] GC(98) Y:      Used:     1380M (34%)        1382M (34%)           6M (0%)            6M (0%)     
[2026-01-06T22:07:12.329+0800][19.973s][info][gc,heap     ] GC(98) Y:      Live:         -                 0M (0%)            0M (0%)            0M (0%)     
[2026-01-06T22:07:12.329+0800][19.973s][info][gc,heap     ] GC(98) Y:   Garbage:         -              1379M (34%)           1M (0%)            1M (0%)     
[2026-01-06T22:07:12.329+0800][19.973s][info][gc,heap     ] GC(98) Y: Allocated:         -                 2M (0%)            4M (0%)            4M (0%)     
[2026-01-06T22:07:12.329+0800][19.973s][info][gc,heap     ] GC(98) Y: Reclaimed:         -                  -              1378M (34%)        1378M (34%)    
[2026-01-06T22:07:12.329+0800][19.973s][info][gc,heap     ] GC(98) Y:  Promoted:         -                  -                 0M (0%)            0M (0%)     
[2026-01-06T22:07:12.329+0800][19.973s][info][gc,heap     ] GC(98) Y: Compacted:         -                  -                  -                 0M (0%)     
[2026-01-06T22:07:12.329+0800][19.973s][info][gc,phases   ] GC(98) Y: Young Generation 1382M(34%)->8M(0%) 0.000s
[2026-01-06T22:07:12.329+0800][19.973s][info][gc,phases   ] GC(98) O: Old Generation
[2026-01-06T22:07:12.329+0800][19.973s][info][gc,phases   ] GC(98) O: Concurrent Mark 0.605ms
[2026-01-06T22:07:12.329+0800][19.973s][info][gc,phases   ] GC(98) O: Pause Mark End 0.003ms
[2026-01-06T22:07:12.330+0800][19.973s][info][gc,phases   ] GC(98) O: Concurrent Mark Free 0.000ms
[2026-01-06T22:07:12.330+0800][19.973s][info][gc,phases   ] GC(98) O: Concurrent Process Non-Strong 0.128ms
[2026-01-06T22:07:12.330+0800][19.973s][info][gc,phases   ] GC(98) O: Concurrent Reset Relocation Set 0.000ms
[2026-01-06T22:07:12.330+0800][19.974s][info][gc,phases   ] GC(98) O: Concurrent Select Relocation Set 0.020ms
[2026-01-06T22:07:12.330+0800][19.974s][info][gc,task     ] GC(98) O: Using 2 Workers for Old Generation
[2026-01-06T22:07:12.330+0800][19.974s][info][gc,task     ] GC(98) O: Using 1 Workers for Old Generation
[2026-01-06T22:07:12.330+0800][19.974s][info][gc,phases   ] GC(98) O: Concurrent Remap Roots 0.050ms
[2026-01-06T22:07:12.330+0800][19.974s][info][gc,phases   ] GC(98) O: Pause Relocate Start 0.001ms
[2026-01-06T22:07:12.330+0800][19.974s][info][gc,phases   ] GC(98) O: Concurrent Relocate 0.008ms
[2026-01-06T22:07:12.330+0800][19.974s][info][gc,alloc    ] GC(98) O:                         Mark Start        Mark End      Relocate Start    Relocate End   
[2026-01-06T22:07:12.330+0800][19.974s][info][gc,alloc    ] GC(98) O: Allocation Stalls:          0                0                0                0         
[2026-01-06T22:07:12.330+0800][19.974s][info][gc,load     ] GC(98) O: Load: 1.45 (15%) / 1.68 (17%) / 1.97 (20%)
[2026-01-06T22:07:12.330+0800][19.974s][info][gc,mmu      ] GC(98) O: MMU: 2ms/97.4%, 5ms/98.6%, 10ms/99.3%, 20ms/99.5%, 50ms/99.8%, 100ms/99.9%
[2026-01-06T22:07:12.330+0800][19.974s][info][gc,marking  ] GC(98) O: Mark: 1 stripe(s), 2 proactive flush(es), 1 terminate flush(es), 0 completion(s), 0 continuation(s) 
[2026-01-06T22:07:12.330+0800][19.974s][info][gc,nmethod  ] GC(98) O: NMethods: 120 registered, 37 unregistered
[2026-01-06T22:07:12.330+0800][19.974s][info][gc,metaspace] GC(98) O: Metaspace: 0M used, 0M committed, 1088M reserved
[2026-01-06T22:07:12.330+0800][19.974s][info][gc,ref      ] GC(98) O:                       Encountered   Discovered     Enqueued 
[2026-01-06T22:07:12.330+0800][19.974s][info][gc,ref      ] GC(98) O: Soft References:                1            0            0 
[2026-01-06T22:07:12.330+0800][19.974s][info][gc,ref      ] GC(98) O: Weak References:                6            0            0 
[2026-01-06T22:07:12.330+0800][19.974s][info][gc,ref      ] GC(98) O: Final References:               0            0            0 
[2026-01-06T22:07:12.330+0800][19.974s][info][gc,ref      ] GC(98) O: Phantom References:             1            1            0 
[2026-01-06T22:07:12.330+0800][19.974s][info][gc,reloc    ] GC(98) O:                        Candidates     Selected     In-Place         Size        Empty    Relocated 
[2026-01-06T22:07:12.330+0800][19.974s][info][gc,reloc    ] GC(98) O: Small Pages:                    1            0            0           2M           0M           0M 
[2026-01-06T22:07:12.330+0800][19.974s][info][gc,reloc    ] GC(98) O: Medium Pages:                   0            0            0           0M           0M           0M 
[2026-01-06T22:07:12.330+0800][19.974s][info][gc,reloc    ] GC(98) O: Large Pages:                    0            0            0           0M           0M           0M 
[2026-01-06T22:07:12.330+0800][19.974s][info][gc,reloc    ] GC(98) O: Forwarding Usage: 0M
[2026-01-06T22:07:12.330+0800][19.974s][info][gc,heap     ] GC(98) O: Min Capacity: 8M(0%)
[2026-01-06T22:07:12.330+0800][19.974s][info][gc,heap     ] GC(98) O: Max Capacity: 4096M(100%)
[2026-01-06T22:07:12.330+0800][19.974s][info][gc,heap     ] GC(98) O: Soft Max Capacity: 3686M(90%)
[2026-01-06T22:07:12.330+0800][19.974s][info][gc,heap     ] GC(98) O: Heap Statistics:
[2026-01-06T22:07:12.330+0800][19.974s][info][gc,heap     ] GC(98) O:                Mark Start          Mark End        Relocate Start      Relocate End           High               Low         
[2026-01-06T22:07:12.330+0800][19.974s][info][gc,heap     ] GC(98) O:  Capacity:     3498M (85%)        3498M (85%)        3498M (85%)        3498M (85%)        3498M (85%)        3498M (85%)    
[2026-01-06T22:07:12.330+0800][19.974s][info][gc,heap     ] GC(98) O:      Free:     2714M (66%)        4074M (99%)        4070M (99%)        4070M (99%)        4090M (100%)       2712M (66%)    
[2026-01-06T22:07:12.330+0800][19.974s][info][gc,heap     ] GC(98) O:      Used:     1382M (34%)          22M (1%)           26M (1%)           26M (1%)         1384M (34%)           6M (0%)     
[2026-01-06T22:07:12.330+0800][19.974s][info][gc,heap     ] GC(98) O: Old Generation Statistics:
[2026-01-06T22:07:12.330+0800][19.974s][info][gc,heap     ] GC(98) O:                Mark Start          Mark End        Relocate Start      Relocate End    
[2026-01-06T22:07:12.330+0800][19.974s][info][gc,heap     ] GC(98) O:      Used:        2M (0%)            2M (0%)            2M (0%)            2M (0%)     
[2026-01-06T22:07:12.330+0800][19.974s][info][gc,heap     ] GC(98) O:      Live:         -                 0M (0%)            0M (0%)            0M (0%)     
[2026-01-06T22:07:12.330+0800][19.974s][info][gc,heap     ] GC(98) O:   Garbage:         -                 1M (0%)            1M (0%)            1M (0%)     
[2026-01-06T22:07:12.330+0800][19.974s][info][gc,heap     ] GC(98) O: Allocated:         -                 0M (0%)            0M (0%)            0M (0%)     
[2026-01-06T22:07:12.330+0800][19.974s][info][gc,heap     ] GC(98) O: Reclaimed:         -                  -                 0M (0%)            0M (0%)     
[2026-01-06T22:07:12.330+0800][19.974s][info][gc,heap     ] GC(98) O: Compacted:         -                  -                  -                 0M (0%)     
[2026-01-06T22:07:12.330+0800][19.974s][info][gc,phases   ] GC(98) O: Old Generation 10M(0%)->26M(1%) 0.001s
[2026-01-06T22:07:12.330+0800][19.974s][info][gc          ] GC(98) Major Collection (Proactive) 1382M(34%)->28M(1%) 0.002s
[2026-01-06T22:07:12.466+0800][20.110s][info][gc          ] GC(99) Major Collection (Proactive)
[2026-01-06T22:07:12.466+0800][20.110s][info][gc,task     ] GC(99) Using 1 Workers for Young Generation
[2026-01-06T22:07:12.466+0800][20.110s][info][gc,task     ] GC(99) Using 1 Workers for Old Generation
[2026-01-06T22:07:12.466+0800][20.110s][info][gc,phases   ] GC(99) Y: Young Generation
[2026-01-06T22:07:12.466+0800][20.110s][info][gc,phases   ] GC(99) Y: Pause Mark Start (Major) 0.005ms
[2026-01-06T22:07:12.466+0800][20.110s][info][gc,phases   ] GC(99) Y: Concurrent Mark 0.328ms
[2026-01-06T22:07:12.466+0800][20.110s][info][gc,phases   ] GC(99) Y: Pause Mark End 0.004ms
[2026-01-06T22:07:12.466+0800][20.110s][info][gc,phases   ] GC(99) Y: Concurrent Mark Free 0.000ms
[2026-01-06T22:07:12.466+0800][20.110s][info][gc,phases   ] GC(99) Y: Concurrent Reset Relocation Set 0.000ms
[2026-01-06T22:07:12.467+0800][20.110s][info][gc,reloc    ] GC(99) Y: Using tenuring threshold: 1 (Computed)
[2026-01-06T22:07:12.467+0800][20.111s][info][gc,phases   ] GC(99) Y: Concurrent Select Relocation Set 0.211ms
[2026-01-06T22:07:12.467+0800][20.111s][info][gc,phases   ] GC(99) Y: Pause Relocate Start 0.002ms
[2026-01-06T22:07:12.467+0800][20.111s][info][gc,phases   ] GC(99) Y: Concurrent Relocate 0.015ms
[2026-01-06T22:07:12.467+0800][20.111s][info][gc,alloc    ] GC(99) Y:                         Mark Start        Mark End      Relocate Start    Relocate End   
[2026-01-06T22:07:12.467+0800][20.111s][info][gc,alloc    ] GC(99) Y: Allocation Stalls:          0                0                0                0         
[2026-01-06T22:07:12.467+0800][20.111s][info][gc,load     ] GC(99) Y: Load: 1.45 (15%) / 1.68 (17%) / 1.97 (20%)
[2026-01-06T22:07:12.467+0800][20.111s][info][gc,mmu      ] GC(99) Y: MMU: 2ms/97.4%, 5ms/98.6%, 10ms/99.3%, 20ms/99.5%, 50ms/99.8%, 100ms/99.9%
[2026-01-06T22:07:12.467+0800][20.111s][info][gc,marking  ] GC(99) Y: Mark: 1 stripe(s), 2 proactive flush(es), 1 terminate flush(es), 0 completion(s), 0 continuation(s) 
[2026-01-06T22:07:12.467+0800][20.111s][info][gc,nmethod  ] GC(99) Y: NMethods: 120 registered, 37 unregistered
[2026-01-06T22:07:12.467+0800][20.111s][info][gc,metaspace] GC(99) Y: Metaspace: 0M used, 0M committed, 1088M reserved
[2026-01-06T22:07:12.467+0800][20.111s][info][gc,reloc    ] GC(99) Y:                        Candidates     Selected     In-Place         Size        Empty    Relocated 
[2026-01-06T22:07:12.467+0800][20.111s][info][gc,reloc    ] GC(99) Y: Small Pages:                  781            0            0        1562M        1560M           0M 
[2026-01-06T22:07:12.467+0800][20.111s][info][gc,reloc    ] GC(99) Y: Medium Pages:                   0            0            0           0M           0M           0M 
[2026-01-06T22:07:12.467+0800][20.111s][info][gc,reloc    ] GC(99) Y: Large Pages:                    0            0            0           0M           0M           0M 
[2026-01-06T22:07:12.467+0800][20.111s][info][gc,reloc    ] GC(99) Y: Forwarding Usage: 0M
[2026-01-06T22:07:12.467+0800][20.111s][info][gc,reloc    ] GC(99) Y: Age Table:
[2026-01-06T22:07:12.467+0800][20.111s][info][gc,reloc    ] GC(99) Y:                    Live             Garbage             Small              Medium             Large        
[2026-01-06T22:07:12.467+0800][20.111s][info][gc,reloc    ] GC(99) Y: Eden               0M (0%)         1559M (38%)        780 / 0              0 / 0              0 / 0        
[2026-01-06T22:07:12.467+0800][20.111s][info][gc,reloc    ] GC(99) Y: Survivor 1          -                 2M (0%)           1 / 0              0 / 0              0 / 0        
[2026-01-06T22:07:12.467+0800][20.111s][info][gc,heap     ] GC(99) Y: Min Capacity: 8M(0%)
[2026-01-06T22:07:12.467+0800][20.111s][info][gc,heap     ] GC(99) Y: Max Capacity: 4096M(100%)
[2026-01-06T22:07:12.467+0800][20.111s][info][gc,heap     ] GC(99) Y: Soft Max Capacity: 3686M(90%)
[2026-01-06T22:07:12.467+0800][20.111s][info][gc,heap     ] GC(99) Y: Heap Statistics:
[2026-01-06T22:07:12.467+0800][20.111s][info][gc,heap     ] GC(99) Y:                Mark Start          Mark End        Relocate Start      Relocate End           High               Low         
[2026-01-06T22:07:12.467+0800][20.111s][info][gc,heap     ] GC(99) Y:  Capacity:     3498M (85%)        3498M (85%)        3498M (85%)        3498M (85%)        3498M (85%)        3498M (85%)    
[2026-01-06T22:07:12.467+0800][20.111s][info][gc,heap     ] GC(99) Y:      Free:     2532M (62%)        2530M (62%)        4086M (100%)       4086M (100%)       4088M (100%)       2530M (62%)    
[2026-01-06T22:07:12.467+0800][20.111s][info][gc,heap     ] GC(99) Y:      Used:     1564M (38%)        1566M (38%)          10M (0%)           10M (0%)         1566M (38%)           8M (0%)     
[2026-01-06T22:07:12.467+0800][20.111s][info][gc,heap     ] GC(99) Y: Young Generation Statistics:
[2026-01-06T22:07:12.467+0800][20.111s][info][gc,heap     ] GC(99) Y:                Mark Start          Mark End        Relocate Start      Relocate End    
[2026-01-06T22:07:12.467+0800][20.111s][info][gc,heap     ] GC(99) Y:      Used:     1562M (38%)        1564M (38%)           8M (0%)            8M (0%)     
[2026-01-06T22:07:12.467+0800][20.111s][info][gc,heap     ] GC(99) Y:      Live:         -                 0M (0%)            0M (0%)            0M (0%)     
[2026-01-06T22:07:12.467+0800][20.111s][info][gc,heap     ] GC(99) Y:   Garbage:         -              1561M (38%)           1M (0%)            1M (0%)     
[2026-01-06T22:07:12.467+0800][20.111s][info][gc,heap     ] GC(99) Y: Allocated:         -                 2M (0%)            6M (0%)            6M (0%)     
[2026-01-06T22:07:12.467+0800][20.111s][info][gc,heap     ] GC(99) Y: Reclaimed:         -                  -              1560M (38%)        1560M (38%)    
[2026-01-06T22:07:12.467+0800][20.111s][info][gc,heap     ] GC(99) Y:  Promoted:         -                  -                 0M (0%)            0M (0%)     
[2026-01-06T22:07:12.467+0800][20.111s][info][gc,heap     ] GC(99) Y: Compacted:         -                  -                  -                 0M (0%)     
[2026-01-06T22:07:12.467+0800][20.111s][info][gc,phases   ] GC(99) Y: Young Generation 1564M(38%)->10M(0%) 0.001s
[2026-01-06T22:07:12.467+0800][20.111s][info][gc,phases   ] GC(99) O: Old Generation
[2026-01-06T22:07:12.468+0800][20.112s][info][gc,phases   ] GC(99) O: Concurrent Mark 0.932ms
[2026-01-06T22:07:12.468+0800][20.112s][info][gc,phases   ] GC(99) O: Pause Mark End 0.003ms
[2026-01-06T22:07:12.468+0800][20.112s][info][gc,phases   ] GC(99) O: Concurrent Mark Free 0.000ms
[2026-01-06T22:07:12.468+0800][20.112s][info][gc,phases   ] GC(99) O: Concurrent Process Non-Strong 0.140ms
[2026-01-06T22:07:12.468+0800][20.112s][info][gc,phases   ] GC(99) O: Concurrent Reset Relocation Set 0.000ms
[2026-01-06T22:07:12.468+0800][20.112s][info][gc,phases   ] GC(99) O: Concurrent Select Relocation Set 0.017ms
[2026-01-06T22:07:12.468+0800][20.112s][info][gc,task     ] GC(99) O: Using 2 Workers for Old Generation
[2026-01-06T22:07:12.468+0800][20.112s][info][gc,task     ] GC(99) O: Using 1 Workers for Old Generation
[2026-01-06T22:07:12.468+0800][20.112s][info][gc,phases   ] GC(99) O: Concurrent Remap Roots 0.071ms
[2026-01-06T22:07:12.468+0800][20.112s][info][gc,phases   ] GC(99) O: Pause Relocate Start 0.002ms
[2026-01-06T22:07:12.468+0800][20.112s][info][gc,phases   ] GC(99) O: Concurrent Relocate 0.008ms
[2026-01-06T22:07:12.468+0800][20.112s][info][gc,alloc    ] GC(99) O:                         Mark Start        Mark End      Relocate Start    Relocate End   
[2026-01-06T22:07:12.468+0800][20.112s][info][gc,alloc    ] GC(99) O: Allocation Stalls:          0                0                0                0         
[2026-01-06T22:07:12.468+0800][20.112s][info][gc,load     ] GC(99) O: Load: 1.45 (15%) / 1.68 (17%) / 1.97 (20%)
[2026-01-06T22:07:12.468+0800][20.112s][info][gc,mmu      ] GC(99) O: MMU: 2ms/97.4%, 5ms/98.6%, 10ms/99.3%, 20ms/99.5%, 50ms/99.8%, 100ms/99.9%
[2026-01-06T22:07:12.468+0800][20.112s][info][gc,marking  ] GC(99) O: Mark: 1 stripe(s), 2 proactive flush(es), 1 terminate flush(es), 0 completion(s), 0 continuation(s) 
[2026-01-06T22:07:12.468+0800][20.112s][info][gc,nmethod  ] GC(99) O: NMethods: 120 registered, 37 unregistered
[2026-01-06T22:07:12.468+0800][20.112s][info][gc,metaspace] GC(99) O: Metaspace: 0M used, 0M committed, 1088M reserved
[2026-01-06T22:07:12.468+0800][20.112s][info][gc,ref      ] GC(99) O:                       Encountered   Discovered     Enqueued 
[2026-01-06T22:07:12.468+0800][20.112s][info][gc,ref      ] GC(99) O: Soft References:                1            0            0 
[2026-01-06T22:07:12.468+0800][20.112s][info][gc,ref      ] GC(99) O: Weak References:                6            0            0 
[2026-01-06T22:07:12.468+0800][20.112s][info][gc,ref      ] GC(99) O: Final References:               0            0            0 
[2026-01-06T22:07:12.468+0800][20.112s][info][gc,ref      ] GC(99) O: Phantom References:             1            1            0 
[2026-01-06T22:07:12.468+0800][20.112s][info][gc,reloc    ] GC(99) O:                        Candidates     Selected     In-Place         Size        Empty    Relocated 
[2026-01-06T22:07:12.468+0800][20.112s][info][gc,reloc    ] GC(99) O: Small Pages:                    1            0            0           2M           0M           0M 
[2026-01-06T22:07:12.468+0800][20.112s][info][gc,reloc    ] GC(99) O: Medium Pages:                   0            0            0           0M           0M           0M 
[2026-01-06T22:07:12.468+0800][20.112s][info][gc,reloc    ] GC(99) O: Large Pages:                    0            0            0           0M           0M           0M 
[2026-01-06T22:07:12.468+0800][20.112s][info][gc,reloc    ] GC(99) O: Forwarding Usage: 0M
[2026-01-06T22:07:12.468+0800][20.112s][info][gc,heap     ] GC(99) O: Min Capacity: 8M(0%)
[2026-01-06T22:07:12.468+0800][20.112s][info][gc,heap     ] GC(99) O: Max Capacity: 4096M(100%)
[2026-01-06T22:07:12.468+0800][20.112s][info][gc,heap     ] GC(99) O: Soft Max Capacity: 3686M(90%)
[2026-01-06T22:07:12.468+0800][20.112s][info][gc,heap     ] GC(99) O: Heap Statistics:
[2026-01-06T22:07:12.468+0800][20.112s][info][gc,heap     ] GC(99) O:                Mark Start          Mark End        Relocate Start      Relocate End           High               Low         
[2026-01-06T22:07:12.468+0800][20.112s][info][gc,heap     ] GC(99) O:  Capacity:     3498M (85%)        3498M (85%)        3498M (85%)        3498M (85%)        3498M (85%)        3498M (85%)    
[2026-01-06T22:07:12.468+0800][20.112s][info][gc,heap     ] GC(99) O:      Free:     2532M (62%)        4072M (99%)        4068M (99%)        4068M (99%)        4088M (100%)       2530M (62%)    
[2026-01-06T22:07:12.468+0800][20.112s][info][gc,heap     ] GC(99) O:      Used:     1564M (38%)          24M (1%)           28M (1%)           28M (1%)         1566M (38%)           8M (0%)     
[2026-01-06T22:07:12.468+0800][20.112s][info][gc,heap     ] GC(99) O: Old Generation Statistics:
[2026-01-06T22:07:12.468+0800][20.112s][info][gc,heap     ] GC(99) O:                Mark Start          Mark End        Relocate Start      Relocate End    
[2026-01-06T22:07:12.468+0800][20.112s][info][gc,heap     ] GC(99) O:      Used:        2M (0%)            2M (0%)            2M (0%)            2M (0%)     
[2026-01-06T22:07:12.468+0800][20.112s][info][gc,heap     ] GC(99) O:      Live:         -                 0M (0%)            0M (0%)            0M (0%)     
[2026-01-06T22:07:12.468+0800][20.112s][info][gc,heap     ] GC(99) O:   Garbage:         -                 1M (0%)            1M (0%)            1M (0%)     
[2026-01-06T22:07:12.468+0800][20.112s][info][gc,heap     ] GC(99) O: Allocated:         -                 0M (0%)            0M (0%)            0M (0%)     
[2026-01-06T22:07:12.468+0800][20.112s][info][gc,heap     ] GC(99) O: Reclaimed:         -                  -                 0M (0%)            0M (0%)     
[2026-01-06T22:07:12.468+0800][20.112s][info][gc,heap     ] GC(99) O: Compacted:         -                  -                  -                 0M (0%)     
[2026-01-06T22:07:12.468+0800][20.112s][info][gc,phases   ] GC(99) O: Old Generation 12M(0%)->28M(1%) 0.001s
[2026-01-06T22:07:12.468+0800][20.112s][info][gc          ] GC(99) Major Collection (Proactive) 1564M(38%)->30M(1%) 0.002s
[2026-01-06T22:07:12.620+0800][20.264s][info][gc          ] GC(100) Major Collection (Proactive)
[2026-01-06T22:07:12.620+0800][20.264s][info][gc,task     ] GC(100) Using 1 Workers for Young Generation
[2026-01-06T22:07:12.620+0800][20.264s][info][gc,task     ] GC(100) Using 1 Workers for Old Generation
[2026-01-06T22:07:12.620+0800][20.264s][info][gc,phases   ] GC(100) Y: Young Generation
[2026-01-06T22:07:12.620+0800][20.264s][info][gc,phases   ] GC(100) Y: Pause Mark Start (Major) 0.006ms
[2026-01-06T22:07:12.621+0800][20.264s][info][gc,phases   ] GC(100) Y: Concurrent Mark 0.181ms
[2026-01-06T22:07:12.623+0800][20.267s][info][gc,phases   ] GC(100) Y: Pause Mark End 0.004ms
[2026-01-06T22:07:12.623+0800][20.267s][info][gc,phases   ] GC(100) Y: Concurrent Mark Free 0.000ms
[2026-01-06T22:07:12.623+0800][20.267s][info][gc,phases   ] GC(100) Y: Concurrent Reset Relocation Set 0.000ms
[2026-01-06T22:07:12.623+0800][20.267s][info][gc,reloc    ] GC(100) Y: Using tenuring threshold: 1 (Computed)
[2026-01-06T22:07:12.623+0800][20.267s][info][gc,phases   ] GC(100) Y: Concurrent Select Relocation Set 0.188ms
[2026-01-06T22:07:12.623+0800][20.267s][info][gc,phases   ] GC(100) Y: Pause Relocate Start 0.002ms
[2026-01-06T22:07:12.623+0800][20.267s][info][gc,phases   ] GC(100) Y: Concurrent Relocate 0.010ms
[2026-01-06T22:07:12.623+0800][20.267s][info][gc,alloc    ] GC(100) Y:                         Mark Start        Mark End      Relocate Start    Relocate End   
[2026-01-06T22:07:12.623+0800][20.267s][info][gc,alloc    ] GC(100) Y: Allocation Stalls:          0                0                0                0         
[2026-01-06T22:07:12.623+0800][20.267s][info][gc,load     ] GC(100) Y: Load: 1.45 (15%) / 1.68 (17%) / 1.97 (20%)
[2026-01-06T22:07:12.623+0800][20.267s][info][gc,mmu      ] GC(100) Y: MMU: 2ms/97.4%, 5ms/98.6%, 10ms/99.3%, 20ms/99.5%, 50ms/99.8%, 100ms/99.9%
[2026-01-06T22:07:12.623+0800][20.267s][info][gc,marking  ] GC(100) Y: Mark: 1 stripe(s), 2 proactive flush(es), 1 terminate flush(es), 0 completion(s), 0 continuation(s) 
[2026-01-06T22:07:12.623+0800][20.267s][info][gc,nmethod  ] GC(100) Y: NMethods: 120 registered, 37 unregistered
[2026-01-06T22:07:12.623+0800][20.267s][info][gc,metaspace] GC(100) Y: Metaspace: 0M used, 0M committed, 1088M reserved
[2026-01-06T22:07:12.623+0800][20.267s][info][gc,reloc    ] GC(100) Y:                        Candidates     Selected     In-Place         Size        Empty    Relocated 
[2026-01-06T22:07:12.623+0800][20.267s][info][gc,reloc    ] GC(100) Y: Small Pages:                  886            0            0        1772M        1770M           0M 
[2026-01-06T22:07:12.623+0800][20.267s][info][gc,reloc    ] GC(100) Y: Medium Pages:                   0            0            0           0M           0M           0M 
[2026-01-06T22:07:12.623+0800][20.267s][info][gc,reloc    ] GC(100) Y: Large Pages:                    0            0            0           0M           0M           0M 
[2026-01-06T22:07:12.623+0800][20.267s][info][gc,reloc    ] GC(100) Y: Forwarding Usage: 0M
[2026-01-06T22:07:12.623+0800][20.267s][info][gc,reloc    ] GC(100) Y: Age Table:
[2026-01-06T22:07:12.623+0800][20.267s][info][gc,reloc    ] GC(100) Y:                    Live             Garbage             Small              Medium             Large        
[2026-01-06T22:07:12.623+0800][20.267s][info][gc,reloc    ] GC(100) Y: Eden               0M (0%)         1769M (43%)        885 / 0              0 / 0              0 / 0        
[2026-01-06T22:07:12.623+0800][20.267s][info][gc,reloc    ] GC(100) Y: Survivor 1          -                 2M (0%)           1 / 0              0 / 0              0 / 0        
[2026-01-06T22:07:12.623+0800][20.267s][info][gc,heap     ] GC(100) Y: Min Capacity: 8M(0%)
[2026-01-06T22:07:12.623+0800][20.267s][info][gc,heap     ] GC(100) Y: Max Capacity: 4096M(100%)
[2026-01-06T22:07:12.623+0800][20.267s][info][gc,heap     ] GC(100) Y: Soft Max Capacity: 3686M(90%)
[2026-01-06T22:07:12.623+0800][20.267s][info][gc,heap     ] GC(100) Y: Heap Statistics:
[2026-01-06T22:07:12.623+0800][20.267s][info][gc,heap     ] GC(100) Y:                Mark Start          Mark End        Relocate Start      Relocate End           High               Low         
[2026-01-06T22:07:12.623+0800][20.267s][info][gc,heap     ] GC(100) Y:  Capacity:     3498M (85%)        3498M (85%)        3498M (85%)        3498M (85%)        3498M (85%)        3498M (85%)    
[2026-01-06T22:07:12.623+0800][20.267s][info][gc,heap     ] GC(100) Y:      Free:     2322M (57%)        2320M (57%)        4090M (100%)       4090M (100%)       4090M (100%)       2320M (57%)    
[2026-01-06T22:07:12.623+0800][20.267s][info][gc,heap     ] GC(100) Y:      Used:     1774M (43%)        1776M (43%)           6M (0%)            6M (0%)         1776M (43%)           6M (0%)     
[2026-01-06T22:07:12.623+0800][20.267s][info][gc,heap     ] GC(100) Y: Young Generation Statistics:
[2026-01-06T22:07:12.623+0800][20.267s][info][gc,heap     ] GC(100) Y:                Mark Start          Mark End        Relocate Start      Relocate End    
[2026-01-06T22:07:12.623+0800][20.267s][info][gc,heap     ] GC(100) Y:      Used:     1772M (43%)        1774M (43%)           4M (0%)            4M (0%)     
[2026-01-06T22:07:12.623+0800][20.267s][info][gc,heap     ] GC(100) Y:      Live:         -                 0M (0%)            0M (0%)            0M (0%)     
[2026-01-06T22:07:12.623+0800][20.267s][info][gc,heap     ] GC(100) Y:   Garbage:         -              1771M (43%)           1M (0%)            1M (0%)     
[2026-01-06T22:07:12.623+0800][20.267s][info][gc,heap     ] GC(100) Y: Allocated:         -                 2M (0%)            2M (0%)            2M (0%)     
[2026-01-06T22:07:12.623+0800][20.267s][info][gc,heap     ] GC(100) Y: Reclaimed:         -                  -              1770M (43%)        1770M (43%)    
[2026-01-06T22:07:12.623+0800][20.267s][info][gc,heap     ] GC(100) Y:  Promoted:         -                  -                 0M (0%)            0M (0%)     
[2026-01-06T22:07:12.623+0800][20.267s][info][gc,heap     ] GC(100) Y: Compacted:         -                  -                  -                 0M (0%)     
[2026-01-06T22:07:12.623+0800][20.267s][info][gc,phases   ] GC(100) Y: Young Generation 1774M(43%)->6M(0%) 0.003s
[2026-01-06T22:07:12.623+0800][20.267s][info][gc,phases   ] GC(100) O: Old Generation
[2026-01-06T22:07:12.624+0800][20.268s][info][gc,phases   ] GC(100) O: Concurrent Mark 0.581ms
[2026-01-06T22:07:12.624+0800][20.268s][info][gc,phases   ] GC(100) O: Pause Mark End 0.003ms
[2026-01-06T22:07:12.624+0800][20.268s][info][gc,phases   ] GC(100) O: Concurrent Mark Free 0.000ms
[2026-01-06T22:07:12.624+0800][20.268s][info][gc,phases   ] GC(100) O: Concurrent Process Non-Strong 0.124ms
[2026-01-06T22:07:12.624+0800][20.268s][info][gc,phases   ] GC(100) O: Concurrent Reset Relocation Set 0.000ms
[2026-01-06T22:07:12.624+0800][20.268s][info][gc,phases   ] GC(100) O: Concurrent Select Relocation Set 0.018ms
[2026-01-06T22:07:12.624+0800][20.268s][info][gc,task     ] GC(100) O: Using 2 Workers for Old Generation
[2026-01-06T22:07:12.624+0800][20.268s][info][gc,task     ] GC(100) O: Using 1 Workers for Old Generation
[2026-01-06T22:07:12.624+0800][20.268s][info][gc,phases   ] GC(100) O: Concurrent Remap Roots 0.048ms
[2026-01-06T22:07:12.624+0800][20.268s][info][gc,phases   ] GC(100) O: Pause Relocate Start 0.002ms
[2026-01-06T22:07:12.624+0800][20.268s][info][gc,phases   ] GC(100) O: Concurrent Relocate 0.009ms
[2026-01-06T22:07:12.624+0800][20.268s][info][gc,alloc    ] GC(100) O:                         Mark Start        Mark End      Relocate Start    Relocate End   
[2026-01-06T22:07:12.624+0800][20.268s][info][gc,alloc    ] GC(100) O: Allocation Stalls:          0                0                0                0         
[2026-01-06T22:07:12.624+0800][20.268s][info][gc,load     ] GC(100) O: Load: 1.45 (15%) / 1.68 (17%) / 1.97 (20%)
[2026-01-06T22:07:12.624+0800][20.268s][info][gc,mmu      ] GC(100) O: MMU: 2ms/97.4%, 5ms/98.6%, 10ms/99.3%, 20ms/99.5%, 50ms/99.8%, 100ms/99.9%
[2026-01-06T22:07:12.624+0800][20.268s][info][gc,marking  ] GC(100) O: Mark: 1 stripe(s), 2 proactive flush(es), 1 terminate flush(es), 0 completion(s), 0 continuation(s) 
[2026-01-06T22:07:12.624+0800][20.268s][info][gc,nmethod  ] GC(100) O: NMethods: 120 registered, 37 unregistered
[2026-01-06T22:07:12.624+0800][20.268s][info][gc,metaspace] GC(100) O: Metaspace: 0M used, 0M committed, 1088M reserved
[2026-01-06T22:07:12.624+0800][20.268s][info][gc,ref      ] GC(100) O:                       Encountered   Discovered     Enqueued 
[2026-01-06T22:07:12.624+0800][20.268s][info][gc,ref      ] GC(100) O: Soft References:                1            0            0 
[2026-01-06T22:07:12.624+0800][20.268s][info][gc,ref      ] GC(100) O: Weak References:                6            0            0 
[2026-01-06T22:07:12.624+0800][20.268s][info][gc,ref      ] GC(100) O: Final References:               0            0            0 
[2026-01-06T22:07:12.624+0800][20.268s][info][gc,ref      ] GC(100) O: Phantom References:             1            1            0 
[2026-01-06T22:07:12.624+0800][20.268s][info][gc,reloc    ] GC(100) O:                        Candidates     Selected     In-Place         Size        Empty    Relocated 
[2026-01-06T22:07:12.624+0800][20.268s][info][gc,reloc    ] GC(100) O: Small Pages:                    1            0            0           2M           0M           0M 
[2026-01-06T22:07:12.624+0800][20.268s][info][gc,reloc    ] GC(100) O: Medium Pages:                   0            0            0           0M           0M           0M 
[2026-01-06T22:07:12.624+0800][20.268s][info][gc,reloc    ] GC(100) O: Large Pages:                    0            0            0           0M           0M           0M 
[2026-01-06T22:07:12.624+0800][20.268s][info][gc,reloc    ] GC(100) O: Forwarding Usage: 0M
[2026-01-06T22:07:12.624+0800][20.268s][info][gc,heap     ] GC(100) O: Min Capacity: 8M(0%)
[2026-01-06T22:07:12.624+0800][20.268s][info][gc,heap     ] GC(100) O: Max Capacity: 4096M(100%)
[2026-01-06T22:07:12.624+0800][20.268s][info][gc,heap     ] GC(100) O: Soft Max Capacity: 3686M(90%)
[2026-01-06T22:07:12.624+0800][20.268s][info][gc,heap     ] GC(100) O: Heap Statistics:
[2026-01-06T22:07:12.624+0800][20.268s][info][gc,heap     ] GC(100) O:                Mark Start          Mark End        Relocate Start      Relocate End           High               Low         
[2026-01-06T22:07:12.624+0800][20.268s][info][gc,heap     ] GC(100) O:  Capacity:     3498M (85%)        3498M (85%)        3498M (85%)        3498M (85%)        3498M (85%)        3498M (85%)    
[2026-01-06T22:07:12.624+0800][20.268s][info][gc,heap     ] GC(100) O:      Free:     2322M (57%)        4078M (100%)       4074M (99%)        4074M (99%)        4090M (100%)       2320M (57%)    
[2026-01-06T22:07:12.624+0800][20.268s][info][gc,heap     ] GC(100) O:      Used:     1774M (43%)          18M (0%)           22M (1%)           22M (1%)         1776M (43%)           6M (0%)     
[2026-01-06T22:07:12.624+0800][20.268s][info][gc,heap     ] GC(100) O: Old Generation Statistics:
[2026-01-06T22:07:12.624+0800][20.268s][info][gc,heap     ] GC(100) O:                Mark Start          Mark End        Relocate Start      Relocate End    
[2026-01-06T22:07:12.624+0800][20.268s][info][gc,heap     ] GC(100) O:      Used:        2M (0%)            2M (0%)            2M (0%)            2M (0%)     
[2026-01-06T22:07:12.624+0800][20.268s][info][gc,heap     ] GC(100) O:      Live:         -                 0M (0%)            0M (0%)            0M (0%)     
[2026-01-06T22:07:12.624+0800][20.268s][info][gc,heap     ] GC(100) O:   Garbage:         -                 1M (0%)            1M (0%)            1M (0%)     
[2026-01-06T22:07:12.624+0800][20.268s][info][gc,heap     ] GC(100) O: Allocated:         -                 0M (0%)            0M (0%)            0M (0%)     
[2026-01-06T22:07:12.624+0800][20.268s][info][gc,heap     ] GC(100) O: Reclaimed:         -                  -                 0M (0%)            0M (0%)     
[2026-01-06T22:07:12.624+0800][20.268s][info][gc,heap     ] GC(100) O: Compacted:         -                  -                  -                 0M (0%)     
[2026-01-06T22:07:12.624+0800][20.268s][info][gc,phases   ] GC(100) O: Old Generation 6M(0%)->22M(1%) 0.001s
[2026-01-06T22:07:12.624+0800][20.268s][info][gc          ] GC(100) Major Collection (Proactive) 1774M(43%)->24M(1%) 0.004s
[2026-01-06T22:07:12.988+0800][20.632s][info][gc          ] GC(101) Major Collection (Proactive)
[2026-01-06T22:07:12.988+0800][20.632s][info][gc,task     ] GC(101) Using 1 Workers for Young Generation
[2026-01-06T22:07:12.988+0800][20.632s][info][gc,task     ] GC(101) Using 1 Workers for Old Generation
[2026-01-06T22:07:12.989+0800][20.632s][info][gc,phases   ] GC(101) Y: Young Generation
[2026-01-06T22:07:12.991+0800][20.634s][info][gc,phases   ] GC(101) Y: Pause Mark Start (Major) 0.022ms
[2026-01-06T22:07:12.991+0800][20.635s][info][gc,phases   ] GC(101) Y: Concurrent Mark 0.817ms
[2026-01-06T22:07:12.991+0800][20.635s][info][gc,phases   ] GC(101) Y: Pause Mark End 0.007ms
[2026-01-06T22:07:12.991+0800][20.635s][info][gc,phases   ] GC(101) Y: Concurrent Mark Free 0.006ms
[2026-01-06T22:07:12.991+0800][20.635s][info][gc,phases   ] GC(101) Y: Concurrent Reset Relocation Set 0.000ms
[2026-01-06T22:07:12.996+0800][20.640s][info][gc,reloc    ] GC(101) Y: Using tenuring threshold: 1 (Computed)
[2026-01-06T22:07:12.996+0800][20.640s][info][gc,phases   ] GC(101) Y: Concurrent Select Relocation Set 4.432ms
[2026-01-06T22:07:12.996+0800][20.640s][info][gc,phases   ] GC(101) Y: Pause Relocate Start 0.008ms
[2026-01-06T22:07:12.997+0800][20.641s][info][gc,phases   ] GC(101) Y: Concurrent Relocate 0.018ms
[2026-01-06T22:07:12.997+0800][20.641s][info][gc,alloc    ] GC(101) Y:                         Mark Start        Mark End      Relocate Start    Relocate End   
[2026-01-06T22:07:12.997+0800][20.641s][info][gc,alloc    ] GC(101) Y: Allocation Stalls:          0                0                0                0         
[2026-01-06T22:07:12.997+0800][20.641s][info][gc,load     ] GC(101) Y: Load: 1.45 (15%) / 1.68 (17%) / 1.97 (20%)
[2026-01-06T22:07:12.997+0800][20.641s][info][gc,mmu      ] GC(101) Y: MMU: 2ms/97.4%, 5ms/98.6%, 10ms/99.3%, 20ms/99.5%, 50ms/99.8%, 100ms/99.9%
[2026-01-06T22:07:12.997+0800][20.641s][info][gc,marking  ] GC(101) Y: Mark: 1 stripe(s), 2 proactive flush(es), 1 terminate flush(es), 0 completion(s), 0 continuation(s) 
[2026-01-06T22:07:12.997+0800][20.641s][info][gc,nmethod  ] GC(101) Y: NMethods: 120 registered, 37 unregistered
[2026-01-06T22:07:12.997+0800][20.641s][info][gc,metaspace] GC(101) Y: Metaspace: 0M used, 0M committed, 1088M reserved
[2026-01-06T22:07:12.997+0800][20.641s][info][gc,reloc    ] GC(101) Y:                        Candidates     Selected     In-Place         Size        Empty    Relocated 
[2026-01-06T22:07:12.997+0800][20.641s][info][gc,reloc    ] GC(101) Y: Small Pages:                 1141            0            0        2282M        2280M           0M 
[2026-01-06T22:07:12.997+0800][20.641s][info][gc,reloc    ] GC(101) Y: Medium Pages:                   0            0            0           0M           0M           0M 
[2026-01-06T22:07:12.997+0800][20.641s][info][gc,reloc    ] GC(101) Y: Large Pages:                    0            0            0           0M           0M           0M 
[2026-01-06T22:07:12.997+0800][20.641s][info][gc,reloc    ] GC(101) Y: Forwarding Usage: 0M
[2026-01-06T22:07:12.997+0800][20.641s][info][gc,reloc    ] GC(101) Y: Age Table:
[2026-01-06T22:07:12.997+0800][20.641s][info][gc,reloc    ] GC(101) Y:                    Live             Garbage             Small              Medium             Large        
[2026-01-06T22:07:12.997+0800][20.641s][info][gc,reloc    ] GC(101) Y: Eden               0M (0%)         2279M (56%)       1140 / 0              0 / 0              0 / 0        
[2026-01-06T22:07:12.997+0800][20.641s][info][gc,reloc    ] GC(101) Y: Survivor 1          -                 2M (0%)           1 / 0              0 / 0              0 / 0        
[2026-01-06T22:07:12.997+0800][20.641s][info][gc,heap     ] GC(101) Y: Min Capacity: 8M(0%)
[2026-01-06T22:07:12.997+0800][20.641s][info][gc,heap     ] GC(101) Y: Max Capacity: 4096M(100%)
[2026-01-06T22:07:12.997+0800][20.641s][info][gc,heap     ] GC(101) Y: Soft Max Capacity: 3686M(90%)
[2026-01-06T22:07:12.997+0800][20.641s][info][gc,heap     ] GC(101) Y: Heap Statistics:
[2026-01-06T22:07:12.997+0800][20.641s][info][gc,heap     ] GC(101) Y:                Mark Start          Mark End        Relocate Start      Relocate End           High               Low         
[2026-01-06T22:07:12.997+0800][20.641s][info][gc,heap     ] GC(101) Y:  Capacity:     3498M (85%)        3498M (85%)        3498M (85%)        3498M (85%)        3498M (85%)        3498M (85%)    
[2026-01-06T22:07:12.997+0800][20.641s][info][gc,heap     ] GC(101) Y:      Free:     1812M (44%)        1808M (44%)        4084M (100%)       4080M (100%)       4086M (100%)       1808M (44%)    
[2026-01-06T22:07:12.997+0800][20.641s][info][gc,heap     ] GC(101) Y:      Used:     2284M (56%)        2288M (56%)          12M (0%)           16M (0%)         2288M (56%)          10M (0%)     
[2026-01-06T22:07:12.997+0800][20.641s][info][gc,heap     ] GC(101) Y: Young Generation Statistics:
[2026-01-06T22:07:12.997+0800][20.641s][info][gc,heap     ] GC(101) Y:                Mark Start          Mark End        Relocate Start      Relocate End    
[2026-01-06T22:07:12.997+0800][20.641s][info][gc,heap     ] GC(101) Y:      Used:     2282M (56%)        2286M (56%)          10M (0%)           14M (0%)     
[2026-01-06T22:07:12.997+0800][20.641s][info][gc,heap     ] GC(101) Y:      Live:         -                 0M (0%)            0M (0%)            0M (0%)     
[2026-01-06T22:07:12.997+0800][20.641s][info][gc,heap     ] GC(101) Y:   Garbage:         -              2281M (56%)           1M (0%)            1M (0%)     
[2026-01-06T22:07:12.997+0800][20.641s][info][gc,heap     ] GC(101) Y: Allocated:         -                 4M (0%)            8M (0%)           12M (0%)     
[2026-01-06T22:07:12.997+0800][20.641s][info][gc,heap     ] GC(101) Y: Reclaimed:         -                  -              2280M (56%)        2280M (56%)    
[2026-01-06T22:07:12.997+0800][20.641s][info][gc,heap     ] GC(101) Y:  Promoted:         -                  -                 0M (0%)            0M (0%)     
[2026-01-06T22:07:12.997+0800][20.641s][info][gc,heap     ] GC(101) Y: Compacted:         -                  -                  -                 0M (0%)     
[2026-01-06T22:07:12.997+0800][20.641s][info][gc,phases   ] GC(101) Y: Young Generation 2284M(56%)->16M(0%) 0.009s
[2026-01-06T22:07:12.997+0800][20.641s][info][gc,phases   ] GC(101) O: Old Generation
[2026-01-06T22:07:13.000+0800][20.644s][info][gc,phases   ] GC(101) O: Concurrent Mark 2.484ms
[2026-01-06T22:07:13.000+0800][20.644s][info][gc,phases   ] GC(101) O: Pause Mark End 0.015ms
[2026-01-06T22:07:13.001+0800][20.644s][info][gc,phases   ] GC(101) O: Concurrent Mark Free 0.002ms
[2026-01-06T22:07:13.001+0800][20.645s][info][gc,phases   ] GC(101) O: Concurrent Process Non-Strong 0.439ms
[2026-01-06T22:07:13.001+0800][20.645s][info][gc,phases   ] GC(101) O: Concurrent Reset Relocation Set 0.000ms
[2026-01-06T22:07:13.001+0800][20.645s][info][gc,phases   ] GC(101) O: Concurrent Select Relocation Set 0.037ms
[2026-01-06T22:07:13.001+0800][20.645s][info][gc,task     ] GC(101) O: Using 2 Workers for Old Generation
[2026-01-06T22:07:13.001+0800][20.645s][info][gc,task     ] GC(101) O: Using 1 Workers for Old Generation
[2026-01-06T22:07:13.001+0800][20.645s][info][gc,phases   ] GC(101) O: Concurrent Remap Roots 0.105ms
[2026-01-06T22:07:13.001+0800][20.645s][info][gc,phases   ] GC(101) O: Pause Relocate Start 0.006ms
[2026-01-06T22:07:13.001+0800][20.645s][info][gc,phases   ] GC(101) O: Concurrent Relocate 0.015ms
[2026-01-06T22:07:13.001+0800][20.645s][info][gc,alloc    ] GC(101) O:                         Mark Start        Mark End      Relocate Start    Relocate End   
[2026-01-06T22:07:13.001+0800][20.645s][info][gc,alloc    ] GC(101) O: Allocation Stalls:          0                0                0                0         
[2026-01-06T22:07:13.001+0800][20.645s][info][gc,load     ] GC(101) O: Load: 1.45 (15%) / 1.68 (17%) / 1.97 (20%)
[2026-01-06T22:07:13.001+0800][20.645s][info][gc,mmu      ] GC(101) O: MMU: 2ms/97.4%, 5ms/98.6%, 10ms/99.3%, 20ms/99.5%, 50ms/99.8%, 100ms/99.9%
[2026-01-06T22:07:13.001+0800][20.645s][info][gc,marking  ] GC(101) O: Mark: 1 stripe(s), 2 proactive flush(es), 1 terminate flush(es), 0 completion(s), 0 continuation(s) 
[2026-01-06T22:07:13.001+0800][20.645s][info][gc,nmethod  ] GC(101) O: NMethods: 120 registered, 37 unregistered
[2026-01-06T22:07:13.001+0800][20.645s][info][gc,metaspace] GC(101) O: Metaspace: 0M used, 0M committed, 1088M reserved
[2026-01-06T22:07:13.001+0800][20.645s][info][gc,ref      ] GC(101) O:                       Encountered   Discovered     Enqueued 
[2026-01-06T22:07:13.001+0800][20.645s][info][gc,ref      ] GC(101) O: Soft References:                1            0            0 
[2026-01-06T22:07:13.001+0800][20.645s][info][gc,ref      ] GC(101) O: Weak References:                6            0            0 
[2026-01-06T22:07:13.001+0800][20.645s][info][gc,ref      ] GC(101) O: Final References:               0            0            0 
[2026-01-06T22:07:13.001+0800][20.645s][info][gc,ref      ] GC(101) O: Phantom References:             1            1            0 
[2026-01-06T22:07:13.001+0800][20.645s][info][gc,reloc    ] GC(101) O:                        Candidates     Selected     In-Place         Size        Empty    Relocated 
[2026-01-06T22:07:13.001+0800][20.645s][info][gc,reloc    ] GC(101) O: Small Pages:                    1            0            0           2M           0M           0M 
[2026-01-06T22:07:13.001+0800][20.645s][info][gc,reloc    ] GC(101) O: Medium Pages:                   0            0            0           0M           0M           0M 
[2026-01-06T22:07:13.001+0800][20.645s][info][gc,reloc    ] GC(101) O: Large Pages:                    0            0            0           0M           0M           0M 
[2026-01-06T22:07:13.001+0800][20.645s][info][gc,reloc    ] GC(101) O: Forwarding Usage: 0M
[2026-01-06T22:07:13.001+0800][20.645s][info][gc,heap     ] GC(101) O: Min Capacity: 8M(0%)
[2026-01-06T22:07:13.001+0800][20.645s][info][gc,heap     ] GC(101) O: Max Capacity: 4096M(100%)
[2026-01-06T22:07:13.001+0800][20.645s][info][gc,heap     ] GC(101) O: Soft Max Capacity: 3686M(90%)
[2026-01-06T22:07:13.001+0800][20.645s][info][gc,heap     ] GC(101) O: Heap Statistics:
[2026-01-06T22:07:13.001+0800][20.645s][info][gc,heap     ] GC(101) O:                Mark Start          Mark End        Relocate Start      Relocate End           High               Low         
[2026-01-06T22:07:13.002+0800][20.645s][info][gc,heap     ] GC(101) O:  Capacity:     3498M (85%)        3498M (85%)        3498M (85%)        3498M (85%)        3498M (85%)        3498M (85%)    
[2026-01-06T22:07:13.002+0800][20.645s][info][gc,heap     ] GC(101) O:      Free:     1812M (44%)        4072M (99%)        4070M (99%)        4070M (99%)        4086M (100%)       1808M (44%)    
[2026-01-06T22:07:13.002+0800][20.645s][info][gc,heap     ] GC(101) O:      Used:     2284M (56%)          24M (1%)           26M (1%)           26M (1%)         2288M (56%)          10M (0%)     
[2026-01-06T22:07:13.002+0800][20.645s][info][gc,heap     ] GC(101) O: Old Generation Statistics:
[2026-01-06T22:07:13.002+0800][20.645s][info][gc,heap     ] GC(101) O:                Mark Start          Mark End        Relocate Start      Relocate End    
[2026-01-06T22:07:13.002+0800][20.645s][info][gc,heap     ] GC(101) O:      Used:        2M (0%)            2M (0%)            2M (0%)            2M (0%)     
[2026-01-06T22:07:13.002+0800][20.645s][info][gc,heap     ] GC(101) O:      Live:         -                 0M (0%)            0M (0%)            0M (0%)     
[2026-01-06T22:07:13.002+0800][20.645s][info][gc,heap     ] GC(101) O:   Garbage:         -                 1M (0%)            1M (0%)            1M (0%)     
[2026-01-06T22:07:13.002+0800][20.645s][info][gc,heap     ] GC(101) O: Allocated:         -                 0M (0%)            0M (0%)            0M (0%)     
[2026-01-06T22:07:13.002+0800][20.645s][info][gc,heap     ] GC(101) O: Reclaimed:         -                  -                 0M (0%)            0M (0%)     
[2026-01-06T22:07:13.002+0800][20.645s][info][gc,heap     ] GC(101) O: Compacted:         -                  -                  -                 0M (0%)     
[2026-01-06T22:07:13.002+0800][20.645s][info][gc,phases   ] GC(101) O: Old Generation 16M(0%)->26M(1%) 0.004s
[2026-01-06T22:07:13.002+0800][20.645s][info][gc          ] GC(101) Major Collection (Proactive) 2282M(56%)->26M(1%) 0.013s
[2026-01-06T22:07:13.742+0800][21.386s][info][gc          ] GC(102) Minor Collection (High Usage)
[2026-01-06T22:07:13.742+0800][21.386s][info][gc,task     ] GC(102) Using 1 Workers for Young Generation
[2026-01-06T22:07:13.742+0800][21.386s][info][gc,phases   ] GC(102) y: Young Generation
[2026-01-06T22:07:13.742+0800][21.386s][info][gc,phases   ] GC(102) y: Pause Mark Start 0.014ms
[2026-01-06T22:07:13.743+0800][21.387s][info][gc,phases   ] GC(102) y: Concurrent Mark 0.539ms
[2026-01-06T22:07:13.743+0800][21.387s][info][gc,phases   ] GC(102) y: Pause Mark End 0.003ms
[2026-01-06T22:07:13.743+0800][21.387s][info][gc,phases   ] GC(102) y: Concurrent Mark Free 0.004ms
[2026-01-06T22:07:13.743+0800][21.387s][info][gc,phases   ] GC(102) y: Concurrent Reset Relocation Set 0.000ms
[2026-01-06T22:07:13.747+0800][21.391s][info][gc,reloc    ] GC(102) y: Using tenuring threshold: 1 (Computed)
[2026-01-06T22:07:13.747+0800][21.391s][info][gc,phases   ] GC(102) y: Concurrent Select Relocation Set 3.944ms
[2026-01-06T22:07:13.747+0800][21.391s][info][gc,phases   ] GC(102) y: Pause Relocate Start 0.002ms
[2026-01-06T22:07:13.747+0800][21.391s][info][gc,phases   ] GC(102) y: Concurrent Relocate 0.011ms
[2026-01-06T22:07:13.747+0800][21.391s][info][gc,alloc    ] GC(102) y:                         Mark Start        Mark End      Relocate Start    Relocate End   
[2026-01-06T22:07:13.747+0800][21.391s][info][gc,alloc    ] GC(102) y: Allocation Stalls:          0                0                0                0         
[2026-01-06T22:07:13.747+0800][21.391s][info][gc,load     ] GC(102) y: Load: 1.45 (15%) / 1.68 (17%) / 1.97 (20%)
[2026-01-06T22:07:13.747+0800][21.391s][info][gc,mmu      ] GC(102) y: MMU: 2ms/97.4%, 5ms/98.6%, 10ms/99.3%, 20ms/99.5%, 50ms/99.8%, 100ms/99.9%
[2026-01-06T22:07:13.747+0800][21.391s][info][gc,marking  ] GC(102) y: Mark: 1 stripe(s), 2 proactive flush(es), 1 terminate flush(es), 0 completion(s), 0 continuation(s) 
[2026-01-06T22:07:13.747+0800][21.391s][info][gc,nmethod  ] GC(102) y: NMethods: 130 registered, 37 unregistered
[2026-01-06T22:07:13.747+0800][21.391s][info][gc,metaspace] GC(102) y: Metaspace: 0M used, 0M committed, 1088M reserved
[2026-01-06T22:07:13.747+0800][21.391s][info][gc,reloc    ] GC(102) y:                        Candidates     Selected     In-Place         Size        Empty    Relocated 
[2026-01-06T22:07:13.747+0800][21.391s][info][gc,reloc    ] GC(102) y: Small Pages:                 1741            0            0        3482M        3480M           0M 
[2026-01-06T22:07:13.747+0800][21.391s][info][gc,reloc    ] GC(102) y: Medium Pages:                   0            0            0           0M           0M           0M 
[2026-01-06T22:07:13.747+0800][21.391s][info][gc,reloc    ] GC(102) y: Large Pages:                    0            0            0           0M           0M           0M 
[2026-01-06T22:07:13.747+0800][21.391s][info][gc,reloc    ] GC(102) y: Forwarding Usage: 0M
[2026-01-06T22:07:13.747+0800][21.391s][info][gc,reloc    ] GC(102) y: Age Table:
[2026-01-06T22:07:13.747+0800][21.391s][info][gc,reloc    ] GC(102) y:                    Live             Garbage             Small              Medium             Large        
[2026-01-06T22:07:13.747+0800][21.391s][info][gc,reloc    ] GC(102) y: Eden               0M (0%)         3479M (85%)       1740 / 0              0 / 0              0 / 0        
[2026-01-06T22:07:13.747+0800][21.391s][info][gc,reloc    ] GC(102) y: Survivor 1          -                 2M (0%)           1 / 0              0 / 0              0 / 0        
[2026-01-06T22:07:13.747+0800][21.391s][info][gc,heap     ] GC(102) y: Min Capacity: 8M(0%)
[2026-01-06T22:07:13.747+0800][21.391s][info][gc,heap     ] GC(102) y: Max Capacity: 4096M(100%)
[2026-01-06T22:07:13.747+0800][21.391s][info][gc,heap     ] GC(102) y: Soft Max Capacity: 3686M(90%)
[2026-01-06T22:07:13.747+0800][21.391s][info][gc,heap     ] GC(102) y: Heap Statistics:
[2026-01-06T22:07:13.747+0800][21.391s][info][gc,heap     ] GC(102) y:                Mark Start          Mark End        Relocate Start      Relocate End           High               Low         
[2026-01-06T22:07:13.747+0800][21.391s][info][gc,heap     ] GC(102) y:  Capacity:     3498M (85%)        3498M (85%)        3498M (85%)        3498M (85%)        3498M (85%)        3498M (85%)    
[2026-01-06T22:07:13.747+0800][21.391s][info][gc,heap     ] GC(102) y:      Free:      612M (15%)         608M (15%)        4080M (100%)       4080M (100%)       4080M (100%)        608M (15%)    
[2026-01-06T22:07:13.747+0800][21.391s][info][gc,heap     ] GC(102) y:      Used:     3484M (85%)        3488M (85%)          16M (0%)           16M (0%)         3488M (85%)          16M (0%)     
[2026-01-06T22:07:13.747+0800][21.391s][info][gc,heap     ] GC(102) y: Young Generation Statistics:
[2026-01-06T22:07:13.747+0800][21.391s][info][gc,heap     ] GC(102) y:                Mark Start          Mark End        Relocate Start      Relocate End    
[2026-01-06T22:07:13.747+0800][21.391s][info][gc,heap     ] GC(102) y:      Used:     3482M (85%)        3486M (85%)          14M (0%)           14M (0%)     
[2026-01-06T22:07:13.747+0800][21.391s][info][gc,heap     ] GC(102) y:      Live:         -                 0M (0%)            0M (0%)            0M (0%)     
[2026-01-06T22:07:13.747+0800][21.391s][info][gc,heap     ] GC(102) y:   Garbage:         -              3481M (85%)           1M (0%)            1M (0%)     
[2026-01-06T22:07:13.747+0800][21.391s][info][gc,heap     ] GC(102) y: Allocated:         -                 4M (0%)           12M (0%)           12M (0%)     
[2026-01-06T22:07:13.747+0800][21.391s][info][gc,heap     ] GC(102) y: Reclaimed:         -                  -              3480M (85%)        3480M (85%)    
[2026-01-06T22:07:13.747+0800][21.391s][info][gc,heap     ] GC(102) y:  Promoted:         -                  -                 0M (0%)            0M (0%)     
[2026-01-06T22:07:13.747+0800][21.391s][info][gc,heap     ] GC(102) y: Compacted:         -                  -                  -                 0M (0%)     
[2026-01-06T22:07:13.747+0800][21.391s][info][gc,phases   ] GC(102) y: Young Generation 3484M(85%)->16M(0%) 0.005s
[2026-01-06T22:07:13.747+0800][21.391s][info][gc          ] GC(102) Minor Collection (High Usage) 3484M(85%)->18M(0%) 0.005s
[2026-01-06T22:07:13.949+0800][21.593s][info][gc          ] GC(103) Major Collection (Proactive)
[2026-01-06T22:07:13.949+0800][21.593s][info][gc,task     ] GC(103) Using 1 Workers for Young Generation
[2026-01-06T22:07:13.949+0800][21.593s][info][gc,task     ] GC(103) Using 1 Workers for Old Generation
[2026-01-06T22:07:13.949+0800][21.593s][info][gc,phases   ] GC(103) Y: Young Generation
[2026-01-06T22:07:13.949+0800][21.593s][info][gc,phases   ] GC(103) Y: Pause Mark Start (Major) 0.004ms
[2026-01-06T22:07:13.949+0800][21.593s][info][gc,phases   ] GC(103) Y: Concurrent Mark 0.239ms
[2026-01-06T22:07:13.949+0800][21.593s][info][gc,phases   ] GC(103) Y: Pause Mark End 0.003ms
[2026-01-06T22:07:13.949+0800][21.593s][info][gc,phases   ] GC(103) Y: Concurrent Mark Free 0.000ms
[2026-01-06T22:07:13.949+0800][21.593s][info][gc,phases   ] GC(103) Y: Concurrent Reset Relocation Set 0.000ms
[2026-01-06T22:07:13.949+0800][21.593s][info][gc,reloc    ] GC(103) Y: Using tenuring threshold: 1 (Computed)
[2026-01-06T22:07:13.949+0800][21.593s][info][gc,phases   ] GC(103) Y: Concurrent Select Relocation Set 0.149ms
[2026-01-06T22:07:13.949+0800][21.593s][info][gc,phases   ] GC(103) Y: Pause Relocate Start 0.001ms
[2026-01-06T22:07:13.949+0800][21.593s][info][gc,phases   ] GC(103) Y: Concurrent Relocate 0.013ms
[2026-01-06T22:07:13.949+0800][21.593s][info][gc,alloc    ] GC(103) Y:                         Mark Start        Mark End      Relocate Start    Relocate End   
[2026-01-06T22:07:13.949+0800][21.593s][info][gc,alloc    ] GC(103) Y: Allocation Stalls:          0                0                0                0         
[2026-01-06T22:07:13.949+0800][21.593s][info][gc,load     ] GC(103) Y: Load: 1.45 (15%) / 1.68 (17%) / 1.97 (20%)
[2026-01-06T22:07:13.949+0800][21.593s][info][gc,mmu      ] GC(103) Y: MMU: 2ms/97.4%, 5ms/98.6%, 10ms/99.3%, 20ms/99.5%, 50ms/99.8%, 100ms/99.9%
[2026-01-06T22:07:13.949+0800][21.593s][info][gc,marking  ] GC(103) Y: Mark: 1 stripe(s), 2 proactive flush(es), 1 terminate flush(es), 0 completion(s), 0 continuation(s) 
[2026-01-06T22:07:13.949+0800][21.593s][info][gc,nmethod  ] GC(103) Y: NMethods: 130 registered, 37 unregistered
[2026-01-06T22:07:13.949+0800][21.593s][info][gc,metaspace] GC(103) Y: Metaspace: 0M used, 0M committed, 1088M reserved
[2026-01-06T22:07:13.949+0800][21.593s][info][gc,reloc    ] GC(103) Y:                        Candidates     Selected     In-Place         Size        Empty    Relocated 
[2026-01-06T22:07:13.949+0800][21.593s][info][gc,reloc    ] GC(103) Y: Small Pages:                  526            0            0        1052M        1050M           0M 
[2026-01-06T22:07:13.949+0800][21.593s][info][gc,reloc    ] GC(103) Y: Medium Pages:                   0            0            0           0M           0M           0M 
[2026-01-06T22:07:13.949+0800][21.593s][info][gc,reloc    ] GC(103) Y: Large Pages:                    0            0            0           0M           0M           0M 
[2026-01-06T22:07:13.949+0800][21.593s][info][gc,reloc    ] GC(103) Y: Forwarding Usage: 0M
[2026-01-06T22:07:13.949+0800][21.593s][info][gc,reloc    ] GC(103) Y: Age Table:
[2026-01-06T22:07:13.949+0800][21.593s][info][gc,reloc    ] GC(103) Y:                    Live             Garbage             Small              Medium             Large        
[2026-01-06T22:07:13.949+0800][21.593s][info][gc,reloc    ] GC(103) Y: Eden               0M (0%)         1049M (26%)        525 / 0              0 / 0              0 / 0        
[2026-01-06T22:07:13.949+0800][21.593s][info][gc,reloc    ] GC(103) Y: Survivor 1          -                 2M (0%)           1 / 0              0 / 0              0 / 0        
[2026-01-06T22:07:13.949+0800][21.593s][info][gc,heap     ] GC(103) Y: Min Capacity: 8M(0%)
[2026-01-06T22:07:13.949+0800][21.593s][info][gc,heap     ] GC(103) Y: Max Capacity: 4096M(100%)
[2026-01-06T22:07:13.949+0800][21.593s][info][gc,heap     ] GC(103) Y: Soft Max Capacity: 3686M(90%)
[2026-01-06T22:07:13.949+0800][21.593s][info][gc,heap     ] GC(103) Y: Heap Statistics:
[2026-01-06T22:07:13.949+0800][21.593s][info][gc,heap     ] GC(103) Y:                Mark Start          Mark End        Relocate Start      Relocate End           High               Low         
[2026-01-06T22:07:13.949+0800][21.593s][info][gc,heap     ] GC(103) Y:  Capacity:     3498M (85%)        3498M (85%)        3498M (85%)        3498M (85%)        3498M (85%)        3498M (85%)    
[2026-01-06T22:07:13.949+0800][21.593s][info][gc,heap     ] GC(103) Y:      Free:     3042M (74%)        3040M (74%)        4086M (100%)       4086M (100%)       4088M (100%)       3040M (74%)    
[2026-01-06T22:07:13.949+0800][21.593s][info][gc,heap     ] GC(103) Y:      Used:     1054M (26%)        1056M (26%)          10M (0%)           10M (0%)         1056M (26%)           8M (0%)     
[2026-01-06T22:07:13.949+0800][21.593s][info][gc,heap     ] GC(103) Y: Young Generation Statistics:
[2026-01-06T22:07:13.949+0800][21.593s][info][gc,heap     ] GC(103) Y:                Mark Start          Mark End        Relocate Start      Relocate End    
[2026-01-06T22:07:13.949+0800][21.593s][info][gc,heap     ] GC(103) Y:      Used:     1052M (26%)        1054M (26%)           8M (0%)            8M (0%)     
[2026-01-06T22:07:13.950+0800][21.593s][info][gc,heap     ] GC(103) Y:      Live:         -                 0M (0%)            0M (0%)            0M (0%)     
[2026-01-06T22:07:13.950+0800][21.593s][info][gc,heap     ] GC(103) Y:   Garbage:         -              1051M (26%)           1M (0%)            1M (0%)     
[2026-01-06T22:07:13.950+0800][21.593s][info][gc,heap     ] GC(103) Y: Allocated:         -                 2M (0%)            6M (0%)            6M (0%)     
[2026-01-06T22:07:13.950+0800][21.593s][info][gc,heap     ] GC(103) Y: Reclaimed:         -                  -              1050M (26%)        1050M (26%)    
[2026-01-06T22:07:13.950+0800][21.593s][info][gc,heap     ] GC(103) Y:  Promoted:         -                  -                 0M (0%)            0M (0%)     
[2026-01-06T22:07:13.950+0800][21.593s][info][gc,heap     ] GC(103) Y: Compacted:         -                  -                  -                 0M (0%)     
[2026-01-06T22:07:13.950+0800][21.593s][info][gc,phases   ] GC(103) Y: Young Generation 1054M(26%)->10M(0%) 0.001s
[2026-01-06T22:07:13.950+0800][21.593s][info][gc,phases   ] GC(103) O: Old Generation
[2026-01-06T22:07:13.950+0800][21.594s][info][gc,phases   ] GC(103) O: Concurrent Mark 0.955ms
[2026-01-06T22:07:13.951+0800][21.594s][info][gc,phases   ] GC(103) O: Pause Mark End 0.005ms
[2026-01-06T22:07:13.951+0800][21.594s][info][gc,phases   ] GC(103) O: Concurrent Mark Free 0.001ms
[2026-01-06T22:07:13.951+0800][21.595s][info][gc,phases   ] GC(103) O: Concurrent Process Non-Strong 0.362ms
[2026-01-06T22:07:13.951+0800][21.595s][info][gc,phases   ] GC(103) O: Concurrent Reset Relocation Set 0.000ms
[2026-01-06T22:07:13.951+0800][21.595s][info][gc,phases   ] GC(103) O: Concurrent Select Relocation Set 0.019ms
[2026-01-06T22:07:13.951+0800][21.595s][info][gc,task     ] GC(103) O: Using 2 Workers for Old Generation
[2026-01-06T22:07:13.951+0800][21.595s][info][gc,task     ] GC(103) O: Using 1 Workers for Old Generation
[2026-01-06T22:07:13.951+0800][21.595s][info][gc,phases   ] GC(103) O: Concurrent Remap Roots 0.087ms
[2026-01-06T22:07:13.951+0800][21.595s][info][gc,phases   ] GC(103) O: Pause Relocate Start 0.002ms
[2026-01-06T22:07:13.951+0800][21.595s][info][gc,phases   ] GC(103) O: Concurrent Relocate 0.008ms
[2026-01-06T22:07:13.951+0800][21.595s][info][gc,alloc    ] GC(103) O:                         Mark Start        Mark End      Relocate Start    Relocate End   
[2026-01-06T22:07:13.951+0800][21.595s][info][gc,alloc    ] GC(103) O: Allocation Stalls:          0                0                0                0         
[2026-01-06T22:07:13.951+0800][21.595s][info][gc,load     ] GC(103) O: Load: 1.45 (15%) / 1.68 (17%) / 1.97 (20%)
[2026-01-06T22:07:13.951+0800][21.595s][info][gc,mmu      ] GC(103) O: MMU: 2ms/97.4%, 5ms/98.6%, 10ms/99.3%, 20ms/99.5%, 50ms/99.8%, 100ms/99.9%
[2026-01-06T22:07:13.951+0800][21.595s][info][gc,marking  ] GC(103) O: Mark: 1 stripe(s), 2 proactive flush(es), 1 terminate flush(es), 0 completion(s), 0 continuation(s) 
[2026-01-06T22:07:13.951+0800][21.595s][info][gc,nmethod  ] GC(103) O: NMethods: 128 registered, 39 unregistered
[2026-01-06T22:07:13.951+0800][21.595s][info][gc,metaspace] GC(103) O: Metaspace: 0M used, 0M committed, 1088M reserved
[2026-01-06T22:07:13.951+0800][21.595s][info][gc,ref      ] GC(103) O:                       Encountered   Discovered     Enqueued 
[2026-01-06T22:07:13.951+0800][21.595s][info][gc,ref      ] GC(103) O: Soft References:                1            0            0 
[2026-01-06T22:07:13.951+0800][21.595s][info][gc,ref      ] GC(103) O: Weak References:                6            0            0 
[2026-01-06T22:07:13.951+0800][21.595s][info][gc,ref      ] GC(103) O: Final References:               0            0            0 
[2026-01-06T22:07:13.951+0800][21.595s][info][gc,ref      ] GC(103) O: Phantom References:             1            1            0 
[2026-01-06T22:07:13.951+0800][21.595s][info][gc,reloc    ] GC(103) O:                        Candidates     Selected     In-Place         Size        Empty    Relocated 
[2026-01-06T22:07:13.951+0800][21.595s][info][gc,reloc    ] GC(103) O: Small Pages:                    1            0            0           2M           0M           0M 
[2026-01-06T22:07:13.951+0800][21.595s][info][gc,reloc    ] GC(103) O: Medium Pages:                   0            0            0           0M           0M           0M 
[2026-01-06T22:07:13.951+0800][21.595s][info][gc,reloc    ] GC(103) O: Large Pages:                    0            0            0           0M           0M           0M 
[2026-01-06T22:07:13.951+0800][21.595s][info][gc,reloc    ] GC(103) O: Forwarding Usage: 0M
[2026-01-06T22:07:13.951+0800][21.595s][info][gc,heap     ] GC(103) O: Min Capacity: 8M(0%)
[2026-01-06T22:07:13.951+0800][21.595s][info][gc,heap     ] GC(103) O: Max Capacity: 4096M(100%)
[2026-01-06T22:07:13.951+0800][21.595s][info][gc,heap     ] GC(103) O: Soft Max Capacity: 3686M(90%)
[2026-01-06T22:07:13.951+0800][21.595s][info][gc,heap     ] GC(103) O: Heap Statistics:
[2026-01-06T22:07:13.951+0800][21.595s][info][gc,heap     ] GC(103) O:                Mark Start          Mark End        Relocate Start      Relocate End           High               Low         
[2026-01-06T22:07:13.951+0800][21.595s][info][gc,heap     ] GC(103) O:  Capacity:     3498M (85%)        3498M (85%)        3498M (85%)        3498M (85%)        3498M (85%)        3498M (85%)    
[2026-01-06T22:07:13.951+0800][21.595s][info][gc,heap     ] GC(103) O:      Free:     3042M (74%)        4066M (99%)        4056M (99%)        4056M (99%)        4088M (100%)       3040M (74%)    
[2026-01-06T22:07:13.951+0800][21.595s][info][gc,heap     ] GC(103) O:      Used:     1054M (26%)          30M (1%)           40M (1%)           40M (1%)         1056M (26%)           8M (0%)     
[2026-01-06T22:07:13.951+0800][21.595s][info][gc,heap     ] GC(103) O: Old Generation Statistics:
[2026-01-06T22:07:13.951+0800][21.595s][info][gc,heap     ] GC(103) O:                Mark Start          Mark End        Relocate Start      Relocate End    
[2026-01-06T22:07:13.951+0800][21.595s][info][gc,heap     ] GC(103) O:      Used:        2M (0%)            2M (0%)            2M (0%)            2M (0%)     
[2026-01-06T22:07:13.951+0800][21.595s][info][gc,heap     ] GC(103) O:      Live:         -                 0M (0%)            0M (0%)            0M (0%)     
[2026-01-06T22:07:13.951+0800][21.595s][info][gc,heap     ] GC(103) O:   Garbage:         -                 1M (0%)            1M (0%)            1M (0%)     
[2026-01-06T22:07:13.951+0800][21.595s][info][gc,heap     ] GC(103) O: Allocated:         -                 0M (0%)            0M (0%)            0M (0%)     
[2026-01-06T22:07:13.951+0800][21.595s][info][gc,heap     ] GC(103) O: Reclaimed:         -                  -                 0M (0%)            0M (0%)     
[2026-01-06T22:07:13.951+0800][21.595s][info][gc,heap     ] GC(103) O: Compacted:         -                  -                  -                 0M (0%)     
[2026-01-06T22:07:13.951+0800][21.595s][info][gc,phases   ] GC(103) O: Old Generation 12M(0%)->40M(1%) 0.002s
[2026-01-06T22:07:13.951+0800][21.595s][info][gc          ] GC(103) Major Collection (Proactive) 1054M(26%)->42M(1%) 0.002s
[2026-01-06T22:07:14.536+0800][22.180s][info][gc          ] GC(104) Minor Collection (High Usage)
[2026-01-06T22:07:14.536+0800][22.180s][info][gc,task     ] GC(104) Using 1 Workers for Young Generation
[2026-01-06T22:07:14.536+0800][22.180s][info][gc,phases   ] GC(104) y: Young Generation
[2026-01-06T22:07:14.536+0800][22.180s][info][gc,phases   ] GC(104) y: Pause Mark Start 0.022ms
[2026-01-06T22:07:14.537+0800][22.181s][info][gc,phases   ] GC(104) y: Concurrent Mark 0.942ms
[2026-01-06T22:07:14.537+0800][22.181s][info][gc,phases   ] GC(104) y: Pause Mark End 0.005ms
[2026-01-06T22:07:14.537+0800][22.181s][info][gc,phases   ] GC(104) y: Concurrent Mark Free 0.003ms
[2026-01-06T22:07:14.537+0800][22.181s][info][gc,phases   ] GC(104) y: Concurrent Reset Relocation Set 0.000ms
[2026-01-06T22:07:14.542+0800][22.186s][info][gc,reloc    ] GC(104) y: Using tenuring threshold: 1 (Computed)
[2026-01-06T22:07:14.542+0800][22.186s][info][gc,phases   ] GC(104) y: Concurrent Select Relocation Set 4.579ms
[2026-01-06T22:07:14.542+0800][22.186s][info][gc,phases   ] GC(104) y: Pause Relocate Start 0.007ms
[2026-01-06T22:07:14.542+0800][22.186s][info][gc,phases   ] GC(104) y: Concurrent Relocate 0.017ms
[2026-01-06T22:07:14.542+0800][22.186s][info][gc,alloc    ] GC(104) y:                         Mark Start        Mark End      Relocate Start    Relocate End   
[2026-01-06T22:07:14.542+0800][22.186s][info][gc,alloc    ] GC(104) y: Allocation Stalls:          0                0                0                0         
[2026-01-06T22:07:14.542+0800][22.186s][info][gc,load     ] GC(104) y: Load: 1.45 (15%) / 1.68 (17%) / 1.97 (20%)
[2026-01-06T22:07:14.542+0800][22.186s][info][gc,mmu      ] GC(104) y: MMU: 2ms/97.4%, 5ms/98.6%, 10ms/99.3%, 20ms/99.5%, 50ms/99.8%, 100ms/99.9%
[2026-01-06T22:07:14.542+0800][22.186s][info][gc,marking  ] GC(104) y: Mark: 1 stripe(s), 2 proactive flush(es), 1 terminate flush(es), 0 completion(s), 0 continuation(s) 
[2026-01-06T22:07:14.542+0800][22.186s][info][gc,nmethod  ] GC(104) y: NMethods: 128 registered, 39 unregistered
[2026-01-06T22:07:14.542+0800][22.186s][info][gc,metaspace] GC(104) y: Metaspace: 0M used, 0M committed, 1088M reserved
[2026-01-06T22:07:14.542+0800][22.186s][info][gc,reloc    ] GC(104) y:                        Candidates     Selected     In-Place         Size        Empty    Relocated 
[2026-01-06T22:07:14.542+0800][22.186s][info][gc,reloc    ] GC(104) y: Small Pages:                 1741            0            0        3482M        3480M           0M 
[2026-01-06T22:07:14.542+0800][22.186s][info][gc,reloc    ] GC(104) y: Medium Pages:                   0            0            0           0M           0M           0M 
[2026-01-06T22:07:14.542+0800][22.186s][info][gc,reloc    ] GC(104) y: Large Pages:                    0            0            0           0M           0M           0M 
[2026-01-06T22:07:14.542+0800][22.186s][info][gc,reloc    ] GC(104) y: Forwarding Usage: 0M
[2026-01-06T22:07:14.542+0800][22.186s][info][gc,reloc    ] GC(104) y: Age Table:
[2026-01-06T22:07:14.542+0800][22.186s][info][gc,reloc    ] GC(104) y:                    Live             Garbage             Small              Medium             Large        
[2026-01-06T22:07:14.542+0800][22.186s][info][gc,reloc    ] GC(104) y: Eden               0M (0%)         3479M (85%)       1740 / 0              0 / 0              0 / 0        
[2026-01-06T22:07:14.542+0800][22.186s][info][gc,reloc    ] GC(104) y: Survivor 1          -                 2M (0%)           1 / 0              0 / 0              0 / 0        
[2026-01-06T22:07:14.542+0800][22.186s][info][gc,heap     ] GC(104) y: Min Capacity: 8M(0%)
[2026-01-06T22:07:14.542+0800][22.186s][info][gc,heap     ] GC(104) y: Max Capacity: 4096M(100%)
[2026-01-06T22:07:14.542+0800][22.186s][info][gc,heap     ] GC(104) y: Soft Max Capacity: 3686M(90%)
[2026-01-06T22:07:14.542+0800][22.186s][info][gc,heap     ] GC(104) y: Heap Statistics:
[2026-01-06T22:07:14.542+0800][22.186s][info][gc,heap     ] GC(104) y:                Mark Start          Mark End        Relocate Start      Relocate End           High               Low         
[2026-01-06T22:07:14.542+0800][22.186s][info][gc,heap     ] GC(104) y:  Capacity:     3498M (85%)        3498M (85%)        3498M (85%)        3498M (85%)        3498M (85%)        3498M (85%)    
[2026-01-06T22:07:14.542+0800][22.186s][info][gc,heap     ] GC(104) y:      Free:      612M (15%)         606M (15%)        4078M (100%)       4078M (100%)       4080M (100%)        606M (15%)    
[2026-01-06T22:07:14.542+0800][22.186s][info][gc,heap     ] GC(104) y:      Used:     3484M (85%)        3490M (85%)          18M (0%)           18M (0%)         3490M (85%)          16M (0%)     
[2026-01-06T22:07:14.542+0800][22.186s][info][gc,heap     ] GC(104) y: Young Generation Statistics:
[2026-01-06T22:07:14.542+0800][22.186s][info][gc,heap     ] GC(104) y:                Mark Start          Mark End        Relocate Start      Relocate End    
[2026-01-06T22:07:14.542+0800][22.186s][info][gc,heap     ] GC(104) y:      Used:     3482M (85%)        3488M (85%)          16M (0%)           16M (0%)     
[2026-01-06T22:07:14.542+0800][22.186s][info][gc,heap     ] GC(104) y:      Live:         -                 0M (0%)            0M (0%)            0M (0%)     
[2026-01-06T22:07:14.542+0800][22.186s][info][gc,heap     ] GC(104) y:   Garbage:         -              3481M (85%)           1M (0%)            1M (0%)     
[2026-01-06T22:07:14.542+0800][22.186s][info][gc,heap     ] GC(104) y: Allocated:         -                 6M (0%)           14M (0%)           14M (0%)     
[2026-01-06T22:07:14.542+0800][22.186s][info][gc,heap     ] GC(104) y: Reclaimed:         -                  -              3480M (85%)        3480M (85%)    
[2026-01-06T22:07:14.542+0800][22.186s][info][gc,heap     ] GC(104) y:  Promoted:         -                  -                 0M (0%)            0M (0%)     
[2026-01-06T22:07:14.542+0800][22.186s][info][gc,heap     ] GC(104) y: Compacted:         -                  -                  -                 0M (0%)     
[2026-01-06T22:07:14.542+0800][22.186s][info][gc,phases   ] GC(104) y: Young Generation 3484M(85%)->18M(0%) 0.006s
[2026-01-06T22:07:14.542+0800][22.186s][info][gc          ] GC(104) Minor Collection (High Usage) 3484M(85%)->18M(0%) 0.006s
[2026-01-06T22:07:14.813+0800][22.457s][info][gc          ] GC(105) Major Collection (Proactive)
[2026-01-06T22:07:14.813+0800][22.457s][info][gc,task     ] GC(105) Using 1 Workers for Young Generation
[2026-01-06T22:07:14.813+0800][22.457s][info][gc,task     ] GC(105) Using 1 Workers for Old Generation
[2026-01-06T22:07:14.813+0800][22.457s][info][gc,phases   ] GC(105) Y: Young Generation
[2026-01-06T22:07:14.813+0800][22.457s][info][gc,phases   ] GC(105) Y: Pause Mark Start (Major) 0.005ms
[2026-01-06T22:07:14.815+0800][22.459s][info][gc,phases   ] GC(105) Y: Concurrent Mark 1.244ms
[2026-01-06T22:07:14.815+0800][22.459s][info][gc,phases   ] GC(105) Y: Pause Mark End 0.003ms
[2026-01-06T22:07:14.815+0800][22.459s][info][gc,phases   ] GC(105) Y: Concurrent Mark Free 0.000ms
[2026-01-06T22:07:14.815+0800][22.459s][info][gc,phases   ] GC(105) Y: Concurrent Reset Relocation Set 0.000ms
[2026-01-06T22:07:14.815+0800][22.459s][info][gc,reloc    ] GC(105) Y: Using tenuring threshold: 1 (Computed)
[2026-01-06T22:07:14.815+0800][22.459s][info][gc,phases   ] GC(105) Y: Concurrent Select Relocation Set 0.167ms
[2026-01-06T22:07:14.815+0800][22.459s][info][gc,phases   ] GC(105) Y: Pause Relocate Start 0.001ms
[2026-01-06T22:07:14.815+0800][22.459s][info][gc,phases   ] GC(105) Y: Concurrent Relocate 0.010ms
[2026-01-06T22:07:14.815+0800][22.459s][info][gc,alloc    ] GC(105) Y:                         Mark Start        Mark End      Relocate Start    Relocate End   
[2026-01-06T22:07:14.815+0800][22.459s][info][gc,alloc    ] GC(105) Y: Allocation Stalls:          0                0                0                0         
[2026-01-06T22:07:14.815+0800][22.459s][info][gc,load     ] GC(105) Y: Load: 1.45 (15%) / 1.68 (17%) / 1.97 (20%)
[2026-01-06T22:07:14.815+0800][22.459s][info][gc,mmu      ] GC(105) Y: MMU: 2ms/97.4%, 5ms/98.6%, 10ms/99.3%, 20ms/99.5%, 50ms/99.8%, 100ms/99.9%
[2026-01-06T22:07:14.815+0800][22.459s][info][gc,marking  ] GC(105) Y: Mark: 1 stripe(s), 2 proactive flush(es), 1 terminate flush(es), 0 completion(s), 0 continuation(s) 
[2026-01-06T22:07:14.815+0800][22.459s][info][gc,nmethod  ] GC(105) Y: NMethods: 128 registered, 39 unregistered
[2026-01-06T22:07:14.815+0800][22.459s][info][gc,metaspace] GC(105) Y: Metaspace: 0M used, 0M committed, 1088M reserved
[2026-01-06T22:07:14.815+0800][22.459s][info][gc,reloc    ] GC(105) Y:                        Candidates     Selected     In-Place         Size        Empty    Relocated 
[2026-01-06T22:07:14.815+0800][22.459s][info][gc,reloc    ] GC(105) Y: Small Pages:                  631            0            0        1262M        1260M           0M 
[2026-01-06T22:07:14.815+0800][22.459s][info][gc,reloc    ] GC(105) Y: Medium Pages:                   0            0            0           0M           0M           0M 
[2026-01-06T22:07:14.815+0800][22.459s][info][gc,reloc    ] GC(105) Y: Large Pages:                    0            0            0           0M           0M           0M 
[2026-01-06T22:07:14.815+0800][22.459s][info][gc,reloc    ] GC(105) Y: Forwarding Usage: 0M
[2026-01-06T22:07:14.815+0800][22.459s][info][gc,reloc    ] GC(105) Y: Age Table:
[2026-01-06T22:07:14.815+0800][22.459s][info][gc,reloc    ] GC(105) Y:                    Live             Garbage             Small              Medium             Large        
[2026-01-06T22:07:14.815+0800][22.459s][info][gc,reloc    ] GC(105) Y: Eden               0M (0%)         1259M (31%)        630 / 0              0 / 0              0 / 0        
[2026-01-06T22:07:14.815+0800][22.459s][info][gc,reloc    ] GC(105) Y: Survivor 1          -                 2M (0%)           1 / 0              0 / 0              0 / 0        
[2026-01-06T22:07:14.815+0800][22.459s][info][gc,heap     ] GC(105) Y: Min Capacity: 8M(0%)
[2026-01-06T22:07:14.815+0800][22.459s][info][gc,heap     ] GC(105) Y: Max Capacity: 4096M(100%)
[2026-01-06T22:07:14.815+0800][22.459s][info][gc,heap     ] GC(105) Y: Soft Max Capacity: 3686M(90%)
[2026-01-06T22:07:14.815+0800][22.459s][info][gc,heap     ] GC(105) Y: Heap Statistics:
[2026-01-06T22:07:14.815+0800][22.459s][info][gc,heap     ] GC(105) Y:                Mark Start          Mark End        Relocate Start      Relocate End           High               Low         
[2026-01-06T22:07:14.815+0800][22.459s][info][gc,heap     ] GC(105) Y:  Capacity:     3498M (85%)        3498M (85%)        3498M (85%)        3498M (85%)        3498M (85%)        3498M (85%)    
[2026-01-06T22:07:14.815+0800][22.459s][info][gc,heap     ] GC(105) Y:      Free:     2832M (69%)        2830M (69%)        4090M (100%)       4090M (100%)       4090M (100%)       2830M (69%)    
[2026-01-06T22:07:14.815+0800][22.459s][info][gc,heap     ] GC(105) Y:      Used:     1264M (31%)        1266M (31%)           6M (0%)            6M (0%)         1266M (31%)           6M (0%)     
[2026-01-06T22:07:14.815+0800][22.459s][info][gc,heap     ] GC(105) Y: Young Generation Statistics:
[2026-01-06T22:07:14.815+0800][22.459s][info][gc,heap     ] GC(105) Y:                Mark Start          Mark End        Relocate Start      Relocate End    
[2026-01-06T22:07:14.815+0800][22.459s][info][gc,heap     ] GC(105) Y:      Used:     1262M (31%)        1264M (31%)           4M (0%)            4M (0%)     
[2026-01-06T22:07:14.815+0800][22.459s][info][gc,heap     ] GC(105) Y:      Live:         -                 0M (0%)            0M (0%)            0M (0%)     
[2026-01-06T22:07:14.815+0800][22.459s][info][gc,heap     ] GC(105) Y:   Garbage:         -              1261M (31%)           1M (0%)            1M (0%)     
[2026-01-06T22:07:14.815+0800][22.459s][info][gc,heap     ] GC(105) Y: Allocated:         -                 2M (0%)            2M (0%)            2M (0%)     
[2026-01-06T22:07:14.815+0800][22.459s][info][gc,heap     ] GC(105) Y: Reclaimed:         -                  -              1260M (31%)        1260M (31%)    
[2026-01-06T22:07:14.815+0800][22.459s][info][gc,heap     ] GC(105) Y:  Promoted:         -                  -                 0M (0%)            0M (0%)     
[2026-01-06T22:07:14.815+0800][22.459s][info][gc,heap     ] GC(105) Y: Compacted:         -                  -                  -                 0M (0%)     
[2026-01-06T22:07:14.815+0800][22.459s][info][gc,phases   ] GC(105) Y: Young Generation 1264M(31%)->6M(0%) 0.002s
[2026-01-06T22:07:14.815+0800][22.459s][info][gc,phases   ] GC(105) O: Old Generation
[2026-01-06T22:07:14.816+0800][22.460s][info][gc,phases   ] GC(105) O: Concurrent Mark 0.912ms
[2026-01-06T22:07:14.816+0800][22.460s][info][gc,phases   ] GC(105) O: Pause Mark End 0.006ms
[2026-01-06T22:07:14.816+0800][22.460s][info][gc,phases   ] GC(105) O: Concurrent Mark Free 0.001ms
[2026-01-06T22:07:14.816+0800][22.460s][info][gc,phases   ] GC(105) O: Concurrent Process Non-Strong 0.333ms
[2026-01-06T22:07:14.816+0800][22.460s][info][gc,phases   ] GC(105) O: Concurrent Reset Relocation Set 0.000ms
[2026-01-06T22:07:14.816+0800][22.460s][info][gc,phases   ] GC(105) O: Concurrent Select Relocation Set 0.017ms
[2026-01-06T22:07:14.816+0800][22.460s][info][gc,task     ] GC(105) O: Using 2 Workers for Old Generation
[2026-01-06T22:07:14.817+0800][22.460s][info][gc,task     ] GC(105) O: Using 1 Workers for Old Generation
[2026-01-06T22:07:14.817+0800][22.460s][info][gc,phases   ] GC(105) O: Concurrent Remap Roots 0.090ms
[2026-01-06T22:07:14.817+0800][22.460s][info][gc,phases   ] GC(105) O: Pause Relocate Start 0.001ms
[2026-01-06T22:07:14.817+0800][22.460s][info][gc,phases   ] GC(105) O: Concurrent Relocate 0.006ms
[2026-01-06T22:07:14.817+0800][22.460s][info][gc,alloc    ] GC(105) O:                         Mark Start        Mark End      Relocate Start    Relocate End   
[2026-01-06T22:07:14.817+0800][22.460s][info][gc,alloc    ] GC(105) O: Allocation Stalls:          0                0                0                0         
[2026-01-06T22:07:14.817+0800][22.460s][info][gc,load     ] GC(105) O: Load: 1.45 (15%) / 1.68 (17%) / 1.97 (20%)
[2026-01-06T22:07:14.817+0800][22.460s][info][gc,mmu      ] GC(105) O: MMU: 2ms/97.4%, 5ms/98.6%, 10ms/99.3%, 20ms/99.5%, 50ms/99.8%, 100ms/99.9%
[2026-01-06T22:07:14.817+0800][22.460s][info][gc,marking  ] GC(105) O: Mark: 1 stripe(s), 2 proactive flush(es), 1 terminate flush(es), 0 completion(s), 0 continuation(s) 
[2026-01-06T22:07:14.817+0800][22.460s][info][gc,nmethod  ] GC(105) O: NMethods: 128 registered, 39 unregistered
[2026-01-06T22:07:14.817+0800][22.460s][info][gc,metaspace] GC(105) O: Metaspace: 0M used, 0M committed, 1088M reserved
[2026-01-06T22:07:14.817+0800][22.460s][info][gc,ref      ] GC(105) O:                       Encountered   Discovered     Enqueued 
[2026-01-06T22:07:14.817+0800][22.460s][info][gc,ref      ] GC(105) O: Soft References:                1            0            0 
[2026-01-06T22:07:14.817+0800][22.460s][info][gc,ref      ] GC(105) O: Weak References:                6            0            0 
[2026-01-06T22:07:14.817+0800][22.460s][info][gc,ref      ] GC(105) O: Final References:               0            0            0 
[2026-01-06T22:07:14.817+0800][22.460s][info][gc,ref      ] GC(105) O: Phantom References:             1            1            0 
[2026-01-06T22:07:14.817+0800][22.460s][info][gc,reloc    ] GC(105) O:                        Candidates     Selected     In-Place         Size        Empty    Relocated 
[2026-01-06T22:07:14.817+0800][22.460s][info][gc,reloc    ] GC(105) O: Small Pages:                    1            0            0           2M           0M           0M 
[2026-01-06T22:07:14.817+0800][22.460s][info][gc,reloc    ] GC(105) O: Medium Pages:                   0            0            0           0M           0M           0M 
[2026-01-06T22:07:14.817+0800][22.460s][info][gc,reloc    ] GC(105) O: Large Pages:                    0            0            0           0M           0M           0M 
[2026-01-06T22:07:14.817+0800][22.460s][info][gc,reloc    ] GC(105) O: Forwarding Usage: 0M
[2026-01-06T22:07:14.817+0800][22.460s][info][gc,heap     ] GC(105) O: Min Capacity: 8M(0%)
[2026-01-06T22:07:14.817+0800][22.460s][info][gc,heap     ] GC(105) O: Max Capacity: 4096M(100%)
[2026-01-06T22:07:14.817+0800][22.460s][info][gc,heap     ] GC(105) O: Soft Max Capacity: 3686M(90%)
[2026-01-06T22:07:14.817+0800][22.460s][info][gc,heap     ] GC(105) O: Heap Statistics:
[2026-01-06T22:07:14.817+0800][22.460s][info][gc,heap     ] GC(105) O:                Mark Start          Mark End        Relocate Start      Relocate End           High               Low         
[2026-01-06T22:07:14.817+0800][22.460s][info][gc,heap     ] GC(105) O:  Capacity:     3498M (85%)        3498M (85%)        3498M (85%)        3498M (85%)        3498M (85%)        3498M (85%)    
[2026-01-06T22:07:14.817+0800][22.460s][info][gc,heap     ] GC(105) O:      Free:     2832M (69%)        4070M (99%)        4060M (99%)        4060M (99%)        4090M (100%)       2830M (69%)    
[2026-01-06T22:07:14.817+0800][22.460s][info][gc,heap     ] GC(105) O:      Used:     1264M (31%)          26M (1%)           36M (1%)           36M (1%)         1266M (31%)           6M (0%)     
[2026-01-06T22:07:14.817+0800][22.460s][info][gc,heap     ] GC(105) O: Old Generation Statistics:
[2026-01-06T22:07:14.817+0800][22.461s][info][gc,heap     ] GC(105) O:                Mark Start          Mark End        Relocate Start      Relocate End    
[2026-01-06T22:07:14.817+0800][22.461s][info][gc,heap     ] GC(105) O:      Used:        2M (0%)            2M (0%)            2M (0%)            2M (0%)     
[2026-01-06T22:07:14.817+0800][22.461s][info][gc,heap     ] GC(105) O:      Live:         -                 0M (0%)            0M (0%)            0M (0%)     
[2026-01-06T22:07:14.817+0800][22.461s][info][gc,heap     ] GC(105) O:   Garbage:         -                 1M (0%)            1M (0%)            1M (0%)     
[2026-01-06T22:07:14.817+0800][22.461s][info][gc,heap     ] GC(105) O: Allocated:         -                 0M (0%)            0M (0%)            0M (0%)     
[2026-01-06T22:07:14.817+0800][22.461s][info][gc,heap     ] GC(105) O: Reclaimed:         -                  -                 0M (0%)            0M (0%)     
[2026-01-06T22:07:14.817+0800][22.461s][info][gc,heap     ] GC(105) O: Compacted:         -                  -                  -                 0M (0%)     
[2026-01-06T22:07:14.817+0800][22.461s][info][gc,phases   ] GC(105) O: Old Generation 10M(0%)->36M(1%) 0.001s
[2026-01-06T22:07:14.817+0800][22.461s][info][gc          ] GC(105) Major Collection (Proactive) 1264M(31%)->38M(1%) 0.003s
[2026-01-06T22:07:15.336+0800][22.980s][info][gc          ] GC(106) Minor Collection (High Usage)
[2026-01-06T22:07:15.337+0800][22.980s][info][gc,task     ] GC(106) Using 1 Workers for Young Generation
[2026-01-06T22:07:15.337+0800][22.980s][info][gc,phases   ] GC(106) y: Young Generation
[2026-01-06T22:07:15.337+0800][22.980s][info][gc,phases   ] GC(106) y: Pause Mark Start 0.013ms
[2026-01-06T22:07:15.337+0800][22.981s][info][gc,phases   ] GC(106) y: Concurrent Mark 0.568ms
[2026-01-06T22:07:15.337+0800][22.981s][info][gc,phases   ] GC(106) y: Pause Mark End 0.004ms
[2026-01-06T22:07:15.337+0800][22.981s][info][gc,phases   ] GC(106) y: Concurrent Mark Free 0.003ms
[2026-01-06T22:07:15.337+0800][22.981s][info][gc,phases   ] GC(106) y: Concurrent Reset Relocation Set 0.000ms
[2026-01-06T22:07:15.343+0800][22.986s][info][gc,reloc    ] GC(106) y: Using tenuring threshold: 1 (Computed)
[2026-01-06T22:07:15.343+0800][22.986s][info][gc,phases   ] GC(106) y: Concurrent Select Relocation Set 5.355ms
[2026-01-06T22:07:15.343+0800][22.986s][info][gc,phases   ] GC(106) y: Pause Relocate Start 0.002ms
[2026-01-06T22:07:15.343+0800][22.987s][info][gc,phases   ] GC(106) y: Concurrent Relocate 0.010ms
[2026-01-06T22:07:15.343+0800][22.987s][info][gc,alloc    ] GC(106) y:                         Mark Start        Mark End      Relocate Start    Relocate End   
[2026-01-06T22:07:15.343+0800][22.987s][info][gc,alloc    ] GC(106) y: Allocation Stalls:          0                0                0                0         
[2026-01-06T22:07:15.343+0800][22.987s][info][gc,load     ] GC(106) y: Load: 1.45 (15%) / 1.68 (17%) / 1.97 (20%)
[2026-01-06T22:07:15.343+0800][22.987s][info][gc,mmu      ] GC(106) y: MMU: 2ms/97.4%, 5ms/98.6%, 10ms/99.3%, 20ms/99.5%, 50ms/99.8%, 100ms/99.9%
[2026-01-06T22:07:15.343+0800][22.987s][info][gc,marking  ] GC(106) y: Mark: 1 stripe(s), 2 proactive flush(es), 1 terminate flush(es), 0 completion(s), 0 continuation(s) 
[2026-01-06T22:07:15.343+0800][22.987s][info][gc,nmethod  ] GC(106) y: NMethods: 128 registered, 39 unregistered
[2026-01-06T22:07:15.343+0800][22.987s][info][gc,metaspace] GC(106) y: Metaspace: 0M used, 0M committed, 1088M reserved
[2026-01-06T22:07:15.343+0800][22.987s][info][gc,reloc    ] GC(106) y:                        Candidates     Selected     In-Place         Size        Empty    Relocated 
[2026-01-06T22:07:15.343+0800][22.987s][info][gc,reloc    ] GC(106) y: Small Pages:                 1741            0            0        3482M        3480M           0M 
[2026-01-06T22:07:15.343+0800][22.987s][info][gc,reloc    ] GC(106) y: Medium Pages:                   0            0            0           0M           0M           0M 
[2026-01-06T22:07:15.343+0800][22.987s][info][gc,reloc    ] GC(106) y: Large Pages:                    0            0            0           0M           0M           0M 
[2026-01-06T22:07:15.343+0800][22.987s][info][gc,reloc    ] GC(106) y: Forwarding Usage: 0M
[2026-01-06T22:07:15.343+0800][22.987s][info][gc,reloc    ] GC(106) y: Age Table:
[2026-01-06T22:07:15.343+0800][22.987s][info][gc,reloc    ] GC(106) y:                    Live             Garbage             Small              Medium             Large        
[2026-01-06T22:07:15.343+0800][22.987s][info][gc,reloc    ] GC(106) y: Eden               0M (0%)         3479M (85%)       1740 / 0              0 / 0              0 / 0        
[2026-01-06T22:07:15.343+0800][22.987s][info][gc,reloc    ] GC(106) y: Survivor 1          -                 2M (0%)           1 / 0              0 / 0              0 / 0        
[2026-01-06T22:07:15.343+0800][22.987s][info][gc,heap     ] GC(106) y: Min Capacity: 8M(0%)
[2026-01-06T22:07:15.343+0800][22.987s][info][gc,heap     ] GC(106) y: Max Capacity: 4096M(100%)
[2026-01-06T22:07:15.343+0800][22.987s][info][gc,heap     ] GC(106) y: Soft Max Capacity: 3686M(90%)
[2026-01-06T22:07:15.343+0800][22.987s][info][gc,heap     ] GC(106) y: Heap Statistics:
[2026-01-06T22:07:15.343+0800][22.987s][info][gc,heap     ] GC(106) y:                Mark Start          Mark End        Relocate Start      Relocate End           High               Low         
[2026-01-06T22:07:15.343+0800][22.987s][info][gc,heap     ] GC(106) y:  Capacity:     3498M (85%)        3498M (85%)        3498M (85%)        3498M (85%)        3498M (85%)        3498M (85%)    
[2026-01-06T22:07:15.343+0800][22.987s][info][gc,heap     ] GC(106) y:      Free:      612M (15%)         608M (15%)        4080M (100%)       4080M (100%)       4080M (100%)        608M (15%)    
[2026-01-06T22:07:15.343+0800][22.987s][info][gc,heap     ] GC(106) y:      Used:     3484M (85%)        3488M (85%)          16M (0%)           16M (0%)         3488M (85%)          16M (0%)     
[2026-01-06T22:07:15.343+0800][22.987s][info][gc,heap     ] GC(106) y: Young Generation Statistics:
[2026-01-06T22:07:15.343+0800][22.987s][info][gc,heap     ] GC(106) y:                Mark Start          Mark End        Relocate Start      Relocate End    
[2026-01-06T22:07:15.343+0800][22.987s][info][gc,heap     ] GC(106) y:      Used:     3482M (85%)        3486M (85%)          14M (0%)           14M (0%)     
[2026-01-06T22:07:15.343+0800][22.987s][info][gc,heap     ] GC(106) y:      Live:         -                 0M (0%)            0M (0%)            0M (0%)     
[2026-01-06T22:07:15.343+0800][22.987s][info][gc,heap     ] GC(106) y:   Garbage:         -              3481M (85%)           1M (0%)            1M (0%)     
[2026-01-06T22:07:15.343+0800][22.987s][info][gc,heap     ] GC(106) y: Allocated:         -                 4M (0%)           12M (0%)           12M (0%)     
[2026-01-06T22:07:15.343+0800][22.987s][info][gc,heap     ] GC(106) y: Reclaimed:         -                  -              3480M (85%)        3480M (85%)    
[2026-01-06T22:07:15.343+0800][22.987s][info][gc,heap     ] GC(106) y:  Promoted:         -                  -                 0M (0%)            0M (0%)     
[2026-01-06T22:07:15.343+0800][22.987s][info][gc,heap     ] GC(106) y: Compacted:         -                  -                  -                 0M (0%)     
[2026-01-06T22:07:15.343+0800][22.987s][info][gc,phases   ] GC(106) y: Young Generation 3484M(85%)->16M(0%) 0.006s
[2026-01-06T22:07:15.343+0800][22.987s][info][gc          ] GC(106) Minor Collection (High Usage) 3484M(85%)->16M(0%) 0.006s
[2026-01-06T22:07:15.645+0800][23.289s][info][gc          ] GC(107) Major Collection (Proactive)
[2026-01-06T22:07:15.645+0800][23.289s][info][gc,task     ] GC(107) Using 1 Workers for Young Generation
[2026-01-06T22:07:15.645+0800][23.289s][info][gc,task     ] GC(107) Using 1 Workers for Old Generation
[2026-01-06T22:07:15.645+0800][23.289s][info][gc,phases   ] GC(107) Y: Young Generation
[2026-01-06T22:07:15.645+0800][23.289s][info][gc,phases   ] GC(107) Y: Pause Mark Start (Major) 0.004ms
[2026-01-06T22:07:15.646+0800][23.289s][info][gc,phases   ] GC(107) Y: Concurrent Mark 0.215ms
[2026-01-06T22:07:15.646+0800][23.289s][info][gc,phases   ] GC(107) Y: Pause Mark End 0.003ms
[2026-01-06T22:07:15.646+0800][23.289s][info][gc,phases   ] GC(107) Y: Concurrent Mark Free 0.000ms
[2026-01-06T22:07:15.646+0800][23.289s][info][gc,phases   ] GC(107) Y: Concurrent Reset Relocation Set 0.000ms
[2026-01-06T22:07:15.646+0800][23.290s][info][gc,reloc    ] GC(107) Y: Using tenuring threshold: 1 (Computed)
[2026-01-06T22:07:15.646+0800][23.290s][info][gc,phases   ] GC(107) Y: Concurrent Select Relocation Set 0.158ms
[2026-01-06T22:07:15.646+0800][23.290s][info][gc,phases   ] GC(107) Y: Pause Relocate Start 0.001ms
[2026-01-06T22:07:15.646+0800][23.290s][info][gc,phases   ] GC(107) Y: Concurrent Relocate 0.011ms
[2026-01-06T22:07:15.646+0800][23.290s][info][gc,alloc    ] GC(107) Y:                         Mark Start        Mark End      Relocate Start    Relocate End   
[2026-01-06T22:07:15.646+0800][23.290s][info][gc,alloc    ] GC(107) Y: Allocation Stalls:          0                0                0                0         
[2026-01-06T22:07:15.646+0800][23.290s][info][gc,load     ] GC(107) Y: Load: 1.45 (15%) / 1.68 (17%) / 1.97 (20%)
[2026-01-06T22:07:15.646+0800][23.290s][info][gc,mmu      ] GC(107) Y: MMU: 2ms/97.4%, 5ms/98.6%, 10ms/99.3%, 20ms/99.5%, 50ms/99.8%, 100ms/99.9%
[2026-01-06T22:07:15.646+0800][23.290s][info][gc,marking  ] GC(107) Y: Mark: 1 stripe(s), 2 proactive flush(es), 1 terminate flush(es), 0 completion(s), 0 continuation(s) 
[2026-01-06T22:07:15.646+0800][23.290s][info][gc,nmethod  ] GC(107) Y: NMethods: 128 registered, 39 unregistered
[2026-01-06T22:07:15.646+0800][23.290s][info][gc,metaspace] GC(107) Y: Metaspace: 0M used, 0M committed, 1088M reserved
[2026-01-06T22:07:15.646+0800][23.290s][info][gc,reloc    ] GC(107) Y:                        Candidates     Selected     In-Place         Size        Empty    Relocated 
[2026-01-06T22:07:15.646+0800][23.290s][info][gc,reloc    ] GC(107) Y: Small Pages:                  616            0            0        1232M        1230M           0M 
[2026-01-06T22:07:15.646+0800][23.290s][info][gc,reloc    ] GC(107) Y: Medium Pages:                   0            0            0           0M           0M           0M 
[2026-01-06T22:07:15.646+0800][23.290s][info][gc,reloc    ] GC(107) Y: Large Pages:                    0            0            0           0M           0M           0M 
[2026-01-06T22:07:15.646+0800][23.290s][info][gc,reloc    ] GC(107) Y: Forwarding Usage: 0M
[2026-01-06T22:07:15.646+0800][23.290s][info][gc,reloc    ] GC(107) Y: Age Table:
[2026-01-06T22:07:15.646+0800][23.290s][info][gc,reloc    ] GC(107) Y:                    Live             Garbage             Small              Medium             Large        
[2026-01-06T22:07:15.646+0800][23.290s][info][gc,reloc    ] GC(107) Y: Eden               0M (0%)         1229M (30%)        615 / 0              0 / 0              0 / 0        
[2026-01-06T22:07:15.646+0800][23.290s][info][gc,reloc    ] GC(107) Y: Survivor 1          -                 2M (0%)           1 / 0              0 / 0              0 / 0        
[2026-01-06T22:07:15.646+0800][23.290s][info][gc,heap     ] GC(107) Y: Min Capacity: 8M(0%)
[2026-01-06T22:07:15.646+0800][23.290s][info][gc,heap     ] GC(107) Y: Max Capacity: 4096M(100%)
[2026-01-06T22:07:15.646+0800][23.290s][info][gc,heap     ] GC(107) Y: Soft Max Capacity: 3686M(90%)
[2026-01-06T22:07:15.646+0800][23.290s][info][gc,heap     ] GC(107) Y: Heap Statistics:
[2026-01-06T22:07:15.646+0800][23.290s][info][gc,heap     ] GC(107) Y:                Mark Start          Mark End        Relocate Start      Relocate End           High               Low         
[2026-01-06T22:07:15.646+0800][23.290s][info][gc,heap     ] GC(107) Y:  Capacity:     3498M (85%)        3498M (85%)        3498M (85%)        3498M (85%)        3498M (85%)        3498M (85%)    
[2026-01-06T22:07:15.646+0800][23.290s][info][gc,heap     ] GC(107) Y:      Free:     2862M (70%)        2860M (70%)        4088M (100%)       4088M (100%)       4088M (100%)       2860M (70%)    
[2026-01-06T22:07:15.646+0800][23.290s][info][gc,heap     ] GC(107) Y:      Used:     1234M (30%)        1236M (30%)           8M (0%)            8M (0%)         1236M (30%)           8M (0%)     
[2026-01-06T22:07:15.646+0800][23.290s][info][gc,heap     ] GC(107) Y: Young Generation Statistics:
[2026-01-06T22:07:15.646+0800][23.290s][info][gc,heap     ] GC(107) Y:                Mark Start          Mark End        Relocate Start      Relocate End    
[2026-01-06T22:07:15.646+0800][23.290s][info][gc,heap     ] GC(107) Y:      Used:     1232M (30%)        1234M (30%)           6M (0%)            6M (0%)     
[2026-01-06T22:07:15.646+0800][23.290s][info][gc,heap     ] GC(107) Y:      Live:         -                 0M (0%)            0M (0%)            0M (0%)     
[2026-01-06T22:07:15.646+0800][23.290s][info][gc,heap     ] GC(107) Y:   Garbage:         -              1231M (30%)           1M (0%)            1M (0%)     
[2026-01-06T22:07:15.646+0800][23.290s][info][gc,heap     ] GC(107) Y: Allocated:         -                 2M (0%)            4M (0%)            4M (0%)     
[2026-01-06T22:07:15.646+0800][23.290s][info][gc,heap     ] GC(107) Y: Reclaimed:         -                  -              1230M (30%)        1230M (30%)    
[2026-01-06T22:07:15.646+0800][23.290s][info][gc,heap     ] GC(107) Y:  Promoted:         -                  -                 0M (0%)            0M (0%)     
[2026-01-06T22:07:15.646+0800][23.290s][info][gc,heap     ] GC(107) Y: Compacted:         -                  -                  -                 0M (0%)     
[2026-01-06T22:07:15.646+0800][23.290s][info][gc,phases   ] GC(107) Y: Young Generation 1234M(30%)->8M(0%) 0.001s
[2026-01-06T22:07:15.646+0800][23.290s][info][gc,phases   ] GC(107) O: Old Generation
[2026-01-06T22:07:15.647+0800][23.291s][info][gc,phases   ] GC(107) O: Concurrent Mark 0.865ms
[2026-01-06T22:07:15.647+0800][23.291s][info][gc,phases   ] GC(107) O: Pause Mark End 0.005ms
[2026-01-06T22:07:15.647+0800][23.291s][info][gc,phases   ] GC(107) O: Concurrent Mark Free 0.000ms
[2026-01-06T22:07:15.647+0800][23.291s][info][gc,phases   ] GC(107) O: Concurrent Process Non-Strong 0.329ms
[2026-01-06T22:07:15.647+0800][23.291s][info][gc,phases   ] GC(107) O: Concurrent Reset Relocation Set 0.000ms
[2026-01-06T22:07:15.647+0800][23.291s][info][gc,phases   ] GC(107) O: Concurrent Select Relocation Set 0.016ms
[2026-01-06T22:07:15.647+0800][23.291s][info][gc,task     ] GC(107) O: Using 2 Workers for Old Generation
[2026-01-06T22:07:15.647+0800][23.291s][info][gc,task     ] GC(107) O: Using 1 Workers for Old Generation
[2026-01-06T22:07:15.647+0800][23.291s][info][gc,phases   ] GC(107) O: Concurrent Remap Roots 0.092ms
[2026-01-06T22:07:15.647+0800][23.291s][info][gc,phases   ] GC(107) O: Pause Relocate Start 0.002ms
[2026-01-06T22:07:15.647+0800][23.291s][info][gc,phases   ] GC(107) O: Concurrent Relocate 0.007ms
[2026-01-06T22:07:15.647+0800][23.291s][info][gc,alloc    ] GC(107) O:                         Mark Start        Mark End      Relocate Start    Relocate End   
[2026-01-06T22:07:15.647+0800][23.291s][info][gc,alloc    ] GC(107) O: Allocation Stalls:          0                0                0                0         
[2026-01-06T22:07:15.647+0800][23.291s][info][gc,load     ] GC(107) O: Load: 1.45 (15%) / 1.68 (17%) / 1.97 (20%)
[2026-01-06T22:07:15.647+0800][23.291s][info][gc,mmu      ] GC(107) O: MMU: 2ms/97.4%, 5ms/98.6%, 10ms/99.3%, 20ms/99.5%, 50ms/99.8%, 100ms/99.9%
[2026-01-06T22:07:15.647+0800][23.291s][info][gc,marking  ] GC(107) O: Mark: 1 stripe(s), 2 proactive flush(es), 1 terminate flush(es), 0 completion(s), 0 continuation(s) 
[2026-01-06T22:07:15.647+0800][23.291s][info][gc,nmethod  ] GC(107) O: NMethods: 128 registered, 39 unregistered
[2026-01-06T22:07:15.647+0800][23.291s][info][gc,metaspace] GC(107) O: Metaspace: 0M used, 0M committed, 1088M reserved
[2026-01-06T22:07:15.647+0800][23.291s][info][gc,ref      ] GC(107) O:                       Encountered   Discovered     Enqueued 
[2026-01-06T22:07:15.647+0800][23.291s][info][gc,ref      ] GC(107) O: Soft References:                1            0            0 
[2026-01-06T22:07:15.647+0800][23.291s][info][gc,ref      ] GC(107) O: Weak References:                6            0            0 
[2026-01-06T22:07:15.647+0800][23.291s][info][gc,ref      ] GC(107) O: Final References:               0            0            0 
[2026-01-06T22:07:15.647+0800][23.291s][info][gc,ref      ] GC(107) O: Phantom References:             1            1            0 
[2026-01-06T22:07:15.647+0800][23.291s][info][gc,reloc    ] GC(107) O:                        Candidates     Selected     In-Place         Size        Empty    Relocated 
[2026-01-06T22:07:15.647+0800][23.291s][info][gc,reloc    ] GC(107) O: Small Pages:                    1            0            0           2M           0M           0M 
[2026-01-06T22:07:15.647+0800][23.291s][info][gc,reloc    ] GC(107) O: Medium Pages:                   0            0            0           0M           0M           0M 
[2026-01-06T22:07:15.647+0800][23.291s][info][gc,reloc    ] GC(107) O: Large Pages:                    0            0            0           0M           0M           0M 
[2026-01-06T22:07:15.647+0800][23.291s][info][gc,reloc    ] GC(107) O: Forwarding Usage: 0M
[2026-01-06T22:07:15.647+0800][23.291s][info][gc,heap     ] GC(107) O: Min Capacity: 8M(0%)
[2026-01-06T22:07:15.647+0800][23.291s][info][gc,heap     ] GC(107) O: Max Capacity: 4096M(100%)
[2026-01-06T22:07:15.647+0800][23.291s][info][gc,heap     ] GC(107) O: Soft Max Capacity: 3686M(90%)
[2026-01-06T22:07:15.647+0800][23.291s][info][gc,heap     ] GC(107) O: Heap Statistics:
[2026-01-06T22:07:15.647+0800][23.291s][info][gc,heap     ] GC(107) O:                Mark Start          Mark End        Relocate Start      Relocate End           High               Low         
[2026-01-06T22:07:15.647+0800][23.291s][info][gc,heap     ] GC(107) O:  Capacity:     3498M (85%)        3498M (85%)        3498M (85%)        3498M (85%)        3498M (85%)        3498M (85%)    
[2026-01-06T22:07:15.647+0800][23.291s][info][gc,heap     ] GC(107) O:      Free:     2862M (70%)        4068M (99%)        4060M (99%)        4060M (99%)        4088M (100%)       2860M (70%)    
[2026-01-06T22:07:15.647+0800][23.291s][info][gc,heap     ] GC(107) O:      Used:     1234M (30%)          28M (1%)           36M (1%)           36M (1%)         1236M (30%)           8M (0%)     
[2026-01-06T22:07:15.647+0800][23.291s][info][gc,heap     ] GC(107) O: Old Generation Statistics:
[2026-01-06T22:07:15.647+0800][23.291s][info][gc,heap     ] GC(107) O:                Mark Start          Mark End        Relocate Start      Relocate End    
[2026-01-06T22:07:15.647+0800][23.291s][info][gc,heap     ] GC(107) O:      Used:        2M (0%)            2M (0%)            2M (0%)            2M (0%)     
[2026-01-06T22:07:15.647+0800][23.291s][info][gc,heap     ] GC(107) O:      Live:         -                 0M (0%)            0M (0%)            0M (0%)     
[2026-01-06T22:07:15.647+0800][23.291s][info][gc,heap     ] GC(107) O:   Garbage:         -                 1M (0%)            1M (0%)            1M (0%)     
[2026-01-06T22:07:15.647+0800][23.291s][info][gc,heap     ] GC(107) O: Allocated:         -                 0M (0%)            0M (0%)            0M (0%)     
[2026-01-06T22:07:15.647+0800][23.291s][info][gc,heap     ] GC(107) O: Reclaimed:         -                  -                 0M (0%)            0M (0%)     
[2026-01-06T22:07:15.647+0800][23.291s][info][gc,heap     ] GC(107) O: Compacted:         -                  -                  -                 0M (0%)     
[2026-01-06T22:07:15.647+0800][23.291s][info][gc,phases   ] GC(107) O: Old Generation 12M(0%)->36M(1%) 0.001s
[2026-01-06T22:07:15.647+0800][23.291s][info][gc          ] GC(107) Major Collection (Proactive) 1234M(30%)->38M(1%) 0.002s
[2026-01-06T22:07:16.196+0800][23.839s][info][gc          ] GC(108) Minor Collection (High Usage)
[2026-01-06T22:07:16.196+0800][23.839s][info][gc,task     ] GC(108) Using 1 Workers for Young Generation
[2026-01-06T22:07:16.196+0800][23.839s][info][gc,phases   ] GC(108) y: Young Generation
[2026-01-06T22:07:16.196+0800][23.840s][info][gc,phases   ] GC(108) y: Pause Mark Start 0.014ms
[2026-01-06T22:07:16.196+0800][23.840s][info][gc,phases   ] GC(108) y: Concurrent Mark 0.609ms
[2026-01-06T22:07:16.196+0800][23.840s][info][gc,phases   ] GC(108) y: Pause Mark End 0.003ms
[2026-01-06T22:07:16.196+0800][23.840s][info][gc,phases   ] GC(108) y: Concurrent Mark Free 0.003ms
[2026-01-06T22:07:16.196+0800][23.840s][info][gc,phases   ] GC(108) y: Concurrent Reset Relocation Set 0.000ms
[2026-01-06T22:07:16.200+0800][23.844s][info][gc,reloc    ] GC(108) y: Using tenuring threshold: 1 (Computed)
[2026-01-06T22:07:16.200+0800][23.844s][info][gc,phases   ] GC(108) y: Concurrent Select Relocation Set 3.657ms
[2026-01-06T22:07:16.200+0800][23.844s][info][gc,phases   ] GC(108) y: Pause Relocate Start 0.006ms
[2026-01-06T22:07:16.200+0800][23.844s][info][gc,phases   ] GC(108) y: Concurrent Relocate 0.011ms
[2026-01-06T22:07:16.200+0800][23.844s][info][gc,alloc    ] GC(108) y:                         Mark Start        Mark End      Relocate Start    Relocate End   
[2026-01-06T22:07:16.200+0800][23.844s][info][gc,alloc    ] GC(108) y: Allocation Stalls:          0                0                0                0         
[2026-01-06T22:07:16.200+0800][23.844s][info][gc,load     ] GC(108) y: Load: 1.45 (15%) / 1.68 (17%) / 1.97 (20%)
[2026-01-06T22:07:16.200+0800][23.844s][info][gc,mmu      ] GC(108) y: MMU: 2ms/97.4%, 5ms/98.6%, 10ms/99.3%, 20ms/99.5%, 50ms/99.8%, 100ms/99.9%
[2026-01-06T22:07:16.200+0800][23.844s][info][gc,marking  ] GC(108) y: Mark: 1 stripe(s), 2 proactive flush(es), 1 terminate flush(es), 0 completion(s), 0 continuation(s) 
[2026-01-06T22:07:16.200+0800][23.844s][info][gc,nmethod  ] GC(108) y: NMethods: 128 registered, 39 unregistered
[2026-01-06T22:07:16.200+0800][23.844s][info][gc,metaspace] GC(108) y: Metaspace: 0M used, 0M committed, 1088M reserved
[2026-01-06T22:07:16.200+0800][23.844s][info][gc,reloc    ] GC(108) y:                        Candidates     Selected     In-Place         Size        Empty    Relocated 
[2026-01-06T22:07:16.200+0800][23.844s][info][gc,reloc    ] GC(108) y: Small Pages:                 1741            0            0        3482M        3480M           0M 
[2026-01-06T22:07:16.200+0800][23.844s][info][gc,reloc    ] GC(108) y: Medium Pages:                   0            0            0           0M           0M           0M 
[2026-01-06T22:07:16.200+0800][23.844s][info][gc,reloc    ] GC(108) y: Large Pages:                    0            0            0           0M           0M           0M 
[2026-01-06T22:07:16.200+0800][23.844s][info][gc,reloc    ] GC(108) y: Forwarding Usage: 0M
[2026-01-06T22:07:16.200+0800][23.844s][info][gc,reloc    ] GC(108) y: Age Table:
[2026-01-06T22:07:16.200+0800][23.844s][info][gc,reloc    ] GC(108) y:                    Live             Garbage             Small              Medium             Large        
[2026-01-06T22:07:16.200+0800][23.844s][info][gc,reloc    ] GC(108) y: Eden               0M (0%)         3479M (85%)       1740 / 0              0 / 0              0 / 0        
[2026-01-06T22:07:16.200+0800][23.844s][info][gc,reloc    ] GC(108) y: Survivor 1          -                 2M (0%)           1 / 0              0 / 0              0 / 0        
[2026-01-06T22:07:16.200+0800][23.844s][info][gc,heap     ] GC(108) y: Min Capacity: 8M(0%)
[2026-01-06T22:07:16.200+0800][23.844s][info][gc,heap     ] GC(108) y: Max Capacity: 4096M(100%)
[2026-01-06T22:07:16.200+0800][23.844s][info][gc,heap     ] GC(108) y: Soft Max Capacity: 3686M(90%)
[2026-01-06T22:07:16.200+0800][23.844s][info][gc,heap     ] GC(108) y: Heap Statistics:
[2026-01-06T22:07:16.200+0800][23.844s][info][gc,heap     ] GC(108) y:                Mark Start          Mark End        Relocate Start      Relocate End           High               Low         
[2026-01-06T22:07:16.200+0800][23.844s][info][gc,heap     ] GC(108) y:  Capacity:     3498M (85%)        3498M (85%)        3498M (85%)        3498M (85%)        3498M (85%)        3498M (85%)    
[2026-01-06T22:07:16.200+0800][23.844s][info][gc,heap     ] GC(108) y:      Free:      612M (15%)         608M (15%)        4078M (100%)       4078M (100%)       4078M (100%)        608M (15%)    
[2026-01-06T22:07:16.200+0800][23.844s][info][gc,heap     ] GC(108) y:      Used:     3484M (85%)        3488M (85%)          18M (0%)           18M (0%)         3488M (85%)          18M (0%)     
[2026-01-06T22:07:16.200+0800][23.844s][info][gc,heap     ] GC(108) y: Young Generation Statistics:
[2026-01-06T22:07:16.200+0800][23.844s][info][gc,heap     ] GC(108) y:                Mark Start          Mark End        Relocate Start      Relocate End    
[2026-01-06T22:07:16.200+0800][23.844s][info][gc,heap     ] GC(108) y:      Used:     3482M (85%)        3486M (85%)          16M (0%)           16M (0%)     
[2026-01-06T22:07:16.200+0800][23.844s][info][gc,heap     ] GC(108) y:      Live:         -                 0M (0%)            0M (0%)            0M (0%)     
[2026-01-06T22:07:16.200+0800][23.844s][info][gc,heap     ] GC(108) y:   Garbage:         -              3481M (85%)           1M (0%)            1M (0%)     
[2026-01-06T22:07:16.200+0800][23.844s][info][gc,heap     ] GC(108) y: Allocated:         -                 4M (0%)           14M (0%)           14M (0%)     
[2026-01-06T22:07:16.200+0800][23.844s][info][gc,heap     ] GC(108) y: Reclaimed:         -                  -              3480M (85%)        3480M (85%)    
[2026-01-06T22:07:16.200+0800][23.844s][info][gc,heap     ] GC(108) y:  Promoted:         -                  -                 0M (0%)            0M (0%)     
[2026-01-06T22:07:16.200+0800][23.844s][info][gc,heap     ] GC(108) y: Compacted:         -                  -                  -                 0M (0%)     
[2026-01-06T22:07:16.200+0800][23.844s][info][gc,phases   ] GC(108) y: Young Generation 3484M(85%)->18M(0%) 0.005s
[2026-01-06T22:07:16.200+0800][23.844s][info][gc          ] GC(108) Minor Collection (High Usage) 3484M(85%)->18M(0%) 0.005s
[2026-01-06T22:07:16.276+0800][23.920s][info][gc          ] GC(109) Major Collection (Proactive)
[2026-01-06T22:07:16.277+0800][23.920s][info][gc,task     ] GC(109) Using 1 Workers for Young Generation
[2026-01-06T22:07:16.277+0800][23.920s][info][gc,task     ] GC(109) Using 1 Workers for Old Generation
[2026-01-06T22:07:16.277+0800][23.920s][info][gc,phases   ] GC(109) Y: Young Generation
[2026-01-06T22:07:16.277+0800][23.920s][info][gc,phases   ] GC(109) Y: Pause Mark Start (Major) 0.004ms
[2026-01-06T22:07:16.277+0800][23.921s][info][gc,phases   ] GC(109) Y: Concurrent Mark 0.485ms
[2026-01-06T22:07:16.277+0800][23.921s][info][gc,phases   ] GC(109) Y: Pause Mark End 0.003ms
[2026-01-06T22:07:16.277+0800][23.921s][info][gc,phases   ] GC(109) Y: Concurrent Mark Free 0.000ms
[2026-01-06T22:07:16.277+0800][23.921s][info][gc,phases   ] GC(109) Y: Concurrent Reset Relocation Set 0.000ms
[2026-01-06T22:07:16.277+0800][23.921s][info][gc,reloc    ] GC(109) Y: Using tenuring threshold: 1 (Computed)
[2026-01-06T22:07:16.277+0800][23.921s][info][gc,phases   ] GC(109) Y: Concurrent Select Relocation Set 0.108ms
[2026-01-06T22:07:16.277+0800][23.921s][info][gc,phases   ] GC(109) Y: Pause Relocate Start 0.001ms
[2026-01-06T22:07:16.277+0800][23.921s][info][gc,phases   ] GC(109) Y: Concurrent Relocate 0.010ms
[2026-01-06T22:07:16.277+0800][23.921s][info][gc,alloc    ] GC(109) Y:                         Mark Start        Mark End      Relocate Start    Relocate End   
[2026-01-06T22:07:16.277+0800][23.921s][info][gc,alloc    ] GC(109) Y: Allocation Stalls:          0                0                0                0         
[2026-01-06T22:07:16.277+0800][23.921s][info][gc,load     ] GC(109) Y: Load: 1.45 (15%) / 1.68 (17%) / 1.97 (20%)
[2026-01-06T22:07:16.277+0800][23.921s][info][gc,mmu      ] GC(109) Y: MMU: 2ms/97.4%, 5ms/98.6%, 10ms/99.3%, 20ms/99.5%, 50ms/99.8%, 100ms/99.9%
[2026-01-06T22:07:16.277+0800][23.921s][info][gc,marking  ] GC(109) Y: Mark: 1 stripe(s), 2 proactive flush(es), 1 terminate flush(es), 0 completion(s), 0 continuation(s) 
[2026-01-06T22:07:16.277+0800][23.921s][info][gc,nmethod  ] GC(109) Y: NMethods: 128 registered, 39 unregistered
[2026-01-06T22:07:16.277+0800][23.921s][info][gc,metaspace] GC(109) Y: Metaspace: 0M used, 0M committed, 1088M reserved
[2026-01-06T22:07:16.277+0800][23.921s][info][gc,reloc    ] GC(109) Y:                        Candidates     Selected     In-Place         Size        Empty    Relocated 
[2026-01-06T22:07:16.277+0800][23.921s][info][gc,reloc    ] GC(109) Y: Small Pages:                  211            0            0         422M         420M           0M 
[2026-01-06T22:07:16.277+0800][23.921s][info][gc,reloc    ] GC(109) Y: Medium Pages:                   0            0            0           0M           0M           0M 
[2026-01-06T22:07:16.277+0800][23.921s][info][gc,reloc    ] GC(109) Y: Large Pages:                    0            0            0           0M           0M           0M 
[2026-01-06T22:07:16.277+0800][23.921s][info][gc,reloc    ] GC(109) Y: Forwarding Usage: 0M
[2026-01-06T22:07:16.277+0800][23.921s][info][gc,reloc    ] GC(109) Y: Age Table:
[2026-01-06T22:07:16.277+0800][23.921s][info][gc,reloc    ] GC(109) Y:                    Live             Garbage             Small              Medium             Large        
[2026-01-06T22:07:16.277+0800][23.921s][info][gc,reloc    ] GC(109) Y: Eden               0M (0%)          419M (10%)        210 / 0              0 / 0              0 / 0        
[2026-01-06T22:07:16.277+0800][23.921s][info][gc,reloc    ] GC(109) Y: Survivor 1          -                 2M (0%)           1 / 0              0 / 0              0 / 0        
[2026-01-06T22:07:16.277+0800][23.921s][info][gc,heap     ] GC(109) Y: Min Capacity: 8M(0%)
[2026-01-06T22:07:16.277+0800][23.921s][info][gc,heap     ] GC(109) Y: Max Capacity: 4096M(100%)
[2026-01-06T22:07:16.277+0800][23.921s][info][gc,heap     ] GC(109) Y: Soft Max Capacity: 3686M(90%)
[2026-01-06T22:07:16.277+0800][23.921s][info][gc,heap     ] GC(109) Y: Heap Statistics:
[2026-01-06T22:07:16.277+0800][23.921s][info][gc,heap     ] GC(109) Y:                Mark Start          Mark End        Relocate Start      Relocate End           High               Low         
[2026-01-06T22:07:16.277+0800][23.921s][info][gc,heap     ] GC(109) Y:  Capacity:     3498M (85%)        3498M (85%)        3498M (85%)        3498M (85%)        3498M (85%)        3498M (85%)    
[2026-01-06T22:07:16.277+0800][23.921s][info][gc,heap     ] GC(109) Y:      Free:     3672M (90%)        3670M (90%)        4090M (100%)       4090M (100%)       4090M (100%)       3670M (90%)    
[2026-01-06T22:07:16.277+0800][23.921s][info][gc,heap     ] GC(109) Y:      Used:      424M (10%)         426M (10%)           6M (0%)            6M (0%)          426M (10%)           6M (0%)     
[2026-01-06T22:07:16.277+0800][23.921s][info][gc,heap     ] GC(109) Y: Young Generation Statistics:
[2026-01-06T22:07:16.277+0800][23.921s][info][gc,heap     ] GC(109) Y:                Mark Start          Mark End        Relocate Start      Relocate End    
[2026-01-06T22:07:16.277+0800][23.921s][info][gc,heap     ] GC(109) Y:      Used:      422M (10%)         424M (10%)           4M (0%)            4M (0%)     
[2026-01-06T22:07:16.277+0800][23.921s][info][gc,heap     ] GC(109) Y:      Live:         -                 0M (0%)            0M (0%)            0M (0%)     
[2026-01-06T22:07:16.277+0800][23.921s][info][gc,heap     ] GC(109) Y:   Garbage:         -               421M (10%)           1M (0%)            1M (0%)     
[2026-01-06T22:07:16.277+0800][23.921s][info][gc,heap     ] GC(109) Y: Allocated:         -                 2M (0%)            2M (0%)            2M (0%)     
[2026-01-06T22:07:16.277+0800][23.921s][info][gc,heap     ] GC(109) Y: Reclaimed:         -                  -               420M (10%)         420M (10%)    
[2026-01-06T22:07:16.277+0800][23.921s][info][gc,heap     ] GC(109) Y:  Promoted:         -                  -                 0M (0%)            0M (0%)     
[2026-01-06T22:07:16.277+0800][23.921s][info][gc,heap     ] GC(109) Y: Compacted:         -                  -                  -                 0M (0%)     
[2026-01-06T22:07:16.277+0800][23.921s][info][gc,phases   ] GC(109) Y: Young Generation 424M(10%)->6M(0%) 0.001s
[2026-01-06T22:07:16.277+0800][23.921s][info][gc,phases   ] GC(109) O: Old Generation
[2026-01-06T22:07:16.278+0800][23.922s][info][gc,phases   ] GC(109) O: Concurrent Mark 0.886ms
[2026-01-06T22:07:16.278+0800][23.922s][info][gc,phases   ] GC(109) O: Pause Mark End 0.006ms
[2026-01-06T22:07:16.278+0800][23.922s][info][gc,phases   ] GC(109) O: Concurrent Mark Free 0.001ms
[2026-01-06T22:07:16.279+0800][23.923s][info][gc,phases   ] GC(109) O: Concurrent Process Non-Strong 0.318ms
[2026-01-06T22:07:16.279+0800][23.923s][info][gc,phases   ] GC(109) O: Concurrent Reset Relocation Set 0.000ms
[2026-01-06T22:07:16.279+0800][23.923s][info][gc,phases   ] GC(109) O: Concurrent Select Relocation Set 0.015ms
[2026-01-06T22:07:16.279+0800][23.923s][info][gc,task     ] GC(109) O: Using 2 Workers for Old Generation
[2026-01-06T22:07:16.279+0800][23.923s][info][gc,task     ] GC(109) O: Using 1 Workers for Old Generation
[2026-01-06T22:07:16.279+0800][23.923s][info][gc,phases   ] GC(109) O: Concurrent Remap Roots 0.088ms
[2026-01-06T22:07:16.279+0800][23.923s][info][gc,phases   ] GC(109) O: Pause Relocate Start 0.001ms
[2026-01-06T22:07:16.279+0800][23.923s][info][gc,phases   ] GC(109) O: Concurrent Relocate 0.006ms
[2026-01-06T22:07:16.279+0800][23.923s][info][gc,alloc    ] GC(109) O:                         Mark Start        Mark End      Relocate Start    Relocate End   
[2026-01-06T22:07:16.279+0800][23.923s][info][gc,alloc    ] GC(109) O: Allocation Stalls:          0                0                0                0         
[2026-01-06T22:07:16.279+0800][23.923s][info][gc,load     ] GC(109) O: Load: 1.45 (15%) / 1.68 (17%) / 1.97 (20%)
[2026-01-06T22:07:16.279+0800][23.923s][info][gc,mmu      ] GC(109) O: MMU: 2ms/97.4%, 5ms/98.6%, 10ms/99.3%, 20ms/99.5%, 50ms/99.8%, 100ms/99.9%
[2026-01-06T22:07:16.279+0800][23.923s][info][gc,marking  ] GC(109) O: Mark: 1 stripe(s), 2 proactive flush(es), 1 terminate flush(es), 0 completion(s), 0 continuation(s) 
[2026-01-06T22:07:16.279+0800][23.923s][info][gc,nmethod  ] GC(109) O: NMethods: 128 registered, 39 unregistered
[2026-01-06T22:07:16.279+0800][23.923s][info][gc,metaspace] GC(109) O: Metaspace: 0M used, 0M committed, 1088M reserved
[2026-01-06T22:07:16.279+0800][23.923s][info][gc,ref      ] GC(109) O:                       Encountered   Discovered     Enqueued 
[2026-01-06T22:07:16.279+0800][23.923s][info][gc,ref      ] GC(109) O: Soft References:                1            0            0 
[2026-01-06T22:07:16.279+0800][23.923s][info][gc,ref      ] GC(109) O: Weak References:                6            0            0 
[2026-01-06T22:07:16.279+0800][23.923s][info][gc,ref      ] GC(109) O: Final References:               0            0            0 
[2026-01-06T22:07:16.279+0800][23.923s][info][gc,ref      ] GC(109) O: Phantom References:             1            1            0 
[2026-01-06T22:07:16.279+0800][23.923s][info][gc,reloc    ] GC(109) O:                        Candidates     Selected     In-Place         Size        Empty    Relocated 
[2026-01-06T22:07:16.279+0800][23.923s][info][gc,reloc    ] GC(109) O: Small Pages:                    1            0            0           2M           0M           0M 
[2026-01-06T22:07:16.279+0800][23.923s][info][gc,reloc    ] GC(109) O: Medium Pages:                   0            0            0           0M           0M           0M 
[2026-01-06T22:07:16.279+0800][23.923s][info][gc,reloc    ] GC(109) O: Large Pages:                    0            0            0           0M           0M           0M 
[2026-01-06T22:07:16.279+0800][23.923s][info][gc,reloc    ] GC(109) O: Forwarding Usage: 0M
[2026-01-06T22:07:16.279+0800][23.923s][info][gc,heap     ] GC(109) O: Min Capacity: 8M(0%)
[2026-01-06T22:07:16.279+0800][23.923s][info][gc,heap     ] GC(109) O: Max Capacity: 4096M(100%)
[2026-01-06T22:07:16.279+0800][23.923s][info][gc,heap     ] GC(109) O: Soft Max Capacity: 3686M(90%)
[2026-01-06T22:07:16.279+0800][23.923s][info][gc,heap     ] GC(109) O: Heap Statistics:
[2026-01-06T22:07:16.279+0800][23.923s][info][gc,heap     ] GC(109) O:                Mark Start          Mark End        Relocate Start      Relocate End           High               Low         
[2026-01-06T22:07:16.279+0800][23.923s][info][gc,heap     ] GC(109) O:  Capacity:     3498M (85%)        3498M (85%)        3498M (85%)        3498M (85%)        3498M (85%)        3498M (85%)    
[2026-01-06T22:07:16.279+0800][23.923s][info][gc,heap     ] GC(109) O:      Free:     3672M (90%)        4072M (99%)        4064M (99%)        4064M (99%)        4090M (100%)       3670M (90%)    
[2026-01-06T22:07:16.279+0800][23.923s][info][gc,heap     ] GC(109) O:      Used:      424M (10%)          24M (1%)           32M (1%)           32M (1%)          426M (10%)           6M (0%)     
[2026-01-06T22:07:16.279+0800][23.923s][info][gc,heap     ] GC(109) O: Old Generation Statistics:
[2026-01-06T22:07:16.279+0800][23.923s][info][gc,heap     ] GC(109) O:                Mark Start          Mark End        Relocate Start      Relocate End    
[2026-01-06T22:07:16.279+0800][23.923s][info][gc,heap     ] GC(109) O:      Used:        2M (0%)            2M (0%)            2M (0%)            2M (0%)     
[2026-01-06T22:07:16.279+0800][23.923s][info][gc,heap     ] GC(109) O:      Live:         -                 0M (0%)            0M (0%)            0M (0%)     
[2026-01-06T22:07:16.279+0800][23.923s][info][gc,heap     ] GC(109) O:   Garbage:         -                 1M (0%)            1M (0%)            1M (0%)     
[2026-01-06T22:07:16.279+0800][23.923s][info][gc,heap     ] GC(109) O: Allocated:         -                 0M (0%)            0M (0%)            0M (0%)     
[2026-01-06T22:07:16.279+0800][23.923s][info][gc,heap     ] GC(109) O: Reclaimed:         -                  -                 0M (0%)            0M (0%)     
[2026-01-06T22:07:16.279+0800][23.923s][info][gc,heap     ] GC(109) O: Compacted:         -                  -                  -                 0M (0%)     
[2026-01-06T22:07:16.279+0800][23.923s][info][gc,phases   ] GC(109) O: Old Generation 6M(0%)->32M(1%) 0.001s
[2026-01-06T22:07:16.279+0800][23.923s][info][gc          ] GC(109) Major Collection (Proactive) 424M(10%)->34M(1%) 0.003s
[2026-01-06T22:07:16.743+0800][24.386s][info][gc          ] GC(110) Major Collection (Proactive)
[2026-01-06T22:07:16.743+0800][24.386s][info][gc,task     ] GC(110) Using 1 Workers for Young Generation
[2026-01-06T22:07:16.743+0800][24.387s][info][gc,task     ] GC(110) Using 1 Workers for Old Generation
[2026-01-06T22:07:16.743+0800][24.387s][info][gc,phases   ] GC(110) Y: Young Generation
[2026-01-06T22:07:16.743+0800][24.387s][info][gc,phases   ] GC(110) Y: Pause Mark Start (Major) 0.017ms
[2026-01-06T22:07:16.747+0800][24.391s][info][gc,phases   ] GC(110) Y: Concurrent Mark 4.228ms
[2026-01-06T22:07:16.747+0800][24.391s][info][gc,phases   ] GC(110) Y: Pause Mark End 0.004ms
[2026-01-06T22:07:16.747+0800][24.391s][info][gc,phases   ] GC(110) Y: Concurrent Mark Free 0.006ms
[2026-01-06T22:07:16.747+0800][24.391s][info][gc,phases   ] GC(110) Y: Concurrent Reset Relocation Set 0.000ms
[2026-01-06T22:07:16.751+0800][24.395s][info][gc,reloc    ] GC(110) Y: Using tenuring threshold: 1 (Computed)
[2026-01-06T22:07:16.752+0800][24.395s][info][gc,phases   ] GC(110) Y: Concurrent Select Relocation Set 4.492ms
[2026-01-06T22:07:16.752+0800][24.395s][info][gc,phases   ] GC(110) Y: Pause Relocate Start 0.002ms
[2026-01-06T22:07:16.752+0800][24.395s][info][gc,phases   ] GC(110) Y: Concurrent Relocate 0.012ms
[2026-01-06T22:07:16.752+0800][24.395s][info][gc,alloc    ] GC(110) Y:                         Mark Start        Mark End      Relocate Start    Relocate End   
[2026-01-06T22:07:16.752+0800][24.395s][info][gc,alloc    ] GC(110) Y: Allocation Stalls:          0                0                0                0         
[2026-01-06T22:07:16.752+0800][24.395s][info][gc,load     ] GC(110) Y: Load: 1.66 (17%) / 1.72 (17%) / 1.98 (20%)
[2026-01-06T22:07:16.752+0800][24.395s][info][gc,mmu      ] GC(110) Y: MMU: 2ms/97.4%, 5ms/98.6%, 10ms/99.3%, 20ms/99.5%, 50ms/99.8%, 100ms/99.9%
[2026-01-06T22:07:16.752+0800][24.395s][info][gc,marking  ] GC(110) Y: Mark: 1 stripe(s), 2 proactive flush(es), 1 terminate flush(es), 0 completion(s), 0 continuation(s) 
[2026-01-06T22:07:16.752+0800][24.395s][info][gc,nmethod  ] GC(110) Y: NMethods: 128 registered, 39 unregistered
[2026-01-06T22:07:16.752+0800][24.396s][info][gc,metaspace] GC(110) Y: Metaspace: 0M used, 0M committed, 1088M reserved
[2026-01-06T22:07:16.752+0800][24.396s][info][gc,reloc    ] GC(110) Y:                        Candidates     Selected     In-Place         Size        Empty    Relocated 
[2026-01-06T22:07:16.752+0800][24.396s][info][gc,reloc    ] GC(110) Y: Small Pages:                 1246            0            0        2492M        2490M           0M 
[2026-01-06T22:07:16.752+0800][24.396s][info][gc,reloc    ] GC(110) Y: Medium Pages:                   0            0            0           0M           0M           0M 
[2026-01-06T22:07:16.752+0800][24.396s][info][gc,reloc    ] GC(110) Y: Large Pages:                    0            0            0           0M           0M           0M 
[2026-01-06T22:07:16.752+0800][24.396s][info][gc,reloc    ] GC(110) Y: Forwarding Usage: 0M
[2026-01-06T22:07:16.752+0800][24.396s][info][gc,reloc    ] GC(110) Y: Age Table:
[2026-01-06T22:07:16.752+0800][24.396s][info][gc,reloc    ] GC(110) Y:                    Live             Garbage             Small              Medium             Large        
[2026-01-06T22:07:16.752+0800][24.396s][info][gc,reloc    ] GC(110) Y: Eden               0M (0%)         2489M (61%)       1245 / 0              0 / 0              0 / 0        
[2026-01-06T22:07:16.752+0800][24.396s][info][gc,reloc    ] GC(110) Y: Survivor 1          -                 2M (0%)           1 / 0              0 / 0              0 / 0        
[2026-01-06T22:07:16.752+0800][24.396s][info][gc,heap     ] GC(110) Y: Min Capacity: 8M(0%)
[2026-01-06T22:07:16.752+0800][24.396s][info][gc,heap     ] GC(110) Y: Max Capacity: 4096M(100%)
[2026-01-06T22:07:16.752+0800][24.396s][info][gc,heap     ] GC(110) Y: Soft Max Capacity: 3686M(90%)
[2026-01-06T22:07:16.752+0800][24.396s][info][gc,heap     ] GC(110) Y: Heap Statistics:
[2026-01-06T22:07:16.752+0800][24.396s][info][gc,heap     ] GC(110) Y:                Mark Start          Mark End        Relocate Start      Relocate End           High               Low         
[2026-01-06T22:07:16.752+0800][24.396s][info][gc,heap     ] GC(110) Y:  Capacity:     3498M (85%)        3498M (85%)        3498M (85%)        3498M (85%)        3498M (85%)        3498M (85%)    
[2026-01-06T22:07:16.752+0800][24.396s][info][gc,heap     ] GC(110) Y:      Free:     1602M (39%)        1598M (39%)        4082M (100%)       4082M (100%)       4082M (100%)       1598M (39%)    
[2026-01-06T22:07:16.752+0800][24.396s][info][gc,heap     ] GC(110) Y:      Used:     2494M (61%)        2498M (61%)          14M (0%)           14M (0%)         2498M (61%)          14M (0%)     
[2026-01-06T22:07:16.752+0800][24.396s][info][gc,heap     ] GC(110) Y: Young Generation Statistics:
[2026-01-06T22:07:16.752+0800][24.396s][info][gc,heap     ] GC(110) Y:                Mark Start          Mark End        Relocate Start      Relocate End    
[2026-01-06T22:07:16.752+0800][24.396s][info][gc,heap     ] GC(110) Y:      Used:     2492M (61%)        2496M (61%)          12M (0%)           12M (0%)     
[2026-01-06T22:07:16.752+0800][24.396s][info][gc,heap     ] GC(110) Y:      Live:         -                 0M (0%)            0M (0%)            0M (0%)     
[2026-01-06T22:07:16.752+0800][24.396s][info][gc,heap     ] GC(110) Y:   Garbage:         -              2491M (61%)           1M (0%)            1M (0%)     
[2026-01-06T22:07:16.752+0800][24.396s][info][gc,heap     ] GC(110) Y: Allocated:         -                 4M (0%)           10M (0%)           10M (0%)     
[2026-01-06T22:07:16.752+0800][24.396s][info][gc,heap     ] GC(110) Y: Reclaimed:         -                  -              2490M (61%)        2490M (61%)    
[2026-01-06T22:07:16.752+0800][24.396s][info][gc,heap     ] GC(110) Y:  Promoted:         -                  -                 0M (0%)            0M (0%)     
[2026-01-06T22:07:16.752+0800][24.396s][info][gc,heap     ] GC(110) Y: Compacted:         -                  -                  -                 0M (0%)     
[2026-01-06T22:07:16.752+0800][24.396s][info][gc,phases   ] GC(110) Y: Young Generation 2494M(61%)->14M(0%) 0.009s
[2026-01-06T22:07:16.752+0800][24.396s][info][gc,phases   ] GC(110) O: Old Generation
[2026-01-06T22:07:16.753+0800][24.397s][info][gc,phases   ] GC(110) O: Concurrent Mark 0.987ms
[2026-01-06T22:07:16.753+0800][24.397s][info][gc,phases   ] GC(110) O: Pause Mark End 0.006ms
[2026-01-06T22:07:16.753+0800][24.397s][info][gc,phases   ] GC(110) O: Concurrent Mark Free 0.001ms
[2026-01-06T22:07:16.753+0800][24.397s][info][gc,phases   ] GC(110) O: Concurrent Process Non-Strong 0.296ms
[2026-01-06T22:07:16.753+0800][24.397s][info][gc,phases   ] GC(110) O: Concurrent Reset Relocation Set 0.000ms
[2026-01-06T22:07:16.753+0800][24.397s][info][gc,phases   ] GC(110) O: Concurrent Select Relocation Set 0.015ms
[2026-01-06T22:07:16.753+0800][24.397s][info][gc,task     ] GC(110) O: Using 2 Workers for Old Generation
[2026-01-06T22:07:16.753+0800][24.397s][info][gc,task     ] GC(110) O: Using 1 Workers for Old Generation
[2026-01-06T22:07:16.753+0800][24.397s][info][gc,phases   ] GC(110) O: Concurrent Remap Roots 0.104ms
[2026-01-06T22:07:16.753+0800][24.397s][info][gc,phases   ] GC(110) O: Pause Relocate Start 0.002ms
[2026-01-06T22:07:16.753+0800][24.397s][info][gc,phases   ] GC(110) O: Concurrent Relocate 0.008ms
[2026-01-06T22:07:16.753+0800][24.397s][info][gc,alloc    ] GC(110) O:                         Mark Start        Mark End      Relocate Start    Relocate End   
[2026-01-06T22:07:16.753+0800][24.397s][info][gc,alloc    ] GC(110) O: Allocation Stalls:          0                0                0                0         
[2026-01-06T22:07:16.753+0800][24.397s][info][gc,load     ] GC(110) O: Load: 1.66 (17%) / 1.72 (17%) / 1.98 (20%)
[2026-01-06T22:07:16.753+0800][24.397s][info][gc,mmu      ] GC(110) O: MMU: 2ms/97.4%, 5ms/98.6%, 10ms/99.3%, 20ms/99.5%, 50ms/99.8%, 100ms/99.9%
[2026-01-06T22:07:16.753+0800][24.397s][info][gc,marking  ] GC(110) O: Mark: 1 stripe(s), 2 proactive flush(es), 1 terminate flush(es), 0 completion(s), 0 continuation(s) 
[2026-01-06T22:07:16.753+0800][24.397s][info][gc,nmethod  ] GC(110) O: NMethods: 128 registered, 39 unregistered
[2026-01-06T22:07:16.753+0800][24.397s][info][gc,metaspace] GC(110) O: Metaspace: 0M used, 0M committed, 1088M reserved
[2026-01-06T22:07:16.753+0800][24.397s][info][gc,ref      ] GC(110) O:                       Encountered   Discovered     Enqueued 
[2026-01-06T22:07:16.753+0800][24.397s][info][gc,ref      ] GC(110) O: Soft References:                1            0            0 
[2026-01-06T22:07:16.753+0800][24.397s][info][gc,ref      ] GC(110) O: Weak References:                6            0            0 
[2026-01-06T22:07:16.753+0800][24.397s][info][gc,ref      ] GC(110) O: Final References:               0            0            0 
[2026-01-06T22:07:16.753+0800][24.397s][info][gc,ref      ] GC(110) O: Phantom References:             1            1            0 
[2026-01-06T22:07:16.753+0800][24.397s][info][gc,reloc    ] GC(110) O:                        Candidates     Selected     In-Place         Size        Empty    Relocated 
[2026-01-06T22:07:16.753+0800][24.397s][info][gc,reloc    ] GC(110) O: Small Pages:                    1            0            0           2M           0M           0M 
[2026-01-06T22:07:16.753+0800][24.397s][info][gc,reloc    ] GC(110) O: Medium Pages:                   0            0            0           0M           0M           0M 
[2026-01-06T22:07:16.753+0800][24.397s][info][gc,reloc    ] GC(110) O: Large Pages:                    0            0            0           0M           0M           0M 
[2026-01-06T22:07:16.753+0800][24.397s][info][gc,reloc    ] GC(110) O: Forwarding Usage: 0M
[2026-01-06T22:07:16.753+0800][24.397s][info][gc,heap     ] GC(110) O: Min Capacity: 8M(0%)
[2026-01-06T22:07:16.753+0800][24.397s][info][gc,heap     ] GC(110) O: Max Capacity: 4096M(100%)
[2026-01-06T22:07:16.753+0800][24.397s][info][gc,heap     ] GC(110) O: Soft Max Capacity: 3686M(90%)
[2026-01-06T22:07:16.753+0800][24.397s][info][gc,heap     ] GC(110) O: Heap Statistics:
[2026-01-06T22:07:16.753+0800][24.397s][info][gc,heap     ] GC(110) O:                Mark Start          Mark End        Relocate Start      Relocate End           High               Low         
[2026-01-06T22:07:16.753+0800][24.397s][info][gc,heap     ] GC(110) O:  Capacity:     3498M (85%)        3498M (85%)        3498M (85%)        3498M (85%)        3498M (85%)        3498M (85%)    
[2026-01-06T22:07:16.753+0800][24.397s][info][gc,heap     ] GC(110) O:      Free:     1602M (39%)        4078M (100%)       4076M (100%)       4076M (100%)       4082M (100%)       1598M (39%)    
[2026-01-06T22:07:16.753+0800][24.397s][info][gc,heap     ] GC(110) O:      Used:     2494M (61%)          18M (0%)           20M (0%)           20M (0%)         2498M (61%)          14M (0%)     
[2026-01-06T22:07:16.753+0800][24.397s][info][gc,heap     ] GC(110) O: Old Generation Statistics:
[2026-01-06T22:07:16.753+0800][24.397s][info][gc,heap     ] GC(110) O:                Mark Start          Mark End        Relocate Start      Relocate End    
[2026-01-06T22:07:16.753+0800][24.397s][info][gc,heap     ] GC(110) O:      Used:        2M (0%)            2M (0%)            2M (0%)            2M (0%)     
[2026-01-06T22:07:16.753+0800][24.397s][info][gc,heap     ] GC(110) O:      Live:         -                 0M (0%)            0M (0%)            0M (0%)     
[2026-01-06T22:07:16.753+0800][24.397s][info][gc,heap     ] GC(110) O:   Garbage:         -                 1M (0%)            1M (0%)            1M (0%)     
[2026-01-06T22:07:16.753+0800][24.397s][info][gc,heap     ] GC(110) O: Allocated:         -                 0M (0%)            0M (0%)            0M (0%)     
[2026-01-06T22:07:16.753+0800][24.397s][info][gc,heap     ] GC(110) O: Reclaimed:         -                  -                 0M (0%)            0M (0%)     
[2026-01-06T22:07:16.753+0800][24.397s][info][gc,heap     ] GC(110) O: Compacted:         -                  -                  -                 0M (0%)     
[2026-01-06T22:07:16.753+0800][24.397s][info][gc,phases   ] GC(110) O: Old Generation 14M(0%)->20M(0%) 0.002s
[2026-01-06T22:07:16.753+0800][24.397s][info][gc          ] GC(110) Major Collection (Proactive) 2494M(61%)->20M(0%) 0.011s
[2026-01-06T22:07:17.519+0800][25.162s][info][gc          ] GC(111) Minor Collection (High Usage)
[2026-01-06T22:07:17.519+0800][25.162s][info][gc,task     ] GC(111) Using 1 Workers for Young Generation
[2026-01-06T22:07:17.519+0800][25.162s][info][gc,phases   ] GC(111) y: Young Generation
[2026-01-06T22:07:17.519+0800][25.163s][info][gc,phases   ] GC(111) y: Pause Mark Start 0.012ms
[2026-01-06T22:07:17.519+0800][25.163s][info][gc,phases   ] GC(111) y: Concurrent Mark 0.564ms
[2026-01-06T22:07:17.519+0800][25.163s][info][gc,phases   ] GC(111) y: Pause Mark End 0.004ms
[2026-01-06T22:07:17.519+0800][25.163s][info][gc,phases   ] GC(111) y: Concurrent Mark Free 0.003ms
[2026-01-06T22:07:17.519+0800][25.163s][info][gc,phases   ] GC(111) y: Concurrent Reset Relocation Set 0.000ms
[2026-01-06T22:07:17.523+0800][25.167s][info][gc,reloc    ] GC(111) y: Using tenuring threshold: 1 (Computed)
[2026-01-06T22:07:17.523+0800][25.167s][info][gc,phases   ] GC(111) y: Concurrent Select Relocation Set 3.313ms
[2026-01-06T22:07:17.523+0800][25.167s][info][gc,phases   ] GC(111) y: Pause Relocate Start 0.002ms
[2026-01-06T22:07:17.523+0800][25.167s][info][gc,phases   ] GC(111) y: Concurrent Relocate 0.013ms
[2026-01-06T22:07:17.523+0800][25.167s][info][gc,alloc    ] GC(111) y:                         Mark Start        Mark End      Relocate Start    Relocate End   
[2026-01-06T22:07:17.523+0800][25.167s][info][gc,alloc    ] GC(111) y: Allocation Stalls:          0                0                0                0         
[2026-01-06T22:07:17.523+0800][25.167s][info][gc,load     ] GC(111) y: Load: 1.66 (17%) / 1.72 (17%) / 1.98 (20%)
[2026-01-06T22:07:17.523+0800][25.167s][info][gc,mmu      ] GC(111) y: MMU: 2ms/97.4%, 5ms/98.6%, 10ms/99.3%, 20ms/99.5%, 50ms/99.8%, 100ms/99.9%
[2026-01-06T22:07:17.523+0800][25.167s][info][gc,marking  ] GC(111) y: Mark: 1 stripe(s), 2 proactive flush(es), 1 terminate flush(es), 0 completion(s), 0 continuation(s) 
[2026-01-06T22:07:17.523+0800][25.167s][info][gc,nmethod  ] GC(111) y: NMethods: 128 registered, 39 unregistered
[2026-01-06T22:07:17.523+0800][25.167s][info][gc,metaspace] GC(111) y: Metaspace: 0M used, 0M committed, 1088M reserved
[2026-01-06T22:07:17.523+0800][25.167s][info][gc,reloc    ] GC(111) y:                        Candidates     Selected     In-Place         Size        Empty    Relocated 
[2026-01-06T22:07:17.523+0800][25.167s][info][gc,reloc    ] GC(111) y: Small Pages:                 1741            0            0        3482M        3480M           0M 
[2026-01-06T22:07:17.523+0800][25.167s][info][gc,reloc    ] GC(111) y: Medium Pages:                   0            0            0           0M           0M           0M 
[2026-01-06T22:07:17.523+0800][25.167s][info][gc,reloc    ] GC(111) y: Large Pages:                    0            0            0           0M           0M           0M 
[2026-01-06T22:07:17.523+0800][25.167s][info][gc,reloc    ] GC(111) y: Forwarding Usage: 0M
[2026-01-06T22:07:17.523+0800][25.167s][info][gc,reloc    ] GC(111) y: Age Table:
[2026-01-06T22:07:17.523+0800][25.167s][info][gc,reloc    ] GC(111) y:                    Live             Garbage             Small              Medium             Large        
[2026-01-06T22:07:17.523+0800][25.167s][info][gc,reloc    ] GC(111) y: Eden               0M (0%)         3479M (85%)       1740 / 0              0 / 0              0 / 0        
[2026-01-06T22:07:17.523+0800][25.167s][info][gc,reloc    ] GC(111) y: Survivor 1          -                 2M (0%)           1 / 0              0 / 0              0 / 0        
[2026-01-06T22:07:17.523+0800][25.167s][info][gc,heap     ] GC(111) y: Min Capacity: 8M(0%)
[2026-01-06T22:07:17.523+0800][25.167s][info][gc,heap     ] GC(111) y: Max Capacity: 4096M(100%)
[2026-01-06T22:07:17.523+0800][25.167s][info][gc,heap     ] GC(111) y: Soft Max Capacity: 3686M(90%)
[2026-01-06T22:07:17.523+0800][25.167s][info][gc,heap     ] GC(111) y: Heap Statistics:
[2026-01-06T22:07:17.523+0800][25.167s][info][gc,heap     ] GC(111) y:                Mark Start          Mark End        Relocate Start      Relocate End           High               Low         
[2026-01-06T22:07:17.523+0800][25.167s][info][gc,heap     ] GC(111) y:  Capacity:     3498M (85%)        3498M (85%)        3498M (85%)        3498M (85%)        3498M (85%)        3498M (85%)    
[2026-01-06T22:07:17.523+0800][25.167s][info][gc,heap     ] GC(111) y:      Free:      612M (15%)         608M (15%)        4078M (100%)       4078M (100%)       4078M (100%)        608M (15%)    
[2026-01-06T22:07:17.523+0800][25.167s][info][gc,heap     ] GC(111) y:      Used:     3484M (85%)        3488M (85%)          18M (0%)           18M (0%)         3488M (85%)          18M (0%)     
[2026-01-06T22:07:17.523+0800][25.167s][info][gc,heap     ] GC(111) y: Young Generation Statistics:
[2026-01-06T22:07:17.523+0800][25.167s][info][gc,heap     ] GC(111) y:                Mark Start          Mark End        Relocate Start      Relocate End    
[2026-01-06T22:07:17.523+0800][25.167s][info][gc,heap     ] GC(111) y:      Used:     3482M (85%)        3486M (85%)          16M (0%)           16M (0%)     
[2026-01-06T22:07:17.523+0800][25.167s][info][gc,heap     ] GC(111) y:      Live:         -                 0M (0%)            0M (0%)            0M (0%)     
[2026-01-06T22:07:17.523+0800][25.167s][info][gc,heap     ] GC(111) y:   Garbage:         -              3481M (85%)           1M (0%)            1M (0%)     
[2026-01-06T22:07:17.523+0800][25.167s][info][gc,heap     ] GC(111) y: Allocated:         -                 4M (0%)           14M (0%)           14M (0%)     
[2026-01-06T22:07:17.523+0800][25.167s][info][gc,heap     ] GC(111) y: Reclaimed:         -                  -              3480M (85%)        3480M (85%)    
[2026-01-06T22:07:17.523+0800][25.167s][info][gc,heap     ] GC(111) y:  Promoted:         -                  -                 0M (0%)            0M (0%)     
[2026-01-06T22:07:17.523+0800][25.167s][info][gc,heap     ] GC(111) y: Compacted:         -                  -                  -                 0M (0%)     
[2026-01-06T22:07:17.523+0800][25.167s][info][gc,phases   ] GC(111) y: Young Generation 3484M(85%)->18M(0%) 0.004s
[2026-01-06T22:07:17.523+0800][25.167s][info][gc          ] GC(111) Minor Collection (High Usage) 3484M(85%)->18M(0%) 0.004s
[2026-01-06T22:07:17.597+0800][25.241s][info][gc          ] GC(112) Major Collection (Proactive)
[2026-01-06T22:07:17.597+0800][25.241s][info][gc,task     ] GC(112) Using 1 Workers for Young Generation
[2026-01-06T22:07:17.597+0800][25.241s][info][gc,task     ] GC(112) Using 1 Workers for Old Generation
[2026-01-06T22:07:17.597+0800][25.241s][info][gc,phases   ] GC(112) Y: Young Generation
[2026-01-06T22:07:17.597+0800][25.241s][info][gc,phases   ] GC(112) Y: Pause Mark Start (Major) 0.004ms
[2026-01-06T22:07:17.597+0800][25.241s][info][gc,phases   ] GC(112) Y: Concurrent Mark 0.211ms
[2026-01-06T22:07:17.597+0800][25.241s][info][gc,phases   ] GC(112) Y: Pause Mark End 0.004ms
[2026-01-06T22:07:17.597+0800][25.241s][info][gc,phases   ] GC(112) Y: Concurrent Mark Free 0.000ms
[2026-01-06T22:07:17.597+0800][25.241s][info][gc,phases   ] GC(112) Y: Concurrent Reset Relocation Set 0.000ms
[2026-01-06T22:07:17.597+0800][25.241s][info][gc,reloc    ] GC(112) Y: Using tenuring threshold: 1 (Computed)
[2026-01-06T22:07:17.597+0800][25.241s][info][gc,phases   ] GC(112) Y: Concurrent Select Relocation Set 0.080ms
[2026-01-06T22:07:17.597+0800][25.241s][info][gc,phases   ] GC(112) Y: Pause Relocate Start 0.002ms
[2026-01-06T22:07:17.597+0800][25.241s][info][gc,phases   ] GC(112) Y: Concurrent Relocate 0.010ms
[2026-01-06T22:07:17.597+0800][25.241s][info][gc,alloc    ] GC(112) Y:                         Mark Start        Mark End      Relocate Start    Relocate End   
[2026-01-06T22:07:17.598+0800][25.241s][info][gc,alloc    ] GC(112) Y: Allocation Stalls:          0                0                0                0         
[2026-01-06T22:07:17.598+0800][25.241s][info][gc,load     ] GC(112) Y: Load: 1.66 (17%) / 1.72 (17%) / 1.98 (20%)
[2026-01-06T22:07:17.598+0800][25.241s][info][gc,mmu      ] GC(112) Y: MMU: 2ms/97.4%, 5ms/98.6%, 10ms/99.3%, 20ms/99.5%, 50ms/99.8%, 100ms/99.9%
[2026-01-06T22:07:17.598+0800][25.241s][info][gc,marking  ] GC(112) Y: Mark: 1 stripe(s), 2 proactive flush(es), 1 terminate flush(es), 0 completion(s), 0 continuation(s) 
[2026-01-06T22:07:17.598+0800][25.241s][info][gc,nmethod  ] GC(112) Y: NMethods: 128 registered, 39 unregistered
[2026-01-06T22:07:17.598+0800][25.241s][info][gc,metaspace] GC(112) Y: Metaspace: 0M used, 0M committed, 1088M reserved
[2026-01-06T22:07:17.598+0800][25.241s][info][gc,reloc    ] GC(112) Y:                        Candidates     Selected     In-Place         Size        Empty    Relocated 
[2026-01-06T22:07:17.598+0800][25.241s][info][gc,reloc    ] GC(112) Y: Small Pages:                  196            0            0         392M         390M           0M 
[2026-01-06T22:07:17.598+0800][25.241s][info][gc,reloc    ] GC(112) Y: Medium Pages:                   0            0            0           0M           0M           0M 
[2026-01-06T22:07:17.598+0800][25.241s][info][gc,reloc    ] GC(112) Y: Large Pages:                    0            0            0           0M           0M           0M 
[2026-01-06T22:07:17.598+0800][25.241s][info][gc,reloc    ] GC(112) Y: Forwarding Usage: 0M
[2026-01-06T22:07:17.598+0800][25.241s][info][gc,reloc    ] GC(112) Y: Age Table:
[2026-01-06T22:07:17.598+0800][25.241s][info][gc,reloc    ] GC(112) Y:                    Live             Garbage             Small              Medium             Large        
[2026-01-06T22:07:17.598+0800][25.241s][info][gc,reloc    ] GC(112) Y: Eden               0M (0%)          389M (10%)        195 / 0              0 / 0              0 / 0        
[2026-01-06T22:07:17.598+0800][25.241s][info][gc,reloc    ] GC(112) Y: Survivor 1          -                 2M (0%)           1 / 0              0 / 0              0 / 0        
[2026-01-06T22:07:17.598+0800][25.241s][info][gc,heap     ] GC(112) Y: Min Capacity: 8M(0%)
[2026-01-06T22:07:17.598+0800][25.241s][info][gc,heap     ] GC(112) Y: Max Capacity: 4096M(100%)
[2026-01-06T22:07:17.598+0800][25.241s][info][gc,heap     ] GC(112) Y: Soft Max Capacity: 3686M(90%)
[2026-01-06T22:07:17.598+0800][25.241s][info][gc,heap     ] GC(112) Y: Heap Statistics:
[2026-01-06T22:07:17.598+0800][25.241s][info][gc,heap     ] GC(112) Y:                Mark Start          Mark End        Relocate Start      Relocate End           High               Low         
[2026-01-06T22:07:17.598+0800][25.241s][info][gc,heap     ] GC(112) Y:  Capacity:     3498M (85%)        3498M (85%)        3498M (85%)        3498M (85%)        3498M (85%)        3498M (85%)    
[2026-01-06T22:07:17.598+0800][25.241s][info][gc,heap     ] GC(112) Y:      Free:     3702M (90%)        3700M (90%)        4088M (100%)       4088M (100%)       4090M (100%)       3700M (90%)    
[2026-01-06T22:07:17.598+0800][25.241s][info][gc,heap     ] GC(112) Y:      Used:      394M (10%)         396M (10%)           8M (0%)            8M (0%)          396M (10%)           6M (0%)     
[2026-01-06T22:07:17.598+0800][25.241s][info][gc,heap     ] GC(112) Y: Young Generation Statistics:
[2026-01-06T22:07:17.598+0800][25.241s][info][gc,heap     ] GC(112) Y:                Mark Start          Mark End        Relocate Start      Relocate End    
[2026-01-06T22:07:17.598+0800][25.241s][info][gc,heap     ] GC(112) Y:      Used:      392M (10%)         394M (10%)           6M (0%)            6M (0%)     
[2026-01-06T22:07:17.598+0800][25.241s][info][gc,heap     ] GC(112) Y:      Live:         -                 0M (0%)            0M (0%)            0M (0%)     
[2026-01-06T22:07:17.598+0800][25.241s][info][gc,heap     ] GC(112) Y:   Garbage:         -               391M (10%)           1M (0%)            1M (0%)     
[2026-01-06T22:07:17.598+0800][25.241s][info][gc,heap     ] GC(112) Y: Allocated:         -                 2M (0%)            4M (0%)            4M (0%)     
[2026-01-06T22:07:17.598+0800][25.241s][info][gc,heap     ] GC(112) Y: Reclaimed:         -                  -               390M (10%)         390M (10%)    
[2026-01-06T22:07:17.598+0800][25.241s][info][gc,heap     ] GC(112) Y:  Promoted:         -                  -                 0M (0%)            0M (0%)     
[2026-01-06T22:07:17.598+0800][25.241s][info][gc,heap     ] GC(112) Y: Compacted:         -                  -                  -                 0M (0%)     
[2026-01-06T22:07:17.598+0800][25.241s][info][gc,phases   ] GC(112) Y: Young Generation 394M(10%)->8M(0%) 0.000s
[2026-01-06T22:07:17.598+0800][25.241s][info][gc,phases   ] GC(112) O: Old Generation
[2026-01-06T22:07:17.599+0800][25.242s][info][gc,phases   ] GC(112) O: Concurrent Mark 0.959ms
[2026-01-06T22:07:17.599+0800][25.242s][info][gc,phases   ] GC(112) O: Pause Mark End 0.005ms
[2026-01-06T22:07:17.599+0800][25.242s][info][gc,phases   ] GC(112) O: Concurrent Mark Free 0.001ms
[2026-01-06T22:07:17.599+0800][25.243s][info][gc,phases   ] GC(112) O: Concurrent Process Non-Strong 0.333ms
[2026-01-06T22:07:17.599+0800][25.243s][info][gc,phases   ] GC(112) O: Concurrent Reset Relocation Set 0.000ms
[2026-01-06T22:07:17.599+0800][25.243s][info][gc,phases   ] GC(112) O: Concurrent Select Relocation Set 0.017ms
[2026-01-06T22:07:17.599+0800][25.243s][info][gc,task     ] GC(112) O: Using 2 Workers for Old Generation
[2026-01-06T22:07:17.599+0800][25.243s][info][gc,task     ] GC(112) O: Using 1 Workers for Old Generation
[2026-01-06T22:07:17.599+0800][25.243s][info][gc,phases   ] GC(112) O: Concurrent Remap Roots 0.093ms
[2026-01-06T22:07:17.599+0800][25.243s][info][gc,phases   ] GC(112) O: Pause Relocate Start 0.001ms
[2026-01-06T22:07:17.599+0800][25.243s][info][gc,phases   ] GC(112) O: Concurrent Relocate 0.008ms
[2026-01-06T22:07:17.599+0800][25.243s][info][gc,alloc    ] GC(112) O:                         Mark Start        Mark End      Relocate Start    Relocate End   
[2026-01-06T22:07:17.599+0800][25.243s][info][gc,alloc    ] GC(112) O: Allocation Stalls:          0                0                0                0         
[2026-01-06T22:07:17.599+0800][25.243s][info][gc,load     ] GC(112) O: Load: 1.66 (17%) / 1.72 (17%) / 1.98 (20%)
[2026-01-06T22:07:17.599+0800][25.243s][info][gc,mmu      ] GC(112) O: MMU: 2ms/97.4%, 5ms/98.6%, 10ms/99.3%, 20ms/99.5%, 50ms/99.8%, 100ms/99.9%
[2026-01-06T22:07:17.599+0800][25.243s][info][gc,marking  ] GC(112) O: Mark: 1 stripe(s), 2 proactive flush(es), 1 terminate flush(es), 0 completion(s), 0 continuation(s) 
[2026-01-06T22:07:17.599+0800][25.243s][info][gc,nmethod  ] GC(112) O: NMethods: 128 registered, 39 unregistered
[2026-01-06T22:07:17.599+0800][25.243s][info][gc,metaspace] GC(112) O: Metaspace: 0M used, 0M committed, 1088M reserved
[2026-01-06T22:07:17.599+0800][25.243s][info][gc,ref      ] GC(112) O:                       Encountered   Discovered     Enqueued 
[2026-01-06T22:07:17.599+0800][25.243s][info][gc,ref      ] GC(112) O: Soft References:                1            0            0 
[2026-01-06T22:07:17.599+0800][25.243s][info][gc,ref      ] GC(112) O: Weak References:                6            0            0 
[2026-01-06T22:07:17.599+0800][25.243s][info][gc,ref      ] GC(112) O: Final References:               0            0            0 
[2026-01-06T22:07:17.599+0800][25.243s][info][gc,ref      ] GC(112) O: Phantom References:             1            1            0 
[2026-01-06T22:07:17.599+0800][25.243s][info][gc,reloc    ] GC(112) O:                        Candidates     Selected     In-Place         Size        Empty    Relocated 
[2026-01-06T22:07:17.599+0800][25.243s][info][gc,reloc    ] GC(112) O: Small Pages:                    1            0            0           2M           0M           0M 
[2026-01-06T22:07:17.599+0800][25.243s][info][gc,reloc    ] GC(112) O: Medium Pages:                   0            0            0           0M           0M           0M 
[2026-01-06T22:07:17.599+0800][25.243s][info][gc,reloc    ] GC(112) O: Large Pages:                    0            0            0           0M           0M           0M 
[2026-01-06T22:07:17.599+0800][25.243s][info][gc,reloc    ] GC(112) O: Forwarding Usage: 0M
[2026-01-06T22:07:17.599+0800][25.243s][info][gc,heap     ] GC(112) O: Min Capacity: 8M(0%)
[2026-01-06T22:07:17.599+0800][25.243s][info][gc,heap     ] GC(112) O: Max Capacity: 4096M(100%)
[2026-01-06T22:07:17.599+0800][25.243s][info][gc,heap     ] GC(112) O: Soft Max Capacity: 3686M(90%)
[2026-01-06T22:07:17.599+0800][25.243s][info][gc,heap     ] GC(112) O: Heap Statistics:
[2026-01-06T22:07:17.599+0800][25.243s][info][gc,heap     ] GC(112) O:                Mark Start          Mark End        Relocate Start      Relocate End           High               Low         
[2026-01-06T22:07:17.599+0800][25.243s][info][gc,heap     ] GC(112) O:  Capacity:     3498M (85%)        3498M (85%)        3498M (85%)        3498M (85%)        3498M (85%)        3498M (85%)    
[2026-01-06T22:07:17.599+0800][25.243s][info][gc,heap     ] GC(112) O:      Free:     3702M (90%)        4068M (99%)        4060M (99%)        4060M (99%)        4090M (100%)       3700M (90%)    
[2026-01-06T22:07:17.599+0800][25.243s][info][gc,heap     ] GC(112) O:      Used:      394M (10%)          28M (1%)           36M (1%)           36M (1%)          396M (10%)           6M (0%)     
[2026-01-06T22:07:17.599+0800][25.243s][info][gc,heap     ] GC(112) O: Old Generation Statistics:
[2026-01-06T22:07:17.599+0800][25.243s][info][gc,heap     ] GC(112) O:                Mark Start          Mark End        Relocate Start      Relocate End    
[2026-01-06T22:07:17.599+0800][25.243s][info][gc,heap     ] GC(112) O:      Used:        2M (0%)            2M (0%)            2M (0%)            2M (0%)     
[2026-01-06T22:07:17.599+0800][25.243s][info][gc,heap     ] GC(112) O:      Live:         -                 0M (0%)            0M (0%)            0M (0%)     
[2026-01-06T22:07:17.599+0800][25.243s][info][gc,heap     ] GC(112) O:   Garbage:         -                 1M (0%)            1M (0%)            1M (0%)     
[2026-01-06T22:07:17.599+0800][25.243s][info][gc,heap     ] GC(112) O: Allocated:         -                 0M (0%)            0M (0%)            0M (0%)     
[2026-01-06T22:07:17.599+0800][25.243s][info][gc,heap     ] GC(112) O: Reclaimed:         -                  -                 0M (0%)            0M (0%)     
[2026-01-06T22:07:17.599+0800][25.243s][info][gc,heap     ] GC(112) O: Compacted:         -                  -                  -                 0M (0%)     
[2026-01-06T22:07:17.599+0800][25.243s][info][gc,phases   ] GC(112) O: Old Generation 10M(0%)->36M(1%) 0.002s
[2026-01-06T22:07:17.599+0800][25.243s][info][gc          ] GC(112) Major Collection (Proactive) 394M(10%)->38M(1%) 0.002s
[2026-01-06T22:07:18.197+0800][25.841s][info][gc          ] GC(113) Major Collection (Proactive)
[2026-01-06T22:07:18.197+0800][25.841s][info][gc,task     ] GC(113) Using 1 Workers for Young Generation
[2026-01-06T22:07:18.197+0800][25.841s][info][gc,task     ] GC(113) Using 1 Workers for Old Generation
[2026-01-06T22:07:18.197+0800][25.841s][info][gc,phases   ] GC(113) Y: Young Generation
[2026-01-06T22:07:18.197+0800][25.841s][info][gc,phases   ] GC(113) Y: Pause Mark Start (Major) 0.015ms
[2026-01-06T22:07:18.197+0800][25.841s][info][gc,phases   ] GC(113) Y: Concurrent Mark 0.527ms
[2026-01-06T22:07:18.197+0800][25.841s][info][gc,phases   ] GC(113) Y: Pause Mark End 0.003ms
[2026-01-06T22:07:18.198+0800][25.841s][info][gc,phases   ] GC(113) Y: Concurrent Mark Free 0.003ms
[2026-01-06T22:07:18.198+0800][25.841s][info][gc,phases   ] GC(113) Y: Concurrent Reset Relocation Set 0.000ms
[2026-01-06T22:07:18.202+0800][25.845s][info][gc,reloc    ] GC(113) Y: Using tenuring threshold: 1 (Computed)
[2026-01-06T22:07:18.202+0800][25.845s][info][gc,phases   ] GC(113) Y: Concurrent Select Relocation Set 4.024ms
[2026-01-06T22:07:18.202+0800][25.845s][info][gc,phases   ] GC(113) Y: Pause Relocate Start 0.003ms
[2026-01-06T22:07:18.202+0800][25.845s][info][gc,phases   ] GC(113) Y: Concurrent Relocate 0.011ms
[2026-01-06T22:07:18.202+0800][25.845s][info][gc,alloc    ] GC(113) Y:                         Mark Start        Mark End      Relocate Start    Relocate End   
[2026-01-06T22:07:18.202+0800][25.845s][info][gc,alloc    ] GC(113) Y: Allocation Stalls:          0                0                0                0         
[2026-01-06T22:07:18.202+0800][25.846s][info][gc,load     ] GC(113) Y: Load: 1.66 (17%) / 1.72 (17%) / 1.98 (20%)
[2026-01-06T22:07:18.202+0800][25.846s][info][gc,mmu      ] GC(113) Y: MMU: 2ms/97.4%, 5ms/98.6%, 10ms/99.3%, 20ms/99.5%, 50ms/99.8%, 100ms/99.9%
[2026-01-06T22:07:18.202+0800][25.846s][info][gc,marking  ] GC(113) Y: Mark: 1 stripe(s), 2 proactive flush(es), 1 terminate flush(es), 0 completion(s), 0 continuation(s) 
[2026-01-06T22:07:18.202+0800][25.846s][info][gc,nmethod  ] GC(113) Y: NMethods: 128 registered, 39 unregistered
[2026-01-06T22:07:18.202+0800][25.846s][info][gc,metaspace] GC(113) Y: Metaspace: 0M used, 0M committed, 1088M reserved
[2026-01-06T22:07:18.202+0800][25.846s][info][gc,reloc    ] GC(113) Y:                        Candidates     Selected     In-Place         Size        Empty    Relocated 
[2026-01-06T22:07:18.202+0800][25.846s][info][gc,reloc    ] GC(113) Y: Small Pages:                 1486            0            0        2972M        2970M           0M 
[2026-01-06T22:07:18.202+0800][25.846s][info][gc,reloc    ] GC(113) Y: Medium Pages:                   0            0            0           0M           0M           0M 
[2026-01-06T22:07:18.202+0800][25.846s][info][gc,reloc    ] GC(113) Y: Large Pages:                    0            0            0           0M           0M           0M 
[2026-01-06T22:07:18.202+0800][25.846s][info][gc,reloc    ] GC(113) Y: Forwarding Usage: 0M
[2026-01-06T22:07:18.202+0800][25.846s][info][gc,reloc    ] GC(113) Y: Age Table:
[2026-01-06T22:07:18.202+0800][25.846s][info][gc,reloc    ] GC(113) Y:                    Live             Garbage             Small              Medium             Large        
[2026-01-06T22:07:18.202+0800][25.846s][info][gc,reloc    ] GC(113) Y: Eden               0M (0%)         2969M (73%)       1485 / 0              0 / 0              0 / 0        
[2026-01-06T22:07:18.202+0800][25.846s][info][gc,reloc    ] GC(113) Y: Survivor 1          -                 2M (0%)           1 / 0              0 / 0              0 / 0        
[2026-01-06T22:07:18.202+0800][25.846s][info][gc,heap     ] GC(113) Y: Min Capacity: 8M(0%)
[2026-01-06T22:07:18.202+0800][25.846s][info][gc,heap     ] GC(113) Y: Max Capacity: 4096M(100%)
[2026-01-06T22:07:18.202+0800][25.846s][info][gc,heap     ] GC(113) Y: Soft Max Capacity: 3686M(90%)
[2026-01-06T22:07:18.202+0800][25.846s][info][gc,heap     ] GC(113) Y: Heap Statistics:
[2026-01-06T22:07:18.202+0800][25.846s][info][gc,heap     ] GC(113) Y:                Mark Start          Mark End        Relocate Start      Relocate End           High               Low         
[2026-01-06T22:07:18.202+0800][25.846s][info][gc,heap     ] GC(113) Y:  Capacity:     3498M (85%)        3498M (85%)        3498M (85%)        3498M (85%)        3498M (85%)        3498M (85%)    
[2026-01-06T22:07:18.202+0800][25.846s][info][gc,heap     ] GC(113) Y:      Free:     1122M (27%)        1118M (27%)        4080M (100%)       4080M (100%)       4080M (100%)       1118M (27%)    
[2026-01-06T22:07:18.202+0800][25.846s][info][gc,heap     ] GC(113) Y:      Used:     2974M (73%)        2978M (73%)          16M (0%)           16M (0%)         2978M (73%)          16M (0%)     
[2026-01-06T22:07:18.202+0800][25.846s][info][gc,heap     ] GC(113) Y: Young Generation Statistics:
[2026-01-06T22:07:18.202+0800][25.846s][info][gc,heap     ] GC(113) Y:                Mark Start          Mark End        Relocate Start      Relocate End    
[2026-01-06T22:07:18.202+0800][25.846s][info][gc,heap     ] GC(113) Y:      Used:     2972M (73%)        2976M (73%)          14M (0%)           14M (0%)     
[2026-01-06T22:07:18.202+0800][25.846s][info][gc,heap     ] GC(113) Y:      Live:         -                 0M (0%)            0M (0%)            0M (0%)     
[2026-01-06T22:07:18.202+0800][25.846s][info][gc,heap     ] GC(113) Y:   Garbage:         -              2971M (73%)           1M (0%)            1M (0%)     
[2026-01-06T22:07:18.202+0800][25.846s][info][gc,heap     ] GC(113) Y: Allocated:         -                 4M (0%)           12M (0%)           12M (0%)     
[2026-01-06T22:07:18.202+0800][25.846s][info][gc,heap     ] GC(113) Y: Reclaimed:         -                  -              2970M (73%)        2970M (73%)    
[2026-01-06T22:07:18.202+0800][25.846s][info][gc,heap     ] GC(113) Y:  Promoted:         -                  -                 0M (0%)            0M (0%)     
[2026-01-06T22:07:18.202+0800][25.846s][info][gc,heap     ] GC(113) Y: Compacted:         -                  -                  -                 0M (0%)     
[2026-01-06T22:07:18.202+0800][25.846s][info][gc,phases   ] GC(113) Y: Young Generation 2974M(73%)->16M(0%) 0.005s
[2026-01-06T22:07:18.202+0800][25.846s][info][gc,phases   ] GC(113) O: Old Generation
[2026-01-06T22:07:18.205+0800][25.848s][info][gc,phases   ] GC(113) O: Concurrent Mark 2.780ms
[2026-01-06T22:07:18.205+0800][25.848s][info][gc,phases   ] GC(113) O: Pause Mark End 0.008ms
[2026-01-06T22:07:18.205+0800][25.848s][info][gc,phases   ] GC(113) O: Concurrent Mark Free 0.001ms
[2026-01-06T22:07:18.205+0800][25.849s][info][gc,phases   ] GC(113) O: Concurrent Process Non-Strong 0.468ms
[2026-01-06T22:07:18.205+0800][25.849s][info][gc,phases   ] GC(113) O: Concurrent Reset Relocation Set 0.000ms
[2026-01-06T22:07:18.205+0800][25.849s][info][gc,phases   ] GC(113) O: Concurrent Select Relocation Set 0.019ms
[2026-01-06T22:07:18.205+0800][25.849s][info][gc,task     ] GC(113) O: Using 2 Workers for Old Generation
[2026-01-06T22:07:18.205+0800][25.849s][info][gc,task     ] GC(113) O: Using 1 Workers for Old Generation
[2026-01-06T22:07:18.205+0800][25.849s][info][gc,phases   ] GC(113) O: Concurrent Remap Roots 0.131ms
[2026-01-06T22:07:18.205+0800][25.849s][info][gc,phases   ] GC(113) O: Pause Relocate Start 0.002ms
[2026-01-06T22:07:18.205+0800][25.849s][info][gc,phases   ] GC(113) O: Concurrent Relocate 0.007ms
[2026-01-06T22:07:18.205+0800][25.849s][info][gc,alloc    ] GC(113) O:                         Mark Start        Mark End      Relocate Start    Relocate End   
[2026-01-06T22:07:18.205+0800][25.849s][info][gc,alloc    ] GC(113) O: Allocation Stalls:          0                0                0                0         
[2026-01-06T22:07:18.205+0800][25.849s][info][gc,load     ] GC(113) O: Load: 1.66 (17%) / 1.72 (17%) / 1.98 (20%)
[2026-01-06T22:07:18.205+0800][25.849s][info][gc,mmu      ] GC(113) O: MMU: 2ms/97.4%, 5ms/98.6%, 10ms/99.3%, 20ms/99.5%, 50ms/99.8%, 100ms/99.9%
[2026-01-06T22:07:18.205+0800][25.849s][info][gc,marking  ] GC(113) O: Mark: 1 stripe(s), 2 proactive flush(es), 1 terminate flush(es), 0 completion(s), 0 continuation(s) 
[2026-01-06T22:07:18.205+0800][25.849s][info][gc,nmethod  ] GC(113) O: NMethods: 128 registered, 39 unregistered
[2026-01-06T22:07:18.205+0800][25.849s][info][gc,metaspace] GC(113) O: Metaspace: 0M used, 0M committed, 1088M reserved
[2026-01-06T22:07:18.205+0800][25.849s][info][gc,ref      ] GC(113) O:                       Encountered   Discovered     Enqueued 
[2026-01-06T22:07:18.205+0800][25.849s][info][gc,ref      ] GC(113) O: Soft References:                1            0            0 
[2026-01-06T22:07:18.205+0800][25.849s][info][gc,ref      ] GC(113) O: Weak References:                6            0            0 
[2026-01-06T22:07:18.205+0800][25.849s][info][gc,ref      ] GC(113) O: Final References:               0            0            0 
[2026-01-06T22:07:18.205+0800][25.849s][info][gc,ref      ] GC(113) O: Phantom References:             1            1            0 
[2026-01-06T22:07:18.205+0800][25.849s][info][gc,reloc    ] GC(113) O:                        Candidates     Selected     In-Place         Size        Empty    Relocated 
[2026-01-06T22:07:18.205+0800][25.849s][info][gc,reloc    ] GC(113) O: Small Pages:                    1            0            0           2M           0M           0M 
[2026-01-06T22:07:18.205+0800][25.849s][info][gc,reloc    ] GC(113) O: Medium Pages:                   0            0            0           0M           0M           0M 
[2026-01-06T22:07:18.205+0800][25.849s][info][gc,reloc    ] GC(113) O: Large Pages:                    0            0            0           0M           0M           0M 
[2026-01-06T22:07:18.205+0800][25.849s][info][gc,reloc    ] GC(113) O: Forwarding Usage: 0M
[2026-01-06T22:07:18.205+0800][25.849s][info][gc,heap     ] GC(113) O: Min Capacity: 8M(0%)
[2026-01-06T22:07:18.205+0800][25.849s][info][gc,heap     ] GC(113) O: Max Capacity: 4096M(100%)
[2026-01-06T22:07:18.205+0800][25.849s][info][gc,heap     ] GC(113) O: Soft Max Capacity: 3686M(90%)
[2026-01-06T22:07:18.205+0800][25.849s][info][gc,heap     ] GC(113) O: Heap Statistics:
[2026-01-06T22:07:18.205+0800][25.849s][info][gc,heap     ] GC(113) O:                Mark Start          Mark End        Relocate Start      Relocate End           High               Low         
[2026-01-06T22:07:18.205+0800][25.849s][info][gc,heap     ] GC(113) O:  Capacity:     3498M (85%)        3498M (85%)        3498M (85%)        3498M (85%)        3498M (85%)        3498M (85%)    
[2026-01-06T22:07:18.205+0800][25.849s][info][gc,heap     ] GC(113) O:      Free:     1122M (27%)        4072M (99%)        4070M (99%)        4070M (99%)        4080M (100%)       1118M (27%)    
[2026-01-06T22:07:18.205+0800][25.849s][info][gc,heap     ] GC(113) O:      Used:     2974M (73%)          24M (1%)           26M (1%)           26M (1%)         2978M (73%)          16M (0%)     
[2026-01-06T22:07:18.205+0800][25.849s][info][gc,heap     ] GC(113) O: Old Generation Statistics:
[2026-01-06T22:07:18.205+0800][25.849s][info][gc,heap     ] GC(113) O:                Mark Start          Mark End        Relocate Start      Relocate End    
[2026-01-06T22:07:18.205+0800][25.849s][info][gc,heap     ] GC(113) O:      Used:        2M (0%)            2M (0%)            2M (0%)            2M (0%)     
[2026-01-06T22:07:18.205+0800][25.849s][info][gc,heap     ] GC(113) O:      Live:         -                 0M (0%)            0M (0%)            0M (0%)     
[2026-01-06T22:07:18.205+0800][25.849s][info][gc,heap     ] GC(113) O:   Garbage:         -                 1M (0%)            1M (0%)            1M (0%)     
[2026-01-06T22:07:18.205+0800][25.849s][info][gc,heap     ] GC(113) O: Allocated:         -                 0M (0%)            0M (0%)            0M (0%)     
[2026-01-06T22:07:18.205+0800][25.849s][info][gc,heap     ] GC(113) O: Reclaimed:         -                  -                 0M (0%)            0M (0%)     
[2026-01-06T22:07:18.205+0800][25.849s][info][gc,heap     ] GC(113) O: Compacted:         -                  -                  -                 0M (0%)     
[2026-01-06T22:07:18.205+0800][25.849s][info][gc,phases   ] GC(113) O: Old Generation 16M(0%)->26M(1%) 0.004s
[2026-01-06T22:07:18.205+0800][25.849s][info][gc          ] GC(113) Major Collection (Proactive) 2974M(73%)->26M(1%) 0.009s
[2026-01-06T22:07:19.049+0800][26.692s][info][gc          ] GC(114) Major Collection (Proactive)
[2026-01-06T22:07:19.049+0800][26.693s][info][gc,task     ] GC(114) Using 1 Workers for Young Generation
[2026-01-06T22:07:19.049+0800][26.693s][info][gc,task     ] GC(114) Using 1 Workers for Old Generation
[2026-01-06T22:07:19.049+0800][26.693s][info][gc,phases   ] GC(114) Y: Young Generation
[2026-01-06T22:07:19.049+0800][26.693s][info][gc,phases   ] GC(114) Y: Pause Mark Start (Major) 0.030ms
[2026-01-06T22:07:19.050+0800][26.694s][info][gc,phases   ] GC(114) Y: Concurrent Mark 1.121ms
[2026-01-06T22:07:19.050+0800][26.694s][info][gc,phases   ] GC(114) Y: Pause Mark End 0.004ms
[2026-01-06T22:07:19.050+0800][26.694s][info][gc,phases   ] GC(114) Y: Concurrent Mark Free 0.004ms
[2026-01-06T22:07:19.050+0800][26.694s][info][gc,phases   ] GC(114) Y: Concurrent Reset Relocation Set 0.000ms
[2026-01-06T22:07:19.054+0800][26.698s][info][gc,reloc    ] GC(114) Y: Using tenuring threshold: 1 (Computed)
[2026-01-06T22:07:19.054+0800][26.698s][info][gc,phases   ] GC(114) Y: Concurrent Select Relocation Set 4.404ms
[2026-01-06T22:07:19.054+0800][26.698s][info][gc,phases   ] GC(114) Y: Pause Relocate Start 0.002ms
[2026-01-06T22:07:19.055+0800][26.698s][info][gc,phases   ] GC(114) Y: Concurrent Relocate 0.011ms
[2026-01-06T22:07:19.055+0800][26.698s][info][gc,alloc    ] GC(114) Y:                         Mark Start        Mark End      Relocate Start    Relocate End   
[2026-01-06T22:07:19.055+0800][26.698s][info][gc,alloc    ] GC(114) Y: Allocation Stalls:          0                0                0                0         
[2026-01-06T22:07:19.055+0800][26.698s][info][gc,load     ] GC(114) Y: Load: 1.66 (17%) / 1.72 (17%) / 1.98 (20%)
[2026-01-06T22:07:19.055+0800][26.698s][info][gc,mmu      ] GC(114) Y: MMU: 2ms/97.4%, 5ms/98.6%, 10ms/99.3%, 20ms/99.5%, 50ms/99.8%, 100ms/99.9%
[2026-01-06T22:07:19.055+0800][26.698s][info][gc,marking  ] GC(114) Y: Mark: 1 stripe(s), 2 proactive flush(es), 1 terminate flush(es), 0 completion(s), 0 continuation(s) 
[2026-01-06T22:07:19.055+0800][26.698s][info][gc,nmethod  ] GC(114) Y: NMethods: 128 registered, 39 unregistered
[2026-01-06T22:07:19.055+0800][26.698s][info][gc,metaspace] GC(114) Y: Metaspace: 0M used, 0M committed, 1088M reserved
[2026-01-06T22:07:19.055+0800][26.698s][info][gc,reloc    ] GC(114) Y:                        Candidates     Selected     In-Place         Size        Empty    Relocated 
[2026-01-06T22:07:19.055+0800][26.698s][info][gc,reloc    ] GC(114) Y: Small Pages:                 1711            0            0        3422M        3420M           0M 
[2026-01-06T22:07:19.055+0800][26.698s][info][gc,reloc    ] GC(114) Y: Medium Pages:                   0            0            0           0M           0M           0M 
[2026-01-06T22:07:19.055+0800][26.698s][info][gc,reloc    ] GC(114) Y: Large Pages:                    0            0            0           0M           0M           0M 
[2026-01-06T22:07:19.055+0800][26.698s][info][gc,reloc    ] GC(114) Y: Forwarding Usage: 0M
[2026-01-06T22:07:19.055+0800][26.698s][info][gc,reloc    ] GC(114) Y: Age Table:
[2026-01-06T22:07:19.055+0800][26.698s][info][gc,reloc    ] GC(114) Y:                    Live             Garbage             Small              Medium             Large        
[2026-01-06T22:07:19.055+0800][26.698s][info][gc,reloc    ] GC(114) Y: Eden               0M (0%)         3419M (83%)       1710 / 0              0 / 0              0 / 0        
[2026-01-06T22:07:19.055+0800][26.698s][info][gc,reloc    ] GC(114) Y: Survivor 1          -                 2M (0%)           1 / 0              0 / 0              0 / 0        
[2026-01-06T22:07:19.055+0800][26.698s][info][gc,heap     ] GC(114) Y: Min Capacity: 8M(0%)
[2026-01-06T22:07:19.055+0800][26.698s][info][gc,heap     ] GC(114) Y: Max Capacity: 4096M(100%)
[2026-01-06T22:07:19.055+0800][26.698s][info][gc,heap     ] GC(114) Y: Soft Max Capacity: 3686M(90%)
[2026-01-06T22:07:19.055+0800][26.698s][info][gc,heap     ] GC(114) Y: Heap Statistics:
[2026-01-06T22:07:19.055+0800][26.698s][info][gc,heap     ] GC(114) Y:                Mark Start          Mark End        Relocate Start      Relocate End           High               Low         
[2026-01-06T22:07:19.055+0800][26.698s][info][gc,heap     ] GC(114) Y:  Capacity:     3498M (85%)        3498M (85%)        3498M (85%)        3498M (85%)        3498M (85%)        3498M (85%)    
[2026-01-06T22:07:19.055+0800][26.698s][info][gc,heap     ] GC(114) Y:      Free:      672M (16%)         668M (16%)        4078M (100%)       4078M (100%)       4078M (100%)        668M (16%)    
[2026-01-06T22:07:19.055+0800][26.698s][info][gc,heap     ] GC(114) Y:      Used:     3424M (84%)        3428M (84%)          18M (0%)           18M (0%)         3428M (84%)          18M (0%)     
[2026-01-06T22:07:19.055+0800][26.698s][info][gc,heap     ] GC(114) Y: Young Generation Statistics:
[2026-01-06T22:07:19.055+0800][26.698s][info][gc,heap     ] GC(114) Y:                Mark Start          Mark End        Relocate Start      Relocate End    
[2026-01-06T22:07:19.055+0800][26.698s][info][gc,heap     ] GC(114) Y:      Used:     3422M (84%)        3426M (84%)          16M (0%)           16M (0%)     
[2026-01-06T22:07:19.055+0800][26.698s][info][gc,heap     ] GC(114) Y:      Live:         -                 0M (0%)            0M (0%)            0M (0%)     
[2026-01-06T22:07:19.055+0800][26.698s][info][gc,heap     ] GC(114) Y:   Garbage:         -              3421M (84%)           1M (0%)            1M (0%)     
[2026-01-06T22:07:19.055+0800][26.699s][info][gc,heap     ] GC(114) Y: Allocated:         -                 4M (0%)           14M (0%)           14M (0%)     
[2026-01-06T22:07:19.055+0800][26.699s][info][gc,heap     ] GC(114) Y: Reclaimed:         -                  -              3420M (83%)        3420M (83%)    
[2026-01-06T22:07:19.055+0800][26.699s][info][gc,heap     ] GC(114) Y:  Promoted:         -                  -                 0M (0%)            0M (0%)     
[2026-01-06T22:07:19.055+0800][26.699s][info][gc,heap     ] GC(114) Y: Compacted:         -                  -                  -                 0M (0%)     
[2026-01-06T22:07:19.055+0800][26.699s][info][gc,phases   ] GC(114) Y: Young Generation 3424M(84%)->18M(0%) 0.006s
[2026-01-06T22:07:19.055+0800][26.699s][info][gc,phases   ] GC(114) O: Old Generation
[2026-01-06T22:07:19.056+0800][26.700s][info][gc,phases   ] GC(114) O: Concurrent Mark 1.732ms
[2026-01-06T22:07:19.056+0800][26.700s][info][gc,phases   ] GC(114) O: Pause Mark End 0.006ms
[2026-01-06T22:07:19.056+0800][26.700s][info][gc,phases   ] GC(114) O: Concurrent Mark Free 0.001ms
[2026-01-06T22:07:19.057+0800][26.701s][info][gc,phases   ] GC(114) O: Concurrent Process Non-Strong 0.432ms
[2026-01-06T22:07:19.057+0800][26.701s][info][gc,phases   ] GC(114) O: Concurrent Reset Relocation Set 0.000ms
[2026-01-06T22:07:19.057+0800][26.701s][info][gc,phases   ] GC(114) O: Concurrent Select Relocation Set 0.016ms
[2026-01-06T22:07:19.057+0800][26.701s][info][gc,task     ] GC(114) O: Using 2 Workers for Old Generation
[2026-01-06T22:07:19.057+0800][26.701s][info][gc,task     ] GC(114) O: Using 1 Workers for Old Generation
[2026-01-06T22:07:19.057+0800][26.701s][info][gc,phases   ] GC(114) O: Concurrent Remap Roots 0.086ms
[2026-01-06T22:07:19.057+0800][26.701s][info][gc,phases   ] GC(114) O: Pause Relocate Start 0.002ms
[2026-01-06T22:07:19.057+0800][26.701s][info][gc,phases   ] GC(114) O: Concurrent Relocate 0.006ms
[2026-01-06T22:07:19.057+0800][26.701s][info][gc,alloc    ] GC(114) O:                         Mark Start        Mark End      Relocate Start    Relocate End   
[2026-01-06T22:07:19.057+0800][26.701s][info][gc,alloc    ] GC(114) O: Allocation Stalls:          0                0                0                0         
[2026-01-06T22:07:19.057+0800][26.701s][info][gc,load     ] GC(114) O: Load: 1.66 (17%) / 1.72 (17%) / 1.98 (20%)
[2026-01-06T22:07:19.057+0800][26.701s][info][gc,mmu      ] GC(114) O: MMU: 2ms/97.4%, 5ms/98.6%, 10ms/99.3%, 20ms/99.5%, 50ms/99.8%, 100ms/99.9%
[2026-01-06T22:07:19.057+0800][26.701s][info][gc,marking  ] GC(114) O: Mark: 1 stripe(s), 2 proactive flush(es), 1 terminate flush(es), 0 completion(s), 0 continuation(s) 
[2026-01-06T22:07:19.057+0800][26.701s][info][gc,nmethod  ] GC(114) O: NMethods: 128 registered, 39 unregistered
[2026-01-06T22:07:19.057+0800][26.701s][info][gc,metaspace] GC(114) O: Metaspace: 0M used, 0M committed, 1088M reserved
[2026-01-06T22:07:19.057+0800][26.701s][info][gc,ref      ] GC(114) O:                       Encountered   Discovered     Enqueued 
[2026-01-06T22:07:19.057+0800][26.701s][info][gc,ref      ] GC(114) O: Soft References:                1            0            0 
[2026-01-06T22:07:19.057+0800][26.701s][info][gc,ref      ] GC(114) O: Weak References:                6            0            0 
[2026-01-06T22:07:19.057+0800][26.701s][info][gc,ref      ] GC(114) O: Final References:               0            0            0 
[2026-01-06T22:07:19.057+0800][26.701s][info][gc,ref      ] GC(114) O: Phantom References:             1            1            0 
[2026-01-06T22:07:19.057+0800][26.701s][info][gc,reloc    ] GC(114) O:                        Candidates     Selected     In-Place         Size        Empty    Relocated 
[2026-01-06T22:07:19.057+0800][26.701s][info][gc,reloc    ] GC(114) O: Small Pages:                    1            0            0           2M           0M           0M 
[2026-01-06T22:07:19.057+0800][26.701s][info][gc,reloc    ] GC(114) O: Medium Pages:                   0            0            0           0M           0M           0M 
[2026-01-06T22:07:19.057+0800][26.701s][info][gc,reloc    ] GC(114) O: Large Pages:                    0            0            0           0M           0M           0M 
[2026-01-06T22:07:19.057+0800][26.701s][info][gc,reloc    ] GC(114) O: Forwarding Usage: 0M
[2026-01-06T22:07:19.057+0800][26.701s][info][gc,heap     ] GC(114) O: Min Capacity: 8M(0%)
[2026-01-06T22:07:19.057+0800][26.701s][info][gc,heap     ] GC(114) O: Max Capacity: 4096M(100%)
[2026-01-06T22:07:19.057+0800][26.701s][info][gc,heap     ] GC(114) O: Soft Max Capacity: 3686M(90%)
[2026-01-06T22:07:19.057+0800][26.701s][info][gc,heap     ] GC(114) O: Heap Statistics:
[2026-01-06T22:07:19.057+0800][26.701s][info][gc,heap     ] GC(114) O:                Mark Start          Mark End        Relocate Start      Relocate End           High               Low         
[2026-01-06T22:07:19.057+0800][26.701s][info][gc,heap     ] GC(114) O:  Capacity:     3498M (85%)        3498M (85%)        3498M (85%)        3498M (85%)        3498M (85%)        3498M (85%)    
[2026-01-06T22:07:19.057+0800][26.701s][info][gc,heap     ] GC(114) O:      Free:      672M (16%)        4074M (99%)        4072M (99%)        4072M (99%)        4078M (100%)        668M (16%)    
[2026-01-06T22:07:19.057+0800][26.701s][info][gc,heap     ] GC(114) O:      Used:     3424M (84%)          22M (1%)           24M (1%)           24M (1%)         3428M (84%)          18M (0%)     
[2026-01-06T22:07:19.057+0800][26.701s][info][gc,heap     ] GC(114) O: Old Generation Statistics:
[2026-01-06T22:07:19.057+0800][26.701s][info][gc,heap     ] GC(114) O:                Mark Start          Mark End        Relocate Start      Relocate End    
[2026-01-06T22:07:19.057+0800][26.701s][info][gc,heap     ] GC(114) O:      Used:        2M (0%)            2M (0%)            2M (0%)            2M (0%)     
[2026-01-06T22:07:19.057+0800][26.701s][info][gc,heap     ] GC(114) O:      Live:         -                 0M (0%)            0M (0%)            0M (0%)     
[2026-01-06T22:07:19.057+0800][26.701s][info][gc,heap     ] GC(114) O:   Garbage:         -                 1M (0%)            1M (0%)            1M (0%)     
[2026-01-06T22:07:19.057+0800][26.701s][info][gc,heap     ] GC(114) O: Allocated:         -                 0M (0%)            0M (0%)            0M (0%)     
[2026-01-06T22:07:19.057+0800][26.701s][info][gc,heap     ] GC(114) O: Reclaimed:         -                  -                 0M (0%)            0M (0%)     
[2026-01-06T22:07:19.057+0800][26.701s][info][gc,heap     ] GC(114) O: Compacted:         -                  -                  -                 0M (0%)     
[2026-01-06T22:07:19.057+0800][26.701s][info][gc,phases   ] GC(114) O: Old Generation 18M(0%)->24M(1%) 0.002s
[2026-01-06T22:07:19.057+0800][26.701s][info][gc          ] GC(114) Major Collection (Proactive) 3424M(84%)->24M(1%) 0.009s
[2026-01-06T22:07:19.781+0800][27.425s][info][gc          ] GC(115) Major Collection (Proactive)
[2026-01-06T22:07:19.781+0800][27.425s][info][gc,task     ] GC(115) Using 1 Workers for Young Generation
[2026-01-06T22:07:19.781+0800][27.425s][info][gc,task     ] GC(115) Using 1 Workers for Old Generation
[2026-01-06T22:07:19.781+0800][27.425s][info][gc,phases   ] GC(115) Y: Young Generation
[2026-01-06T22:07:19.782+0800][27.425s][info][gc,phases   ] GC(115) Y: Pause Mark Start (Major) 0.017ms
[2026-01-06T22:07:19.784+0800][27.428s][info][gc,phases   ] GC(115) Y: Concurrent Mark 2.395ms
[2026-01-06T22:07:19.784+0800][27.428s][info][gc,phases   ] GC(115) Y: Pause Mark End 0.009ms
[2026-01-06T22:07:19.785+0800][27.428s][info][gc,phases   ] GC(115) Y: Concurrent Mark Free 0.056ms
[2026-01-06T22:07:19.785+0800][27.429s][info][gc,phases   ] GC(115) Y: Concurrent Reset Relocation Set 0.000ms
[2026-01-06T22:07:19.791+0800][27.434s][info][gc,reloc    ] GC(115) Y: Using tenuring threshold: 1 (Computed)
[2026-01-06T22:07:19.791+0800][27.434s][info][gc,phases   ] GC(115) Y: Concurrent Select Relocation Set 5.113ms
[2026-01-06T22:07:19.791+0800][27.434s][info][gc,phases   ] GC(115) Y: Pause Relocate Start 0.006ms
[2026-01-06T22:07:19.791+0800][27.435s][info][gc,phases   ] GC(115) Y: Concurrent Relocate 0.032ms
[2026-01-06T22:07:19.791+0800][27.435s][info][gc,alloc    ] GC(115) Y:                         Mark Start        Mark End      Relocate Start    Relocate End   
[2026-01-06T22:07:19.791+0800][27.435s][info][gc,alloc    ] GC(115) Y: Allocation Stalls:          0                0                0                0         
[2026-01-06T22:07:19.791+0800][27.435s][info][gc,load     ] GC(115) Y: Load: 1.66 (17%) / 1.72 (17%) / 1.98 (20%)
[2026-01-06T22:07:19.791+0800][27.435s][info][gc,mmu      ] GC(115) Y: MMU: 2ms/97.4%, 5ms/98.6%, 10ms/99.3%, 20ms/99.5%, 50ms/99.8%, 100ms/99.9%
[2026-01-06T22:07:19.791+0800][27.435s][info][gc,marking  ] GC(115) Y: Mark: 1 stripe(s), 2 proactive flush(es), 1 terminate flush(es), 0 completion(s), 0 continuation(s) 
[2026-01-06T22:07:19.791+0800][27.435s][info][gc,nmethod  ] GC(115) Y: NMethods: 128 registered, 39 unregistered
[2026-01-06T22:07:19.791+0800][27.435s][info][gc,metaspace] GC(115) Y: Metaspace: 0M used, 0M committed, 1088M reserved
[2026-01-06T22:07:19.791+0800][27.435s][info][gc,reloc    ] GC(115) Y:                        Candidates     Selected     In-Place         Size        Empty    Relocated 
[2026-01-06T22:07:19.791+0800][27.435s][info][gc,reloc    ] GC(115) Y: Small Pages:                 1002            0            0        2004M        2002M           0M 
[2026-01-06T22:07:19.791+0800][27.435s][info][gc,reloc    ] GC(115) Y: Medium Pages:                   0            0            0           0M           0M           0M 
[2026-01-06T22:07:19.791+0800][27.435s][info][gc,reloc    ] GC(115) Y: Large Pages:                    0            0            0           0M           0M           0M 
[2026-01-06T22:07:19.791+0800][27.435s][info][gc,reloc    ] GC(115) Y: Forwarding Usage: 0M
[2026-01-06T22:07:19.791+0800][27.435s][info][gc,reloc    ] GC(115) Y: Age Table:
[2026-01-06T22:07:19.791+0800][27.435s][info][gc,reloc    ] GC(115) Y:                    Live             Garbage             Small              Medium             Large        
[2026-01-06T22:07:19.791+0800][27.435s][info][gc,reloc    ] GC(115) Y: Eden               0M (0%)         2001M (49%)       1001 / 0              0 / 0              0 / 0        
[2026-01-06T22:07:19.791+0800][27.435s][info][gc,reloc    ] GC(115) Y: Survivor 1          -                 2M (0%)           1 / 0              0 / 0              0 / 0        
[2026-01-06T22:07:19.791+0800][27.435s][info][gc,heap     ] GC(115) Y: Min Capacity: 8M(0%)
[2026-01-06T22:07:19.791+0800][27.435s][info][gc,heap     ] GC(115) Y: Max Capacity: 4096M(100%)
[2026-01-06T22:07:19.791+0800][27.435s][info][gc,heap     ] GC(115) Y: Soft Max Capacity: 3686M(90%)
[2026-01-06T22:07:19.791+0800][27.435s][info][gc,heap     ] GC(115) Y: Heap Statistics:
[2026-01-06T22:07:19.791+0800][27.435s][info][gc,heap     ] GC(115) Y:                Mark Start          Mark End        Relocate Start      Relocate End           High               Low         
[2026-01-06T22:07:19.791+0800][27.435s][info][gc,heap     ] GC(115) Y:  Capacity:     3498M (85%)        3498M (85%)        3498M (85%)        3498M (85%)        3498M (85%)        3498M (85%)    
[2026-01-06T22:07:19.791+0800][27.435s][info][gc,heap     ] GC(115) Y:      Free:     2090M (51%)        2086M (51%)        4078M (100%)       4078M (100%)       4078M (100%)       2082M (51%)    
[2026-01-06T22:07:19.791+0800][27.435s][info][gc,heap     ] GC(115) Y:      Used:     2006M (49%)        2010M (49%)          18M (0%)           18M (0%)         2014M (49%)          18M (0%)     
[2026-01-06T22:07:19.791+0800][27.435s][info][gc,heap     ] GC(115) Y: Young Generation Statistics:
[2026-01-06T22:07:19.791+0800][27.435s][info][gc,heap     ] GC(115) Y:                Mark Start          Mark End        Relocate Start      Relocate End    
[2026-01-06T22:07:19.791+0800][27.435s][info][gc,heap     ] GC(115) Y:      Used:     2004M (49%)        2008M (49%)          16M (0%)           16M (0%)     
[2026-01-06T22:07:19.791+0800][27.435s][info][gc,heap     ] GC(115) Y:      Live:         -                 0M (0%)            0M (0%)            0M (0%)     
[2026-01-06T22:07:19.791+0800][27.435s][info][gc,heap     ] GC(115) Y:   Garbage:         -              2003M (49%)           1M (0%)            1M (0%)     
[2026-01-06T22:07:19.791+0800][27.435s][info][gc,heap     ] GC(115) Y: Allocated:         -                 4M (0%)           14M (0%)           14M (0%)     
[2026-01-06T22:07:19.791+0800][27.435s][info][gc,heap     ] GC(115) Y: Reclaimed:         -                  -              2002M (49%)        2002M (49%)    
[2026-01-06T22:07:19.791+0800][27.435s][info][gc,heap     ] GC(115) Y:  Promoted:         -                  -                 0M (0%)            0M (0%)     
[2026-01-06T22:07:19.791+0800][27.435s][info][gc,heap     ] GC(115) Y: Compacted:         -                  -                  -                 0M (0%)     
[2026-01-06T22:07:19.791+0800][27.435s][info][gc,phases   ] GC(115) Y: Young Generation 2006M(49%)->18M(0%) 0.009s
[2026-01-06T22:07:19.791+0800][27.435s][info][gc,phases   ] GC(115) O: Old Generation
[2026-01-06T22:07:19.795+0800][27.439s][info][gc,phases   ] GC(115) O: Concurrent Mark 3.614ms
[2026-01-06T22:07:19.795+0800][27.439s][info][gc,phases   ] GC(115) O: Pause Mark End 0.012ms
[2026-01-06T22:07:19.795+0800][27.439s][info][gc,phases   ] GC(115) O: Concurrent Mark Free 0.001ms
[2026-01-06T22:07:19.795+0800][27.439s][info][gc,phases   ] GC(115) O: Concurrent Process Non-Strong 0.513ms
[2026-01-06T22:07:19.795+0800][27.439s][info][gc,phases   ] GC(115) O: Concurrent Reset Relocation Set 0.000ms
[2026-01-06T22:07:19.796+0800][27.439s][info][gc,phases   ] GC(115) O: Concurrent Select Relocation Set 0.034ms
[2026-01-06T22:07:19.796+0800][27.439s][info][gc,task     ] GC(115) O: Using 2 Workers for Old Generation
[2026-01-06T22:07:19.796+0800][27.440s][info][gc,task     ] GC(115) O: Using 1 Workers for Old Generation
[2026-01-06T22:07:19.796+0800][27.440s][info][gc,phases   ] GC(115) O: Concurrent Remap Roots 0.189ms
[2026-01-06T22:07:19.796+0800][27.440s][info][gc,phases   ] GC(115) O: Pause Relocate Start 0.004ms
[2026-01-06T22:07:19.796+0800][27.440s][info][gc,phases   ] GC(115) O: Concurrent Relocate 0.012ms
[2026-01-06T22:07:19.796+0800][27.440s][info][gc,alloc    ] GC(115) O:                         Mark Start        Mark End      Relocate Start    Relocate End   
[2026-01-06T22:07:19.796+0800][27.440s][info][gc,alloc    ] GC(115) O: Allocation Stalls:          0                0                0                0         
[2026-01-06T22:07:19.796+0800][27.440s][info][gc,load     ] GC(115) O: Load: 1.66 (17%) / 1.72 (17%) / 1.98 (20%)
[2026-01-06T22:07:19.796+0800][27.440s][info][gc,mmu      ] GC(115) O: MMU: 2ms/97.4%, 5ms/98.6%, 10ms/99.3%, 20ms/99.5%, 50ms/99.8%, 100ms/99.9%
[2026-01-06T22:07:19.796+0800][27.440s][info][gc,marking  ] GC(115) O: Mark: 1 stripe(s), 2 proactive flush(es), 1 terminate flush(es), 0 completion(s), 0 continuation(s) 
[2026-01-06T22:07:19.796+0800][27.440s][info][gc,nmethod  ] GC(115) O: NMethods: 128 registered, 39 unregistered
[2026-01-06T22:07:19.796+0800][27.440s][info][gc,metaspace] GC(115) O: Metaspace: 0M used, 0M committed, 1088M reserved
[2026-01-06T22:07:19.796+0800][27.440s][info][gc,ref      ] GC(115) O:                       Encountered   Discovered     Enqueued 
[2026-01-06T22:07:19.796+0800][27.440s][info][gc,ref      ] GC(115) O: Soft References:                1            0            0 
[2026-01-06T22:07:19.796+0800][27.440s][info][gc,ref      ] GC(115) O: Weak References:                6            0            0 
[2026-01-06T22:07:19.796+0800][27.440s][info][gc,ref      ] GC(115) O: Final References:               0            0            0 
[2026-01-06T22:07:19.796+0800][27.440s][info][gc,ref      ] GC(115) O: Phantom References:             1            1            0 
[2026-01-06T22:07:19.796+0800][27.440s][info][gc,reloc    ] GC(115) O:                        Candidates     Selected     In-Place         Size        Empty    Relocated 
[2026-01-06T22:07:19.796+0800][27.440s][info][gc,reloc    ] GC(115) O: Small Pages:                    1            0            0           2M           0M           0M 
[2026-01-06T22:07:19.796+0800][27.440s][info][gc,reloc    ] GC(115) O: Medium Pages:                   0            0            0           0M           0M           0M 
[2026-01-06T22:07:19.796+0800][27.440s][info][gc,reloc    ] GC(115) O: Large Pages:                    0            0            0           0M           0M           0M 
[2026-01-06T22:07:19.796+0800][27.440s][info][gc,reloc    ] GC(115) O: Forwarding Usage: 0M
[2026-01-06T22:07:19.796+0800][27.440s][info][gc,heap     ] GC(115) O: Min Capacity: 8M(0%)
[2026-01-06T22:07:19.796+0800][27.440s][info][gc,heap     ] GC(115) O: Max Capacity: 4096M(100%)
[2026-01-06T22:07:19.796+0800][27.440s][info][gc,heap     ] GC(115) O: Soft Max Capacity: 3686M(90%)
[2026-01-06T22:07:19.796+0800][27.440s][info][gc,heap     ] GC(115) O: Heap Statistics:
[2026-01-06T22:07:19.796+0800][27.440s][info][gc,heap     ] GC(115) O:                Mark Start          Mark End        Relocate Start      Relocate End           High               Low         
[2026-01-06T22:07:19.796+0800][27.440s][info][gc,heap     ] GC(115) O:  Capacity:     3498M (85%)        3498M (85%)        3498M (85%)        3498M (85%)        3498M (85%)        3498M (85%)    
[2026-01-06T22:07:19.796+0800][27.440s][info][gc,heap     ] GC(115) O:      Free:     2090M (51%)        4066M (99%)        4062M (99%)        4062M (99%)        4078M (100%)       2082M (51%)    
[2026-01-06T22:07:19.796+0800][27.440s][info][gc,heap     ] GC(115) O:      Used:     2006M (49%)          30M (1%)           34M (1%)           34M (1%)         2014M (49%)          18M (0%)     
[2026-01-06T22:07:19.796+0800][27.440s][info][gc,heap     ] GC(115) O: Old Generation Statistics:
[2026-01-06T22:07:19.796+0800][27.440s][info][gc,heap     ] GC(115) O:                Mark Start          Mark End        Relocate Start      Relocate End    
[2026-01-06T22:07:19.796+0800][27.440s][info][gc,heap     ] GC(115) O:      Used:        2M (0%)            2M (0%)            2M (0%)            2M (0%)     
[2026-01-06T22:07:19.796+0800][27.440s][info][gc,heap     ] GC(115) O:      Live:         -                 0M (0%)            0M (0%)            0M (0%)     
[2026-01-06T22:07:19.796+0800][27.440s][info][gc,heap     ] GC(115) O:   Garbage:         -                 1M (0%)            1M (0%)            1M (0%)     
[2026-01-06T22:07:19.796+0800][27.440s][info][gc,heap     ] GC(115) O: Allocated:         -                 0M (0%)            0M (0%)            0M (0%)     
[2026-01-06T22:07:19.796+0800][27.440s][info][gc,heap     ] GC(115) O: Reclaimed:         -                  -                 0M (0%)            0M (0%)     
[2026-01-06T22:07:19.796+0800][27.440s][info][gc,heap     ] GC(115) O: Compacted:         -                  -                  -                 0M (0%)     
[2026-01-06T22:07:19.796+0800][27.440s][info][gc,phases   ] GC(115) O: Old Generation 20M(0%)->34M(1%) 0.005s
[2026-01-06T22:07:19.796+0800][27.440s][info][gc          ] GC(115) Major Collection (Proactive) 2006M(49%)->34M(1%) 0.015s
[2026-01-06T22:07:20.892+0800][28.536s][info][gc          ] GC(116) Major Collection (Proactive)
[2026-01-06T22:07:20.892+0800][28.536s][info][gc,task     ] GC(116) Using 1 Workers for Young Generation
[2026-01-06T22:07:20.892+0800][28.536s][info][gc,task     ] GC(116) Using 1 Workers for Old Generation
[2026-01-06T22:07:20.892+0800][28.536s][info][gc,phases   ] GC(116) Y: Young Generation
[2026-01-06T22:07:20.892+0800][28.536s][info][gc,phases   ] GC(116) Y: Pause Mark Start (Major) 0.025ms
[2026-01-06T22:07:20.893+0800][28.537s][info][gc,phases   ] GC(116) Y: Concurrent Mark 0.688ms
[2026-01-06T22:07:20.893+0800][28.537s][info][gc,phases   ] GC(116) Y: Pause Mark End 0.004ms
[2026-01-06T22:07:20.893+0800][28.537s][info][gc,phases   ] GC(116) Y: Concurrent Mark Free 0.004ms
[2026-01-06T22:07:20.893+0800][28.537s][info][gc,phases   ] GC(116) Y: Concurrent Reset Relocation Set 0.000ms
[2026-01-06T22:07:20.895+0800][28.539s][info][gc,reloc    ] GC(116) Y: Using tenuring threshold: 1 (Computed)
[2026-01-06T22:07:20.895+0800][28.539s][info][gc,phases   ] GC(116) Y: Concurrent Select Relocation Set 2.335ms
[2026-01-06T22:07:20.895+0800][28.539s][info][gc,phases   ] GC(116) Y: Pause Relocate Start 0.003ms
[2026-01-06T22:07:20.896+0800][28.540s][info][gc,phases   ] GC(116) Y: Concurrent Relocate 0.010ms
[2026-01-06T22:07:20.896+0800][28.540s][info][gc,alloc    ] GC(116) Y:                         Mark Start        Mark End      Relocate Start    Relocate End   
[2026-01-06T22:07:20.896+0800][28.540s][info][gc,alloc    ] GC(116) Y: Allocation Stalls:          0                0                0                0         
[2026-01-06T22:07:20.896+0800][28.540s][info][gc,load     ] GC(116) Y: Load: 1.66 (17%) / 1.72 (17%) / 1.98 (20%)
[2026-01-06T22:07:20.896+0800][28.540s][info][gc,mmu      ] GC(116) Y: MMU: 2ms/97.4%, 5ms/98.6%, 10ms/99.3%, 20ms/99.5%, 50ms/99.8%, 100ms/99.9%
[2026-01-06T22:07:20.896+0800][28.540s][info][gc,marking  ] GC(116) Y: Mark: 1 stripe(s), 2 proactive flush(es), 1 terminate flush(es), 0 completion(s), 0 continuation(s) 
[2026-01-06T22:07:20.896+0800][28.540s][info][gc,nmethod  ] GC(116) Y: NMethods: 128 registered, 39 unregistered
[2026-01-06T22:07:20.896+0800][28.540s][info][gc,metaspace] GC(116) Y: Metaspace: 0M used, 0M committed, 1088M reserved
[2026-01-06T22:07:20.896+0800][28.540s][info][gc,reloc    ] GC(116) Y:                        Candidates     Selected     In-Place         Size        Empty    Relocated 
[2026-01-06T22:07:20.896+0800][28.540s][info][gc,reloc    ] GC(116) Y: Small Pages:                 1295            0            0        2590M        2588M           0M 
[2026-01-06T22:07:20.896+0800][28.540s][info][gc,reloc    ] GC(116) Y: Medium Pages:                   0            0            0           0M           0M           0M 
[2026-01-06T22:07:20.896+0800][28.540s][info][gc,reloc    ] GC(116) Y: Large Pages:                    0            0            0           0M           0M           0M 
[2026-01-06T22:07:20.896+0800][28.540s][info][gc,reloc    ] GC(116) Y: Forwarding Usage: 0M
[2026-01-06T22:07:20.896+0800][28.540s][info][gc,reloc    ] GC(116) Y: Age Table:
[2026-01-06T22:07:20.896+0800][28.540s][info][gc,reloc    ] GC(116) Y:                    Live             Garbage             Small              Medium             Large        
[2026-01-06T22:07:20.896+0800][28.540s][info][gc,reloc    ] GC(116) Y: Eden               0M (0%)         2587M (63%)       1294 / 0              0 / 0              0 / 0        
[2026-01-06T22:07:20.896+0800][28.540s][info][gc,reloc    ] GC(116) Y: Survivor 1          -                 2M (0%)           1 / 0              0 / 0              0 / 0        
[2026-01-06T22:07:20.896+0800][28.540s][info][gc,heap     ] GC(116) Y: Min Capacity: 8M(0%)
[2026-01-06T22:07:20.896+0800][28.540s][info][gc,heap     ] GC(116) Y: Max Capacity: 4096M(100%)
[2026-01-06T22:07:20.896+0800][28.540s][info][gc,heap     ] GC(116) Y: Soft Max Capacity: 3686M(90%)
[2026-01-06T22:07:20.896+0800][28.540s][info][gc,heap     ] GC(116) Y: Heap Statistics:
[2026-01-06T22:07:20.896+0800][28.540s][info][gc,heap     ] GC(116) Y:                Mark Start          Mark End        Relocate Start      Relocate End           High               Low         
[2026-01-06T22:07:20.896+0800][28.540s][info][gc,heap     ] GC(116) Y:  Capacity:     3498M (85%)        3498M (85%)        3498M (85%)        3498M (85%)        3498M (85%)        3498M (85%)    
[2026-01-06T22:07:20.896+0800][28.540s][info][gc,heap     ] GC(116) Y:      Free:     1504M (37%)        1500M (37%)        4080M (100%)       4080M (100%)       4080M (100%)       1498M (37%)    
[2026-01-06T22:07:20.896+0800][28.540s][info][gc,heap     ] GC(116) Y:      Used:     2592M (63%)        2596M (63%)          16M (0%)           16M (0%)         2598M (63%)          16M (0%)     
[2026-01-06T22:07:20.896+0800][28.540s][info][gc,heap     ] GC(116) Y: Young Generation Statistics:
[2026-01-06T22:07:20.896+0800][28.540s][info][gc,heap     ] GC(116) Y:                Mark Start          Mark End        Relocate Start      Relocate End    
[2026-01-06T22:07:20.896+0800][28.540s][info][gc,heap     ] GC(116) Y:      Used:     2590M (63%)        2594M (63%)          14M (0%)           14M (0%)     
[2026-01-06T22:07:20.896+0800][28.540s][info][gc,heap     ] GC(116) Y:      Live:         -                 0M (0%)            0M (0%)            0M (0%)     
[2026-01-06T22:07:20.896+0800][28.540s][info][gc,heap     ] GC(116) Y:   Garbage:         -              2589M (63%)           1M (0%)            1M (0%)     
[2026-01-06T22:07:20.896+0800][28.540s][info][gc,heap     ] GC(116) Y: Allocated:         -                 4M (0%)           12M (0%)           12M (0%)     
[2026-01-06T22:07:20.896+0800][28.540s][info][gc,heap     ] GC(116) Y: Reclaimed:         -                  -              2588M (63%)        2588M (63%)    
[2026-01-06T22:07:20.896+0800][28.540s][info][gc,heap     ] GC(116) Y:  Promoted:         -                  -                 0M (0%)            0M (0%)     
[2026-01-06T22:07:20.896+0800][28.540s][info][gc,heap     ] GC(116) Y: Compacted:         -                  -                  -                 0M (0%)     
[2026-01-06T22:07:20.896+0800][28.540s][info][gc,phases   ] GC(116) Y: Young Generation 2592M(63%)->16M(0%) 0.004s
[2026-01-06T22:07:20.896+0800][28.540s][info][gc,phases   ] GC(116) O: Old Generation
[2026-01-06T22:07:20.899+0800][28.543s][info][gc,phases   ] GC(116) O: Concurrent Mark 2.574ms
[2026-01-06T22:07:20.899+0800][28.543s][info][gc,phases   ] GC(116) O: Pause Mark End 0.006ms
[2026-01-06T22:07:20.899+0800][28.543s][info][gc,phases   ] GC(116) O: Concurrent Mark Free 0.000ms
[2026-01-06T22:07:20.899+0800][28.543s][info][gc,phases   ] GC(116) O: Concurrent Process Non-Strong 0.523ms
[2026-01-06T22:07:20.899+0800][28.543s][info][gc,phases   ] GC(116) O: Concurrent Reset Relocation Set 0.000ms
[2026-01-06T22:07:20.899+0800][28.543s][info][gc,phases   ] GC(116) O: Concurrent Select Relocation Set 0.048ms
[2026-01-06T22:07:20.899+0800][28.543s][info][gc,task     ] GC(116) O: Using 2 Workers for Old Generation
[2026-01-06T22:07:20.899+0800][28.543s][info][gc,task     ] GC(116) O: Using 1 Workers for Old Generation
[2026-01-06T22:07:20.899+0800][28.543s][info][gc,phases   ] GC(116) O: Concurrent Remap Roots 0.093ms
[2026-01-06T22:07:20.900+0800][28.543s][info][gc,phases   ] GC(116) O: Pause Relocate Start 0.002ms
[2026-01-06T22:07:20.900+0800][28.543s][info][gc,phases   ] GC(116) O: Concurrent Relocate 0.010ms
[2026-01-06T22:07:20.900+0800][28.543s][info][gc,alloc    ] GC(116) O:                         Mark Start        Mark End      Relocate Start    Relocate End   
[2026-01-06T22:07:20.900+0800][28.543s][info][gc,alloc    ] GC(116) O: Allocation Stalls:          0                0                0                0         
[2026-01-06T22:07:20.900+0800][28.543s][info][gc,load     ] GC(116) O: Load: 1.66 (17%) / 1.72 (17%) / 1.98 (20%)
[2026-01-06T22:07:20.900+0800][28.543s][info][gc,mmu      ] GC(116) O: MMU: 2ms/97.4%, 5ms/98.6%, 10ms/99.3%, 20ms/99.5%, 50ms/99.8%, 100ms/99.9%
[2026-01-06T22:07:20.900+0800][28.543s][info][gc,marking  ] GC(116) O: Mark: 1 stripe(s), 2 proactive flush(es), 1 terminate flush(es), 0 completion(s), 0 continuation(s) 
[2026-01-06T22:07:20.900+0800][28.543s][info][gc,nmethod  ] GC(116) O: NMethods: 128 registered, 39 unregistered
[2026-01-06T22:07:20.900+0800][28.543s][info][gc,metaspace] GC(116) O: Metaspace: 0M used, 0M committed, 1088M reserved
[2026-01-06T22:07:20.900+0800][28.543s][info][gc,ref      ] GC(116) O:                       Encountered   Discovered     Enqueued 
[2026-01-06T22:07:20.900+0800][28.543s][info][gc,ref      ] GC(116) O: Soft References:                1            0            0 
[2026-01-06T22:07:20.900+0800][28.543s][info][gc,ref      ] GC(116) O: Weak References:                6            0            0 
[2026-01-06T22:07:20.900+0800][28.543s][info][gc,ref      ] GC(116) O: Final References:               0            0            0 
[2026-01-06T22:07:20.900+0800][28.543s][info][gc,ref      ] GC(116) O: Phantom References:             1            1            0 
[2026-01-06T22:07:20.900+0800][28.543s][info][gc,reloc    ] GC(116) O:                        Candidates     Selected     In-Place         Size        Empty    Relocated 
[2026-01-06T22:07:20.900+0800][28.543s][info][gc,reloc    ] GC(116) O: Small Pages:                    1            0            0           2M           0M           0M 
[2026-01-06T22:07:20.900+0800][28.543s][info][gc,reloc    ] GC(116) O: Medium Pages:                   0            0            0           0M           0M           0M 
[2026-01-06T22:07:20.900+0800][28.543s][info][gc,reloc    ] GC(116) O: Large Pages:                    0            0            0           0M           0M           0M 
[2026-01-06T22:07:20.900+0800][28.543s][info][gc,reloc    ] GC(116) O: Forwarding Usage: 0M
[2026-01-06T22:07:20.900+0800][28.544s][info][gc,heap     ] GC(116) O: Min Capacity: 8M(0%)
[2026-01-06T22:07:20.900+0800][28.544s][info][gc,heap     ] GC(116) O: Max Capacity: 4096M(100%)
[2026-01-06T22:07:20.900+0800][28.544s][info][gc,heap     ] GC(116) O: Soft Max Capacity: 3686M(90%)
[2026-01-06T22:07:20.900+0800][28.544s][info][gc,heap     ] GC(116) O: Heap Statistics:
[2026-01-06T22:07:20.900+0800][28.544s][info][gc,heap     ] GC(116) O:                Mark Start          Mark End        Relocate Start      Relocate End           High               Low         
[2026-01-06T22:07:20.900+0800][28.544s][info][gc,heap     ] GC(116) O:  Capacity:     3498M (85%)        3498M (85%)        3498M (85%)        3498M (85%)        3498M (85%)        3498M (85%)    
[2026-01-06T22:07:20.900+0800][28.544s][info][gc,heap     ] GC(116) O:      Free:     1504M (37%)        4076M (100%)       4074M (99%)        4074M (99%)        4080M (100%)       1498M (37%)    
[2026-01-06T22:07:20.900+0800][28.544s][info][gc,heap     ] GC(116) O:      Used:     2592M (63%)          20M (0%)           22M (1%)           22M (1%)         2598M (63%)          16M (0%)     
[2026-01-06T22:07:20.900+0800][28.544s][info][gc,heap     ] GC(116) O: Old Generation Statistics:
[2026-01-06T22:07:20.900+0800][28.544s][info][gc,heap     ] GC(116) O:                Mark Start          Mark End        Relocate Start      Relocate End    
[2026-01-06T22:07:20.900+0800][28.544s][info][gc,heap     ] GC(116) O:      Used:        2M (0%)            2M (0%)            2M (0%)            2M (0%)     
[2026-01-06T22:07:20.900+0800][28.544s][info][gc,heap     ] GC(116) O:      Live:         -                 0M (0%)            0M (0%)            0M (0%)     
[2026-01-06T22:07:20.900+0800][28.544s][info][gc,heap     ] GC(116) O:   Garbage:         -                 1M (0%)            1M (0%)            1M (0%)     
[2026-01-06T22:07:20.900+0800][28.544s][info][gc,heap     ] GC(116) O: Allocated:         -                 0M (0%)            0M (0%)            0M (0%)     
[2026-01-06T22:07:20.900+0800][28.544s][info][gc,heap     ] GC(116) O: Reclaimed:         -                  -                 0M (0%)            0M (0%)     
[2026-01-06T22:07:20.900+0800][28.544s][info][gc,heap     ] GC(116) O: Compacted:         -                  -                  -                 0M (0%)     
[2026-01-06T22:07:20.900+0800][28.544s][info][gc,phases   ] GC(116) O: Old Generation 16M(0%)->22M(1%) 0.004s
[2026-01-06T22:07:20.900+0800][28.544s][info][gc          ] GC(116) Major Collection (Proactive) 2592M(63%)->24M(1%) 0.008s
[2026-01-06T22:07:21.812+0800][29.456s][info][gc          ] GC(117) Major Collection (Proactive)
[2026-01-06T22:07:21.813+0800][29.457s][info][gc,task     ] GC(117) Using 1 Workers for Young Generation
[2026-01-06T22:07:21.813+0800][29.457s][info][gc,task     ] GC(117) Using 1 Workers for Old Generation
[2026-01-06T22:07:21.813+0800][29.457s][info][gc,phases   ] GC(117) Y: Young Generation
[2026-01-06T22:07:21.814+0800][29.457s][info][gc,phases   ] GC(117) Y: Pause Mark Start (Major) 0.052ms
[2026-01-06T22:07:21.817+0800][29.461s][info][gc,phases   ] GC(117) Y: Concurrent Mark 3.290ms
[2026-01-06T22:07:21.817+0800][29.461s][info][gc,phases   ] GC(117) Y: Pause Mark End 0.005ms
[2026-01-06T22:07:21.817+0800][29.461s][info][gc,phases   ] GC(117) Y: Concurrent Mark Free 0.063ms
[2026-01-06T22:07:21.817+0800][29.461s][info][gc,phases   ] GC(117) Y: Concurrent Reset Relocation Set 0.000ms
[2026-01-06T22:07:21.833+0800][29.477s][info][gc,reloc    ] GC(117) Y: Using tenuring threshold: 1 (Computed)
[2026-01-06T22:07:21.833+0800][29.477s][info][gc,phases   ] GC(117) Y: Concurrent Select Relocation Set 15.445ms
[2026-01-06T22:07:21.833+0800][29.477s][info][gc,phases   ] GC(117) Y: Pause Relocate Start 0.005ms
[2026-01-06T22:07:21.833+0800][29.477s][info][gc,phases   ] GC(117) Y: Concurrent Relocate 0.010ms
[2026-01-06T22:07:21.833+0800][29.477s][info][gc,alloc    ] GC(117) Y:                         Mark Start        Mark End      Relocate Start    Relocate End   
[2026-01-06T22:07:21.833+0800][29.477s][info][gc,alloc    ] GC(117) Y: Allocation Stalls:          0                0                0                0         
[2026-01-06T22:07:21.833+0800][29.477s][info][gc,load     ] GC(117) Y: Load: 2.17 (22%) / 1.83 (18%) / 2.02 (20%)
[2026-01-06T22:07:21.833+0800][29.477s][info][gc,mmu      ] GC(117) Y: MMU: 2ms/97.4%, 5ms/98.6%, 10ms/99.3%, 20ms/99.5%, 50ms/99.8%, 100ms/99.9%
[2026-01-06T22:07:21.833+0800][29.477s][info][gc,marking  ] GC(117) Y: Mark: 1 stripe(s), 2 proactive flush(es), 1 terminate flush(es), 0 completion(s), 0 continuation(s) 
[2026-01-06T22:07:21.833+0800][29.477s][info][gc,nmethod  ] GC(117) Y: NMethods: 128 registered, 39 unregistered
[2026-01-06T22:07:21.833+0800][29.477s][info][gc,metaspace] GC(117) Y: Metaspace: 0M used, 0M committed, 1088M reserved
[2026-01-06T22:07:21.833+0800][29.477s][info][gc,reloc    ] GC(117) Y:                        Candidates     Selected     In-Place         Size        Empty    Relocated 
[2026-01-06T22:07:21.833+0800][29.477s][info][gc,reloc    ] GC(117) Y: Small Pages:                 1498            0            0        2996M        2994M           0M 
[2026-01-06T22:07:21.833+0800][29.477s][info][gc,reloc    ] GC(117) Y: Medium Pages:                   0            0            0           0M           0M           0M 
[2026-01-06T22:07:21.833+0800][29.477s][info][gc,reloc    ] GC(117) Y: Large Pages:                    0            0            0           0M           0M           0M 
[2026-01-06T22:07:21.833+0800][29.477s][info][gc,reloc    ] GC(117) Y: Forwarding Usage: 0M
[2026-01-06T22:07:21.833+0800][29.477s][info][gc,reloc    ] GC(117) Y: Age Table:
[2026-01-06T22:07:21.833+0800][29.477s][info][gc,reloc    ] GC(117) Y:                    Live             Garbage             Small              Medium             Large        
[2026-01-06T22:07:21.833+0800][29.477s][info][gc,reloc    ] GC(117) Y: Eden               0M (0%)         2993M (73%)       1497 / 0              0 / 0              0 / 0        
[2026-01-06T22:07:21.833+0800][29.477s][info][gc,reloc    ] GC(117) Y: Survivor 1          -                 2M (0%)           1 / 0              0 / 0              0 / 0        
[2026-01-06T22:07:21.833+0800][29.477s][info][gc,heap     ] GC(117) Y: Min Capacity: 8M(0%)
[2026-01-06T22:07:21.833+0800][29.477s][info][gc,heap     ] GC(117) Y: Max Capacity: 4096M(100%)
[2026-01-06T22:07:21.833+0800][29.477s][info][gc,heap     ] GC(117) Y: Soft Max Capacity: 3686M(90%)
[2026-01-06T22:07:21.833+0800][29.477s][info][gc,heap     ] GC(117) Y: Heap Statistics:
[2026-01-06T22:07:21.833+0800][29.477s][info][gc,heap     ] GC(117) Y:                Mark Start          Mark End        Relocate Start      Relocate End           High               Low         
[2026-01-06T22:07:21.833+0800][29.477s][info][gc,heap     ] GC(117) Y:  Capacity:     3498M (85%)        3498M (85%)        3498M (85%)        3498M (85%)        3498M (85%)        3498M (85%)    
[2026-01-06T22:07:21.833+0800][29.477s][info][gc,heap     ] GC(117) Y:      Free:     1098M (27%)        1096M (27%)        4088M (100%)       4088M (100%)       4088M (100%)       1096M (27%)    
[2026-01-06T22:07:21.833+0800][29.477s][info][gc,heap     ] GC(117) Y:      Used:     2998M (73%)        3000M (73%)           8M (0%)            8M (0%)         3000M (73%)           8M (0%)     
[2026-01-06T22:07:21.833+0800][29.477s][info][gc,heap     ] GC(117) Y: Young Generation Statistics:
[2026-01-06T22:07:21.833+0800][29.477s][info][gc,heap     ] GC(117) Y:                Mark Start          Mark End        Relocate Start      Relocate End    
[2026-01-06T22:07:21.833+0800][29.477s][info][gc,heap     ] GC(117) Y:      Used:     2996M (73%)        2998M (73%)           6M (0%)            6M (0%)     
[2026-01-06T22:07:21.833+0800][29.477s][info][gc,heap     ] GC(117) Y:      Live:         -                 0M (0%)            0M (0%)            0M (0%)     
[2026-01-06T22:07:21.833+0800][29.477s][info][gc,heap     ] GC(117) Y:   Garbage:         -              2995M (73%)           1M (0%)            1M (0%)     
[2026-01-06T22:07:21.833+0800][29.477s][info][gc,heap     ] GC(117) Y: Allocated:         -                 2M (0%)            4M (0%)            4M (0%)     
[2026-01-06T22:07:21.833+0800][29.477s][info][gc,heap     ] GC(117) Y: Reclaimed:         -                  -              2994M (73%)        2994M (73%)    
[2026-01-06T22:07:21.833+0800][29.477s][info][gc,heap     ] GC(117) Y:  Promoted:         -                  -                 0M (0%)            0M (0%)     
[2026-01-06T22:07:21.833+0800][29.477s][info][gc,heap     ] GC(117) Y: Compacted:         -                  -                  -                 0M (0%)     
[2026-01-06T22:07:21.833+0800][29.477s][info][gc,phases   ] GC(117) Y: Young Generation 2998M(73%)->8M(0%) 0.020s
[2026-01-06T22:07:21.833+0800][29.477s][info][gc,phases   ] GC(117) O: Old Generation
[2026-01-06T22:07:21.835+0800][29.479s][info][gc,phases   ] GC(117) O: Concurrent Mark 2.209ms
[2026-01-06T22:07:21.835+0800][29.479s][info][gc,phases   ] GC(117) O: Pause Mark End 0.008ms
[2026-01-06T22:07:21.835+0800][29.479s][info][gc,phases   ] GC(117) O: Concurrent Mark Free 0.000ms
[2026-01-06T22:07:21.836+0800][29.480s][info][gc,phases   ] GC(117) O: Concurrent Process Non-Strong 0.493ms
[2026-01-06T22:07:21.836+0800][29.480s][info][gc,phases   ] GC(117) O: Concurrent Reset Relocation Set 0.000ms
[2026-01-06T22:07:21.836+0800][29.480s][info][gc,phases   ] GC(117) O: Concurrent Select Relocation Set 0.017ms
[2026-01-06T22:07:21.836+0800][29.480s][info][gc,task     ] GC(117) O: Using 2 Workers for Old Generation
[2026-01-06T22:07:21.836+0800][29.480s][info][gc,task     ] GC(117) O: Using 1 Workers for Old Generation
[2026-01-06T22:07:21.836+0800][29.480s][info][gc,phases   ] GC(117) O: Concurrent Remap Roots 0.108ms
[2026-01-06T22:07:21.836+0800][29.480s][info][gc,phases   ] GC(117) O: Pause Relocate Start 0.002ms
[2026-01-06T22:07:21.836+0800][29.480s][info][gc,phases   ] GC(117) O: Concurrent Relocate 0.005ms
[2026-01-06T22:07:21.836+0800][29.480s][info][gc,alloc    ] GC(117) O:                         Mark Start        Mark End      Relocate Start    Relocate End   
[2026-01-06T22:07:21.836+0800][29.480s][info][gc,alloc    ] GC(117) O: Allocation Stalls:          0                0                0                0         
[2026-01-06T22:07:21.836+0800][29.480s][info][gc,load     ] GC(117) O: Load: 2.17 (22%) / 1.83 (18%) / 2.02 (20%)
[2026-01-06T22:07:21.836+0800][29.480s][info][gc,mmu      ] GC(117) O: MMU: 2ms/97.4%, 5ms/98.6%, 10ms/99.3%, 20ms/99.5%, 50ms/99.8%, 100ms/99.9%
[2026-01-06T22:07:21.836+0800][29.480s][info][gc,marking  ] GC(117) O: Mark: 1 stripe(s), 2 proactive flush(es), 1 terminate flush(es), 0 completion(s), 0 continuation(s) 
[2026-01-06T22:07:21.836+0800][29.480s][info][gc,nmethod  ] GC(117) O: NMethods: 128 registered, 39 unregistered
[2026-01-06T22:07:21.836+0800][29.480s][info][gc,metaspace] GC(117) O: Metaspace: 0M used, 0M committed, 1088M reserved
[2026-01-06T22:07:21.836+0800][29.480s][info][gc,ref      ] GC(117) O:                       Encountered   Discovered     Enqueued 
[2026-01-06T22:07:21.836+0800][29.480s][info][gc,ref      ] GC(117) O: Soft References:                1            0            0 
[2026-01-06T22:07:21.836+0800][29.480s][info][gc,ref      ] GC(117) O: Weak References:                6            0            0 
[2026-01-06T22:07:21.836+0800][29.480s][info][gc,ref      ] GC(117) O: Final References:               0            0            0 
[2026-01-06T22:07:21.836+0800][29.480s][info][gc,ref      ] GC(117) O: Phantom References:             1            1            0 
[2026-01-06T22:07:21.836+0800][29.480s][info][gc,reloc    ] GC(117) O:                        Candidates     Selected     In-Place         Size        Empty    Relocated 
[2026-01-06T22:07:21.836+0800][29.480s][info][gc,reloc    ] GC(117) O: Small Pages:                    1            0            0           2M           0M           0M 
[2026-01-06T22:07:21.836+0800][29.480s][info][gc,reloc    ] GC(117) O: Medium Pages:                   0            0            0           0M           0M           0M 
[2026-01-06T22:07:21.836+0800][29.480s][info][gc,reloc    ] GC(117) O: Large Pages:                    0            0            0           0M           0M           0M 
[2026-01-06T22:07:21.836+0800][29.480s][info][gc,reloc    ] GC(117) O: Forwarding Usage: 0M
[2026-01-06T22:07:21.836+0800][29.480s][info][gc,heap     ] GC(117) O: Min Capacity: 8M(0%)
[2026-01-06T22:07:21.836+0800][29.480s][info][gc,heap     ] GC(117) O: Max Capacity: 4096M(100%)
[2026-01-06T22:07:21.836+0800][29.480s][info][gc,heap     ] GC(117) O: Soft Max Capacity: 3686M(90%)
[2026-01-06T22:07:21.836+0800][29.480s][info][gc,heap     ] GC(117) O: Heap Statistics:
[2026-01-06T22:07:21.836+0800][29.480s][info][gc,heap     ] GC(117) O:                Mark Start          Mark End        Relocate Start      Relocate End           High               Low         
[2026-01-06T22:07:21.836+0800][29.480s][info][gc,heap     ] GC(117) O:  Capacity:     3498M (85%)        3498M (85%)        3498M (85%)        3498M (85%)        3498M (85%)        3498M (85%)    
[2026-01-06T22:07:21.836+0800][29.480s][info][gc,heap     ] GC(117) O:      Free:     1098M (27%)        4084M (100%)       4082M (100%)       4082M (100%)       4088M (100%)       1096M (27%)    
[2026-01-06T22:07:21.836+0800][29.480s][info][gc,heap     ] GC(117) O:      Used:     2998M (73%)          12M (0%)           14M (0%)           14M (0%)         3000M (73%)           8M (0%)     
[2026-01-06T22:07:21.836+0800][29.480s][info][gc,heap     ] GC(117) O: Old Generation Statistics:
[2026-01-06T22:07:21.836+0800][29.480s][info][gc,heap     ] GC(117) O:                Mark Start          Mark End        Relocate Start      Relocate End    
[2026-01-06T22:07:21.836+0800][29.480s][info][gc,heap     ] GC(117) O:      Used:        2M (0%)            2M (0%)            2M (0%)            2M (0%)     
[2026-01-06T22:07:21.836+0800][29.480s][info][gc,heap     ] GC(117) O:      Live:         -                 0M (0%)            0M (0%)            0M (0%)     
[2026-01-06T22:07:21.836+0800][29.480s][info][gc,heap     ] GC(117) O:   Garbage:         -                 1M (0%)            1M (0%)            1M (0%)     
[2026-01-06T22:07:21.836+0800][29.480s][info][gc,heap     ] GC(117) O: Allocated:         -                 0M (0%)            0M (0%)            0M (0%)     
[2026-01-06T22:07:21.836+0800][29.480s][info][gc,heap     ] GC(117) O: Reclaimed:         -                  -                 0M (0%)            0M (0%)     
[2026-01-06T22:07:21.836+0800][29.480s][info][gc,heap     ] GC(117) O: Compacted:         -                  -                  -                 0M (0%)     
[2026-01-06T22:07:21.836+0800][29.480s][info][gc,phases   ] GC(117) O: Old Generation 8M(0%)->14M(0%) 0.003s
[2026-01-06T22:07:21.836+0800][29.480s][info][gc          ] GC(117) Major Collection (Proactive) 2998M(73%)->14M(0%) 0.024s
[2026-01-06T22:07:22.879+0800][30.523s][info][gc          ] GC(118) Minor Collection (High Usage)
[2026-01-06T22:07:22.880+0800][30.524s][info][gc,task     ] GC(118) Using 1 Workers for Young Generation
[2026-01-06T22:07:22.880+0800][30.524s][info][gc,phases   ] GC(118) y: Young Generation
[2026-01-06T22:07:22.880+0800][30.524s][info][gc,phases   ] GC(118) y: Pause Mark Start 0.014ms
[2026-01-06T22:07:22.881+0800][30.525s][info][gc,phases   ] GC(118) y: Concurrent Mark 0.597ms
[2026-01-06T22:07:22.881+0800][30.525s][info][gc,phases   ] GC(118) y: Pause Mark End 0.004ms
[2026-01-06T22:07:22.881+0800][30.525s][info][gc,phases   ] GC(118) y: Concurrent Mark Free 0.004ms
[2026-01-06T22:07:22.881+0800][30.525s][info][gc,phases   ] GC(118) y: Concurrent Reset Relocation Set 0.000ms
[2026-01-06T22:07:22.884+0800][30.528s][info][gc,reloc    ] GC(118) y: Using tenuring threshold: 1 (Computed)
[2026-01-06T22:07:22.884+0800][30.528s][info][gc,phases   ] GC(118) y: Concurrent Select Relocation Set 3.389ms
[2026-01-06T22:07:22.884+0800][30.528s][info][gc,phases   ] GC(118) y: Pause Relocate Start 0.002ms
[2026-01-06T22:07:22.884+0800][30.528s][info][gc,phases   ] GC(118) y: Concurrent Relocate 0.011ms
[2026-01-06T22:07:22.884+0800][30.528s][info][gc,alloc    ] GC(118) y:                         Mark Start        Mark End      Relocate Start    Relocate End   
[2026-01-06T22:07:22.884+0800][30.528s][info][gc,alloc    ] GC(118) y: Allocation Stalls:          0                0                0                0         
[2026-01-06T22:07:22.884+0800][30.528s][info][gc,load     ] GC(118) y: Load: 2.17 (22%) / 1.83 (18%) / 2.02 (20%)
[2026-01-06T22:07:22.884+0800][30.528s][info][gc,mmu      ] GC(118) y: MMU: 2ms/97.4%, 5ms/98.6%, 10ms/99.3%, 20ms/99.5%, 50ms/99.8%, 100ms/99.9%
[2026-01-06T22:07:22.884+0800][30.528s][info][gc,marking  ] GC(118) y: Mark: 1 stripe(s), 2 proactive flush(es), 1 terminate flush(es), 0 completion(s), 0 continuation(s) 
[2026-01-06T22:07:22.884+0800][30.528s][info][gc,nmethod  ] GC(118) y: NMethods: 128 registered, 39 unregistered
[2026-01-06T22:07:22.884+0800][30.528s][info][gc,metaspace] GC(118) y: Metaspace: 0M used, 0M committed, 1088M reserved
[2026-01-06T22:07:22.884+0800][30.528s][info][gc,reloc    ] GC(118) y:                        Candidates     Selected     In-Place         Size        Empty    Relocated 
[2026-01-06T22:07:22.884+0800][30.528s][info][gc,reloc    ] GC(118) y: Small Pages:                 1744            0            0        3488M        3486M           0M 
[2026-01-06T22:07:22.884+0800][30.528s][info][gc,reloc    ] GC(118) y: Medium Pages:                   0            0            0           0M           0M           0M 
[2026-01-06T22:07:22.884+0800][30.528s][info][gc,reloc    ] GC(118) y: Large Pages:                    0            0            0           0M           0M           0M 
[2026-01-06T22:07:22.884+0800][30.528s][info][gc,reloc    ] GC(118) y: Forwarding Usage: 0M
[2026-01-06T22:07:22.884+0800][30.528s][info][gc,reloc    ] GC(118) y: Age Table:
[2026-01-06T22:07:22.884+0800][30.528s][info][gc,reloc    ] GC(118) y:                    Live             Garbage             Small              Medium             Large        
[2026-01-06T22:07:22.884+0800][30.528s][info][gc,reloc    ] GC(118) y: Eden               0M (0%)         3485M (85%)       1743 / 0              0 / 0              0 / 0        
[2026-01-06T22:07:22.884+0800][30.528s][info][gc,reloc    ] GC(118) y: Survivor 1          -                 2M (0%)           1 / 0              0 / 0              0 / 0        
[2026-01-06T22:07:22.884+0800][30.528s][info][gc,heap     ] GC(118) y: Min Capacity: 8M(0%)
[2026-01-06T22:07:22.884+0800][30.528s][info][gc,heap     ] GC(118) y: Max Capacity: 4096M(100%)
[2026-01-06T22:07:22.884+0800][30.528s][info][gc,heap     ] GC(118) y: Soft Max Capacity: 3686M(90%)
[2026-01-06T22:07:22.884+0800][30.528s][info][gc,heap     ] GC(118) y: Heap Statistics:
[2026-01-06T22:07:22.884+0800][30.528s][info][gc,heap     ] GC(118) y:                Mark Start          Mark End        Relocate Start      Relocate End           High               Low         
[2026-01-06T22:07:22.884+0800][30.528s][info][gc,heap     ] GC(118) y:  Capacity:     3498M (85%)        3498M (85%)        3498M (85%)        3498M (85%)        3498M (85%)        3498M (85%)    
[2026-01-06T22:07:22.884+0800][30.528s][info][gc,heap     ] GC(118) y:      Free:      606M (15%)         602M (15%)        4080M (100%)       4080M (100%)       4080M (100%)        602M (15%)    
[2026-01-06T22:07:22.884+0800][30.528s][info][gc,heap     ] GC(118) y:      Used:     3490M (85%)        3494M (85%)          16M (0%)           16M (0%)         3494M (85%)          16M (0%)     
[2026-01-06T22:07:22.884+0800][30.528s][info][gc,heap     ] GC(118) y: Young Generation Statistics:
[2026-01-06T22:07:22.884+0800][30.528s][info][gc,heap     ] GC(118) y:                Mark Start          Mark End        Relocate Start      Relocate End    
[2026-01-06T22:07:22.884+0800][30.528s][info][gc,heap     ] GC(118) y:      Used:     3488M (85%)        3492M (85%)          14M (0%)           14M (0%)     
[2026-01-06T22:07:22.884+0800][30.528s][info][gc,heap     ] GC(118) y:      Live:         -                 0M (0%)            0M (0%)            0M (0%)     
[2026-01-06T22:07:22.884+0800][30.528s][info][gc,heap     ] GC(118) y:   Garbage:         -              3487M (85%)           1M (0%)            1M (0%)     
[2026-01-06T22:07:22.884+0800][30.528s][info][gc,heap     ] GC(118) y: Allocated:         -                 4M (0%)           12M (0%)           12M (0%)     
[2026-01-06T22:07:22.884+0800][30.528s][info][gc,heap     ] GC(118) y: Reclaimed:         -                  -              3486M (85%)        3486M (85%)    
[2026-01-06T22:07:22.884+0800][30.528s][info][gc,heap     ] GC(118) y:  Promoted:         -                  -                 0M (0%)            0M (0%)     
[2026-01-06T22:07:22.884+0800][30.528s][info][gc,heap     ] GC(118) y: Compacted:         -                  -                  -                 0M (0%)     
[2026-01-06T22:07:22.884+0800][30.528s][info][gc,phases   ] GC(118) y: Young Generation 3490M(85%)->16M(0%) 0.005s
[2026-01-06T22:07:22.884+0800][30.528s][info][gc          ] GC(118) Minor Collection (High Usage) 3490M(85%)->16M(0%) 0.005s
[2026-01-06T22:07:23.472+0800][31.116s][info][gc          ] GC(119) Major Collection (Proactive)
[2026-01-06T22:07:23.473+0800][31.116s][info][gc,task     ] GC(119) Using 1 Workers for Young Generation
[2026-01-06T22:07:23.473+0800][31.116s][info][gc,task     ] GC(119) Using 1 Workers for Old Generation
[2026-01-06T22:07:23.473+0800][31.116s][info][gc,phases   ] GC(119) Y: Young Generation
[2026-01-06T22:07:23.473+0800][31.117s][info][gc,phases   ] GC(119) Y: Pause Mark Start (Major) 0.031ms
[2026-01-06T22:07:23.474+0800][31.118s][info][gc,phases   ] GC(119) Y: Concurrent Mark 1.274ms
[2026-01-06T22:07:23.474+0800][31.118s][info][gc,phases   ] GC(119) Y: Pause Mark End 0.004ms
[2026-01-06T22:07:23.474+0800][31.118s][info][gc,phases   ] GC(119) Y: Concurrent Mark Free 0.010ms
[2026-01-06T22:07:23.474+0800][31.118s][info][gc,phases   ] GC(119) Y: Concurrent Reset Relocation Set 0.000ms
[2026-01-06T22:07:23.478+0800][31.122s][info][gc,reloc    ] GC(119) Y: Using tenuring threshold: 1 (Computed)
[2026-01-06T22:07:23.478+0800][31.122s][info][gc,phases   ] GC(119) Y: Concurrent Select Relocation Set 4.137ms
[2026-01-06T22:07:23.479+0800][31.122s][info][gc,phases   ] GC(119) Y: Pause Relocate Start 0.005ms
[2026-01-06T22:07:23.479+0800][31.122s][info][gc,phases   ] GC(119) Y: Concurrent Relocate 0.023ms
[2026-01-06T22:07:23.479+0800][31.122s][info][gc,alloc    ] GC(119) Y:                         Mark Start        Mark End      Relocate Start    Relocate End   
[2026-01-06T22:07:23.479+0800][31.122s][info][gc,alloc    ] GC(119) Y: Allocation Stalls:          0                0                0                0         
[2026-01-06T22:07:23.479+0800][31.123s][info][gc,load     ] GC(119) Y: Load: 2.17 (22%) / 1.83 (18%) / 2.02 (20%)
[2026-01-06T22:07:23.479+0800][31.123s][info][gc,mmu      ] GC(119) Y: MMU: 2ms/97.4%, 5ms/98.6%, 10ms/99.3%, 20ms/99.5%, 50ms/99.8%, 100ms/99.9%
[2026-01-06T22:07:23.479+0800][31.123s][info][gc,marking  ] GC(119) Y: Mark: 1 stripe(s), 2 proactive flush(es), 1 terminate flush(es), 0 completion(s), 0 continuation(s) 
[2026-01-06T22:07:23.479+0800][31.123s][info][gc,nmethod  ] GC(119) Y: NMethods: 128 registered, 39 unregistered
[2026-01-06T22:07:23.479+0800][31.123s][info][gc,metaspace] GC(119) Y: Metaspace: 0M used, 0M committed, 1088M reserved
[2026-01-06T22:07:23.479+0800][31.123s][info][gc,reloc    ] GC(119) Y:                        Candidates     Selected     In-Place         Size        Empty    Relocated 
[2026-01-06T22:07:23.479+0800][31.123s][info][gc,reloc    ] GC(119) Y: Small Pages:                 1277            0            0        2554M        2552M           0M 
[2026-01-06T22:07:23.479+0800][31.123s][info][gc,reloc    ] GC(119) Y: Medium Pages:                   0            0            0           0M           0M           0M 
[2026-01-06T22:07:23.479+0800][31.123s][info][gc,reloc    ] GC(119) Y: Large Pages:                    0            0            0           0M           0M           0M 
[2026-01-06T22:07:23.479+0800][31.123s][info][gc,reloc    ] GC(119) Y: Forwarding Usage: 0M
[2026-01-06T22:07:23.479+0800][31.123s][info][gc,reloc    ] GC(119) Y: Age Table:
[2026-01-06T22:07:23.479+0800][31.123s][info][gc,reloc    ] GC(119) Y:                    Live             Garbage             Small              Medium             Large        
[2026-01-06T22:07:23.479+0800][31.123s][info][gc,reloc    ] GC(119) Y: Eden               0M (0%)         2551M (62%)       1276 / 0              0 / 0              0 / 0        
[2026-01-06T22:07:23.479+0800][31.123s][info][gc,reloc    ] GC(119) Y: Survivor 1          -                 2M (0%)           1 / 0              0 / 0              0 / 0        
[2026-01-06T22:07:23.479+0800][31.123s][info][gc,heap     ] GC(119) Y: Min Capacity: 8M(0%)
[2026-01-06T22:07:23.479+0800][31.123s][info][gc,heap     ] GC(119) Y: Max Capacity: 4096M(100%)
[2026-01-06T22:07:23.479+0800][31.123s][info][gc,heap     ] GC(119) Y: Soft Max Capacity: 3686M(90%)
[2026-01-06T22:07:23.479+0800][31.123s][info][gc,heap     ] GC(119) Y: Heap Statistics:
[2026-01-06T22:07:23.479+0800][31.123s][info][gc,heap     ] GC(119) Y:                Mark Start          Mark End        Relocate Start      Relocate End           High               Low         
[2026-01-06T22:07:23.479+0800][31.123s][info][gc,heap     ] GC(119) Y:  Capacity:     3498M (85%)        3498M (85%)        3498M (85%)        3498M (85%)        3498M (85%)        3498M (85%)    
[2026-01-06T22:07:23.479+0800][31.123s][info][gc,heap     ] GC(119) Y:      Free:     1540M (38%)        1534M (37%)        4080M (100%)       4080M (100%)       4080M (100%)       1534M (37%)    
[2026-01-06T22:07:23.479+0800][31.123s][info][gc,heap     ] GC(119) Y:      Used:     2556M (62%)        2562M (63%)          16M (0%)           16M (0%)         2562M (63%)          16M (0%)     
[2026-01-06T22:07:23.479+0800][31.123s][info][gc,heap     ] GC(119) Y: Young Generation Statistics:
[2026-01-06T22:07:23.479+0800][31.123s][info][gc,heap     ] GC(119) Y:                Mark Start          Mark End        Relocate Start      Relocate End    
[2026-01-06T22:07:23.479+0800][31.123s][info][gc,heap     ] GC(119) Y:      Used:     2554M (62%)        2560M (62%)          14M (0%)           14M (0%)     
[2026-01-06T22:07:23.479+0800][31.123s][info][gc,heap     ] GC(119) Y:      Live:         -                 0M (0%)            0M (0%)            0M (0%)     
[2026-01-06T22:07:23.479+0800][31.123s][info][gc,heap     ] GC(119) Y:   Garbage:         -              2553M (62%)           1M (0%)            1M (0%)     
[2026-01-06T22:07:23.479+0800][31.123s][info][gc,heap     ] GC(119) Y: Allocated:         -                 6M (0%)           12M (0%)           12M (0%)     
[2026-01-06T22:07:23.479+0800][31.123s][info][gc,heap     ] GC(119) Y: Reclaimed:         -                  -              2552M (62%)        2552M (62%)    
[2026-01-06T22:07:23.479+0800][31.123s][info][gc,heap     ] GC(119) Y:  Promoted:         -                  -                 0M (0%)            0M (0%)     
[2026-01-06T22:07:23.479+0800][31.123s][info][gc,heap     ] GC(119) Y: Compacted:         -                  -                  -                 0M (0%)     
[2026-01-06T22:07:23.479+0800][31.123s][info][gc,phases   ] GC(119) Y: Young Generation 2556M(62%)->16M(0%) 0.006s
[2026-01-06T22:07:23.479+0800][31.123s][info][gc,phases   ] GC(119) O: Old Generation
[2026-01-06T22:07:23.483+0800][31.127s][info][gc,phases   ] GC(119) O: Concurrent Mark 3.857ms
[2026-01-06T22:07:23.483+0800][31.127s][info][gc,phases   ] GC(119) O: Pause Mark End 0.013ms
[2026-01-06T22:07:23.483+0800][31.127s][info][gc,phases   ] GC(119) O: Concurrent Mark Free 0.001ms
[2026-01-06T22:07:23.483+0800][31.127s][info][gc,phases   ] GC(119) O: Concurrent Process Non-Strong 0.522ms
[2026-01-06T22:07:23.483+0800][31.127s][info][gc,phases   ] GC(119) O: Concurrent Reset Relocation Set 0.000ms
[2026-01-06T22:07:23.483+0800][31.127s][info][gc,phases   ] GC(119) O: Concurrent Select Relocation Set 0.040ms
[2026-01-06T22:07:23.483+0800][31.127s][info][gc,task     ] GC(119) O: Using 2 Workers for Old Generation
[2026-01-06T22:07:23.484+0800][31.128s][info][gc,task     ] GC(119) O: Using 1 Workers for Old Generation
[2026-01-06T22:07:23.484+0800][31.128s][info][gc,phases   ] GC(119) O: Concurrent Remap Roots 0.160ms
[2026-01-06T22:07:23.484+0800][31.128s][info][gc,phases   ] GC(119) O: Pause Relocate Start 0.003ms
[2026-01-06T22:07:23.484+0800][31.128s][info][gc,phases   ] GC(119) O: Concurrent Relocate 0.008ms
[2026-01-06T22:07:23.484+0800][31.128s][info][gc,alloc    ] GC(119) O:                         Mark Start        Mark End      Relocate Start    Relocate End   
[2026-01-06T22:07:23.484+0800][31.128s][info][gc,alloc    ] GC(119) O: Allocation Stalls:          0                0                0                0         
[2026-01-06T22:07:23.484+0800][31.128s][info][gc,load     ] GC(119) O: Load: 2.17 (22%) / 1.83 (18%) / 2.02 (20%)
[2026-01-06T22:07:23.484+0800][31.128s][info][gc,mmu      ] GC(119) O: MMU: 2ms/97.4%, 5ms/98.6%, 10ms/99.3%, 20ms/99.5%, 50ms/99.8%, 100ms/99.9%
[2026-01-06T22:07:23.484+0800][31.128s][info][gc,marking  ] GC(119) O: Mark: 1 stripe(s), 2 proactive flush(es), 1 terminate flush(es), 0 completion(s), 0 continuation(s) 
[2026-01-06T22:07:23.484+0800][31.128s][info][gc,nmethod  ] GC(119) O: NMethods: 128 registered, 39 unregistered
[2026-01-06T22:07:23.484+0800][31.128s][info][gc,metaspace] GC(119) O: Metaspace: 0M used, 0M committed, 1088M reserved
[2026-01-06T22:07:23.484+0800][31.128s][info][gc,ref      ] GC(119) O:                       Encountered   Discovered     Enqueued 
[2026-01-06T22:07:23.484+0800][31.128s][info][gc,ref      ] GC(119) O: Soft References:                1            0            0 
[2026-01-06T22:07:23.484+0800][31.128s][info][gc,ref      ] GC(119) O: Weak References:                6            0            0 
[2026-01-06T22:07:23.484+0800][31.128s][info][gc,ref      ] GC(119) O: Final References:               0            0            0 
[2026-01-06T22:07:23.484+0800][31.128s][info][gc,ref      ] GC(119) O: Phantom References:             1            1            0 
[2026-01-06T22:07:23.484+0800][31.128s][info][gc,reloc    ] GC(119) O:                        Candidates     Selected     In-Place         Size        Empty    Relocated 
[2026-01-06T22:07:23.484+0800][31.128s][info][gc,reloc    ] GC(119) O: Small Pages:                    1            0            0           2M           0M           0M 
[2026-01-06T22:07:23.484+0800][31.128s][info][gc,reloc    ] GC(119) O: Medium Pages:                   0            0            0           0M           0M           0M 
[2026-01-06T22:07:23.484+0800][31.128s][info][gc,reloc    ] GC(119) O: Large Pages:                    0            0            0           0M           0M           0M 
[2026-01-06T22:07:23.484+0800][31.128s][info][gc,reloc    ] GC(119) O: Forwarding Usage: 0M
[2026-01-06T22:07:23.484+0800][31.128s][info][gc,heap     ] GC(119) O: Min Capacity: 8M(0%)
[2026-01-06T22:07:23.484+0800][31.128s][info][gc,heap     ] GC(119) O: Max Capacity: 4096M(100%)
[2026-01-06T22:07:23.484+0800][31.128s][info][gc,heap     ] GC(119) O: Soft Max Capacity: 3686M(90%)
[2026-01-06T22:07:23.484+0800][31.128s][info][gc,heap     ] GC(119) O: Heap Statistics:
[2026-01-06T22:07:23.484+0800][31.128s][info][gc,heap     ] GC(119) O:                Mark Start          Mark End        Relocate Start      Relocate End           High               Low         
[2026-01-06T22:07:23.484+0800][31.128s][info][gc,heap     ] GC(119) O:  Capacity:     3498M (85%)        3498M (85%)        3498M (85%)        3498M (85%)        3498M (85%)        3498M (85%)    
[2026-01-06T22:07:23.484+0800][31.128s][info][gc,heap     ] GC(119) O:      Free:     1540M (38%)        4074M (99%)        4070M (99%)        4070M (99%)        4080M (100%)       1534M (37%)    
[2026-01-06T22:07:23.484+0800][31.128s][info][gc,heap     ] GC(119) O:      Used:     2556M (62%)          22M (1%)           26M (1%)           26M (1%)         2562M (63%)          16M (0%)     
[2026-01-06T22:07:23.484+0800][31.128s][info][gc,heap     ] GC(119) O: Old Generation Statistics:
[2026-01-06T22:07:23.484+0800][31.128s][info][gc,heap     ] GC(119) O:                Mark Start          Mark End        Relocate Start      Relocate End    
[2026-01-06T22:07:23.484+0800][31.128s][info][gc,heap     ] GC(119) O:      Used:        2M (0%)            2M (0%)            2M (0%)            2M (0%)     
[2026-01-06T22:07:23.484+0800][31.128s][info][gc,heap     ] GC(119) O:      Live:         -                 0M (0%)            0M (0%)            0M (0%)     
[2026-01-06T22:07:23.484+0800][31.128s][info][gc,heap     ] GC(119) O:   Garbage:         -                 1M (0%)            1M (0%)            1M (0%)     
[2026-01-06T22:07:23.484+0800][31.128s][info][gc,heap     ] GC(119) O: Allocated:         -                 0M (0%)            0M (0%)            0M (0%)     
[2026-01-06T22:07:23.484+0800][31.128s][info][gc,heap     ] GC(119) O: Reclaimed:         -                  -                 0M (0%)            0M (0%)     
[2026-01-06T22:07:23.484+0800][31.128s][info][gc,heap     ] GC(119) O: Compacted:         -                  -                  -                 0M (0%)     
[2026-01-06T22:07:23.484+0800][31.128s][info][gc,phases   ] GC(119) O: Old Generation 18M(0%)->26M(1%) 0.005s
[2026-01-06T22:07:23.484+0800][31.128s][info][gc          ] GC(119) Major Collection (Proactive) 2554M(62%)->26M(1%) 0.012s
[2026-01-06T22:07:24.267+0800][31.911s][info][gc          ] GC(120) Minor Collection (High Usage)
[2026-01-06T22:07:24.267+0800][31.911s][info][gc,task     ] GC(120) Using 1 Workers for Young Generation
[2026-01-06T22:07:24.267+0800][31.911s][info][gc,phases   ] GC(120) y: Young Generation
[2026-01-06T22:07:24.268+0800][31.911s][info][gc,phases   ] GC(120) y: Pause Mark Start 0.013ms
[2026-01-06T22:07:24.268+0800][31.912s][info][gc,phases   ] GC(120) y: Concurrent Mark 0.554ms
[2026-01-06T22:07:24.268+0800][31.912s][info][gc,phases   ] GC(120) y: Pause Mark End 0.003ms
[2026-01-06T22:07:24.268+0800][31.912s][info][gc,phases   ] GC(120) y: Concurrent Mark Free 0.003ms
[2026-01-06T22:07:24.268+0800][31.912s][info][gc,phases   ] GC(120) y: Concurrent Reset Relocation Set 0.000ms
[2026-01-06T22:07:24.271+0800][31.915s][info][gc,reloc    ] GC(120) y: Using tenuring threshold: 1 (Computed)
[2026-01-06T22:07:24.271+0800][31.915s][info][gc,phases   ] GC(120) y: Concurrent Select Relocation Set 3.323ms
[2026-01-06T22:07:24.272+0800][31.915s][info][gc,phases   ] GC(120) y: Pause Relocate Start 0.002ms
[2026-01-06T22:07:24.272+0800][31.915s][info][gc,phases   ] GC(120) y: Concurrent Relocate 0.011ms
[2026-01-06T22:07:24.272+0800][31.915s][info][gc,alloc    ] GC(120) y:                         Mark Start        Mark End      Relocate Start    Relocate End   
[2026-01-06T22:07:24.272+0800][31.915s][info][gc,alloc    ] GC(120) y: Allocation Stalls:          0                0                0                0         
[2026-01-06T22:07:24.272+0800][31.915s][info][gc,load     ] GC(120) y: Load: 2.17 (22%) / 1.83 (18%) / 2.02 (20%)
[2026-01-06T22:07:24.272+0800][31.915s][info][gc,mmu      ] GC(120) y: MMU: 2ms/97.4%, 5ms/98.6%, 10ms/99.3%, 20ms/99.5%, 50ms/99.8%, 100ms/99.9%
[2026-01-06T22:07:24.272+0800][31.915s][info][gc,marking  ] GC(120) y: Mark: 1 stripe(s), 2 proactive flush(es), 1 terminate flush(es), 0 completion(s), 0 continuation(s) 
[2026-01-06T22:07:24.272+0800][31.915s][info][gc,nmethod  ] GC(120) y: NMethods: 128 registered, 39 unregistered
[2026-01-06T22:07:24.272+0800][31.915s][info][gc,metaspace] GC(120) y: Metaspace: 0M used, 0M committed, 1088M reserved
[2026-01-06T22:07:24.272+0800][31.915s][info][gc,reloc    ] GC(120) y:                        Candidates     Selected     In-Place         Size        Empty    Relocated 
[2026-01-06T22:07:24.272+0800][31.915s][info][gc,reloc    ] GC(120) y: Small Pages:                 1740            0            0        3480M        3478M           0M 
[2026-01-06T22:07:24.272+0800][31.915s][info][gc,reloc    ] GC(120) y: Medium Pages:                   0            0            0           0M           0M           0M 
[2026-01-06T22:07:24.272+0800][31.915s][info][gc,reloc    ] GC(120) y: Large Pages:                    0            0            0           0M           0M           0M 
[2026-01-06T22:07:24.272+0800][31.915s][info][gc,reloc    ] GC(120) y: Forwarding Usage: 0M
[2026-01-06T22:07:24.272+0800][31.915s][info][gc,reloc    ] GC(120) y: Age Table:
[2026-01-06T22:07:24.272+0800][31.915s][info][gc,reloc    ] GC(120) y:                    Live             Garbage             Small              Medium             Large        
[2026-01-06T22:07:24.272+0800][31.915s][info][gc,reloc    ] GC(120) y: Eden               0M (0%)         3477M (85%)       1739 / 0              0 / 0              0 / 0        
[2026-01-06T22:07:24.272+0800][31.915s][info][gc,reloc    ] GC(120) y: Survivor 1          -                 2M (0%)           1 / 0              0 / 0              0 / 0        
[2026-01-06T22:07:24.272+0800][31.915s][info][gc,heap     ] GC(120) y: Min Capacity: 8M(0%)
[2026-01-06T22:07:24.272+0800][31.915s][info][gc,heap     ] GC(120) y: Max Capacity: 4096M(100%)
[2026-01-06T22:07:24.272+0800][31.915s][info][gc,heap     ] GC(120) y: Soft Max Capacity: 3686M(90%)
[2026-01-06T22:07:24.272+0800][31.916s][info][gc,heap     ] GC(120) y: Heap Statistics:
[2026-01-06T22:07:24.272+0800][31.916s][info][gc,heap     ] GC(120) y:                Mark Start          Mark End        Relocate Start      Relocate End           High               Low         
[2026-01-06T22:07:24.272+0800][31.916s][info][gc,heap     ] GC(120) y:  Capacity:     3498M (85%)        3498M (85%)        3498M (85%)        3498M (85%)        3498M (85%)        3498M (85%)    
[2026-01-06T22:07:24.272+0800][31.916s][info][gc,heap     ] GC(120) y:      Free:      614M (15%)         610M (15%)        4080M (100%)       4080M (100%)       4080M (100%)        610M (15%)    
[2026-01-06T22:07:24.272+0800][31.916s][info][gc,heap     ] GC(120) y:      Used:     3482M (85%)        3486M (85%)          16M (0%)           16M (0%)         3486M (85%)          16M (0%)     
[2026-01-06T22:07:24.272+0800][31.916s][info][gc,heap     ] GC(120) y: Young Generation Statistics:
[2026-01-06T22:07:24.272+0800][31.916s][info][gc,heap     ] GC(120) y:                Mark Start          Mark End        Relocate Start      Relocate End    
[2026-01-06T22:07:24.272+0800][31.916s][info][gc,heap     ] GC(120) y:      Used:     3480M (85%)        3484M (85%)          14M (0%)           14M (0%)     
[2026-01-06T22:07:24.272+0800][31.916s][info][gc,heap     ] GC(120) y:      Live:         -                 0M (0%)            0M (0%)            0M (0%)     
[2026-01-06T22:07:24.272+0800][31.916s][info][gc,heap     ] GC(120) y:   Garbage:         -              3479M (85%)           1M (0%)            1M (0%)     
[2026-01-06T22:07:24.272+0800][31.916s][info][gc,heap     ] GC(120) y: Allocated:         -                 4M (0%)           12M (0%)           12M (0%)     
[2026-01-06T22:07:24.272+0800][31.916s][info][gc,heap     ] GC(120) y: Reclaimed:         -                  -              3478M (85%)        3478M (85%)    
[2026-01-06T22:07:24.272+0800][31.916s][info][gc,heap     ] GC(120) y:  Promoted:         -                  -                 0M (0%)            0M (0%)     
[2026-01-06T22:07:24.272+0800][31.916s][info][gc,heap     ] GC(120) y: Compacted:         -                  -                  -                 0M (0%)     
[2026-01-06T22:07:24.272+0800][31.916s][info][gc,phases   ] GC(120) y: Young Generation 3482M(85%)->16M(0%) 0.004s
[2026-01-06T22:07:24.272+0800][31.916s][info][gc          ] GC(120) Minor Collection (High Usage) 3482M(85%)->16M(0%) 0.004s
[2026-01-06T22:07:24.438+0800][32.082s][info][gc          ] GC(121) Major Collection (Proactive)
[2026-01-06T22:07:24.438+0800][32.082s][info][gc,task     ] GC(121) Using 1 Workers for Young Generation
[2026-01-06T22:07:24.438+0800][32.082s][info][gc,task     ] GC(121) Using 1 Workers for Old Generation
[2026-01-06T22:07:24.438+0800][32.082s][info][gc,phases   ] GC(121) Y: Young Generation
[2026-01-06T22:07:24.438+0800][32.082s][info][gc,phases   ] GC(121) Y: Pause Mark Start (Major) 0.005ms
[2026-01-06T22:07:24.439+0800][32.083s][info][gc,phases   ] GC(121) Y: Concurrent Mark 0.233ms
[2026-01-06T22:07:24.439+0800][32.083s][info][gc,phases   ] GC(121) Y: Pause Mark End 0.003ms
[2026-01-06T22:07:24.439+0800][32.083s][info][gc,phases   ] GC(121) Y: Concurrent Mark Free 0.000ms
[2026-01-06T22:07:24.439+0800][32.083s][info][gc,phases   ] GC(121) Y: Concurrent Reset Relocation Set 0.000ms
[2026-01-06T22:07:24.439+0800][32.083s][info][gc,reloc    ] GC(121) Y: Using tenuring threshold: 1 (Computed)
[2026-01-06T22:07:24.439+0800][32.083s][info][gc,phases   ] GC(121) Y: Concurrent Select Relocation Set 0.123ms
[2026-01-06T22:07:24.439+0800][32.083s][info][gc,phases   ] GC(121) Y: Pause Relocate Start 0.001ms
[2026-01-06T22:07:24.439+0800][32.083s][info][gc,phases   ] GC(121) Y: Concurrent Relocate 0.012ms
[2026-01-06T22:07:24.439+0800][32.083s][info][gc,alloc    ] GC(121) Y:                         Mark Start        Mark End      Relocate Start    Relocate End   
[2026-01-06T22:07:24.439+0800][32.083s][info][gc,alloc    ] GC(121) Y: Allocation Stalls:          0                0                0                0         
[2026-01-06T22:07:24.439+0800][32.083s][info][gc,load     ] GC(121) Y: Load: 2.17 (22%) / 1.83 (18%) / 2.02 (20%)
[2026-01-06T22:07:24.439+0800][32.083s][info][gc,mmu      ] GC(121) Y: MMU: 2ms/97.4%, 5ms/98.6%, 10ms/99.3%, 20ms/99.5%, 50ms/99.8%, 100ms/99.9%
[2026-01-06T22:07:24.439+0800][32.083s][info][gc,marking  ] GC(121) Y: Mark: 1 stripe(s), 2 proactive flush(es), 1 terminate flush(es), 0 completion(s), 0 continuation(s) 
[2026-01-06T22:07:24.439+0800][32.083s][info][gc,nmethod  ] GC(121) Y: NMethods: 128 registered, 39 unregistered
[2026-01-06T22:07:24.439+0800][32.083s][info][gc,metaspace] GC(121) Y: Metaspace: 0M used, 0M committed, 1088M reserved
[2026-01-06T22:07:24.439+0800][32.083s][info][gc,reloc    ] GC(121) Y:                        Candidates     Selected     In-Place         Size        Empty    Relocated 
[2026-01-06T22:07:24.439+0800][32.083s][info][gc,reloc    ] GC(121) Y: Small Pages:                  391            0            0         782M         780M           0M 
[2026-01-06T22:07:24.439+0800][32.083s][info][gc,reloc    ] GC(121) Y: Medium Pages:                   0            0            0           0M           0M           0M 
[2026-01-06T22:07:24.439+0800][32.083s][info][gc,reloc    ] GC(121) Y: Large Pages:                    0            0            0           0M           0M           0M 
[2026-01-06T22:07:24.439+0800][32.083s][info][gc,reloc    ] GC(121) Y: Forwarding Usage: 0M
[2026-01-06T22:07:24.439+0800][32.083s][info][gc,reloc    ] GC(121) Y: Age Table:
[2026-01-06T22:07:24.439+0800][32.083s][info][gc,reloc    ] GC(121) Y:                    Live             Garbage             Small              Medium             Large        
[2026-01-06T22:07:24.439+0800][32.083s][info][gc,reloc    ] GC(121) Y: Eden               0M (0%)          779M (19%)        390 / 0              0 / 0              0 / 0        
[2026-01-06T22:07:24.439+0800][32.083s][info][gc,reloc    ] GC(121) Y: Survivor 1          -                 2M (0%)           1 / 0              0 / 0              0 / 0        
[2026-01-06T22:07:24.439+0800][32.083s][info][gc,heap     ] GC(121) Y: Min Capacity: 8M(0%)
[2026-01-06T22:07:24.439+0800][32.083s][info][gc,heap     ] GC(121) Y: Max Capacity: 4096M(100%)
[2026-01-06T22:07:24.439+0800][32.083s][info][gc,heap     ] GC(121) Y: Soft Max Capacity: 3686M(90%)
[2026-01-06T22:07:24.439+0800][32.083s][info][gc,heap     ] GC(121) Y: Heap Statistics:
[2026-01-06T22:07:24.439+0800][32.083s][info][gc,heap     ] GC(121) Y:                Mark Start          Mark End        Relocate Start      Relocate End           High               Low         
[2026-01-06T22:07:24.439+0800][32.083s][info][gc,heap     ] GC(121) Y:  Capacity:     3498M (85%)        3498M (85%)        3498M (85%)        3498M (85%)        3498M (85%)        3498M (85%)    
[2026-01-06T22:07:24.439+0800][32.083s][info][gc,heap     ] GC(121) Y:      Free:     3312M (81%)        3310M (81%)        4088M (100%)       4088M (100%)       4088M (100%)       3310M (81%)    
[2026-01-06T22:07:24.439+0800][32.083s][info][gc,heap     ] GC(121) Y:      Used:      784M (19%)         786M (19%)           8M (0%)            8M (0%)          786M (19%)           8M (0%)     
[2026-01-06T22:07:24.439+0800][32.083s][info][gc,heap     ] GC(121) Y: Young Generation Statistics:
[2026-01-06T22:07:24.439+0800][32.083s][info][gc,heap     ] GC(121) Y:                Mark Start          Mark End        Relocate Start      Relocate End    
[2026-01-06T22:07:24.439+0800][32.083s][info][gc,heap     ] GC(121) Y:      Used:      782M (19%)         784M (19%)           6M (0%)            6M (0%)     
[2026-01-06T22:07:24.439+0800][32.083s][info][gc,heap     ] GC(121) Y:      Live:         -                 0M (0%)            0M (0%)            0M (0%)     
[2026-01-06T22:07:24.439+0800][32.083s][info][gc,heap     ] GC(121) Y:   Garbage:         -               781M (19%)           1M (0%)            1M (0%)     
[2026-01-06T22:07:24.439+0800][32.083s][info][gc,heap     ] GC(121) Y: Allocated:         -                 2M (0%)            4M (0%)            4M (0%)     
[2026-01-06T22:07:24.439+0800][32.083s][info][gc,heap     ] GC(121) Y: Reclaimed:         -                  -               780M (19%)         780M (19%)    
[2026-01-06T22:07:24.439+0800][32.083s][info][gc,heap     ] GC(121) Y:  Promoted:         -                  -                 0M (0%)            0M (0%)     
[2026-01-06T22:07:24.439+0800][32.083s][info][gc,heap     ] GC(121) Y: Compacted:         -                  -                  -                 0M (0%)     
[2026-01-06T22:07:24.439+0800][32.083s][info][gc,phases   ] GC(121) Y: Young Generation 784M(19%)->8M(0%) 0.001s
[2026-01-06T22:07:24.439+0800][32.083s][info][gc,phases   ] GC(121) O: Old Generation
[2026-01-06T22:07:24.440+0800][32.084s][info][gc,phases   ] GC(121) O: Concurrent Mark 0.955ms
[2026-01-06T22:07:24.440+0800][32.084s][info][gc,phases   ] GC(121) O: Pause Mark End 0.005ms
[2026-01-06T22:07:24.440+0800][32.084s][info][gc,phases   ] GC(121) O: Concurrent Mark Free 0.001ms
[2026-01-06T22:07:24.440+0800][32.084s][info][gc,phases   ] GC(121) O: Concurrent Process Non-Strong 0.353ms
[2026-01-06T22:07:24.441+0800][32.084s][info][gc,phases   ] GC(121) O: Concurrent Reset Relocation Set 0.000ms
[2026-01-06T22:07:24.441+0800][32.084s][info][gc,phases   ] GC(121) O: Concurrent Select Relocation Set 0.017ms
[2026-01-06T22:07:24.441+0800][32.084s][info][gc,task     ] GC(121) O: Using 2 Workers for Old Generation
[2026-01-06T22:07:24.441+0800][32.084s][info][gc,task     ] GC(121) O: Using 1 Workers for Old Generation
[2026-01-06T22:07:24.441+0800][32.085s][info][gc,phases   ] GC(121) O: Concurrent Remap Roots 0.090ms
[2026-01-06T22:07:24.441+0800][32.085s][info][gc,phases   ] GC(121) O: Pause Relocate Start 0.002ms
[2026-01-06T22:07:24.441+0800][32.085s][info][gc,phases   ] GC(121) O: Concurrent Relocate 0.006ms
[2026-01-06T22:07:24.441+0800][32.085s][info][gc,alloc    ] GC(121) O:                         Mark Start        Mark End      Relocate Start    Relocate End   
[2026-01-06T22:07:24.441+0800][32.085s][info][gc,alloc    ] GC(121) O: Allocation Stalls:          0                0                0                0         
[2026-01-06T22:07:24.441+0800][32.085s][info][gc,load     ] GC(121) O: Load: 2.17 (22%) / 1.83 (18%) / 2.02 (20%)
[2026-01-06T22:07:24.441+0800][32.085s][info][gc,mmu      ] GC(121) O: MMU: 2ms/97.4%, 5ms/98.6%, 10ms/99.3%, 20ms/99.5%, 50ms/99.8%, 100ms/99.9%
[2026-01-06T22:07:24.441+0800][32.085s][info][gc,marking  ] GC(121) O: Mark: 1 stripe(s), 2 proactive flush(es), 1 terminate flush(es), 0 completion(s), 0 continuation(s) 
[2026-01-06T22:07:24.441+0800][32.085s][info][gc,nmethod  ] GC(121) O: NMethods: 128 registered, 39 unregistered
[2026-01-06T22:07:24.441+0800][32.085s][info][gc,metaspace] GC(121) O: Metaspace: 0M used, 0M committed, 1088M reserved
[2026-01-06T22:07:24.441+0800][32.085s][info][gc,ref      ] GC(121) O:                       Encountered   Discovered     Enqueued 
[2026-01-06T22:07:24.441+0800][32.085s][info][gc,ref      ] GC(121) O: Soft References:                1            0            0 
[2026-01-06T22:07:24.441+0800][32.085s][info][gc,ref      ] GC(121) O: Weak References:                6            0            0 
[2026-01-06T22:07:24.441+0800][32.085s][info][gc,ref      ] GC(121) O: Final References:               0            0            0 
[2026-01-06T22:07:24.441+0800][32.085s][info][gc,ref      ] GC(121) O: Phantom References:             1            1            0 
[2026-01-06T22:07:24.441+0800][32.085s][info][gc,reloc    ] GC(121) O:                        Candidates     Selected     In-Place         Size        Empty    Relocated 
[2026-01-06T22:07:24.441+0800][32.085s][info][gc,reloc    ] GC(121) O: Small Pages:                    1            0            0           2M           0M           0M 
[2026-01-06T22:07:24.441+0800][32.085s][info][gc,reloc    ] GC(121) O: Medium Pages:                   0            0            0           0M           0M           0M 
[2026-01-06T22:07:24.441+0800][32.085s][info][gc,reloc    ] GC(121) O: Large Pages:                    0            0            0           0M           0M           0M 
[2026-01-06T22:07:24.441+0800][32.085s][info][gc,reloc    ] GC(121) O: Forwarding Usage: 0M
[2026-01-06T22:07:24.441+0800][32.085s][info][gc,heap     ] GC(121) O: Min Capacity: 8M(0%)
[2026-01-06T22:07:24.441+0800][32.085s][info][gc,heap     ] GC(121) O: Max Capacity: 4096M(100%)
[2026-01-06T22:07:24.441+0800][32.085s][info][gc,heap     ] GC(121) O: Soft Max Capacity: 3686M(90%)
[2026-01-06T22:07:24.441+0800][32.085s][info][gc,heap     ] GC(121) O: Heap Statistics:
[2026-01-06T22:07:24.441+0800][32.085s][info][gc,heap     ] GC(121) O:                Mark Start          Mark End        Relocate Start      Relocate End           High               Low         
[2026-01-06T22:07:24.441+0800][32.085s][info][gc,heap     ] GC(121) O:  Capacity:     3498M (85%)        3498M (85%)        3498M (85%)        3498M (85%)        3498M (85%)        3498M (85%)    
[2026-01-06T22:07:24.441+0800][32.085s][info][gc,heap     ] GC(121) O:      Free:     3312M (81%)        4066M (99%)        4058M (99%)        4058M (99%)        4088M (100%)       3310M (81%)    
[2026-01-06T22:07:24.441+0800][32.085s][info][gc,heap     ] GC(121) O:      Used:      784M (19%)          30M (1%)           38M (1%)           38M (1%)          786M (19%)           8M (0%)     
[2026-01-06T22:07:24.441+0800][32.085s][info][gc,heap     ] GC(121) O: Old Generation Statistics:
[2026-01-06T22:07:24.441+0800][32.085s][info][gc,heap     ] GC(121) O:                Mark Start          Mark End        Relocate Start      Relocate End    
[2026-01-06T22:07:24.441+0800][32.085s][info][gc,heap     ] GC(121) O:      Used:        2M (0%)            2M (0%)            2M (0%)            2M (0%)     
[2026-01-06T22:07:24.441+0800][32.085s][info][gc,heap     ] GC(121) O:      Live:         -                 0M (0%)            0M (0%)            0M (0%)     
[2026-01-06T22:07:24.441+0800][32.085s][info][gc,heap     ] GC(121) O:   Garbage:         -                 1M (0%)            1M (0%)            1M (0%)     
[2026-01-06T22:07:24.441+0800][32.085s][info][gc,heap     ] GC(121) O: Allocated:         -                 0M (0%)            0M (0%)            0M (0%)     
[2026-01-06T22:07:24.441+0800][32.085s][info][gc,heap     ] GC(121) O: Reclaimed:         -                  -                 0M (0%)            0M (0%)     
[2026-01-06T22:07:24.441+0800][32.085s][info][gc,heap     ] GC(121) O: Compacted:         -                  -                  -                 0M (0%)     
[2026-01-06T22:07:24.441+0800][32.085s][info][gc,phases   ] GC(121) O: Old Generation 10M(0%)->38M(1%) 0.002s
[2026-01-06T22:07:24.441+0800][32.085s][info][gc          ] GC(121) Major Collection (Proactive) 784M(19%)->40M(1%) 0.002s
[2026-01-06T22:07:25.105+0800][32.749s][info][gc          ] GC(122) Minor Collection (High Usage)
[2026-01-06T22:07:25.105+0800][32.749s][info][gc,task     ] GC(122) Using 1 Workers for Young Generation
[2026-01-06T22:07:25.105+0800][32.749s][info][gc,phases   ] GC(122) y: Young Generation
[2026-01-06T22:07:25.106+0800][32.749s][info][gc,phases   ] GC(122) y: Pause Mark Start 0.013ms
[2026-01-06T22:07:25.106+0800][32.750s][info][gc,phases   ] GC(122) y: Concurrent Mark 0.614ms
[2026-01-06T22:07:25.106+0800][32.750s][info][gc,phases   ] GC(122) y: Pause Mark End 0.004ms
[2026-01-06T22:07:25.106+0800][32.750s][info][gc,phases   ] GC(122) y: Concurrent Mark Free 0.004ms
[2026-01-06T22:07:25.106+0800][32.750s][info][gc,phases   ] GC(122) y: Concurrent Reset Relocation Set 0.000ms
[2026-01-06T22:07:25.110+0800][32.754s][info][gc,reloc    ] GC(122) y: Using tenuring threshold: 1 (Computed)
[2026-01-06T22:07:25.110+0800][32.754s][info][gc,phases   ] GC(122) y: Concurrent Select Relocation Set 3.469ms
[2026-01-06T22:07:25.110+0800][32.754s][info][gc,phases   ] GC(122) y: Pause Relocate Start 0.002ms
[2026-01-06T22:07:25.110+0800][32.754s][info][gc,phases   ] GC(122) y: Concurrent Relocate 0.013ms
[2026-01-06T22:07:25.110+0800][32.754s][info][gc,alloc    ] GC(122) y:                         Mark Start        Mark End      Relocate Start    Relocate End   
[2026-01-06T22:07:25.110+0800][32.754s][info][gc,alloc    ] GC(122) y: Allocation Stalls:          0                0                0                0         
[2026-01-06T22:07:25.110+0800][32.754s][info][gc,load     ] GC(122) y: Load: 2.17 (22%) / 1.83 (18%) / 2.02 (20%)
[2026-01-06T22:07:25.110+0800][32.754s][info][gc,mmu      ] GC(122) y: MMU: 2ms/97.4%, 5ms/98.6%, 10ms/99.3%, 20ms/99.5%, 50ms/99.8%, 100ms/99.9%
[2026-01-06T22:07:25.110+0800][32.754s][info][gc,marking  ] GC(122) y: Mark: 1 stripe(s), 2 proactive flush(es), 1 terminate flush(es), 0 completion(s), 0 continuation(s) 
[2026-01-06T22:07:25.110+0800][32.754s][info][gc,nmethod  ] GC(122) y: NMethods: 128 registered, 39 unregistered
[2026-01-06T22:07:25.110+0800][32.754s][info][gc,metaspace] GC(122) y: Metaspace: 0M used, 0M committed, 1088M reserved
[2026-01-06T22:07:25.110+0800][32.754s][info][gc,reloc    ] GC(122) y:                        Candidates     Selected     In-Place         Size        Empty    Relocated 
[2026-01-06T22:07:25.110+0800][32.754s][info][gc,reloc    ] GC(122) y: Small Pages:                 1741            0            0        3482M        3480M           0M 
[2026-01-06T22:07:25.110+0800][32.754s][info][gc,reloc    ] GC(122) y: Medium Pages:                   0            0            0           0M           0M           0M 
[2026-01-06T22:07:25.110+0800][32.754s][info][gc,reloc    ] GC(122) y: Large Pages:                    0            0            0           0M           0M           0M 
[2026-01-06T22:07:25.110+0800][32.754s][info][gc,reloc    ] GC(122) y: Forwarding Usage: 0M
[2026-01-06T22:07:25.110+0800][32.754s][info][gc,reloc    ] GC(122) y: Age Table:
[2026-01-06T22:07:25.110+0800][32.754s][info][gc,reloc    ] GC(122) y:                    Live             Garbage             Small              Medium             Large        
[2026-01-06T22:07:25.110+0800][32.754s][info][gc,reloc    ] GC(122) y: Eden               0M (0%)         3479M (85%)       1740 / 0              0 / 0              0 / 0        
[2026-01-06T22:07:25.110+0800][32.754s][info][gc,reloc    ] GC(122) y: Survivor 1          -                 2M (0%)           1 / 0              0 / 0              0 / 0        
[2026-01-06T22:07:25.110+0800][32.754s][info][gc,heap     ] GC(122) y: Min Capacity: 8M(0%)
[2026-01-06T22:07:25.110+0800][32.754s][info][gc,heap     ] GC(122) y: Max Capacity: 4096M(100%)
[2026-01-06T22:07:25.110+0800][32.754s][info][gc,heap     ] GC(122) y: Soft Max Capacity: 3686M(90%)
[2026-01-06T22:07:25.110+0800][32.754s][info][gc,heap     ] GC(122) y: Heap Statistics:
[2026-01-06T22:07:25.110+0800][32.754s][info][gc,heap     ] GC(122) y:                Mark Start          Mark End        Relocate Start      Relocate End           High               Low         
[2026-01-06T22:07:25.110+0800][32.754s][info][gc,heap     ] GC(122) y:  Capacity:     3498M (85%)        3498M (85%)        3498M (85%)        3498M (85%)        3498M (85%)        3498M (85%)    
[2026-01-06T22:07:25.110+0800][32.754s][info][gc,heap     ] GC(122) y:      Free:      612M (15%)         608M (15%)        4078M (100%)       4078M (100%)       4078M (100%)        608M (15%)    
[2026-01-06T22:07:25.110+0800][32.754s][info][gc,heap     ] GC(122) y:      Used:     3484M (85%)        3488M (85%)          18M (0%)           18M (0%)         3488M (85%)          18M (0%)     
[2026-01-06T22:07:25.110+0800][32.754s][info][gc,heap     ] GC(122) y: Young Generation Statistics:
[2026-01-06T22:07:25.110+0800][32.754s][info][gc,heap     ] GC(122) y:                Mark Start          Mark End        Relocate Start      Relocate End    
[2026-01-06T22:07:25.110+0800][32.754s][info][gc,heap     ] GC(122) y:      Used:     3482M (85%)        3486M (85%)          16M (0%)           16M (0%)     
[2026-01-06T22:07:25.110+0800][32.754s][info][gc,heap     ] GC(122) y:      Live:         -                 0M (0%)            0M (0%)            0M (0%)     
[2026-01-06T22:07:25.110+0800][32.754s][info][gc,heap     ] GC(122) y:   Garbage:         -              3481M (85%)           1M (0%)            1M (0%)     
[2026-01-06T22:07:25.110+0800][32.754s][info][gc,heap     ] GC(122) y: Allocated:         -                 4M (0%)           14M (0%)           14M (0%)     
[2026-01-06T22:07:25.110+0800][32.754s][info][gc,heap     ] GC(122) y: Reclaimed:         -                  -              3480M (85%)        3480M (85%)    
[2026-01-06T22:07:25.110+0800][32.754s][info][gc,heap     ] GC(122) y:  Promoted:         -                  -                 0M (0%)            0M (0%)     
[2026-01-06T22:07:25.110+0800][32.754s][info][gc,heap     ] GC(122) y: Compacted:         -                  -                  -                 0M (0%)     
[2026-01-06T22:07:25.110+0800][32.754s][info][gc,phases   ] GC(122) y: Young Generation 3484M(85%)->18M(0%) 0.004s
[2026-01-06T22:07:25.110+0800][32.754s][info][gc          ] GC(122) Minor Collection (High Usage) 3484M(85%)->18M(0%) 0.005s
[2026-01-06T22:07:25.239+0800][32.883s][info][gc          ] GC(123) Major Collection (Proactive)
[2026-01-06T22:07:25.239+0800][32.883s][info][gc,task     ] GC(123) Using 1 Workers for Young Generation
[2026-01-06T22:07:25.239+0800][32.883s][info][gc,task     ] GC(123) Using 1 Workers for Old Generation
[2026-01-06T22:07:25.239+0800][32.883s][info][gc,phases   ] GC(123) Y: Young Generation
[2026-01-06T22:07:25.239+0800][32.883s][info][gc,phases   ] GC(123) Y: Pause Mark Start (Major) 0.005ms
[2026-01-06T22:07:25.239+0800][32.883s][info][gc,phases   ] GC(123) Y: Concurrent Mark 0.227ms
[2026-01-06T22:07:25.239+0800][32.883s][info][gc,phases   ] GC(123) Y: Pause Mark End 0.003ms
[2026-01-06T22:07:25.239+0800][32.883s][info][gc,phases   ] GC(123) Y: Concurrent Mark Free 0.000ms
[2026-01-06T22:07:25.239+0800][32.883s][info][gc,phases   ] GC(123) Y: Concurrent Reset Relocation Set 0.000ms
[2026-01-06T22:07:25.240+0800][32.883s][info][gc,reloc    ] GC(123) Y: Using tenuring threshold: 1 (Computed)
[2026-01-06T22:07:25.240+0800][32.883s][info][gc,phases   ] GC(123) Y: Concurrent Select Relocation Set 0.112ms
[2026-01-06T22:07:25.240+0800][32.884s][info][gc,phases   ] GC(123) Y: Pause Relocate Start 0.002ms
[2026-01-06T22:07:25.240+0800][32.884s][info][gc,phases   ] GC(123) Y: Concurrent Relocate 0.011ms
[2026-01-06T22:07:25.240+0800][32.884s][info][gc,alloc    ] GC(123) Y:                         Mark Start        Mark End      Relocate Start    Relocate End   
[2026-01-06T22:07:25.240+0800][32.884s][info][gc,alloc    ] GC(123) Y: Allocation Stalls:          0                0                0                0         
[2026-01-06T22:07:25.240+0800][32.884s][info][gc,load     ] GC(123) Y: Load: 2.17 (22%) / 1.83 (18%) / 2.02 (20%)
[2026-01-06T22:07:25.240+0800][32.884s][info][gc,mmu      ] GC(123) Y: MMU: 2ms/97.4%, 5ms/98.6%, 10ms/99.3%, 20ms/99.5%, 50ms/99.8%, 100ms/99.9%
[2026-01-06T22:07:25.240+0800][32.884s][info][gc,marking  ] GC(123) Y: Mark: 1 stripe(s), 2 proactive flush(es), 1 terminate flush(es), 0 completion(s), 0 continuation(s) 
[2026-01-06T22:07:25.240+0800][32.884s][info][gc,nmethod  ] GC(123) Y: NMethods: 128 registered, 39 unregistered
[2026-01-06T22:07:25.240+0800][32.884s][info][gc,metaspace] GC(123) Y: Metaspace: 0M used, 0M committed, 1088M reserved
[2026-01-06T22:07:25.240+0800][32.884s][info][gc,reloc    ] GC(123) Y:                        Candidates     Selected     In-Place         Size        Empty    Relocated 
[2026-01-06T22:07:25.240+0800][32.884s][info][gc,reloc    ] GC(123) Y: Small Pages:                  331            0            0         662M         660M           0M 
[2026-01-06T22:07:25.240+0800][32.884s][info][gc,reloc    ] GC(123) Y: Medium Pages:                   0            0            0           0M           0M           0M 
[2026-01-06T22:07:25.240+0800][32.884s][info][gc,reloc    ] GC(123) Y: Large Pages:                    0            0            0           0M           0M           0M 
[2026-01-06T22:07:25.240+0800][32.884s][info][gc,reloc    ] GC(123) Y: Forwarding Usage: 0M
[2026-01-06T22:07:25.240+0800][32.884s][info][gc,reloc    ] GC(123) Y: Age Table:
[2026-01-06T22:07:25.240+0800][32.884s][info][gc,reloc    ] GC(123) Y:                    Live             Garbage             Small              Medium             Large        
[2026-01-06T22:07:25.240+0800][32.884s][info][gc,reloc    ] GC(123) Y: Eden               0M (0%)          659M (16%)        330 / 0              0 / 0              0 / 0        
[2026-01-06T22:07:25.240+0800][32.884s][info][gc,reloc    ] GC(123) Y: Survivor 1          -                 2M (0%)           1 / 0              0 / 0              0 / 0        
[2026-01-06T22:07:25.240+0800][32.884s][info][gc,heap     ] GC(123) Y: Min Capacity: 8M(0%)
[2026-01-06T22:07:25.240+0800][32.884s][info][gc,heap     ] GC(123) Y: Max Capacity: 4096M(100%)
[2026-01-06T22:07:25.240+0800][32.884s][info][gc,heap     ] GC(123) Y: Soft Max Capacity: 3686M(90%)
[2026-01-06T22:07:25.240+0800][32.884s][info][gc,heap     ] GC(123) Y: Heap Statistics:
[2026-01-06T22:07:25.240+0800][32.884s][info][gc,heap     ] GC(123) Y:                Mark Start          Mark End        Relocate Start      Relocate End           High               Low         
[2026-01-06T22:07:25.240+0800][32.884s][info][gc,heap     ] GC(123) Y:  Capacity:     3498M (85%)        3498M (85%)        3498M (85%)        3498M (85%)        3498M (85%)        3498M (85%)    
[2026-01-06T22:07:25.240+0800][32.884s][info][gc,heap     ] GC(123) Y:      Free:     3432M (84%)        3430M (84%)        4088M (100%)       4088M (100%)       4088M (100%)       3430M (84%)    
[2026-01-06T22:07:25.240+0800][32.884s][info][gc,heap     ] GC(123) Y:      Used:      664M (16%)         666M (16%)           8M (0%)            8M (0%)          666M (16%)           8M (0%)     
[2026-01-06T22:07:25.240+0800][32.884s][info][gc,heap     ] GC(123) Y: Young Generation Statistics:
[2026-01-06T22:07:25.240+0800][32.884s][info][gc,heap     ] GC(123) Y:                Mark Start          Mark End        Relocate Start      Relocate End    
[2026-01-06T22:07:25.240+0800][32.884s][info][gc,heap     ] GC(123) Y:      Used:      662M (16%)         664M (16%)           6M (0%)            6M (0%)     
[2026-01-06T22:07:25.240+0800][32.884s][info][gc,heap     ] GC(123) Y:      Live:         -                 0M (0%)            0M (0%)            0M (0%)     
[2026-01-06T22:07:25.240+0800][32.884s][info][gc,heap     ] GC(123) Y:   Garbage:         -               661M (16%)           1M (0%)            1M (0%)     
[2026-01-06T22:07:25.240+0800][32.884s][info][gc,heap     ] GC(123) Y: Allocated:         -                 2M (0%)            4M (0%)            4M (0%)     
[2026-01-06T22:07:25.240+0800][32.884s][info][gc,heap     ] GC(123) Y: Reclaimed:         -                  -               660M (16%)         660M (16%)    
[2026-01-06T22:07:25.240+0800][32.884s][info][gc,heap     ] GC(123) Y:  Promoted:         -                  -                 0M (0%)            0M (0%)     
[2026-01-06T22:07:25.240+0800][32.884s][info][gc,heap     ] GC(123) Y: Compacted:         -                  -                  -                 0M (0%)     
[2026-01-06T22:07:25.240+0800][32.884s][info][gc,phases   ] GC(123) Y: Young Generation 664M(16%)->8M(0%) 0.001s
[2026-01-06T22:07:25.240+0800][32.884s][info][gc,phases   ] GC(123) O: Old Generation
[2026-01-06T22:07:25.241+0800][32.885s][info][gc,phases   ] GC(123) O: Concurrent Mark 0.951ms
[2026-01-06T22:07:25.241+0800][32.885s][info][gc,phases   ] GC(123) O: Pause Mark End 0.006ms
[2026-01-06T22:07:25.241+0800][32.885s][info][gc,phases   ] GC(123) O: Concurrent Mark Free 0.000ms
[2026-01-06T22:07:25.241+0800][32.885s][info][gc,phases   ] GC(123) O: Concurrent Process Non-Strong 0.384ms
[2026-01-06T22:07:25.241+0800][32.885s][info][gc,phases   ] GC(123) O: Concurrent Reset Relocation Set 0.000ms
[2026-01-06T22:07:25.241+0800][32.885s][info][gc,phases   ] GC(123) O: Concurrent Select Relocation Set 0.019ms
[2026-01-06T22:07:25.241+0800][32.885s][info][gc,task     ] GC(123) O: Using 2 Workers for Old Generation
[2026-01-06T22:07:25.241+0800][32.885s][info][gc,task     ] GC(123) O: Using 1 Workers for Old Generation
[2026-01-06T22:07:25.241+0800][32.885s][info][gc,phases   ] GC(123) O: Concurrent Remap Roots 0.093ms
[2026-01-06T22:07:25.241+0800][32.885s][info][gc,phases   ] GC(123) O: Pause Relocate Start 0.002ms
[2026-01-06T22:07:25.241+0800][32.885s][info][gc,phases   ] GC(123) O: Concurrent Relocate 0.006ms
[2026-01-06T22:07:25.241+0800][32.885s][info][gc,alloc    ] GC(123) O:                         Mark Start        Mark End      Relocate Start    Relocate End   
[2026-01-06T22:07:25.241+0800][32.885s][info][gc,alloc    ] GC(123) O: Allocation Stalls:          0                0                0                0         
[2026-01-06T22:07:25.241+0800][32.885s][info][gc,load     ] GC(123) O: Load: 2.17 (22%) / 1.83 (18%) / 2.02 (20%)
[2026-01-06T22:07:25.241+0800][32.885s][info][gc,mmu      ] GC(123) O: MMU: 2ms/97.4%, 5ms/98.6%, 10ms/99.3%, 20ms/99.5%, 50ms/99.8%, 100ms/99.9%
[2026-01-06T22:07:25.241+0800][32.885s][info][gc,marking  ] GC(123) O: Mark: 1 stripe(s), 2 proactive flush(es), 1 terminate flush(es), 0 completion(s), 0 continuation(s) 
[2026-01-06T22:07:25.241+0800][32.885s][info][gc,nmethod  ] GC(123) O: NMethods: 128 registered, 39 unregistered
[2026-01-06T22:07:25.241+0800][32.885s][info][gc,metaspace] GC(123) O: Metaspace: 0M used, 0M committed, 1088M reserved
[2026-01-06T22:07:25.241+0800][32.885s][info][gc,ref      ] GC(123) O:                       Encountered   Discovered     Enqueued 
[2026-01-06T22:07:25.241+0800][32.885s][info][gc,ref      ] GC(123) O: Soft References:                1            0            0 
[2026-01-06T22:07:25.241+0800][32.885s][info][gc,ref      ] GC(123) O: Weak References:                6            0            0 
[2026-01-06T22:07:25.241+0800][32.885s][info][gc,ref      ] GC(123) O: Final References:               0            0            0 
[2026-01-06T22:07:25.241+0800][32.885s][info][gc,ref      ] GC(123) O: Phantom References:             1            1            0 
[2026-01-06T22:07:25.241+0800][32.885s][info][gc,reloc    ] GC(123) O:                        Candidates     Selected     In-Place         Size        Empty    Relocated 
[2026-01-06T22:07:25.241+0800][32.885s][info][gc,reloc    ] GC(123) O: Small Pages:                    1            0            0           2M           0M           0M 
[2026-01-06T22:07:25.241+0800][32.885s][info][gc,reloc    ] GC(123) O: Medium Pages:                   0            0            0           0M           0M           0M 
[2026-01-06T22:07:25.241+0800][32.885s][info][gc,reloc    ] GC(123) O: Large Pages:                    0            0            0           0M           0M           0M 
[2026-01-06T22:07:25.241+0800][32.885s][info][gc,reloc    ] GC(123) O: Forwarding Usage: 0M
[2026-01-06T22:07:25.241+0800][32.885s][info][gc,heap     ] GC(123) O: Min Capacity: 8M(0%)
[2026-01-06T22:07:25.241+0800][32.885s][info][gc,heap     ] GC(123) O: Max Capacity: 4096M(100%)
[2026-01-06T22:07:25.241+0800][32.885s][info][gc,heap     ] GC(123) O: Soft Max Capacity: 3686M(90%)
[2026-01-06T22:07:25.241+0800][32.885s][info][gc,heap     ] GC(123) O: Heap Statistics:
[2026-01-06T22:07:25.241+0800][32.885s][info][gc,heap     ] GC(123) O:                Mark Start          Mark End        Relocate Start      Relocate End           High               Low         
[2026-01-06T22:07:25.241+0800][32.885s][info][gc,heap     ] GC(123) O:  Capacity:     3498M (85%)        3498M (85%)        3498M (85%)        3498M (85%)        3498M (85%)        3498M (85%)    
[2026-01-06T22:07:25.241+0800][32.885s][info][gc,heap     ] GC(123) O:      Free:     3432M (84%)        4068M (99%)        4058M (99%)        4058M (99%)        4088M (100%)       3430M (84%)    
[2026-01-06T22:07:25.241+0800][32.885s][info][gc,heap     ] GC(123) O:      Used:      664M (16%)          28M (1%)           38M (1%)           38M (1%)          666M (16%)           8M (0%)     
[2026-01-06T22:07:25.241+0800][32.885s][info][gc,heap     ] GC(123) O: Old Generation Statistics:
[2026-01-06T22:07:25.241+0800][32.885s][info][gc,heap     ] GC(123) O:                Mark Start          Mark End        Relocate Start      Relocate End    
[2026-01-06T22:07:25.241+0800][32.885s][info][gc,heap     ] GC(123) O:      Used:        2M (0%)            2M (0%)            2M (0%)            2M (0%)     
[2026-01-06T22:07:25.241+0800][32.885s][info][gc,heap     ] GC(123) O:      Live:         -                 0M (0%)            0M (0%)            0M (0%)     
[2026-01-06T22:07:25.241+0800][32.885s][info][gc,heap     ] GC(123) O:   Garbage:         -                 1M (0%)            1M (0%)            1M (0%)     
[2026-01-06T22:07:25.241+0800][32.885s][info][gc,heap     ] GC(123) O: Allocated:         -                 0M (0%)            0M (0%)            0M (0%)     
[2026-01-06T22:07:25.241+0800][32.885s][info][gc,heap     ] GC(123) O: Reclaimed:         -                  -                 0M (0%)            0M (0%)     
[2026-01-06T22:07:25.241+0800][32.885s][info][gc,heap     ] GC(123) O: Compacted:         -                  -                  -                 0M (0%)     
[2026-01-06T22:07:25.241+0800][32.885s][info][gc,phases   ] GC(123) O: Old Generation 10M(0%)->38M(1%) 0.002s
[2026-01-06T22:07:25.241+0800][32.885s][info][gc          ] GC(123) Major Collection (Proactive) 664M(16%)->40M(1%) 0.002s
[2026-01-06T22:07:25.812+0800][33.456s][info][gc          ] GC(124) Major Collection (Proactive)
[2026-01-06T22:07:25.812+0800][33.456s][info][gc,task     ] GC(124) Using 1 Workers for Young Generation
[2026-01-06T22:07:25.812+0800][33.456s][info][gc,task     ] GC(124) Using 1 Workers for Old Generation
[2026-01-06T22:07:25.812+0800][33.456s][info][gc,phases   ] GC(124) Y: Young Generation
[2026-01-06T22:07:25.812+0800][33.456s][info][gc,phases   ] GC(124) Y: Pause Mark Start (Major) 0.013ms
[2026-01-06T22:07:25.814+0800][33.458s][info][gc,phases   ] GC(124) Y: Concurrent Mark 2.114ms
[2026-01-06T22:07:25.815+0800][33.458s][info][gc,phases   ] GC(124) Y: Pause Mark End 0.004ms
[2026-01-06T22:07:25.815+0800][33.458s][info][gc,phases   ] GC(124) Y: Concurrent Mark Free 0.003ms
[2026-01-06T22:07:25.815+0800][33.458s][info][gc,phases   ] GC(124) Y: Concurrent Reset Relocation Set 0.000ms
[2026-01-06T22:07:25.818+0800][33.462s][info][gc,reloc    ] GC(124) Y: Using tenuring threshold: 1 (Computed)
[2026-01-06T22:07:25.818+0800][33.462s][info][gc,phases   ] GC(124) Y: Concurrent Select Relocation Set 3.837ms
[2026-01-06T22:07:25.818+0800][33.462s][info][gc,phases   ] GC(124) Y: Pause Relocate Start 0.004ms
[2026-01-06T22:07:25.818+0800][33.462s][info][gc,phases   ] GC(124) Y: Concurrent Relocate 0.014ms
[2026-01-06T22:07:25.818+0800][33.462s][info][gc,alloc    ] GC(124) Y:                         Mark Start        Mark End      Relocate Start    Relocate End   
[2026-01-06T22:07:25.818+0800][33.462s][info][gc,alloc    ] GC(124) Y: Allocation Stalls:          0                0                0                0         
[2026-01-06T22:07:25.818+0800][33.462s][info][gc,load     ] GC(124) Y: Load: 2.17 (22%) / 1.83 (18%) / 2.02 (20%)
[2026-01-06T22:07:25.818+0800][33.462s][info][gc,mmu      ] GC(124) Y: MMU: 2ms/97.4%, 5ms/98.6%, 10ms/99.3%, 20ms/99.5%, 50ms/99.8%, 100ms/99.9%
[2026-01-06T22:07:25.818+0800][33.462s][info][gc,marking  ] GC(124) Y: Mark: 1 stripe(s), 2 proactive flush(es), 1 terminate flush(es), 0 completion(s), 0 continuation(s) 
[2026-01-06T22:07:25.819+0800][33.462s][info][gc,nmethod  ] GC(124) Y: NMethods: 129 registered, 39 unregistered
[2026-01-06T22:07:25.819+0800][33.462s][info][gc,metaspace] GC(124) Y: Metaspace: 0M used, 0M committed, 1088M reserved
[2026-01-06T22:07:25.819+0800][33.462s][info][gc,reloc    ] GC(124) Y:                        Candidates     Selected     In-Place         Size        Empty    Relocated 
[2026-01-06T22:07:25.819+0800][33.462s][info][gc,reloc    ] GC(124) Y: Small Pages:                 1621            0            0        3242M        3240M           0M 
[2026-01-06T22:07:25.819+0800][33.462s][info][gc,reloc    ] GC(124) Y: Medium Pages:                   0            0            0           0M           0M           0M 
[2026-01-06T22:07:25.819+0800][33.462s][info][gc,reloc    ] GC(124) Y: Large Pages:                    0            0            0           0M           0M           0M 
[2026-01-06T22:07:25.819+0800][33.462s][info][gc,reloc    ] GC(124) Y: Forwarding Usage: 0M
[2026-01-06T22:07:25.819+0800][33.462s][info][gc,reloc    ] GC(124) Y: Age Table:
[2026-01-06T22:07:25.819+0800][33.462s][info][gc,reloc    ] GC(124) Y:                    Live             Garbage             Small              Medium             Large        
[2026-01-06T22:07:25.819+0800][33.462s][info][gc,reloc    ] GC(124) Y: Eden               0M (0%)         3239M (79%)       1620 / 0              0 / 0              0 / 0        
[2026-01-06T22:07:25.819+0800][33.462s][info][gc,reloc    ] GC(124) Y: Survivor 1          -                 2M (0%)           1 / 0              0 / 0              0 / 0        
[2026-01-06T22:07:25.819+0800][33.462s][info][gc,heap     ] GC(124) Y: Min Capacity: 8M(0%)
[2026-01-06T22:07:25.819+0800][33.462s][info][gc,heap     ] GC(124) Y: Max Capacity: 4096M(100%)
[2026-01-06T22:07:25.819+0800][33.462s][info][gc,heap     ] GC(124) Y: Soft Max Capacity: 3686M(90%)
[2026-01-06T22:07:25.819+0800][33.462s][info][gc,heap     ] GC(124) Y: Heap Statistics:
[2026-01-06T22:07:25.819+0800][33.462s][info][gc,heap     ] GC(124) Y:                Mark Start          Mark End        Relocate Start      Relocate End           High               Low         
[2026-01-06T22:07:25.819+0800][33.462s][info][gc,heap     ] GC(124) Y:  Capacity:     3498M (85%)        3498M (85%)        3498M (85%)        3498M (85%)        3498M (85%)        3498M (85%)    
[2026-01-06T22:07:25.819+0800][33.462s][info][gc,heap     ] GC(124) Y:      Free:      852M (21%)         848M (21%)        4080M (100%)       4080M (100%)       4080M (100%)        848M (21%)    
[2026-01-06T22:07:25.819+0800][33.462s][info][gc,heap     ] GC(124) Y:      Used:     3244M (79%)        3248M (79%)          16M (0%)           16M (0%)         3248M (79%)          16M (0%)     
[2026-01-06T22:07:25.819+0800][33.462s][info][gc,heap     ] GC(124) Y: Young Generation Statistics:
[2026-01-06T22:07:25.819+0800][33.462s][info][gc,heap     ] GC(124) Y:                Mark Start          Mark End        Relocate Start      Relocate End    
[2026-01-06T22:07:25.819+0800][33.462s][info][gc,heap     ] GC(124) Y:      Used:     3242M (79%)        3246M (79%)          14M (0%)           14M (0%)     
[2026-01-06T22:07:25.819+0800][33.462s][info][gc,heap     ] GC(124) Y:      Live:         -                 0M (0%)            0M (0%)            0M (0%)     
[2026-01-06T22:07:25.819+0800][33.462s][info][gc,heap     ] GC(124) Y:   Garbage:         -              3241M (79%)           1M (0%)            1M (0%)     
[2026-01-06T22:07:25.819+0800][33.462s][info][gc,heap     ] GC(124) Y: Allocated:         -                 4M (0%)           12M (0%)           12M (0%)     
[2026-01-06T22:07:25.819+0800][33.462s][info][gc,heap     ] GC(124) Y: Reclaimed:         -                  -              3240M (79%)        3240M (79%)    
[2026-01-06T22:07:25.819+0800][33.462s][info][gc,heap     ] GC(124) Y:  Promoted:         -                  -                 0M (0%)            0M (0%)     
[2026-01-06T22:07:25.819+0800][33.462s][info][gc,heap     ] GC(124) Y: Compacted:         -                  -                  -                 0M (0%)     
[2026-01-06T22:07:25.819+0800][33.462s][info][gc,phases   ] GC(124) Y: Young Generation 3244M(79%)->16M(0%) 0.006s
[2026-01-06T22:07:25.819+0800][33.462s][info][gc,phases   ] GC(124) O: Old Generation
[2026-01-06T22:07:25.820+0800][33.464s][info][gc,phases   ] GC(124) O: Concurrent Mark 1.123ms
[2026-01-06T22:07:25.820+0800][33.464s][info][gc,phases   ] GC(124) O: Pause Mark End 0.006ms
[2026-01-06T22:07:25.820+0800][33.464s][info][gc,phases   ] GC(124) O: Concurrent Mark Free 0.001ms
[2026-01-06T22:07:25.820+0800][33.464s][info][gc,phases   ] GC(124) O: Concurrent Process Non-Strong 0.320ms
[2026-01-06T22:07:25.820+0800][33.464s][info][gc,phases   ] GC(124) O: Concurrent Reset Relocation Set 0.000ms
[2026-01-06T22:07:25.820+0800][33.464s][info][gc,phases   ] GC(124) O: Concurrent Select Relocation Set 0.015ms
[2026-01-06T22:07:25.820+0800][33.464s][info][gc,task     ] GC(124) O: Using 2 Workers for Old Generation
[2026-01-06T22:07:25.820+0800][33.464s][info][gc,task     ] GC(124) O: Using 1 Workers for Old Generation
[2026-01-06T22:07:25.820+0800][33.464s][info][gc,phases   ] GC(124) O: Concurrent Remap Roots 0.088ms
[2026-01-06T22:07:25.820+0800][33.464s][info][gc,phases   ] GC(124) O: Pause Relocate Start 0.001ms
[2026-01-06T22:07:25.820+0800][33.464s][info][gc,phases   ] GC(124) O: Concurrent Relocate 0.006ms
[2026-01-06T22:07:25.820+0800][33.464s][info][gc,alloc    ] GC(124) O:                         Mark Start        Mark End      Relocate Start    Relocate End   
[2026-01-06T22:07:25.820+0800][33.464s][info][gc,alloc    ] GC(124) O: Allocation Stalls:          0                0                0                0         
[2026-01-06T22:07:25.820+0800][33.464s][info][gc,load     ] GC(124) O: Load: 2.17 (22%) / 1.83 (18%) / 2.02 (20%)
[2026-01-06T22:07:25.820+0800][33.464s][info][gc,mmu      ] GC(124) O: MMU: 2ms/97.4%, 5ms/98.6%, 10ms/99.3%, 20ms/99.5%, 50ms/99.8%, 100ms/99.9%
[2026-01-06T22:07:25.820+0800][33.464s][info][gc,marking  ] GC(124) O: Mark: 1 stripe(s), 2 proactive flush(es), 1 terminate flush(es), 0 completion(s), 0 continuation(s) 
[2026-01-06T22:07:25.820+0800][33.464s][info][gc,nmethod  ] GC(124) O: NMethods: 129 registered, 39 unregistered
[2026-01-06T22:07:25.820+0800][33.464s][info][gc,metaspace] GC(124) O: Metaspace: 0M used, 0M committed, 1088M reserved
[2026-01-06T22:07:25.820+0800][33.464s][info][gc,ref      ] GC(124) O:                       Encountered   Discovered     Enqueued 
[2026-01-06T22:07:25.820+0800][33.464s][info][gc,ref      ] GC(124) O: Soft References:                1            0            0 
[2026-01-06T22:07:25.820+0800][33.464s][info][gc,ref      ] GC(124) O: Weak References:                6            0            0 
[2026-01-06T22:07:25.820+0800][33.464s][info][gc,ref      ] GC(124) O: Final References:               0            0            0 
[2026-01-06T22:07:25.820+0800][33.464s][info][gc,ref      ] GC(124) O: Phantom References:             1            1            0 
[2026-01-06T22:07:25.820+0800][33.464s][info][gc,reloc    ] GC(124) O:                        Candidates     Selected     In-Place         Size        Empty    Relocated 
[2026-01-06T22:07:25.820+0800][33.464s][info][gc,reloc    ] GC(124) O: Small Pages:                    1            0            0           2M           0M           0M 
[2026-01-06T22:07:25.820+0800][33.464s][info][gc,reloc    ] GC(124) O: Medium Pages:                   0            0            0           0M           0M           0M 
[2026-01-06T22:07:25.820+0800][33.464s][info][gc,reloc    ] GC(124) O: Large Pages:                    0            0            0           0M           0M           0M 
[2026-01-06T22:07:25.820+0800][33.464s][info][gc,reloc    ] GC(124) O: Forwarding Usage: 0M
[2026-01-06T22:07:25.820+0800][33.464s][info][gc,heap     ] GC(124) O: Min Capacity: 8M(0%)
[2026-01-06T22:07:25.820+0800][33.464s][info][gc,heap     ] GC(124) O: Max Capacity: 4096M(100%)
[2026-01-06T22:07:25.820+0800][33.464s][info][gc,heap     ] GC(124) O: Soft Max Capacity: 3686M(90%)
[2026-01-06T22:07:25.820+0800][33.464s][info][gc,heap     ] GC(124) O: Heap Statistics:
[2026-01-06T22:07:25.820+0800][33.464s][info][gc,heap     ] GC(124) O:                Mark Start          Mark End        Relocate Start      Relocate End           High               Low         
[2026-01-06T22:07:25.820+0800][33.464s][info][gc,heap     ] GC(124) O:  Capacity:     3498M (85%)        3498M (85%)        3498M (85%)        3498M (85%)        3498M (85%)        3498M (85%)    
[2026-01-06T22:07:25.820+0800][33.464s][info][gc,heap     ] GC(124) O:      Free:      852M (21%)        4074M (99%)        4072M (99%)        4072M (99%)        4080M (100%)        848M (21%)    
[2026-01-06T22:07:25.820+0800][33.464s][info][gc,heap     ] GC(124) O:      Used:     3244M (79%)          22M (1%)           24M (1%)           24M (1%)         3248M (79%)          16M (0%)     
[2026-01-06T22:07:25.820+0800][33.464s][info][gc,heap     ] GC(124) O: Old Generation Statistics:
[2026-01-06T22:07:25.820+0800][33.464s][info][gc,heap     ] GC(124) O:                Mark Start          Mark End        Relocate Start      Relocate End    
[2026-01-06T22:07:25.820+0800][33.464s][info][gc,heap     ] GC(124) O:      Used:        2M (0%)            2M (0%)            2M (0%)            2M (0%)     
[2026-01-06T22:07:25.820+0800][33.464s][info][gc,heap     ] GC(124) O:      Live:         -                 0M (0%)            0M (0%)            0M (0%)     
[2026-01-06T22:07:25.820+0800][33.464s][info][gc,heap     ] GC(124) O:   Garbage:         -                 1M (0%)            1M (0%)            1M (0%)     
[2026-01-06T22:07:25.820+0800][33.464s][info][gc,heap     ] GC(124) O: Allocated:         -                 0M (0%)            0M (0%)            0M (0%)     
[2026-01-06T22:07:25.820+0800][33.464s][info][gc,heap     ] GC(124) O: Reclaimed:         -                  -                 0M (0%)            0M (0%)     
[2026-01-06T22:07:25.820+0800][33.464s][info][gc,heap     ] GC(124) O: Compacted:         -                  -                  -                 0M (0%)     
[2026-01-06T22:07:25.820+0800][33.464s][info][gc,phases   ] GC(124) O: Old Generation 16M(0%)->24M(1%) 0.002s
[2026-01-06T22:07:25.820+0800][33.464s][info][gc          ] GC(124) Major Collection (Proactive) 3244M(79%)->26M(1%) 0.008s
[2026-01-06T22:07:26.570+0800][34.214s][info][gc          ] GC(125) Minor Collection (High Usage)
[2026-01-06T22:07:26.570+0800][34.214s][info][gc,task     ] GC(125) Using 1 Workers for Young Generation
[2026-01-06T22:07:26.570+0800][34.214s][info][gc,phases   ] GC(125) y: Young Generation
[2026-01-06T22:07:26.570+0800][34.214s][info][gc,phases   ] GC(125) y: Pause Mark Start 0.011ms
[2026-01-06T22:07:26.571+0800][34.215s][info][gc,phases   ] GC(125) y: Concurrent Mark 0.556ms
[2026-01-06T22:07:26.571+0800][34.215s][info][gc,phases   ] GC(125) y: Pause Mark End 0.004ms
[2026-01-06T22:07:26.571+0800][34.215s][info][gc,phases   ] GC(125) y: Concurrent Mark Free 0.004ms
[2026-01-06T22:07:26.571+0800][34.215s][info][gc,phases   ] GC(125) y: Concurrent Reset Relocation Set 0.000ms
[2026-01-06T22:07:26.574+0800][34.218s][info][gc,reloc    ] GC(125) y: Using tenuring threshold: 1 (Computed)
[2026-01-06T22:07:26.575+0800][34.218s][info][gc,phases   ] GC(125) y: Concurrent Select Relocation Set 3.451ms
[2026-01-06T22:07:26.575+0800][34.218s][info][gc,phases   ] GC(125) y: Pause Relocate Start 0.001ms
[2026-01-06T22:07:26.575+0800][34.218s][info][gc,phases   ] GC(125) y: Concurrent Relocate 0.011ms
[2026-01-06T22:07:26.575+0800][34.218s][info][gc,alloc    ] GC(125) y:                         Mark Start        Mark End      Relocate Start    Relocate End   
[2026-01-06T22:07:26.575+0800][34.218s][info][gc,alloc    ] GC(125) y: Allocation Stalls:          0                0                0                0         
[2026-01-06T22:07:26.575+0800][34.218s][info][gc,load     ] GC(125) y: Load: 2.15 (22%) / 1.83 (18%) / 2.02 (20%)
[2026-01-06T22:07:26.575+0800][34.218s][info][gc,mmu      ] GC(125) y: MMU: 2ms/97.4%, 5ms/98.6%, 10ms/99.3%, 20ms/99.5%, 50ms/99.8%, 100ms/99.9%
[2026-01-06T22:07:26.575+0800][34.218s][info][gc,marking  ] GC(125) y: Mark: 1 stripe(s), 2 proactive flush(es), 1 terminate flush(es), 0 completion(s), 0 continuation(s) 
[2026-01-06T22:07:26.575+0800][34.218s][info][gc,nmethod  ] GC(125) y: NMethods: 129 registered, 39 unregistered
[2026-01-06T22:07:26.575+0800][34.218s][info][gc,metaspace] GC(125) y: Metaspace: 0M used, 0M committed, 1088M reserved
[2026-01-06T22:07:26.575+0800][34.219s][info][gc,reloc    ] GC(125) y:                        Candidates     Selected     In-Place         Size        Empty    Relocated 
[2026-01-06T22:07:26.575+0800][34.219s][info][gc,reloc    ] GC(125) y: Small Pages:                 1742            0            0        3484M        3482M           0M 
[2026-01-06T22:07:26.575+0800][34.219s][info][gc,reloc    ] GC(125) y: Medium Pages:                   0            0            0           0M           0M           0M 
[2026-01-06T22:07:26.575+0800][34.219s][info][gc,reloc    ] GC(125) y: Large Pages:                    0            0            0           0M           0M           0M 
[2026-01-06T22:07:26.575+0800][34.219s][info][gc,reloc    ] GC(125) y: Forwarding Usage: 0M
[2026-01-06T22:07:26.575+0800][34.219s][info][gc,reloc    ] GC(125) y: Age Table:
[2026-01-06T22:07:26.575+0800][34.219s][info][gc,reloc    ] GC(125) y:                    Live             Garbage             Small              Medium             Large        
[2026-01-06T22:07:26.575+0800][34.219s][info][gc,reloc    ] GC(125) y: Eden               0M (0%)         3481M (85%)       1741 / 0              0 / 0              0 / 0        
[2026-01-06T22:07:26.575+0800][34.219s][info][gc,reloc    ] GC(125) y: Survivor 1          -                 2M (0%)           1 / 0              0 / 0              0 / 0        
[2026-01-06T22:07:26.575+0800][34.219s][info][gc,heap     ] GC(125) y: Min Capacity: 8M(0%)
[2026-01-06T22:07:26.575+0800][34.219s][info][gc,heap     ] GC(125) y: Max Capacity: 4096M(100%)
[2026-01-06T22:07:26.575+0800][34.219s][info][gc,heap     ] GC(125) y: Soft Max Capacity: 3686M(90%)
[2026-01-06T22:07:26.575+0800][34.219s][info][gc,heap     ] GC(125) y: Heap Statistics:
[2026-01-06T22:07:26.575+0800][34.219s][info][gc,heap     ] GC(125) y:                Mark Start          Mark End        Relocate Start      Relocate End           High               Low         
[2026-01-06T22:07:26.575+0800][34.219s][info][gc,heap     ] GC(125) y:  Capacity:     3498M (85%)        3498M (85%)        3498M (85%)        3498M (85%)        3498M (85%)        3498M (85%)    
[2026-01-06T22:07:26.575+0800][34.219s][info][gc,heap     ] GC(125) y:      Free:      610M (15%)         606M (15%)        4078M (100%)       4078M (100%)       4078M (100%)        606M (15%)    
[2026-01-06T22:07:26.575+0800][34.219s][info][gc,heap     ] GC(125) y:      Used:     3486M (85%)        3490M (85%)          18M (0%)           18M (0%)         3490M (85%)          18M (0%)     
[2026-01-06T22:07:26.575+0800][34.219s][info][gc,heap     ] GC(125) y: Young Generation Statistics:
[2026-01-06T22:07:26.575+0800][34.219s][info][gc,heap     ] GC(125) y:                Mark Start          Mark End        Relocate Start      Relocate End    
[2026-01-06T22:07:26.575+0800][34.219s][info][gc,heap     ] GC(125) y:      Used:     3484M (85%)        3488M (85%)          16M (0%)           16M (0%)     
[2026-01-06T22:07:26.575+0800][34.219s][info][gc,heap     ] GC(125) y:      Live:         -                 0M (0%)            0M (0%)            0M (0%)     
[2026-01-06T22:07:26.575+0800][34.219s][info][gc,heap     ] GC(125) y:   Garbage:         -              3483M (85%)           1M (0%)            1M (0%)     
[2026-01-06T22:07:26.575+0800][34.219s][info][gc,heap     ] GC(125) y: Allocated:         -                 4M (0%)           14M (0%)           14M (0%)     
[2026-01-06T22:07:26.575+0800][34.219s][info][gc,heap     ] GC(125) y: Reclaimed:         -                  -              3482M (85%)        3482M (85%)    
[2026-01-06T22:07:26.575+0800][34.219s][info][gc,heap     ] GC(125) y:  Promoted:         -                  -                 0M (0%)            0M (0%)     
[2026-01-06T22:07:26.575+0800][34.219s][info][gc,heap     ] GC(125) y: Compacted:         -                  -                  -                 0M (0%)     
[2026-01-06T22:07:26.575+0800][34.219s][info][gc,phases   ] GC(125) y: Young Generation 3486M(85%)->18M(0%) 0.004s
[2026-01-06T22:07:26.575+0800][34.219s][info][gc          ] GC(125) Minor Collection (High Usage) 3484M(85%)->18M(0%) 0.005s
[2026-01-06T22:07:26.658+0800][34.302s][info][gc          ] GC(126) Major Collection (Proactive)
[2026-01-06T22:07:26.658+0800][34.302s][info][gc,task     ] GC(126) Using 1 Workers for Young Generation
[2026-01-06T22:07:26.658+0800][34.302s][info][gc,task     ] GC(126) Using 1 Workers for Old Generation
[2026-01-06T22:07:26.658+0800][34.302s][info][gc,phases   ] GC(126) Y: Young Generation
[2026-01-06T22:07:26.658+0800][34.302s][info][gc,phases   ] GC(126) Y: Pause Mark Start (Major) 0.005ms
[2026-01-06T22:07:26.658+0800][34.302s][info][gc,phases   ] GC(126) Y: Concurrent Mark 0.215ms
[2026-01-06T22:07:26.658+0800][34.302s][info][gc,phases   ] GC(126) Y: Pause Mark End 0.003ms
[2026-01-06T22:07:26.658+0800][34.302s][info][gc,phases   ] GC(126) Y: Concurrent Mark Free 0.000ms
[2026-01-06T22:07:26.658+0800][34.302s][info][gc,phases   ] GC(126) Y: Concurrent Reset Relocation Set 0.000ms
[2026-01-06T22:07:26.658+0800][34.302s][info][gc,reloc    ] GC(126) Y: Using tenuring threshold: 1 (Computed)
[2026-01-06T22:07:26.658+0800][34.302s][info][gc,phases   ] GC(126) Y: Concurrent Select Relocation Set 0.085ms
[2026-01-06T22:07:26.658+0800][34.302s][info][gc,phases   ] GC(126) Y: Pause Relocate Start 0.001ms
[2026-01-06T22:07:26.658+0800][34.302s][info][gc,phases   ] GC(126) Y: Concurrent Relocate 0.012ms
[2026-01-06T22:07:26.659+0800][34.302s][info][gc,alloc    ] GC(126) Y:                         Mark Start        Mark End      Relocate Start    Relocate End   
[2026-01-06T22:07:26.659+0800][34.302s][info][gc,alloc    ] GC(126) Y: Allocation Stalls:          0                0                0                0         
[2026-01-06T22:07:26.659+0800][34.302s][info][gc,load     ] GC(126) Y: Load: 2.15 (22%) / 1.83 (18%) / 2.02 (20%)
[2026-01-06T22:07:26.659+0800][34.302s][info][gc,mmu      ] GC(126) Y: MMU: 2ms/97.4%, 5ms/98.6%, 10ms/99.3%, 20ms/99.5%, 50ms/99.8%, 100ms/99.9%
[2026-01-06T22:07:26.659+0800][34.302s][info][gc,marking  ] GC(126) Y: Mark: 1 stripe(s), 2 proactive flush(es), 1 terminate flush(es), 0 completion(s), 0 continuation(s) 
[2026-01-06T22:07:26.659+0800][34.302s][info][gc,nmethod  ] GC(126) Y: NMethods: 129 registered, 39 unregistered
[2026-01-06T22:07:26.659+0800][34.302s][info][gc,metaspace] GC(126) Y: Metaspace: 0M used, 0M committed, 1088M reserved
[2026-01-06T22:07:26.659+0800][34.302s][info][gc,reloc    ] GC(126) Y:                        Candidates     Selected     In-Place         Size        Empty    Relocated 
[2026-01-06T22:07:26.659+0800][34.302s][info][gc,reloc    ] GC(126) Y: Small Pages:                  210            0            0         420M         418M           0M 
[2026-01-06T22:07:26.659+0800][34.302s][info][gc,reloc    ] GC(126) Y: Medium Pages:                   0            0            0           0M           0M           0M 
[2026-01-06T22:07:26.659+0800][34.302s][info][gc,reloc    ] GC(126) Y: Large Pages:                    0            0            0           0M           0M           0M 
[2026-01-06T22:07:26.659+0800][34.302s][info][gc,reloc    ] GC(126) Y: Forwarding Usage: 0M
[2026-01-06T22:07:26.659+0800][34.302s][info][gc,reloc    ] GC(126) Y: Age Table:
[2026-01-06T22:07:26.659+0800][34.302s][info][gc,reloc    ] GC(126) Y:                    Live             Garbage             Small              Medium             Large        
[2026-01-06T22:07:26.659+0800][34.302s][info][gc,reloc    ] GC(126) Y: Eden               0M (0%)          417M (10%)        209 / 0              0 / 0              0 / 0        
[2026-01-06T22:07:26.659+0800][34.302s][info][gc,reloc    ] GC(126) Y: Survivor 1          -                 2M (0%)           1 / 0              0 / 0              0 / 0        
[2026-01-06T22:07:26.659+0800][34.302s][info][gc,heap     ] GC(126) Y: Min Capacity: 8M(0%)
[2026-01-06T22:07:26.659+0800][34.302s][info][gc,heap     ] GC(126) Y: Max Capacity: 4096M(100%)
[2026-01-06T22:07:26.659+0800][34.302s][info][gc,heap     ] GC(126) Y: Soft Max Capacity: 3686M(90%)
[2026-01-06T22:07:26.659+0800][34.302s][info][gc,heap     ] GC(126) Y: Heap Statistics:
[2026-01-06T22:07:26.659+0800][34.302s][info][gc,heap     ] GC(126) Y:                Mark Start          Mark End        Relocate Start      Relocate End           High               Low         
[2026-01-06T22:07:26.659+0800][34.302s][info][gc,heap     ] GC(126) Y:  Capacity:     3498M (85%)        3498M (85%)        3498M (85%)        3498M (85%)        3498M (85%)        3498M (85%)    
[2026-01-06T22:07:26.659+0800][34.302s][info][gc,heap     ] GC(126) Y:      Free:     3674M (90%)        3672M (90%)        4090M (100%)       4090M (100%)       4090M (100%)       3672M (90%)    
[2026-01-06T22:07:26.659+0800][34.302s][info][gc,heap     ] GC(126) Y:      Used:      422M (10%)         424M (10%)           6M (0%)            6M (0%)          424M (10%)           6M (0%)     
[2026-01-06T22:07:26.659+0800][34.302s][info][gc,heap     ] GC(126) Y: Young Generation Statistics:
[2026-01-06T22:07:26.659+0800][34.302s][info][gc,heap     ] GC(126) Y:                Mark Start          Mark End        Relocate Start      Relocate End    
[2026-01-06T22:07:26.659+0800][34.302s][info][gc,heap     ] GC(126) Y:      Used:      420M (10%)         422M (10%)           4M (0%)            4M (0%)     
[2026-01-06T22:07:26.659+0800][34.302s][info][gc,heap     ] GC(126) Y:      Live:         -                 0M (0%)            0M (0%)            0M (0%)     
[2026-01-06T22:07:26.659+0800][34.302s][info][gc,heap     ] GC(126) Y:   Garbage:         -               419M (10%)           1M (0%)            1M (0%)     
[2026-01-06T22:07:26.659+0800][34.302s][info][gc,heap     ] GC(126) Y: Allocated:         -                 2M (0%)            2M (0%)            2M (0%)     
[2026-01-06T22:07:26.659+0800][34.302s][info][gc,heap     ] GC(126) Y: Reclaimed:         -                  -               418M (10%)         418M (10%)    
[2026-01-06T22:07:26.659+0800][34.302s][info][gc,heap     ] GC(126) Y:  Promoted:         -                  -                 0M (0%)            0M (0%)     
[2026-01-06T22:07:26.659+0800][34.302s][info][gc,heap     ] GC(126) Y: Compacted:         -                  -                  -                 0M (0%)     
[2026-01-06T22:07:26.659+0800][34.302s][info][gc,phases   ] GC(126) Y: Young Generation 422M(10%)->6M(0%) 0.000s
[2026-01-06T22:07:26.659+0800][34.302s][info][gc,phases   ] GC(126) O: Old Generation
[2026-01-06T22:07:26.660+0800][34.303s][info][gc,phases   ] GC(126) O: Concurrent Mark 0.924ms
[2026-01-06T22:07:26.660+0800][34.303s][info][gc,phases   ] GC(126) O: Pause Mark End 0.005ms
[2026-01-06T22:07:26.660+0800][34.303s][info][gc,phases   ] GC(126) O: Concurrent Mark Free 0.001ms
[2026-01-06T22:07:26.660+0800][34.304s][info][gc,phases   ] GC(126) O: Concurrent Process Non-Strong 0.387ms
[2026-01-06T22:07:26.660+0800][34.304s][info][gc,phases   ] GC(126) O: Concurrent Reset Relocation Set 0.000ms
[2026-01-06T22:07:26.660+0800][34.304s][info][gc,phases   ] GC(126) O: Concurrent Select Relocation Set 0.019ms
[2026-01-06T22:07:26.660+0800][34.304s][info][gc,task     ] GC(126) O: Using 2 Workers for Old Generation
[2026-01-06T22:07:26.660+0800][34.304s][info][gc,task     ] GC(126) O: Using 1 Workers for Old Generation
[2026-01-06T22:07:26.660+0800][34.304s][info][gc,phases   ] GC(126) O: Concurrent Remap Roots 0.115ms
[2026-01-06T22:07:26.660+0800][34.304s][info][gc,phases   ] GC(126) O: Pause Relocate Start 0.002ms
[2026-01-06T22:07:26.660+0800][34.304s][info][gc,phases   ] GC(126) O: Concurrent Relocate 0.007ms
[2026-01-06T22:07:26.660+0800][34.304s][info][gc,alloc    ] GC(126) O:                         Mark Start        Mark End      Relocate Start    Relocate End   
[2026-01-06T22:07:26.660+0800][34.304s][info][gc,alloc    ] GC(126) O: Allocation Stalls:          0                0                0                0         
[2026-01-06T22:07:26.660+0800][34.304s][info][gc,load     ] GC(126) O: Load: 2.15 (22%) / 1.83 (18%) / 2.02 (20%)
[2026-01-06T22:07:26.660+0800][34.304s][info][gc,mmu      ] GC(126) O: MMU: 2ms/97.4%, 5ms/98.6%, 10ms/99.3%, 20ms/99.5%, 50ms/99.8%, 100ms/99.9%
[2026-01-06T22:07:26.660+0800][34.304s][info][gc,marking  ] GC(126) O: Mark: 1 stripe(s), 2 proactive flush(es), 1 terminate flush(es), 0 completion(s), 0 continuation(s) 
[2026-01-06T22:07:26.660+0800][34.304s][info][gc,nmethod  ] GC(126) O: NMethods: 129 registered, 39 unregistered
[2026-01-06T22:07:26.660+0800][34.304s][info][gc,metaspace] GC(126) O: Metaspace: 0M used, 0M committed, 1088M reserved
[2026-01-06T22:07:26.660+0800][34.304s][info][gc,ref      ] GC(126) O:                       Encountered   Discovered     Enqueued 
[2026-01-06T22:07:26.660+0800][34.304s][info][gc,ref      ] GC(126) O: Soft References:                1            0            0 
[2026-01-06T22:07:26.660+0800][34.304s][info][gc,ref      ] GC(126) O: Weak References:                6            0            0 
[2026-01-06T22:07:26.660+0800][34.304s][info][gc,ref      ] GC(126) O: Final References:               0            0            0 
[2026-01-06T22:07:26.660+0800][34.304s][info][gc,ref      ] GC(126) O: Phantom References:             1            1            0 
[2026-01-06T22:07:26.660+0800][34.304s][info][gc,reloc    ] GC(126) O:                        Candidates     Selected     In-Place         Size        Empty    Relocated 
[2026-01-06T22:07:26.660+0800][34.304s][info][gc,reloc    ] GC(126) O: Small Pages:                    1            0            0           2M           0M           0M 
[2026-01-06T22:07:26.660+0800][34.304s][info][gc,reloc    ] GC(126) O: Medium Pages:                   0            0            0           0M           0M           0M 
[2026-01-06T22:07:26.660+0800][34.304s][info][gc,reloc    ] GC(126) O: Large Pages:                    0            0            0           0M           0M           0M 
[2026-01-06T22:07:26.660+0800][34.304s][info][gc,reloc    ] GC(126) O: Forwarding Usage: 0M
[2026-01-06T22:07:26.660+0800][34.304s][info][gc,heap     ] GC(126) O: Min Capacity: 8M(0%)
[2026-01-06T22:07:26.660+0800][34.304s][info][gc,heap     ] GC(126) O: Max Capacity: 4096M(100%)
[2026-01-06T22:07:26.660+0800][34.304s][info][gc,heap     ] GC(126) O: Soft Max Capacity: 3686M(90%)
[2026-01-06T22:07:26.660+0800][34.304s][info][gc,heap     ] GC(126) O: Heap Statistics:
[2026-01-06T22:07:26.660+0800][34.304s][info][gc,heap     ] GC(126) O:                Mark Start          Mark End        Relocate Start      Relocate End           High               Low         
[2026-01-06T22:07:26.660+0800][34.304s][info][gc,heap     ] GC(126) O:  Capacity:     3498M (85%)        3498M (85%)        3498M (85%)        3498M (85%)        3498M (85%)        3498M (85%)    
[2026-01-06T22:07:26.660+0800][34.304s][info][gc,heap     ] GC(126) O:      Free:     3674M (90%)        4068M (99%)        4058M (99%)        4058M (99%)        4090M (100%)       3672M (90%)    
[2026-01-06T22:07:26.660+0800][34.304s][info][gc,heap     ] GC(126) O:      Used:      422M (10%)          28M (1%)           38M (1%)           38M (1%)          424M (10%)           6M (0%)     
[2026-01-06T22:07:26.660+0800][34.304s][info][gc,heap     ] GC(126) O: Old Generation Statistics:
[2026-01-06T22:07:26.660+0800][34.304s][info][gc,heap     ] GC(126) O:                Mark Start          Mark End        Relocate Start      Relocate End    
[2026-01-06T22:07:26.660+0800][34.304s][info][gc,heap     ] GC(126) O:      Used:        2M (0%)            2M (0%)            2M (0%)            2M (0%)     
[2026-01-06T22:07:26.660+0800][34.304s][info][gc,heap     ] GC(126) O:      Live:         -                 0M (0%)            0M (0%)            0M (0%)     
[2026-01-06T22:07:26.660+0800][34.304s][info][gc,heap     ] GC(126) O:   Garbage:         -                 1M (0%)            1M (0%)            1M (0%)     
[2026-01-06T22:07:26.660+0800][34.304s][info][gc,heap     ] GC(126) O: Allocated:         -                 0M (0%)            0M (0%)            0M (0%)     
[2026-01-06T22:07:26.660+0800][34.304s][info][gc,heap     ] GC(126) O: Reclaimed:         -                  -                 0M (0%)            0M (0%)     
[2026-01-06T22:07:26.660+0800][34.304s][info][gc,heap     ] GC(126) O: Compacted:         -                  -                  -                 0M (0%)     
[2026-01-06T22:07:26.660+0800][34.304s][info][gc,phases   ] GC(126) O: Old Generation 10M(0%)->38M(1%) 0.002s
[2026-01-06T22:07:26.660+0800][34.304s][info][gc          ] GC(126) Major Collection (Proactive) 422M(10%)->40M(1%) 0.002s
[2026-01-06T22:07:27.207+0800][34.851s][info][gc          ] GC(127) Major Collection (Proactive)
[2026-01-06T22:07:27.207+0800][34.851s][info][gc,task     ] GC(127) Using 1 Workers for Young Generation
[2026-01-06T22:07:27.207+0800][34.851s][info][gc,task     ] GC(127) Using 1 Workers for Old Generation
[2026-01-06T22:07:27.207+0800][34.851s][info][gc,phases   ] GC(127) Y: Young Generation
[2026-01-06T22:07:27.207+0800][34.851s][info][gc,phases   ] GC(127) Y: Pause Mark Start (Major) 0.012ms
[2026-01-06T22:07:27.208+0800][34.852s][info][gc,phases   ] GC(127) Y: Concurrent Mark 0.853ms
[2026-01-06T22:07:27.208+0800][34.852s][info][gc,phases   ] GC(127) Y: Pause Mark End 0.004ms
[2026-01-06T22:07:27.208+0800][34.852s][info][gc,phases   ] GC(127) Y: Concurrent Mark Free 0.003ms
[2026-01-06T22:07:27.208+0800][34.852s][info][gc,phases   ] GC(127) Y: Concurrent Reset Relocation Set 0.000ms
[2026-01-06T22:07:27.212+0800][34.855s][info][gc,reloc    ] GC(127) Y: Using tenuring threshold: 1 (Computed)
[2026-01-06T22:07:27.212+0800][34.855s][info][gc,phases   ] GC(127) Y: Concurrent Select Relocation Set 3.419ms
[2026-01-06T22:07:27.212+0800][34.855s][info][gc,phases   ] GC(127) Y: Pause Relocate Start 0.002ms
[2026-01-06T22:07:27.212+0800][34.855s][info][gc,phases   ] GC(127) Y: Concurrent Relocate 0.011ms
[2026-01-06T22:07:27.212+0800][34.856s][info][gc,alloc    ] GC(127) Y:                         Mark Start        Mark End      Relocate Start    Relocate End   
[2026-01-06T22:07:27.212+0800][34.856s][info][gc,alloc    ] GC(127) Y: Allocation Stalls:          0                0                0                0         
[2026-01-06T22:07:27.212+0800][34.856s][info][gc,load     ] GC(127) Y: Load: 2.15 (22%) / 1.83 (18%) / 2.02 (20%)
[2026-01-06T22:07:27.212+0800][34.856s][info][gc,mmu      ] GC(127) Y: MMU: 2ms/97.4%, 5ms/98.6%, 10ms/99.3%, 20ms/99.5%, 50ms/99.8%, 100ms/99.9%
[2026-01-06T22:07:27.212+0800][34.856s][info][gc,marking  ] GC(127) Y: Mark: 1 stripe(s), 2 proactive flush(es), 1 terminate flush(es), 0 completion(s), 0 continuation(s) 
[2026-01-06T22:07:27.212+0800][34.856s][info][gc,nmethod  ] GC(127) Y: NMethods: 129 registered, 39 unregistered
[2026-01-06T22:07:27.212+0800][34.856s][info][gc,metaspace] GC(127) Y: Metaspace: 0M used, 0M committed, 1088M reserved
[2026-01-06T22:07:27.212+0800][34.856s][info][gc,reloc    ] GC(127) Y:                        Candidates     Selected     In-Place         Size        Empty    Relocated 
[2026-01-06T22:07:27.212+0800][34.856s][info][gc,reloc    ] GC(127) Y: Small Pages:                 1441            0            0        2882M        2880M           0M 
[2026-01-06T22:07:27.212+0800][34.856s][info][gc,reloc    ] GC(127) Y: Medium Pages:                   0            0            0           0M           0M           0M 
[2026-01-06T22:07:27.212+0800][34.856s][info][gc,reloc    ] GC(127) Y: Large Pages:                    0            0            0           0M           0M           0M 
[2026-01-06T22:07:27.212+0800][34.856s][info][gc,reloc    ] GC(127) Y: Forwarding Usage: 0M
[2026-01-06T22:07:27.212+0800][34.856s][info][gc,reloc    ] GC(127) Y: Age Table:
[2026-01-06T22:07:27.212+0800][34.856s][info][gc,reloc    ] GC(127) Y:                    Live             Garbage             Small              Medium             Large        
[2026-01-06T22:07:27.212+0800][34.856s][info][gc,reloc    ] GC(127) Y: Eden               0M (0%)         2879M (70%)       1440 / 0              0 / 0              0 / 0        
[2026-01-06T22:07:27.212+0800][34.856s][info][gc,reloc    ] GC(127) Y: Survivor 1          -                 2M (0%)           1 / 0              0 / 0              0 / 0        
[2026-01-06T22:07:27.212+0800][34.856s][info][gc,heap     ] GC(127) Y: Min Capacity: 8M(0%)
[2026-01-06T22:07:27.212+0800][34.856s][info][gc,heap     ] GC(127) Y: Max Capacity: 4096M(100%)
[2026-01-06T22:07:27.212+0800][34.856s][info][gc,heap     ] GC(127) Y: Soft Max Capacity: 3686M(90%)
[2026-01-06T22:07:27.212+0800][34.856s][info][gc,heap     ] GC(127) Y: Heap Statistics:
[2026-01-06T22:07:27.212+0800][34.856s][info][gc,heap     ] GC(127) Y:                Mark Start          Mark End        Relocate Start      Relocate End           High               Low         
[2026-01-06T22:07:27.212+0800][34.856s][info][gc,heap     ] GC(127) Y:  Capacity:     3498M (85%)        3498M (85%)        3498M (85%)        3498M (85%)        3498M (85%)        3498M (85%)    
[2026-01-06T22:07:27.212+0800][34.856s][info][gc,heap     ] GC(127) Y:      Free:     1212M (30%)        1208M (29%)        4078M (100%)       4078M (100%)       4078M (100%)       1208M (29%)    
[2026-01-06T22:07:27.212+0800][34.856s][info][gc,heap     ] GC(127) Y:      Used:     2884M (70%)        2888M (71%)          18M (0%)           18M (0%)         2888M (71%)          18M (0%)     
[2026-01-06T22:07:27.212+0800][34.856s][info][gc,heap     ] GC(127) Y: Young Generation Statistics:
[2026-01-06T22:07:27.212+0800][34.856s][info][gc,heap     ] GC(127) Y:                Mark Start          Mark End        Relocate Start      Relocate End    
[2026-01-06T22:07:27.212+0800][34.856s][info][gc,heap     ] GC(127) Y:      Used:     2882M (70%)        2886M (70%)          16M (0%)           16M (0%)     
[2026-01-06T22:07:27.212+0800][34.856s][info][gc,heap     ] GC(127) Y:      Live:         -                 0M (0%)            0M (0%)            0M (0%)     
[2026-01-06T22:07:27.212+0800][34.856s][info][gc,heap     ] GC(127) Y:   Garbage:         -              2881M (70%)           1M (0%)            1M (0%)     
[2026-01-06T22:07:27.212+0800][34.856s][info][gc,heap     ] GC(127) Y: Allocated:         -                 4M (0%)           14M (0%)           14M (0%)     
[2026-01-06T22:07:27.212+0800][34.856s][info][gc,heap     ] GC(127) Y: Reclaimed:         -                  -              2880M (70%)        2880M (70%)    
[2026-01-06T22:07:27.212+0800][34.856s][info][gc,heap     ] GC(127) Y:  Promoted:         -                  -                 0M (0%)            0M (0%)     
[2026-01-06T22:07:27.212+0800][34.856s][info][gc,heap     ] GC(127) Y: Compacted:         -                  -                  -                 0M (0%)     
[2026-01-06T22:07:27.212+0800][34.856s][info][gc,phases   ] GC(127) Y: Young Generation 2884M(70%)->18M(0%) 0.005s
[2026-01-06T22:07:27.212+0800][34.856s][info][gc,phases   ] GC(127) O: Old Generation
[2026-01-06T22:07:27.214+0800][34.858s][info][gc,phases   ] GC(127) O: Concurrent Mark 2.323ms
[2026-01-06T22:07:27.214+0800][34.858s][info][gc,phases   ] GC(127) O: Pause Mark End 0.005ms
[2026-01-06T22:07:27.214+0800][34.858s][info][gc,phases   ] GC(127) O: Concurrent Mark Free 0.001ms
[2026-01-06T22:07:27.214+0800][34.858s][info][gc,phases   ] GC(127) O: Concurrent Process Non-Strong 0.337ms
[2026-01-06T22:07:27.214+0800][34.858s][info][gc,phases   ] GC(127) O: Concurrent Reset Relocation Set 0.000ms
[2026-01-06T22:07:27.214+0800][34.858s][info][gc,phases   ] GC(127) O: Concurrent Select Relocation Set 0.016ms
[2026-01-06T22:07:27.214+0800][34.858s][info][gc,task     ] GC(127) O: Using 2 Workers for Old Generation
[2026-01-06T22:07:27.215+0800][34.858s][info][gc,task     ] GC(127) O: Using 1 Workers for Old Generation
[2026-01-06T22:07:27.215+0800][34.858s][info][gc,phases   ] GC(127) O: Concurrent Remap Roots 0.091ms
[2026-01-06T22:07:27.215+0800][34.859s][info][gc,phases   ] GC(127) O: Pause Relocate Start 0.002ms
[2026-01-06T22:07:27.215+0800][34.859s][info][gc,phases   ] GC(127) O: Concurrent Relocate 0.012ms
[2026-01-06T22:07:27.215+0800][34.859s][info][gc,alloc    ] GC(127) O:                         Mark Start        Mark End      Relocate Start    Relocate End   
[2026-01-06T22:07:27.215+0800][34.859s][info][gc,alloc    ] GC(127) O: Allocation Stalls:          0                0                0                0         
[2026-01-06T22:07:27.215+0800][34.859s][info][gc,load     ] GC(127) O: Load: 2.15 (22%) / 1.83 (18%) / 2.02 (20%)
[2026-01-06T22:07:27.215+0800][34.859s][info][gc,mmu      ] GC(127) O: MMU: 2ms/97.4%, 5ms/98.6%, 10ms/99.3%, 20ms/99.5%, 50ms/99.8%, 100ms/99.9%
[2026-01-06T22:07:27.215+0800][34.859s][info][gc,marking  ] GC(127) O: Mark: 1 stripe(s), 2 proactive flush(es), 1 terminate flush(es), 0 completion(s), 0 continuation(s) 
[2026-01-06T22:07:27.215+0800][34.859s][info][gc,nmethod  ] GC(127) O: NMethods: 129 registered, 39 unregistered
[2026-01-06T22:07:27.215+0800][34.859s][info][gc,metaspace] GC(127) O: Metaspace: 0M used, 0M committed, 1088M reserved
[2026-01-06T22:07:27.215+0800][34.859s][info][gc,ref      ] GC(127) O:                       Encountered   Discovered     Enqueued 
[2026-01-06T22:07:27.215+0800][34.859s][info][gc,ref      ] GC(127) O: Soft References:                1            0            0 
[2026-01-06T22:07:27.215+0800][34.859s][info][gc,ref      ] GC(127) O: Weak References:                6            0            0 
[2026-01-06T22:07:27.215+0800][34.859s][info][gc,ref      ] GC(127) O: Final References:               0            0            0 
[2026-01-06T22:07:27.215+0800][34.859s][info][gc,ref      ] GC(127) O: Phantom References:             1            1            0 
[2026-01-06T22:07:27.215+0800][34.859s][info][gc,reloc    ] GC(127) O:                        Candidates     Selected     In-Place         Size        Empty    Relocated 
[2026-01-06T22:07:27.215+0800][34.859s][info][gc,reloc    ] GC(127) O: Small Pages:                    1            0            0           2M           0M           0M 
[2026-01-06T22:07:27.215+0800][34.859s][info][gc,reloc    ] GC(127) O: Medium Pages:                   0            0            0           0M           0M           0M 
[2026-01-06T22:07:27.215+0800][34.859s][info][gc,reloc    ] GC(127) O: Large Pages:                    0            0            0           0M           0M           0M 
[2026-01-06T22:07:27.215+0800][34.859s][info][gc,reloc    ] GC(127) O: Forwarding Usage: 0M
[2026-01-06T22:07:27.215+0800][34.859s][info][gc,heap     ] GC(127) O: Min Capacity: 8M(0%)
[2026-01-06T22:07:27.215+0800][34.859s][info][gc,heap     ] GC(127) O: Max Capacity: 4096M(100%)
[2026-01-06T22:07:27.215+0800][34.859s][info][gc,heap     ] GC(127) O: Soft Max Capacity: 3686M(90%)
[2026-01-06T22:07:27.215+0800][34.859s][info][gc,heap     ] GC(127) O: Heap Statistics:
[2026-01-06T22:07:27.215+0800][34.859s][info][gc,heap     ] GC(127) O:                Mark Start          Mark End        Relocate Start      Relocate End           High               Low         
[2026-01-06T22:07:27.215+0800][34.859s][info][gc,heap     ] GC(127) O:  Capacity:     3498M (85%)        3498M (85%)        3498M (85%)        3498M (85%)        3498M (85%)        3498M (85%)    
[2026-01-06T22:07:27.215+0800][34.859s][info][gc,heap     ] GC(127) O:      Free:     1212M (30%)        4072M (99%)        4068M (99%)        4068M (99%)        4078M (100%)       1208M (29%)    
[2026-01-06T22:07:27.215+0800][34.859s][info][gc,heap     ] GC(127) O:      Used:     2884M (70%)          24M (1%)           28M (1%)           28M (1%)         2888M (71%)          18M (0%)     
[2026-01-06T22:07:27.215+0800][34.859s][info][gc,heap     ] GC(127) O: Old Generation Statistics:
[2026-01-06T22:07:27.215+0800][34.859s][info][gc,heap     ] GC(127) O:                Mark Start          Mark End        Relocate Start      Relocate End    
[2026-01-06T22:07:27.215+0800][34.859s][info][gc,heap     ] GC(127) O:      Used:        2M (0%)            2M (0%)            2M (0%)            2M (0%)     
[2026-01-06T22:07:27.215+0800][34.859s][info][gc,heap     ] GC(127) O:      Live:         -                 0M (0%)            0M (0%)            0M (0%)     
[2026-01-06T22:07:27.215+0800][34.859s][info][gc,heap     ] GC(127) O:   Garbage:         -                 1M (0%)            1M (0%)            1M (0%)     
[2026-01-06T22:07:27.215+0800][34.859s][info][gc,heap     ] GC(127) O: Allocated:         -                 0M (0%)            0M (0%)            0M (0%)     
[2026-01-06T22:07:27.215+0800][34.859s][info][gc,heap     ] GC(127) O: Reclaimed:         -                  -                 0M (0%)            0M (0%)     
[2026-01-06T22:07:27.215+0800][34.859s][info][gc,heap     ] GC(127) O: Compacted:         -                  -                  -                 0M (0%)     
[2026-01-06T22:07:27.215+0800][34.859s][info][gc,phases   ] GC(127) O: Old Generation 18M(0%)->28M(1%) 0.003s
[2026-01-06T22:07:27.215+0800][34.859s][info][gc          ] GC(127) Major Collection (Proactive) 2884M(70%)->28M(1%) 0.008s
[2026-01-06T22:07:27.907+0800][35.551s][info][gc          ] GC(128) Major Collection (Proactive)
[2026-01-06T22:07:27.907+0800][35.551s][info][gc,task     ] GC(128) Using 1 Workers for Young Generation
[2026-01-06T22:07:27.907+0800][35.551s][info][gc,task     ] GC(128) Using 1 Workers for Old Generation
[2026-01-06T22:07:27.907+0800][35.551s][info][gc,phases   ] GC(128) Y: Young Generation
[2026-01-06T22:07:27.907+0800][35.551s][info][gc,phases   ] GC(128) Y: Pause Mark Start (Major) 0.015ms
[2026-01-06T22:07:27.908+0800][35.552s][info][gc,phases   ] GC(128) Y: Concurrent Mark 0.603ms
[2026-01-06T22:07:27.908+0800][35.552s][info][gc,phases   ] GC(128) Y: Pause Mark End 0.004ms
[2026-01-06T22:07:27.908+0800][35.552s][info][gc,phases   ] GC(128) Y: Concurrent Mark Free 0.003ms
[2026-01-06T22:07:27.908+0800][35.552s][info][gc,phases   ] GC(128) Y: Concurrent Reset Relocation Set 0.000ms
[2026-01-06T22:07:27.911+0800][35.555s][info][gc,reloc    ] GC(128) Y: Using tenuring threshold: 1 (Computed)
[2026-01-06T22:07:27.911+0800][35.555s][info][gc,phases   ] GC(128) Y: Concurrent Select Relocation Set 3.323ms
[2026-01-06T22:07:27.911+0800][35.555s][info][gc,phases   ] GC(128) Y: Pause Relocate Start 0.002ms
[2026-01-06T22:07:27.911+0800][35.555s][info][gc,phases   ] GC(128) Y: Concurrent Relocate 0.010ms
[2026-01-06T22:07:27.911+0800][35.555s][info][gc,alloc    ] GC(128) Y:                         Mark Start        Mark End      Relocate Start    Relocate End   
[2026-01-06T22:07:27.911+0800][35.555s][info][gc,alloc    ] GC(128) Y: Allocation Stalls:          0                0                0                0         
[2026-01-06T22:07:27.911+0800][35.555s][info][gc,load     ] GC(128) Y: Load: 2.15 (22%) / 1.83 (18%) / 2.02 (20%)
[2026-01-06T22:07:27.911+0800][35.555s][info][gc,mmu      ] GC(128) Y: MMU: 2ms/97.4%, 5ms/98.6%, 10ms/99.3%, 20ms/99.5%, 50ms/99.8%, 100ms/99.9%
[2026-01-06T22:07:27.911+0800][35.555s][info][gc,marking  ] GC(128) Y: Mark: 1 stripe(s), 2 proactive flush(es), 1 terminate flush(es), 0 completion(s), 0 continuation(s) 
[2026-01-06T22:07:27.911+0800][35.555s][info][gc,nmethod  ] GC(128) Y: NMethods: 129 registered, 39 unregistered
[2026-01-06T22:07:27.911+0800][35.555s][info][gc,metaspace] GC(128) Y: Metaspace: 0M used, 0M committed, 1088M reserved
[2026-01-06T22:07:27.911+0800][35.555s][info][gc,reloc    ] GC(128) Y:                        Candidates     Selected     In-Place         Size        Empty    Relocated 
[2026-01-06T22:07:27.911+0800][35.555s][info][gc,reloc    ] GC(128) Y: Small Pages:                 1651            0            0        3302M        3300M           0M 
[2026-01-06T22:07:27.911+0800][35.555s][info][gc,reloc    ] GC(128) Y: Medium Pages:                   0            0            0           0M           0M           0M 
[2026-01-06T22:07:27.911+0800][35.555s][info][gc,reloc    ] GC(128) Y: Large Pages:                    0            0            0           0M           0M           0M 
[2026-01-06T22:07:27.911+0800][35.555s][info][gc,reloc    ] GC(128) Y: Forwarding Usage: 0M
[2026-01-06T22:07:27.911+0800][35.555s][info][gc,reloc    ] GC(128) Y: Age Table:
[2026-01-06T22:07:27.911+0800][35.555s][info][gc,reloc    ] GC(128) Y:                    Live             Garbage             Small              Medium             Large        
[2026-01-06T22:07:27.911+0800][35.555s][info][gc,reloc    ] GC(128) Y: Eden               0M (0%)         3299M (81%)       1650 / 0              0 / 0              0 / 0        
[2026-01-06T22:07:27.911+0800][35.555s][info][gc,reloc    ] GC(128) Y: Survivor 1          -                 2M (0%)           1 / 0              0 / 0              0 / 0        
[2026-01-06T22:07:27.911+0800][35.555s][info][gc,heap     ] GC(128) Y: Min Capacity: 8M(0%)
[2026-01-06T22:07:27.911+0800][35.555s][info][gc,heap     ] GC(128) Y: Max Capacity: 4096M(100%)
[2026-01-06T22:07:27.911+0800][35.555s][info][gc,heap     ] GC(128) Y: Soft Max Capacity: 3686M(90%)
[2026-01-06T22:07:27.911+0800][35.555s][info][gc,heap     ] GC(128) Y: Heap Statistics:
[2026-01-06T22:07:27.911+0800][35.555s][info][gc,heap     ] GC(128) Y:                Mark Start          Mark End        Relocate Start      Relocate End           High               Low         
[2026-01-06T22:07:27.911+0800][35.555s][info][gc,heap     ] GC(128) Y:  Capacity:     3498M (85%)        3498M (85%)        3498M (85%)        3498M (85%)        3498M (85%)        3498M (85%)    
[2026-01-06T22:07:27.911+0800][35.555s][info][gc,heap     ] GC(128) Y:      Free:      792M (19%)         788M (19%)        4078M (100%)       4078M (100%)       4080M (100%)        788M (19%)    
[2026-01-06T22:07:27.911+0800][35.555s][info][gc,heap     ] GC(128) Y:      Used:     3304M (81%)        3308M (81%)          18M (0%)           18M (0%)         3308M (81%)          16M (0%)     
[2026-01-06T22:07:27.911+0800][35.555s][info][gc,heap     ] GC(128) Y: Young Generation Statistics:
[2026-01-06T22:07:27.911+0800][35.555s][info][gc,heap     ] GC(128) Y:                Mark Start          Mark End        Relocate Start      Relocate End    
[2026-01-06T22:07:27.911+0800][35.555s][info][gc,heap     ] GC(128) Y:      Used:     3302M (81%)        3306M (81%)          16M (0%)           16M (0%)     
[2026-01-06T22:07:27.911+0800][35.555s][info][gc,heap     ] GC(128) Y:      Live:         -                 0M (0%)            0M (0%)            0M (0%)     
[2026-01-06T22:07:27.911+0800][35.555s][info][gc,heap     ] GC(128) Y:   Garbage:         -              3301M (81%)           1M (0%)            1M (0%)     
[2026-01-06T22:07:27.911+0800][35.555s][info][gc,heap     ] GC(128) Y: Allocated:         -                 4M (0%)           14M (0%)           14M (0%)     
[2026-01-06T22:07:27.911+0800][35.555s][info][gc,heap     ] GC(128) Y: Reclaimed:         -                  -              3300M (81%)        3300M (81%)    
[2026-01-06T22:07:27.911+0800][35.555s][info][gc,heap     ] GC(128) Y:  Promoted:         -                  -                 0M (0%)            0M (0%)     
[2026-01-06T22:07:27.911+0800][35.555s][info][gc,heap     ] GC(128) Y: Compacted:         -                  -                  -                 0M (0%)     
[2026-01-06T22:07:27.911+0800][35.555s][info][gc,phases   ] GC(128) Y: Young Generation 3304M(81%)->18M(0%) 0.004s
[2026-01-06T22:07:27.911+0800][35.555s][info][gc,phases   ] GC(128) O: Old Generation
[2026-01-06T22:07:27.912+0800][35.556s][info][gc,phases   ] GC(128) O: Concurrent Mark 1.081ms
[2026-01-06T22:07:27.913+0800][35.556s][info][gc,phases   ] GC(128) O: Pause Mark End 0.004ms
[2026-01-06T22:07:27.913+0800][35.556s][info][gc,phases   ] GC(128) O: Concurrent Mark Free 0.000ms
[2026-01-06T22:07:27.913+0800][35.557s][info][gc,phases   ] GC(128) O: Concurrent Process Non-Strong 0.308ms
[2026-01-06T22:07:27.913+0800][35.557s][info][gc,phases   ] GC(128) O: Concurrent Reset Relocation Set 0.000ms
[2026-01-06T22:07:27.913+0800][35.557s][info][gc,phases   ] GC(128) O: Concurrent Select Relocation Set 0.015ms
[2026-01-06T22:07:27.913+0800][35.557s][info][gc,task     ] GC(128) O: Using 2 Workers for Old Generation
[2026-01-06T22:07:27.913+0800][35.557s][info][gc,task     ] GC(128) O: Using 1 Workers for Old Generation
[2026-01-06T22:07:27.913+0800][35.557s][info][gc,phases   ] GC(128) O: Concurrent Remap Roots 0.096ms
[2026-01-06T22:07:27.913+0800][35.557s][info][gc,phases   ] GC(128) O: Pause Relocate Start 0.002ms
[2026-01-06T22:07:27.913+0800][35.557s][info][gc,phases   ] GC(128) O: Concurrent Relocate 0.008ms
[2026-01-06T22:07:27.913+0800][35.557s][info][gc,alloc    ] GC(128) O:                         Mark Start        Mark End      Relocate Start    Relocate End   
[2026-01-06T22:07:27.913+0800][35.557s][info][gc,alloc    ] GC(128) O: Allocation Stalls:          0                0                0                0         
[2026-01-06T22:07:27.913+0800][35.557s][info][gc,load     ] GC(128) O: Load: 2.15 (22%) / 1.83 (18%) / 2.02 (20%)
[2026-01-06T22:07:27.913+0800][35.557s][info][gc,mmu      ] GC(128) O: MMU: 2ms/97.4%, 5ms/98.6%, 10ms/99.3%, 20ms/99.5%, 50ms/99.8%, 100ms/99.9%
[2026-01-06T22:07:27.913+0800][35.557s][info][gc,marking  ] GC(128) O: Mark: 1 stripe(s), 2 proactive flush(es), 1 terminate flush(es), 0 completion(s), 0 continuation(s) 
[2026-01-06T22:07:27.913+0800][35.557s][info][gc,nmethod  ] GC(128) O: NMethods: 129 registered, 39 unregistered
[2026-01-06T22:07:27.913+0800][35.557s][info][gc,metaspace] GC(128) O: Metaspace: 0M used, 0M committed, 1088M reserved
[2026-01-06T22:07:27.913+0800][35.557s][info][gc,ref      ] GC(128) O:                       Encountered   Discovered     Enqueued 
[2026-01-06T22:07:27.913+0800][35.557s][info][gc,ref      ] GC(128) O: Soft References:                1            0            0 
[2026-01-06T22:07:27.913+0800][35.557s][info][gc,ref      ] GC(128) O: Weak References:                6            0            0 
[2026-01-06T22:07:27.913+0800][35.557s][info][gc,ref      ] GC(128) O: Final References:               0            0            0 
[2026-01-06T22:07:27.913+0800][35.557s][info][gc,ref      ] GC(128) O: Phantom References:             1            1            0 
[2026-01-06T22:07:27.913+0800][35.557s][info][gc,reloc    ] GC(128) O:                        Candidates     Selected     In-Place         Size        Empty    Relocated 
[2026-01-06T22:07:27.913+0800][35.557s][info][gc,reloc    ] GC(128) O: Small Pages:                    1            0            0           2M           0M           0M 
[2026-01-06T22:07:27.913+0800][35.557s][info][gc,reloc    ] GC(128) O: Medium Pages:                   0            0            0           0M           0M           0M 
[2026-01-06T22:07:27.913+0800][35.557s][info][gc,reloc    ] GC(128) O: Large Pages:                    0            0            0           0M           0M           0M 
[2026-01-06T22:07:27.913+0800][35.557s][info][gc,reloc    ] GC(128) O: Forwarding Usage: 0M
[2026-01-06T22:07:27.913+0800][35.557s][info][gc,heap     ] GC(128) O: Min Capacity: 8M(0%)
[2026-01-06T22:07:27.913+0800][35.557s][info][gc,heap     ] GC(128) O: Max Capacity: 4096M(100%)
[2026-01-06T22:07:27.913+0800][35.557s][info][gc,heap     ] GC(128) O: Soft Max Capacity: 3686M(90%)
[2026-01-06T22:07:27.913+0800][35.557s][info][gc,heap     ] GC(128) O: Heap Statistics:
[2026-01-06T22:07:27.913+0800][35.557s][info][gc,heap     ] GC(128) O:                Mark Start          Mark End        Relocate Start      Relocate End           High               Low         
[2026-01-06T22:07:27.913+0800][35.557s][info][gc,heap     ] GC(128) O:  Capacity:     3498M (85%)        3498M (85%)        3498M (85%)        3498M (85%)        3498M (85%)        3498M (85%)    
[2026-01-06T22:07:27.913+0800][35.557s][info][gc,heap     ] GC(128) O:      Free:      792M (19%)        4072M (99%)        4070M (99%)        4070M (99%)        4080M (100%)        788M (19%)    
[2026-01-06T22:07:27.913+0800][35.557s][info][gc,heap     ] GC(128) O:      Used:     3304M (81%)          24M (1%)           26M (1%)           26M (1%)         3308M (81%)          16M (0%)     
[2026-01-06T22:07:27.913+0800][35.557s][info][gc,heap     ] GC(128) O: Old Generation Statistics:
[2026-01-06T22:07:27.913+0800][35.557s][info][gc,heap     ] GC(128) O:                Mark Start          Mark End        Relocate Start      Relocate End    
[2026-01-06T22:07:27.913+0800][35.557s][info][gc,heap     ] GC(128) O:      Used:        2M (0%)            2M (0%)            2M (0%)            2M (0%)     
[2026-01-06T22:07:27.913+0800][35.557s][info][gc,heap     ] GC(128) O:      Live:         -                 0M (0%)            0M (0%)            0M (0%)     
[2026-01-06T22:07:27.913+0800][35.557s][info][gc,heap     ] GC(128) O:   Garbage:         -                 1M (0%)            1M (0%)            1M (0%)     
[2026-01-06T22:07:27.913+0800][35.557s][info][gc,heap     ] GC(128) O: Allocated:         -                 0M (0%)            0M (0%)            0M (0%)     
[2026-01-06T22:07:27.913+0800][35.557s][info][gc,heap     ] GC(128) O: Reclaimed:         -                  -                 0M (0%)            0M (0%)     
[2026-01-06T22:07:27.913+0800][35.557s][info][gc,heap     ] GC(128) O: Compacted:         -                  -                  -                 0M (0%)     
[2026-01-06T22:07:27.913+0800][35.557s][info][gc,phases   ] GC(128) O: Old Generation 18M(0%)->26M(1%) 0.002s
[2026-01-06T22:07:27.913+0800][35.557s][info][gc          ] GC(128) Major Collection (Proactive) 3304M(81%)->28M(1%) 0.006s
[2026-01-06T22:07:28.463+0800][36.107s][info][gc          ] GC(129) Major Collection (Proactive)
[2026-01-06T22:07:28.463+0800][36.107s][info][gc,task     ] GC(129) Using 1 Workers for Young Generation
[2026-01-06T22:07:28.463+0800][36.107s][info][gc,task     ] GC(129) Using 1 Workers for Old Generation
[2026-01-06T22:07:28.463+0800][36.107s][info][gc,phases   ] GC(129) Y: Young Generation
[2026-01-06T22:07:28.464+0800][36.107s][info][gc,phases   ] GC(129) Y: Pause Mark Start (Major) 0.015ms
[2026-01-06T22:07:28.464+0800][36.108s][info][gc,phases   ] GC(129) Y: Concurrent Mark 0.622ms
[2026-01-06T22:07:28.464+0800][36.108s][info][gc,phases   ] GC(129) Y: Pause Mark End 0.003ms
[2026-01-06T22:07:28.464+0800][36.108s][info][gc,phases   ] GC(129) Y: Concurrent Mark Free 0.004ms
[2026-01-06T22:07:28.464+0800][36.108s][info][gc,phases   ] GC(129) Y: Concurrent Reset Relocation Set 0.000ms
[2026-01-06T22:07:28.467+0800][36.111s][info][gc,reloc    ] GC(129) Y: Using tenuring threshold: 1 (Computed)
[2026-01-06T22:07:28.467+0800][36.111s][info][gc,phases   ] GC(129) Y: Concurrent Select Relocation Set 3.048ms
[2026-01-06T22:07:28.467+0800][36.111s][info][gc,phases   ] GC(129) Y: Pause Relocate Start 0.002ms
[2026-01-06T22:07:28.467+0800][36.111s][info][gc,phases   ] GC(129) Y: Concurrent Relocate 0.052ms
[2026-01-06T22:07:28.467+0800][36.111s][info][gc,alloc    ] GC(129) Y:                         Mark Start        Mark End      Relocate Start    Relocate End   
[2026-01-06T22:07:28.467+0800][36.111s][info][gc,alloc    ] GC(129) Y: Allocation Stalls:          0                0                0                0         
[2026-01-06T22:07:28.467+0800][36.111s][info][gc,load     ] GC(129) Y: Load: 2.15 (22%) / 1.83 (18%) / 2.02 (20%)
[2026-01-06T22:07:28.467+0800][36.111s][info][gc,mmu      ] GC(129) Y: MMU: 2ms/97.4%, 5ms/98.6%, 10ms/99.3%, 20ms/99.5%, 50ms/99.8%, 100ms/99.9%
[2026-01-06T22:07:28.467+0800][36.111s][info][gc,marking  ] GC(129) Y: Mark: 1 stripe(s), 2 proactive flush(es), 1 terminate flush(es), 0 completion(s), 0 continuation(s) 
[2026-01-06T22:07:28.467+0800][36.111s][info][gc,nmethod  ] GC(129) Y: NMethods: 129 registered, 39 unregistered
[2026-01-06T22:07:28.467+0800][36.111s][info][gc,metaspace] GC(129) Y: Metaspace: 0M used, 0M committed, 1088M reserved
[2026-01-06T22:07:28.467+0800][36.111s][info][gc,reloc    ] GC(129) Y:                        Candidates     Selected     In-Place         Size        Empty    Relocated 
[2026-01-06T22:07:28.467+0800][36.111s][info][gc,reloc    ] GC(129) Y: Small Pages:                 1261            0            0        2522M        2520M           0M 
[2026-01-06T22:07:28.467+0800][36.111s][info][gc,reloc    ] GC(129) Y: Medium Pages:                   0            0            0           0M           0M           0M 
[2026-01-06T22:07:28.467+0800][36.111s][info][gc,reloc    ] GC(129) Y: Large Pages:                    0            0            0           0M           0M           0M 
[2026-01-06T22:07:28.467+0800][36.111s][info][gc,reloc    ] GC(129) Y: Forwarding Usage: 0M
[2026-01-06T22:07:28.467+0800][36.111s][info][gc,reloc    ] GC(129) Y: Age Table:
[2026-01-06T22:07:28.467+0800][36.111s][info][gc,reloc    ] GC(129) Y:                    Live             Garbage             Small              Medium             Large        
[2026-01-06T22:07:28.467+0800][36.111s][info][gc,reloc    ] GC(129) Y: Eden               0M (0%)         2519M (62%)       1260 / 0              0 / 0              0 / 0        
[2026-01-06T22:07:28.467+0800][36.111s][info][gc,reloc    ] GC(129) Y: Survivor 1          -                 2M (0%)           1 / 0              0 / 0              0 / 0        
[2026-01-06T22:07:28.467+0800][36.111s][info][gc,heap     ] GC(129) Y: Min Capacity: 8M(0%)
[2026-01-06T22:07:28.467+0800][36.111s][info][gc,heap     ] GC(129) Y: Max Capacity: 4096M(100%)
[2026-01-06T22:07:28.467+0800][36.111s][info][gc,heap     ] GC(129) Y: Soft Max Capacity: 3686M(90%)
[2026-01-06T22:07:28.467+0800][36.111s][info][gc,heap     ] GC(129) Y: Heap Statistics:
[2026-01-06T22:07:28.467+0800][36.111s][info][gc,heap     ] GC(129) Y:                Mark Start          Mark End        Relocate Start      Relocate End           High               Low         
[2026-01-06T22:07:28.467+0800][36.111s][info][gc,heap     ] GC(129) Y:  Capacity:     3498M (85%)        3498M (85%)        3498M (85%)        3498M (85%)        3498M (85%)        3498M (85%)    
[2026-01-06T22:07:28.467+0800][36.111s][info][gc,heap     ] GC(129) Y:      Free:     1572M (38%)        1568M (38%)        4078M (100%)       4078M (100%)       4080M (100%)       1568M (38%)    
[2026-01-06T22:07:28.467+0800][36.111s][info][gc,heap     ] GC(129) Y:      Used:     2524M (62%)        2528M (62%)          18M (0%)           18M (0%)         2528M (62%)          16M (0%)     
[2026-01-06T22:07:28.467+0800][36.111s][info][gc,heap     ] GC(129) Y: Young Generation Statistics:
[2026-01-06T22:07:28.468+0800][36.111s][info][gc,heap     ] GC(129) Y:                Mark Start          Mark End        Relocate Start      Relocate End    
[2026-01-06T22:07:28.468+0800][36.111s][info][gc,heap     ] GC(129) Y:      Used:     2522M (62%)        2526M (62%)          16M (0%)           16M (0%)     
[2026-01-06T22:07:28.468+0800][36.111s][info][gc,heap     ] GC(129) Y:      Live:         -                 0M (0%)            0M (0%)            0M (0%)     
[2026-01-06T22:07:28.468+0800][36.111s][info][gc,heap     ] GC(129) Y:   Garbage:         -              2521M (62%)           1M (0%)            1M (0%)     
[2026-01-06T22:07:28.468+0800][36.111s][info][gc,heap     ] GC(129) Y: Allocated:         -                 4M (0%)           14M (0%)           14M (0%)     
[2026-01-06T22:07:28.468+0800][36.111s][info][gc,heap     ] GC(129) Y: Reclaimed:         -                  -              2520M (62%)        2520M (62%)    
[2026-01-06T22:07:28.468+0800][36.111s][info][gc,heap     ] GC(129) Y:  Promoted:         -                  -                 0M (0%)            0M (0%)     
[2026-01-06T22:07:28.468+0800][36.111s][info][gc,heap     ] GC(129) Y: Compacted:         -                  -                  -                 0M (0%)     
[2026-01-06T22:07:28.468+0800][36.111s][info][gc,phases   ] GC(129) Y: Young Generation 2524M(62%)->18M(0%) 0.004s
[2026-01-06T22:07:28.468+0800][36.111s][info][gc,phases   ] GC(129) O: Old Generation
[2026-01-06T22:07:28.469+0800][36.113s][info][gc,phases   ] GC(129) O: Concurrent Mark 1.398ms
[2026-01-06T22:07:28.469+0800][36.113s][info][gc,phases   ] GC(129) O: Pause Mark End 0.006ms
[2026-01-06T22:07:28.469+0800][36.113s][info][gc,phases   ] GC(129) O: Concurrent Mark Free 0.001ms
[2026-01-06T22:07:28.469+0800][36.113s][info][gc,phases   ] GC(129) O: Concurrent Process Non-Strong 0.328ms
[2026-01-06T22:07:28.469+0800][36.113s][info][gc,phases   ] GC(129) O: Concurrent Reset Relocation Set 0.000ms
[2026-01-06T22:07:28.469+0800][36.113s][info][gc,phases   ] GC(129) O: Concurrent Select Relocation Set 0.015ms
[2026-01-06T22:07:28.469+0800][36.113s][info][gc,task     ] GC(129) O: Using 2 Workers for Old Generation
[2026-01-06T22:07:28.469+0800][36.113s][info][gc,task     ] GC(129) O: Using 1 Workers for Old Generation
[2026-01-06T22:07:28.469+0800][36.113s][info][gc,phases   ] GC(129) O: Concurrent Remap Roots 0.092ms
[2026-01-06T22:07:28.469+0800][36.113s][info][gc,phases   ] GC(129) O: Pause Relocate Start 0.002ms
[2026-01-06T22:07:28.469+0800][36.113s][info][gc,phases   ] GC(129) O: Concurrent Relocate 0.007ms
[2026-01-06T22:07:28.469+0800][36.113s][info][gc,alloc    ] GC(129) O:                         Mark Start        Mark End      Relocate Start    Relocate End   
[2026-01-06T22:07:28.469+0800][36.113s][info][gc,alloc    ] GC(129) O: Allocation Stalls:          0                0                0                0         
[2026-01-06T22:07:28.470+0800][36.113s][info][gc,load     ] GC(129) O: Load: 2.15 (22%) / 1.83 (18%) / 2.02 (20%)
[2026-01-06T22:07:28.470+0800][36.113s][info][gc,mmu      ] GC(129) O: MMU: 2ms/97.4%, 5ms/98.6%, 10ms/99.3%, 20ms/99.5%, 50ms/99.8%, 100ms/99.9%
[2026-01-06T22:07:28.470+0800][36.113s][info][gc,marking  ] GC(129) O: Mark: 1 stripe(s), 2 proactive flush(es), 1 terminate flush(es), 0 completion(s), 0 continuation(s) 
[2026-01-06T22:07:28.470+0800][36.113s][info][gc,nmethod  ] GC(129) O: NMethods: 129 registered, 39 unregistered
[2026-01-06T22:07:28.470+0800][36.113s][info][gc,metaspace] GC(129) O: Metaspace: 0M used, 0M committed, 1088M reserved
[2026-01-06T22:07:28.470+0800][36.113s][info][gc,ref      ] GC(129) O:                       Encountered   Discovered     Enqueued 
[2026-01-06T22:07:28.470+0800][36.113s][info][gc,ref      ] GC(129) O: Soft References:                1            0            0 
[2026-01-06T22:07:28.470+0800][36.113s][info][gc,ref      ] GC(129) O: Weak References:                6            0            0 
[2026-01-06T22:07:28.470+0800][36.113s][info][gc,ref      ] GC(129) O: Final References:               0            0            0 
[2026-01-06T22:07:28.470+0800][36.113s][info][gc,ref      ] GC(129) O: Phantom References:             1            1            0 
[2026-01-06T22:07:28.470+0800][36.113s][info][gc,reloc    ] GC(129) O:                        Candidates     Selected     In-Place         Size        Empty    Relocated 
[2026-01-06T22:07:28.470+0800][36.113s][info][gc,reloc    ] GC(129) O: Small Pages:                    1            0            0           2M           0M           0M 
[2026-01-06T22:07:28.470+0800][36.113s][info][gc,reloc    ] GC(129) O: Medium Pages:                   0            0            0           0M           0M           0M 
[2026-01-06T22:07:28.470+0800][36.113s][info][gc,reloc    ] GC(129) O: Large Pages:                    0            0            0           0M           0M           0M 
[2026-01-06T22:07:28.470+0800][36.113s][info][gc,reloc    ] GC(129) O: Forwarding Usage: 0M
[2026-01-06T22:07:28.470+0800][36.113s][info][gc,heap     ] GC(129) O: Min Capacity: 8M(0%)
[2026-01-06T22:07:28.470+0800][36.113s][info][gc,heap     ] GC(129) O: Max Capacity: 4096M(100%)
[2026-01-06T22:07:28.470+0800][36.113s][info][gc,heap     ] GC(129) O: Soft Max Capacity: 3686M(90%)
[2026-01-06T22:07:28.470+0800][36.113s][info][gc,heap     ] GC(129) O: Heap Statistics:
[2026-01-06T22:07:28.470+0800][36.113s][info][gc,heap     ] GC(129) O:                Mark Start          Mark End        Relocate Start      Relocate End           High               Low         
[2026-01-06T22:07:28.470+0800][36.113s][info][gc,heap     ] GC(129) O:  Capacity:     3498M (85%)        3498M (85%)        3498M (85%)        3498M (85%)        3498M (85%)        3498M (85%)    
[2026-01-06T22:07:28.470+0800][36.113s][info][gc,heap     ] GC(129) O:      Free:     1572M (38%)        4072M (99%)        4070M (99%)        4070M (99%)        4080M (100%)       1568M (38%)    
[2026-01-06T22:07:28.470+0800][36.113s][info][gc,heap     ] GC(129) O:      Used:     2524M (62%)          24M (1%)           26M (1%)           26M (1%)         2528M (62%)          16M (0%)     
[2026-01-06T22:07:28.470+0800][36.113s][info][gc,heap     ] GC(129) O: Old Generation Statistics:
[2026-01-06T22:07:28.470+0800][36.113s][info][gc,heap     ] GC(129) O:                Mark Start          Mark End        Relocate Start      Relocate End    
[2026-01-06T22:07:28.470+0800][36.113s][info][gc,heap     ] GC(129) O:      Used:        2M (0%)            2M (0%)            2M (0%)            2M (0%)     
[2026-01-06T22:07:28.470+0800][36.113s][info][gc,heap     ] GC(129) O:      Live:         -                 0M (0%)            0M (0%)            0M (0%)     
[2026-01-06T22:07:28.470+0800][36.113s][info][gc,heap     ] GC(129) O:   Garbage:         -                 1M (0%)            1M (0%)            1M (0%)     
[2026-01-06T22:07:28.470+0800][36.113s][info][gc,heap     ] GC(129) O: Allocated:         -                 0M (0%)            0M (0%)            0M (0%)     
[2026-01-06T22:07:28.470+0800][36.113s][info][gc,heap     ] GC(129) O: Reclaimed:         -                  -                 0M (0%)            0M (0%)     
[2026-01-06T22:07:28.470+0800][36.113s][info][gc,heap     ] GC(129) O: Compacted:         -                  -                  -                 0M (0%)     
[2026-01-06T22:07:28.470+0800][36.113s][info][gc,phases   ] GC(129) O: Old Generation 18M(0%)->26M(1%) 0.002s
[2026-01-06T22:07:28.470+0800][36.113s][info][gc          ] GC(129) Major Collection (Proactive) 2524M(62%)->26M(1%) 0.006s
[2026-01-06T22:07:28.905+0800][36.548s][info][gc          ] GC(130) Major Collection (Proactive)
[2026-01-06T22:07:28.905+0800][36.549s][info][gc,task     ] GC(130) Using 1 Workers for Young Generation
[2026-01-06T22:07:28.905+0800][36.549s][info][gc,task     ] GC(130) Using 1 Workers for Old Generation
[2026-01-06T22:07:28.905+0800][36.549s][info][gc,phases   ] GC(130) Y: Young Generation
[2026-01-06T22:07:28.905+0800][36.549s][info][gc,phases   ] GC(130) Y: Pause Mark Start (Major) 0.009ms
[2026-01-06T22:07:28.905+0800][36.549s][info][gc,phases   ] GC(130) Y: Concurrent Mark 0.324ms
[2026-01-06T22:07:28.905+0800][36.549s][info][gc,phases   ] GC(130) Y: Pause Mark End 0.004ms
[2026-01-06T22:07:28.905+0800][36.549s][info][gc,phases   ] GC(130) Y: Concurrent Mark Free 0.002ms
[2026-01-06T22:07:28.905+0800][36.549s][info][gc,phases   ] GC(130) Y: Concurrent Reset Relocation Set 0.000ms
[2026-01-06T22:07:28.906+0800][36.550s][info][gc,reloc    ] GC(130) Y: Using tenuring threshold: 1 (Computed)
[2026-01-06T22:07:28.906+0800][36.550s][info][gc,phases   ] GC(130) Y: Concurrent Select Relocation Set 0.845ms
[2026-01-06T22:07:28.906+0800][36.550s][info][gc,phases   ] GC(130) Y: Pause Relocate Start 0.002ms
[2026-01-06T22:07:28.906+0800][36.550s][info][gc,phases   ] GC(130) Y: Concurrent Relocate 0.010ms
[2026-01-06T22:07:28.906+0800][36.550s][info][gc,alloc    ] GC(130) Y:                         Mark Start        Mark End      Relocate Start    Relocate End   
[2026-01-06T22:07:28.906+0800][36.550s][info][gc,alloc    ] GC(130) Y: Allocation Stalls:          0                0                0                0         
[2026-01-06T22:07:28.906+0800][36.550s][info][gc,load     ] GC(130) Y: Load: 2.15 (22%) / 1.83 (18%) / 2.02 (20%)
[2026-01-06T22:07:28.906+0800][36.550s][info][gc,mmu      ] GC(130) Y: MMU: 2ms/97.4%, 5ms/98.6%, 10ms/99.3%, 20ms/99.5%, 50ms/99.8%, 100ms/99.9%
[2026-01-06T22:07:28.906+0800][36.550s][info][gc,marking  ] GC(130) Y: Mark: 1 stripe(s), 2 proactive flush(es), 1 terminate flush(es), 0 completion(s), 0 continuation(s) 
[2026-01-06T22:07:28.906+0800][36.550s][info][gc,nmethod  ] GC(130) Y: NMethods: 129 registered, 39 unregistered
[2026-01-06T22:07:28.906+0800][36.550s][info][gc,metaspace] GC(130) Y: Metaspace: 0M used, 0M committed, 1088M reserved
[2026-01-06T22:07:28.906+0800][36.550s][info][gc,reloc    ] GC(130) Y:                        Candidates     Selected     In-Place         Size        Empty    Relocated 
[2026-01-06T22:07:28.906+0800][36.550s][info][gc,reloc    ] GC(130) Y: Small Pages:                 1036            0            0        2072M        2070M           0M 
[2026-01-06T22:07:28.906+0800][36.550s][info][gc,reloc    ] GC(130) Y: Medium Pages:                   0            0            0           0M           0M           0M 
[2026-01-06T22:07:28.906+0800][36.550s][info][gc,reloc    ] GC(130) Y: Large Pages:                    0            0            0           0M           0M           0M 
[2026-01-06T22:07:28.906+0800][36.550s][info][gc,reloc    ] GC(130) Y: Forwarding Usage: 0M
[2026-01-06T22:07:28.906+0800][36.550s][info][gc,reloc    ] GC(130) Y: Age Table:
[2026-01-06T22:07:28.906+0800][36.550s][info][gc,reloc    ] GC(130) Y:                    Live             Garbage             Small              Medium             Large        
[2026-01-06T22:07:28.906+0800][36.550s][info][gc,reloc    ] GC(130) Y: Eden               0M (0%)         2069M (51%)       1035 / 0              0 / 0              0 / 0        
[2026-01-06T22:07:28.906+0800][36.550s][info][gc,reloc    ] GC(130) Y: Survivor 1          -                 2M (0%)           1 / 0              0 / 0              0 / 0        
[2026-01-06T22:07:28.906+0800][36.550s][info][gc,heap     ] GC(130) Y: Min Capacity: 8M(0%)
[2026-01-06T22:07:28.906+0800][36.550s][info][gc,heap     ] GC(130) Y: Max Capacity: 4096M(100%)
[2026-01-06T22:07:28.906+0800][36.550s][info][gc,heap     ] GC(130) Y: Soft Max Capacity: 3686M(90%)
[2026-01-06T22:07:28.906+0800][36.550s][info][gc,heap     ] GC(130) Y: Heap Statistics:
[2026-01-06T22:07:28.906+0800][36.550s][info][gc,heap     ] GC(130) Y:                Mark Start          Mark End        Relocate Start      Relocate End           High               Low         
[2026-01-06T22:07:28.906+0800][36.550s][info][gc,heap     ] GC(130) Y:  Capacity:     3498M (85%)        3498M (85%)        3498M (85%)        3498M (85%)        3498M (85%)        3498M (85%)    
[2026-01-06T22:07:28.906+0800][36.550s][info][gc,heap     ] GC(130) Y:      Free:     2022M (49%)        2018M (49%)        4086M (100%)       4086M (100%)       4086M (100%)       2018M (49%)    
[2026-01-06T22:07:28.906+0800][36.550s][info][gc,heap     ] GC(130) Y:      Used:     2074M (51%)        2078M (51%)          10M (0%)           10M (0%)         2078M (51%)          10M (0%)     
[2026-01-06T22:07:28.906+0800][36.550s][info][gc,heap     ] GC(130) Y: Young Generation Statistics:
[2026-01-06T22:07:28.906+0800][36.550s][info][gc,heap     ] GC(130) Y:                Mark Start          Mark End        Relocate Start      Relocate End    
[2026-01-06T22:07:28.906+0800][36.550s][info][gc,heap     ] GC(130) Y:      Used:     2072M (51%)        2076M (51%)           8M (0%)            8M (0%)     
[2026-01-06T22:07:28.906+0800][36.550s][info][gc,heap     ] GC(130) Y:      Live:         -                 0M (0%)            0M (0%)            0M (0%)     
[2026-01-06T22:07:28.906+0800][36.550s][info][gc,heap     ] GC(130) Y:   Garbage:         -              2071M (51%)           1M (0%)            1M (0%)     
[2026-01-06T22:07:28.906+0800][36.550s][info][gc,heap     ] GC(130) Y: Allocated:         -                 4M (0%)            6M (0%)            6M (0%)     
[2026-01-06T22:07:28.906+0800][36.550s][info][gc,heap     ] GC(130) Y: Reclaimed:         -                  -              2070M (51%)        2070M (51%)    
[2026-01-06T22:07:28.906+0800][36.550s][info][gc,heap     ] GC(130) Y:  Promoted:         -                  -                 0M (0%)            0M (0%)     
[2026-01-06T22:07:28.906+0800][36.550s][info][gc,heap     ] GC(130) Y: Compacted:         -                  -                  -                 0M (0%)     
[2026-01-06T22:07:28.906+0800][36.550s][info][gc,phases   ] GC(130) Y: Young Generation 2074M(51%)->10M(0%) 0.001s
[2026-01-06T22:07:28.906+0800][36.550s][info][gc,phases   ] GC(130) O: Old Generation
[2026-01-06T22:07:28.907+0800][36.551s][info][gc,phases   ] GC(130) O: Concurrent Mark 0.668ms
[2026-01-06T22:07:28.907+0800][36.551s][info][gc,phases   ] GC(130) O: Pause Mark End 0.003ms
[2026-01-06T22:07:28.907+0800][36.551s][info][gc,phases   ] GC(130) O: Concurrent Mark Free 0.001ms
[2026-01-06T22:07:28.907+0800][36.551s][info][gc,phases   ] GC(130) O: Concurrent Process Non-Strong 0.302ms
[2026-01-06T22:07:28.907+0800][36.551s][info][gc,phases   ] GC(130) O: Concurrent Reset Relocation Set 0.000ms
[2026-01-06T22:07:28.907+0800][36.551s][info][gc,phases   ] GC(130) O: Concurrent Select Relocation Set 0.015ms
[2026-01-06T22:07:28.907+0800][36.551s][info][gc,task     ] GC(130) O: Using 2 Workers for Old Generation
[2026-01-06T22:07:28.907+0800][36.551s][info][gc,task     ] GC(130) O: Using 1 Workers for Old Generation
[2026-01-06T22:07:28.907+0800][36.551s][info][gc,phases   ] GC(130) O: Concurrent Remap Roots 0.090ms
[2026-01-06T22:07:28.907+0800][36.551s][info][gc,phases   ] GC(130) O: Pause Relocate Start 0.005ms
[2026-01-06T22:07:28.907+0800][36.551s][info][gc,phases   ] GC(130) O: Concurrent Relocate 0.009ms
[2026-01-06T22:07:28.907+0800][36.551s][info][gc,alloc    ] GC(130) O:                         Mark Start        Mark End      Relocate Start    Relocate End   
[2026-01-06T22:07:28.907+0800][36.551s][info][gc,alloc    ] GC(130) O: Allocation Stalls:          0                0                0                0         
[2026-01-06T22:07:28.907+0800][36.551s][info][gc,load     ] GC(130) O: Load: 2.15 (22%) / 1.83 (18%) / 2.02 (20%)
[2026-01-06T22:07:28.907+0800][36.551s][info][gc,mmu      ] GC(130) O: MMU: 2ms/97.4%, 5ms/98.6%, 10ms/99.3%, 20ms/99.5%, 50ms/99.8%, 100ms/99.9%
[2026-01-06T22:07:28.907+0800][36.551s][info][gc,marking  ] GC(130) O: Mark: 1 stripe(s), 2 proactive flush(es), 1 terminate flush(es), 0 completion(s), 0 continuation(s) 
[2026-01-06T22:07:28.907+0800][36.551s][info][gc,nmethod  ] GC(130) O: NMethods: 129 registered, 39 unregistered
[2026-01-06T22:07:28.907+0800][36.551s][info][gc,metaspace] GC(130) O: Metaspace: 0M used, 0M committed, 1088M reserved
[2026-01-06T22:07:28.907+0800][36.551s][info][gc,ref      ] GC(130) O:                       Encountered   Discovered     Enqueued 
[2026-01-06T22:07:28.907+0800][36.551s][info][gc,ref      ] GC(130) O: Soft References:                1            0            0 
[2026-01-06T22:07:28.907+0800][36.551s][info][gc,ref      ] GC(130) O: Weak References:                6            0            0 
[2026-01-06T22:07:28.907+0800][36.551s][info][gc,ref      ] GC(130) O: Final References:               0            0            0 
[2026-01-06T22:07:28.907+0800][36.551s][info][gc,ref      ] GC(130) O: Phantom References:             1            1            0 
[2026-01-06T22:07:28.907+0800][36.551s][info][gc,reloc    ] GC(130) O:                        Candidates     Selected     In-Place         Size        Empty    Relocated 
[2026-01-06T22:07:28.907+0800][36.551s][info][gc,reloc    ] GC(130) O: Small Pages:                    1            0            0           2M           0M           0M 
[2026-01-06T22:07:28.907+0800][36.551s][info][gc,reloc    ] GC(130) O: Medium Pages:                   0            0            0           0M           0M           0M 
[2026-01-06T22:07:28.907+0800][36.551s][info][gc,reloc    ] GC(130) O: Large Pages:                    0            0            0           0M           0M           0M 
[2026-01-06T22:07:28.907+0800][36.551s][info][gc,reloc    ] GC(130) O: Forwarding Usage: 0M
[2026-01-06T22:07:28.907+0800][36.551s][info][gc,heap     ] GC(130) O: Min Capacity: 8M(0%)
[2026-01-06T22:07:28.907+0800][36.551s][info][gc,heap     ] GC(130) O: Max Capacity: 4096M(100%)
[2026-01-06T22:07:28.907+0800][36.551s][info][gc,heap     ] GC(130) O: Soft Max Capacity: 3686M(90%)
[2026-01-06T22:07:28.907+0800][36.551s][info][gc,heap     ] GC(130) O: Heap Statistics:
[2026-01-06T22:07:28.907+0800][36.551s][info][gc,heap     ] GC(130) O:                Mark Start          Mark End        Relocate Start      Relocate End           High               Low         
[2026-01-06T22:07:28.907+0800][36.551s][info][gc,heap     ] GC(130) O:  Capacity:     3498M (85%)        3498M (85%)        3498M (85%)        3498M (85%)        3498M (85%)        3498M (85%)    
[2026-01-06T22:07:28.907+0800][36.551s][info][gc,heap     ] GC(130) O:      Free:     2022M (49%)        4080M (100%)       4076M (100%)       4076M (100%)       4086M (100%)       2018M (49%)    
[2026-01-06T22:07:28.907+0800][36.551s][info][gc,heap     ] GC(130) O:      Used:     2074M (51%)          16M (0%)           20M (0%)           20M (0%)         2078M (51%)          10M (0%)     
[2026-01-06T22:07:28.907+0800][36.551s][info][gc,heap     ] GC(130) O: Old Generation Statistics:
[2026-01-06T22:07:28.907+0800][36.551s][info][gc,heap     ] GC(130) O:                Mark Start          Mark End        Relocate Start      Relocate End    
[2026-01-06T22:07:28.907+0800][36.551s][info][gc,heap     ] GC(130) O:      Used:        2M (0%)            2M (0%)            2M (0%)            2M (0%)     
[2026-01-06T22:07:28.907+0800][36.551s][info][gc,heap     ] GC(130) O:      Live:         -                 0M (0%)            0M (0%)            0M (0%)     
[2026-01-06T22:07:28.907+0800][36.551s][info][gc,heap     ] GC(130) O:   Garbage:         -                 1M (0%)            1M (0%)            1M (0%)     
[2026-01-06T22:07:28.907+0800][36.551s][info][gc,heap     ] GC(130) O: Allocated:         -                 0M (0%)            0M (0%)            0M (0%)     
[2026-01-06T22:07:28.907+0800][36.551s][info][gc,heap     ] GC(130) O: Reclaimed:         -                  -                 0M (0%)            0M (0%)     
[2026-01-06T22:07:28.907+0800][36.551s][info][gc,heap     ] GC(130) O: Compacted:         -                  -                  -                 0M (0%)     
[2026-01-06T22:07:28.907+0800][36.551s][info][gc,phases   ] GC(130) O: Old Generation 10M(0%)->20M(0%) 0.001s
[2026-01-06T22:07:28.907+0800][36.551s][info][gc          ] GC(130) Major Collection (Proactive) 2074M(51%)->22M(1%) 0.003s
[2026-01-06T22:07:29.344+0800][36.987s][info][gc          ] GC(131) Minor Collection (High Usage)
[2026-01-06T22:07:29.344+0800][36.987s][info][gc,task     ] GC(131) Using 1 Workers for Young Generation
[2026-01-06T22:07:29.344+0800][36.987s][info][gc,phases   ] GC(131) y: Young Generation
[2026-01-06T22:07:29.344+0800][36.988s][info][gc,phases   ] GC(131) y: Pause Mark Start 0.004ms
[2026-01-06T22:07:29.344+0800][36.988s][info][gc,phases   ] GC(131) y: Concurrent Mark 0.249ms
[2026-01-06T22:07:29.344+0800][36.988s][info][gc,phases   ] GC(131) y: Pause Mark End 0.003ms
[2026-01-06T22:07:29.344+0800][36.988s][info][gc,phases   ] GC(131) y: Concurrent Mark Free 0.000ms
[2026-01-06T22:07:29.344+0800][36.988s][info][gc,phases   ] GC(131) y: Concurrent Reset Relocation Set 0.000ms
[2026-01-06T22:07:29.344+0800][36.988s][info][gc,reloc    ] GC(131) y: Using tenuring threshold: 1 (Computed)
[2026-01-06T22:07:29.344+0800][36.988s][info][gc,phases   ] GC(131) y: Concurrent Select Relocation Set 0.427ms
[2026-01-06T22:07:29.344+0800][36.988s][info][gc,phases   ] GC(131) y: Pause Relocate Start 0.002ms
[2026-01-06T22:07:29.344+0800][36.988s][info][gc,phases   ] GC(131) y: Concurrent Relocate 0.011ms
[2026-01-06T22:07:29.344+0800][36.988s][info][gc,alloc    ] GC(131) y:                         Mark Start        Mark End      Relocate Start    Relocate End   
[2026-01-06T22:07:29.344+0800][36.988s][info][gc,alloc    ] GC(131) y: Allocation Stalls:          0                0                0                0         
[2026-01-06T22:07:29.344+0800][36.988s][info][gc,load     ] GC(131) y: Load: 2.15 (22%) / 1.83 (18%) / 2.02 (20%)
[2026-01-06T22:07:29.344+0800][36.988s][info][gc,mmu      ] GC(131) y: MMU: 2ms/97.4%, 5ms/98.6%, 10ms/99.3%, 20ms/99.5%, 50ms/99.8%, 100ms/99.9%
[2026-01-06T22:07:29.344+0800][36.988s][info][gc,marking  ] GC(131) y: Mark: 1 stripe(s), 2 proactive flush(es), 1 terminate flush(es), 0 completion(s), 0 continuation(s) 
[2026-01-06T22:07:29.344+0800][36.988s][info][gc,nmethod  ] GC(131) y: NMethods: 129 registered, 39 unregistered
[2026-01-06T22:07:29.344+0800][36.988s][info][gc,metaspace] GC(131) y: Metaspace: 0M used, 0M committed, 1088M reserved
[2026-01-06T22:07:29.344+0800][36.988s][info][gc,reloc    ] GC(131) y:                        Candidates     Selected     In-Place         Size        Empty    Relocated 
[2026-01-06T22:07:29.344+0800][36.988s][info][gc,reloc    ] GC(131) y: Small Pages:                 1741            0            0        3482M        3480M           0M 
[2026-01-06T22:07:29.344+0800][36.988s][info][gc,reloc    ] GC(131) y: Medium Pages:                   0            0            0           0M           0M           0M 
[2026-01-06T22:07:29.344+0800][36.988s][info][gc,reloc    ] GC(131) y: Large Pages:                    0            0            0           0M           0M           0M 
[2026-01-06T22:07:29.344+0800][36.988s][info][gc,reloc    ] GC(131) y: Forwarding Usage: 0M
[2026-01-06T22:07:29.344+0800][36.988s][info][gc,reloc    ] GC(131) y: Age Table:
[2026-01-06T22:07:29.345+0800][36.988s][info][gc,reloc    ] GC(131) y:                    Live             Garbage             Small              Medium             Large        
[2026-01-06T22:07:29.345+0800][36.988s][info][gc,reloc    ] GC(131) y: Eden               0M (0%)         3479M (85%)       1740 / 0              0 / 0              0 / 0        
[2026-01-06T22:07:29.345+0800][36.988s][info][gc,reloc    ] GC(131) y: Survivor 1          -                 2M (0%)           1 / 0              0 / 0              0 / 0        
[2026-01-06T22:07:29.345+0800][36.988s][info][gc,heap     ] GC(131) y: Min Capacity: 8M(0%)
[2026-01-06T22:07:29.345+0800][36.988s][info][gc,heap     ] GC(131) y: Max Capacity: 4096M(100%)
[2026-01-06T22:07:29.345+0800][36.988s][info][gc,heap     ] GC(131) y: Soft Max Capacity: 3686M(90%)
[2026-01-06T22:07:29.345+0800][36.988s][info][gc,heap     ] GC(131) y: Heap Statistics:
[2026-01-06T22:07:29.345+0800][36.988s][info][gc,heap     ] GC(131) y:                Mark Start          Mark End        Relocate Start      Relocate End           High               Low         
[2026-01-06T22:07:29.345+0800][36.988s][info][gc,heap     ] GC(131) y:  Capacity:     3498M (85%)        3498M (85%)        3498M (85%)        3498M (85%)        3498M (85%)        3498M (85%)    
[2026-01-06T22:07:29.345+0800][36.988s][info][gc,heap     ] GC(131) y:      Free:      612M (15%)         610M (15%)        4088M (100%)       4088M (100%)       4088M (100%)        610M (15%)    
[2026-01-06T22:07:29.345+0800][36.988s][info][gc,heap     ] GC(131) y:      Used:     3484M (85%)        3486M (85%)           8M (0%)            8M (0%)         3486M (85%)           8M (0%)     
[2026-01-06T22:07:29.345+0800][36.988s][info][gc,heap     ] GC(131) y: Young Generation Statistics:
[2026-01-06T22:07:29.345+0800][36.988s][info][gc,heap     ] GC(131) y:                Mark Start          Mark End        Relocate Start      Relocate End    
[2026-01-06T22:07:29.345+0800][36.988s][info][gc,heap     ] GC(131) y:      Used:     3482M (85%)        3484M (85%)           6M (0%)            6M (0%)     
[2026-01-06T22:07:29.345+0800][36.988s][info][gc,heap     ] GC(131) y:      Live:         -                 0M (0%)            0M (0%)            0M (0%)     
[2026-01-06T22:07:29.345+0800][36.988s][info][gc,heap     ] GC(131) y:   Garbage:         -              3481M (85%)           1M (0%)            1M (0%)     
[2026-01-06T22:07:29.345+0800][36.988s][info][gc,heap     ] GC(131) y: Allocated:         -                 2M (0%)            4M (0%)            4M (0%)     
[2026-01-06T22:07:29.345+0800][36.988s][info][gc,heap     ] GC(131) y: Reclaimed:         -                  -              3480M (85%)        3480M (85%)    
[2026-01-06T22:07:29.345+0800][36.988s][info][gc,heap     ] GC(131) y:  Promoted:         -                  -                 0M (0%)            0M (0%)     
[2026-01-06T22:07:29.345+0800][36.988s][info][gc,heap     ] GC(131) y: Compacted:         -                  -                  -                 0M (0%)     
[2026-01-06T22:07:29.345+0800][36.988s][info][gc,phases   ] GC(131) y: Young Generation 3484M(85%)->8M(0%) 0.001s
[2026-01-06T22:07:29.345+0800][36.988s][info][gc          ] GC(131) Minor Collection (High Usage) 3484M(85%)->10M(0%) 0.001s
[2026-01-06T22:07:29.393+0800][37.037s][info][gc          ] GC(132) Major Collection (Proactive)
[2026-01-06T22:07:29.393+0800][37.037s][info][gc,task     ] GC(132) Using 1 Workers for Young Generation
[2026-01-06T22:07:29.393+0800][37.037s][info][gc,task     ] GC(132) Using 1 Workers for Old Generation
[2026-01-06T22:07:29.393+0800][37.037s][info][gc,phases   ] GC(132) Y: Young Generation
[2026-01-06T22:07:29.393+0800][37.037s][info][gc,phases   ] GC(132) Y: Pause Mark Start (Major) 0.005ms
[2026-01-06T22:07:29.393+0800][37.037s][info][gc,phases   ] GC(132) Y: Concurrent Mark 0.209ms
[2026-01-06T22:07:29.394+0800][37.037s][info][gc,phases   ] GC(132) Y: Pause Mark End 0.003ms
[2026-01-06T22:07:29.394+0800][37.037s][info][gc,phases   ] GC(132) Y: Concurrent Mark Free 0.000ms
[2026-01-06T22:07:29.394+0800][37.037s][info][gc,phases   ] GC(132) Y: Concurrent Reset Relocation Set 0.000ms
[2026-01-06T22:07:29.394+0800][37.038s][info][gc,reloc    ] GC(132) Y: Using tenuring threshold: 1 (Computed)
[2026-01-06T22:07:29.394+0800][37.038s][info][gc,phases   ] GC(132) Y: Concurrent Select Relocation Set 0.152ms
[2026-01-06T22:07:29.394+0800][37.038s][info][gc,phases   ] GC(132) Y: Pause Relocate Start 0.002ms
[2026-01-06T22:07:29.395+0800][37.038s][info][gc,phases   ] GC(132) Y: Concurrent Relocate 0.012ms
[2026-01-06T22:07:29.395+0800][37.038s][info][gc,alloc    ] GC(132) Y:                         Mark Start        Mark End      Relocate Start    Relocate End   
[2026-01-06T22:07:29.395+0800][37.038s][info][gc,alloc    ] GC(132) Y: Allocation Stalls:          0                0                0                0         
[2026-01-06T22:07:29.395+0800][37.038s][info][gc,load     ] GC(132) Y: Load: 2.15 (22%) / 1.83 (18%) / 2.02 (20%)
[2026-01-06T22:07:29.395+0800][37.038s][info][gc,mmu      ] GC(132) Y: MMU: 2ms/97.4%, 5ms/98.6%, 10ms/99.3%, 20ms/99.5%, 50ms/99.8%, 100ms/99.9%
[2026-01-06T22:07:29.395+0800][37.038s][info][gc,marking  ] GC(132) Y: Mark: 1 stripe(s), 2 proactive flush(es), 1 terminate flush(es), 0 completion(s), 0 continuation(s) 
[2026-01-06T22:07:29.395+0800][37.038s][info][gc,nmethod  ] GC(132) Y: NMethods: 129 registered, 39 unregistered
[2026-01-06T22:07:29.395+0800][37.038s][info][gc,metaspace] GC(132) Y: Metaspace: 0M used, 0M committed, 1088M reserved
[2026-01-06T22:07:29.395+0800][37.038s][info][gc,reloc    ] GC(132) Y:                        Candidates     Selected     In-Place         Size        Empty    Relocated 
[2026-01-06T22:07:29.395+0800][37.038s][info][gc,reloc    ] GC(132) Y: Small Pages:                  196            0            0         392M         390M           0M 
[2026-01-06T22:07:29.395+0800][37.038s][info][gc,reloc    ] GC(132) Y: Medium Pages:                   0            0            0           0M           0M           0M 
[2026-01-06T22:07:29.395+0800][37.038s][info][gc,reloc    ] GC(132) Y: Large Pages:                    0            0            0           0M           0M           0M 
[2026-01-06T22:07:29.395+0800][37.038s][info][gc,reloc    ] GC(132) Y: Forwarding Usage: 0M
[2026-01-06T22:07:29.395+0800][37.038s][info][gc,reloc    ] GC(132) Y: Age Table:
[2026-01-06T22:07:29.395+0800][37.038s][info][gc,reloc    ] GC(132) Y:                    Live             Garbage             Small              Medium             Large        
[2026-01-06T22:07:29.395+0800][37.038s][info][gc,reloc    ] GC(132) Y: Eden               0M (0%)          389M (10%)        195 / 0              0 / 0              0 / 0        
[2026-01-06T22:07:29.395+0800][37.038s][info][gc,reloc    ] GC(132) Y: Survivor 1          -                 2M (0%)           1 / 0              0 / 0              0 / 0        
[2026-01-06T22:07:29.395+0800][37.038s][info][gc,heap     ] GC(132) Y: Min Capacity: 8M(0%)
[2026-01-06T22:07:29.395+0800][37.038s][info][gc,heap     ] GC(132) Y: Max Capacity: 4096M(100%)
[2026-01-06T22:07:29.395+0800][37.038s][info][gc,heap     ] GC(132) Y: Soft Max Capacity: 3686M(90%)
[2026-01-06T22:07:29.395+0800][37.038s][info][gc,heap     ] GC(132) Y: Heap Statistics:
[2026-01-06T22:07:29.395+0800][37.038s][info][gc,heap     ] GC(132) Y:                Mark Start          Mark End        Relocate Start      Relocate End           High               Low         
[2026-01-06T22:07:29.395+0800][37.038s][info][gc,heap     ] GC(132) Y:  Capacity:     3498M (85%)        3498M (85%)        3498M (85%)        3498M (85%)        3498M (85%)        3498M (85%)    
[2026-01-06T22:07:29.395+0800][37.038s][info][gc,heap     ] GC(132) Y:      Free:     3702M (90%)        3700M (90%)        4090M (100%)       4090M (100%)       4090M (100%)       3700M (90%)    
[2026-01-06T22:07:29.395+0800][37.038s][info][gc,heap     ] GC(132) Y:      Used:      394M (10%)         396M (10%)           6M (0%)            6M (0%)          396M (10%)           6M (0%)     
[2026-01-06T22:07:29.395+0800][37.039s][info][gc,heap     ] GC(132) Y: Young Generation Statistics:
[2026-01-06T22:07:29.395+0800][37.039s][info][gc,heap     ] GC(132) Y:                Mark Start          Mark End        Relocate Start      Relocate End    
[2026-01-06T22:07:29.395+0800][37.039s][info][gc,heap     ] GC(132) Y:      Used:      392M (10%)         394M (10%)           4M (0%)            4M (0%)     
[2026-01-06T22:07:29.395+0800][37.039s][info][gc,heap     ] GC(132) Y:      Live:         -                 0M (0%)            0M (0%)            0M (0%)     
[2026-01-06T22:07:29.395+0800][37.039s][info][gc,heap     ] GC(132) Y:   Garbage:         -               391M (10%)           1M (0%)            1M (0%)     
[2026-01-06T22:07:29.395+0800][37.039s][info][gc,heap     ] GC(132) Y: Allocated:         -                 2M (0%)            2M (0%)            2M (0%)     
[2026-01-06T22:07:29.395+0800][37.039s][info][gc,heap     ] GC(132) Y: Reclaimed:         -                  -               390M (10%)         390M (10%)    
[2026-01-06T22:07:29.395+0800][37.039s][info][gc,heap     ] GC(132) Y:  Promoted:         -                  -                 0M (0%)            0M (0%)     
[2026-01-06T22:07:29.395+0800][37.039s][info][gc,heap     ] GC(132) Y: Compacted:         -                  -                  -                 0M (0%)     
[2026-01-06T22:07:29.395+0800][37.039s][info][gc,phases   ] GC(132) Y: Young Generation 394M(10%)->6M(0%) 0.001s
[2026-01-06T22:07:29.395+0800][37.039s][info][gc,phases   ] GC(132) O: Old Generation
[2026-01-06T22:07:29.396+0800][37.040s][info][gc,phases   ] GC(132) O: Concurrent Mark 1.017ms
[2026-01-06T22:07:29.396+0800][37.040s][info][gc,phases   ] GC(132) O: Pause Mark End 0.002ms
[2026-01-06T22:07:29.396+0800][37.040s][info][gc,phases   ] GC(132) O: Concurrent Mark Free 0.000ms
[2026-01-06T22:07:29.396+0800][37.040s][info][gc,phases   ] GC(132) O: Concurrent Process Non-Strong 0.271ms
[2026-01-06T22:07:29.396+0800][37.040s][info][gc,phases   ] GC(132) O: Concurrent Reset Relocation Set 0.000ms
[2026-01-06T22:07:29.396+0800][37.040s][info][gc,phases   ] GC(132) O: Concurrent Select Relocation Set 0.039ms
[2026-01-06T22:07:29.396+0800][37.040s][info][gc,task     ] GC(132) O: Using 2 Workers for Old Generation
[2026-01-06T22:07:29.396+0800][37.040s][info][gc,task     ] GC(132) O: Using 1 Workers for Old Generation
[2026-01-06T22:07:29.396+0800][37.040s][info][gc,phases   ] GC(132) O: Concurrent Remap Roots 0.087ms
[2026-01-06T22:07:29.396+0800][37.040s][info][gc,phases   ] GC(132) O: Pause Relocate Start 0.002ms
[2026-01-06T22:07:29.396+0800][37.040s][info][gc,phases   ] GC(132) O: Concurrent Relocate 0.006ms
[2026-01-06T22:07:29.396+0800][37.040s][info][gc,alloc    ] GC(132) O:                         Mark Start        Mark End      Relocate Start    Relocate End   
[2026-01-06T22:07:29.396+0800][37.040s][info][gc,alloc    ] GC(132) O: Allocation Stalls:          0                0                0                0         
[2026-01-06T22:07:29.396+0800][37.040s][info][gc,load     ] GC(132) O: Load: 2.15 (22%) / 1.83 (18%) / 2.02 (20%)
[2026-01-06T22:07:29.396+0800][37.040s][info][gc,mmu      ] GC(132) O: MMU: 2ms/97.4%, 5ms/98.6%, 10ms/99.3%, 20ms/99.5%, 50ms/99.8%, 100ms/99.9%
[2026-01-06T22:07:29.396+0800][37.040s][info][gc,marking  ] GC(132) O: Mark: 1 stripe(s), 2 proactive flush(es), 1 terminate flush(es), 0 completion(s), 0 continuation(s) 
[2026-01-06T22:07:29.396+0800][37.040s][info][gc,nmethod  ] GC(132) O: NMethods: 129 registered, 39 unregistered
[2026-01-06T22:07:29.396+0800][37.040s][info][gc,metaspace] GC(132) O: Metaspace: 0M used, 0M committed, 1088M reserved
[2026-01-06T22:07:29.396+0800][37.040s][info][gc,ref      ] GC(132) O:                       Encountered   Discovered     Enqueued 
[2026-01-06T22:07:29.396+0800][37.040s][info][gc,ref      ] GC(132) O: Soft References:                1            0            0 
[2026-01-06T22:07:29.396+0800][37.040s][info][gc,ref      ] GC(132) O: Weak References:                6            0            0 
[2026-01-06T22:07:29.396+0800][37.040s][info][gc,ref      ] GC(132) O: Final References:               0            0            0 
[2026-01-06T22:07:29.396+0800][37.040s][info][gc,ref      ] GC(132) O: Phantom References:             1            1            0 
[2026-01-06T22:07:29.396+0800][37.040s][info][gc,reloc    ] GC(132) O:                        Candidates     Selected     In-Place         Size        Empty    Relocated 
[2026-01-06T22:07:29.396+0800][37.040s][info][gc,reloc    ] GC(132) O: Small Pages:                    1            0            0           2M           0M           0M 
[2026-01-06T22:07:29.396+0800][37.040s][info][gc,reloc    ] GC(132) O: Medium Pages:                   0            0            0           0M           0M           0M 
[2026-01-06T22:07:29.396+0800][37.040s][info][gc,reloc    ] GC(132) O: Large Pages:                    0            0            0           0M           0M           0M 
[2026-01-06T22:07:29.396+0800][37.040s][info][gc,reloc    ] GC(132) O: Forwarding Usage: 0M
[2026-01-06T22:07:29.396+0800][37.040s][info][gc,heap     ] GC(132) O: Min Capacity: 8M(0%)
[2026-01-06T22:07:29.396+0800][37.040s][info][gc,heap     ] GC(132) O: Max Capacity: 4096M(100%)
[2026-01-06T22:07:29.396+0800][37.040s][info][gc,heap     ] GC(132) O: Soft Max Capacity: 3686M(90%)
[2026-01-06T22:07:29.396+0800][37.040s][info][gc,heap     ] GC(132) O: Heap Statistics:
[2026-01-06T22:07:29.396+0800][37.040s][info][gc,heap     ] GC(132) O:                Mark Start          Mark End        Relocate Start      Relocate End           High               Low         
[2026-01-06T22:07:29.396+0800][37.040s][info][gc,heap     ] GC(132) O:  Capacity:     3498M (85%)        3498M (85%)        3498M (85%)        3498M (85%)        3498M (85%)        3498M (85%)    
[2026-01-06T22:07:29.396+0800][37.040s][info][gc,heap     ] GC(132) O:      Free:     3702M (90%)        4080M (100%)       4072M (99%)        4072M (99%)        4090M (100%)       3700M (90%)    
[2026-01-06T22:07:29.396+0800][37.040s][info][gc,heap     ] GC(132) O:      Used:      394M (10%)          16M (0%)           24M (1%)           24M (1%)          396M (10%)           6M (0%)     
[2026-01-06T22:07:29.396+0800][37.040s][info][gc,heap     ] GC(132) O: Old Generation Statistics:
[2026-01-06T22:07:29.396+0800][37.040s][info][gc,heap     ] GC(132) O:                Mark Start          Mark End        Relocate Start      Relocate End    
[2026-01-06T22:07:29.396+0800][37.040s][info][gc,heap     ] GC(132) O:      Used:        2M (0%)            2M (0%)            2M (0%)            2M (0%)     
[2026-01-06T22:07:29.396+0800][37.040s][info][gc,heap     ] GC(132) O:      Live:         -                 0M (0%)            0M (0%)            0M (0%)     
[2026-01-06T22:07:29.396+0800][37.040s][info][gc,heap     ] GC(132) O:   Garbage:         -                 1M (0%)            1M (0%)            1M (0%)     
[2026-01-06T22:07:29.396+0800][37.040s][info][gc,heap     ] GC(132) O: Allocated:         -                 0M (0%)            0M (0%)            0M (0%)     
[2026-01-06T22:07:29.396+0800][37.040s][info][gc,heap     ] GC(132) O: Reclaimed:         -                  -                 0M (0%)            0M (0%)     
[2026-01-06T22:07:29.396+0800][37.040s][info][gc,heap     ] GC(132) O: Compacted:         -                  -                  -                 0M (0%)     
[2026-01-06T22:07:29.396+0800][37.040s][info][gc,phases   ] GC(132) O: Old Generation 6M(0%)->24M(1%) 0.002s
[2026-01-06T22:07:29.396+0800][37.040s][info][gc          ] GC(132) Major Collection (Proactive) 394M(10%)->26M(1%) 0.003s
[2026-01-06T22:07:29.654+0800][37.298s][info][gc          ] GC(133) Major Collection (Proactive)
[2026-01-06T22:07:29.654+0800][37.298s][info][gc,task     ] GC(133) Using 1 Workers for Young Generation
[2026-01-06T22:07:29.654+0800][37.298s][info][gc,task     ] GC(133) Using 1 Workers for Old Generation
[2026-01-06T22:07:29.654+0800][37.298s][info][gc,phases   ] GC(133) Y: Young Generation
[2026-01-06T22:07:29.654+0800][37.298s][info][gc,phases   ] GC(133) Y: Pause Mark Start (Major) 0.013ms
[2026-01-06T22:07:29.656+0800][37.300s][info][gc,phases   ] GC(133) Y: Concurrent Mark 1.279ms
[2026-01-06T22:07:29.656+0800][37.300s][info][gc,phases   ] GC(133) Y: Pause Mark End 0.004ms
[2026-01-06T22:07:29.656+0800][37.300s][info][gc,phases   ] GC(133) Y: Concurrent Mark Free 0.004ms
[2026-01-06T22:07:29.656+0800][37.300s][info][gc,phases   ] GC(133) Y: Concurrent Reset Relocation Set 0.000ms
[2026-01-06T22:07:29.657+0800][37.301s][info][gc,reloc    ] GC(133) Y: Using tenuring threshold: 1 (Computed)
[2026-01-06T22:07:29.657+0800][37.301s][info][gc,phases   ] GC(133) Y: Concurrent Select Relocation Set 1.024ms
[2026-01-06T22:07:29.657+0800][37.301s][info][gc,phases   ] GC(133) Y: Pause Relocate Start 0.001ms
[2026-01-06T22:07:29.657+0800][37.301s][info][gc,phases   ] GC(133) Y: Concurrent Relocate 0.015ms
[2026-01-06T22:07:29.657+0800][37.301s][info][gc,alloc    ] GC(133) Y:                         Mark Start        Mark End      Relocate Start    Relocate End   
[2026-01-06T22:07:29.657+0800][37.301s][info][gc,alloc    ] GC(133) Y: Allocation Stalls:          0                0                0                0         
[2026-01-06T22:07:29.657+0800][37.301s][info][gc,load     ] GC(133) Y: Load: 2.15 (22%) / 1.83 (18%) / 2.02 (20%)
[2026-01-06T22:07:29.657+0800][37.301s][info][gc,mmu      ] GC(133) Y: MMU: 2ms/97.4%, 5ms/98.6%, 10ms/99.3%, 20ms/99.5%, 50ms/99.8%, 100ms/99.9%
[2026-01-06T22:07:29.657+0800][37.301s][info][gc,marking  ] GC(133) Y: Mark: 1 stripe(s), 2 proactive flush(es), 1 terminate flush(es), 0 completion(s), 0 continuation(s) 
[2026-01-06T22:07:29.657+0800][37.301s][info][gc,nmethod  ] GC(133) Y: NMethods: 129 registered, 39 unregistered
[2026-01-06T22:07:29.657+0800][37.301s][info][gc,metaspace] GC(133) Y: Metaspace: 0M used, 0M committed, 1088M reserved
[2026-01-06T22:07:29.657+0800][37.301s][info][gc,reloc    ] GC(133) Y:                        Candidates     Selected     In-Place         Size        Empty    Relocated 
[2026-01-06T22:07:29.657+0800][37.301s][info][gc,reloc    ] GC(133) Y: Small Pages:                  721            0            0        1442M        1440M           0M 
[2026-01-06T22:07:29.657+0800][37.301s][info][gc,reloc    ] GC(133) Y: Medium Pages:                   0            0            0           0M           0M           0M 
[2026-01-06T22:07:29.657+0800][37.301s][info][gc,reloc    ] GC(133) Y: Large Pages:                    0            0            0           0M           0M           0M 
[2026-01-06T22:07:29.657+0800][37.301s][info][gc,reloc    ] GC(133) Y: Forwarding Usage: 0M
[2026-01-06T22:07:29.657+0800][37.301s][info][gc,reloc    ] GC(133) Y: Age Table:
[2026-01-06T22:07:29.657+0800][37.301s][info][gc,reloc    ] GC(133) Y:                    Live             Garbage             Small              Medium             Large        
[2026-01-06T22:07:29.657+0800][37.301s][info][gc,reloc    ] GC(133) Y: Eden               0M (0%)         1439M (35%)        720 / 0              0 / 0              0 / 0        
[2026-01-06T22:07:29.657+0800][37.301s][info][gc,reloc    ] GC(133) Y: Survivor 1          -                 2M (0%)           1 / 0              0 / 0              0 / 0        
[2026-01-06T22:07:29.657+0800][37.301s][info][gc,heap     ] GC(133) Y: Min Capacity: 8M(0%)
[2026-01-06T22:07:29.657+0800][37.301s][info][gc,heap     ] GC(133) Y: Max Capacity: 4096M(100%)
[2026-01-06T22:07:29.657+0800][37.301s][info][gc,heap     ] GC(133) Y: Soft Max Capacity: 3686M(90%)
[2026-01-06T22:07:29.657+0800][37.301s][info][gc,heap     ] GC(133) Y: Heap Statistics:
[2026-01-06T22:07:29.657+0800][37.301s][info][gc,heap     ] GC(133) Y:                Mark Start          Mark End        Relocate Start      Relocate End           High               Low         
[2026-01-06T22:07:29.657+0800][37.301s][info][gc,heap     ] GC(133) Y:  Capacity:     3498M (85%)        3498M (85%)        3498M (85%)        3498M (85%)        3498M (85%)        3498M (85%)    
[2026-01-06T22:07:29.657+0800][37.301s][info][gc,heap     ] GC(133) Y:      Free:     2652M (65%)        2648M (65%)        4084M (100%)       4084M (100%)       4084M (100%)       2648M (65%)    
[2026-01-06T22:07:29.657+0800][37.301s][info][gc,heap     ] GC(133) Y:      Used:     1444M (35%)        1448M (35%)          12M (0%)           12M (0%)         1448M (35%)          12M (0%)     
[2026-01-06T22:07:29.657+0800][37.301s][info][gc,heap     ] GC(133) Y: Young Generation Statistics:
[2026-01-06T22:07:29.657+0800][37.301s][info][gc,heap     ] GC(133) Y:                Mark Start          Mark End        Relocate Start      Relocate End    
[2026-01-06T22:07:29.657+0800][37.301s][info][gc,heap     ] GC(133) Y:      Used:     1442M (35%)        1446M (35%)          10M (0%)           10M (0%)     
[2026-01-06T22:07:29.657+0800][37.301s][info][gc,heap     ] GC(133) Y:      Live:         -                 0M (0%)            0M (0%)            0M (0%)     
[2026-01-06T22:07:29.657+0800][37.301s][info][gc,heap     ] GC(133) Y:   Garbage:         -              1441M (35%)           1M (0%)            1M (0%)     
[2026-01-06T22:07:29.657+0800][37.301s][info][gc,heap     ] GC(133) Y: Allocated:         -                 4M (0%)            8M (0%)            8M (0%)     
[2026-01-06T22:07:29.657+0800][37.301s][info][gc,heap     ] GC(133) Y: Reclaimed:         -                  -              1440M (35%)        1440M (35%)    
[2026-01-06T22:07:29.657+0800][37.301s][info][gc,heap     ] GC(133) Y:  Promoted:         -                  -                 0M (0%)            0M (0%)     
[2026-01-06T22:07:29.657+0800][37.301s][info][gc,heap     ] GC(133) Y: Compacted:         -                  -                  -                 0M (0%)     
[2026-01-06T22:07:29.657+0800][37.301s][info][gc,phases   ] GC(133) Y: Young Generation 1444M(35%)->12M(0%) 0.003s
[2026-01-06T22:07:29.657+0800][37.301s][info][gc,phases   ] GC(133) O: Old Generation
[2026-01-06T22:07:29.658+0800][37.302s][info][gc,phases   ] GC(133) O: Concurrent Mark 0.887ms
[2026-01-06T22:07:29.658+0800][37.302s][info][gc,phases   ] GC(133) O: Pause Mark End 0.004ms
[2026-01-06T22:07:29.658+0800][37.302s][info][gc,phases   ] GC(133) O: Concurrent Mark Free 0.001ms
[2026-01-06T22:07:29.658+0800][37.302s][info][gc,phases   ] GC(133) O: Concurrent Process Non-Strong 0.328ms
[2026-01-06T22:07:29.658+0800][37.302s][info][gc,phases   ] GC(133) O: Concurrent Reset Relocation Set 0.000ms
[2026-01-06T22:07:29.658+0800][37.302s][info][gc,phases   ] GC(133) O: Concurrent Select Relocation Set 0.015ms
[2026-01-06T22:07:29.658+0800][37.302s][info][gc,task     ] GC(133) O: Using 2 Workers for Old Generation
[2026-01-06T22:07:29.658+0800][37.302s][info][gc,task     ] GC(133) O: Using 1 Workers for Old Generation
[2026-01-06T22:07:29.658+0800][37.302s][info][gc,phases   ] GC(133) O: Concurrent Remap Roots 0.100ms
[2026-01-06T22:07:29.658+0800][37.302s][info][gc,phases   ] GC(133) O: Pause Relocate Start 0.002ms
[2026-01-06T22:07:29.658+0800][37.302s][info][gc,phases   ] GC(133) O: Concurrent Relocate 0.008ms
[2026-01-06T22:07:29.658+0800][37.302s][info][gc,alloc    ] GC(133) O:                         Mark Start        Mark End      Relocate Start    Relocate End   
[2026-01-06T22:07:29.658+0800][37.302s][info][gc,alloc    ] GC(133) O: Allocation Stalls:          0                0                0                0         
[2026-01-06T22:07:29.659+0800][37.302s][info][gc,load     ] GC(133) O: Load: 2.15 (22%) / 1.83 (18%) / 2.02 (20%)
[2026-01-06T22:07:29.659+0800][37.302s][info][gc,mmu      ] GC(133) O: MMU: 2ms/97.4%, 5ms/98.6%, 10ms/99.3%, 20ms/99.5%, 50ms/99.8%, 100ms/99.9%
[2026-01-06T22:07:29.659+0800][37.302s][info][gc,marking  ] GC(133) O: Mark: 1 stripe(s), 2 proactive flush(es), 1 terminate flush(es), 0 completion(s), 0 continuation(s) 
[2026-01-06T22:07:29.659+0800][37.302s][info][gc,nmethod  ] GC(133) O: NMethods: 129 registered, 39 unregistered
[2026-01-06T22:07:29.659+0800][37.302s][info][gc,metaspace] GC(133) O: Metaspace: 0M used, 0M committed, 1088M reserved
[2026-01-06T22:07:29.659+0800][37.302s][info][gc,ref      ] GC(133) O:                       Encountered   Discovered     Enqueued 
[2026-01-06T22:07:29.659+0800][37.302s][info][gc,ref      ] GC(133) O: Soft References:                1            0            0 
[2026-01-06T22:07:29.659+0800][37.302s][info][gc,ref      ] GC(133) O: Weak References:                6            0            0 
[2026-01-06T22:07:29.659+0800][37.302s][info][gc,ref      ] GC(133) O: Final References:               0            0            0 
[2026-01-06T22:07:29.659+0800][37.302s][info][gc,ref      ] GC(133) O: Phantom References:             1            1            0 
[2026-01-06T22:07:29.659+0800][37.302s][info][gc,reloc    ] GC(133) O:                        Candidates     Selected     In-Place         Size        Empty    Relocated 
[2026-01-06T22:07:29.659+0800][37.302s][info][gc,reloc    ] GC(133) O: Small Pages:                    1            0            0           2M           0M           0M 
[2026-01-06T22:07:29.659+0800][37.302s][info][gc,reloc    ] GC(133) O: Medium Pages:                   0            0            0           0M           0M           0M 
[2026-01-06T22:07:29.659+0800][37.302s][info][gc,reloc    ] GC(133) O: Large Pages:                    0            0            0           0M           0M           0M 
[2026-01-06T22:07:29.659+0800][37.302s][info][gc,reloc    ] GC(133) O: Forwarding Usage: 0M
[2026-01-06T22:07:29.659+0800][37.302s][info][gc,heap     ] GC(133) O: Min Capacity: 8M(0%)
[2026-01-06T22:07:29.659+0800][37.302s][info][gc,heap     ] GC(133) O: Max Capacity: 4096M(100%)
[2026-01-06T22:07:29.659+0800][37.302s][info][gc,heap     ] GC(133) O: Soft Max Capacity: 3686M(90%)
[2026-01-06T22:07:29.659+0800][37.302s][info][gc,heap     ] GC(133) O: Heap Statistics:
[2026-01-06T22:07:29.659+0800][37.302s][info][gc,heap     ] GC(133) O:                Mark Start          Mark End        Relocate Start      Relocate End           High               Low         
[2026-01-06T22:07:29.659+0800][37.302s][info][gc,heap     ] GC(133) O:  Capacity:     3498M (85%)        3498M (85%)        3498M (85%)        3498M (85%)        3498M (85%)        3498M (85%)    
[2026-01-06T22:07:29.659+0800][37.302s][info][gc,heap     ] GC(133) O:      Free:     2652M (65%)        4078M (100%)       4076M (100%)       4076M (100%)       4084M (100%)       2648M (65%)    
[2026-01-06T22:07:29.659+0800][37.302s][info][gc,heap     ] GC(133) O:      Used:     1444M (35%)          18M (0%)           20M (0%)           20M (0%)         1448M (35%)          12M (0%)     
[2026-01-06T22:07:29.659+0800][37.302s][info][gc,heap     ] GC(133) O: Old Generation Statistics:
[2026-01-06T22:07:29.659+0800][37.302s][info][gc,heap     ] GC(133) O:                Mark Start          Mark End        Relocate Start      Relocate End    
[2026-01-06T22:07:29.659+0800][37.302s][info][gc,heap     ] GC(133) O:      Used:        2M (0%)            2M (0%)            2M (0%)            2M (0%)     
[2026-01-06T22:07:29.659+0800][37.302s][info][gc,heap     ] GC(133) O:      Live:         -                 0M (0%)            0M (0%)            0M (0%)     
[2026-01-06T22:07:29.659+0800][37.302s][info][gc,heap     ] GC(133) O:   Garbage:         -                 1M (0%)            1M (0%)            1M (0%)     
[2026-01-06T22:07:29.659+0800][37.302s][info][gc,heap     ] GC(133) O: Allocated:         -                 0M (0%)            0M (0%)            0M (0%)     
[2026-01-06T22:07:29.659+0800][37.302s][info][gc,heap     ] GC(133) O: Reclaimed:         -                  -                 0M (0%)            0M (0%)     
[2026-01-06T22:07:29.659+0800][37.302s][info][gc,heap     ] GC(133) O: Compacted:         -                  -                  -                 0M (0%)     
[2026-01-06T22:07:29.659+0800][37.302s][info][gc,phases   ] GC(133) O: Old Generation 12M(0%)->20M(0%) 0.001s
[2026-01-06T22:07:29.659+0800][37.302s][info][gc          ] GC(133) Major Collection (Proactive) 1444M(35%)->22M(1%) 0.005s
[2026-01-06T22:07:29.979+0800][37.623s][info][gc          ] GC(134) Major Collection (Proactive)
[2026-01-06T22:07:29.979+0800][37.623s][info][gc,task     ] GC(134) Using 1 Workers for Young Generation
[2026-01-06T22:07:29.979+0800][37.623s][info][gc,task     ] GC(134) Using 1 Workers for Old Generation
[2026-01-06T22:07:29.979+0800][37.623s][info][gc,phases   ] GC(134) Y: Young Generation
[2026-01-06T22:07:29.979+0800][37.623s][info][gc,phases   ] GC(134) Y: Pause Mark Start (Major) 0.012ms
[2026-01-06T22:07:29.979+0800][37.623s][info][gc,phases   ] GC(134) Y: Concurrent Mark 0.319ms
[2026-01-06T22:07:29.979+0800][37.623s][info][gc,phases   ] GC(134) Y: Pause Mark End 0.004ms
[2026-01-06T22:07:29.979+0800][37.623s][info][gc,phases   ] GC(134) Y: Concurrent Mark Free 0.001ms
[2026-01-06T22:07:29.980+0800][37.623s][info][gc,phases   ] GC(134) Y: Concurrent Reset Relocation Set 0.000ms
[2026-01-06T22:07:29.980+0800][37.624s][info][gc,reloc    ] GC(134) Y: Using tenuring threshold: 1 (Computed)
[2026-01-06T22:07:29.980+0800][37.624s][info][gc,phases   ] GC(134) Y: Concurrent Select Relocation Set 0.470ms
[2026-01-06T22:07:29.980+0800][37.624s][info][gc,phases   ] GC(134) Y: Pause Relocate Start 0.002ms
[2026-01-06T22:07:29.980+0800][37.624s][info][gc,phases   ] GC(134) Y: Concurrent Relocate 0.011ms
[2026-01-06T22:07:29.980+0800][37.624s][info][gc,alloc    ] GC(134) Y:                         Mark Start        Mark End      Relocate Start    Relocate End   
[2026-01-06T22:07:29.980+0800][37.624s][info][gc,alloc    ] GC(134) Y: Allocation Stalls:          0                0                0                0         
[2026-01-06T22:07:29.980+0800][37.624s][info][gc,load     ] GC(134) Y: Load: 2.15 (22%) / 1.83 (18%) / 2.02 (20%)
[2026-01-06T22:07:29.980+0800][37.624s][info][gc,mmu      ] GC(134) Y: MMU: 2ms/97.4%, 5ms/98.6%, 10ms/99.3%, 20ms/99.5%, 50ms/99.8%, 100ms/99.9%
[2026-01-06T22:07:29.980+0800][37.624s][info][gc,marking  ] GC(134) Y: Mark: 1 stripe(s), 2 proactive flush(es), 1 terminate flush(es), 0 completion(s), 0 continuation(s) 
[2026-01-06T22:07:29.980+0800][37.624s][info][gc,nmethod  ] GC(134) Y: NMethods: 129 registered, 39 unregistered
[2026-01-06T22:07:29.980+0800][37.624s][info][gc,metaspace] GC(134) Y: Metaspace: 0M used, 0M committed, 1088M reserved
[2026-01-06T22:07:29.980+0800][37.624s][info][gc,reloc    ] GC(134) Y:                        Candidates     Selected     In-Place         Size        Empty    Relocated 
[2026-01-06T22:07:29.980+0800][37.624s][info][gc,reloc    ] GC(134) Y: Small Pages:                 1186            0            0        2372M        2370M           0M 
[2026-01-06T22:07:29.980+0800][37.624s][info][gc,reloc    ] GC(134) Y: Medium Pages:                   0            0            0           0M           0M           0M 
[2026-01-06T22:07:29.980+0800][37.624s][info][gc,reloc    ] GC(134) Y: Large Pages:                    0            0            0           0M           0M           0M 
[2026-01-06T22:07:29.980+0800][37.624s][info][gc,reloc    ] GC(134) Y: Forwarding Usage: 0M
[2026-01-06T22:07:29.980+0800][37.624s][info][gc,reloc    ] GC(134) Y: Age Table:
[2026-01-06T22:07:29.980+0800][37.624s][info][gc,reloc    ] GC(134) Y:                    Live             Garbage             Small              Medium             Large        
[2026-01-06T22:07:29.980+0800][37.624s][info][gc,reloc    ] GC(134) Y: Eden               0M (0%)         2369M (58%)       1185 / 0              0 / 0              0 / 0        
[2026-01-06T22:07:29.980+0800][37.624s][info][gc,reloc    ] GC(134) Y: Survivor 1          -                 2M (0%)           1 / 0              0 / 0              0 / 0        
[2026-01-06T22:07:29.980+0800][37.624s][info][gc,heap     ] GC(134) Y: Min Capacity: 8M(0%)
[2026-01-06T22:07:29.980+0800][37.624s][info][gc,heap     ] GC(134) Y: Max Capacity: 4096M(100%)
[2026-01-06T22:07:29.980+0800][37.624s][info][gc,heap     ] GC(134) Y: Soft Max Capacity: 3686M(90%)
[2026-01-06T22:07:29.980+0800][37.624s][info][gc,heap     ] GC(134) Y: Heap Statistics:
[2026-01-06T22:07:29.980+0800][37.624s][info][gc,heap     ] GC(134) Y:                Mark Start          Mark End        Relocate Start      Relocate End           High               Low         
[2026-01-06T22:07:29.980+0800][37.624s][info][gc,heap     ] GC(134) Y:  Capacity:     3498M (85%)        3498M (85%)        3498M (85%)        3498M (85%)        3498M (85%)        3498M (85%)    
[2026-01-06T22:07:29.980+0800][37.624s][info][gc,heap     ] GC(134) Y:      Free:     1722M (42%)        1720M (42%)        4086M (100%)       4086M (100%)       4086M (100%)       1720M (42%)    
[2026-01-06T22:07:29.980+0800][37.624s][info][gc,heap     ] GC(134) Y:      Used:     2374M (58%)        2376M (58%)          10M (0%)           10M (0%)         2376M (58%)          10M (0%)     
[2026-01-06T22:07:29.980+0800][37.624s][info][gc,heap     ] GC(134) Y: Young Generation Statistics:
[2026-01-06T22:07:29.980+0800][37.624s][info][gc,heap     ] GC(134) Y:                Mark Start          Mark End        Relocate Start      Relocate End    
[2026-01-06T22:07:29.980+0800][37.624s][info][gc,heap     ] GC(134) Y:      Used:     2372M (58%)        2374M (58%)           8M (0%)            8M (0%)     
[2026-01-06T22:07:29.980+0800][37.624s][info][gc,heap     ] GC(134) Y:      Live:         -                 0M (0%)            0M (0%)            0M (0%)     
[2026-01-06T22:07:29.980+0800][37.624s][info][gc,heap     ] GC(134) Y:   Garbage:         -              2371M (58%)           1M (0%)            1M (0%)     
[2026-01-06T22:07:29.980+0800][37.624s][info][gc,heap     ] GC(134) Y: Allocated:         -                 2M (0%)            6M (0%)            6M (0%)     
[2026-01-06T22:07:29.980+0800][37.624s][info][gc,heap     ] GC(134) Y: Reclaimed:         -                  -              2370M (58%)        2370M (58%)    
[2026-01-06T22:07:29.980+0800][37.624s][info][gc,heap     ] GC(134) Y:  Promoted:         -                  -                 0M (0%)            0M (0%)     
[2026-01-06T22:07:29.980+0800][37.624s][info][gc,heap     ] GC(134) Y: Compacted:         -                  -                  -                 0M (0%)     
[2026-01-06T22:07:29.980+0800][37.624s][info][gc,phases   ] GC(134) Y: Young Generation 2374M(58%)->10M(0%) 0.001s
[2026-01-06T22:07:29.980+0800][37.624s][info][gc,phases   ] GC(134) O: Old Generation
[2026-01-06T22:07:29.981+0800][37.625s][info][gc,phases   ] GC(134) O: Concurrent Mark 0.633ms
[2026-01-06T22:07:29.981+0800][37.625s][info][gc,phases   ] GC(134) O: Pause Mark End 0.003ms
[2026-01-06T22:07:29.981+0800][37.625s][info][gc,phases   ] GC(134) O: Concurrent Mark Free 0.000ms
[2026-01-06T22:07:29.981+0800][37.625s][info][gc,phases   ] GC(134) O: Concurrent Process Non-Strong 0.264ms
[2026-01-06T22:07:29.981+0800][37.625s][info][gc,phases   ] GC(134) O: Concurrent Reset Relocation Set 0.000ms
[2026-01-06T22:07:29.981+0800][37.625s][info][gc,phases   ] GC(134) O: Concurrent Select Relocation Set 0.016ms
[2026-01-06T22:07:29.981+0800][37.625s][info][gc,task     ] GC(134) O: Using 2 Workers for Old Generation
[2026-01-06T22:07:29.981+0800][37.625s][info][gc,task     ] GC(134) O: Using 1 Workers for Old Generation
[2026-01-06T22:07:29.981+0800][37.625s][info][gc,phases   ] GC(134) O: Concurrent Remap Roots 0.089ms
[2026-01-06T22:07:29.981+0800][37.625s][info][gc,phases   ] GC(134) O: Pause Relocate Start 0.001ms
[2026-01-06T22:07:29.981+0800][37.625s][info][gc,phases   ] GC(134) O: Concurrent Relocate 0.009ms
[2026-01-06T22:07:29.981+0800][37.625s][info][gc,alloc    ] GC(134) O:                         Mark Start        Mark End      Relocate Start    Relocate End   
[2026-01-06T22:07:29.981+0800][37.625s][info][gc,alloc    ] GC(134) O: Allocation Stalls:          0                0                0                0         
[2026-01-06T22:07:29.981+0800][37.625s][info][gc,load     ] GC(134) O: Load: 2.15 (22%) / 1.83 (18%) / 2.02 (20%)
[2026-01-06T22:07:29.981+0800][37.625s][info][gc,mmu      ] GC(134) O: MMU: 2ms/97.4%, 5ms/98.6%, 10ms/99.3%, 20ms/99.5%, 50ms/99.8%, 100ms/99.9%
[2026-01-06T22:07:29.981+0800][37.625s][info][gc,marking  ] GC(134) O: Mark: 1 stripe(s), 2 proactive flush(es), 1 terminate flush(es), 0 completion(s), 0 continuation(s) 
[2026-01-06T22:07:29.981+0800][37.625s][info][gc,nmethod  ] GC(134) O: NMethods: 129 registered, 39 unregistered
[2026-01-06T22:07:29.981+0800][37.625s][info][gc,metaspace] GC(134) O: Metaspace: 0M used, 0M committed, 1088M reserved
[2026-01-06T22:07:29.981+0800][37.625s][info][gc,ref      ] GC(134) O:                       Encountered   Discovered     Enqueued 
[2026-01-06T22:07:29.981+0800][37.625s][info][gc,ref      ] GC(134) O: Soft References:                1            0            0 
[2026-01-06T22:07:29.981+0800][37.625s][info][gc,ref      ] GC(134) O: Weak References:                6            0            0 
[2026-01-06T22:07:29.981+0800][37.625s][info][gc,ref      ] GC(134) O: Final References:               0            0            0 
[2026-01-06T22:07:29.981+0800][37.625s][info][gc,ref      ] GC(134) O: Phantom References:             1            1            0 
[2026-01-06T22:07:29.981+0800][37.625s][info][gc,reloc    ] GC(134) O:                        Candidates     Selected     In-Place         Size        Empty    Relocated 
[2026-01-06T22:07:29.981+0800][37.625s][info][gc,reloc    ] GC(134) O: Small Pages:                    1            0            0           2M           0M           0M 
[2026-01-06T22:07:29.981+0800][37.625s][info][gc,reloc    ] GC(134) O: Medium Pages:                   0            0            0           0M           0M           0M 
[2026-01-06T22:07:29.981+0800][37.625s][info][gc,reloc    ] GC(134) O: Large Pages:                    0            0            0           0M           0M           0M 
[2026-01-06T22:07:29.981+0800][37.625s][info][gc,reloc    ] GC(134) O: Forwarding Usage: 0M
[2026-01-06T22:07:29.981+0800][37.625s][info][gc,heap     ] GC(134) O: Min Capacity: 8M(0%)
[2026-01-06T22:07:29.981+0800][37.625s][info][gc,heap     ] GC(134) O: Max Capacity: 4096M(100%)
[2026-01-06T22:07:29.981+0800][37.625s][info][gc,heap     ] GC(134) O: Soft Max Capacity: 3686M(90%)
[2026-01-06T22:07:29.981+0800][37.625s][info][gc,heap     ] GC(134) O: Heap Statistics:
[2026-01-06T22:07:29.981+0800][37.625s][info][gc,heap     ] GC(134) O:                Mark Start          Mark End        Relocate Start      Relocate End           High               Low         
[2026-01-06T22:07:29.981+0800][37.625s][info][gc,heap     ] GC(134) O:  Capacity:     3498M (85%)        3498M (85%)        3498M (85%)        3498M (85%)        3498M (85%)        3498M (85%)    
[2026-01-06T22:07:29.981+0800][37.625s][info][gc,heap     ] GC(134) O:      Free:     1722M (42%)        4072M (99%)        4064M (99%)        4064M (99%)        4086M (100%)       1720M (42%)    
[2026-01-06T22:07:29.981+0800][37.625s][info][gc,heap     ] GC(134) O:      Used:     2374M (58%)          24M (1%)           32M (1%)           32M (1%)         2376M (58%)          10M (0%)     
[2026-01-06T22:07:29.981+0800][37.625s][info][gc,heap     ] GC(134) O: Old Generation Statistics:
[2026-01-06T22:07:29.981+0800][37.625s][info][gc,heap     ] GC(134) O:                Mark Start          Mark End        Relocate Start      Relocate End    
[2026-01-06T22:07:29.981+0800][37.625s][info][gc,heap     ] GC(134) O:      Used:        2M (0%)            2M (0%)            2M (0%)            2M (0%)     
[2026-01-06T22:07:29.981+0800][37.625s][info][gc,heap     ] GC(134) O:      Live:         -                 0M (0%)            0M (0%)            0M (0%)     
[2026-01-06T22:07:29.981+0800][37.625s][info][gc,heap     ] GC(134) O:   Garbage:         -                 1M (0%)            1M (0%)            1M (0%)     
[2026-01-06T22:07:29.981+0800][37.625s][info][gc,heap     ] GC(134) O: Allocated:         -                 0M (0%)            0M (0%)            0M (0%)     
[2026-01-06T22:07:29.981+0800][37.625s][info][gc,heap     ] GC(134) O: Reclaimed:         -                  -                 0M (0%)            0M (0%)     
[2026-01-06T22:07:29.981+0800][37.625s][info][gc,heap     ] GC(134) O: Compacted:         -                  -                  -                 0M (0%)     
[2026-01-06T22:07:29.981+0800][37.625s][info][gc,phases   ] GC(134) O: Old Generation 12M(0%)->32M(1%) 0.001s
[2026-01-06T22:07:29.981+0800][37.625s][info][gc          ] GC(134) Major Collection (Proactive) 2374M(58%)->34M(1%) 0.002s
[2026-01-06T22:07:30.250+0800][37.893s][info][gc          ] GC(135) Major Collection (Proactive)
[2026-01-06T22:07:30.250+0800][37.893s][info][gc,task     ] GC(135) Using 1 Workers for Young Generation
[2026-01-06T22:07:30.250+0800][37.894s][info][gc,task     ] GC(135) Using 1 Workers for Old Generation
[2026-01-06T22:07:30.250+0800][37.894s][info][gc,phases   ] GC(135) Y: Young Generation
[2026-01-06T22:07:30.250+0800][37.894s][info][gc,phases   ] GC(135) Y: Pause Mark Start (Major) 0.012ms
[2026-01-06T22:07:30.250+0800][37.894s][info][gc,phases   ] GC(135) Y: Concurrent Mark 0.388ms
[2026-01-06T22:07:30.250+0800][37.894s][info][gc,phases   ] GC(135) Y: Pause Mark End 0.004ms
[2026-01-06T22:07:30.250+0800][37.894s][info][gc,phases   ] GC(135) Y: Concurrent Mark Free 0.002ms
[2026-01-06T22:07:30.250+0800][37.894s][info][gc,phases   ] GC(135) Y: Concurrent Reset Relocation Set 0.000ms
[2026-01-06T22:07:30.251+0800][37.894s][info][gc,reloc    ] GC(135) Y: Using tenuring threshold: 1 (Computed)
[2026-01-06T22:07:30.251+0800][37.894s][info][gc,phases   ] GC(135) Y: Concurrent Select Relocation Set 0.422ms
[2026-01-06T22:07:30.251+0800][37.894s][info][gc,phases   ] GC(135) Y: Pause Relocate Start 0.001ms
[2026-01-06T22:07:30.251+0800][37.895s][info][gc,phases   ] GC(135) Y: Concurrent Relocate 0.010ms
[2026-01-06T22:07:30.251+0800][37.895s][info][gc,alloc    ] GC(135) Y:                         Mark Start        Mark End      Relocate Start    Relocate End   
[2026-01-06T22:07:30.251+0800][37.895s][info][gc,alloc    ] GC(135) Y: Allocation Stalls:          0                0                0                0         
[2026-01-06T22:07:30.251+0800][37.895s][info][gc,load     ] GC(135) Y: Load: 2.15 (22%) / 1.83 (18%) / 2.02 (20%)
[2026-01-06T22:07:30.251+0800][37.895s][info][gc,mmu      ] GC(135) Y: MMU: 2ms/97.4%, 5ms/98.6%, 10ms/99.3%, 20ms/99.5%, 50ms/99.8%, 100ms/99.9%
[2026-01-06T22:07:30.251+0800][37.895s][info][gc,marking  ] GC(135) Y: Mark: 1 stripe(s), 2 proactive flush(es), 1 terminate flush(es), 0 completion(s), 0 continuation(s) 
[2026-01-06T22:07:30.251+0800][37.895s][info][gc,nmethod  ] GC(135) Y: NMethods: 129 registered, 39 unregistered
[2026-01-06T22:07:30.251+0800][37.895s][info][gc,metaspace] GC(135) Y: Metaspace: 0M used, 0M committed, 1088M reserved
[2026-01-06T22:07:30.251+0800][37.895s][info][gc,reloc    ] GC(135) Y:                        Candidates     Selected     In-Place         Size        Empty    Relocated 
[2026-01-06T22:07:30.251+0800][37.895s][info][gc,reloc    ] GC(135) Y: Small Pages:                  676            0            0        1352M        1350M           0M 
[2026-01-06T22:07:30.251+0800][37.895s][info][gc,reloc    ] GC(135) Y: Medium Pages:                   0            0            0           0M           0M           0M 
[2026-01-06T22:07:30.251+0800][37.895s][info][gc,reloc    ] GC(135) Y: Large Pages:                    0            0            0           0M           0M           0M 
[2026-01-06T22:07:30.251+0800][37.895s][info][gc,reloc    ] GC(135) Y: Forwarding Usage: 0M
[2026-01-06T22:07:30.251+0800][37.895s][info][gc,reloc    ] GC(135) Y: Age Table:
[2026-01-06T22:07:30.251+0800][37.895s][info][gc,reloc    ] GC(135) Y:                    Live             Garbage             Small              Medium             Large        
[2026-01-06T22:07:30.251+0800][37.895s][info][gc,reloc    ] GC(135) Y: Eden               0M (0%)         1349M (33%)        675 / 0              0 / 0              0 / 0        
[2026-01-06T22:07:30.251+0800][37.895s][info][gc,reloc    ] GC(135) Y: Survivor 1          -                 2M (0%)           1 / 0              0 / 0              0 / 0        
[2026-01-06T22:07:30.251+0800][37.895s][info][gc,heap     ] GC(135) Y: Min Capacity: 8M(0%)
[2026-01-06T22:07:30.251+0800][37.895s][info][gc,heap     ] GC(135) Y: Max Capacity: 4096M(100%)
[2026-01-06T22:07:30.251+0800][37.895s][info][gc,heap     ] GC(135) Y: Soft Max Capacity: 3686M(90%)
[2026-01-06T22:07:30.251+0800][37.895s][info][gc,heap     ] GC(135) Y: Heap Statistics:
[2026-01-06T22:07:30.251+0800][37.895s][info][gc,heap     ] GC(135) Y:                Mark Start          Mark End        Relocate Start      Relocate End           High               Low         
[2026-01-06T22:07:30.251+0800][37.895s][info][gc,heap     ] GC(135) Y:  Capacity:     3498M (85%)        3498M (85%)        3498M (85%)        3498M (85%)        3498M (85%)        3498M (85%)    
[2026-01-06T22:07:30.251+0800][37.895s][info][gc,heap     ] GC(135) Y:      Free:     2742M (67%)        2740M (67%)        4088M (100%)       4088M (100%)       4088M (100%)       2740M (67%)    
[2026-01-06T22:07:30.251+0800][37.895s][info][gc,heap     ] GC(135) Y:      Used:     1354M (33%)        1356M (33%)           8M (0%)            8M (0%)         1356M (33%)           8M (0%)     
[2026-01-06T22:07:30.251+0800][37.895s][info][gc,heap     ] GC(135) Y: Young Generation Statistics:
[2026-01-06T22:07:30.251+0800][37.895s][info][gc,heap     ] GC(135) Y:                Mark Start          Mark End        Relocate Start      Relocate End    
[2026-01-06T22:07:30.251+0800][37.895s][info][gc,heap     ] GC(135) Y:      Used:     1352M (33%)        1354M (33%)           6M (0%)            6M (0%)     
[2026-01-06T22:07:30.251+0800][37.895s][info][gc,heap     ] GC(135) Y:      Live:         -                 0M (0%)            0M (0%)            0M (0%)     
[2026-01-06T22:07:30.251+0800][37.895s][info][gc,heap     ] GC(135) Y:   Garbage:         -              1351M (33%)           1M (0%)            1M (0%)     
[2026-01-06T22:07:30.251+0800][37.895s][info][gc,heap     ] GC(135) Y: Allocated:         -                 2M (0%)            4M (0%)            4M (0%)     
[2026-01-06T22:07:30.251+0800][37.895s][info][gc,heap     ] GC(135) Y: Reclaimed:         -                  -              1350M (33%)        1350M (33%)    
[2026-01-06T22:07:30.251+0800][37.895s][info][gc,heap     ] GC(135) Y:  Promoted:         -                  -                 0M (0%)            0M (0%)     
[2026-01-06T22:07:30.251+0800][37.895s][info][gc,heap     ] GC(135) Y: Compacted:         -                  -                  -                 0M (0%)     
[2026-01-06T22:07:30.251+0800][37.895s][info][gc,phases   ] GC(135) Y: Young Generation 1354M(33%)->8M(0%) 0.001s
[2026-01-06T22:07:30.251+0800][37.895s][info][gc,phases   ] GC(135) O: Old Generation
[2026-01-06T22:07:30.251+0800][37.895s][info][gc,phases   ] GC(135) O: Concurrent Mark 0.672ms
[2026-01-06T22:07:30.251+0800][37.895s][info][gc,phases   ] GC(135) O: Pause Mark End 0.003ms
[2026-01-06T22:07:30.251+0800][37.895s][info][gc,phases   ] GC(135) O: Concurrent Mark Free 0.001ms
[2026-01-06T22:07:30.252+0800][37.896s][info][gc,phases   ] GC(135) O: Concurrent Process Non-Strong 0.289ms
[2026-01-06T22:07:30.252+0800][37.896s][info][gc,phases   ] GC(135) O: Concurrent Reset Relocation Set 0.000ms
[2026-01-06T22:07:30.252+0800][37.896s][info][gc,phases   ] GC(135) O: Concurrent Select Relocation Set 0.018ms
[2026-01-06T22:07:30.252+0800][37.896s][info][gc,task     ] GC(135) O: Using 2 Workers for Old Generation
[2026-01-06T22:07:30.252+0800][37.896s][info][gc,task     ] GC(135) O: Using 1 Workers for Old Generation
[2026-01-06T22:07:30.252+0800][37.896s][info][gc,phases   ] GC(135) O: Concurrent Remap Roots 0.094ms
[2026-01-06T22:07:30.252+0800][37.896s][info][gc,phases   ] GC(135) O: Pause Relocate Start 0.002ms
[2026-01-06T22:07:30.252+0800][37.896s][info][gc,phases   ] GC(135) O: Concurrent Relocate 0.008ms
[2026-01-06T22:07:30.252+0800][37.896s][info][gc,alloc    ] GC(135) O:                         Mark Start        Mark End      Relocate Start    Relocate End   
[2026-01-06T22:07:30.252+0800][37.896s][info][gc,alloc    ] GC(135) O: Allocation Stalls:          0                0                0                0         
[2026-01-06T22:07:30.252+0800][37.896s][info][gc,load     ] GC(135) O: Load: 2.15 (22%) / 1.83 (18%) / 2.02 (20%)
[2026-01-06T22:07:30.252+0800][37.896s][info][gc,mmu      ] GC(135) O: MMU: 2ms/97.4%, 5ms/98.6%, 10ms/99.3%, 20ms/99.5%, 50ms/99.8%, 100ms/99.9%
[2026-01-06T22:07:30.252+0800][37.896s][info][gc,marking  ] GC(135) O: Mark: 1 stripe(s), 2 proactive flush(es), 1 terminate flush(es), 0 completion(s), 0 continuation(s) 
[2026-01-06T22:07:30.252+0800][37.896s][info][gc,nmethod  ] GC(135) O: NMethods: 129 registered, 39 unregistered
[2026-01-06T22:07:30.252+0800][37.896s][info][gc,metaspace] GC(135) O: Metaspace: 0M used, 0M committed, 1088M reserved
[2026-01-06T22:07:30.252+0800][37.896s][info][gc,ref      ] GC(135) O:                       Encountered   Discovered     Enqueued 
[2026-01-06T22:07:30.252+0800][37.896s][info][gc,ref      ] GC(135) O: Soft References:                1            0            0 
[2026-01-06T22:07:30.252+0800][37.896s][info][gc,ref      ] GC(135) O: Weak References:                6            0            0 
[2026-01-06T22:07:30.252+0800][37.896s][info][gc,ref      ] GC(135) O: Final References:               0            0            0 
[2026-01-06T22:07:30.252+0800][37.896s][info][gc,ref      ] GC(135) O: Phantom References:             1            1            0 
[2026-01-06T22:07:30.252+0800][37.896s][info][gc,reloc    ] GC(135) O:                        Candidates     Selected     In-Place         Size        Empty    Relocated 
[2026-01-06T22:07:30.252+0800][37.896s][info][gc,reloc    ] GC(135) O: Small Pages:                    1            0            0           2M           0M           0M 
[2026-01-06T22:07:30.252+0800][37.896s][info][gc,reloc    ] GC(135) O: Medium Pages:                   0            0            0           0M           0M           0M 
[2026-01-06T22:07:30.252+0800][37.896s][info][gc,reloc    ] GC(135) O: Large Pages:                    0            0            0           0M           0M           0M 
[2026-01-06T22:07:30.252+0800][37.896s][info][gc,reloc    ] GC(135) O: Forwarding Usage: 0M
[2026-01-06T22:07:30.252+0800][37.896s][info][gc,heap     ] GC(135) O: Min Capacity: 8M(0%)
[2026-01-06T22:07:30.252+0800][37.896s][info][gc,heap     ] GC(135) O: Max Capacity: 4096M(100%)
[2026-01-06T22:07:30.252+0800][37.896s][info][gc,heap     ] GC(135) O: Soft Max Capacity: 3686M(90%)
[2026-01-06T22:07:30.252+0800][37.896s][info][gc,heap     ] GC(135) O: Heap Statistics:
[2026-01-06T22:07:30.252+0800][37.896s][info][gc,heap     ] GC(135) O:                Mark Start          Mark End        Relocate Start      Relocate End           High               Low         
[2026-01-06T22:07:30.252+0800][37.896s][info][gc,heap     ] GC(135) O:  Capacity:     3498M (85%)        3498M (85%)        3498M (85%)        3498M (85%)        3498M (85%)        3498M (85%)    
[2026-01-06T22:07:30.252+0800][37.896s][info][gc,heap     ] GC(135) O:      Free:     2742M (67%)        4082M (100%)       4078M (100%)       4078M (100%)       4088M (100%)       2740M (67%)    
[2026-01-06T22:07:30.252+0800][37.896s][info][gc,heap     ] GC(135) O:      Used:     1354M (33%)          14M (0%)           18M (0%)           18M (0%)         1356M (33%)           8M (0%)     
[2026-01-06T22:07:30.252+0800][37.896s][info][gc,heap     ] GC(135) O: Old Generation Statistics:
[2026-01-06T22:07:30.252+0800][37.896s][info][gc,heap     ] GC(135) O:                Mark Start          Mark End        Relocate Start      Relocate End    
[2026-01-06T22:07:30.252+0800][37.896s][info][gc,heap     ] GC(135) O:      Used:        2M (0%)            2M (0%)            2M (0%)            2M (0%)     
[2026-01-06T22:07:30.252+0800][37.896s][info][gc,heap     ] GC(135) O:      Live:         -                 0M (0%)            0M (0%)            0M (0%)     
[2026-01-06T22:07:30.252+0800][37.896s][info][gc,heap     ] GC(135) O:   Garbage:         -                 1M (0%)            1M (0%)            1M (0%)     
[2026-01-06T22:07:30.252+0800][37.896s][info][gc,heap     ] GC(135) O: Allocated:         -                 0M (0%)            0M (0%)            0M (0%)     
[2026-01-06T22:07:30.252+0800][37.896s][info][gc,heap     ] GC(135) O: Reclaimed:         -                  -                 0M (0%)            0M (0%)     
[2026-01-06T22:07:30.252+0800][37.896s][info][gc,heap     ] GC(135) O: Compacted:         -                  -                  -                 0M (0%)     
[2026-01-06T22:07:30.252+0800][37.896s][info][gc,phases   ] GC(135) O: Old Generation 8M(0%)->18M(0%) 0.001s
[2026-01-06T22:07:30.252+0800][37.896s][info][gc          ] GC(135) Major Collection (Proactive) 1354M(33%)->20M(0%) 0.003s
[2026-01-06T22:07:30.453+0800][38.097s][info][gc          ] GC(136) Major Collection (Proactive)
[2026-01-06T22:07:30.453+0800][38.097s][info][gc,task     ] GC(136) Using 1 Workers for Young Generation
[2026-01-06T22:07:30.453+0800][38.097s][info][gc,task     ] GC(136) Using 1 Workers for Old Generation
[2026-01-06T22:07:30.453+0800][38.097s][info][gc,phases   ] GC(136) Y: Young Generation
[2026-01-06T22:07:30.453+0800][38.097s][info][gc,phases   ] GC(136) Y: Pause Mark Start (Major) 0.013ms
[2026-01-06T22:07:30.454+0800][38.098s][info][gc,phases   ] GC(136) Y: Concurrent Mark 0.316ms
[2026-01-06T22:07:30.454+0800][38.098s][info][gc,phases   ] GC(136) Y: Pause Mark End 0.006ms
[2026-01-06T22:07:30.454+0800][38.098s][info][gc,phases   ] GC(136) Y: Concurrent Mark Free 0.000ms
[2026-01-06T22:07:30.454+0800][38.098s][info][gc,phases   ] GC(136) Y: Concurrent Reset Relocation Set 0.000ms
[2026-01-06T22:07:30.454+0800][38.098s][info][gc,reloc    ] GC(136) Y: Using tenuring threshold: 1 (Computed)
[2026-01-06T22:07:30.454+0800][38.098s][info][gc,phases   ] GC(136) Y: Concurrent Select Relocation Set 0.225ms
[2026-01-06T22:07:30.454+0800][38.098s][info][gc,phases   ] GC(136) Y: Pause Relocate Start 0.001ms
[2026-01-06T22:07:30.454+0800][38.098s][info][gc,phases   ] GC(136) Y: Concurrent Relocate 0.011ms
[2026-01-06T22:07:30.454+0800][38.098s][info][gc,alloc    ] GC(136) Y:                         Mark Start        Mark End      Relocate Start    Relocate End   
[2026-01-06T22:07:30.454+0800][38.098s][info][gc,alloc    ] GC(136) Y: Allocation Stalls:          0                0                0                0         
[2026-01-06T22:07:30.454+0800][38.098s][info][gc,load     ] GC(136) Y: Load: 2.15 (22%) / 1.83 (18%) / 2.02 (20%)
[2026-01-06T22:07:30.454+0800][38.098s][info][gc,mmu      ] GC(136) Y: MMU: 2ms/97.4%, 5ms/98.6%, 10ms/99.3%, 20ms/99.5%, 50ms/99.8%, 100ms/99.9%
[2026-01-06T22:07:30.454+0800][38.098s][info][gc,marking  ] GC(136) Y: Mark: 1 stripe(s), 2 proactive flush(es), 1 terminate flush(es), 0 completion(s), 0 continuation(s) 
[2026-01-06T22:07:30.454+0800][38.098s][info][gc,nmethod  ] GC(136) Y: NMethods: 129 registered, 39 unregistered
[2026-01-06T22:07:30.454+0800][38.098s][info][gc,metaspace] GC(136) Y: Metaspace: 0M used, 0M committed, 1088M reserved
[2026-01-06T22:07:30.454+0800][38.098s][info][gc,reloc    ] GC(136) Y:                        Candidates     Selected     In-Place         Size        Empty    Relocated 
[2026-01-06T22:07:30.454+0800][38.098s][info][gc,reloc    ] GC(136) Y: Small Pages:                  931            0            0        1862M        1860M           0M 
[2026-01-06T22:07:30.454+0800][38.098s][info][gc,reloc    ] GC(136) Y: Medium Pages:                   0            0            0           0M           0M           0M 
[2026-01-06T22:07:30.454+0800][38.098s][info][gc,reloc    ] GC(136) Y: Large Pages:                    0            0            0           0M           0M           0M 
[2026-01-06T22:07:30.454+0800][38.098s][info][gc,reloc    ] GC(136) Y: Forwarding Usage: 0M
[2026-01-06T22:07:30.454+0800][38.098s][info][gc,reloc    ] GC(136) Y: Age Table:
[2026-01-06T22:07:30.454+0800][38.098s][info][gc,reloc    ] GC(136) Y:                    Live             Garbage             Small              Medium             Large        
[2026-01-06T22:07:30.454+0800][38.098s][info][gc,reloc    ] GC(136) Y: Eden               0M (0%)         1859M (45%)        930 / 0              0 / 0              0 / 0        
[2026-01-06T22:07:30.454+0800][38.098s][info][gc,reloc    ] GC(136) Y: Survivor 1          -                 2M (0%)           1 / 0              0 / 0              0 / 0        
[2026-01-06T22:07:30.454+0800][38.098s][info][gc,heap     ] GC(136) Y: Min Capacity: 8M(0%)
[2026-01-06T22:07:30.454+0800][38.098s][info][gc,heap     ] GC(136) Y: Max Capacity: 4096M(100%)
[2026-01-06T22:07:30.454+0800][38.098s][info][gc,heap     ] GC(136) Y: Soft Max Capacity: 3686M(90%)
[2026-01-06T22:07:30.454+0800][38.098s][info][gc,heap     ] GC(136) Y: Heap Statistics:
[2026-01-06T22:07:30.454+0800][38.098s][info][gc,heap     ] GC(136) Y:                Mark Start          Mark End        Relocate Start      Relocate End           High               Low         
[2026-01-06T22:07:30.454+0800][38.098s][info][gc,heap     ] GC(136) Y:  Capacity:     3498M (85%)        3498M (85%)        3498M (85%)        3498M (85%)        3498M (85%)        3498M (85%)    
[2026-01-06T22:07:30.454+0800][38.098s][info][gc,heap     ] GC(136) Y:      Free:     2232M (54%)        2230M (54%)        4088M (100%)       4088M (100%)       4088M (100%)       2230M (54%)    
[2026-01-06T22:07:30.454+0800][38.098s][info][gc,heap     ] GC(136) Y:      Used:     1864M (46%)        1866M (46%)           8M (0%)            8M (0%)         1866M (46%)           8M (0%)     
[2026-01-06T22:07:30.454+0800][38.098s][info][gc,heap     ] GC(136) Y: Young Generation Statistics:
[2026-01-06T22:07:30.454+0800][38.098s][info][gc,heap     ] GC(136) Y:                Mark Start          Mark End        Relocate Start      Relocate End    
[2026-01-06T22:07:30.454+0800][38.098s][info][gc,heap     ] GC(136) Y:      Used:     1862M (45%)        1864M (46%)           6M (0%)            6M (0%)     
[2026-01-06T22:07:30.454+0800][38.098s][info][gc,heap     ] GC(136) Y:      Live:         -                 0M (0%)            0M (0%)            0M (0%)     
[2026-01-06T22:07:30.454+0800][38.098s][info][gc,heap     ] GC(136) Y:   Garbage:         -              1861M (45%)           1M (0%)            1M (0%)     
[2026-01-06T22:07:30.454+0800][38.098s][info][gc,heap     ] GC(136) Y: Allocated:         -                 2M (0%)            4M (0%)            4M (0%)     
[2026-01-06T22:07:30.454+0800][38.098s][info][gc,heap     ] GC(136) Y: Reclaimed:         -                  -              1860M (45%)        1860M (45%)    
[2026-01-06T22:07:30.454+0800][38.098s][info][gc,heap     ] GC(136) Y:  Promoted:         -                  -                 0M (0%)            0M (0%)     
[2026-01-06T22:07:30.454+0800][38.098s][info][gc,heap     ] GC(136) Y: Compacted:         -                  -                  -                 0M (0%)     
[2026-01-06T22:07:30.454+0800][38.098s][info][gc,phases   ] GC(136) Y: Young Generation 1864M(46%)->8M(0%) 0.001s
[2026-01-06T22:07:30.454+0800][38.098s][info][gc,phases   ] GC(136) O: Old Generation
[2026-01-06T22:07:30.455+0800][38.099s][info][gc,phases   ] GC(136) O: Concurrent Mark 0.647ms
[2026-01-06T22:07:30.455+0800][38.099s][info][gc,phases   ] GC(136) O: Pause Mark End 0.003ms
[2026-01-06T22:07:30.455+0800][38.099s][info][gc,phases   ] GC(136) O: Concurrent Mark Free 0.000ms
[2026-01-06T22:07:30.455+0800][38.099s][info][gc,phases   ] GC(136) O: Concurrent Process Non-Strong 0.289ms
[2026-01-06T22:07:30.455+0800][38.099s][info][gc,phases   ] GC(136) O: Concurrent Reset Relocation Set 0.000ms
[2026-01-06T22:07:30.455+0800][38.099s][info][gc,phases   ] GC(136) O: Concurrent Select Relocation Set 0.015ms
[2026-01-06T22:07:30.455+0800][38.099s][info][gc,task     ] GC(136) O: Using 2 Workers for Old Generation
[2026-01-06T22:07:30.455+0800][38.099s][info][gc,task     ] GC(136) O: Using 1 Workers for Old Generation
[2026-01-06T22:07:30.455+0800][38.099s][info][gc,phases   ] GC(136) O: Concurrent Remap Roots 0.088ms
[2026-01-06T22:07:30.455+0800][38.099s][info][gc,phases   ] GC(136) O: Pause Relocate Start 0.002ms
[2026-01-06T22:07:30.455+0800][38.099s][info][gc,phases   ] GC(136) O: Concurrent Relocate 0.007ms
[2026-01-06T22:07:30.455+0800][38.099s][info][gc,alloc    ] GC(136) O:                         Mark Start        Mark End      Relocate Start    Relocate End   
[2026-01-06T22:07:30.455+0800][38.099s][info][gc,alloc    ] GC(136) O: Allocation Stalls:          0                0                0                0         
[2026-01-06T22:07:30.455+0800][38.099s][info][gc,load     ] GC(136) O: Load: 2.15 (22%) / 1.83 (18%) / 2.02 (20%)
[2026-01-06T22:07:30.455+0800][38.099s][info][gc,mmu      ] GC(136) O: MMU: 2ms/97.4%, 5ms/98.6%, 10ms/99.3%, 20ms/99.5%, 50ms/99.8%, 100ms/99.9%
[2026-01-06T22:07:30.455+0800][38.099s][info][gc,marking  ] GC(136) O: Mark: 1 stripe(s), 2 proactive flush(es), 1 terminate flush(es), 0 completion(s), 0 continuation(s) 
[2026-01-06T22:07:30.455+0800][38.099s][info][gc,nmethod  ] GC(136) O: NMethods: 129 registered, 39 unregistered
[2026-01-06T22:07:30.455+0800][38.099s][info][gc,metaspace] GC(136) O: Metaspace: 0M used, 0M committed, 1088M reserved
[2026-01-06T22:07:30.455+0800][38.099s][info][gc,ref      ] GC(136) O:                       Encountered   Discovered     Enqueued 
[2026-01-06T22:07:30.455+0800][38.099s][info][gc,ref      ] GC(136) O: Soft References:                1            0            0 
[2026-01-06T22:07:30.455+0800][38.099s][info][gc,ref      ] GC(136) O: Weak References:                6            0            0 
[2026-01-06T22:07:30.455+0800][38.099s][info][gc,ref      ] GC(136) O: Final References:               0            0            0 
[2026-01-06T22:07:30.455+0800][38.099s][info][gc,ref      ] GC(136) O: Phantom References:             1            1            0 
[2026-01-06T22:07:30.455+0800][38.099s][info][gc,reloc    ] GC(136) O:                        Candidates     Selected     In-Place         Size        Empty    Relocated 
[2026-01-06T22:07:30.455+0800][38.099s][info][gc,reloc    ] GC(136) O: Small Pages:                    1            0            0           2M           0M           0M 
[2026-01-06T22:07:30.455+0800][38.099s][info][gc,reloc    ] GC(136) O: Medium Pages:                   0            0            0           0M           0M           0M 
[2026-01-06T22:07:30.455+0800][38.099s][info][gc,reloc    ] GC(136) O: Large Pages:                    0            0            0           0M           0M           0M 
[2026-01-06T22:07:30.455+0800][38.099s][info][gc,reloc    ] GC(136) O: Forwarding Usage: 0M
[2026-01-06T22:07:30.455+0800][38.099s][info][gc,heap     ] GC(136) O: Min Capacity: 8M(0%)
[2026-01-06T22:07:30.455+0800][38.099s][info][gc,heap     ] GC(136) O: Max Capacity: 4096M(100%)
[2026-01-06T22:07:30.455+0800][38.099s][info][gc,heap     ] GC(136) O: Soft Max Capacity: 3686M(90%)
[2026-01-06T22:07:30.455+0800][38.099s][info][gc,heap     ] GC(136) O: Heap Statistics:
[2026-01-06T22:07:30.455+0800][38.099s][info][gc,heap     ] GC(136) O:                Mark Start          Mark End        Relocate Start      Relocate End           High               Low         
[2026-01-06T22:07:30.455+0800][38.099s][info][gc,heap     ] GC(136) O:  Capacity:     3498M (85%)        3498M (85%)        3498M (85%)        3498M (85%)        3498M (85%)        3498M (85%)    
[2026-01-06T22:07:30.455+0800][38.099s][info][gc,heap     ] GC(136) O:      Free:     2232M (54%)        4072M (99%)        4064M (99%)        4064M (99%)        4088M (100%)       2230M (54%)    
[2026-01-06T22:07:30.455+0800][38.099s][info][gc,heap     ] GC(136) O:      Used:     1864M (46%)          24M (1%)           32M (1%)           32M (1%)         1866M (46%)           8M (0%)     
[2026-01-06T22:07:30.455+0800][38.099s][info][gc,heap     ] GC(136) O: Old Generation Statistics:
[2026-01-06T22:07:30.455+0800][38.099s][info][gc,heap     ] GC(136) O:                Mark Start          Mark End        Relocate Start      Relocate End    
[2026-01-06T22:07:30.455+0800][38.099s][info][gc,heap     ] GC(136) O:      Used:        2M (0%)            2M (0%)            2M (0%)            2M (0%)     
[2026-01-06T22:07:30.455+0800][38.099s][info][gc,heap     ] GC(136) O:      Live:         -                 0M (0%)            0M (0%)            0M (0%)     
[2026-01-06T22:07:30.455+0800][38.099s][info][gc,heap     ] GC(136) O:   Garbage:         -                 1M (0%)            1M (0%)            1M (0%)     
[2026-01-06T22:07:30.455+0800][38.099s][info][gc,heap     ] GC(136) O: Allocated:         -                 0M (0%)            0M (0%)            0M (0%)     
[2026-01-06T22:07:30.455+0800][38.099s][info][gc,heap     ] GC(136) O: Reclaimed:         -                  -                 0M (0%)            0M (0%)     
[2026-01-06T22:07:30.455+0800][38.099s][info][gc,heap     ] GC(136) O: Compacted:         -                  -                  -                 0M (0%)     
[2026-01-06T22:07:30.455+0800][38.099s][info][gc,phases   ] GC(136) O: Old Generation 12M(0%)->32M(1%) 0.001s
[2026-01-06T22:07:30.455+0800][38.099s][info][gc          ] GC(136) Major Collection (Proactive) 1864M(46%)->34M(1%) 0.002s
[2026-01-06T22:07:30.622+0800][38.266s][info][gc          ] GC(137) Major Collection (Proactive)
[2026-01-06T22:07:30.622+0800][38.266s][info][gc,task     ] GC(137) Using 1 Workers for Young Generation
[2026-01-06T22:07:30.622+0800][38.266s][info][gc,task     ] GC(137) Using 1 Workers for Old Generation
[2026-01-06T22:07:30.622+0800][38.266s][info][gc,phases   ] GC(137) Y: Young Generation
[2026-01-06T22:07:30.622+0800][38.266s][info][gc,phases   ] GC(137) Y: Pause Mark Start (Major) 0.005ms
[2026-01-06T22:07:30.622+0800][38.266s][info][gc,phases   ] GC(137) Y: Concurrent Mark 0.264ms
[2026-01-06T22:07:30.622+0800][38.266s][info][gc,phases   ] GC(137) Y: Pause Mark End 0.004ms
[2026-01-06T22:07:30.622+0800][38.266s][info][gc,phases   ] GC(137) Y: Concurrent Mark Free 0.000ms
[2026-01-06T22:07:30.622+0800][38.266s][info][gc,phases   ] GC(137) Y: Concurrent Reset Relocation Set 0.000ms
[2026-01-06T22:07:30.622+0800][38.266s][info][gc,reloc    ] GC(137) Y: Using tenuring threshold: 1 (Computed)
[2026-01-06T22:07:30.622+0800][38.266s][info][gc,phases   ] GC(137) Y: Concurrent Select Relocation Set 0.293ms
[2026-01-06T22:07:30.623+0800][38.266s][info][gc,phases   ] GC(137) Y: Pause Relocate Start 0.018ms
[2026-01-06T22:07:30.623+0800][38.266s][info][gc,phases   ] GC(137) Y: Concurrent Relocate 0.034ms
[2026-01-06T22:07:30.623+0800][38.266s][info][gc,alloc    ] GC(137) Y:                         Mark Start        Mark End      Relocate Start    Relocate End   
[2026-01-06T22:07:30.623+0800][38.266s][info][gc,alloc    ] GC(137) Y: Allocation Stalls:          0                0                0                0         
[2026-01-06T22:07:30.623+0800][38.267s][info][gc,load     ] GC(137) Y: Load: 2.15 (22%) / 1.83 (18%) / 2.02 (20%)
[2026-01-06T22:07:30.623+0800][38.267s][info][gc,mmu      ] GC(137) Y: MMU: 2ms/97.4%, 5ms/98.6%, 10ms/99.3%, 20ms/99.5%, 50ms/99.8%, 100ms/99.9%
[2026-01-06T22:07:30.623+0800][38.267s][info][gc,marking  ] GC(137) Y: Mark: 1 stripe(s), 2 proactive flush(es), 1 terminate flush(es), 0 completion(s), 0 continuation(s) 
[2026-01-06T22:07:30.623+0800][38.267s][info][gc,nmethod  ] GC(137) Y: NMethods: 129 registered, 39 unregistered
[2026-01-06T22:07:30.623+0800][38.267s][info][gc,metaspace] GC(137) Y: Metaspace: 0M used, 0M committed, 1088M reserved
[2026-01-06T22:07:30.623+0800][38.267s][info][gc,reloc    ] GC(137) Y:                        Candidates     Selected     In-Place         Size        Empty    Relocated 
[2026-01-06T22:07:30.623+0800][38.267s][info][gc,reloc    ] GC(137) Y: Small Pages:                 1051            0            0        2102M        2100M           0M 
[2026-01-06T22:07:30.623+0800][38.267s][info][gc,reloc    ] GC(137) Y: Medium Pages:                   0            0            0           0M           0M           0M 
[2026-01-06T22:07:30.623+0800][38.267s][info][gc,reloc    ] GC(137) Y: Large Pages:                    0            0            0           0M           0M           0M 
[2026-01-06T22:07:30.623+0800][38.267s][info][gc,reloc    ] GC(137) Y: Forwarding Usage: 0M
[2026-01-06T22:07:30.623+0800][38.267s][info][gc,reloc    ] GC(137) Y: Age Table:
[2026-01-06T22:07:30.623+0800][38.267s][info][gc,reloc    ] GC(137) Y:                    Live             Garbage             Small              Medium             Large        
[2026-01-06T22:07:30.623+0800][38.267s][info][gc,reloc    ] GC(137) Y: Eden               0M (0%)         2099M (51%)       1050 / 0              0 / 0              0 / 0        
[2026-01-06T22:07:30.623+0800][38.267s][info][gc,reloc    ] GC(137) Y: Survivor 1          -                 2M (0%)           1 / 0              0 / 0              0 / 0        
[2026-01-06T22:07:30.623+0800][38.267s][info][gc,heap     ] GC(137) Y: Min Capacity: 8M(0%)
[2026-01-06T22:07:30.623+0800][38.267s][info][gc,heap     ] GC(137) Y: Max Capacity: 4096M(100%)
[2026-01-06T22:07:30.623+0800][38.267s][info][gc,heap     ] GC(137) Y: Soft Max Capacity: 3686M(90%)
[2026-01-06T22:07:30.623+0800][38.267s][info][gc,heap     ] GC(137) Y: Heap Statistics:
[2026-01-06T22:07:30.623+0800][38.267s][info][gc,heap     ] GC(137) Y:                Mark Start          Mark End        Relocate Start      Relocate End           High               Low         
[2026-01-06T22:07:30.623+0800][38.267s][info][gc,heap     ] GC(137) Y:  Capacity:     3498M (85%)        3498M (85%)        3498M (85%)        3498M (85%)        3498M (85%)        3498M (85%)    
[2026-01-06T22:07:30.623+0800][38.267s][info][gc,heap     ] GC(137) Y:      Free:     1992M (49%)        1990M (49%)        4086M (100%)       4086M (100%)       4088M (100%)       1990M (49%)    
[2026-01-06T22:07:30.623+0800][38.267s][info][gc,heap     ] GC(137) Y:      Used:     2104M (51%)        2106M (51%)          10M (0%)           10M (0%)         2106M (51%)           8M (0%)     
[2026-01-06T22:07:30.623+0800][38.267s][info][gc,heap     ] GC(137) Y: Young Generation Statistics:
[2026-01-06T22:07:30.623+0800][38.267s][info][gc,heap     ] GC(137) Y:                Mark Start          Mark End        Relocate Start      Relocate End    
[2026-01-06T22:07:30.623+0800][38.267s][info][gc,heap     ] GC(137) Y:      Used:     2102M (51%)        2104M (51%)           8M (0%)            8M (0%)     
[2026-01-06T22:07:30.623+0800][38.267s][info][gc,heap     ] GC(137) Y:      Live:         -                 0M (0%)            0M (0%)            0M (0%)     
[2026-01-06T22:07:30.623+0800][38.267s][info][gc,heap     ] GC(137) Y:   Garbage:         -              2101M (51%)           1M (0%)            1M (0%)     
[2026-01-06T22:07:30.623+0800][38.267s][info][gc,heap     ] GC(137) Y: Allocated:         -                 2M (0%)            6M (0%)            6M (0%)     
[2026-01-06T22:07:30.623+0800][38.267s][info][gc,heap     ] GC(137) Y: Reclaimed:         -                  -              2100M (51%)        2100M (51%)    
[2026-01-06T22:07:30.623+0800][38.267s][info][gc,heap     ] GC(137) Y:  Promoted:         -                  -                 0M (0%)            0M (0%)     
[2026-01-06T22:07:30.623+0800][38.267s][info][gc,heap     ] GC(137) Y: Compacted:         -                  -                  -                 0M (0%)     
[2026-01-06T22:07:30.623+0800][38.267s][info][gc,phases   ] GC(137) Y: Young Generation 2104M(51%)->10M(0%) 0.001s
[2026-01-06T22:07:30.623+0800][38.267s][info][gc,phases   ] GC(137) O: Old Generation
[2026-01-06T22:07:30.624+0800][38.267s][info][gc,phases   ] GC(137) O: Concurrent Mark 0.818ms
[2026-01-06T22:07:30.624+0800][38.268s][info][gc,phases   ] GC(137) O: Pause Mark End 0.004ms
[2026-01-06T22:07:30.624+0800][38.268s][info][gc,phases   ] GC(137) O: Concurrent Mark Free 0.001ms
[2026-01-06T22:07:30.624+0800][38.268s][info][gc,phases   ] GC(137) O: Concurrent Process Non-Strong 0.326ms
[2026-01-06T22:07:30.624+0800][38.268s][info][gc,phases   ] GC(137) O: Concurrent Reset Relocation Set 0.000ms
[2026-01-06T22:07:30.624+0800][38.268s][info][gc,phases   ] GC(137) O: Concurrent Select Relocation Set 0.017ms
[2026-01-06T22:07:30.624+0800][38.268s][info][gc,task     ] GC(137) O: Using 2 Workers for Old Generation
[2026-01-06T22:07:30.624+0800][38.268s][info][gc,task     ] GC(137) O: Using 1 Workers for Old Generation
[2026-01-06T22:07:30.624+0800][38.268s][info][gc,phases   ] GC(137) O: Concurrent Remap Roots 0.122ms
[2026-01-06T22:07:30.624+0800][38.268s][info][gc,phases   ] GC(137) O: Pause Relocate Start 0.002ms
[2026-01-06T22:07:30.624+0800][38.268s][info][gc,phases   ] GC(137) O: Concurrent Relocate 0.013ms
[2026-01-06T22:07:30.624+0800][38.268s][info][gc,alloc    ] GC(137) O:                         Mark Start        Mark End      Relocate Start    Relocate End   
[2026-01-06T22:07:30.624+0800][38.268s][info][gc,alloc    ] GC(137) O: Allocation Stalls:          0                0                0                0         
[2026-01-06T22:07:30.624+0800][38.268s][info][gc,load     ] GC(137) O: Load: 2.15 (22%) / 1.83 (18%) / 2.02 (20%)
[2026-01-06T22:07:30.624+0800][38.268s][info][gc,mmu      ] GC(137) O: MMU: 2ms/97.4%, 5ms/98.6%, 10ms/99.3%, 20ms/99.5%, 50ms/99.8%, 100ms/99.9%
[2026-01-06T22:07:30.624+0800][38.268s][info][gc,marking  ] GC(137) O: Mark: 1 stripe(s), 2 proactive flush(es), 1 terminate flush(es), 0 completion(s), 0 continuation(s) 
[2026-01-06T22:07:30.624+0800][38.268s][info][gc,nmethod  ] GC(137) O: NMethods: 129 registered, 39 unregistered
[2026-01-06T22:07:30.624+0800][38.268s][info][gc,metaspace] GC(137) O: Metaspace: 0M used, 0M committed, 1088M reserved
[2026-01-06T22:07:30.624+0800][38.268s][info][gc,ref      ] GC(137) O:                       Encountered   Discovered     Enqueued 
[2026-01-06T22:07:30.624+0800][38.268s][info][gc,ref      ] GC(137) O: Soft References:                1            0            0 
[2026-01-06T22:07:30.624+0800][38.268s][info][gc,ref      ] GC(137) O: Weak References:                6            0            0 
[2026-01-06T22:07:30.624+0800][38.268s][info][gc,ref      ] GC(137) O: Final References:               0            0            0 
[2026-01-06T22:07:30.624+0800][38.268s][info][gc,ref      ] GC(137) O: Phantom References:             1            1            0 
[2026-01-06T22:07:30.624+0800][38.268s][info][gc,reloc    ] GC(137) O:                        Candidates     Selected     In-Place         Size        Empty    Relocated 
[2026-01-06T22:07:30.624+0800][38.268s][info][gc,reloc    ] GC(137) O: Small Pages:                    1            0            0           2M           0M           0M 
[2026-01-06T22:07:30.624+0800][38.268s][info][gc,reloc    ] GC(137) O: Medium Pages:                   0            0            0           0M           0M           0M 
[2026-01-06T22:07:30.624+0800][38.268s][info][gc,reloc    ] GC(137) O: Large Pages:                    0            0            0           0M           0M           0M 
[2026-01-06T22:07:30.624+0800][38.268s][info][gc,reloc    ] GC(137) O: Forwarding Usage: 0M
[2026-01-06T22:07:30.624+0800][38.268s][info][gc,heap     ] GC(137) O: Min Capacity: 8M(0%)
[2026-01-06T22:07:30.624+0800][38.268s][info][gc,heap     ] GC(137) O: Max Capacity: 4096M(100%)
[2026-01-06T22:07:30.624+0800][38.268s][info][gc,heap     ] GC(137) O: Soft Max Capacity: 3686M(90%)
[2026-01-06T22:07:30.624+0800][38.268s][info][gc,heap     ] GC(137) O: Heap Statistics:
[2026-01-06T22:07:30.624+0800][38.268s][info][gc,heap     ] GC(137) O:                Mark Start          Mark End        Relocate Start      Relocate End           High               Low         
[2026-01-06T22:07:30.624+0800][38.268s][info][gc,heap     ] GC(137) O:  Capacity:     3498M (85%)        3498M (85%)        3498M (85%)        3498M (85%)        3498M (85%)        3498M (85%)    
[2026-01-06T22:07:30.624+0800][38.268s][info][gc,heap     ] GC(137) O:      Free:     1992M (49%)        4070M (99%)        4060M (99%)        4060M (99%)        4088M (100%)       1990M (49%)    
[2026-01-06T22:07:30.624+0800][38.268s][info][gc,heap     ] GC(137) O:      Used:     2104M (51%)          26M (1%)           36M (1%)           36M (1%)         2106M (51%)           8M (0%)     
[2026-01-06T22:07:30.624+0800][38.268s][info][gc,heap     ] GC(137) O: Old Generation Statistics:
[2026-01-06T22:07:30.624+0800][38.268s][info][gc,heap     ] GC(137) O:                Mark Start          Mark End        Relocate Start      Relocate End    
[2026-01-06T22:07:30.624+0800][38.268s][info][gc,heap     ] GC(137) O:      Used:        2M (0%)            2M (0%)            2M (0%)            2M (0%)     
[2026-01-06T22:07:30.624+0800][38.268s][info][gc,heap     ] GC(137) O:      Live:         -                 0M (0%)            0M (0%)            0M (0%)     
[2026-01-06T22:07:30.624+0800][38.268s][info][gc,heap     ] GC(137) O:   Garbage:         -                 1M (0%)            1M (0%)            1M (0%)     
[2026-01-06T22:07:30.624+0800][38.268s][info][gc,heap     ] GC(137) O: Allocated:         -                 0M (0%)            0M (0%)            0M (0%)     
[2026-01-06T22:07:30.624+0800][38.268s][info][gc,heap     ] GC(137) O: Reclaimed:         -                  -                 0M (0%)            0M (0%)     
[2026-01-06T22:07:30.624+0800][38.268s][info][gc,heap     ] GC(137) O: Compacted:         -                  -                  -                 0M (0%)     
[2026-01-06T22:07:30.624+0800][38.268s][info][gc,phases   ] GC(137) O: Old Generation 12M(0%)->36M(1%) 0.001s
[2026-01-06T22:07:30.624+0800][38.268s][info][gc          ] GC(137) Major Collection (Proactive) 2104M(51%)->38M(1%) 0.003s
[2026-01-06T22:07:30.787+0800][38.431s][info][gc          ] GC(138) Major Collection (Proactive)
[2026-01-06T22:07:30.787+0800][38.431s][info][gc,task     ] GC(138) Using 1 Workers for Young Generation
[2026-01-06T22:07:30.787+0800][38.431s][info][gc,task     ] GC(138) Using 1 Workers for Old Generation
[2026-01-06T22:07:30.787+0800][38.431s][info][gc,phases   ] GC(138) Y: Young Generation
[2026-01-06T22:07:30.788+0800][38.431s][info][gc,phases   ] GC(138) Y: Pause Mark Start (Major) 0.005ms
[2026-01-06T22:07:30.788+0800][38.432s][info][gc,phases   ] GC(138) Y: Concurrent Mark 0.237ms
[2026-01-06T22:07:30.788+0800][38.432s][info][gc,phases   ] GC(138) Y: Pause Mark End 0.003ms
[2026-01-06T22:07:30.788+0800][38.432s][info][gc,phases   ] GC(138) Y: Concurrent Mark Free 0.000ms
[2026-01-06T22:07:30.788+0800][38.432s][info][gc,phases   ] GC(138) Y: Concurrent Reset Relocation Set 0.000ms
[2026-01-06T22:07:30.788+0800][38.432s][info][gc,reloc    ] GC(138) Y: Using tenuring threshold: 1 (Computed)
[2026-01-06T22:07:30.788+0800][38.432s][info][gc,phases   ] GC(138) Y: Concurrent Select Relocation Set 0.279ms
[2026-01-06T22:07:30.788+0800][38.432s][info][gc,phases   ] GC(138) Y: Pause Relocate Start 0.002ms
[2026-01-06T22:07:30.788+0800][38.432s][info][gc,phases   ] GC(138) Y: Concurrent Relocate 0.015ms
[2026-01-06T22:07:30.788+0800][38.432s][info][gc,alloc    ] GC(138) Y:                         Mark Start        Mark End      Relocate Start    Relocate End   
[2026-01-06T22:07:30.788+0800][38.432s][info][gc,alloc    ] GC(138) Y: Allocation Stalls:          0                0                0                0         
[2026-01-06T22:07:30.788+0800][38.432s][info][gc,load     ] GC(138) Y: Load: 2.15 (22%) / 1.83 (18%) / 2.02 (20%)
[2026-01-06T22:07:30.788+0800][38.432s][info][gc,mmu      ] GC(138) Y: MMU: 2ms/97.4%, 5ms/98.6%, 10ms/99.3%, 20ms/99.5%, 50ms/99.8%, 100ms/99.9%
[2026-01-06T22:07:30.788+0800][38.432s][info][gc,marking  ] GC(138) Y: Mark: 1 stripe(s), 2 proactive flush(es), 1 terminate flush(es), 0 completion(s), 0 continuation(s) 
[2026-01-06T22:07:30.788+0800][38.432s][info][gc,nmethod  ] GC(138) Y: NMethods: 129 registered, 39 unregistered
[2026-01-06T22:07:30.788+0800][38.432s][info][gc,metaspace] GC(138) Y: Metaspace: 0M used, 0M committed, 1088M reserved
[2026-01-06T22:07:30.788+0800][38.432s][info][gc,reloc    ] GC(138) Y:                        Candidates     Selected     In-Place         Size        Empty    Relocated 
[2026-01-06T22:07:30.788+0800][38.432s][info][gc,reloc    ] GC(138) Y: Small Pages:                 1126            0            0        2252M        2250M           0M 
[2026-01-06T22:07:30.788+0800][38.432s][info][gc,reloc    ] GC(138) Y: Medium Pages:                   0            0            0           0M           0M           0M 
[2026-01-06T22:07:30.788+0800][38.432s][info][gc,reloc    ] GC(138) Y: Large Pages:                    0            0            0           0M           0M           0M 
[2026-01-06T22:07:30.788+0800][38.432s][info][gc,reloc    ] GC(138) Y: Forwarding Usage: 0M
[2026-01-06T22:07:30.788+0800][38.432s][info][gc,reloc    ] GC(138) Y: Age Table:
[2026-01-06T22:07:30.788+0800][38.432s][info][gc,reloc    ] GC(138) Y:                    Live             Garbage             Small              Medium             Large        
[2026-01-06T22:07:30.788+0800][38.432s][info][gc,reloc    ] GC(138) Y: Eden               0M (0%)         2249M (55%)       1125 / 0              0 / 0              0 / 0        
[2026-01-06T22:07:30.788+0800][38.432s][info][gc,reloc    ] GC(138) Y: Survivor 1          -                 2M (0%)           1 / 0              0 / 0              0 / 0        
[2026-01-06T22:07:30.788+0800][38.432s][info][gc,heap     ] GC(138) Y: Min Capacity: 8M(0%)
[2026-01-06T22:07:30.788+0800][38.432s][info][gc,heap     ] GC(138) Y: Max Capacity: 4096M(100%)
[2026-01-06T22:07:30.788+0800][38.432s][info][gc,heap     ] GC(138) Y: Soft Max Capacity: 3686M(90%)
[2026-01-06T22:07:30.788+0800][38.432s][info][gc,heap     ] GC(138) Y: Heap Statistics:
[2026-01-06T22:07:30.788+0800][38.432s][info][gc,heap     ] GC(138) Y:                Mark Start          Mark End        Relocate Start      Relocate End           High               Low         
[2026-01-06T22:07:30.788+0800][38.432s][info][gc,heap     ] GC(138) Y:  Capacity:     3498M (85%)        3498M (85%)        3498M (85%)        3498M (85%)        3498M (85%)        3498M (85%)    
[2026-01-06T22:07:30.788+0800][38.432s][info][gc,heap     ] GC(138) Y:      Free:     1842M (45%)        1840M (45%)        4088M (100%)       4088M (100%)       4088M (100%)       1840M (45%)    
[2026-01-06T22:07:30.788+0800][38.432s][info][gc,heap     ] GC(138) Y:      Used:     2254M (55%)        2256M (55%)           8M (0%)            8M (0%)         2256M (55%)           8M (0%)     
[2026-01-06T22:07:30.788+0800][38.432s][info][gc,heap     ] GC(138) Y: Young Generation Statistics:
[2026-01-06T22:07:30.788+0800][38.432s][info][gc,heap     ] GC(138) Y:                Mark Start          Mark End        Relocate Start      Relocate End    
[2026-01-06T22:07:30.788+0800][38.432s][info][gc,heap     ] GC(138) Y:      Used:     2252M (55%)        2254M (55%)           6M (0%)            6M (0%)     
[2026-01-06T22:07:30.788+0800][38.432s][info][gc,heap     ] GC(138) Y:      Live:         -                 0M (0%)            0M (0%)            0M (0%)     
[2026-01-06T22:07:30.788+0800][38.432s][info][gc,heap     ] GC(138) Y:   Garbage:         -              2251M (55%)           1M (0%)            1M (0%)     
[2026-01-06T22:07:30.788+0800][38.432s][info][gc,heap     ] GC(138) Y: Allocated:         -                 2M (0%)            4M (0%)            4M (0%)     
[2026-01-06T22:07:30.788+0800][38.432s][info][gc,heap     ] GC(138) Y: Reclaimed:         -                  -              2250M (55%)        2250M (55%)    
[2026-01-06T22:07:30.788+0800][38.432s][info][gc,heap     ] GC(138) Y:  Promoted:         -                  -                 0M (0%)            0M (0%)     
[2026-01-06T22:07:30.788+0800][38.432s][info][gc,heap     ] GC(138) Y: Compacted:         -                  -                  -                 0M (0%)     
[2026-01-06T22:07:30.788+0800][38.432s][info][gc,phases   ] GC(138) Y: Young Generation 2254M(55%)->8M(0%) 0.001s
[2026-01-06T22:07:30.788+0800][38.432s][info][gc,phases   ] GC(138) O: Old Generation
[2026-01-06T22:07:30.789+0800][38.433s][info][gc,phases   ] GC(138) O: Concurrent Mark 0.600ms
[2026-01-06T22:07:30.789+0800][38.433s][info][gc,phases   ] GC(138) O: Pause Mark End 0.003ms
[2026-01-06T22:07:30.789+0800][38.433s][info][gc,phases   ] GC(138) O: Concurrent Mark Free 0.001ms
[2026-01-06T22:07:30.789+0800][38.433s][info][gc,phases   ] GC(138) O: Concurrent Process Non-Strong 0.266ms
[2026-01-06T22:07:30.789+0800][38.433s][info][gc,phases   ] GC(138) O: Concurrent Reset Relocation Set 0.000ms
[2026-01-06T22:07:30.789+0800][38.433s][info][gc,phases   ] GC(138) O: Concurrent Select Relocation Set 0.016ms
[2026-01-06T22:07:30.789+0800][38.433s][info][gc,task     ] GC(138) O: Using 2 Workers for Old Generation
[2026-01-06T22:07:30.789+0800][38.433s][info][gc,task     ] GC(138) O: Using 1 Workers for Old Generation
[2026-01-06T22:07:30.789+0800][38.433s][info][gc,phases   ] GC(138) O: Concurrent Remap Roots 0.088ms
[2026-01-06T22:07:30.789+0800][38.433s][info][gc,phases   ] GC(138) O: Pause Relocate Start 0.002ms
[2026-01-06T22:07:30.789+0800][38.433s][info][gc,phases   ] GC(138) O: Concurrent Relocate 0.005ms
[2026-01-06T22:07:30.789+0800][38.433s][info][gc,alloc    ] GC(138) O:                         Mark Start        Mark End      Relocate Start    Relocate End   
[2026-01-06T22:07:30.789+0800][38.433s][info][gc,alloc    ] GC(138) O: Allocation Stalls:          0                0                0                0         
[2026-01-06T22:07:30.789+0800][38.433s][info][gc,load     ] GC(138) O: Load: 2.15 (22%) / 1.83 (18%) / 2.02 (20%)
[2026-01-06T22:07:30.789+0800][38.433s][info][gc,mmu      ] GC(138) O: MMU: 2ms/97.4%, 5ms/98.6%, 10ms/99.3%, 20ms/99.5%, 50ms/99.8%, 100ms/99.9%
[2026-01-06T22:07:30.789+0800][38.433s][info][gc,marking  ] GC(138) O: Mark: 1 stripe(s), 2 proactive flush(es), 1 terminate flush(es), 0 completion(s), 0 continuation(s) 
[2026-01-06T22:07:30.789+0800][38.433s][info][gc,nmethod  ] GC(138) O: NMethods: 129 registered, 39 unregistered
[2026-01-06T22:07:30.789+0800][38.433s][info][gc,metaspace] GC(138) O: Metaspace: 0M used, 0M committed, 1088M reserved
[2026-01-06T22:07:30.789+0800][38.433s][info][gc,ref      ] GC(138) O:                       Encountered   Discovered     Enqueued 
[2026-01-06T22:07:30.789+0800][38.433s][info][gc,ref      ] GC(138) O: Soft References:                1            0            0 
[2026-01-06T22:07:30.789+0800][38.433s][info][gc,ref      ] GC(138) O: Weak References:                6            0            0 
[2026-01-06T22:07:30.789+0800][38.433s][info][gc,ref      ] GC(138) O: Final References:               0            0            0 
[2026-01-06T22:07:30.789+0800][38.433s][info][gc,ref      ] GC(138) O: Phantom References:             1            1            0 
[2026-01-06T22:07:30.789+0800][38.433s][info][gc,reloc    ] GC(138) O:                        Candidates     Selected     In-Place         Size        Empty    Relocated 
[2026-01-06T22:07:30.789+0800][38.433s][info][gc,reloc    ] GC(138) O: Small Pages:                    1            0            0           2M           0M           0M 
[2026-01-06T22:07:30.789+0800][38.433s][info][gc,reloc    ] GC(138) O: Medium Pages:                   0            0            0           0M           0M           0M 
[2026-01-06T22:07:30.789+0800][38.433s][info][gc,reloc    ] GC(138) O: Large Pages:                    0            0            0           0M           0M           0M 
[2026-01-06T22:07:30.789+0800][38.433s][info][gc,reloc    ] GC(138) O: Forwarding Usage: 0M
[2026-01-06T22:07:30.789+0800][38.433s][info][gc,heap     ] GC(138) O: Min Capacity: 8M(0%)
[2026-01-06T22:07:30.789+0800][38.433s][info][gc,heap     ] GC(138) O: Max Capacity: 4096M(100%)
[2026-01-06T22:07:30.789+0800][38.433s][info][gc,heap     ] GC(138) O: Soft Max Capacity: 3686M(90%)
[2026-01-06T22:07:30.789+0800][38.433s][info][gc,heap     ] GC(138) O: Heap Statistics:
[2026-01-06T22:07:30.789+0800][38.433s][info][gc,heap     ] GC(138) O:                Mark Start          Mark End        Relocate Start      Relocate End           High               Low         
[2026-01-06T22:07:30.789+0800][38.433s][info][gc,heap     ] GC(138) O:  Capacity:     3498M (85%)        3498M (85%)        3498M (85%)        3498M (85%)        3498M (85%)        3498M (85%)    
[2026-01-06T22:07:30.789+0800][38.433s][info][gc,heap     ] GC(138) O:      Free:     1842M (45%)        4074M (99%)        4066M (99%)        4066M (99%)        4088M (100%)       1840M (45%)    
[2026-01-06T22:07:30.789+0800][38.433s][info][gc,heap     ] GC(138) O:      Used:     2254M (55%)          22M (1%)           30M (1%)           30M (1%)         2256M (55%)           8M (0%)     
[2026-01-06T22:07:30.789+0800][38.433s][info][gc,heap     ] GC(138) O: Old Generation Statistics:
[2026-01-06T22:07:30.789+0800][38.433s][info][gc,heap     ] GC(138) O:                Mark Start          Mark End        Relocate Start      Relocate End    
[2026-01-06T22:07:30.789+0800][38.433s][info][gc,heap     ] GC(138) O:      Used:        2M (0%)            2M (0%)            2M (0%)            2M (0%)     
[2026-01-06T22:07:30.789+0800][38.433s][info][gc,heap     ] GC(138) O:      Live:         -                 0M (0%)            0M (0%)            0M (0%)     
[2026-01-06T22:07:30.789+0800][38.433s][info][gc,heap     ] GC(138) O:   Garbage:         -                 1M (0%)            1M (0%)            1M (0%)     
[2026-01-06T22:07:30.789+0800][38.433s][info][gc,heap     ] GC(138) O: Allocated:         -                 0M (0%)            0M (0%)            0M (0%)     
[2026-01-06T22:07:30.789+0800][38.433s][info][gc,heap     ] GC(138) O: Reclaimed:         -                  -                 0M (0%)            0M (0%)     
[2026-01-06T22:07:30.789+0800][38.433s][info][gc,heap     ] GC(138) O: Compacted:         -                  -                  -                 0M (0%)     
[2026-01-06T22:07:30.789+0800][38.433s][info][gc,phases   ] GC(138) O: Old Generation 10M(0%)->30M(1%) 0.001s
[2026-01-06T22:07:30.789+0800][38.433s][info][gc          ] GC(138) Major Collection (Proactive) 2254M(55%)->32M(1%) 0.002s
[2026-01-06T22:07:30.940+0800][38.584s][info][gc          ] GC(139) Major Collection (Proactive)
[2026-01-06T22:07:30.940+0800][38.584s][info][gc,task     ] GC(139) Using 1 Workers for Young Generation
[2026-01-06T22:07:30.940+0800][38.584s][info][gc,task     ] GC(139) Using 1 Workers for Old Generation
[2026-01-06T22:07:30.940+0800][38.584s][info][gc,phases   ] GC(139) Y: Young Generation
[2026-01-06T22:07:30.942+0800][38.586s][info][gc,phases   ] GC(139) Y: Pause Mark Start (Major) 0.007ms
[2026-01-06T22:07:30.945+0800][38.589s][info][gc,phases   ] GC(139) Y: Concurrent Mark 2.515ms
[2026-01-06T22:07:30.945+0800][38.589s][info][gc,phases   ] GC(139) Y: Pause Mark End 0.005ms
[2026-01-06T22:07:30.945+0800][38.589s][info][gc,phases   ] GC(139) Y: Concurrent Mark Free 0.000ms
[2026-01-06T22:07:30.945+0800][38.589s][info][gc,phases   ] GC(139) Y: Concurrent Reset Relocation Set 0.000ms
[2026-01-06T22:07:30.945+0800][38.589s][info][gc,reloc    ] GC(139) Y: Using tenuring threshold: 1 (Computed)
[2026-01-06T22:07:30.945+0800][38.589s][info][gc,phases   ] GC(139) Y: Concurrent Select Relocation Set 0.437ms
[2026-01-06T22:07:30.946+0800][38.589s][info][gc,phases   ] GC(139) Y: Pause Relocate Start 0.002ms
[2026-01-06T22:07:30.946+0800][38.589s][info][gc,phases   ] GC(139) Y: Concurrent Relocate 0.011ms
[2026-01-06T22:07:30.946+0800][38.589s][info][gc,alloc    ] GC(139) Y:                         Mark Start        Mark End      Relocate Start    Relocate End   
[2026-01-06T22:07:30.946+0800][38.589s][info][gc,alloc    ] GC(139) Y: Allocation Stalls:          0                0                0                0         
[2026-01-06T22:07:30.946+0800][38.589s][info][gc,load     ] GC(139) Y: Load: 2.15 (22%) / 1.83 (18%) / 2.02 (20%)
[2026-01-06T22:07:30.946+0800][38.589s][info][gc,mmu      ] GC(139) Y: MMU: 2ms/97.4%, 5ms/98.6%, 10ms/99.3%, 20ms/99.5%, 50ms/99.8%, 100ms/99.9%
[2026-01-06T22:07:30.946+0800][38.589s][info][gc,marking  ] GC(139) Y: Mark: 1 stripe(s), 2 proactive flush(es), 1 terminate flush(es), 0 completion(s), 0 continuation(s) 
[2026-01-06T22:07:30.946+0800][38.589s][info][gc,nmethod  ] GC(139) Y: NMethods: 129 registered, 39 unregistered
[2026-01-06T22:07:30.946+0800][38.589s][info][gc,metaspace] GC(139) Y: Metaspace: 0M used, 0M committed, 1088M reserved
[2026-01-06T22:07:30.946+0800][38.589s][info][gc,reloc    ] GC(139) Y:                        Candidates     Selected     In-Place         Size        Empty    Relocated 
[2026-01-06T22:07:30.946+0800][38.589s][info][gc,reloc    ] GC(139) Y: Small Pages:                 1156            0            0        2312M        2310M           0M 
[2026-01-06T22:07:30.946+0800][38.589s][info][gc,reloc    ] GC(139) Y: Medium Pages:                   0            0            0           0M           0M           0M 
[2026-01-06T22:07:30.946+0800][38.589s][info][gc,reloc    ] GC(139) Y: Large Pages:                    0            0            0           0M           0M           0M 
[2026-01-06T22:07:30.946+0800][38.589s][info][gc,reloc    ] GC(139) Y: Forwarding Usage: 0M
[2026-01-06T22:07:30.946+0800][38.589s][info][gc,reloc    ] GC(139) Y: Age Table:
[2026-01-06T22:07:30.946+0800][38.589s][info][gc,reloc    ] GC(139) Y:                    Live             Garbage             Small              Medium             Large        
[2026-01-06T22:07:30.946+0800][38.590s][info][gc,reloc    ] GC(139) Y: Eden               0M (0%)         2309M (56%)       1155 / 0              0 / 0              0 / 0        
[2026-01-06T22:07:30.946+0800][38.590s][info][gc,reloc    ] GC(139) Y: Survivor 1          -                 2M (0%)           1 / 0              0 / 0              0 / 0        
[2026-01-06T22:07:30.946+0800][38.590s][info][gc,heap     ] GC(139) Y: Min Capacity: 8M(0%)
[2026-01-06T22:07:30.946+0800][38.590s][info][gc,heap     ] GC(139) Y: Max Capacity: 4096M(100%)
[2026-01-06T22:07:30.946+0800][38.590s][info][gc,heap     ] GC(139) Y: Soft Max Capacity: 3686M(90%)
[2026-01-06T22:07:30.946+0800][38.590s][info][gc,heap     ] GC(139) Y: Heap Statistics:
[2026-01-06T22:07:30.946+0800][38.590s][info][gc,heap     ] GC(139) Y:                Mark Start          Mark End        Relocate Start      Relocate End           High               Low         
[2026-01-06T22:07:30.946+0800][38.590s][info][gc,heap     ] GC(139) Y:  Capacity:     3498M (85%)        3498M (85%)        3498M (85%)        3498M (85%)        3498M (85%)        3498M (85%)    
[2026-01-06T22:07:30.946+0800][38.590s][info][gc,heap     ] GC(139) Y:      Free:     1782M (44%)        1780M (43%)        4088M (100%)       4088M (100%)       4088M (100%)       1780M (43%)    
[2026-01-06T22:07:30.946+0800][38.590s][info][gc,heap     ] GC(139) Y:      Used:     2314M (56%)        2316M (57%)           8M (0%)            8M (0%)         2316M (57%)           8M (0%)     
[2026-01-06T22:07:30.946+0800][38.590s][info][gc,heap     ] GC(139) Y: Young Generation Statistics:
[2026-01-06T22:07:30.946+0800][38.590s][info][gc,heap     ] GC(139) Y:                Mark Start          Mark End        Relocate Start      Relocate End    
[2026-01-06T22:07:30.946+0800][38.590s][info][gc,heap     ] GC(139) Y:      Used:     2312M (56%)        2314M (56%)           6M (0%)            6M (0%)     
[2026-01-06T22:07:30.946+0800][38.590s][info][gc,heap     ] GC(139) Y:      Live:         -                 0M (0%)            0M (0%)            0M (0%)     
[2026-01-06T22:07:30.946+0800][38.590s][info][gc,heap     ] GC(139) Y:   Garbage:         -              2311M (56%)           1M (0%)            1M (0%)     
[2026-01-06T22:07:30.946+0800][38.590s][info][gc,heap     ] GC(139) Y: Allocated:         -                 2M (0%)            4M (0%)            4M (0%)     
[2026-01-06T22:07:30.946+0800][38.590s][info][gc,heap     ] GC(139) Y: Reclaimed:         -                  -              2310M (56%)        2310M (56%)    
[2026-01-06T22:07:30.946+0800][38.590s][info][gc,heap     ] GC(139) Y:  Promoted:         -                  -                 0M (0%)            0M (0%)     
[2026-01-06T22:07:30.946+0800][38.590s][info][gc,heap     ] GC(139) Y: Compacted:         -                  -                  -                 0M (0%)     
[2026-01-06T22:07:30.946+0800][38.590s][info][gc,phases   ] GC(139) Y: Young Generation 2314M(56%)->8M(0%) 0.005s
[2026-01-06T22:07:30.946+0800][38.590s][info][gc,phases   ] GC(139) O: Old Generation
[2026-01-06T22:07:30.946+0800][38.590s][info][gc,phases   ] GC(139) O: Concurrent Mark 0.757ms
[2026-01-06T22:07:30.946+0800][38.590s][info][gc,phases   ] GC(139) O: Pause Mark End 0.004ms
[2026-01-06T22:07:30.946+0800][38.590s][info][gc,phases   ] GC(139) O: Concurrent Mark Free 0.000ms
[2026-01-06T22:07:30.947+0800][38.591s][info][gc,phases   ] GC(139) O: Concurrent Process Non-Strong 0.322ms
[2026-01-06T22:07:30.947+0800][38.591s][info][gc,phases   ] GC(139) O: Concurrent Reset Relocation Set 0.000ms
[2026-01-06T22:07:30.947+0800][38.591s][info][gc,phases   ] GC(139) O: Concurrent Select Relocation Set 0.018ms
[2026-01-06T22:07:30.947+0800][38.591s][info][gc,task     ] GC(139) O: Using 2 Workers for Old Generation
[2026-01-06T22:07:30.947+0800][38.591s][info][gc,task     ] GC(139) O: Using 1 Workers for Old Generation
[2026-01-06T22:07:30.947+0800][38.591s][info][gc,phases   ] GC(139) O: Concurrent Remap Roots 0.102ms
[2026-01-06T22:07:30.947+0800][38.591s][info][gc,phases   ] GC(139) O: Pause Relocate Start 0.002ms
[2026-01-06T22:07:30.947+0800][38.591s][info][gc,phases   ] GC(139) O: Concurrent Relocate 0.008ms
[2026-01-06T22:07:30.947+0800][38.591s][info][gc,alloc    ] GC(139) O:                         Mark Start        Mark End      Relocate Start    Relocate End   
[2026-01-06T22:07:30.947+0800][38.591s][info][gc,alloc    ] GC(139) O: Allocation Stalls:          0                0                0                0         
[2026-01-06T22:07:30.947+0800][38.591s][info][gc,load     ] GC(139) O: Load: 2.15 (22%) / 1.83 (18%) / 2.02 (20%)
[2026-01-06T22:07:30.947+0800][38.591s][info][gc,mmu      ] GC(139) O: MMU: 2ms/97.4%, 5ms/98.6%, 10ms/99.3%, 20ms/99.5%, 50ms/99.8%, 100ms/99.9%
[2026-01-06T22:07:30.947+0800][38.591s][info][gc,marking  ] GC(139) O: Mark: 1 stripe(s), 2 proactive flush(es), 1 terminate flush(es), 0 completion(s), 0 continuation(s) 
[2026-01-06T22:07:30.947+0800][38.591s][info][gc,nmethod  ] GC(139) O: NMethods: 129 registered, 39 unregistered
[2026-01-06T22:07:30.947+0800][38.591s][info][gc,metaspace] GC(139) O: Metaspace: 0M used, 0M committed, 1088M reserved
[2026-01-06T22:07:30.947+0800][38.591s][info][gc,ref      ] GC(139) O:                       Encountered   Discovered     Enqueued 
[2026-01-06T22:07:30.947+0800][38.591s][info][gc,ref      ] GC(139) O: Soft References:                1            0            0 
[2026-01-06T22:07:30.947+0800][38.591s][info][gc,ref      ] GC(139) O: Weak References:                6            0            0 
[2026-01-06T22:07:30.947+0800][38.591s][info][gc,ref      ] GC(139) O: Final References:               0            0            0 
[2026-01-06T22:07:30.947+0800][38.591s][info][gc,ref      ] GC(139) O: Phantom References:             1            1            0 
[2026-01-06T22:07:30.947+0800][38.591s][info][gc,reloc    ] GC(139) O:                        Candidates     Selected     In-Place         Size        Empty    Relocated 
[2026-01-06T22:07:30.947+0800][38.591s][info][gc,reloc    ] GC(139) O: Small Pages:                    1            0            0           2M           0M           0M 
[2026-01-06T22:07:30.947+0800][38.591s][info][gc,reloc    ] GC(139) O: Medium Pages:                   0            0            0           0M           0M           0M 
[2026-01-06T22:07:30.947+0800][38.591s][info][gc,reloc    ] GC(139) O: Large Pages:                    0            0            0           0M           0M           0M 
[2026-01-06T22:07:30.947+0800][38.591s][info][gc,reloc    ] GC(139) O: Forwarding Usage: 0M
[2026-01-06T22:07:30.947+0800][38.591s][info][gc,heap     ] GC(139) O: Min Capacity: 8M(0%)
[2026-01-06T22:07:30.947+0800][38.591s][info][gc,heap     ] GC(139) O: Max Capacity: 4096M(100%)
[2026-01-06T22:07:30.947+0800][38.591s][info][gc,heap     ] GC(139) O: Soft Max Capacity: 3686M(90%)
[2026-01-06T22:07:30.947+0800][38.591s][info][gc,heap     ] GC(139) O: Heap Statistics:
[2026-01-06T22:07:30.947+0800][38.591s][info][gc,heap     ] GC(139) O:                Mark Start          Mark End        Relocate Start      Relocate End           High               Low         
[2026-01-06T22:07:30.947+0800][38.591s][info][gc,heap     ] GC(139) O:  Capacity:     3498M (85%)        3498M (85%)        3498M (85%)        3498M (85%)        3498M (85%)        3498M (85%)    
[2026-01-06T22:07:30.947+0800][38.591s][info][gc,heap     ] GC(139) O:      Free:     1782M (44%)        4072M (99%)        4064M (99%)        4064M (99%)        4088M (100%)       1780M (43%)    
[2026-01-06T22:07:30.947+0800][38.591s][info][gc,heap     ] GC(139) O:      Used:     2314M (56%)          24M (1%)           32M (1%)           32M (1%)         2316M (57%)           8M (0%)     
[2026-01-06T22:07:30.947+0800][38.591s][info][gc,heap     ] GC(139) O: Old Generation Statistics:
[2026-01-06T22:07:30.947+0800][38.591s][info][gc,heap     ] GC(139) O:                Mark Start          Mark End        Relocate Start      Relocate End    
[2026-01-06T22:07:30.947+0800][38.591s][info][gc,heap     ] GC(139) O:      Used:        2M (0%)            2M (0%)            2M (0%)            2M (0%)     
[2026-01-06T22:07:30.947+0800][38.591s][info][gc,heap     ] GC(139) O:      Live:         -                 0M (0%)            0M (0%)            0M (0%)     
[2026-01-06T22:07:30.947+0800][38.591s][info][gc,heap     ] GC(139) O:   Garbage:         -                 1M (0%)            1M (0%)            1M (0%)     
[2026-01-06T22:07:30.947+0800][38.591s][info][gc,heap     ] GC(139) O: Allocated:         -                 0M (0%)            0M (0%)            0M (0%)     
[2026-01-06T22:07:30.947+0800][38.591s][info][gc,heap     ] GC(139) O: Reclaimed:         -                  -                 0M (0%)            0M (0%)     
[2026-01-06T22:07:30.947+0800][38.591s][info][gc,heap     ] GC(139) O: Compacted:         -                  -                  -                 0M (0%)     
[2026-01-06T22:07:30.947+0800][38.591s][info][gc,phases   ] GC(139) O: Old Generation 10M(0%)->32M(1%) 0.001s
[2026-01-06T22:07:30.947+0800][38.591s][info][gc          ] GC(139) Major Collection (Proactive) 2314M(56%)->34M(1%) 0.007s
[2026-01-06T22:07:31.473+0800][39.117s][info][gc          ] GC(140) Minor Collection (High Usage)
[2026-01-06T22:07:31.473+0800][39.117s][info][gc,task     ] GC(140) Using 1 Workers for Young Generation
[2026-01-06T22:07:31.473+0800][39.117s][info][gc,phases   ] GC(140) y: Young Generation
[2026-01-06T22:07:31.473+0800][39.117s][info][gc,phases   ] GC(140) y: Pause Mark Start 0.012ms
[2026-01-06T22:07:31.474+0800][39.118s][info][gc,phases   ] GC(140) y: Concurrent Mark 0.579ms
[2026-01-06T22:07:31.474+0800][39.118s][info][gc,phases   ] GC(140) y: Pause Mark End 0.004ms
[2026-01-06T22:07:31.474+0800][39.118s][info][gc,phases   ] GC(140) y: Concurrent Mark Free 0.003ms
[2026-01-06T22:07:31.474+0800][39.118s][info][gc,phases   ] GC(140) y: Concurrent Reset Relocation Set 0.000ms
[2026-01-06T22:07:31.477+0800][39.121s][info][gc,reloc    ] GC(140) y: Using tenuring threshold: 1 (Computed)
[2026-01-06T22:07:31.477+0800][39.121s][info][gc,phases   ] GC(140) y: Concurrent Select Relocation Set 2.911ms
[2026-01-06T22:07:31.477+0800][39.121s][info][gc,phases   ] GC(140) y: Pause Relocate Start 0.002ms
[2026-01-06T22:07:31.477+0800][39.121s][info][gc,phases   ] GC(140) y: Concurrent Relocate 0.013ms
[2026-01-06T22:07:31.477+0800][39.121s][info][gc,alloc    ] GC(140) y:                         Mark Start        Mark End      Relocate Start    Relocate End   
[2026-01-06T22:07:31.477+0800][39.121s][info][gc,alloc    ] GC(140) y: Allocation Stalls:          0                0                0                0         
[2026-01-06T22:07:31.477+0800][39.121s][info][gc,load     ] GC(140) y: Load: 2.15 (22%) / 1.83 (18%) / 2.02 (20%)
[2026-01-06T22:07:31.477+0800][39.121s][info][gc,mmu      ] GC(140) y: MMU: 2ms/97.4%, 5ms/98.6%, 10ms/99.3%, 20ms/99.5%, 50ms/99.8%, 100ms/99.9%
[2026-01-06T22:07:31.477+0800][39.121s][info][gc,marking  ] GC(140) y: Mark: 1 stripe(s), 2 proactive flush(es), 1 terminate flush(es), 0 completion(s), 0 continuation(s) 
[2026-01-06T22:07:31.477+0800][39.121s][info][gc,nmethod  ] GC(140) y: NMethods: 129 registered, 39 unregistered
[2026-01-06T22:07:31.477+0800][39.121s][info][gc,metaspace] GC(140) y: Metaspace: 0M used, 0M committed, 1088M reserved
[2026-01-06T22:07:31.477+0800][39.121s][info][gc,reloc    ] GC(140) y:                        Candidates     Selected     In-Place         Size        Empty    Relocated 
[2026-01-06T22:07:31.477+0800][39.121s][info][gc,reloc    ] GC(140) y: Small Pages:                 1741            0            0        3482M        3480M           0M 
[2026-01-06T22:07:31.477+0800][39.121s][info][gc,reloc    ] GC(140) y: Medium Pages:                   0            0            0           0M           0M           0M 
[2026-01-06T22:07:31.477+0800][39.121s][info][gc,reloc    ] GC(140) y: Large Pages:                    0            0            0           0M           0M           0M 
[2026-01-06T22:07:31.477+0800][39.121s][info][gc,reloc    ] GC(140) y: Forwarding Usage: 0M
[2026-01-06T22:07:31.477+0800][39.121s][info][gc,reloc    ] GC(140) y: Age Table:
[2026-01-06T22:07:31.477+0800][39.121s][info][gc,reloc    ] GC(140) y:                    Live             Garbage             Small              Medium             Large        
[2026-01-06T22:07:31.477+0800][39.121s][info][gc,reloc    ] GC(140) y: Eden               0M (0%)         3479M (85%)       1740 / 0              0 / 0              0 / 0        
[2026-01-06T22:07:31.477+0800][39.121s][info][gc,reloc    ] GC(140) y: Survivor 1          -                 2M (0%)           1 / 0              0 / 0              0 / 0        
[2026-01-06T22:07:31.477+0800][39.121s][info][gc,heap     ] GC(140) y: Min Capacity: 8M(0%)
[2026-01-06T22:07:31.477+0800][39.121s][info][gc,heap     ] GC(140) y: Max Capacity: 4096M(100%)
[2026-01-06T22:07:31.477+0800][39.121s][info][gc,heap     ] GC(140) y: Soft Max Capacity: 3686M(90%)
[2026-01-06T22:07:31.477+0800][39.121s][info][gc,heap     ] GC(140) y: Heap Statistics:
[2026-01-06T22:07:31.477+0800][39.121s][info][gc,heap     ] GC(140) y:                Mark Start          Mark End        Relocate Start      Relocate End           High               Low         
[2026-01-06T22:07:31.477+0800][39.121s][info][gc,heap     ] GC(140) y:  Capacity:     3498M (85%)        3498M (85%)        3498M (85%)        3498M (85%)        3498M (85%)        3498M (85%)    
[2026-01-06T22:07:31.477+0800][39.121s][info][gc,heap     ] GC(140) y:      Free:      612M (15%)         608M (15%)        4080M (100%)       4080M (100%)       4080M (100%)        608M (15%)    
[2026-01-06T22:07:31.477+0800][39.121s][info][gc,heap     ] GC(140) y:      Used:     3484M (85%)        3488M (85%)          16M (0%)           16M (0%)         3488M (85%)          16M (0%)     
[2026-01-06T22:07:31.477+0800][39.121s][info][gc,heap     ] GC(140) y: Young Generation Statistics:
[2026-01-06T22:07:31.477+0800][39.121s][info][gc,heap     ] GC(140) y:                Mark Start          Mark End        Relocate Start      Relocate End    
[2026-01-06T22:07:31.477+0800][39.121s][info][gc,heap     ] GC(140) y:      Used:     3482M (85%)        3486M (85%)          14M (0%)           14M (0%)     
[2026-01-06T22:07:31.477+0800][39.121s][info][gc,heap     ] GC(140) y:      Live:         -                 0M (0%)            0M (0%)            0M (0%)     
[2026-01-06T22:07:31.477+0800][39.121s][info][gc,heap     ] GC(140) y:   Garbage:         -              3481M (85%)           1M (0%)            1M (0%)     
[2026-01-06T22:07:31.477+0800][39.121s][info][gc,heap     ] GC(140) y: Allocated:         -                 4M (0%)           12M (0%)           12M (0%)     
[2026-01-06T22:07:31.477+0800][39.121s][info][gc,heap     ] GC(140) y: Reclaimed:         -                  -              3480M (85%)        3480M (85%)    
[2026-01-06T22:07:31.477+0800][39.121s][info][gc,heap     ] GC(140) y:  Promoted:         -                  -                 0M (0%)            0M (0%)     
[2026-01-06T22:07:31.477+0800][39.121s][info][gc,heap     ] GC(140) y: Compacted:         -                  -                  -                 0M (0%)     
[2026-01-06T22:07:31.477+0800][39.121s][info][gc,phases   ] GC(140) y: Young Generation 3484M(85%)->16M(0%) 0.004s
[2026-01-06T22:07:31.477+0800][39.121s][info][gc          ] GC(140) Minor Collection (High Usage) 3484M(85%)->16M(0%) 0.004s
[2026-01-06T22:07:31.571+0800][39.215s][info][gc          ] GC(141) Major Collection (Proactive)
[2026-01-06T22:07:31.571+0800][39.215s][info][gc,task     ] GC(141) Using 1 Workers for Young Generation
[2026-01-06T22:07:31.571+0800][39.215s][info][gc,task     ] GC(141) Using 1 Workers for Old Generation
[2026-01-06T22:07:31.571+0800][39.215s][info][gc,phases   ] GC(141) Y: Young Generation
[2026-01-06T22:07:31.571+0800][39.215s][info][gc,phases   ] GC(141) Y: Pause Mark Start (Major) 0.005ms
[2026-01-06T22:07:31.573+0800][39.216s][info][gc,phases   ] GC(141) Y: Concurrent Mark 1.584ms
[2026-01-06T22:07:31.573+0800][39.216s][info][gc,phases   ] GC(141) Y: Pause Mark End 0.004ms
[2026-01-06T22:07:31.573+0800][39.216s][info][gc,phases   ] GC(141) Y: Concurrent Mark Free 0.000ms
[2026-01-06T22:07:31.573+0800][39.216s][info][gc,phases   ] GC(141) Y: Concurrent Reset Relocation Set 0.000ms
[2026-01-06T22:07:31.573+0800][39.217s][info][gc,reloc    ] GC(141) Y: Using tenuring threshold: 1 (Computed)
[2026-01-06T22:07:31.573+0800][39.217s][info][gc,phases   ] GC(141) Y: Concurrent Select Relocation Set 0.091ms
[2026-01-06T22:07:31.573+0800][39.217s][info][gc,phases   ] GC(141) Y: Pause Relocate Start 0.002ms
[2026-01-06T22:07:31.573+0800][39.217s][info][gc,phases   ] GC(141) Y: Concurrent Relocate 0.012ms
[2026-01-06T22:07:31.573+0800][39.217s][info][gc,alloc    ] GC(141) Y:                         Mark Start        Mark End      Relocate Start    Relocate End   
[2026-01-06T22:07:31.573+0800][39.217s][info][gc,alloc    ] GC(141) Y: Allocation Stalls:          0                0                0                0         
[2026-01-06T22:07:31.573+0800][39.217s][info][gc,load     ] GC(141) Y: Load: 2.22 (22%) / 1.85 (18%) / 2.02 (20%)
[2026-01-06T22:07:31.573+0800][39.217s][info][gc,mmu      ] GC(141) Y: MMU: 2ms/97.4%, 5ms/98.6%, 10ms/99.3%, 20ms/99.5%, 50ms/99.8%, 100ms/99.9%
[2026-01-06T22:07:31.573+0800][39.217s][info][gc,marking  ] GC(141) Y: Mark: 1 stripe(s), 2 proactive flush(es), 1 terminate flush(es), 0 completion(s), 0 continuation(s) 
[2026-01-06T22:07:31.573+0800][39.217s][info][gc,nmethod  ] GC(141) Y: NMethods: 129 registered, 39 unregistered
[2026-01-06T22:07:31.573+0800][39.217s][info][gc,metaspace] GC(141) Y: Metaspace: 0M used, 0M committed, 1088M reserved
[2026-01-06T22:07:31.573+0800][39.217s][info][gc,reloc    ] GC(141) Y:                        Candidates     Selected     In-Place         Size        Empty    Relocated 
[2026-01-06T22:07:31.573+0800][39.217s][info][gc,reloc    ] GC(141) Y: Small Pages:                  211            0            0         422M         420M           0M 
[2026-01-06T22:07:31.573+0800][39.217s][info][gc,reloc    ] GC(141) Y: Medium Pages:                   0            0            0           0M           0M           0M 
[2026-01-06T22:07:31.573+0800][39.217s][info][gc,reloc    ] GC(141) Y: Large Pages:                    0            0            0           0M           0M           0M 
[2026-01-06T22:07:31.573+0800][39.217s][info][gc,reloc    ] GC(141) Y: Forwarding Usage: 0M
[2026-01-06T22:07:31.573+0800][39.217s][info][gc,reloc    ] GC(141) Y: Age Table:
[2026-01-06T22:07:31.573+0800][39.217s][info][gc,reloc    ] GC(141) Y:                    Live             Garbage             Small              Medium             Large        
[2026-01-06T22:07:31.573+0800][39.217s][info][gc,reloc    ] GC(141) Y: Eden               0M (0%)          419M (10%)        210 / 0              0 / 0              0 / 0        
[2026-01-06T22:07:31.573+0800][39.217s][info][gc,reloc    ] GC(141) Y: Survivor 1          -                 2M (0%)           1 / 0              0 / 0              0 / 0        
[2026-01-06T22:07:31.573+0800][39.217s][info][gc,heap     ] GC(141) Y: Min Capacity: 8M(0%)
[2026-01-06T22:07:31.573+0800][39.217s][info][gc,heap     ] GC(141) Y: Max Capacity: 4096M(100%)
[2026-01-06T22:07:31.573+0800][39.217s][info][gc,heap     ] GC(141) Y: Soft Max Capacity: 3686M(90%)
[2026-01-06T22:07:31.573+0800][39.217s][info][gc,heap     ] GC(141) Y: Heap Statistics:
[2026-01-06T22:07:31.573+0800][39.217s][info][gc,heap     ] GC(141) Y:                Mark Start          Mark End        Relocate Start      Relocate End           High               Low         
[2026-01-06T22:07:31.573+0800][39.217s][info][gc,heap     ] GC(141) Y:  Capacity:     3498M (85%)        3498M (85%)        3498M (85%)        3498M (85%)        3498M (85%)        3498M (85%)    
[2026-01-06T22:07:31.573+0800][39.217s][info][gc,heap     ] GC(141) Y:      Free:     3672M (90%)        3670M (90%)        4090M (100%)       4090M (100%)       4090M (100%)       3670M (90%)    
[2026-01-06T22:07:31.573+0800][39.217s][info][gc,heap     ] GC(141) Y:      Used:      424M (10%)         426M (10%)           6M (0%)            6M (0%)          426M (10%)           6M (0%)     
[2026-01-06T22:07:31.573+0800][39.217s][info][gc,heap     ] GC(141) Y: Young Generation Statistics:
[2026-01-06T22:07:31.573+0800][39.217s][info][gc,heap     ] GC(141) Y:                Mark Start          Mark End        Relocate Start      Relocate End    
[2026-01-06T22:07:31.573+0800][39.217s][info][gc,heap     ] GC(141) Y:      Used:      422M (10%)         424M (10%)           4M (0%)            4M (0%)     
[2026-01-06T22:07:31.573+0800][39.217s][info][gc,heap     ] GC(141) Y:      Live:         -                 0M (0%)            0M (0%)            0M (0%)     
[2026-01-06T22:07:31.573+0800][39.217s][info][gc,heap     ] GC(141) Y:   Garbage:         -               421M (10%)           1M (0%)            1M (0%)     
[2026-01-06T22:07:31.573+0800][39.217s][info][gc,heap     ] GC(141) Y: Allocated:         -                 2M (0%)            2M (0%)            2M (0%)     
[2026-01-06T22:07:31.573+0800][39.217s][info][gc,heap     ] GC(141) Y: Reclaimed:         -                  -               420M (10%)         420M (10%)    
[2026-01-06T22:07:31.573+0800][39.217s][info][gc,heap     ] GC(141) Y:  Promoted:         -                  -                 0M (0%)            0M (0%)     
[2026-01-06T22:07:31.573+0800][39.217s][info][gc,heap     ] GC(141) Y: Compacted:         -                  -                  -                 0M (0%)     
[2026-01-06T22:07:31.573+0800][39.217s][info][gc,phases   ] GC(141) Y: Young Generation 424M(10%)->6M(0%) 0.002s
[2026-01-06T22:07:31.573+0800][39.217s][info][gc,phases   ] GC(141) O: Old Generation
[2026-01-06T22:07:31.576+0800][39.219s][info][gc,phases   ] GC(141) O: Concurrent Mark 2.740ms
[2026-01-06T22:07:31.576+0800][39.220s][info][gc,phases   ] GC(141) O: Pause Mark End 0.008ms
[2026-01-06T22:07:31.576+0800][39.220s][info][gc,phases   ] GC(141) O: Concurrent Mark Free 0.000ms
[2026-01-06T22:07:31.576+0800][39.220s][info][gc,phases   ] GC(141) O: Concurrent Process Non-Strong 0.743ms
[2026-01-06T22:07:31.576+0800][39.220s][info][gc,phases   ] GC(141) O: Concurrent Reset Relocation Set 0.000ms
[2026-01-06T22:07:31.576+0800][39.220s][info][gc,phases   ] GC(141) O: Concurrent Select Relocation Set 0.018ms
[2026-01-06T22:07:31.576+0800][39.220s][info][gc,task     ] GC(141) O: Using 2 Workers for Old Generation
[2026-01-06T22:07:31.577+0800][39.220s][info][gc,task     ] GC(141) O: Using 1 Workers for Old Generation
[2026-01-06T22:07:31.577+0800][39.220s][info][gc,phases   ] GC(141) O: Concurrent Remap Roots 0.115ms
[2026-01-06T22:07:31.577+0800][39.220s][info][gc,phases   ] GC(141) O: Pause Relocate Start 0.002ms
[2026-01-06T22:07:31.577+0800][39.220s][info][gc,phases   ] GC(141) O: Concurrent Relocate 0.017ms
[2026-01-06T22:07:31.577+0800][39.221s][info][gc,alloc    ] GC(141) O:                         Mark Start        Mark End      Relocate Start    Relocate End   
[2026-01-06T22:07:31.577+0800][39.221s][info][gc,alloc    ] GC(141) O: Allocation Stalls:          0                0                0                0         
[2026-01-06T22:07:31.577+0800][39.221s][info][gc,load     ] GC(141) O: Load: 2.22 (22%) / 1.85 (18%) / 2.02 (20%)
[2026-01-06T22:07:31.577+0800][39.221s][info][gc,mmu      ] GC(141) O: MMU: 2ms/97.4%, 5ms/98.6%, 10ms/99.3%, 20ms/99.5%, 50ms/99.8%, 100ms/99.9%
[2026-01-06T22:07:31.577+0800][39.221s][info][gc,marking  ] GC(141) O: Mark: 1 stripe(s), 2 proactive flush(es), 1 terminate flush(es), 0 completion(s), 0 continuation(s) 
[2026-01-06T22:07:31.577+0800][39.221s][info][gc,nmethod  ] GC(141) O: NMethods: 129 registered, 39 unregistered
[2026-01-06T22:07:31.577+0800][39.221s][info][gc,metaspace] GC(141) O: Metaspace: 0M used, 0M committed, 1088M reserved
[2026-01-06T22:07:31.577+0800][39.221s][info][gc,ref      ] GC(141) O:                       Encountered   Discovered     Enqueued 
[2026-01-06T22:07:31.577+0800][39.221s][info][gc,ref      ] GC(141) O: Soft References:                1            0            0 
[2026-01-06T22:07:31.577+0800][39.221s][info][gc,ref      ] GC(141) O: Weak References:                6            0            0 
[2026-01-06T22:07:31.577+0800][39.221s][info][gc,ref      ] GC(141) O: Final References:               0            0            0 
[2026-01-06T22:07:31.577+0800][39.221s][info][gc,ref      ] GC(141) O: Phantom References:             1            1            0 
[2026-01-06T22:07:31.577+0800][39.221s][info][gc,reloc    ] GC(141) O:                        Candidates     Selected     In-Place         Size        Empty    Relocated 
[2026-01-06T22:07:31.577+0800][39.221s][info][gc,reloc    ] GC(141) O: Small Pages:                    1            0            0           2M           0M           0M 
[2026-01-06T22:07:31.577+0800][39.221s][info][gc,reloc    ] GC(141) O: Medium Pages:                   0            0            0           0M           0M           0M 
[2026-01-06T22:07:31.577+0800][39.221s][info][gc,reloc    ] GC(141) O: Large Pages:                    0            0            0           0M           0M           0M 
[2026-01-06T22:07:31.577+0800][39.221s][info][gc,reloc    ] GC(141) O: Forwarding Usage: 0M
[2026-01-06T22:07:31.577+0800][39.221s][info][gc,heap     ] GC(141) O: Min Capacity: 8M(0%)
[2026-01-06T22:07:31.577+0800][39.221s][info][gc,heap     ] GC(141) O: Max Capacity: 4096M(100%)
[2026-01-06T22:07:31.577+0800][39.221s][info][gc,heap     ] GC(141) O: Soft Max Capacity: 3686M(90%)
[2026-01-06T22:07:31.577+0800][39.221s][info][gc,heap     ] GC(141) O: Heap Statistics:
[2026-01-06T22:07:31.577+0800][39.221s][info][gc,heap     ] GC(141) O:                Mark Start          Mark End        Relocate Start      Relocate End           High               Low         
[2026-01-06T22:07:31.577+0800][39.221s][info][gc,heap     ] GC(141) O:  Capacity:     3498M (85%)        3498M (85%)        3498M (85%)        3498M (85%)        3498M (85%)        3498M (85%)    
[2026-01-06T22:07:31.577+0800][39.221s][info][gc,heap     ] GC(141) O:      Free:     3672M (90%)        4038M (99%)        4022M (98%)        4022M (98%)        4090M (100%)       3670M (90%)    
[2026-01-06T22:07:31.577+0800][39.221s][info][gc,heap     ] GC(141) O:      Used:      424M (10%)          58M (1%)           74M (2%)           74M (2%)          426M (10%)           6M (0%)     
[2026-01-06T22:07:31.577+0800][39.221s][info][gc,heap     ] GC(141) O: Old Generation Statistics:
[2026-01-06T22:07:31.577+0800][39.221s][info][gc,heap     ] GC(141) O:                Mark Start          Mark End        Relocate Start      Relocate End    
[2026-01-06T22:07:31.577+0800][39.221s][info][gc,heap     ] GC(141) O:      Used:        2M (0%)            2M (0%)            2M (0%)            2M (0%)     
[2026-01-06T22:07:31.577+0800][39.221s][info][gc,heap     ] GC(141) O:      Live:         -                 0M (0%)            0M (0%)            0M (0%)     
[2026-01-06T22:07:31.577+0800][39.221s][info][gc,heap     ] GC(141) O:   Garbage:         -                 1M (0%)            1M (0%)            1M (0%)     
[2026-01-06T22:07:31.577+0800][39.221s][info][gc,heap     ] GC(141) O: Allocated:         -                 0M (0%)            0M (0%)            0M (0%)     
[2026-01-06T22:07:31.577+0800][39.221s][info][gc,heap     ] GC(141) O: Reclaimed:         -                  -                 0M (0%)            0M (0%)     
[2026-01-06T22:07:31.577+0800][39.221s][info][gc,heap     ] GC(141) O: Compacted:         -                  -                  -                 0M (0%)     
[2026-01-06T22:07:31.577+0800][39.221s][info][gc,phases   ] GC(141) O: Old Generation 6M(0%)->74M(2%) 0.004s
[2026-01-06T22:07:31.577+0800][39.221s][info][gc          ] GC(141) Major Collection (Proactive) 424M(10%)->76M(2%) 0.006s
[2026-01-06T22:07:32.247+0800][39.891s][info][gc          ] GC(142) Minor Collection (High Usage)
[2026-01-06T22:07:32.247+0800][39.891s][info][gc,task     ] GC(142) Using 1 Workers for Young Generation
[2026-01-06T22:07:32.247+0800][39.891s][info][gc,phases   ] GC(142) y: Young Generation
[2026-01-06T22:07:32.247+0800][39.891s][info][gc,phases   ] GC(142) y: Pause Mark Start 0.012ms
[2026-01-06T22:07:32.248+0800][39.892s][info][gc,phases   ] GC(142) y: Concurrent Mark 0.557ms
[2026-01-06T22:07:32.248+0800][39.892s][info][gc,phases   ] GC(142) y: Pause Mark End 0.003ms
[2026-01-06T22:07:32.248+0800][39.892s][info][gc,phases   ] GC(142) y: Concurrent Mark Free 0.003ms
[2026-01-06T22:07:32.248+0800][39.892s][info][gc,phases   ] GC(142) y: Concurrent Reset Relocation Set 0.000ms
[2026-01-06T22:07:32.251+0800][39.895s][info][gc,reloc    ] GC(142) y: Using tenuring threshold: 1 (Computed)
[2026-01-06T22:07:32.251+0800][39.895s][info][gc,phases   ] GC(142) y: Concurrent Select Relocation Set 3.278ms
[2026-01-06T22:07:32.251+0800][39.895s][info][gc,phases   ] GC(142) y: Pause Relocate Start 0.002ms
[2026-01-06T22:07:32.251+0800][39.895s][info][gc,phases   ] GC(142) y: Concurrent Relocate 0.009ms
[2026-01-06T22:07:32.251+0800][39.895s][info][gc,alloc    ] GC(142) y:                         Mark Start        Mark End      Relocate Start    Relocate End   
[2026-01-06T22:07:32.251+0800][39.895s][info][gc,alloc    ] GC(142) y: Allocation Stalls:          0                0                0                0         
[2026-01-06T22:07:32.251+0800][39.895s][info][gc,load     ] GC(142) y: Load: 2.22 (22%) / 1.85 (18%) / 2.02 (20%)
[2026-01-06T22:07:32.251+0800][39.895s][info][gc,mmu      ] GC(142) y: MMU: 2ms/97.4%, 5ms/98.6%, 10ms/99.3%, 20ms/99.5%, 50ms/99.8%, 100ms/99.9%
[2026-01-06T22:07:32.251+0800][39.895s][info][gc,marking  ] GC(142) y: Mark: 1 stripe(s), 2 proactive flush(es), 1 terminate flush(es), 0 completion(s), 0 continuation(s) 
[2026-01-06T22:07:32.251+0800][39.895s][info][gc,nmethod  ] GC(142) y: NMethods: 129 registered, 39 unregistered
[2026-01-06T22:07:32.251+0800][39.895s][info][gc,metaspace] GC(142) y: Metaspace: 0M used, 0M committed, 1088M reserved
[2026-01-06T22:07:32.251+0800][39.895s][info][gc,reloc    ] GC(142) y:                        Candidates     Selected     In-Place         Size        Empty    Relocated 
[2026-01-06T22:07:32.251+0800][39.895s][info][gc,reloc    ] GC(142) y: Small Pages:                 1742            0            0        3484M        3482M           0M 
[2026-01-06T22:07:32.251+0800][39.895s][info][gc,reloc    ] GC(142) y: Medium Pages:                   0            0            0           0M           0M           0M 
[2026-01-06T22:07:32.251+0800][39.895s][info][gc,reloc    ] GC(142) y: Large Pages:                    0            0            0           0M           0M           0M 
[2026-01-06T22:07:32.251+0800][39.895s][info][gc,reloc    ] GC(142) y: Forwarding Usage: 0M
[2026-01-06T22:07:32.251+0800][39.895s][info][gc,reloc    ] GC(142) y: Age Table:
[2026-01-06T22:07:32.251+0800][39.895s][info][gc,reloc    ] GC(142) y:                    Live             Garbage             Small              Medium             Large        
[2026-01-06T22:07:32.251+0800][39.895s][info][gc,reloc    ] GC(142) y: Eden               0M (0%)         3481M (85%)       1741 / 0              0 / 0              0 / 0        
[2026-01-06T22:07:32.251+0800][39.895s][info][gc,reloc    ] GC(142) y: Survivor 1          -                 2M (0%)           1 / 0              0 / 0              0 / 0        
[2026-01-06T22:07:32.251+0800][39.895s][info][gc,heap     ] GC(142) y: Min Capacity: 8M(0%)
[2026-01-06T22:07:32.251+0800][39.895s][info][gc,heap     ] GC(142) y: Max Capacity: 4096M(100%)
[2026-01-06T22:07:32.251+0800][39.895s][info][gc,heap     ] GC(142) y: Soft Max Capacity: 3686M(90%)
[2026-01-06T22:07:32.251+0800][39.895s][info][gc,heap     ] GC(142) y: Heap Statistics:
[2026-01-06T22:07:32.251+0800][39.895s][info][gc,heap     ] GC(142) y:                Mark Start          Mark End        Relocate Start      Relocate End           High               Low         
[2026-01-06T22:07:32.251+0800][39.895s][info][gc,heap     ] GC(142) y:  Capacity:     3498M (85%)        3498M (85%)        3498M (85%)        3498M (85%)        3498M (85%)        3498M (85%)    
[2026-01-06T22:07:32.251+0800][39.895s][info][gc,heap     ] GC(142) y:      Free:      610M (15%)         606M (15%)        4078M (100%)       4078M (100%)       4078M (100%)        606M (15%)    
[2026-01-06T22:07:32.251+0800][39.895s][info][gc,heap     ] GC(142) y:      Used:     3486M (85%)        3490M (85%)          18M (0%)           18M (0%)         3490M (85%)          18M (0%)     
[2026-01-06T22:07:32.251+0800][39.895s][info][gc,heap     ] GC(142) y: Young Generation Statistics:
[2026-01-06T22:07:32.251+0800][39.895s][info][gc,heap     ] GC(142) y:                Mark Start          Mark End        Relocate Start      Relocate End    
[2026-01-06T22:07:32.251+0800][39.895s][info][gc,heap     ] GC(142) y:      Used:     3484M (85%)        3488M (85%)          16M (0%)           16M (0%)     
[2026-01-06T22:07:32.251+0800][39.895s][info][gc,heap     ] GC(142) y:      Live:         -                 0M (0%)            0M (0%)            0M (0%)     
[2026-01-06T22:07:32.251+0800][39.895s][info][gc,heap     ] GC(142) y:   Garbage:         -              3483M (85%)           1M (0%)            1M (0%)     
[2026-01-06T22:07:32.251+0800][39.895s][info][gc,heap     ] GC(142) y: Allocated:         -                 4M (0%)           14M (0%)           14M (0%)     
[2026-01-06T22:07:32.251+0800][39.895s][info][gc,heap     ] GC(142) y: Reclaimed:         -                  -              3482M (85%)        3482M (85%)    
[2026-01-06T22:07:32.251+0800][39.895s][info][gc,heap     ] GC(142) y:  Promoted:         -                  -                 0M (0%)            0M (0%)     
[2026-01-06T22:07:32.251+0800][39.895s][info][gc,heap     ] GC(142) y: Compacted:         -                  -                  -                 0M (0%)     
[2026-01-06T22:07:32.251+0800][39.895s][info][gc,phases   ] GC(142) y: Young Generation 3486M(85%)->18M(0%) 0.004s
[2026-01-06T22:07:32.251+0800][39.895s][info][gc          ] GC(142) Minor Collection (High Usage) 3484M(85%)->20M(0%) 0.005s
[2026-01-06T22:07:32.341+0800][39.985s][info][gc          ] GC(143) Major Collection (Proactive)
[2026-01-06T22:07:32.341+0800][39.985s][info][gc,task     ] GC(143) Using 1 Workers for Young Generation
[2026-01-06T22:07:32.341+0800][39.985s][info][gc,task     ] GC(143) Using 1 Workers for Old Generation
[2026-01-06T22:07:32.341+0800][39.985s][info][gc,phases   ] GC(143) Y: Young Generation
[2026-01-06T22:07:32.341+0800][39.985s][info][gc,phases   ] GC(143) Y: Pause Mark Start (Major) 0.004ms
[2026-01-06T22:07:32.341+0800][39.985s][info][gc,phases   ] GC(143) Y: Concurrent Mark 0.223ms
[2026-01-06T22:07:32.341+0800][39.985s][info][gc,phases   ] GC(143) Y: Pause Mark End 0.003ms
[2026-01-06T22:07:32.341+0800][39.985s][info][gc,phases   ] GC(143) Y: Concurrent Mark Free 0.000ms
[2026-01-06T22:07:32.341+0800][39.985s][info][gc,phases   ] GC(143) Y: Concurrent Reset Relocation Set 0.000ms
[2026-01-06T22:07:32.341+0800][39.985s][info][gc,reloc    ] GC(143) Y: Using tenuring threshold: 1 (Computed)
[2026-01-06T22:07:32.341+0800][39.985s][info][gc,phases   ] GC(143) Y: Concurrent Select Relocation Set 0.087ms
[2026-01-06T22:07:32.341+0800][39.985s][info][gc,phases   ] GC(143) Y: Pause Relocate Start 0.001ms
[2026-01-06T22:07:32.341+0800][39.985s][info][gc,phases   ] GC(143) Y: Concurrent Relocate 0.010ms
[2026-01-06T22:07:32.341+0800][39.985s][info][gc,alloc    ] GC(143) Y:                         Mark Start        Mark End      Relocate Start    Relocate End   
[2026-01-06T22:07:32.341+0800][39.985s][info][gc,alloc    ] GC(143) Y: Allocation Stalls:          0                0                0                0         
[2026-01-06T22:07:32.341+0800][39.985s][info][gc,load     ] GC(143) Y: Load: 2.22 (22%) / 1.85 (18%) / 2.02 (20%)
[2026-01-06T22:07:32.341+0800][39.985s][info][gc,mmu      ] GC(143) Y: MMU: 2ms/97.4%, 5ms/98.6%, 10ms/99.3%, 20ms/99.5%, 50ms/99.8%, 100ms/99.9%
[2026-01-06T22:07:32.341+0800][39.985s][info][gc,marking  ] GC(143) Y: Mark: 1 stripe(s), 2 proactive flush(es), 1 terminate flush(es), 0 completion(s), 0 continuation(s) 
[2026-01-06T22:07:32.341+0800][39.985s][info][gc,nmethod  ] GC(143) Y: NMethods: 129 registered, 39 unregistered
[2026-01-06T22:07:32.341+0800][39.985s][info][gc,metaspace] GC(143) Y: Metaspace: 0M used, 0M committed, 1088M reserved
[2026-01-06T22:07:32.341+0800][39.985s][info][gc,reloc    ] GC(143) Y:                        Candidates     Selected     In-Place         Size        Empty    Relocated 
[2026-01-06T22:07:32.341+0800][39.985s][info][gc,reloc    ] GC(143) Y: Small Pages:                  225            0            0         450M         448M           0M 
[2026-01-06T22:07:32.341+0800][39.985s][info][gc,reloc    ] GC(143) Y: Medium Pages:                   0            0            0           0M           0M           0M 
[2026-01-06T22:07:32.341+0800][39.985s][info][gc,reloc    ] GC(143) Y: Large Pages:                    0            0            0           0M           0M           0M 
[2026-01-06T22:07:32.341+0800][39.985s][info][gc,reloc    ] GC(143) Y: Forwarding Usage: 0M
[2026-01-06T22:07:32.341+0800][39.985s][info][gc,reloc    ] GC(143) Y: Age Table:
[2026-01-06T22:07:32.341+0800][39.985s][info][gc,reloc    ] GC(143) Y:                    Live             Garbage             Small              Medium             Large        
[2026-01-06T22:07:32.341+0800][39.985s][info][gc,reloc    ] GC(143) Y: Eden               0M (0%)          447M (11%)        224 / 0              0 / 0              0 / 0        
[2026-01-06T22:07:32.341+0800][39.985s][info][gc,reloc    ] GC(143) Y: Survivor 1          -                 2M (0%)           1 / 0              0 / 0              0 / 0        
[2026-01-06T22:07:32.341+0800][39.985s][info][gc,heap     ] GC(143) Y: Min Capacity: 8M(0%)
[2026-01-06T22:07:32.341+0800][39.985s][info][gc,heap     ] GC(143) Y: Max Capacity: 4096M(100%)
[2026-01-06T22:07:32.341+0800][39.985s][info][gc,heap     ] GC(143) Y: Soft Max Capacity: 3686M(90%)
[2026-01-06T22:07:32.341+0800][39.985s][info][gc,heap     ] GC(143) Y: Heap Statistics:
[2026-01-06T22:07:32.341+0800][39.985s][info][gc,heap     ] GC(143) Y:                Mark Start          Mark End        Relocate Start      Relocate End           High               Low         
[2026-01-06T22:07:32.341+0800][39.985s][info][gc,heap     ] GC(143) Y:  Capacity:     3498M (85%)        3498M (85%)        3498M (85%)        3498M (85%)        3498M (85%)        3498M (85%)    
[2026-01-06T22:07:32.341+0800][39.985s][info][gc,heap     ] GC(143) Y:      Free:     3644M (89%)        3642M (89%)        4088M (100%)       4088M (100%)       4090M (100%)       3642M (89%)    
[2026-01-06T22:07:32.341+0800][39.985s][info][gc,heap     ] GC(143) Y:      Used:      452M (11%)         454M (11%)           8M (0%)            8M (0%)          454M (11%)           6M (0%)     
[2026-01-06T22:07:32.341+0800][39.985s][info][gc,heap     ] GC(143) Y: Young Generation Statistics:
[2026-01-06T22:07:32.341+0800][39.985s][info][gc,heap     ] GC(143) Y:                Mark Start          Mark End        Relocate Start      Relocate End    
[2026-01-06T22:07:32.341+0800][39.985s][info][gc,heap     ] GC(143) Y:      Used:      450M (11%)         452M (11%)           6M (0%)            6M (0%)     
[2026-01-06T22:07:32.341+0800][39.985s][info][gc,heap     ] GC(143) Y:      Live:         -                 0M (0%)            0M (0%)            0M (0%)     
[2026-01-06T22:07:32.341+0800][39.985s][info][gc,heap     ] GC(143) Y:   Garbage:         -               449M (11%)           1M (0%)            1M (0%)     
[2026-01-06T22:07:32.341+0800][39.985s][info][gc,heap     ] GC(143) Y: Allocated:         -                 2M (0%)            4M (0%)            4M (0%)     
[2026-01-06T22:07:32.341+0800][39.985s][info][gc,heap     ] GC(143) Y: Reclaimed:         -                  -               448M (11%)         448M (11%)    
[2026-01-06T22:07:32.341+0800][39.985s][info][gc,heap     ] GC(143) Y:  Promoted:         -                  -                 0M (0%)            0M (0%)     
[2026-01-06T22:07:32.341+0800][39.985s][info][gc,heap     ] GC(143) Y: Compacted:         -                  -                  -                 0M (0%)     
[2026-01-06T22:07:32.341+0800][39.985s][info][gc,phases   ] GC(143) Y: Young Generation 452M(11%)->8M(0%) 0.000s
[2026-01-06T22:07:32.341+0800][39.985s][info][gc,phases   ] GC(143) O: Old Generation
[2026-01-06T22:07:32.342+0800][39.986s][info][gc,phases   ] GC(143) O: Concurrent Mark 0.901ms
[2026-01-06T22:07:32.342+0800][39.986s][info][gc,phases   ] GC(143) O: Pause Mark End 0.006ms
[2026-01-06T22:07:32.342+0800][39.986s][info][gc,phases   ] GC(143) O: Concurrent Mark Free 0.000ms
[2026-01-06T22:07:32.343+0800][39.987s][info][gc,phases   ] GC(143) O: Concurrent Process Non-Strong 0.327ms
[2026-01-06T22:07:32.343+0800][39.987s][info][gc,phases   ] GC(143) O: Concurrent Reset Relocation Set 0.000ms
[2026-01-06T22:07:32.343+0800][39.987s][info][gc,phases   ] GC(143) O: Concurrent Select Relocation Set 0.017ms
[2026-01-06T22:07:32.343+0800][39.987s][info][gc,task     ] GC(143) O: Using 2 Workers for Old Generation
[2026-01-06T22:07:32.343+0800][39.987s][info][gc,task     ] GC(143) O: Using 1 Workers for Old Generation
[2026-01-06T22:07:32.343+0800][39.987s][info][gc,phases   ] GC(143) O: Concurrent Remap Roots 0.087ms
[2026-01-06T22:07:32.343+0800][39.987s][info][gc,phases   ] GC(143) O: Pause Relocate Start 0.001ms
[2026-01-06T22:07:32.343+0800][39.987s][info][gc,phases   ] GC(143) O: Concurrent Relocate 0.006ms
[2026-01-06T22:07:32.343+0800][39.987s][info][gc,alloc    ] GC(143) O:                         Mark Start        Mark End      Relocate Start    Relocate End   
[2026-01-06T22:07:32.343+0800][39.987s][info][gc,alloc    ] GC(143) O: Allocation Stalls:          0                0                0                0         
[2026-01-06T22:07:32.343+0800][39.987s][info][gc,load     ] GC(143) O: Load: 2.22 (22%) / 1.85 (18%) / 2.02 (20%)
[2026-01-06T22:07:32.343+0800][39.987s][info][gc,mmu      ] GC(143) O: MMU: 2ms/97.4%, 5ms/98.6%, 10ms/99.3%, 20ms/99.5%, 50ms/99.8%, 100ms/99.9%
[2026-01-06T22:07:32.343+0800][39.987s][info][gc,marking  ] GC(143) O: Mark: 1 stripe(s), 2 proactive flush(es), 1 terminate flush(es), 0 completion(s), 0 continuation(s) 
[2026-01-06T22:07:32.343+0800][39.987s][info][gc,nmethod  ] GC(143) O: NMethods: 129 registered, 39 unregistered
[2026-01-06T22:07:32.343+0800][39.987s][info][gc,metaspace] GC(143) O: Metaspace: 0M used, 0M committed, 1088M reserved
[2026-01-06T22:07:32.343+0800][39.987s][info][gc,ref      ] GC(143) O:                       Encountered   Discovered     Enqueued 
[2026-01-06T22:07:32.343+0800][39.987s][info][gc,ref      ] GC(143) O: Soft References:                1            0            0 
[2026-01-06T22:07:32.343+0800][39.987s][info][gc,ref      ] GC(143) O: Weak References:                6            0            0 
[2026-01-06T22:07:32.343+0800][39.987s][info][gc,ref      ] GC(143) O: Final References:               0            0            0 
[2026-01-06T22:07:32.343+0800][39.987s][info][gc,ref      ] GC(143) O: Phantom References:             1            1            0 
[2026-01-06T22:07:32.343+0800][39.987s][info][gc,reloc    ] GC(143) O:                        Candidates     Selected     In-Place         Size        Empty    Relocated 
[2026-01-06T22:07:32.343+0800][39.987s][info][gc,reloc    ] GC(143) O: Small Pages:                    1            0            0           2M           0M           0M 
[2026-01-06T22:07:32.343+0800][39.987s][info][gc,reloc    ] GC(143) O: Medium Pages:                   0            0            0           0M           0M           0M 
[2026-01-06T22:07:32.343+0800][39.987s][info][gc,reloc    ] GC(143) O: Large Pages:                    0            0            0           0M           0M           0M 
[2026-01-06T22:07:32.343+0800][39.987s][info][gc,reloc    ] GC(143) O: Forwarding Usage: 0M
[2026-01-06T22:07:32.343+0800][39.987s][info][gc,heap     ] GC(143) O: Min Capacity: 8M(0%)
[2026-01-06T22:07:32.343+0800][39.987s][info][gc,heap     ] GC(143) O: Max Capacity: 4096M(100%)
[2026-01-06T22:07:32.343+0800][39.987s][info][gc,heap     ] GC(143) O: Soft Max Capacity: 3686M(90%)
[2026-01-06T22:07:32.343+0800][39.987s][info][gc,heap     ] GC(143) O: Heap Statistics:
[2026-01-06T22:07:32.343+0800][39.987s][info][gc,heap     ] GC(143) O:                Mark Start          Mark End        Relocate Start      Relocate End           High               Low         
[2026-01-06T22:07:32.343+0800][39.987s][info][gc,heap     ] GC(143) O:  Capacity:     3498M (85%)        3498M (85%)        3498M (85%)        3498M (85%)        3498M (85%)        3498M (85%)    
[2026-01-06T22:07:32.343+0800][39.987s][info][gc,heap     ] GC(143) O:      Free:     3644M (89%)        4068M (99%)        4060M (99%)        4060M (99%)        4090M (100%)       3642M (89%)    
[2026-01-06T22:07:32.343+0800][39.987s][info][gc,heap     ] GC(143) O:      Used:      452M (11%)          28M (1%)           36M (1%)           36M (1%)          454M (11%)           6M (0%)     
[2026-01-06T22:07:32.343+0800][39.987s][info][gc,heap     ] GC(143) O: Old Generation Statistics:
[2026-01-06T22:07:32.343+0800][39.987s][info][gc,heap     ] GC(143) O:                Mark Start          Mark End        Relocate Start      Relocate End    
[2026-01-06T22:07:32.343+0800][39.987s][info][gc,heap     ] GC(143) O:      Used:        2M (0%)            2M (0%)            2M (0%)            2M (0%)     
[2026-01-06T22:07:32.343+0800][39.987s][info][gc,heap     ] GC(143) O:      Live:         -                 0M (0%)            0M (0%)            0M (0%)     
[2026-01-06T22:07:32.343+0800][39.987s][info][gc,heap     ] GC(143) O:   Garbage:         -                 1M (0%)            1M (0%)            1M (0%)     
[2026-01-06T22:07:32.343+0800][39.987s][info][gc,heap     ] GC(143) O: Allocated:         -                 0M (0%)            0M (0%)            0M (0%)     
[2026-01-06T22:07:32.343+0800][39.987s][info][gc,heap     ] GC(143) O: Reclaimed:         -                  -                 0M (0%)            0M (0%)     
[2026-01-06T22:07:32.343+0800][39.987s][info][gc,heap     ] GC(143) O: Compacted:         -                  -                  -                 0M (0%)     
[2026-01-06T22:07:32.343+0800][39.987s][info][gc,phases   ] GC(143) O: Old Generation 10M(0%)->36M(1%) 0.001s
[2026-01-06T22:07:32.343+0800][39.987s][info][gc          ] GC(143) Major Collection (Proactive) 452M(11%)->38M(1%) 0.002s
[2026-01-06T22:07:32.929+0800][40.573s][info][gc          ] GC(144) Major Collection (Proactive)
[2026-01-06T22:07:32.929+0800][40.573s][info][gc,task     ] GC(144) Using 1 Workers for Young Generation
[2026-01-06T22:07:32.929+0800][40.573s][info][gc,task     ] GC(144) Using 1 Workers for Old Generation
[2026-01-06T22:07:32.929+0800][40.573s][info][gc,phases   ] GC(144) Y: Young Generation
[2026-01-06T22:07:32.929+0800][40.573s][info][gc,phases   ] GC(144) Y: Pause Mark Start (Major) 0.015ms
[2026-01-06T22:07:32.930+0800][40.574s][info][gc,phases   ] GC(144) Y: Concurrent Mark 0.634ms
[2026-01-06T22:07:32.930+0800][40.574s][info][gc,phases   ] GC(144) Y: Pause Mark End 0.003ms
[2026-01-06T22:07:32.930+0800][40.574s][info][gc,phases   ] GC(144) Y: Concurrent Mark Free 0.004ms
[2026-01-06T22:07:32.930+0800][40.574s][info][gc,phases   ] GC(144) Y: Concurrent Reset Relocation Set 0.000ms
[2026-01-06T22:07:32.933+0800][40.577s][info][gc,reloc    ] GC(144) Y: Using tenuring threshold: 1 (Computed)
[2026-01-06T22:07:32.934+0800][40.577s][info][gc,phases   ] GC(144) Y: Concurrent Select Relocation Set 3.756ms
[2026-01-06T22:07:32.934+0800][40.578s][info][gc,phases   ] GC(144) Y: Pause Relocate Start 0.003ms
[2026-01-06T22:07:32.934+0800][40.578s][info][gc,phases   ] GC(144) Y: Concurrent Relocate 0.015ms
[2026-01-06T22:07:32.934+0800][40.578s][info][gc,alloc    ] GC(144) Y:                         Mark Start        Mark End      Relocate Start    Relocate End   
[2026-01-06T22:07:32.934+0800][40.578s][info][gc,alloc    ] GC(144) Y: Allocation Stalls:          0                0                0                0         
[2026-01-06T22:07:32.934+0800][40.578s][info][gc,load     ] GC(144) Y: Load: 2.22 (22%) / 1.85 (18%) / 2.02 (20%)
[2026-01-06T22:07:32.934+0800][40.578s][info][gc,mmu      ] GC(144) Y: MMU: 2ms/97.4%, 5ms/98.6%, 10ms/99.3%, 20ms/99.5%, 50ms/99.8%, 100ms/99.9%
[2026-01-06T22:07:32.934+0800][40.578s][info][gc,marking  ] GC(144) Y: Mark: 1 stripe(s), 2 proactive flush(es), 1 terminate flush(es), 0 completion(s), 0 continuation(s) 
[2026-01-06T22:07:32.934+0800][40.578s][info][gc,nmethod  ] GC(144) Y: NMethods: 129 registered, 39 unregistered
[2026-01-06T22:07:32.934+0800][40.578s][info][gc,metaspace] GC(144) Y: Metaspace: 0M used, 0M committed, 1088M reserved
[2026-01-06T22:07:32.934+0800][40.578s][info][gc,reloc    ] GC(144) Y:                        Candidates     Selected     In-Place         Size        Empty    Relocated 
[2026-01-06T22:07:32.934+0800][40.578s][info][gc,reloc    ] GC(144) Y: Small Pages:                 1456            0            0        2912M        2910M           0M 
[2026-01-06T22:07:32.934+0800][40.578s][info][gc,reloc    ] GC(144) Y: Medium Pages:                   0            0            0           0M           0M           0M 
[2026-01-06T22:07:32.934+0800][40.578s][info][gc,reloc    ] GC(144) Y: Large Pages:                    0            0            0           0M           0M           0M 
[2026-01-06T22:07:32.934+0800][40.578s][info][gc,reloc    ] GC(144) Y: Forwarding Usage: 0M
[2026-01-06T22:07:32.934+0800][40.578s][info][gc,reloc    ] GC(144) Y: Age Table:
[2026-01-06T22:07:32.934+0800][40.578s][info][gc,reloc    ] GC(144) Y:                    Live             Garbage             Small              Medium             Large        
[2026-01-06T22:07:32.934+0800][40.578s][info][gc,reloc    ] GC(144) Y: Eden               0M (0%)         2909M (71%)       1455 / 0              0 / 0              0 / 0        
[2026-01-06T22:07:32.934+0800][40.578s][info][gc,reloc    ] GC(144) Y: Survivor 1          -                 2M (0%)           1 / 0              0 / 0              0 / 0        
[2026-01-06T22:07:32.934+0800][40.578s][info][gc,heap     ] GC(144) Y: Min Capacity: 8M(0%)
[2026-01-06T22:07:32.934+0800][40.578s][info][gc,heap     ] GC(144) Y: Max Capacity: 4096M(100%)
[2026-01-06T22:07:32.934+0800][40.578s][info][gc,heap     ] GC(144) Y: Soft Max Capacity: 3686M(90%)
[2026-01-06T22:07:32.934+0800][40.578s][info][gc,heap     ] GC(144) Y: Heap Statistics:
[2026-01-06T22:07:32.934+0800][40.578s][info][gc,heap     ] GC(144) Y:                Mark Start          Mark End        Relocate Start      Relocate End           High               Low         
[2026-01-06T22:07:32.934+0800][40.578s][info][gc,heap     ] GC(144) Y:  Capacity:     3498M (85%)        3498M (85%)        3498M (85%)        3498M (85%)        3498M (85%)        3498M (85%)    
[2026-01-06T22:07:32.934+0800][40.578s][info][gc,heap     ] GC(144) Y:      Free:     1182M (29%)        1178M (29%)        4078M (100%)       4078M (100%)       4080M (100%)       1178M (29%)    
[2026-01-06T22:07:32.934+0800][40.578s][info][gc,heap     ] GC(144) Y:      Used:     2914M (71%)        2918M (71%)          18M (0%)           18M (0%)         2918M (71%)          16M (0%)     
[2026-01-06T22:07:32.934+0800][40.578s][info][gc,heap     ] GC(144) Y: Young Generation Statistics:
[2026-01-06T22:07:32.934+0800][40.578s][info][gc,heap     ] GC(144) Y:                Mark Start          Mark End        Relocate Start      Relocate End    
[2026-01-06T22:07:32.934+0800][40.578s][info][gc,heap     ] GC(144) Y:      Used:     2912M (71%)        2916M (71%)          16M (0%)           16M (0%)     
[2026-01-06T22:07:32.934+0800][40.578s][info][gc,heap     ] GC(144) Y:      Live:         -                 0M (0%)            0M (0%)            0M (0%)     
[2026-01-06T22:07:32.934+0800][40.578s][info][gc,heap     ] GC(144) Y:   Garbage:         -              2911M (71%)           1M (0%)            1M (0%)     
[2026-01-06T22:07:32.934+0800][40.578s][info][gc,heap     ] GC(144) Y: Allocated:         -                 4M (0%)           14M (0%)           14M (0%)     
[2026-01-06T22:07:32.934+0800][40.578s][info][gc,heap     ] GC(144) Y: Reclaimed:         -                  -              2910M (71%)        2910M (71%)    
[2026-01-06T22:07:32.934+0800][40.578s][info][gc,heap     ] GC(144) Y:  Promoted:         -                  -                 0M (0%)            0M (0%)     
[2026-01-06T22:07:32.934+0800][40.578s][info][gc,heap     ] GC(144) Y: Compacted:         -                  -                  -                 0M (0%)     
[2026-01-06T22:07:32.934+0800][40.578s][info][gc,phases   ] GC(144) Y: Young Generation 2914M(71%)->18M(0%) 0.005s
[2026-01-06T22:07:32.934+0800][40.578s][info][gc,phases   ] GC(144) O: Old Generation
[2026-01-06T22:07:32.936+0800][40.580s][info][gc,phases   ] GC(144) O: Concurrent Mark 2.512ms
[2026-01-06T22:07:32.936+0800][40.580s][info][gc,phases   ] GC(144) O: Pause Mark End 0.011ms
[2026-01-06T22:07:32.936+0800][40.580s][info][gc,phases   ] GC(144) O: Concurrent Mark Free 0.001ms
[2026-01-06T22:07:32.938+0800][40.581s][info][gc,phases   ] GC(144) O: Concurrent Process Non-Strong 1.103ms
[2026-01-06T22:07:32.938+0800][40.581s][info][gc,phases   ] GC(144) O: Concurrent Reset Relocation Set 0.000ms
[2026-01-06T22:07:32.938+0800][40.581s][info][gc,phases   ] GC(144) O: Concurrent Select Relocation Set 0.017ms
[2026-01-06T22:07:32.938+0800][40.581s][info][gc,task     ] GC(144) O: Using 2 Workers for Old Generation
[2026-01-06T22:07:32.938+0800][40.582s][info][gc,task     ] GC(144) O: Using 1 Workers for Old Generation
[2026-01-06T22:07:32.938+0800][40.582s][info][gc,phases   ] GC(144) O: Concurrent Remap Roots 0.100ms
[2026-01-06T22:07:32.938+0800][40.582s][info][gc,phases   ] GC(144) O: Pause Relocate Start 0.007ms
[2026-01-06T22:07:32.938+0800][40.582s][info][gc,phases   ] GC(144) O: Concurrent Relocate 0.008ms
[2026-01-06T22:07:32.938+0800][40.582s][info][gc,alloc    ] GC(144) O:                         Mark Start        Mark End      Relocate Start    Relocate End   
[2026-01-06T22:07:32.938+0800][40.582s][info][gc,alloc    ] GC(144) O: Allocation Stalls:          0                0                0                0         
[2026-01-06T22:07:32.938+0800][40.582s][info][gc,load     ] GC(144) O: Load: 2.22 (22%) / 1.85 (18%) / 2.02 (20%)
[2026-01-06T22:07:32.938+0800][40.582s][info][gc,mmu      ] GC(144) O: MMU: 2ms/97.4%, 5ms/98.6%, 10ms/99.3%, 20ms/99.5%, 50ms/99.8%, 100ms/99.9%
[2026-01-06T22:07:32.938+0800][40.582s][info][gc,marking  ] GC(144) O: Mark: 1 stripe(s), 2 proactive flush(es), 1 terminate flush(es), 0 completion(s), 0 continuation(s) 
[2026-01-06T22:07:32.938+0800][40.582s][info][gc,nmethod  ] GC(144) O: NMethods: 129 registered, 39 unregistered
[2026-01-06T22:07:32.938+0800][40.582s][info][gc,metaspace] GC(144) O: Metaspace: 0M used, 0M committed, 1088M reserved
[2026-01-06T22:07:32.938+0800][40.582s][info][gc,ref      ] GC(144) O:                       Encountered   Discovered     Enqueued 
[2026-01-06T22:07:32.938+0800][40.582s][info][gc,ref      ] GC(144) O: Soft References:                1            0            0 
[2026-01-06T22:07:32.938+0800][40.582s][info][gc,ref      ] GC(144) O: Weak References:                6            0            0 
[2026-01-06T22:07:32.938+0800][40.582s][info][gc,ref      ] GC(144) O: Final References:               0            0            0 
[2026-01-06T22:07:32.938+0800][40.582s][info][gc,ref      ] GC(144) O: Phantom References:             1            1            0 
[2026-01-06T22:07:32.938+0800][40.582s][info][gc,reloc    ] GC(144) O:                        Candidates     Selected     In-Place         Size        Empty    Relocated 
[2026-01-06T22:07:32.938+0800][40.582s][info][gc,reloc    ] GC(144) O: Small Pages:                    1            0            0           2M           0M           0M 
[2026-01-06T22:07:32.938+0800][40.582s][info][gc,reloc    ] GC(144) O: Medium Pages:                   0            0            0           0M           0M           0M 
[2026-01-06T22:07:32.938+0800][40.582s][info][gc,reloc    ] GC(144) O: Large Pages:                    0            0            0           0M           0M           0M 
[2026-01-06T22:07:32.938+0800][40.582s][info][gc,reloc    ] GC(144) O: Forwarding Usage: 0M
[2026-01-06T22:07:32.938+0800][40.582s][info][gc,heap     ] GC(144) O: Min Capacity: 8M(0%)
[2026-01-06T22:07:32.938+0800][40.582s][info][gc,heap     ] GC(144) O: Max Capacity: 4096M(100%)
[2026-01-06T22:07:32.938+0800][40.582s][info][gc,heap     ] GC(144) O: Soft Max Capacity: 3686M(90%)
[2026-01-06T22:07:32.938+0800][40.582s][info][gc,heap     ] GC(144) O: Heap Statistics:
[2026-01-06T22:07:32.938+0800][40.582s][info][gc,heap     ] GC(144) O:                Mark Start          Mark End        Relocate Start      Relocate End           High               Low         
[2026-01-06T22:07:32.938+0800][40.582s][info][gc,heap     ] GC(144) O:  Capacity:     3498M (85%)        3498M (85%)        3498M (85%)        3498M (85%)        3498M (85%)        3498M (85%)    
[2026-01-06T22:07:32.938+0800][40.582s][info][gc,heap     ] GC(144) O:      Free:     1182M (29%)        4068M (99%)        4064M (99%)        4064M (99%)        4080M (100%)       1178M (29%)    
[2026-01-06T22:07:32.938+0800][40.582s][info][gc,heap     ] GC(144) O:      Used:     2914M (71%)          28M (1%)           32M (1%)           32M (1%)         2918M (71%)          16M (0%)     
[2026-01-06T22:07:32.938+0800][40.582s][info][gc,heap     ] GC(144) O: Old Generation Statistics:
[2026-01-06T22:07:32.938+0800][40.582s][info][gc,heap     ] GC(144) O:                Mark Start          Mark End        Relocate Start      Relocate End    
[2026-01-06T22:07:32.938+0800][40.582s][info][gc,heap     ] GC(144) O:      Used:        2M (0%)            2M (0%)            2M (0%)            2M (0%)     
[2026-01-06T22:07:32.938+0800][40.582s][info][gc,heap     ] GC(144) O:      Live:         -                 0M (0%)            0M (0%)            0M (0%)     
[2026-01-06T22:07:32.938+0800][40.582s][info][gc,heap     ] GC(144) O:   Garbage:         -                 1M (0%)            1M (0%)            1M (0%)     
[2026-01-06T22:07:32.938+0800][40.582s][info][gc,heap     ] GC(144) O: Allocated:         -                 0M (0%)            0M (0%)            0M (0%)     
[2026-01-06T22:07:32.938+0800][40.582s][info][gc,heap     ] GC(144) O: Reclaimed:         -                  -                 0M (0%)            0M (0%)     
[2026-01-06T22:07:32.938+0800][40.582s][info][gc,heap     ] GC(144) O: Compacted:         -                  -                  -                 0M (0%)     
[2026-01-06T22:07:32.938+0800][40.582s][info][gc,phases   ] GC(144) O: Old Generation 18M(0%)->32M(1%) 0.004s
[2026-01-06T22:07:32.938+0800][40.582s][info][gc          ] GC(144) Major Collection (Proactive) 2914M(71%)->32M(1%) 0.009s
[2026-01-06T22:07:33.716+0800][41.360s][info][gc          ] GC(145) Minor Collection (High Usage)
[2026-01-06T22:07:33.716+0800][41.360s][info][gc,task     ] GC(145) Using 1 Workers for Young Generation
[2026-01-06T22:07:33.716+0800][41.360s][info][gc,phases   ] GC(145) y: Young Generation
[2026-01-06T22:07:33.716+0800][41.360s][info][gc,phases   ] GC(145) y: Pause Mark Start 0.013ms
[2026-01-06T22:07:33.717+0800][41.361s][info][gc,phases   ] GC(145) y: Concurrent Mark 0.593ms
[2026-01-06T22:07:33.717+0800][41.361s][info][gc,phases   ] GC(145) y: Pause Mark End 0.004ms
[2026-01-06T22:07:33.717+0800][41.361s][info][gc,phases   ] GC(145) y: Concurrent Mark Free 0.003ms
[2026-01-06T22:07:33.717+0800][41.361s][info][gc,phases   ] GC(145) y: Concurrent Reset Relocation Set 0.000ms
[2026-01-06T22:07:33.721+0800][41.365s][info][gc,reloc    ] GC(145) y: Using tenuring threshold: 1 (Computed)
[2026-01-06T22:07:33.721+0800][41.365s][info][gc,phases   ] GC(145) y: Concurrent Select Relocation Set 4.143ms
[2026-01-06T22:07:33.721+0800][41.365s][info][gc,phases   ] GC(145) y: Pause Relocate Start 0.003ms
[2026-01-06T22:07:33.721+0800][41.365s][info][gc,phases   ] GC(145) y: Concurrent Relocate 0.012ms
[2026-01-06T22:07:33.721+0800][41.365s][info][gc,alloc    ] GC(145) y:                         Mark Start        Mark End      Relocate Start    Relocate End   
[2026-01-06T22:07:33.721+0800][41.365s][info][gc,alloc    ] GC(145) y: Allocation Stalls:          0                0                0                0         
[2026-01-06T22:07:33.721+0800][41.365s][info][gc,load     ] GC(145) y: Load: 2.22 (22%) / 1.85 (18%) / 2.02 (20%)
[2026-01-06T22:07:33.721+0800][41.365s][info][gc,mmu      ] GC(145) y: MMU: 2ms/97.4%, 5ms/98.6%, 10ms/99.3%, 20ms/99.5%, 50ms/99.8%, 100ms/99.9%
[2026-01-06T22:07:33.721+0800][41.365s][info][gc,marking  ] GC(145) y: Mark: 1 stripe(s), 2 proactive flush(es), 1 terminate flush(es), 0 completion(s), 0 continuation(s) 
[2026-01-06T22:07:33.721+0800][41.365s][info][gc,nmethod  ] GC(145) y: NMethods: 129 registered, 39 unregistered
[2026-01-06T22:07:33.721+0800][41.365s][info][gc,metaspace] GC(145) y: Metaspace: 0M used, 0M committed, 1088M reserved
[2026-01-06T22:07:33.721+0800][41.365s][info][gc,reloc    ] GC(145) y:                        Candidates     Selected     In-Place         Size        Empty    Relocated 
[2026-01-06T22:07:33.721+0800][41.365s][info][gc,reloc    ] GC(145) y: Small Pages:                 1741            0            0        3482M        3480M           0M 
[2026-01-06T22:07:33.721+0800][41.365s][info][gc,reloc    ] GC(145) y: Medium Pages:                   0            0            0           0M           0M           0M 
[2026-01-06T22:07:33.721+0800][41.365s][info][gc,reloc    ] GC(145) y: Large Pages:                    0            0            0           0M           0M           0M 
[2026-01-06T22:07:33.721+0800][41.365s][info][gc,reloc    ] GC(145) y: Forwarding Usage: 0M
[2026-01-06T22:07:33.721+0800][41.365s][info][gc,reloc    ] GC(145) y: Age Table:
[2026-01-06T22:07:33.721+0800][41.365s][info][gc,reloc    ] GC(145) y:                    Live             Garbage             Small              Medium             Large        
[2026-01-06T22:07:33.721+0800][41.365s][info][gc,reloc    ] GC(145) y: Eden               0M (0%)         3479M (85%)       1740 / 0              0 / 0              0 / 0        
[2026-01-06T22:07:33.721+0800][41.365s][info][gc,reloc    ] GC(145) y: Survivor 1          -                 2M (0%)           1 / 0              0 / 0              0 / 0        
[2026-01-06T22:07:33.721+0800][41.365s][info][gc,heap     ] GC(145) y: Min Capacity: 8M(0%)
[2026-01-06T22:07:33.721+0800][41.365s][info][gc,heap     ] GC(145) y: Max Capacity: 4096M(100%)
[2026-01-06T22:07:33.721+0800][41.365s][info][gc,heap     ] GC(145) y: Soft Max Capacity: 3686M(90%)
[2026-01-06T22:07:33.721+0800][41.365s][info][gc,heap     ] GC(145) y: Heap Statistics:
[2026-01-06T22:07:33.721+0800][41.365s][info][gc,heap     ] GC(145) y:                Mark Start          Mark End        Relocate Start      Relocate End           High               Low         
[2026-01-06T22:07:33.721+0800][41.365s][info][gc,heap     ] GC(145) y:  Capacity:     3498M (85%)        3498M (85%)        3498M (85%)        3498M (85%)        3498M (85%)        3498M (85%)    
[2026-01-06T22:07:33.721+0800][41.365s][info][gc,heap     ] GC(145) y:      Free:      612M (15%)         608M (15%)        4078M (100%)       4078M (100%)       4078M (100%)        608M (15%)    
[2026-01-06T22:07:33.721+0800][41.365s][info][gc,heap     ] GC(145) y:      Used:     3484M (85%)        3488M (85%)          18M (0%)           18M (0%)         3488M (85%)          18M (0%)     
[2026-01-06T22:07:33.721+0800][41.365s][info][gc,heap     ] GC(145) y: Young Generation Statistics:
[2026-01-06T22:07:33.721+0800][41.365s][info][gc,heap     ] GC(145) y:                Mark Start          Mark End        Relocate Start      Relocate End    
[2026-01-06T22:07:33.721+0800][41.365s][info][gc,heap     ] GC(145) y:      Used:     3482M (85%)        3486M (85%)          16M (0%)           16M (0%)     
[2026-01-06T22:07:33.721+0800][41.365s][info][gc,heap     ] GC(145) y:      Live:         -                 0M (0%)            0M (0%)            0M (0%)     
[2026-01-06T22:07:33.721+0800][41.365s][info][gc,heap     ] GC(145) y:   Garbage:         -              3481M (85%)           1M (0%)            1M (0%)     
[2026-01-06T22:07:33.721+0800][41.365s][info][gc,heap     ] GC(145) y: Allocated:         -                 4M (0%)           14M (0%)           14M (0%)     
[2026-01-06T22:07:33.721+0800][41.365s][info][gc,heap     ] GC(145) y: Reclaimed:         -                  -              3480M (85%)        3480M (85%)    
[2026-01-06T22:07:33.721+0800][41.365s][info][gc,heap     ] GC(145) y:  Promoted:         -                  -                 0M (0%)            0M (0%)     
[2026-01-06T22:07:33.721+0800][41.365s][info][gc,heap     ] GC(145) y: Compacted:         -                  -                  -                 0M (0%)     
[2026-01-06T22:07:33.721+0800][41.365s][info][gc,phases   ] GC(145) y: Young Generation 3484M(85%)->18M(0%) 0.005s
[2026-01-06T22:07:33.721+0800][41.365s][info][gc          ] GC(145) Minor Collection (High Usage) 3484M(85%)->18M(0%) 0.005s
[2026-01-06T22:07:33.800+0800][41.444s][info][gc          ] GC(146) Major Collection (Proactive)
[2026-01-06T22:07:33.800+0800][41.444s][info][gc,task     ] GC(146) Using 1 Workers for Young Generation
[2026-01-06T22:07:33.800+0800][41.444s][info][gc,task     ] GC(146) Using 1 Workers for Old Generation
[2026-01-06T22:07:33.800+0800][41.444s][info][gc,phases   ] GC(146) Y: Young Generation
[2026-01-06T22:07:33.801+0800][41.444s][info][gc,phases   ] GC(146) Y: Pause Mark Start (Major) 0.006ms
[2026-01-06T22:07:33.802+0800][41.446s][info][gc,phases   ] GC(146) Y: Concurrent Mark 1.647ms
[2026-01-06T22:07:33.802+0800][41.446s][info][gc,phases   ] GC(146) Y: Pause Mark End 0.005ms
[2026-01-06T22:07:33.802+0800][41.446s][info][gc,phases   ] GC(146) Y: Concurrent Mark Free 0.001ms
[2026-01-06T22:07:33.802+0800][41.446s][info][gc,phases   ] GC(146) Y: Concurrent Reset Relocation Set 0.000ms
[2026-01-06T22:07:33.802+0800][41.446s][info][gc,reloc    ] GC(146) Y: Using tenuring threshold: 1 (Computed)
[2026-01-06T22:07:33.802+0800][41.446s][info][gc,phases   ] GC(146) Y: Concurrent Select Relocation Set 0.087ms
[2026-01-06T22:07:33.802+0800][41.446s][info][gc,phases   ] GC(146) Y: Pause Relocate Start 0.002ms
[2026-01-06T22:07:33.802+0800][41.446s][info][gc,phases   ] GC(146) Y: Concurrent Relocate 0.010ms
[2026-01-06T22:07:33.802+0800][41.446s][info][gc,alloc    ] GC(146) Y:                         Mark Start        Mark End      Relocate Start    Relocate End   
[2026-01-06T22:07:33.802+0800][41.446s][info][gc,alloc    ] GC(146) Y: Allocation Stalls:          0                0                0                0         
[2026-01-06T22:07:33.802+0800][41.446s][info][gc,load     ] GC(146) Y: Load: 2.22 (22%) / 1.85 (18%) / 2.02 (20%)
[2026-01-06T22:07:33.802+0800][41.446s][info][gc,mmu      ] GC(146) Y: MMU: 2ms/97.4%, 5ms/98.6%, 10ms/99.3%, 20ms/99.5%, 50ms/99.8%, 100ms/99.9%
[2026-01-06T22:07:33.802+0800][41.446s][info][gc,marking  ] GC(146) Y: Mark: 1 stripe(s), 2 proactive flush(es), 1 terminate flush(es), 0 completion(s), 0 continuation(s) 
[2026-01-06T22:07:33.802+0800][41.446s][info][gc,nmethod  ] GC(146) Y: NMethods: 129 registered, 39 unregistered
[2026-01-06T22:07:33.802+0800][41.446s][info][gc,metaspace] GC(146) Y: Metaspace: 0M used, 0M committed, 1088M reserved
[2026-01-06T22:07:33.802+0800][41.446s][info][gc,reloc    ] GC(146) Y:                        Candidates     Selected     In-Place         Size        Empty    Relocated 
[2026-01-06T22:07:33.802+0800][41.446s][info][gc,reloc    ] GC(146) Y: Small Pages:                  211            0            0         422M         420M           0M 
[2026-01-06T22:07:33.802+0800][41.446s][info][gc,reloc    ] GC(146) Y: Medium Pages:                   0            0            0           0M           0M           0M 
[2026-01-06T22:07:33.802+0800][41.446s][info][gc,reloc    ] GC(146) Y: Large Pages:                    0            0            0           0M           0M           0M 
[2026-01-06T22:07:33.802+0800][41.446s][info][gc,reloc    ] GC(146) Y: Forwarding Usage: 0M
[2026-01-06T22:07:33.802+0800][41.446s][info][gc,reloc    ] GC(146) Y: Age Table:
[2026-01-06T22:07:33.802+0800][41.446s][info][gc,reloc    ] GC(146) Y:                    Live             Garbage             Small              Medium             Large        
[2026-01-06T22:07:33.802+0800][41.446s][info][gc,reloc    ] GC(146) Y: Eden               0M (0%)          419M (10%)        210 / 0              0 / 0              0 / 0        
[2026-01-06T22:07:33.802+0800][41.446s][info][gc,reloc    ] GC(146) Y: Survivor 1          -                 2M (0%)           1 / 0              0 / 0              0 / 0        
[2026-01-06T22:07:33.802+0800][41.446s][info][gc,heap     ] GC(146) Y: Min Capacity: 8M(0%)
[2026-01-06T22:07:33.802+0800][41.446s][info][gc,heap     ] GC(146) Y: Max Capacity: 4096M(100%)
[2026-01-06T22:07:33.802+0800][41.446s][info][gc,heap     ] GC(146) Y: Soft Max Capacity: 3686M(90%)
[2026-01-06T22:07:33.802+0800][41.446s][info][gc,heap     ] GC(146) Y: Heap Statistics:
[2026-01-06T22:07:33.802+0800][41.446s][info][gc,heap     ] GC(146) Y:                Mark Start          Mark End        Relocate Start      Relocate End           High               Low         
[2026-01-06T22:07:33.802+0800][41.446s][info][gc,heap     ] GC(146) Y:  Capacity:     3498M (85%)        3498M (85%)        3498M (85%)        3498M (85%)        3498M (85%)        3498M (85%)    
[2026-01-06T22:07:33.802+0800][41.446s][info][gc,heap     ] GC(146) Y:      Free:     3672M (90%)        3670M (90%)        4090M (100%)       4090M (100%)       4090M (100%)       3670M (90%)    
[2026-01-06T22:07:33.802+0800][41.446s][info][gc,heap     ] GC(146) Y:      Used:      424M (10%)         426M (10%)           6M (0%)            6M (0%)          426M (10%)           6M (0%)     
[2026-01-06T22:07:33.802+0800][41.446s][info][gc,heap     ] GC(146) Y: Young Generation Statistics:
[2026-01-06T22:07:33.802+0800][41.446s][info][gc,heap     ] GC(146) Y:                Mark Start          Mark End        Relocate Start      Relocate End    
[2026-01-06T22:07:33.802+0800][41.446s][info][gc,heap     ] GC(146) Y:      Used:      422M (10%)         424M (10%)           4M (0%)            4M (0%)     
[2026-01-06T22:07:33.802+0800][41.446s][info][gc,heap     ] GC(146) Y:      Live:         -                 0M (0%)            0M (0%)            0M (0%)     
[2026-01-06T22:07:33.802+0800][41.446s][info][gc,heap     ] GC(146) Y:   Garbage:         -               421M (10%)           1M (0%)            1M (0%)     
[2026-01-06T22:07:33.803+0800][41.446s][info][gc,heap     ] GC(146) Y: Allocated:         -                 2M (0%)            2M (0%)            2M (0%)     
[2026-01-06T22:07:33.803+0800][41.446s][info][gc,heap     ] GC(146) Y: Reclaimed:         -                  -               420M (10%)         420M (10%)    
[2026-01-06T22:07:33.803+0800][41.446s][info][gc,heap     ] GC(146) Y:  Promoted:         -                  -                 0M (0%)            0M (0%)     
[2026-01-06T22:07:33.803+0800][41.446s][info][gc,heap     ] GC(146) Y: Compacted:         -                  -                  -                 0M (0%)     
[2026-01-06T22:07:33.803+0800][41.446s][info][gc,phases   ] GC(146) Y: Young Generation 424M(10%)->6M(0%) 0.002s
[2026-01-06T22:07:33.803+0800][41.446s][info][gc,phases   ] GC(146) O: Old Generation
[2026-01-06T22:07:33.804+0800][41.447s][info][gc,phases   ] GC(146) O: Concurrent Mark 1.000ms
[2026-01-06T22:07:33.804+0800][41.447s][info][gc,phases   ] GC(146) O: Pause Mark End 0.005ms
[2026-01-06T22:07:33.804+0800][41.447s][info][gc,phases   ] GC(146) O: Concurrent Mark Free 0.001ms
[2026-01-06T22:07:33.804+0800][41.448s][info][gc,phases   ] GC(146) O: Concurrent Process Non-Strong 0.323ms
[2026-01-06T22:07:33.804+0800][41.448s][info][gc,phases   ] GC(146) O: Concurrent Reset Relocation Set 0.000ms
[2026-01-06T22:07:33.804+0800][41.448s][info][gc,phases   ] GC(146) O: Concurrent Select Relocation Set 0.017ms
[2026-01-06T22:07:33.804+0800][41.448s][info][gc,task     ] GC(146) O: Using 2 Workers for Old Generation
[2026-01-06T22:07:33.804+0800][41.448s][info][gc,task     ] GC(146) O: Using 1 Workers for Old Generation
[2026-01-06T22:07:33.804+0800][41.448s][info][gc,phases   ] GC(146) O: Concurrent Remap Roots 0.090ms
[2026-01-06T22:07:33.804+0800][41.448s][info][gc,phases   ] GC(146) O: Pause Relocate Start 0.002ms
[2026-01-06T22:07:33.804+0800][41.448s][info][gc,phases   ] GC(146) O: Concurrent Relocate 0.006ms
[2026-01-06T22:07:33.804+0800][41.448s][info][gc,alloc    ] GC(146) O:                         Mark Start        Mark End      Relocate Start    Relocate End   
[2026-01-06T22:07:33.804+0800][41.448s][info][gc,alloc    ] GC(146) O: Allocation Stalls:          0                0                0                0         
[2026-01-06T22:07:33.804+0800][41.448s][info][gc,load     ] GC(146) O: Load: 2.22 (22%) / 1.85 (18%) / 2.02 (20%)
[2026-01-06T22:07:33.804+0800][41.448s][info][gc,mmu      ] GC(146) O: MMU: 2ms/97.4%, 5ms/98.6%, 10ms/99.3%, 20ms/99.5%, 50ms/99.8%, 100ms/99.9%
[2026-01-06T22:07:33.804+0800][41.448s][info][gc,marking  ] GC(146) O: Mark: 1 stripe(s), 2 proactive flush(es), 1 terminate flush(es), 0 completion(s), 0 continuation(s) 
[2026-01-06T22:07:33.804+0800][41.448s][info][gc,nmethod  ] GC(146) O: NMethods: 129 registered, 39 unregistered
[2026-01-06T22:07:33.804+0800][41.448s][info][gc,metaspace] GC(146) O: Metaspace: 0M used, 0M committed, 1088M reserved
[2026-01-06T22:07:33.804+0800][41.448s][info][gc,ref      ] GC(146) O:                       Encountered   Discovered     Enqueued 
[2026-01-06T22:07:33.804+0800][41.448s][info][gc,ref      ] GC(146) O: Soft References:                1            0            0 
[2026-01-06T22:07:33.804+0800][41.448s][info][gc,ref      ] GC(146) O: Weak References:                6            0            0 
[2026-01-06T22:07:33.804+0800][41.448s][info][gc,ref      ] GC(146) O: Final References:               0            0            0 
[2026-01-06T22:07:33.804+0800][41.448s][info][gc,ref      ] GC(146) O: Phantom References:             1            1            0 
[2026-01-06T22:07:33.804+0800][41.448s][info][gc,reloc    ] GC(146) O:                        Candidates     Selected     In-Place         Size        Empty    Relocated 
[2026-01-06T22:07:33.804+0800][41.448s][info][gc,reloc    ] GC(146) O: Small Pages:                    1            0            0           2M           0M           0M 
[2026-01-06T22:07:33.804+0800][41.448s][info][gc,reloc    ] GC(146) O: Medium Pages:                   0            0            0           0M           0M           0M 
[2026-01-06T22:07:33.804+0800][41.448s][info][gc,reloc    ] GC(146) O: Large Pages:                    0            0            0           0M           0M           0M 
[2026-01-06T22:07:33.804+0800][41.448s][info][gc,reloc    ] GC(146) O: Forwarding Usage: 0M
[2026-01-06T22:07:33.804+0800][41.448s][info][gc,heap     ] GC(146) O: Min Capacity: 8M(0%)
[2026-01-06T22:07:33.804+0800][41.448s][info][gc,heap     ] GC(146) O: Max Capacity: 4096M(100%)
[2026-01-06T22:07:33.804+0800][41.448s][info][gc,heap     ] GC(146) O: Soft Max Capacity: 3686M(90%)
[2026-01-06T22:07:33.804+0800][41.448s][info][gc,heap     ] GC(146) O: Heap Statistics:
[2026-01-06T22:07:33.804+0800][41.448s][info][gc,heap     ] GC(146) O:                Mark Start          Mark End        Relocate Start      Relocate End           High               Low         
[2026-01-06T22:07:33.804+0800][41.448s][info][gc,heap     ] GC(146) O:  Capacity:     3498M (85%)        3498M (85%)        3498M (85%)        3498M (85%)        3498M (85%)        3498M (85%)    
[2026-01-06T22:07:33.804+0800][41.448s][info][gc,heap     ] GC(146) O:      Free:     3672M (90%)        4070M (99%)        4060M (99%)        4060M (99%)        4090M (100%)       3670M (90%)    
[2026-01-06T22:07:33.804+0800][41.448s][info][gc,heap     ] GC(146) O:      Used:      424M (10%)          26M (1%)           36M (1%)           36M (1%)          426M (10%)           6M (0%)     
[2026-01-06T22:07:33.804+0800][41.448s][info][gc,heap     ] GC(146) O: Old Generation Statistics:
[2026-01-06T22:07:33.804+0800][41.448s][info][gc,heap     ] GC(146) O:                Mark Start          Mark End        Relocate Start      Relocate End    
[2026-01-06T22:07:33.804+0800][41.448s][info][gc,heap     ] GC(146) O:      Used:        2M (0%)            2M (0%)            2M (0%)            2M (0%)     
[2026-01-06T22:07:33.804+0800][41.448s][info][gc,heap     ] GC(146) O:      Live:         -                 0M (0%)            0M (0%)            0M (0%)     
[2026-01-06T22:07:33.804+0800][41.448s][info][gc,heap     ] GC(146) O:   Garbage:         -                 1M (0%)            1M (0%)            1M (0%)     
[2026-01-06T22:07:33.804+0800][41.448s][info][gc,heap     ] GC(146) O: Allocated:         -                 0M (0%)            0M (0%)            0M (0%)     
[2026-01-06T22:07:33.804+0800][41.448s][info][gc,heap     ] GC(146) O: Reclaimed:         -                  -                 0M (0%)            0M (0%)     
[2026-01-06T22:07:33.804+0800][41.448s][info][gc,heap     ] GC(146) O: Compacted:         -                  -                  -                 0M (0%)     
[2026-01-06T22:07:33.804+0800][41.448s][info][gc,phases   ] GC(146) O: Old Generation 6M(0%)->36M(1%) 0.002s
[2026-01-06T22:07:33.804+0800][41.448s][info][gc          ] GC(146) Major Collection (Proactive) 424M(10%)->38M(1%) 0.004s
[2026-01-06T22:07:34.508+0800][42.152s][info][gc          ] GC(147) Minor Collection (High Usage)
[2026-01-06T22:07:34.508+0800][42.152s][info][gc,task     ] GC(147) Using 1 Workers for Young Generation
[2026-01-06T22:07:34.508+0800][42.152s][info][gc,phases   ] GC(147) y: Young Generation
[2026-01-06T22:07:34.508+0800][42.152s][info][gc,phases   ] GC(147) y: Pause Mark Start 0.012ms
[2026-01-06T22:07:34.509+0800][42.153s][info][gc,phases   ] GC(147) y: Concurrent Mark 0.572ms
[2026-01-06T22:07:34.509+0800][42.153s][info][gc,phases   ] GC(147) y: Pause Mark End 0.004ms
[2026-01-06T22:07:34.509+0800][42.153s][info][gc,phases   ] GC(147) y: Concurrent Mark Free 0.003ms
[2026-01-06T22:07:34.509+0800][42.153s][info][gc,phases   ] GC(147) y: Concurrent Reset Relocation Set 0.000ms
[2026-01-06T22:07:34.513+0800][42.157s][info][gc,reloc    ] GC(147) y: Using tenuring threshold: 1 (Computed)
[2026-01-06T22:07:34.513+0800][42.157s][info][gc,phases   ] GC(147) y: Concurrent Select Relocation Set 4.004ms
[2026-01-06T22:07:34.513+0800][42.157s][info][gc,phases   ] GC(147) y: Pause Relocate Start 0.002ms
[2026-01-06T22:07:34.513+0800][42.157s][info][gc,phases   ] GC(147) y: Concurrent Relocate 0.011ms
[2026-01-06T22:07:34.513+0800][42.157s][info][gc,alloc    ] GC(147) y:                         Mark Start        Mark End      Relocate Start    Relocate End   
[2026-01-06T22:07:34.513+0800][42.157s][info][gc,alloc    ] GC(147) y: Allocation Stalls:          0                0                0                0         
[2026-01-06T22:07:34.513+0800][42.157s][info][gc,load     ] GC(147) y: Load: 2.22 (22%) / 1.85 (18%) / 2.02 (20%)
[2026-01-06T22:07:34.513+0800][42.157s][info][gc,mmu      ] GC(147) y: MMU: 2ms/97.4%, 5ms/98.6%, 10ms/99.3%, 20ms/99.5%, 50ms/99.8%, 100ms/99.9%
[2026-01-06T22:07:34.513+0800][42.157s][info][gc,marking  ] GC(147) y: Mark: 1 stripe(s), 2 proactive flush(es), 1 terminate flush(es), 0 completion(s), 0 continuation(s) 
[2026-01-06T22:07:34.513+0800][42.157s][info][gc,nmethod  ] GC(147) y: NMethods: 129 registered, 39 unregistered
[2026-01-06T22:07:34.513+0800][42.157s][info][gc,metaspace] GC(147) y: Metaspace: 0M used, 0M committed, 1088M reserved
[2026-01-06T22:07:34.513+0800][42.157s][info][gc,reloc    ] GC(147) y:                        Candidates     Selected     In-Place         Size        Empty    Relocated 
[2026-01-06T22:07:34.513+0800][42.157s][info][gc,reloc    ] GC(147) y: Small Pages:                 1741            0            0        3482M        3480M           0M 
[2026-01-06T22:07:34.513+0800][42.157s][info][gc,reloc    ] GC(147) y: Medium Pages:                   0            0            0           0M           0M           0M 
[2026-01-06T22:07:34.513+0800][42.157s][info][gc,reloc    ] GC(147) y: Large Pages:                    0            0            0           0M           0M           0M 
[2026-01-06T22:07:34.513+0800][42.157s][info][gc,reloc    ] GC(147) y: Forwarding Usage: 0M
[2026-01-06T22:07:34.513+0800][42.157s][info][gc,reloc    ] GC(147) y: Age Table:
[2026-01-06T22:07:34.513+0800][42.157s][info][gc,reloc    ] GC(147) y:                    Live             Garbage             Small              Medium             Large        
[2026-01-06T22:07:34.513+0800][42.157s][info][gc,reloc    ] GC(147) y: Eden               0M (0%)         3479M (85%)       1740 / 0              0 / 0              0 / 0        
[2026-01-06T22:07:34.513+0800][42.157s][info][gc,reloc    ] GC(147) y: Survivor 1          -                 2M (0%)           1 / 0              0 / 0              0 / 0        
[2026-01-06T22:07:34.513+0800][42.157s][info][gc,heap     ] GC(147) y: Min Capacity: 8M(0%)
[2026-01-06T22:07:34.513+0800][42.157s][info][gc,heap     ] GC(147) y: Max Capacity: 4096M(100%)
[2026-01-06T22:07:34.513+0800][42.157s][info][gc,heap     ] GC(147) y: Soft Max Capacity: 3686M(90%)
[2026-01-06T22:07:34.513+0800][42.157s][info][gc,heap     ] GC(147) y: Heap Statistics:
[2026-01-06T22:07:34.513+0800][42.157s][info][gc,heap     ] GC(147) y:                Mark Start          Mark End        Relocate Start      Relocate End           High               Low         
[2026-01-06T22:07:34.513+0800][42.157s][info][gc,heap     ] GC(147) y:  Capacity:     3498M (85%)        3498M (85%)        3498M (85%)        3498M (85%)        3498M (85%)        3498M (85%)    
[2026-01-06T22:07:34.513+0800][42.157s][info][gc,heap     ] GC(147) y:      Free:      612M (15%)         608M (15%)        4080M (100%)       4080M (100%)       4080M (100%)        608M (15%)    
[2026-01-06T22:07:34.513+0800][42.157s][info][gc,heap     ] GC(147) y:      Used:     3484M (85%)        3488M (85%)          16M (0%)           16M (0%)         3488M (85%)          16M (0%)     
[2026-01-06T22:07:34.513+0800][42.157s][info][gc,heap     ] GC(147) y: Young Generation Statistics:
[2026-01-06T22:07:34.513+0800][42.157s][info][gc,heap     ] GC(147) y:                Mark Start          Mark End        Relocate Start      Relocate End    
[2026-01-06T22:07:34.513+0800][42.157s][info][gc,heap     ] GC(147) y:      Used:     3482M (85%)        3486M (85%)          14M (0%)           14M (0%)     
[2026-01-06T22:07:34.513+0800][42.157s][info][gc,heap     ] GC(147) y:      Live:         -                 0M (0%)            0M (0%)            0M (0%)     
[2026-01-06T22:07:34.513+0800][42.157s][info][gc,heap     ] GC(147) y:   Garbage:         -              3481M (85%)           1M (0%)            1M (0%)     
[2026-01-06T22:07:34.513+0800][42.157s][info][gc,heap     ] GC(147) y: Allocated:         -                 4M (0%)           12M (0%)           12M (0%)     
[2026-01-06T22:07:34.513+0800][42.157s][info][gc,heap     ] GC(147) y: Reclaimed:         -                  -              3480M (85%)        3480M (85%)    
[2026-01-06T22:07:34.513+0800][42.157s][info][gc,heap     ] GC(147) y:  Promoted:         -                  -                 0M (0%)            0M (0%)     
[2026-01-06T22:07:34.513+0800][42.157s][info][gc,heap     ] GC(147) y: Compacted:         -                  -                  -                 0M (0%)     
[2026-01-06T22:07:34.513+0800][42.157s][info][gc,phases   ] GC(147) y: Young Generation 3484M(85%)->16M(0%) 0.005s
[2026-01-06T22:07:34.513+0800][42.157s][info][gc          ] GC(147) Minor Collection (High Usage) 3484M(85%)->16M(0%) 0.005s
[2026-01-06T22:07:34.617+0800][42.260s][info][gc          ] GC(148) Major Collection (Proactive)
[2026-01-06T22:07:34.617+0800][42.260s][info][gc,task     ] GC(148) Using 1 Workers for Young Generation
[2026-01-06T22:07:34.617+0800][42.260s][info][gc,task     ] GC(148) Using 1 Workers for Old Generation
[2026-01-06T22:07:34.617+0800][42.261s][info][gc,phases   ] GC(148) Y: Young Generation
[2026-01-06T22:07:34.617+0800][42.261s][info][gc,phases   ] GC(148) Y: Pause Mark Start (Major) 0.004ms
[2026-01-06T22:07:34.617+0800][42.261s][info][gc,phases   ] GC(148) Y: Concurrent Mark 0.229ms
[2026-01-06T22:07:34.617+0800][42.261s][info][gc,phases   ] GC(148) Y: Pause Mark End 0.003ms
[2026-01-06T22:07:34.617+0800][42.261s][info][gc,phases   ] GC(148) Y: Concurrent Mark Free 0.000ms
[2026-01-06T22:07:34.617+0800][42.261s][info][gc,phases   ] GC(148) Y: Concurrent Reset Relocation Set 0.000ms
[2026-01-06T22:07:34.617+0800][42.261s][info][gc,reloc    ] GC(148) Y: Using tenuring threshold: 1 (Computed)
[2026-01-06T22:07:34.617+0800][42.261s][info][gc,phases   ] GC(148) Y: Concurrent Select Relocation Set 0.103ms
[2026-01-06T22:07:34.617+0800][42.261s][info][gc,phases   ] GC(148) Y: Pause Relocate Start 0.001ms
[2026-01-06T22:07:34.617+0800][42.261s][info][gc,phases   ] GC(148) Y: Concurrent Relocate 0.011ms
[2026-01-06T22:07:34.617+0800][42.261s][info][gc,alloc    ] GC(148) Y:                         Mark Start        Mark End      Relocate Start    Relocate End   
[2026-01-06T22:07:34.617+0800][42.261s][info][gc,alloc    ] GC(148) Y: Allocation Stalls:          0                0                0                0         
[2026-01-06T22:07:34.617+0800][42.261s][info][gc,load     ] GC(148) Y: Load: 2.22 (22%) / 1.85 (18%) / 2.02 (20%)
[2026-01-06T22:07:34.617+0800][42.261s][info][gc,mmu      ] GC(148) Y: MMU: 2ms/97.4%, 5ms/98.6%, 10ms/99.3%, 20ms/99.5%, 50ms/99.8%, 100ms/99.9%
[2026-01-06T22:07:34.617+0800][42.261s][info][gc,marking  ] GC(148) Y: Mark: 1 stripe(s), 2 proactive flush(es), 1 terminate flush(es), 0 completion(s), 0 continuation(s) 
[2026-01-06T22:07:34.617+0800][42.261s][info][gc,nmethod  ] GC(148) Y: NMethods: 129 registered, 39 unregistered
[2026-01-06T22:07:34.617+0800][42.261s][info][gc,metaspace] GC(148) Y: Metaspace: 0M used, 0M committed, 1088M reserved
[2026-01-06T22:07:34.617+0800][42.261s][info][gc,reloc    ] GC(148) Y:                        Candidates     Selected     In-Place         Size        Empty    Relocated 
[2026-01-06T22:07:34.617+0800][42.261s][info][gc,reloc    ] GC(148) Y: Small Pages:                  256            0            0         512M         510M           0M 
[2026-01-06T22:07:34.617+0800][42.261s][info][gc,reloc    ] GC(148) Y: Medium Pages:                   0            0            0           0M           0M           0M 
[2026-01-06T22:07:34.617+0800][42.261s][info][gc,reloc    ] GC(148) Y: Large Pages:                    0            0            0           0M           0M           0M 
[2026-01-06T22:07:34.617+0800][42.261s][info][gc,reloc    ] GC(148) Y: Forwarding Usage: 0M
[2026-01-06T22:07:34.617+0800][42.261s][info][gc,reloc    ] GC(148) Y: Age Table:
[2026-01-06T22:07:34.617+0800][42.261s][info][gc,reloc    ] GC(148) Y:                    Live             Garbage             Small              Medium             Large        
[2026-01-06T22:07:34.617+0800][42.261s][info][gc,reloc    ] GC(148) Y: Eden               0M (0%)          509M (12%)        255 / 0              0 / 0              0 / 0        
[2026-01-06T22:07:34.617+0800][42.261s][info][gc,reloc    ] GC(148) Y: Survivor 1          -                 2M (0%)           1 / 0              0 / 0              0 / 0        
[2026-01-06T22:07:34.617+0800][42.261s][info][gc,heap     ] GC(148) Y: Min Capacity: 8M(0%)
[2026-01-06T22:07:34.617+0800][42.261s][info][gc,heap     ] GC(148) Y: Max Capacity: 4096M(100%)
[2026-01-06T22:07:34.617+0800][42.261s][info][gc,heap     ] GC(148) Y: Soft Max Capacity: 3686M(90%)
[2026-01-06T22:07:34.617+0800][42.261s][info][gc,heap     ] GC(148) Y: Heap Statistics:
[2026-01-06T22:07:34.617+0800][42.261s][info][gc,heap     ] GC(148) Y:                Mark Start          Mark End        Relocate Start      Relocate End           High               Low         
[2026-01-06T22:07:34.617+0800][42.261s][info][gc,heap     ] GC(148) Y:  Capacity:     3498M (85%)        3498M (85%)        3498M (85%)        3498M (85%)        3498M (85%)        3498M (85%)    
[2026-01-06T22:07:34.617+0800][42.261s][info][gc,heap     ] GC(148) Y:      Free:     3582M (87%)        3580M (87%)        4088M (100%)       4088M (100%)       4088M (100%)       3580M (87%)    
[2026-01-06T22:07:34.617+0800][42.261s][info][gc,heap     ] GC(148) Y:      Used:      514M (13%)         516M (13%)           8M (0%)            8M (0%)          516M (13%)           8M (0%)     
[2026-01-06T22:07:34.617+0800][42.261s][info][gc,heap     ] GC(148) Y: Young Generation Statistics:
[2026-01-06T22:07:34.617+0800][42.261s][info][gc,heap     ] GC(148) Y:                Mark Start          Mark End        Relocate Start      Relocate End    
[2026-01-06T22:07:34.617+0800][42.261s][info][gc,heap     ] GC(148) Y:      Used:      512M (12%)         514M (13%)           6M (0%)            6M (0%)     
[2026-01-06T22:07:34.617+0800][42.261s][info][gc,heap     ] GC(148) Y:      Live:         -                 0M (0%)            0M (0%)            0M (0%)     
[2026-01-06T22:07:34.617+0800][42.261s][info][gc,heap     ] GC(148) Y:   Garbage:         -               511M (12%)           1M (0%)            1M (0%)     
[2026-01-06T22:07:34.617+0800][42.261s][info][gc,heap     ] GC(148) Y: Allocated:         -                 2M (0%)            4M (0%)            4M (0%)     
[2026-01-06T22:07:34.617+0800][42.261s][info][gc,heap     ] GC(148) Y: Reclaimed:         -                  -               510M (12%)         510M (12%)    
[2026-01-06T22:07:34.617+0800][42.261s][info][gc,heap     ] GC(148) Y:  Promoted:         -                  -                 0M (0%)            0M (0%)     
[2026-01-06T22:07:34.617+0800][42.261s][info][gc,heap     ] GC(148) Y: Compacted:         -                  -                  -                 0M (0%)     
[2026-01-06T22:07:34.617+0800][42.261s][info][gc,phases   ] GC(148) Y: Young Generation 514M(13%)->8M(0%) 0.001s
[2026-01-06T22:07:34.617+0800][42.261s][info][gc,phases   ] GC(148) O: Old Generation
[2026-01-06T22:07:34.618+0800][42.262s][info][gc,phases   ] GC(148) O: Concurrent Mark 0.893ms
[2026-01-06T22:07:34.618+0800][42.262s][info][gc,phases   ] GC(148) O: Pause Mark End 0.008ms
[2026-01-06T22:07:34.618+0800][42.262s][info][gc,phases   ] GC(148) O: Concurrent Mark Free 0.000ms
[2026-01-06T22:07:34.619+0800][42.262s][info][gc,phases   ] GC(148) O: Concurrent Process Non-Strong 0.322ms
[2026-01-06T22:07:34.619+0800][42.262s][info][gc,phases   ] GC(148) O: Concurrent Reset Relocation Set 0.000ms
[2026-01-06T22:07:34.619+0800][42.262s][info][gc,phases   ] GC(148) O: Concurrent Select Relocation Set 0.016ms
[2026-01-06T22:07:34.619+0800][42.262s][info][gc,task     ] GC(148) O: Using 2 Workers for Old Generation
[2026-01-06T22:07:34.619+0800][42.263s][info][gc,task     ] GC(148) O: Using 1 Workers for Old Generation
[2026-01-06T22:07:34.619+0800][42.263s][info][gc,phases   ] GC(148) O: Concurrent Remap Roots 0.088ms
[2026-01-06T22:07:34.619+0800][42.263s][info][gc,phases   ] GC(148) O: Pause Relocate Start 0.001ms
[2026-01-06T22:07:34.619+0800][42.263s][info][gc,phases   ] GC(148) O: Concurrent Relocate 0.008ms
[2026-01-06T22:07:34.619+0800][42.263s][info][gc,alloc    ] GC(148) O:                         Mark Start        Mark End      Relocate Start    Relocate End   
[2026-01-06T22:07:34.619+0800][42.263s][info][gc,alloc    ] GC(148) O: Allocation Stalls:          0                0                0                0         
[2026-01-06T22:07:34.619+0800][42.263s][info][gc,load     ] GC(148) O: Load: 2.22 (22%) / 1.85 (18%) / 2.02 (20%)
[2026-01-06T22:07:34.619+0800][42.263s][info][gc,mmu      ] GC(148) O: MMU: 2ms/97.4%, 5ms/98.6%, 10ms/99.3%, 20ms/99.5%, 50ms/99.8%, 100ms/99.9%
[2026-01-06T22:07:34.619+0800][42.263s][info][gc,marking  ] GC(148) O: Mark: 1 stripe(s), 2 proactive flush(es), 1 terminate flush(es), 0 completion(s), 0 continuation(s) 
[2026-01-06T22:07:34.619+0800][42.263s][info][gc,nmethod  ] GC(148) O: NMethods: 129 registered, 39 unregistered
[2026-01-06T22:07:34.619+0800][42.263s][info][gc,metaspace] GC(148) O: Metaspace: 0M used, 0M committed, 1088M reserved
[2026-01-06T22:07:34.619+0800][42.263s][info][gc,ref      ] GC(148) O:                       Encountered   Discovered     Enqueued 
[2026-01-06T22:07:34.619+0800][42.263s][info][gc,ref      ] GC(148) O: Soft References:                1            0            0 
[2026-01-06T22:07:34.619+0800][42.263s][info][gc,ref      ] GC(148) O: Weak References:                6            0            0 
[2026-01-06T22:07:34.619+0800][42.263s][info][gc,ref      ] GC(148) O: Final References:               0            0            0 
[2026-01-06T22:07:34.619+0800][42.263s][info][gc,ref      ] GC(148) O: Phantom References:             1            1            0 
[2026-01-06T22:07:34.619+0800][42.263s][info][gc,reloc    ] GC(148) O:                        Candidates     Selected     In-Place         Size        Empty    Relocated 
[2026-01-06T22:07:34.619+0800][42.263s][info][gc,reloc    ] GC(148) O: Small Pages:                    1            0            0           2M           0M           0M 
[2026-01-06T22:07:34.619+0800][42.263s][info][gc,reloc    ] GC(148) O: Medium Pages:                   0            0            0           0M           0M           0M 
[2026-01-06T22:07:34.619+0800][42.263s][info][gc,reloc    ] GC(148) O: Large Pages:                    0            0            0           0M           0M           0M 
[2026-01-06T22:07:34.619+0800][42.263s][info][gc,reloc    ] GC(148) O: Forwarding Usage: 0M
[2026-01-06T22:07:34.619+0800][42.263s][info][gc,heap     ] GC(148) O: Min Capacity: 8M(0%)
[2026-01-06T22:07:34.619+0800][42.263s][info][gc,heap     ] GC(148) O: Max Capacity: 4096M(100%)
[2026-01-06T22:07:34.619+0800][42.263s][info][gc,heap     ] GC(148) O: Soft Max Capacity: 3686M(90%)
[2026-01-06T22:07:34.619+0800][42.263s][info][gc,heap     ] GC(148) O: Heap Statistics:
[2026-01-06T22:07:34.619+0800][42.263s][info][gc,heap     ] GC(148) O:                Mark Start          Mark End        Relocate Start      Relocate End           High               Low         
[2026-01-06T22:07:34.619+0800][42.263s][info][gc,heap     ] GC(148) O:  Capacity:     3498M (85%)        3498M (85%)        3498M (85%)        3498M (85%)        3498M (85%)        3498M (85%)    
[2026-01-06T22:07:34.619+0800][42.263s][info][gc,heap     ] GC(148) O:      Free:     3582M (87%)        4068M (99%)        4060M (99%)        4060M (99%)        4088M (100%)       3580M (87%)    
[2026-01-06T22:07:34.619+0800][42.263s][info][gc,heap     ] GC(148) O:      Used:      514M (13%)          28M (1%)           36M (1%)           36M (1%)          516M (13%)           8M (0%)     
[2026-01-06T22:07:34.619+0800][42.263s][info][gc,heap     ] GC(148) O: Old Generation Statistics:
[2026-01-06T22:07:34.619+0800][42.263s][info][gc,heap     ] GC(148) O:                Mark Start          Mark End        Relocate Start      Relocate End    
[2026-01-06T22:07:34.619+0800][42.263s][info][gc,heap     ] GC(148) O:      Used:        2M (0%)            2M (0%)            2M (0%)            2M (0%)     
[2026-01-06T22:07:34.619+0800][42.263s][info][gc,heap     ] GC(148) O:      Live:         -                 0M (0%)            0M (0%)            0M (0%)     
[2026-01-06T22:07:34.619+0800][42.263s][info][gc,heap     ] GC(148) O:   Garbage:         -                 1M (0%)            1M (0%)            1M (0%)     
[2026-01-06T22:07:34.619+0800][42.263s][info][gc,heap     ] GC(148) O: Allocated:         -                 0M (0%)            0M (0%)            0M (0%)     
[2026-01-06T22:07:34.619+0800][42.263s][info][gc,heap     ] GC(148) O: Reclaimed:         -                  -                 0M (0%)            0M (0%)     
[2026-01-06T22:07:34.619+0800][42.263s][info][gc,heap     ] GC(148) O: Compacted:         -                  -                  -                 0M (0%)     
[2026-01-06T22:07:34.619+0800][42.263s][info][gc,phases   ] GC(148) O: Old Generation 10M(0%)->36M(1%) 0.001s
[2026-01-06T22:07:34.619+0800][42.263s][info][gc          ] GC(148) Major Collection (Proactive) 514M(13%)->38M(1%) 0.002s
[2026-01-06T22:07:35.211+0800][42.855s][info][gc          ] GC(149) Major Collection (Proactive)
[2026-01-06T22:07:35.211+0800][42.855s][info][gc,task     ] GC(149) Using 1 Workers for Young Generation
[2026-01-06T22:07:35.211+0800][42.855s][info][gc,task     ] GC(149) Using 1 Workers for Old Generation
[2026-01-06T22:07:35.211+0800][42.855s][info][gc,phases   ] GC(149) Y: Young Generation
[2026-01-06T22:07:35.211+0800][42.855s][info][gc,phases   ] GC(149) Y: Pause Mark Start (Major) 0.013ms
[2026-01-06T22:07:35.214+0800][42.857s][info][gc,phases   ] GC(149) Y: Concurrent Mark 2.340ms
[2026-01-06T22:07:35.214+0800][42.858s][info][gc,phases   ] GC(149) Y: Pause Mark End 0.003ms
[2026-01-06T22:07:35.214+0800][42.858s][info][gc,phases   ] GC(149) Y: Concurrent Mark Free 0.003ms
[2026-01-06T22:07:35.214+0800][42.858s][info][gc,phases   ] GC(149) Y: Concurrent Reset Relocation Set 0.000ms
[2026-01-06T22:07:35.216+0800][42.860s][info][gc,reloc    ] GC(149) Y: Using tenuring threshold: 1 (Computed)
[2026-01-06T22:07:35.216+0800][42.860s][info][gc,phases   ] GC(149) Y: Concurrent Select Relocation Set 2.268ms
[2026-01-06T22:07:35.218+0800][42.862s][info][gc,phases   ] GC(149) Y: Pause Relocate Start 0.003ms
[2026-01-06T22:07:35.218+0800][42.862s][info][gc,phases   ] GC(149) Y: Concurrent Relocate 0.011ms
[2026-01-06T22:07:35.218+0800][42.862s][info][gc,alloc    ] GC(149) Y:                         Mark Start        Mark End      Relocate Start    Relocate End   
[2026-01-06T22:07:35.218+0800][42.862s][info][gc,alloc    ] GC(149) Y: Allocation Stalls:          0                0                0                0         
[2026-01-06T22:07:35.218+0800][42.862s][info][gc,load     ] GC(149) Y: Load: 2.22 (22%) / 1.85 (18%) / 2.02 (20%)
[2026-01-06T22:07:35.218+0800][42.862s][info][gc,mmu      ] GC(149) Y: MMU: 2ms/97.4%, 5ms/98.6%, 10ms/99.3%, 20ms/99.5%, 50ms/99.8%, 100ms/99.9%
[2026-01-06T22:07:35.218+0800][42.862s][info][gc,marking  ] GC(149) Y: Mark: 1 stripe(s), 2 proactive flush(es), 1 terminate flush(es), 0 completion(s), 0 continuation(s) 
[2026-01-06T22:07:35.218+0800][42.862s][info][gc,nmethod  ] GC(149) Y: NMethods: 129 registered, 39 unregistered
[2026-01-06T22:07:35.218+0800][42.862s][info][gc,metaspace] GC(149) Y: Metaspace: 0M used, 0M committed, 1088M reserved
[2026-01-06T22:07:35.218+0800][42.862s][info][gc,reloc    ] GC(149) Y:                        Candidates     Selected     In-Place         Size        Empty    Relocated 
[2026-01-06T22:07:35.218+0800][42.862s][info][gc,reloc    ] GC(149) Y: Small Pages:                 1621            0            0        3242M        3240M           0M 
[2026-01-06T22:07:35.218+0800][42.862s][info][gc,reloc    ] GC(149) Y: Medium Pages:                   0            0            0           0M           0M           0M 
[2026-01-06T22:07:35.218+0800][42.862s][info][gc,reloc    ] GC(149) Y: Large Pages:                    0            0            0           0M           0M           0M 
[2026-01-06T22:07:35.218+0800][42.862s][info][gc,reloc    ] GC(149) Y: Forwarding Usage: 0M
[2026-01-06T22:07:35.218+0800][42.862s][info][gc,reloc    ] GC(149) Y: Age Table:
[2026-01-06T22:07:35.218+0800][42.862s][info][gc,reloc    ] GC(149) Y:                    Live             Garbage             Small              Medium             Large        
[2026-01-06T22:07:35.218+0800][42.862s][info][gc,reloc    ] GC(149) Y: Eden               0M (0%)         3239M (79%)       1620 / 0              0 / 0              0 / 0        
[2026-01-06T22:07:35.218+0800][42.862s][info][gc,reloc    ] GC(149) Y: Survivor 1          -                 2M (0%)           1 / 0              0 / 0              0 / 0        
[2026-01-06T22:07:35.218+0800][42.862s][info][gc,heap     ] GC(149) Y: Min Capacity: 8M(0%)
[2026-01-06T22:07:35.218+0800][42.862s][info][gc,heap     ] GC(149) Y: Max Capacity: 4096M(100%)
[2026-01-06T22:07:35.218+0800][42.862s][info][gc,heap     ] GC(149) Y: Soft Max Capacity: 3686M(90%)
[2026-01-06T22:07:35.218+0800][42.862s][info][gc,heap     ] GC(149) Y: Heap Statistics:
[2026-01-06T22:07:35.218+0800][42.862s][info][gc,heap     ] GC(149) Y:                Mark Start          Mark End        Relocate Start      Relocate End           High               Low         
[2026-01-06T22:07:35.218+0800][42.862s][info][gc,heap     ] GC(149) Y:  Capacity:     3498M (85%)        3498M (85%)        3498M (85%)        3498M (85%)        3498M (85%)        3498M (85%)    
[2026-01-06T22:07:35.218+0800][42.862s][info][gc,heap     ] GC(149) Y:      Free:      852M (21%)         848M (21%)        4078M (100%)       4078M (100%)       4078M (100%)        848M (21%)    
[2026-01-06T22:07:35.218+0800][42.862s][info][gc,heap     ] GC(149) Y:      Used:     3244M (79%)        3248M (79%)          18M (0%)           18M (0%)         3248M (79%)          18M (0%)     
[2026-01-06T22:07:35.218+0800][42.862s][info][gc,heap     ] GC(149) Y: Young Generation Statistics:
[2026-01-06T22:07:35.218+0800][42.862s][info][gc,heap     ] GC(149) Y:                Mark Start          Mark End        Relocate Start      Relocate End    
[2026-01-06T22:07:35.218+0800][42.862s][info][gc,heap     ] GC(149) Y:      Used:     3242M (79%)        3246M (79%)          16M (0%)           16M (0%)     
[2026-01-06T22:07:35.218+0800][42.862s][info][gc,heap     ] GC(149) Y:      Live:         -                 0M (0%)            0M (0%)            0M (0%)     
[2026-01-06T22:07:35.218+0800][42.862s][info][gc,heap     ] GC(149) Y:   Garbage:         -              3241M (79%)           1M (0%)            1M (0%)     
[2026-01-06T22:07:35.218+0800][42.862s][info][gc,heap     ] GC(149) Y: Allocated:         -                 4M (0%)           14M (0%)           14M (0%)     
[2026-01-06T22:07:35.218+0800][42.862s][info][gc,heap     ] GC(149) Y: Reclaimed:         -                  -              3240M (79%)        3240M (79%)    
[2026-01-06T22:07:35.218+0800][42.862s][info][gc,heap     ] GC(149) Y:  Promoted:         -                  -                 0M (0%)            0M (0%)     
[2026-01-06T22:07:35.218+0800][42.862s][info][gc,heap     ] GC(149) Y: Compacted:         -                  -                  -                 0M (0%)     
[2026-01-06T22:07:35.218+0800][42.862s][info][gc,phases   ] GC(149) Y: Young Generation 3244M(79%)->18M(0%) 0.007s
[2026-01-06T22:07:35.218+0800][42.862s][info][gc,phases   ] GC(149) O: Old Generation
[2026-01-06T22:07:35.219+0800][42.863s][info][gc,phases   ] GC(149) O: Concurrent Mark 0.964ms
[2026-01-06T22:07:35.219+0800][42.863s][info][gc,phases   ] GC(149) O: Pause Mark End 0.005ms
[2026-01-06T22:07:35.219+0800][42.863s][info][gc,phases   ] GC(149) O: Concurrent Mark Free 0.000ms
[2026-01-06T22:07:35.220+0800][42.864s][info][gc,phases   ] GC(149) O: Concurrent Process Non-Strong 0.335ms
[2026-01-06T22:07:35.220+0800][42.864s][info][gc,phases   ] GC(149) O: Concurrent Reset Relocation Set 0.000ms
[2026-01-06T22:07:35.220+0800][42.864s][info][gc,phases   ] GC(149) O: Concurrent Select Relocation Set 0.016ms
[2026-01-06T22:07:35.220+0800][42.864s][info][gc,task     ] GC(149) O: Using 2 Workers for Old Generation
[2026-01-06T22:07:35.220+0800][42.864s][info][gc,task     ] GC(149) O: Using 1 Workers for Old Generation
[2026-01-06T22:07:35.220+0800][42.864s][info][gc,phases   ] GC(149) O: Concurrent Remap Roots 0.085ms
[2026-01-06T22:07:35.220+0800][42.864s][info][gc,phases   ] GC(149) O: Pause Relocate Start 0.001ms
[2026-01-06T22:07:35.220+0800][42.864s][info][gc,phases   ] GC(149) O: Concurrent Relocate 0.008ms
[2026-01-06T22:07:35.220+0800][42.864s][info][gc,alloc    ] GC(149) O:                         Mark Start        Mark End      Relocate Start    Relocate End   
[2026-01-06T22:07:35.220+0800][42.864s][info][gc,alloc    ] GC(149) O: Allocation Stalls:          0                0                0                0         
[2026-01-06T22:07:35.220+0800][42.864s][info][gc,load     ] GC(149) O: Load: 2.22 (22%) / 1.85 (18%) / 2.02 (20%)
[2026-01-06T22:07:35.220+0800][42.864s][info][gc,mmu      ] GC(149) O: MMU: 2ms/97.4%, 5ms/98.6%, 10ms/99.3%, 20ms/99.5%, 50ms/99.8%, 100ms/99.9%
[2026-01-06T22:07:35.220+0800][42.864s][info][gc,marking  ] GC(149) O: Mark: 1 stripe(s), 2 proactive flush(es), 1 terminate flush(es), 0 completion(s), 0 continuation(s) 
[2026-01-06T22:07:35.220+0800][42.864s][info][gc,nmethod  ] GC(149) O: NMethods: 129 registered, 39 unregistered
[2026-01-06T22:07:35.220+0800][42.864s][info][gc,metaspace] GC(149) O: Metaspace: 0M used, 0M committed, 1088M reserved
[2026-01-06T22:07:35.220+0800][42.864s][info][gc,ref      ] GC(149) O:                       Encountered   Discovered     Enqueued 
[2026-01-06T22:07:35.220+0800][42.864s][info][gc,ref      ] GC(149) O: Soft References:                1            0            0 
[2026-01-06T22:07:35.220+0800][42.864s][info][gc,ref      ] GC(149) O: Weak References:                6            0            0 
[2026-01-06T22:07:35.220+0800][42.864s][info][gc,ref      ] GC(149) O: Final References:               0            0            0 
[2026-01-06T22:07:35.220+0800][42.864s][info][gc,ref      ] GC(149) O: Phantom References:             1            1            0 
[2026-01-06T22:07:35.220+0800][42.864s][info][gc,reloc    ] GC(149) O:                        Candidates     Selected     In-Place         Size        Empty    Relocated 
[2026-01-06T22:07:35.220+0800][42.864s][info][gc,reloc    ] GC(149) O: Small Pages:                    1            0            0           2M           0M           0M 
[2026-01-06T22:07:35.220+0800][42.864s][info][gc,reloc    ] GC(149) O: Medium Pages:                   0            0            0           0M           0M           0M 
[2026-01-06T22:07:35.220+0800][42.864s][info][gc,reloc    ] GC(149) O: Large Pages:                    0            0            0           0M           0M           0M 
[2026-01-06T22:07:35.220+0800][42.864s][info][gc,reloc    ] GC(149) O: Forwarding Usage: 0M
[2026-01-06T22:07:35.220+0800][42.864s][info][gc,heap     ] GC(149) O: Min Capacity: 8M(0%)
[2026-01-06T22:07:35.220+0800][42.864s][info][gc,heap     ] GC(149) O: Max Capacity: 4096M(100%)
[2026-01-06T22:07:35.220+0800][42.864s][info][gc,heap     ] GC(149) O: Soft Max Capacity: 3686M(90%)
[2026-01-06T22:07:35.220+0800][42.864s][info][gc,heap     ] GC(149) O: Heap Statistics:
[2026-01-06T22:07:35.220+0800][42.864s][info][gc,heap     ] GC(149) O:                Mark Start          Mark End        Relocate Start      Relocate End           High               Low         
[2026-01-06T22:07:35.220+0800][42.864s][info][gc,heap     ] GC(149) O:  Capacity:     3498M (85%)        3498M (85%)        3498M (85%)        3498M (85%)        3498M (85%)        3498M (85%)    
[2026-01-06T22:07:35.220+0800][42.864s][info][gc,heap     ] GC(149) O:      Free:      852M (21%)        4072M (99%)        4068M (99%)        4068M (99%)        4078M (100%)        848M (21%)    
[2026-01-06T22:07:35.220+0800][42.864s][info][gc,heap     ] GC(149) O:      Used:     3244M (79%)          24M (1%)           28M (1%)           28M (1%)         3248M (79%)          18M (0%)     
[2026-01-06T22:07:35.220+0800][42.864s][info][gc,heap     ] GC(149) O: Old Generation Statistics:
[2026-01-06T22:07:35.220+0800][42.864s][info][gc,heap     ] GC(149) O:                Mark Start          Mark End        Relocate Start      Relocate End    
[2026-01-06T22:07:35.220+0800][42.864s][info][gc,heap     ] GC(149) O:      Used:        2M (0%)            2M (0%)            2M (0%)            2M (0%)     
[2026-01-06T22:07:35.220+0800][42.864s][info][gc,heap     ] GC(149) O:      Live:         -                 0M (0%)            0M (0%)            0M (0%)     
[2026-01-06T22:07:35.220+0800][42.864s][info][gc,heap     ] GC(149) O:   Garbage:         -                 1M (0%)            1M (0%)            1M (0%)     
[2026-01-06T22:07:35.220+0800][42.864s][info][gc,heap     ] GC(149) O: Allocated:         -                 0M (0%)            0M (0%)            0M (0%)     
[2026-01-06T22:07:35.220+0800][42.864s][info][gc,heap     ] GC(149) O: Reclaimed:         -                  -                 0M (0%)            0M (0%)     
[2026-01-06T22:07:35.220+0800][42.864s][info][gc,heap     ] GC(149) O: Compacted:         -                  -                  -                 0M (0%)     
[2026-01-06T22:07:35.220+0800][42.864s][info][gc,phases   ] GC(149) O: Old Generation 18M(0%)->28M(1%) 0.002s
[2026-01-06T22:07:35.220+0800][42.864s][info][gc          ] GC(149) Major Collection (Proactive) 3244M(79%)->28M(1%) 0.009s
[2026-01-06T22:07:35.911+0800][43.554s][info][gc          ] GC(150) Minor Collection (High Usage)
[2026-01-06T22:07:35.911+0800][43.555s][info][gc,task     ] GC(150) Using 1 Workers for Young Generation
[2026-01-06T22:07:35.911+0800][43.555s][info][gc,phases   ] GC(150) y: Young Generation
[2026-01-06T22:07:35.911+0800][43.555s][info][gc,phases   ] GC(150) y: Pause Mark Start 0.012ms
[2026-01-06T22:07:35.912+0800][43.555s][info][gc,phases   ] GC(150) y: Concurrent Mark 0.804ms
[2026-01-06T22:07:35.912+0800][43.555s][info][gc,phases   ] GC(150) y: Pause Mark End 0.003ms
[2026-01-06T22:07:35.912+0800][43.555s][info][gc,phases   ] GC(150) y: Concurrent Mark Free 0.005ms
[2026-01-06T22:07:35.912+0800][43.556s][info][gc,phases   ] GC(150) y: Concurrent Reset Relocation Set 0.000ms
[2026-01-06T22:07:35.918+0800][43.561s][info][gc,reloc    ] GC(150) y: Using tenuring threshold: 1 (Computed)
[2026-01-06T22:07:35.918+0800][43.561s][info][gc,phases   ] GC(150) y: Concurrent Select Relocation Set 5.984ms
[2026-01-06T22:07:35.918+0800][43.562s][info][gc,phases   ] GC(150) y: Pause Relocate Start 0.003ms
[2026-01-06T22:07:35.918+0800][43.562s][info][gc,phases   ] GC(150) y: Concurrent Relocate 0.012ms
[2026-01-06T22:07:35.918+0800][43.562s][info][gc,alloc    ] GC(150) y:                         Mark Start        Mark End      Relocate Start    Relocate End   
[2026-01-06T22:07:35.918+0800][43.562s][info][gc,alloc    ] GC(150) y: Allocation Stalls:          0                0                0                0         
[2026-01-06T22:07:35.918+0800][43.562s][info][gc,load     ] GC(150) y: Load: 2.22 (22%) / 1.85 (18%) / 2.02 (20%)
[2026-01-06T22:07:35.918+0800][43.562s][info][gc,mmu      ] GC(150) y: MMU: 2ms/97.4%, 5ms/98.6%, 10ms/99.3%, 20ms/99.5%, 50ms/99.8%, 100ms/99.9%
[2026-01-06T22:07:35.918+0800][43.562s][info][gc,marking  ] GC(150) y: Mark: 1 stripe(s), 2 proactive flush(es), 1 terminate flush(es), 0 completion(s), 0 continuation(s) 
[2026-01-06T22:07:35.918+0800][43.562s][info][gc,nmethod  ] GC(150) y: NMethods: 129 registered, 39 unregistered
[2026-01-06T22:07:35.918+0800][43.562s][info][gc,metaspace] GC(150) y: Metaspace: 0M used, 0M committed, 1088M reserved
[2026-01-06T22:07:35.918+0800][43.562s][info][gc,reloc    ] GC(150) y:                        Candidates     Selected     In-Place         Size        Empty    Relocated 
[2026-01-06T22:07:35.918+0800][43.562s][info][gc,reloc    ] GC(150) y: Small Pages:                 1741            0            0        3482M        3480M           0M 
[2026-01-06T22:07:35.918+0800][43.562s][info][gc,reloc    ] GC(150) y: Medium Pages:                   0            0            0           0M           0M           0M 
[2026-01-06T22:07:35.918+0800][43.562s][info][gc,reloc    ] GC(150) y: Large Pages:                    0            0            0           0M           0M           0M 
[2026-01-06T22:07:35.918+0800][43.562s][info][gc,reloc    ] GC(150) y: Forwarding Usage: 0M
[2026-01-06T22:07:35.918+0800][43.562s][info][gc,reloc    ] GC(150) y: Age Table:
[2026-01-06T22:07:35.918+0800][43.562s][info][gc,reloc    ] GC(150) y:                    Live             Garbage             Small              Medium             Large        
[2026-01-06T22:07:35.918+0800][43.562s][info][gc,reloc    ] GC(150) y: Eden               0M (0%)         3479M (85%)       1740 / 0              0 / 0              0 / 0        
[2026-01-06T22:07:35.918+0800][43.562s][info][gc,reloc    ] GC(150) y: Survivor 1          -                 2M (0%)           1 / 0              0 / 0              0 / 0        
[2026-01-06T22:07:35.918+0800][43.562s][info][gc,heap     ] GC(150) y: Min Capacity: 8M(0%)
[2026-01-06T22:07:35.918+0800][43.562s][info][gc,heap     ] GC(150) y: Max Capacity: 4096M(100%)
[2026-01-06T22:07:35.918+0800][43.562s][info][gc,heap     ] GC(150) y: Soft Max Capacity: 3686M(90%)
[2026-01-06T22:07:35.918+0800][43.562s][info][gc,heap     ] GC(150) y: Heap Statistics:
[2026-01-06T22:07:35.918+0800][43.562s][info][gc,heap     ] GC(150) y:                Mark Start          Mark End        Relocate Start      Relocate End           High               Low         
[2026-01-06T22:07:35.918+0800][43.562s][info][gc,heap     ] GC(150) y:  Capacity:     3498M (85%)        3498M (85%)        3498M (85%)        3498M (85%)        3498M (85%)        3498M (85%)    
[2026-01-06T22:07:35.918+0800][43.562s][info][gc,heap     ] GC(150) y:      Free:      612M (15%)         608M (15%)        4078M (100%)       4078M (100%)       4078M (100%)        608M (15%)    
[2026-01-06T22:07:35.918+0800][43.562s][info][gc,heap     ] GC(150) y:      Used:     3484M (85%)        3488M (85%)          18M (0%)           18M (0%)         3488M (85%)          18M (0%)     
[2026-01-06T22:07:35.918+0800][43.562s][info][gc,heap     ] GC(150) y: Young Generation Statistics:
[2026-01-06T22:07:35.918+0800][43.562s][info][gc,heap     ] GC(150) y:                Mark Start          Mark End        Relocate Start      Relocate End    
[2026-01-06T22:07:35.918+0800][43.562s][info][gc,heap     ] GC(150) y:      Used:     3482M (85%)        3486M (85%)          16M (0%)           16M (0%)     
[2026-01-06T22:07:35.918+0800][43.562s][info][gc,heap     ] GC(150) y:      Live:         -                 0M (0%)            0M (0%)            0M (0%)     
[2026-01-06T22:07:35.918+0800][43.562s][info][gc,heap     ] GC(150) y:   Garbage:         -              3481M (85%)           1M (0%)            1M (0%)     
[2026-01-06T22:07:35.918+0800][43.562s][info][gc,heap     ] GC(150) y: Allocated:         -                 4M (0%)           14M (0%)           14M (0%)     
[2026-01-06T22:07:35.918+0800][43.562s][info][gc,heap     ] GC(150) y: Reclaimed:         -                  -              3480M (85%)        3480M (85%)    
[2026-01-06T22:07:35.918+0800][43.562s][info][gc,heap     ] GC(150) y:  Promoted:         -                  -                 0M (0%)            0M (0%)     
[2026-01-06T22:07:35.918+0800][43.562s][info][gc,heap     ] GC(150) y: Compacted:         -                  -                  -                 0M (0%)     
[2026-01-06T22:07:35.918+0800][43.562s][info][gc,phases   ] GC(150) y: Young Generation 3484M(85%)->18M(0%) 0.007s
[2026-01-06T22:07:35.918+0800][43.562s][info][gc          ] GC(150) Minor Collection (High Usage) 3484M(85%)->20M(0%) 0.007s
[2026-01-06T22:07:36.038+0800][43.682s][info][gc          ] GC(151) Major Collection (Proactive)
[2026-01-06T22:07:36.038+0800][43.682s][info][gc,task     ] GC(151) Using 1 Workers for Young Generation
[2026-01-06T22:07:36.038+0800][43.682s][info][gc,task     ] GC(151) Using 1 Workers for Old Generation
[2026-01-06T22:07:36.038+0800][43.682s][info][gc,phases   ] GC(151) Y: Young Generation
[2026-01-06T22:07:36.038+0800][43.682s][info][gc,phases   ] GC(151) Y: Pause Mark Start (Major) 0.005ms
[2026-01-06T22:07:36.039+0800][43.683s][info][gc,phases   ] GC(151) Y: Concurrent Mark 0.223ms
[2026-01-06T22:07:36.039+0800][43.683s][info][gc,phases   ] GC(151) Y: Pause Mark End 0.003ms
[2026-01-06T22:07:36.039+0800][43.683s][info][gc,phases   ] GC(151) Y: Concurrent Mark Free 0.000ms
[2026-01-06T22:07:36.039+0800][43.683s][info][gc,phases   ] GC(151) Y: Concurrent Reset Relocation Set 0.000ms
[2026-01-06T22:07:36.039+0800][43.683s][info][gc,reloc    ] GC(151) Y: Using tenuring threshold: 1 (Computed)
[2026-01-06T22:07:36.039+0800][43.683s][info][gc,phases   ] GC(151) Y: Concurrent Select Relocation Set 0.102ms
[2026-01-06T22:07:36.039+0800][43.683s][info][gc,phases   ] GC(151) Y: Pause Relocate Start 0.001ms
[2026-01-06T22:07:36.039+0800][43.683s][info][gc,phases   ] GC(151) Y: Concurrent Relocate 0.011ms
[2026-01-06T22:07:36.039+0800][43.683s][info][gc,alloc    ] GC(151) Y:                         Mark Start        Mark End      Relocate Start    Relocate End   
[2026-01-06T22:07:36.039+0800][43.683s][info][gc,alloc    ] GC(151) Y: Allocation Stalls:          0                0                0                0         
[2026-01-06T22:07:36.039+0800][43.683s][info][gc,load     ] GC(151) Y: Load: 2.22 (22%) / 1.85 (18%) / 2.02 (20%)
[2026-01-06T22:07:36.039+0800][43.683s][info][gc,mmu      ] GC(151) Y: MMU: 2ms/97.4%, 5ms/98.6%, 10ms/99.3%, 20ms/99.5%, 50ms/99.8%, 100ms/99.9%
[2026-01-06T22:07:36.039+0800][43.683s][info][gc,marking  ] GC(151) Y: Mark: 1 stripe(s), 2 proactive flush(es), 1 terminate flush(es), 0 completion(s), 0 continuation(s) 
[2026-01-06T22:07:36.039+0800][43.683s][info][gc,nmethod  ] GC(151) Y: NMethods: 129 registered, 39 unregistered
[2026-01-06T22:07:36.039+0800][43.683s][info][gc,metaspace] GC(151) Y: Metaspace: 0M used, 0M committed, 1088M reserved
[2026-01-06T22:07:36.039+0800][43.683s][info][gc,reloc    ] GC(151) Y:                        Candidates     Selected     In-Place         Size        Empty    Relocated 
[2026-01-06T22:07:36.039+0800][43.683s][info][gc,reloc    ] GC(151) Y: Small Pages:                  301            0            0         602M         600M           0M 
[2026-01-06T22:07:36.039+0800][43.683s][info][gc,reloc    ] GC(151) Y: Medium Pages:                   0            0            0           0M           0M           0M 
[2026-01-06T22:07:36.039+0800][43.683s][info][gc,reloc    ] GC(151) Y: Large Pages:                    0            0            0           0M           0M           0M 
[2026-01-06T22:07:36.039+0800][43.683s][info][gc,reloc    ] GC(151) Y: Forwarding Usage: 0M
[2026-01-06T22:07:36.039+0800][43.683s][info][gc,reloc    ] GC(151) Y: Age Table:
[2026-01-06T22:07:36.039+0800][43.683s][info][gc,reloc    ] GC(151) Y:                    Live             Garbage             Small              Medium             Large        
[2026-01-06T22:07:36.039+0800][43.683s][info][gc,reloc    ] GC(151) Y: Eden               0M (0%)          599M (15%)        300 / 0              0 / 0              0 / 0        
[2026-01-06T22:07:36.039+0800][43.683s][info][gc,reloc    ] GC(151) Y: Survivor 1          -                 2M (0%)           1 / 0              0 / 0              0 / 0        
[2026-01-06T22:07:36.039+0800][43.683s][info][gc,heap     ] GC(151) Y: Min Capacity: 8M(0%)
[2026-01-06T22:07:36.039+0800][43.683s][info][gc,heap     ] GC(151) Y: Max Capacity: 4096M(100%)
[2026-01-06T22:07:36.039+0800][43.683s][info][gc,heap     ] GC(151) Y: Soft Max Capacity: 3686M(90%)
[2026-01-06T22:07:36.039+0800][43.683s][info][gc,heap     ] GC(151) Y: Heap Statistics:
[2026-01-06T22:07:36.039+0800][43.683s][info][gc,heap     ] GC(151) Y:                Mark Start          Mark End        Relocate Start      Relocate End           High               Low         
[2026-01-06T22:07:36.039+0800][43.683s][info][gc,heap     ] GC(151) Y:  Capacity:     3498M (85%)        3498M (85%)        3498M (85%)        3498M (85%)        3498M (85%)        3498M (85%)    
[2026-01-06T22:07:36.039+0800][43.683s][info][gc,heap     ] GC(151) Y:      Free:     3492M (85%)        3490M (85%)        4088M (100%)       4088M (100%)       4090M (100%)       3490M (85%)    
[2026-01-06T22:07:36.039+0800][43.683s][info][gc,heap     ] GC(151) Y:      Used:      604M (15%)         606M (15%)           8M (0%)            8M (0%)          606M (15%)           6M (0%)     
[2026-01-06T22:07:36.039+0800][43.683s][info][gc,heap     ] GC(151) Y: Young Generation Statistics:
[2026-01-06T22:07:36.039+0800][43.683s][info][gc,heap     ] GC(151) Y:                Mark Start          Mark End        Relocate Start      Relocate End    
[2026-01-06T22:07:36.039+0800][43.683s][info][gc,heap     ] GC(151) Y:      Used:      602M (15%)         604M (15%)           6M (0%)            6M (0%)     
[2026-01-06T22:07:36.039+0800][43.683s][info][gc,heap     ] GC(151) Y:      Live:         -                 0M (0%)            0M (0%)            0M (0%)     
[2026-01-06T22:07:36.039+0800][43.683s][info][gc,heap     ] GC(151) Y:   Garbage:         -               601M (15%)           1M (0%)            1M (0%)     
[2026-01-06T22:07:36.039+0800][43.683s][info][gc,heap     ] GC(151) Y: Allocated:         -                 2M (0%)            4M (0%)            4M (0%)     
[2026-01-06T22:07:36.039+0800][43.683s][info][gc,heap     ] GC(151) Y: Reclaimed:         -                  -               600M (15%)         600M (15%)    
[2026-01-06T22:07:36.039+0800][43.683s][info][gc,heap     ] GC(151) Y:  Promoted:         -                  -                 0M (0%)            0M (0%)     
[2026-01-06T22:07:36.039+0800][43.683s][info][gc,heap     ] GC(151) Y: Compacted:         -                  -                  -                 0M (0%)     
[2026-01-06T22:07:36.039+0800][43.683s][info][gc,phases   ] GC(151) Y: Young Generation 604M(15%)->8M(0%) 0.000s
[2026-01-06T22:07:36.039+0800][43.683s][info][gc,phases   ] GC(151) O: Old Generation
[2026-01-06T22:07:36.040+0800][43.684s][info][gc,phases   ] GC(151) O: Concurrent Mark 0.897ms
[2026-01-06T22:07:36.040+0800][43.684s][info][gc,phases   ] GC(151) O: Pause Mark End 0.005ms
[2026-01-06T22:07:36.040+0800][43.684s][info][gc,phases   ] GC(151) O: Concurrent Mark Free 0.000ms
[2026-01-06T22:07:36.040+0800][43.684s][info][gc,phases   ] GC(151) O: Concurrent Process Non-Strong 0.329ms
[2026-01-06T22:07:36.040+0800][43.684s][info][gc,phases   ] GC(151) O: Concurrent Reset Relocation Set 0.000ms
[2026-01-06T22:07:36.040+0800][43.684s][info][gc,phases   ] GC(151) O: Concurrent Select Relocation Set 0.018ms
[2026-01-06T22:07:36.040+0800][43.684s][info][gc,task     ] GC(151) O: Using 2 Workers for Old Generation
[2026-01-06T22:07:36.040+0800][43.684s][info][gc,task     ] GC(151) O: Using 1 Workers for Old Generation
[2026-01-06T22:07:36.040+0800][43.684s][info][gc,phases   ] GC(151) O: Concurrent Remap Roots 0.084ms
[2026-01-06T22:07:36.040+0800][43.684s][info][gc,phases   ] GC(151) O: Pause Relocate Start 0.002ms
[2026-01-06T22:07:36.040+0800][43.684s][info][gc,phases   ] GC(151) O: Concurrent Relocate 0.006ms
[2026-01-06T22:07:36.040+0800][43.684s][info][gc,alloc    ] GC(151) O:                         Mark Start        Mark End      Relocate Start    Relocate End   
[2026-01-06T22:07:36.041+0800][43.684s][info][gc,alloc    ] GC(151) O: Allocation Stalls:          0                0                0                0         
[2026-01-06T22:07:36.041+0800][43.684s][info][gc,load     ] GC(151) O: Load: 2.22 (22%) / 1.85 (18%) / 2.02 (20%)
[2026-01-06T22:07:36.041+0800][43.684s][info][gc,mmu      ] GC(151) O: MMU: 2ms/97.4%, 5ms/98.6%, 10ms/99.3%, 20ms/99.5%, 50ms/99.8%, 100ms/99.9%
[2026-01-06T22:07:36.041+0800][43.684s][info][gc,marking  ] GC(151) O: Mark: 1 stripe(s), 2 proactive flush(es), 1 terminate flush(es), 0 completion(s), 0 continuation(s) 
[2026-01-06T22:07:36.041+0800][43.684s][info][gc,nmethod  ] GC(151) O: NMethods: 129 registered, 39 unregistered
[2026-01-06T22:07:36.041+0800][43.684s][info][gc,metaspace] GC(151) O: Metaspace: 0M used, 0M committed, 1088M reserved
[2026-01-06T22:07:36.041+0800][43.684s][info][gc,ref      ] GC(151) O:                       Encountered   Discovered     Enqueued 
[2026-01-06T22:07:36.041+0800][43.684s][info][gc,ref      ] GC(151) O: Soft References:                1            0            0 
[2026-01-06T22:07:36.041+0800][43.684s][info][gc,ref      ] GC(151) O: Weak References:                6            0            0 
[2026-01-06T22:07:36.041+0800][43.684s][info][gc,ref      ] GC(151) O: Final References:               0            0            0 
[2026-01-06T22:07:36.041+0800][43.684s][info][gc,ref      ] GC(151) O: Phantom References:             1            1            0 
[2026-01-06T22:07:36.041+0800][43.684s][info][gc,reloc    ] GC(151) O:                        Candidates     Selected     In-Place         Size        Empty    Relocated 
[2026-01-06T22:07:36.041+0800][43.684s][info][gc,reloc    ] GC(151) O: Small Pages:                    1            0            0           2M           0M           0M 
[2026-01-06T22:07:36.041+0800][43.684s][info][gc,reloc    ] GC(151) O: Medium Pages:                   0            0            0           0M           0M           0M 
[2026-01-06T22:07:36.041+0800][43.684s][info][gc,reloc    ] GC(151) O: Large Pages:                    0            0            0           0M           0M           0M 
[2026-01-06T22:07:36.041+0800][43.684s][info][gc,reloc    ] GC(151) O: Forwarding Usage: 0M
[2026-01-06T22:07:36.041+0800][43.684s][info][gc,heap     ] GC(151) O: Min Capacity: 8M(0%)
[2026-01-06T22:07:36.041+0800][43.684s][info][gc,heap     ] GC(151) O: Max Capacity: 4096M(100%)
[2026-01-06T22:07:36.041+0800][43.684s][info][gc,heap     ] GC(151) O: Soft Max Capacity: 3686M(90%)
[2026-01-06T22:07:36.041+0800][43.684s][info][gc,heap     ] GC(151) O: Heap Statistics:
[2026-01-06T22:07:36.041+0800][43.684s][info][gc,heap     ] GC(151) O:                Mark Start          Mark End        Relocate Start      Relocate End           High               Low         
[2026-01-06T22:07:36.041+0800][43.684s][info][gc,heap     ] GC(151) O:  Capacity:     3498M (85%)        3498M (85%)        3498M (85%)        3498M (85%)        3498M (85%)        3498M (85%)    
[2026-01-06T22:07:36.041+0800][43.684s][info][gc,heap     ] GC(151) O:      Free:     3492M (85%)        4068M (99%)        4060M (99%)        4060M (99%)        4090M (100%)       3490M (85%)    
[2026-01-06T22:07:36.041+0800][43.684s][info][gc,heap     ] GC(151) O:      Used:      604M (15%)          28M (1%)           36M (1%)           36M (1%)          606M (15%)           6M (0%)     
[2026-01-06T22:07:36.041+0800][43.684s][info][gc,heap     ] GC(151) O: Old Generation Statistics:
[2026-01-06T22:07:36.041+0800][43.684s][info][gc,heap     ] GC(151) O:                Mark Start          Mark End        Relocate Start      Relocate End    
[2026-01-06T22:07:36.041+0800][43.684s][info][gc,heap     ] GC(151) O:      Used:        2M (0%)            2M (0%)            2M (0%)            2M (0%)     
[2026-01-06T22:07:36.041+0800][43.684s][info][gc,heap     ] GC(151) O:      Live:         -                 0M (0%)            0M (0%)            0M (0%)     
[2026-01-06T22:07:36.041+0800][43.685s][info][gc,heap     ] GC(151) O:   Garbage:         -                 1M (0%)            1M (0%)            1M (0%)     
[2026-01-06T22:07:36.041+0800][43.685s][info][gc,heap     ] GC(151) O: Allocated:         -                 0M (0%)            0M (0%)            0M (0%)     
[2026-01-06T22:07:36.041+0800][43.685s][info][gc,heap     ] GC(151) O: Reclaimed:         -                  -                 0M (0%)            0M (0%)     
[2026-01-06T22:07:36.041+0800][43.685s][info][gc,heap     ] GC(151) O: Compacted:         -                  -                  -                 0M (0%)     
[2026-01-06T22:07:36.041+0800][43.685s][info][gc,phases   ] GC(151) O: Old Generation 10M(0%)->36M(1%) 0.001s
[2026-01-06T22:07:36.041+0800][43.685s][info][gc          ] GC(151) Major Collection (Proactive) 604M(15%)->38M(1%) 0.002s
[2026-01-06T22:07:36.644+0800][44.288s][info][gc          ] GC(152) Minor Collection (High Usage)
[2026-01-06T22:07:36.644+0800][44.288s][info][gc,task     ] GC(152) Using 1 Workers for Young Generation
[2026-01-06T22:07:36.644+0800][44.288s][info][gc,phases   ] GC(152) y: Young Generation
[2026-01-06T22:07:36.644+0800][44.288s][info][gc,phases   ] GC(152) y: Pause Mark Start 0.012ms
[2026-01-06T22:07:36.645+0800][44.289s][info][gc,phases   ] GC(152) y: Concurrent Mark 0.619ms
[2026-01-06T22:07:36.645+0800][44.289s][info][gc,phases   ] GC(152) y: Pause Mark End 0.003ms
[2026-01-06T22:07:36.645+0800][44.289s][info][gc,phases   ] GC(152) y: Concurrent Mark Free 0.003ms
[2026-01-06T22:07:36.645+0800][44.289s][info][gc,phases   ] GC(152) y: Concurrent Reset Relocation Set 0.000ms
[2026-01-06T22:07:36.649+0800][44.293s][info][gc,reloc    ] GC(152) y: Using tenuring threshold: 1 (Computed)
[2026-01-06T22:07:36.649+0800][44.293s][info][gc,phases   ] GC(152) y: Concurrent Select Relocation Set 4.321ms
[2026-01-06T22:07:36.649+0800][44.293s][info][gc,phases   ] GC(152) y: Pause Relocate Start 0.002ms
[2026-01-06T22:07:36.649+0800][44.293s][info][gc,phases   ] GC(152) y: Concurrent Relocate 0.036ms
[2026-01-06T22:07:36.649+0800][44.293s][info][gc,alloc    ] GC(152) y:                         Mark Start        Mark End      Relocate Start    Relocate End   
[2026-01-06T22:07:36.649+0800][44.293s][info][gc,alloc    ] GC(152) y: Allocation Stalls:          0                0                0                0         
[2026-01-06T22:07:36.649+0800][44.293s][info][gc,load     ] GC(152) y: Load: 2.12 (21%) / 1.83 (18%) / 2.02 (20%)
[2026-01-06T22:07:36.649+0800][44.293s][info][gc,mmu      ] GC(152) y: MMU: 2ms/97.4%, 5ms/98.6%, 10ms/99.3%, 20ms/99.5%, 50ms/99.8%, 100ms/99.9%
[2026-01-06T22:07:36.649+0800][44.293s][info][gc,marking  ] GC(152) y: Mark: 1 stripe(s), 2 proactive flush(es), 1 terminate flush(es), 0 completion(s), 0 continuation(s) 
[2026-01-06T22:07:36.649+0800][44.293s][info][gc,nmethod  ] GC(152) y: NMethods: 129 registered, 39 unregistered
[2026-01-06T22:07:36.649+0800][44.293s][info][gc,metaspace] GC(152) y: Metaspace: 0M used, 0M committed, 1088M reserved
[2026-01-06T22:07:36.649+0800][44.293s][info][gc,reloc    ] GC(152) y:                        Candidates     Selected     In-Place         Size        Empty    Relocated 
[2026-01-06T22:07:36.650+0800][44.293s][info][gc,reloc    ] GC(152) y: Small Pages:                 1741            0            0        3482M        3480M           0M 
[2026-01-06T22:07:36.650+0800][44.293s][info][gc,reloc    ] GC(152) y: Medium Pages:                   0            0            0           0M           0M           0M 
[2026-01-06T22:07:36.650+0800][44.293s][info][gc,reloc    ] GC(152) y: Large Pages:                    0            0            0           0M           0M           0M 
[2026-01-06T22:07:36.650+0800][44.293s][info][gc,reloc    ] GC(152) y: Forwarding Usage: 0M
[2026-01-06T22:07:36.650+0800][44.293s][info][gc,reloc    ] GC(152) y: Age Table:
[2026-01-06T22:07:36.650+0800][44.293s][info][gc,reloc    ] GC(152) y:                    Live             Garbage             Small              Medium             Large        
[2026-01-06T22:07:36.650+0800][44.293s][info][gc,reloc    ] GC(152) y: Eden               0M (0%)         3479M (85%)       1740 / 0              0 / 0              0 / 0        
[2026-01-06T22:07:36.650+0800][44.293s][info][gc,reloc    ] GC(152) y: Survivor 1          -                 2M (0%)           1 / 0              0 / 0              0 / 0        
[2026-01-06T22:07:36.650+0800][44.293s][info][gc,heap     ] GC(152) y: Min Capacity: 8M(0%)
[2026-01-06T22:07:36.650+0800][44.293s][info][gc,heap     ] GC(152) y: Max Capacity: 4096M(100%)
[2026-01-06T22:07:36.650+0800][44.293s][info][gc,heap     ] GC(152) y: Soft Max Capacity: 3686M(90%)
[2026-01-06T22:07:36.650+0800][44.293s][info][gc,heap     ] GC(152) y: Heap Statistics:
[2026-01-06T22:07:36.650+0800][44.293s][info][gc,heap     ] GC(152) y:                Mark Start          Mark End        Relocate Start      Relocate End           High               Low         
[2026-01-06T22:07:36.650+0800][44.293s][info][gc,heap     ] GC(152) y:  Capacity:     3498M (85%)        3498M (85%)        3498M (85%)        3498M (85%)        3498M (85%)        3498M (85%)    
[2026-01-06T22:07:36.650+0800][44.293s][info][gc,heap     ] GC(152) y:      Free:      612M (15%)         608M (15%)        4078M (100%)       4078M (100%)       4078M (100%)        608M (15%)    
[2026-01-06T22:07:36.650+0800][44.293s][info][gc,heap     ] GC(152) y:      Used:     3484M (85%)        3488M (85%)          18M (0%)           18M (0%)         3488M (85%)          18M (0%)     
[2026-01-06T22:07:36.650+0800][44.293s][info][gc,heap     ] GC(152) y: Young Generation Statistics:
[2026-01-06T22:07:36.650+0800][44.293s][info][gc,heap     ] GC(152) y:                Mark Start          Mark End        Relocate Start      Relocate End    
[2026-01-06T22:07:36.650+0800][44.293s][info][gc,heap     ] GC(152) y:      Used:     3482M (85%)        3486M (85%)          16M (0%)           16M (0%)     
[2026-01-06T22:07:36.650+0800][44.293s][info][gc,heap     ] GC(152) y:      Live:         -                 0M (0%)            0M (0%)            0M (0%)     
[2026-01-06T22:07:36.650+0800][44.293s][info][gc,heap     ] GC(152) y:   Garbage:         -              3481M (85%)           1M (0%)            1M (0%)     
[2026-01-06T22:07:36.650+0800][44.293s][info][gc,heap     ] GC(152) y: Allocated:         -                 4M (0%)           14M (0%)           14M (0%)     
[2026-01-06T22:07:36.650+0800][44.293s][info][gc,heap     ] GC(152) y: Reclaimed:         -                  -              3480M (85%)        3480M (85%)    
[2026-01-06T22:07:36.650+0800][44.293s][info][gc,heap     ] GC(152) y:  Promoted:         -                  -                 0M (0%)            0M (0%)     
[2026-01-06T22:07:36.650+0800][44.293s][info][gc,heap     ] GC(152) y: Compacted:         -                  -                  -                 0M (0%)     
[2026-01-06T22:07:36.650+0800][44.293s][info][gc,phases   ] GC(152) y: Young Generation 3484M(85%)->18M(0%) 0.005s
[2026-01-06T22:07:36.650+0800][44.293s][info][gc          ] GC(152) Minor Collection (High Usage) 3484M(85%)->18M(0%) 0.005s
[2026-01-06T22:07:36.735+0800][44.379s][info][gc          ] GC(153) Major Collection (Proactive)
[2026-01-06T22:07:36.735+0800][44.379s][info][gc,task     ] GC(153) Using 1 Workers for Young Generation
[2026-01-06T22:07:36.735+0800][44.379s][info][gc,task     ] GC(153) Using 1 Workers for Old Generation
[2026-01-06T22:07:36.735+0800][44.379s][info][gc,phases   ] GC(153) Y: Young Generation
[2026-01-06T22:07:36.735+0800][44.379s][info][gc,phases   ] GC(153) Y: Pause Mark Start (Major) 0.005ms
[2026-01-06T22:07:36.735+0800][44.379s][info][gc,phases   ] GC(153) Y: Concurrent Mark 0.238ms
[2026-01-06T22:07:36.735+0800][44.379s][info][gc,phases   ] GC(153) Y: Pause Mark End 0.002ms
[2026-01-06T22:07:36.735+0800][44.379s][info][gc,phases   ] GC(153) Y: Concurrent Mark Free 0.000ms
[2026-01-06T22:07:36.735+0800][44.379s][info][gc,phases   ] GC(153) Y: Concurrent Reset Relocation Set 0.000ms
[2026-01-06T22:07:36.735+0800][44.379s][info][gc,reloc    ] GC(153) Y: Using tenuring threshold: 1 (Computed)
[2026-01-06T22:07:36.735+0800][44.379s][info][gc,phases   ] GC(153) Y: Concurrent Select Relocation Set 0.084ms
[2026-01-06T22:07:36.735+0800][44.379s][info][gc,phases   ] GC(153) Y: Pause Relocate Start 0.001ms
[2026-01-06T22:07:36.735+0800][44.379s][info][gc,phases   ] GC(153) Y: Concurrent Relocate 0.012ms
[2026-01-06T22:07:36.735+0800][44.379s][info][gc,alloc    ] GC(153) Y:                         Mark Start        Mark End      Relocate Start    Relocate End   
[2026-01-06T22:07:36.735+0800][44.379s][info][gc,alloc    ] GC(153) Y: Allocation Stalls:          0                0                0                0         
[2026-01-06T22:07:36.735+0800][44.379s][info][gc,load     ] GC(153) Y: Load: 2.12 (21%) / 1.83 (18%) / 2.02 (20%)
[2026-01-06T22:07:36.735+0800][44.379s][info][gc,mmu      ] GC(153) Y: MMU: 2ms/97.4%, 5ms/98.6%, 10ms/99.3%, 20ms/99.5%, 50ms/99.8%, 100ms/99.9%
[2026-01-06T22:07:36.735+0800][44.379s][info][gc,marking  ] GC(153) Y: Mark: 1 stripe(s), 2 proactive flush(es), 1 terminate flush(es), 0 completion(s), 0 continuation(s) 
[2026-01-06T22:07:36.735+0800][44.379s][info][gc,nmethod  ] GC(153) Y: NMethods: 129 registered, 39 unregistered
[2026-01-06T22:07:36.735+0800][44.379s][info][gc,metaspace] GC(153) Y: Metaspace: 0M used, 0M committed, 1088M reserved
[2026-01-06T22:07:36.735+0800][44.379s][info][gc,reloc    ] GC(153) Y:                        Candidates     Selected     In-Place         Size        Empty    Relocated 
[2026-01-06T22:07:36.735+0800][44.379s][info][gc,reloc    ] GC(153) Y: Small Pages:                  211            0            0         422M         420M           0M 
[2026-01-06T22:07:36.735+0800][44.379s][info][gc,reloc    ] GC(153) Y: Medium Pages:                   0            0            0           0M           0M           0M 
[2026-01-06T22:07:36.735+0800][44.379s][info][gc,reloc    ] GC(153) Y: Large Pages:                    0            0            0           0M           0M           0M 
[2026-01-06T22:07:36.735+0800][44.379s][info][gc,reloc    ] GC(153) Y: Forwarding Usage: 0M
[2026-01-06T22:07:36.735+0800][44.379s][info][gc,reloc    ] GC(153) Y: Age Table:
[2026-01-06T22:07:36.735+0800][44.379s][info][gc,reloc    ] GC(153) Y:                    Live             Garbage             Small              Medium             Large        
[2026-01-06T22:07:36.735+0800][44.379s][info][gc,reloc    ] GC(153) Y: Eden               0M (0%)          419M (10%)        210 / 0              0 / 0              0 / 0        
[2026-01-06T22:07:36.735+0800][44.379s][info][gc,reloc    ] GC(153) Y: Survivor 1          -                 2M (0%)           1 / 0              0 / 0              0 / 0        
[2026-01-06T22:07:36.735+0800][44.379s][info][gc,heap     ] GC(153) Y: Min Capacity: 8M(0%)
[2026-01-06T22:07:36.735+0800][44.379s][info][gc,heap     ] GC(153) Y: Max Capacity: 4096M(100%)
[2026-01-06T22:07:36.735+0800][44.379s][info][gc,heap     ] GC(153) Y: Soft Max Capacity: 3686M(90%)
[2026-01-06T22:07:36.735+0800][44.379s][info][gc,heap     ] GC(153) Y: Heap Statistics:
[2026-01-06T22:07:36.735+0800][44.379s][info][gc,heap     ] GC(153) Y:                Mark Start          Mark End        Relocate Start      Relocate End           High               Low         
[2026-01-06T22:07:36.735+0800][44.379s][info][gc,heap     ] GC(153) Y:  Capacity:     3498M (85%)        3498M (85%)        3498M (85%)        3498M (85%)        3498M (85%)        3498M (85%)    
[2026-01-06T22:07:36.735+0800][44.379s][info][gc,heap     ] GC(153) Y:      Free:     3672M (90%)        3670M (90%)        4088M (100%)       4088M (100%)       4088M (100%)       3670M (90%)    
[2026-01-06T22:07:36.735+0800][44.379s][info][gc,heap     ] GC(153) Y:      Used:      424M (10%)         426M (10%)           8M (0%)            8M (0%)          426M (10%)           8M (0%)     
[2026-01-06T22:07:36.735+0800][44.379s][info][gc,heap     ] GC(153) Y: Young Generation Statistics:
[2026-01-06T22:07:36.735+0800][44.379s][info][gc,heap     ] GC(153) Y:                Mark Start          Mark End        Relocate Start      Relocate End    
[2026-01-06T22:07:36.735+0800][44.379s][info][gc,heap     ] GC(153) Y:      Used:      422M (10%)         424M (10%)           6M (0%)            6M (0%)     
[2026-01-06T22:07:36.735+0800][44.379s][info][gc,heap     ] GC(153) Y:      Live:         -                 0M (0%)            0M (0%)            0M (0%)     
[2026-01-06T22:07:36.735+0800][44.379s][info][gc,heap     ] GC(153) Y:   Garbage:         -               421M (10%)           1M (0%)            1M (0%)     
[2026-01-06T22:07:36.735+0800][44.379s][info][gc,heap     ] GC(153) Y: Allocated:         -                 2M (0%)            4M (0%)            4M (0%)     
[2026-01-06T22:07:36.735+0800][44.379s][info][gc,heap     ] GC(153) Y: Reclaimed:         -                  -               420M (10%)         420M (10%)    
[2026-01-06T22:07:36.735+0800][44.379s][info][gc,heap     ] GC(153) Y:  Promoted:         -                  -                 0M (0%)            0M (0%)     
[2026-01-06T22:07:36.735+0800][44.379s][info][gc,heap     ] GC(153) Y: Compacted:         -                  -                  -                 0M (0%)     
[2026-01-06T22:07:36.735+0800][44.379s][info][gc,phases   ] GC(153) Y: Young Generation 424M(10%)->8M(0%) 0.000s
[2026-01-06T22:07:36.735+0800][44.379s][info][gc,phases   ] GC(153) O: Old Generation
[2026-01-06T22:07:36.736+0800][44.380s][info][gc,phases   ] GC(153) O: Concurrent Mark 0.877ms
[2026-01-06T22:07:36.736+0800][44.380s][info][gc,phases   ] GC(153) O: Pause Mark End 0.005ms
[2026-01-06T22:07:36.736+0800][44.380s][info][gc,phases   ] GC(153) O: Concurrent Mark Free 0.000ms
[2026-01-06T22:07:36.737+0800][44.381s][info][gc,phases   ] GC(153) O: Concurrent Process Non-Strong 0.340ms
[2026-01-06T22:07:36.737+0800][44.381s][info][gc,phases   ] GC(153) O: Concurrent Reset Relocation Set 0.000ms
[2026-01-06T22:07:36.737+0800][44.381s][info][gc,phases   ] GC(153) O: Concurrent Select Relocation Set 0.018ms
[2026-01-06T22:07:36.737+0800][44.381s][info][gc,task     ] GC(153) O: Using 2 Workers for Old Generation
[2026-01-06T22:07:36.737+0800][44.381s][info][gc,task     ] GC(153) O: Using 1 Workers for Old Generation
[2026-01-06T22:07:36.737+0800][44.381s][info][gc,phases   ] GC(153) O: Concurrent Remap Roots 0.093ms
[2026-01-06T22:07:36.737+0800][44.381s][info][gc,phases   ] GC(153) O: Pause Relocate Start 0.002ms
[2026-01-06T22:07:36.737+0800][44.381s][info][gc,phases   ] GC(153) O: Concurrent Relocate 0.006ms
[2026-01-06T22:07:36.737+0800][44.381s][info][gc,alloc    ] GC(153) O:                         Mark Start        Mark End      Relocate Start    Relocate End   
[2026-01-06T22:07:36.737+0800][44.381s][info][gc,alloc    ] GC(153) O: Allocation Stalls:          0                0                0                0         
[2026-01-06T22:07:36.737+0800][44.381s][info][gc,load     ] GC(153) O: Load: 2.12 (21%) / 1.83 (18%) / 2.02 (20%)
[2026-01-06T22:07:36.737+0800][44.381s][info][gc,mmu      ] GC(153) O: MMU: 2ms/97.4%, 5ms/98.6%, 10ms/99.3%, 20ms/99.5%, 50ms/99.8%, 100ms/99.9%
[2026-01-06T22:07:36.737+0800][44.381s][info][gc,marking  ] GC(153) O: Mark: 1 stripe(s), 2 proactive flush(es), 1 terminate flush(es), 0 completion(s), 0 continuation(s) 
[2026-01-06T22:07:36.737+0800][44.381s][info][gc,nmethod  ] GC(153) O: NMethods: 129 registered, 39 unregistered
[2026-01-06T22:07:36.737+0800][44.381s][info][gc,metaspace] GC(153) O: Metaspace: 0M used, 0M committed, 1088M reserved
[2026-01-06T22:07:36.737+0800][44.381s][info][gc,ref      ] GC(153) O:                       Encountered   Discovered     Enqueued 
[2026-01-06T22:07:36.737+0800][44.381s][info][gc,ref      ] GC(153) O: Soft References:                1            0            0 
[2026-01-06T22:07:36.737+0800][44.381s][info][gc,ref      ] GC(153) O: Weak References:                6            0            0 
[2026-01-06T22:07:36.737+0800][44.381s][info][gc,ref      ] GC(153) O: Final References:               0            0            0 
[2026-01-06T22:07:36.737+0800][44.381s][info][gc,ref      ] GC(153) O: Phantom References:             1            1            0 
[2026-01-06T22:07:36.737+0800][44.381s][info][gc,reloc    ] GC(153) O:                        Candidates     Selected     In-Place         Size        Empty    Relocated 
[2026-01-06T22:07:36.737+0800][44.381s][info][gc,reloc    ] GC(153) O: Small Pages:                    1            0            0           2M           0M           0M 
[2026-01-06T22:07:36.737+0800][44.381s][info][gc,reloc    ] GC(153) O: Medium Pages:                   0            0            0           0M           0M           0M 
[2026-01-06T22:07:36.737+0800][44.381s][info][gc,reloc    ] GC(153) O: Large Pages:                    0            0            0           0M           0M           0M 
[2026-01-06T22:07:36.737+0800][44.381s][info][gc,reloc    ] GC(153) O: Forwarding Usage: 0M
[2026-01-06T22:07:36.737+0800][44.381s][info][gc,heap     ] GC(153) O: Min Capacity: 8M(0%)
[2026-01-06T22:07:36.737+0800][44.381s][info][gc,heap     ] GC(153) O: Max Capacity: 4096M(100%)
[2026-01-06T22:07:36.737+0800][44.381s][info][gc,heap     ] GC(153) O: Soft Max Capacity: 3686M(90%)
[2026-01-06T22:07:36.737+0800][44.381s][info][gc,heap     ] GC(153) O: Heap Statistics:
[2026-01-06T22:07:36.737+0800][44.381s][info][gc,heap     ] GC(153) O:                Mark Start          Mark End        Relocate Start      Relocate End           High               Low         
[2026-01-06T22:07:36.737+0800][44.381s][info][gc,heap     ] GC(153) O:  Capacity:     3498M (85%)        3498M (85%)        3498M (85%)        3498M (85%)        3498M (85%)        3498M (85%)    
[2026-01-06T22:07:36.737+0800][44.381s][info][gc,heap     ] GC(153) O:      Free:     3672M (90%)        4068M (99%)        4060M (99%)        4060M (99%)        4088M (100%)       3670M (90%)    
[2026-01-06T22:07:36.737+0800][44.381s][info][gc,heap     ] GC(153) O:      Used:      424M (10%)          28M (1%)           36M (1%)           36M (1%)          426M (10%)           8M (0%)     
[2026-01-06T22:07:36.737+0800][44.381s][info][gc,heap     ] GC(153) O: Old Generation Statistics:
[2026-01-06T22:07:36.737+0800][44.381s][info][gc,heap     ] GC(153) O:                Mark Start          Mark End        Relocate Start      Relocate End    
[2026-01-06T22:07:36.737+0800][44.381s][info][gc,heap     ] GC(153) O:      Used:        2M (0%)            2M (0%)            2M (0%)            2M (0%)     
[2026-01-06T22:07:36.737+0800][44.381s][info][gc,heap     ] GC(153) O:      Live:         -                 0M (0%)            0M (0%)            0M (0%)     
[2026-01-06T22:07:36.737+0800][44.381s][info][gc,heap     ] GC(153) O:   Garbage:         -                 1M (0%)            1M (0%)            1M (0%)     
[2026-01-06T22:07:36.737+0800][44.381s][info][gc,heap     ] GC(153) O: Allocated:         -                 0M (0%)            0M (0%)            0M (0%)     
[2026-01-06T22:07:36.737+0800][44.381s][info][gc,heap     ] GC(153) O: Reclaimed:         -                  -                 0M (0%)            0M (0%)     
[2026-01-06T22:07:36.737+0800][44.381s][info][gc,heap     ] GC(153) O: Compacted:         -                  -                  -                 0M (0%)     
[2026-01-06T22:07:36.737+0800][44.381s][info][gc,phases   ] GC(153) O: Old Generation 10M(0%)->36M(1%) 0.001s
[2026-01-06T22:07:36.737+0800][44.381s][info][gc          ] GC(153) Major Collection (Proactive) 424M(10%)->38M(1%) 0.002s
[2026-01-06T22:07:37.254+0800][44.898s][info][gc          ] GC(154) Major Collection (Proactive)
[2026-01-06T22:07:37.254+0800][44.898s][info][gc,task     ] GC(154) Using 1 Workers for Young Generation
[2026-01-06T22:07:37.254+0800][44.898s][info][gc,task     ] GC(154) Using 1 Workers for Old Generation
[2026-01-06T22:07:37.254+0800][44.898s][info][gc,phases   ] GC(154) Y: Young Generation
[2026-01-06T22:07:37.254+0800][44.898s][info][gc,phases   ] GC(154) Y: Pause Mark Start (Major) 0.012ms
[2026-01-06T22:07:37.255+0800][44.898s][info][gc,phases   ] GC(154) Y: Concurrent Mark 0.541ms
[2026-01-06T22:07:37.255+0800][44.899s][info][gc,phases   ] GC(154) Y: Pause Mark End 0.003ms
[2026-01-06T22:07:37.255+0800][44.899s][info][gc,phases   ] GC(154) Y: Concurrent Mark Free 0.004ms
[2026-01-06T22:07:37.255+0800][44.899s][info][gc,phases   ] GC(154) Y: Concurrent Reset Relocation Set 0.000ms
[2026-01-06T22:07:37.258+0800][44.902s][info][gc,reloc    ] GC(154) Y: Using tenuring threshold: 1 (Computed)
[2026-01-06T22:07:37.258+0800][44.902s][info][gc,phases   ] GC(154) Y: Concurrent Select Relocation Set 3.534ms
[2026-01-06T22:07:37.258+0800][44.902s][info][gc,phases   ] GC(154) Y: Pause Relocate Start 0.002ms
[2026-01-06T22:07:37.258+0800][44.902s][info][gc,phases   ] GC(154) Y: Concurrent Relocate 0.010ms
[2026-01-06T22:07:37.258+0800][44.902s][info][gc,alloc    ] GC(154) Y:                         Mark Start        Mark End      Relocate Start    Relocate End   
[2026-01-06T22:07:37.258+0800][44.902s][info][gc,alloc    ] GC(154) Y: Allocation Stalls:          0                0                0                0         
[2026-01-06T22:07:37.258+0800][44.902s][info][gc,load     ] GC(154) Y: Load: 2.12 (21%) / 1.83 (18%) / 2.02 (20%)
[2026-01-06T22:07:37.258+0800][44.902s][info][gc,mmu      ] GC(154) Y: MMU: 2ms/97.4%, 5ms/98.6%, 10ms/99.3%, 20ms/99.5%, 50ms/99.8%, 100ms/99.9%
[2026-01-06T22:07:37.258+0800][44.902s][info][gc,marking  ] GC(154) Y: Mark: 1 stripe(s), 2 proactive flush(es), 1 terminate flush(es), 0 completion(s), 0 continuation(s) 
[2026-01-06T22:07:37.258+0800][44.902s][info][gc,nmethod  ] GC(154) Y: NMethods: 129 registered, 39 unregistered
[2026-01-06T22:07:37.258+0800][44.902s][info][gc,metaspace] GC(154) Y: Metaspace: 0M used, 0M committed, 1088M reserved
[2026-01-06T22:07:37.258+0800][44.902s][info][gc,reloc    ] GC(154) Y:                        Candidates     Selected     In-Place         Size        Empty    Relocated 
[2026-01-06T22:07:37.258+0800][44.902s][info][gc,reloc    ] GC(154) Y: Small Pages:                 1471            0            0        2942M        2940M           0M 
[2026-01-06T22:07:37.258+0800][44.902s][info][gc,reloc    ] GC(154) Y: Medium Pages:                   0            0            0           0M           0M           0M 
[2026-01-06T22:07:37.258+0800][44.902s][info][gc,reloc    ] GC(154) Y: Large Pages:                    0            0            0           0M           0M           0M 
[2026-01-06T22:07:37.258+0800][44.902s][info][gc,reloc    ] GC(154) Y: Forwarding Usage: 0M
[2026-01-06T22:07:37.258+0800][44.902s][info][gc,reloc    ] GC(154) Y: Age Table:
[2026-01-06T22:07:37.258+0800][44.902s][info][gc,reloc    ] GC(154) Y:                    Live             Garbage             Small              Medium             Large        
[2026-01-06T22:07:37.258+0800][44.902s][info][gc,reloc    ] GC(154) Y: Eden               0M (0%)         2939M (72%)       1470 / 0              0 / 0              0 / 0        
[2026-01-06T22:07:37.258+0800][44.902s][info][gc,reloc    ] GC(154) Y: Survivor 1          -                 2M (0%)           1 / 0              0 / 0              0 / 0        
[2026-01-06T22:07:37.258+0800][44.902s][info][gc,heap     ] GC(154) Y: Min Capacity: 8M(0%)
[2026-01-06T22:07:37.258+0800][44.902s][info][gc,heap     ] GC(154) Y: Max Capacity: 4096M(100%)
[2026-01-06T22:07:37.258+0800][44.902s][info][gc,heap     ] GC(154) Y: Soft Max Capacity: 3686M(90%)
[2026-01-06T22:07:37.258+0800][44.902s][info][gc,heap     ] GC(154) Y: Heap Statistics:
[2026-01-06T22:07:37.258+0800][44.902s][info][gc,heap     ] GC(154) Y:                Mark Start          Mark End        Relocate Start      Relocate End           High               Low         
[2026-01-06T22:07:37.258+0800][44.902s][info][gc,heap     ] GC(154) Y:  Capacity:     3498M (85%)        3498M (85%)        3498M (85%)        3498M (85%)        3498M (85%)        3498M (85%)    
[2026-01-06T22:07:37.258+0800][44.902s][info][gc,heap     ] GC(154) Y:      Free:     1152M (28%)        1148M (28%)        4078M (100%)       4078M (100%)       4078M (100%)       1148M (28%)    
[2026-01-06T22:07:37.258+0800][44.902s][info][gc,heap     ] GC(154) Y:      Used:     2944M (72%)        2948M (72%)          18M (0%)           18M (0%)         2948M (72%)          18M (0%)     
[2026-01-06T22:07:37.258+0800][44.902s][info][gc,heap     ] GC(154) Y: Young Generation Statistics:
[2026-01-06T22:07:37.258+0800][44.902s][info][gc,heap     ] GC(154) Y:                Mark Start          Mark End        Relocate Start      Relocate End    
[2026-01-06T22:07:37.258+0800][44.902s][info][gc,heap     ] GC(154) Y:      Used:     2942M (72%)        2946M (72%)          16M (0%)           16M (0%)     
[2026-01-06T22:07:37.258+0800][44.902s][info][gc,heap     ] GC(154) Y:      Live:         -                 0M (0%)            0M (0%)            0M (0%)     
[2026-01-06T22:07:37.258+0800][44.902s][info][gc,heap     ] GC(154) Y:   Garbage:         -              2941M (72%)           1M (0%)            1M (0%)     
[2026-01-06T22:07:37.258+0800][44.902s][info][gc,heap     ] GC(154) Y: Allocated:         -                 4M (0%)           14M (0%)           14M (0%)     
[2026-01-06T22:07:37.258+0800][44.902s][info][gc,heap     ] GC(154) Y: Reclaimed:         -                  -              2940M (72%)        2940M (72%)    
[2026-01-06T22:07:37.258+0800][44.902s][info][gc,heap     ] GC(154) Y:  Promoted:         -                  -                 0M (0%)            0M (0%)     
[2026-01-06T22:07:37.258+0800][44.902s][info][gc,heap     ] GC(154) Y: Compacted:         -                  -                  -                 0M (0%)     
[2026-01-06T22:07:37.258+0800][44.902s][info][gc,phases   ] GC(154) Y: Young Generation 2944M(72%)->18M(0%) 0.004s
[2026-01-06T22:07:37.258+0800][44.902s][info][gc,phases   ] GC(154) O: Old Generation
[2026-01-06T22:07:37.259+0800][44.903s][info][gc,phases   ] GC(154) O: Concurrent Mark 0.872ms
[2026-01-06T22:07:37.259+0800][44.903s][info][gc,phases   ] GC(154) O: Pause Mark End 0.005ms
[2026-01-06T22:07:37.259+0800][44.903s][info][gc,phases   ] GC(154) O: Concurrent Mark Free 0.000ms
[2026-01-06T22:07:37.260+0800][44.904s][info][gc,phases   ] GC(154) O: Concurrent Process Non-Strong 0.313ms
[2026-01-06T22:07:37.260+0800][44.904s][info][gc,phases   ] GC(154) O: Concurrent Reset Relocation Set 0.000ms
[2026-01-06T22:07:37.260+0800][44.904s][info][gc,phases   ] GC(154) O: Concurrent Select Relocation Set 0.019ms
[2026-01-06T22:07:37.260+0800][44.904s][info][gc,task     ] GC(154) O: Using 2 Workers for Old Generation
[2026-01-06T22:07:37.260+0800][44.904s][info][gc,task     ] GC(154) O: Using 1 Workers for Old Generation
[2026-01-06T22:07:37.260+0800][44.904s][info][gc,phases   ] GC(154) O: Concurrent Remap Roots 0.098ms
[2026-01-06T22:07:37.260+0800][44.904s][info][gc,phases   ] GC(154) O: Pause Relocate Start 0.001ms
[2026-01-06T22:07:37.260+0800][44.904s][info][gc,phases   ] GC(154) O: Concurrent Relocate 0.006ms
[2026-01-06T22:07:37.260+0800][44.904s][info][gc,alloc    ] GC(154) O:                         Mark Start        Mark End      Relocate Start    Relocate End   
[2026-01-06T22:07:37.260+0800][44.904s][info][gc,alloc    ] GC(154) O: Allocation Stalls:          0                0                0                0         
[2026-01-06T22:07:37.260+0800][44.904s][info][gc,load     ] GC(154) O: Load: 2.12 (21%) / 1.83 (18%) / 2.02 (20%)
[2026-01-06T22:07:37.260+0800][44.904s][info][gc,mmu      ] GC(154) O: MMU: 2ms/97.4%, 5ms/98.6%, 10ms/99.3%, 20ms/99.5%, 50ms/99.8%, 100ms/99.9%
[2026-01-06T22:07:37.260+0800][44.904s][info][gc,marking  ] GC(154) O: Mark: 1 stripe(s), 2 proactive flush(es), 1 terminate flush(es), 0 completion(s), 0 continuation(s) 
[2026-01-06T22:07:37.260+0800][44.904s][info][gc,nmethod  ] GC(154) O: NMethods: 129 registered, 39 unregistered
[2026-01-06T22:07:37.260+0800][44.904s][info][gc,metaspace] GC(154) O: Metaspace: 0M used, 0M committed, 1088M reserved
[2026-01-06T22:07:37.260+0800][44.904s][info][gc,ref      ] GC(154) O:                       Encountered   Discovered     Enqueued 
[2026-01-06T22:07:37.260+0800][44.904s][info][gc,ref      ] GC(154) O: Soft References:                1            0            0 
[2026-01-06T22:07:37.260+0800][44.904s][info][gc,ref      ] GC(154) O: Weak References:                6            0            0 
[2026-01-06T22:07:37.260+0800][44.904s][info][gc,ref      ] GC(154) O: Final References:               0            0            0 
[2026-01-06T22:07:37.260+0800][44.904s][info][gc,ref      ] GC(154) O: Phantom References:             1            1            0 
[2026-01-06T22:07:37.260+0800][44.904s][info][gc,reloc    ] GC(154) O:                        Candidates     Selected     In-Place         Size        Empty    Relocated 
[2026-01-06T22:07:37.260+0800][44.904s][info][gc,reloc    ] GC(154) O: Small Pages:                    1            0            0           2M           0M           0M 
[2026-01-06T22:07:37.260+0800][44.904s][info][gc,reloc    ] GC(154) O: Medium Pages:                   0            0            0           0M           0M           0M 
[2026-01-06T22:07:37.260+0800][44.904s][info][gc,reloc    ] GC(154) O: Large Pages:                    0            0            0           0M           0M           0M 
[2026-01-06T22:07:37.260+0800][44.904s][info][gc,reloc    ] GC(154) O: Forwarding Usage: 0M
[2026-01-06T22:07:37.260+0800][44.904s][info][gc,heap     ] GC(154) O: Min Capacity: 8M(0%)
[2026-01-06T22:07:37.260+0800][44.904s][info][gc,heap     ] GC(154) O: Max Capacity: 4096M(100%)
[2026-01-06T22:07:37.260+0800][44.904s][info][gc,heap     ] GC(154) O: Soft Max Capacity: 3686M(90%)
[2026-01-06T22:07:37.260+0800][44.904s][info][gc,heap     ] GC(154) O: Heap Statistics:
[2026-01-06T22:07:37.260+0800][44.904s][info][gc,heap     ] GC(154) O:                Mark Start          Mark End        Relocate Start      Relocate End           High               Low         
[2026-01-06T22:07:37.260+0800][44.904s][info][gc,heap     ] GC(154) O:  Capacity:     3498M (85%)        3498M (85%)        3498M (85%)        3498M (85%)        3498M (85%)        3498M (85%)    
[2026-01-06T22:07:37.260+0800][44.904s][info][gc,heap     ] GC(154) O:      Free:     1152M (28%)        4074M (99%)        4074M (99%)        4074M (99%)        4078M (100%)       1148M (28%)    
[2026-01-06T22:07:37.260+0800][44.904s][info][gc,heap     ] GC(154) O:      Used:     2944M (72%)          22M (1%)           22M (1%)           22M (1%)         2948M (72%)          18M (0%)     
[2026-01-06T22:07:37.260+0800][44.904s][info][gc,heap     ] GC(154) O: Old Generation Statistics:
[2026-01-06T22:07:37.260+0800][44.904s][info][gc,heap     ] GC(154) O:                Mark Start          Mark End        Relocate Start      Relocate End    
[2026-01-06T22:07:37.260+0800][44.904s][info][gc,heap     ] GC(154) O:      Used:        2M (0%)            2M (0%)            2M (0%)            2M (0%)     
[2026-01-06T22:07:37.260+0800][44.904s][info][gc,heap     ] GC(154) O:      Live:         -                 0M (0%)            0M (0%)            0M (0%)     
[2026-01-06T22:07:37.260+0800][44.904s][info][gc,heap     ] GC(154) O:   Garbage:         -                 1M (0%)            1M (0%)            1M (0%)     
[2026-01-06T22:07:37.260+0800][44.904s][info][gc,heap     ] GC(154) O: Allocated:         -                 0M (0%)            0M (0%)            0M (0%)     
[2026-01-06T22:07:37.260+0800][44.904s][info][gc,heap     ] GC(154) O: Reclaimed:         -                  -                 0M (0%)            0M (0%)     
[2026-01-06T22:07:37.260+0800][44.904s][info][gc,heap     ] GC(154) O: Compacted:         -                  -                  -                 0M (0%)     
[2026-01-06T22:07:37.260+0800][44.904s][info][gc,phases   ] GC(154) O: Old Generation 18M(0%)->22M(1%) 0.001s
[2026-01-06T22:07:37.260+0800][44.904s][info][gc          ] GC(154) Major Collection (Proactive) 2944M(72%)->24M(1%) 0.006s
[2026-01-06T22:07:37.809+0800][45.453s][info][gc          ] GC(155) Major Collection (Proactive)
[2026-01-06T22:07:37.810+0800][45.453s][info][gc,task     ] GC(155) Using 1 Workers for Young Generation
[2026-01-06T22:07:37.810+0800][45.453s][info][gc,task     ] GC(155) Using 1 Workers for Old Generation
[2026-01-06T22:07:37.810+0800][45.453s][info][gc,phases   ] GC(155) Y: Young Generation
[2026-01-06T22:07:37.810+0800][45.454s][info][gc,phases   ] GC(155) Y: Pause Mark Start (Major) 0.009ms
[2026-01-06T22:07:37.810+0800][45.454s][info][gc,phases   ] GC(155) Y: Concurrent Mark 0.317ms
[2026-01-06T22:07:37.810+0800][45.454s][info][gc,phases   ] GC(155) Y: Pause Mark End 0.003ms
[2026-01-06T22:07:37.810+0800][45.454s][info][gc,phases   ] GC(155) Y: Concurrent Mark Free 0.001ms
[2026-01-06T22:07:37.810+0800][45.454s][info][gc,phases   ] GC(155) Y: Concurrent Reset Relocation Set 0.000ms
[2026-01-06T22:07:37.811+0800][45.455s][info][gc,reloc    ] GC(155) Y: Using tenuring threshold: 1 (Computed)
[2026-01-06T22:07:37.811+0800][45.455s][info][gc,phases   ] GC(155) Y: Concurrent Select Relocation Set 0.996ms
[2026-01-06T22:07:37.811+0800][45.455s][info][gc,phases   ] GC(155) Y: Pause Relocate Start 0.001ms
[2026-01-06T22:07:37.811+0800][45.455s][info][gc,phases   ] GC(155) Y: Concurrent Relocate 0.013ms
[2026-01-06T22:07:37.811+0800][45.455s][info][gc,alloc    ] GC(155) Y:                         Mark Start        Mark End      Relocate Start    Relocate End   
[2026-01-06T22:07:37.811+0800][45.455s][info][gc,alloc    ] GC(155) Y: Allocation Stalls:          0                0                0                0         
[2026-01-06T22:07:37.811+0800][45.455s][info][gc,load     ] GC(155) Y: Load: 2.12 (21%) / 1.83 (18%) / 2.02 (20%)
[2026-01-06T22:07:37.811+0800][45.455s][info][gc,mmu      ] GC(155) Y: MMU: 2ms/97.4%, 5ms/98.6%, 10ms/99.3%, 20ms/99.5%, 50ms/99.8%, 100ms/99.9%
[2026-01-06T22:07:37.811+0800][45.455s][info][gc,marking  ] GC(155) Y: Mark: 1 stripe(s), 2 proactive flush(es), 1 terminate flush(es), 0 completion(s), 0 continuation(s) 
[2026-01-06T22:07:37.811+0800][45.455s][info][gc,nmethod  ] GC(155) Y: NMethods: 129 registered, 39 unregistered
[2026-01-06T22:07:37.811+0800][45.455s][info][gc,metaspace] GC(155) Y: Metaspace: 0M used, 0M committed, 1088M reserved
[2026-01-06T22:07:37.811+0800][45.455s][info][gc,reloc    ] GC(155) Y:                        Candidates     Selected     In-Place         Size        Empty    Relocated 
[2026-01-06T22:07:37.811+0800][45.455s][info][gc,reloc    ] GC(155) Y: Small Pages:                 1382            0            0        2764M        2762M           0M 
[2026-01-06T22:07:37.811+0800][45.455s][info][gc,reloc    ] GC(155) Y: Medium Pages:                   0            0            0           0M           0M           0M 
[2026-01-06T22:07:37.811+0800][45.455s][info][gc,reloc    ] GC(155) Y: Large Pages:                    0            0            0           0M           0M           0M 
[2026-01-06T22:07:37.811+0800][45.455s][info][gc,reloc    ] GC(155) Y: Forwarding Usage: 0M
[2026-01-06T22:07:37.811+0800][45.455s][info][gc,reloc    ] GC(155) Y: Age Table:
[2026-01-06T22:07:37.811+0800][45.455s][info][gc,reloc    ] GC(155) Y:                    Live             Garbage             Small              Medium             Large        
[2026-01-06T22:07:37.811+0800][45.455s][info][gc,reloc    ] GC(155) Y: Eden               0M (0%)         2761M (67%)       1381 / 0              0 / 0              0 / 0        
[2026-01-06T22:07:37.811+0800][45.455s][info][gc,reloc    ] GC(155) Y: Survivor 1          -                 2M (0%)           1 / 0              0 / 0              0 / 0        
[2026-01-06T22:07:37.811+0800][45.455s][info][gc,heap     ] GC(155) Y: Min Capacity: 8M(0%)
[2026-01-06T22:07:37.811+0800][45.455s][info][gc,heap     ] GC(155) Y: Max Capacity: 4096M(100%)
[2026-01-06T22:07:37.811+0800][45.455s][info][gc,heap     ] GC(155) Y: Soft Max Capacity: 3686M(90%)
[2026-01-06T22:07:37.811+0800][45.455s][info][gc,heap     ] GC(155) Y: Heap Statistics:
[2026-01-06T22:07:37.811+0800][45.455s][info][gc,heap     ] GC(155) Y:                Mark Start          Mark End        Relocate Start      Relocate End           High               Low         
[2026-01-06T22:07:37.811+0800][45.455s][info][gc,heap     ] GC(155) Y:  Capacity:     3498M (85%)        3498M (85%)        3498M (85%)        3498M (85%)        3498M (85%)        3498M (85%)    
[2026-01-06T22:07:37.811+0800][45.455s][info][gc,heap     ] GC(155) Y:      Free:     1330M (32%)        1328M (32%)        4084M (100%)       4084M (100%)       4084M (100%)       1326M (32%)    
[2026-01-06T22:07:37.811+0800][45.455s][info][gc,heap     ] GC(155) Y:      Used:     2766M (68%)        2768M (68%)          12M (0%)           12M (0%)         2770M (68%)          12M (0%)     
[2026-01-06T22:07:37.811+0800][45.455s][info][gc,heap     ] GC(155) Y: Young Generation Statistics:
[2026-01-06T22:07:37.811+0800][45.455s][info][gc,heap     ] GC(155) Y:                Mark Start          Mark End        Relocate Start      Relocate End    
[2026-01-06T22:07:37.811+0800][45.455s][info][gc,heap     ] GC(155) Y:      Used:     2764M (67%)        2766M (68%)          10M (0%)           10M (0%)     
[2026-01-06T22:07:37.811+0800][45.455s][info][gc,heap     ] GC(155) Y:      Live:         -                 0M (0%)            0M (0%)            0M (0%)     
[2026-01-06T22:07:37.811+0800][45.455s][info][gc,heap     ] GC(155) Y:   Garbage:         -              2763M (67%)           1M (0%)            1M (0%)     
[2026-01-06T22:07:37.811+0800][45.455s][info][gc,heap     ] GC(155) Y: Allocated:         -                 2M (0%)            8M (0%)            8M (0%)     
[2026-01-06T22:07:37.811+0800][45.455s][info][gc,heap     ] GC(155) Y: Reclaimed:         -                  -              2762M (67%)        2762M (67%)    
[2026-01-06T22:07:37.811+0800][45.455s][info][gc,heap     ] GC(155) Y:  Promoted:         -                  -                 0M (0%)            0M (0%)     
[2026-01-06T22:07:37.811+0800][45.455s][info][gc,heap     ] GC(155) Y: Compacted:         -                  -                  -                 0M (0%)     
[2026-01-06T22:07:37.811+0800][45.455s][info][gc,phases   ] GC(155) Y: Young Generation 2766M(68%)->12M(0%) 0.002s
[2026-01-06T22:07:37.811+0800][45.455s][info][gc,phases   ] GC(155) O: Old Generation
[2026-01-06T22:07:37.812+0800][45.456s][info][gc,phases   ] GC(155) O: Concurrent Mark 0.661ms
[2026-01-06T22:07:37.812+0800][45.456s][info][gc,phases   ] GC(155) O: Pause Mark End 0.002ms
[2026-01-06T22:07:37.812+0800][45.456s][info][gc,phases   ] GC(155) O: Concurrent Mark Free 0.000ms
[2026-01-06T22:07:37.812+0800][45.456s][info][gc,phases   ] GC(155) O: Concurrent Process Non-Strong 0.293ms
[2026-01-06T22:07:37.812+0800][45.456s][info][gc,phases   ] GC(155) O: Concurrent Reset Relocation Set 0.000ms
[2026-01-06T22:07:37.812+0800][45.456s][info][gc,phases   ] GC(155) O: Concurrent Select Relocation Set 0.018ms
[2026-01-06T22:07:37.812+0800][45.456s][info][gc,task     ] GC(155) O: Using 2 Workers for Old Generation
[2026-01-06T22:07:37.812+0800][45.456s][info][gc,task     ] GC(155) O: Using 1 Workers for Old Generation
[2026-01-06T22:07:37.812+0800][45.456s][info][gc,phases   ] GC(155) O: Concurrent Remap Roots 0.091ms
[2026-01-06T22:07:37.812+0800][45.456s][info][gc,phases   ] GC(155) O: Pause Relocate Start 0.001ms
[2026-01-06T22:07:37.812+0800][45.456s][info][gc,phases   ] GC(155) O: Concurrent Relocate 0.008ms
[2026-01-06T22:07:37.812+0800][45.456s][info][gc,alloc    ] GC(155) O:                         Mark Start        Mark End      Relocate Start    Relocate End   
[2026-01-06T22:07:37.812+0800][45.456s][info][gc,alloc    ] GC(155) O: Allocation Stalls:          0                0                0                0         
[2026-01-06T22:07:37.812+0800][45.456s][info][gc,load     ] GC(155) O: Load: 2.12 (21%) / 1.83 (18%) / 2.02 (20%)
[2026-01-06T22:07:37.812+0800][45.456s][info][gc,mmu      ] GC(155) O: MMU: 2ms/97.4%, 5ms/98.6%, 10ms/99.3%, 20ms/99.5%, 50ms/99.8%, 100ms/99.9%
[2026-01-06T22:07:37.812+0800][45.456s][info][gc,marking  ] GC(155) O: Mark: 1 stripe(s), 2 proactive flush(es), 1 terminate flush(es), 0 completion(s), 0 continuation(s) 
[2026-01-06T22:07:37.812+0800][45.456s][info][gc,nmethod  ] GC(155) O: NMethods: 129 registered, 39 unregistered
[2026-01-06T22:07:37.812+0800][45.456s][info][gc,metaspace] GC(155) O: Metaspace: 0M used, 0M committed, 1088M reserved
[2026-01-06T22:07:37.812+0800][45.456s][info][gc,ref      ] GC(155) O:                       Encountered   Discovered     Enqueued 
[2026-01-06T22:07:37.812+0800][45.456s][info][gc,ref      ] GC(155) O: Soft References:                1            0            0 
[2026-01-06T22:07:37.812+0800][45.456s][info][gc,ref      ] GC(155) O: Weak References:                6            0            0 
[2026-01-06T22:07:37.812+0800][45.456s][info][gc,ref      ] GC(155) O: Final References:               0            0            0 
[2026-01-06T22:07:37.812+0800][45.456s][info][gc,ref      ] GC(155) O: Phantom References:             1            1            0 
[2026-01-06T22:07:37.812+0800][45.456s][info][gc,reloc    ] GC(155) O:                        Candidates     Selected     In-Place         Size        Empty    Relocated 
[2026-01-06T22:07:37.812+0800][45.456s][info][gc,reloc    ] GC(155) O: Small Pages:                    1            0            0           2M           0M           0M 
[2026-01-06T22:07:37.812+0800][45.456s][info][gc,reloc    ] GC(155) O: Medium Pages:                   0            0            0           0M           0M           0M 
[2026-01-06T22:07:37.812+0800][45.456s][info][gc,reloc    ] GC(155) O: Large Pages:                    0            0            0           0M           0M           0M 
[2026-01-06T22:07:37.812+0800][45.456s][info][gc,reloc    ] GC(155) O: Forwarding Usage: 0M
[2026-01-06T22:07:37.812+0800][45.456s][info][gc,heap     ] GC(155) O: Min Capacity: 8M(0%)
[2026-01-06T22:07:37.812+0800][45.456s][info][gc,heap     ] GC(155) O: Max Capacity: 4096M(100%)
[2026-01-06T22:07:37.812+0800][45.456s][info][gc,heap     ] GC(155) O: Soft Max Capacity: 3686M(90%)
[2026-01-06T22:07:37.812+0800][45.456s][info][gc,heap     ] GC(155) O: Heap Statistics:
[2026-01-06T22:07:37.812+0800][45.456s][info][gc,heap     ] GC(155) O:                Mark Start          Mark End        Relocate Start      Relocate End           High               Low         
[2026-01-06T22:07:37.812+0800][45.456s][info][gc,heap     ] GC(155) O:  Capacity:     3498M (85%)        3498M (85%)        3498M (85%)        3498M (85%)        3498M (85%)        3498M (85%)    
[2026-01-06T22:07:37.812+0800][45.456s][info][gc,heap     ] GC(155) O:      Free:     1330M (32%)        4078M (100%)       4074M (99%)        4074M (99%)        4084M (100%)       1326M (32%)    
[2026-01-06T22:07:37.812+0800][45.456s][info][gc,heap     ] GC(155) O:      Used:     2766M (68%)          18M (0%)           22M (1%)           22M (1%)         2770M (68%)          12M (0%)     
[2026-01-06T22:07:37.812+0800][45.456s][info][gc,heap     ] GC(155) O: Old Generation Statistics:
[2026-01-06T22:07:37.812+0800][45.456s][info][gc,heap     ] GC(155) O:                Mark Start          Mark End        Relocate Start      Relocate End    
[2026-01-06T22:07:37.812+0800][45.456s][info][gc,heap     ] GC(155) O:      Used:        2M (0%)            2M (0%)            2M (0%)            2M (0%)     
[2026-01-06T22:07:37.812+0800][45.456s][info][gc,heap     ] GC(155) O:      Live:         -                 0M (0%)            0M (0%)            0M (0%)     
[2026-01-06T22:07:37.812+0800][45.456s][info][gc,heap     ] GC(155) O:   Garbage:         -                 1M (0%)            1M (0%)            1M (0%)     
[2026-01-06T22:07:37.812+0800][45.456s][info][gc,heap     ] GC(155) O: Allocated:         -                 0M (0%)            0M (0%)            0M (0%)     
[2026-01-06T22:07:37.812+0800][45.456s][info][gc,heap     ] GC(155) O: Reclaimed:         -                  -                 0M (0%)            0M (0%)     
[2026-01-06T22:07:37.812+0800][45.456s][info][gc,heap     ] GC(155) O: Compacted:         -                  -                  -                 0M (0%)     
[2026-01-06T22:07:37.812+0800][45.456s][info][gc,phases   ] GC(155) O: Old Generation 12M(0%)->22M(1%) 0.001s
[2026-01-06T22:07:37.812+0800][45.456s][info][gc          ] GC(155) Major Collection (Proactive) 2764M(67%)->24M(1%) 0.003s
[2026-01-06T22:07:38.166+0800][45.810s][info][gc          ] GC(156) Minor Collection (High Usage)
[2026-01-06T22:07:38.166+0800][45.810s][info][gc,task     ] GC(156) Using 1 Workers for Young Generation
[2026-01-06T22:07:38.166+0800][45.810s][info][gc,phases   ] GC(156) y: Young Generation
[2026-01-06T22:07:38.166+0800][45.810s][info][gc,phases   ] GC(156) y: Pause Mark Start 0.004ms
[2026-01-06T22:07:38.166+0800][45.810s][info][gc,phases   ] GC(156) y: Concurrent Mark 0.234ms
[2026-01-06T22:07:38.166+0800][45.810s][info][gc,phases   ] GC(156) y: Pause Mark End 0.005ms
[2026-01-06T22:07:38.166+0800][45.810s][info][gc,phases   ] GC(156) y: Concurrent Mark Free 0.000ms
[2026-01-06T22:07:38.166+0800][45.810s][info][gc,phases   ] GC(156) y: Concurrent Reset Relocation Set 0.000ms
[2026-01-06T22:07:38.167+0800][45.811s][info][gc,reloc    ] GC(156) y: Using tenuring threshold: 1 (Computed)
[2026-01-06T22:07:38.167+0800][45.811s][info][gc,phases   ] GC(156) y: Concurrent Select Relocation Set 0.427ms
[2026-01-06T22:07:38.167+0800][45.811s][info][gc,phases   ] GC(156) y: Pause Relocate Start 0.002ms
[2026-01-06T22:07:38.167+0800][45.811s][info][gc,phases   ] GC(156) y: Concurrent Relocate 0.010ms
[2026-01-06T22:07:38.167+0800][45.811s][info][gc,alloc    ] GC(156) y:                         Mark Start        Mark End      Relocate Start    Relocate End   
[2026-01-06T22:07:38.167+0800][45.811s][info][gc,alloc    ] GC(156) y: Allocation Stalls:          0                0                0                0         
[2026-01-06T22:07:38.167+0800][45.811s][info][gc,load     ] GC(156) y: Load: 2.12 (21%) / 1.83 (18%) / 2.02 (20%)
[2026-01-06T22:07:38.167+0800][45.811s][info][gc,mmu      ] GC(156) y: MMU: 2ms/97.4%, 5ms/98.6%, 10ms/99.3%, 20ms/99.5%, 50ms/99.8%, 100ms/99.9%
[2026-01-06T22:07:38.167+0800][45.811s][info][gc,marking  ] GC(156) y: Mark: 1 stripe(s), 2 proactive flush(es), 1 terminate flush(es), 0 completion(s), 0 continuation(s) 
[2026-01-06T22:07:38.167+0800][45.811s][info][gc,nmethod  ] GC(156) y: NMethods: 129 registered, 39 unregistered
[2026-01-06T22:07:38.167+0800][45.811s][info][gc,metaspace] GC(156) y: Metaspace: 0M used, 0M committed, 1088M reserved
[2026-01-06T22:07:38.167+0800][45.811s][info][gc,reloc    ] GC(156) y:                        Candidates     Selected     In-Place         Size        Empty    Relocated 
[2026-01-06T22:07:38.167+0800][45.811s][info][gc,reloc    ] GC(156) y: Small Pages:                 1740            0            0        3480M        3478M           0M 
[2026-01-06T22:07:38.167+0800][45.811s][info][gc,reloc    ] GC(156) y: Medium Pages:                   0            0            0           0M           0M           0M 
[2026-01-06T22:07:38.167+0800][45.811s][info][gc,reloc    ] GC(156) y: Large Pages:                    0            0            0           0M           0M           0M 
[2026-01-06T22:07:38.167+0800][45.811s][info][gc,reloc    ] GC(156) y: Forwarding Usage: 0M
[2026-01-06T22:07:38.167+0800][45.811s][info][gc,reloc    ] GC(156) y: Age Table:
[2026-01-06T22:07:38.167+0800][45.811s][info][gc,reloc    ] GC(156) y:                    Live             Garbage             Small              Medium             Large        
[2026-01-06T22:07:38.167+0800][45.811s][info][gc,reloc    ] GC(156) y: Eden               0M (0%)         3477M (85%)       1739 / 0              0 / 0              0 / 0        
[2026-01-06T22:07:38.167+0800][45.811s][info][gc,reloc    ] GC(156) y: Survivor 1          -                 2M (0%)           1 / 0              0 / 0              0 / 0        
[2026-01-06T22:07:38.167+0800][45.811s][info][gc,heap     ] GC(156) y: Min Capacity: 8M(0%)
[2026-01-06T22:07:38.167+0800][45.811s][info][gc,heap     ] GC(156) y: Max Capacity: 4096M(100%)
[2026-01-06T22:07:38.167+0800][45.811s][info][gc,heap     ] GC(156) y: Soft Max Capacity: 3686M(90%)
[2026-01-06T22:07:38.167+0800][45.811s][info][gc,heap     ] GC(156) y: Heap Statistics:
[2026-01-06T22:07:38.167+0800][45.811s][info][gc,heap     ] GC(156) y:                Mark Start          Mark End        Relocate Start      Relocate End           High               Low         
[2026-01-06T22:07:38.167+0800][45.811s][info][gc,heap     ] GC(156) y:  Capacity:     3498M (85%)        3498M (85%)        3498M (85%)        3498M (85%)        3498M (85%)        3498M (85%)    
[2026-01-06T22:07:38.167+0800][45.811s][info][gc,heap     ] GC(156) y:      Free:      614M (15%)         612M (15%)        4084M (100%)       4084M (100%)       4086M (100%)        612M (15%)    
[2026-01-06T22:07:38.167+0800][45.811s][info][gc,heap     ] GC(156) y:      Used:     3482M (85%)        3484M (85%)          12M (0%)           12M (0%)         3484M (85%)          10M (0%)     
[2026-01-06T22:07:38.167+0800][45.811s][info][gc,heap     ] GC(156) y: Young Generation Statistics:
[2026-01-06T22:07:38.167+0800][45.811s][info][gc,heap     ] GC(156) y:                Mark Start          Mark End        Relocate Start      Relocate End    
[2026-01-06T22:07:38.167+0800][45.811s][info][gc,heap     ] GC(156) y:      Used:     3480M (85%)        3482M (85%)          10M (0%)           10M (0%)     
[2026-01-06T22:07:38.167+0800][45.811s][info][gc,heap     ] GC(156) y:      Live:         -                 0M (0%)            0M (0%)            0M (0%)     
[2026-01-06T22:07:38.167+0800][45.811s][info][gc,heap     ] GC(156) y:   Garbage:         -              3479M (85%)           1M (0%)            1M (0%)     
[2026-01-06T22:07:38.167+0800][45.811s][info][gc,heap     ] GC(156) y: Allocated:         -                 2M (0%)            8M (0%)            8M (0%)     
[2026-01-06T22:07:38.167+0800][45.811s][info][gc,heap     ] GC(156) y: Reclaimed:         -                  -              3478M (85%)        3478M (85%)    
[2026-01-06T22:07:38.167+0800][45.811s][info][gc,heap     ] GC(156) y:  Promoted:         -                  -                 0M (0%)            0M (0%)     
[2026-01-06T22:07:38.167+0800][45.811s][info][gc,heap     ] GC(156) y: Compacted:         -                  -                  -                 0M (0%)     
[2026-01-06T22:07:38.167+0800][45.811s][info][gc,phases   ] GC(156) y: Young Generation 3482M(85%)->12M(0%) 0.001s
[2026-01-06T22:07:38.167+0800][45.811s][info][gc          ] GC(156) Minor Collection (High Usage) 3482M(85%)->14M(0%) 0.001s
[2026-01-06T22:07:38.191+0800][45.835s][info][gc          ] GC(157) Major Collection (Proactive)
[2026-01-06T22:07:38.192+0800][45.835s][info][gc,task     ] GC(157) Using 1 Workers for Young Generation
[2026-01-06T22:07:38.192+0800][45.835s][info][gc,task     ] GC(157) Using 1 Workers for Old Generation
[2026-01-06T22:07:38.192+0800][45.835s][info][gc,phases   ] GC(157) Y: Young Generation
[2026-01-06T22:07:38.192+0800][45.835s][info][gc,phases   ] GC(157) Y: Pause Mark Start (Major) 0.010ms
[2026-01-06T22:07:38.192+0800][45.836s][info][gc,phases   ] GC(157) Y: Concurrent Mark 0.237ms
[2026-01-06T22:07:38.192+0800][45.836s][info][gc,phases   ] GC(157) Y: Pause Mark End 0.003ms
[2026-01-06T22:07:38.192+0800][45.836s][info][gc,phases   ] GC(157) Y: Concurrent Mark Free 0.000ms
[2026-01-06T22:07:38.192+0800][45.836s][info][gc,phases   ] GC(157) Y: Concurrent Reset Relocation Set 0.000ms
[2026-01-06T22:07:38.192+0800][45.836s][info][gc,reloc    ] GC(157) Y: Using tenuring threshold: 1 (Computed)
[2026-01-06T22:07:38.192+0800][45.836s][info][gc,phases   ] GC(157) Y: Concurrent Select Relocation Set 0.069ms
[2026-01-06T22:07:38.192+0800][45.836s][info][gc,phases   ] GC(157) Y: Pause Relocate Start 0.001ms
[2026-01-06T22:07:38.192+0800][45.836s][info][gc,phases   ] GC(157) Y: Concurrent Relocate 0.011ms
[2026-01-06T22:07:38.192+0800][45.836s][info][gc,alloc    ] GC(157) Y:                         Mark Start        Mark End      Relocate Start    Relocate End   
[2026-01-06T22:07:38.192+0800][45.836s][info][gc,alloc    ] GC(157) Y: Allocation Stalls:          0                0                0                0         
[2026-01-06T22:07:38.192+0800][45.836s][info][gc,load     ] GC(157) Y: Load: 2.12 (21%) / 1.83 (18%) / 2.02 (20%)
[2026-01-06T22:07:38.192+0800][45.836s][info][gc,mmu      ] GC(157) Y: MMU: 2ms/97.4%, 5ms/98.6%, 10ms/99.3%, 20ms/99.5%, 50ms/99.8%, 100ms/99.9%
[2026-01-06T22:07:38.192+0800][45.836s][info][gc,marking  ] GC(157) Y: Mark: 1 stripe(s), 2 proactive flush(es), 1 terminate flush(es), 0 completion(s), 0 continuation(s) 
[2026-01-06T22:07:38.192+0800][45.836s][info][gc,nmethod  ] GC(157) Y: NMethods: 129 registered, 39 unregistered
[2026-01-06T22:07:38.192+0800][45.836s][info][gc,metaspace] GC(157) Y: Metaspace: 0M used, 0M committed, 1088M reserved
[2026-01-06T22:07:38.192+0800][45.836s][info][gc,reloc    ] GC(157) Y:                        Candidates     Selected     In-Place         Size        Empty    Relocated 
[2026-01-06T22:07:38.192+0800][45.836s][info][gc,reloc    ] GC(157) Y: Small Pages:                  196            0            0         392M         390M           0M 
[2026-01-06T22:07:38.192+0800][45.836s][info][gc,reloc    ] GC(157) Y: Medium Pages:                   0            0            0           0M           0M           0M 
[2026-01-06T22:07:38.192+0800][45.836s][info][gc,reloc    ] GC(157) Y: Large Pages:                    0            0            0           0M           0M           0M 
[2026-01-06T22:07:38.192+0800][45.836s][info][gc,reloc    ] GC(157) Y: Forwarding Usage: 0M
[2026-01-06T22:07:38.192+0800][45.836s][info][gc,reloc    ] GC(157) Y: Age Table:
[2026-01-06T22:07:38.192+0800][45.836s][info][gc,reloc    ] GC(157) Y:                    Live             Garbage             Small              Medium             Large        
[2026-01-06T22:07:38.192+0800][45.836s][info][gc,reloc    ] GC(157) Y: Eden               0M (0%)          389M (10%)        195 / 0              0 / 0              0 / 0        
[2026-01-06T22:07:38.192+0800][45.836s][info][gc,reloc    ] GC(157) Y: Survivor 1          -                 2M (0%)           1 / 0              0 / 0              0 / 0        
[2026-01-06T22:07:38.192+0800][45.836s][info][gc,heap     ] GC(157) Y: Min Capacity: 8M(0%)
[2026-01-06T22:07:38.192+0800][45.836s][info][gc,heap     ] GC(157) Y: Max Capacity: 4096M(100%)
[2026-01-06T22:07:38.192+0800][45.836s][info][gc,heap     ] GC(157) Y: Soft Max Capacity: 3686M(90%)
[2026-01-06T22:07:38.192+0800][45.836s][info][gc,heap     ] GC(157) Y: Heap Statistics:
[2026-01-06T22:07:38.192+0800][45.836s][info][gc,heap     ] GC(157) Y:                Mark Start          Mark End        Relocate Start      Relocate End           High               Low         
[2026-01-06T22:07:38.192+0800][45.836s][info][gc,heap     ] GC(157) Y:  Capacity:     3498M (85%)        3498M (85%)        3498M (85%)        3498M (85%)        3498M (85%)        3498M (85%)    
[2026-01-06T22:07:38.192+0800][45.836s][info][gc,heap     ] GC(157) Y:      Free:     3702M (90%)        3698M (90%)        4086M (100%)       4086M (100%)       4086M (100%)       3696M (90%)    
[2026-01-06T22:07:38.192+0800][45.836s][info][gc,heap     ] GC(157) Y:      Used:      394M (10%)         398M (10%)          10M (0%)           10M (0%)          400M (10%)          10M (0%)     
[2026-01-06T22:07:38.192+0800][45.836s][info][gc,heap     ] GC(157) Y: Young Generation Statistics:
[2026-01-06T22:07:38.192+0800][45.836s][info][gc,heap     ] GC(157) Y:                Mark Start          Mark End        Relocate Start      Relocate End    
[2026-01-06T22:07:38.192+0800][45.836s][info][gc,heap     ] GC(157) Y:      Used:      392M (10%)         396M (10%)           8M (0%)            8M (0%)     
[2026-01-06T22:07:38.192+0800][45.836s][info][gc,heap     ] GC(157) Y:      Live:         -                 0M (0%)            0M (0%)            0M (0%)     
[2026-01-06T22:07:38.192+0800][45.836s][info][gc,heap     ] GC(157) Y:   Garbage:         -               391M (10%)           1M (0%)            1M (0%)     
[2026-01-06T22:07:38.192+0800][45.836s][info][gc,heap     ] GC(157) Y: Allocated:         -                 4M (0%)            6M (0%)            6M (0%)     
[2026-01-06T22:07:38.192+0800][45.836s][info][gc,heap     ] GC(157) Y: Reclaimed:         -                  -               390M (10%)         390M (10%)    
[2026-01-06T22:07:38.192+0800][45.836s][info][gc,heap     ] GC(157) Y:  Promoted:         -                  -                 0M (0%)            0M (0%)     
[2026-01-06T22:07:38.192+0800][45.836s][info][gc,heap     ] GC(157) Y: Compacted:         -                  -                  -                 0M (0%)     
[2026-01-06T22:07:38.192+0800][45.836s][info][gc,phases   ] GC(157) Y: Young Generation 394M(10%)->10M(0%) 0.000s
[2026-01-06T22:07:38.192+0800][45.836s][info][gc,phases   ] GC(157) O: Old Generation
[2026-01-06T22:07:38.193+0800][45.837s][info][gc,phases   ] GC(157) O: Concurrent Mark 0.877ms
[2026-01-06T22:07:38.193+0800][45.837s][info][gc,phases   ] GC(157) O: Pause Mark End 0.002ms
[2026-01-06T22:07:38.193+0800][45.837s][info][gc,phases   ] GC(157) O: Concurrent Mark Free 0.000ms
[2026-01-06T22:07:38.193+0800][45.837s][info][gc,phases   ] GC(157) O: Concurrent Process Non-Strong 0.389ms
[2026-01-06T22:07:38.193+0800][45.837s][info][gc,phases   ] GC(157) O: Concurrent Reset Relocation Set 0.000ms
[2026-01-06T22:07:38.193+0800][45.837s][info][gc,phases   ] GC(157) O: Concurrent Select Relocation Set 0.020ms
[2026-01-06T22:07:38.193+0800][45.837s][info][gc,task     ] GC(157) O: Using 2 Workers for Old Generation
[2026-01-06T22:07:38.194+0800][45.837s][info][gc,task     ] GC(157) O: Using 1 Workers for Old Generation
[2026-01-06T22:07:38.194+0800][45.837s][info][gc,phases   ] GC(157) O: Concurrent Remap Roots 0.094ms
[2026-01-06T22:07:38.194+0800][45.838s][info][gc,phases   ] GC(157) O: Pause Relocate Start 0.002ms
[2026-01-06T22:07:38.194+0800][45.838s][info][gc,phases   ] GC(157) O: Concurrent Relocate 0.006ms
[2026-01-06T22:07:38.194+0800][45.838s][info][gc,alloc    ] GC(157) O:                         Mark Start        Mark End      Relocate Start    Relocate End   
[2026-01-06T22:07:38.194+0800][45.838s][info][gc,alloc    ] GC(157) O: Allocation Stalls:          0                0                0                0         
[2026-01-06T22:07:38.194+0800][45.838s][info][gc,load     ] GC(157) O: Load: 2.12 (21%) / 1.83 (18%) / 2.02 (20%)
[2026-01-06T22:07:38.194+0800][45.838s][info][gc,mmu      ] GC(157) O: MMU: 2ms/97.4%, 5ms/98.6%, 10ms/99.3%, 20ms/99.5%, 50ms/99.8%, 100ms/99.9%
[2026-01-06T22:07:38.194+0800][45.838s][info][gc,marking  ] GC(157) O: Mark: 1 stripe(s), 2 proactive flush(es), 1 terminate flush(es), 0 completion(s), 0 continuation(s) 
[2026-01-06T22:07:38.194+0800][45.838s][info][gc,nmethod  ] GC(157) O: NMethods: 129 registered, 39 unregistered
[2026-01-06T22:07:38.194+0800][45.838s][info][gc,metaspace] GC(157) O: Metaspace: 0M used, 0M committed, 1088M reserved
[2026-01-06T22:07:38.194+0800][45.838s][info][gc,ref      ] GC(157) O:                       Encountered   Discovered     Enqueued 
[2026-01-06T22:07:38.194+0800][45.838s][info][gc,ref      ] GC(157) O: Soft References:                1            0            0 
[2026-01-06T22:07:38.194+0800][45.838s][info][gc,ref      ] GC(157) O: Weak References:                6            0            0 
[2026-01-06T22:07:38.194+0800][45.838s][info][gc,ref      ] GC(157) O: Final References:               0            0            0 
[2026-01-06T22:07:38.194+0800][45.838s][info][gc,ref      ] GC(157) O: Phantom References:             1            1            0 
[2026-01-06T22:07:38.194+0800][45.838s][info][gc,reloc    ] GC(157) O:                        Candidates     Selected     In-Place         Size        Empty    Relocated 
[2026-01-06T22:07:38.194+0800][45.838s][info][gc,reloc    ] GC(157) O: Small Pages:                    1            0            0           2M           0M           0M 
[2026-01-06T22:07:38.194+0800][45.838s][info][gc,reloc    ] GC(157) O: Medium Pages:                   0            0            0           0M           0M           0M 
[2026-01-06T22:07:38.194+0800][45.838s][info][gc,reloc    ] GC(157) O: Large Pages:                    0            0            0           0M           0M           0M 
[2026-01-06T22:07:38.194+0800][45.838s][info][gc,reloc    ] GC(157) O: Forwarding Usage: 0M
[2026-01-06T22:07:38.194+0800][45.838s][info][gc,heap     ] GC(157) O: Min Capacity: 8M(0%)
[2026-01-06T22:07:38.194+0800][45.838s][info][gc,heap     ] GC(157) O: Max Capacity: 4096M(100%)
[2026-01-06T22:07:38.194+0800][45.838s][info][gc,heap     ] GC(157) O: Soft Max Capacity: 3686M(90%)
[2026-01-06T22:07:38.194+0800][45.838s][info][gc,heap     ] GC(157) O: Heap Statistics:
[2026-01-06T22:07:38.194+0800][45.838s][info][gc,heap     ] GC(157) O:                Mark Start          Mark End        Relocate Start      Relocate End           High               Low         
[2026-01-06T22:07:38.194+0800][45.838s][info][gc,heap     ] GC(157) O:  Capacity:     3498M (85%)        3498M (85%)        3498M (85%)        3498M (85%)        3498M (85%)        3498M (85%)    
[2026-01-06T22:07:38.194+0800][45.838s][info][gc,heap     ] GC(157) O:      Free:     3702M (90%)        4066M (99%)        4056M (99%)        4056M (99%)        4086M (100%)       3696M (90%)    
[2026-01-06T22:07:38.194+0800][45.838s][info][gc,heap     ] GC(157) O:      Used:      394M (10%)          30M (1%)           40M (1%)           40M (1%)          400M (10%)          10M (0%)     
[2026-01-06T22:07:38.194+0800][45.838s][info][gc,heap     ] GC(157) O: Old Generation Statistics:
[2026-01-06T22:07:38.194+0800][45.838s][info][gc,heap     ] GC(157) O:                Mark Start          Mark End        Relocate Start      Relocate End    
[2026-01-06T22:07:38.194+0800][45.838s][info][gc,heap     ] GC(157) O:      Used:        2M (0%)            2M (0%)            2M (0%)            2M (0%)     
[2026-01-06T22:07:38.194+0800][45.838s][info][gc,heap     ] GC(157) O:      Live:         -                 0M (0%)            0M (0%)            0M (0%)     
[2026-01-06T22:07:38.194+0800][45.838s][info][gc,heap     ] GC(157) O:   Garbage:         -                 1M (0%)            1M (0%)            1M (0%)     
[2026-01-06T22:07:38.194+0800][45.838s][info][gc,heap     ] GC(157) O: Allocated:         -                 0M (0%)            0M (0%)            0M (0%)     
[2026-01-06T22:07:38.194+0800][45.838s][info][gc,heap     ] GC(157) O: Reclaimed:         -                  -                 0M (0%)            0M (0%)     
[2026-01-06T22:07:38.194+0800][45.838s][info][gc,heap     ] GC(157) O: Compacted:         -                  -                  -                 0M (0%)     
[2026-01-06T22:07:38.194+0800][45.838s][info][gc,phases   ] GC(157) O: Old Generation 12M(0%)->40M(1%) 0.002s
[2026-01-06T22:07:38.194+0800][45.838s][info][gc          ] GC(157) Major Collection (Proactive) 394M(10%)->42M(1%) 0.002s
[2026-01-06T22:07:38.428+0800][46.071s][info][gc          ] GC(158) Major Collection (Proactive)
[2026-01-06T22:07:38.428+0800][46.072s][info][gc,task     ] GC(158) Using 1 Workers for Young Generation
[2026-01-06T22:07:38.428+0800][46.072s][info][gc,task     ] GC(158) Using 1 Workers for Old Generation
[2026-01-06T22:07:38.428+0800][46.072s][info][gc,phases   ] GC(158) Y: Young Generation
[2026-01-06T22:07:38.428+0800][46.072s][info][gc,phases   ] GC(158) Y: Pause Mark Start (Major) 0.011ms
[2026-01-06T22:07:38.428+0800][46.072s][info][gc,phases   ] GC(158) Y: Concurrent Mark 0.324ms
[2026-01-06T22:07:38.428+0800][46.072s][info][gc,phases   ] GC(158) Y: Pause Mark End 0.003ms
[2026-01-06T22:07:38.428+0800][46.072s][info][gc,phases   ] GC(158) Y: Concurrent Mark Free 0.001ms
[2026-01-06T22:07:38.428+0800][46.072s][info][gc,phases   ] GC(158) Y: Concurrent Reset Relocation Set 0.000ms
[2026-01-06T22:07:38.429+0800][46.073s][info][gc,reloc    ] GC(158) Y: Using tenuring threshold: 1 (Computed)
[2026-01-06T22:07:38.429+0800][46.073s][info][gc,phases   ] GC(158) Y: Concurrent Select Relocation Set 0.559ms
[2026-01-06T22:07:38.429+0800][46.073s][info][gc,phases   ] GC(158) Y: Pause Relocate Start 0.002ms
[2026-01-06T22:07:38.429+0800][46.073s][info][gc,phases   ] GC(158) Y: Concurrent Relocate 0.010ms
[2026-01-06T22:07:38.429+0800][46.073s][info][gc,alloc    ] GC(158) Y:                         Mark Start        Mark End      Relocate Start    Relocate End   
[2026-01-06T22:07:38.429+0800][46.073s][info][gc,alloc    ] GC(158) Y: Allocation Stalls:          0                0                0                0         
[2026-01-06T22:07:38.429+0800][46.073s][info][gc,load     ] GC(158) Y: Load: 2.12 (21%) / 1.83 (18%) / 2.02 (20%)
[2026-01-06T22:07:38.429+0800][46.073s][info][gc,mmu      ] GC(158) Y: MMU: 2ms/97.4%, 5ms/98.6%, 10ms/99.3%, 20ms/99.5%, 50ms/99.8%, 100ms/99.9%
[2026-01-06T22:07:38.429+0800][46.073s][info][gc,marking  ] GC(158) Y: Mark: 1 stripe(s), 2 proactive flush(es), 1 terminate flush(es), 0 completion(s), 0 continuation(s) 
[2026-01-06T22:07:38.429+0800][46.073s][info][gc,nmethod  ] GC(158) Y: NMethods: 129 registered, 39 unregistered
[2026-01-06T22:07:38.429+0800][46.073s][info][gc,metaspace] GC(158) Y: Metaspace: 0M used, 0M committed, 1088M reserved
[2026-01-06T22:07:38.429+0800][46.073s][info][gc,reloc    ] GC(158) Y:                        Candidates     Selected     In-Place         Size        Empty    Relocated 
[2026-01-06T22:07:38.429+0800][46.073s][info][gc,reloc    ] GC(158) Y: Small Pages:                  751            0            0        1502M        1500M           0M 
[2026-01-06T22:07:38.429+0800][46.073s][info][gc,reloc    ] GC(158) Y: Medium Pages:                   0            0            0           0M           0M           0M 
[2026-01-06T22:07:38.429+0800][46.073s][info][gc,reloc    ] GC(158) Y: Large Pages:                    0            0            0           0M           0M           0M 
[2026-01-06T22:07:38.429+0800][46.073s][info][gc,reloc    ] GC(158) Y: Forwarding Usage: 0M
[2026-01-06T22:07:38.429+0800][46.073s][info][gc,reloc    ] GC(158) Y: Age Table:
[2026-01-06T22:07:38.429+0800][46.073s][info][gc,reloc    ] GC(158) Y:                    Live             Garbage             Small              Medium             Large        
[2026-01-06T22:07:38.429+0800][46.073s][info][gc,reloc    ] GC(158) Y: Eden               0M (0%)         1499M (37%)        750 / 0              0 / 0              0 / 0        
[2026-01-06T22:07:38.429+0800][46.073s][info][gc,reloc    ] GC(158) Y: Survivor 1          -                 2M (0%)           1 / 0              0 / 0              0 / 0        
[2026-01-06T22:07:38.429+0800][46.073s][info][gc,heap     ] GC(158) Y: Min Capacity: 8M(0%)
[2026-01-06T22:07:38.429+0800][46.073s][info][gc,heap     ] GC(158) Y: Max Capacity: 4096M(100%)
[2026-01-06T22:07:38.429+0800][46.073s][info][gc,heap     ] GC(158) Y: Soft Max Capacity: 3686M(90%)
[2026-01-06T22:07:38.429+0800][46.073s][info][gc,heap     ] GC(158) Y: Heap Statistics:
[2026-01-06T22:07:38.429+0800][46.073s][info][gc,heap     ] GC(158) Y:                Mark Start          Mark End        Relocate Start      Relocate End           High               Low         
[2026-01-06T22:07:38.429+0800][46.073s][info][gc,heap     ] GC(158) Y:  Capacity:     3498M (85%)        3498M (85%)        3498M (85%)        3498M (85%)        3498M (85%)        3498M (85%)    
[2026-01-06T22:07:38.429+0800][46.073s][info][gc,heap     ] GC(158) Y:      Free:     2592M (63%)        2588M (63%)        4086M (100%)       4086M (100%)       4086M (100%)       2588M (63%)    
[2026-01-06T22:07:38.429+0800][46.073s][info][gc,heap     ] GC(158) Y:      Used:     1504M (37%)        1508M (37%)          10M (0%)           10M (0%)         1508M (37%)          10M (0%)     
[2026-01-06T22:07:38.429+0800][46.073s][info][gc,heap     ] GC(158) Y: Young Generation Statistics:
[2026-01-06T22:07:38.429+0800][46.073s][info][gc,heap     ] GC(158) Y:                Mark Start          Mark End        Relocate Start      Relocate End    
[2026-01-06T22:07:38.429+0800][46.073s][info][gc,heap     ] GC(158) Y:      Used:     1502M (37%)        1506M (37%)           8M (0%)            8M (0%)     
[2026-01-06T22:07:38.429+0800][46.073s][info][gc,heap     ] GC(158) Y:      Live:         -                 0M (0%)            0M (0%)            0M (0%)     
[2026-01-06T22:07:38.429+0800][46.073s][info][gc,heap     ] GC(158) Y:   Garbage:         -              1501M (37%)           1M (0%)            1M (0%)     
[2026-01-06T22:07:38.429+0800][46.073s][info][gc,heap     ] GC(158) Y: Allocated:         -                 4M (0%)            6M (0%)            6M (0%)     
[2026-01-06T22:07:38.429+0800][46.073s][info][gc,heap     ] GC(158) Y: Reclaimed:         -                  -              1500M (37%)        1500M (37%)    
[2026-01-06T22:07:38.429+0800][46.073s][info][gc,heap     ] GC(158) Y:  Promoted:         -                  -                 0M (0%)            0M (0%)     
[2026-01-06T22:07:38.429+0800][46.073s][info][gc,heap     ] GC(158) Y: Compacted:         -                  -                  -                 0M (0%)     
[2026-01-06T22:07:38.429+0800][46.073s][info][gc,phases   ] GC(158) Y: Young Generation 1504M(37%)->10M(0%) 0.001s
[2026-01-06T22:07:38.429+0800][46.073s][info][gc,phases   ] GC(158) O: Old Generation
[2026-01-06T22:07:38.429+0800][46.073s][info][gc,phases   ] GC(158) O: Concurrent Mark 0.656ms
[2026-01-06T22:07:38.430+0800][46.073s][info][gc,phases   ] GC(158) O: Pause Mark End 0.003ms
[2026-01-06T22:07:38.430+0800][46.073s][info][gc,phases   ] GC(158) O: Concurrent Mark Free 0.001ms
[2026-01-06T22:07:38.430+0800][46.074s][info][gc,phases   ] GC(158) O: Concurrent Process Non-Strong 0.309ms
[2026-01-06T22:07:38.430+0800][46.074s][info][gc,phases   ] GC(158) O: Concurrent Reset Relocation Set 0.000ms
[2026-01-06T22:07:38.430+0800][46.074s][info][gc,phases   ] GC(158) O: Concurrent Select Relocation Set 0.017ms
[2026-01-06T22:07:38.430+0800][46.074s][info][gc,task     ] GC(158) O: Using 2 Workers for Old Generation
[2026-01-06T22:07:38.430+0800][46.074s][info][gc,task     ] GC(158) O: Using 1 Workers for Old Generation
[2026-01-06T22:07:38.430+0800][46.074s][info][gc,phases   ] GC(158) O: Concurrent Remap Roots 0.094ms
[2026-01-06T22:07:38.430+0800][46.074s][info][gc,phases   ] GC(158) O: Pause Relocate Start 0.002ms
[2026-01-06T22:07:38.430+0800][46.074s][info][gc,phases   ] GC(158) O: Concurrent Relocate 0.019ms
[2026-01-06T22:07:38.430+0800][46.074s][info][gc,alloc    ] GC(158) O:                         Mark Start        Mark End      Relocate Start    Relocate End   
[2026-01-06T22:07:38.430+0800][46.074s][info][gc,alloc    ] GC(158) O: Allocation Stalls:          0                0                0                0         
[2026-01-06T22:07:38.430+0800][46.074s][info][gc,load     ] GC(158) O: Load: 2.12 (21%) / 1.83 (18%) / 2.02 (20%)
[2026-01-06T22:07:38.430+0800][46.074s][info][gc,mmu      ] GC(158) O: MMU: 2ms/97.4%, 5ms/98.6%, 10ms/99.3%, 20ms/99.5%, 50ms/99.8%, 100ms/99.9%
[2026-01-06T22:07:38.430+0800][46.074s][info][gc,marking  ] GC(158) O: Mark: 1 stripe(s), 2 proactive flush(es), 1 terminate flush(es), 0 completion(s), 0 continuation(s) 
[2026-01-06T22:07:38.430+0800][46.074s][info][gc,nmethod  ] GC(158) O: NMethods: 129 registered, 39 unregistered
[2026-01-06T22:07:38.430+0800][46.074s][info][gc,metaspace] GC(158) O: Metaspace: 0M used, 0M committed, 1088M reserved
[2026-01-06T22:07:38.430+0800][46.074s][info][gc,ref      ] GC(158) O:                       Encountered   Discovered     Enqueued 
[2026-01-06T22:07:38.430+0800][46.074s][info][gc,ref      ] GC(158) O: Soft References:                1            0            0 
[2026-01-06T22:07:38.430+0800][46.074s][info][gc,ref      ] GC(158) O: Weak References:                6            0            0 
[2026-01-06T22:07:38.430+0800][46.074s][info][gc,ref      ] GC(158) O: Final References:               0            0            0 
[2026-01-06T22:07:38.430+0800][46.074s][info][gc,ref      ] GC(158) O: Phantom References:             1            1            0 
[2026-01-06T22:07:38.430+0800][46.074s][info][gc,reloc    ] GC(158) O:                        Candidates     Selected     In-Place         Size        Empty    Relocated 
[2026-01-06T22:07:38.430+0800][46.074s][info][gc,reloc    ] GC(158) O: Small Pages:                    1            0            0           2M           0M           0M 
[2026-01-06T22:07:38.430+0800][46.074s][info][gc,reloc    ] GC(158) O: Medium Pages:                   0            0            0           0M           0M           0M 
[2026-01-06T22:07:38.430+0800][46.074s][info][gc,reloc    ] GC(158) O: Large Pages:                    0            0            0           0M           0M           0M 
[2026-01-06T22:07:38.430+0800][46.074s][info][gc,reloc    ] GC(158) O: Forwarding Usage: 0M
[2026-01-06T22:07:38.430+0800][46.074s][info][gc,heap     ] GC(158) O: Min Capacity: 8M(0%)
[2026-01-06T22:07:38.430+0800][46.074s][info][gc,heap     ] GC(158) O: Max Capacity: 4096M(100%)
[2026-01-06T22:07:38.430+0800][46.074s][info][gc,heap     ] GC(158) O: Soft Max Capacity: 3686M(90%)
[2026-01-06T22:07:38.430+0800][46.074s][info][gc,heap     ] GC(158) O: Heap Statistics:
[2026-01-06T22:07:38.430+0800][46.074s][info][gc,heap     ] GC(158) O:                Mark Start          Mark End        Relocate Start      Relocate End           High               Low         
[2026-01-06T22:07:38.430+0800][46.074s][info][gc,heap     ] GC(158) O:  Capacity:     3498M (85%)        3498M (85%)        3498M (85%)        3498M (85%)        3498M (85%)        3498M (85%)    
[2026-01-06T22:07:38.430+0800][46.074s][info][gc,heap     ] GC(158) O:      Free:     2592M (63%)        4080M (100%)       4076M (100%)       4076M (100%)       4086M (100%)       2588M (63%)    
[2026-01-06T22:07:38.430+0800][46.074s][info][gc,heap     ] GC(158) O:      Used:     1504M (37%)          16M (0%)           20M (0%)           20M (0%)         1508M (37%)          10M (0%)     
[2026-01-06T22:07:38.430+0800][46.074s][info][gc,heap     ] GC(158) O: Old Generation Statistics:
[2026-01-06T22:07:38.430+0800][46.074s][info][gc,heap     ] GC(158) O:                Mark Start          Mark End        Relocate Start      Relocate End    
[2026-01-06T22:07:38.430+0800][46.074s][info][gc,heap     ] GC(158) O:      Used:        2M (0%)            2M (0%)            2M (0%)            2M (0%)     
[2026-01-06T22:07:38.430+0800][46.074s][info][gc,heap     ] GC(158) O:      Live:         -                 0M (0%)            0M (0%)            0M (0%)     
[2026-01-06T22:07:38.430+0800][46.074s][info][gc,heap     ] GC(158) O:   Garbage:         -                 1M (0%)            1M (0%)            1M (0%)     
[2026-01-06T22:07:38.430+0800][46.074s][info][gc,heap     ] GC(158) O: Allocated:         -                 0M (0%)            0M (0%)            0M (0%)     
[2026-01-06T22:07:38.430+0800][46.074s][info][gc,heap     ] GC(158) O: Reclaimed:         -                  -                 0M (0%)            0M (0%)     
[2026-01-06T22:07:38.430+0800][46.074s][info][gc,heap     ] GC(158) O: Compacted:         -                  -                  -                 0M (0%)     
[2026-01-06T22:07:38.430+0800][46.074s][info][gc,phases   ] GC(158) O: Old Generation 10M(0%)->20M(0%) 0.001s
[2026-01-06T22:07:38.430+0800][46.074s][info][gc          ] GC(158) Major Collection (Proactive) 1504M(37%)->22M(1%) 0.003s
[2026-01-06T22:07:38.632+0800][46.276s][info][gc          ] GC(159) Major Collection (Proactive)
[2026-01-06T22:07:38.632+0800][46.276s][info][gc,task     ] GC(159) Using 1 Workers for Young Generation
[2026-01-06T22:07:38.632+0800][46.276s][info][gc,task     ] GC(159) Using 1 Workers for Old Generation
[2026-01-06T22:07:38.632+0800][46.276s][info][gc,phases   ] GC(159) Y: Young Generation
[2026-01-06T22:07:38.632+0800][46.276s][info][gc,phases   ] GC(159) Y: Pause Mark Start (Major) 0.005ms
[2026-01-06T22:07:38.632+0800][46.276s][info][gc,phases   ] GC(159) Y: Concurrent Mark 0.224ms
[2026-01-06T22:07:38.632+0800][46.276s][info][gc,phases   ] GC(159) Y: Pause Mark End 0.003ms
[2026-01-06T22:07:38.632+0800][46.276s][info][gc,phases   ] GC(159) Y: Concurrent Mark Free 0.000ms
[2026-01-06T22:07:38.632+0800][46.276s][info][gc,phases   ] GC(159) Y: Concurrent Reset Relocation Set 0.000ms
[2026-01-06T22:07:38.633+0800][46.276s][info][gc,reloc    ] GC(159) Y: Using tenuring threshold: 1 (Computed)
[2026-01-06T22:07:38.633+0800][46.277s][info][gc,phases   ] GC(159) Y: Concurrent Select Relocation Set 0.217ms
[2026-01-06T22:07:38.633+0800][46.277s][info][gc,phases   ] GC(159) Y: Pause Relocate Start 0.002ms
[2026-01-06T22:07:38.633+0800][46.277s][info][gc,phases   ] GC(159) Y: Concurrent Relocate 0.012ms
[2026-01-06T22:07:38.633+0800][46.277s][info][gc,alloc    ] GC(159) Y:                         Mark Start        Mark End      Relocate Start    Relocate End   
[2026-01-06T22:07:38.633+0800][46.277s][info][gc,alloc    ] GC(159) Y: Allocation Stalls:          0                0                0                0         
[2026-01-06T22:07:38.633+0800][46.277s][info][gc,load     ] GC(159) Y: Load: 2.12 (21%) / 1.83 (18%) / 2.02 (20%)
[2026-01-06T22:07:38.633+0800][46.277s][info][gc,mmu      ] GC(159) Y: MMU: 2ms/97.4%, 5ms/98.6%, 10ms/99.3%, 20ms/99.5%, 50ms/99.8%, 100ms/99.9%
[2026-01-06T22:07:38.633+0800][46.277s][info][gc,marking  ] GC(159) Y: Mark: 1 stripe(s), 2 proactive flush(es), 1 terminate flush(es), 0 completion(s), 0 continuation(s) 
[2026-01-06T22:07:38.633+0800][46.277s][info][gc,nmethod  ] GC(159) Y: NMethods: 129 registered, 39 unregistered
[2026-01-06T22:07:38.633+0800][46.277s][info][gc,metaspace] GC(159) Y: Metaspace: 0M used, 0M committed, 1088M reserved
[2026-01-06T22:07:38.633+0800][46.277s][info][gc,reloc    ] GC(159) Y:                        Candidates     Selected     In-Place         Size        Empty    Relocated 
[2026-01-06T22:07:38.633+0800][46.277s][info][gc,reloc    ] GC(159) Y: Small Pages:                  991            0            0        1982M        1980M           0M 
[2026-01-06T22:07:38.633+0800][46.277s][info][gc,reloc    ] GC(159) Y: Medium Pages:                   0            0            0           0M           0M           0M 
[2026-01-06T22:07:38.633+0800][46.277s][info][gc,reloc    ] GC(159) Y: Large Pages:                    0            0            0           0M           0M           0M 
[2026-01-06T22:07:38.633+0800][46.277s][info][gc,reloc    ] GC(159) Y: Forwarding Usage: 0M
[2026-01-06T22:07:38.633+0800][46.277s][info][gc,reloc    ] GC(159) Y: Age Table:
[2026-01-06T22:07:38.633+0800][46.277s][info][gc,reloc    ] GC(159) Y:                    Live             Garbage             Small              Medium             Large        
[2026-01-06T22:07:38.633+0800][46.277s][info][gc,reloc    ] GC(159) Y: Eden               0M (0%)         1979M (48%)        990 / 0              0 / 0              0 / 0        
[2026-01-06T22:07:38.633+0800][46.277s][info][gc,reloc    ] GC(159) Y: Survivor 1          -                 2M (0%)           1 / 0              0 / 0              0 / 0        
[2026-01-06T22:07:38.633+0800][46.277s][info][gc,heap     ] GC(159) Y: Min Capacity: 8M(0%)
[2026-01-06T22:07:38.633+0800][46.277s][info][gc,heap     ] GC(159) Y: Max Capacity: 4096M(100%)
[2026-01-06T22:07:38.633+0800][46.277s][info][gc,heap     ] GC(159) Y: Soft Max Capacity: 3686M(90%)
[2026-01-06T22:07:38.633+0800][46.277s][info][gc,heap     ] GC(159) Y: Heap Statistics:
[2026-01-06T22:07:38.633+0800][46.277s][info][gc,heap     ] GC(159) Y:                Mark Start          Mark End        Relocate Start      Relocate End           High               Low         
[2026-01-06T22:07:38.633+0800][46.277s][info][gc,heap     ] GC(159) Y:  Capacity:     3498M (85%)        3498M (85%)        3498M (85%)        3498M (85%)        3498M (85%)        3498M (85%)    
[2026-01-06T22:07:38.633+0800][46.277s][info][gc,heap     ] GC(159) Y:      Free:     2112M (52%)        2110M (52%)        4086M (100%)       4086M (100%)       4086M (100%)       2110M (52%)    
[2026-01-06T22:07:38.633+0800][46.277s][info][gc,heap     ] GC(159) Y:      Used:     1984M (48%)        1986M (48%)          10M (0%)           10M (0%)         1986M (48%)          10M (0%)     
[2026-01-06T22:07:38.633+0800][46.277s][info][gc,heap     ] GC(159) Y: Young Generation Statistics:
[2026-01-06T22:07:38.633+0800][46.277s][info][gc,heap     ] GC(159) Y:                Mark Start          Mark End        Relocate Start      Relocate End    
[2026-01-06T22:07:38.633+0800][46.277s][info][gc,heap     ] GC(159) Y:      Used:     1982M (48%)        1984M (48%)           8M (0%)            8M (0%)     
[2026-01-06T22:07:38.633+0800][46.277s][info][gc,heap     ] GC(159) Y:      Live:         -                 0M (0%)            0M (0%)            0M (0%)     
[2026-01-06T22:07:38.633+0800][46.277s][info][gc,heap     ] GC(159) Y:   Garbage:         -              1981M (48%)           1M (0%)            1M (0%)     
[2026-01-06T22:07:38.633+0800][46.277s][info][gc,heap     ] GC(159) Y: Allocated:         -                 2M (0%)            6M (0%)            6M (0%)     
[2026-01-06T22:07:38.633+0800][46.277s][info][gc,heap     ] GC(159) Y: Reclaimed:         -                  -              1980M (48%)        1980M (48%)    
[2026-01-06T22:07:38.633+0800][46.277s][info][gc,heap     ] GC(159) Y:  Promoted:         -                  -                 0M (0%)            0M (0%)     
[2026-01-06T22:07:38.633+0800][46.277s][info][gc,heap     ] GC(159) Y: Compacted:         -                  -                  -                 0M (0%)     
[2026-01-06T22:07:38.633+0800][46.277s][info][gc,phases   ] GC(159) Y: Young Generation 1984M(48%)->10M(0%) 0.001s
[2026-01-06T22:07:38.633+0800][46.277s][info][gc,phases   ] GC(159) O: Old Generation
[2026-01-06T22:07:38.633+0800][46.277s][info][gc,phases   ] GC(159) O: Concurrent Mark 0.600ms
[2026-01-06T22:07:38.633+0800][46.277s][info][gc,phases   ] GC(159) O: Pause Mark End 0.003ms
[2026-01-06T22:07:38.633+0800][46.277s][info][gc,phases   ] GC(159) O: Concurrent Mark Free 0.000ms
[2026-01-06T22:07:38.634+0800][46.278s][info][gc,phases   ] GC(159) O: Concurrent Process Non-Strong 0.278ms
[2026-01-06T22:07:38.634+0800][46.278s][info][gc,phases   ] GC(159) O: Concurrent Reset Relocation Set 0.000ms
[2026-01-06T22:07:38.634+0800][46.278s][info][gc,phases   ] GC(159) O: Concurrent Select Relocation Set 0.016ms
[2026-01-06T22:07:38.634+0800][46.278s][info][gc,task     ] GC(159) O: Using 2 Workers for Old Generation
[2026-01-06T22:07:38.634+0800][46.278s][info][gc,task     ] GC(159) O: Using 1 Workers for Old Generation
[2026-01-06T22:07:38.634+0800][46.278s][info][gc,phases   ] GC(159) O: Concurrent Remap Roots 0.089ms
[2026-01-06T22:07:38.634+0800][46.278s][info][gc,phases   ] GC(159) O: Pause Relocate Start 0.002ms
[2026-01-06T22:07:38.634+0800][46.278s][info][gc,phases   ] GC(159) O: Concurrent Relocate 0.006ms
[2026-01-06T22:07:38.634+0800][46.278s][info][gc,alloc    ] GC(159) O:                         Mark Start        Mark End      Relocate Start    Relocate End   
[2026-01-06T22:07:38.634+0800][46.278s][info][gc,alloc    ] GC(159) O: Allocation Stalls:          0                0                0                0         
[2026-01-06T22:07:38.634+0800][46.278s][info][gc,load     ] GC(159) O: Load: 2.12 (21%) / 1.83 (18%) / 2.02 (20%)
[2026-01-06T22:07:38.634+0800][46.278s][info][gc,mmu      ] GC(159) O: MMU: 2ms/97.4%, 5ms/98.6%, 10ms/99.3%, 20ms/99.5%, 50ms/99.8%, 100ms/99.9%
[2026-01-06T22:07:38.634+0800][46.278s][info][gc,marking  ] GC(159) O: Mark: 1 stripe(s), 2 proactive flush(es), 1 terminate flush(es), 0 completion(s), 0 continuation(s) 
[2026-01-06T22:07:38.634+0800][46.278s][info][gc,nmethod  ] GC(159) O: NMethods: 129 registered, 39 unregistered
[2026-01-06T22:07:38.634+0800][46.278s][info][gc,metaspace] GC(159) O: Metaspace: 0M used, 0M committed, 1088M reserved
[2026-01-06T22:07:38.634+0800][46.278s][info][gc,ref      ] GC(159) O:                       Encountered   Discovered     Enqueued 
[2026-01-06T22:07:38.634+0800][46.278s][info][gc,ref      ] GC(159) O: Soft References:                1            0            0 
[2026-01-06T22:07:38.634+0800][46.278s][info][gc,ref      ] GC(159) O: Weak References:                6            0            0 
[2026-01-06T22:07:38.634+0800][46.278s][info][gc,ref      ] GC(159) O: Final References:               0            0            0 
[2026-01-06T22:07:38.634+0800][46.278s][info][gc,ref      ] GC(159) O: Phantom References:             1            1            0 
[2026-01-06T22:07:38.634+0800][46.278s][info][gc,reloc    ] GC(159) O:                        Candidates     Selected     In-Place         Size        Empty    Relocated 
[2026-01-06T22:07:38.634+0800][46.278s][info][gc,reloc    ] GC(159) O: Small Pages:                    1            0            0           2M           0M           0M 
[2026-01-06T22:07:38.634+0800][46.278s][info][gc,reloc    ] GC(159) O: Medium Pages:                   0            0            0           0M           0M           0M 
[2026-01-06T22:07:38.634+0800][46.278s][info][gc,reloc    ] GC(159) O: Large Pages:                    0            0            0           0M           0M           0M 
[2026-01-06T22:07:38.634+0800][46.278s][info][gc,reloc    ] GC(159) O: Forwarding Usage: 0M
[2026-01-06T22:07:38.634+0800][46.278s][info][gc,heap     ] GC(159) O: Min Capacity: 8M(0%)
[2026-01-06T22:07:38.634+0800][46.278s][info][gc,heap     ] GC(159) O: Max Capacity: 4096M(100%)
[2026-01-06T22:07:38.634+0800][46.278s][info][gc,heap     ] GC(159) O: Soft Max Capacity: 3686M(90%)
[2026-01-06T22:07:38.634+0800][46.278s][info][gc,heap     ] GC(159) O: Heap Statistics:
[2026-01-06T22:07:38.634+0800][46.278s][info][gc,heap     ] GC(159) O:                Mark Start          Mark End        Relocate Start      Relocate End           High               Low         
[2026-01-06T22:07:38.634+0800][46.278s][info][gc,heap     ] GC(159) O:  Capacity:     3498M (85%)        3498M (85%)        3498M (85%)        3498M (85%)        3498M (85%)        3498M (85%)    
[2026-01-06T22:07:38.634+0800][46.278s][info][gc,heap     ] GC(159) O:      Free:     2112M (52%)        4072M (99%)        4064M (99%)        4064M (99%)        4086M (100%)       2110M (52%)    
[2026-01-06T22:07:38.634+0800][46.278s][info][gc,heap     ] GC(159) O:      Used:     1984M (48%)          24M (1%)           32M (1%)           32M (1%)         1986M (48%)          10M (0%)     
[2026-01-06T22:07:38.634+0800][46.278s][info][gc,heap     ] GC(159) O: Old Generation Statistics:
[2026-01-06T22:07:38.634+0800][46.278s][info][gc,heap     ] GC(159) O:                Mark Start          Mark End        Relocate Start      Relocate End    
[2026-01-06T22:07:38.634+0800][46.278s][info][gc,heap     ] GC(159) O:      Used:        2M (0%)            2M (0%)            2M (0%)            2M (0%)     
[2026-01-06T22:07:38.634+0800][46.278s][info][gc,heap     ] GC(159) O:      Live:         -                 0M (0%)            0M (0%)            0M (0%)     
[2026-01-06T22:07:38.634+0800][46.278s][info][gc,heap     ] GC(159) O:   Garbage:         -                 1M (0%)            1M (0%)            1M (0%)     
[2026-01-06T22:07:38.634+0800][46.278s][info][gc,heap     ] GC(159) O: Allocated:         -                 0M (0%)            0M (0%)            0M (0%)     
[2026-01-06T22:07:38.634+0800][46.278s][info][gc,heap     ] GC(159) O: Reclaimed:         -                  -                 0M (0%)            0M (0%)     
[2026-01-06T22:07:38.634+0800][46.278s][info][gc,heap     ] GC(159) O: Compacted:         -                  -                  -                 0M (0%)     
[2026-01-06T22:07:38.634+0800][46.278s][info][gc,phases   ] GC(159) O: Old Generation 12M(0%)->32M(1%) 0.001s
[2026-01-06T22:07:38.634+0800][46.278s][info][gc          ] GC(159) Major Collection (Proactive) 1984M(48%)->34M(1%) 0.002s
[2026-01-06T22:07:38.794+0800][46.438s][info][gc          ] GC(160) Major Collection (Proactive)
[2026-01-06T22:07:38.794+0800][46.438s][info][gc,task     ] GC(160) Using 1 Workers for Young Generation
[2026-01-06T22:07:38.794+0800][46.438s][info][gc,task     ] GC(160) Using 1 Workers for Old Generation
[2026-01-06T22:07:38.794+0800][46.438s][info][gc,phases   ] GC(160) Y: Young Generation
[2026-01-06T22:07:38.794+0800][46.438s][info][gc,phases   ] GC(160) Y: Pause Mark Start (Major) 0.006ms
[2026-01-06T22:07:38.794+0800][46.438s][info][gc,phases   ] GC(160) Y: Concurrent Mark 0.251ms
[2026-01-06T22:07:38.794+0800][46.438s][info][gc,phases   ] GC(160) Y: Pause Mark End 0.004ms
[2026-01-06T22:07:38.794+0800][46.438s][info][gc,phases   ] GC(160) Y: Concurrent Mark Free 0.000ms
[2026-01-06T22:07:38.794+0800][46.438s][info][gc,phases   ] GC(160) Y: Concurrent Reset Relocation Set 0.000ms
[2026-01-06T22:07:38.794+0800][46.438s][info][gc,reloc    ] GC(160) Y: Using tenuring threshold: 1 (Computed)
[2026-01-06T22:07:38.794+0800][46.438s][info][gc,phases   ] GC(160) Y: Concurrent Select Relocation Set 0.195ms
[2026-01-06T22:07:38.794+0800][46.438s][info][gc,phases   ] GC(160) Y: Pause Relocate Start 0.001ms
[2026-01-06T22:07:38.794+0800][46.438s][info][gc,phases   ] GC(160) Y: Concurrent Relocate 0.010ms
[2026-01-06T22:07:38.794+0800][46.438s][info][gc,alloc    ] GC(160) Y:                         Mark Start        Mark End      Relocate Start    Relocate End   
[2026-01-06T22:07:38.794+0800][46.438s][info][gc,alloc    ] GC(160) Y: Allocation Stalls:          0                0                0                0         
[2026-01-06T22:07:38.794+0800][46.438s][info][gc,load     ] GC(160) Y: Load: 2.12 (21%) / 1.83 (18%) / 2.02 (20%)
[2026-01-06T22:07:38.795+0800][46.438s][info][gc,mmu      ] GC(160) Y: MMU: 2ms/97.4%, 5ms/98.6%, 10ms/99.3%, 20ms/99.5%, 50ms/99.8%, 100ms/99.9%
[2026-01-06T22:07:38.795+0800][46.438s][info][gc,marking  ] GC(160) Y: Mark: 1 stripe(s), 2 proactive flush(es), 1 terminate flush(es), 0 completion(s), 0 continuation(s) 
[2026-01-06T22:07:38.795+0800][46.438s][info][gc,nmethod  ] GC(160) Y: NMethods: 129 registered, 39 unregistered
[2026-01-06T22:07:38.795+0800][46.438s][info][gc,metaspace] GC(160) Y: Metaspace: 0M used, 0M committed, 1088M reserved
[2026-01-06T22:07:38.795+0800][46.438s][info][gc,reloc    ] GC(160) Y:                        Candidates     Selected     In-Place         Size        Empty    Relocated 
[2026-01-06T22:07:38.795+0800][46.438s][info][gc,reloc    ] GC(160) Y: Small Pages:                 1006            0            0        2012M        2010M           0M 
[2026-01-06T22:07:38.795+0800][46.438s][info][gc,reloc    ] GC(160) Y: Medium Pages:                   0            0            0           0M           0M           0M 
[2026-01-06T22:07:38.795+0800][46.438s][info][gc,reloc    ] GC(160) Y: Large Pages:                    0            0            0           0M           0M           0M 
[2026-01-06T22:07:38.795+0800][46.438s][info][gc,reloc    ] GC(160) Y: Forwarding Usage: 0M
[2026-01-06T22:07:38.795+0800][46.438s][info][gc,reloc    ] GC(160) Y: Age Table:
[2026-01-06T22:07:38.795+0800][46.438s][info][gc,reloc    ] GC(160) Y:                    Live             Garbage             Small              Medium             Large        
[2026-01-06T22:07:38.795+0800][46.438s][info][gc,reloc    ] GC(160) Y: Eden               0M (0%)         2009M (49%)       1005 / 0              0 / 0              0 / 0        
[2026-01-06T22:07:38.795+0800][46.438s][info][gc,reloc    ] GC(160) Y: Survivor 1          -                 2M (0%)           1 / 0              0 / 0              0 / 0        
[2026-01-06T22:07:38.795+0800][46.438s][info][gc,heap     ] GC(160) Y: Min Capacity: 8M(0%)
[2026-01-06T22:07:38.795+0800][46.438s][info][gc,heap     ] GC(160) Y: Max Capacity: 4096M(100%)
[2026-01-06T22:07:38.795+0800][46.438s][info][gc,heap     ] GC(160) Y: Soft Max Capacity: 3686M(90%)
[2026-01-06T22:07:38.795+0800][46.438s][info][gc,heap     ] GC(160) Y: Heap Statistics:
[2026-01-06T22:07:38.795+0800][46.438s][info][gc,heap     ] GC(160) Y:                Mark Start          Mark End        Relocate Start      Relocate End           High               Low         
[2026-01-06T22:07:38.795+0800][46.438s][info][gc,heap     ] GC(160) Y:  Capacity:     3498M (85%)        3498M (85%)        3498M (85%)        3498M (85%)        3498M (85%)        3498M (85%)    
[2026-01-06T22:07:38.795+0800][46.438s][info][gc,heap     ] GC(160) Y:      Free:     2082M (51%)        2080M (51%)        4090M (100%)       4090M (100%)       4090M (100%)       2080M (51%)    
[2026-01-06T22:07:38.795+0800][46.438s][info][gc,heap     ] GC(160) Y:      Used:     2014M (49%)        2016M (49%)           6M (0%)            6M (0%)         2016M (49%)           6M (0%)     
[2026-01-06T22:07:38.795+0800][46.438s][info][gc,heap     ] GC(160) Y: Young Generation Statistics:
[2026-01-06T22:07:38.795+0800][46.438s][info][gc,heap     ] GC(160) Y:                Mark Start          Mark End        Relocate Start      Relocate End    
[2026-01-06T22:07:38.795+0800][46.438s][info][gc,heap     ] GC(160) Y:      Used:     2012M (49%)        2014M (49%)           4M (0%)            4M (0%)     
[2026-01-06T22:07:38.795+0800][46.439s][info][gc,heap     ] GC(160) Y:      Live:         -                 0M (0%)            0M (0%)            0M (0%)     
[2026-01-06T22:07:38.795+0800][46.439s][info][gc,heap     ] GC(160) Y:   Garbage:         -              2011M (49%)           1M (0%)            1M (0%)     
[2026-01-06T22:07:38.795+0800][46.439s][info][gc,heap     ] GC(160) Y: Allocated:         -                 2M (0%)            2M (0%)            2M (0%)     
[2026-01-06T22:07:38.795+0800][46.439s][info][gc,heap     ] GC(160) Y: Reclaimed:         -                  -              2010M (49%)        2010M (49%)    
[2026-01-06T22:07:38.795+0800][46.439s][info][gc,heap     ] GC(160) Y:  Promoted:         -                  -                 0M (0%)            0M (0%)     
[2026-01-06T22:07:38.795+0800][46.439s][info][gc,heap     ] GC(160) Y: Compacted:         -                  -                  -                 0M (0%)     
[2026-01-06T22:07:38.795+0800][46.439s][info][gc,phases   ] GC(160) Y: Young Generation 2014M(49%)->6M(0%) 0.001s
[2026-01-06T22:07:38.795+0800][46.439s][info][gc,phases   ] GC(160) O: Old Generation
[2026-01-06T22:07:38.795+0800][46.439s][info][gc,phases   ] GC(160) O: Concurrent Mark 0.764ms
[2026-01-06T22:07:38.795+0800][46.439s][info][gc,phases   ] GC(160) O: Pause Mark End 0.003ms
[2026-01-06T22:07:38.795+0800][46.439s][info][gc,phases   ] GC(160) O: Concurrent Mark Free 0.000ms
[2026-01-06T22:07:38.796+0800][46.440s][info][gc,phases   ] GC(160) O: Concurrent Process Non-Strong 0.306ms
[2026-01-06T22:07:38.796+0800][46.440s][info][gc,phases   ] GC(160) O: Concurrent Reset Relocation Set 0.000ms
[2026-01-06T22:07:38.796+0800][46.440s][info][gc,phases   ] GC(160) O: Concurrent Select Relocation Set 0.015ms
[2026-01-06T22:07:38.796+0800][46.440s][info][gc,task     ] GC(160) O: Using 2 Workers for Old Generation
[2026-01-06T22:07:38.796+0800][46.440s][info][gc,task     ] GC(160) O: Using 1 Workers for Old Generation
[2026-01-06T22:07:38.796+0800][46.440s][info][gc,phases   ] GC(160) O: Concurrent Remap Roots 0.082ms
[2026-01-06T22:07:38.796+0800][46.440s][info][gc,phases   ] GC(160) O: Pause Relocate Start 0.001ms
[2026-01-06T22:07:38.796+0800][46.440s][info][gc,phases   ] GC(160) O: Concurrent Relocate 0.006ms
[2026-01-06T22:07:38.796+0800][46.440s][info][gc,alloc    ] GC(160) O:                         Mark Start        Mark End      Relocate Start    Relocate End   
[2026-01-06T22:07:38.796+0800][46.440s][info][gc,alloc    ] GC(160) O: Allocation Stalls:          0                0                0                0         
[2026-01-06T22:07:38.796+0800][46.440s][info][gc,load     ] GC(160) O: Load: 2.12 (21%) / 1.83 (18%) / 2.02 (20%)
[2026-01-06T22:07:38.796+0800][46.440s][info][gc,mmu      ] GC(160) O: MMU: 2ms/97.4%, 5ms/98.6%, 10ms/99.3%, 20ms/99.5%, 50ms/99.8%, 100ms/99.9%
[2026-01-06T22:07:38.796+0800][46.440s][info][gc,marking  ] GC(160) O: Mark: 1 stripe(s), 2 proactive flush(es), 1 terminate flush(es), 0 completion(s), 0 continuation(s) 
[2026-01-06T22:07:38.796+0800][46.440s][info][gc,nmethod  ] GC(160) O: NMethods: 129 registered, 39 unregistered
[2026-01-06T22:07:38.796+0800][46.440s][info][gc,metaspace] GC(160) O: Metaspace: 0M used, 0M committed, 1088M reserved
[2026-01-06T22:07:38.796+0800][46.440s][info][gc,ref      ] GC(160) O:                       Encountered   Discovered     Enqueued 
[2026-01-06T22:07:38.796+0800][46.440s][info][gc,ref      ] GC(160) O: Soft References:                1            0            0 
[2026-01-06T22:07:38.796+0800][46.440s][info][gc,ref      ] GC(160) O: Weak References:                6            0            0 
[2026-01-06T22:07:38.796+0800][46.440s][info][gc,ref      ] GC(160) O: Final References:               0            0            0 
[2026-01-06T22:07:38.796+0800][46.440s][info][gc,ref      ] GC(160) O: Phantom References:             1            1            0 
[2026-01-06T22:07:38.796+0800][46.440s][info][gc,reloc    ] GC(160) O:                        Candidates     Selected     In-Place         Size        Empty    Relocated 
[2026-01-06T22:07:38.796+0800][46.440s][info][gc,reloc    ] GC(160) O: Small Pages:                    1            0            0           2M           0M           0M 
[2026-01-06T22:07:38.796+0800][46.440s][info][gc,reloc    ] GC(160) O: Medium Pages:                   0            0            0           0M           0M           0M 
[2026-01-06T22:07:38.796+0800][46.440s][info][gc,reloc    ] GC(160) O: Large Pages:                    0            0            0           0M           0M           0M 
[2026-01-06T22:07:38.796+0800][46.440s][info][gc,reloc    ] GC(160) O: Forwarding Usage: 0M
[2026-01-06T22:07:38.796+0800][46.440s][info][gc,heap     ] GC(160) O: Min Capacity: 8M(0%)
[2026-01-06T22:07:38.796+0800][46.440s][info][gc,heap     ] GC(160) O: Max Capacity: 4096M(100%)
[2026-01-06T22:07:38.796+0800][46.440s][info][gc,heap     ] GC(160) O: Soft Max Capacity: 3686M(90%)
[2026-01-06T22:07:38.796+0800][46.440s][info][gc,heap     ] GC(160) O: Heap Statistics:
[2026-01-06T22:07:38.796+0800][46.440s][info][gc,heap     ] GC(160) O:                Mark Start          Mark End        Relocate Start      Relocate End           High               Low         
[2026-01-06T22:07:38.796+0800][46.440s][info][gc,heap     ] GC(160) O:  Capacity:     3498M (85%)        3498M (85%)        3498M (85%)        3498M (85%)        3498M (85%)        3498M (85%)    
[2026-01-06T22:07:38.796+0800][46.440s][info][gc,heap     ] GC(160) O:      Free:     2082M (51%)        4074M (99%)        4066M (99%)        4066M (99%)        4090M (100%)       2080M (51%)    
[2026-01-06T22:07:38.796+0800][46.440s][info][gc,heap     ] GC(160) O:      Used:     2014M (49%)          22M (1%)           30M (1%)           30M (1%)         2016M (49%)           6M (0%)     
[2026-01-06T22:07:38.796+0800][46.440s][info][gc,heap     ] GC(160) O: Old Generation Statistics:
[2026-01-06T22:07:38.796+0800][46.440s][info][gc,heap     ] GC(160) O:                Mark Start          Mark End        Relocate Start      Relocate End    
[2026-01-06T22:07:38.796+0800][46.440s][info][gc,heap     ] GC(160) O:      Used:        2M (0%)            2M (0%)            2M (0%)            2M (0%)     
[2026-01-06T22:07:38.796+0800][46.440s][info][gc,heap     ] GC(160) O:      Live:         -                 0M (0%)            0M (0%)            0M (0%)     
[2026-01-06T22:07:38.796+0800][46.440s][info][gc,heap     ] GC(160) O:   Garbage:         -                 1M (0%)            1M (0%)            1M (0%)     
[2026-01-06T22:07:38.796+0800][46.440s][info][gc,heap     ] GC(160) O: Allocated:         -                 0M (0%)            0M (0%)            0M (0%)     
[2026-01-06T22:07:38.796+0800][46.440s][info][gc,heap     ] GC(160) O: Reclaimed:         -                  -                 0M (0%)            0M (0%)     
[2026-01-06T22:07:38.796+0800][46.440s][info][gc,heap     ] GC(160) O: Compacted:         -                  -                  -                 0M (0%)     
[2026-01-06T22:07:38.796+0800][46.440s][info][gc,phases   ] GC(160) O: Old Generation 8M(0%)->30M(1%) 0.001s
[2026-01-06T22:07:38.796+0800][46.440s][info][gc          ] GC(160) Major Collection (Proactive) 2014M(49%)->32M(1%) 0.002s
[2026-01-06T22:07:38.938+0800][46.582s][info][gc          ] GC(161) Major Collection (Proactive)
[2026-01-06T22:07:38.938+0800][46.582s][info][gc,task     ] GC(161) Using 1 Workers for Young Generation
[2026-01-06T22:07:38.938+0800][46.582s][info][gc,task     ] GC(161) Using 1 Workers for Old Generation
[2026-01-06T22:07:38.938+0800][46.582s][info][gc,phases   ] GC(161) Y: Young Generation
[2026-01-06T22:07:38.938+0800][46.582s][info][gc,phases   ] GC(161) Y: Pause Mark Start (Major) 0.003ms
[2026-01-06T22:07:38.939+0800][46.582s][info][gc,phases   ] GC(161) Y: Concurrent Mark 0.197ms
[2026-01-06T22:07:38.939+0800][46.582s][info][gc,phases   ] GC(161) Y: Pause Mark End 0.003ms
[2026-01-06T22:07:38.939+0800][46.582s][info][gc,phases   ] GC(161) Y: Concurrent Mark Free 0.000ms
[2026-01-06T22:07:38.939+0800][46.583s][info][gc,phases   ] GC(161) Y: Concurrent Reset Relocation Set 0.000ms
[2026-01-06T22:07:38.939+0800][46.583s][info][gc,reloc    ] GC(161) Y: Using tenuring threshold: 1 (Computed)
[2026-01-06T22:07:38.939+0800][46.583s][info][gc,phases   ] GC(161) Y: Concurrent Select Relocation Set 0.226ms
[2026-01-06T22:07:38.939+0800][46.583s][info][gc,phases   ] GC(161) Y: Pause Relocate Start 0.001ms
[2026-01-06T22:07:38.939+0800][46.583s][info][gc,phases   ] GC(161) Y: Concurrent Relocate 0.010ms
[2026-01-06T22:07:38.939+0800][46.583s][info][gc,alloc    ] GC(161) Y:                         Mark Start        Mark End      Relocate Start    Relocate End   
[2026-01-06T22:07:38.939+0800][46.583s][info][gc,alloc    ] GC(161) Y: Allocation Stalls:          0                0                0                0         
[2026-01-06T22:07:38.939+0800][46.583s][info][gc,load     ] GC(161) Y: Load: 2.12 (21%) / 1.83 (18%) / 2.02 (20%)
[2026-01-06T22:07:38.939+0800][46.583s][info][gc,mmu      ] GC(161) Y: MMU: 2ms/97.4%, 5ms/98.6%, 10ms/99.3%, 20ms/99.5%, 50ms/99.8%, 100ms/99.9%
[2026-01-06T22:07:38.939+0800][46.583s][info][gc,marking  ] GC(161) Y: Mark: 1 stripe(s), 2 proactive flush(es), 1 terminate flush(es), 0 completion(s), 0 continuation(s) 
[2026-01-06T22:07:38.939+0800][46.583s][info][gc,nmethod  ] GC(161) Y: NMethods: 129 registered, 39 unregistered
[2026-01-06T22:07:38.939+0800][46.583s][info][gc,metaspace] GC(161) Y: Metaspace: 0M used, 0M committed, 1088M reserved
[2026-01-06T22:07:38.939+0800][46.583s][info][gc,reloc    ] GC(161) Y:                        Candidates     Selected     In-Place         Size        Empty    Relocated 
[2026-01-06T22:07:38.939+0800][46.583s][info][gc,reloc    ] GC(161) Y: Small Pages:                 1051            0            0        2102M        2100M           0M 
[2026-01-06T22:07:38.939+0800][46.583s][info][gc,reloc    ] GC(161) Y: Medium Pages:                   0            0            0           0M           0M           0M 
[2026-01-06T22:07:38.939+0800][46.583s][info][gc,reloc    ] GC(161) Y: Large Pages:                    0            0            0           0M           0M           0M 
[2026-01-06T22:07:38.939+0800][46.583s][info][gc,reloc    ] GC(161) Y: Forwarding Usage: 0M
[2026-01-06T22:07:38.939+0800][46.583s][info][gc,reloc    ] GC(161) Y: Age Table:
[2026-01-06T22:07:38.939+0800][46.583s][info][gc,reloc    ] GC(161) Y:                    Live             Garbage             Small              Medium             Large        
[2026-01-06T22:07:38.939+0800][46.583s][info][gc,reloc    ] GC(161) Y: Eden               0M (0%)         2099M (51%)       1050 / 0              0 / 0              0 / 0        
[2026-01-06T22:07:38.939+0800][46.583s][info][gc,reloc    ] GC(161) Y: Survivor 1          -                 2M (0%)           1 / 0              0 / 0              0 / 0        
[2026-01-06T22:07:38.939+0800][46.583s][info][gc,heap     ] GC(161) Y: Min Capacity: 8M(0%)
[2026-01-06T22:07:38.939+0800][46.583s][info][gc,heap     ] GC(161) Y: Max Capacity: 4096M(100%)
[2026-01-06T22:07:38.939+0800][46.583s][info][gc,heap     ] GC(161) Y: Soft Max Capacity: 3686M(90%)
[2026-01-06T22:07:38.939+0800][46.583s][info][gc,heap     ] GC(161) Y: Heap Statistics:
[2026-01-06T22:07:38.939+0800][46.583s][info][gc,heap     ] GC(161) Y:                Mark Start          Mark End        Relocate Start      Relocate End           High               Low         
[2026-01-06T22:07:38.939+0800][46.583s][info][gc,heap     ] GC(161) Y:  Capacity:     3498M (85%)        3498M (85%)        3498M (85%)        3498M (85%)        3498M (85%)        3498M (85%)    
[2026-01-06T22:07:38.939+0800][46.583s][info][gc,heap     ] GC(161) Y:      Free:     1992M (49%)        1990M (49%)        4088M (100%)       4088M (100%)       4088M (100%)       1990M (49%)    
[2026-01-06T22:07:38.939+0800][46.583s][info][gc,heap     ] GC(161) Y:      Used:     2104M (51%)        2106M (51%)           8M (0%)            8M (0%)         2106M (51%)           8M (0%)     
[2026-01-06T22:07:38.939+0800][46.583s][info][gc,heap     ] GC(161) Y: Young Generation Statistics:
[2026-01-06T22:07:38.939+0800][46.583s][info][gc,heap     ] GC(161) Y:                Mark Start          Mark End        Relocate Start      Relocate End    
[2026-01-06T22:07:38.939+0800][46.583s][info][gc,heap     ] GC(161) Y:      Used:     2102M (51%)        2104M (51%)           6M (0%)            6M (0%)     
[2026-01-06T22:07:38.939+0800][46.583s][info][gc,heap     ] GC(161) Y:      Live:         -                 0M (0%)            0M (0%)            0M (0%)     
[2026-01-06T22:07:38.939+0800][46.583s][info][gc,heap     ] GC(161) Y:   Garbage:         -              2101M (51%)           1M (0%)            1M (0%)     
[2026-01-06T22:07:38.939+0800][46.583s][info][gc,heap     ] GC(161) Y: Allocated:         -                 2M (0%)            4M (0%)            4M (0%)     
[2026-01-06T22:07:38.939+0800][46.583s][info][gc,heap     ] GC(161) Y: Reclaimed:         -                  -              2100M (51%)        2100M (51%)    
[2026-01-06T22:07:38.939+0800][46.583s][info][gc,heap     ] GC(161) Y:  Promoted:         -                  -                 0M (0%)            0M (0%)     
[2026-01-06T22:07:38.939+0800][46.583s][info][gc,heap     ] GC(161) Y: Compacted:         -                  -                  -                 0M (0%)     
[2026-01-06T22:07:38.939+0800][46.583s][info][gc,phases   ] GC(161) Y: Young Generation 2104M(51%)->8M(0%) 0.001s
[2026-01-06T22:07:38.939+0800][46.583s][info][gc,phases   ] GC(161) O: Old Generation
[2026-01-06T22:07:38.940+0800][46.584s][info][gc,phases   ] GC(161) O: Concurrent Mark 0.660ms
[2026-01-06T22:07:38.940+0800][46.584s][info][gc,phases   ] GC(161) O: Pause Mark End 0.003ms
[2026-01-06T22:07:38.940+0800][46.584s][info][gc,phases   ] GC(161) O: Concurrent Mark Free 0.000ms
[2026-01-06T22:07:38.940+0800][46.584s][info][gc,phases   ] GC(161) O: Concurrent Process Non-Strong 0.273ms
[2026-01-06T22:07:38.940+0800][46.584s][info][gc,phases   ] GC(161) O: Concurrent Reset Relocation Set 0.000ms
[2026-01-06T22:07:38.940+0800][46.584s][info][gc,phases   ] GC(161) O: Concurrent Select Relocation Set 0.017ms
[2026-01-06T22:07:38.940+0800][46.584s][info][gc,task     ] GC(161) O: Using 2 Workers for Old Generation
[2026-01-06T22:07:38.940+0800][46.584s][info][gc,task     ] GC(161) O: Using 1 Workers for Old Generation
[2026-01-06T22:07:38.940+0800][46.584s][info][gc,phases   ] GC(161) O: Concurrent Remap Roots 0.082ms
[2026-01-06T22:07:38.940+0800][46.584s][info][gc,phases   ] GC(161) O: Pause Relocate Start 0.001ms
[2026-01-06T22:07:38.940+0800][46.584s][info][gc,phases   ] GC(161) O: Concurrent Relocate 0.006ms
[2026-01-06T22:07:38.940+0800][46.584s][info][gc,alloc    ] GC(161) O:                         Mark Start        Mark End      Relocate Start    Relocate End   
[2026-01-06T22:07:38.940+0800][46.584s][info][gc,alloc    ] GC(161) O: Allocation Stalls:          0                0                0                0         
[2026-01-06T22:07:38.940+0800][46.584s][info][gc,load     ] GC(161) O: Load: 2.12 (21%) / 1.83 (18%) / 2.02 (20%)
[2026-01-06T22:07:38.940+0800][46.584s][info][gc,mmu      ] GC(161) O: MMU: 2ms/97.4%, 5ms/98.6%, 10ms/99.3%, 20ms/99.5%, 50ms/99.8%, 100ms/99.9%
[2026-01-06T22:07:38.940+0800][46.584s][info][gc,marking  ] GC(161) O: Mark: 1 stripe(s), 2 proactive flush(es), 1 terminate flush(es), 0 completion(s), 0 continuation(s) 
[2026-01-06T22:07:38.940+0800][46.584s][info][gc,nmethod  ] GC(161) O: NMethods: 129 registered, 39 unregistered
[2026-01-06T22:07:38.940+0800][46.584s][info][gc,metaspace] GC(161) O: Metaspace: 0M used, 0M committed, 1088M reserved
[2026-01-06T22:07:38.940+0800][46.584s][info][gc,ref      ] GC(161) O:                       Encountered   Discovered     Enqueued 
[2026-01-06T22:07:38.940+0800][46.584s][info][gc,ref      ] GC(161) O: Soft References:                1            0            0 
[2026-01-06T22:07:38.940+0800][46.584s][info][gc,ref      ] GC(161) O: Weak References:                6            0            0 
[2026-01-06T22:07:38.940+0800][46.584s][info][gc,ref      ] GC(161) O: Final References:               0            0            0 
[2026-01-06T22:07:38.940+0800][46.584s][info][gc,ref      ] GC(161) O: Phantom References:             1            1            0 
[2026-01-06T22:07:38.940+0800][46.584s][info][gc,reloc    ] GC(161) O:                        Candidates     Selected     In-Place         Size        Empty    Relocated 
[2026-01-06T22:07:38.940+0800][46.584s][info][gc,reloc    ] GC(161) O: Small Pages:                    1            0            0           2M           0M           0M 
[2026-01-06T22:07:38.940+0800][46.584s][info][gc,reloc    ] GC(161) O: Medium Pages:                   0            0            0           0M           0M           0M 
[2026-01-06T22:07:38.940+0800][46.584s][info][gc,reloc    ] GC(161) O: Large Pages:                    0            0            0           0M           0M           0M 
[2026-01-06T22:07:38.940+0800][46.584s][info][gc,reloc    ] GC(161) O: Forwarding Usage: 0M
[2026-01-06T22:07:38.940+0800][46.584s][info][gc,heap     ] GC(161) O: Min Capacity: 8M(0%)
[2026-01-06T22:07:38.940+0800][46.584s][info][gc,heap     ] GC(161) O: Max Capacity: 4096M(100%)
[2026-01-06T22:07:38.940+0800][46.584s][info][gc,heap     ] GC(161) O: Soft Max Capacity: 3686M(90%)
[2026-01-06T22:07:38.940+0800][46.584s][info][gc,heap     ] GC(161) O: Heap Statistics:
[2026-01-06T22:07:38.940+0800][46.584s][info][gc,heap     ] GC(161) O:                Mark Start          Mark End        Relocate Start      Relocate End           High               Low         
[2026-01-06T22:07:38.940+0800][46.584s][info][gc,heap     ] GC(161) O:  Capacity:     3498M (85%)        3498M (85%)        3498M (85%)        3498M (85%)        3498M (85%)        3498M (85%)    
[2026-01-06T22:07:38.940+0800][46.584s][info][gc,heap     ] GC(161) O:      Free:     1992M (49%)        4074M (99%)        4066M (99%)        4066M (99%)        4088M (100%)       1990M (49%)    
[2026-01-06T22:07:38.940+0800][46.584s][info][gc,heap     ] GC(161) O:      Used:     2104M (51%)          22M (1%)           30M (1%)           30M (1%)         2106M (51%)           8M (0%)     
[2026-01-06T22:07:38.940+0800][46.584s][info][gc,heap     ] GC(161) O: Old Generation Statistics:
[2026-01-06T22:07:38.940+0800][46.584s][info][gc,heap     ] GC(161) O:                Mark Start          Mark End        Relocate Start      Relocate End    
[2026-01-06T22:07:38.940+0800][46.584s][info][gc,heap     ] GC(161) O:      Used:        2M (0%)            2M (0%)            2M (0%)            2M (0%)     
[2026-01-06T22:07:38.940+0800][46.584s][info][gc,heap     ] GC(161) O:      Live:         -                 0M (0%)            0M (0%)            0M (0%)     
[2026-01-06T22:07:38.940+0800][46.584s][info][gc,heap     ] GC(161) O:   Garbage:         -                 1M (0%)            1M (0%)            1M (0%)     
[2026-01-06T22:07:38.940+0800][46.584s][info][gc,heap     ] GC(161) O: Allocated:         -                 0M (0%)            0M (0%)            0M (0%)     
[2026-01-06T22:07:38.940+0800][46.584s][info][gc,heap     ] GC(161) O: Reclaimed:         -                  -                 0M (0%)            0M (0%)     
[2026-01-06T22:07:38.940+0800][46.584s][info][gc,heap     ] GC(161) O: Compacted:         -                  -                  -                 0M (0%)     
[2026-01-06T22:07:38.940+0800][46.584s][info][gc,phases   ] GC(161) O: Old Generation 10M(0%)->30M(1%) 0.001s
[2026-01-06T22:07:38.940+0800][46.584s][info][gc          ] GC(161) Major Collection (Proactive) 2104M(51%)->32M(1%) 0.002s
[2026-01-06T22:07:39.067+0800][46.711s][info][gc          ] GC(162) Major Collection (Proactive)
[2026-01-06T22:07:39.068+0800][46.712s][info][gc,task     ] GC(162) Using 1 Workers for Young Generation
[2026-01-06T22:07:39.068+0800][46.712s][info][gc,task     ] GC(162) Using 1 Workers for Old Generation
[2026-01-06T22:07:39.068+0800][46.712s][info][gc,phases   ] GC(162) Y: Young Generation
[2026-01-06T22:07:39.068+0800][46.712s][info][gc,phases   ] GC(162) Y: Pause Mark Start (Major) 0.005ms
[2026-01-06T22:07:39.070+0800][46.714s][info][gc,phases   ] GC(162) Y: Concurrent Mark 1.948ms
[2026-01-06T22:07:39.070+0800][46.714s][info][gc,phases   ] GC(162) Y: Pause Mark End 0.004ms
[2026-01-06T22:07:39.070+0800][46.714s][info][gc,phases   ] GC(162) Y: Concurrent Mark Free 0.000ms
[2026-01-06T22:07:39.070+0800][46.714s][info][gc,phases   ] GC(162) Y: Concurrent Reset Relocation Set 0.000ms
[2026-01-06T22:07:39.070+0800][46.714s][info][gc,reloc    ] GC(162) Y: Using tenuring threshold: 1 (Computed)
[2026-01-06T22:07:39.071+0800][46.714s][info][gc,phases   ] GC(162) Y: Concurrent Select Relocation Set 0.282ms
[2026-01-06T22:07:39.071+0800][46.714s][info][gc,phases   ] GC(162) Y: Pause Relocate Start 0.001ms
[2026-01-06T22:07:39.071+0800][46.714s][info][gc,phases   ] GC(162) Y: Concurrent Relocate 0.010ms
[2026-01-06T22:07:39.071+0800][46.714s][info][gc,alloc    ] GC(162) Y:                         Mark Start        Mark End      Relocate Start    Relocate End   
[2026-01-06T22:07:39.071+0800][46.714s][info][gc,alloc    ] GC(162) Y: Allocation Stalls:          0                0                0                0         
[2026-01-06T22:07:39.071+0800][46.714s][info][gc,load     ] GC(162) Y: Load: 2.12 (21%) / 1.83 (18%) / 2.02 (20%)
[2026-01-06T22:07:39.071+0800][46.714s][info][gc,mmu      ] GC(162) Y: MMU: 2ms/97.4%, 5ms/98.6%, 10ms/99.3%, 20ms/99.5%, 50ms/99.8%, 100ms/99.9%
[2026-01-06T22:07:39.071+0800][46.715s][info][gc,marking  ] GC(162) Y: Mark: 1 stripe(s), 2 proactive flush(es), 1 terminate flush(es), 0 completion(s), 0 continuation(s) 
[2026-01-06T22:07:39.071+0800][46.715s][info][gc,nmethod  ] GC(162) Y: NMethods: 129 registered, 39 unregistered
[2026-01-06T22:07:39.071+0800][46.715s][info][gc,metaspace] GC(162) Y: Metaspace: 0M used, 0M committed, 1088M reserved
[2026-01-06T22:07:39.071+0800][46.715s][info][gc,reloc    ] GC(162) Y:                        Candidates     Selected     In-Place         Size        Empty    Relocated 
[2026-01-06T22:07:39.071+0800][46.715s][info][gc,reloc    ] GC(162) Y: Small Pages:                 1069            0            0        2138M        2136M           0M 
[2026-01-06T22:07:39.071+0800][46.715s][info][gc,reloc    ] GC(162) Y: Medium Pages:                   0            0            0           0M           0M           0M 
[2026-01-06T22:07:39.071+0800][46.715s][info][gc,reloc    ] GC(162) Y: Large Pages:                    0            0            0           0M           0M           0M 
[2026-01-06T22:07:39.071+0800][46.715s][info][gc,reloc    ] GC(162) Y: Forwarding Usage: 0M
[2026-01-06T22:07:39.071+0800][46.715s][info][gc,reloc    ] GC(162) Y: Age Table:
[2026-01-06T22:07:39.071+0800][46.715s][info][gc,reloc    ] GC(162) Y:                    Live             Garbage             Small              Medium             Large        
[2026-01-06T22:07:39.071+0800][46.715s][info][gc,reloc    ] GC(162) Y: Eden               0M (0%)         2135M (52%)       1068 / 0              0 / 0              0 / 0        
[2026-01-06T22:07:39.071+0800][46.715s][info][gc,reloc    ] GC(162) Y: Survivor 1          -                 2M (0%)           1 / 0              0 / 0              0 / 0        
[2026-01-06T22:07:39.071+0800][46.715s][info][gc,heap     ] GC(162) Y: Min Capacity: 8M(0%)
[2026-01-06T22:07:39.071+0800][46.715s][info][gc,heap     ] GC(162) Y: Max Capacity: 4096M(100%)
[2026-01-06T22:07:39.071+0800][46.715s][info][gc,heap     ] GC(162) Y: Soft Max Capacity: 3686M(90%)
[2026-01-06T22:07:39.071+0800][46.715s][info][gc,heap     ] GC(162) Y: Heap Statistics:
[2026-01-06T22:07:39.071+0800][46.715s][info][gc,heap     ] GC(162) Y:                Mark Start          Mark End        Relocate Start      Relocate End           High               Low         
[2026-01-06T22:07:39.071+0800][46.715s][info][gc,heap     ] GC(162) Y:  Capacity:     3498M (85%)        3498M (85%)        3498M (85%)        3498M (85%)        3498M (85%)        3498M (85%)    
[2026-01-06T22:07:39.071+0800][46.715s][info][gc,heap     ] GC(162) Y:      Free:     1956M (48%)        1954M (48%)        4090M (100%)       4090M (100%)       4090M (100%)       1954M (48%)    
[2026-01-06T22:07:39.071+0800][46.715s][info][gc,heap     ] GC(162) Y:      Used:     2140M (52%)        2142M (52%)           6M (0%)            6M (0%)         2142M (52%)           6M (0%)     
[2026-01-06T22:07:39.071+0800][46.715s][info][gc,heap     ] GC(162) Y: Young Generation Statistics:
[2026-01-06T22:07:39.071+0800][46.715s][info][gc,heap     ] GC(162) Y:                Mark Start          Mark End        Relocate Start      Relocate End    
[2026-01-06T22:07:39.071+0800][46.715s][info][gc,heap     ] GC(162) Y:      Used:     2138M (52%)        2140M (52%)           4M (0%)            4M (0%)     
[2026-01-06T22:07:39.071+0800][46.715s][info][gc,heap     ] GC(162) Y:      Live:         -                 0M (0%)            0M (0%)            0M (0%)     
[2026-01-06T22:07:39.071+0800][46.715s][info][gc,heap     ] GC(162) Y:   Garbage:         -              2137M (52%)           1M (0%)            1M (0%)     
[2026-01-06T22:07:39.071+0800][46.715s][info][gc,heap     ] GC(162) Y: Allocated:         -                 2M (0%)            2M (0%)            2M (0%)     
[2026-01-06T22:07:39.071+0800][46.715s][info][gc,heap     ] GC(162) Y: Reclaimed:         -                  -              2136M (52%)        2136M (52%)    
[2026-01-06T22:07:39.071+0800][46.715s][info][gc,heap     ] GC(162) Y:  Promoted:         -                  -                 0M (0%)            0M (0%)     
[2026-01-06T22:07:39.071+0800][46.715s][info][gc,heap     ] GC(162) Y: Compacted:         -                  -                  -                 0M (0%)     
[2026-01-06T22:07:39.071+0800][46.715s][info][gc,phases   ] GC(162) Y: Young Generation 2140M(52%)->6M(0%) 0.002s
[2026-01-06T22:07:39.071+0800][46.715s][info][gc,phases   ] GC(162) O: Old Generation
[2026-01-06T22:07:39.071+0800][46.715s][info][gc,phases   ] GC(162) O: Concurrent Mark 0.642ms
[2026-01-06T22:07:39.071+0800][46.715s][info][gc,phases   ] GC(162) O: Pause Mark End 0.002ms
[2026-01-06T22:07:39.071+0800][46.715s][info][gc,phases   ] GC(162) O: Concurrent Mark Free 0.001ms
[2026-01-06T22:07:39.072+0800][46.716s][info][gc,phases   ] GC(162) O: Concurrent Process Non-Strong 0.254ms
[2026-01-06T22:07:39.072+0800][46.716s][info][gc,phases   ] GC(162) O: Concurrent Reset Relocation Set 0.000ms
[2026-01-06T22:07:39.072+0800][46.716s][info][gc,phases   ] GC(162) O: Concurrent Select Relocation Set 0.018ms
[2026-01-06T22:07:39.072+0800][46.716s][info][gc,task     ] GC(162) O: Using 2 Workers for Old Generation
[2026-01-06T22:07:39.072+0800][46.716s][info][gc,task     ] GC(162) O: Using 1 Workers for Old Generation
[2026-01-06T22:07:39.072+0800][46.716s][info][gc,phases   ] GC(162) O: Concurrent Remap Roots 0.085ms
[2026-01-06T22:07:39.072+0800][46.716s][info][gc,phases   ] GC(162) O: Pause Relocate Start 0.001ms
[2026-01-06T22:07:39.072+0800][46.716s][info][gc,phases   ] GC(162) O: Concurrent Relocate 0.006ms
[2026-01-06T22:07:39.072+0800][46.716s][info][gc,alloc    ] GC(162) O:                         Mark Start        Mark End      Relocate Start    Relocate End   
[2026-01-06T22:07:39.072+0800][46.716s][info][gc,alloc    ] GC(162) O: Allocation Stalls:          0                0                0                0         
[2026-01-06T22:07:39.072+0800][46.716s][info][gc,load     ] GC(162) O: Load: 2.12 (21%) / 1.83 (18%) / 2.02 (20%)
[2026-01-06T22:07:39.072+0800][46.716s][info][gc,mmu      ] GC(162) O: MMU: 2ms/97.4%, 5ms/98.6%, 10ms/99.3%, 20ms/99.5%, 50ms/99.8%, 100ms/99.9%
[2026-01-06T22:07:39.072+0800][46.716s][info][gc,marking  ] GC(162) O: Mark: 1 stripe(s), 2 proactive flush(es), 1 terminate flush(es), 0 completion(s), 0 continuation(s) 
[2026-01-06T22:07:39.072+0800][46.716s][info][gc,nmethod  ] GC(162) O: NMethods: 129 registered, 39 unregistered
[2026-01-06T22:07:39.072+0800][46.716s][info][gc,metaspace] GC(162) O: Metaspace: 0M used, 0M committed, 1088M reserved
[2026-01-06T22:07:39.072+0800][46.716s][info][gc,ref      ] GC(162) O:                       Encountered   Discovered     Enqueued 
[2026-01-06T22:07:39.072+0800][46.716s][info][gc,ref      ] GC(162) O: Soft References:                1            0            0 
[2026-01-06T22:07:39.072+0800][46.716s][info][gc,ref      ] GC(162) O: Weak References:                6            0            0 
[2026-01-06T22:07:39.072+0800][46.716s][info][gc,ref      ] GC(162) O: Final References:               0            0            0 
[2026-01-06T22:07:39.072+0800][46.716s][info][gc,ref      ] GC(162) O: Phantom References:             1            1            0 
[2026-01-06T22:07:39.072+0800][46.716s][info][gc,reloc    ] GC(162) O:                        Candidates     Selected     In-Place         Size        Empty    Relocated 
[2026-01-06T22:07:39.072+0800][46.716s][info][gc,reloc    ] GC(162) O: Small Pages:                    1            0            0           2M           0M           0M 
[2026-01-06T22:07:39.072+0800][46.716s][info][gc,reloc    ] GC(162) O: Medium Pages:                   0            0            0           0M           0M           0M 
[2026-01-06T22:07:39.072+0800][46.716s][info][gc,reloc    ] GC(162) O: Large Pages:                    0            0            0           0M           0M           0M 
[2026-01-06T22:07:39.072+0800][46.716s][info][gc,reloc    ] GC(162) O: Forwarding Usage: 0M
[2026-01-06T22:07:39.072+0800][46.716s][info][gc,heap     ] GC(162) O: Min Capacity: 8M(0%)
[2026-01-06T22:07:39.072+0800][46.716s][info][gc,heap     ] GC(162) O: Max Capacity: 4096M(100%)
[2026-01-06T22:07:39.072+0800][46.716s][info][gc,heap     ] GC(162) O: Soft Max Capacity: 3686M(90%)
[2026-01-06T22:07:39.072+0800][46.716s][info][gc,heap     ] GC(162) O: Heap Statistics:
[2026-01-06T22:07:39.072+0800][46.716s][info][gc,heap     ] GC(162) O:                Mark Start          Mark End        Relocate Start      Relocate End           High               Low         
[2026-01-06T22:07:39.072+0800][46.716s][info][gc,heap     ] GC(162) O:  Capacity:     3498M (85%)        3498M (85%)        3498M (85%)        3498M (85%)        3498M (85%)        3498M (85%)    
[2026-01-06T22:07:39.072+0800][46.716s][info][gc,heap     ] GC(162) O:      Free:     1956M (48%)        4082M (100%)       4074M (99%)        4074M (99%)        4090M (100%)       1954M (48%)    
[2026-01-06T22:07:39.072+0800][46.716s][info][gc,heap     ] GC(162) O:      Used:     2140M (52%)          14M (0%)           22M (1%)           22M (1%)         2142M (52%)           6M (0%)     
[2026-01-06T22:07:39.072+0800][46.716s][info][gc,heap     ] GC(162) O: Old Generation Statistics:
[2026-01-06T22:07:39.072+0800][46.716s][info][gc,heap     ] GC(162) O:                Mark Start          Mark End        Relocate Start      Relocate End    
[2026-01-06T22:07:39.072+0800][46.716s][info][gc,heap     ] GC(162) O:      Used:        2M (0%)            2M (0%)            2M (0%)            2M (0%)     
[2026-01-06T22:07:39.072+0800][46.716s][info][gc,heap     ] GC(162) O:      Live:         -                 0M (0%)            0M (0%)            0M (0%)     
[2026-01-06T22:07:39.072+0800][46.716s][info][gc,heap     ] GC(162) O:   Garbage:         -                 1M (0%)            1M (0%)            1M (0%)     
[2026-01-06T22:07:39.072+0800][46.716s][info][gc,heap     ] GC(162) O: Allocated:         -                 0M (0%)            0M (0%)            0M (0%)     
[2026-01-06T22:07:39.072+0800][46.716s][info][gc,heap     ] GC(162) O: Reclaimed:         -                  -                 0M (0%)            0M (0%)     
[2026-01-06T22:07:39.072+0800][46.716s][info][gc,heap     ] GC(162) O: Compacted:         -                  -                  -                 0M (0%)     
[2026-01-06T22:07:39.072+0800][46.716s][info][gc,phases   ] GC(162) O: Old Generation 6M(0%)->22M(1%) 0.001s
[2026-01-06T22:07:39.072+0800][46.716s][info][gc          ] GC(162) Major Collection (Proactive) 2134M(52%)->24M(1%) 0.005s
[2026-01-06T22:07:39.376+0800][47.020s][info][gc          ] GC(163) Major Collection (Proactive)
[2026-01-06T22:07:39.376+0800][47.020s][info][gc,task     ] GC(163) Using 1 Workers for Young Generation
[2026-01-06T22:07:39.376+0800][47.020s][info][gc,task     ] GC(163) Using 1 Workers for Old Generation
[2026-01-06T22:07:39.376+0800][47.020s][info][gc,phases   ] GC(163) Y: Young Generation
[2026-01-06T22:07:39.376+0800][47.020s][info][gc,phases   ] GC(163) Y: Pause Mark Start (Major) 0.008ms
[2026-01-06T22:07:39.377+0800][47.021s][info][gc,phases   ] GC(163) Y: Concurrent Mark 0.321ms
[2026-01-06T22:07:39.377+0800][47.021s][info][gc,phases   ] GC(163) Y: Pause Mark End 0.003ms
[2026-01-06T22:07:39.377+0800][47.021s][info][gc,phases   ] GC(163) Y: Concurrent Mark Free 0.002ms
[2026-01-06T22:07:39.377+0800][47.021s][info][gc,phases   ] GC(163) Y: Concurrent Reset Relocation Set 0.000ms
[2026-01-06T22:07:39.378+0800][47.022s][info][gc,reloc    ] GC(163) Y: Using tenuring threshold: 1 (Computed)
[2026-01-06T22:07:39.378+0800][47.022s][info][gc,phases   ] GC(163) Y: Concurrent Select Relocation Set 1.077ms
[2026-01-06T22:07:39.378+0800][47.022s][info][gc,phases   ] GC(163) Y: Pause Relocate Start 0.002ms
[2026-01-06T22:07:39.378+0800][47.022s][info][gc,phases   ] GC(163) Y: Concurrent Relocate 0.012ms
[2026-01-06T22:07:39.378+0800][47.022s][info][gc,alloc    ] GC(163) Y:                         Mark Start        Mark End      Relocate Start    Relocate End   
[2026-01-06T22:07:39.378+0800][47.022s][info][gc,alloc    ] GC(163) Y: Allocation Stalls:          0                0                0                0         
[2026-01-06T22:07:39.378+0800][47.022s][info][gc,load     ] GC(163) Y: Load: 2.12 (21%) / 1.83 (18%) / 2.02 (20%)
[2026-01-06T22:07:39.378+0800][47.022s][info][gc,mmu      ] GC(163) Y: MMU: 2ms/97.4%, 5ms/98.6%, 10ms/99.3%, 20ms/99.5%, 50ms/99.8%, 100ms/99.9%
[2026-01-06T22:07:39.378+0800][47.022s][info][gc,marking  ] GC(163) Y: Mark: 1 stripe(s), 2 proactive flush(es), 1 terminate flush(es), 0 completion(s), 0 continuation(s) 
[2026-01-06T22:07:39.378+0800][47.022s][info][gc,nmethod  ] GC(163) Y: NMethods: 129 registered, 39 unregistered
[2026-01-06T22:07:39.378+0800][47.022s][info][gc,metaspace] GC(163) Y: Metaspace: 0M used, 0M committed, 1088M reserved
[2026-01-06T22:07:39.378+0800][47.022s][info][gc,reloc    ] GC(163) Y:                        Candidates     Selected     In-Place         Size        Empty    Relocated 
[2026-01-06T22:07:39.378+0800][47.022s][info][gc,reloc    ] GC(163) Y: Small Pages:                 1453            0            0        2906M        2904M           0M 
[2026-01-06T22:07:39.378+0800][47.022s][info][gc,reloc    ] GC(163) Y: Medium Pages:                   0            0            0           0M           0M           0M 
[2026-01-06T22:07:39.378+0800][47.022s][info][gc,reloc    ] GC(163) Y: Large Pages:                    0            0            0           0M           0M           0M 
[2026-01-06T22:07:39.378+0800][47.022s][info][gc,reloc    ] GC(163) Y: Forwarding Usage: 0M
[2026-01-06T22:07:39.378+0800][47.022s][info][gc,reloc    ] GC(163) Y: Age Table:
[2026-01-06T22:07:39.378+0800][47.022s][info][gc,reloc    ] GC(163) Y:                    Live             Garbage             Small              Medium             Large        
[2026-01-06T22:07:39.378+0800][47.022s][info][gc,reloc    ] GC(163) Y: Eden               0M (0%)         2903M (71%)       1452 / 0              0 / 0              0 / 0        
[2026-01-06T22:07:39.378+0800][47.022s][info][gc,reloc    ] GC(163) Y: Survivor 1          -                 2M (0%)           1 / 0              0 / 0              0 / 0        
[2026-01-06T22:07:39.378+0800][47.022s][info][gc,heap     ] GC(163) Y: Min Capacity: 8M(0%)
[2026-01-06T22:07:39.378+0800][47.022s][info][gc,heap     ] GC(163) Y: Max Capacity: 4096M(100%)
[2026-01-06T22:07:39.378+0800][47.022s][info][gc,heap     ] GC(163) Y: Soft Max Capacity: 3686M(90%)
[2026-01-06T22:07:39.378+0800][47.022s][info][gc,heap     ] GC(163) Y: Heap Statistics:
[2026-01-06T22:07:39.378+0800][47.022s][info][gc,heap     ] GC(163) Y:                Mark Start          Mark End        Relocate Start      Relocate End           High               Low         
[2026-01-06T22:07:39.378+0800][47.022s][info][gc,heap     ] GC(163) Y:  Capacity:     3498M (85%)        3498M (85%)        3498M (85%)        3498M (85%)        3498M (85%)        3498M (85%)    
[2026-01-06T22:07:39.378+0800][47.022s][info][gc,heap     ] GC(163) Y:      Free:     1188M (29%)        1184M (29%)        4084M (100%)       4084M (100%)       4084M (100%)       1184M (29%)    
[2026-01-06T22:07:39.378+0800][47.022s][info][gc,heap     ] GC(163) Y:      Used:     2908M (71%)        2912M (71%)          12M (0%)           12M (0%)         2912M (71%)          12M (0%)     
[2026-01-06T22:07:39.378+0800][47.022s][info][gc,heap     ] GC(163) Y: Young Generation Statistics:
[2026-01-06T22:07:39.378+0800][47.022s][info][gc,heap     ] GC(163) Y:                Mark Start          Mark End        Relocate Start      Relocate End    
[2026-01-06T22:07:39.378+0800][47.022s][info][gc,heap     ] GC(163) Y:      Used:     2906M (71%)        2910M (71%)          10M (0%)           10M (0%)     
[2026-01-06T22:07:39.378+0800][47.022s][info][gc,heap     ] GC(163) Y:      Live:         -                 0M (0%)            0M (0%)            0M (0%)     
[2026-01-06T22:07:39.378+0800][47.022s][info][gc,heap     ] GC(163) Y:   Garbage:         -              2905M (71%)           1M (0%)            1M (0%)     
[2026-01-06T22:07:39.378+0800][47.022s][info][gc,heap     ] GC(163) Y: Allocated:         -                 4M (0%)            8M (0%)            8M (0%)     
[2026-01-06T22:07:39.378+0800][47.022s][info][gc,heap     ] GC(163) Y: Reclaimed:         -                  -              2904M (71%)        2904M (71%)    
[2026-01-06T22:07:39.378+0800][47.022s][info][gc,heap     ] GC(163) Y:  Promoted:         -                  -                 0M (0%)            0M (0%)     
[2026-01-06T22:07:39.378+0800][47.022s][info][gc,heap     ] GC(163) Y: Compacted:         -                  -                  -                 0M (0%)     
[2026-01-06T22:07:39.378+0800][47.022s][info][gc,phases   ] GC(163) Y: Young Generation 2908M(71%)->12M(0%) 0.002s
[2026-01-06T22:07:39.378+0800][47.022s][info][gc,phases   ] GC(163) O: Old Generation
[2026-01-06T22:07:39.379+0800][47.023s][info][gc,phases   ] GC(163) O: Concurrent Mark 0.564ms
[2026-01-06T22:07:39.379+0800][47.023s][info][gc,phases   ] GC(163) O: Pause Mark End 0.003ms
[2026-01-06T22:07:39.379+0800][47.023s][info][gc,phases   ] GC(163) O: Concurrent Mark Free 0.001ms
[2026-01-06T22:07:39.379+0800][47.023s][info][gc,phases   ] GC(163) O: Concurrent Process Non-Strong 0.256ms
[2026-01-06T22:07:39.379+0800][47.023s][info][gc,phases   ] GC(163) O: Concurrent Reset Relocation Set 0.000ms
[2026-01-06T22:07:39.379+0800][47.023s][info][gc,phases   ] GC(163) O: Concurrent Select Relocation Set 0.018ms
[2026-01-06T22:07:39.379+0800][47.023s][info][gc,task     ] GC(163) O: Using 2 Workers for Old Generation
[2026-01-06T22:07:39.379+0800][47.023s][info][gc,task     ] GC(163) O: Using 1 Workers for Old Generation
[2026-01-06T22:07:39.379+0800][47.023s][info][gc,phases   ] GC(163) O: Concurrent Remap Roots 0.085ms
[2026-01-06T22:07:39.379+0800][47.023s][info][gc,phases   ] GC(163) O: Pause Relocate Start 0.002ms
[2026-01-06T22:07:39.379+0800][47.023s][info][gc,phases   ] GC(163) O: Concurrent Relocate 0.006ms
[2026-01-06T22:07:39.379+0800][47.023s][info][gc,alloc    ] GC(163) O:                         Mark Start        Mark End      Relocate Start    Relocate End   
[2026-01-06T22:07:39.379+0800][47.023s][info][gc,alloc    ] GC(163) O: Allocation Stalls:          0                0                0                0         
[2026-01-06T22:07:39.379+0800][47.023s][info][gc,load     ] GC(163) O: Load: 2.12 (21%) / 1.83 (18%) / 2.02 (20%)
[2026-01-06T22:07:39.379+0800][47.023s][info][gc,mmu      ] GC(163) O: MMU: 2ms/97.4%, 5ms/98.6%, 10ms/99.3%, 20ms/99.5%, 50ms/99.8%, 100ms/99.9%
[2026-01-06T22:07:39.379+0800][47.023s][info][gc,marking  ] GC(163) O: Mark: 1 stripe(s), 2 proactive flush(es), 1 terminate flush(es), 0 completion(s), 0 continuation(s) 
[2026-01-06T22:07:39.379+0800][47.023s][info][gc,nmethod  ] GC(163) O: NMethods: 129 registered, 39 unregistered
[2026-01-06T22:07:39.379+0800][47.023s][info][gc,metaspace] GC(163) O: Metaspace: 0M used, 0M committed, 1088M reserved
[2026-01-06T22:07:39.379+0800][47.023s][info][gc,ref      ] GC(163) O:                       Encountered   Discovered     Enqueued 
[2026-01-06T22:07:39.379+0800][47.023s][info][gc,ref      ] GC(163) O: Soft References:                1            0            0 
[2026-01-06T22:07:39.379+0800][47.023s][info][gc,ref      ] GC(163) O: Weak References:                6            0            0 
[2026-01-06T22:07:39.379+0800][47.023s][info][gc,ref      ] GC(163) O: Final References:               0            0            0 
[2026-01-06T22:07:39.379+0800][47.023s][info][gc,ref      ] GC(163) O: Phantom References:             1            1            0 
[2026-01-06T22:07:39.379+0800][47.023s][info][gc,reloc    ] GC(163) O:                        Candidates     Selected     In-Place         Size        Empty    Relocated 
[2026-01-06T22:07:39.379+0800][47.023s][info][gc,reloc    ] GC(163) O: Small Pages:                    1            0            0           2M           0M           0M 
[2026-01-06T22:07:39.379+0800][47.023s][info][gc,reloc    ] GC(163) O: Medium Pages:                   0            0            0           0M           0M           0M 
[2026-01-06T22:07:39.379+0800][47.023s][info][gc,reloc    ] GC(163) O: Large Pages:                    0            0            0           0M           0M           0M 
[2026-01-06T22:07:39.379+0800][47.023s][info][gc,reloc    ] GC(163) O: Forwarding Usage: 0M
[2026-01-06T22:07:39.379+0800][47.023s][info][gc,heap     ] GC(163) O: Min Capacity: 8M(0%)
[2026-01-06T22:07:39.379+0800][47.023s][info][gc,heap     ] GC(163) O: Max Capacity: 4096M(100%)
[2026-01-06T22:07:39.379+0800][47.023s][info][gc,heap     ] GC(163) O: Soft Max Capacity: 3686M(90%)
[2026-01-06T22:07:39.379+0800][47.023s][info][gc,heap     ] GC(163) O: Heap Statistics:
[2026-01-06T22:07:39.379+0800][47.023s][info][gc,heap     ] GC(163) O:                Mark Start          Mark End        Relocate Start      Relocate End           High               Low         
[2026-01-06T22:07:39.379+0800][47.023s][info][gc,heap     ] GC(163) O:  Capacity:     3498M (85%)        3498M (85%)        3498M (85%)        3498M (85%)        3498M (85%)        3498M (85%)    
[2026-01-06T22:07:39.379+0800][47.023s][info][gc,heap     ] GC(163) O:      Free:     1188M (29%)        4078M (100%)       4074M (99%)        4074M (99%)        4084M (100%)       1184M (29%)    
[2026-01-06T22:07:39.379+0800][47.023s][info][gc,heap     ] GC(163) O:      Used:     2908M (71%)          18M (0%)           22M (1%)           22M (1%)         2912M (71%)          12M (0%)     
[2026-01-06T22:07:39.379+0800][47.023s][info][gc,heap     ] GC(163) O: Old Generation Statistics:
[2026-01-06T22:07:39.379+0800][47.023s][info][gc,heap     ] GC(163) O:                Mark Start          Mark End        Relocate Start      Relocate End    
[2026-01-06T22:07:39.379+0800][47.023s][info][gc,heap     ] GC(163) O:      Used:        2M (0%)            2M (0%)            2M (0%)            2M (0%)     
[2026-01-06T22:07:39.379+0800][47.023s][info][gc,heap     ] GC(163) O:      Live:         -                 0M (0%)            0M (0%)            0M (0%)     
[2026-01-06T22:07:39.379+0800][47.023s][info][gc,heap     ] GC(163) O:   Garbage:         -                 1M (0%)            1M (0%)            1M (0%)     
[2026-01-06T22:07:39.379+0800][47.023s][info][gc,heap     ] GC(163) O: Allocated:         -                 0M (0%)            0M (0%)            0M (0%)     
[2026-01-06T22:07:39.379+0800][47.023s][info][gc,heap     ] GC(163) O: Reclaimed:         -                  -                 0M (0%)            0M (0%)     
[2026-01-06T22:07:39.379+0800][47.023s][info][gc,heap     ] GC(163) O: Compacted:         -                  -                  -                 0M (0%)     
[2026-01-06T22:07:39.379+0800][47.023s][info][gc,phases   ] GC(163) O: Old Generation 14M(0%)->22M(1%) 0.001s
[2026-01-06T22:07:39.379+0800][47.023s][info][gc          ] GC(163) Major Collection (Proactive) 2908M(71%)->24M(1%) 0.003s
[2026-01-06T22:07:39.617+0800][47.261s][info][gc          ] GC(164) Major Collection (Proactive)
[2026-01-06T22:07:39.617+0800][47.261s][info][gc,task     ] GC(164) Using 1 Workers for Young Generation
[2026-01-06T22:07:39.617+0800][47.261s][info][gc,task     ] GC(164) Using 1 Workers for Old Generation
[2026-01-06T22:07:39.617+0800][47.261s][info][gc,phases   ] GC(164) Y: Young Generation
[2026-01-06T22:07:39.617+0800][47.261s][info][gc,phases   ] GC(164) Y: Pause Mark Start (Major) 0.005ms
[2026-01-06T22:07:39.618+0800][47.262s][info][gc,phases   ] GC(164) Y: Concurrent Mark 0.216ms
[2026-01-06T22:07:39.618+0800][47.262s][info][gc,phases   ] GC(164) Y: Pause Mark End 0.003ms
[2026-01-06T22:07:39.618+0800][47.262s][info][gc,phases   ] GC(164) Y: Concurrent Mark Free 0.001ms
[2026-01-06T22:07:39.618+0800][47.262s][info][gc,phases   ] GC(164) Y: Concurrent Reset Relocation Set 0.000ms
[2026-01-06T22:07:39.618+0800][47.262s][info][gc,reloc    ] GC(164) Y: Using tenuring threshold: 1 (Computed)
[2026-01-06T22:07:39.618+0800][47.262s][info][gc,phases   ] GC(164) Y: Concurrent Select Relocation Set 0.195ms
[2026-01-06T22:07:39.618+0800][47.262s][info][gc,phases   ] GC(164) Y: Pause Relocate Start 0.002ms
[2026-01-06T22:07:39.618+0800][47.262s][info][gc,phases   ] GC(164) Y: Concurrent Relocate 0.010ms
[2026-01-06T22:07:39.618+0800][47.262s][info][gc,alloc    ] GC(164) Y:                         Mark Start        Mark End      Relocate Start    Relocate End   
[2026-01-06T22:07:39.618+0800][47.262s][info][gc,alloc    ] GC(164) Y: Allocation Stalls:          0                0                0                0         
[2026-01-06T22:07:39.618+0800][47.262s][info][gc,load     ] GC(164) Y: Load: 2.12 (21%) / 1.83 (18%) / 2.02 (20%)
[2026-01-06T22:07:39.618+0800][47.262s][info][gc,mmu      ] GC(164) Y: MMU: 2ms/97.4%, 5ms/98.6%, 10ms/99.3%, 20ms/99.5%, 50ms/99.8%, 100ms/99.9%
[2026-01-06T22:07:39.618+0800][47.262s][info][gc,marking  ] GC(164) Y: Mark: 1 stripe(s), 2 proactive flush(es), 1 terminate flush(es), 0 completion(s), 0 continuation(s) 
[2026-01-06T22:07:39.618+0800][47.262s][info][gc,nmethod  ] GC(164) Y: NMethods: 129 registered, 39 unregistered
[2026-01-06T22:07:39.618+0800][47.262s][info][gc,metaspace] GC(164) Y: Metaspace: 0M used, 0M committed, 1088M reserved
[2026-01-06T22:07:39.618+0800][47.262s][info][gc,reloc    ] GC(164) Y:                        Candidates     Selected     In-Place         Size        Empty    Relocated 
[2026-01-06T22:07:39.618+0800][47.262s][info][gc,reloc    ] GC(164) Y: Small Pages:                  751            0            0        1502M        1500M           0M 
[2026-01-06T22:07:39.618+0800][47.262s][info][gc,reloc    ] GC(164) Y: Medium Pages:                   0            0            0           0M           0M           0M 
[2026-01-06T22:07:39.618+0800][47.262s][info][gc,reloc    ] GC(164) Y: Large Pages:                    0            0            0           0M           0M           0M 
[2026-01-06T22:07:39.618+0800][47.262s][info][gc,reloc    ] GC(164) Y: Forwarding Usage: 0M
[2026-01-06T22:07:39.618+0800][47.262s][info][gc,reloc    ] GC(164) Y: Age Table:
[2026-01-06T22:07:39.618+0800][47.262s][info][gc,reloc    ] GC(164) Y:                    Live             Garbage             Small              Medium             Large        
[2026-01-06T22:07:39.618+0800][47.262s][info][gc,reloc    ] GC(164) Y: Eden               0M (0%)         1499M (37%)        750 / 0              0 / 0              0 / 0        
[2026-01-06T22:07:39.618+0800][47.262s][info][gc,reloc    ] GC(164) Y: Survivor 1          -                 2M (0%)           1 / 0              0 / 0              0 / 0        
[2026-01-06T22:07:39.618+0800][47.262s][info][gc,heap     ] GC(164) Y: Min Capacity: 8M(0%)
[2026-01-06T22:07:39.618+0800][47.262s][info][gc,heap     ] GC(164) Y: Max Capacity: 4096M(100%)
[2026-01-06T22:07:39.618+0800][47.262s][info][gc,heap     ] GC(164) Y: Soft Max Capacity: 3686M(90%)
[2026-01-06T22:07:39.618+0800][47.262s][info][gc,heap     ] GC(164) Y: Heap Statistics:
[2026-01-06T22:07:39.618+0800][47.262s][info][gc,heap     ] GC(164) Y:                Mark Start          Mark End        Relocate Start      Relocate End           High               Low         
[2026-01-06T22:07:39.618+0800][47.262s][info][gc,heap     ] GC(164) Y:  Capacity:     3498M (85%)        3498M (85%)        3498M (85%)        3498M (85%)        3498M (85%)        3498M (85%)    
[2026-01-06T22:07:39.618+0800][47.262s][info][gc,heap     ] GC(164) Y:      Free:     2592M (63%)        2590M (63%)        4086M (100%)       4086M (100%)       4088M (100%)       2590M (63%)    
[2026-01-06T22:07:39.618+0800][47.262s][info][gc,heap     ] GC(164) Y:      Used:     1504M (37%)        1506M (37%)          10M (0%)           10M (0%)         1506M (37%)           8M (0%)     
[2026-01-06T22:07:39.618+0800][47.262s][info][gc,heap     ] GC(164) Y: Young Generation Statistics:
[2026-01-06T22:07:39.618+0800][47.262s][info][gc,heap     ] GC(164) Y:                Mark Start          Mark End        Relocate Start      Relocate End    
[2026-01-06T22:07:39.618+0800][47.262s][info][gc,heap     ] GC(164) Y:      Used:     1502M (37%)        1504M (37%)           8M (0%)            8M (0%)     
[2026-01-06T22:07:39.618+0800][47.262s][info][gc,heap     ] GC(164) Y:      Live:         -                 0M (0%)            0M (0%)            0M (0%)     
[2026-01-06T22:07:39.618+0800][47.262s][info][gc,heap     ] GC(164) Y:   Garbage:         -              1501M (37%)           1M (0%)            1M (0%)     
[2026-01-06T22:07:39.618+0800][47.262s][info][gc,heap     ] GC(164) Y: Allocated:         -                 2M (0%)            6M (0%)            6M (0%)     
[2026-01-06T22:07:39.618+0800][47.262s][info][gc,heap     ] GC(164) Y: Reclaimed:         -                  -              1500M (37%)        1500M (37%)    
[2026-01-06T22:07:39.618+0800][47.262s][info][gc,heap     ] GC(164) Y:  Promoted:         -                  -                 0M (0%)            0M (0%)     
[2026-01-06T22:07:39.618+0800][47.262s][info][gc,heap     ] GC(164) Y: Compacted:         -                  -                  -                 0M (0%)     
[2026-01-06T22:07:39.618+0800][47.262s][info][gc,phases   ] GC(164) Y: Young Generation 1504M(37%)->10M(0%) 0.001s
[2026-01-06T22:07:39.618+0800][47.262s][info][gc,phases   ] GC(164) O: Old Generation
[2026-01-06T22:07:39.619+0800][47.263s][info][gc,phases   ] GC(164) O: Concurrent Mark 0.612ms
[2026-01-06T22:07:39.619+0800][47.263s][info][gc,phases   ] GC(164) O: Pause Mark End 0.003ms
[2026-01-06T22:07:39.619+0800][47.263s][info][gc,phases   ] GC(164) O: Concurrent Mark Free 0.001ms
[2026-01-06T22:07:39.619+0800][47.263s][info][gc,phases   ] GC(164) O: Concurrent Process Non-Strong 0.307ms
[2026-01-06T22:07:39.619+0800][47.263s][info][gc,phases   ] GC(164) O: Concurrent Reset Relocation Set 0.000ms
[2026-01-06T22:07:39.619+0800][47.263s][info][gc,phases   ] GC(164) O: Concurrent Select Relocation Set 0.017ms
[2026-01-06T22:07:39.619+0800][47.263s][info][gc,task     ] GC(164) O: Using 2 Workers for Old Generation
[2026-01-06T22:07:39.619+0800][47.263s][info][gc,task     ] GC(164) O: Using 1 Workers for Old Generation
[2026-01-06T22:07:39.619+0800][47.263s][info][gc,phases   ] GC(164) O: Concurrent Remap Roots 0.082ms
[2026-01-06T22:07:39.619+0800][47.263s][info][gc,phases   ] GC(164) O: Pause Relocate Start 0.001ms
[2026-01-06T22:07:39.619+0800][47.263s][info][gc,phases   ] GC(164) O: Concurrent Relocate 0.008ms
[2026-01-06T22:07:39.619+0800][47.263s][info][gc,alloc    ] GC(164) O:                         Mark Start        Mark End      Relocate Start    Relocate End   
[2026-01-06T22:07:39.619+0800][47.263s][info][gc,alloc    ] GC(164) O: Allocation Stalls:          0                0                0                0         
[2026-01-06T22:07:39.619+0800][47.263s][info][gc,load     ] GC(164) O: Load: 2.12 (21%) / 1.83 (18%) / 2.02 (20%)
[2026-01-06T22:07:39.619+0800][47.263s][info][gc,mmu      ] GC(164) O: MMU: 2ms/97.4%, 5ms/98.6%, 10ms/99.3%, 20ms/99.5%, 50ms/99.8%, 100ms/99.9%
[2026-01-06T22:07:39.619+0800][47.263s][info][gc,marking  ] GC(164) O: Mark: 1 stripe(s), 2 proactive flush(es), 1 terminate flush(es), 0 completion(s), 0 continuation(s) 
[2026-01-06T22:07:39.619+0800][47.263s][info][gc,nmethod  ] GC(164) O: NMethods: 129 registered, 39 unregistered
[2026-01-06T22:07:39.619+0800][47.263s][info][gc,metaspace] GC(164) O: Metaspace: 0M used, 0M committed, 1088M reserved
[2026-01-06T22:07:39.619+0800][47.263s][info][gc,ref      ] GC(164) O:                       Encountered   Discovered     Enqueued 
[2026-01-06T22:07:39.619+0800][47.263s][info][gc,ref      ] GC(164) O: Soft References:                1            0            0 
[2026-01-06T22:07:39.619+0800][47.263s][info][gc,ref      ] GC(164) O: Weak References:                6            0            0 
[2026-01-06T22:07:39.619+0800][47.263s][info][gc,ref      ] GC(164) O: Final References:               0            0            0 
[2026-01-06T22:07:39.619+0800][47.263s][info][gc,ref      ] GC(164) O: Phantom References:             1            1            0 
[2026-01-06T22:07:39.619+0800][47.263s][info][gc,reloc    ] GC(164) O:                        Candidates     Selected     In-Place         Size        Empty    Relocated 
[2026-01-06T22:07:39.619+0800][47.263s][info][gc,reloc    ] GC(164) O: Small Pages:                    1            0            0           2M           0M           0M 
[2026-01-06T22:07:39.619+0800][47.263s][info][gc,reloc    ] GC(164) O: Medium Pages:                   0            0            0           0M           0M           0M 
[2026-01-06T22:07:39.619+0800][47.263s][info][gc,reloc    ] GC(164) O: Large Pages:                    0            0            0           0M           0M           0M 
[2026-01-06T22:07:39.619+0800][47.263s][info][gc,reloc    ] GC(164) O: Forwarding Usage: 0M
[2026-01-06T22:07:39.619+0800][47.263s][info][gc,heap     ] GC(164) O: Min Capacity: 8M(0%)
[2026-01-06T22:07:39.619+0800][47.263s][info][gc,heap     ] GC(164) O: Max Capacity: 4096M(100%)
[2026-01-06T22:07:39.619+0800][47.263s][info][gc,heap     ] GC(164) O: Soft Max Capacity: 3686M(90%)
[2026-01-06T22:07:39.619+0800][47.263s][info][gc,heap     ] GC(164) O: Heap Statistics:
[2026-01-06T22:07:39.619+0800][47.263s][info][gc,heap     ] GC(164) O:                Mark Start          Mark End        Relocate Start      Relocate End           High               Low         
[2026-01-06T22:07:39.619+0800][47.263s][info][gc,heap     ] GC(164) O:  Capacity:     3498M (85%)        3498M (85%)        3498M (85%)        3498M (85%)        3498M (85%)        3498M (85%)    
[2026-01-06T22:07:39.619+0800][47.263s][info][gc,heap     ] GC(164) O:      Free:     2592M (63%)        4072M (99%)        4064M (99%)        4064M (99%)        4088M (100%)       2590M (63%)    
[2026-01-06T22:07:39.619+0800][47.263s][info][gc,heap     ] GC(164) O:      Used:     1504M (37%)          24M (1%)           32M (1%)           32M (1%)         1506M (37%)           8M (0%)     
[2026-01-06T22:07:39.619+0800][47.263s][info][gc,heap     ] GC(164) O: Old Generation Statistics:
[2026-01-06T22:07:39.619+0800][47.263s][info][gc,heap     ] GC(164) O:                Mark Start          Mark End        Relocate Start      Relocate End    
[2026-01-06T22:07:39.619+0800][47.263s][info][gc,heap     ] GC(164) O:      Used:        2M (0%)            2M (0%)            2M (0%)            2M (0%)     
[2026-01-06T22:07:39.619+0800][47.263s][info][gc,heap     ] GC(164) O:      Live:         -                 0M (0%)            0M (0%)            0M (0%)     
[2026-01-06T22:07:39.619+0800][47.263s][info][gc,heap     ] GC(164) O:   Garbage:         -                 1M (0%)            1M (0%)            1M (0%)     
[2026-01-06T22:07:39.619+0800][47.263s][info][gc,heap     ] GC(164) O: Allocated:         -                 0M (0%)            0M (0%)            0M (0%)     
[2026-01-06T22:07:39.619+0800][47.263s][info][gc,heap     ] GC(164) O: Reclaimed:         -                  -                 0M (0%)            0M (0%)     
[2026-01-06T22:07:39.619+0800][47.263s][info][gc,heap     ] GC(164) O: Compacted:         -                  -                  -                 0M (0%)     
[2026-01-06T22:07:39.619+0800][47.263s][info][gc,phases   ] GC(164) O: Old Generation 12M(0%)->32M(1%) 0.001s
[2026-01-06T22:07:39.619+0800][47.263s][info][gc          ] GC(164) Major Collection (Proactive) 1504M(37%)->34M(1%) 0.002s
[2026-01-06T22:07:39.830+0800][47.473s][info][gc          ] GC(165) Major Collection (Proactive)
[2026-01-06T22:07:39.830+0800][47.473s][info][gc,task     ] GC(165) Using 1 Workers for Young Generation
[2026-01-06T22:07:39.830+0800][47.473s][info][gc,task     ] GC(165) Using 1 Workers for Old Generation
[2026-01-06T22:07:39.830+0800][47.473s][info][gc,phases   ] GC(165) Y: Young Generation
[2026-01-06T22:07:39.830+0800][47.474s][info][gc,phases   ] GC(165) Y: Pause Mark Start (Major) 0.005ms
[2026-01-06T22:07:39.830+0800][47.474s][info][gc,phases   ] GC(165) Y: Concurrent Mark 0.210ms
[2026-01-06T22:07:39.830+0800][47.474s][info][gc,phases   ] GC(165) Y: Pause Mark End 0.003ms
[2026-01-06T22:07:39.830+0800][47.474s][info][gc,phases   ] GC(165) Y: Concurrent Mark Free 0.000ms
[2026-01-06T22:07:39.830+0800][47.474s][info][gc,phases   ] GC(165) Y: Concurrent Reset Relocation Set 0.000ms
[2026-01-06T22:07:39.830+0800][47.474s][info][gc,reloc    ] GC(165) Y: Using tenuring threshold: 1 (Computed)
[2026-01-06T22:07:39.830+0800][47.474s][info][gc,phases   ] GC(165) Y: Concurrent Select Relocation Set 0.175ms
[2026-01-06T22:07:39.830+0800][47.474s][info][gc,phases   ] GC(165) Y: Pause Relocate Start 0.001ms
[2026-01-06T22:07:39.830+0800][47.474s][info][gc,phases   ] GC(165) Y: Concurrent Relocate 0.014ms
[2026-01-06T22:07:39.830+0800][47.474s][info][gc,alloc    ] GC(165) Y:                         Mark Start        Mark End      Relocate Start    Relocate End   
[2026-01-06T22:07:39.830+0800][47.474s][info][gc,alloc    ] GC(165) Y: Allocation Stalls:          0                0                0                0         
[2026-01-06T22:07:39.830+0800][47.474s][info][gc,load     ] GC(165) Y: Load: 2.12 (21%) / 1.83 (18%) / 2.02 (20%)
[2026-01-06T22:07:39.830+0800][47.474s][info][gc,mmu      ] GC(165) Y: MMU: 2ms/97.4%, 5ms/98.6%, 10ms/99.3%, 20ms/99.5%, 50ms/99.8%, 100ms/99.9%
[2026-01-06T22:07:39.830+0800][47.474s][info][gc,marking  ] GC(165) Y: Mark: 1 stripe(s), 2 proactive flush(es), 1 terminate flush(es), 0 completion(s), 0 continuation(s) 
[2026-01-06T22:07:39.830+0800][47.474s][info][gc,nmethod  ] GC(165) Y: NMethods: 129 registered, 39 unregistered
[2026-01-06T22:07:39.830+0800][47.474s][info][gc,metaspace] GC(165) Y: Metaspace: 0M used, 0M committed, 1088M reserved
[2026-01-06T22:07:39.830+0800][47.474s][info][gc,reloc    ] GC(165) Y:                        Candidates     Selected     In-Place         Size        Empty    Relocated 
[2026-01-06T22:07:39.830+0800][47.474s][info][gc,reloc    ] GC(165) Y: Small Pages:                  811            0            0        1622M        1620M           0M 
[2026-01-06T22:07:39.830+0800][47.474s][info][gc,reloc    ] GC(165) Y: Medium Pages:                   0            0            0           0M           0M           0M 
[2026-01-06T22:07:39.830+0800][47.474s][info][gc,reloc    ] GC(165) Y: Large Pages:                    0            0            0           0M           0M           0M 
[2026-01-06T22:07:39.830+0800][47.474s][info][gc,reloc    ] GC(165) Y: Forwarding Usage: 0M
[2026-01-06T22:07:39.830+0800][47.474s][info][gc,reloc    ] GC(165) Y: Age Table:
[2026-01-06T22:07:39.830+0800][47.474s][info][gc,reloc    ] GC(165) Y:                    Live             Garbage             Small              Medium             Large        
[2026-01-06T22:07:39.830+0800][47.474s][info][gc,reloc    ] GC(165) Y: Eden               0M (0%)         1619M (40%)        810 / 0              0 / 0              0 / 0        
[2026-01-06T22:07:39.830+0800][47.474s][info][gc,reloc    ] GC(165) Y: Survivor 1          -                 2M (0%)           1 / 0              0 / 0              0 / 0        
[2026-01-06T22:07:39.830+0800][47.474s][info][gc,heap     ] GC(165) Y: Min Capacity: 8M(0%)
[2026-01-06T22:07:39.830+0800][47.474s][info][gc,heap     ] GC(165) Y: Max Capacity: 4096M(100%)
[2026-01-06T22:07:39.830+0800][47.474s][info][gc,heap     ] GC(165) Y: Soft Max Capacity: 3686M(90%)
[2026-01-06T22:07:39.830+0800][47.474s][info][gc,heap     ] GC(165) Y: Heap Statistics:
[2026-01-06T22:07:39.830+0800][47.474s][info][gc,heap     ] GC(165) Y:                Mark Start          Mark End        Relocate Start      Relocate End           High               Low         
[2026-01-06T22:07:39.830+0800][47.474s][info][gc,heap     ] GC(165) Y:  Capacity:     3498M (85%)        3498M (85%)        3498M (85%)        3498M (85%)        3498M (85%)        3498M (85%)    
[2026-01-06T22:07:39.830+0800][47.474s][info][gc,heap     ] GC(165) Y:      Free:     2472M (60%)        2470M (60%)        4088M (100%)       4088M (100%)       4088M (100%)       2470M (60%)    
[2026-01-06T22:07:39.830+0800][47.474s][info][gc,heap     ] GC(165) Y:      Used:     1624M (40%)        1626M (40%)           8M (0%)            8M (0%)         1626M (40%)           8M (0%)     
[2026-01-06T22:07:39.830+0800][47.474s][info][gc,heap     ] GC(165) Y: Young Generation Statistics:
[2026-01-06T22:07:39.830+0800][47.474s][info][gc,heap     ] GC(165) Y:                Mark Start          Mark End        Relocate Start      Relocate End    
[2026-01-06T22:07:39.830+0800][47.474s][info][gc,heap     ] GC(165) Y:      Used:     1622M (40%)        1624M (40%)           6M (0%)            6M (0%)     
[2026-01-06T22:07:39.830+0800][47.474s][info][gc,heap     ] GC(165) Y:      Live:         -                 0M (0%)            0M (0%)            0M (0%)     
[2026-01-06T22:07:39.830+0800][47.474s][info][gc,heap     ] GC(165) Y:   Garbage:         -              1621M (40%)           1M (0%)            1M (0%)     
[2026-01-06T22:07:39.830+0800][47.474s][info][gc,heap     ] GC(165) Y: Allocated:         -                 2M (0%)            4M (0%)            4M (0%)     
[2026-01-06T22:07:39.830+0800][47.474s][info][gc,heap     ] GC(165) Y: Reclaimed:         -                  -              1620M (40%)        1620M (40%)    
[2026-01-06T22:07:39.830+0800][47.474s][info][gc,heap     ] GC(165) Y:  Promoted:         -                  -                 0M (0%)            0M (0%)     
[2026-01-06T22:07:39.830+0800][47.474s][info][gc,heap     ] GC(165) Y: Compacted:         -                  -                  -                 0M (0%)     
[2026-01-06T22:07:39.830+0800][47.474s][info][gc,phases   ] GC(165) Y: Young Generation 1624M(40%)->8M(0%) 0.001s
[2026-01-06T22:07:39.830+0800][47.474s][info][gc,phases   ] GC(165) O: Old Generation
[2026-01-06T22:07:39.831+0800][47.475s][info][gc,phases   ] GC(165) O: Concurrent Mark 0.739ms
[2026-01-06T22:07:39.831+0800][47.475s][info][gc,phases   ] GC(165) O: Pause Mark End 0.003ms
[2026-01-06T22:07:39.831+0800][47.475s][info][gc,phases   ] GC(165) O: Concurrent Mark Free 0.001ms
[2026-01-06T22:07:39.831+0800][47.475s][info][gc,phases   ] GC(165) O: Concurrent Process Non-Strong 0.332ms
[2026-01-06T22:07:39.831+0800][47.475s][info][gc,phases   ] GC(165) O: Concurrent Reset Relocation Set 0.000ms
[2026-01-06T22:07:39.831+0800][47.475s][info][gc,phases   ] GC(165) O: Concurrent Select Relocation Set 0.021ms
[2026-01-06T22:07:39.831+0800][47.475s][info][gc,task     ] GC(165) O: Using 2 Workers for Old Generation
[2026-01-06T22:07:39.831+0800][47.475s][info][gc,task     ] GC(165) O: Using 1 Workers for Old Generation
[2026-01-06T22:07:39.831+0800][47.475s][info][gc,phases   ] GC(165) O: Concurrent Remap Roots 0.086ms
[2026-01-06T22:07:39.831+0800][47.475s][info][gc,phases   ] GC(165) O: Pause Relocate Start 0.002ms
[2026-01-06T22:07:39.832+0800][47.475s][info][gc,phases   ] GC(165) O: Concurrent Relocate 0.006ms
[2026-01-06T22:07:39.832+0800][47.475s][info][gc,alloc    ] GC(165) O:                         Mark Start        Mark End      Relocate Start    Relocate End   
[2026-01-06T22:07:39.832+0800][47.475s][info][gc,alloc    ] GC(165) O: Allocation Stalls:          0                0                0                0         
[2026-01-06T22:07:39.832+0800][47.475s][info][gc,load     ] GC(165) O: Load: 2.12 (21%) / 1.83 (18%) / 2.02 (20%)
[2026-01-06T22:07:39.832+0800][47.475s][info][gc,mmu      ] GC(165) O: MMU: 2ms/97.4%, 5ms/98.6%, 10ms/99.3%, 20ms/99.5%, 50ms/99.8%, 100ms/99.9%
[2026-01-06T22:07:39.832+0800][47.475s][info][gc,marking  ] GC(165) O: Mark: 1 stripe(s), 2 proactive flush(es), 1 terminate flush(es), 0 completion(s), 0 continuation(s) 
[2026-01-06T22:07:39.832+0800][47.475s][info][gc,nmethod  ] GC(165) O: NMethods: 129 registered, 39 unregistered
[2026-01-06T22:07:39.832+0800][47.475s][info][gc,metaspace] GC(165) O: Metaspace: 0M used, 0M committed, 1088M reserved
[2026-01-06T22:07:39.832+0800][47.475s][info][gc,ref      ] GC(165) O:                       Encountered   Discovered     Enqueued 
[2026-01-06T22:07:39.832+0800][47.475s][info][gc,ref      ] GC(165) O: Soft References:                1            0            0 
[2026-01-06T22:07:39.832+0800][47.475s][info][gc,ref      ] GC(165) O: Weak References:                6            0            0 
[2026-01-06T22:07:39.832+0800][47.475s][info][gc,ref      ] GC(165) O: Final References:               0            0            0 
[2026-01-06T22:07:39.832+0800][47.475s][info][gc,ref      ] GC(165) O: Phantom References:             1            1            0 
[2026-01-06T22:07:39.832+0800][47.475s][info][gc,reloc    ] GC(165) O:                        Candidates     Selected     In-Place         Size        Empty    Relocated 
[2026-01-06T22:07:39.832+0800][47.475s][info][gc,reloc    ] GC(165) O: Small Pages:                    1            0            0           2M           0M           0M 
[2026-01-06T22:07:39.832+0800][47.475s][info][gc,reloc    ] GC(165) O: Medium Pages:                   0            0            0           0M           0M           0M 
[2026-01-06T22:07:39.832+0800][47.475s][info][gc,reloc    ] GC(165) O: Large Pages:                    0            0            0           0M           0M           0M 
[2026-01-06T22:07:39.832+0800][47.475s][info][gc,reloc    ] GC(165) O: Forwarding Usage: 0M
[2026-01-06T22:07:39.832+0800][47.475s][info][gc,heap     ] GC(165) O: Min Capacity: 8M(0%)
[2026-01-06T22:07:39.832+0800][47.476s][info][gc,heap     ] GC(165) O: Max Capacity: 4096M(100%)
[2026-01-06T22:07:39.832+0800][47.476s][info][gc,heap     ] GC(165) O: Soft Max Capacity: 3686M(90%)
[2026-01-06T22:07:39.832+0800][47.476s][info][gc,heap     ] GC(165) O: Heap Statistics:
[2026-01-06T22:07:39.832+0800][47.476s][info][gc,heap     ] GC(165) O:                Mark Start          Mark End        Relocate Start      Relocate End           High               Low         
[2026-01-06T22:07:39.832+0800][47.476s][info][gc,heap     ] GC(165) O:  Capacity:     3498M (85%)        3498M (85%)        3498M (85%)        3498M (85%)        3498M (85%)        3498M (85%)    
[2026-01-06T22:07:39.832+0800][47.476s][info][gc,heap     ] GC(165) O:      Free:     2472M (60%)        4072M (99%)        4064M (99%)        4064M (99%)        4088M (100%)       2470M (60%)    
[2026-01-06T22:07:39.832+0800][47.476s][info][gc,heap     ] GC(165) O:      Used:     1624M (40%)          24M (1%)           32M (1%)           32M (1%)         1626M (40%)           8M (0%)     
[2026-01-06T22:07:39.832+0800][47.476s][info][gc,heap     ] GC(165) O: Old Generation Statistics:
[2026-01-06T22:07:39.832+0800][47.476s][info][gc,heap     ] GC(165) O:                Mark Start          Mark End        Relocate Start      Relocate End    
[2026-01-06T22:07:39.832+0800][47.476s][info][gc,heap     ] GC(165) O:      Used:        2M (0%)            2M (0%)            2M (0%)            2M (0%)     
[2026-01-06T22:07:39.832+0800][47.476s][info][gc,heap     ] GC(165) O:      Live:         -                 0M (0%)            0M (0%)            0M (0%)     
[2026-01-06T22:07:39.832+0800][47.476s][info][gc,heap     ] GC(165) O:   Garbage:         -                 1M (0%)            1M (0%)            1M (0%)     
[2026-01-06T22:07:39.832+0800][47.476s][info][gc,heap     ] GC(165) O: Allocated:         -                 0M (0%)            0M (0%)            0M (0%)     
[2026-01-06T22:07:39.832+0800][47.476s][info][gc,heap     ] GC(165) O: Reclaimed:         -                  -                 0M (0%)            0M (0%)     
[2026-01-06T22:07:39.832+0800][47.476s][info][gc,heap     ] GC(165) O: Compacted:         -                  -                  -                 0M (0%)     
[2026-01-06T22:07:39.832+0800][47.476s][info][gc,phases   ] GC(165) O: Old Generation 10M(0%)->32M(1%) 0.001s
[2026-01-06T22:07:39.832+0800][47.476s][info][gc          ] GC(165) Major Collection (Proactive) 1624M(40%)->34M(1%) 0.002s
[2026-01-06T22:07:40.003+0800][47.647s][info][gc          ] GC(166) Major Collection (Proactive)
[2026-01-06T22:07:40.003+0800][47.647s][info][gc,task     ] GC(166) Using 1 Workers for Young Generation
[2026-01-06T22:07:40.003+0800][47.647s][info][gc,task     ] GC(166) Using 1 Workers for Old Generation
[2026-01-06T22:07:40.003+0800][47.647s][info][gc,phases   ] GC(166) Y: Young Generation
[2026-01-06T22:07:40.003+0800][47.647s][info][gc,phases   ] GC(166) Y: Pause Mark Start (Major) 0.004ms
[2026-01-06T22:07:40.004+0800][47.647s][info][gc,phases   ] GC(166) Y: Concurrent Mark 0.216ms
[2026-01-06T22:07:40.004+0800][47.647s][info][gc,phases   ] GC(166) Y: Pause Mark End 0.003ms
[2026-01-06T22:07:40.004+0800][47.647s][info][gc,phases   ] GC(166) Y: Concurrent Mark Free 0.000ms
[2026-01-06T22:07:40.004+0800][47.647s][info][gc,phases   ] GC(166) Y: Concurrent Reset Relocation Set 0.000ms
[2026-01-06T22:07:40.004+0800][47.648s][info][gc,reloc    ] GC(166) Y: Using tenuring threshold: 1 (Computed)
[2026-01-06T22:07:40.004+0800][47.648s][info][gc,phases   ] GC(166) Y: Concurrent Select Relocation Set 0.192ms
[2026-01-06T22:07:40.004+0800][47.648s][info][gc,phases   ] GC(166) Y: Pause Relocate Start 0.001ms
[2026-01-06T22:07:40.004+0800][47.648s][info][gc,phases   ] GC(166) Y: Concurrent Relocate 0.011ms
[2026-01-06T22:07:40.004+0800][47.648s][info][gc,alloc    ] GC(166) Y:                         Mark Start        Mark End      Relocate Start    Relocate End   
[2026-01-06T22:07:40.004+0800][47.648s][info][gc,alloc    ] GC(166) Y: Allocation Stalls:          0                0                0                0         
[2026-01-06T22:07:40.004+0800][47.648s][info][gc,load     ] GC(166) Y: Load: 2.12 (21%) / 1.83 (18%) / 2.02 (20%)
[2026-01-06T22:07:40.004+0800][47.648s][info][gc,mmu      ] GC(166) Y: MMU: 2ms/97.4%, 5ms/98.6%, 10ms/99.3%, 20ms/99.5%, 50ms/99.8%, 100ms/99.9%
[2026-01-06T22:07:40.004+0800][47.648s][info][gc,marking  ] GC(166) Y: Mark: 1 stripe(s), 2 proactive flush(es), 1 terminate flush(es), 0 completion(s), 0 continuation(s) 
[2026-01-06T22:07:40.004+0800][47.648s][info][gc,nmethod  ] GC(166) Y: NMethods: 129 registered, 39 unregistered
[2026-01-06T22:07:40.004+0800][47.648s][info][gc,metaspace] GC(166) Y: Metaspace: 0M used, 0M committed, 1088M reserved
[2026-01-06T22:07:40.004+0800][47.648s][info][gc,reloc    ] GC(166) Y:                        Candidates     Selected     In-Place         Size        Empty    Relocated 
[2026-01-06T22:07:40.004+0800][47.648s][info][gc,reloc    ] GC(166) Y: Small Pages:                  914            0            0        1828M        1826M           0M 
[2026-01-06T22:07:40.004+0800][47.648s][info][gc,reloc    ] GC(166) Y: Medium Pages:                   0            0            0           0M           0M           0M 
[2026-01-06T22:07:40.004+0800][47.648s][info][gc,reloc    ] GC(166) Y: Large Pages:                    0            0            0           0M           0M           0M 
[2026-01-06T22:07:40.004+0800][47.648s][info][gc,reloc    ] GC(166) Y: Forwarding Usage: 0M
[2026-01-06T22:07:40.004+0800][47.648s][info][gc,reloc    ] GC(166) Y: Age Table:
[2026-01-06T22:07:40.004+0800][47.648s][info][gc,reloc    ] GC(166) Y:                    Live             Garbage             Small              Medium             Large        
[2026-01-06T22:07:40.004+0800][47.648s][info][gc,reloc    ] GC(166) Y: Eden               0M (0%)         1825M (45%)        913 / 0              0 / 0              0 / 0        
[2026-01-06T22:07:40.004+0800][47.648s][info][gc,reloc    ] GC(166) Y: Survivor 1          -                 2M (0%)           1 / 0              0 / 0              0 / 0        
[2026-01-06T22:07:40.004+0800][47.648s][info][gc,heap     ] GC(166) Y: Min Capacity: 8M(0%)
[2026-01-06T22:07:40.004+0800][47.648s][info][gc,heap     ] GC(166) Y: Max Capacity: 4096M(100%)
[2026-01-06T22:07:40.004+0800][47.648s][info][gc,heap     ] GC(166) Y: Soft Max Capacity: 3686M(90%)
[2026-01-06T22:07:40.004+0800][47.648s][info][gc,heap     ] GC(166) Y: Heap Statistics:
[2026-01-06T22:07:40.004+0800][47.648s][info][gc,heap     ] GC(166) Y:                Mark Start          Mark End        Relocate Start      Relocate End           High               Low         
[2026-01-06T22:07:40.004+0800][47.648s][info][gc,heap     ] GC(166) Y:  Capacity:     3498M (85%)        3498M (85%)        3498M (85%)        3498M (85%)        3498M (85%)        3498M (85%)    
[2026-01-06T22:07:40.004+0800][47.648s][info][gc,heap     ] GC(166) Y:      Free:     2266M (55%)        2264M (55%)        4088M (100%)       4088M (100%)       4088M (100%)       2264M (55%)    
[2026-01-06T22:07:40.004+0800][47.648s][info][gc,heap     ] GC(166) Y:      Used:     1830M (45%)        1832M (45%)           8M (0%)            8M (0%)         1832M (45%)           8M (0%)     
[2026-01-06T22:07:40.004+0800][47.648s][info][gc,heap     ] GC(166) Y: Young Generation Statistics:
[2026-01-06T22:07:40.004+0800][47.648s][info][gc,heap     ] GC(166) Y:                Mark Start          Mark End        Relocate Start      Relocate End    
[2026-01-06T22:07:40.004+0800][47.648s][info][gc,heap     ] GC(166) Y:      Used:     1828M (45%)        1830M (45%)           6M (0%)            6M (0%)     
[2026-01-06T22:07:40.004+0800][47.648s][info][gc,heap     ] GC(166) Y:      Live:         -                 0M (0%)            0M (0%)            0M (0%)     
[2026-01-06T22:07:40.004+0800][47.648s][info][gc,heap     ] GC(166) Y:   Garbage:         -              1827M (45%)           1M (0%)            1M (0%)     
[2026-01-06T22:07:40.004+0800][47.648s][info][gc,heap     ] GC(166) Y: Allocated:         -                 2M (0%)            4M (0%)            4M (0%)     
[2026-01-06T22:07:40.004+0800][47.648s][info][gc,heap     ] GC(166) Y: Reclaimed:         -                  -              1826M (45%)        1826M (45%)    
[2026-01-06T22:07:40.004+0800][47.648s][info][gc,heap     ] GC(166) Y:  Promoted:         -                  -                 0M (0%)            0M (0%)     
[2026-01-06T22:07:40.004+0800][47.648s][info][gc,heap     ] GC(166) Y: Compacted:         -                  -                  -                 0M (0%)     
[2026-01-06T22:07:40.004+0800][47.648s][info][gc,phases   ] GC(166) Y: Young Generation 1830M(45%)->8M(0%) 0.001s
[2026-01-06T22:07:40.004+0800][47.648s][info][gc,phases   ] GC(166) O: Old Generation
[2026-01-06T22:07:40.005+0800][47.648s][info][gc,phases   ] GC(166) O: Concurrent Mark 0.607ms
[2026-01-06T22:07:40.005+0800][47.649s][info][gc,phases   ] GC(166) O: Pause Mark End 0.002ms
[2026-01-06T22:07:40.005+0800][47.649s][info][gc,phases   ] GC(166) O: Concurrent Mark Free 0.000ms
[2026-01-06T22:07:40.005+0800][47.649s][info][gc,phases   ] GC(166) O: Concurrent Process Non-Strong 0.274ms
[2026-01-06T22:07:40.005+0800][47.649s][info][gc,phases   ] GC(166) O: Concurrent Reset Relocation Set 0.000ms
[2026-01-06T22:07:40.005+0800][47.649s][info][gc,phases   ] GC(166) O: Concurrent Select Relocation Set 0.015ms
[2026-01-06T22:07:40.005+0800][47.649s][info][gc,task     ] GC(166) O: Using 2 Workers for Old Generation
[2026-01-06T22:07:40.005+0800][47.649s][info][gc,task     ] GC(166) O: Using 1 Workers for Old Generation
[2026-01-06T22:07:40.005+0800][47.649s][info][gc,phases   ] GC(166) O: Concurrent Remap Roots 0.083ms
[2026-01-06T22:07:40.005+0800][47.649s][info][gc,phases   ] GC(166) O: Pause Relocate Start 0.008ms
[2026-01-06T22:07:40.005+0800][47.649s][info][gc,phases   ] GC(166) O: Concurrent Relocate 0.006ms
[2026-01-06T22:07:40.005+0800][47.649s][info][gc,alloc    ] GC(166) O:                         Mark Start        Mark End      Relocate Start    Relocate End   
[2026-01-06T22:07:40.005+0800][47.649s][info][gc,alloc    ] GC(166) O: Allocation Stalls:          0                0                0                0         
[2026-01-06T22:07:40.005+0800][47.649s][info][gc,load     ] GC(166) O: Load: 2.12 (21%) / 1.83 (18%) / 2.02 (20%)
[2026-01-06T22:07:40.005+0800][47.649s][info][gc,mmu      ] GC(166) O: MMU: 2ms/97.4%, 5ms/98.6%, 10ms/99.3%, 20ms/99.5%, 50ms/99.8%, 100ms/99.9%
[2026-01-06T22:07:40.005+0800][47.649s][info][gc,marking  ] GC(166) O: Mark: 1 stripe(s), 2 proactive flush(es), 1 terminate flush(es), 0 completion(s), 0 continuation(s) 
[2026-01-06T22:07:40.005+0800][47.649s][info][gc,nmethod  ] GC(166) O: NMethods: 129 registered, 39 unregistered
[2026-01-06T22:07:40.005+0800][47.649s][info][gc,metaspace] GC(166) O: Metaspace: 0M used, 0M committed, 1088M reserved
[2026-01-06T22:07:40.005+0800][47.649s][info][gc,ref      ] GC(166) O:                       Encountered   Discovered     Enqueued 
[2026-01-06T22:07:40.005+0800][47.649s][info][gc,ref      ] GC(166) O: Soft References:                1            0            0 
[2026-01-06T22:07:40.005+0800][47.649s][info][gc,ref      ] GC(166) O: Weak References:                6            0            0 
[2026-01-06T22:07:40.005+0800][47.649s][info][gc,ref      ] GC(166) O: Final References:               0            0            0 
[2026-01-06T22:07:40.005+0800][47.649s][info][gc,ref      ] GC(166) O: Phantom References:             1            1            0 
[2026-01-06T22:07:40.005+0800][47.649s][info][gc,reloc    ] GC(166) O:                        Candidates     Selected     In-Place         Size        Empty    Relocated 
[2026-01-06T22:07:40.005+0800][47.649s][info][gc,reloc    ] GC(166) O: Small Pages:                    1            0            0           2M           0M           0M 
[2026-01-06T22:07:40.005+0800][47.649s][info][gc,reloc    ] GC(166) O: Medium Pages:                   0            0            0           0M           0M           0M 
[2026-01-06T22:07:40.005+0800][47.649s][info][gc,reloc    ] GC(166) O: Large Pages:                    0            0            0           0M           0M           0M 
[2026-01-06T22:07:40.005+0800][47.649s][info][gc,reloc    ] GC(166) O: Forwarding Usage: 0M
[2026-01-06T22:07:40.005+0800][47.649s][info][gc,heap     ] GC(166) O: Min Capacity: 8M(0%)
[2026-01-06T22:07:40.005+0800][47.649s][info][gc,heap     ] GC(166) O: Max Capacity: 4096M(100%)
[2026-01-06T22:07:40.005+0800][47.649s][info][gc,heap     ] GC(166) O: Soft Max Capacity: 3686M(90%)
[2026-01-06T22:07:40.005+0800][47.649s][info][gc,heap     ] GC(166) O: Heap Statistics:
[2026-01-06T22:07:40.005+0800][47.649s][info][gc,heap     ] GC(166) O:                Mark Start          Mark End        Relocate Start      Relocate End           High               Low         
[2026-01-06T22:07:40.005+0800][47.649s][info][gc,heap     ] GC(166) O:  Capacity:     3498M (85%)        3498M (85%)        3498M (85%)        3498M (85%)        3498M (85%)        3498M (85%)    
[2026-01-06T22:07:40.005+0800][47.649s][info][gc,heap     ] GC(166) O:      Free:     2266M (55%)        4074M (99%)        4068M (99%)        4068M (99%)        4088M (100%)       2264M (55%)    
[2026-01-06T22:07:40.005+0800][47.649s][info][gc,heap     ] GC(166) O:      Used:     1830M (45%)          22M (1%)           28M (1%)           28M (1%)         1832M (45%)           8M (0%)     
[2026-01-06T22:07:40.005+0800][47.649s][info][gc,heap     ] GC(166) O: Old Generation Statistics:
[2026-01-06T22:07:40.005+0800][47.649s][info][gc,heap     ] GC(166) O:                Mark Start          Mark End        Relocate Start      Relocate End    
[2026-01-06T22:07:40.005+0800][47.649s][info][gc,heap     ] GC(166) O:      Used:        2M (0%)            2M (0%)            2M (0%)            2M (0%)     
[2026-01-06T22:07:40.005+0800][47.649s][info][gc,heap     ] GC(166) O:      Live:         -                 0M (0%)            0M (0%)            0M (0%)     
[2026-01-06T22:07:40.005+0800][47.649s][info][gc,heap     ] GC(166) O:   Garbage:         -                 1M (0%)            1M (0%)            1M (0%)     
[2026-01-06T22:07:40.005+0800][47.649s][info][gc,heap     ] GC(166) O: Allocated:         -                 0M (0%)            0M (0%)            0M (0%)     
[2026-01-06T22:07:40.005+0800][47.649s][info][gc,heap     ] GC(166) O: Reclaimed:         -                  -                 0M (0%)            0M (0%)     
[2026-01-06T22:07:40.005+0800][47.649s][info][gc,heap     ] GC(166) O: Compacted:         -                  -                  -                 0M (0%)     
[2026-01-06T22:07:40.005+0800][47.649s][info][gc,phases   ] GC(166) O: Old Generation 10M(0%)->28M(1%) 0.001s
[2026-01-06T22:07:40.005+0800][47.649s][info][gc          ] GC(166) Major Collection (Proactive) 1830M(45%)->30M(1%) 0.002s
[2026-01-06T22:07:40.141+0800][47.785s][info][gc          ] GC(167) Major Collection (Proactive)
[2026-01-06T22:07:40.141+0800][47.785s][info][gc,task     ] GC(167) Using 1 Workers for Young Generation
[2026-01-06T22:07:40.141+0800][47.785s][info][gc,task     ] GC(167) Using 1 Workers for Old Generation
[2026-01-06T22:07:40.141+0800][47.785s][info][gc,phases   ] GC(167) Y: Young Generation
[2026-01-06T22:07:40.142+0800][47.785s][info][gc,phases   ] GC(167) Y: Pause Mark Start (Major) 0.003ms
[2026-01-06T22:07:40.142+0800][47.786s][info][gc,phases   ] GC(167) Y: Concurrent Mark 0.209ms
[2026-01-06T22:07:40.142+0800][47.786s][info][gc,phases   ] GC(167) Y: Pause Mark End 0.003ms
[2026-01-06T22:07:40.142+0800][47.786s][info][gc,phases   ] GC(167) Y: Concurrent Mark Free 0.000ms
[2026-01-06T22:07:40.142+0800][47.786s][info][gc,phases   ] GC(167) Y: Concurrent Reset Relocation Set 0.000ms
[2026-01-06T22:07:40.142+0800][47.786s][info][gc,reloc    ] GC(167) Y: Using tenuring threshold: 1 (Computed)
[2026-01-06T22:07:40.142+0800][47.786s][info][gc,phases   ] GC(167) Y: Concurrent Select Relocation Set 0.200ms
[2026-01-06T22:07:40.142+0800][47.786s][info][gc,phases   ] GC(167) Y: Pause Relocate Start 0.001ms
[2026-01-06T22:07:40.142+0800][47.786s][info][gc,phases   ] GC(167) Y: Concurrent Relocate 0.010ms
[2026-01-06T22:07:40.142+0800][47.786s][info][gc,alloc    ] GC(167) Y:                         Mark Start        Mark End      Relocate Start    Relocate End   
[2026-01-06T22:07:40.142+0800][47.786s][info][gc,alloc    ] GC(167) Y: Allocation Stalls:          0                0                0                0         
[2026-01-06T22:07:40.142+0800][47.786s][info][gc,load     ] GC(167) Y: Load: 2.12 (21%) / 1.83 (18%) / 2.02 (20%)
[2026-01-06T22:07:40.142+0800][47.786s][info][gc,mmu      ] GC(167) Y: MMU: 2ms/97.4%, 5ms/98.6%, 10ms/99.3%, 20ms/99.5%, 50ms/99.8%, 100ms/99.9%
[2026-01-06T22:07:40.142+0800][47.786s][info][gc,marking  ] GC(167) Y: Mark: 1 stripe(s), 2 proactive flush(es), 1 terminate flush(es), 0 completion(s), 0 continuation(s) 
[2026-01-06T22:07:40.142+0800][47.786s][info][gc,nmethod  ] GC(167) Y: NMethods: 129 registered, 39 unregistered
[2026-01-06T22:07:40.142+0800][47.786s][info][gc,metaspace] GC(167) Y: Metaspace: 0M used, 0M committed, 1088M reserved
[2026-01-06T22:07:40.142+0800][47.786s][info][gc,reloc    ] GC(167) Y:                        Candidates     Selected     In-Place         Size        Empty    Relocated 
[2026-01-06T22:07:40.142+0800][47.786s][info][gc,reloc    ] GC(167) Y: Small Pages:                  963            0            0        1926M        1924M           0M 
[2026-01-06T22:07:40.142+0800][47.786s][info][gc,reloc    ] GC(167) Y: Medium Pages:                   0            0            0           0M           0M           0M 
[2026-01-06T22:07:40.142+0800][47.786s][info][gc,reloc    ] GC(167) Y: Large Pages:                    0            0            0           0M           0M           0M 
[2026-01-06T22:07:40.142+0800][47.786s][info][gc,reloc    ] GC(167) Y: Forwarding Usage: 0M
[2026-01-06T22:07:40.142+0800][47.786s][info][gc,reloc    ] GC(167) Y: Age Table:
[2026-01-06T22:07:40.142+0800][47.786s][info][gc,reloc    ] GC(167) Y:                    Live             Garbage             Small              Medium             Large        
[2026-01-06T22:07:40.142+0800][47.786s][info][gc,reloc    ] GC(167) Y: Eden               0M (0%)         1923M (47%)        962 / 0              0 / 0              0 / 0        
[2026-01-06T22:07:40.142+0800][47.786s][info][gc,reloc    ] GC(167) Y: Survivor 1          -                 2M (0%)           1 / 0              0 / 0              0 / 0        
[2026-01-06T22:07:40.142+0800][47.786s][info][gc,heap     ] GC(167) Y: Min Capacity: 8M(0%)
[2026-01-06T22:07:40.142+0800][47.786s][info][gc,heap     ] GC(167) Y: Max Capacity: 4096M(100%)
[2026-01-06T22:07:40.142+0800][47.786s][info][gc,heap     ] GC(167) Y: Soft Max Capacity: 3686M(90%)
[2026-01-06T22:07:40.142+0800][47.786s][info][gc,heap     ] GC(167) Y: Heap Statistics:
[2026-01-06T22:07:40.142+0800][47.786s][info][gc,heap     ] GC(167) Y:                Mark Start          Mark End        Relocate Start      Relocate End           High               Low         
[2026-01-06T22:07:40.142+0800][47.786s][info][gc,heap     ] GC(167) Y:  Capacity:     3498M (85%)        3498M (85%)        3498M (85%)        3498M (85%)        3498M (85%)        3498M (85%)    
[2026-01-06T22:07:40.142+0800][47.786s][info][gc,heap     ] GC(167) Y:      Free:     2168M (53%)        2166M (53%)        4090M (100%)       4090M (100%)       4090M (100%)       2166M (53%)    
[2026-01-06T22:07:40.142+0800][47.786s][info][gc,heap     ] GC(167) Y:      Used:     1928M (47%)        1930M (47%)           6M (0%)            6M (0%)         1930M (47%)           6M (0%)     
[2026-01-06T22:07:40.142+0800][47.786s][info][gc,heap     ] GC(167) Y: Young Generation Statistics:
[2026-01-06T22:07:40.142+0800][47.786s][info][gc,heap     ] GC(167) Y:                Mark Start          Mark End        Relocate Start      Relocate End    
[2026-01-06T22:07:40.142+0800][47.786s][info][gc,heap     ] GC(167) Y:      Used:     1926M (47%)        1928M (47%)           4M (0%)            4M (0%)     
[2026-01-06T22:07:40.142+0800][47.786s][info][gc,heap     ] GC(167) Y:      Live:         -                 0M (0%)            0M (0%)            0M (0%)     
[2026-01-06T22:07:40.142+0800][47.786s][info][gc,heap     ] GC(167) Y:   Garbage:         -              1925M (47%)           1M (0%)            1M (0%)     
[2026-01-06T22:07:40.142+0800][47.786s][info][gc,heap     ] GC(167) Y: Allocated:         -                 2M (0%)            2M (0%)            2M (0%)     
[2026-01-06T22:07:40.142+0800][47.786s][info][gc,heap     ] GC(167) Y: Reclaimed:         -                  -              1924M (47%)        1924M (47%)    
[2026-01-06T22:07:40.142+0800][47.786s][info][gc,heap     ] GC(167) Y:  Promoted:         -                  -                 0M (0%)            0M (0%)     
[2026-01-06T22:07:40.142+0800][47.786s][info][gc,heap     ] GC(167) Y: Compacted:         -                  -                  -                 0M (0%)     
[2026-01-06T22:07:40.142+0800][47.786s][info][gc,phases   ] GC(167) Y: Young Generation 1928M(47%)->6M(0%) 0.001s
[2026-01-06T22:07:40.142+0800][47.786s][info][gc,phases   ] GC(167) O: Old Generation
[2026-01-06T22:07:40.143+0800][47.787s][info][gc,phases   ] GC(167) O: Concurrent Mark 0.620ms
[2026-01-06T22:07:40.143+0800][47.787s][info][gc,phases   ] GC(167) O: Pause Mark End 0.003ms
[2026-01-06T22:07:40.143+0800][47.787s][info][gc,phases   ] GC(167) O: Concurrent Mark Free 0.000ms
[2026-01-06T22:07:40.143+0800][47.787s][info][gc,phases   ] GC(167) O: Concurrent Process Non-Strong 0.255ms
[2026-01-06T22:07:40.143+0800][47.787s][info][gc,phases   ] GC(167) O: Concurrent Reset Relocation Set 0.000ms
[2026-01-06T22:07:40.143+0800][47.787s][info][gc,phases   ] GC(167) O: Concurrent Select Relocation Set 0.016ms
[2026-01-06T22:07:40.143+0800][47.787s][info][gc,task     ] GC(167) O: Using 2 Workers for Old Generation
[2026-01-06T22:07:40.143+0800][47.787s][info][gc,task     ] GC(167) O: Using 1 Workers for Old Generation
[2026-01-06T22:07:40.143+0800][47.787s][info][gc,phases   ] GC(167) O: Concurrent Remap Roots 0.081ms
[2026-01-06T22:07:40.143+0800][47.787s][info][gc,phases   ] GC(167) O: Pause Relocate Start 0.001ms
[2026-01-06T22:07:40.143+0800][47.787s][info][gc,phases   ] GC(167) O: Concurrent Relocate 0.006ms
[2026-01-06T22:07:40.143+0800][47.787s][info][gc,alloc    ] GC(167) O:                         Mark Start        Mark End      Relocate Start    Relocate End   
[2026-01-06T22:07:40.143+0800][47.787s][info][gc,alloc    ] GC(167) O: Allocation Stalls:          0                0                0                0         
[2026-01-06T22:07:40.143+0800][47.787s][info][gc,load     ] GC(167) O: Load: 2.12 (21%) / 1.83 (18%) / 2.02 (20%)
[2026-01-06T22:07:40.143+0800][47.787s][info][gc,mmu      ] GC(167) O: MMU: 2ms/97.4%, 5ms/98.6%, 10ms/99.3%, 20ms/99.5%, 50ms/99.8%, 100ms/99.9%
[2026-01-06T22:07:40.143+0800][47.787s][info][gc,marking  ] GC(167) O: Mark: 1 stripe(s), 2 proactive flush(es), 1 terminate flush(es), 0 completion(s), 0 continuation(s) 
[2026-01-06T22:07:40.143+0800][47.787s][info][gc,nmethod  ] GC(167) O: NMethods: 129 registered, 39 unregistered
[2026-01-06T22:07:40.143+0800][47.787s][info][gc,metaspace] GC(167) O: Metaspace: 0M used, 0M committed, 1088M reserved
[2026-01-06T22:07:40.143+0800][47.787s][info][gc,ref      ] GC(167) O:                       Encountered   Discovered     Enqueued 
[2026-01-06T22:07:40.143+0800][47.787s][info][gc,ref      ] GC(167) O: Soft References:                1            0            0 
[2026-01-06T22:07:40.143+0800][47.787s][info][gc,ref      ] GC(167) O: Weak References:                6            0            0 
[2026-01-06T22:07:40.143+0800][47.787s][info][gc,ref      ] GC(167) O: Final References:               0            0            0 
[2026-01-06T22:07:40.143+0800][47.787s][info][gc,ref      ] GC(167) O: Phantom References:             1            1            0 
[2026-01-06T22:07:40.143+0800][47.787s][info][gc,reloc    ] GC(167) O:                        Candidates     Selected     In-Place         Size        Empty    Relocated 
[2026-01-06T22:07:40.143+0800][47.787s][info][gc,reloc    ] GC(167) O: Small Pages:                    1            0            0           2M           0M           0M 
[2026-01-06T22:07:40.143+0800][47.787s][info][gc,reloc    ] GC(167) O: Medium Pages:                   0            0            0           0M           0M           0M 
[2026-01-06T22:07:40.143+0800][47.787s][info][gc,reloc    ] GC(167) O: Large Pages:                    0            0            0           0M           0M           0M 
[2026-01-06T22:07:40.143+0800][47.787s][info][gc,reloc    ] GC(167) O: Forwarding Usage: 0M
[2026-01-06T22:07:40.143+0800][47.787s][info][gc,heap     ] GC(167) O: Min Capacity: 8M(0%)
[2026-01-06T22:07:40.143+0800][47.787s][info][gc,heap     ] GC(167) O: Max Capacity: 4096M(100%)
[2026-01-06T22:07:40.143+0800][47.787s][info][gc,heap     ] GC(167) O: Soft Max Capacity: 3686M(90%)
[2026-01-06T22:07:40.143+0800][47.787s][info][gc,heap     ] GC(167) O: Heap Statistics:
[2026-01-06T22:07:40.143+0800][47.787s][info][gc,heap     ] GC(167) O:                Mark Start          Mark End        Relocate Start      Relocate End           High               Low         
[2026-01-06T22:07:40.143+0800][47.787s][info][gc,heap     ] GC(167) O:  Capacity:     3498M (85%)        3498M (85%)        3498M (85%)        3498M (85%)        3498M (85%)        3498M (85%)    
[2026-01-06T22:07:40.143+0800][47.787s][info][gc,heap     ] GC(167) O:      Free:     2168M (53%)        4080M (100%)       4072M (99%)        4072M (99%)        4090M (100%)       2166M (53%)    
[2026-01-06T22:07:40.143+0800][47.787s][info][gc,heap     ] GC(167) O:      Used:     1928M (47%)          16M (0%)           24M (1%)           24M (1%)         1930M (47%)           6M (0%)     
[2026-01-06T22:07:40.143+0800][47.787s][info][gc,heap     ] GC(167) O: Old Generation Statistics:
[2026-01-06T22:07:40.143+0800][47.787s][info][gc,heap     ] GC(167) O:                Mark Start          Mark End        Relocate Start      Relocate End    
[2026-01-06T22:07:40.143+0800][47.787s][info][gc,heap     ] GC(167) O:      Used:        2M (0%)            2M (0%)            2M (0%)            2M (0%)     
[2026-01-06T22:07:40.143+0800][47.787s][info][gc,heap     ] GC(167) O:      Live:         -                 0M (0%)            0M (0%)            0M (0%)     
[2026-01-06T22:07:40.143+0800][47.787s][info][gc,heap     ] GC(167) O:   Garbage:         -                 1M (0%)            1M (0%)            1M (0%)     
[2026-01-06T22:07:40.143+0800][47.787s][info][gc,heap     ] GC(167) O: Allocated:         -                 0M (0%)            0M (0%)            0M (0%)     
[2026-01-06T22:07:40.143+0800][47.787s][info][gc,heap     ] GC(167) O: Reclaimed:         -                  -                 0M (0%)            0M (0%)     
[2026-01-06T22:07:40.143+0800][47.787s][info][gc,heap     ] GC(167) O: Compacted:         -                  -                  -                 0M (0%)     
[2026-01-06T22:07:40.143+0800][47.787s][info][gc,phases   ] GC(167) O: Old Generation 6M(0%)->24M(1%) 0.001s
[2026-01-06T22:07:40.143+0800][47.787s][info][gc          ] GC(167) Major Collection (Proactive) 1928M(47%)->24M(1%) 0.002s
[2026-01-06T22:07:40.263+0800][47.907s][info][gc          ] GC(168) Major Collection (Proactive)
[2026-01-06T22:07:40.263+0800][47.907s][info][gc,task     ] GC(168) Using 1 Workers for Young Generation
[2026-01-06T22:07:40.263+0800][47.907s][info][gc,task     ] GC(168) Using 1 Workers for Old Generation
[2026-01-06T22:07:40.263+0800][47.907s][info][gc,phases   ] GC(168) Y: Young Generation
[2026-01-06T22:07:40.263+0800][47.907s][info][gc,phases   ] GC(168) Y: Pause Mark Start (Major) 0.006ms
[2026-01-06T22:07:40.264+0800][47.907s][info][gc,phases   ] GC(168) Y: Concurrent Mark 0.230ms
[2026-01-06T22:07:40.264+0800][47.908s][info][gc,phases   ] GC(168) Y: Pause Mark End 0.002ms
[2026-01-06T22:07:40.264+0800][47.908s][info][gc,phases   ] GC(168) Y: Concurrent Mark Free 0.000ms
[2026-01-06T22:07:40.264+0800][47.908s][info][gc,phases   ] GC(168) Y: Concurrent Reset Relocation Set 0.000ms
[2026-01-06T22:07:40.264+0800][47.908s][info][gc,reloc    ] GC(168) Y: Using tenuring threshold: 1 (Computed)
[2026-01-06T22:07:40.264+0800][47.908s][info][gc,phases   ] GC(168) Y: Concurrent Select Relocation Set 0.215ms
[2026-01-06T22:07:40.264+0800][47.908s][info][gc,phases   ] GC(168) Y: Pause Relocate Start 0.001ms
[2026-01-06T22:07:40.264+0800][47.908s][info][gc,phases   ] GC(168) Y: Concurrent Relocate 0.013ms
[2026-01-06T22:07:40.264+0800][47.908s][info][gc,alloc    ] GC(168) Y:                         Mark Start        Mark End      Relocate Start    Relocate End   
[2026-01-06T22:07:40.264+0800][47.908s][info][gc,alloc    ] GC(168) Y: Allocation Stalls:          0                0                0                0         
[2026-01-06T22:07:40.264+0800][47.908s][info][gc,load     ] GC(168) Y: Load: 2.12 (21%) / 1.83 (18%) / 2.02 (20%)
[2026-01-06T22:07:40.264+0800][47.908s][info][gc,mmu      ] GC(168) Y: MMU: 2ms/97.4%, 5ms/98.6%, 10ms/99.3%, 20ms/99.5%, 50ms/99.8%, 100ms/99.9%
[2026-01-06T22:07:40.264+0800][47.908s][info][gc,marking  ] GC(168) Y: Mark: 1 stripe(s), 2 proactive flush(es), 1 terminate flush(es), 0 completion(s), 0 continuation(s) 
[2026-01-06T22:07:40.264+0800][47.908s][info][gc,nmethod  ] GC(168) Y: NMethods: 129 registered, 39 unregistered
[2026-01-06T22:07:40.264+0800][47.908s][info][gc,metaspace] GC(168) Y: Metaspace: 0M used, 0M committed, 1088M reserved
[2026-01-06T22:07:40.264+0800][47.908s][info][gc,reloc    ] GC(168) Y:                        Candidates     Selected     In-Place         Size        Empty    Relocated 
[2026-01-06T22:07:40.264+0800][47.908s][info][gc,reloc    ] GC(168) Y: Small Pages:                  986            0            0        1972M        1970M           0M 
[2026-01-06T22:07:40.264+0800][47.908s][info][gc,reloc    ] GC(168) Y: Medium Pages:                   0            0            0           0M           0M           0M 
[2026-01-06T22:07:40.264+0800][47.908s][info][gc,reloc    ] GC(168) Y: Large Pages:                    0            0            0           0M           0M           0M 
[2026-01-06T22:07:40.264+0800][47.908s][info][gc,reloc    ] GC(168) Y: Forwarding Usage: 0M
[2026-01-06T22:07:40.264+0800][47.908s][info][gc,reloc    ] GC(168) Y: Age Table:
[2026-01-06T22:07:40.264+0800][47.908s][info][gc,reloc    ] GC(168) Y:                    Live             Garbage             Small              Medium             Large        
[2026-01-06T22:07:40.264+0800][47.908s][info][gc,reloc    ] GC(168) Y: Eden               0M (0%)         1969M (48%)        985 / 0              0 / 0              0 / 0        
[2026-01-06T22:07:40.264+0800][47.908s][info][gc,reloc    ] GC(168) Y: Survivor 1          -                 2M (0%)           1 / 0              0 / 0              0 / 0        
[2026-01-06T22:07:40.264+0800][47.908s][info][gc,heap     ] GC(168) Y: Min Capacity: 8M(0%)
[2026-01-06T22:07:40.264+0800][47.908s][info][gc,heap     ] GC(168) Y: Max Capacity: 4096M(100%)
[2026-01-06T22:07:40.264+0800][47.908s][info][gc,heap     ] GC(168) Y: Soft Max Capacity: 3686M(90%)
[2026-01-06T22:07:40.264+0800][47.908s][info][gc,heap     ] GC(168) Y: Heap Statistics:
[2026-01-06T22:07:40.264+0800][47.908s][info][gc,heap     ] GC(168) Y:                Mark Start          Mark End        Relocate Start      Relocate End           High               Low         
[2026-01-06T22:07:40.264+0800][47.908s][info][gc,heap     ] GC(168) Y:  Capacity:     3498M (85%)        3498M (85%)        3498M (85%)        3498M (85%)        3498M (85%)        3498M (85%)    
[2026-01-06T22:07:40.264+0800][47.908s][info][gc,heap     ] GC(168) Y:      Free:     2122M (52%)        2120M (52%)        4090M (100%)       4090M (100%)       4090M (100%)       2120M (52%)    
[2026-01-06T22:07:40.264+0800][47.908s][info][gc,heap     ] GC(168) Y:      Used:     1974M (48%)        1976M (48%)           6M (0%)            6M (0%)         1976M (48%)           6M (0%)     
[2026-01-06T22:07:40.264+0800][47.908s][info][gc,heap     ] GC(168) Y: Young Generation Statistics:
[2026-01-06T22:07:40.264+0800][47.908s][info][gc,heap     ] GC(168) Y:                Mark Start          Mark End        Relocate Start      Relocate End    
[2026-01-06T22:07:40.264+0800][47.908s][info][gc,heap     ] GC(168) Y:      Used:     1972M (48%)        1974M (48%)           4M (0%)            4M (0%)     
[2026-01-06T22:07:40.264+0800][47.908s][info][gc,heap     ] GC(168) Y:      Live:         -                 0M (0%)            0M (0%)            0M (0%)     
[2026-01-06T22:07:40.264+0800][47.908s][info][gc,heap     ] GC(168) Y:   Garbage:         -              1971M (48%)           1M (0%)            1M (0%)     
[2026-01-06T22:07:40.264+0800][47.908s][info][gc,heap     ] GC(168) Y: Allocated:         -                 2M (0%)            2M (0%)            2M (0%)     
[2026-01-06T22:07:40.264+0800][47.908s][info][gc,heap     ] GC(168) Y: Reclaimed:         -                  -              1970M (48%)        1970M (48%)    
[2026-01-06T22:07:40.264+0800][47.908s][info][gc,heap     ] GC(168) Y:  Promoted:         -                  -                 0M (0%)            0M (0%)     
[2026-01-06T22:07:40.264+0800][47.908s][info][gc,heap     ] GC(168) Y: Compacted:         -                  -                  -                 0M (0%)     
[2026-01-06T22:07:40.264+0800][47.908s][info][gc,phases   ] GC(168) Y: Young Generation 1974M(48%)->6M(0%) 0.001s
[2026-01-06T22:07:40.264+0800][47.908s][info][gc,phases   ] GC(168) O: Old Generation
[2026-01-06T22:07:40.265+0800][47.908s][info][gc,phases   ] GC(168) O: Concurrent Mark 0.558ms
[2026-01-06T22:07:40.265+0800][47.909s][info][gc,phases   ] GC(168) O: Pause Mark End 0.002ms
[2026-01-06T22:07:40.265+0800][47.909s][info][gc,phases   ] GC(168) O: Concurrent Mark Free 0.000ms
[2026-01-06T22:07:40.265+0800][47.909s][info][gc,phases   ] GC(168) O: Concurrent Process Non-Strong 0.250ms
[2026-01-06T22:07:40.265+0800][47.909s][info][gc,phases   ] GC(168) O: Concurrent Reset Relocation Set 0.000ms
[2026-01-06T22:07:40.265+0800][47.909s][info][gc,phases   ] GC(168) O: Concurrent Select Relocation Set 0.017ms
[2026-01-06T22:07:40.265+0800][47.909s][info][gc,task     ] GC(168) O: Using 2 Workers for Old Generation
[2026-01-06T22:07:40.265+0800][47.909s][info][gc,task     ] GC(168) O: Using 1 Workers for Old Generation
[2026-01-06T22:07:40.265+0800][47.909s][info][gc,phases   ] GC(168) O: Concurrent Remap Roots 0.082ms
[2026-01-06T22:07:40.265+0800][47.909s][info][gc,phases   ] GC(168) O: Pause Relocate Start 0.001ms
[2026-01-06T22:07:40.265+0800][47.909s][info][gc,phases   ] GC(168) O: Concurrent Relocate 0.008ms
[2026-01-06T22:07:40.265+0800][47.909s][info][gc,alloc    ] GC(168) O:                         Mark Start        Mark End      Relocate Start    Relocate End   
[2026-01-06T22:07:40.265+0800][47.909s][info][gc,alloc    ] GC(168) O: Allocation Stalls:          0                0                0                0         
[2026-01-06T22:07:40.265+0800][47.909s][info][gc,load     ] GC(168) O: Load: 2.12 (21%) / 1.83 (18%) / 2.02 (20%)
[2026-01-06T22:07:40.265+0800][47.909s][info][gc,mmu      ] GC(168) O: MMU: 2ms/97.4%, 5ms/98.6%, 10ms/99.3%, 20ms/99.5%, 50ms/99.8%, 100ms/99.9%
[2026-01-06T22:07:40.265+0800][47.909s][info][gc,marking  ] GC(168) O: Mark: 1 stripe(s), 2 proactive flush(es), 1 terminate flush(es), 0 completion(s), 0 continuation(s) 
[2026-01-06T22:07:40.265+0800][47.909s][info][gc,nmethod  ] GC(168) O: NMethods: 129 registered, 39 unregistered
[2026-01-06T22:07:40.265+0800][47.909s][info][gc,metaspace] GC(168) O: Metaspace: 0M used, 0M committed, 1088M reserved
[2026-01-06T22:07:40.265+0800][47.909s][info][gc,ref      ] GC(168) O:                       Encountered   Discovered     Enqueued 
[2026-01-06T22:07:40.265+0800][47.909s][info][gc,ref      ] GC(168) O: Soft References:                1            0            0 
[2026-01-06T22:07:40.265+0800][47.909s][info][gc,ref      ] GC(168) O: Weak References:                6            0            0 
[2026-01-06T22:07:40.265+0800][47.909s][info][gc,ref      ] GC(168) O: Final References:               0            0            0 
[2026-01-06T22:07:40.265+0800][47.909s][info][gc,ref      ] GC(168) O: Phantom References:             1            1            0 
[2026-01-06T22:07:40.265+0800][47.909s][info][gc,reloc    ] GC(168) O:                        Candidates     Selected     In-Place         Size        Empty    Relocated 
[2026-01-06T22:07:40.265+0800][47.909s][info][gc,reloc    ] GC(168) O: Small Pages:                    1            0            0           2M           0M           0M 
[2026-01-06T22:07:40.265+0800][47.909s][info][gc,reloc    ] GC(168) O: Medium Pages:                   0            0            0           0M           0M           0M 
[2026-01-06T22:07:40.265+0800][47.909s][info][gc,reloc    ] GC(168) O: Large Pages:                    0            0            0           0M           0M           0M 
[2026-01-06T22:07:40.265+0800][47.909s][info][gc,reloc    ] GC(168) O: Forwarding Usage: 0M
[2026-01-06T22:07:40.265+0800][47.909s][info][gc,heap     ] GC(168) O: Min Capacity: 8M(0%)
[2026-01-06T22:07:40.265+0800][47.909s][info][gc,heap     ] GC(168) O: Max Capacity: 4096M(100%)
[2026-01-06T22:07:40.265+0800][47.909s][info][gc,heap     ] GC(168) O: Soft Max Capacity: 3686M(90%)
[2026-01-06T22:07:40.265+0800][47.909s][info][gc,heap     ] GC(168) O: Heap Statistics:
[2026-01-06T22:07:40.265+0800][47.909s][info][gc,heap     ] GC(168) O:                Mark Start          Mark End        Relocate Start      Relocate End           High               Low         
[2026-01-06T22:07:40.265+0800][47.909s][info][gc,heap     ] GC(168) O:  Capacity:     3498M (85%)        3498M (85%)        3498M (85%)        3498M (85%)        3498M (85%)        3498M (85%)    
[2026-01-06T22:07:40.265+0800][47.909s][info][gc,heap     ] GC(168) O:      Free:     2122M (52%)        4082M (100%)       4076M (100%)       4076M (100%)       4090M (100%)       2120M (52%)    
[2026-01-06T22:07:40.265+0800][47.909s][info][gc,heap     ] GC(168) O:      Used:     1974M (48%)          14M (0%)           20M (0%)           20M (0%)         1976M (48%)           6M (0%)     
[2026-01-06T22:07:40.265+0800][47.909s][info][gc,heap     ] GC(168) O: Old Generation Statistics:
[2026-01-06T22:07:40.265+0800][47.909s][info][gc,heap     ] GC(168) O:                Mark Start          Mark End        Relocate Start      Relocate End    
[2026-01-06T22:07:40.265+0800][47.909s][info][gc,heap     ] GC(168) O:      Used:        2M (0%)            2M (0%)            2M (0%)            2M (0%)     
[2026-01-06T22:07:40.265+0800][47.909s][info][gc,heap     ] GC(168) O:      Live:         -                 0M (0%)            0M (0%)            0M (0%)     
[2026-01-06T22:07:40.265+0800][47.909s][info][gc,heap     ] GC(168) O:   Garbage:         -                 1M (0%)            1M (0%)            1M (0%)     
[2026-01-06T22:07:40.265+0800][47.909s][info][gc,heap     ] GC(168) O: Allocated:         -                 0M (0%)            0M (0%)            0M (0%)     
[2026-01-06T22:07:40.265+0800][47.909s][info][gc,heap     ] GC(168) O: Reclaimed:         -                  -                 0M (0%)            0M (0%)     
[2026-01-06T22:07:40.265+0800][47.909s][info][gc,heap     ] GC(168) O: Compacted:         -                  -                  -                 0M (0%)     
[2026-01-06T22:07:40.265+0800][47.909s][info][gc,phases   ] GC(168) O: Old Generation 6M(0%)->20M(0%) 0.001s
[2026-01-06T22:07:40.265+0800][47.909s][info][gc          ] GC(168) Major Collection (Proactive) 1974M(48%)->22M(1%) 0.002s
[2026-01-06T22:07:40.370+0800][48.014s][info][gc          ] GC(169) Major Collection (Proactive)
[2026-01-06T22:07:40.370+0800][48.014s][info][gc,task     ] GC(169) Using 1 Workers for Young Generation
[2026-01-06T22:07:40.370+0800][48.014s][info][gc,task     ] GC(169) Using 1 Workers for Old Generation
[2026-01-06T22:07:40.370+0800][48.014s][info][gc,phases   ] GC(169) Y: Young Generation
[2026-01-06T22:07:40.370+0800][48.014s][info][gc,phases   ] GC(169) Y: Pause Mark Start (Major) 0.005ms
[2026-01-06T22:07:40.371+0800][48.015s][info][gc,phases   ] GC(169) Y: Concurrent Mark 0.219ms
[2026-01-06T22:07:40.371+0800][48.015s][info][gc,phases   ] GC(169) Y: Pause Mark End 0.003ms
[2026-01-06T22:07:40.371+0800][48.015s][info][gc,phases   ] GC(169) Y: Concurrent Mark Free 0.000ms
[2026-01-06T22:07:40.371+0800][48.015s][info][gc,phases   ] GC(169) Y: Concurrent Reset Relocation Set 0.000ms
[2026-01-06T22:07:40.371+0800][48.015s][info][gc,reloc    ] GC(169) Y: Using tenuring threshold: 1 (Computed)
[2026-01-06T22:07:40.371+0800][48.015s][info][gc,phases   ] GC(169) Y: Concurrent Select Relocation Set 0.233ms
[2026-01-06T22:07:40.371+0800][48.015s][info][gc,phases   ] GC(169) Y: Pause Relocate Start 0.001ms
[2026-01-06T22:07:40.371+0800][48.015s][info][gc,phases   ] GC(169) Y: Concurrent Relocate 0.011ms
[2026-01-06T22:07:40.371+0800][48.015s][info][gc,alloc    ] GC(169) Y:                         Mark Start        Mark End      Relocate Start    Relocate End   
[2026-01-06T22:07:40.371+0800][48.015s][info][gc,alloc    ] GC(169) Y: Allocation Stalls:          0                0                0                0         
[2026-01-06T22:07:40.371+0800][48.015s][info][gc,load     ] GC(169) Y: Load: 2.12 (21%) / 1.83 (18%) / 2.02 (20%)
[2026-01-06T22:07:40.371+0800][48.015s][info][gc,mmu      ] GC(169) Y: MMU: 2ms/97.4%, 5ms/98.6%, 10ms/99.3%, 20ms/99.5%, 50ms/99.8%, 100ms/99.9%
[2026-01-06T22:07:40.371+0800][48.015s][info][gc,marking  ] GC(169) Y: Mark: 1 stripe(s), 2 proactive flush(es), 1 terminate flush(es), 0 completion(s), 0 continuation(s) 
[2026-01-06T22:07:40.371+0800][48.015s][info][gc,nmethod  ] GC(169) Y: NMethods: 129 registered, 39 unregistered
[2026-01-06T22:07:40.371+0800][48.015s][info][gc,metaspace] GC(169) Y: Metaspace: 0M used, 0M committed, 1088M reserved
[2026-01-06T22:07:40.371+0800][48.015s][info][gc,reloc    ] GC(169) Y:                        Candidates     Selected     In-Place         Size        Empty    Relocated 
[2026-01-06T22:07:40.371+0800][48.015s][info][gc,reloc    ] GC(169) Y: Small Pages:                  966            0            0        1932M        1930M           0M 
[2026-01-06T22:07:40.371+0800][48.015s][info][gc,reloc    ] GC(169) Y: Medium Pages:                   0            0            0           0M           0M           0M 
[2026-01-06T22:07:40.371+0800][48.015s][info][gc,reloc    ] GC(169) Y: Large Pages:                    0            0            0           0M           0M           0M 
[2026-01-06T22:07:40.371+0800][48.015s][info][gc,reloc    ] GC(169) Y: Forwarding Usage: 0M
[2026-01-06T22:07:40.371+0800][48.015s][info][gc,reloc    ] GC(169) Y: Age Table:
[2026-01-06T22:07:40.371+0800][48.015s][info][gc,reloc    ] GC(169) Y:                    Live             Garbage             Small              Medium             Large        
[2026-01-06T22:07:40.371+0800][48.015s][info][gc,reloc    ] GC(169) Y: Eden               0M (0%)         1929M (47%)        965 / 0              0 / 0              0 / 0        
[2026-01-06T22:07:40.371+0800][48.015s][info][gc,reloc    ] GC(169) Y: Survivor 1          -                 2M (0%)           1 / 0              0 / 0              0 / 0        
[2026-01-06T22:07:40.371+0800][48.015s][info][gc,heap     ] GC(169) Y: Min Capacity: 8M(0%)
[2026-01-06T22:07:40.371+0800][48.015s][info][gc,heap     ] GC(169) Y: Max Capacity: 4096M(100%)
[2026-01-06T22:07:40.371+0800][48.015s][info][gc,heap     ] GC(169) Y: Soft Max Capacity: 3686M(90%)
[2026-01-06T22:07:40.371+0800][48.015s][info][gc,heap     ] GC(169) Y: Heap Statistics:
[2026-01-06T22:07:40.371+0800][48.015s][info][gc,heap     ] GC(169) Y:                Mark Start          Mark End        Relocate Start      Relocate End           High               Low         
[2026-01-06T22:07:40.371+0800][48.015s][info][gc,heap     ] GC(169) Y:  Capacity:     3498M (85%)        3498M (85%)        3498M (85%)        3498M (85%)        3498M (85%)        3498M (85%)    
[2026-01-06T22:07:40.371+0800][48.015s][info][gc,heap     ] GC(169) Y:      Free:     2162M (53%)        2158M (53%)        4082M (100%)       4082M (100%)       4084M (100%)       2156M (53%)    
[2026-01-06T22:07:40.371+0800][48.015s][info][gc,heap     ] GC(169) Y:      Used:     1934M (47%)        1938M (47%)          14M (0%)           14M (0%)         1940M (47%)          12M (0%)     
[2026-01-06T22:07:40.371+0800][48.015s][info][gc,heap     ] GC(169) Y: Young Generation Statistics:
[2026-01-06T22:07:40.371+0800][48.015s][info][gc,heap     ] GC(169) Y:                Mark Start          Mark End        Relocate Start      Relocate End    
[2026-01-06T22:07:40.371+0800][48.015s][info][gc,heap     ] GC(169) Y:      Used:     1932M (47%)        1936M (47%)          12M (0%)           12M (0%)     
[2026-01-06T22:07:40.371+0800][48.015s][info][gc,heap     ] GC(169) Y:      Live:         -                 0M (0%)            0M (0%)            0M (0%)     
[2026-01-06T22:07:40.371+0800][48.015s][info][gc,heap     ] GC(169) Y:   Garbage:         -              1931M (47%)           1M (0%)            1M (0%)     
[2026-01-06T22:07:40.371+0800][48.015s][info][gc,heap     ] GC(169) Y: Allocated:         -                 4M (0%)           10M (0%)           10M (0%)     
[2026-01-06T22:07:40.371+0800][48.015s][info][gc,heap     ] GC(169) Y: Reclaimed:         -                  -              1930M (47%)        1930M (47%)    
[2026-01-06T22:07:40.371+0800][48.015s][info][gc,heap     ] GC(169) Y:  Promoted:         -                  -                 0M (0%)            0M (0%)     
[2026-01-06T22:07:40.371+0800][48.015s][info][gc,heap     ] GC(169) Y: Compacted:         -                  -                  -                 0M (0%)     
[2026-01-06T22:07:40.371+0800][48.015s][info][gc,phases   ] GC(169) Y: Young Generation 1934M(47%)->14M(0%) 0.001s
[2026-01-06T22:07:40.371+0800][48.015s][info][gc,phases   ] GC(169) O: Old Generation
[2026-01-06T22:07:40.372+0800][48.016s][info][gc,phases   ] GC(169) O: Concurrent Mark 0.629ms
[2026-01-06T22:07:40.372+0800][48.016s][info][gc,phases   ] GC(169) O: Pause Mark End 0.003ms
[2026-01-06T22:07:40.372+0800][48.016s][info][gc,phases   ] GC(169) O: Concurrent Mark Free 0.000ms
[2026-01-06T22:07:40.372+0800][48.016s][info][gc,phases   ] GC(169) O: Concurrent Process Non-Strong 0.279ms
[2026-01-06T22:07:40.372+0800][48.016s][info][gc,phases   ] GC(169) O: Concurrent Reset Relocation Set 0.000ms
[2026-01-06T22:07:40.372+0800][48.016s][info][gc,phases   ] GC(169) O: Concurrent Select Relocation Set 0.015ms
[2026-01-06T22:07:40.372+0800][48.016s][info][gc,task     ] GC(169) O: Using 2 Workers for Old Generation
[2026-01-06T22:07:40.372+0800][48.016s][info][gc,task     ] GC(169) O: Using 1 Workers for Old Generation
[2026-01-06T22:07:40.372+0800][48.016s][info][gc,phases   ] GC(169) O: Concurrent Remap Roots 0.095ms
[2026-01-06T22:07:40.372+0800][48.016s][info][gc,phases   ] GC(169) O: Pause Relocate Start 0.001ms
[2026-01-06T22:07:40.372+0800][48.016s][info][gc,phases   ] GC(169) O: Concurrent Relocate 0.006ms
[2026-01-06T22:07:40.372+0800][48.016s][info][gc,alloc    ] GC(169) O:                         Mark Start        Mark End      Relocate Start    Relocate End   
[2026-01-06T22:07:40.372+0800][48.016s][info][gc,alloc    ] GC(169) O: Allocation Stalls:          0                0                0                0         
[2026-01-06T22:07:40.372+0800][48.016s][info][gc,load     ] GC(169) O: Load: 2.12 (21%) / 1.83 (18%) / 2.02 (20%)
[2026-01-06T22:07:40.372+0800][48.016s][info][gc,mmu      ] GC(169) O: MMU: 2ms/97.4%, 5ms/98.6%, 10ms/99.3%, 20ms/99.5%, 50ms/99.8%, 100ms/99.9%
[2026-01-06T22:07:40.372+0800][48.016s][info][gc,marking  ] GC(169) O: Mark: 1 stripe(s), 2 proactive flush(es), 1 terminate flush(es), 0 completion(s), 0 continuation(s) 
[2026-01-06T22:07:40.372+0800][48.016s][info][gc,nmethod  ] GC(169) O: NMethods: 129 registered, 39 unregistered
[2026-01-06T22:07:40.372+0800][48.016s][info][gc,metaspace] GC(169) O: Metaspace: 0M used, 0M committed, 1088M reserved
[2026-01-06T22:07:40.372+0800][48.016s][info][gc,ref      ] GC(169) O:                       Encountered   Discovered     Enqueued 
[2026-01-06T22:07:40.372+0800][48.016s][info][gc,ref      ] GC(169) O: Soft References:                1            0            0 
[2026-01-06T22:07:40.372+0800][48.016s][info][gc,ref      ] GC(169) O: Weak References:                6            0            0 
[2026-01-06T22:07:40.372+0800][48.016s][info][gc,ref      ] GC(169) O: Final References:               0            0            0 
[2026-01-06T22:07:40.372+0800][48.016s][info][gc,ref      ] GC(169) O: Phantom References:             1            1            0 
[2026-01-06T22:07:40.372+0800][48.016s][info][gc,reloc    ] GC(169) O:                        Candidates     Selected     In-Place         Size        Empty    Relocated 
[2026-01-06T22:07:40.372+0800][48.016s][info][gc,reloc    ] GC(169) O: Small Pages:                    1            0            0           2M           0M           0M 
[2026-01-06T22:07:40.372+0800][48.016s][info][gc,reloc    ] GC(169) O: Medium Pages:                   0            0            0           0M           0M           0M 
[2026-01-06T22:07:40.372+0800][48.016s][info][gc,reloc    ] GC(169) O: Large Pages:                    0            0            0           0M           0M           0M 
[2026-01-06T22:07:40.372+0800][48.016s][info][gc,reloc    ] GC(169) O: Forwarding Usage: 0M
[2026-01-06T22:07:40.372+0800][48.016s][info][gc,heap     ] GC(169) O: Min Capacity: 8M(0%)
[2026-01-06T22:07:40.372+0800][48.016s][info][gc,heap     ] GC(169) O: Max Capacity: 4096M(100%)
[2026-01-06T22:07:40.372+0800][48.016s][info][gc,heap     ] GC(169) O: Soft Max Capacity: 3686M(90%)
[2026-01-06T22:07:40.372+0800][48.016s][info][gc,heap     ] GC(169) O: Heap Statistics:
[2026-01-06T22:07:40.372+0800][48.016s][info][gc,heap     ] GC(169) O:                Mark Start          Mark End        Relocate Start      Relocate End           High               Low         
[2026-01-06T22:07:40.372+0800][48.016s][info][gc,heap     ] GC(169) O:  Capacity:     3498M (85%)        3498M (85%)        3498M (85%)        3498M (85%)        3498M (85%)        3498M (85%)    
[2026-01-06T22:07:40.372+0800][48.016s][info][gc,heap     ] GC(169) O:      Free:     2162M (53%)        4068M (99%)        4060M (99%)        4060M (99%)        4084M (100%)       2156M (53%)    
[2026-01-06T22:07:40.372+0800][48.016s][info][gc,heap     ] GC(169) O:      Used:     1934M (47%)          28M (1%)           36M (1%)           36M (1%)         1940M (47%)          12M (0%)     
[2026-01-06T22:07:40.372+0800][48.016s][info][gc,heap     ] GC(169) O: Old Generation Statistics:
[2026-01-06T22:07:40.372+0800][48.016s][info][gc,heap     ] GC(169) O:                Mark Start          Mark End        Relocate Start      Relocate End    
[2026-01-06T22:07:40.372+0800][48.016s][info][gc,heap     ] GC(169) O:      Used:        2M (0%)            2M (0%)            2M (0%)            2M (0%)     
[2026-01-06T22:07:40.372+0800][48.016s][info][gc,heap     ] GC(169) O:      Live:         -                 0M (0%)            0M (0%)            0M (0%)     
[2026-01-06T22:07:40.372+0800][48.016s][info][gc,heap     ] GC(169) O:   Garbage:         -                 1M (0%)            1M (0%)            1M (0%)     
[2026-01-06T22:07:40.372+0800][48.016s][info][gc,heap     ] GC(169) O: Allocated:         -                 0M (0%)            0M (0%)            0M (0%)     
[2026-01-06T22:07:40.372+0800][48.016s][info][gc,heap     ] GC(169) O: Reclaimed:         -                  -                 0M (0%)            0M (0%)     
[2026-01-06T22:07:40.372+0800][48.016s][info][gc,heap     ] GC(169) O: Compacted:         -                  -                  -                 0M (0%)     
[2026-01-06T22:07:40.372+0800][48.016s][info][gc,phases   ] GC(169) O: Old Generation 16M(0%)->36M(1%) 0.001s
[2026-01-06T22:07:40.372+0800][48.016s][info][gc          ] GC(169) Major Collection (Proactive) 1934M(47%)->38M(1%) 0.002s
[2026-01-06T22:07:40.485+0800][48.129s][info][gc          ] GC(170) Major Collection (Proactive)
[2026-01-06T22:07:40.485+0800][48.129s][info][gc,task     ] GC(170) Using 1 Workers for Young Generation
[2026-01-06T22:07:40.485+0800][48.129s][info][gc,task     ] GC(170) Using 1 Workers for Old Generation
[2026-01-06T22:07:40.485+0800][48.129s][info][gc,phases   ] GC(170) Y: Young Generation
[2026-01-06T22:07:40.486+0800][48.129s][info][gc,phases   ] GC(170) Y: Pause Mark Start (Major) 0.004ms
[2026-01-06T22:07:40.486+0800][48.130s][info][gc,phases   ] GC(170) Y: Concurrent Mark 0.203ms
[2026-01-06T22:07:40.486+0800][48.130s][info][gc,phases   ] GC(170) Y: Pause Mark End 0.003ms
[2026-01-06T22:07:40.486+0800][48.130s][info][gc,phases   ] GC(170) Y: Concurrent Mark Free 0.000ms
[2026-01-06T22:07:40.486+0800][48.130s][info][gc,phases   ] GC(170) Y: Concurrent Reset Relocation Set 0.001ms
[2026-01-06T22:07:40.486+0800][48.130s][info][gc,reloc    ] GC(170) Y: Using tenuring threshold: 1 (Computed)
[2026-01-06T22:07:40.486+0800][48.130s][info][gc,phases   ] GC(170) Y: Concurrent Select Relocation Set 0.193ms
[2026-01-06T22:07:40.486+0800][48.130s][info][gc,phases   ] GC(170) Y: Pause Relocate Start 0.001ms
[2026-01-06T22:07:40.486+0800][48.130s][info][gc,phases   ] GC(170) Y: Concurrent Relocate 0.011ms
[2026-01-06T22:07:40.486+0800][48.130s][info][gc,alloc    ] GC(170) Y:                         Mark Start        Mark End      Relocate Start    Relocate End   
[2026-01-06T22:07:40.486+0800][48.130s][info][gc,alloc    ] GC(170) Y: Allocation Stalls:          0                0                0                0         
[2026-01-06T22:07:40.486+0800][48.130s][info][gc,load     ] GC(170) Y: Load: 2.12 (21%) / 1.83 (18%) / 2.02 (20%)
[2026-01-06T22:07:40.486+0800][48.130s][info][gc,mmu      ] GC(170) Y: MMU: 2ms/97.4%, 5ms/98.6%, 10ms/99.3%, 20ms/99.5%, 50ms/99.8%, 100ms/99.9%
[2026-01-06T22:07:40.486+0800][48.130s][info][gc,marking  ] GC(170) Y: Mark: 1 stripe(s), 2 proactive flush(es), 1 terminate flush(es), 0 completion(s), 0 continuation(s) 
[2026-01-06T22:07:40.486+0800][48.130s][info][gc,nmethod  ] GC(170) Y: NMethods: 129 registered, 39 unregistered
[2026-01-06T22:07:40.486+0800][48.130s][info][gc,metaspace] GC(170) Y: Metaspace: 0M used, 0M committed, 1088M reserved
[2026-01-06T22:07:40.486+0800][48.130s][info][gc,reloc    ] GC(170) Y:                        Candidates     Selected     In-Place         Size        Empty    Relocated 
[2026-01-06T22:07:40.486+0800][48.130s][info][gc,reloc    ] GC(170) Y: Small Pages:                 1006            0            0        2012M        2010M           0M 
[2026-01-06T22:07:40.486+0800][48.130s][info][gc,reloc    ] GC(170) Y: Medium Pages:                   0            0            0           0M           0M           0M 
[2026-01-06T22:07:40.486+0800][48.130s][info][gc,reloc    ] GC(170) Y: Large Pages:                    0            0            0           0M           0M           0M 
[2026-01-06T22:07:40.486+0800][48.130s][info][gc,reloc    ] GC(170) Y: Forwarding Usage: 0M
[2026-01-06T22:07:40.486+0800][48.130s][info][gc,reloc    ] GC(170) Y: Age Table:
[2026-01-06T22:07:40.486+0800][48.130s][info][gc,reloc    ] GC(170) Y:                    Live             Garbage             Small              Medium             Large        
[2026-01-06T22:07:40.486+0800][48.130s][info][gc,reloc    ] GC(170) Y: Eden               0M (0%)         2009M (49%)       1005 / 0              0 / 0              0 / 0        
[2026-01-06T22:07:40.486+0800][48.130s][info][gc,reloc    ] GC(170) Y: Survivor 1          -                 2M (0%)           1 / 0              0 / 0              0 / 0        
[2026-01-06T22:07:40.486+0800][48.130s][info][gc,heap     ] GC(170) Y: Min Capacity: 8M(0%)
[2026-01-06T22:07:40.486+0800][48.130s][info][gc,heap     ] GC(170) Y: Max Capacity: 4096M(100%)
[2026-01-06T22:07:40.486+0800][48.130s][info][gc,heap     ] GC(170) Y: Soft Max Capacity: 3686M(90%)
[2026-01-06T22:07:40.486+0800][48.130s][info][gc,heap     ] GC(170) Y: Heap Statistics:
[2026-01-06T22:07:40.486+0800][48.130s][info][gc,heap     ] GC(170) Y:                Mark Start          Mark End        Relocate Start      Relocate End           High               Low         
[2026-01-06T22:07:40.486+0800][48.130s][info][gc,heap     ] GC(170) Y:  Capacity:     3498M (85%)        3498M (85%)        3498M (85%)        3498M (85%)        3498M (85%)        3498M (85%)    
[2026-01-06T22:07:40.486+0800][48.130s][info][gc,heap     ] GC(170) Y:      Free:     2082M (51%)        2080M (51%)        4086M (100%)       4086M (100%)       4088M (100%)       2080M (51%)    
[2026-01-06T22:07:40.486+0800][48.130s][info][gc,heap     ] GC(170) Y:      Used:     2014M (49%)        2016M (49%)          10M (0%)           10M (0%)         2016M (49%)           8M (0%)     
[2026-01-06T22:07:40.486+0800][48.130s][info][gc,heap     ] GC(170) Y: Young Generation Statistics:
[2026-01-06T22:07:40.486+0800][48.130s][info][gc,heap     ] GC(170) Y:                Mark Start          Mark End        Relocate Start      Relocate End    
[2026-01-06T22:07:40.486+0800][48.130s][info][gc,heap     ] GC(170) Y:      Used:     2012M (49%)        2014M (49%)           8M (0%)            8M (0%)     
[2026-01-06T22:07:40.486+0800][48.130s][info][gc,heap     ] GC(170) Y:      Live:         -                 0M (0%)            0M (0%)            0M (0%)     
[2026-01-06T22:07:40.486+0800][48.130s][info][gc,heap     ] GC(170) Y:   Garbage:         -              2011M (49%)           1M (0%)            1M (0%)     
[2026-01-06T22:07:40.486+0800][48.130s][info][gc,heap     ] GC(170) Y: Allocated:         -                 2M (0%)            6M (0%)            6M (0%)     
[2026-01-06T22:07:40.486+0800][48.130s][info][gc,heap     ] GC(170) Y: Reclaimed:         -                  -              2010M (49%)        2010M (49%)    
[2026-01-06T22:07:40.486+0800][48.130s][info][gc,heap     ] GC(170) Y:  Promoted:         -                  -                 0M (0%)            0M (0%)     
[2026-01-06T22:07:40.486+0800][48.130s][info][gc,heap     ] GC(170) Y: Compacted:         -                  -                  -                 0M (0%)     
[2026-01-06T22:07:40.486+0800][48.130s][info][gc,phases   ] GC(170) Y: Young Generation 2014M(49%)->10M(0%) 0.001s
[2026-01-06T22:07:40.486+0800][48.130s][info][gc,phases   ] GC(170) O: Old Generation
[2026-01-06T22:07:40.487+0800][48.131s][info][gc,phases   ] GC(170) O: Concurrent Mark 0.594ms
[2026-01-06T22:07:40.487+0800][48.131s][info][gc,phases   ] GC(170) O: Pause Mark End 0.002ms
[2026-01-06T22:07:40.487+0800][48.131s][info][gc,phases   ] GC(170) O: Concurrent Mark Free 0.000ms
[2026-01-06T22:07:40.487+0800][48.131s][info][gc,phases   ] GC(170) O: Concurrent Process Non-Strong 0.255ms
