[2025-12-16T20:44:29.780+0800][0.003s][info][gc,init] CardTable entry size: 512
[2025-12-16T20:44:29.780+0800][0.003s][info][gc     ] Using Parallel
[2025-12-16T20:44:29.781+0800][0.003s][info][gc,init] Version: 25.0.1 (release)
[2025-12-16T20:44:29.781+0800][0.003s][info][gc,init] CPUs: 10 total, 10 available
[2025-12-16T20:44:29.781+0800][0.003s][info][gc,init] Memory: 16384M
[2025-12-16T20:44:29.781+0800][0.003s][info][gc,init] Large Page Support: Disabled
[2025-12-16T20:44:29.781+0800][0.003s][info][gc,init] NUMA Support: Disabled
[2025-12-16T20:44:29.781+0800][0.003s][info][gc,init] Compressed Oops: Enabled (Zero based)
[2025-12-16T20:44:29.781+0800][0.003s][info][gc,init] Alignments: Space 512K, Generation 512K, Heap 8M
[2025-12-16T20:44:29.781+0800][0.003s][info][gc,init] Heap Min Capacity: 8M
[2025-12-16T20:44:29.781+0800][0.003s][info][gc,init] Heap Initial Capacity: 256M
[2025-12-16T20:44:29.781+0800][0.003s][info][gc,init] Heap Max Capacity: 4G
[2025-12-16T20:44:29.781+0800][0.003s][info][gc,init] Pre-touch: Disabled
[2025-12-16T20:44:29.781+0800][0.003s][info][gc,init] Parallel Workers: 9
[2025-12-16T20:44:29.782+0800][0.005s][info][gc,metaspace] CDS archive(s) mapped at: [0x00001ffc00000000-0x00001ffc00d94000-0x00001ffc00d94000), size 14237696, SharedBaseAddress: 0x00001ffc00000000, ArchiveRelocationMode: 1.
[2025-12-16T20:44:29.782+0800][0.005s][info][gc,metaspace] Compressed class space mapped at: 0x00001ffc01000000-0x00001ffc41000000, reserved size: 1073741824
[2025-12-16T20:44:29.782+0800][0.005s][info][gc,metaspace] UseCompressedClassPointers 1, UseCompactObjectHeaders 0
[2025-12-16T20:44:29.782+0800][0.005s][info][gc,metaspace] Narrow klass pointer bits 32, Max shift 3
[2025-12-16T20:44:29.782+0800][0.005s][info][gc,metaspace] Narrow klass base: 0x00001ffc00000000, Narrow klass shift: 0
[2025-12-16T20:44:29.782+0800][0.005s][info][gc,metaspace] Encoding Range: [0x00001ffc00000000 - 0x00001ffd00000000), (4294967296 bytes)
[2025-12-16T20:44:29.782+0800][0.005s][info][gc,metaspace] Klass Range:    [0x00001ffc00004000 - 0x00001ffc41000000), (1090502656 bytes)
[2025-12-16T20:44:29.782+0800][0.005s][info][gc,metaspace] Klass ID Range:  [16384 - 1090519033) (1090502649)
[2025-12-16T20:44:29.782+0800][0.005s][info][gc,metaspace] Protection zone: [0x00001ffc00000000 - 0x00001ffc00004000), (16384 bytes)
[2025-12-16T20:44:29.815+0800][0.038s][info][gc,start    ] GC(0) Pause Young (Allocation Failure)
[2025-12-16T20:44:29.815+0800][0.038s][info][gc,heap     ] GC(0) PSYoungGen: 65536K(76288K)->160K(76288K) Eden: 65536K(65536K)->0K(65536K) From: 0K(10752K)->160K(10752K)
[2025-12-16T20:44:29.815+0800][0.038s][info][gc,heap     ] GC(0) ParOldGen: 1149K(175104K)->1157K(175104K)
[2025-12-16T20:44:29.815+0800][0.038s][info][gc,metaspace] GC(0) Metaspace: 91K(320K)->91K(320K) NonClass: 82K(192K)->82K(192K) Class: 8K(128K)->8K(128K)
[2025-12-16T20:44:29.815+0800][0.038s][info][gc          ] GC(0) Pause Young (Allocation Failure) 65M->1M(245M) 0.235ms
[2025-12-16T20:44:29.815+0800][0.038s][info][gc,cpu      ] GC(0) User=0.00s Sys=0.00s Real=0.00s
[2025-12-16T20:44:29.840+0800][0.062s][info][gc,start    ] GC(1) Pause Young (Allocation Failure)
[2025-12-16T20:44:29.840+0800][0.063s][info][gc,heap     ] GC(1) PSYoungGen: 65696K(76288K)->160K(76288K) Eden: 65536K(65536K)->0K(65536K) From: 160K(10752K)->160K(10752K)
[2025-12-16T20:44:29.840+0800][0.063s][info][gc,heap     ] GC(1) ParOldGen: 1157K(175104K)->1157K(175104K)
[2025-12-16T20:44:29.840+0800][0.063s][info][gc,metaspace] GC(1) Metaspace: 91K(320K)->91K(320K) NonClass: 83K(192K)->83K(192K) Class: 8K(128K)->8K(128K)
[2025-12-16T20:44:29.840+0800][0.063s][info][gc          ] GC(1) Pause Young (Allocation Failure) 65M->1M(245M) 0.124ms
[2025-12-16T20:44:29.840+0800][0.063s][info][gc,cpu      ] GC(1) User=0.00s Sys=0.00s Real=0.00s
[2025-12-16T20:44:29.864+0800][0.087s][info][gc,start    ] GC(2) Pause Young (Allocation Failure)
[2025-12-16T20:44:29.864+0800][0.087s][info][gc,heap     ] GC(2) PSYoungGen: 65696K(76288K)->192K(76288K) Eden: 65536K(65536K)->0K(65536K) From: 160K(10752K)->192K(10752K)
[2025-12-16T20:44:29.864+0800][0.087s][info][gc,heap     ] GC(2) ParOldGen: 1157K(175104K)->1157K(175104K)
[2025-12-16T20:44:29.864+0800][0.087s][info][gc,metaspace] GC(2) Metaspace: 91K(320K)->91K(320K) NonClass: 83K(192K)->83K(192K) Class: 8K(128K)->8K(128K)
[2025-12-16T20:44:29.864+0800][0.087s][info][gc          ] GC(2) Pause Young (Allocation Failure) 65M->1M(245M) 0.218ms
[2025-12-16T20:44:29.864+0800][0.087s][info][gc,cpu      ] GC(2) User=0.00s Sys=0.00s Real=0.00s
[2025-12-16T20:44:29.888+0800][0.111s][info][gc,start    ] GC(3) Pause Young (Allocation Failure)
[2025-12-16T20:44:29.888+0800][0.111s][info][gc,heap     ] GC(3) PSYoungGen: 65728K(76288K)->176K(76288K) Eden: 65536K(65536K)->0K(65536K) From: 192K(10752K)->176K(10752K)
[2025-12-16T20:44:29.888+0800][0.111s][info][gc,heap     ] GC(3) ParOldGen: 1157K(175104K)->1157K(175104K)
[2025-12-16T20:44:29.888+0800][0.111s][info][gc,metaspace] GC(3) Metaspace: 91K(320K)->91K(320K) NonClass: 83K(192K)->83K(192K) Class: 8K(128K)->8K(128K)
[2025-12-16T20:44:29.888+0800][0.111s][info][gc          ] GC(3) Pause Young (Allocation Failure) 65M->1M(245M) 0.194ms
[2025-12-16T20:44:29.888+0800][0.111s][info][gc,cpu      ] GC(3) User=0.00s Sys=0.00s Real=0.00s
[2025-12-16T20:44:29.912+0800][0.135s][info][gc,start    ] GC(4) Pause Young (Allocation Failure)
[2025-12-16T20:44:29.912+0800][0.135s][info][gc,heap     ] GC(4) PSYoungGen: 65712K(76288K)->160K(74752K) Eden: 65536K(65536K)->0K(64000K) From: 176K(10752K)->160K(10752K)
[2025-12-16T20:44:29.912+0800][0.135s][info][gc,heap     ] GC(4) ParOldGen: 1157K(175104K)->1157K(175104K)
[2025-12-16T20:44:29.912+0800][0.135s][info][gc,metaspace] GC(4) Metaspace: 91K(320K)->91K(320K) NonClass: 83K(192K)->83K(192K) Class: 8K(128K)->8K(128K)
[2025-12-16T20:44:29.912+0800][0.135s][info][gc          ] GC(4) Pause Young (Allocation Failure) 65M->1M(244M) 0.167ms
[2025-12-16T20:44:29.912+0800][0.135s][info][gc,cpu      ] GC(4) User=0.00s Sys=0.00s Real=0.00s
[2025-12-16T20:44:29.935+0800][0.158s][info][gc,start    ] GC(5) Pause Young (Allocation Failure)
[2025-12-16T20:44:29.935+0800][0.158s][info][gc,heap     ] GC(5) PSYoungGen: 64160K(74752K)->160K(62976K) Eden: 64000K(64000K)->0K(62464K) From: 160K(10752K)->160K(512K)
[2025-12-16T20:44:29.935+0800][0.158s][info][gc,heap     ] GC(5) ParOldGen: 1157K(175104K)->1157K(175104K)
[2025-12-16T20:44:29.935+0800][0.158s][info][gc,metaspace] GC(5) Metaspace: 91K(320K)->91K(320K) NonClass: 83K(192K)->83K(192K) Class: 8K(128K)->8K(128K)
[2025-12-16T20:44:29.935+0800][0.158s][info][gc          ] GC(5) Pause Young (Allocation Failure) 63M->1M(232M) 0.109ms
[2025-12-16T20:44:29.935+0800][0.158s][info][gc,cpu      ] GC(5) User=0.00s Sys=0.00s Real=0.00s
[2025-12-16T20:44:29.957+0800][0.180s][info][gc,start    ] GC(6) Pause Young (Allocation Failure)
[2025-12-16T20:44:29.957+0800][0.180s][info][gc,heap     ] GC(6) PSYoungGen: 62624K(62976K)->32K(61952K) Eden: 62464K(62464K)->0K(61440K) From: 160K(512K)->32K(512K)
[2025-12-16T20:44:29.957+0800][0.180s][info][gc,heap     ] GC(6) ParOldGen: 1157K(175104K)->1269K(175104K)
[2025-12-16T20:44:29.957+0800][0.180s][info][gc,metaspace] GC(6) Metaspace: 91K(320K)->91K(320K) NonClass: 83K(192K)->83K(192K) Class: 8K(128K)->8K(128K)
[2025-12-16T20:44:29.957+0800][0.180s][info][gc          ] GC(6) Pause Young (Allocation Failure) 62M->1M(231M) 0.133ms
[2025-12-16T20:44:29.957+0800][0.180s][info][gc,cpu      ] GC(6) User=0.00s Sys=0.00s Real=0.00s
[2025-12-16T20:44:29.979+0800][0.202s][info][gc,start    ] GC(7) Pause Young (Allocation Failure)
[2025-12-16T20:44:29.979+0800][0.202s][info][gc,heap     ] GC(7) PSYoungGen: 61472K(61952K)->128K(60928K) Eden: 61440K(61440K)->0K(60416K) From: 32K(512K)->128K(512K)
[2025-12-16T20:44:29.979+0800][0.202s][info][gc,heap     ] GC(7) ParOldGen: 1269K(175104K)->1269K(175104K)
[2025-12-16T20:44:29.979+0800][0.202s][info][gc,metaspace] GC(7) Metaspace: 91K(320K)->91K(320K) NonClass: 83K(192K)->83K(192K) Class: 8K(128K)->8K(128K)
[2025-12-16T20:44:29.979+0800][0.202s][info][gc          ] GC(7) Pause Young (Allocation Failure) 61M->1M(230M) 0.107ms
[2025-12-16T20:44:29.979+0800][0.202s][info][gc,cpu      ] GC(7) User=0.00s Sys=0.00s Real=0.00s
[2025-12-16T20:44:30.000+0800][0.223s][info][gc,start    ] GC(8) Pause Young (Allocation Failure)
[2025-12-16T20:44:30.000+0800][0.223s][info][gc,heap     ] GC(8) PSYoungGen: 60544K(60928K)->64K(59904K) Eden: 60416K(60416K)->0K(59392K) From: 128K(512K)->64K(512K)
[2025-12-16T20:44:30.000+0800][0.223s][info][gc,heap     ] GC(8) ParOldGen: 1269K(175104K)->1269K(175104K)
[2025-12-16T20:44:30.000+0800][0.223s][info][gc,metaspace] GC(8) Metaspace: 91K(320K)->91K(320K) NonClass: 83K(192K)->83K(192K) Class: 8K(128K)->8K(128K)
[2025-12-16T20:44:30.000+0800][0.223s][info][gc          ] GC(8) Pause Young (Allocation Failure) 60M->1M(229M) 0.099ms
[2025-12-16T20:44:30.000+0800][0.223s][info][gc,cpu      ] GC(8) User=0.00s Sys=0.00s Real=0.00s
[2025-12-16T20:44:30.022+0800][0.245s][info][gc,start    ] GC(9) Pause Young (Allocation Failure)
[2025-12-16T20:44:30.022+0800][0.245s][info][gc,heap     ] GC(9) PSYoungGen: 59456K(59904K)->128K(58880K) Eden: 59392K(59392K)->0K(58368K) From: 64K(512K)->128K(512K)
[2025-12-16T20:44:30.022+0800][0.245s][info][gc,heap     ] GC(9) ParOldGen: 1269K(175104K)->1269K(175104K)
[2025-12-16T20:44:30.022+0800][0.245s][info][gc,metaspace] GC(9) Metaspace: 91K(320K)->91K(320K) NonClass: 83K(192K)->83K(192K) Class: 8K(128K)->8K(128K)
[2025-12-16T20:44:30.022+0800][0.245s][info][gc          ] GC(9) Pause Young (Allocation Failure) 59M->1M(228M) 0.079ms
[2025-12-16T20:44:30.022+0800][0.245s][info][gc,cpu      ] GC(9) User=0.00s Sys=0.00s Real=0.00s
[2025-12-16T20:44:30.042+0800][0.265s][info][gc,start    ] GC(10) Pause Young (Allocation Failure)
[2025-12-16T20:44:30.042+0800][0.265s][info][gc,heap     ] GC(10) PSYoungGen: 58496K(58880K)->96K(57856K) Eden: 58368K(58368K)->0K(57344K) From: 128K(512K)->96K(512K)
[2025-12-16T20:44:30.042+0800][0.265s][info][gc,heap     ] GC(10) ParOldGen: 1269K(175104K)->1269K(175104K)
[2025-12-16T20:44:30.042+0800][0.265s][info][gc,metaspace] GC(10) Metaspace: 91K(320K)->91K(320K) NonClass: 83K(192K)->83K(192K) Class: 8K(128K)->8K(128K)
[2025-12-16T20:44:30.042+0800][0.265s][info][gc          ] GC(10) Pause Young (Allocation Failure) 58M->1M(227M) 0.097ms
[2025-12-16T20:44:30.042+0800][0.265s][info][gc,cpu      ] GC(10) User=0.00s Sys=0.00s Real=0.00s
[2025-12-16T20:44:30.063+0800][0.285s][info][gc,start    ] GC(11) Pause Young (Allocation Failure)
[2025-12-16T20:44:30.063+0800][0.286s][info][gc,heap     ] GC(11) PSYoungGen: 57440K(57856K)->128K(56832K) Eden: 57344K(57344K)->0K(56320K) From: 96K(512K)->128K(512K)
[2025-12-16T20:44:30.063+0800][0.286s][info][gc,heap     ] GC(11) ParOldGen: 1269K(175104K)->1269K(175104K)
[2025-12-16T20:44:30.063+0800][0.286s][info][gc,metaspace] GC(11) Metaspace: 91K(320K)->91K(320K) NonClass: 83K(192K)->83K(192K) Class: 8K(128K)->8K(128K)
[2025-12-16T20:44:30.063+0800][0.286s][info][gc          ] GC(11) Pause Young (Allocation Failure) 57M->1M(226M) 0.097ms
[2025-12-16T20:44:30.063+0800][0.286s][info][gc,cpu      ] GC(11) User=0.00s Sys=0.00s Real=0.00s
[2025-12-16T20:44:30.083+0800][0.305s][info][gc,start    ] GC(12) Pause Young (Allocation Failure)
[2025-12-16T20:44:30.083+0800][0.306s][info][gc,heap     ] GC(12) PSYoungGen: 56448K(56832K)->128K(55808K) Eden: 56320K(56320K)->0K(55296K) From: 128K(512K)->128K(512K)
[2025-12-16T20:44:30.083+0800][0.306s][info][gc,heap     ] GC(12) ParOldGen: 1269K(175104K)->1269K(175104K)
[2025-12-16T20:44:30.083+0800][0.306s][info][gc,metaspace] GC(12) Metaspace: 91K(320K)->91K(320K) NonClass: 83K(192K)->83K(192K) Class: 8K(128K)->8K(128K)
[2025-12-16T20:44:30.083+0800][0.306s][info][gc          ] GC(12) Pause Young (Allocation Failure) 56M->1M(225M) 0.097ms
[2025-12-16T20:44:30.083+0800][0.306s][info][gc,cpu      ] GC(12) User=0.00s Sys=0.00s Real=0.00s
[2025-12-16T20:44:30.103+0800][0.325s][info][gc,start    ] GC(13) Pause Young (Allocation Failure)
[2025-12-16T20:44:30.103+0800][0.325s][info][gc,heap     ] GC(13) PSYoungGen: 55424K(55808K)->128K(54784K) Eden: 55296K(55296K)->0K(54272K) From: 128K(512K)->128K(512K)
[2025-12-16T20:44:30.103+0800][0.326s][info][gc,heap     ] GC(13) ParOldGen: 1269K(175104K)->1269K(175104K)
[2025-12-16T20:44:30.103+0800][0.326s][info][gc,metaspace] GC(13) Metaspace: 91K(320K)->91K(320K) NonClass: 83K(192K)->83K(192K) Class: 8K(128K)->8K(128K)
[2025-12-16T20:44:30.103+0800][0.326s][info][gc          ] GC(13) Pause Young (Allocation Failure) 55M->1M(224M) 0.101ms
[2025-12-16T20:44:30.103+0800][0.326s][info][gc,cpu      ] GC(13) User=0.00s Sys=0.00s Real=0.00s
[2025-12-16T20:44:30.122+0800][0.345s][info][gc,start    ] GC(14) Pause Young (Allocation Failure)
[2025-12-16T20:44:30.122+0800][0.345s][info][gc,heap     ] GC(14) PSYoungGen: 54400K(54784K)->128K(53760K) Eden: 54272K(54272K)->0K(53248K) From: 128K(512K)->128K(512K)
[2025-12-16T20:44:30.122+0800][0.345s][info][gc,heap     ] GC(14) ParOldGen: 1269K(175104K)->1269K(175104K)
[2025-12-16T20:44:30.122+0800][0.345s][info][gc,metaspace] GC(14) Metaspace: 91K(320K)->91K(320K) NonClass: 83K(192K)->83K(192K) Class: 8K(128K)->8K(128K)
[2025-12-16T20:44:30.122+0800][0.345s][info][gc          ] GC(14) Pause Young (Allocation Failure) 54M->1M(223M) 0.084ms
[2025-12-16T20:44:30.122+0800][0.345s][info][gc,cpu      ] GC(14) User=0.01s Sys=0.00s Real=0.00s
[2025-12-16T20:44:30.141+0800][0.364s][info][gc,start    ] GC(15) Pause Young (Allocation Failure)
[2025-12-16T20:44:30.141+0800][0.364s][info][gc,heap     ] GC(15) PSYoungGen: 53376K(53760K)->96K(52736K) Eden: 53248K(53248K)->0K(52224K) From: 128K(512K)->96K(512K)
[2025-12-16T20:44:30.141+0800][0.364s][info][gc,heap     ] GC(15) ParOldGen: 1269K(175104K)->1269K(175104K)
[2025-12-16T20:44:30.141+0800][0.364s][info][gc,metaspace] GC(15) Metaspace: 91K(320K)->91K(320K) NonClass: 83K(192K)->83K(192K) Class: 8K(128K)->8K(128K)
[2025-12-16T20:44:30.141+0800][0.364s][info][gc          ] GC(15) Pause Young (Allocation Failure) 53M->1M(222M) 0.089ms
[2025-12-16T20:44:30.141+0800][0.364s][info][gc,cpu      ] GC(15) User=0.00s Sys=0.00s Real=0.00s
[2025-12-16T20:44:30.159+0800][0.382s][info][gc,start    ] GC(16) Pause Young (Allocation Failure)
[2025-12-16T20:44:30.160+0800][0.382s][info][gc,heap     ] GC(16) PSYoungGen: 52320K(52736K)->128K(51712K) Eden: 52224K(52224K)->0K(51200K) From: 96K(512K)->128K(512K)
[2025-12-16T20:44:30.160+0800][0.382s][info][gc,heap     ] GC(16) ParOldGen: 1269K(175104K)->1269K(175104K)
[2025-12-16T20:44:30.160+0800][0.382s][info][gc,metaspace] GC(16) Metaspace: 91K(320K)->91K(320K) NonClass: 83K(192K)->83K(192K) Class: 8K(128K)->8K(128K)
[2025-12-16T20:44:30.160+0800][0.382s][info][gc          ] GC(16) Pause Young (Allocation Failure) 52M->1M(221M) 0.077ms
[2025-12-16T20:44:30.160+0800][0.382s][info][gc,cpu      ] GC(16) User=0.00s Sys=0.00s Real=0.01s
[2025-12-16T20:44:30.178+0800][0.401s][info][gc,start    ] GC(17) Pause Young (Allocation Failure)
[2025-12-16T20:44:30.178+0800][0.401s][info][gc,heap     ] GC(17) PSYoungGen: 51328K(51712K)->128K(50688K) Eden: 51200K(51200K)->0K(50176K) From: 128K(512K)->128K(512K)
[2025-12-16T20:44:30.178+0800][0.401s][info][gc,heap     ] GC(17) ParOldGen: 1269K(175104K)->1269K(175104K)
[2025-12-16T20:44:30.178+0800][0.401s][info][gc,metaspace] GC(17) Metaspace: 91K(320K)->91K(320K) NonClass: 83K(192K)->83K(192K) Class: 8K(128K)->8K(128K)
[2025-12-16T20:44:30.178+0800][0.401s][info][gc          ] GC(17) Pause Young (Allocation Failure) 51M->1M(220M) 0.087ms
[2025-12-16T20:44:30.178+0800][0.401s][info][gc,cpu      ] GC(17) User=0.00s Sys=0.00s Real=0.00s
[2025-12-16T20:44:30.195+0800][0.418s][info][gc,start    ] GC(18) Pause Young (Allocation Failure)
[2025-12-16T20:44:30.195+0800][0.418s][info][gc,heap     ] GC(18) PSYoungGen: 50304K(50688K)->128K(49664K) Eden: 50176K(50176K)->0K(49152K) From: 128K(512K)->128K(512K)
[2025-12-16T20:44:30.195+0800][0.418s][info][gc,heap     ] GC(18) ParOldGen: 1269K(175104K)->1269K(175104K)
[2025-12-16T20:44:30.195+0800][0.418s][info][gc,metaspace] GC(18) Metaspace: 91K(320K)->91K(320K) NonClass: 83K(192K)->83K(192K) Class: 8K(128K)->8K(128K)
[2025-12-16T20:44:30.195+0800][0.418s][info][gc          ] GC(18) Pause Young (Allocation Failure) 50M->1M(219M) 0.085ms
[2025-12-16T20:44:30.196+0800][0.418s][info][gc,cpu      ] GC(18) User=0.00s Sys=0.00s Real=0.00s
[2025-12-16T20:44:30.213+0800][0.436s][info][gc,start    ] GC(19) Pause Young (Allocation Failure)
[2025-12-16T20:44:30.213+0800][0.436s][info][gc,heap     ] GC(19) PSYoungGen: 49280K(49664K)->128K(48640K) Eden: 49152K(49152K)->0K(48128K) From: 128K(512K)->128K(512K)
[2025-12-16T20:44:30.213+0800][0.436s][info][gc,heap     ] GC(19) ParOldGen: 1269K(175104K)->1269K(175104K)
[2025-12-16T20:44:30.213+0800][0.436s][info][gc,metaspace] GC(19) Metaspace: 91K(320K)->91K(320K) NonClass: 83K(192K)->83K(192K) Class: 8K(128K)->8K(128K)
[2025-12-16T20:44:30.213+0800][0.436s][info][gc          ] GC(19) Pause Young (Allocation Failure) 49M->1M(218M) 0.084ms
[2025-12-16T20:44:30.213+0800][0.436s][info][gc,cpu      ] GC(19) User=0.00s Sys=0.00s Real=0.00s
[2025-12-16T20:44:30.230+0800][0.453s][info][gc,start    ] GC(20) Pause Young (Allocation Failure)
[2025-12-16T20:44:30.230+0800][0.453s][info][gc,heap     ] GC(20) PSYoungGen: 48256K(48640K)->128K(48128K) Eden: 48128K(48128K)->0K(47616K) From: 128K(512K)->128K(512K)
[2025-12-16T20:44:30.230+0800][0.453s][info][gc,heap     ] GC(20) ParOldGen: 1269K(175104K)->1269K(175104K)
[2025-12-16T20:44:30.230+0800][0.453s][info][gc,metaspace] GC(20) Metaspace: 91K(320K)->91K(320K) NonClass: 83K(192K)->83K(192K) Class: 8K(128K)->8K(128K)
[2025-12-16T20:44:30.230+0800][0.453s][info][gc          ] GC(20) Pause Young (Allocation Failure) 48M->1M(218M) 0.092ms
[2025-12-16T20:44:30.230+0800][0.453s][info][gc,cpu      ] GC(20) User=0.00s Sys=0.00s Real=0.00s
[2025-12-16T20:44:30.247+0800][0.470s][info][gc,start    ] GC(21) Pause Young (Allocation Failure)
[2025-12-16T20:44:30.247+0800][0.470s][info][gc,heap     ] GC(21) PSYoungGen: 47744K(48128K)->96K(47616K) Eden: 47616K(47616K)->0K(47104K) From: 128K(512K)->96K(512K)
[2025-12-16T20:44:30.247+0800][0.470s][info][gc,heap     ] GC(21) ParOldGen: 1269K(175104K)->1269K(175104K)
[2025-12-16T20:44:30.247+0800][0.470s][info][gc,metaspace] GC(21) Metaspace: 91K(320K)->91K(320K) NonClass: 83K(192K)->83K(192K) Class: 8K(128K)->8K(128K)
[2025-12-16T20:44:30.247+0800][0.470s][info][gc          ] GC(21) Pause Young (Allocation Failure) 47M->1M(217M) 0.090ms
[2025-12-16T20:44:30.247+0800][0.470s][info][gc,cpu      ] GC(21) User=0.00s Sys=0.00s Real=0.00s
[2025-12-16T20:44:30.264+0800][0.487s][info][gc,start    ] GC(22) Pause Young (Allocation Failure)
[2025-12-16T20:44:30.264+0800][0.487s][info][gc,heap     ] GC(22) PSYoungGen: 47200K(47616K)->128K(47104K) Eden: 47104K(47104K)->0K(46592K) From: 96K(512K)->128K(512K)
[2025-12-16T20:44:30.264+0800][0.487s][info][gc,heap     ] GC(22) ParOldGen: 1269K(175104K)->1269K(175104K)
[2025-12-16T20:44:30.264+0800][0.487s][info][gc,metaspace] GC(22) Metaspace: 91K(320K)->91K(320K) NonClass: 83K(192K)->83K(192K) Class: 8K(128K)->8K(128K)
[2025-12-16T20:44:30.264+0800][0.487s][info][gc          ] GC(22) Pause Young (Allocation Failure) 47M->1M(217M) 0.085ms
[2025-12-16T20:44:30.264+0800][0.487s][info][gc,cpu      ] GC(22) User=0.00s Sys=0.00s Real=0.00s
[2025-12-16T20:44:30.281+0800][0.504s][info][gc,start    ] GC(23) Pause Young (Allocation Failure)
[2025-12-16T20:44:30.281+0800][0.504s][info][gc,heap     ] GC(23) PSYoungGen: 46720K(47104K)->128K(46592K) Eden: 46592K(46592K)->0K(46080K) From: 128K(512K)->128K(512K)
[2025-12-16T20:44:30.281+0800][0.504s][info][gc,heap     ] GC(23) ParOldGen: 1269K(175104K)->1269K(175104K)
[2025-12-16T20:44:30.281+0800][0.504s][info][gc,metaspace] GC(23) Metaspace: 91K(320K)->91K(320K) NonClass: 83K(192K)->83K(192K) Class: 8K(128K)->8K(128K)
[2025-12-16T20:44:30.281+0800][0.504s][info][gc          ] GC(23) Pause Young (Allocation Failure) 46M->1M(216M) 0.098ms
[2025-12-16T20:44:30.281+0800][0.504s][info][gc,cpu      ] GC(23) User=0.00s Sys=0.00s Real=0.00s
[2025-12-16T20:44:30.298+0800][0.520s][info][gc,start    ] GC(24) Pause Young (Allocation Failure)
[2025-12-16T20:44:30.298+0800][0.520s][info][gc,heap     ] GC(24) PSYoungGen: 46208K(46592K)->128K(46080K) Eden: 46080K(46080K)->0K(45568K) From: 128K(512K)->128K(512K)
[2025-12-16T20:44:30.298+0800][0.521s][info][gc,heap     ] GC(24) ParOldGen: 1269K(175104K)->1269K(175104K)
[2025-12-16T20:44:30.298+0800][0.521s][info][gc,metaspace] GC(24) Metaspace: 91K(320K)->91K(320K) NonClass: 83K(192K)->83K(192K) Class: 8K(128K)->8K(128K)
[2025-12-16T20:44:30.298+0800][0.521s][info][gc          ] GC(24) Pause Young (Allocation Failure) 46M->1M(216M) 0.097ms
[2025-12-16T20:44:30.298+0800][0.521s][info][gc,cpu      ] GC(24) User=0.00s Sys=0.00s Real=0.00s
[2025-12-16T20:44:30.314+0800][0.536s][info][gc,start    ] GC(25) Pause Young (Allocation Failure)
[2025-12-16T20:44:30.314+0800][0.537s][info][gc,heap     ] GC(25) PSYoungGen: 45696K(46080K)->128K(45568K) Eden: 45568K(45568K)->0K(45056K) From: 128K(512K)->128K(512K)
[2025-12-16T20:44:30.314+0800][0.537s][info][gc,heap     ] GC(25) ParOldGen: 1269K(175104K)->1269K(175104K)
[2025-12-16T20:44:30.314+0800][0.537s][info][gc,metaspace] GC(25) Metaspace: 91K(320K)->91K(320K) NonClass: 83K(192K)->83K(192K) Class: 8K(128K)->8K(128K)
[2025-12-16T20:44:30.314+0800][0.537s][info][gc          ] GC(25) Pause Young (Allocation Failure) 45M->1M(215M) 0.101ms
[2025-12-16T20:44:30.314+0800][0.537s][info][gc,cpu      ] GC(25) User=0.00s Sys=0.00s Real=0.00s
[2025-12-16T20:44:30.330+0800][0.553s][info][gc,start    ] GC(26) Pause Young (Allocation Failure)
[2025-12-16T20:44:30.330+0800][0.553s][info][gc,heap     ] GC(26) PSYoungGen: 45184K(45568K)->128K(45056K) Eden: 45056K(45056K)->0K(44544K) From: 128K(512K)->128K(512K)
[2025-12-16T20:44:30.330+0800][0.553s][info][gc,heap     ] GC(26) ParOldGen: 1269K(175104K)->1269K(175104K)
[2025-12-16T20:44:30.330+0800][0.553s][info][gc,metaspace] GC(26) Metaspace: 91K(320K)->91K(320K) NonClass: 83K(192K)->83K(192K) Class: 8K(128K)->8K(128K)
[2025-12-16T20:44:30.330+0800][0.553s][info][gc          ] GC(26) Pause Young (Allocation Failure) 45M->1M(215M) 0.091ms
[2025-12-16T20:44:30.330+0800][0.553s][info][gc,cpu      ] GC(26) User=0.00s Sys=0.00s Real=0.00s
[2025-12-16T20:44:30.346+0800][0.568s][info][gc,start    ] GC(27) Pause Young (Allocation Failure)
[2025-12-16T20:44:30.346+0800][0.569s][info][gc,heap     ] GC(27) PSYoungGen: 44672K(45056K)->128K(44544K) Eden: 44544K(44544K)->0K(44032K) From: 128K(512K)->128K(512K)
[2025-12-16T20:44:30.346+0800][0.569s][info][gc,heap     ] GC(27) ParOldGen: 1269K(175104K)->1269K(175104K)
[2025-12-16T20:44:30.346+0800][0.569s][info][gc,metaspace] GC(27) Metaspace: 91K(320K)->91K(320K) NonClass: 83K(192K)->83K(192K) Class: 8K(128K)->8K(128K)
[2025-12-16T20:44:30.346+0800][0.569s][info][gc          ] GC(27) Pause Young (Allocation Failure) 44M->1M(214M) 0.088ms
[2025-12-16T20:44:30.346+0800][0.569s][info][gc,cpu      ] GC(27) User=0.00s Sys=0.00s Real=0.00s
[2025-12-16T20:44:30.361+0800][0.584s][info][gc,start    ] GC(28) Pause Young (Allocation Failure)
[2025-12-16T20:44:30.361+0800][0.584s][info][gc,heap     ] GC(28) PSYoungGen: 44160K(44544K)->128K(44032K) Eden: 44032K(44032K)->0K(43520K) From: 128K(512K)->128K(512K)
[2025-12-16T20:44:30.361+0800][0.584s][info][gc,heap     ] GC(28) ParOldGen: 1269K(175104K)->1269K(175104K)
[2025-12-16T20:44:30.361+0800][0.584s][info][gc,metaspace] GC(28) Metaspace: 91K(320K)->91K(320K) NonClass: 83K(192K)->83K(192K) Class: 8K(128K)->8K(128K)
[2025-12-16T20:44:30.361+0800][0.584s][info][gc          ] GC(28) Pause Young (Allocation Failure) 44M->1M(214M) 0.092ms
[2025-12-16T20:44:30.361+0800][0.584s][info][gc,cpu      ] GC(28) User=0.00s Sys=0.00s Real=0.00s
[2025-12-16T20:44:30.377+0800][0.600s][info][gc,start    ] GC(29) Pause Young (Allocation Failure)
[2025-12-16T20:44:30.377+0800][0.600s][info][gc,heap     ] GC(29) PSYoungGen: 43648K(44032K)->128K(43520K) Eden: 43520K(43520K)->0K(43008K) From: 128K(512K)->128K(512K)
[2025-12-16T20:44:30.377+0800][0.600s][info][gc,heap     ] GC(29) ParOldGen: 1269K(175104K)->1269K(175104K)
[2025-12-16T20:44:30.377+0800][0.600s][info][gc,metaspace] GC(29) Metaspace: 91K(320K)->91K(320K) NonClass: 83K(192K)->83K(192K) Class: 8K(128K)->8K(128K)
[2025-12-16T20:44:30.377+0800][0.600s][info][gc          ] GC(29) Pause Young (Allocation Failure) 43M->1M(213M) 0.099ms
[2025-12-16T20:44:30.377+0800][0.600s][info][gc,cpu      ] GC(29) User=0.00s Sys=0.00s Real=0.00s
[2025-12-16T20:44:30.392+0800][0.615s][info][gc,start    ] GC(30) Pause Young (Allocation Failure)
[2025-12-16T20:44:30.392+0800][0.615s][info][gc,heap     ] GC(30) PSYoungGen: 43136K(43520K)->64K(43008K) Eden: 43008K(43008K)->0K(42496K) From: 128K(512K)->64K(512K)
[2025-12-16T20:44:30.392+0800][0.615s][info][gc,heap     ] GC(30) ParOldGen: 1269K(175104K)->1269K(175104K)
[2025-12-16T20:44:30.392+0800][0.615s][info][gc,metaspace] GC(30) Metaspace: 91K(320K)->91K(320K) NonClass: 83K(192K)->83K(192K) Class: 8K(128K)->8K(128K)
[2025-12-16T20:44:30.392+0800][0.615s][info][gc          ] GC(30) Pause Young (Allocation Failure) 43M->1M(213M) 0.076ms
[2025-12-16T20:44:30.392+0800][0.615s][info][gc,cpu      ] GC(30) User=0.00s Sys=0.00s Real=0.00s
[2025-12-16T20:44:30.408+0800][0.631s][info][gc,start    ] GC(31) Pause Young (Allocation Failure)
[2025-12-16T20:44:30.408+0800][0.631s][info][gc,heap     ] GC(31) PSYoungGen: 42560K(43008K)->128K(42496K) Eden: 42496K(42496K)->0K(41984K) From: 64K(512K)->128K(512K)
[2025-12-16T20:44:30.408+0800][0.631s][info][gc,heap     ] GC(31) ParOldGen: 1269K(175104K)->1269K(175104K)
[2025-12-16T20:44:30.408+0800][0.631s][info][gc,metaspace] GC(31) Metaspace: 91K(320K)->91K(320K) NonClass: 83K(192K)->83K(192K) Class: 8K(128K)->8K(128K)
[2025-12-16T20:44:30.408+0800][0.631s][info][gc          ] GC(31) Pause Young (Allocation Failure) 42M->1M(212M) 0.097ms
[2025-12-16T20:44:30.408+0800][0.631s][info][gc,cpu      ] GC(31) User=0.00s Sys=0.00s Real=0.00s
[2025-12-16T20:44:30.423+0800][0.646s][info][gc,start    ] GC(32) Pause Young (Allocation Failure)
[2025-12-16T20:44:30.423+0800][0.646s][info][gc,heap     ] GC(32) PSYoungGen: 42112K(42496K)->128K(41984K) Eden: 41984K(41984K)->0K(41472K) From: 128K(512K)->128K(512K)
[2025-12-16T20:44:30.423+0800][0.646s][info][gc,heap     ] GC(32) ParOldGen: 1269K(175104K)->1269K(175104K)
[2025-12-16T20:44:30.423+0800][0.646s][info][gc,metaspace] GC(32) Metaspace: 91K(320K)->91K(320K) NonClass: 83K(192K)->83K(192K) Class: 8K(128K)->8K(128K)
[2025-12-16T20:44:30.423+0800][0.646s][info][gc          ] GC(32) Pause Young (Allocation Failure) 42M->1M(212M) 0.084ms
[2025-12-16T20:44:30.423+0800][0.646s][info][gc,cpu      ] GC(32) User=0.01s Sys=0.00s Real=0.00s
[2025-12-16T20:44:30.438+0800][0.661s][info][gc,start    ] GC(33) Pause Young (Allocation Failure)
[2025-12-16T20:44:30.438+0800][0.661s][info][gc,heap     ] GC(33) PSYoungGen: 41600K(41984K)->128K(41472K) Eden: 41472K(41472K)->0K(40960K) From: 128K(512K)->128K(512K)
[2025-12-16T20:44:30.438+0800][0.661s][info][gc,heap     ] GC(33) ParOldGen: 1269K(175104K)->1269K(175104K)
[2025-12-16T20:44:30.438+0800][0.661s][info][gc,metaspace] GC(33) Metaspace: 91K(320K)->91K(320K) NonClass: 83K(192K)->83K(192K) Class: 8K(128K)->8K(128K)
[2025-12-16T20:44:30.438+0800][0.661s][info][gc          ] GC(33) Pause Young (Allocation Failure) 41M->1M(211M) 0.096ms
[2025-12-16T20:44:30.438+0800][0.661s][info][gc,cpu      ] GC(33) User=0.00s Sys=0.00s Real=0.00s
[2025-12-16T20:44:30.452+0800][0.675s][info][gc,start    ] GC(34) Pause Young (Allocation Failure)
[2025-12-16T20:44:30.453+0800][0.675s][info][gc,heap     ] GC(34) PSYoungGen: 41088K(41472K)->128K(40960K) Eden: 40960K(40960K)->0K(40448K) From: 128K(512K)->128K(512K)
[2025-12-16T20:44:30.453+0800][0.675s][info][gc,heap     ] GC(34) ParOldGen: 1269K(175104K)->1269K(175104K)
[2025-12-16T20:44:30.453+0800][0.675s][info][gc,metaspace] GC(34) Metaspace: 91K(320K)->91K(320K) NonClass: 83K(192K)->83K(192K) Class: 8K(128K)->8K(128K)
[2025-12-16T20:44:30.453+0800][0.675s][info][gc          ] GC(34) Pause Young (Allocation Failure) 41M->1M(211M) 0.087ms
[2025-12-16T20:44:30.453+0800][0.675s][info][gc,cpu      ] GC(34) User=0.00s Sys=0.00s Real=0.00s
[2025-12-16T20:44:30.467+0800][0.690s][info][gc,start    ] GC(35) Pause Young (Allocation Failure)
[2025-12-16T20:44:30.467+0800][0.690s][info][gc,heap     ] GC(35) PSYoungGen: 40576K(40960K)->128K(40448K) Eden: 40448K(40448K)->0K(39936K) From: 128K(512K)->128K(512K)
[2025-12-16T20:44:30.467+0800][0.690s][info][gc,heap     ] GC(35) ParOldGen: 1269K(175104K)->1269K(175104K)
[2025-12-16T20:44:30.467+0800][0.690s][info][gc,metaspace] GC(35) Metaspace: 91K(320K)->91K(320K) NonClass: 83K(192K)->83K(192K) Class: 8K(128K)->8K(128K)
[2025-12-16T20:44:30.467+0800][0.690s][info][gc          ] GC(35) Pause Young (Allocation Failure) 40M->1M(210M) 0.108ms
[2025-12-16T20:44:30.467+0800][0.690s][info][gc,cpu      ] GC(35) User=0.00s Sys=0.00s Real=0.00s
[2025-12-16T20:44:30.481+0800][0.704s][info][gc,start    ] GC(36) Pause Young (Allocation Failure)
[2025-12-16T20:44:30.481+0800][0.704s][info][gc,heap     ] GC(36) PSYoungGen: 40064K(40448K)->128K(39936K) Eden: 39936K(39936K)->0K(39424K) From: 128K(512K)->128K(512K)
[2025-12-16T20:44:30.481+0800][0.704s][info][gc,heap     ] GC(36) ParOldGen: 1269K(175104K)->1269K(175104K)
[2025-12-16T20:44:30.481+0800][0.704s][info][gc,metaspace] GC(36) Metaspace: 91K(320K)->91K(320K) NonClass: 83K(192K)->83K(192K) Class: 8K(128K)->8K(128K)
[2025-12-16T20:44:30.481+0800][0.704s][info][gc          ] GC(36) Pause Young (Allocation Failure) 40M->1M(210M) 0.142ms
[2025-12-16T20:44:30.481+0800][0.704s][info][gc,cpu      ] GC(36) User=0.00s Sys=0.00s Real=0.00s
[2025-12-16T20:44:30.496+0800][0.718s][info][gc,start    ] GC(37) Pause Young (Allocation Failure)
[2025-12-16T20:44:30.496+0800][0.718s][info][gc,heap     ] GC(37) PSYoungGen: 39552K(39936K)->64K(39424K) Eden: 39424K(39424K)->0K(38912K) From: 128K(512K)->64K(512K)
[2025-12-16T20:44:30.496+0800][0.718s][info][gc,heap     ] GC(37) ParOldGen: 1269K(175104K)->1269K(175104K)
[2025-12-16T20:44:30.496+0800][0.718s][info][gc,metaspace] GC(37) Metaspace: 91K(320K)->91K(320K) NonClass: 83K(192K)->83K(192K) Class: 8K(128K)->8K(128K)
[2025-12-16T20:44:30.496+0800][0.719s][info][gc          ] GC(37) Pause Young (Allocation Failure) 39M->1M(209M) 0.093ms
[2025-12-16T20:44:30.496+0800][0.719s][info][gc,cpu      ] GC(37) User=0.00s Sys=0.01s Real=0.00s
[2025-12-16T20:44:30.509+0800][0.732s][info][gc,start    ] GC(38) Pause Young (Allocation Failure)
[2025-12-16T20:44:30.509+0800][0.732s][info][gc,heap     ] GC(38) PSYoungGen: 38976K(39424K)->128K(38912K) Eden: 38912K(38912K)->0K(38400K) From: 64K(512K)->128K(512K)
[2025-12-16T20:44:30.509+0800][0.732s][info][gc,heap     ] GC(38) ParOldGen: 1269K(175104K)->1269K(175104K)
[2025-12-16T20:44:30.509+0800][0.732s][info][gc,metaspace] GC(38) Metaspace: 91K(320K)->91K(320K) NonClass: 83K(192K)->83K(192K) Class: 8K(128K)->8K(128K)
[2025-12-16T20:44:30.509+0800][0.732s][info][gc          ] GC(38) Pause Young (Allocation Failure) 39M->1M(209M) 0.098ms
[2025-12-16T20:44:30.509+0800][0.732s][info][gc,cpu      ] GC(38) User=0.00s Sys=0.00s Real=0.00s
[2025-12-16T20:44:30.523+0800][0.746s][info][gc,start    ] GC(39) Pause Young (Allocation Failure)
[2025-12-16T20:44:30.523+0800][0.746s][info][gc,heap     ] GC(39) PSYoungGen: 38528K(38912K)->128K(38400K) Eden: 38400K(38400K)->0K(37888K) From: 128K(512K)->128K(512K)
[2025-12-16T20:44:30.523+0800][0.746s][info][gc,heap     ] GC(39) ParOldGen: 1269K(175104K)->1269K(175104K)
[2025-12-16T20:44:30.523+0800][0.746s][info][gc,metaspace] GC(39) Metaspace: 91K(320K)->91K(320K) NonClass: 83K(192K)->83K(192K) Class: 8K(128K)->8K(128K)
[2025-12-16T20:44:30.523+0800][0.746s][info][gc          ] GC(39) Pause Young (Allocation Failure) 38M->1M(208M) 0.095ms
[2025-12-16T20:44:30.523+0800][0.746s][info][gc,cpu      ] GC(39) User=0.00s Sys=0.00s Real=0.00s
[2025-12-16T20:44:30.537+0800][0.760s][info][gc,start    ] GC(40) Pause Young (Allocation Failure)
[2025-12-16T20:44:30.537+0800][0.760s][info][gc,heap     ] GC(40) PSYoungGen: 38016K(38400K)->128K(37888K) Eden: 37888K(37888K)->0K(37376K) From: 128K(512K)->128K(512K)
[2025-12-16T20:44:30.537+0800][0.760s][info][gc,heap     ] GC(40) ParOldGen: 1269K(175104K)->1269K(175104K)
[2025-12-16T20:44:30.537+0800][0.760s][info][gc,metaspace] GC(40) Metaspace: 91K(320K)->91K(320K) NonClass: 83K(192K)->83K(192K) Class: 8K(128K)->8K(128K)
[2025-12-16T20:44:30.537+0800][0.760s][info][gc          ] GC(40) Pause Young (Allocation Failure) 38M->1M(208M) 0.089ms
[2025-12-16T20:44:30.537+0800][0.760s][info][gc,cpu      ] GC(40) User=0.00s Sys=0.00s Real=0.00s
[2025-12-16T20:44:30.550+0800][0.773s][info][gc,start    ] GC(41) Pause Young (Allocation Failure)
[2025-12-16T20:44:30.550+0800][0.773s][info][gc,heap     ] GC(41) PSYoungGen: 37504K(37888K)->128K(37376K) Eden: 37376K(37376K)->0K(36864K) From: 128K(512K)->128K(512K)
[2025-12-16T20:44:30.550+0800][0.773s][info][gc,heap     ] GC(41) ParOldGen: 1269K(175104K)->1269K(175104K)
[2025-12-16T20:44:30.550+0800][0.773s][info][gc,metaspace] GC(41) Metaspace: 91K(320K)->91K(320K) NonClass: 83K(192K)->83K(192K) Class: 8K(128K)->8K(128K)
[2025-12-16T20:44:30.550+0800][0.773s][info][gc          ] GC(41) Pause Young (Allocation Failure) 37M->1M(207M) 0.089ms
[2025-12-16T20:44:30.550+0800][0.773s][info][gc,cpu      ] GC(41) User=0.00s Sys=0.00s Real=0.00s
[2025-12-16T20:44:30.563+0800][0.786s][info][gc,start    ] GC(42) Pause Young (Allocation Failure)
[2025-12-16T20:44:30.563+0800][0.786s][info][gc,heap     ] GC(42) PSYoungGen: 36992K(37376K)->128K(36864K) Eden: 36864K(36864K)->0K(36352K) From: 128K(512K)->128K(512K)
[2025-12-16T20:44:30.563+0800][0.786s][info][gc,heap     ] GC(42) ParOldGen: 1269K(175104K)->1269K(175104K)
[2025-12-16T20:44:30.563+0800][0.786s][info][gc,metaspace] GC(42) Metaspace: 91K(320K)->91K(320K) NonClass: 83K(192K)->83K(192K) Class: 8K(128K)->8K(128K)
[2025-12-16T20:44:30.563+0800][0.786s][info][gc          ] GC(42) Pause Young (Allocation Failure) 37M->1M(207M) 0.060ms
[2025-12-16T20:44:30.563+0800][0.786s][info][gc,cpu      ] GC(42) User=0.00s Sys=0.00s Real=0.00s
[2025-12-16T20:44:30.576+0800][0.799s][info][gc,start    ] GC(43) Pause Young (Allocation Failure)
[2025-12-16T20:44:30.576+0800][0.799s][info][gc,heap     ] GC(43) PSYoungGen: 36480K(36864K)->128K(36352K) Eden: 36352K(36352K)->0K(35840K) From: 128K(512K)->128K(512K)
[2025-12-16T20:44:30.576+0800][0.799s][info][gc,heap     ] GC(43) ParOldGen: 1269K(175104K)->1269K(175104K)
[2025-12-16T20:44:30.576+0800][0.799s][info][gc,metaspace] GC(43) Metaspace: 91K(320K)->91K(320K) NonClass: 83K(192K)->83K(192K) Class: 8K(128K)->8K(128K)
[2025-12-16T20:44:30.576+0800][0.799s][info][gc          ] GC(43) Pause Young (Allocation Failure) 36M->1M(206M) 0.053ms
[2025-12-16T20:44:30.576+0800][0.799s][info][gc,cpu      ] GC(43) User=0.00s Sys=0.00s Real=0.00s
[2025-12-16T20:44:30.589+0800][0.812s][info][gc,start    ] GC(44) Pause Young (Allocation Failure)
[2025-12-16T20:44:30.589+0800][0.812s][info][gc,heap     ] GC(44) PSYoungGen: 35968K(36352K)->128K(35840K) Eden: 35840K(35840K)->0K(35328K) From: 128K(512K)->128K(512K)
[2025-12-16T20:44:30.589+0800][0.812s][info][gc,heap     ] GC(44) ParOldGen: 1269K(175104K)->1269K(175104K)
[2025-12-16T20:44:30.589+0800][0.812s][info][gc,metaspace] GC(44) Metaspace: 91K(320K)->91K(320K) NonClass: 83K(192K)->83K(192K) Class: 8K(128K)->8K(128K)
[2025-12-16T20:44:30.589+0800][0.812s][info][gc          ] GC(44) Pause Young (Allocation Failure) 36M->1M(206M) 0.054ms
[2025-12-16T20:44:30.589+0800][0.812s][info][gc,cpu      ] GC(44) User=0.00s Sys=0.00s Real=0.00s
[2025-12-16T20:44:30.601+0800][0.824s][info][gc,start    ] GC(45) Pause Young (Allocation Failure)
[2025-12-16T20:44:30.601+0800][0.824s][info][gc,heap     ] GC(45) PSYoungGen: 35456K(35840K)->128K(35328K) Eden: 35328K(35328K)->0K(34816K) From: 128K(512K)->128K(512K)
[2025-12-16T20:44:30.601+0800][0.824s][info][gc,heap     ] GC(45) ParOldGen: 1269K(175104K)->1269K(175104K)
[2025-12-16T20:44:30.601+0800][0.824s][info][gc,metaspace] GC(45) Metaspace: 91K(320K)->91K(320K) NonClass: 83K(192K)->83K(192K) Class: 8K(128K)->8K(128K)
[2025-12-16T20:44:30.601+0800][0.824s][info][gc          ] GC(45) Pause Young (Allocation Failure) 35M->1M(205M) 0.056ms
[2025-12-16T20:44:30.601+0800][0.824s][info][gc,cpu      ] GC(45) User=0.00s Sys=0.00s Real=0.00s
[2025-12-16T20:44:30.614+0800][0.837s][info][gc,start    ] GC(46) Pause Young (Allocation Failure)
[2025-12-16T20:44:30.614+0800][0.837s][info][gc,heap     ] GC(46) PSYoungGen: 34944K(35328K)->128K(34816K) Eden: 34816K(34816K)->0K(34304K) From: 128K(512K)->128K(512K)
[2025-12-16T20:44:30.614+0800][0.837s][info][gc,heap     ] GC(46) ParOldGen: 1269K(175104K)->1269K(175104K)
[2025-12-16T20:44:30.614+0800][0.837s][info][gc,metaspace] GC(46) Metaspace: 91K(320K)->91K(320K) NonClass: 83K(192K)->83K(192K) Class: 8K(128K)->8K(128K)
[2025-12-16T20:44:30.614+0800][0.837s][info][gc          ] GC(46) Pause Young (Allocation Failure) 35M->1M(205M) 0.061ms
[2025-12-16T20:44:30.614+0800][0.837s][info][gc,cpu      ] GC(46) User=0.00s Sys=0.00s Real=0.00s
[2025-12-16T20:44:30.626+0800][0.849s][info][gc,start    ] GC(47) Pause Young (Allocation Failure)
[2025-12-16T20:44:30.626+0800][0.849s][info][gc,heap     ] GC(47) PSYoungGen: 34432K(34816K)->96K(34304K) Eden: 34304K(34304K)->0K(33792K) From: 128K(512K)->96K(512K)
[2025-12-16T20:44:30.626+0800][0.849s][info][gc,heap     ] GC(47) ParOldGen: 1269K(175104K)->1269K(175104K)
[2025-12-16T20:44:30.626+0800][0.849s][info][gc,metaspace] GC(47) Metaspace: 91K(320K)->91K(320K) NonClass: 83K(192K)->83K(192K) Class: 8K(128K)->8K(128K)
[2025-12-16T20:44:30.626+0800][0.849s][info][gc          ] GC(47) Pause Young (Allocation Failure) 34M->1M(204M) 0.075ms
[2025-12-16T20:44:30.626+0800][0.849s][info][gc,cpu      ] GC(47) User=0.00s Sys=0.00s Real=0.00s
[2025-12-16T20:44:30.638+0800][0.861s][info][gc,start    ] GC(48) Pause Young (Allocation Failure)
[2025-12-16T20:44:30.638+0800][0.861s][info][gc,heap     ] GC(48) PSYoungGen: 33888K(34304K)->128K(33792K) Eden: 33792K(33792K)->0K(33280K) From: 96K(512K)->128K(512K)
[2025-12-16T20:44:30.638+0800][0.861s][info][gc,heap     ] GC(48) ParOldGen: 1269K(175104K)->1269K(175104K)
[2025-12-16T20:44:30.638+0800][0.861s][info][gc,metaspace] GC(48) Metaspace: 91K(320K)->91K(320K) NonClass: 83K(192K)->83K(192K) Class: 8K(128K)->8K(128K)
[2025-12-16T20:44:30.639+0800][0.861s][info][gc          ] GC(48) Pause Young (Allocation Failure) 34M->1M(204M) 0.055ms
[2025-12-16T20:44:30.639+0800][0.861s][info][gc,cpu      ] GC(48) User=0.00s Sys=0.00s Real=0.00s
[2025-12-16T20:44:30.650+0800][0.873s][info][gc,start    ] GC(49) Pause Young (Allocation Failure)
[2025-12-16T20:44:30.650+0800][0.873s][info][gc,heap     ] GC(49) PSYoungGen: 33408K(33792K)->64K(33280K) Eden: 33280K(33280K)->0K(32768K) From: 128K(512K)->64K(512K)
[2025-12-16T20:44:30.650+0800][0.873s][info][gc,heap     ] GC(49) ParOldGen: 1269K(175104K)->1269K(175104K)
[2025-12-16T20:44:30.650+0800][0.873s][info][gc,metaspace] GC(49) Metaspace: 91K(320K)->91K(320K) NonClass: 83K(192K)->83K(192K) Class: 8K(128K)->8K(128K)
[2025-12-16T20:44:30.650+0800][0.873s][info][gc          ] GC(49) Pause Young (Allocation Failure) 33M->1M(203M) 0.069ms
[2025-12-16T20:44:30.650+0800][0.873s][info][gc,cpu      ] GC(49) User=0.00s Sys=0.00s Real=0.00s
[2025-12-16T20:44:30.662+0800][0.885s][info][gc,start    ] GC(50) Pause Young (Allocation Failure)
[2025-12-16T20:44:30.662+0800][0.885s][info][gc,heap     ] GC(50) PSYoungGen: 32832K(33280K)->128K(32768K) Eden: 32768K(32768K)->0K(32256K) From: 64K(512K)->128K(512K)
[2025-12-16T20:44:30.662+0800][0.885s][info][gc,heap     ] GC(50) ParOldGen: 1269K(175104K)->1269K(175104K)
[2025-12-16T20:44:30.662+0800][0.885s][info][gc,metaspace] GC(50) Metaspace: 91K(320K)->91K(320K) NonClass: 83K(192K)->83K(192K) Class: 8K(128K)->8K(128K)
[2025-12-16T20:44:30.662+0800][0.885s][info][gc          ] GC(50) Pause Young (Allocation Failure) 33M->1M(203M) 0.056ms
[2025-12-16T20:44:30.662+0800][0.885s][info][gc,cpu      ] GC(50) User=0.00s Sys=0.00s Real=0.00s
[2025-12-16T20:44:30.673+0800][0.896s][info][gc,start    ] GC(51) Pause Young (Allocation Failure)
[2025-12-16T20:44:30.673+0800][0.896s][info][gc,heap     ] GC(51) PSYoungGen: 32384K(32768K)->128K(32256K) Eden: 32256K(32256K)->0K(31744K) From: 128K(512K)->128K(512K)
[2025-12-16T20:44:30.673+0800][0.896s][info][gc,heap     ] GC(51) ParOldGen: 1269K(175104K)->1269K(175104K)
[2025-12-16T20:44:30.673+0800][0.896s][info][gc,metaspace] GC(51) Metaspace: 91K(320K)->91K(320K) NonClass: 83K(192K)->83K(192K) Class: 8K(128K)->8K(128K)
[2025-12-16T20:44:30.673+0800][0.896s][info][gc          ] GC(51) Pause Young (Allocation Failure) 32M->1M(202M) 0.060ms
[2025-12-16T20:44:30.673+0800][0.896s][info][gc,cpu      ] GC(51) User=0.00s Sys=0.00s Real=0.00s
[2025-12-16T20:44:30.685+0800][0.907s][info][gc,start    ] GC(52) Pause Young (Allocation Failure)
[2025-12-16T20:44:30.685+0800][0.907s][info][gc,heap     ] GC(52) PSYoungGen: 31872K(32256K)->128K(31744K) Eden: 31744K(31744K)->0K(31232K) From: 128K(512K)->128K(512K)
[2025-12-16T20:44:30.685+0800][0.907s][info][gc,heap     ] GC(52) ParOldGen: 1269K(175104K)->1269K(175104K)
[2025-12-16T20:44:30.685+0800][0.907s][info][gc,metaspace] GC(52) Metaspace: 91K(320K)->91K(320K) NonClass: 83K(192K)->83K(192K) Class: 8K(128K)->8K(128K)
[2025-12-16T20:44:30.685+0800][0.907s][info][gc          ] GC(52) Pause Young (Allocation Failure) 32M->1M(202M) 0.057ms
[2025-12-16T20:44:30.685+0800][0.907s][info][gc,cpu      ] GC(52) User=0.00s Sys=0.00s Real=0.00s
[2025-12-16T20:44:30.696+0800][0.919s][info][gc,start    ] GC(53) Pause Young (Allocation Failure)
[2025-12-16T20:44:30.696+0800][0.919s][info][gc,heap     ] GC(53) PSYoungGen: 31360K(31744K)->128K(31744K) Eden: 31232K(31232K)->0K(31232K) From: 128K(512K)->128K(512K)
[2025-12-16T20:44:30.696+0800][0.919s][info][gc,heap     ] GC(53) ParOldGen: 1269K(175104K)->1269K(175104K)
[2025-12-16T20:44:30.696+0800][0.919s][info][gc,metaspace] GC(53) Metaspace: 91K(320K)->91K(320K) NonClass: 83K(192K)->83K(192K) Class: 8K(128K)->8K(128K)
[2025-12-16T20:44:30.696+0800][0.919s][info][gc          ] GC(53) Pause Young (Allocation Failure) 31M->1M(202M) 0.058ms
[2025-12-16T20:44:30.696+0800][0.919s][info][gc,cpu      ] GC(53) User=0.00s Sys=0.00s Real=0.00s
[2025-12-16T20:44:30.707+0800][0.930s][info][gc,start    ] GC(54) Pause Young (Allocation Failure)
[2025-12-16T20:44:30.707+0800][0.930s][info][gc,heap     ] GC(54) PSYoungGen: 31360K(31744K)->96K(31744K) Eden: 31232K(31232K)->0K(31232K) From: 128K(512K)->96K(512K)
[2025-12-16T20:44:30.707+0800][0.930s][info][gc,heap     ] GC(54) ParOldGen: 1269K(175104K)->1269K(175104K)
[2025-12-16T20:44:30.707+0800][0.930s][info][gc,metaspace] GC(54) Metaspace: 91K(320K)->91K(320K) NonClass: 83K(192K)->83K(192K) Class: 8K(128K)->8K(128K)
[2025-12-16T20:44:30.707+0800][0.930s][info][gc          ] GC(54) Pause Young (Allocation Failure) 31M->1M(202M) 0.050ms
[2025-12-16T20:44:30.707+0800][0.930s][info][gc,cpu      ] GC(54) User=0.00s Sys=0.00s Real=0.00s
[2025-12-16T20:44:30.718+0800][0.941s][info][gc,start    ] GC(55) Pause Young (Allocation Failure)
[2025-12-16T20:44:30.718+0800][0.941s][info][gc,heap     ] GC(55) PSYoungGen: 31328K(31744K)->128K(31744K) Eden: 31232K(31232K)->0K(31232K) From: 96K(512K)->128K(512K)
[2025-12-16T20:44:30.718+0800][0.941s][info][gc,heap     ] GC(55) ParOldGen: 1269K(175104K)->1269K(175104K)
[2025-12-16T20:44:30.718+0800][0.941s][info][gc,metaspace] GC(55) Metaspace: 91K(320K)->91K(320K) NonClass: 83K(192K)->83K(192K) Class: 8K(128K)->8K(128K)
[2025-12-16T20:44:30.718+0800][0.941s][info][gc          ] GC(55) Pause Young (Allocation Failure) 31M->1M(202M) 0.061ms
[2025-12-16T20:44:30.718+0800][0.941s][info][gc,cpu      ] GC(55) User=0.00s Sys=0.00s Real=0.00s
[2025-12-16T20:44:30.729+0800][0.952s][info][gc,start    ] GC(56) Pause Young (Allocation Failure)
[2025-12-16T20:44:30.729+0800][0.952s][info][gc,heap     ] GC(56) PSYoungGen: 31360K(31744K)->128K(31744K) Eden: 31232K(31232K)->0K(31232K) From: 128K(512K)->128K(512K)
[2025-12-16T20:44:30.729+0800][0.952s][info][gc,heap     ] GC(56) ParOldGen: 1269K(175104K)->1269K(175104K)
[2025-12-16T20:44:30.729+0800][0.952s][info][gc,metaspace] GC(56) Metaspace: 91K(320K)->91K(320K) NonClass: 83K(192K)->83K(192K) Class: 8K(128K)->8K(128K)
[2025-12-16T20:44:30.729+0800][0.952s][info][gc          ] GC(56) Pause Young (Allocation Failure) 31M->1M(202M) 0.054ms
[2025-12-16T20:44:30.729+0800][0.952s][info][gc,cpu      ] GC(56) User=0.00s Sys=0.00s Real=0.00s
[2025-12-16T20:44:30.740+0800][0.963s][info][gc,start    ] GC(57) Pause Young (Allocation Failure)
[2025-12-16T20:44:30.740+0800][0.963s][info][gc,heap     ] GC(57) PSYoungGen: 31360K(31744K)->128K(31744K) Eden: 31232K(31232K)->0K(31232K) From: 128K(512K)->128K(512K)
[2025-12-16T20:44:30.740+0800][0.963s][info][gc,heap     ] GC(57) ParOldGen: 1269K(175104K)->1269K(175104K)
[2025-12-16T20:44:30.740+0800][0.963s][info][gc,metaspace] GC(57) Metaspace: 91K(320K)->91K(320K) NonClass: 83K(192K)->83K(192K) Class: 8K(128K)->8K(128K)
[2025-12-16T20:44:30.740+0800][0.963s][info][gc          ] GC(57) Pause Young (Allocation Failure) 31M->1M(202M) 0.061ms
[2025-12-16T20:44:30.740+0800][0.963s][info][gc,cpu      ] GC(57) User=0.00s Sys=0.00s Real=0.00s
[2025-12-16T20:44:30.752+0800][0.974s][info][gc,start    ] GC(58) Pause Young (Allocation Failure)
[2025-12-16T20:44:30.752+0800][0.974s][info][gc,heap     ] GC(58) PSYoungGen: 31360K(31744K)->96K(31744K) Eden: 31232K(31232K)->0K(31232K) From: 128K(512K)->96K(512K)
[2025-12-16T20:44:30.752+0800][0.974s][info][gc,heap     ] GC(58) ParOldGen: 1269K(175104K)->1269K(175104K)
[2025-12-16T20:44:30.752+0800][0.975s][info][gc,metaspace] GC(58) Metaspace: 91K(320K)->91K(320K) NonClass: 83K(192K)->83K(192K) Class: 8K(128K)->8K(128K)
[2025-12-16T20:44:30.752+0800][0.975s][info][gc          ] GC(58) Pause Young (Allocation Failure) 31M->1M(202M) 0.072ms
[2025-12-16T20:44:30.752+0800][0.975s][info][gc,cpu      ] GC(58) User=0.00s Sys=0.00s Real=0.00s
[2025-12-16T20:44:30.763+0800][0.986s][info][gc,start    ] GC(59) Pause Young (Allocation Failure)
[2025-12-16T20:44:30.763+0800][0.986s][info][gc,heap     ] GC(59) PSYoungGen: 31328K(31744K)->96K(31744K) Eden: 31232K(31232K)->0K(31232K) From: 96K(512K)->96K(512K)
[2025-12-16T20:44:30.763+0800][0.986s][info][gc,heap     ] GC(59) ParOldGen: 1269K(175104K)->1269K(175104K)
[2025-12-16T20:44:30.763+0800][0.986s][info][gc,metaspace] GC(59) Metaspace: 91K(320K)->91K(320K) NonClass: 83K(192K)->83K(192K) Class: 8K(128K)->8K(128K)
[2025-12-16T20:44:30.763+0800][0.986s][info][gc          ] GC(59) Pause Young (Allocation Failure) 31M->1M(202M) 0.052ms
[2025-12-16T20:44:30.763+0800][0.986s][info][gc,cpu      ] GC(59) User=0.00s Sys=0.00s Real=0.00s
[2025-12-16T20:44:30.774+0800][0.997s][info][gc,start    ] GC(60) Pause Young (Allocation Failure)
[2025-12-16T20:44:30.774+0800][0.997s][info][gc,heap     ] GC(60) PSYoungGen: 31328K(31744K)->128K(31744K) Eden: 31232K(31232K)->0K(31232K) From: 96K(512K)->128K(512K)
[2025-12-16T20:44:30.774+0800][0.997s][info][gc,heap     ] GC(60) ParOldGen: 1269K(175104K)->1269K(175104K)
[2025-12-16T20:44:30.774+0800][0.997s][info][gc,metaspace] GC(60) Metaspace: 91K(320K)->91K(320K) NonClass: 83K(192K)->83K(192K) Class: 8K(128K)->8K(128K)
[2025-12-16T20:44:30.774+0800][0.997s][info][gc          ] GC(60) Pause Young (Allocation Failure) 31M->1M(202M) 0.051ms
[2025-12-16T20:44:30.774+0800][0.997s][info][gc,cpu      ] GC(60) User=0.00s Sys=0.00s Real=0.00s
[2025-12-16T20:44:30.785+0800][1.008s][info][gc,start    ] GC(61) Pause Young (Allocation Failure)
[2025-12-16T20:44:30.785+0800][1.008s][info][gc,heap     ] GC(61) PSYoungGen: 31360K(31744K)->64K(31744K) Eden: 31232K(31232K)->0K(31232K) From: 128K(512K)->64K(512K)
[2025-12-16T20:44:30.785+0800][1.008s][info][gc,heap     ] GC(61) ParOldGen: 1269K(175104K)->1269K(175104K)
[2025-12-16T20:44:30.785+0800][1.008s][info][gc,metaspace] GC(61) Metaspace: 91K(320K)->91K(320K) NonClass: 83K(192K)->83K(192K) Class: 8K(128K)->8K(128K)
[2025-12-16T20:44:30.785+0800][1.008s][info][gc          ] GC(61) Pause Young (Allocation Failure) 31M->1M(202M) 0.058ms
[2025-12-16T20:44:30.785+0800][1.008s][info][gc,cpu      ] GC(61) User=0.00s Sys=0.00s Real=0.00s
[2025-12-16T20:44:30.796+0800][1.019s][info][gc,start    ] GC(62) Pause Young (Allocation Failure)
[2025-12-16T20:44:30.796+0800][1.019s][info][gc,heap     ] GC(62) PSYoungGen: 31296K(31744K)->96K(31744K) Eden: 31232K(31232K)->0K(31232K) From: 64K(512K)->96K(512K)
[2025-12-16T20:44:30.796+0800][1.019s][info][gc,heap     ] GC(62) ParOldGen: 1269K(175104K)->1269K(175104K)
[2025-12-16T20:44:30.796+0800][1.019s][info][gc,metaspace] GC(62) Metaspace: 91K(320K)->91K(320K) NonClass: 83K(192K)->83K(192K) Class: 8K(128K)->8K(128K)
[2025-12-16T20:44:30.796+0800][1.019s][info][gc          ] GC(62) Pause Young (Allocation Failure) 31M->1M(202M) 0.056ms
[2025-12-16T20:44:30.796+0800][1.019s][info][gc,cpu      ] GC(62) User=0.00s Sys=0.00s Real=0.00s
[2025-12-16T20:44:30.807+0800][1.030s][info][gc,start    ] GC(63) Pause Young (Allocation Failure)
[2025-12-16T20:44:30.807+0800][1.030s][info][gc,heap     ] GC(63) PSYoungGen: 31328K(31744K)->128K(31744K) Eden: 31232K(31232K)->0K(31232K) From: 96K(512K)->128K(512K)
[2025-12-16T20:44:30.807+0800][1.030s][info][gc,heap     ] GC(63) ParOldGen: 1269K(175104K)->1269K(175104K)
[2025-12-16T20:44:30.807+0800][1.030s][info][gc,metaspace] GC(63) Metaspace: 91K(320K)->91K(320K) NonClass: 83K(192K)->83K(192K) Class: 8K(128K)->8K(128K)
[2025-12-16T20:44:30.807+0800][1.030s][info][gc          ] GC(63) Pause Young (Allocation Failure) 31M->1M(202M) 0.058ms
[2025-12-16T20:44:30.807+0800][1.030s][info][gc,cpu      ] GC(63) User=0.00s Sys=0.00s Real=0.00s
[2025-12-16T20:44:30.819+0800][1.041s][info][gc,start    ] GC(64) Pause Young (Allocation Failure)
[2025-12-16T20:44:30.819+0800][1.041s][info][gc,heap     ] GC(64) PSYoungGen: 31360K(31744K)->128K(31744K) Eden: 31232K(31232K)->0K(31232K) From: 128K(512K)->128K(512K)
[2025-12-16T20:44:30.819+0800][1.041s][info][gc,heap     ] GC(64) ParOldGen: 1269K(175104K)->1269K(175104K)
[2025-12-16T20:44:30.819+0800][1.041s][info][gc,metaspace] GC(64) Metaspace: 91K(320K)->91K(320K) NonClass: 83K(192K)->83K(192K) Class: 8K(128K)->8K(128K)
[2025-12-16T20:44:30.819+0800][1.041s][info][gc          ] GC(64) Pause Young (Allocation Failure) 31M->1M(202M) 0.051ms
[2025-12-16T20:44:30.819+0800][1.041s][info][gc,cpu      ] GC(64) User=0.00s Sys=0.00s Real=0.00s
[2025-12-16T20:44:30.830+0800][1.053s][info][gc,start    ] GC(65) Pause Young (Allocation Failure)
[2025-12-16T20:44:30.830+0800][1.053s][info][gc,heap     ] GC(65) PSYoungGen: 31360K(31744K)->64K(31744K) Eden: 31232K(31232K)->0K(31232K) From: 128K(512K)->64K(512K)
[2025-12-16T20:44:30.830+0800][1.053s][info][gc,heap     ] GC(65) ParOldGen: 1269K(175104K)->1269K(175104K)
[2025-12-16T20:44:30.830+0800][1.053s][info][gc,metaspace] GC(65) Metaspace: 91K(320K)->91K(320K) NonClass: 83K(192K)->83K(192K) Class: 8K(128K)->8K(128K)
[2025-12-16T20:44:30.830+0800][1.053s][info][gc          ] GC(65) Pause Young (Allocation Failure) 31M->1M(202M) 0.072ms
[2025-12-16T20:44:30.830+0800][1.053s][info][gc,cpu      ] GC(65) User=0.00s Sys=0.00s Real=0.00s
[2025-12-16T20:44:30.842+0800][1.065s][info][gc,start    ] GC(66) Pause Young (Allocation Failure)
[2025-12-16T20:44:30.842+0800][1.065s][info][gc,heap     ] GC(66) PSYoungGen: 31296K(31744K)->128K(31744K) Eden: 31232K(31232K)->0K(31232K) From: 64K(512K)->128K(512K)
[2025-12-16T20:44:30.842+0800][1.065s][info][gc,heap     ] GC(66) ParOldGen: 1269K(175104K)->1269K(175104K)
[2025-12-16T20:44:30.842+0800][1.065s][info][gc,metaspace] GC(66) Metaspace: 91K(320K)->91K(320K) NonClass: 83K(192K)->83K(192K) Class: 8K(128K)->8K(128K)
[2025-12-16T20:44:30.842+0800][1.065s][info][gc          ] GC(66) Pause Young (Allocation Failure) 31M->1M(202M) 0.065ms
[2025-12-16T20:44:30.842+0800][1.065s][info][gc,cpu      ] GC(66) User=0.00s Sys=0.00s Real=0.00s
[2025-12-16T20:44:30.853+0800][1.076s][info][gc,start    ] GC(67) Pause Young (Allocation Failure)
[2025-12-16T20:44:30.853+0800][1.076s][info][gc,heap     ] GC(67) PSYoungGen: 31360K(31744K)->128K(31744K) Eden: 31232K(31232K)->0K(31232K) From: 128K(512K)->128K(512K)
[2025-12-16T20:44:30.853+0800][1.076s][info][gc,heap     ] GC(67) ParOldGen: 1269K(175104K)->1269K(175104K)
[2025-12-16T20:44:30.853+0800][1.076s][info][gc,metaspace] GC(67) Metaspace: 91K(320K)->91K(320K) NonClass: 83K(192K)->83K(192K) Class: 8K(128K)->8K(128K)
[2025-12-16T20:44:30.853+0800][1.076s][info][gc          ] GC(67) Pause Young (Allocation Failure) 31M->1M(202M) 0.051ms
[2025-12-16T20:44:30.853+0800][1.076s][info][gc,cpu      ] GC(67) User=0.00s Sys=0.00s Real=0.00s
[2025-12-16T20:44:30.864+0800][1.087s][info][gc,start    ] GC(68) Pause Young (Allocation Failure)
[2025-12-16T20:44:30.864+0800][1.087s][info][gc,heap     ] GC(68) PSYoungGen: 31360K(31744K)->128K(31744K) Eden: 31232K(31232K)->0K(31232K) From: 128K(512K)->128K(512K)
[2025-12-16T20:44:30.864+0800][1.087s][info][gc,heap     ] GC(68) ParOldGen: 1269K(175104K)->1269K(175104K)
[2025-12-16T20:44:30.864+0800][1.087s][info][gc,metaspace] GC(68) Metaspace: 91K(320K)->91K(320K) NonClass: 83K(192K)->83K(192K) Class: 8K(128K)->8K(128K)
[2025-12-16T20:44:30.864+0800][1.087s][info][gc          ] GC(68) Pause Young (Allocation Failure) 31M->1M(202M) 0.063ms
[2025-12-16T20:44:30.864+0800][1.087s][info][gc,cpu      ] GC(68) User=0.00s Sys=0.00s Real=0.00s
[2025-12-16T20:44:30.876+0800][1.098s][info][gc,start    ] GC(69) Pause Young (Allocation Failure)
[2025-12-16T20:44:30.876+0800][1.098s][info][gc,heap     ] GC(69) PSYoungGen: 31360K(31744K)->64K(31744K) Eden: 31232K(31232K)->0K(31232K) From: 128K(512K)->64K(512K)
[2025-12-16T20:44:30.876+0800][1.099s][info][gc,heap     ] GC(69) ParOldGen: 1269K(175104K)->1269K(175104K)
[2025-12-16T20:44:30.876+0800][1.099s][info][gc,metaspace] GC(69) Metaspace: 91K(320K)->91K(320K) NonClass: 83K(192K)->83K(192K) Class: 8K(128K)->8K(128K)
[2025-12-16T20:44:30.876+0800][1.099s][info][gc          ] GC(69) Pause Young (Allocation Failure) 31M->1M(202M) 0.079ms
[2025-12-16T20:44:30.876+0800][1.099s][info][gc,cpu      ] GC(69) User=0.00s Sys=0.00s Real=0.00s
[2025-12-16T20:44:30.887+0800][1.110s][info][gc,start    ] GC(70) Pause Young (Allocation Failure)
[2025-12-16T20:44:30.887+0800][1.110s][info][gc,heap     ] GC(70) PSYoungGen: 31296K(31744K)->96K(31744K) Eden: 31232K(31232K)->0K(31232K) From: 64K(512K)->96K(512K)
[2025-12-16T20:44:30.887+0800][1.110s][info][gc,heap     ] GC(70) ParOldGen: 1269K(175104K)->1269K(175104K)
[2025-12-16T20:44:30.887+0800][1.110s][info][gc,metaspace] GC(70) Metaspace: 91K(320K)->91K(320K) NonClass: 83K(192K)->83K(192K) Class: 8K(128K)->8K(128K)
[2025-12-16T20:44:30.887+0800][1.110s][info][gc          ] GC(70) Pause Young (Allocation Failure) 31M->1M(202M) 0.049ms
[2025-12-16T20:44:30.887+0800][1.110s][info][gc,cpu      ] GC(70) User=0.00s Sys=0.00s Real=0.00s
[2025-12-16T20:44:30.898+0800][1.121s][info][gc,start    ] GC(71) Pause Young (Allocation Failure)
[2025-12-16T20:44:30.898+0800][1.121s][info][gc,heap     ] GC(71) PSYoungGen: 31328K(31744K)->96K(31744K) Eden: 31232K(31232K)->0K(31232K) From: 96K(512K)->96K(512K)
[2025-12-16T20:44:30.898+0800][1.121s][info][gc,heap     ] GC(71) ParOldGen: 1269K(175104K)->1269K(175104K)
[2025-12-16T20:44:30.898+0800][1.121s][info][gc,metaspace] GC(71) Metaspace: 91K(320K)->91K(320K) NonClass: 83K(192K)->83K(192K) Class: 8K(128K)->8K(128K)
[2025-12-16T20:44:30.898+0800][1.121s][info][gc          ] GC(71) Pause Young (Allocation Failure) 31M->1M(202M) 0.062ms
[2025-12-16T20:44:30.898+0800][1.121s][info][gc,cpu      ] GC(71) User=0.00s Sys=0.00s Real=0.00s
[2025-12-16T20:44:30.909+0800][1.132s][info][gc,start    ] GC(72) Pause Young (Allocation Failure)
[2025-12-16T20:44:30.909+0800][1.132s][info][gc,heap     ] GC(72) PSYoungGen: 31328K(31744K)->64K(31744K) Eden: 31232K(31232K)->0K(31232K) From: 96K(512K)->64K(512K)
[2025-12-16T20:44:30.909+0800][1.132s][info][gc,heap     ] GC(72) ParOldGen: 1269K(175104K)->1269K(175104K)
[2025-12-16T20:44:30.909+0800][1.132s][info][gc,metaspace] GC(72) Metaspace: 91K(320K)->91K(320K) NonClass: 83K(192K)->83K(192K) Class: 8K(128K)->8K(128K)
[2025-12-16T20:44:30.909+0800][1.132s][info][gc          ] GC(72) Pause Young (Allocation Failure) 31M->1M(202M) 0.093ms
[2025-12-16T20:44:30.909+0800][1.132s][info][gc,cpu      ] GC(72) User=0.00s Sys=0.00s Real=0.00s
[2025-12-16T20:44:30.921+0800][1.143s][info][gc,start    ] GC(73) Pause Young (Allocation Failure)
[2025-12-16T20:44:30.921+0800][1.144s][info][gc,heap     ] GC(73) PSYoungGen: 31296K(31744K)->32K(31744K) Eden: 31232K(31232K)->0K(31232K) From: 64K(512K)->32K(512K)
[2025-12-16T20:44:30.921+0800][1.144s][info][gc,heap     ] GC(73) ParOldGen: 1269K(175104K)->1269K(175104K)
[2025-12-16T20:44:30.921+0800][1.144s][info][gc,metaspace] GC(73) Metaspace: 91K(320K)->91K(320K) NonClass: 83K(192K)->83K(192K) Class: 8K(128K)->8K(128K)
[2025-12-16T20:44:30.921+0800][1.144s][info][gc          ] GC(73) Pause Young (Allocation Failure) 31M->1M(202M) 0.127ms
[2025-12-16T20:44:30.921+0800][1.144s][info][gc,cpu      ] GC(73) User=0.00s Sys=0.00s Real=0.00s
[2025-12-16T20:44:30.932+0800][1.155s][info][gc,start    ] GC(74) Pause Young (Allocation Failure)
[2025-12-16T20:44:30.932+0800][1.155s][info][gc,heap     ] GC(74) PSYoungGen: 31264K(31744K)->96K(31744K) Eden: 31232K(31232K)->0K(31232K) From: 32K(512K)->96K(512K)
[2025-12-16T20:44:30.932+0800][1.155s][info][gc,heap     ] GC(74) ParOldGen: 1269K(175104K)->1269K(175104K)
[2025-12-16T20:44:30.932+0800][1.155s][info][gc,metaspace] GC(74) Metaspace: 91K(320K)->91K(320K) NonClass: 83K(192K)->83K(192K) Class: 8K(128K)->8K(128K)
[2025-12-16T20:44:30.932+0800][1.155s][info][gc          ] GC(74) Pause Young (Allocation Failure) 31M->1M(202M) 0.118ms
[2025-12-16T20:44:30.932+0800][1.155s][info][gc,cpu      ] GC(74) User=0.00s Sys=0.00s Real=0.00s
[2025-12-16T20:44:30.944+0800][1.166s][info][gc,start    ] GC(75) Pause Young (Allocation Failure)
[2025-12-16T20:44:30.944+0800][1.167s][info][gc,heap     ] GC(75) PSYoungGen: 31328K(31744K)->96K(31744K) Eden: 31232K(31232K)->0K(31232K) From: 96K(512K)->96K(512K)
[2025-12-16T20:44:30.944+0800][1.167s][info][gc,heap     ] GC(75) ParOldGen: 1269K(175104K)->1269K(175104K)
[2025-12-16T20:44:30.944+0800][1.167s][info][gc,metaspace] GC(75) Metaspace: 91K(320K)->91K(320K) NonClass: 83K(192K)->83K(192K) Class: 8K(128K)->8K(128K)
[2025-12-16T20:44:30.944+0800][1.167s][info][gc          ] GC(75) Pause Young (Allocation Failure) 31M->1M(202M) 0.116ms
[2025-12-16T20:44:30.944+0800][1.167s][info][gc,cpu      ] GC(75) User=0.00s Sys=0.00s Real=0.00s
[2025-12-16T20:44:30.955+0800][1.178s][info][gc,start    ] GC(76) Pause Young (Allocation Failure)
[2025-12-16T20:44:30.955+0800][1.178s][info][gc,heap     ] GC(76) PSYoungGen: 31328K(31744K)->128K(31744K) Eden: 31232K(31232K)->0K(31232K) From: 96K(512K)->128K(512K)
[2025-12-16T20:44:30.955+0800][1.178s][info][gc,heap     ] GC(76) ParOldGen: 1269K(175104K)->1269K(175104K)
[2025-12-16T20:44:30.955+0800][1.178s][info][gc,metaspace] GC(76) Metaspace: 91K(320K)->91K(320K) NonClass: 83K(192K)->83K(192K) Class: 8K(128K)->8K(128K)
[2025-12-16T20:44:30.955+0800][1.178s][info][gc          ] GC(76) Pause Young (Allocation Failure) 31M->1M(202M) 0.097ms
[2025-12-16T20:44:30.955+0800][1.178s][info][gc,cpu      ] GC(76) User=0.00s Sys=0.00s Real=0.00s
[2025-12-16T20:44:30.966+0800][1.189s][info][gc,start    ] GC(77) Pause Young (Allocation Failure)
[2025-12-16T20:44:30.966+0800][1.189s][info][gc,heap     ] GC(77) PSYoungGen: 31360K(31744K)->96K(31744K) Eden: 31232K(31232K)->0K(31232K) From: 128K(512K)->96K(512K)
[2025-12-16T20:44:30.966+0800][1.189s][info][gc,heap     ] GC(77) ParOldGen: 1269K(175104K)->1269K(175104K)
[2025-12-16T20:44:30.966+0800][1.189s][info][gc,metaspace] GC(77) Metaspace: 91K(320K)->91K(320K) NonClass: 83K(192K)->83K(192K) Class: 8K(128K)->8K(128K)
[2025-12-16T20:44:30.966+0800][1.189s][info][gc          ] GC(77) Pause Young (Allocation Failure) 31M->1M(202M) 0.066ms
[2025-12-16T20:44:30.966+0800][1.189s][info][gc,cpu      ] GC(77) User=0.00s Sys=0.00s Real=0.00s
[2025-12-16T20:44:30.977+0800][1.200s][info][gc,start    ] GC(78) Pause Young (Allocation Failure)
[2025-12-16T20:44:30.977+0800][1.200s][info][gc,heap     ] GC(78) PSYoungGen: 31328K(31744K)->128K(31744K) Eden: 31232K(31232K)->0K(31232K) From: 96K(512K)->128K(512K)
[2025-12-16T20:44:30.977+0800][1.200s][info][gc,heap     ] GC(78) ParOldGen: 1269K(175104K)->1269K(175104K)
[2025-12-16T20:44:30.977+0800][1.200s][info][gc,metaspace] GC(78) Metaspace: 91K(320K)->91K(320K) NonClass: 83K(192K)->83K(192K) Class: 8K(128K)->8K(128K)
[2025-12-16T20:44:30.977+0800][1.200s][info][gc          ] GC(78) Pause Young (Allocation Failure) 31M->1M(202M) 0.063ms
[2025-12-16T20:44:30.977+0800][1.200s][info][gc,cpu      ] GC(78) User=0.00s Sys=0.00s Real=0.00s
[2025-12-16T20:44:30.989+0800][1.211s][info][gc,start    ] GC(79) Pause Young (Allocation Failure)
[2025-12-16T20:44:30.989+0800][1.211s][info][gc,heap     ] GC(79) PSYoungGen: 31360K(31744K)->128K(31744K) Eden: 31232K(31232K)->0K(31232K) From: 128K(512K)->128K(512K)
[2025-12-16T20:44:30.989+0800][1.211s][info][gc,heap     ] GC(79) ParOldGen: 1269K(175104K)->1269K(175104K)
[2025-12-16T20:44:30.989+0800][1.211s][info][gc,metaspace] GC(79) Metaspace: 91K(320K)->91K(320K) NonClass: 83K(192K)->83K(192K) Class: 8K(128K)->8K(128K)
[2025-12-16T20:44:30.989+0800][1.211s][info][gc          ] GC(79) Pause Young (Allocation Failure) 31M->1M(202M) 0.072ms
[2025-12-16T20:44:30.989+0800][1.211s][info][gc,cpu      ] GC(79) User=0.00s Sys=0.00s Real=0.00s
[2025-12-16T20:44:31.000+0800][1.222s][info][gc,start    ] GC(80) Pause Young (Allocation Failure)
[2025-12-16T20:44:31.000+0800][1.223s][info][gc,heap     ] GC(80) PSYoungGen: 31360K(31744K)->128K(31744K) Eden: 31232K(31232K)->0K(31232K) From: 128K(512K)->128K(512K)
[2025-12-16T20:44:31.000+0800][1.223s][info][gc,heap     ] GC(80) ParOldGen: 1269K(175104K)->1269K(175104K)
[2025-12-16T20:44:31.000+0800][1.223s][info][gc,metaspace] GC(80) Metaspace: 91K(320K)->91K(320K) NonClass: 83K(192K)->83K(192K) Class: 8K(128K)->8K(128K)
[2025-12-16T20:44:31.000+0800][1.223s][info][gc          ] GC(80) Pause Young (Allocation Failure) 31M->1M(202M) 0.058ms
[2025-12-16T20:44:31.000+0800][1.223s][info][gc,cpu      ] GC(80) User=0.00s Sys=0.00s Real=0.00s
[2025-12-16T20:44:31.011+0800][1.234s][info][gc,start    ] GC(81) Pause Young (Allocation Failure)
[2025-12-16T20:44:31.011+0800][1.234s][info][gc,heap     ] GC(81) PSYoungGen: 31360K(31744K)->128K(31744K) Eden: 31232K(31232K)->0K(31232K) From: 128K(512K)->128K(512K)
[2025-12-16T20:44:31.011+0800][1.234s][info][gc,heap     ] GC(81) ParOldGen: 1269K(175104K)->1269K(175104K)
[2025-12-16T20:44:31.011+0800][1.234s][info][gc,metaspace] GC(81) Metaspace: 91K(320K)->91K(320K) NonClass: 83K(192K)->83K(192K) Class: 8K(128K)->8K(128K)
[2025-12-16T20:44:31.011+0800][1.234s][info][gc          ] GC(81) Pause Young (Allocation Failure) 31M->1M(202M) 0.061ms
[2025-12-16T20:44:31.011+0800][1.234s][info][gc,cpu      ] GC(81) User=0.00s Sys=0.00s Real=0.00s
[2025-12-16T20:44:31.022+0800][1.245s][info][gc,start    ] GC(82) Pause Young (Allocation Failure)
[2025-12-16T20:44:31.022+0800][1.245s][info][gc,heap     ] GC(82) PSYoungGen: 31360K(31744K)->128K(31744K) Eden: 31232K(31232K)->0K(31232K) From: 128K(512K)->128K(512K)
[2025-12-16T20:44:31.022+0800][1.245s][info][gc,heap     ] GC(82) ParOldGen: 1269K(175104K)->1269K(175104K)
[2025-12-16T20:44:31.022+0800][1.245s][info][gc,metaspace] GC(82) Metaspace: 91K(320K)->91K(320K) NonClass: 83K(192K)->83K(192K) Class: 8K(128K)->8K(128K)
[2025-12-16T20:44:31.022+0800][1.245s][info][gc          ] GC(82) Pause Young (Allocation Failure) 31M->1M(202M) 0.050ms
[2025-12-16T20:44:31.022+0800][1.245s][info][gc,cpu      ] GC(82) User=0.00s Sys=0.00s Real=0.00s
[2025-12-16T20:44:31.033+0800][1.256s][info][gc,start    ] GC(83) Pause Young (Allocation Failure)
[2025-12-16T20:44:31.033+0800][1.256s][info][gc,heap     ] GC(83) PSYoungGen: 31360K(31744K)->128K(31744K) Eden: 31232K(31232K)->0K(31232K) From: 128K(512K)->128K(512K)
[2025-12-16T20:44:31.033+0800][1.256s][info][gc,heap     ] GC(83) ParOldGen: 1269K(175104K)->1269K(175104K)
[2025-12-16T20:44:31.033+0800][1.256s][info][gc,metaspace] GC(83) Metaspace: 91K(320K)->91K(320K) NonClass: 83K(192K)->83K(192K) Class: 8K(128K)->8K(128K)
[2025-12-16T20:44:31.033+0800][1.256s][info][gc          ] GC(83) Pause Young (Allocation Failure) 31M->1M(202M) 0.063ms
[2025-12-16T20:44:31.033+0800][1.256s][info][gc,cpu      ] GC(83) User=0.00s Sys=0.00s Real=0.00s
[2025-12-16T20:44:31.044+0800][1.267s][info][gc,start    ] GC(84) Pause Young (Allocation Failure)
[2025-12-16T20:44:31.044+0800][1.267s][info][gc,heap     ] GC(84) PSYoungGen: 31360K(31744K)->128K(31744K) Eden: 31232K(31232K)->0K(31232K) From: 128K(512K)->128K(512K)
[2025-12-16T20:44:31.044+0800][1.267s][info][gc,heap     ] GC(84) ParOldGen: 1269K(175104K)->1269K(175104K)
[2025-12-16T20:44:31.044+0800][1.267s][info][gc,metaspace] GC(84) Metaspace: 91K(320K)->91K(320K) NonClass: 83K(192K)->83K(192K) Class: 8K(128K)->8K(128K)
[2025-12-16T20:44:31.044+0800][1.267s][info][gc          ] GC(84) Pause Young (Allocation Failure) 31M->1M(202M) 0.069ms
[2025-12-16T20:44:31.044+0800][1.267s][info][gc,cpu      ] GC(84) User=0.00s Sys=0.00s Real=0.00s
[2025-12-16T20:44:31.055+0800][1.278s][info][gc,start    ] GC(85) Pause Young (Allocation Failure)
[2025-12-16T20:44:31.056+0800][1.278s][info][gc,heap     ] GC(85) PSYoungGen: 31360K(31744K)->96K(31744K) Eden: 31232K(31232K)->0K(31232K) From: 128K(512K)->96K(512K)
[2025-12-16T20:44:31.056+0800][1.278s][info][gc,heap     ] GC(85) ParOldGen: 1269K(175104K)->1269K(175104K)
[2025-12-16T20:44:31.056+0800][1.278s][info][gc,metaspace] GC(85) Metaspace: 91K(320K)->91K(320K) NonClass: 83K(192K)->83K(192K) Class: 8K(128K)->8K(128K)
[2025-12-16T20:44:31.056+0800][1.278s][info][gc          ] GC(85) Pause Young (Allocation Failure) 31M->1M(202M) 0.062ms
[2025-12-16T20:44:31.056+0800][1.278s][info][gc,cpu      ] GC(85) User=0.00s Sys=0.00s Real=0.00s
[2025-12-16T20:44:31.067+0800][1.289s][info][gc,start    ] GC(86) Pause Young (Allocation Failure)
[2025-12-16T20:44:31.067+0800][1.290s][info][gc,heap     ] GC(86) PSYoungGen: 31328K(31744K)->128K(31744K) Eden: 31232K(31232K)->0K(31232K) From: 96K(512K)->128K(512K)
[2025-12-16T20:44:31.067+0800][1.290s][info][gc,heap     ] GC(86) ParOldGen: 1269K(175104K)->1269K(175104K)
[2025-12-16T20:44:31.067+0800][1.290s][info][gc,metaspace] GC(86) Metaspace: 91K(320K)->91K(320K) NonClass: 83K(192K)->83K(192K) Class: 8K(128K)->8K(128K)
[2025-12-16T20:44:31.067+0800][1.290s][info][gc          ] GC(86) Pause Young (Allocation Failure) 31M->1M(202M) 0.060ms
[2025-12-16T20:44:31.067+0800][1.290s][info][gc,cpu      ] GC(86) User=0.00s Sys=0.00s Real=0.00s
[2025-12-16T20:44:31.078+0800][1.301s][info][gc,start    ] GC(87) Pause Young (Allocation Failure)
[2025-12-16T20:44:31.078+0800][1.301s][info][gc,heap     ] GC(87) PSYoungGen: 31360K(31744K)->96K(31744K) Eden: 31232K(31232K)->0K(31232K) From: 128K(512K)->96K(512K)
[2025-12-16T20:44:31.078+0800][1.301s][info][gc,heap     ] GC(87) ParOldGen: 1269K(175104K)->1269K(175104K)
[2025-12-16T20:44:31.078+0800][1.301s][info][gc,metaspace] GC(87) Metaspace: 91K(320K)->91K(320K) NonClass: 83K(192K)->83K(192K) Class: 8K(128K)->8K(128K)
[2025-12-16T20:44:31.078+0800][1.301s][info][gc          ] GC(87) Pause Young (Allocation Failure) 31M->1M(202M) 0.053ms
[2025-12-16T20:44:31.078+0800][1.301s][info][gc,cpu      ] GC(87) User=0.00s Sys=0.00s Real=0.00s
[2025-12-16T20:44:31.089+0800][1.312s][info][gc,start    ] GC(88) Pause Young (Allocation Failure)
[2025-12-16T20:44:31.089+0800][1.312s][info][gc,heap     ] GC(88) PSYoungGen: 31328K(31744K)->64K(31744K) Eden: 31232K(31232K)->0K(31232K) From: 96K(512K)->64K(512K)
[2025-12-16T20:44:31.089+0800][1.312s][info][gc,heap     ] GC(88) ParOldGen: 1269K(175104K)->1269K(175104K)
[2025-12-16T20:44:31.089+0800][1.312s][info][gc,metaspace] GC(88) Metaspace: 91K(320K)->91K(320K) NonClass: 83K(192K)->83K(192K) Class: 8K(128K)->8K(128K)
[2025-12-16T20:44:31.089+0800][1.312s][info][gc          ] GC(88) Pause Young (Allocation Failure) 31M->1M(202M) 0.071ms
[2025-12-16T20:44:31.089+0800][1.312s][info][gc,cpu      ] GC(88) User=0.00s Sys=0.00s Real=0.00s
[2025-12-16T20:44:31.100+0800][1.323s][info][gc,start    ] GC(89) Pause Young (Allocation Failure)
[2025-12-16T20:44:31.100+0800][1.323s][info][gc,heap     ] GC(89) PSYoungGen: 31296K(31744K)->128K(31744K) Eden: 31232K(31232K)->0K(31232K) From: 64K(512K)->128K(512K)
[2025-12-16T20:44:31.100+0800][1.323s][info][gc,heap     ] GC(89) ParOldGen: 1269K(175104K)->1269K(175104K)
[2025-12-16T20:44:31.100+0800][1.323s][info][gc,metaspace] GC(89) Metaspace: 91K(320K)->91K(320K) NonClass: 83K(192K)->83K(192K) Class: 8K(128K)->8K(128K)
[2025-12-16T20:44:31.100+0800][1.323s][info][gc          ] GC(89) Pause Young (Allocation Failure) 31M->1M(202M) 0.077ms
[2025-12-16T20:44:31.100+0800][1.323s][info][gc,cpu      ] GC(89) User=0.00s Sys=0.00s Real=0.00s
[2025-12-16T20:44:31.111+0800][1.334s][info][gc,start    ] GC(90) Pause Young (Allocation Failure)
[2025-12-16T20:44:31.111+0800][1.334s][info][gc,heap     ] GC(90) PSYoungGen: 31360K(31744K)->128K(31744K) Eden: 31232K(31232K)->0K(31232K) From: 128K(512K)->128K(512K)
[2025-12-16T20:44:31.111+0800][1.334s][info][gc,heap     ] GC(90) ParOldGen: 1269K(175104K)->1269K(175104K)
[2025-12-16T20:44:31.111+0800][1.334s][info][gc,metaspace] GC(90) Metaspace: 91K(320K)->91K(320K) NonClass: 83K(192K)->83K(192K) Class: 8K(128K)->8K(128K)
[2025-12-16T20:44:31.111+0800][1.334s][info][gc          ] GC(90) Pause Young (Allocation Failure) 31M->1M(202M) 0.052ms
[2025-12-16T20:44:31.111+0800][1.334s][info][gc,cpu      ] GC(90) User=0.00s Sys=0.00s Real=0.00s
[2025-12-16T20:44:31.122+0800][1.345s][info][gc,start    ] GC(91) Pause Young (Allocation Failure)
[2025-12-16T20:44:31.122+0800][1.345s][info][gc,heap     ] GC(91) PSYoungGen: 31360K(31744K)->64K(31744K) Eden: 31232K(31232K)->0K(31232K) From: 128K(512K)->64K(512K)
[2025-12-16T20:44:31.122+0800][1.345s][info][gc,heap     ] GC(91) ParOldGen: 1269K(175104K)->1269K(175104K)
[2025-12-16T20:44:31.122+0800][1.345s][info][gc,metaspace] GC(91) Metaspace: 91K(320K)->91K(320K) NonClass: 83K(192K)->83K(192K) Class: 8K(128K)->8K(128K)
[2025-12-16T20:44:31.122+0800][1.345s][info][gc          ] GC(91) Pause Young (Allocation Failure) 31M->1M(202M) 0.067ms
[2025-12-16T20:44:31.122+0800][1.345s][info][gc,cpu      ] GC(91) User=0.00s Sys=0.00s Real=0.00s
[2025-12-16T20:44:31.134+0800][1.356s][info][gc,start    ] GC(92) Pause Young (Allocation Failure)
[2025-12-16T20:44:31.134+0800][1.356s][info][gc,heap     ] GC(92) PSYoungGen: 31296K(31744K)->96K(31744K) Eden: 31232K(31232K)->0K(31232K) From: 64K(512K)->96K(512K)
[2025-12-16T20:44:31.134+0800][1.356s][info][gc,heap     ] GC(92) ParOldGen: 1269K(175104K)->1269K(175104K)
[2025-12-16T20:44:31.134+0800][1.356s][info][gc,metaspace] GC(92) Metaspace: 91K(320K)->91K(320K) NonClass: 83K(192K)->83K(192K) Class: 8K(128K)->8K(128K)
[2025-12-16T20:44:31.134+0800][1.356s][info][gc          ] GC(92) Pause Young (Allocation Failure) 31M->1M(202M) 0.066ms
[2025-12-16T20:44:31.134+0800][1.356s][info][gc,cpu      ] GC(92) User=0.00s Sys=0.00s Real=0.00s
[2025-12-16T20:44:31.145+0800][1.368s][info][gc,start    ] GC(93) Pause Young (Allocation Failure)
[2025-12-16T20:44:31.145+0800][1.368s][info][gc,heap     ] GC(93) PSYoungGen: 31328K(31744K)->128K(31744K) Eden: 31232K(31232K)->0K(31232K) From: 96K(512K)->128K(512K)
[2025-12-16T20:44:31.145+0800][1.368s][info][gc,heap     ] GC(93) ParOldGen: 1269K(175104K)->1269K(175104K)
[2025-12-16T20:44:31.145+0800][1.368s][info][gc,metaspace] GC(93) Metaspace: 91K(320K)->91K(320K) NonClass: 83K(192K)->83K(192K) Class: 8K(128K)->8K(128K)
[2025-12-16T20:44:31.145+0800][1.368s][info][gc          ] GC(93) Pause Young (Allocation Failure) 31M->1M(202M) 0.063ms
[2025-12-16T20:44:31.145+0800][1.368s][info][gc,cpu      ] GC(93) User=0.00s Sys=0.00s Real=0.00s
[2025-12-16T20:44:31.156+0800][1.379s][info][gc,start    ] GC(94) Pause Young (Allocation Failure)
[2025-12-16T20:44:31.156+0800][1.379s][info][gc,heap     ] GC(94) PSYoungGen: 31360K(31744K)->128K(31744K) Eden: 31232K(31232K)->0K(31232K) From: 128K(512K)->128K(512K)
[2025-12-16T20:44:31.156+0800][1.379s][info][gc,heap     ] GC(94) ParOldGen: 1269K(175104K)->1269K(175104K)
[2025-12-16T20:44:31.156+0800][1.379s][info][gc,metaspace] GC(94) Metaspace: 91K(320K)->91K(320K) NonClass: 83K(192K)->83K(192K) Class: 8K(128K)->8K(128K)
[2025-12-16T20:44:31.156+0800][1.379s][info][gc          ] GC(94) Pause Young (Allocation Failure) 31M->1M(202M) 0.055ms
[2025-12-16T20:44:31.156+0800][1.379s][info][gc,cpu      ] GC(94) User=0.00s Sys=0.00s Real=0.00s
[2025-12-16T20:44:31.167+0800][1.390s][info][gc,start    ] GC(95) Pause Young (Allocation Failure)
[2025-12-16T20:44:31.167+0800][1.390s][info][gc,heap     ] GC(95) PSYoungGen: 31360K(31744K)->128K(31744K) Eden: 31232K(31232K)->0K(31232K) From: 128K(512K)->128K(512K)
[2025-12-16T20:44:31.167+0800][1.390s][info][gc,heap     ] GC(95) ParOldGen: 1269K(175104K)->1269K(175104K)
[2025-12-16T20:44:31.167+0800][1.390s][info][gc,metaspace] GC(95) Metaspace: 91K(320K)->91K(320K) NonClass: 83K(192K)->83K(192K) Class: 8K(128K)->8K(128K)
[2025-12-16T20:44:31.167+0800][1.390s][info][gc          ] GC(95) Pause Young (Allocation Failure) 31M->1M(202M) 0.049ms
[2025-12-16T20:44:31.167+0800][1.390s][info][gc,cpu      ] GC(95) User=0.00s Sys=0.00s Real=0.00s
[2025-12-16T20:44:31.178+0800][1.401s][info][gc,start    ] GC(96) Pause Young (Allocation Failure)
[2025-12-16T20:44:31.178+0800][1.401s][info][gc,heap     ] GC(96) PSYoungGen: 31360K(31744K)->128K(31744K) Eden: 31232K(31232K)->0K(31232K) From: 128K(512K)->128K(512K)
[2025-12-16T20:44:31.178+0800][1.401s][info][gc,heap     ] GC(96) ParOldGen: 1269K(175104K)->1269K(175104K)
[2025-12-16T20:44:31.178+0800][1.401s][info][gc,metaspace] GC(96) Metaspace: 91K(320K)->91K(320K) NonClass: 83K(192K)->83K(192K) Class: 8K(128K)->8K(128K)
[2025-12-16T20:44:31.178+0800][1.401s][info][gc          ] GC(96) Pause Young (Allocation Failure) 31M->1M(202M) 0.052ms
[2025-12-16T20:44:31.178+0800][1.401s][info][gc,cpu      ] GC(96) User=0.00s Sys=0.00s Real=0.00s
[2025-12-16T20:44:31.189+0800][1.412s][info][gc,start    ] GC(97) Pause Young (Allocation Failure)
[2025-12-16T20:44:31.189+0800][1.412s][info][gc,heap     ] GC(97) PSYoungGen: 31360K(31744K)->128K(31744K) Eden: 31232K(31232K)->0K(31232K) From: 128K(512K)->128K(512K)
[2025-12-16T20:44:31.189+0800][1.412s][info][gc,heap     ] GC(97) ParOldGen: 1269K(175104K)->1269K(175104K)
[2025-12-16T20:44:31.189+0800][1.412s][info][gc,metaspace] GC(97) Metaspace: 91K(320K)->91K(320K) NonClass: 83K(192K)->83K(192K) Class: 8K(128K)->8K(128K)
[2025-12-16T20:44:31.189+0800][1.412s][info][gc          ] GC(97) Pause Young (Allocation Failure) 31M->1M(202M) 0.059ms
[2025-12-16T20:44:31.189+0800][1.412s][info][gc,cpu      ] GC(97) User=0.00s Sys=0.00s Real=0.00s
[2025-12-16T20:44:31.200+0800][1.423s][info][gc,start    ] GC(98) Pause Young (Allocation Failure)
[2025-12-16T20:44:31.201+0800][1.423s][info][gc,heap     ] GC(98) PSYoungGen: 31360K(31744K)->128K(31744K) Eden: 31232K(31232K)->0K(31232K) From: 128K(512K)->128K(512K)
[2025-12-16T20:44:31.201+0800][1.423s][info][gc,heap     ] GC(98) ParOldGen: 1269K(175104K)->1269K(175104K)
[2025-12-16T20:44:31.201+0800][1.423s][info][gc,metaspace] GC(98) Metaspace: 91K(320K)->91K(320K) NonClass: 83K(192K)->83K(192K) Class: 8K(128K)->8K(128K)
[2025-12-16T20:44:31.201+0800][1.423s][info][gc          ] GC(98) Pause Young (Allocation Failure) 31M->1M(202M) 0.079ms
[2025-12-16T20:44:31.201+0800][1.423s][info][gc,cpu      ] GC(98) User=0.00s Sys=0.00s Real=0.00s
[2025-12-16T20:44:31.212+0800][1.435s][info][gc,start    ] GC(99) Pause Young (Allocation Failure)
[2025-12-16T20:44:31.212+0800][1.435s][info][gc,heap     ] GC(99) PSYoungGen: 31360K(31744K)->128K(31744K) Eden: 31232K(31232K)->0K(31232K) From: 128K(512K)->128K(512K)
[2025-12-16T20:44:31.212+0800][1.435s][info][gc,heap     ] GC(99) ParOldGen: 1269K(175104K)->1269K(175104K)
[2025-12-16T20:44:31.212+0800][1.435s][info][gc,metaspace] GC(99) Metaspace: 91K(320K)->91K(320K) NonClass: 83K(192K)->83K(192K) Class: 8K(128K)->8K(128K)
[2025-12-16T20:44:31.212+0800][1.435s][info][gc          ] GC(99) Pause Young (Allocation Failure) 31M->1M(202M) 0.053ms
[2025-12-16T20:44:31.212+0800][1.435s][info][gc,cpu      ] GC(99) User=0.00s Sys=0.00s Real=0.00s
[2025-12-16T20:44:31.223+0800][1.446s][info][gc,start    ] GC(100) Pause Young (Allocation Failure)
[2025-12-16T20:44:31.223+0800][1.446s][info][gc,heap     ] GC(100) PSYoungGen: 31360K(31744K)->128K(31744K) Eden: 31232K(31232K)->0K(31232K) From: 128K(512K)->128K(512K)
[2025-12-16T20:44:31.223+0800][1.446s][info][gc,heap     ] GC(100) ParOldGen: 1269K(175104K)->1269K(175104K)
[2025-12-16T20:44:31.223+0800][1.446s][info][gc,metaspace] GC(100) Metaspace: 91K(320K)->91K(320K) NonClass: 83K(192K)->83K(192K) Class: 8K(128K)->8K(128K)
[2025-12-16T20:44:31.223+0800][1.446s][info][gc          ] GC(100) Pause Young (Allocation Failure) 31M->1M(202M) 0.056ms
[2025-12-16T20:44:31.223+0800][1.446s][info][gc,cpu      ] GC(100) User=0.00s Sys=0.00s Real=0.00s
[2025-12-16T20:44:31.234+0800][1.457s][info][gc,start    ] GC(101) Pause Young (Allocation Failure)
[2025-12-16T20:44:31.234+0800][1.457s][info][gc,heap     ] GC(101) PSYoungGen: 31360K(31744K)->128K(31744K) Eden: 31232K(31232K)->0K(31232K) From: 128K(512K)->128K(512K)
[2025-12-16T20:44:31.234+0800][1.457s][info][gc,heap     ] GC(101) ParOldGen: 1269K(175104K)->1269K(175104K)
[2025-12-16T20:44:31.234+0800][1.457s][info][gc,metaspace] GC(101) Metaspace: 91K(320K)->91K(320K) NonClass: 83K(192K)->83K(192K) Class: 8K(128K)->8K(128K)
[2025-12-16T20:44:31.234+0800][1.457s][info][gc          ] GC(101) Pause Young (Allocation Failure) 31M->1M(202M) 0.060ms
[2025-12-16T20:44:31.234+0800][1.457s][info][gc,cpu      ] GC(101) User=0.00s Sys=0.00s Real=0.00s
[2025-12-16T20:44:31.245+0800][1.468s][info][gc,start    ] GC(102) Pause Young (Allocation Failure)
[2025-12-16T20:44:31.245+0800][1.468s][info][gc,heap     ] GC(102) PSYoungGen: 31360K(31744K)->64K(31744K) Eden: 31232K(31232K)->0K(31232K) From: 128K(512K)->64K(512K)
[2025-12-16T20:44:31.245+0800][1.468s][info][gc,heap     ] GC(102) ParOldGen: 1269K(175104K)->1269K(175104K)
[2025-12-16T20:44:31.245+0800][1.468s][info][gc,metaspace] GC(102) Metaspace: 91K(320K)->91K(320K) NonClass: 83K(192K)->83K(192K) Class: 8K(128K)->8K(128K)
[2025-12-16T20:44:31.245+0800][1.468s][info][gc          ] GC(102) Pause Young (Allocation Failure) 31M->1M(202M) 0.072ms
[2025-12-16T20:44:31.245+0800][1.468s][info][gc,cpu      ] GC(102) User=0.00s Sys=0.00s Real=0.00s
[2025-12-16T20:44:31.256+0800][1.479s][info][gc,start    ] GC(103) Pause Young (Allocation Failure)
[2025-12-16T20:44:31.256+0800][1.479s][info][gc,heap     ] GC(103) PSYoungGen: 31296K(31744K)->128K(31744K) Eden: 31232K(31232K)->0K(31232K) From: 64K(512K)->128K(512K)
[2025-12-16T20:44:31.256+0800][1.479s][info][gc,heap     ] GC(103) ParOldGen: 1269K(175104K)->1269K(175104K)
[2025-12-16T20:44:31.256+0800][1.479s][info][gc,metaspace] GC(103) Metaspace: 91K(320K)->91K(320K) NonClass: 83K(192K)->83K(192K) Class: 8K(128K)->8K(128K)
[2025-12-16T20:44:31.256+0800][1.479s][info][gc          ] GC(103) Pause Young (Allocation Failure) 31M->1M(202M) 0.053ms
[2025-12-16T20:44:31.256+0800][1.479s][info][gc,cpu      ] GC(103) User=0.00s Sys=0.00s Real=0.00s
[2025-12-16T20:44:31.267+0800][1.490s][info][gc,start    ] GC(104) Pause Young (Allocation Failure)
[2025-12-16T20:44:31.267+0800][1.490s][info][gc,heap     ] GC(104) PSYoungGen: 31360K(31744K)->128K(31744K) Eden: 31232K(31232K)->0K(31232K) From: 128K(512K)->128K(512K)
[2025-12-16T20:44:31.267+0800][1.490s][info][gc,heap     ] GC(104) ParOldGen: 1269K(175104K)->1269K(175104K)
[2025-12-16T20:44:31.267+0800][1.490s][info][gc,metaspace] GC(104) Metaspace: 91K(320K)->91K(320K) NonClass: 83K(192K)->83K(192K) Class: 8K(128K)->8K(128K)
[2025-12-16T20:44:31.267+0800][1.490s][info][gc          ] GC(104) Pause Young (Allocation Failure) 31M->1M(202M) 0.059ms
[2025-12-16T20:44:31.267+0800][1.490s][info][gc,cpu      ] GC(104) User=0.00s Sys=0.00s Real=0.00s
[2025-12-16T20:44:31.278+0800][1.501s][info][gc,start    ] GC(105) Pause Young (Allocation Failure)
[2025-12-16T20:44:31.278+0800][1.501s][info][gc,heap     ] GC(105) PSYoungGen: 31360K(31744K)->64K(31744K) Eden: 31232K(31232K)->0K(31232K) From: 128K(512K)->64K(512K)
[2025-12-16T20:44:31.278+0800][1.501s][info][gc,heap     ] GC(105) ParOldGen: 1269K(175104K)->1269K(175104K)
[2025-12-16T20:44:31.278+0800][1.501s][info][gc,metaspace] GC(105) Metaspace: 91K(320K)->91K(320K) NonClass: 83K(192K)->83K(192K) Class: 8K(128K)->8K(128K)
[2025-12-16T20:44:31.278+0800][1.501s][info][gc          ] GC(105) Pause Young (Allocation Failure) 31M->1M(202M) 0.068ms
[2025-12-16T20:44:31.278+0800][1.501s][info][gc,cpu      ] GC(105) User=0.00s Sys=0.00s Real=0.00s
[2025-12-16T20:44:31.290+0800][1.512s][info][gc,start    ] GC(106) Pause Young (Allocation Failure)
[2025-12-16T20:44:31.290+0800][1.512s][info][gc,heap     ] GC(106) PSYoungGen: 31296K(31744K)->32K(31744K) Eden: 31232K(31232K)->0K(31232K) From: 64K(512K)->32K(512K)
[2025-12-16T20:44:31.290+0800][1.512s][info][gc,heap     ] GC(106) ParOldGen: 1269K(175104K)->1269K(175104K)
[2025-12-16T20:44:31.290+0800][1.512s][info][gc,metaspace] GC(106) Metaspace: 91K(320K)->91K(320K) NonClass: 83K(192K)->83K(192K) Class: 8K(128K)->8K(128K)
[2025-12-16T20:44:31.290+0800][1.512s][info][gc          ] GC(106) Pause Young (Allocation Failure) 31M->1M(202M) 0.090ms
[2025-12-16T20:44:31.290+0800][1.512s][info][gc,cpu      ] GC(106) User=0.00s Sys=0.00s Real=0.00s
[2025-12-16T20:44:31.301+0800][1.524s][info][gc,start    ] GC(107) Pause Young (Allocation Failure)
[2025-12-16T20:44:31.301+0800][1.524s][info][gc,heap     ] GC(107) PSYoungGen: 31264K(31744K)->128K(31744K) Eden: 31232K(31232K)->0K(31232K) From: 32K(512K)->128K(512K)
[2025-12-16T20:44:31.301+0800][1.524s][info][gc,heap     ] GC(107) ParOldGen: 1269K(175104K)->1269K(175104K)
[2025-12-16T20:44:31.301+0800][1.524s][info][gc,metaspace] GC(107) Metaspace: 91K(320K)->91K(320K) NonClass: 83K(192K)->83K(192K) Class: 8K(128K)->8K(128K)
[2025-12-16T20:44:31.301+0800][1.524s][info][gc          ] GC(107) Pause Young (Allocation Failure) 31M->1M(202M) 0.054ms
[2025-12-16T20:44:31.301+0800][1.524s][info][gc,cpu      ] GC(107) User=0.00s Sys=0.00s Real=0.00s
[2025-12-16T20:44:31.312+0800][1.535s][info][gc,start    ] GC(108) Pause Young (Allocation Failure)
[2025-12-16T20:44:31.312+0800][1.535s][info][gc,heap     ] GC(108) PSYoungGen: 31360K(31744K)->128K(31744K) Eden: 31232K(31232K)->0K(31232K) From: 128K(512K)->128K(512K)
[2025-12-16T20:44:31.312+0800][1.535s][info][gc,heap     ] GC(108) ParOldGen: 1269K(175104K)->1269K(175104K)
[2025-12-16T20:44:31.312+0800][1.535s][info][gc,metaspace] GC(108) Metaspace: 91K(320K)->91K(320K) NonClass: 83K(192K)->83K(192K) Class: 8K(128K)->8K(128K)
[2025-12-16T20:44:31.312+0800][1.535s][info][gc          ] GC(108) Pause Young (Allocation Failure) 31M->1M(202M) 0.059ms
[2025-12-16T20:44:31.312+0800][1.535s][info][gc,cpu      ] GC(108) User=0.00s Sys=0.00s Real=0.00s
[2025-12-16T20:44:31.323+0800][1.546s][info][gc,start    ] GC(109) Pause Young (Allocation Failure)
[2025-12-16T20:44:31.323+0800][1.546s][info][gc,heap     ] GC(109) PSYoungGen: 31360K(31744K)->128K(31744K) Eden: 31232K(31232K)->0K(31232K) From: 128K(512K)->128K(512K)
[2025-12-16T20:44:31.323+0800][1.546s][info][gc,heap     ] GC(109) ParOldGen: 1269K(175104K)->1269K(175104K)
[2025-12-16T20:44:31.323+0800][1.546s][info][gc,metaspace] GC(109) Metaspace: 91K(320K)->91K(320K) NonClass: 83K(192K)->83K(192K) Class: 8K(128K)->8K(128K)
[2025-12-16T20:44:31.323+0800][1.546s][info][gc          ] GC(109) Pause Young (Allocation Failure) 31M->1M(202M) 0.059ms
[2025-12-16T20:44:31.323+0800][1.546s][info][gc,cpu      ] GC(109) User=0.00s Sys=0.00s Real=0.00s
[2025-12-16T20:44:31.334+0800][1.557s][info][gc,start    ] GC(110) Pause Young (Allocation Failure)
[2025-12-16T20:44:31.334+0800][1.557s][info][gc,heap     ] GC(110) PSYoungGen: 31360K(31744K)->128K(31744K) Eden: 31232K(31232K)->0K(31232K) From: 128K(512K)->128K(512K)
[2025-12-16T20:44:31.334+0800][1.557s][info][gc,heap     ] GC(110) ParOldGen: 1269K(175104K)->1269K(175104K)
[2025-12-16T20:44:31.334+0800][1.557s][info][gc,metaspace] GC(110) Metaspace: 91K(320K)->91K(320K) NonClass: 83K(192K)->83K(192K) Class: 8K(128K)->8K(128K)
[2025-12-16T20:44:31.334+0800][1.557s][info][gc          ] GC(110) Pause Young (Allocation Failure) 31M->1M(202M) 0.064ms
[2025-12-16T20:44:31.334+0800][1.557s][info][gc,cpu      ] GC(110) User=0.00s Sys=0.00s Real=0.00s
[2025-12-16T20:44:31.345+0800][1.568s][info][gc,start    ] GC(111) Pause Young (Allocation Failure)
[2025-12-16T20:44:31.345+0800][1.568s][info][gc,heap     ] GC(111) PSYoungGen: 31360K(31744K)->96K(31744K) Eden: 31232K(31232K)->0K(31232K) From: 128K(512K)->96K(512K)
[2025-12-16T20:44:31.345+0800][1.568s][info][gc,heap     ] GC(111) ParOldGen: 1269K(175104K)->1269K(175104K)
[2025-12-16T20:44:31.345+0800][1.568s][info][gc,metaspace] GC(111) Metaspace: 91K(320K)->91K(320K) NonClass: 83K(192K)->83K(192K) Class: 8K(128K)->8K(128K)
[2025-12-16T20:44:31.345+0800][1.568s][info][gc          ] GC(111) Pause Young (Allocation Failure) 31M->1M(202M) 0.054ms
[2025-12-16T20:44:31.345+0800][1.568s][info][gc,cpu      ] GC(111) User=0.00s Sys=0.00s Real=0.00s
[2025-12-16T20:44:31.356+0800][1.579s][info][gc,start    ] GC(112) Pause Young (Allocation Failure)
[2025-12-16T20:44:31.356+0800][1.579s][info][gc,heap     ] GC(112) PSYoungGen: 31328K(31744K)->96K(31744K) Eden: 31232K(31232K)->0K(31232K) From: 96K(512K)->96K(512K)
[2025-12-16T20:44:31.356+0800][1.579s][info][gc,heap     ] GC(112) ParOldGen: 1269K(175104K)->1269K(175104K)
[2025-12-16T20:44:31.356+0800][1.579s][info][gc,metaspace] GC(112) Metaspace: 91K(320K)->91K(320K) NonClass: 83K(192K)->83K(192K) Class: 8K(128K)->8K(128K)
[2025-12-16T20:44:31.356+0800][1.579s][info][gc          ] GC(112) Pause Young (Allocation Failure) 31M->1M(202M) 0.051ms
[2025-12-16T20:44:31.356+0800][1.579s][info][gc,cpu      ] GC(112) User=0.00s Sys=0.00s Real=0.00s
[2025-12-16T20:44:31.367+0800][1.590s][info][gc,start    ] GC(113) Pause Young (Allocation Failure)
[2025-12-16T20:44:31.367+0800][1.590s][info][gc,heap     ] GC(113) PSYoungGen: 31328K(31744K)->96K(31744K) Eden: 31232K(31232K)->0K(31232K) From: 96K(512K)->96K(512K)
[2025-12-16T20:44:31.367+0800][1.590s][info][gc,heap     ] GC(113) ParOldGen: 1269K(175104K)->1269K(175104K)
[2025-12-16T20:44:31.367+0800][1.590s][info][gc,metaspace] GC(113) Metaspace: 91K(320K)->91K(320K) NonClass: 83K(192K)->83K(192K) Class: 8K(128K)->8K(128K)
[2025-12-16T20:44:31.367+0800][1.590s][info][gc          ] GC(113) Pause Young (Allocation Failure) 31M->1M(202M) 0.070ms
[2025-12-16T20:44:31.367+0800][1.590s][info][gc,cpu      ] GC(113) User=0.00s Sys=0.00s Real=0.00s
[2025-12-16T20:44:31.378+0800][1.601s][info][gc,start    ] GC(114) Pause Young (Allocation Failure)
[2025-12-16T20:44:31.378+0800][1.601s][info][gc,heap     ] GC(114) PSYoungGen: 31328K(31744K)->128K(31744K) Eden: 31232K(31232K)->0K(31232K) From: 96K(512K)->128K(512K)
[2025-12-16T20:44:31.378+0800][1.601s][info][gc,heap     ] GC(114) ParOldGen: 1269K(175104K)->1269K(175104K)
[2025-12-16T20:44:31.378+0800][1.601s][info][gc,metaspace] GC(114) Metaspace: 91K(320K)->91K(320K) NonClass: 83K(192K)->83K(192K) Class: 8K(128K)->8K(128K)
[2025-12-16T20:44:31.378+0800][1.601s][info][gc          ] GC(114) Pause Young (Allocation Failure) 31M->1M(202M) 0.050ms
[2025-12-16T20:44:31.378+0800][1.601s][info][gc,cpu      ] GC(114) User=0.00s Sys=0.00s Real=0.00s
[2025-12-16T20:44:31.389+0800][1.612s][info][gc,start    ] GC(115) Pause Young (Allocation Failure)
[2025-12-16T20:44:31.389+0800][1.612s][info][gc,heap     ] GC(115) PSYoungGen: 31360K(31744K)->128K(31744K) Eden: 31232K(31232K)->0K(31232K) From: 128K(512K)->128K(512K)
[2025-12-16T20:44:31.389+0800][1.612s][info][gc,heap     ] GC(115) ParOldGen: 1269K(175104K)->1269K(175104K)
[2025-12-16T20:44:31.389+0800][1.612s][info][gc,metaspace] GC(115) Metaspace: 91K(320K)->91K(320K) NonClass: 83K(192K)->83K(192K) Class: 8K(128K)->8K(128K)
[2025-12-16T20:44:31.389+0800][1.612s][info][gc          ] GC(115) Pause Young (Allocation Failure) 31M->1M(202M) 0.056ms
[2025-12-16T20:44:31.389+0800][1.612s][info][gc,cpu      ] GC(115) User=0.00s Sys=0.00s Real=0.00s
[2025-12-16T20:44:31.400+0800][1.623s][info][gc,start    ] GC(116) Pause Young (Allocation Failure)
[2025-12-16T20:44:31.401+0800][1.623s][info][gc,heap     ] GC(116) PSYoungGen: 31360K(31744K)->64K(31744K) Eden: 31232K(31232K)->0K(31232K) From: 128K(512K)->64K(512K)
[2025-12-16T20:44:31.401+0800][1.623s][info][gc,heap     ] GC(116) ParOldGen: 1269K(175104K)->1269K(175104K)
[2025-12-16T20:44:31.401+0800][1.623s][info][gc,metaspace] GC(116) Metaspace: 91K(320K)->91K(320K) NonClass: 83K(192K)->83K(192K) Class: 8K(128K)->8K(128K)
[2025-12-16T20:44:31.401+0800][1.623s][info][gc          ] GC(116) Pause Young (Allocation Failure) 31M->1M(202M) 0.071ms
[2025-12-16T20:44:31.401+0800][1.623s][info][gc,cpu      ] GC(116) User=0.00s Sys=0.00s Real=0.00s
[2025-12-16T20:44:31.412+0800][1.634s][info][gc,start    ] GC(117) Pause Young (Allocation Failure)
[2025-12-16T20:44:31.412+0800][1.634s][info][gc,heap     ] GC(117) PSYoungGen: 31296K(31744K)->128K(31744K) Eden: 31232K(31232K)->0K(31232K) From: 64K(512K)->128K(512K)
[2025-12-16T20:44:31.412+0800][1.634s][info][gc,heap     ] GC(117) ParOldGen: 1269K(175104K)->1269K(175104K)
[2025-12-16T20:44:31.412+0800][1.634s][info][gc,metaspace] GC(117) Metaspace: 91K(320K)->91K(320K) NonClass: 83K(192K)->83K(192K) Class: 8K(128K)->8K(128K)
[2025-12-16T20:44:31.412+0800][1.635s][info][gc          ] GC(117) Pause Young (Allocation Failure) 31M->1M(202M) 0.052ms
[2025-12-16T20:44:31.412+0800][1.635s][info][gc,cpu      ] GC(117) User=0.00s Sys=0.00s Real=0.00s
[2025-12-16T20:44:31.423+0800][1.646s][info][gc,start    ] GC(118) Pause Young (Allocation Failure)
[2025-12-16T20:44:31.423+0800][1.646s][info][gc,heap     ] GC(118) PSYoungGen: 31360K(31744K)->96K(31744K) Eden: 31232K(31232K)->0K(31232K) From: 128K(512K)->96K(512K)
[2025-12-16T20:44:31.423+0800][1.646s][info][gc,heap     ] GC(118) ParOldGen: 1269K(175104K)->1269K(175104K)
[2025-12-16T20:44:31.423+0800][1.646s][info][gc,metaspace] GC(118) Metaspace: 91K(320K)->91K(320K) NonClass: 83K(192K)->83K(192K) Class: 8K(128K)->8K(128K)
[2025-12-16T20:44:31.423+0800][1.646s][info][gc          ] GC(118) Pause Young (Allocation Failure) 31M->1M(202M) 0.069ms
[2025-12-16T20:44:31.423+0800][1.646s][info][gc,cpu      ] GC(118) User=0.00s Sys=0.00s Real=0.00s
[2025-12-16T20:44:31.434+0800][1.657s][info][gc,start    ] GC(119) Pause Young (Allocation Failure)
[2025-12-16T20:44:31.434+0800][1.657s][info][gc,heap     ] GC(119) PSYoungGen: 31328K(31744K)->96K(31744K) Eden: 31232K(31232K)->0K(31232K) From: 96K(512K)->96K(512K)
[2025-12-16T20:44:31.434+0800][1.657s][info][gc,heap     ] GC(119) ParOldGen: 1269K(175104K)->1269K(175104K)
[2025-12-16T20:44:31.434+0800][1.657s][info][gc,metaspace] GC(119) Metaspace: 91K(320K)->91K(320K) NonClass: 83K(192K)->83K(192K) Class: 8K(128K)->8K(128K)
[2025-12-16T20:44:31.434+0800][1.657s][info][gc          ] GC(119) Pause Young (Allocation Failure) 31M->1M(202M) 0.068ms
[2025-12-16T20:44:31.434+0800][1.657s][info][gc,cpu      ] GC(119) User=0.00s Sys=0.00s Real=0.00s
[2025-12-16T20:44:31.445+0800][1.668s][info][gc,start    ] GC(120) Pause Young (Allocation Failure)
[2025-12-16T20:44:31.445+0800][1.668s][info][gc,heap     ] GC(120) PSYoungGen: 31328K(31744K)->128K(31744K) Eden: 31232K(31232K)->0K(31232K) From: 96K(512K)->128K(512K)
[2025-12-16T20:44:31.445+0800][1.668s][info][gc,heap     ] GC(120) ParOldGen: 1269K(175104K)->1269K(175104K)
[2025-12-16T20:44:31.445+0800][1.668s][info][gc,metaspace] GC(120) Metaspace: 91K(320K)->91K(320K) NonClass: 83K(192K)->83K(192K) Class: 8K(128K)->8K(128K)
[2025-12-16T20:44:31.445+0800][1.668s][info][gc          ] GC(120) Pause Young (Allocation Failure) 31M->1M(202M) 0.050ms
[2025-12-16T20:44:31.445+0800][1.668s][info][gc,cpu      ] GC(120) User=0.00s Sys=0.00s Real=0.00s
[2025-12-16T20:44:31.456+0800][1.679s][info][gc,start    ] GC(121) Pause Young (Allocation Failure)
[2025-12-16T20:44:31.456+0800][1.679s][info][gc,heap     ] GC(121) PSYoungGen: 31360K(31744K)->96K(31744K) Eden: 31232K(31232K)->0K(31232K) From: 128K(512K)->96K(512K)
[2025-12-16T20:44:31.456+0800][1.679s][info][gc,heap     ] GC(121) ParOldGen: 1269K(175104K)->1269K(175104K)
[2025-12-16T20:44:31.456+0800][1.679s][info][gc,metaspace] GC(121) Metaspace: 91K(320K)->91K(320K) NonClass: 83K(192K)->83K(192K) Class: 8K(128K)->8K(128K)
[2025-12-16T20:44:31.456+0800][1.679s][info][gc          ] GC(121) Pause Young (Allocation Failure) 31M->1M(202M) 0.072ms
[2025-12-16T20:44:31.456+0800][1.679s][info][gc,cpu      ] GC(121) User=0.00s Sys=0.00s Real=0.00s
[2025-12-16T20:44:31.468+0800][1.690s][info][gc,start    ] GC(122) Pause Young (Allocation Failure)
[2025-12-16T20:44:31.468+0800][1.690s][info][gc,heap     ] GC(122) PSYoungGen: 31328K(31744K)->128K(31744K) Eden: 31232K(31232K)->0K(31232K) From: 96K(512K)->128K(512K)
[2025-12-16T20:44:31.468+0800][1.690s][info][gc,heap     ] GC(122) ParOldGen: 1269K(175104K)->1269K(175104K)
[2025-12-16T20:44:31.468+0800][1.690s][info][gc,metaspace] GC(122) Metaspace: 91K(320K)->91K(320K) NonClass: 83K(192K)->83K(192K) Class: 8K(128K)->8K(128K)
[2025-12-16T20:44:31.468+0800][1.690s][info][gc          ] GC(122) Pause Young (Allocation Failure) 31M->1M(202M) 0.060ms
[2025-12-16T20:44:31.468+0800][1.690s][info][gc,cpu      ] GC(122) User=0.00s Sys=0.00s Real=0.00s
[2025-12-16T20:44:31.479+0800][1.701s][info][gc,start    ] GC(123) Pause Young (Allocation Failure)
[2025-12-16T20:44:31.479+0800][1.701s][info][gc,heap     ] GC(123) PSYoungGen: 31360K(31744K)->128K(31744K) Eden: 31232K(31232K)->0K(31232K) From: 128K(512K)->128K(512K)
[2025-12-16T20:44:31.479+0800][1.701s][info][gc,heap     ] GC(123) ParOldGen: 1269K(175104K)->1269K(175104K)
[2025-12-16T20:44:31.479+0800][1.701s][info][gc,metaspace] GC(123) Metaspace: 91K(320K)->91K(320K) NonClass: 83K(192K)->83K(192K) Class: 8K(128K)->8K(128K)
[2025-12-16T20:44:31.479+0800][1.701s][info][gc          ] GC(123) Pause Young (Allocation Failure) 31M->1M(202M) 0.055ms
[2025-12-16T20:44:31.479+0800][1.701s][info][gc,cpu      ] GC(123) User=0.00s Sys=0.00s Real=0.00s
[2025-12-16T20:44:31.490+0800][1.713s][info][gc,start    ] GC(124) Pause Young (Allocation Failure)
[2025-12-16T20:44:31.490+0800][1.713s][info][gc,heap     ] GC(124) PSYoungGen: 31360K(31744K)->64K(31744K) Eden: 31232K(31232K)->0K(31232K) From: 128K(512K)->64K(512K)
[2025-12-16T20:44:31.490+0800][1.713s][info][gc,heap     ] GC(124) ParOldGen: 1269K(175104K)->1269K(175104K)
[2025-12-16T20:44:31.490+0800][1.713s][info][gc,metaspace] GC(124) Metaspace: 91K(320K)->91K(320K) NonClass: 83K(192K)->83K(192K) Class: 8K(128K)->8K(128K)
[2025-12-16T20:44:31.490+0800][1.713s][info][gc          ] GC(124) Pause Young (Allocation Failure) 31M->1M(202M) 0.074ms
[2025-12-16T20:44:31.490+0800][1.713s][info][gc,cpu      ] GC(124) User=0.00s Sys=0.00s Real=0.00s
[2025-12-16T20:44:31.501+0800][1.724s][info][gc,start    ] GC(125) Pause Young (Allocation Failure)
[2025-12-16T20:44:31.501+0800][1.724s][info][gc,heap     ] GC(125) PSYoungGen: 31296K(31744K)->128K(31744K) Eden: 31232K(31232K)->0K(31232K) From: 64K(512K)->128K(512K)
[2025-12-16T20:44:31.501+0800][1.724s][info][gc,heap     ] GC(125) ParOldGen: 1269K(175104K)->1269K(175104K)
[2025-12-16T20:44:31.501+0800][1.724s][info][gc,metaspace] GC(125) Metaspace: 91K(320K)->91K(320K) NonClass: 83K(192K)->83K(192K) Class: 8K(128K)->8K(128K)
[2025-12-16T20:44:31.501+0800][1.724s][info][gc          ] GC(125) Pause Young (Allocation Failure) 31M->1M(202M) 0.053ms
[2025-12-16T20:44:31.501+0800][1.724s][info][gc,cpu      ] GC(125) User=0.00s Sys=0.00s Real=0.00s
[2025-12-16T20:44:31.512+0800][1.735s][info][gc,start    ] GC(126) Pause Young (Allocation Failure)
[2025-12-16T20:44:31.512+0800][1.735s][info][gc,heap     ] GC(126) PSYoungGen: 31360K(31744K)->128K(31744K) Eden: 31232K(31232K)->0K(31232K) From: 128K(512K)->128K(512K)
[2025-12-16T20:44:31.512+0800][1.735s][info][gc,heap     ] GC(126) ParOldGen: 1269K(175104K)->1269K(175104K)
[2025-12-16T20:44:31.512+0800][1.735s][info][gc,metaspace] GC(126) Metaspace: 91K(320K)->91K(320K) NonClass: 83K(192K)->83K(192K) Class: 8K(128K)->8K(128K)
[2025-12-16T20:44:31.512+0800][1.735s][info][gc          ] GC(126) Pause Young (Allocation Failure) 31M->1M(202M) 0.056ms
[2025-12-16T20:44:31.512+0800][1.735s][info][gc,cpu      ] GC(126) User=0.00s Sys=0.00s Real=0.00s
[2025-12-16T20:44:31.523+0800][1.746s][info][gc,start    ] GC(127) Pause Young (Allocation Failure)
[2025-12-16T20:44:31.523+0800][1.746s][info][gc,heap     ] GC(127) PSYoungGen: 31360K(31744K)->128K(31744K) Eden: 31232K(31232K)->0K(31232K) From: 128K(512K)->128K(512K)
[2025-12-16T20:44:31.523+0800][1.746s][info][gc,heap     ] GC(127) ParOldGen: 1269K(175104K)->1269K(175104K)
[2025-12-16T20:44:31.523+0800][1.746s][info][gc,metaspace] GC(127) Metaspace: 91K(320K)->91K(320K) NonClass: 83K(192K)->83K(192K) Class: 8K(128K)->8K(128K)
[2025-12-16T20:44:31.523+0800][1.746s][info][gc          ] GC(127) Pause Young (Allocation Failure) 31M->1M(202M) 0.051ms
[2025-12-16T20:44:31.523+0800][1.746s][info][gc,cpu      ] GC(127) User=0.00s Sys=0.00s Real=0.00s
[2025-12-16T20:44:31.534+0800][1.757s][info][gc,start    ] GC(128) Pause Young (Allocation Failure)
[2025-12-16T20:44:31.534+0800][1.757s][info][gc,heap     ] GC(128) PSYoungGen: 31360K(31744K)->128K(31744K) Eden: 31232K(31232K)->0K(31232K) From: 128K(512K)->128K(512K)
[2025-12-16T20:44:31.534+0800][1.757s][info][gc,heap     ] GC(128) ParOldGen: 1269K(175104K)->1269K(175104K)
[2025-12-16T20:44:31.534+0800][1.757s][info][gc,metaspace] GC(128) Metaspace: 91K(320K)->91K(320K) NonClass: 83K(192K)->83K(192K) Class: 8K(128K)->8K(128K)
[2025-12-16T20:44:31.534+0800][1.757s][info][gc          ] GC(128) Pause Young (Allocation Failure) 31M->1M(202M) 0.059ms
[2025-12-16T20:44:31.534+0800][1.757s][info][gc,cpu      ] GC(128) User=0.00s Sys=0.00s Real=0.00s
[2025-12-16T20:44:31.546+0800][1.768s][info][gc,start    ] GC(129) Pause Young (Allocation Failure)
[2025-12-16T20:44:31.546+0800][1.768s][info][gc,heap     ] GC(129) PSYoungGen: 31360K(31744K)->128K(31744K) Eden: 31232K(31232K)->0K(31232K) From: 128K(512K)->128K(512K)
[2025-12-16T20:44:31.546+0800][1.768s][info][gc,heap     ] GC(129) ParOldGen: 1269K(175104K)->1269K(175104K)
[2025-12-16T20:44:31.546+0800][1.768s][info][gc,metaspace] GC(129) Metaspace: 91K(320K)->91K(320K) NonClass: 83K(192K)->83K(192K) Class: 8K(128K)->8K(128K)
[2025-12-16T20:44:31.546+0800][1.768s][info][gc          ] GC(129) Pause Young (Allocation Failure) 31M->1M(202M) 0.049ms
[2025-12-16T20:44:31.546+0800][1.768s][info][gc,cpu      ] GC(129) User=0.00s Sys=0.00s Real=0.00s
[2025-12-16T20:44:31.557+0800][1.780s][info][gc,start    ] GC(130) Pause Young (Allocation Failure)
[2025-12-16T20:44:31.557+0800][1.780s][info][gc,heap     ] GC(130) PSYoungGen: 31360K(31744K)->96K(31744K) Eden: 31232K(31232K)->0K(31232K) From: 128K(512K)->96K(512K)
[2025-12-16T20:44:31.557+0800][1.780s][info][gc,heap     ] GC(130) ParOldGen: 1269K(175104K)->1269K(175104K)
[2025-12-16T20:44:31.557+0800][1.780s][info][gc,metaspace] GC(130) Metaspace: 91K(320K)->91K(320K) NonClass: 83K(192K)->83K(192K) Class: 8K(128K)->8K(128K)
[2025-12-16T20:44:31.557+0800][1.780s][info][gc          ] GC(130) Pause Young (Allocation Failure) 31M->1M(202M) 0.069ms
[2025-12-16T20:44:31.557+0800][1.780s][info][gc,cpu      ] GC(130) User=0.00s Sys=0.00s Real=0.00s
[2025-12-16T20:44:31.568+0800][1.791s][info][gc,start    ] GC(131) Pause Young (Allocation Failure)
[2025-12-16T20:44:31.568+0800][1.791s][info][gc,heap     ] GC(131) PSYoungGen: 31328K(31744K)->64K(31744K) Eden: 31232K(31232K)->0K(31232K) From: 96K(512K)->64K(512K)
[2025-12-16T20:44:31.568+0800][1.791s][info][gc,heap     ] GC(131) ParOldGen: 1269K(175104K)->1269K(175104K)
[2025-12-16T20:44:31.568+0800][1.791s][info][gc,metaspace] GC(131) Metaspace: 91K(320K)->91K(320K) NonClass: 83K(192K)->83K(192K) Class: 8K(128K)->8K(128K)
[2025-12-16T20:44:31.568+0800][1.791s][info][gc          ] GC(131) Pause Young (Allocation Failure) 31M->1M(202M) 0.072ms
[2025-12-16T20:44:31.568+0800][1.791s][info][gc,cpu      ] GC(131) User=0.00s Sys=0.00s Real=0.00s
[2025-12-16T20:44:31.579+0800][1.802s][info][gc,start    ] GC(132) Pause Young (Allocation Failure)
[2025-12-16T20:44:31.579+0800][1.802s][info][gc,heap     ] GC(132) PSYoungGen: 31296K(31744K)->128K(31744K) Eden: 31232K(31232K)->0K(31232K) From: 64K(512K)->128K(512K)
[2025-12-16T20:44:31.579+0800][1.802s][info][gc,heap     ] GC(132) ParOldGen: 1269K(175104K)->1269K(175104K)
[2025-12-16T20:44:31.579+0800][1.802s][info][gc,metaspace] GC(132) Metaspace: 91K(320K)->91K(320K) NonClass: 83K(192K)->83K(192K) Class: 8K(128K)->8K(128K)
[2025-12-16T20:44:31.579+0800][1.802s][info][gc          ] GC(132) Pause Young (Allocation Failure) 31M->1M(202M) 0.070ms
[2025-12-16T20:44:31.579+0800][1.802s][info][gc,cpu      ] GC(132) User=0.00s Sys=0.00s Real=0.00s
[2025-12-16T20:44:31.590+0800][1.813s][info][gc,start    ] GC(133) Pause Young (Allocation Failure)
[2025-12-16T20:44:31.590+0800][1.813s][info][gc,heap     ] GC(133) PSYoungGen: 31360K(31744K)->96K(31744K) Eden: 31232K(31232K)->0K(31232K) From: 128K(512K)->96K(512K)
[2025-12-16T20:44:31.590+0800][1.813s][info][gc,heap     ] GC(133) ParOldGen: 1269K(175104K)->1269K(175104K)
[2025-12-16T20:44:31.590+0800][1.813s][info][gc,metaspace] GC(133) Metaspace: 91K(320K)->91K(320K) NonClass: 83K(192K)->83K(192K) Class: 8K(128K)->8K(128K)
[2025-12-16T20:44:31.590+0800][1.813s][info][gc          ] GC(133) Pause Young (Allocation Failure) 31M->1M(202M) 0.070ms
[2025-12-16T20:44:31.590+0800][1.813s][info][gc,cpu      ] GC(133) User=0.00s Sys=0.00s Real=0.00s
[2025-12-16T20:44:31.601+0800][1.824s][info][gc,start    ] GC(134) Pause Young (Allocation Failure)
[2025-12-16T20:44:31.601+0800][1.824s][info][gc,heap     ] GC(134) PSYoungGen: 31328K(31744K)->128K(31744K) Eden: 31232K(31232K)->0K(31232K) From: 96K(512K)->128K(512K)
[2025-12-16T20:44:31.601+0800][1.824s][info][gc,heap     ] GC(134) ParOldGen: 1269K(175104K)->1269K(175104K)
[2025-12-16T20:44:31.601+0800][1.824s][info][gc,metaspace] GC(134) Metaspace: 91K(320K)->91K(320K) NonClass: 83K(192K)->83K(192K) Class: 8K(128K)->8K(128K)
[2025-12-16T20:44:31.601+0800][1.824s][info][gc          ] GC(134) Pause Young (Allocation Failure) 31M->1M(202M) 0.061ms
[2025-12-16T20:44:31.601+0800][1.824s][info][gc,cpu      ] GC(134) User=0.00s Sys=0.00s Real=0.00s
[2025-12-16T20:44:31.612+0800][1.835s][info][gc,start    ] GC(135) Pause Young (Allocation Failure)
[2025-12-16T20:44:31.612+0800][1.835s][info][gc,heap     ] GC(135) PSYoungGen: 31360K(31744K)->128K(31744K) Eden: 31232K(31232K)->0K(31232K) From: 128K(512K)->128K(512K)
[2025-12-16T20:44:31.612+0800][1.835s][info][gc,heap     ] GC(135) ParOldGen: 1269K(175104K)->1269K(175104K)
[2025-12-16T20:44:31.612+0800][1.835s][info][gc,metaspace] GC(135) Metaspace: 91K(320K)->91K(320K) NonClass: 83K(192K)->83K(192K) Class: 8K(128K)->8K(128K)
[2025-12-16T20:44:31.612+0800][1.835s][info][gc          ] GC(135) Pause Young (Allocation Failure) 31M->1M(202M) 0.057ms
[2025-12-16T20:44:31.612+0800][1.835s][info][gc,cpu      ] GC(135) User=0.00s Sys=0.00s Real=0.00s
[2025-12-16T20:44:31.624+0800][1.846s][info][gc,start    ] GC(136) Pause Young (Allocation Failure)
[2025-12-16T20:44:31.624+0800][1.847s][info][gc,heap     ] GC(136) PSYoungGen: 31360K(31744K)->128K(31744K) Eden: 31232K(31232K)->0K(31232K) From: 128K(512K)->128K(512K)
[2025-12-16T20:44:31.624+0800][1.847s][info][gc,heap     ] GC(136) ParOldGen: 1269K(175104K)->1269K(175104K)
[2025-12-16T20:44:31.624+0800][1.847s][info][gc,metaspace] GC(136) Metaspace: 91K(320K)->91K(320K) NonClass: 83K(192K)->83K(192K) Class: 8K(128K)->8K(128K)
[2025-12-16T20:44:31.624+0800][1.847s][info][gc          ] GC(136) Pause Young (Allocation Failure) 31M->1M(202M) 0.059ms
[2025-12-16T20:44:31.624+0800][1.847s][info][gc,cpu      ] GC(136) User=0.00s Sys=0.00s Real=0.00s
[2025-12-16T20:44:31.635+0800][1.858s][info][gc,start    ] GC(137) Pause Young (Allocation Failure)
[2025-12-16T20:44:31.635+0800][1.858s][info][gc,heap     ] GC(137) PSYoungGen: 31360K(31744K)->128K(31744K) Eden: 31232K(31232K)->0K(31232K) From: 128K(512K)->128K(512K)
[2025-12-16T20:44:31.635+0800][1.858s][info][gc,heap     ] GC(137) ParOldGen: 1269K(175104K)->1269K(175104K)
[2025-12-16T20:44:31.635+0800][1.858s][info][gc,metaspace] GC(137) Metaspace: 91K(320K)->91K(320K) NonClass: 83K(192K)->83K(192K) Class: 8K(128K)->8K(128K)
[2025-12-16T20:44:31.635+0800][1.858s][info][gc          ] GC(137) Pause Young (Allocation Failure) 31M->1M(202M) 0.068ms
[2025-12-16T20:44:31.635+0800][1.858s][info][gc,cpu      ] GC(137) User=0.00s Sys=0.00s Real=0.00s
[2025-12-16T20:44:31.646+0800][1.869s][info][gc,start    ] GC(138) Pause Young (Allocation Failure)
[2025-12-16T20:44:31.646+0800][1.869s][info][gc,heap     ] GC(138) PSYoungGen: 31360K(31744K)->128K(31744K) Eden: 31232K(31232K)->0K(31232K) From: 128K(512K)->128K(512K)
[2025-12-16T20:44:31.646+0800][1.869s][info][gc,heap     ] GC(138) ParOldGen: 1269K(175104K)->1269K(175104K)
[2025-12-16T20:44:31.646+0800][1.869s][info][gc,metaspace] GC(138) Metaspace: 91K(320K)->91K(320K) NonClass: 83K(192K)->83K(192K) Class: 8K(128K)->8K(128K)
[2025-12-16T20:44:31.646+0800][1.869s][info][gc          ] GC(138) Pause Young (Allocation Failure) 31M->1M(202M) 0.056ms
[2025-12-16T20:44:31.646+0800][1.869s][info][gc,cpu      ] GC(138) User=0.00s Sys=0.00s Real=0.00s
[2025-12-16T20:44:31.657+0800][1.880s][info][gc,start    ] GC(139) Pause Young (Allocation Failure)
[2025-12-16T20:44:31.657+0800][1.880s][info][gc,heap     ] GC(139) PSYoungGen: 31360K(31744K)->64K(31744K) Eden: 31232K(31232K)->0K(31232K) From: 128K(512K)->64K(512K)
[2025-12-16T20:44:31.657+0800][1.880s][info][gc,heap     ] GC(139) ParOldGen: 1269K(175104K)->1269K(175104K)
[2025-12-16T20:44:31.657+0800][1.880s][info][gc,metaspace] GC(139) Metaspace: 91K(320K)->91K(320K) NonClass: 83K(192K)->83K(192K) Class: 8K(128K)->8K(128K)
[2025-12-16T20:44:31.657+0800][1.880s][info][gc          ] GC(139) Pause Young (Allocation Failure) 31M->1M(202M) 0.066ms
[2025-12-16T20:44:31.657+0800][1.880s][info][gc,cpu      ] GC(139) User=0.00s Sys=0.00s Real=0.00s
[2025-12-16T20:44:31.668+0800][1.891s][info][gc,start    ] GC(140) Pause Young (Allocation Failure)
[2025-12-16T20:44:31.668+0800][1.891s][info][gc,heap     ] GC(140) PSYoungGen: 31296K(31744K)->128K(31744K) Eden: 31232K(31232K)->0K(31232K) From: 64K(512K)->128K(512K)
[2025-12-16T20:44:31.668+0800][1.891s][info][gc,heap     ] GC(140) ParOldGen: 1269K(175104K)->1269K(175104K)
[2025-12-16T20:44:31.668+0800][1.891s][info][gc,metaspace] GC(140) Metaspace: 91K(320K)->91K(320K) NonClass: 83K(192K)->83K(192K) Class: 8K(128K)->8K(128K)
[2025-12-16T20:44:31.668+0800][1.891s][info][gc          ] GC(140) Pause Young (Allocation Failure) 31M->1M(202M) 0.050ms
[2025-12-16T20:44:31.668+0800][1.891s][info][gc,cpu      ] GC(140) User=0.00s Sys=0.00s Real=0.00s
[2025-12-16T20:44:31.679+0800][1.902s][info][gc,start    ] GC(141) Pause Young (Allocation Failure)
[2025-12-16T20:44:31.679+0800][1.902s][info][gc,heap     ] GC(141) PSYoungGen: 31360K(31744K)->96K(31744K) Eden: 31232K(31232K)->0K(31232K) From: 128K(512K)->96K(512K)
[2025-12-16T20:44:31.679+0800][1.902s][info][gc,heap     ] GC(141) ParOldGen: 1269K(175104K)->1269K(175104K)
[2025-12-16T20:44:31.679+0800][1.902s][info][gc,metaspace] GC(141) Metaspace: 91K(320K)->91K(320K) NonClass: 83K(192K)->83K(192K) Class: 8K(128K)->8K(128K)
[2025-12-16T20:44:31.679+0800][1.902s][info][gc          ] GC(141) Pause Young (Allocation Failure) 31M->1M(202M) 0.060ms
[2025-12-16T20:44:31.679+0800][1.902s][info][gc,cpu      ] GC(141) User=0.00s Sys=0.00s Real=0.00s
[2025-12-16T20:44:31.690+0800][1.913s][info][gc,start    ] GC(142) Pause Young (Allocation Failure)
[2025-12-16T20:44:31.690+0800][1.913s][info][gc,heap     ] GC(142) PSYoungGen: 31328K(31744K)->128K(31744K) Eden: 31232K(31232K)->0K(31232K) From: 96K(512K)->128K(512K)
[2025-12-16T20:44:31.690+0800][1.913s][info][gc,heap     ] GC(142) ParOldGen: 1269K(175104K)->1269K(175104K)
[2025-12-16T20:44:31.690+0800][1.913s][info][gc,metaspace] GC(142) Metaspace: 91K(320K)->91K(320K) NonClass: 83K(192K)->83K(192K) Class: 8K(128K)->8K(128K)
[2025-12-16T20:44:31.690+0800][1.913s][info][gc          ] GC(142) Pause Young (Allocation Failure) 31M->1M(202M) 0.055ms
[2025-12-16T20:44:31.690+0800][1.913s][info][gc,cpu      ] GC(142) User=0.00s Sys=0.00s Real=0.00s
[2025-12-16T20:44:31.702+0800][1.924s][info][gc,start    ] GC(143) Pause Young (Allocation Failure)
[2025-12-16T20:44:31.702+0800][1.924s][info][gc,heap     ] GC(143) PSYoungGen: 31360K(31744K)->128K(31744K) Eden: 31232K(31232K)->0K(31232K) From: 128K(512K)->128K(512K)
[2025-12-16T20:44:31.702+0800][1.924s][info][gc,heap     ] GC(143) ParOldGen: 1269K(175104K)->1269K(175104K)
[2025-12-16T20:44:31.702+0800][1.924s][info][gc,metaspace] GC(143) Metaspace: 91K(320K)->91K(320K) NonClass: 83K(192K)->83K(192K) Class: 8K(128K)->8K(128K)
[2025-12-16T20:44:31.702+0800][1.924s][info][gc          ] GC(143) Pause Young (Allocation Failure) 31M->1M(202M) 0.050ms
[2025-12-16T20:44:31.702+0800][1.924s][info][gc,cpu      ] GC(143) User=0.00s Sys=0.00s Real=0.00s
[2025-12-16T20:44:31.713+0800][1.936s][info][gc,start    ] GC(144) Pause Young (Allocation Failure)
[2025-12-16T20:44:31.713+0800][1.936s][info][gc,heap     ] GC(144) PSYoungGen: 31360K(31744K)->128K(31744K) Eden: 31232K(31232K)->0K(31232K) From: 128K(512K)->128K(512K)
[2025-12-16T20:44:31.713+0800][1.936s][info][gc,heap     ] GC(144) ParOldGen: 1269K(175104K)->1269K(175104K)
[2025-12-16T20:44:31.713+0800][1.936s][info][gc,metaspace] GC(144) Metaspace: 91K(320K)->91K(320K) NonClass: 83K(192K)->83K(192K) Class: 8K(128K)->8K(128K)
[2025-12-16T20:44:31.713+0800][1.936s][info][gc          ] GC(144) Pause Young (Allocation Failure) 31M->1M(202M) 0.058ms
[2025-12-16T20:44:31.713+0800][1.936s][info][gc,cpu      ] GC(144) User=0.00s Sys=0.00s Real=0.00s
[2025-12-16T20:44:31.724+0800][1.947s][info][gc,start    ] GC(145) Pause Young (Allocation Failure)
[2025-12-16T20:44:31.724+0800][1.947s][info][gc,heap     ] GC(145) PSYoungGen: 31360K(31744K)->128K(31744K) Eden: 31232K(31232K)->0K(31232K) From: 128K(512K)->128K(512K)
[2025-12-16T20:44:31.724+0800][1.947s][info][gc,heap     ] GC(145) ParOldGen: 1269K(175104K)->1269K(175104K)
[2025-12-16T20:44:31.724+0800][1.947s][info][gc,metaspace] GC(145) Metaspace: 91K(320K)->91K(320K) NonClass: 83K(192K)->83K(192K) Class: 8K(128K)->8K(128K)
[2025-12-16T20:44:31.724+0800][1.947s][info][gc          ] GC(145) Pause Young (Allocation Failure) 31M->1M(202M) 0.048ms
[2025-12-16T20:44:31.724+0800][1.947s][info][gc,cpu      ] GC(145) User=0.00s Sys=0.00s Real=0.00s
[2025-12-16T20:44:31.735+0800][1.958s][info][gc,start    ] GC(146) Pause Young (Allocation Failure)
[2025-12-16T20:44:31.735+0800][1.958s][info][gc,heap     ] GC(146) PSYoungGen: 31360K(31744K)->64K(31744K) Eden: 31232K(31232K)->0K(31232K) From: 128K(512K)->64K(512K)
[2025-12-16T20:44:31.735+0800][1.958s][info][gc,heap     ] GC(146) ParOldGen: 1269K(175104K)->1269K(175104K)
[2025-12-16T20:44:31.735+0800][1.958s][info][gc,metaspace] GC(146) Metaspace: 91K(320K)->91K(320K) NonClass: 83K(192K)->83K(192K) Class: 8K(128K)->8K(128K)
[2025-12-16T20:44:31.735+0800][1.958s][info][gc          ] GC(146) Pause Young (Allocation Failure) 31M->1M(202M) 0.070ms
[2025-12-16T20:44:31.735+0800][1.958s][info][gc,cpu      ] GC(146) User=0.00s Sys=0.00s Real=0.00s
[2025-12-16T20:44:31.746+0800][1.969s][info][gc,start    ] GC(147) Pause Young (Allocation Failure)
[2025-12-16T20:44:31.746+0800][1.969s][info][gc,heap     ] GC(147) PSYoungGen: 31296K(31744K)->128K(31744K) Eden: 31232K(31232K)->0K(31232K) From: 64K(512K)->128K(512K)
[2025-12-16T20:44:31.746+0800][1.969s][info][gc,heap     ] GC(147) ParOldGen: 1269K(175104K)->1269K(175104K)
[2025-12-16T20:44:31.746+0800][1.969s][info][gc,metaspace] GC(147) Metaspace: 91K(320K)->91K(320K) NonClass: 83K(192K)->83K(192K) Class: 8K(128K)->8K(128K)
[2025-12-16T20:44:31.746+0800][1.969s][info][gc          ] GC(147) Pause Young (Allocation Failure) 31M->1M(202M) 0.052ms
[2025-12-16T20:44:31.746+0800][1.969s][info][gc,cpu      ] GC(147) User=0.00s Sys=0.00s Real=0.00s
[2025-12-16T20:44:31.758+0800][1.980s][info][gc,start    ] GC(148) Pause Young (Allocation Failure)
[2025-12-16T20:44:31.758+0800][1.980s][info][gc,heap     ] GC(148) PSYoungGen: 31360K(31744K)->128K(31744K) Eden: 31232K(31232K)->0K(31232K) From: 128K(512K)->128K(512K)
[2025-12-16T20:44:31.758+0800][1.980s][info][gc,heap     ] GC(148) ParOldGen: 1269K(175104K)->1269K(175104K)
[2025-12-16T20:44:31.758+0800][1.980s][info][gc,metaspace] GC(148) Metaspace: 91K(320K)->91K(320K) NonClass: 83K(192K)->83K(192K) Class: 8K(128K)->8K(128K)
[2025-12-16T20:44:31.758+0800][1.980s][info][gc          ] GC(148) Pause Young (Allocation Failure) 31M->1M(202M) 0.052ms
[2025-12-16T20:44:31.758+0800][1.980s][info][gc,cpu      ] GC(148) User=0.00s Sys=0.00s Real=0.00s
[2025-12-16T20:44:31.769+0800][1.992s][info][gc,start    ] GC(149) Pause Young (Allocation Failure)
[2025-12-16T20:44:31.769+0800][1.992s][info][gc,heap     ] GC(149) PSYoungGen: 31360K(31744K)->128K(31744K) Eden: 31232K(31232K)->0K(31232K) From: 128K(512K)->128K(512K)
[2025-12-16T20:44:31.769+0800][1.992s][info][gc,heap     ] GC(149) ParOldGen: 1269K(175104K)->1269K(175104K)
[2025-12-16T20:44:31.769+0800][1.992s][info][gc,metaspace] GC(149) Metaspace: 91K(320K)->91K(320K) NonClass: 83K(192K)->83K(192K) Class: 8K(128K)->8K(128K)
[2025-12-16T20:44:31.769+0800][1.992s][info][gc          ] GC(149) Pause Young (Allocation Failure) 31M->1M(202M) 0.056ms
[2025-12-16T20:44:31.769+0800][1.992s][info][gc,cpu      ] GC(149) User=0.00s Sys=0.00s Real=0.00s
[2025-12-16T20:44:31.780+0800][2.003s][info][gc,start    ] GC(150) Pause Young (Allocation Failure)
[2025-12-16T20:44:31.780+0800][2.003s][info][gc,heap     ] GC(150) PSYoungGen: 31360K(31744K)->128K(31744K) Eden: 31232K(31232K)->0K(31232K) From: 128K(512K)->128K(512K)
[2025-12-16T20:44:31.780+0800][2.003s][info][gc,heap     ] GC(150) ParOldGen: 1269K(175104K)->1269K(175104K)
[2025-12-16T20:44:31.780+0800][2.003s][info][gc,metaspace] GC(150) Metaspace: 91K(320K)->91K(320K) NonClass: 83K(192K)->83K(192K) Class: 8K(128K)->8K(128K)
[2025-12-16T20:44:31.780+0800][2.003s][info][gc          ] GC(150) Pause Young (Allocation Failure) 31M->1M(202M) 0.058ms
[2025-12-16T20:44:31.780+0800][2.003s][info][gc,cpu      ] GC(150) User=0.00s Sys=0.00s Real=0.00s
[2025-12-16T20:44:31.791+0800][2.014s][info][gc,start    ] GC(151) Pause Young (Allocation Failure)
[2025-12-16T20:44:31.791+0800][2.014s][info][gc,heap     ] GC(151) PSYoungGen: 31360K(31744K)->96K(31744K) Eden: 31232K(31232K)->0K(31232K) From: 128K(512K)->96K(512K)
[2025-12-16T20:44:31.791+0800][2.014s][info][gc,heap     ] GC(151) ParOldGen: 1269K(175104K)->1269K(175104K)
[2025-12-16T20:44:31.791+0800][2.014s][info][gc,metaspace] GC(151) Metaspace: 91K(320K)->91K(320K) NonClass: 83K(192K)->83K(192K) Class: 8K(128K)->8K(128K)
[2025-12-16T20:44:31.791+0800][2.014s][info][gc          ] GC(151) Pause Young (Allocation Failure) 31M->1M(202M) 0.077ms
[2025-12-16T20:44:31.791+0800][2.014s][info][gc,cpu      ] GC(151) User=0.00s Sys=0.00s Real=0.00s
[2025-12-16T20:44:31.802+0800][2.025s][info][gc,start    ] GC(152) Pause Young (Allocation Failure)
[2025-12-16T20:44:31.802+0800][2.025s][info][gc,heap     ] GC(152) PSYoungGen: 31328K(31744K)->128K(31744K) Eden: 31232K(31232K)->0K(31232K) From: 96K(512K)->128K(512K)
[2025-12-16T20:44:31.802+0800][2.025s][info][gc,heap     ] GC(152) ParOldGen: 1269K(175104K)->1269K(175104K)
[2025-12-16T20:44:31.802+0800][2.025s][info][gc,metaspace] GC(152) Metaspace: 91K(320K)->91K(320K) NonClass: 83K(192K)->83K(192K) Class: 8K(128K)->8K(128K)
[2025-12-16T20:44:31.802+0800][2.025s][info][gc          ] GC(152) Pause Young (Allocation Failure) 31M->1M(202M) 0.058ms
[2025-12-16T20:44:31.802+0800][2.025s][info][gc,cpu      ] GC(152) User=0.00s Sys=0.00s Real=0.00s
[2025-12-16T20:44:31.813+0800][2.036s][info][gc,start    ] GC(153) Pause Young (Allocation Failure)
[2025-12-16T20:44:31.813+0800][2.036s][info][gc,heap     ] GC(153) PSYoungGen: 31360K(31744K)->96K(31744K) Eden: 31232K(31232K)->0K(31232K) From: 128K(512K)->96K(512K)
[2025-12-16T20:44:31.813+0800][2.036s][info][gc,heap     ] GC(153) ParOldGen: 1269K(175104K)->1269K(175104K)
[2025-12-16T20:44:31.813+0800][2.036s][info][gc,metaspace] GC(153) Metaspace: 91K(320K)->91K(320K) NonClass: 83K(192K)->83K(192K) Class: 8K(128K)->8K(128K)
[2025-12-16T20:44:31.813+0800][2.036s][info][gc          ] GC(153) Pause Young (Allocation Failure) 31M->1M(202M) 0.055ms
[2025-12-16T20:44:31.813+0800][2.036s][info][gc,cpu      ] GC(153) User=0.00s Sys=0.00s Real=0.00s
[2025-12-16T20:44:31.825+0800][2.048s][info][gc,start    ] GC(154) Pause Young (Allocation Failure)
[2025-12-16T20:44:31.825+0800][2.048s][info][gc,heap     ] GC(154) PSYoungGen: 31328K(31744K)->128K(31744K) Eden: 31232K(31232K)->0K(31232K) From: 96K(512K)->128K(512K)
[2025-12-16T20:44:31.825+0800][2.048s][info][gc,heap     ] GC(154) ParOldGen: 1269K(175104K)->1269K(175104K)
[2025-12-16T20:44:31.825+0800][2.048s][info][gc,metaspace] GC(154) Metaspace: 91K(320K)->91K(320K) NonClass: 83K(192K)->83K(192K) Class: 8K(128K)->8K(128K)
[2025-12-16T20:44:31.825+0800][2.048s][info][gc          ] GC(154) Pause Young (Allocation Failure) 31M->1M(202M) 0.050ms
[2025-12-16T20:44:31.825+0800][2.048s][info][gc,cpu      ] GC(154) User=0.00s Sys=0.00s Real=0.00s
[2025-12-16T20:44:31.836+0800][2.059s][info][gc,start    ] GC(155) Pause Young (Allocation Failure)
[2025-12-16T20:44:31.836+0800][2.059s][info][gc,heap     ] GC(155) PSYoungGen: 31360K(31744K)->128K(31744K) Eden: 31232K(31232K)->0K(31232K) From: 128K(512K)->128K(512K)
[2025-12-16T20:44:31.836+0800][2.059s][info][gc,heap     ] GC(155) ParOldGen: 1269K(175104K)->1269K(175104K)
[2025-12-16T20:44:31.836+0800][2.059s][info][gc,metaspace] GC(155) Metaspace: 91K(320K)->91K(320K) NonClass: 83K(192K)->83K(192K) Class: 8K(128K)->8K(128K)
[2025-12-16T20:44:31.836+0800][2.059s][info][gc          ] GC(155) Pause Young (Allocation Failure) 31M->1M(202M) 0.049ms
[2025-12-16T20:44:31.836+0800][2.059s][info][gc,cpu      ] GC(155) User=0.00s Sys=0.01s Real=0.00s
[2025-12-16T20:44:31.847+0800][2.070s][info][gc,start    ] GC(156) Pause Young (Allocation Failure)
[2025-12-16T20:44:31.847+0800][2.070s][info][gc,heap     ] GC(156) PSYoungGen: 31360K(31744K)->128K(31744K) Eden: 31232K(31232K)->0K(31232K) From: 128K(512K)->128K(512K)
[2025-12-16T20:44:31.847+0800][2.070s][info][gc,heap     ] GC(156) ParOldGen: 1269K(175104K)->1269K(175104K)
[2025-12-16T20:44:31.847+0800][2.070s][info][gc,metaspace] GC(156) Metaspace: 91K(320K)->91K(320K) NonClass: 83K(192K)->83K(192K) Class: 8K(128K)->8K(128K)
[2025-12-16T20:44:31.847+0800][2.070s][info][gc          ] GC(156) Pause Young (Allocation Failure) 31M->1M(202M) 0.058ms
[2025-12-16T20:44:31.847+0800][2.070s][info][gc,cpu      ] GC(156) User=0.00s Sys=0.00s Real=0.00s
[2025-12-16T20:44:31.858+0800][2.081s][info][gc,start    ] GC(157) Pause Young (Allocation Failure)
[2025-12-16T20:44:31.858+0800][2.081s][info][gc,heap     ] GC(157) PSYoungGen: 31360K(31744K)->128K(31744K) Eden: 31232K(31232K)->0K(31232K) From: 128K(512K)->128K(512K)
[2025-12-16T20:44:31.858+0800][2.081s][info][gc,heap     ] GC(157) ParOldGen: 1269K(175104K)->1269K(175104K)
[2025-12-16T20:44:31.858+0800][2.081s][info][gc,metaspace] GC(157) Metaspace: 91K(320K)->91K(320K) NonClass: 83K(192K)->83K(192K) Class: 8K(128K)->8K(128K)
[2025-12-16T20:44:31.858+0800][2.081s][info][gc          ] GC(157) Pause Young (Allocation Failure) 31M->1M(202M) 0.056ms
[2025-12-16T20:44:31.858+0800][2.081s][info][gc,cpu      ] GC(157) User=0.00s Sys=0.00s Real=0.00s
[2025-12-16T20:44:31.869+0800][2.092s][info][gc,start    ] GC(158) Pause Young (Allocation Failure)
[2025-12-16T20:44:31.869+0800][2.092s][info][gc,heap     ] GC(158) PSYoungGen: 31360K(31744K)->96K(31744K) Eden: 31232K(31232K)->0K(31232K) From: 128K(512K)->96K(512K)
[2025-12-16T20:44:31.869+0800][2.092s][info][gc,heap     ] GC(158) ParOldGen: 1269K(175104K)->1269K(175104K)
[2025-12-16T20:44:31.869+0800][2.092s][info][gc,metaspace] GC(158) Metaspace: 91K(320K)->91K(320K) NonClass: 83K(192K)->83K(192K) Class: 8K(128K)->8K(128K)
[2025-12-16T20:44:31.869+0800][2.092s][info][gc          ] GC(158) Pause Young (Allocation Failure) 31M->1M(202M) 0.072ms
[2025-12-16T20:44:31.869+0800][2.092s][info][gc,cpu      ] GC(158) User=0.00s Sys=0.00s Real=0.00s
[2025-12-16T20:44:31.880+0800][2.103s][info][gc,start    ] GC(159) Pause Young (Allocation Failure)
[2025-12-16T20:44:31.880+0800][2.103s][info][gc,heap     ] GC(159) PSYoungGen: 31328K(31744K)->128K(31744K) Eden: 31232K(31232K)->0K(31232K) From: 96K(512K)->128K(512K)
[2025-12-16T20:44:31.880+0800][2.103s][info][gc,heap     ] GC(159) ParOldGen: 1269K(175104K)->1269K(175104K)
[2025-12-16T20:44:31.880+0800][2.103s][info][gc,metaspace] GC(159) Metaspace: 91K(320K)->91K(320K) NonClass: 83K(192K)->83K(192K) Class: 8K(128K)->8K(128K)
[2025-12-16T20:44:31.880+0800][2.103s][info][gc          ] GC(159) Pause Young (Allocation Failure) 31M->1M(202M) 0.057ms
[2025-12-16T20:44:31.880+0800][2.103s][info][gc,cpu      ] GC(159) User=0.00s Sys=0.00s Real=0.00s
[2025-12-16T20:44:31.891+0800][2.114s][info][gc,start    ] GC(160) Pause Young (Allocation Failure)
[2025-12-16T20:44:31.891+0800][2.114s][info][gc,heap     ] GC(160) PSYoungGen: 31360K(31744K)->128K(31744K) Eden: 31232K(31232K)->0K(31232K) From: 128K(512K)->128K(512K)
[2025-12-16T20:44:31.891+0800][2.114s][info][gc,heap     ] GC(160) ParOldGen: 1269K(175104K)->1269K(175104K)
[2025-12-16T20:44:31.891+0800][2.114s][info][gc,metaspace] GC(160) Metaspace: 91K(320K)->91K(320K) NonClass: 83K(192K)->83K(192K) Class: 8K(128K)->8K(128K)
[2025-12-16T20:44:31.891+0800][2.114s][info][gc          ] GC(160) Pause Young (Allocation Failure) 31M->1M(202M) 0.045ms
[2025-12-16T20:44:31.891+0800][2.114s][info][gc,cpu      ] GC(160) User=0.00s Sys=0.00s Real=0.00s
[2025-12-16T20:44:31.903+0800][2.126s][info][gc,start    ] GC(161) Pause Young (Allocation Failure)
[2025-12-16T20:44:31.903+0800][2.126s][info][gc,heap     ] GC(161) PSYoungGen: 31360K(31744K)->96K(31744K) Eden: 31232K(31232K)->0K(31232K) From: 128K(512K)->96K(512K)
[2025-12-16T20:44:31.903+0800][2.126s][info][gc,heap     ] GC(161) ParOldGen: 1269K(175104K)->1269K(175104K)
[2025-12-16T20:44:31.903+0800][2.126s][info][gc,metaspace] GC(161) Metaspace: 91K(320K)->91K(320K) NonClass: 83K(192K)->83K(192K) Class: 8K(128K)->8K(128K)
[2025-12-16T20:44:31.903+0800][2.126s][info][gc          ] GC(161) Pause Young (Allocation Failure) 31M->1M(202M) 0.068ms
[2025-12-16T20:44:31.903+0800][2.126s][info][gc,cpu      ] GC(161) User=0.00s Sys=0.00s Real=0.00s
[2025-12-16T20:44:31.914+0800][2.137s][info][gc,start    ] GC(162) Pause Young (Allocation Failure)
[2025-12-16T20:44:31.914+0800][2.137s][info][gc,heap     ] GC(162) PSYoungGen: 31328K(31744K)->128K(31744K) Eden: 31232K(31232K)->0K(31232K) From: 96K(512K)->128K(512K)
[2025-12-16T20:44:31.914+0800][2.137s][info][gc,heap     ] GC(162) ParOldGen: 1269K(175104K)->1269K(175104K)
[2025-12-16T20:44:31.914+0800][2.137s][info][gc,metaspace] GC(162) Metaspace: 91K(320K)->91K(320K) NonClass: 83K(192K)->83K(192K) Class: 8K(128K)->8K(128K)
[2025-12-16T20:44:31.914+0800][2.137s][info][gc          ] GC(162) Pause Young (Allocation Failure) 31M->1M(202M) 0.050ms
[2025-12-16T20:44:31.914+0800][2.137s][info][gc,cpu      ] GC(162) User=0.00s Sys=0.00s Real=0.00s
[2025-12-16T20:44:31.925+0800][2.148s][info][gc,start    ] GC(163) Pause Young (Allocation Failure)
[2025-12-16T20:44:31.925+0800][2.148s][info][gc,heap     ] GC(163) PSYoungGen: 31360K(31744K)->96K(31744K) Eden: 31232K(31232K)->0K(31232K) From: 128K(512K)->96K(512K)
[2025-12-16T20:44:31.925+0800][2.148s][info][gc,heap     ] GC(163) ParOldGen: 1269K(175104K)->1269K(175104K)
[2025-12-16T20:44:31.925+0800][2.148s][info][gc,metaspace] GC(163) Metaspace: 91K(320K)->91K(320K) NonClass: 83K(192K)->83K(192K) Class: 8K(128K)->8K(128K)
[2025-12-16T20:44:31.925+0800][2.148s][info][gc          ] GC(163) Pause Young (Allocation Failure) 31M->1M(202M) 0.068ms
[2025-12-16T20:44:31.925+0800][2.148s][info][gc,cpu      ] GC(163) User=0.00s Sys=0.00s Real=0.00s
[2025-12-16T20:44:31.936+0800][2.159s][info][gc,start    ] GC(164) Pause Young (Allocation Failure)
[2025-12-16T20:44:31.936+0800][2.159s][info][gc,heap     ] GC(164) PSYoungGen: 31328K(31744K)->96K(31744K) Eden: 31232K(31232K)->0K(31232K) From: 96K(512K)->96K(512K)
[2025-12-16T20:44:31.936+0800][2.159s][info][gc,heap     ] GC(164) ParOldGen: 1269K(175104K)->1269K(175104K)
[2025-12-16T20:44:31.936+0800][2.159s][info][gc,metaspace] GC(164) Metaspace: 91K(320K)->91K(320K) NonClass: 83K(192K)->83K(192K) Class: 8K(128K)->8K(128K)
[2025-12-16T20:44:31.936+0800][2.159s][info][gc          ] GC(164) Pause Young (Allocation Failure) 31M->1M(202M) 0.080ms
[2025-12-16T20:44:31.936+0800][2.159s][info][gc,cpu      ] GC(164) User=0.00s Sys=0.00s Real=0.00s
[2025-12-16T20:44:31.947+0800][2.170s][info][gc,start    ] GC(165) Pause Young (Allocation Failure)
[2025-12-16T20:44:31.947+0800][2.170s][info][gc,heap     ] GC(165) PSYoungGen: 31328K(31744K)->128K(31744K) Eden: 31232K(31232K)->0K(31232K) From: 96K(512K)->128K(512K)
[2025-12-16T20:44:31.947+0800][2.170s][info][gc,heap     ] GC(165) ParOldGen: 1269K(175104K)->1269K(175104K)
[2025-12-16T20:44:31.947+0800][2.170s][info][gc,metaspace] GC(165) Metaspace: 91K(320K)->91K(320K) NonClass: 83K(192K)->83K(192K) Class: 8K(128K)->8K(128K)
[2025-12-16T20:44:31.947+0800][2.170s][info][gc          ] GC(165) Pause Young (Allocation Failure) 31M->1M(202M) 0.066ms
[2025-12-16T20:44:31.947+0800][2.170s][info][gc,cpu      ] GC(165) User=0.00s Sys=0.00s Real=0.00s
[2025-12-16T20:44:31.958+0800][2.181s][info][gc,start    ] GC(166) Pause Young (Allocation Failure)
[2025-12-16T20:44:31.958+0800][2.181s][info][gc,heap     ] GC(166) PSYoungGen: 31360K(31744K)->96K(31744K) Eden: 31232K(31232K)->0K(31232K) From: 128K(512K)->96K(512K)
[2025-12-16T20:44:31.958+0800][2.181s][info][gc,heap     ] GC(166) ParOldGen: 1269K(175104K)->1269K(175104K)
[2025-12-16T20:44:31.958+0800][2.181s][info][gc,metaspace] GC(166) Metaspace: 91K(320K)->91K(320K) NonClass: 83K(192K)->83K(192K) Class: 8K(128K)->8K(128K)
[2025-12-16T20:44:31.958+0800][2.181s][info][gc          ] GC(166) Pause Young (Allocation Failure) 31M->1M(202M) 0.065ms
[2025-12-16T20:44:31.958+0800][2.181s][info][gc,cpu      ] GC(166) User=0.00s Sys=0.00s Real=0.00s
[2025-12-16T20:44:31.969+0800][2.192s][info][gc,start    ] GC(167) Pause Young (Allocation Failure)
[2025-12-16T20:44:31.970+0800][2.192s][info][gc,heap     ] GC(167) PSYoungGen: 31328K(31744K)->96K(31744K) Eden: 31232K(31232K)->0K(31232K) From: 96K(512K)->96K(512K)
[2025-12-16T20:44:31.970+0800][2.192s][info][gc,heap     ] GC(167) ParOldGen: 1269K(175104K)->1269K(175104K)
[2025-12-16T20:44:31.970+0800][2.192s][info][gc,metaspace] GC(167) Metaspace: 91K(320K)->91K(320K) NonClass: 83K(192K)->83K(192K) Class: 8K(128K)->8K(128K)
[2025-12-16T20:44:31.970+0800][2.192s][info][gc          ] GC(167) Pause Young (Allocation Failure) 31M->1M(202M) 0.119ms
[2025-12-16T20:44:31.970+0800][2.192s][info][gc,cpu      ] GC(167) User=0.00s Sys=0.00s Real=0.01s
[2025-12-16T20:44:31.981+0800][2.204s][info][gc,start    ] GC(168) Pause Young (Allocation Failure)
[2025-12-16T20:44:31.981+0800][2.204s][info][gc,heap     ] GC(168) PSYoungGen: 31328K(31744K)->128K(31744K) Eden: 31232K(31232K)->0K(31232K) From: 96K(512K)->128K(512K)
[2025-12-16T20:44:31.981+0800][2.204s][info][gc,heap     ] GC(168) ParOldGen: 1269K(175104K)->1269K(175104K)
[2025-12-16T20:44:31.981+0800][2.204s][info][gc,metaspace] GC(168) Metaspace: 91K(320K)->91K(320K) NonClass: 83K(192K)->83K(192K) Class: 8K(128K)->8K(128K)
[2025-12-16T20:44:31.981+0800][2.204s][info][gc          ] GC(168) Pause Young (Allocation Failure) 31M->1M(202M) 0.125ms
[2025-12-16T20:44:31.981+0800][2.204s][info][gc,cpu      ] GC(168) User=0.00s Sys=0.00s Real=0.00s
[2025-12-16T20:44:31.993+0800][2.216s][info][gc,start    ] GC(169) Pause Young (Allocation Failure)
[2025-12-16T20:44:31.993+0800][2.216s][info][gc,heap     ] GC(169) PSYoungGen: 31360K(31744K)->128K(31744K) Eden: 31232K(31232K)->0K(31232K) From: 128K(512K)->128K(512K)
[2025-12-16T20:44:31.993+0800][2.216s][info][gc,heap     ] GC(169) ParOldGen: 1269K(175104K)->1269K(175104K)
[2025-12-16T20:44:31.993+0800][2.216s][info][gc,metaspace] GC(169) Metaspace: 91K(320K)->91K(320K) NonClass: 83K(192K)->83K(192K) Class: 8K(128K)->8K(128K)
[2025-12-16T20:44:31.993+0800][2.216s][info][gc          ] GC(169) Pause Young (Allocation Failure) 31M->1M(202M) 0.119ms
[2025-12-16T20:44:31.993+0800][2.216s][info][gc,cpu      ] GC(169) User=0.00s Sys=0.00s Real=0.00s
[2025-12-16T20:44:32.004+0800][2.227s][info][gc,start    ] GC(170) Pause Young (Allocation Failure)
[2025-12-16T20:44:32.004+0800][2.227s][info][gc,heap     ] GC(170) PSYoungGen: 31360K(31744K)->128K(31744K) Eden: 31232K(31232K)->0K(31232K) From: 128K(512K)->128K(512K)
[2025-12-16T20:44:32.004+0800][2.227s][info][gc,heap     ] GC(170) ParOldGen: 1269K(175104K)->1269K(175104K)
[2025-12-16T20:44:32.004+0800][2.227s][info][gc,metaspace] GC(170) Metaspace: 91K(320K)->91K(320K) NonClass: 83K(192K)->83K(192K) Class: 8K(128K)->8K(128K)
[2025-12-16T20:44:32.004+0800][2.227s][info][gc          ] GC(170) Pause Young (Allocation Failure) 31M->1M(202M) 0.115ms
[2025-12-16T20:44:32.004+0800][2.227s][info][gc,cpu      ] GC(170) User=0.00s Sys=0.00s Real=0.00s
[2025-12-16T20:44:32.016+0800][2.238s][info][gc,start    ] GC(171) Pause Young (Allocation Failure)
[2025-12-16T20:44:32.016+0800][2.239s][info][gc,heap     ] GC(171) PSYoungGen: 31360K(31744K)->128K(31744K) Eden: 31232K(31232K)->0K(31232K) From: 128K(512K)->128K(512K)
[2025-12-16T20:44:32.016+0800][2.239s][info][gc,heap     ] GC(171) ParOldGen: 1269K(175104K)->1269K(175104K)
[2025-12-16T20:44:32.016+0800][2.239s][info][gc,metaspace] GC(171) Metaspace: 91K(320K)->91K(320K) NonClass: 83K(192K)->83K(192K) Class: 8K(128K)->8K(128K)
[2025-12-16T20:44:32.016+0800][2.239s][info][gc          ] GC(171) Pause Young (Allocation Failure) 31M->1M(202M) 0.081ms
[2025-12-16T20:44:32.016+0800][2.239s][info][gc,cpu      ] GC(171) User=0.00s Sys=0.00s Real=0.00s
[2025-12-16T20:44:32.027+0800][2.250s][info][gc,start    ] GC(172) Pause Young (Allocation Failure)
[2025-12-16T20:44:32.027+0800][2.250s][info][gc,heap     ] GC(172) PSYoungGen: 31360K(31744K)->96K(31744K) Eden: 31232K(31232K)->0K(31232K) From: 128K(512K)->96K(512K)
[2025-12-16T20:44:32.027+0800][2.250s][info][gc,heap     ] GC(172) ParOldGen: 1269K(175104K)->1269K(175104K)
[2025-12-16T20:44:32.027+0800][2.250s][info][gc,metaspace] GC(172) Metaspace: 91K(320K)->91K(320K) NonClass: 83K(192K)->83K(192K) Class: 8K(128K)->8K(128K)
[2025-12-16T20:44:32.027+0800][2.250s][info][gc          ] GC(172) Pause Young (Allocation Failure) 31M->1M(202M) 0.066ms
[2025-12-16T20:44:32.027+0800][2.250s][info][gc,cpu      ] GC(172) User=0.00s Sys=0.00s Real=0.00s
[2025-12-16T20:44:32.038+0800][2.261s][info][gc,start    ] GC(173) Pause Young (Allocation Failure)
[2025-12-16T20:44:32.038+0800][2.261s][info][gc,heap     ] GC(173) PSYoungGen: 31328K(31744K)->96K(31744K) Eden: 31232K(31232K)->0K(31232K) From: 96K(512K)->96K(512K)
[2025-12-16T20:44:32.038+0800][2.261s][info][gc,heap     ] GC(173) ParOldGen: 1269K(175104K)->1269K(175104K)
[2025-12-16T20:44:32.038+0800][2.261s][info][gc,metaspace] GC(173) Metaspace: 91K(320K)->91K(320K) NonClass: 83K(192K)->83K(192K) Class: 8K(128K)->8K(128K)
[2025-12-16T20:44:32.038+0800][2.261s][info][gc          ] GC(173) Pause Young (Allocation Failure) 31M->1M(202M) 0.071ms
[2025-12-16T20:44:32.038+0800][2.261s][info][gc,cpu      ] GC(173) User=0.00s Sys=0.00s Real=0.00s
[2025-12-16T20:44:32.049+0800][2.272s][info][gc,start    ] GC(174) Pause Young (Allocation Failure)
[2025-12-16T20:44:32.049+0800][2.272s][info][gc,heap     ] GC(174) PSYoungGen: 31328K(31744K)->128K(31744K) Eden: 31232K(31232K)->0K(31232K) From: 96K(512K)->128K(512K)
[2025-12-16T20:44:32.049+0800][2.272s][info][gc,heap     ] GC(174) ParOldGen: 1269K(175104K)->1269K(175104K)
[2025-12-16T20:44:32.049+0800][2.272s][info][gc,metaspace] GC(174) Metaspace: 91K(320K)->91K(320K) NonClass: 83K(192K)->83K(192K) Class: 8K(128K)->8K(128K)
[2025-12-16T20:44:32.049+0800][2.272s][info][gc          ] GC(174) Pause Young (Allocation Failure) 31M->1M(202M) 0.078ms
[2025-12-16T20:44:32.049+0800][2.272s][info][gc,cpu      ] GC(174) User=0.00s Sys=0.00s Real=0.00s
[2025-12-16T20:44:32.061+0800][2.284s][info][gc,start    ] GC(175) Pause Young (Allocation Failure)
[2025-12-16T20:44:32.061+0800][2.284s][info][gc,heap     ] GC(175) PSYoungGen: 31360K(31744K)->128K(31744K) Eden: 31232K(31232K)->0K(31232K) From: 128K(512K)->128K(512K)
[2025-12-16T20:44:32.061+0800][2.284s][info][gc,heap     ] GC(175) ParOldGen: 1269K(175104K)->1269K(175104K)
[2025-12-16T20:44:32.061+0800][2.284s][info][gc,metaspace] GC(175) Metaspace: 91K(320K)->91K(320K) NonClass: 83K(192K)->83K(192K) Class: 8K(128K)->8K(128K)
[2025-12-16T20:44:32.061+0800][2.284s][info][gc          ] GC(175) Pause Young (Allocation Failure) 31M->1M(202M) 0.065ms
[2025-12-16T20:44:32.061+0800][2.284s][info][gc,cpu      ] GC(175) User=0.00s Sys=0.00s Real=0.00s
[2025-12-16T20:44:32.072+0800][2.295s][info][gc,start    ] GC(176) Pause Young (Allocation Failure)
[2025-12-16T20:44:32.072+0800][2.295s][info][gc,heap     ] GC(176) PSYoungGen: 31360K(31744K)->128K(31744K) Eden: 31232K(31232K)->0K(31232K) From: 128K(512K)->128K(512K)
[2025-12-16T20:44:32.072+0800][2.295s][info][gc,heap     ] GC(176) ParOldGen: 1269K(175104K)->1269K(175104K)
[2025-12-16T20:44:32.072+0800][2.295s][info][gc,metaspace] GC(176) Metaspace: 91K(320K)->91K(320K) NonClass: 83K(192K)->83K(192K) Class: 8K(128K)->8K(128K)
[2025-12-16T20:44:32.072+0800][2.295s][info][gc          ] GC(176) Pause Young (Allocation Failure) 31M->1M(202M) 0.051ms
[2025-12-16T20:44:32.072+0800][2.295s][info][gc,cpu      ] GC(176) User=0.00s Sys=0.00s Real=0.00s
[2025-12-16T20:44:32.083+0800][2.306s][info][gc,start    ] GC(177) Pause Young (Allocation Failure)
[2025-12-16T20:44:32.083+0800][2.306s][info][gc,heap     ] GC(177) PSYoungGen: 31360K(31744K)->128K(31744K) Eden: 31232K(31232K)->0K(31232K) From: 128K(512K)->128K(512K)
[2025-12-16T20:44:32.083+0800][2.306s][info][gc,heap     ] GC(177) ParOldGen: 1269K(175104K)->1269K(175104K)
[2025-12-16T20:44:32.083+0800][2.306s][info][gc,metaspace] GC(177) Metaspace: 91K(320K)->91K(320K) NonClass: 83K(192K)->83K(192K) Class: 8K(128K)->8K(128K)
[2025-12-16T20:44:32.083+0800][2.306s][info][gc          ] GC(177) Pause Young (Allocation Failure) 31M->1M(202M) 0.052ms
[2025-12-16T20:44:32.083+0800][2.306s][info][gc,cpu      ] GC(177) User=0.00s Sys=0.00s Real=0.00s
[2025-12-16T20:44:32.094+0800][2.317s][info][gc,start    ] GC(178) Pause Young (Allocation Failure)
[2025-12-16T20:44:32.094+0800][2.317s][info][gc,heap     ] GC(178) PSYoungGen: 31360K(31744K)->128K(31744K) Eden: 31232K(31232K)->0K(31232K) From: 128K(512K)->128K(512K)
[2025-12-16T20:44:32.094+0800][2.317s][info][gc,heap     ] GC(178) ParOldGen: 1269K(175104K)->1269K(175104K)
[2025-12-16T20:44:32.094+0800][2.317s][info][gc,metaspace] GC(178) Metaspace: 91K(320K)->91K(320K) NonClass: 83K(192K)->83K(192K) Class: 8K(128K)->8K(128K)
[2025-12-16T20:44:32.094+0800][2.317s][info][gc          ] GC(178) Pause Young (Allocation Failure) 31M->1M(202M) 0.059ms
[2025-12-16T20:44:32.094+0800][2.317s][info][gc,cpu      ] GC(178) User=0.00s Sys=0.00s Real=0.00s
[2025-12-16T20:44:32.106+0800][2.328s][info][gc,start    ] GC(179) Pause Young (Allocation Failure)
[2025-12-16T20:44:32.106+0800][2.329s][info][gc,heap     ] GC(179) PSYoungGen: 31360K(31744K)->128K(31744K) Eden: 31232K(31232K)->0K(31232K) From: 128K(512K)->128K(512K)
[2025-12-16T20:44:32.106+0800][2.329s][info][gc,heap     ] GC(179) ParOldGen: 1269K(175104K)->1269K(175104K)
[2025-12-16T20:44:32.106+0800][2.329s][info][gc,metaspace] GC(179) Metaspace: 91K(320K)->91K(320K) NonClass: 83K(192K)->83K(192K) Class: 8K(128K)->8K(128K)
[2025-12-16T20:44:32.106+0800][2.329s][info][gc          ] GC(179) Pause Young (Allocation Failure) 31M->1M(202M) 0.056ms
[2025-12-16T20:44:32.106+0800][2.329s][info][gc,cpu      ] GC(179) User=0.00s Sys=0.00s Real=0.00s
[2025-12-16T20:44:32.117+0800][2.340s][info][gc,start    ] GC(180) Pause Young (Allocation Failure)
[2025-12-16T20:44:32.117+0800][2.340s][info][gc,heap     ] GC(180) PSYoungGen: 31360K(31744K)->64K(31744K) Eden: 31232K(31232K)->0K(31232K) From: 128K(512K)->64K(512K)
[2025-12-16T20:44:32.117+0800][2.340s][info][gc,heap     ] GC(180) ParOldGen: 1269K(175104K)->1269K(175104K)
[2025-12-16T20:44:32.117+0800][2.340s][info][gc,metaspace] GC(180) Metaspace: 91K(320K)->91K(320K) NonClass: 83K(192K)->83K(192K) Class: 8K(128K)->8K(128K)
[2025-12-16T20:44:32.117+0800][2.340s][info][gc          ] GC(180) Pause Young (Allocation Failure) 31M->1M(202M) 0.066ms
[2025-12-16T20:44:32.117+0800][2.340s][info][gc,cpu      ] GC(180) User=0.00s Sys=0.00s Real=0.00s
[2025-12-16T20:44:32.128+0800][2.351s][info][gc,start    ] GC(181) Pause Young (Allocation Failure)
[2025-12-16T20:44:32.128+0800][2.351s][info][gc,heap     ] GC(181) PSYoungGen: 31296K(31744K)->96K(31744K) Eden: 31232K(31232K)->0K(31232K) From: 64K(512K)->96K(512K)
[2025-12-16T20:44:32.128+0800][2.351s][info][gc,heap     ] GC(181) ParOldGen: 1269K(175104K)->1269K(175104K)
[2025-12-16T20:44:32.128+0800][2.351s][info][gc,metaspace] GC(181) Metaspace: 91K(320K)->91K(320K) NonClass: 83K(192K)->83K(192K) Class: 8K(128K)->8K(128K)
[2025-12-16T20:44:32.128+0800][2.351s][info][gc          ] GC(181) Pause Young (Allocation Failure) 31M->1M(202M) 0.065ms
[2025-12-16T20:44:32.128+0800][2.351s][info][gc,cpu      ] GC(181) User=0.00s Sys=0.00s Real=0.00s
[2025-12-16T20:44:32.139+0800][2.362s][info][gc,start    ] GC(182) Pause Young (Allocation Failure)
[2025-12-16T20:44:32.139+0800][2.362s][info][gc,heap     ] GC(182) PSYoungGen: 31328K(31744K)->96K(31744K) Eden: 31232K(31232K)->0K(31232K) From: 96K(512K)->96K(512K)
[2025-12-16T20:44:32.139+0800][2.362s][info][gc,heap     ] GC(182) ParOldGen: 1269K(175104K)->1269K(175104K)
[2025-12-16T20:44:32.139+0800][2.362s][info][gc,metaspace] GC(182) Metaspace: 91K(320K)->91K(320K) NonClass: 83K(192K)->83K(192K) Class: 8K(128K)->8K(128K)
[2025-12-16T20:44:32.139+0800][2.362s][info][gc          ] GC(182) Pause Young (Allocation Failure) 31M->1M(202M) 0.064ms
[2025-12-16T20:44:32.139+0800][2.362s][info][gc,cpu      ] GC(182) User=0.00s Sys=0.00s Real=0.00s
[2025-12-16T20:44:32.151+0800][2.374s][info][gc,start    ] GC(183) Pause Young (Allocation Failure)
[2025-12-16T20:44:32.151+0800][2.374s][info][gc,heap     ] GC(183) PSYoungGen: 31328K(31744K)->128K(31744K) Eden: 31232K(31232K)->0K(31232K) From: 96K(512K)->128K(512K)
[2025-12-16T20:44:32.151+0800][2.374s][info][gc,heap     ] GC(183) ParOldGen: 1269K(175104K)->1269K(175104K)
[2025-12-16T20:44:32.151+0800][2.374s][info][gc,metaspace] GC(183) Metaspace: 91K(320K)->91K(320K) NonClass: 83K(192K)->83K(192K) Class: 8K(128K)->8K(128K)
[2025-12-16T20:44:32.151+0800][2.374s][info][gc          ] GC(183) Pause Young (Allocation Failure) 31M->1M(202M) 0.056ms
[2025-12-16T20:44:32.151+0800][2.374s][info][gc,cpu      ] GC(183) User=0.00s Sys=0.00s Real=0.00s
[2025-12-16T20:44:32.162+0800][2.385s][info][gc,start    ] GC(184) Pause Young (Allocation Failure)
[2025-12-16T20:44:32.162+0800][2.385s][info][gc,heap     ] GC(184) PSYoungGen: 31360K(31744K)->64K(31744K) Eden: 31232K(31232K)->0K(31232K) From: 128K(512K)->64K(512K)
[2025-12-16T20:44:32.162+0800][2.385s][info][gc,heap     ] GC(184) ParOldGen: 1269K(175104K)->1269K(175104K)
[2025-12-16T20:44:32.162+0800][2.385s][info][gc,metaspace] GC(184) Metaspace: 91K(320K)->91K(320K) NonClass: 83K(192K)->83K(192K) Class: 8K(128K)->8K(128K)
[2025-12-16T20:44:32.162+0800][2.385s][info][gc          ] GC(184) Pause Young (Allocation Failure) 31M->1M(202M) 0.080ms
[2025-12-16T20:44:32.162+0800][2.385s][info][gc,cpu      ] GC(184) User=0.00s Sys=0.00s Real=0.00s
[2025-12-16T20:44:32.173+0800][2.396s][info][gc,start    ] GC(185) Pause Young (Allocation Failure)
[2025-12-16T20:44:32.173+0800][2.396s][info][gc,heap     ] GC(185) PSYoungGen: 31296K(31744K)->64K(31744K) Eden: 31232K(31232K)->0K(31232K) From: 64K(512K)->64K(512K)
[2025-12-16T20:44:32.173+0800][2.396s][info][gc,heap     ] GC(185) ParOldGen: 1269K(175104K)->1269K(175104K)
[2025-12-16T20:44:32.174+0800][2.396s][info][gc,metaspace] GC(185) Metaspace: 91K(320K)->91K(320K) NonClass: 83K(192K)->83K(192K) Class: 8K(128K)->8K(128K)
[2025-12-16T20:44:32.174+0800][2.396s][info][gc          ] GC(185) Pause Young (Allocation Failure) 31M->1M(202M) 0.063ms
[2025-12-16T20:44:32.174+0800][2.396s][info][gc,cpu      ] GC(185) User=0.00s Sys=0.00s Real=0.00s
[2025-12-16T20:44:32.185+0800][2.407s][info][gc,start    ] GC(186) Pause Young (Allocation Failure)
[2025-12-16T20:44:32.185+0800][2.408s][info][gc,heap     ] GC(186) PSYoungGen: 31296K(31744K)->128K(31744K) Eden: 31232K(31232K)->0K(31232K) From: 64K(512K)->128K(512K)
[2025-12-16T20:44:32.185+0800][2.408s][info][gc,heap     ] GC(186) ParOldGen: 1269K(175104K)->1269K(175104K)
[2025-12-16T20:44:32.185+0800][2.408s][info][gc,metaspace] GC(186) Metaspace: 91K(320K)->91K(320K) NonClass: 83K(192K)->83K(192K) Class: 8K(128K)->8K(128K)
[2025-12-16T20:44:32.185+0800][2.408s][info][gc          ] GC(186) Pause Young (Allocation Failure) 31M->1M(202M) 0.059ms
[2025-12-16T20:44:32.185+0800][2.408s][info][gc,cpu      ] GC(186) User=0.00s Sys=0.00s Real=0.00s
[2025-12-16T20:44:32.196+0800][2.419s][info][gc,start    ] GC(187) Pause Young (Allocation Failure)
[2025-12-16T20:44:32.196+0800][2.419s][info][gc,heap     ] GC(187) PSYoungGen: 31360K(31744K)->128K(31744K) Eden: 31232K(31232K)->0K(31232K) From: 128K(512K)->128K(512K)
[2025-12-16T20:44:32.196+0800][2.419s][info][gc,heap     ] GC(187) ParOldGen: 1269K(175104K)->1269K(175104K)
[2025-12-16T20:44:32.196+0800][2.419s][info][gc,metaspace] GC(187) Metaspace: 91K(320K)->91K(320K) NonClass: 83K(192K)->83K(192K) Class: 8K(128K)->8K(128K)
[2025-12-16T20:44:32.196+0800][2.419s][info][gc          ] GC(187) Pause Young (Allocation Failure) 31M->1M(202M) 0.049ms
[2025-12-16T20:44:32.196+0800][2.419s][info][gc,cpu      ] GC(187) User=0.00s Sys=0.00s Real=0.00s
[2025-12-16T20:44:32.207+0800][2.430s][info][gc,start    ] GC(188) Pause Young (Allocation Failure)
[2025-12-16T20:44:32.207+0800][2.430s][info][gc,heap     ] GC(188) PSYoungGen: 31360K(31744K)->96K(31744K) Eden: 31232K(31232K)->0K(31232K) From: 128K(512K)->96K(512K)
[2025-12-16T20:44:32.207+0800][2.430s][info][gc,heap     ] GC(188) ParOldGen: 1269K(175104K)->1269K(175104K)
[2025-12-16T20:44:32.207+0800][2.430s][info][gc,metaspace] GC(188) Metaspace: 91K(320K)->91K(320K) NonClass: 83K(192K)->83K(192K) Class: 8K(128K)->8K(128K)
[2025-12-16T20:44:32.207+0800][2.430s][info][gc          ] GC(188) Pause Young (Allocation Failure) 31M->1M(202M) 0.067ms
[2025-12-16T20:44:32.207+0800][2.430s][info][gc,cpu      ] GC(188) User=0.00s Sys=0.00s Real=0.00s
[2025-12-16T20:44:32.218+0800][2.441s][info][gc,start    ] GC(189) Pause Young (Allocation Failure)
[2025-12-16T20:44:32.218+0800][2.441s][info][gc,heap     ] GC(189) PSYoungGen: 31328K(31744K)->96K(31744K) Eden: 31232K(31232K)->0K(31232K) From: 96K(512K)->96K(512K)
[2025-12-16T20:44:32.218+0800][2.441s][info][gc,heap     ] GC(189) ParOldGen: 1269K(175104K)->1269K(175104K)
[2025-12-16T20:44:32.218+0800][2.441s][info][gc,metaspace] GC(189) Metaspace: 91K(320K)->91K(320K) NonClass: 83K(192K)->83K(192K) Class: 8K(128K)->8K(128K)
[2025-12-16T20:44:32.218+0800][2.441s][info][gc          ] GC(189) Pause Young (Allocation Failure) 31M->1M(202M) 0.056ms
[2025-12-16T20:44:32.218+0800][2.441s][info][gc,cpu      ] GC(189) User=0.00s Sys=0.00s Real=0.00s
[2025-12-16T20:44:32.229+0800][2.452s][info][gc,start    ] GC(190) Pause Young (Allocation Failure)
[2025-12-16T20:44:32.229+0800][2.452s][info][gc,heap     ] GC(190) PSYoungGen: 31328K(31744K)->96K(31744K) Eden: 31232K(31232K)->0K(31232K) From: 96K(512K)->96K(512K)
[2025-12-16T20:44:32.229+0800][2.452s][info][gc,heap     ] GC(190) ParOldGen: 1269K(175104K)->1269K(175104K)
[2025-12-16T20:44:32.229+0800][2.452s][info][gc,metaspace] GC(190) Metaspace: 91K(320K)->91K(320K) NonClass: 83K(192K)->83K(192K) Class: 8K(128K)->8K(128K)
[2025-12-16T20:44:32.229+0800][2.452s][info][gc          ] GC(190) Pause Young (Allocation Failure) 31M->1M(202M) 0.068ms
[2025-12-16T20:44:32.229+0800][2.452s][info][gc,cpu      ] GC(190) User=0.00s Sys=0.00s Real=0.00s
[2025-12-16T20:44:32.240+0800][2.463s][info][gc,start    ] GC(191) Pause Young (Allocation Failure)
[2025-12-16T20:44:32.240+0800][2.463s][info][gc,heap     ] GC(191) PSYoungGen: 31328K(31744K)->64K(31744K) Eden: 31232K(31232K)->0K(31232K) From: 96K(512K)->64K(512K)
[2025-12-16T20:44:32.240+0800][2.463s][info][gc,heap     ] GC(191) ParOldGen: 1269K(175104K)->1269K(175104K)
[2025-12-16T20:44:32.240+0800][2.463s][info][gc,metaspace] GC(191) Metaspace: 91K(320K)->91K(320K) NonClass: 83K(192K)->83K(192K) Class: 8K(128K)->8K(128K)
[2025-12-16T20:44:32.240+0800][2.463s][info][gc          ] GC(191) Pause Young (Allocation Failure) 31M->1M(202M) 0.065ms
[2025-12-16T20:44:32.240+0800][2.463s][info][gc,cpu      ] GC(191) User=0.00s Sys=0.00s Real=0.00s
[2025-12-16T20:44:32.251+0800][2.474s][info][gc,start    ] GC(192) Pause Young (Allocation Failure)
[2025-12-16T20:44:32.252+0800][2.474s][info][gc,heap     ] GC(192) PSYoungGen: 31296K(31744K)->128K(31744K) Eden: 31232K(31232K)->0K(31232K) From: 64K(512K)->128K(512K)
[2025-12-16T20:44:32.252+0800][2.474s][info][gc,heap     ] GC(192) ParOldGen: 1269K(175104K)->1269K(175104K)
[2025-12-16T20:44:32.252+0800][2.474s][info][gc,metaspace] GC(192) Metaspace: 91K(320K)->91K(320K) NonClass: 83K(192K)->83K(192K) Class: 8K(128K)->8K(128K)
[2025-12-16T20:44:32.252+0800][2.474s][info][gc          ] GC(192) Pause Young (Allocation Failure) 31M->1M(202M) 0.049ms
[2025-12-16T20:44:32.252+0800][2.474s][info][gc,cpu      ] GC(192) User=0.00s Sys=0.00s Real=0.00s
[2025-12-16T20:44:32.263+0800][2.485s][info][gc,start    ] GC(193) Pause Young (Allocation Failure)
[2025-12-16T20:44:32.263+0800][2.486s][info][gc,heap     ] GC(193) PSYoungGen: 31360K(31744K)->128K(31744K) Eden: 31232K(31232K)->0K(31232K) From: 128K(512K)->128K(512K)
[2025-12-16T20:44:32.263+0800][2.486s][info][gc,heap     ] GC(193) ParOldGen: 1269K(175104K)->1269K(175104K)
[2025-12-16T20:44:32.263+0800][2.486s][info][gc,metaspace] GC(193) Metaspace: 91K(320K)->91K(320K) NonClass: 83K(192K)->83K(192K) Class: 8K(128K)->8K(128K)
[2025-12-16T20:44:32.263+0800][2.486s][info][gc          ] GC(193) Pause Young (Allocation Failure) 31M->1M(202M) 0.059ms
[2025-12-16T20:44:32.263+0800][2.486s][info][gc,cpu      ] GC(193) User=0.00s Sys=0.00s Real=0.00s
[2025-12-16T20:44:32.274+0800][2.497s][info][gc,start    ] GC(194) Pause Young (Allocation Failure)
[2025-12-16T20:44:32.274+0800][2.497s][info][gc,heap     ] GC(194) PSYoungGen: 31360K(31744K)->64K(31744K) Eden: 31232K(31232K)->0K(31232K) From: 128K(512K)->64K(512K)
[2025-12-16T20:44:32.274+0800][2.497s][info][gc,heap     ] GC(194) ParOldGen: 1269K(175104K)->1269K(175104K)
[2025-12-16T20:44:32.274+0800][2.497s][info][gc,metaspace] GC(194) Metaspace: 91K(320K)->91K(320K) NonClass: 83K(192K)->83K(192K) Class: 8K(128K)->8K(128K)
[2025-12-16T20:44:32.274+0800][2.497s][info][gc          ] GC(194) Pause Young (Allocation Failure) 31M->1M(202M) 0.069ms
[2025-12-16T20:44:32.274+0800][2.497s][info][gc,cpu      ] GC(194) User=0.00s Sys=0.00s Real=0.00s
[2025-12-16T20:44:32.285+0800][2.508s][info][gc,start    ] GC(195) Pause Young (Allocation Failure)
[2025-12-16T20:44:32.285+0800][2.508s][info][gc,heap     ] GC(195) PSYoungGen: 31296K(31744K)->128K(31744K) Eden: 31232K(31232K)->0K(31232K) From: 64K(512K)->128K(512K)
[2025-12-16T20:44:32.285+0800][2.508s][info][gc,heap     ] GC(195) ParOldGen: 1269K(175104K)->1269K(175104K)
[2025-12-16T20:44:32.285+0800][2.508s][info][gc,metaspace] GC(195) Metaspace: 91K(320K)->91K(320K) NonClass: 83K(192K)->83K(192K) Class: 8K(128K)->8K(128K)
[2025-12-16T20:44:32.285+0800][2.508s][info][gc          ] GC(195) Pause Young (Allocation Failure) 31M->1M(202M) 0.054ms
[2025-12-16T20:44:32.285+0800][2.508s][info][gc,cpu      ] GC(195) User=0.00s Sys=0.00s Real=0.00s
[2025-12-16T20:44:32.291+0800][2.514s][info][gc,exit     ] Heap
[2025-12-16T20:44:32.291+0800][2.514s][info][gc,exit     ]  PSYoungGen      total 31744K, used 17591K [0x000000046ab00000, 0x000000046f600000, 0x00000004c0000000)
[2025-12-16T20:44:32.291+0800][2.514s][info][gc,exit     ]   eden space 31232K, 55% used [0x000000046ab00000,0x000000046bc0dd18,0x000000046c980000)
[2025-12-16T20:44:32.291+0800][2.514s][info][gc,exit     ]   from space 512K, 25% used [0x000000046f580000,0x000000046f5a0000,0x000000046f600000)
[2025-12-16T20:44:32.291+0800][2.514s][info][gc,exit     ]   to   space 512K, 0% used [0x000000046f500000,0x000000046f500000,0x000000046f580000)
[2025-12-16T20:44:32.291+0800][2.514s][info][gc,exit     ]  ParOldGen       total 175104K, used 1269K [0x00000003c0000000, 0x00000003cab00000, 0x000000046ab00000)
[2025-12-16T20:44:32.291+0800][2.514s][info][gc,exit     ]   object space 175104K, 0% used [0x00000003c0000000,0x00000003c013d760,0x00000003cab00000)
[2025-12-16T20:44:32.291+0800][2.514s][info][gc,exit     ]  Metaspace       used 92K, committed 320K, reserved 1114112K
[2025-12-16T20:44:32.291+0800][2.514s][info][gc,exit     ]   class space    used 8K, committed 128K, reserved 1048576K
