[2025-12-16T20:44:14.293+0800][0.003s][info][gc,init] CardTable entry size: 512
[2025-12-16T20:44:14.293+0800][0.003s][info][gc     ] Using Parallel
[2025-12-16T20:44:14.293+0800][0.003s][info][gc,init] Version: 21.0.9 (release)
[2025-12-16T20:44:14.293+0800][0.003s][info][gc,init] CPUs: 10 total, 10 available
[2025-12-16T20:44:14.293+0800][0.003s][info][gc,init] Memory: 16384M
[2025-12-16T20:44:14.293+0800][0.003s][info][gc,init] Large Page Support: Disabled
[2025-12-16T20:44:14.293+0800][0.003s][info][gc,init] NUMA Support: Disabled
[2025-12-16T20:44:14.293+0800][0.003s][info][gc,init] Compressed Oops: Enabled (Zero based)
[2025-12-16T20:44:14.293+0800][0.003s][info][gc,init] Alignments: Space 512K, Generation 512K, Heap 8M
[2025-12-16T20:44:14.293+0800][0.003s][info][gc,init] Heap Min Capacity: 8M
[2025-12-16T20:44:14.293+0800][0.003s][info][gc,init] Heap Initial Capacity: 256M
[2025-12-16T20:44:14.293+0800][0.003s][info][gc,init] Heap Max Capacity: 4G
[2025-12-16T20:44:14.293+0800][0.003s][info][gc,init] Pre-touch: Disabled
[2025-12-16T20:44:14.293+0800][0.003s][info][gc,init] Parallel Workers: 9
[2025-12-16T20:44:14.296+0800][0.006s][info][gc,metaspace] CDS archive(s) mapped at: [0x0000007000000000-0x0000007000c9c000-0x0000007000c9c000), size 13221888, SharedBaseAddress: 0x0000007000000000, ArchiveRelocationMode: 1.
[2025-12-16T20:44:14.296+0800][0.006s][info][gc,metaspace] Compressed class space mapped at: 0x0000007001000000-0x0000007041000000, reserved size: 1073741824
[2025-12-16T20:44:14.296+0800][0.006s][info][gc,metaspace] Narrow klass base: 0x0000007000000000, Narrow klass shift: 0, Narrow klass range: 0x100000000
[2025-12-16T20:44:14.328+0800][0.038s][info][gc,start    ] GC(0) Pause Young (Allocation Failure)
[2025-12-16T20:44:14.328+0800][0.039s][info][gc,heap     ] GC(0) PSYoungGen: 65536K(76288K)->160K(76288K) Eden: 65536K(65536K)->0K(65536K) From: 0K(10752K)->160K(10752K)
[2025-12-16T20:44:14.328+0800][0.039s][info][gc,heap     ] GC(0) ParOldGen: 1056K(175104K)->1064K(175104K)
[2025-12-16T20:44:14.328+0800][0.039s][info][gc,metaspace] GC(0) Metaspace: 84K(320K)->84K(320K) NonClass: 75K(192K)->75K(192K) Class: 9K(128K)->9K(128K)
[2025-12-16T20:44:14.328+0800][0.039s][info][gc          ] GC(0) Pause Young (Allocation Failure) 65M->1M(245M) 0.236ms
[2025-12-16T20:44:14.328+0800][0.039s][info][gc,cpu      ] GC(0) User=0.00s Sys=0.00s Real=0.00s
[2025-12-16T20:44:14.353+0800][0.063s][info][gc,start    ] GC(1) Pause Young (Allocation Failure)
[2025-12-16T20:44:14.353+0800][0.063s][info][gc,heap     ] GC(1) PSYoungGen: 65696K(76288K)->160K(76288K) Eden: 65536K(65536K)->0K(65536K) From: 160K(10752K)->160K(10752K)
[2025-12-16T20:44:14.353+0800][0.063s][info][gc,heap     ] GC(1) ParOldGen: 1064K(175104K)->1072K(175104K)
[2025-12-16T20:44:14.353+0800][0.063s][info][gc,metaspace] GC(1) Metaspace: 85K(320K)->85K(320K) NonClass: 75K(192K)->75K(192K) Class: 9K(128K)->9K(128K)
[2025-12-16T20:44:14.353+0800][0.063s][info][gc          ] GC(1) Pause Young (Allocation Failure) 65M->1M(245M) 0.125ms
[2025-12-16T20:44:14.353+0800][0.063s][info][gc,cpu      ] GC(1) User=0.00s Sys=0.00s Real=0.00s
[2025-12-16T20:44:14.377+0800][0.087s][info][gc,start    ] GC(2) Pause Young (Allocation Failure)
[2025-12-16T20:44:14.377+0800][0.087s][info][gc,heap     ] GC(2) PSYoungGen: 65696K(76288K)->192K(76288K) Eden: 65536K(65536K)->0K(65536K) From: 160K(10752K)->192K(10752K)
[2025-12-16T20:44:14.377+0800][0.087s][info][gc,heap     ] GC(2) ParOldGen: 1072K(175104K)->1072K(175104K)
[2025-12-16T20:44:14.377+0800][0.087s][info][gc,metaspace] GC(2) Metaspace: 85K(320K)->85K(320K) NonClass: 75K(192K)->75K(192K) Class: 9K(128K)->9K(128K)
[2025-12-16T20:44:14.377+0800][0.087s][info][gc          ] GC(2) Pause Young (Allocation Failure) 65M->1M(245M) 0.132ms
[2025-12-16T20:44:14.377+0800][0.087s][info][gc,cpu      ] GC(2) User=0.00s Sys=0.00s Real=0.00s
[2025-12-16T20:44:14.400+0800][0.111s][info][gc,start    ] GC(3) Pause Young (Allocation Failure)
[2025-12-16T20:44:14.400+0800][0.111s][info][gc,heap     ] GC(3) PSYoungGen: 65728K(76288K)->160K(76288K) Eden: 65536K(65536K)->0K(65536K) From: 192K(10752K)->160K(10752K)
[2025-12-16T20:44:14.400+0800][0.111s][info][gc,heap     ] GC(3) ParOldGen: 1072K(175104K)->1072K(175104K)
[2025-12-16T20:44:14.400+0800][0.111s][info][gc,metaspace] GC(3) Metaspace: 85K(320K)->85K(320K) NonClass: 75K(192K)->75K(192K) Class: 9K(128K)->9K(128K)
[2025-12-16T20:44:14.400+0800][0.111s][info][gc          ] GC(3) Pause Young (Allocation Failure) 65M->1M(245M) 0.131ms
[2025-12-16T20:44:14.400+0800][0.111s][info][gc,cpu      ] GC(3) User=0.00s Sys=0.00s Real=0.00s
[2025-12-16T20:44:14.424+0800][0.134s][info][gc,start    ] GC(4) Pause Young (Allocation Failure)
[2025-12-16T20:44:14.424+0800][0.135s][info][gc,heap     ] GC(4) PSYoungGen: 65696K(76288K)->128K(74752K) Eden: 65536K(65536K)->0K(64000K) From: 160K(10752K)->128K(10752K)
[2025-12-16T20:44:14.424+0800][0.135s][info][gc,heap     ] GC(4) ParOldGen: 1072K(175104K)->1072K(175104K)
[2025-12-16T20:44:14.424+0800][0.135s][info][gc,metaspace] GC(4) Metaspace: 85K(320K)->85K(320K) NonClass: 75K(192K)->75K(192K) Class: 9K(128K)->9K(128K)
[2025-12-16T20:44:14.424+0800][0.135s][info][gc          ] GC(4) Pause Young (Allocation Failure) 65M->1M(244M) 0.138ms
[2025-12-16T20:44:14.424+0800][0.135s][info][gc,cpu      ] GC(4) User=0.00s Sys=0.00s Real=0.00s
[2025-12-16T20:44:14.448+0800][0.158s][info][gc,start    ] GC(5) Pause Young (Allocation Failure)
[2025-12-16T20:44:14.448+0800][0.158s][info][gc,heap     ] GC(5) PSYoungGen: 64128K(74752K)->176K(62976K) Eden: 64000K(64000K)->0K(62464K) From: 128K(10752K)->176K(512K)
[2025-12-16T20:44:14.448+0800][0.158s][info][gc,heap     ] GC(5) ParOldGen: 1072K(175104K)->1072K(175104K)
[2025-12-16T20:44:14.448+0800][0.158s][info][gc,metaspace] GC(5) Metaspace: 85K(320K)->85K(320K) NonClass: 75K(192K)->75K(192K) Class: 9K(128K)->9K(128K)
[2025-12-16T20:44:14.448+0800][0.158s][info][gc          ] GC(5) Pause Young (Allocation Failure) 63M->1M(232M) 0.121ms
[2025-12-16T20:44:14.448+0800][0.158s][info][gc,cpu      ] GC(5) User=0.00s Sys=0.00s Real=0.00s
[2025-12-16T20:44:14.471+0800][0.181s][info][gc,start    ] GC(6) Pause Young (Allocation Failure)
[2025-12-16T20:44:14.471+0800][0.182s][info][gc,heap     ] GC(6) PSYoungGen: 62640K(62976K)->64K(61952K) Eden: 62464K(62464K)->0K(61440K) From: 176K(512K)->64K(512K)
[2025-12-16T20:44:14.471+0800][0.182s][info][gc,heap     ] GC(6) ParOldGen: 1072K(175104K)->1176K(175104K)
[2025-12-16T20:44:14.471+0800][0.182s][info][gc,metaspace] GC(6) Metaspace: 85K(320K)->85K(320K) NonClass: 75K(192K)->75K(192K) Class: 9K(128K)->9K(128K)
[2025-12-16T20:44:14.471+0800][0.182s][info][gc          ] GC(6) Pause Young (Allocation Failure) 62M->1M(231M) 0.120ms
[2025-12-16T20:44:14.471+0800][0.182s][info][gc,cpu      ] GC(6) User=0.00s Sys=0.00s Real=0.00s
[2025-12-16T20:44:14.493+0800][0.203s][info][gc,start    ] GC(7) Pause Young (Allocation Failure)
[2025-12-16T20:44:14.493+0800][0.203s][info][gc,heap     ] GC(7) PSYoungGen: 61504K(61952K)->128K(60928K) Eden: 61440K(61440K)->0K(60416K) From: 64K(512K)->128K(512K)
[2025-12-16T20:44:14.493+0800][0.203s][info][gc,heap     ] GC(7) ParOldGen: 1176K(175104K)->1176K(175104K)
[2025-12-16T20:44:14.493+0800][0.203s][info][gc,metaspace] GC(7) Metaspace: 85K(320K)->85K(320K) NonClass: 75K(192K)->75K(192K) Class: 9K(128K)->9K(128K)
[2025-12-16T20:44:14.493+0800][0.203s][info][gc          ] GC(7) Pause Young (Allocation Failure) 61M->1M(230M) 0.086ms
[2025-12-16T20:44:14.493+0800][0.204s][info][gc,cpu      ] GC(7) User=0.00s Sys=0.00s Real=0.00s
[2025-12-16T20:44:14.515+0800][0.225s][info][gc,start    ] GC(8) Pause Young (Allocation Failure)
[2025-12-16T20:44:14.515+0800][0.225s][info][gc,heap     ] GC(8) PSYoungGen: 60544K(60928K)->160K(59904K) Eden: 60416K(60416K)->0K(59392K) From: 128K(512K)->160K(512K)
[2025-12-16T20:44:14.515+0800][0.225s][info][gc,heap     ] GC(8) ParOldGen: 1176K(175104K)->1176K(175104K)
[2025-12-16T20:44:14.515+0800][0.225s][info][gc,metaspace] GC(8) Metaspace: 85K(320K)->85K(320K) NonClass: 75K(192K)->75K(192K) Class: 9K(128K)->9K(128K)
[2025-12-16T20:44:14.515+0800][0.225s][info][gc          ] GC(8) Pause Young (Allocation Failure) 60M->1M(229M) 0.086ms
[2025-12-16T20:44:14.515+0800][0.225s][info][gc,cpu      ] GC(8) User=0.00s Sys=0.00s Real=0.00s
[2025-12-16T20:44:14.536+0800][0.246s][info][gc,start    ] GC(9) Pause Young (Allocation Failure)
[2025-12-16T20:44:14.536+0800][0.246s][info][gc,heap     ] GC(9) PSYoungGen: 59552K(59904K)->128K(58880K) Eden: 59392K(59392K)->0K(58368K) From: 160K(512K)->128K(512K)
[2025-12-16T20:44:14.536+0800][0.246s][info][gc,heap     ] GC(9) ParOldGen: 1176K(175104K)->1176K(175104K)
[2025-12-16T20:44:14.536+0800][0.246s][info][gc,metaspace] GC(9) Metaspace: 85K(320K)->85K(320K) NonClass: 75K(192K)->75K(192K) Class: 9K(128K)->9K(128K)
[2025-12-16T20:44:14.536+0800][0.246s][info][gc          ] GC(9) Pause Young (Allocation Failure) 59M->1M(228M) 0.079ms
[2025-12-16T20:44:14.536+0800][0.246s][info][gc,cpu      ] GC(9) User=0.00s Sys=0.00s Real=0.00s
[2025-12-16T20:44:14.557+0800][0.268s][info][gc,start    ] GC(10) Pause Young (Allocation Failure)
[2025-12-16T20:44:14.557+0800][0.268s][info][gc,heap     ] GC(10) PSYoungGen: 58496K(58880K)->128K(57856K) Eden: 58368K(58368K)->0K(57344K) From: 128K(512K)->128K(512K)
[2025-12-16T20:44:14.557+0800][0.268s][info][gc,heap     ] GC(10) ParOldGen: 1176K(175104K)->1176K(175104K)
[2025-12-16T20:44:14.557+0800][0.268s][info][gc,metaspace] GC(10) Metaspace: 85K(320K)->85K(320K) NonClass: 75K(192K)->75K(192K) Class: 9K(128K)->9K(128K)
[2025-12-16T20:44:14.557+0800][0.268s][info][gc          ] GC(10) Pause Young (Allocation Failure) 58M->1M(227M) 0.096ms
[2025-12-16T20:44:14.557+0800][0.268s][info][gc,cpu      ] GC(10) User=0.00s Sys=0.00s Real=0.00s
[2025-12-16T20:44:14.578+0800][0.289s][info][gc,start    ] GC(11) Pause Young (Allocation Failure)
[2025-12-16T20:44:14.578+0800][0.289s][info][gc,heap     ] GC(11) PSYoungGen: 57472K(57856K)->128K(56832K) Eden: 57344K(57344K)->0K(56320K) From: 128K(512K)->128K(512K)
[2025-12-16T20:44:14.578+0800][0.289s][info][gc,heap     ] GC(11) ParOldGen: 1176K(175104K)->1176K(175104K)
[2025-12-16T20:44:14.578+0800][0.289s][info][gc,metaspace] GC(11) Metaspace: 85K(320K)->85K(320K) NonClass: 75K(192K)->75K(192K) Class: 9K(128K)->9K(128K)
[2025-12-16T20:44:14.578+0800][0.289s][info][gc          ] GC(11) Pause Young (Allocation Failure) 57M->1M(226M) 0.080ms
[2025-12-16T20:44:14.578+0800][0.289s][info][gc,cpu      ] GC(11) User=0.00s Sys=0.00s Real=0.00s
[2025-12-16T20:44:14.599+0800][0.309s][info][gc,start    ] GC(12) Pause Young (Allocation Failure)
[2025-12-16T20:44:14.599+0800][0.309s][info][gc,heap     ] GC(12) PSYoungGen: 56448K(56832K)->128K(55808K) Eden: 56320K(56320K)->0K(55296K) From: 128K(512K)->128K(512K)
[2025-12-16T20:44:14.599+0800][0.309s][info][gc,heap     ] GC(12) ParOldGen: 1176K(175104K)->1176K(175104K)
[2025-12-16T20:44:14.599+0800][0.309s][info][gc,metaspace] GC(12) Metaspace: 85K(320K)->85K(320K) NonClass: 75K(192K)->75K(192K) Class: 9K(128K)->9K(128K)
[2025-12-16T20:44:14.599+0800][0.309s][info][gc          ] GC(12) Pause Young (Allocation Failure) 56M->1M(225M) 0.083ms
[2025-12-16T20:44:14.599+0800][0.309s][info][gc,cpu      ] GC(12) User=0.00s Sys=0.00s Real=0.00s
[2025-12-16T20:44:14.619+0800][0.329s][info][gc,start    ] GC(13) Pause Young (Allocation Failure)
[2025-12-16T20:44:14.619+0800][0.330s][info][gc,heap     ] GC(13) PSYoungGen: 55424K(55808K)->128K(54784K) Eden: 55296K(55296K)->0K(54272K) From: 128K(512K)->128K(512K)
[2025-12-16T20:44:14.619+0800][0.330s][info][gc,heap     ] GC(13) ParOldGen: 1176K(175104K)->1176K(175104K)
[2025-12-16T20:44:14.619+0800][0.330s][info][gc,metaspace] GC(13) Metaspace: 85K(320K)->85K(320K) NonClass: 75K(192K)->75K(192K) Class: 9K(128K)->9K(128K)
[2025-12-16T20:44:14.619+0800][0.330s][info][gc          ] GC(13) Pause Young (Allocation Failure) 55M->1M(224M) 0.080ms
[2025-12-16T20:44:14.619+0800][0.330s][info][gc,cpu      ] GC(13) User=0.00s Sys=0.00s Real=0.00s
[2025-12-16T20:44:14.639+0800][0.349s][info][gc,start    ] GC(14) Pause Young (Allocation Failure)
[2025-12-16T20:44:14.639+0800][0.349s][info][gc,heap     ] GC(14) PSYoungGen: 54400K(54784K)->128K(53760K) Eden: 54272K(54272K)->0K(53248K) From: 128K(512K)->128K(512K)
[2025-12-16T20:44:14.639+0800][0.349s][info][gc,heap     ] GC(14) ParOldGen: 1176K(175104K)->1176K(175104K)
[2025-12-16T20:44:14.639+0800][0.349s][info][gc,metaspace] GC(14) Metaspace: 85K(320K)->85K(320K) NonClass: 75K(192K)->75K(192K) Class: 9K(128K)->9K(128K)
[2025-12-16T20:44:14.639+0800][0.349s][info][gc          ] GC(14) Pause Young (Allocation Failure) 54M->1M(223M) 0.089ms
[2025-12-16T20:44:14.639+0800][0.349s][info][gc,cpu      ] GC(14) User=0.00s Sys=0.00s Real=0.00s
[2025-12-16T20:44:14.658+0800][0.369s][info][gc,start    ] GC(15) Pause Young (Allocation Failure)
[2025-12-16T20:44:14.658+0800][0.369s][info][gc,heap     ] GC(15) PSYoungGen: 53376K(53760K)->128K(52736K) Eden: 53248K(53248K)->0K(52224K) From: 128K(512K)->128K(512K)
[2025-12-16T20:44:14.658+0800][0.369s][info][gc,heap     ] GC(15) ParOldGen: 1176K(175104K)->1176K(175104K)
[2025-12-16T20:44:14.658+0800][0.369s][info][gc,metaspace] GC(15) Metaspace: 85K(320K)->85K(320K) NonClass: 75K(192K)->75K(192K) Class: 9K(128K)->9K(128K)
[2025-12-16T20:44:14.658+0800][0.369s][info][gc          ] GC(15) Pause Young (Allocation Failure) 53M->1M(222M) 0.089ms
[2025-12-16T20:44:14.658+0800][0.369s][info][gc,cpu      ] GC(15) User=0.00s Sys=0.00s Real=0.00s
[2025-12-16T20:44:14.677+0800][0.387s][info][gc,start    ] GC(16) Pause Young (Allocation Failure)
[2025-12-16T20:44:14.677+0800][0.387s][info][gc,heap     ] GC(16) PSYoungGen: 52352K(52736K)->128K(51712K) Eden: 52224K(52224K)->0K(51200K) From: 128K(512K)->128K(512K)
[2025-12-16T20:44:14.677+0800][0.387s][info][gc,heap     ] GC(16) ParOldGen: 1176K(175104K)->1176K(175104K)
[2025-12-16T20:44:14.677+0800][0.387s][info][gc,metaspace] GC(16) Metaspace: 85K(320K)->85K(320K) NonClass: 75K(192K)->75K(192K) Class: 9K(128K)->9K(128K)
[2025-12-16T20:44:14.677+0800][0.387s][info][gc          ] GC(16) Pause Young (Allocation Failure) 52M->1M(221M) 0.085ms
[2025-12-16T20:44:14.677+0800][0.387s][info][gc,cpu      ] GC(16) User=0.00s Sys=0.00s Real=0.00s
[2025-12-16T20:44:14.696+0800][0.407s][info][gc,start    ] GC(17) Pause Young (Allocation Failure)
[2025-12-16T20:44:14.696+0800][0.407s][info][gc,heap     ] GC(17) PSYoungGen: 51328K(51712K)->128K(50688K) Eden: 51200K(51200K)->0K(50176K) From: 128K(512K)->128K(512K)
[2025-12-16T20:44:14.696+0800][0.407s][info][gc,heap     ] GC(17) ParOldGen: 1176K(175104K)->1176K(175104K)
[2025-12-16T20:44:14.696+0800][0.407s][info][gc,metaspace] GC(17) Metaspace: 85K(320K)->85K(320K) NonClass: 75K(192K)->75K(192K) Class: 9K(128K)->9K(128K)
[2025-12-16T20:44:14.696+0800][0.407s][info][gc          ] GC(17) Pause Young (Allocation Failure) 51M->1M(220M) 0.090ms
[2025-12-16T20:44:14.696+0800][0.407s][info][gc,cpu      ] GC(17) User=0.00s Sys=0.00s Real=0.00s
[2025-12-16T20:44:14.714+0800][0.424s][info][gc,start    ] GC(18) Pause Young (Allocation Failure)
[2025-12-16T20:44:14.714+0800][0.425s][info][gc,heap     ] GC(18) PSYoungGen: 50304K(50688K)->96K(49664K) Eden: 50176K(50176K)->0K(49152K) From: 128K(512K)->96K(512K)
[2025-12-16T20:44:14.714+0800][0.425s][info][gc,heap     ] GC(18) ParOldGen: 1176K(175104K)->1176K(175104K)
[2025-12-16T20:44:14.714+0800][0.425s][info][gc,metaspace] GC(18) Metaspace: 85K(320K)->85K(320K) NonClass: 75K(192K)->75K(192K) Class: 9K(128K)->9K(128K)
[2025-12-16T20:44:14.714+0800][0.425s][info][gc          ] GC(18) Pause Young (Allocation Failure) 50M->1M(219M) 0.079ms
[2025-12-16T20:44:14.714+0800][0.425s][info][gc,cpu      ] GC(18) User=0.00s Sys=0.00s Real=0.00s
[2025-12-16T20:44:14.732+0800][0.443s][info][gc,start    ] GC(19) Pause Young (Allocation Failure)
[2025-12-16T20:44:14.732+0800][0.443s][info][gc,heap     ] GC(19) PSYoungGen: 49248K(49664K)->128K(48640K) Eden: 49152K(49152K)->0K(48128K) From: 96K(512K)->128K(512K)
[2025-12-16T20:44:14.732+0800][0.443s][info][gc,heap     ] GC(19) ParOldGen: 1176K(175104K)->1176K(175104K)
[2025-12-16T20:44:14.732+0800][0.443s][info][gc,metaspace] GC(19) Metaspace: 85K(320K)->85K(320K) NonClass: 75K(192K)->75K(192K) Class: 9K(128K)->9K(128K)
[2025-12-16T20:44:14.732+0800][0.443s][info][gc          ] GC(19) Pause Young (Allocation Failure) 49M->1M(218M) 0.083ms
[2025-12-16T20:44:14.732+0800][0.443s][info][gc,cpu      ] GC(19) User=0.00s Sys=0.00s Real=0.00s
[2025-12-16T20:44:14.749+0800][0.460s][info][gc,start    ] GC(20) Pause Young (Allocation Failure)
[2025-12-16T20:44:14.750+0800][0.460s][info][gc,heap     ] GC(20) PSYoungGen: 48256K(48640K)->96K(48128K) Eden: 48128K(48128K)->0K(47616K) From: 128K(512K)->96K(512K)
[2025-12-16T20:44:14.750+0800][0.460s][info][gc,heap     ] GC(20) ParOldGen: 1176K(175104K)->1176K(175104K)
[2025-12-16T20:44:14.750+0800][0.460s][info][gc,metaspace] GC(20) Metaspace: 85K(320K)->85K(320K) NonClass: 75K(192K)->75K(192K) Class: 9K(128K)->9K(128K)
[2025-12-16T20:44:14.750+0800][0.460s][info][gc          ] GC(20) Pause Young (Allocation Failure) 48M->1M(218M) 0.091ms
[2025-12-16T20:44:14.750+0800][0.460s][info][gc,cpu      ] GC(20) User=0.00s Sys=0.00s Real=0.01s
[2025-12-16T20:44:14.767+0800][0.478s][info][gc,start    ] GC(21) Pause Young (Allocation Failure)
[2025-12-16T20:44:14.767+0800][0.478s][info][gc,heap     ] GC(21) PSYoungGen: 47712K(48128K)->128K(47616K) Eden: 47616K(47616K)->0K(47104K) From: 96K(512K)->128K(512K)
[2025-12-16T20:44:14.767+0800][0.478s][info][gc,heap     ] GC(21) ParOldGen: 1176K(175104K)->1176K(175104K)
[2025-12-16T20:44:14.767+0800][0.478s][info][gc,metaspace] GC(21) Metaspace: 85K(320K)->85K(320K) NonClass: 75K(192K)->75K(192K) Class: 9K(128K)->9K(128K)
[2025-12-16T20:44:14.767+0800][0.478s][info][gc          ] GC(21) Pause Young (Allocation Failure) 47M->1M(217M) 0.082ms
[2025-12-16T20:44:14.767+0800][0.478s][info][gc,cpu      ] GC(21) User=0.00s Sys=0.00s Real=0.00s
[2025-12-16T20:44:14.784+0800][0.495s][info][gc,start    ] GC(22) Pause Young (Allocation Failure)
[2025-12-16T20:44:14.785+0800][0.495s][info][gc,heap     ] GC(22) PSYoungGen: 47232K(47616K)->96K(47104K) Eden: 47104K(47104K)->0K(46592K) From: 128K(512K)->96K(512K)
[2025-12-16T20:44:14.785+0800][0.495s][info][gc,heap     ] GC(22) ParOldGen: 1176K(175104K)->1176K(175104K)
[2025-12-16T20:44:14.785+0800][0.495s][info][gc,metaspace] GC(22) Metaspace: 85K(320K)->85K(320K) NonClass: 75K(192K)->75K(192K) Class: 9K(128K)->9K(128K)
[2025-12-16T20:44:14.785+0800][0.495s][info][gc          ] GC(22) Pause Young (Allocation Failure) 47M->1M(217M) 0.072ms
[2025-12-16T20:44:14.785+0800][0.495s][info][gc,cpu      ] GC(22) User=0.00s Sys=0.00s Real=0.00s
[2025-12-16T20:44:14.802+0800][0.512s][info][gc,start    ] GC(23) Pause Young (Allocation Failure)
[2025-12-16T20:44:14.802+0800][0.512s][info][gc,heap     ] GC(23) PSYoungGen: 46688K(47104K)->160K(46592K) Eden: 46592K(46592K)->0K(46080K) From: 96K(512K)->160K(512K)
[2025-12-16T20:44:14.802+0800][0.512s][info][gc,heap     ] GC(23) ParOldGen: 1176K(175104K)->1176K(175104K)
[2025-12-16T20:44:14.802+0800][0.512s][info][gc,metaspace] GC(23) Metaspace: 85K(320K)->85K(320K) NonClass: 75K(192K)->75K(192K) Class: 9K(128K)->9K(128K)
[2025-12-16T20:44:14.802+0800][0.512s][info][gc          ] GC(23) Pause Young (Allocation Failure) 46M->1M(216M) 0.077ms
[2025-12-16T20:44:14.802+0800][0.512s][info][gc,cpu      ] GC(23) User=0.00s Sys=0.00s Real=0.00s
[2025-12-16T20:44:14.818+0800][0.529s][info][gc,start    ] GC(24) Pause Young (Allocation Failure)
[2025-12-16T20:44:14.818+0800][0.529s][info][gc,heap     ] GC(24) PSYoungGen: 46240K(46592K)->128K(46080K) Eden: 46080K(46080K)->0K(45568K) From: 160K(512K)->128K(512K)
[2025-12-16T20:44:14.818+0800][0.529s][info][gc,heap     ] GC(24) ParOldGen: 1176K(175104K)->1176K(175104K)
[2025-12-16T20:44:14.818+0800][0.529s][info][gc,metaspace] GC(24) Metaspace: 85K(320K)->85K(320K) NonClass: 75K(192K)->75K(192K) Class: 9K(128K)->9K(128K)
[2025-12-16T20:44:14.818+0800][0.529s][info][gc          ] GC(24) Pause Young (Allocation Failure) 46M->1M(216M) 0.079ms
[2025-12-16T20:44:14.818+0800][0.529s][info][gc,cpu      ] GC(24) User=0.00s Sys=0.00s Real=0.00s
[2025-12-16T20:44:14.835+0800][0.545s][info][gc,start    ] GC(25) Pause Young (Allocation Failure)
[2025-12-16T20:44:14.835+0800][0.545s][info][gc,heap     ] GC(25) PSYoungGen: 45696K(46080K)->128K(45568K) Eden: 45568K(45568K)->0K(45056K) From: 128K(512K)->128K(512K)
[2025-12-16T20:44:14.835+0800][0.546s][info][gc,heap     ] GC(25) ParOldGen: 1176K(175104K)->1176K(175104K)
[2025-12-16T20:44:14.835+0800][0.546s][info][gc,metaspace] GC(25) Metaspace: 85K(320K)->85K(320K) NonClass: 75K(192K)->75K(192K) Class: 9K(128K)->9K(128K)
[2025-12-16T20:44:14.835+0800][0.546s][info][gc          ] GC(25) Pause Young (Allocation Failure) 45M->1M(215M) 0.089ms
[2025-12-16T20:44:14.835+0800][0.546s][info][gc,cpu      ] GC(25) User=0.00s Sys=0.00s Real=0.00s
[2025-12-16T20:44:14.851+0800][0.562s][info][gc,start    ] GC(26) Pause Young (Allocation Failure)
[2025-12-16T20:44:14.851+0800][0.562s][info][gc,heap     ] GC(26) PSYoungGen: 45184K(45568K)->160K(45056K) Eden: 45056K(45056K)->0K(44544K) From: 128K(512K)->160K(512K)
[2025-12-16T20:44:14.851+0800][0.562s][info][gc,heap     ] GC(26) ParOldGen: 1176K(175104K)->1176K(175104K)
[2025-12-16T20:44:14.851+0800][0.562s][info][gc,metaspace] GC(26) Metaspace: 85K(320K)->85K(320K) NonClass: 75K(192K)->75K(192K) Class: 9K(128K)->9K(128K)
[2025-12-16T20:44:14.851+0800][0.562s][info][gc          ] GC(26) Pause Young (Allocation Failure) 45M->1M(215M) 0.083ms
[2025-12-16T20:44:14.851+0800][0.562s][info][gc,cpu      ] GC(26) User=0.00s Sys=0.00s Real=0.00s
[2025-12-16T20:44:14.867+0800][0.578s][info][gc,start    ] GC(27) Pause Young (Allocation Failure)
[2025-12-16T20:44:14.867+0800][0.578s][info][gc,heap     ] GC(27) PSYoungGen: 44704K(45056K)->128K(44544K) Eden: 44544K(44544K)->0K(44032K) From: 160K(512K)->128K(512K)
[2025-12-16T20:44:14.867+0800][0.578s][info][gc,heap     ] GC(27) ParOldGen: 1176K(175104K)->1176K(175104K)
[2025-12-16T20:44:14.867+0800][0.578s][info][gc,metaspace] GC(27) Metaspace: 85K(320K)->85K(320K) NonClass: 75K(192K)->75K(192K) Class: 9K(128K)->9K(128K)
[2025-12-16T20:44:14.867+0800][0.578s][info][gc          ] GC(27) Pause Young (Allocation Failure) 44M->1M(214M) 0.081ms
[2025-12-16T20:44:14.867+0800][0.578s][info][gc,cpu      ] GC(27) User=0.00s Sys=0.00s Real=0.00s
[2025-12-16T20:44:14.883+0800][0.594s][info][gc,start    ] GC(28) Pause Young (Allocation Failure)
[2025-12-16T20:44:14.883+0800][0.594s][info][gc,heap     ] GC(28) PSYoungGen: 44160K(44544K)->128K(44032K) Eden: 44032K(44032K)->0K(43520K) From: 128K(512K)->128K(512K)
[2025-12-16T20:44:14.883+0800][0.594s][info][gc,heap     ] GC(28) ParOldGen: 1176K(175104K)->1176K(175104K)
[2025-12-16T20:44:14.883+0800][0.594s][info][gc,metaspace] GC(28) Metaspace: 85K(320K)->85K(320K) NonClass: 75K(192K)->75K(192K) Class: 9K(128K)->9K(128K)
[2025-12-16T20:44:14.883+0800][0.594s][info][gc          ] GC(28) Pause Young (Allocation Failure) 44M->1M(214M) 0.075ms
[2025-12-16T20:44:14.883+0800][0.594s][info][gc,cpu      ] GC(28) User=0.00s Sys=0.00s Real=0.00s
[2025-12-16T20:44:14.899+0800][0.609s][info][gc,start    ] GC(29) Pause Young (Allocation Failure)
[2025-12-16T20:44:14.899+0800][0.609s][info][gc,heap     ] GC(29) PSYoungGen: 43648K(44032K)->128K(43520K) Eden: 43520K(43520K)->0K(43008K) From: 128K(512K)->128K(512K)
[2025-12-16T20:44:14.899+0800][0.609s][info][gc,heap     ] GC(29) ParOldGen: 1176K(175104K)->1176K(175104K)
[2025-12-16T20:44:14.899+0800][0.609s][info][gc,metaspace] GC(29) Metaspace: 85K(320K)->85K(320K) NonClass: 75K(192K)->75K(192K) Class: 9K(128K)->9K(128K)
[2025-12-16T20:44:14.899+0800][0.609s][info][gc          ] GC(29) Pause Young (Allocation Failure) 43M->1M(213M) 0.088ms
[2025-12-16T20:44:14.899+0800][0.609s][info][gc,cpu      ] GC(29) User=0.00s Sys=0.00s Real=0.00s
[2025-12-16T20:44:14.914+0800][0.625s][info][gc,start    ] GC(30) Pause Young (Allocation Failure)
[2025-12-16T20:44:14.914+0800][0.625s][info][gc,heap     ] GC(30) PSYoungGen: 43136K(43520K)->160K(43008K) Eden: 43008K(43008K)->0K(42496K) From: 128K(512K)->160K(512K)
[2025-12-16T20:44:14.914+0800][0.625s][info][gc,heap     ] GC(30) ParOldGen: 1176K(175104K)->1176K(175104K)
[2025-12-16T20:44:14.914+0800][0.625s][info][gc,metaspace] GC(30) Metaspace: 85K(320K)->85K(320K) NonClass: 75K(192K)->75K(192K) Class: 9K(128K)->9K(128K)
[2025-12-16T20:44:14.914+0800][0.625s][info][gc          ] GC(30) Pause Young (Allocation Failure) 43M->1M(213M) 0.083ms
[2025-12-16T20:44:14.914+0800][0.625s][info][gc,cpu      ] GC(30) User=0.00s Sys=0.00s Real=0.00s
[2025-12-16T20:44:14.929+0800][0.640s][info][gc,start    ] GC(31) Pause Young (Allocation Failure)
[2025-12-16T20:44:14.930+0800][0.640s][info][gc,heap     ] GC(31) PSYoungGen: 42656K(43008K)->128K(42496K) Eden: 42496K(42496K)->0K(41984K) From: 160K(512K)->128K(512K)
[2025-12-16T20:44:14.930+0800][0.640s][info][gc,heap     ] GC(31) ParOldGen: 1176K(175104K)->1176K(175104K)
[2025-12-16T20:44:14.930+0800][0.640s][info][gc,metaspace] GC(31) Metaspace: 85K(320K)->85K(320K) NonClass: 75K(192K)->75K(192K) Class: 9K(128K)->9K(128K)
[2025-12-16T20:44:14.930+0800][0.640s][info][gc          ] GC(31) Pause Young (Allocation Failure) 42M->1M(212M) 0.089ms
[2025-12-16T20:44:14.930+0800][0.640s][info][gc,cpu      ] GC(31) User=0.00s Sys=0.00s Real=0.01s
[2025-12-16T20:44:14.945+0800][0.655s][info][gc,start    ] GC(32) Pause Young (Allocation Failure)
[2025-12-16T20:44:14.945+0800][0.655s][info][gc,heap     ] GC(32) PSYoungGen: 42112K(42496K)->160K(41984K) Eden: 41984K(41984K)->0K(41472K) From: 128K(512K)->160K(512K)
[2025-12-16T20:44:14.945+0800][0.655s][info][gc,heap     ] GC(32) ParOldGen: 1176K(175104K)->1176K(175104K)
[2025-12-16T20:44:14.945+0800][0.655s][info][gc,metaspace] GC(32) Metaspace: 85K(320K)->85K(320K) NonClass: 75K(192K)->75K(192K) Class: 9K(128K)->9K(128K)
[2025-12-16T20:44:14.945+0800][0.655s][info][gc          ] GC(32) Pause Young (Allocation Failure) 42M->1M(212M) 0.087ms
[2025-12-16T20:44:14.945+0800][0.655s][info][gc,cpu      ] GC(32) User=0.00s Sys=0.00s Real=0.00s
[2025-12-16T20:44:14.960+0800][0.670s][info][gc,start    ] GC(33) Pause Young (Allocation Failure)
[2025-12-16T20:44:14.960+0800][0.670s][info][gc,heap     ] GC(33) PSYoungGen: 41632K(41984K)->128K(41472K) Eden: 41472K(41472K)->0K(40960K) From: 160K(512K)->128K(512K)
[2025-12-16T20:44:14.960+0800][0.670s][info][gc,heap     ] GC(33) ParOldGen: 1176K(175104K)->1176K(175104K)
[2025-12-16T20:44:14.960+0800][0.670s][info][gc,metaspace] GC(33) Metaspace: 85K(320K)->85K(320K) NonClass: 75K(192K)->75K(192K) Class: 9K(128K)->9K(128K)
[2025-12-16T20:44:14.960+0800][0.670s][info][gc          ] GC(33) Pause Young (Allocation Failure) 41M->1M(211M) 0.078ms
[2025-12-16T20:44:14.960+0800][0.670s][info][gc,cpu      ] GC(33) User=0.00s Sys=0.00s Real=0.00s
[2025-12-16T20:44:14.974+0800][0.685s][info][gc,start    ] GC(34) Pause Young (Allocation Failure)
[2025-12-16T20:44:14.974+0800][0.685s][info][gc,heap     ] GC(34) PSYoungGen: 41088K(41472K)->128K(40960K) Eden: 40960K(40960K)->0K(40448K) From: 128K(512K)->128K(512K)
[2025-12-16T20:44:14.974+0800][0.685s][info][gc,heap     ] GC(34) ParOldGen: 1176K(175104K)->1176K(175104K)
[2025-12-16T20:44:14.974+0800][0.685s][info][gc,metaspace] GC(34) Metaspace: 85K(320K)->85K(320K) NonClass: 75K(192K)->75K(192K) Class: 9K(128K)->9K(128K)
[2025-12-16T20:44:14.974+0800][0.685s][info][gc          ] GC(34) Pause Young (Allocation Failure) 41M->1M(211M) 0.078ms
[2025-12-16T20:44:14.974+0800][0.685s][info][gc,cpu      ] GC(34) User=0.00s Sys=0.00s Real=0.00s
[2025-12-16T20:44:14.989+0800][0.699s][info][gc,start    ] GC(35) Pause Young (Allocation Failure)
[2025-12-16T20:44:14.989+0800][0.699s][info][gc,heap     ] GC(35) PSYoungGen: 40576K(40960K)->128K(40448K) Eden: 40448K(40448K)->0K(39936K) From: 128K(512K)->128K(512K)
[2025-12-16T20:44:14.989+0800][0.699s][info][gc,heap     ] GC(35) ParOldGen: 1176K(175104K)->1176K(175104K)
[2025-12-16T20:44:14.989+0800][0.699s][info][gc,metaspace] GC(35) Metaspace: 85K(320K)->85K(320K) NonClass: 75K(192K)->75K(192K) Class: 9K(128K)->9K(128K)
[2025-12-16T20:44:14.989+0800][0.699s][info][gc          ] GC(35) Pause Young (Allocation Failure) 40M->1M(210M) 0.072ms
[2025-12-16T20:44:14.989+0800][0.699s][info][gc,cpu      ] GC(35) User=0.00s Sys=0.00s Real=0.00s
[2025-12-16T20:44:15.003+0800][0.714s][info][gc,start    ] GC(36) Pause Young (Allocation Failure)
[2025-12-16T20:44:15.003+0800][0.714s][info][gc,heap     ] GC(36) PSYoungGen: 40064K(40448K)->128K(39936K) Eden: 39936K(39936K)->0K(39424K) From: 128K(512K)->128K(512K)
[2025-12-16T20:44:15.003+0800][0.714s][info][gc,heap     ] GC(36) ParOldGen: 1176K(175104K)->1176K(175104K)
[2025-12-16T20:44:15.003+0800][0.714s][info][gc,metaspace] GC(36) Metaspace: 85K(320K)->85K(320K) NonClass: 75K(192K)->75K(192K) Class: 9K(128K)->9K(128K)
[2025-12-16T20:44:15.003+0800][0.714s][info][gc          ] GC(36) Pause Young (Allocation Failure) 40M->1M(210M) 0.085ms
[2025-12-16T20:44:15.003+0800][0.714s][info][gc,cpu      ] GC(36) User=0.00s Sys=0.00s Real=0.00s
[2025-12-16T20:44:15.018+0800][0.728s][info][gc,start    ] GC(37) Pause Young (Allocation Failure)
[2025-12-16T20:44:15.018+0800][0.728s][info][gc,heap     ] GC(37) PSYoungGen: 39552K(39936K)->160K(39424K) Eden: 39424K(39424K)->0K(38912K) From: 128K(512K)->160K(512K)
[2025-12-16T20:44:15.018+0800][0.728s][info][gc,heap     ] GC(37) ParOldGen: 1176K(175104K)->1176K(175104K)
[2025-12-16T20:44:15.018+0800][0.728s][info][gc,metaspace] GC(37) Metaspace: 85K(320K)->85K(320K) NonClass: 75K(192K)->75K(192K) Class: 9K(128K)->9K(128K)
[2025-12-16T20:44:15.018+0800][0.728s][info][gc          ] GC(37) Pause Young (Allocation Failure) 39M->1M(209M) 0.078ms
[2025-12-16T20:44:15.018+0800][0.728s][info][gc,cpu      ] GC(37) User=0.00s Sys=0.00s Real=0.00s
[2025-12-16T20:44:15.032+0800][0.743s][info][gc,start    ] GC(38) Pause Young (Allocation Failure)
[2025-12-16T20:44:15.032+0800][0.743s][info][gc,heap     ] GC(38) PSYoungGen: 39072K(39424K)->160K(38912K) Eden: 38912K(38912K)->0K(38400K) From: 160K(512K)->160K(512K)
[2025-12-16T20:44:15.032+0800][0.743s][info][gc,heap     ] GC(38) ParOldGen: 1176K(175104K)->1176K(175104K)
[2025-12-16T20:44:15.032+0800][0.743s][info][gc,metaspace] GC(38) Metaspace: 85K(320K)->85K(320K) NonClass: 75K(192K)->75K(192K) Class: 9K(128K)->9K(128K)
[2025-12-16T20:44:15.032+0800][0.743s][info][gc          ] GC(38) Pause Young (Allocation Failure) 39M->1M(209M) 0.087ms
[2025-12-16T20:44:15.032+0800][0.743s][info][gc,cpu      ] GC(38) User=0.00s Sys=0.00s Real=0.00s
[2025-12-16T20:44:15.046+0800][0.756s][info][gc,start    ] GC(39) Pause Young (Allocation Failure)
[2025-12-16T20:44:15.046+0800][0.756s][info][gc,heap     ] GC(39) PSYoungGen: 38560K(38912K)->128K(38400K) Eden: 38400K(38400K)->0K(37888K) From: 160K(512K)->128K(512K)
[2025-12-16T20:44:15.046+0800][0.756s][info][gc,heap     ] GC(39) ParOldGen: 1176K(175104K)->1176K(175104K)
[2025-12-16T20:44:15.046+0800][0.756s][info][gc,metaspace] GC(39) Metaspace: 85K(320K)->85K(320K) NonClass: 75K(192K)->75K(192K) Class: 9K(128K)->9K(128K)
[2025-12-16T20:44:15.046+0800][0.756s][info][gc          ] GC(39) Pause Young (Allocation Failure) 38M->1M(208M) 0.082ms
[2025-12-16T20:44:15.046+0800][0.756s][info][gc,cpu      ] GC(39) User=0.00s Sys=0.00s Real=0.00s
[2025-12-16T20:44:15.060+0800][0.771s][info][gc,start    ] GC(40) Pause Young (Allocation Failure)
[2025-12-16T20:44:15.060+0800][0.771s][info][gc,heap     ] GC(40) PSYoungGen: 38016K(38400K)->128K(37888K) Eden: 37888K(37888K)->0K(37376K) From: 128K(512K)->128K(512K)
[2025-12-16T20:44:15.060+0800][0.771s][info][gc,heap     ] GC(40) ParOldGen: 1176K(175104K)->1176K(175104K)
[2025-12-16T20:44:15.060+0800][0.771s][info][gc,metaspace] GC(40) Metaspace: 85K(320K)->85K(320K) NonClass: 75K(192K)->75K(192K) Class: 9K(128K)->9K(128K)
[2025-12-16T20:44:15.060+0800][0.771s][info][gc          ] GC(40) Pause Young (Allocation Failure) 38M->1M(208M) 0.083ms
[2025-12-16T20:44:15.060+0800][0.771s][info][gc,cpu      ] GC(40) User=0.00s Sys=0.00s Real=0.00s
[2025-12-16T20:44:15.074+0800][0.784s][info][gc,start    ] GC(41) Pause Young (Allocation Failure)
[2025-12-16T20:44:15.074+0800][0.784s][info][gc,heap     ] GC(41) PSYoungGen: 37504K(37888K)->64K(37376K) Eden: 37376K(37376K)->0K(36864K) From: 128K(512K)->64K(512K)
[2025-12-16T20:44:15.074+0800][0.784s][info][gc,heap     ] GC(41) ParOldGen: 1176K(175104K)->1176K(175104K)
[2025-12-16T20:44:15.074+0800][0.784s][info][gc,metaspace] GC(41) Metaspace: 85K(320K)->85K(320K) NonClass: 75K(192K)->75K(192K) Class: 9K(128K)->9K(128K)
[2025-12-16T20:44:15.074+0800][0.784s][info][gc          ] GC(41) Pause Young (Allocation Failure) 37M->1M(207M) 0.115ms
[2025-12-16T20:44:15.074+0800][0.784s][info][gc,cpu      ] GC(41) User=0.00s Sys=0.00s Real=0.00s
[2025-12-16T20:44:15.088+0800][0.798s][info][gc,start    ] GC(42) Pause Young (Allocation Failure)
[2025-12-16T20:44:15.088+0800][0.798s][info][gc,heap     ] GC(42) PSYoungGen: 36928K(37376K)->64K(36864K) Eden: 36864K(36864K)->0K(36352K) From: 64K(512K)->64K(512K)
[2025-12-16T20:44:15.088+0800][0.798s][info][gc,heap     ] GC(42) ParOldGen: 1176K(175104K)->1176K(175104K)
[2025-12-16T20:44:15.088+0800][0.798s][info][gc,metaspace] GC(42) Metaspace: 85K(320K)->85K(320K) NonClass: 75K(192K)->75K(192K) Class: 9K(128K)->9K(128K)
[2025-12-16T20:44:15.088+0800][0.798s][info][gc          ] GC(42) Pause Young (Allocation Failure) 37M->1M(207M) 0.115ms
[2025-12-16T20:44:15.088+0800][0.798s][info][gc,cpu      ] GC(42) User=0.00s Sys=0.00s Real=0.00s
[2025-12-16T20:44:15.101+0800][0.812s][info][gc,start    ] GC(43) Pause Young (Allocation Failure)
[2025-12-16T20:44:15.102+0800][0.812s][info][gc,heap     ] GC(43) PSYoungGen: 36416K(36864K)->64K(36352K) Eden: 36352K(36352K)->0K(35840K) From: 64K(512K)->64K(512K)
[2025-12-16T20:44:15.102+0800][0.812s][info][gc,heap     ] GC(43) ParOldGen: 1176K(175104K)->1176K(175104K)
[2025-12-16T20:44:15.102+0800][0.812s][info][gc,metaspace] GC(43) Metaspace: 85K(320K)->85K(320K) NonClass: 75K(192K)->75K(192K) Class: 9K(128K)->9K(128K)
[2025-12-16T20:44:15.102+0800][0.812s][info][gc          ] GC(43) Pause Young (Allocation Failure) 36M->1M(206M) 0.103ms
[2025-12-16T20:44:15.102+0800][0.812s][info][gc,cpu      ] GC(43) User=0.00s Sys=0.00s Real=0.00s
[2025-12-16T20:44:15.115+0800][0.825s][info][gc,start    ] GC(44) Pause Young (Allocation Failure)
[2025-12-16T20:44:15.115+0800][0.825s][info][gc,heap     ] GC(44) PSYoungGen: 35904K(36352K)->96K(35840K) Eden: 35840K(35840K)->0K(35328K) From: 64K(512K)->96K(512K)
[2025-12-16T20:44:15.115+0800][0.825s][info][gc,heap     ] GC(44) ParOldGen: 1176K(175104K)->1176K(175104K)
[2025-12-16T20:44:15.115+0800][0.825s][info][gc,metaspace] GC(44) Metaspace: 85K(320K)->85K(320K) NonClass: 75K(192K)->75K(192K) Class: 9K(128K)->9K(128K)
[2025-12-16T20:44:15.115+0800][0.825s][info][gc          ] GC(44) Pause Young (Allocation Failure) 36M->1M(206M) 0.081ms
[2025-12-16T20:44:15.115+0800][0.825s][info][gc,cpu      ] GC(44) User=0.00s Sys=0.00s Real=0.00s
[2025-12-16T20:44:15.128+0800][0.839s][info][gc,start    ] GC(45) Pause Young (Allocation Failure)
[2025-12-16T20:44:15.128+0800][0.839s][info][gc,heap     ] GC(45) PSYoungGen: 35424K(35840K)->96K(35328K) Eden: 35328K(35328K)->0K(34816K) From: 96K(512K)->96K(512K)
[2025-12-16T20:44:15.128+0800][0.839s][info][gc,heap     ] GC(45) ParOldGen: 1176K(175104K)->1176K(175104K)
[2025-12-16T20:44:15.128+0800][0.839s][info][gc,metaspace] GC(45) Metaspace: 85K(320K)->85K(320K) NonClass: 75K(192K)->75K(192K) Class: 9K(128K)->9K(128K)
[2025-12-16T20:44:15.128+0800][0.839s][info][gc          ] GC(45) Pause Young (Allocation Failure) 35M->1M(205M) 0.058ms
[2025-12-16T20:44:15.128+0800][0.839s][info][gc,cpu      ] GC(45) User=0.00s Sys=0.00s Real=0.00s
[2025-12-16T20:44:15.141+0800][0.851s][info][gc,start    ] GC(46) Pause Young (Allocation Failure)
[2025-12-16T20:44:15.141+0800][0.851s][info][gc,heap     ] GC(46) PSYoungGen: 34912K(35328K)->128K(34816K) Eden: 34816K(34816K)->0K(34304K) From: 96K(512K)->128K(512K)
[2025-12-16T20:44:15.141+0800][0.851s][info][gc,heap     ] GC(46) ParOldGen: 1176K(175104K)->1176K(175104K)
[2025-12-16T20:44:15.141+0800][0.851s][info][gc,metaspace] GC(46) Metaspace: 85K(320K)->85K(320K) NonClass: 75K(192K)->75K(192K) Class: 9K(128K)->9K(128K)
[2025-12-16T20:44:15.141+0800][0.851s][info][gc          ] GC(46) Pause Young (Allocation Failure) 35M->1M(205M) 0.053ms
[2025-12-16T20:44:15.141+0800][0.851s][info][gc,cpu      ] GC(46) User=0.00s Sys=0.00s Real=0.00s
[2025-12-16T20:44:15.154+0800][0.864s][info][gc,start    ] GC(47) Pause Young (Allocation Failure)
[2025-12-16T20:44:15.154+0800][0.864s][info][gc,heap     ] GC(47) PSYoungGen: 34432K(34816K)->128K(34304K) Eden: 34304K(34304K)->0K(33792K) From: 128K(512K)->128K(512K)
[2025-12-16T20:44:15.154+0800][0.864s][info][gc,heap     ] GC(47) ParOldGen: 1176K(175104K)->1176K(175104K)
[2025-12-16T20:44:15.154+0800][0.864s][info][gc,metaspace] GC(47) Metaspace: 85K(320K)->85K(320K) NonClass: 75K(192K)->75K(192K) Class: 9K(128K)->9K(128K)
[2025-12-16T20:44:15.154+0800][0.864s][info][gc          ] GC(47) Pause Young (Allocation Failure) 34M->1M(204M) 0.062ms
[2025-12-16T20:44:15.154+0800][0.864s][info][gc,cpu      ] GC(47) User=0.00s Sys=0.00s Real=0.00s
[2025-12-16T20:44:15.166+0800][0.876s][info][gc,start    ] GC(48) Pause Young (Allocation Failure)
[2025-12-16T20:44:15.166+0800][0.876s][info][gc,heap     ] GC(48) PSYoungGen: 33920K(34304K)->128K(33792K) Eden: 33792K(33792K)->0K(33280K) From: 128K(512K)->128K(512K)
[2025-12-16T20:44:15.166+0800][0.876s][info][gc,heap     ] GC(48) ParOldGen: 1176K(175104K)->1176K(175104K)
[2025-12-16T20:44:15.166+0800][0.876s][info][gc,metaspace] GC(48) Metaspace: 85K(320K)->85K(320K) NonClass: 75K(192K)->75K(192K) Class: 9K(128K)->9K(128K)
[2025-12-16T20:44:15.166+0800][0.876s][info][gc          ] GC(48) Pause Young (Allocation Failure) 34M->1M(204M) 0.058ms
[2025-12-16T20:44:15.166+0800][0.876s][info][gc,cpu      ] GC(48) User=0.00s Sys=0.00s Real=0.00s
[2025-12-16T20:44:15.178+0800][0.888s][info][gc,start    ] GC(49) Pause Young (Allocation Failure)
[2025-12-16T20:44:15.178+0800][0.888s][info][gc,heap     ] GC(49) PSYoungGen: 33408K(33792K)->96K(33280K) Eden: 33280K(33280K)->0K(32768K) From: 128K(512K)->96K(512K)
[2025-12-16T20:44:15.178+0800][0.889s][info][gc,heap     ] GC(49) ParOldGen: 1176K(175104K)->1176K(175104K)
[2025-12-16T20:44:15.178+0800][0.889s][info][gc,metaspace] GC(49) Metaspace: 85K(320K)->85K(320K) NonClass: 75K(192K)->75K(192K) Class: 9K(128K)->9K(128K)
[2025-12-16T20:44:15.178+0800][0.889s][info][gc          ] GC(49) Pause Young (Allocation Failure) 33M->1M(203M) 0.064ms
[2025-12-16T20:44:15.178+0800][0.889s][info][gc,cpu      ] GC(49) User=0.00s Sys=0.00s Real=0.00s
[2025-12-16T20:44:15.190+0800][0.900s][info][gc,start    ] GC(50) Pause Young (Allocation Failure)
[2025-12-16T20:44:15.190+0800][0.900s][info][gc,heap     ] GC(50) PSYoungGen: 32864K(33280K)->128K(32768K) Eden: 32768K(32768K)->0K(32256K) From: 96K(512K)->128K(512K)
[2025-12-16T20:44:15.190+0800][0.900s][info][gc,heap     ] GC(50) ParOldGen: 1176K(175104K)->1176K(175104K)
[2025-12-16T20:44:15.190+0800][0.900s][info][gc,metaspace] GC(50) Metaspace: 85K(320K)->85K(320K) NonClass: 75K(192K)->75K(192K) Class: 9K(128K)->9K(128K)
[2025-12-16T20:44:15.190+0800][0.900s][info][gc          ] GC(50) Pause Young (Allocation Failure) 33M->1M(203M) 0.055ms
[2025-12-16T20:44:15.190+0800][0.900s][info][gc,cpu      ] GC(50) User=0.00s Sys=0.00s Real=0.00s
[2025-12-16T20:44:15.202+0800][0.912s][info][gc,start    ] GC(51) Pause Young (Allocation Failure)
[2025-12-16T20:44:15.202+0800][0.912s][info][gc,heap     ] GC(51) PSYoungGen: 32384K(32768K)->64K(32256K) Eden: 32256K(32256K)->0K(31744K) From: 128K(512K)->64K(512K)
[2025-12-16T20:44:15.202+0800][0.912s][info][gc,heap     ] GC(51) ParOldGen: 1176K(175104K)->1176K(175104K)
[2025-12-16T20:44:15.202+0800][0.912s][info][gc,metaspace] GC(51) Metaspace: 85K(320K)->85K(320K) NonClass: 75K(192K)->75K(192K) Class: 9K(128K)->9K(128K)
[2025-12-16T20:44:15.202+0800][0.912s][info][gc          ] GC(51) Pause Young (Allocation Failure) 32M->1M(202M) 0.044ms
[2025-12-16T20:44:15.202+0800][0.912s][info][gc,cpu      ] GC(51) User=0.00s Sys=0.00s Real=0.00s
[2025-12-16T20:44:15.213+0800][0.924s][info][gc,start    ] GC(52) Pause Young (Allocation Failure)
[2025-12-16T20:44:15.213+0800][0.924s][info][gc,heap     ] GC(52) PSYoungGen: 31808K(32256K)->96K(31744K) Eden: 31744K(31744K)->0K(31232K) From: 64K(512K)->96K(512K)
[2025-12-16T20:44:15.213+0800][0.924s][info][gc,heap     ] GC(52) ParOldGen: 1176K(175104K)->1176K(175104K)
[2025-12-16T20:44:15.213+0800][0.924s][info][gc,metaspace] GC(52) Metaspace: 85K(320K)->85K(320K) NonClass: 75K(192K)->75K(192K) Class: 9K(128K)->9K(128K)
[2025-12-16T20:44:15.213+0800][0.924s][info][gc          ] GC(52) Pause Young (Allocation Failure) 32M->1M(202M) 0.058ms
[2025-12-16T20:44:15.213+0800][0.924s][info][gc,cpu      ] GC(52) User=0.00s Sys=0.00s Real=0.00s
[2025-12-16T20:44:15.225+0800][0.935s][info][gc,start    ] GC(53) Pause Young (Allocation Failure)
[2025-12-16T20:44:15.225+0800][0.935s][info][gc,heap     ] GC(53) PSYoungGen: 31328K(31744K)->96K(31744K) Eden: 31232K(31232K)->0K(31232K) From: 96K(512K)->96K(512K)
[2025-12-16T20:44:15.225+0800][0.935s][info][gc,heap     ] GC(53) ParOldGen: 1176K(175104K)->1176K(175104K)
[2025-12-16T20:44:15.225+0800][0.935s][info][gc,metaspace] GC(53) Metaspace: 85K(320K)->85K(320K) NonClass: 75K(192K)->75K(192K) Class: 9K(128K)->9K(128K)
[2025-12-16T20:44:15.225+0800][0.935s][info][gc          ] GC(53) Pause Young (Allocation Failure) 31M->1M(202M) 0.061ms
[2025-12-16T20:44:15.225+0800][0.935s][info][gc,cpu      ] GC(53) User=0.00s Sys=0.00s Real=0.00s
[2025-12-16T20:44:15.237+0800][0.947s][info][gc,start    ] GC(54) Pause Young (Allocation Failure)
[2025-12-16T20:44:15.237+0800][0.947s][info][gc,heap     ] GC(54) PSYoungGen: 31328K(31744K)->128K(31744K) Eden: 31232K(31232K)->0K(31232K) From: 96K(512K)->128K(512K)
[2025-12-16T20:44:15.237+0800][0.947s][info][gc,heap     ] GC(54) ParOldGen: 1176K(175104K)->1176K(175104K)
[2025-12-16T20:44:15.237+0800][0.947s][info][gc,metaspace] GC(54) Metaspace: 85K(320K)->85K(320K) NonClass: 75K(192K)->75K(192K) Class: 9K(128K)->9K(128K)
[2025-12-16T20:44:15.237+0800][0.947s][info][gc          ] GC(54) Pause Young (Allocation Failure) 31M->1M(202M) 0.053ms
[2025-12-16T20:44:15.237+0800][0.947s][info][gc,cpu      ] GC(54) User=0.00s Sys=0.00s Real=0.00s
[2025-12-16T20:44:15.248+0800][0.959s][info][gc,start    ] GC(55) Pause Young (Allocation Failure)
[2025-12-16T20:44:15.248+0800][0.959s][info][gc,heap     ] GC(55) PSYoungGen: 31360K(31744K)->128K(31744K) Eden: 31232K(31232K)->0K(31232K) From: 128K(512K)->128K(512K)
[2025-12-16T20:44:15.248+0800][0.959s][info][gc,heap     ] GC(55) ParOldGen: 1176K(175104K)->1176K(175104K)
[2025-12-16T20:44:15.248+0800][0.959s][info][gc,metaspace] GC(55) Metaspace: 85K(320K)->85K(320K) NonClass: 75K(192K)->75K(192K) Class: 9K(128K)->9K(128K)
[2025-12-16T20:44:15.248+0800][0.959s][info][gc          ] GC(55) Pause Young (Allocation Failure) 31M->1M(202M) 0.061ms
[2025-12-16T20:44:15.248+0800][0.959s][info][gc,cpu      ] GC(55) User=0.00s Sys=0.00s Real=0.00s
[2025-12-16T20:44:15.260+0800][0.970s][info][gc,start    ] GC(56) Pause Young (Allocation Failure)
[2025-12-16T20:44:15.260+0800][0.970s][info][gc,heap     ] GC(56) PSYoungGen: 31360K(31744K)->128K(31744K) Eden: 31232K(31232K)->0K(31232K) From: 128K(512K)->128K(512K)
[2025-12-16T20:44:15.260+0800][0.970s][info][gc,heap     ] GC(56) ParOldGen: 1176K(175104K)->1176K(175104K)
[2025-12-16T20:44:15.260+0800][0.970s][info][gc,metaspace] GC(56) Metaspace: 85K(320K)->85K(320K) NonClass: 75K(192K)->75K(192K) Class: 9K(128K)->9K(128K)
[2025-12-16T20:44:15.260+0800][0.970s][info][gc          ] GC(56) Pause Young (Allocation Failure) 31M->1M(202M) 0.056ms
[2025-12-16T20:44:15.260+0800][0.971s][info][gc,cpu      ] GC(56) User=0.00s Sys=0.00s Real=0.00s
[2025-12-16T20:44:15.271+0800][0.982s][info][gc,start    ] GC(57) Pause Young (Allocation Failure)
[2025-12-16T20:44:15.272+0800][0.982s][info][gc,heap     ] GC(57) PSYoungGen: 31360K(31744K)->96K(31744K) Eden: 31232K(31232K)->0K(31232K) From: 128K(512K)->96K(512K)
[2025-12-16T20:44:15.272+0800][0.982s][info][gc,heap     ] GC(57) ParOldGen: 1176K(175104K)->1176K(175104K)
[2025-12-16T20:44:15.272+0800][0.982s][info][gc,metaspace] GC(57) Metaspace: 85K(320K)->85K(320K) NonClass: 75K(192K)->75K(192K) Class: 9K(128K)->9K(128K)
[2025-12-16T20:44:15.272+0800][0.982s][info][gc          ] GC(57) Pause Young (Allocation Failure) 31M->1M(202M) 0.075ms
[2025-12-16T20:44:15.272+0800][0.982s][info][gc,cpu      ] GC(57) User=0.00s Sys=0.00s Real=0.00s
[2025-12-16T20:44:15.283+0800][0.993s][info][gc,start    ] GC(58) Pause Young (Allocation Failure)
[2025-12-16T20:44:15.283+0800][0.993s][info][gc,heap     ] GC(58) PSYoungGen: 31328K(31744K)->128K(31744K) Eden: 31232K(31232K)->0K(31232K) From: 96K(512K)->128K(512K)
[2025-12-16T20:44:15.283+0800][0.993s][info][gc,heap     ] GC(58) ParOldGen: 1176K(175104K)->1176K(175104K)
[2025-12-16T20:44:15.283+0800][0.993s][info][gc,metaspace] GC(58) Metaspace: 85K(320K)->85K(320K) NonClass: 75K(192K)->75K(192K) Class: 9K(128K)->9K(128K)
[2025-12-16T20:44:15.283+0800][0.993s][info][gc          ] GC(58) Pause Young (Allocation Failure) 31M->1M(202M) 0.058ms
[2025-12-16T20:44:15.283+0800][0.993s][info][gc,cpu      ] GC(58) User=0.00s Sys=0.00s Real=0.00s
[2025-12-16T20:44:15.294+0800][1.005s][info][gc,start    ] GC(59) Pause Young (Allocation Failure)
[2025-12-16T20:44:15.294+0800][1.005s][info][gc,heap     ] GC(59) PSYoungGen: 31360K(31744K)->128K(31744K) Eden: 31232K(31232K)->0K(31232K) From: 128K(512K)->128K(512K)
[2025-12-16T20:44:15.294+0800][1.005s][info][gc,heap     ] GC(59) ParOldGen: 1176K(175104K)->1176K(175104K)
[2025-12-16T20:44:15.294+0800][1.005s][info][gc,metaspace] GC(59) Metaspace: 85K(320K)->85K(320K) NonClass: 75K(192K)->75K(192K) Class: 9K(128K)->9K(128K)
[2025-12-16T20:44:15.294+0800][1.005s][info][gc          ] GC(59) Pause Young (Allocation Failure) 31M->1M(202M) 0.056ms
[2025-12-16T20:44:15.294+0800][1.005s][info][gc,cpu      ] GC(59) User=0.00s Sys=0.00s Real=0.00s
[2025-12-16T20:44:15.306+0800][1.016s][info][gc,start    ] GC(60) Pause Young (Allocation Failure)
[2025-12-16T20:44:15.306+0800][1.016s][info][gc,heap     ] GC(60) PSYoungGen: 31360K(31744K)->128K(31744K) Eden: 31232K(31232K)->0K(31232K) From: 128K(512K)->128K(512K)
[2025-12-16T20:44:15.306+0800][1.016s][info][gc,heap     ] GC(60) ParOldGen: 1176K(175104K)->1176K(175104K)
[2025-12-16T20:44:15.306+0800][1.016s][info][gc,metaspace] GC(60) Metaspace: 85K(320K)->85K(320K) NonClass: 75K(192K)->75K(192K) Class: 9K(128K)->9K(128K)
[2025-12-16T20:44:15.306+0800][1.016s][info][gc          ] GC(60) Pause Young (Allocation Failure) 31M->1M(202M) 0.045ms
[2025-12-16T20:44:15.306+0800][1.016s][info][gc,cpu      ] GC(60) User=0.00s Sys=0.00s Real=0.00s
[2025-12-16T20:44:15.317+0800][1.027s][info][gc,start    ] GC(61) Pause Young (Allocation Failure)
[2025-12-16T20:44:15.317+0800][1.028s][info][gc,heap     ] GC(61) PSYoungGen: 31360K(31744K)->128K(31744K) Eden: 31232K(31232K)->0K(31232K) From: 128K(512K)->128K(512K)
[2025-12-16T20:44:15.317+0800][1.028s][info][gc,heap     ] GC(61) ParOldGen: 1176K(175104K)->1176K(175104K)
[2025-12-16T20:44:15.317+0800][1.028s][info][gc,metaspace] GC(61) Metaspace: 85K(320K)->85K(320K) NonClass: 75K(192K)->75K(192K) Class: 9K(128K)->9K(128K)
[2025-12-16T20:44:15.317+0800][1.028s][info][gc          ] GC(61) Pause Young (Allocation Failure) 31M->1M(202M) 0.053ms
[2025-12-16T20:44:15.317+0800][1.028s][info][gc,cpu      ] GC(61) User=0.00s Sys=0.00s Real=0.00s
[2025-12-16T20:44:15.328+0800][1.039s][info][gc,start    ] GC(62) Pause Young (Allocation Failure)
[2025-12-16T20:44:15.328+0800][1.039s][info][gc,heap     ] GC(62) PSYoungGen: 31360K(31744K)->128K(31744K) Eden: 31232K(31232K)->0K(31232K) From: 128K(512K)->128K(512K)
[2025-12-16T20:44:15.328+0800][1.039s][info][gc,heap     ] GC(62) ParOldGen: 1176K(175104K)->1176K(175104K)
[2025-12-16T20:44:15.328+0800][1.039s][info][gc,metaspace] GC(62) Metaspace: 85K(320K)->85K(320K) NonClass: 75K(192K)->75K(192K) Class: 9K(128K)->9K(128K)
[2025-12-16T20:44:15.328+0800][1.039s][info][gc          ] GC(62) Pause Young (Allocation Failure) 31M->1M(202M) 0.051ms
[2025-12-16T20:44:15.328+0800][1.039s][info][gc,cpu      ] GC(62) User=0.00s Sys=0.00s Real=0.00s
[2025-12-16T20:44:15.340+0800][1.050s][info][gc,start    ] GC(63) Pause Young (Allocation Failure)
[2025-12-16T20:44:15.340+0800][1.050s][info][gc,heap     ] GC(63) PSYoungGen: 31360K(31744K)->128K(31744K) Eden: 31232K(31232K)->0K(31232K) From: 128K(512K)->128K(512K)
[2025-12-16T20:44:15.340+0800][1.050s][info][gc,heap     ] GC(63) ParOldGen: 1176K(175104K)->1176K(175104K)
[2025-12-16T20:44:15.340+0800][1.050s][info][gc,metaspace] GC(63) Metaspace: 85K(320K)->85K(320K) NonClass: 75K(192K)->75K(192K) Class: 9K(128K)->9K(128K)
[2025-12-16T20:44:15.340+0800][1.050s][info][gc          ] GC(63) Pause Young (Allocation Failure) 31M->1M(202M) 0.052ms
[2025-12-16T20:44:15.340+0800][1.050s][info][gc,cpu      ] GC(63) User=0.00s Sys=0.00s Real=0.00s
[2025-12-16T20:44:15.351+0800][1.062s][info][gc,start    ] GC(64) Pause Young (Allocation Failure)
[2025-12-16T20:44:15.351+0800][1.062s][info][gc,heap     ] GC(64) PSYoungGen: 31360K(31744K)->128K(31744K) Eden: 31232K(31232K)->0K(31232K) From: 128K(512K)->128K(512K)
[2025-12-16T20:44:15.351+0800][1.062s][info][gc,heap     ] GC(64) ParOldGen: 1176K(175104K)->1176K(175104K)
[2025-12-16T20:44:15.351+0800][1.062s][info][gc,metaspace] GC(64) Metaspace: 85K(320K)->85K(320K) NonClass: 75K(192K)->75K(192K) Class: 9K(128K)->9K(128K)
[2025-12-16T20:44:15.351+0800][1.062s][info][gc          ] GC(64) Pause Young (Allocation Failure) 31M->1M(202M) 0.045ms
[2025-12-16T20:44:15.351+0800][1.062s][info][gc,cpu      ] GC(64) User=0.00s Sys=0.00s Real=0.00s
[2025-12-16T20:44:15.363+0800][1.073s][info][gc,start    ] GC(65) Pause Young (Allocation Failure)
[2025-12-16T20:44:15.363+0800][1.073s][info][gc,heap     ] GC(65) PSYoungGen: 31360K(31744K)->128K(31744K) Eden: 31232K(31232K)->0K(31232K) From: 128K(512K)->128K(512K)
[2025-12-16T20:44:15.363+0800][1.073s][info][gc,heap     ] GC(65) ParOldGen: 1176K(175104K)->1176K(175104K)
[2025-12-16T20:44:15.363+0800][1.073s][info][gc,metaspace] GC(65) Metaspace: 85K(320K)->85K(320K) NonClass: 75K(192K)->75K(192K) Class: 9K(128K)->9K(128K)
[2025-12-16T20:44:15.363+0800][1.073s][info][gc          ] GC(65) Pause Young (Allocation Failure) 31M->1M(202M) 0.056ms
[2025-12-16T20:44:15.363+0800][1.073s][info][gc,cpu      ] GC(65) User=0.00s Sys=0.00s Real=0.00s
[2025-12-16T20:44:15.374+0800][1.085s][info][gc,start    ] GC(66) Pause Young (Allocation Failure)
[2025-12-16T20:44:15.374+0800][1.085s][info][gc,heap     ] GC(66) PSYoungGen: 31360K(31744K)->128K(31744K) Eden: 31232K(31232K)->0K(31232K) From: 128K(512K)->128K(512K)
[2025-12-16T20:44:15.374+0800][1.085s][info][gc,heap     ] GC(66) ParOldGen: 1176K(175104K)->1176K(175104K)
[2025-12-16T20:44:15.374+0800][1.085s][info][gc,metaspace] GC(66) Metaspace: 85K(320K)->85K(320K) NonClass: 75K(192K)->75K(192K) Class: 9K(128K)->9K(128K)
[2025-12-16T20:44:15.374+0800][1.085s][info][gc          ] GC(66) Pause Young (Allocation Failure) 31M->1M(202M) 0.054ms
[2025-12-16T20:44:15.374+0800][1.085s][info][gc,cpu      ] GC(66) User=0.00s Sys=0.00s Real=0.00s
[2025-12-16T20:44:15.385+0800][1.096s][info][gc,start    ] GC(67) Pause Young (Allocation Failure)
[2025-12-16T20:44:15.385+0800][1.096s][info][gc,heap     ] GC(67) PSYoungGen: 31360K(31744K)->64K(31744K) Eden: 31232K(31232K)->0K(31232K) From: 128K(512K)->64K(512K)
[2025-12-16T20:44:15.385+0800][1.096s][info][gc,heap     ] GC(67) ParOldGen: 1176K(175104K)->1176K(175104K)
[2025-12-16T20:44:15.385+0800][1.096s][info][gc,metaspace] GC(67) Metaspace: 85K(320K)->85K(320K) NonClass: 75K(192K)->75K(192K) Class: 9K(128K)->9K(128K)
[2025-12-16T20:44:15.385+0800][1.096s][info][gc          ] GC(67) Pause Young (Allocation Failure) 31M->1M(202M) 0.066ms
[2025-12-16T20:44:15.385+0800][1.096s][info][gc,cpu      ] GC(67) User=0.00s Sys=0.00s Real=0.00s
[2025-12-16T20:44:15.397+0800][1.107s][info][gc,start    ] GC(68) Pause Young (Allocation Failure)
[2025-12-16T20:44:15.397+0800][1.107s][info][gc,heap     ] GC(68) PSYoungGen: 31296K(31744K)->128K(31744K) Eden: 31232K(31232K)->0K(31232K) From: 64K(512K)->128K(512K)
[2025-12-16T20:44:15.397+0800][1.107s][info][gc,heap     ] GC(68) ParOldGen: 1176K(175104K)->1176K(175104K)
[2025-12-16T20:44:15.397+0800][1.107s][info][gc,metaspace] GC(68) Metaspace: 85K(320K)->85K(320K) NonClass: 75K(192K)->75K(192K) Class: 9K(128K)->9K(128K)
[2025-12-16T20:44:15.397+0800][1.107s][info][gc          ] GC(68) Pause Young (Allocation Failure) 31M->1M(202M) 0.047ms
[2025-12-16T20:44:15.397+0800][1.107s][info][gc,cpu      ] GC(68) User=0.00s Sys=0.00s Real=0.00s
[2025-12-16T20:44:15.408+0800][1.119s][info][gc,start    ] GC(69) Pause Young (Allocation Failure)
[2025-12-16T20:44:15.408+0800][1.119s][info][gc,heap     ] GC(69) PSYoungGen: 31360K(31744K)->128K(31744K) Eden: 31232K(31232K)->0K(31232K) From: 128K(512K)->128K(512K)
[2025-12-16T20:44:15.408+0800][1.119s][info][gc,heap     ] GC(69) ParOldGen: 1176K(175104K)->1176K(175104K)
[2025-12-16T20:44:15.408+0800][1.119s][info][gc,metaspace] GC(69) Metaspace: 85K(320K)->85K(320K) NonClass: 75K(192K)->75K(192K) Class: 9K(128K)->9K(128K)
[2025-12-16T20:44:15.408+0800][1.119s][info][gc          ] GC(69) Pause Young (Allocation Failure) 31M->1M(202M) 0.052ms
[2025-12-16T20:44:15.408+0800][1.119s][info][gc,cpu      ] GC(69) User=0.00s Sys=0.00s Real=0.00s
[2025-12-16T20:44:15.419+0800][1.130s][info][gc,start    ] GC(70) Pause Young (Allocation Failure)
[2025-12-16T20:44:15.419+0800][1.130s][info][gc,heap     ] GC(70) PSYoungGen: 31360K(31744K)->128K(31744K) Eden: 31232K(31232K)->0K(31232K) From: 128K(512K)->128K(512K)
[2025-12-16T20:44:15.419+0800][1.130s][info][gc,heap     ] GC(70) ParOldGen: 1176K(175104K)->1176K(175104K)
[2025-12-16T20:44:15.419+0800][1.130s][info][gc,metaspace] GC(70) Metaspace: 85K(320K)->85K(320K) NonClass: 75K(192K)->75K(192K) Class: 9K(128K)->9K(128K)
[2025-12-16T20:44:15.419+0800][1.130s][info][gc          ] GC(70) Pause Young (Allocation Failure) 31M->1M(202M) 0.058ms
[2025-12-16T20:44:15.419+0800][1.130s][info][gc,cpu      ] GC(70) User=0.00s Sys=0.00s Real=0.00s
[2025-12-16T20:44:15.431+0800][1.141s][info][gc,start    ] GC(71) Pause Young (Allocation Failure)
[2025-12-16T20:44:15.431+0800][1.141s][info][gc,heap     ] GC(71) PSYoungGen: 31360K(31744K)->128K(31744K) Eden: 31232K(31232K)->0K(31232K) From: 128K(512K)->128K(512K)
[2025-12-16T20:44:15.431+0800][1.141s][info][gc,heap     ] GC(71) ParOldGen: 1176K(175104K)->1176K(175104K)
[2025-12-16T20:44:15.431+0800][1.141s][info][gc,metaspace] GC(71) Metaspace: 85K(320K)->85K(320K) NonClass: 75K(192K)->75K(192K) Class: 9K(128K)->9K(128K)
[2025-12-16T20:44:15.431+0800][1.141s][info][gc          ] GC(71) Pause Young (Allocation Failure) 31M->1M(202M) 0.054ms
[2025-12-16T20:44:15.431+0800][1.141s][info][gc,cpu      ] GC(71) User=0.00s Sys=0.00s Real=0.00s
[2025-12-16T20:44:15.442+0800][1.153s][info][gc,start    ] GC(72) Pause Young (Allocation Failure)
[2025-12-16T20:44:15.442+0800][1.153s][info][gc,heap     ] GC(72) PSYoungGen: 31360K(31744K)->96K(31744K) Eden: 31232K(31232K)->0K(31232K) From: 128K(512K)->96K(512K)
[2025-12-16T20:44:15.442+0800][1.153s][info][gc,heap     ] GC(72) ParOldGen: 1176K(175104K)->1176K(175104K)
[2025-12-16T20:44:15.442+0800][1.153s][info][gc,metaspace] GC(72) Metaspace: 85K(320K)->85K(320K) NonClass: 75K(192K)->75K(192K) Class: 9K(128K)->9K(128K)
[2025-12-16T20:44:15.442+0800][1.153s][info][gc          ] GC(72) Pause Young (Allocation Failure) 31M->1M(202M) 0.065ms
[2025-12-16T20:44:15.442+0800][1.153s][info][gc,cpu      ] GC(72) User=0.00s Sys=0.00s Real=0.00s
[2025-12-16T20:44:15.454+0800][1.164s][info][gc,start    ] GC(73) Pause Young (Allocation Failure)
[2025-12-16T20:44:15.454+0800][1.164s][info][gc,heap     ] GC(73) PSYoungGen: 31328K(31744K)->128K(31744K) Eden: 31232K(31232K)->0K(31232K) From: 96K(512K)->128K(512K)
[2025-12-16T20:44:15.454+0800][1.164s][info][gc,heap     ] GC(73) ParOldGen: 1176K(175104K)->1176K(175104K)
[2025-12-16T20:44:15.454+0800][1.164s][info][gc,metaspace] GC(73) Metaspace: 85K(320K)->85K(320K) NonClass: 75K(192K)->75K(192K) Class: 9K(128K)->9K(128K)
[2025-12-16T20:44:15.454+0800][1.164s][info][gc          ] GC(73) Pause Young (Allocation Failure) 31M->1M(202M) 0.057ms
[2025-12-16T20:44:15.454+0800][1.164s][info][gc,cpu      ] GC(73) User=0.00s Sys=0.00s Real=0.00s
[2025-12-16T20:44:15.465+0800][1.176s][info][gc,start    ] GC(74) Pause Young (Allocation Failure)
[2025-12-16T20:44:15.465+0800][1.176s][info][gc,heap     ] GC(74) PSYoungGen: 31360K(31744K)->128K(31744K) Eden: 31232K(31232K)->0K(31232K) From: 128K(512K)->128K(512K)
[2025-12-16T20:44:15.465+0800][1.176s][info][gc,heap     ] GC(74) ParOldGen: 1176K(175104K)->1176K(175104K)
[2025-12-16T20:44:15.465+0800][1.176s][info][gc,metaspace] GC(74) Metaspace: 85K(320K)->85K(320K) NonClass: 75K(192K)->75K(192K) Class: 9K(128K)->9K(128K)
[2025-12-16T20:44:15.465+0800][1.176s][info][gc          ] GC(74) Pause Young (Allocation Failure) 31M->1M(202M) 0.059ms
[2025-12-16T20:44:15.465+0800][1.176s][info][gc,cpu      ] GC(74) User=0.00s Sys=0.00s Real=0.00s
[2025-12-16T20:44:15.477+0800][1.187s][info][gc,start    ] GC(75) Pause Young (Allocation Failure)
[2025-12-16T20:44:15.477+0800][1.187s][info][gc,heap     ] GC(75) PSYoungGen: 31360K(31744K)->96K(31744K) Eden: 31232K(31232K)->0K(31232K) From: 128K(512K)->96K(512K)
[2025-12-16T20:44:15.477+0800][1.187s][info][gc,heap     ] GC(75) ParOldGen: 1176K(175104K)->1176K(175104K)
[2025-12-16T20:44:15.477+0800][1.187s][info][gc,metaspace] GC(75) Metaspace: 85K(320K)->85K(320K) NonClass: 75K(192K)->75K(192K) Class: 9K(128K)->9K(128K)
[2025-12-16T20:44:15.477+0800][1.187s][info][gc          ] GC(75) Pause Young (Allocation Failure) 31M->1M(202M) 0.058ms
[2025-12-16T20:44:15.477+0800][1.187s][info][gc,cpu      ] GC(75) User=0.00s Sys=0.00s Real=0.00s
[2025-12-16T20:44:15.488+0800][1.199s][info][gc,start    ] GC(76) Pause Young (Allocation Failure)
[2025-12-16T20:44:15.488+0800][1.199s][info][gc,heap     ] GC(76) PSYoungGen: 31328K(31744K)->64K(31744K) Eden: 31232K(31232K)->0K(31232K) From: 96K(512K)->64K(512K)
[2025-12-16T20:44:15.488+0800][1.199s][info][gc,heap     ] GC(76) ParOldGen: 1176K(175104K)->1176K(175104K)
[2025-12-16T20:44:15.488+0800][1.199s][info][gc,metaspace] GC(76) Metaspace: 85K(320K)->85K(320K) NonClass: 75K(192K)->75K(192K) Class: 9K(128K)->9K(128K)
[2025-12-16T20:44:15.488+0800][1.199s][info][gc          ] GC(76) Pause Young (Allocation Failure) 31M->1M(202M) 0.069ms
[2025-12-16T20:44:15.488+0800][1.199s][info][gc,cpu      ] GC(76) User=0.00s Sys=0.00s Real=0.00s
[2025-12-16T20:44:15.499+0800][1.210s][info][gc,start    ] GC(77) Pause Young (Allocation Failure)
[2025-12-16T20:44:15.499+0800][1.210s][info][gc,heap     ] GC(77) PSYoungGen: 31296K(31744K)->128K(31744K) Eden: 31232K(31232K)->0K(31232K) From: 64K(512K)->128K(512K)
[2025-12-16T20:44:15.499+0800][1.210s][info][gc,heap     ] GC(77) ParOldGen: 1176K(175104K)->1176K(175104K)
[2025-12-16T20:44:15.499+0800][1.210s][info][gc,metaspace] GC(77) Metaspace: 85K(320K)->85K(320K) NonClass: 75K(192K)->75K(192K) Class: 9K(128K)->9K(128K)
[2025-12-16T20:44:15.499+0800][1.210s][info][gc          ] GC(77) Pause Young (Allocation Failure) 31M->1M(202M) 0.064ms
[2025-12-16T20:44:15.500+0800][1.210s][info][gc,cpu      ] GC(77) User=0.00s Sys=0.00s Real=0.01s
[2025-12-16T20:44:15.511+0800][1.221s][info][gc,start    ] GC(78) Pause Young (Allocation Failure)
[2025-12-16T20:44:15.511+0800][1.221s][info][gc,heap     ] GC(78) PSYoungGen: 31360K(31744K)->96K(31744K) Eden: 31232K(31232K)->0K(31232K) From: 128K(512K)->96K(512K)
[2025-12-16T20:44:15.511+0800][1.221s][info][gc,heap     ] GC(78) ParOldGen: 1176K(175104K)->1176K(175104K)
[2025-12-16T20:44:15.511+0800][1.221s][info][gc,metaspace] GC(78) Metaspace: 85K(320K)->85K(320K) NonClass: 75K(192K)->75K(192K) Class: 9K(128K)->9K(128K)
[2025-12-16T20:44:15.511+0800][1.221s][info][gc          ] GC(78) Pause Young (Allocation Failure) 31M->1M(202M) 0.048ms
[2025-12-16T20:44:15.511+0800][1.221s][info][gc,cpu      ] GC(78) User=0.00s Sys=0.00s Real=0.00s
[2025-12-16T20:44:15.522+0800][1.232s][info][gc,start    ] GC(79) Pause Young (Allocation Failure)
[2025-12-16T20:44:15.522+0800][1.232s][info][gc,heap     ] GC(79) PSYoungGen: 31328K(31744K)->128K(31744K) Eden: 31232K(31232K)->0K(31232K) From: 96K(512K)->128K(512K)
[2025-12-16T20:44:15.522+0800][1.232s][info][gc,heap     ] GC(79) ParOldGen: 1176K(175104K)->1176K(175104K)
[2025-12-16T20:44:15.522+0800][1.232s][info][gc,metaspace] GC(79) Metaspace: 85K(320K)->85K(320K) NonClass: 75K(192K)->75K(192K) Class: 9K(128K)->9K(128K)
[2025-12-16T20:44:15.522+0800][1.232s][info][gc          ] GC(79) Pause Young (Allocation Failure) 31M->1M(202M) 0.058ms
[2025-12-16T20:44:15.522+0800][1.232s][info][gc,cpu      ] GC(79) User=0.00s Sys=0.00s Real=0.00s
[2025-12-16T20:44:15.533+0800][1.244s][info][gc,start    ] GC(80) Pause Young (Allocation Failure)
[2025-12-16T20:44:15.534+0800][1.244s][info][gc,heap     ] GC(80) PSYoungGen: 31360K(31744K)->128K(31744K) Eden: 31232K(31232K)->0K(31232K) From: 128K(512K)->128K(512K)
[2025-12-16T20:44:15.534+0800][1.244s][info][gc,heap     ] GC(80) ParOldGen: 1176K(175104K)->1176K(175104K)
[2025-12-16T20:44:15.534+0800][1.244s][info][gc,metaspace] GC(80) Metaspace: 85K(320K)->85K(320K) NonClass: 75K(192K)->75K(192K) Class: 9K(128K)->9K(128K)
[2025-12-16T20:44:15.534+0800][1.244s][info][gc          ] GC(80) Pause Young (Allocation Failure) 31M->1M(202M) 0.050ms
[2025-12-16T20:44:15.534+0800][1.244s][info][gc,cpu      ] GC(80) User=0.00s Sys=0.00s Real=0.00s
[2025-12-16T20:44:15.545+0800][1.255s][info][gc,start    ] GC(81) Pause Young (Allocation Failure)
[2025-12-16T20:44:15.545+0800][1.255s][info][gc,heap     ] GC(81) PSYoungGen: 31360K(31744K)->128K(31744K) Eden: 31232K(31232K)->0K(31232K) From: 128K(512K)->128K(512K)
[2025-12-16T20:44:15.545+0800][1.255s][info][gc,heap     ] GC(81) ParOldGen: 1176K(175104K)->1176K(175104K)
[2025-12-16T20:44:15.545+0800][1.255s][info][gc,metaspace] GC(81) Metaspace: 85K(320K)->85K(320K) NonClass: 75K(192K)->75K(192K) Class: 9K(128K)->9K(128K)
[2025-12-16T20:44:15.545+0800][1.255s][info][gc          ] GC(81) Pause Young (Allocation Failure) 31M->1M(202M) 0.046ms
[2025-12-16T20:44:15.545+0800][1.255s][info][gc,cpu      ] GC(81) User=0.00s Sys=0.00s Real=0.00s
[2025-12-16T20:44:15.556+0800][1.267s][info][gc,start    ] GC(82) Pause Young (Allocation Failure)
[2025-12-16T20:44:15.556+0800][1.267s][info][gc,heap     ] GC(82) PSYoungGen: 31360K(31744K)->96K(31744K) Eden: 31232K(31232K)->0K(31232K) From: 128K(512K)->96K(512K)
[2025-12-16T20:44:15.556+0800][1.267s][info][gc,heap     ] GC(82) ParOldGen: 1176K(175104K)->1176K(175104K)
[2025-12-16T20:44:15.556+0800][1.267s][info][gc,metaspace] GC(82) Metaspace: 85K(320K)->85K(320K) NonClass: 75K(192K)->75K(192K) Class: 9K(128K)->9K(128K)
[2025-12-16T20:44:15.556+0800][1.267s][info][gc          ] GC(82) Pause Young (Allocation Failure) 31M->1M(202M) 0.051ms
[2025-12-16T20:44:15.556+0800][1.267s][info][gc,cpu      ] GC(82) User=0.00s Sys=0.00s Real=0.00s
[2025-12-16T20:44:15.567+0800][1.278s][info][gc,start    ] GC(83) Pause Young (Allocation Failure)
[2025-12-16T20:44:15.568+0800][1.278s][info][gc,heap     ] GC(83) PSYoungGen: 31328K(31744K)->96K(31744K) Eden: 31232K(31232K)->0K(31232K) From: 96K(512K)->96K(512K)
[2025-12-16T20:44:15.568+0800][1.278s][info][gc,heap     ] GC(83) ParOldGen: 1176K(175104K)->1176K(175104K)
[2025-12-16T20:44:15.568+0800][1.278s][info][gc,metaspace] GC(83) Metaspace: 85K(320K)->85K(320K) NonClass: 75K(192K)->75K(192K) Class: 9K(128K)->9K(128K)
[2025-12-16T20:44:15.568+0800][1.278s][info][gc          ] GC(83) Pause Young (Allocation Failure) 31M->1M(202M) 0.067ms
[2025-12-16T20:44:15.568+0800][1.278s][info][gc,cpu      ] GC(83) User=0.00s Sys=0.00s Real=0.00s
[2025-12-16T20:44:15.579+0800][1.289s][info][gc,start    ] GC(84) Pause Young (Allocation Failure)
[2025-12-16T20:44:15.579+0800][1.289s][info][gc,heap     ] GC(84) PSYoungGen: 31328K(31744K)->128K(31744K) Eden: 31232K(31232K)->0K(31232K) From: 96K(512K)->128K(512K)
[2025-12-16T20:44:15.579+0800][1.289s][info][gc,heap     ] GC(84) ParOldGen: 1176K(175104K)->1176K(175104K)
[2025-12-16T20:44:15.579+0800][1.289s][info][gc,metaspace] GC(84) Metaspace: 85K(320K)->85K(320K) NonClass: 75K(192K)->75K(192K) Class: 9K(128K)->9K(128K)
[2025-12-16T20:44:15.579+0800][1.289s][info][gc          ] GC(84) Pause Young (Allocation Failure) 31M->1M(202M) 0.045ms
[2025-12-16T20:44:15.579+0800][1.289s][info][gc,cpu      ] GC(84) User=0.00s Sys=0.00s Real=0.00s
[2025-12-16T20:44:15.590+0800][1.301s][info][gc,start    ] GC(85) Pause Young (Allocation Failure)
[2025-12-16T20:44:15.590+0800][1.301s][info][gc,heap     ] GC(85) PSYoungGen: 31360K(31744K)->128K(31744K) Eden: 31232K(31232K)->0K(31232K) From: 128K(512K)->128K(512K)
[2025-12-16T20:44:15.590+0800][1.301s][info][gc,heap     ] GC(85) ParOldGen: 1176K(175104K)->1176K(175104K)
[2025-12-16T20:44:15.590+0800][1.301s][info][gc,metaspace] GC(85) Metaspace: 85K(320K)->85K(320K) NonClass: 75K(192K)->75K(192K) Class: 9K(128K)->9K(128K)
[2025-12-16T20:44:15.590+0800][1.301s][info][gc          ] GC(85) Pause Young (Allocation Failure) 31M->1M(202M) 0.056ms
[2025-12-16T20:44:15.590+0800][1.301s][info][gc,cpu      ] GC(85) User=0.00s Sys=0.00s Real=0.00s
[2025-12-16T20:44:15.602+0800][1.312s][info][gc,start    ] GC(86) Pause Young (Allocation Failure)
[2025-12-16T20:44:15.602+0800][1.312s][info][gc,heap     ] GC(86) PSYoungGen: 31360K(31744K)->128K(31744K) Eden: 31232K(31232K)->0K(31232K) From: 128K(512K)->128K(512K)
[2025-12-16T20:44:15.602+0800][1.312s][info][gc,heap     ] GC(86) ParOldGen: 1176K(175104K)->1176K(175104K)
[2025-12-16T20:44:15.602+0800][1.312s][info][gc,metaspace] GC(86) Metaspace: 85K(320K)->85K(320K) NonClass: 75K(192K)->75K(192K) Class: 9K(128K)->9K(128K)
[2025-12-16T20:44:15.602+0800][1.312s][info][gc          ] GC(86) Pause Young (Allocation Failure) 31M->1M(202M) 0.050ms
[2025-12-16T20:44:15.602+0800][1.312s][info][gc,cpu      ] GC(86) User=0.00s Sys=0.00s Real=0.00s
[2025-12-16T20:44:15.613+0800][1.324s][info][gc,start    ] GC(87) Pause Young (Allocation Failure)
[2025-12-16T20:44:15.613+0800][1.324s][info][gc,heap     ] GC(87) PSYoungGen: 31360K(31744K)->128K(31744K) Eden: 31232K(31232K)->0K(31232K) From: 128K(512K)->128K(512K)
[2025-12-16T20:44:15.613+0800][1.324s][info][gc,heap     ] GC(87) ParOldGen: 1176K(175104K)->1176K(175104K)
[2025-12-16T20:44:15.613+0800][1.324s][info][gc,metaspace] GC(87) Metaspace: 85K(320K)->85K(320K) NonClass: 75K(192K)->75K(192K) Class: 9K(128K)->9K(128K)
[2025-12-16T20:44:15.613+0800][1.324s][info][gc          ] GC(87) Pause Young (Allocation Failure) 31M->1M(202M) 0.054ms
[2025-12-16T20:44:15.613+0800][1.324s][info][gc,cpu      ] GC(87) User=0.00s Sys=0.00s Real=0.00s
[2025-12-16T20:44:15.625+0800][1.335s][info][gc,start    ] GC(88) Pause Young (Allocation Failure)
[2025-12-16T20:44:15.625+0800][1.335s][info][gc,heap     ] GC(88) PSYoungGen: 31360K(31744K)->64K(31744K) Eden: 31232K(31232K)->0K(31232K) From: 128K(512K)->64K(512K)
[2025-12-16T20:44:15.625+0800][1.335s][info][gc,heap     ] GC(88) ParOldGen: 1176K(175104K)->1176K(175104K)
[2025-12-16T20:44:15.625+0800][1.335s][info][gc,metaspace] GC(88) Metaspace: 85K(320K)->85K(320K) NonClass: 75K(192K)->75K(192K) Class: 9K(128K)->9K(128K)
[2025-12-16T20:44:15.625+0800][1.335s][info][gc          ] GC(88) Pause Young (Allocation Failure) 31M->1M(202M) 0.064ms
[2025-12-16T20:44:15.625+0800][1.335s][info][gc,cpu      ] GC(88) User=0.00s Sys=0.00s Real=0.00s
[2025-12-16T20:44:15.636+0800][1.346s][info][gc,start    ] GC(89) Pause Young (Allocation Failure)
[2025-12-16T20:44:15.636+0800][1.346s][info][gc,heap     ] GC(89) PSYoungGen: 31296K(31744K)->128K(31744K) Eden: 31232K(31232K)->0K(31232K) From: 64K(512K)->128K(512K)
[2025-12-16T20:44:15.636+0800][1.346s][info][gc,heap     ] GC(89) ParOldGen: 1176K(175104K)->1176K(175104K)
[2025-12-16T20:44:15.636+0800][1.346s][info][gc,metaspace] GC(89) Metaspace: 85K(320K)->85K(320K) NonClass: 75K(192K)->75K(192K) Class: 9K(128K)->9K(128K)
[2025-12-16T20:44:15.636+0800][1.346s][info][gc          ] GC(89) Pause Young (Allocation Failure) 31M->1M(202M) 0.061ms
[2025-12-16T20:44:15.636+0800][1.346s][info][gc,cpu      ] GC(89) User=0.00s Sys=0.00s Real=0.00s
[2025-12-16T20:44:15.647+0800][1.358s][info][gc,start    ] GC(90) Pause Young (Allocation Failure)
[2025-12-16T20:44:15.647+0800][1.358s][info][gc,heap     ] GC(90) PSYoungGen: 31360K(31744K)->128K(31744K) Eden: 31232K(31232K)->0K(31232K) From: 128K(512K)->128K(512K)
[2025-12-16T20:44:15.647+0800][1.358s][info][gc,heap     ] GC(90) ParOldGen: 1176K(175104K)->1176K(175104K)
[2025-12-16T20:44:15.647+0800][1.358s][info][gc,metaspace] GC(90) Metaspace: 85K(320K)->85K(320K) NonClass: 75K(192K)->75K(192K) Class: 9K(128K)->9K(128K)
[2025-12-16T20:44:15.647+0800][1.358s][info][gc          ] GC(90) Pause Young (Allocation Failure) 31M->1M(202M) 0.053ms
[2025-12-16T20:44:15.647+0800][1.358s][info][gc,cpu      ] GC(90) User=0.00s Sys=0.00s Real=0.00s
[2025-12-16T20:44:15.658+0800][1.369s][info][gc,start    ] GC(91) Pause Young (Allocation Failure)
[2025-12-16T20:44:15.659+0800][1.369s][info][gc,heap     ] GC(91) PSYoungGen: 31360K(31744K)->96K(31744K) Eden: 31232K(31232K)->0K(31232K) From: 128K(512K)->96K(512K)
[2025-12-16T20:44:15.659+0800][1.369s][info][gc,heap     ] GC(91) ParOldGen: 1176K(175104K)->1176K(175104K)
[2025-12-16T20:44:15.659+0800][1.369s][info][gc,metaspace] GC(91) Metaspace: 85K(320K)->85K(320K) NonClass: 75K(192K)->75K(192K) Class: 9K(128K)->9K(128K)
[2025-12-16T20:44:15.659+0800][1.369s][info][gc          ] GC(91) Pause Young (Allocation Failure) 31M->1M(202M) 0.067ms
[2025-12-16T20:44:15.659+0800][1.369s][info][gc,cpu      ] GC(91) User=0.00s Sys=0.00s Real=0.00s
[2025-12-16T20:44:15.670+0800][1.380s][info][gc,start    ] GC(92) Pause Young (Allocation Failure)
[2025-12-16T20:44:15.670+0800][1.380s][info][gc,heap     ] GC(92) PSYoungGen: 31328K(31744K)->128K(31744K) Eden: 31232K(31232K)->0K(31232K) From: 96K(512K)->128K(512K)
[2025-12-16T20:44:15.670+0800][1.380s][info][gc,heap     ] GC(92) ParOldGen: 1176K(175104K)->1176K(175104K)
[2025-12-16T20:44:15.670+0800][1.380s][info][gc,metaspace] GC(92) Metaspace: 85K(320K)->85K(320K) NonClass: 75K(192K)->75K(192K) Class: 9K(128K)->9K(128K)
[2025-12-16T20:44:15.670+0800][1.380s][info][gc          ] GC(92) Pause Young (Allocation Failure) 31M->1M(202M) 0.052ms
[2025-12-16T20:44:15.670+0800][1.380s][info][gc,cpu      ] GC(92) User=0.00s Sys=0.00s Real=0.00s
[2025-12-16T20:44:15.681+0800][1.391s][info][gc,start    ] GC(93) Pause Young (Allocation Failure)
[2025-12-16T20:44:15.681+0800][1.391s][info][gc,heap     ] GC(93) PSYoungGen: 31360K(31744K)->128K(31744K) Eden: 31232K(31232K)->0K(31232K) From: 128K(512K)->128K(512K)
[2025-12-16T20:44:15.681+0800][1.391s][info][gc,heap     ] GC(93) ParOldGen: 1176K(175104K)->1176K(175104K)
[2025-12-16T20:44:15.681+0800][1.391s][info][gc,metaspace] GC(93) Metaspace: 85K(320K)->85K(320K) NonClass: 75K(192K)->75K(192K) Class: 9K(128K)->9K(128K)
[2025-12-16T20:44:15.681+0800][1.391s][info][gc          ] GC(93) Pause Young (Allocation Failure) 31M->1M(202M) 0.045ms
[2025-12-16T20:44:15.681+0800][1.391s][info][gc,cpu      ] GC(93) User=0.00s Sys=0.00s Real=0.00s
[2025-12-16T20:44:15.692+0800][1.403s][info][gc,start    ] GC(94) Pause Young (Allocation Failure)
[2025-12-16T20:44:15.692+0800][1.403s][info][gc,heap     ] GC(94) PSYoungGen: 31360K(31744K)->128K(31744K) Eden: 31232K(31232K)->0K(31232K) From: 128K(512K)->128K(512K)
[2025-12-16T20:44:15.692+0800][1.403s][info][gc,heap     ] GC(94) ParOldGen: 1176K(175104K)->1176K(175104K)
[2025-12-16T20:44:15.692+0800][1.403s][info][gc,metaspace] GC(94) Metaspace: 85K(320K)->85K(320K) NonClass: 75K(192K)->75K(192K) Class: 9K(128K)->9K(128K)
[2025-12-16T20:44:15.692+0800][1.403s][info][gc          ] GC(94) Pause Young (Allocation Failure) 31M->1M(202M) 0.046ms
[2025-12-16T20:44:15.692+0800][1.403s][info][gc,cpu      ] GC(94) User=0.00s Sys=0.00s Real=0.00s
[2025-12-16T20:44:15.704+0800][1.414s][info][gc,start    ] GC(95) Pause Young (Allocation Failure)
[2025-12-16T20:44:15.704+0800][1.414s][info][gc,heap     ] GC(95) PSYoungGen: 31360K(31744K)->128K(31744K) Eden: 31232K(31232K)->0K(31232K) From: 128K(512K)->128K(512K)
[2025-12-16T20:44:15.704+0800][1.414s][info][gc,heap     ] GC(95) ParOldGen: 1176K(175104K)->1176K(175104K)
[2025-12-16T20:44:15.704+0800][1.414s][info][gc,metaspace] GC(95) Metaspace: 85K(320K)->85K(320K) NonClass: 75K(192K)->75K(192K) Class: 9K(128K)->9K(128K)
[2025-12-16T20:44:15.704+0800][1.414s][info][gc          ] GC(95) Pause Young (Allocation Failure) 31M->1M(202M) 0.052ms
[2025-12-16T20:44:15.704+0800][1.414s][info][gc,cpu      ] GC(95) User=0.00s Sys=0.00s Real=0.00s
[2025-12-16T20:44:15.715+0800][1.425s][info][gc,start    ] GC(96) Pause Young (Allocation Failure)
[2025-12-16T20:44:15.715+0800][1.426s][info][gc,heap     ] GC(96) PSYoungGen: 31360K(31744K)->32K(31744K) Eden: 31232K(31232K)->0K(31232K) From: 128K(512K)->32K(512K)
[2025-12-16T20:44:15.715+0800][1.426s][info][gc,heap     ] GC(96) ParOldGen: 1176K(175104K)->1176K(175104K)
[2025-12-16T20:44:15.715+0800][1.426s][info][gc,metaspace] GC(96) Metaspace: 85K(320K)->85K(320K) NonClass: 75K(192K)->75K(192K) Class: 9K(128K)->9K(128K)
[2025-12-16T20:44:15.715+0800][1.426s][info][gc          ] GC(96) Pause Young (Allocation Failure) 31M->1M(202M) 0.069ms
[2025-12-16T20:44:15.715+0800][1.426s][info][gc,cpu      ] GC(96) User=0.00s Sys=0.00s Real=0.00s
[2025-12-16T20:44:15.726+0800][1.437s][info][gc,start    ] GC(97) Pause Young (Allocation Failure)
[2025-12-16T20:44:15.726+0800][1.437s][info][gc,heap     ] GC(97) PSYoungGen: 31264K(31744K)->128K(31744K) Eden: 31232K(31232K)->0K(31232K) From: 32K(512K)->128K(512K)
[2025-12-16T20:44:15.726+0800][1.437s][info][gc,heap     ] GC(97) ParOldGen: 1176K(175104K)->1176K(175104K)
[2025-12-16T20:44:15.726+0800][1.437s][info][gc,metaspace] GC(97) Metaspace: 85K(320K)->85K(320K) NonClass: 75K(192K)->75K(192K) Class: 9K(128K)->9K(128K)
[2025-12-16T20:44:15.726+0800][1.437s][info][gc          ] GC(97) Pause Young (Allocation Failure) 31M->1M(202M) 0.055ms
[2025-12-16T20:44:15.726+0800][1.437s][info][gc,cpu      ] GC(97) User=0.00s Sys=0.00s Real=0.00s
[2025-12-16T20:44:15.738+0800][1.448s][info][gc,start    ] GC(98) Pause Young (Allocation Failure)
[2025-12-16T20:44:15.738+0800][1.448s][info][gc,heap     ] GC(98) PSYoungGen: 31360K(31744K)->128K(31744K) Eden: 31232K(31232K)->0K(31232K) From: 128K(512K)->128K(512K)
[2025-12-16T20:44:15.738+0800][1.448s][info][gc,heap     ] GC(98) ParOldGen: 1176K(175104K)->1176K(175104K)
[2025-12-16T20:44:15.738+0800][1.448s][info][gc,metaspace] GC(98) Metaspace: 85K(320K)->85K(320K) NonClass: 75K(192K)->75K(192K) Class: 9K(128K)->9K(128K)
[2025-12-16T20:44:15.738+0800][1.448s][info][gc          ] GC(98) Pause Young (Allocation Failure) 31M->1M(202M) 0.056ms
[2025-12-16T20:44:15.738+0800][1.448s][info][gc,cpu      ] GC(98) User=0.00s Sys=0.00s Real=0.00s
[2025-12-16T20:44:15.749+0800][1.459s][info][gc,start    ] GC(99) Pause Young (Allocation Failure)
[2025-12-16T20:44:15.749+0800][1.459s][info][gc,heap     ] GC(99) PSYoungGen: 31360K(31744K)->96K(31744K) Eden: 31232K(31232K)->0K(31232K) From: 128K(512K)->96K(512K)
[2025-12-16T20:44:15.749+0800][1.459s][info][gc,heap     ] GC(99) ParOldGen: 1176K(175104K)->1176K(175104K)
[2025-12-16T20:44:15.749+0800][1.459s][info][gc,metaspace] GC(99) Metaspace: 85K(320K)->85K(320K) NonClass: 75K(192K)->75K(192K) Class: 9K(128K)->9K(128K)
[2025-12-16T20:44:15.749+0800][1.459s][info][gc          ] GC(99) Pause Young (Allocation Failure) 31M->1M(202M) 0.062ms
[2025-12-16T20:44:15.749+0800][1.459s][info][gc,cpu      ] GC(99) User=0.00s Sys=0.00s Real=0.00s
[2025-12-16T20:44:15.760+0800][1.470s][info][gc,start    ] GC(100) Pause Young (Allocation Failure)
[2025-12-16T20:44:15.760+0800][1.471s][info][gc,heap     ] GC(100) PSYoungGen: 31328K(31744K)->128K(31744K) Eden: 31232K(31232K)->0K(31232K) From: 96K(512K)->128K(512K)
[2025-12-16T20:44:15.760+0800][1.471s][info][gc,heap     ] GC(100) ParOldGen: 1176K(175104K)->1176K(175104K)
[2025-12-16T20:44:15.760+0800][1.471s][info][gc,metaspace] GC(100) Metaspace: 85K(320K)->85K(320K) NonClass: 75K(192K)->75K(192K) Class: 9K(128K)->9K(128K)
[2025-12-16T20:44:15.760+0800][1.471s][info][gc          ] GC(100) Pause Young (Allocation Failure) 31M->1M(202M) 0.046ms
[2025-12-16T20:44:15.760+0800][1.471s][info][gc,cpu      ] GC(100) User=0.00s Sys=0.00s Real=0.00s
[2025-12-16T20:44:15.771+0800][1.482s][info][gc,start    ] GC(101) Pause Young (Allocation Failure)
[2025-12-16T20:44:15.771+0800][1.482s][info][gc,heap     ] GC(101) PSYoungGen: 31360K(31744K)->128K(31744K) Eden: 31232K(31232K)->0K(31232K) From: 128K(512K)->128K(512K)
[2025-12-16T20:44:15.771+0800][1.482s][info][gc,heap     ] GC(101) ParOldGen: 1176K(175104K)->1176K(175104K)
[2025-12-16T20:44:15.771+0800][1.482s][info][gc,metaspace] GC(101) Metaspace: 85K(320K)->85K(320K) NonClass: 75K(192K)->75K(192K) Class: 9K(128K)->9K(128K)
[2025-12-16T20:44:15.771+0800][1.482s][info][gc          ] GC(101) Pause Young (Allocation Failure) 31M->1M(202M) 0.050ms
[2025-12-16T20:44:15.771+0800][1.482s][info][gc,cpu      ] GC(101) User=0.00s Sys=0.00s Real=0.00s
[2025-12-16T20:44:15.783+0800][1.493s][info][gc,start    ] GC(102) Pause Young (Allocation Failure)
[2025-12-16T20:44:15.783+0800][1.493s][info][gc,heap     ] GC(102) PSYoungGen: 31360K(31744K)->128K(31744K) Eden: 31232K(31232K)->0K(31232K) From: 128K(512K)->128K(512K)
[2025-12-16T20:44:15.783+0800][1.493s][info][gc,heap     ] GC(102) ParOldGen: 1176K(175104K)->1176K(175104K)
[2025-12-16T20:44:15.783+0800][1.493s][info][gc,metaspace] GC(102) Metaspace: 85K(320K)->85K(320K) NonClass: 75K(192K)->75K(192K) Class: 9K(128K)->9K(128K)
[2025-12-16T20:44:15.783+0800][1.493s][info][gc          ] GC(102) Pause Young (Allocation Failure) 31M->1M(202M) 0.052ms
[2025-12-16T20:44:15.783+0800][1.493s][info][gc,cpu      ] GC(102) User=0.00s Sys=0.00s Real=0.00s
[2025-12-16T20:44:15.795+0800][1.505s][info][gc,start    ] GC(103) Pause Young (Allocation Failure)
[2025-12-16T20:44:15.795+0800][1.505s][info][gc,heap     ] GC(103) PSYoungGen: 31360K(31744K)->128K(31744K) Eden: 31232K(31232K)->0K(31232K) From: 128K(512K)->128K(512K)
[2025-12-16T20:44:15.795+0800][1.505s][info][gc,heap     ] GC(103) ParOldGen: 1176K(175104K)->1176K(175104K)
[2025-12-16T20:44:15.795+0800][1.505s][info][gc,metaspace] GC(103) Metaspace: 85K(320K)->85K(320K) NonClass: 75K(192K)->75K(192K) Class: 9K(128K)->9K(128K)
[2025-12-16T20:44:15.795+0800][1.505s][info][gc          ] GC(103) Pause Young (Allocation Failure) 31M->1M(202M) 0.045ms
[2025-12-16T20:44:15.795+0800][1.505s][info][gc,cpu      ] GC(103) User=0.00s Sys=0.00s Real=0.00s
[2025-12-16T20:44:15.806+0800][1.516s][info][gc,start    ] GC(104) Pause Young (Allocation Failure)
[2025-12-16T20:44:15.806+0800][1.516s][info][gc,heap     ] GC(104) PSYoungGen: 31360K(31744K)->128K(31744K) Eden: 31232K(31232K)->0K(31232K) From: 128K(512K)->128K(512K)
[2025-12-16T20:44:15.806+0800][1.516s][info][gc,heap     ] GC(104) ParOldGen: 1176K(175104K)->1176K(175104K)
[2025-12-16T20:44:15.806+0800][1.516s][info][gc,metaspace] GC(104) Metaspace: 85K(320K)->85K(320K) NonClass: 75K(192K)->75K(192K) Class: 9K(128K)->9K(128K)
[2025-12-16T20:44:15.806+0800][1.516s][info][gc          ] GC(104) Pause Young (Allocation Failure) 31M->1M(202M) 0.054ms
[2025-12-16T20:44:15.806+0800][1.516s][info][gc,cpu      ] GC(104) User=0.00s Sys=0.00s Real=0.00s
[2025-12-16T20:44:15.817+0800][1.527s][info][gc,start    ] GC(105) Pause Young (Allocation Failure)
[2025-12-16T20:44:15.817+0800][1.527s][info][gc,heap     ] GC(105) PSYoungGen: 31360K(31744K)->128K(31744K) Eden: 31232K(31232K)->0K(31232K) From: 128K(512K)->128K(512K)
[2025-12-16T20:44:15.817+0800][1.527s][info][gc,heap     ] GC(105) ParOldGen: 1176K(175104K)->1176K(175104K)
[2025-12-16T20:44:15.817+0800][1.527s][info][gc,metaspace] GC(105) Metaspace: 85K(320K)->85K(320K) NonClass: 75K(192K)->75K(192K) Class: 9K(128K)->9K(128K)
[2025-12-16T20:44:15.817+0800][1.527s][info][gc          ] GC(105) Pause Young (Allocation Failure) 31M->1M(202M) 0.048ms
[2025-12-16T20:44:15.817+0800][1.527s][info][gc,cpu      ] GC(105) User=0.00s Sys=0.00s Real=0.00s
[2025-12-16T20:44:15.828+0800][1.538s][info][gc,start    ] GC(106) Pause Young (Allocation Failure)
[2025-12-16T20:44:15.828+0800][1.538s][info][gc,heap     ] GC(106) PSYoungGen: 31360K(31744K)->128K(31744K) Eden: 31232K(31232K)->0K(31232K) From: 128K(512K)->128K(512K)
[2025-12-16T20:44:15.828+0800][1.538s][info][gc,heap     ] GC(106) ParOldGen: 1176K(175104K)->1176K(175104K)
[2025-12-16T20:44:15.828+0800][1.538s][info][gc,metaspace] GC(106) Metaspace: 85K(320K)->85K(320K) NonClass: 75K(192K)->75K(192K) Class: 9K(128K)->9K(128K)
[2025-12-16T20:44:15.828+0800][1.538s][info][gc          ] GC(106) Pause Young (Allocation Failure) 31M->1M(202M) 0.068ms
[2025-12-16T20:44:15.828+0800][1.538s][info][gc,cpu      ] GC(106) User=0.00s Sys=0.00s Real=0.00s
[2025-12-16T20:44:15.839+0800][1.550s][info][gc,start    ] GC(107) Pause Young (Allocation Failure)
[2025-12-16T20:44:15.839+0800][1.550s][info][gc,heap     ] GC(107) PSYoungGen: 31360K(31744K)->96K(31744K) Eden: 31232K(31232K)->0K(31232K) From: 128K(512K)->96K(512K)
[2025-12-16T20:44:15.839+0800][1.550s][info][gc,heap     ] GC(107) ParOldGen: 1176K(175104K)->1176K(175104K)
[2025-12-16T20:44:15.839+0800][1.550s][info][gc,metaspace] GC(107) Metaspace: 85K(320K)->85K(320K) NonClass: 75K(192K)->75K(192K) Class: 9K(128K)->9K(128K)
[2025-12-16T20:44:15.839+0800][1.550s][info][gc          ] GC(107) Pause Young (Allocation Failure) 31M->1M(202M) 0.055ms
[2025-12-16T20:44:15.839+0800][1.550s][info][gc,cpu      ] GC(107) User=0.00s Sys=0.00s Real=0.00s
[2025-12-16T20:44:15.851+0800][1.561s][info][gc,start    ] GC(108) Pause Young (Allocation Failure)
[2025-12-16T20:44:15.851+0800][1.561s][info][gc,heap     ] GC(108) PSYoungGen: 31328K(31744K)->128K(31744K) Eden: 31232K(31232K)->0K(31232K) From: 96K(512K)->128K(512K)
[2025-12-16T20:44:15.851+0800][1.561s][info][gc,heap     ] GC(108) ParOldGen: 1176K(175104K)->1176K(175104K)
[2025-12-16T20:44:15.851+0800][1.561s][info][gc,metaspace] GC(108) Metaspace: 85K(320K)->85K(320K) NonClass: 75K(192K)->75K(192K) Class: 9K(128K)->9K(128K)
[2025-12-16T20:44:15.851+0800][1.561s][info][gc          ] GC(108) Pause Young (Allocation Failure) 31M->1M(202M) 0.051ms
[2025-12-16T20:44:15.851+0800][1.561s][info][gc,cpu      ] GC(108) User=0.00s Sys=0.00s Real=0.00s
[2025-12-16T20:44:15.862+0800][1.573s][info][gc,start    ] GC(109) Pause Young (Allocation Failure)
[2025-12-16T20:44:15.862+0800][1.573s][info][gc,heap     ] GC(109) PSYoungGen: 31360K(31744K)->128K(31744K) Eden: 31232K(31232K)->0K(31232K) From: 128K(512K)->128K(512K)
[2025-12-16T20:44:15.862+0800][1.573s][info][gc,heap     ] GC(109) ParOldGen: 1176K(175104K)->1176K(175104K)
[2025-12-16T20:44:15.862+0800][1.573s][info][gc,metaspace] GC(109) Metaspace: 85K(320K)->85K(320K) NonClass: 75K(192K)->75K(192K) Class: 9K(128K)->9K(128K)
[2025-12-16T20:44:15.862+0800][1.573s][info][gc          ] GC(109) Pause Young (Allocation Failure) 31M->1M(202M) 0.056ms
[2025-12-16T20:44:15.862+0800][1.573s][info][gc,cpu      ] GC(109) User=0.00s Sys=0.00s Real=0.00s
[2025-12-16T20:44:15.873+0800][1.584s][info][gc,start    ] GC(110) Pause Young (Allocation Failure)
[2025-12-16T20:44:15.874+0800][1.584s][info][gc,heap     ] GC(110) PSYoungGen: 31360K(31744K)->96K(31744K) Eden: 31232K(31232K)->0K(31232K) From: 128K(512K)->96K(512K)
[2025-12-16T20:44:15.874+0800][1.584s][info][gc,heap     ] GC(110) ParOldGen: 1176K(175104K)->1176K(175104K)
[2025-12-16T20:44:15.874+0800][1.584s][info][gc,metaspace] GC(110) Metaspace: 85K(320K)->85K(320K) NonClass: 75K(192K)->75K(192K) Class: 9K(128K)->9K(128K)
[2025-12-16T20:44:15.874+0800][1.584s][info][gc          ] GC(110) Pause Young (Allocation Failure) 31M->1M(202M) 0.060ms
[2025-12-16T20:44:15.874+0800][1.584s][info][gc,cpu      ] GC(110) User=0.00s Sys=0.00s Real=0.00s
[2025-12-16T20:44:15.885+0800][1.595s][info][gc,start    ] GC(111) Pause Young (Allocation Failure)
[2025-12-16T20:44:15.885+0800][1.595s][info][gc,heap     ] GC(111) PSYoungGen: 31328K(31744K)->128K(31744K) Eden: 31232K(31232K)->0K(31232K) From: 96K(512K)->128K(512K)
[2025-12-16T20:44:15.885+0800][1.595s][info][gc,heap     ] GC(111) ParOldGen: 1176K(175104K)->1176K(175104K)
[2025-12-16T20:44:15.885+0800][1.595s][info][gc,metaspace] GC(111) Metaspace: 85K(320K)->85K(320K) NonClass: 75K(192K)->75K(192K) Class: 9K(128K)->9K(128K)
[2025-12-16T20:44:15.885+0800][1.595s][info][gc          ] GC(111) Pause Young (Allocation Failure) 31M->1M(202M) 0.053ms
[2025-12-16T20:44:15.885+0800][1.595s][info][gc,cpu      ] GC(111) User=0.00s Sys=0.00s Real=0.00s
[2025-12-16T20:44:15.896+0800][1.607s][info][gc,start    ] GC(112) Pause Young (Allocation Failure)
[2025-12-16T20:44:15.896+0800][1.607s][info][gc,heap     ] GC(112) PSYoungGen: 31360K(31744K)->96K(31744K) Eden: 31232K(31232K)->0K(31232K) From: 128K(512K)->96K(512K)
[2025-12-16T20:44:15.896+0800][1.607s][info][gc,heap     ] GC(112) ParOldGen: 1176K(175104K)->1176K(175104K)
[2025-12-16T20:44:15.896+0800][1.607s][info][gc,metaspace] GC(112) Metaspace: 85K(320K)->85K(320K) NonClass: 75K(192K)->75K(192K) Class: 9K(128K)->9K(128K)
[2025-12-16T20:44:15.896+0800][1.607s][info][gc          ] GC(112) Pause Young (Allocation Failure) 31M->1M(202M) 0.054ms
[2025-12-16T20:44:15.896+0800][1.607s][info][gc,cpu      ] GC(112) User=0.00s Sys=0.00s Real=0.00s
[2025-12-16T20:44:15.908+0800][1.618s][info][gc,start    ] GC(113) Pause Young (Allocation Failure)
[2025-12-16T20:44:15.908+0800][1.618s][info][gc,heap     ] GC(113) PSYoungGen: 31328K(31744K)->128K(31744K) Eden: 31232K(31232K)->0K(31232K) From: 96K(512K)->128K(512K)
[2025-12-16T20:44:15.908+0800][1.618s][info][gc,heap     ] GC(113) ParOldGen: 1176K(175104K)->1176K(175104K)
[2025-12-16T20:44:15.908+0800][1.618s][info][gc,metaspace] GC(113) Metaspace: 85K(320K)->85K(320K) NonClass: 75K(192K)->75K(192K) Class: 9K(128K)->9K(128K)
[2025-12-16T20:44:15.908+0800][1.618s][info][gc          ] GC(113) Pause Young (Allocation Failure) 31M->1M(202M) 0.061ms
[2025-12-16T20:44:15.908+0800][1.618s][info][gc,cpu      ] GC(113) User=0.00s Sys=0.00s Real=0.00s
[2025-12-16T20:44:15.919+0800][1.630s][info][gc,start    ] GC(114) Pause Young (Allocation Failure)
[2025-12-16T20:44:15.919+0800][1.630s][info][gc,heap     ] GC(114) PSYoungGen: 31360K(31744K)->128K(31744K) Eden: 31232K(31232K)->0K(31232K) From: 128K(512K)->128K(512K)
[2025-12-16T20:44:15.919+0800][1.630s][info][gc,heap     ] GC(114) ParOldGen: 1176K(175104K)->1176K(175104K)
[2025-12-16T20:44:15.919+0800][1.630s][info][gc,metaspace] GC(114) Metaspace: 85K(320K)->85K(320K) NonClass: 75K(192K)->75K(192K) Class: 9K(128K)->9K(128K)
[2025-12-16T20:44:15.919+0800][1.630s][info][gc          ] GC(114) Pause Young (Allocation Failure) 31M->1M(202M) 0.045ms
[2025-12-16T20:44:15.919+0800][1.630s][info][gc,cpu      ] GC(114) User=0.01s Sys=0.00s Real=0.00s
[2025-12-16T20:44:15.931+0800][1.641s][info][gc,start    ] GC(115) Pause Young (Allocation Failure)
[2025-12-16T20:44:15.931+0800][1.641s][info][gc,heap     ] GC(115) PSYoungGen: 31360K(31744K)->96K(31744K) Eden: 31232K(31232K)->0K(31232K) From: 128K(512K)->96K(512K)
[2025-12-16T20:44:15.931+0800][1.641s][info][gc,heap     ] GC(115) ParOldGen: 1176K(175104K)->1176K(175104K)
[2025-12-16T20:44:15.931+0800][1.641s][info][gc,metaspace] GC(115) Metaspace: 85K(320K)->85K(320K) NonClass: 75K(192K)->75K(192K) Class: 9K(128K)->9K(128K)
[2025-12-16T20:44:15.931+0800][1.641s][info][gc          ] GC(115) Pause Young (Allocation Failure) 31M->1M(202M) 0.049ms
[2025-12-16T20:44:15.931+0800][1.641s][info][gc,cpu      ] GC(115) User=0.00s Sys=0.00s Real=0.00s
[2025-12-16T20:44:15.942+0800][1.653s][info][gc,start    ] GC(116) Pause Young (Allocation Failure)
[2025-12-16T20:44:15.942+0800][1.653s][info][gc,heap     ] GC(116) PSYoungGen: 31328K(31744K)->64K(31744K) Eden: 31232K(31232K)->0K(31232K) From: 96K(512K)->64K(512K)
[2025-12-16T20:44:15.942+0800][1.653s][info][gc,heap     ] GC(116) ParOldGen: 1176K(175104K)->1176K(175104K)
[2025-12-16T20:44:15.942+0800][1.653s][info][gc,metaspace] GC(116) Metaspace: 85K(320K)->85K(320K) NonClass: 75K(192K)->75K(192K) Class: 9K(128K)->9K(128K)
[2025-12-16T20:44:15.942+0800][1.653s][info][gc          ] GC(116) Pause Young (Allocation Failure) 31M->1M(202M) 0.068ms
[2025-12-16T20:44:15.942+0800][1.653s][info][gc,cpu      ] GC(116) User=0.00s Sys=0.00s Real=0.00s
[2025-12-16T20:44:15.954+0800][1.664s][info][gc,start    ] GC(117) Pause Young (Allocation Failure)
[2025-12-16T20:44:15.954+0800][1.664s][info][gc,heap     ] GC(117) PSYoungGen: 31296K(31744K)->128K(31744K) Eden: 31232K(31232K)->0K(31232K) From: 64K(512K)->128K(512K)
[2025-12-16T20:44:15.954+0800][1.664s][info][gc,heap     ] GC(117) ParOldGen: 1176K(175104K)->1176K(175104K)
[2025-12-16T20:44:15.954+0800][1.664s][info][gc,metaspace] GC(117) Metaspace: 85K(320K)->85K(320K) NonClass: 75K(192K)->75K(192K) Class: 9K(128K)->9K(128K)
[2025-12-16T20:44:15.954+0800][1.664s][info][gc          ] GC(117) Pause Young (Allocation Failure) 31M->1M(202M) 0.049ms
[2025-12-16T20:44:15.954+0800][1.664s][info][gc,cpu      ] GC(117) User=0.00s Sys=0.00s Real=0.00s
[2025-12-16T20:44:15.965+0800][1.676s][info][gc,start    ] GC(118) Pause Young (Allocation Failure)
[2025-12-16T20:44:15.965+0800][1.676s][info][gc,heap     ] GC(118) PSYoungGen: 31360K(31744K)->128K(31744K) Eden: 31232K(31232K)->0K(31232K) From: 128K(512K)->128K(512K)
[2025-12-16T20:44:15.965+0800][1.676s][info][gc,heap     ] GC(118) ParOldGen: 1176K(175104K)->1176K(175104K)
[2025-12-16T20:44:15.965+0800][1.676s][info][gc,metaspace] GC(118) Metaspace: 85K(320K)->85K(320K) NonClass: 75K(192K)->75K(192K) Class: 9K(128K)->9K(128K)
[2025-12-16T20:44:15.965+0800][1.676s][info][gc          ] GC(118) Pause Young (Allocation Failure) 31M->1M(202M) 0.048ms
[2025-12-16T20:44:15.965+0800][1.676s][info][gc,cpu      ] GC(118) User=0.00s Sys=0.00s Real=0.00s
[2025-12-16T20:44:15.976+0800][1.687s][info][gc,start    ] GC(119) Pause Young (Allocation Failure)
[2025-12-16T20:44:15.977+0800][1.687s][info][gc,heap     ] GC(119) PSYoungGen: 31360K(31744K)->96K(31744K) Eden: 31232K(31232K)->0K(31232K) From: 128K(512K)->96K(512K)
[2025-12-16T20:44:15.977+0800][1.687s][info][gc,heap     ] GC(119) ParOldGen: 1176K(175104K)->1176K(175104K)
[2025-12-16T20:44:15.977+0800][1.687s][info][gc,metaspace] GC(119) Metaspace: 85K(320K)->85K(320K) NonClass: 75K(192K)->75K(192K) Class: 9K(128K)->9K(128K)
[2025-12-16T20:44:15.977+0800][1.687s][info][gc          ] GC(119) Pause Young (Allocation Failure) 31M->1M(202M) 0.064ms
[2025-12-16T20:44:15.977+0800][1.687s][info][gc,cpu      ] GC(119) User=0.00s Sys=0.00s Real=0.00s
[2025-12-16T20:44:15.988+0800][1.698s][info][gc,start    ] GC(120) Pause Young (Allocation Failure)
[2025-12-16T20:44:15.988+0800][1.698s][info][gc,heap     ] GC(120) PSYoungGen: 31328K(31744K)->128K(31744K) Eden: 31232K(31232K)->0K(31232K) From: 96K(512K)->128K(512K)
[2025-12-16T20:44:15.988+0800][1.698s][info][gc,heap     ] GC(120) ParOldGen: 1176K(175104K)->1176K(175104K)
[2025-12-16T20:44:15.988+0800][1.698s][info][gc,metaspace] GC(120) Metaspace: 85K(320K)->85K(320K) NonClass: 75K(192K)->75K(192K) Class: 9K(128K)->9K(128K)
[2025-12-16T20:44:15.988+0800][1.698s][info][gc          ] GC(120) Pause Young (Allocation Failure) 31M->1M(202M) 0.061ms
[2025-12-16T20:44:15.988+0800][1.698s][info][gc,cpu      ] GC(120) User=0.00s Sys=0.00s Real=0.00s
[2025-12-16T20:44:15.999+0800][1.709s][info][gc,start    ] GC(121) Pause Young (Allocation Failure)
[2025-12-16T20:44:15.999+0800][1.709s][info][gc,heap     ] GC(121) PSYoungGen: 31360K(31744K)->128K(31744K) Eden: 31232K(31232K)->0K(31232K) From: 128K(512K)->128K(512K)
[2025-12-16T20:44:15.999+0800][1.710s][info][gc,heap     ] GC(121) ParOldGen: 1176K(175104K)->1176K(175104K)
[2025-12-16T20:44:15.999+0800][1.710s][info][gc,metaspace] GC(121) Metaspace: 85K(320K)->85K(320K) NonClass: 75K(192K)->75K(192K) Class: 9K(128K)->9K(128K)
[2025-12-16T20:44:15.999+0800][1.710s][info][gc          ] GC(121) Pause Young (Allocation Failure) 31M->1M(202M) 0.055ms
[2025-12-16T20:44:15.999+0800][1.710s][info][gc,cpu      ] GC(121) User=0.00s Sys=0.00s Real=0.00s
[2025-12-16T20:44:16.011+0800][1.721s][info][gc,start    ] GC(122) Pause Young (Allocation Failure)
[2025-12-16T20:44:16.011+0800][1.721s][info][gc,heap     ] GC(122) PSYoungGen: 31360K(31744K)->96K(31744K) Eden: 31232K(31232K)->0K(31232K) From: 128K(512K)->96K(512K)
[2025-12-16T20:44:16.011+0800][1.721s][info][gc,heap     ] GC(122) ParOldGen: 1176K(175104K)->1176K(175104K)
[2025-12-16T20:44:16.011+0800][1.721s][info][gc,metaspace] GC(122) Metaspace: 85K(320K)->85K(320K) NonClass: 75K(192K)->75K(192K) Class: 9K(128K)->9K(128K)
[2025-12-16T20:44:16.011+0800][1.721s][info][gc          ] GC(122) Pause Young (Allocation Failure) 31M->1M(202M) 0.049ms
[2025-12-16T20:44:16.011+0800][1.721s][info][gc,cpu      ] GC(122) User=0.00s Sys=0.00s Real=0.00s
[2025-12-16T20:44:16.022+0800][1.732s][info][gc,start    ] GC(123) Pause Young (Allocation Failure)
[2025-12-16T20:44:16.022+0800][1.732s][info][gc,heap     ] GC(123) PSYoungGen: 31328K(31744K)->64K(31744K) Eden: 31232K(31232K)->0K(31232K) From: 96K(512K)->64K(512K)
[2025-12-16T20:44:16.022+0800][1.732s][info][gc,heap     ] GC(123) ParOldGen: 1176K(175104K)->1176K(175104K)
[2025-12-16T20:44:16.022+0800][1.732s][info][gc,metaspace] GC(123) Metaspace: 85K(320K)->85K(320K) NonClass: 75K(192K)->75K(192K) Class: 9K(128K)->9K(128K)
[2025-12-16T20:44:16.022+0800][1.732s][info][gc          ] GC(123) Pause Young (Allocation Failure) 31M->1M(202M) 0.064ms
[2025-12-16T20:44:16.022+0800][1.732s][info][gc,cpu      ] GC(123) User=0.00s Sys=0.00s Real=0.00s
[2025-12-16T20:44:16.033+0800][1.744s][info][gc,start    ] GC(124) Pause Young (Allocation Failure)
[2025-12-16T20:44:16.033+0800][1.744s][info][gc,heap     ] GC(124) PSYoungGen: 31296K(31744K)->96K(31744K) Eden: 31232K(31232K)->0K(31232K) From: 64K(512K)->96K(512K)
[2025-12-16T20:44:16.033+0800][1.744s][info][gc,heap     ] GC(124) ParOldGen: 1176K(175104K)->1176K(175104K)
[2025-12-16T20:44:16.033+0800][1.744s][info][gc,metaspace] GC(124) Metaspace: 85K(320K)->85K(320K) NonClass: 75K(192K)->75K(192K) Class: 9K(128K)->9K(128K)
[2025-12-16T20:44:16.033+0800][1.744s][info][gc          ] GC(124) Pause Young (Allocation Failure) 31M->1M(202M) 0.052ms
[2025-12-16T20:44:16.033+0800][1.744s][info][gc,cpu      ] GC(124) User=0.00s Sys=0.00s Real=0.00s
[2025-12-16T20:44:16.045+0800][1.755s][info][gc,start    ] GC(125) Pause Young (Allocation Failure)
[2025-12-16T20:44:16.045+0800][1.755s][info][gc,heap     ] GC(125) PSYoungGen: 31328K(31744K)->128K(31744K) Eden: 31232K(31232K)->0K(31232K) From: 96K(512K)->128K(512K)
[2025-12-16T20:44:16.045+0800][1.755s][info][gc,heap     ] GC(125) ParOldGen: 1176K(175104K)->1176K(175104K)
[2025-12-16T20:44:16.045+0800][1.755s][info][gc,metaspace] GC(125) Metaspace: 85K(320K)->85K(320K) NonClass: 75K(192K)->75K(192K) Class: 9K(128K)->9K(128K)
[2025-12-16T20:44:16.045+0800][1.755s][info][gc          ] GC(125) Pause Young (Allocation Failure) 31M->1M(202M) 0.054ms
[2025-12-16T20:44:16.045+0800][1.755s][info][gc,cpu      ] GC(125) User=0.00s Sys=0.00s Real=0.00s
[2025-12-16T20:44:16.056+0800][1.766s][info][gc,start    ] GC(126) Pause Young (Allocation Failure)
[2025-12-16T20:44:16.056+0800][1.766s][info][gc,heap     ] GC(126) PSYoungGen: 31360K(31744K)->128K(31744K) Eden: 31232K(31232K)->0K(31232K) From: 128K(512K)->128K(512K)
[2025-12-16T20:44:16.056+0800][1.766s][info][gc,heap     ] GC(126) ParOldGen: 1176K(175104K)->1176K(175104K)
[2025-12-16T20:44:16.056+0800][1.766s][info][gc,metaspace] GC(126) Metaspace: 85K(320K)->85K(320K) NonClass: 75K(192K)->75K(192K) Class: 9K(128K)->9K(128K)
[2025-12-16T20:44:16.056+0800][1.766s][info][gc          ] GC(126) Pause Young (Allocation Failure) 31M->1M(202M) 0.055ms
[2025-12-16T20:44:16.056+0800][1.766s][info][gc,cpu      ] GC(126) User=0.00s Sys=0.00s Real=0.00s
[2025-12-16T20:44:16.067+0800][1.778s][info][gc,start    ] GC(127) Pause Young (Allocation Failure)
[2025-12-16T20:44:16.067+0800][1.778s][info][gc,heap     ] GC(127) PSYoungGen: 31360K(31744K)->96K(31744K) Eden: 31232K(31232K)->0K(31232K) From: 128K(512K)->96K(512K)
[2025-12-16T20:44:16.067+0800][1.778s][info][gc,heap     ] GC(127) ParOldGen: 1176K(175104K)->1176K(175104K)
[2025-12-16T20:44:16.067+0800][1.778s][info][gc,metaspace] GC(127) Metaspace: 85K(320K)->85K(320K) NonClass: 75K(192K)->75K(192K) Class: 9K(128K)->9K(128K)
[2025-12-16T20:44:16.067+0800][1.778s][info][gc          ] GC(127) Pause Young (Allocation Failure) 31M->1M(202M) 0.065ms
[2025-12-16T20:44:16.067+0800][1.778s][info][gc,cpu      ] GC(127) User=0.00s Sys=0.00s Real=0.00s
[2025-12-16T20:44:16.079+0800][1.789s][info][gc,start    ] GC(128) Pause Young (Allocation Failure)
[2025-12-16T20:44:16.079+0800][1.789s][info][gc,heap     ] GC(128) PSYoungGen: 31328K(31744K)->96K(31744K) Eden: 31232K(31232K)->0K(31232K) From: 96K(512K)->96K(512K)
[2025-12-16T20:44:16.079+0800][1.789s][info][gc,heap     ] GC(128) ParOldGen: 1176K(175104K)->1176K(175104K)
[2025-12-16T20:44:16.079+0800][1.789s][info][gc,metaspace] GC(128) Metaspace: 85K(320K)->85K(320K) NonClass: 75K(192K)->75K(192K) Class: 9K(128K)->9K(128K)
[2025-12-16T20:44:16.079+0800][1.789s][info][gc          ] GC(128) Pause Young (Allocation Failure) 31M->1M(202M) 0.054ms
[2025-12-16T20:44:16.079+0800][1.789s][info][gc,cpu      ] GC(128) User=0.00s Sys=0.00s Real=0.00s
[2025-12-16T20:44:16.090+0800][1.801s][info][gc,start    ] GC(129) Pause Young (Allocation Failure)
[2025-12-16T20:44:16.090+0800][1.801s][info][gc,heap     ] GC(129) PSYoungGen: 31328K(31744K)->96K(31744K) Eden: 31232K(31232K)->0K(31232K) From: 96K(512K)->96K(512K)
[2025-12-16T20:44:16.090+0800][1.801s][info][gc,heap     ] GC(129) ParOldGen: 1176K(175104K)->1176K(175104K)
[2025-12-16T20:44:16.090+0800][1.801s][info][gc,metaspace] GC(129) Metaspace: 85K(320K)->85K(320K) NonClass: 75K(192K)->75K(192K) Class: 9K(128K)->9K(128K)
[2025-12-16T20:44:16.090+0800][1.801s][info][gc          ] GC(129) Pause Young (Allocation Failure) 31M->1M(202M) 0.054ms
[2025-12-16T20:44:16.090+0800][1.801s][info][gc,cpu      ] GC(129) User=0.00s Sys=0.00s Real=0.00s
[2025-12-16T20:44:16.102+0800][1.812s][info][gc,start    ] GC(130) Pause Young (Allocation Failure)
[2025-12-16T20:44:16.102+0800][1.812s][info][gc,heap     ] GC(130) PSYoungGen: 31328K(31744K)->128K(31744K) Eden: 31232K(31232K)->0K(31232K) From: 96K(512K)->128K(512K)
[2025-12-16T20:44:16.102+0800][1.812s][info][gc,heap     ] GC(130) ParOldGen: 1176K(175104K)->1176K(175104K)
[2025-12-16T20:44:16.102+0800][1.812s][info][gc,metaspace] GC(130) Metaspace: 85K(320K)->85K(320K) NonClass: 75K(192K)->75K(192K) Class: 9K(128K)->9K(128K)
[2025-12-16T20:44:16.102+0800][1.812s][info][gc          ] GC(130) Pause Young (Allocation Failure) 31M->1M(202M) 0.049ms
[2025-12-16T20:44:16.102+0800][1.812s][info][gc,cpu      ] GC(130) User=0.00s Sys=0.00s Real=0.00s
[2025-12-16T20:44:16.113+0800][1.824s][info][gc,start    ] GC(131) Pause Young (Allocation Failure)
[2025-12-16T20:44:16.113+0800][1.824s][info][gc,heap     ] GC(131) PSYoungGen: 31360K(31744K)->96K(31744K) Eden: 31232K(31232K)->0K(31232K) From: 128K(512K)->96K(512K)
[2025-12-16T20:44:16.113+0800][1.824s][info][gc,heap     ] GC(131) ParOldGen: 1176K(175104K)->1176K(175104K)
[2025-12-16T20:44:16.113+0800][1.824s][info][gc,metaspace] GC(131) Metaspace: 85K(320K)->85K(320K) NonClass: 75K(192K)->75K(192K) Class: 9K(128K)->9K(128K)
[2025-12-16T20:44:16.113+0800][1.824s][info][gc          ] GC(131) Pause Young (Allocation Failure) 31M->1M(202M) 0.048ms
[2025-12-16T20:44:16.113+0800][1.824s][info][gc,cpu      ] GC(131) User=0.00s Sys=0.00s Real=0.00s
[2025-12-16T20:44:16.125+0800][1.835s][info][gc,start    ] GC(132) Pause Young (Allocation Failure)
[2025-12-16T20:44:16.125+0800][1.835s][info][gc,heap     ] GC(132) PSYoungGen: 31328K(31744K)->96K(31744K) Eden: 31232K(31232K)->0K(31232K) From: 96K(512K)->96K(512K)
[2025-12-16T20:44:16.125+0800][1.835s][info][gc,heap     ] GC(132) ParOldGen: 1176K(175104K)->1176K(175104K)
[2025-12-16T20:44:16.125+0800][1.835s][info][gc,metaspace] GC(132) Metaspace: 85K(320K)->85K(320K) NonClass: 75K(192K)->75K(192K) Class: 9K(128K)->9K(128K)
[2025-12-16T20:44:16.125+0800][1.835s][info][gc          ] GC(132) Pause Young (Allocation Failure) 31M->1M(202M) 0.069ms
[2025-12-16T20:44:16.125+0800][1.835s][info][gc,cpu      ] GC(132) User=0.00s Sys=0.00s Real=0.00s
[2025-12-16T20:44:16.137+0800][1.847s][info][gc,start    ] GC(133) Pause Young (Allocation Failure)
[2025-12-16T20:44:16.137+0800][1.847s][info][gc,heap     ] GC(133) PSYoungGen: 31328K(31744K)->64K(31744K) Eden: 31232K(31232K)->0K(31232K) From: 96K(512K)->64K(512K)
[2025-12-16T20:44:16.137+0800][1.847s][info][gc,heap     ] GC(133) ParOldGen: 1176K(175104K)->1176K(175104K)
[2025-12-16T20:44:16.137+0800][1.847s][info][gc,metaspace] GC(133) Metaspace: 85K(320K)->85K(320K) NonClass: 75K(192K)->75K(192K) Class: 9K(128K)->9K(128K)
[2025-12-16T20:44:16.137+0800][1.847s][info][gc          ] GC(133) Pause Young (Allocation Failure) 31M->1M(202M) 0.117ms
[2025-12-16T20:44:16.137+0800][1.847s][info][gc,cpu      ] GC(133) User=0.00s Sys=0.00s Real=0.00s
[2025-12-16T20:44:16.149+0800][1.859s][info][gc,start    ] GC(134) Pause Young (Allocation Failure)
[2025-12-16T20:44:16.149+0800][1.859s][info][gc,heap     ] GC(134) PSYoungGen: 31296K(31744K)->64K(31744K) Eden: 31232K(31232K)->0K(31232K) From: 64K(512K)->64K(512K)
[2025-12-16T20:44:16.149+0800][1.859s][info][gc,heap     ] GC(134) ParOldGen: 1176K(175104K)->1176K(175104K)
[2025-12-16T20:44:16.149+0800][1.859s][info][gc,metaspace] GC(134) Metaspace: 85K(320K)->85K(320K) NonClass: 75K(192K)->75K(192K) Class: 9K(128K)->9K(128K)
[2025-12-16T20:44:16.149+0800][1.859s][info][gc          ] GC(134) Pause Young (Allocation Failure) 31M->1M(202M) 0.110ms
[2025-12-16T20:44:16.149+0800][1.859s][info][gc,cpu      ] GC(134) User=0.00s Sys=0.00s Real=0.00s
[2025-12-16T20:44:16.161+0800][1.871s][info][gc,start    ] GC(135) Pause Young (Allocation Failure)
[2025-12-16T20:44:16.161+0800][1.871s][info][gc,heap     ] GC(135) PSYoungGen: 31296K(31744K)->64K(31744K) Eden: 31232K(31232K)->0K(31232K) From: 64K(512K)->64K(512K)
[2025-12-16T20:44:16.161+0800][1.871s][info][gc,heap     ] GC(135) ParOldGen: 1176K(175104K)->1176K(175104K)
[2025-12-16T20:44:16.161+0800][1.871s][info][gc,metaspace] GC(135) Metaspace: 85K(320K)->85K(320K) NonClass: 75K(192K)->75K(192K) Class: 9K(128K)->9K(128K)
[2025-12-16T20:44:16.161+0800][1.871s][info][gc          ] GC(135) Pause Young (Allocation Failure) 31M->1M(202M) 0.102ms
[2025-12-16T20:44:16.161+0800][1.871s][info][gc,cpu      ] GC(135) User=0.00s Sys=0.00s Real=0.00s
[2025-12-16T20:44:16.173+0800][1.883s][info][gc,start    ] GC(136) Pause Young (Allocation Failure)
[2025-12-16T20:44:16.173+0800][1.883s][info][gc,heap     ] GC(136) PSYoungGen: 31296K(31744K)->64K(31744K) Eden: 31232K(31232K)->0K(31232K) From: 64K(512K)->64K(512K)
[2025-12-16T20:44:16.173+0800][1.883s][info][gc,heap     ] GC(136) ParOldGen: 1176K(175104K)->1176K(175104K)
[2025-12-16T20:44:16.173+0800][1.883s][info][gc,metaspace] GC(136) Metaspace: 85K(320K)->85K(320K) NonClass: 75K(192K)->75K(192K) Class: 9K(128K)->9K(128K)
[2025-12-16T20:44:16.173+0800][1.883s][info][gc          ] GC(136) Pause Young (Allocation Failure) 31M->1M(202M) 0.090ms
[2025-12-16T20:44:16.173+0800][1.883s][info][gc,cpu      ] GC(136) User=0.00s Sys=0.00s Real=0.00s
[2025-12-16T20:44:16.184+0800][1.894s][info][gc,start    ] GC(137) Pause Young (Allocation Failure)
[2025-12-16T20:44:16.184+0800][1.894s][info][gc,heap     ] GC(137) PSYoungGen: 31296K(31744K)->128K(31744K) Eden: 31232K(31232K)->0K(31232K) From: 64K(512K)->128K(512K)
[2025-12-16T20:44:16.184+0800][1.894s][info][gc,heap     ] GC(137) ParOldGen: 1176K(175104K)->1176K(175104K)
[2025-12-16T20:44:16.184+0800][1.894s][info][gc,metaspace] GC(137) Metaspace: 85K(320K)->85K(320K) NonClass: 75K(192K)->75K(192K) Class: 9K(128K)->9K(128K)
[2025-12-16T20:44:16.184+0800][1.894s][info][gc          ] GC(137) Pause Young (Allocation Failure) 31M->1M(202M) 0.067ms
[2025-12-16T20:44:16.184+0800][1.894s][info][gc,cpu      ] GC(137) User=0.00s Sys=0.00s Real=0.00s
[2025-12-16T20:44:16.195+0800][1.906s][info][gc,start    ] GC(138) Pause Young (Allocation Failure)
[2025-12-16T20:44:16.195+0800][1.906s][info][gc,heap     ] GC(138) PSYoungGen: 31360K(31744K)->128K(31744K) Eden: 31232K(31232K)->0K(31232K) From: 128K(512K)->128K(512K)
[2025-12-16T20:44:16.195+0800][1.906s][info][gc,heap     ] GC(138) ParOldGen: 1176K(175104K)->1176K(175104K)
[2025-12-16T20:44:16.195+0800][1.906s][info][gc,metaspace] GC(138) Metaspace: 85K(320K)->85K(320K) NonClass: 75K(192K)->75K(192K) Class: 9K(128K)->9K(128K)
[2025-12-16T20:44:16.195+0800][1.906s][info][gc          ] GC(138) Pause Young (Allocation Failure) 31M->1M(202M) 0.060ms
[2025-12-16T20:44:16.195+0800][1.906s][info][gc,cpu      ] GC(138) User=0.00s Sys=0.00s Real=0.00s
[2025-12-16T20:44:16.207+0800][1.918s][info][gc,start    ] GC(139) Pause Young (Allocation Failure)
[2025-12-16T20:44:16.207+0800][1.918s][info][gc,heap     ] GC(139) PSYoungGen: 31360K(31744K)->64K(31744K) Eden: 31232K(31232K)->0K(31232K) From: 128K(512K)->64K(512K)
[2025-12-16T20:44:16.207+0800][1.918s][info][gc,heap     ] GC(139) ParOldGen: 1176K(175104K)->1176K(175104K)
[2025-12-16T20:44:16.207+0800][1.918s][info][gc,metaspace] GC(139) Metaspace: 85K(320K)->85K(320K) NonClass: 75K(192K)->75K(192K) Class: 9K(128K)->9K(128K)
[2025-12-16T20:44:16.208+0800][1.918s][info][gc          ] GC(139) Pause Young (Allocation Failure) 31M->1M(202M) 0.072ms
[2025-12-16T20:44:16.208+0800][1.918s][info][gc,cpu      ] GC(139) User=0.00s Sys=0.00s Real=0.00s
[2025-12-16T20:44:16.219+0800][1.929s][info][gc,start    ] GC(140) Pause Young (Allocation Failure)
[2025-12-16T20:44:16.219+0800][1.929s][info][gc,heap     ] GC(140) PSYoungGen: 31296K(31744K)->128K(31744K) Eden: 31232K(31232K)->0K(31232K) From: 64K(512K)->128K(512K)
[2025-12-16T20:44:16.219+0800][1.929s][info][gc,heap     ] GC(140) ParOldGen: 1176K(175104K)->1176K(175104K)
[2025-12-16T20:44:16.219+0800][1.929s][info][gc,metaspace] GC(140) Metaspace: 85K(320K)->85K(320K) NonClass: 75K(192K)->75K(192K) Class: 9K(128K)->9K(128K)
[2025-12-16T20:44:16.219+0800][1.929s][info][gc          ] GC(140) Pause Young (Allocation Failure) 31M->1M(202M) 0.056ms
[2025-12-16T20:44:16.219+0800][1.929s][info][gc,cpu      ] GC(140) User=0.00s Sys=0.00s Real=0.00s
[2025-12-16T20:44:16.230+0800][1.940s][info][gc,start    ] GC(141) Pause Young (Allocation Failure)
[2025-12-16T20:44:16.230+0800][1.940s][info][gc,heap     ] GC(141) PSYoungGen: 31360K(31744K)->128K(31744K) Eden: 31232K(31232K)->0K(31232K) From: 128K(512K)->128K(512K)
[2025-12-16T20:44:16.230+0800][1.940s][info][gc,heap     ] GC(141) ParOldGen: 1176K(175104K)->1176K(175104K)
[2025-12-16T20:44:16.230+0800][1.940s][info][gc,metaspace] GC(141) Metaspace: 85K(320K)->85K(320K) NonClass: 75K(192K)->75K(192K) Class: 9K(128K)->9K(128K)
[2025-12-16T20:44:16.230+0800][1.940s][info][gc          ] GC(141) Pause Young (Allocation Failure) 31M->1M(202M) 0.052ms
[2025-12-16T20:44:16.230+0800][1.940s][info][gc,cpu      ] GC(141) User=0.00s Sys=0.00s Real=0.00s
[2025-12-16T20:44:16.241+0800][1.952s][info][gc,start    ] GC(142) Pause Young (Allocation Failure)
[2025-12-16T20:44:16.241+0800][1.952s][info][gc,heap     ] GC(142) PSYoungGen: 31360K(31744K)->96K(31744K) Eden: 31232K(31232K)->0K(31232K) From: 128K(512K)->96K(512K)
[2025-12-16T20:44:16.241+0800][1.952s][info][gc,heap     ] GC(142) ParOldGen: 1176K(175104K)->1176K(175104K)
[2025-12-16T20:44:16.241+0800][1.952s][info][gc,metaspace] GC(142) Metaspace: 85K(320K)->85K(320K) NonClass: 75K(192K)->75K(192K) Class: 9K(128K)->9K(128K)
[2025-12-16T20:44:16.241+0800][1.952s][info][gc          ] GC(142) Pause Young (Allocation Failure) 31M->1M(202M) 0.074ms
[2025-12-16T20:44:16.241+0800][1.952s][info][gc,cpu      ] GC(142) User=0.00s Sys=0.00s Real=0.00s
[2025-12-16T20:44:16.252+0800][1.963s][info][gc,start    ] GC(143) Pause Young (Allocation Failure)
[2025-12-16T20:44:16.252+0800][1.963s][info][gc,heap     ] GC(143) PSYoungGen: 31328K(31744K)->128K(31744K) Eden: 31232K(31232K)->0K(31232K) From: 96K(512K)->128K(512K)
[2025-12-16T20:44:16.252+0800][1.963s][info][gc,heap     ] GC(143) ParOldGen: 1176K(175104K)->1176K(175104K)
[2025-12-16T20:44:16.252+0800][1.963s][info][gc,metaspace] GC(143) Metaspace: 85K(320K)->85K(320K) NonClass: 75K(192K)->75K(192K) Class: 9K(128K)->9K(128K)
[2025-12-16T20:44:16.252+0800][1.963s][info][gc          ] GC(143) Pause Young (Allocation Failure) 31M->1M(202M) 0.043ms
[2025-12-16T20:44:16.252+0800][1.963s][info][gc,cpu      ] GC(143) User=0.00s Sys=0.00s Real=0.00s
[2025-12-16T20:44:16.264+0800][1.974s][info][gc,start    ] GC(144) Pause Young (Allocation Failure)
[2025-12-16T20:44:16.264+0800][1.974s][info][gc,heap     ] GC(144) PSYoungGen: 31360K(31744K)->128K(31744K) Eden: 31232K(31232K)->0K(31232K) From: 128K(512K)->128K(512K)
[2025-12-16T20:44:16.264+0800][1.974s][info][gc,heap     ] GC(144) ParOldGen: 1176K(175104K)->1176K(175104K)
[2025-12-16T20:44:16.264+0800][1.974s][info][gc,metaspace] GC(144) Metaspace: 85K(320K)->85K(320K) NonClass: 75K(192K)->75K(192K) Class: 9K(128K)->9K(128K)
[2025-12-16T20:44:16.264+0800][1.974s][info][gc          ] GC(144) Pause Young (Allocation Failure) 31M->1M(202M) 0.051ms
[2025-12-16T20:44:16.264+0800][1.974s][info][gc,cpu      ] GC(144) User=0.00s Sys=0.00s Real=0.00s
[2025-12-16T20:44:16.275+0800][1.986s][info][gc,start    ] GC(145) Pause Young (Allocation Failure)
[2025-12-16T20:44:16.275+0800][1.986s][info][gc,heap     ] GC(145) PSYoungGen: 31360K(31744K)->96K(31744K) Eden: 31232K(31232K)->0K(31232K) From: 128K(512K)->96K(512K)
[2025-12-16T20:44:16.275+0800][1.986s][info][gc,heap     ] GC(145) ParOldGen: 1176K(175104K)->1176K(175104K)
[2025-12-16T20:44:16.275+0800][1.986s][info][gc,metaspace] GC(145) Metaspace: 85K(320K)->85K(320K) NonClass: 75K(192K)->75K(192K) Class: 9K(128K)->9K(128K)
[2025-12-16T20:44:16.275+0800][1.986s][info][gc          ] GC(145) Pause Young (Allocation Failure) 31M->1M(202M) 0.055ms
[2025-12-16T20:44:16.275+0800][1.986s][info][gc,cpu      ] GC(145) User=0.00s Sys=0.00s Real=0.00s
[2025-12-16T20:44:16.286+0800][1.997s][info][gc,start    ] GC(146) Pause Young (Allocation Failure)
[2025-12-16T20:44:16.286+0800][1.997s][info][gc,heap     ] GC(146) PSYoungGen: 31328K(31744K)->64K(31744K) Eden: 31232K(31232K)->0K(31232K) From: 96K(512K)->64K(512K)
[2025-12-16T20:44:16.286+0800][1.997s][info][gc,heap     ] GC(146) ParOldGen: 1176K(175104K)->1176K(175104K)
[2025-12-16T20:44:16.286+0800][1.997s][info][gc,metaspace] GC(146) Metaspace: 85K(320K)->85K(320K) NonClass: 75K(192K)->75K(192K) Class: 9K(128K)->9K(128K)
[2025-12-16T20:44:16.286+0800][1.997s][info][gc          ] GC(146) Pause Young (Allocation Failure) 31M->1M(202M) 0.065ms
[2025-12-16T20:44:16.286+0800][1.997s][info][gc,cpu      ] GC(146) User=0.00s Sys=0.00s Real=0.00s
[2025-12-16T20:44:16.298+0800][2.008s][info][gc,start    ] GC(147) Pause Young (Allocation Failure)
[2025-12-16T20:44:16.298+0800][2.008s][info][gc,heap     ] GC(147) PSYoungGen: 31296K(31744K)->128K(31744K) Eden: 31232K(31232K)->0K(31232K) From: 64K(512K)->128K(512K)
[2025-12-16T20:44:16.298+0800][2.008s][info][gc,heap     ] GC(147) ParOldGen: 1176K(175104K)->1176K(175104K)
[2025-12-16T20:44:16.298+0800][2.008s][info][gc,metaspace] GC(147) Metaspace: 85K(320K)->85K(320K) NonClass: 75K(192K)->75K(192K) Class: 9K(128K)->9K(128K)
[2025-12-16T20:44:16.298+0800][2.008s][info][gc          ] GC(147) Pause Young (Allocation Failure) 31M->1M(202M) 0.055ms
[2025-12-16T20:44:16.298+0800][2.008s][info][gc,cpu      ] GC(147) User=0.00s Sys=0.00s Real=0.00s
[2025-12-16T20:44:16.309+0800][2.020s][info][gc,start    ] GC(148) Pause Young (Allocation Failure)
[2025-12-16T20:44:16.309+0800][2.020s][info][gc,heap     ] GC(148) PSYoungGen: 31360K(31744K)->128K(31744K) Eden: 31232K(31232K)->0K(31232K) From: 128K(512K)->128K(512K)
[2025-12-16T20:44:16.309+0800][2.020s][info][gc,heap     ] GC(148) ParOldGen: 1176K(175104K)->1176K(175104K)
[2025-12-16T20:44:16.309+0800][2.020s][info][gc,metaspace] GC(148) Metaspace: 85K(320K)->85K(320K) NonClass: 75K(192K)->75K(192K) Class: 9K(128K)->9K(128K)
[2025-12-16T20:44:16.309+0800][2.020s][info][gc          ] GC(148) Pause Young (Allocation Failure) 31M->1M(202M) 0.058ms
[2025-12-16T20:44:16.309+0800][2.020s][info][gc,cpu      ] GC(148) User=0.00s Sys=0.00s Real=0.00s
[2025-12-16T20:44:16.321+0800][2.031s][info][gc,start    ] GC(149) Pause Young (Allocation Failure)
[2025-12-16T20:44:16.321+0800][2.031s][info][gc,heap     ] GC(149) PSYoungGen: 31360K(31744K)->96K(31744K) Eden: 31232K(31232K)->0K(31232K) From: 128K(512K)->96K(512K)
[2025-12-16T20:44:16.321+0800][2.031s][info][gc,heap     ] GC(149) ParOldGen: 1176K(175104K)->1176K(175104K)
[2025-12-16T20:44:16.321+0800][2.031s][info][gc,metaspace] GC(149) Metaspace: 85K(320K)->85K(320K) NonClass: 75K(192K)->75K(192K) Class: 9K(128K)->9K(128K)
[2025-12-16T20:44:16.321+0800][2.031s][info][gc          ] GC(149) Pause Young (Allocation Failure) 31M->1M(202M) 0.068ms
[2025-12-16T20:44:16.321+0800][2.031s][info][gc,cpu      ] GC(149) User=0.00s Sys=0.00s Real=0.00s
[2025-12-16T20:44:16.332+0800][2.043s][info][gc,start    ] GC(150) Pause Young (Allocation Failure)
[2025-12-16T20:44:16.332+0800][2.043s][info][gc,heap     ] GC(150) PSYoungGen: 31328K(31744K)->96K(31744K) Eden: 31232K(31232K)->0K(31232K) From: 96K(512K)->96K(512K)
[2025-12-16T20:44:16.332+0800][2.043s][info][gc,heap     ] GC(150) ParOldGen: 1176K(175104K)->1176K(175104K)
[2025-12-16T20:44:16.332+0800][2.043s][info][gc,metaspace] GC(150) Metaspace: 85K(320K)->85K(320K) NonClass: 75K(192K)->75K(192K) Class: 9K(128K)->9K(128K)
[2025-12-16T20:44:16.332+0800][2.043s][info][gc          ] GC(150) Pause Young (Allocation Failure) 31M->1M(202M) 0.063ms
[2025-12-16T20:44:16.332+0800][2.043s][info][gc,cpu      ] GC(150) User=0.00s Sys=0.00s Real=0.00s
[2025-12-16T20:44:16.344+0800][2.054s][info][gc,start    ] GC(151) Pause Young (Allocation Failure)
[2025-12-16T20:44:16.344+0800][2.054s][info][gc,heap     ] GC(151) PSYoungGen: 31328K(31744K)->96K(31744K) Eden: 31232K(31232K)->0K(31232K) From: 96K(512K)->96K(512K)
[2025-12-16T20:44:16.344+0800][2.054s][info][gc,heap     ] GC(151) ParOldGen: 1176K(175104K)->1176K(175104K)
[2025-12-16T20:44:16.344+0800][2.054s][info][gc,metaspace] GC(151) Metaspace: 85K(320K)->85K(320K) NonClass: 75K(192K)->75K(192K) Class: 9K(128K)->9K(128K)
[2025-12-16T20:44:16.344+0800][2.054s][info][gc          ] GC(151) Pause Young (Allocation Failure) 31M->1M(202M) 0.058ms
[2025-12-16T20:44:16.344+0800][2.054s][info][gc,cpu      ] GC(151) User=0.00s Sys=0.00s Real=0.00s
[2025-12-16T20:44:16.356+0800][2.066s][info][gc,start    ] GC(152) Pause Young (Allocation Failure)
[2025-12-16T20:44:16.356+0800][2.066s][info][gc,heap     ] GC(152) PSYoungGen: 31328K(31744K)->96K(31744K) Eden: 31232K(31232K)->0K(31232K) From: 96K(512K)->96K(512K)
[2025-12-16T20:44:16.356+0800][2.066s][info][gc,heap     ] GC(152) ParOldGen: 1176K(175104K)->1176K(175104K)
[2025-12-16T20:44:16.356+0800][2.066s][info][gc,metaspace] GC(152) Metaspace: 85K(320K)->85K(320K) NonClass: 75K(192K)->75K(192K) Class: 9K(128K)->9K(128K)
[2025-12-16T20:44:16.356+0800][2.066s][info][gc          ] GC(152) Pause Young (Allocation Failure) 31M->1M(202M) 0.076ms
[2025-12-16T20:44:16.356+0800][2.066s][info][gc,cpu      ] GC(152) User=0.00s Sys=0.00s Real=0.00s
[2025-12-16T20:44:16.367+0800][2.077s][info][gc,start    ] GC(153) Pause Young (Allocation Failure)
[2025-12-16T20:44:16.367+0800][2.077s][info][gc,heap     ] GC(153) PSYoungGen: 31328K(31744K)->128K(31744K) Eden: 31232K(31232K)->0K(31232K) From: 96K(512K)->128K(512K)
[2025-12-16T20:44:16.367+0800][2.077s][info][gc,heap     ] GC(153) ParOldGen: 1176K(175104K)->1176K(175104K)
[2025-12-16T20:44:16.367+0800][2.077s][info][gc,metaspace] GC(153) Metaspace: 85K(320K)->85K(320K) NonClass: 75K(192K)->75K(192K) Class: 9K(128K)->9K(128K)
[2025-12-16T20:44:16.367+0800][2.077s][info][gc          ] GC(153) Pause Young (Allocation Failure) 31M->1M(202M) 0.054ms
[2025-12-16T20:44:16.367+0800][2.077s][info][gc,cpu      ] GC(153) User=0.00s Sys=0.00s Real=0.00s
[2025-12-16T20:44:16.378+0800][2.089s][info][gc,start    ] GC(154) Pause Young (Allocation Failure)
[2025-12-16T20:44:16.378+0800][2.089s][info][gc,heap     ] GC(154) PSYoungGen: 31360K(31744K)->128K(31744K) Eden: 31232K(31232K)->0K(31232K) From: 128K(512K)->128K(512K)
[2025-12-16T20:44:16.378+0800][2.089s][info][gc,heap     ] GC(154) ParOldGen: 1176K(175104K)->1176K(175104K)
[2025-12-16T20:44:16.378+0800][2.089s][info][gc,metaspace] GC(154) Metaspace: 85K(320K)->85K(320K) NonClass: 75K(192K)->75K(192K) Class: 9K(128K)->9K(128K)
[2025-12-16T20:44:16.378+0800][2.089s][info][gc          ] GC(154) Pause Young (Allocation Failure) 31M->1M(202M) 0.054ms
[2025-12-16T20:44:16.378+0800][2.089s][info][gc,cpu      ] GC(154) User=0.00s Sys=0.00s Real=0.00s
[2025-12-16T20:44:16.389+0800][2.100s][info][gc,start    ] GC(155) Pause Young (Allocation Failure)
[2025-12-16T20:44:16.389+0800][2.100s][info][gc,heap     ] GC(155) PSYoungGen: 31360K(31744K)->128K(31744K) Eden: 31232K(31232K)->0K(31232K) From: 128K(512K)->128K(512K)
[2025-12-16T20:44:16.389+0800][2.100s][info][gc,heap     ] GC(155) ParOldGen: 1176K(175104K)->1176K(175104K)
[2025-12-16T20:44:16.389+0800][2.100s][info][gc,metaspace] GC(155) Metaspace: 85K(320K)->85K(320K) NonClass: 75K(192K)->75K(192K) Class: 9K(128K)->9K(128K)
[2025-12-16T20:44:16.389+0800][2.100s][info][gc          ] GC(155) Pause Young (Allocation Failure) 31M->1M(202M) 0.050ms
[2025-12-16T20:44:16.389+0800][2.100s][info][gc,cpu      ] GC(155) User=0.00s Sys=0.00s Real=0.00s
[2025-12-16T20:44:16.401+0800][2.111s][info][gc,start    ] GC(156) Pause Young (Allocation Failure)
[2025-12-16T20:44:16.401+0800][2.111s][info][gc,heap     ] GC(156) PSYoungGen: 31360K(31744K)->64K(31744K) Eden: 31232K(31232K)->0K(31232K) From: 128K(512K)->64K(512K)
[2025-12-16T20:44:16.401+0800][2.111s][info][gc,heap     ] GC(156) ParOldGen: 1176K(175104K)->1176K(175104K)
[2025-12-16T20:44:16.401+0800][2.111s][info][gc,metaspace] GC(156) Metaspace: 85K(320K)->85K(320K) NonClass: 75K(192K)->75K(192K) Class: 9K(128K)->9K(128K)
[2025-12-16T20:44:16.401+0800][2.111s][info][gc          ] GC(156) Pause Young (Allocation Failure) 31M->1M(202M) 0.064ms
[2025-12-16T20:44:16.401+0800][2.111s][info][gc,cpu      ] GC(156) User=0.00s Sys=0.00s Real=0.00s
[2025-12-16T20:44:16.412+0800][2.123s][info][gc,start    ] GC(157) Pause Young (Allocation Failure)
[2025-12-16T20:44:16.412+0800][2.123s][info][gc,heap     ] GC(157) PSYoungGen: 31296K(31744K)->128K(31744K) Eden: 31232K(31232K)->0K(31232K) From: 64K(512K)->128K(512K)
[2025-12-16T20:44:16.412+0800][2.123s][info][gc,heap     ] GC(157) ParOldGen: 1176K(175104K)->1176K(175104K)
[2025-12-16T20:44:16.412+0800][2.123s][info][gc,metaspace] GC(157) Metaspace: 85K(320K)->85K(320K) NonClass: 75K(192K)->75K(192K) Class: 9K(128K)->9K(128K)
[2025-12-16T20:44:16.412+0800][2.123s][info][gc          ] GC(157) Pause Young (Allocation Failure) 31M->1M(202M) 0.049ms
[2025-12-16T20:44:16.412+0800][2.123s][info][gc,cpu      ] GC(157) User=0.00s Sys=0.00s Real=0.00s
[2025-12-16T20:44:16.423+0800][2.134s][info][gc,start    ] GC(158) Pause Young (Allocation Failure)
[2025-12-16T20:44:16.423+0800][2.134s][info][gc,heap     ] GC(158) PSYoungGen: 31360K(31744K)->128K(31744K) Eden: 31232K(31232K)->0K(31232K) From: 128K(512K)->128K(512K)
[2025-12-16T20:44:16.423+0800][2.134s][info][gc,heap     ] GC(158) ParOldGen: 1176K(175104K)->1176K(175104K)
[2025-12-16T20:44:16.423+0800][2.134s][info][gc,metaspace] GC(158) Metaspace: 85K(320K)->85K(320K) NonClass: 75K(192K)->75K(192K) Class: 9K(128K)->9K(128K)
[2025-12-16T20:44:16.423+0800][2.134s][info][gc          ] GC(158) Pause Young (Allocation Failure) 31M->1M(202M) 0.053ms
[2025-12-16T20:44:16.423+0800][2.134s][info][gc,cpu      ] GC(158) User=0.00s Sys=0.00s Real=0.00s
[2025-12-16T20:44:16.435+0800][2.145s][info][gc,start    ] GC(159) Pause Young (Allocation Failure)
[2025-12-16T20:44:16.435+0800][2.145s][info][gc,heap     ] GC(159) PSYoungGen: 31360K(31744K)->128K(31744K) Eden: 31232K(31232K)->0K(31232K) From: 128K(512K)->128K(512K)
[2025-12-16T20:44:16.435+0800][2.145s][info][gc,heap     ] GC(159) ParOldGen: 1176K(175104K)->1176K(175104K)
[2025-12-16T20:44:16.435+0800][2.145s][info][gc,metaspace] GC(159) Metaspace: 85K(320K)->85K(320K) NonClass: 75K(192K)->75K(192K) Class: 9K(128K)->9K(128K)
[2025-12-16T20:44:16.435+0800][2.145s][info][gc          ] GC(159) Pause Young (Allocation Failure) 31M->1M(202M) 0.053ms
[2025-12-16T20:44:16.435+0800][2.145s][info][gc,cpu      ] GC(159) User=0.00s Sys=0.00s Real=0.00s
[2025-12-16T20:44:16.446+0800][2.156s][info][gc,start    ] GC(160) Pause Young (Allocation Failure)
[2025-12-16T20:44:16.446+0800][2.156s][info][gc,heap     ] GC(160) PSYoungGen: 31360K(31744K)->128K(31744K) Eden: 31232K(31232K)->0K(31232K) From: 128K(512K)->128K(512K)
[2025-12-16T20:44:16.446+0800][2.156s][info][gc,heap     ] GC(160) ParOldGen: 1176K(175104K)->1176K(175104K)
[2025-12-16T20:44:16.446+0800][2.156s][info][gc,metaspace] GC(160) Metaspace: 85K(320K)->85K(320K) NonClass: 75K(192K)->75K(192K) Class: 9K(128K)->9K(128K)
[2025-12-16T20:44:16.446+0800][2.156s][info][gc          ] GC(160) Pause Young (Allocation Failure) 31M->1M(202M) 0.052ms
[2025-12-16T20:44:16.446+0800][2.156s][info][gc,cpu      ] GC(160) User=0.00s Sys=0.00s Real=0.00s
[2025-12-16T20:44:16.457+0800][2.168s][info][gc,start    ] GC(161) Pause Young (Allocation Failure)
[2025-12-16T20:44:16.457+0800][2.168s][info][gc,heap     ] GC(161) PSYoungGen: 31360K(31744K)->128K(31744K) Eden: 31232K(31232K)->0K(31232K) From: 128K(512K)->128K(512K)
[2025-12-16T20:44:16.457+0800][2.168s][info][gc,heap     ] GC(161) ParOldGen: 1176K(175104K)->1176K(175104K)
[2025-12-16T20:44:16.457+0800][2.168s][info][gc,metaspace] GC(161) Metaspace: 85K(320K)->85K(320K) NonClass: 75K(192K)->75K(192K) Class: 9K(128K)->9K(128K)
[2025-12-16T20:44:16.457+0800][2.168s][info][gc          ] GC(161) Pause Young (Allocation Failure) 31M->1M(202M) 0.052ms
[2025-12-16T20:44:16.457+0800][2.168s][info][gc,cpu      ] GC(161) User=0.00s Sys=0.00s Real=0.00s
[2025-12-16T20:44:16.469+0800][2.179s][info][gc,start    ] GC(162) Pause Young (Allocation Failure)
[2025-12-16T20:44:16.469+0800][2.179s][info][gc,heap     ] GC(162) PSYoungGen: 31360K(31744K)->128K(31744K) Eden: 31232K(31232K)->0K(31232K) From: 128K(512K)->128K(512K)
[2025-12-16T20:44:16.469+0800][2.179s][info][gc,heap     ] GC(162) ParOldGen: 1176K(175104K)->1176K(175104K)
[2025-12-16T20:44:16.469+0800][2.179s][info][gc,metaspace] GC(162) Metaspace: 85K(320K)->85K(320K) NonClass: 75K(192K)->75K(192K) Class: 9K(128K)->9K(128K)
[2025-12-16T20:44:16.469+0800][2.179s][info][gc          ] GC(162) Pause Young (Allocation Failure) 31M->1M(202M) 0.056ms
[2025-12-16T20:44:16.469+0800][2.179s][info][gc,cpu      ] GC(162) User=0.00s Sys=0.00s Real=0.00s
[2025-12-16T20:44:16.480+0800][2.190s][info][gc,start    ] GC(163) Pause Young (Allocation Failure)
[2025-12-16T20:44:16.480+0800][2.190s][info][gc,heap     ] GC(163) PSYoungGen: 31360K(31744K)->96K(31744K) Eden: 31232K(31232K)->0K(31232K) From: 128K(512K)->96K(512K)
[2025-12-16T20:44:16.480+0800][2.190s][info][gc,heap     ] GC(163) ParOldGen: 1176K(175104K)->1176K(175104K)
[2025-12-16T20:44:16.480+0800][2.190s][info][gc,metaspace] GC(163) Metaspace: 85K(320K)->85K(320K) NonClass: 75K(192K)->75K(192K) Class: 9K(128K)->9K(128K)
[2025-12-16T20:44:16.480+0800][2.190s][info][gc          ] GC(163) Pause Young (Allocation Failure) 31M->1M(202M) 0.061ms
[2025-12-16T20:44:16.480+0800][2.190s][info][gc,cpu      ] GC(163) User=0.00s Sys=0.00s Real=0.00s
[2025-12-16T20:44:16.491+0800][2.202s][info][gc,start    ] GC(164) Pause Young (Allocation Failure)
[2025-12-16T20:44:16.491+0800][2.202s][info][gc,heap     ] GC(164) PSYoungGen: 31328K(31744K)->128K(31744K) Eden: 31232K(31232K)->0K(31232K) From: 96K(512K)->128K(512K)
[2025-12-16T20:44:16.491+0800][2.202s][info][gc,heap     ] GC(164) ParOldGen: 1176K(175104K)->1176K(175104K)
[2025-12-16T20:44:16.491+0800][2.202s][info][gc,metaspace] GC(164) Metaspace: 85K(320K)->85K(320K) NonClass: 75K(192K)->75K(192K) Class: 9K(128K)->9K(128K)
[2025-12-16T20:44:16.491+0800][2.202s][info][gc          ] GC(164) Pause Young (Allocation Failure) 31M->1M(202M) 0.052ms
[2025-12-16T20:44:16.491+0800][2.202s][info][gc,cpu      ] GC(164) User=0.00s Sys=0.00s Real=0.00s
[2025-12-16T20:44:16.503+0800][2.213s][info][gc,start    ] GC(165) Pause Young (Allocation Failure)
[2025-12-16T20:44:16.503+0800][2.213s][info][gc,heap     ] GC(165) PSYoungGen: 31360K(31744K)->96K(31744K) Eden: 31232K(31232K)->0K(31232K) From: 128K(512K)->96K(512K)
[2025-12-16T20:44:16.503+0800][2.213s][info][gc,heap     ] GC(165) ParOldGen: 1176K(175104K)->1176K(175104K)
[2025-12-16T20:44:16.503+0800][2.213s][info][gc,metaspace] GC(165) Metaspace: 85K(320K)->85K(320K) NonClass: 75K(192K)->75K(192K) Class: 9K(128K)->9K(128K)
[2025-12-16T20:44:16.503+0800][2.213s][info][gc          ] GC(165) Pause Young (Allocation Failure) 31M->1M(202M) 0.050ms
[2025-12-16T20:44:16.503+0800][2.213s][info][gc,cpu      ] GC(165) User=0.00s Sys=0.00s Real=0.00s
[2025-12-16T20:44:16.514+0800][2.225s][info][gc,start    ] GC(166) Pause Young (Allocation Failure)
[2025-12-16T20:44:16.514+0800][2.225s][info][gc,heap     ] GC(166) PSYoungGen: 31328K(31744K)->64K(31744K) Eden: 31232K(31232K)->0K(31232K) From: 96K(512K)->64K(512K)
[2025-12-16T20:44:16.514+0800][2.225s][info][gc,heap     ] GC(166) ParOldGen: 1176K(175104K)->1176K(175104K)
[2025-12-16T20:44:16.514+0800][2.225s][info][gc,metaspace] GC(166) Metaspace: 85K(320K)->85K(320K) NonClass: 75K(192K)->75K(192K) Class: 9K(128K)->9K(128K)
[2025-12-16T20:44:16.514+0800][2.225s][info][gc          ] GC(166) Pause Young (Allocation Failure) 31M->1M(202M) 0.062ms
[2025-12-16T20:44:16.514+0800][2.225s][info][gc,cpu      ] GC(166) User=0.00s Sys=0.00s Real=0.00s
[2025-12-16T20:44:16.526+0800][2.236s][info][gc,start    ] GC(167) Pause Young (Allocation Failure)
[2025-12-16T20:44:16.526+0800][2.236s][info][gc,heap     ] GC(167) PSYoungGen: 31296K(31744K)->96K(31744K) Eden: 31232K(31232K)->0K(31232K) From: 64K(512K)->96K(512K)
[2025-12-16T20:44:16.526+0800][2.236s][info][gc,heap     ] GC(167) ParOldGen: 1176K(175104K)->1176K(175104K)
[2025-12-16T20:44:16.526+0800][2.236s][info][gc,metaspace] GC(167) Metaspace: 85K(320K)->85K(320K) NonClass: 75K(192K)->75K(192K) Class: 9K(128K)->9K(128K)
[2025-12-16T20:44:16.526+0800][2.236s][info][gc          ] GC(167) Pause Young (Allocation Failure) 31M->1M(202M) 0.059ms
[2025-12-16T20:44:16.526+0800][2.236s][info][gc,cpu      ] GC(167) User=0.00s Sys=0.00s Real=0.00s
[2025-12-16T20:44:16.537+0800][2.248s][info][gc,start    ] GC(168) Pause Young (Allocation Failure)
[2025-12-16T20:44:16.537+0800][2.248s][info][gc,heap     ] GC(168) PSYoungGen: 31328K(31744K)->64K(31744K) Eden: 31232K(31232K)->0K(31232K) From: 96K(512K)->64K(512K)
[2025-12-16T20:44:16.537+0800][2.248s][info][gc,heap     ] GC(168) ParOldGen: 1176K(175104K)->1176K(175104K)
[2025-12-16T20:44:16.537+0800][2.248s][info][gc,metaspace] GC(168) Metaspace: 85K(320K)->85K(320K) NonClass: 75K(192K)->75K(192K) Class: 9K(128K)->9K(128K)
[2025-12-16T20:44:16.537+0800][2.248s][info][gc          ] GC(168) Pause Young (Allocation Failure) 31M->1M(202M) 0.065ms
[2025-12-16T20:44:16.537+0800][2.248s][info][gc,cpu      ] GC(168) User=0.00s Sys=0.00s Real=0.00s
[2025-12-16T20:44:16.548+0800][2.259s][info][gc,start    ] GC(169) Pause Young (Allocation Failure)
[2025-12-16T20:44:16.548+0800][2.259s][info][gc,heap     ] GC(169) PSYoungGen: 31296K(31744K)->96K(31744K) Eden: 31232K(31232K)->0K(31232K) From: 64K(512K)->96K(512K)
[2025-12-16T20:44:16.548+0800][2.259s][info][gc,heap     ] GC(169) ParOldGen: 1176K(175104K)->1176K(175104K)
[2025-12-16T20:44:16.548+0800][2.259s][info][gc,metaspace] GC(169) Metaspace: 85K(320K)->85K(320K) NonClass: 75K(192K)->75K(192K) Class: 9K(128K)->9K(128K)
[2025-12-16T20:44:16.548+0800][2.259s][info][gc          ] GC(169) Pause Young (Allocation Failure) 31M->1M(202M) 0.050ms
[2025-12-16T20:44:16.548+0800][2.259s][info][gc,cpu      ] GC(169) User=0.00s Sys=0.00s Real=0.00s
[2025-12-16T20:44:16.560+0800][2.270s][info][gc,start    ] GC(170) Pause Young (Allocation Failure)
[2025-12-16T20:44:16.560+0800][2.270s][info][gc,heap     ] GC(170) PSYoungGen: 31328K(31744K)->128K(31744K) Eden: 31232K(31232K)->0K(31232K) From: 96K(512K)->128K(512K)
[2025-12-16T20:44:16.560+0800][2.270s][info][gc,heap     ] GC(170) ParOldGen: 1176K(175104K)->1176K(175104K)
[2025-12-16T20:44:16.560+0800][2.270s][info][gc,metaspace] GC(170) Metaspace: 85K(320K)->85K(320K) NonClass: 75K(192K)->75K(192K) Class: 9K(128K)->9K(128K)
[2025-12-16T20:44:16.560+0800][2.270s][info][gc          ] GC(170) Pause Young (Allocation Failure) 31M->1M(202M) 0.047ms
[2025-12-16T20:44:16.560+0800][2.270s][info][gc,cpu      ] GC(170) User=0.00s Sys=0.00s Real=0.00s
[2025-12-16T20:44:16.571+0800][2.282s][info][gc,start    ] GC(171) Pause Young (Allocation Failure)
[2025-12-16T20:44:16.571+0800][2.282s][info][gc,heap     ] GC(171) PSYoungGen: 31360K(31744K)->96K(31744K) Eden: 31232K(31232K)->0K(31232K) From: 128K(512K)->96K(512K)
[2025-12-16T20:44:16.571+0800][2.282s][info][gc,heap     ] GC(171) ParOldGen: 1176K(175104K)->1176K(175104K)
[2025-12-16T20:44:16.571+0800][2.282s][info][gc,metaspace] GC(171) Metaspace: 85K(320K)->85K(320K) NonClass: 75K(192K)->75K(192K) Class: 9K(128K)->9K(128K)
[2025-12-16T20:44:16.571+0800][2.282s][info][gc          ] GC(171) Pause Young (Allocation Failure) 31M->1M(202M) 0.059ms
[2025-12-16T20:44:16.571+0800][2.282s][info][gc,cpu      ] GC(171) User=0.00s Sys=0.00s Real=0.00s
[2025-12-16T20:44:16.582+0800][2.293s][info][gc,start    ] GC(172) Pause Young (Allocation Failure)
[2025-12-16T20:44:16.582+0800][2.293s][info][gc,heap     ] GC(172) PSYoungGen: 31328K(31744K)->128K(31744K) Eden: 31232K(31232K)->0K(31232K) From: 96K(512K)->128K(512K)
[2025-12-16T20:44:16.582+0800][2.293s][info][gc,heap     ] GC(172) ParOldGen: 1176K(175104K)->1176K(175104K)
[2025-12-16T20:44:16.582+0800][2.293s][info][gc,metaspace] GC(172) Metaspace: 85K(320K)->85K(320K) NonClass: 75K(192K)->75K(192K) Class: 9K(128K)->9K(128K)
[2025-12-16T20:44:16.582+0800][2.293s][info][gc          ] GC(172) Pause Young (Allocation Failure) 31M->1M(202M) 0.064ms
[2025-12-16T20:44:16.582+0800][2.293s][info][gc,cpu      ] GC(172) User=0.00s Sys=0.00s Real=0.00s
[2025-12-16T20:44:16.594+0800][2.304s][info][gc,start    ] GC(173) Pause Young (Allocation Failure)
[2025-12-16T20:44:16.594+0800][2.304s][info][gc,heap     ] GC(173) PSYoungGen: 31360K(31744K)->128K(31744K) Eden: 31232K(31232K)->0K(31232K) From: 128K(512K)->128K(512K)
[2025-12-16T20:44:16.594+0800][2.304s][info][gc,heap     ] GC(173) ParOldGen: 1176K(175104K)->1176K(175104K)
[2025-12-16T20:44:16.594+0800][2.304s][info][gc,metaspace] GC(173) Metaspace: 85K(320K)->85K(320K) NonClass: 75K(192K)->75K(192K) Class: 9K(128K)->9K(128K)
[2025-12-16T20:44:16.594+0800][2.304s][info][gc          ] GC(173) Pause Young (Allocation Failure) 31M->1M(202M) 0.053ms
[2025-12-16T20:44:16.594+0800][2.304s][info][gc,cpu      ] GC(173) User=0.00s Sys=0.00s Real=0.00s
[2025-12-16T20:44:16.605+0800][2.316s][info][gc,start    ] GC(174) Pause Young (Allocation Failure)
[2025-12-16T20:44:16.605+0800][2.316s][info][gc,heap     ] GC(174) PSYoungGen: 31360K(31744K)->128K(31744K) Eden: 31232K(31232K)->0K(31232K) From: 128K(512K)->128K(512K)
[2025-12-16T20:44:16.605+0800][2.316s][info][gc,heap     ] GC(174) ParOldGen: 1176K(175104K)->1176K(175104K)
[2025-12-16T20:44:16.605+0800][2.316s][info][gc,metaspace] GC(174) Metaspace: 85K(320K)->85K(320K) NonClass: 75K(192K)->75K(192K) Class: 9K(128K)->9K(128K)
[2025-12-16T20:44:16.605+0800][2.316s][info][gc          ] GC(174) Pause Young (Allocation Failure) 31M->1M(202M) 0.056ms
[2025-12-16T20:44:16.605+0800][2.316s][info][gc,cpu      ] GC(174) User=0.00s Sys=0.00s Real=0.00s
[2025-12-16T20:44:16.616+0800][2.327s][info][gc,start    ] GC(175) Pause Young (Allocation Failure)
[2025-12-16T20:44:16.616+0800][2.327s][info][gc,heap     ] GC(175) PSYoungGen: 31360K(31744K)->128K(31744K) Eden: 31232K(31232K)->0K(31232K) From: 128K(512K)->128K(512K)
[2025-12-16T20:44:16.616+0800][2.327s][info][gc,heap     ] GC(175) ParOldGen: 1176K(175104K)->1176K(175104K)
[2025-12-16T20:44:16.616+0800][2.327s][info][gc,metaspace] GC(175) Metaspace: 85K(320K)->85K(320K) NonClass: 75K(192K)->75K(192K) Class: 9K(128K)->9K(128K)
[2025-12-16T20:44:16.616+0800][2.327s][info][gc          ] GC(175) Pause Young (Allocation Failure) 31M->1M(202M) 0.050ms
[2025-12-16T20:44:16.616+0800][2.327s][info][gc,cpu      ] GC(175) User=0.00s Sys=0.00s Real=0.00s
[2025-12-16T20:44:16.628+0800][2.338s][info][gc,start    ] GC(176) Pause Young (Allocation Failure)
[2025-12-16T20:44:16.628+0800][2.338s][info][gc,heap     ] GC(176) PSYoungGen: 31360K(31744K)->128K(31744K) Eden: 31232K(31232K)->0K(31232K) From: 128K(512K)->128K(512K)
[2025-12-16T20:44:16.628+0800][2.338s][info][gc,heap     ] GC(176) ParOldGen: 1176K(175104K)->1176K(175104K)
[2025-12-16T20:44:16.628+0800][2.338s][info][gc,metaspace] GC(176) Metaspace: 85K(320K)->85K(320K) NonClass: 75K(192K)->75K(192K) Class: 9K(128K)->9K(128K)
[2025-12-16T20:44:16.628+0800][2.338s][info][gc          ] GC(176) Pause Young (Allocation Failure) 31M->1M(202M) 0.052ms
[2025-12-16T20:44:16.628+0800][2.338s][info][gc,cpu      ] GC(176) User=0.00s Sys=0.00s Real=0.00s
[2025-12-16T20:44:16.639+0800][2.350s][info][gc,start    ] GC(177) Pause Young (Allocation Failure)
[2025-12-16T20:44:16.639+0800][2.350s][info][gc,heap     ] GC(177) PSYoungGen: 31360K(31744K)->128K(31744K) Eden: 31232K(31232K)->0K(31232K) From: 128K(512K)->128K(512K)
[2025-12-16T20:44:16.639+0800][2.350s][info][gc,heap     ] GC(177) ParOldGen: 1176K(175104K)->1176K(175104K)
[2025-12-16T20:44:16.639+0800][2.350s][info][gc,metaspace] GC(177) Metaspace: 85K(320K)->85K(320K) NonClass: 75K(192K)->75K(192K) Class: 9K(128K)->9K(128K)
[2025-12-16T20:44:16.639+0800][2.350s][info][gc          ] GC(177) Pause Young (Allocation Failure) 31M->1M(202M) 0.058ms
[2025-12-16T20:44:16.639+0800][2.350s][info][gc,cpu      ] GC(177) User=0.00s Sys=0.00s Real=0.00s
[2025-12-16T20:44:16.650+0800][2.361s][info][gc,start    ] GC(178) Pause Young (Allocation Failure)
[2025-12-16T20:44:16.650+0800][2.361s][info][gc,heap     ] GC(178) PSYoungGen: 31360K(31744K)->96K(31744K) Eden: 31232K(31232K)->0K(31232K) From: 128K(512K)->96K(512K)
[2025-12-16T20:44:16.650+0800][2.361s][info][gc,heap     ] GC(178) ParOldGen: 1176K(175104K)->1176K(175104K)
[2025-12-16T20:44:16.650+0800][2.361s][info][gc,metaspace] GC(178) Metaspace: 85K(320K)->85K(320K) NonClass: 75K(192K)->75K(192K) Class: 9K(128K)->9K(128K)
[2025-12-16T20:44:16.650+0800][2.361s][info][gc          ] GC(178) Pause Young (Allocation Failure) 31M->1M(202M) 0.062ms
[2025-12-16T20:44:16.650+0800][2.361s][info][gc,cpu      ] GC(178) User=0.00s Sys=0.00s Real=0.00s
[2025-12-16T20:44:16.662+0800][2.372s][info][gc,start    ] GC(179) Pause Young (Allocation Failure)
[2025-12-16T20:44:16.662+0800][2.372s][info][gc,heap     ] GC(179) PSYoungGen: 31328K(31744K)->96K(31744K) Eden: 31232K(31232K)->0K(31232K) From: 96K(512K)->96K(512K)
[2025-12-16T20:44:16.662+0800][2.372s][info][gc,heap     ] GC(179) ParOldGen: 1176K(175104K)->1176K(175104K)
[2025-12-16T20:44:16.662+0800][2.372s][info][gc,metaspace] GC(179) Metaspace: 85K(320K)->85K(320K) NonClass: 75K(192K)->75K(192K) Class: 9K(128K)->9K(128K)
[2025-12-16T20:44:16.662+0800][2.372s][info][gc          ] GC(179) Pause Young (Allocation Failure) 31M->1M(202M) 0.060ms
[2025-12-16T20:44:16.662+0800][2.372s][info][gc,cpu      ] GC(179) User=0.00s Sys=0.00s Real=0.00s
[2025-12-16T20:44:16.673+0800][2.384s][info][gc,start    ] GC(180) Pause Young (Allocation Failure)
[2025-12-16T20:44:16.673+0800][2.384s][info][gc,heap     ] GC(180) PSYoungGen: 31328K(31744K)->128K(31744K) Eden: 31232K(31232K)->0K(31232K) From: 96K(512K)->128K(512K)
[2025-12-16T20:44:16.673+0800][2.384s][info][gc,heap     ] GC(180) ParOldGen: 1176K(175104K)->1176K(175104K)
[2025-12-16T20:44:16.673+0800][2.384s][info][gc,metaspace] GC(180) Metaspace: 85K(320K)->85K(320K) NonClass: 75K(192K)->75K(192K) Class: 9K(128K)->9K(128K)
[2025-12-16T20:44:16.673+0800][2.384s][info][gc          ] GC(180) Pause Young (Allocation Failure) 31M->1M(202M) 0.057ms
[2025-12-16T20:44:16.673+0800][2.384s][info][gc,cpu      ] GC(180) User=0.00s Sys=0.00s Real=0.00s
[2025-12-16T20:44:16.684+0800][2.395s][info][gc,start    ] GC(181) Pause Young (Allocation Failure)
[2025-12-16T20:44:16.684+0800][2.395s][info][gc,heap     ] GC(181) PSYoungGen: 31360K(31744K)->128K(31744K) Eden: 31232K(31232K)->0K(31232K) From: 128K(512K)->128K(512K)
[2025-12-16T20:44:16.684+0800][2.395s][info][gc,heap     ] GC(181) ParOldGen: 1176K(175104K)->1176K(175104K)
[2025-12-16T20:44:16.684+0800][2.395s][info][gc,metaspace] GC(181) Metaspace: 85K(320K)->85K(320K) NonClass: 75K(192K)->75K(192K) Class: 9K(128K)->9K(128K)
[2025-12-16T20:44:16.684+0800][2.395s][info][gc          ] GC(181) Pause Young (Allocation Failure) 31M->1M(202M) 0.051ms
[2025-12-16T20:44:16.684+0800][2.395s][info][gc,cpu      ] GC(181) User=0.00s Sys=0.00s Real=0.00s
[2025-12-16T20:44:16.696+0800][2.406s][info][gc,start    ] GC(182) Pause Young (Allocation Failure)
[2025-12-16T20:44:16.696+0800][2.406s][info][gc,heap     ] GC(182) PSYoungGen: 31360K(31744K)->128K(31744K) Eden: 31232K(31232K)->0K(31232K) From: 128K(512K)->128K(512K)
[2025-12-16T20:44:16.696+0800][2.406s][info][gc,heap     ] GC(182) ParOldGen: 1176K(175104K)->1176K(175104K)
[2025-12-16T20:44:16.696+0800][2.406s][info][gc,metaspace] GC(182) Metaspace: 85K(320K)->85K(320K) NonClass: 75K(192K)->75K(192K) Class: 9K(128K)->9K(128K)
[2025-12-16T20:44:16.696+0800][2.406s][info][gc          ] GC(182) Pause Young (Allocation Failure) 31M->1M(202M) 0.056ms
[2025-12-16T20:44:16.696+0800][2.406s][info][gc,cpu      ] GC(182) User=0.00s Sys=0.00s Real=0.00s
[2025-12-16T20:44:16.707+0800][2.418s][info][gc,start    ] GC(183) Pause Young (Allocation Failure)
[2025-12-16T20:44:16.707+0800][2.418s][info][gc,heap     ] GC(183) PSYoungGen: 31360K(31744K)->96K(31744K) Eden: 31232K(31232K)->0K(31232K) From: 128K(512K)->96K(512K)
[2025-12-16T20:44:16.707+0800][2.418s][info][gc,heap     ] GC(183) ParOldGen: 1176K(175104K)->1176K(175104K)
[2025-12-16T20:44:16.707+0800][2.418s][info][gc,metaspace] GC(183) Metaspace: 85K(320K)->85K(320K) NonClass: 75K(192K)->75K(192K) Class: 9K(128K)->9K(128K)
[2025-12-16T20:44:16.707+0800][2.418s][info][gc          ] GC(183) Pause Young (Allocation Failure) 31M->1M(202M) 0.062ms
[2025-12-16T20:44:16.707+0800][2.418s][info][gc,cpu      ] GC(183) User=0.00s Sys=0.00s Real=0.00s
[2025-12-16T20:44:16.719+0800][2.429s][info][gc,start    ] GC(184) Pause Young (Allocation Failure)
[2025-12-16T20:44:16.719+0800][2.429s][info][gc,heap     ] GC(184) PSYoungGen: 31328K(31744K)->128K(31744K) Eden: 31232K(31232K)->0K(31232K) From: 96K(512K)->128K(512K)
[2025-12-16T20:44:16.719+0800][2.429s][info][gc,heap     ] GC(184) ParOldGen: 1176K(175104K)->1176K(175104K)
[2025-12-16T20:44:16.719+0800][2.429s][info][gc,metaspace] GC(184) Metaspace: 85K(320K)->85K(320K) NonClass: 75K(192K)->75K(192K) Class: 9K(128K)->9K(128K)
[2025-12-16T20:44:16.719+0800][2.429s][info][gc          ] GC(184) Pause Young (Allocation Failure) 31M->1M(202M) 0.046ms
[2025-12-16T20:44:16.719+0800][2.429s][info][gc,cpu      ] GC(184) User=0.00s Sys=0.00s Real=0.00s
[2025-12-16T20:44:16.730+0800][2.441s][info][gc,start    ] GC(185) Pause Young (Allocation Failure)
[2025-12-16T20:44:16.730+0800][2.441s][info][gc,heap     ] GC(185) PSYoungGen: 31360K(31744K)->128K(31744K) Eden: 31232K(31232K)->0K(31232K) From: 128K(512K)->128K(512K)
[2025-12-16T20:44:16.730+0800][2.441s][info][gc,heap     ] GC(185) ParOldGen: 1176K(175104K)->1176K(175104K)
[2025-12-16T20:44:16.730+0800][2.441s][info][gc,metaspace] GC(185) Metaspace: 85K(320K)->85K(320K) NonClass: 75K(192K)->75K(192K) Class: 9K(128K)->9K(128K)
[2025-12-16T20:44:16.730+0800][2.441s][info][gc          ] GC(185) Pause Young (Allocation Failure) 31M->1M(202M) 0.049ms
[2025-12-16T20:44:16.730+0800][2.441s][info][gc,cpu      ] GC(185) User=0.00s Sys=0.00s Real=0.00s
[2025-12-16T20:44:16.742+0800][2.452s][info][gc,start    ] GC(186) Pause Young (Allocation Failure)
[2025-12-16T20:44:16.742+0800][2.452s][info][gc,heap     ] GC(186) PSYoungGen: 31360K(31744K)->128K(31744K) Eden: 31232K(31232K)->0K(31232K) From: 128K(512K)->128K(512K)
[2025-12-16T20:44:16.742+0800][2.452s][info][gc,heap     ] GC(186) ParOldGen: 1176K(175104K)->1176K(175104K)
[2025-12-16T20:44:16.742+0800][2.452s][info][gc,metaspace] GC(186) Metaspace: 85K(320K)->85K(320K) NonClass: 75K(192K)->75K(192K) Class: 9K(128K)->9K(128K)
[2025-12-16T20:44:16.742+0800][2.452s][info][gc          ] GC(186) Pause Young (Allocation Failure) 31M->1M(202M) 0.044ms
[2025-12-16T20:44:16.742+0800][2.452s][info][gc,cpu      ] GC(186) User=0.00s Sys=0.00s Real=0.00s
[2025-12-16T20:44:16.753+0800][2.463s][info][gc,start    ] GC(187) Pause Young (Allocation Failure)
[2025-12-16T20:44:16.753+0800][2.463s][info][gc,heap     ] GC(187) PSYoungGen: 31360K(31744K)->64K(31744K) Eden: 31232K(31232K)->0K(31232K) From: 128K(512K)->64K(512K)
[2025-12-16T20:44:16.753+0800][2.463s][info][gc,heap     ] GC(187) ParOldGen: 1176K(175104K)->1176K(175104K)
[2025-12-16T20:44:16.753+0800][2.463s][info][gc,metaspace] GC(187) Metaspace: 85K(320K)->85K(320K) NonClass: 75K(192K)->75K(192K) Class: 9K(128K)->9K(128K)
[2025-12-16T20:44:16.753+0800][2.463s][info][gc          ] GC(187) Pause Young (Allocation Failure) 31M->1M(202M) 0.065ms
[2025-12-16T20:44:16.753+0800][2.463s][info][gc,cpu      ] GC(187) User=0.00s Sys=0.00s Real=0.00s
[2025-12-16T20:44:16.765+0800][2.475s][info][gc,start    ] GC(188) Pause Young (Allocation Failure)
[2025-12-16T20:44:16.765+0800][2.475s][info][gc,heap     ] GC(188) PSYoungGen: 31296K(31744K)->64K(31744K) Eden: 31232K(31232K)->0K(31232K) From: 64K(512K)->64K(512K)
[2025-12-16T20:44:16.765+0800][2.475s][info][gc,heap     ] GC(188) ParOldGen: 1176K(175104K)->1176K(175104K)
[2025-12-16T20:44:16.765+0800][2.475s][info][gc,metaspace] GC(188) Metaspace: 85K(320K)->85K(320K) NonClass: 75K(192K)->75K(192K) Class: 9K(128K)->9K(128K)
[2025-12-16T20:44:16.765+0800][2.475s][info][gc          ] GC(188) Pause Young (Allocation Failure) 31M->1M(202M) 0.062ms
[2025-12-16T20:44:16.765+0800][2.475s][info][gc,cpu      ] GC(188) User=0.00s Sys=0.00s Real=0.00s
[2025-12-16T20:44:16.776+0800][2.486s][info][gc,start    ] GC(189) Pause Young (Allocation Failure)
[2025-12-16T20:44:16.776+0800][2.486s][info][gc,heap     ] GC(189) PSYoungGen: 31296K(31744K)->96K(31744K) Eden: 31232K(31232K)->0K(31232K) From: 64K(512K)->96K(512K)
[2025-12-16T20:44:16.776+0800][2.486s][info][gc,heap     ] GC(189) ParOldGen: 1176K(175104K)->1176K(175104K)
[2025-12-16T20:44:16.776+0800][2.486s][info][gc,metaspace] GC(189) Metaspace: 85K(320K)->85K(320K) NonClass: 75K(192K)->75K(192K) Class: 9K(128K)->9K(128K)
[2025-12-16T20:44:16.776+0800][2.486s][info][gc          ] GC(189) Pause Young (Allocation Failure) 31M->1M(202M) 0.047ms
[2025-12-16T20:44:16.776+0800][2.486s][info][gc,cpu      ] GC(189) User=0.00s Sys=0.00s Real=0.00s
[2025-12-16T20:44:16.787+0800][2.498s][info][gc,start    ] GC(190) Pause Young (Allocation Failure)
[2025-12-16T20:44:16.787+0800][2.498s][info][gc,heap     ] GC(190) PSYoungGen: 31328K(31744K)->128K(31744K) Eden: 31232K(31232K)->0K(31232K) From: 96K(512K)->128K(512K)
[2025-12-16T20:44:16.787+0800][2.498s][info][gc,heap     ] GC(190) ParOldGen: 1176K(175104K)->1176K(175104K)
[2025-12-16T20:44:16.787+0800][2.498s][info][gc,metaspace] GC(190) Metaspace: 85K(320K)->85K(320K) NonClass: 75K(192K)->75K(192K) Class: 9K(128K)->9K(128K)
[2025-12-16T20:44:16.787+0800][2.498s][info][gc          ] GC(190) Pause Young (Allocation Failure) 31M->1M(202M) 0.049ms
[2025-12-16T20:44:16.787+0800][2.498s][info][gc,cpu      ] GC(190) User=0.00s Sys=0.00s Real=0.00s
[2025-12-16T20:44:16.799+0800][2.509s][info][gc,start    ] GC(191) Pause Young (Allocation Failure)
[2025-12-16T20:44:16.799+0800][2.509s][info][gc,heap     ] GC(191) PSYoungGen: 31360K(31744K)->96K(31744K) Eden: 31232K(31232K)->0K(31232K) From: 128K(512K)->96K(512K)
[2025-12-16T20:44:16.799+0800][2.509s][info][gc,heap     ] GC(191) ParOldGen: 1176K(175104K)->1176K(175104K)
[2025-12-16T20:44:16.799+0800][2.509s][info][gc,metaspace] GC(191) Metaspace: 85K(320K)->85K(320K) NonClass: 75K(192K)->75K(192K) Class: 9K(128K)->9K(128K)
[2025-12-16T20:44:16.799+0800][2.509s][info][gc          ] GC(191) Pause Young (Allocation Failure) 31M->1M(202M) 0.068ms
[2025-12-16T20:44:16.799+0800][2.509s][info][gc,cpu      ] GC(191) User=0.00s Sys=0.00s Real=0.00s
[2025-12-16T20:44:16.810+0800][2.520s][info][gc,start    ] GC(192) Pause Young (Allocation Failure)
[2025-12-16T20:44:16.810+0800][2.520s][info][gc,heap     ] GC(192) PSYoungGen: 31328K(31744K)->64K(31744K) Eden: 31232K(31232K)->0K(31232K) From: 96K(512K)->64K(512K)
[2025-12-16T20:44:16.810+0800][2.520s][info][gc,heap     ] GC(192) ParOldGen: 1176K(175104K)->1176K(175104K)
[2025-12-16T20:44:16.810+0800][2.520s][info][gc,metaspace] GC(192) Metaspace: 85K(320K)->85K(320K) NonClass: 75K(192K)->75K(192K) Class: 9K(128K)->9K(128K)
[2025-12-16T20:44:16.810+0800][2.520s][info][gc          ] GC(192) Pause Young (Allocation Failure) 31M->1M(202M) 0.082ms
[2025-12-16T20:44:16.810+0800][2.520s][info][gc,cpu      ] GC(192) User=0.00s Sys=0.00s Real=0.00s
[2025-12-16T20:44:16.821+0800][2.532s][info][gc,start    ] GC(193) Pause Young (Allocation Failure)
[2025-12-16T20:44:16.821+0800][2.532s][info][gc,heap     ] GC(193) PSYoungGen: 31296K(31744K)->96K(31744K) Eden: 31232K(31232K)->0K(31232K) From: 64K(512K)->96K(512K)
[2025-12-16T20:44:16.821+0800][2.532s][info][gc,heap     ] GC(193) ParOldGen: 1176K(175104K)->1176K(175104K)
[2025-12-16T20:44:16.821+0800][2.532s][info][gc,metaspace] GC(193) Metaspace: 85K(320K)->85K(320K) NonClass: 75K(192K)->75K(192K) Class: 9K(128K)->9K(128K)
[2025-12-16T20:44:16.821+0800][2.532s][info][gc          ] GC(193) Pause Young (Allocation Failure) 31M->1M(202M) 0.050ms
[2025-12-16T20:44:16.821+0800][2.532s][info][gc,cpu      ] GC(193) User=0.00s Sys=0.00s Real=0.00s
[2025-12-16T20:44:16.833+0800][2.543s][info][gc,start    ] GC(194) Pause Young (Allocation Failure)
[2025-12-16T20:44:16.833+0800][2.543s][info][gc,heap     ] GC(194) PSYoungGen: 31328K(31744K)->128K(31744K) Eden: 31232K(31232K)->0K(31232K) From: 96K(512K)->128K(512K)
[2025-12-16T20:44:16.833+0800][2.543s][info][gc,heap     ] GC(194) ParOldGen: 1176K(175104K)->1176K(175104K)
[2025-12-16T20:44:16.833+0800][2.543s][info][gc,metaspace] GC(194) Metaspace: 85K(320K)->85K(320K) NonClass: 75K(192K)->75K(192K) Class: 9K(128K)->9K(128K)
[2025-12-16T20:44:16.833+0800][2.543s][info][gc          ] GC(194) Pause Young (Allocation Failure) 31M->1M(202M) 0.048ms
[2025-12-16T20:44:16.833+0800][2.543s][info][gc,cpu      ] GC(194) User=0.00s Sys=0.00s Real=0.00s
[2025-12-16T20:44:16.844+0800][2.555s][info][gc,start    ] GC(195) Pause Young (Allocation Failure)
[2025-12-16T20:44:16.844+0800][2.555s][info][gc,heap     ] GC(195) PSYoungGen: 31360K(31744K)->96K(31744K) Eden: 31232K(31232K)->0K(31232K) From: 128K(512K)->96K(512K)
[2025-12-16T20:44:16.844+0800][2.555s][info][gc,heap     ] GC(195) ParOldGen: 1176K(175104K)->1176K(175104K)
[2025-12-16T20:44:16.844+0800][2.555s][info][gc,metaspace] GC(195) Metaspace: 85K(320K)->85K(320K) NonClass: 75K(192K)->75K(192K) Class: 9K(128K)->9K(128K)
[2025-12-16T20:44:16.844+0800][2.555s][info][gc          ] GC(195) Pause Young (Allocation Failure) 31M->1M(202M) 0.067ms
[2025-12-16T20:44:16.844+0800][2.555s][info][gc,cpu      ] GC(195) User=0.00s Sys=0.00s Real=0.00s
[2025-12-16T20:44:16.852+0800][2.562s][info][gc,heap,exit] Heap
[2025-12-16T20:44:16.852+0800][2.562s][info][gc,heap,exit]  PSYoungGen      total 31744K, used 20053K [0x00000003ab300000, 0x00000003afe00000, 0x0000000400800000)
[2025-12-16T20:44:16.852+0800][2.562s][info][gc,heap,exit]   eden space 31232K, 63% used [0x00000003ab300000,0x00000003ac67d760,0x00000003ad180000)
[2025-12-16T20:44:16.852+0800][2.562s][info][gc,heap,exit]   from space 512K, 18% used [0x00000003afd80000,0x00000003afd98000,0x00000003afe00000)
[2025-12-16T20:44:16.852+0800][2.562s][info][gc,heap,exit]   to   space 512K, 0% used [0x00000003afd00000,0x00000003afd00000,0x00000003afd80000)
[2025-12-16T20:44:16.852+0800][2.562s][info][gc,heap,exit]  ParOldGen       total 175104K, used 1176K [0x0000000300800000, 0x000000030b300000, 0x00000003ab300000)
[2025-12-16T20:44:16.852+0800][2.562s][info][gc,heap,exit]   object space 175104K, 0% used [0x0000000300800000,0x0000000300926170,0x000000030b300000)
[2025-12-16T20:44:16.852+0800][2.562s][info][gc,heap,exit]  Metaspace       used 86K, committed 320K, reserved 1114112K
[2025-12-16T20:44:16.852+0800][2.562s][info][gc,heap,exit]   class space    used 10K, committed 128K, reserved 1048576K
