[2025-12-16T20:44:41.308+0800][0.003s][info][gc] Using Epsilon
[2025-12-16T20:44:41.308+0800][0.003s][info][gc,init] Version: 25.0.1 (release)
[2025-12-16T20:44:41.308+0800][0.003s][info][gc,init] CPUs: 10 total, 10 available
[2025-12-16T20:44:41.308+0800][0.003s][info][gc,init] Memory: 16384M
[2025-12-16T20:44:41.308+0800][0.003s][info][gc,init] Large Page Support: Disabled
[2025-12-16T20:44:41.308+0800][0.003s][info][gc,init] NUMA Support: Disabled
[2025-12-16T20:44:41.308+0800][0.003s][info][gc,init] Compressed Oops: Enabled (Zero based)
[2025-12-16T20:44:41.308+0800][0.003s][info][gc,init] Heap Min Capacity: 6656K
[2025-12-16T20:44:41.308+0800][0.003s][info][gc,init] Heap Initial Capacity: 256M
[2025-12-16T20:44:41.308+0800][0.003s][info][gc,init] Heap Max Capacity: 4G
[2025-12-16T20:44:41.308+0800][0.003s][info][gc,init] Pre-touch: Disabled
[2025-12-16T20:44:41.308+0800][0.003s][info][gc,init] TLAB Size Max: 4M
[2025-12-16T20:44:41.308+0800][0.003s][info][gc,init] TLAB Size Elasticity: 1.10x
[2025-12-16T20:44:41.308+0800][0.003s][info][gc,init] TLAB Size Decay Time: 1000ms
[2025-12-16T20:44:41.308+0800][0.003s][info][gc     ] Consider setting -Xms equal to -Xmx to avoid resizing hiccups
[2025-12-16T20:44:41.308+0800][0.003s][info][gc     ] Consider enabling -XX:+AlwaysPreTouch to avoid memory commit hiccups
[2025-12-16T20:44:41.309+0800][0.005s][info][gc,metaspace] CDS archive(s) mapped at: [0x0000007f00000000-0x0000007f00d94000-0x0000007f00d94000), size 14237696, SharedBaseAddress: 0x0000007f00000000, ArchiveRelocationMode: 1.
[2025-12-16T20:44:41.310+0800][0.005s][info][gc,metaspace] Compressed class space mapped at: 0x0000007f01000000-0x0000007f41000000, reserved size: 1073741824
[2025-12-16T20:44:41.310+0800][0.005s][info][gc,metaspace] UseCompressedClassPointers 1, UseCompactObjectHeaders 0
[2025-12-16T20:44:41.310+0800][0.005s][info][gc,metaspace] Narrow klass pointer bits 32, Max shift 3
[2025-12-16T20:44:41.310+0800][0.005s][info][gc,metaspace] Narrow klass base: 0x0000007f00000000, Narrow klass shift: 0
[2025-12-16T20:44:41.310+0800][0.005s][info][gc,metaspace] Encoding Range: [0x0000007f00000000 - 0x0000008000000000), (4294967296 bytes)
[2025-12-16T20:44:41.310+0800][0.005s][info][gc,metaspace] Klass Range:    [0x0000007f00004000 - 0x0000007f41000000), (1090502656 bytes)
[2025-12-16T20:44:41.310+0800][0.005s][info][gc,metaspace] Klass ID Range:  [16384 - 1090519033) (1090502649)
[2025-12-16T20:44:41.310+0800][0.005s][info][gc,metaspace] Protection zone: [0x0000007f00000000 - 0x0000007f00004000), (16384 bytes)
[2025-12-16T20:44:41.399+0800][0.094s][info][gc          ] Heap: 4096M reserved, 256M (6.25%) committed, 206M (5.04%) used
[2025-12-16T20:44:41.399+0800][0.094s][info][gc,metaspace] Metaspace: 1088M reserved, 320K (0.03%) committed, 93920B (0.01%) used
[2025-12-16T20:44:41.483+0800][0.178s][info][gc          ] Heap: 4096M reserved, 512M (12.50%) committed, 414M (10.12%) used
[2025-12-16T20:44:41.483+0800][0.178s][info][gc,metaspace] Metaspace: 1088M reserved, 320K (0.03%) committed, 93920B (0.01%) used
[2025-12-16T20:44:41.566+0800][0.262s][info][gc          ] Heap: 4096M reserved, 640M (15.62%) committed, 622M (15.20%) used
[2025-12-16T20:44:41.566+0800][0.262s][info][gc,metaspace] Metaspace: 1088M reserved, 320K (0.03%) committed, 93920B (0.01%) used
[2025-12-16T20:44:41.649+0800][0.345s][info][gc          ] Heap: 4096M reserved, 896M (21.88%) committed, 830M (20.28%) used
[2025-12-16T20:44:41.649+0800][0.345s][info][gc,metaspace] Metaspace: 1088M reserved, 320K (0.03%) committed, 93920B (0.01%) used
[2025-12-16T20:44:41.731+0800][0.427s][info][gc          ] Heap: 4096M reserved, 1152M (28.12%) committed, 1038M (25.36%) used
[2025-12-16T20:44:41.731+0800][0.427s][info][gc,metaspace] Metaspace: 1088M reserved, 320K (0.03%) committed, 93920B (0.01%) used
[2025-12-16T20:44:41.814+0800][0.509s][info][gc          ] Heap: 4096M reserved, 1280M (31.25%) committed, 1246M (30.43%) used
[2025-12-16T20:44:41.814+0800][0.509s][info][gc,metaspace] Metaspace: 1088M reserved, 320K (0.03%) committed, 93920B (0.01%) used
[2025-12-16T20:44:41.898+0800][0.594s][info][gc          ] Heap: 4096M reserved, 1536M (37.50%) committed, 1454M (35.51%) used
[2025-12-16T20:44:41.898+0800][0.594s][info][gc,metaspace] Metaspace: 1088M reserved, 320K (0.03%) committed, 93920B (0.01%) used
[2025-12-16T20:44:41.984+0800][0.680s][info][gc          ] Heap: 4096M reserved, 1664M (40.62%) committed, 1662M (40.59%) used
[2025-12-16T20:44:41.984+0800][0.680s][info][gc,metaspace] Metaspace: 1088M reserved, 320K (0.03%) committed, 93920B (0.01%) used
[2025-12-16T20:44:42.068+0800][0.764s][info][gc          ] Heap: 4096M reserved, 1920M (46.88%) committed, 1870M (45.67%) used
[2025-12-16T20:44:42.068+0800][0.764s][info][gc,metaspace] Metaspace: 1088M reserved, 320K (0.03%) committed, 93920B (0.01%) used
[2025-12-16T20:44:42.152+0800][0.848s][info][gc          ] Heap: 4096M reserved, 2176M (53.12%) committed, 2078M (50.75%) used
[2025-12-16T20:44:42.153+0800][0.848s][info][gc,metaspace] Metaspace: 1088M reserved, 320K (0.03%) committed, 93920B (0.01%) used
[2025-12-16T20:44:42.235+0800][0.931s][info][gc          ] Heap: 4096M reserved, 2304M (56.25%) committed, 2286M (55.82%) used
[2025-12-16T20:44:42.235+0800][0.931s][info][gc,metaspace] Metaspace: 1088M reserved, 320K (0.03%) committed, 93920B (0.01%) used
[2025-12-16T20:44:42.317+0800][1.013s][info][gc          ] Heap: 4096M reserved, 2560M (62.50%) committed, 2494M (60.90%) used
[2025-12-16T20:44:42.317+0800][1.013s][info][gc,metaspace] Metaspace: 1088M reserved, 320K (0.03%) committed, 93920B (0.01%) used
[2025-12-16T20:44:42.400+0800][1.095s][info][gc          ] Heap: 4096M reserved, 2816M (68.75%) committed, 2702M (65.98%) used
[2025-12-16T20:44:42.400+0800][1.095s][info][gc,metaspace] Metaspace: 1088M reserved, 320K (0.03%) committed, 93920B (0.01%) used
[2025-12-16T20:44:42.514+0800][1.209s][info][gc          ] Heap: 4096M reserved, 2944M (71.88%) committed, 2910M (71.06%) used
[2025-12-16T20:44:42.514+0800][1.209s][info][gc,metaspace] Metaspace: 1088M reserved, 320K (0.03%) committed, 93920B (0.01%) used
[2025-12-16T20:44:42.600+0800][1.296s][info][gc          ] Heap: 4096M reserved, 3200M (78.12%) committed, 3118M (76.14%) used
[2025-12-16T20:44:42.600+0800][1.296s][info][gc,metaspace] Metaspace: 1088M reserved, 320K (0.03%) committed, 93920B (0.01%) used
[2025-12-16T20:44:42.686+0800][1.382s][info][gc          ] Heap: 4096M reserved, 3328M (81.25%) committed, 3326M (81.21%) used
[2025-12-16T20:44:42.686+0800][1.382s][info][gc,metaspace] Metaspace: 1088M reserved, 320K (0.03%) committed, 93920B (0.01%) used
[2025-12-16T20:44:42.774+0800][1.469s][info][gc          ] Heap: 4096M reserved, 3584M (87.50%) committed, 3534M (86.29%) used
[2025-12-16T20:44:42.774+0800][1.469s][info][gc,metaspace] Metaspace: 1088M reserved, 320K (0.03%) committed, 93920B (0.01%) used
[2025-12-16T20:44:42.861+0800][1.557s][info][gc          ] Heap: 4096M reserved, 3840M (93.75%) committed, 3742M (91.37%) used
[2025-12-16T20:44:42.861+0800][1.557s][info][gc,metaspace] Metaspace: 1088M reserved, 320K (0.03%) committed, 93920B (0.01%) used
[2025-12-16T20:44:42.951+0800][1.647s][info][gc          ] Heap: 4096M reserved, 3968M (96.88%) committed, 3950M (96.45%) used
[2025-12-16T20:44:42.951+0800][1.647s][info][gc,metaspace] Metaspace: 1088M reserved, 320K (0.03%) committed, 93920B (0.01%) used
