[2025-12-16T20:44:25.318+0800][0.003s][info][gc] Using Epsilon
[2025-12-16T20:44:25.318+0800][0.003s][info][gc,init] Version: 21.0.9 (release)
[2025-12-16T20:44:25.318+0800][0.003s][info][gc,init] CPUs: 10 total, 10 available
[2025-12-16T20:44:25.318+0800][0.003s][info][gc,init] Memory: 16384M
[2025-12-16T20:44:25.318+0800][0.003s][info][gc,init] Large Page Support: Disabled
[2025-12-16T20:44:25.318+0800][0.003s][info][gc,init] NUMA Support: Disabled
[2025-12-16T20:44:25.318+0800][0.003s][info][gc,init] Compressed Oops: Enabled (Zero based)
[2025-12-16T20:44:25.318+0800][0.003s][info][gc,init] Heap Min Capacity: 6656K
[2025-12-16T20:44:25.318+0800][0.003s][info][gc,init] Heap Initial Capacity: 256M
[2025-12-16T20:44:25.318+0800][0.003s][info][gc,init] Heap Max Capacity: 4G
[2025-12-16T20:44:25.318+0800][0.003s][info][gc,init] Pre-touch: Disabled
[2025-12-16T20:44:25.318+0800][0.003s][info][gc,init] TLAB Size Max: 4M
[2025-12-16T20:44:25.318+0800][0.003s][info][gc,init] TLAB Size Elasticity: 1.10x
[2025-12-16T20:44:25.318+0800][0.003s][info][gc,init] TLAB Size Decay Time: 1000ms
[2025-12-16T20:44:25.318+0800][0.003s][info][gc     ] Consider setting -Xms equal to -Xmx to avoid resizing hiccups
[2025-12-16T20:44:25.318+0800][0.003s][info][gc     ] Consider enabling -XX:+AlwaysPreTouch to avoid memory commit hiccups
[2025-12-16T20:44:25.321+0800][0.006s][info][gc,metaspace] CDS archive(s) mapped at: [0x0000008000000000-0x0000008000c9c000-0x0000008000c9c000), size 13221888, SharedBaseAddress: 0x0000008000000000, ArchiveRelocationMode: 1.
[2025-12-16T20:44:25.321+0800][0.006s][info][gc,metaspace] Compressed class space mapped at: 0x0000008001000000-0x0000008041000000, reserved size: 1073741824
[2025-12-16T20:44:25.321+0800][0.006s][info][gc,metaspace] Narrow klass base: 0x0000008000000000, Narrow klass shift: 0, Narrow klass range: 0x100000000
[2025-12-16T20:44:25.411+0800][0.097s][info][gc          ] Heap: 4096M reserved, 256M (6.25%) committed, 206M (5.04%) used
[2025-12-16T20:44:25.411+0800][0.097s][info][gc,metaspace] Metaspace: 1088M reserved, 320K (0.03%) committed, 87264B (0.01%) used
[2025-12-16T20:44:25.495+0800][0.180s][info][gc          ] Heap: 4096M reserved, 512M (12.50%) committed, 414M (10.12%) used
[2025-12-16T20:44:25.495+0800][0.180s][info][gc,metaspace] Metaspace: 1088M reserved, 320K (0.03%) committed, 87264B (0.01%) used
[2025-12-16T20:44:25.580+0800][0.266s][info][gc          ] Heap: 4096M reserved, 640M (15.62%) committed, 622M (15.20%) used
[2025-12-16T20:44:25.580+0800][0.266s][info][gc,metaspace] Metaspace: 1088M reserved, 320K (0.03%) committed, 87264B (0.01%) used
[2025-12-16T20:44:25.668+0800][0.353s][info][gc          ] Heap: 4096M reserved, 896M (21.88%) committed, 830M (20.27%) used
[2025-12-16T20:44:25.668+0800][0.353s][info][gc,metaspace] Metaspace: 1088M reserved, 320K (0.03%) committed, 87264B (0.01%) used
[2025-12-16T20:44:25.751+0800][0.437s][info][gc          ] Heap: 4096M reserved, 1152M (28.12%) committed, 1038M (25.35%) used
[2025-12-16T20:44:25.751+0800][0.437s][info][gc,metaspace] Metaspace: 1088M reserved, 320K (0.03%) committed, 87264B (0.01%) used
[2025-12-16T20:44:25.835+0800][0.521s][info][gc          ] Heap: 4096M reserved, 1280M (31.25%) committed, 1246M (30.43%) used
[2025-12-16T20:44:25.835+0800][0.521s][info][gc,metaspace] Metaspace: 1088M reserved, 320K (0.03%) committed, 87264B (0.01%) used
[2025-12-16T20:44:25.919+0800][0.604s][info][gc          ] Heap: 4096M reserved, 1536M (37.50%) committed, 1454M (35.51%) used
[2025-12-16T20:44:25.919+0800][0.604s][info][gc,metaspace] Metaspace: 1088M reserved, 320K (0.03%) committed, 87264B (0.01%) used
[2025-12-16T20:44:26.004+0800][0.689s][info][gc          ] Heap: 4096M reserved, 1664M (40.62%) committed, 1662M (40.59%) used
[2025-12-16T20:44:26.004+0800][0.689s][info][gc,metaspace] Metaspace: 1088M reserved, 320K (0.03%) committed, 87264B (0.01%) used
[2025-12-16T20:44:26.089+0800][0.774s][info][gc          ] Heap: 4096M reserved, 1920M (46.88%) committed, 1870M (45.66%) used
[2025-12-16T20:44:26.089+0800][0.774s][info][gc,metaspace] Metaspace: 1088M reserved, 320K (0.03%) committed, 87264B (0.01%) used
[2025-12-16T20:44:26.174+0800][0.859s][info][gc          ] Heap: 4096M reserved, 2176M (53.12%) committed, 2078M (50.74%) used
[2025-12-16T20:44:26.174+0800][0.859s][info][gc,metaspace] Metaspace: 1088M reserved, 320K (0.03%) committed, 87264B (0.01%) used
[2025-12-16T20:44:26.258+0800][0.943s][info][gc          ] Heap: 4096M reserved, 2304M (56.25%) committed, 2286M (55.82%) used
[2025-12-16T20:44:26.258+0800][0.943s][info][gc,metaspace] Metaspace: 1088M reserved, 320K (0.03%) committed, 87264B (0.01%) used
[2025-12-16T20:44:26.341+0800][1.027s][info][gc          ] Heap: 4096M reserved, 2560M (62.50%) committed, 2494M (60.90%) used
[2025-12-16T20:44:26.341+0800][1.027s][info][gc,metaspace] Metaspace: 1088M reserved, 320K (0.03%) committed, 87264B (0.01%) used
[2025-12-16T20:44:26.427+0800][1.112s][info][gc          ] Heap: 4096M reserved, 2816M (68.75%) committed, 2702M (65.98%) used
[2025-12-16T20:44:26.427+0800][1.112s][info][gc,metaspace] Metaspace: 1088M reserved, 320K (0.03%) committed, 87264B (0.01%) used
[2025-12-16T20:44:26.516+0800][1.201s][info][gc          ] Heap: 4096M reserved, 2944M (71.88%) committed, 2910M (71.06%) used
[2025-12-16T20:44:26.516+0800][1.201s][info][gc,metaspace] Metaspace: 1088M reserved, 320K (0.03%) committed, 87264B (0.01%) used
[2025-12-16T20:44:26.604+0800][1.289s][info][gc          ] Heap: 4096M reserved, 3200M (78.12%) committed, 3118M (76.13%) used
[2025-12-16T20:44:26.604+0800][1.289s][info][gc,metaspace] Metaspace: 1088M reserved, 320K (0.03%) committed, 87264B (0.01%) used
[2025-12-16T20:44:26.692+0800][1.377s][info][gc          ] Heap: 4096M reserved, 3328M (81.25%) committed, 3326M (81.21%) used
[2025-12-16T20:44:26.692+0800][1.377s][info][gc,metaspace] Metaspace: 1088M reserved, 320K (0.03%) committed, 87264B (0.01%) used
[2025-12-16T20:44:26.782+0800][1.467s][info][gc          ] Heap: 4096M reserved, 3584M (87.50%) committed, 3534M (86.29%) used
[2025-12-16T20:44:26.782+0800][1.467s][info][gc,metaspace] Metaspace: 1088M reserved, 320K (0.03%) committed, 87264B (0.01%) used
[2025-12-16T20:44:26.873+0800][1.558s][info][gc          ] Heap: 4096M reserved, 3840M (93.75%) committed, 3742M (91.37%) used
[2025-12-16T20:44:26.873+0800][1.558s][info][gc,metaspace] Metaspace: 1088M reserved, 320K (0.03%) committed, 87264B (0.01%) used
[2025-12-16T20:44:26.962+0800][1.648s][info][gc          ] Heap: 4096M reserved, 3968M (96.88%) committed, 3950M (96.45%) used
[2025-12-16T20:44:26.962+0800][1.648s][info][gc,metaspace] Metaspace: 1088M reserved, 320K (0.03%) committed, 87264B (0.01%) used
