[2026-01-06T22:08:17.429+0800][0.011s][info][gc,init] Initializing The Z Garbage Collector
[2026-01-06T22:08:17.429+0800][0.011s][info][gc,init] Version: 26-ea+25-2529 (release)
[2026-01-06T22:08:17.429+0800][0.011s][info][gc,init] NUMA Support: Disabled
[2026-01-06T22:08:17.429+0800][0.011s][info][gc,init] CPUs: 10 total, 10 available
[2026-01-06T22:08:17.429+0800][0.011s][info][gc,init] Memory: 16384M
[2026-01-06T22:08:17.429+0800][0.011s][info][gc,init] Large Page Support: Disabled
[2026-01-06T22:08:17.429+0800][0.011s][info][gc,init] Address Space Size: unlimited
[2026-01-06T22:08:17.429+0800][0.011s][info][gc,init] Reserved Space Type: Contiguous/Unrestricted/Complete
[2026-01-06T22:08:17.429+0800][0.011s][info][gc,init] Reserved Space Size: 64G
[2026-01-06T22:08:17.429+0800][0.011s][info][gc,init] Min Capacity: 8M
[2026-01-06T22:08:17.429+0800][0.011s][info][gc,init] Initial Capacity: 34M
[2026-01-06T22:08:17.429+0800][0.011s][info][gc,init] Max Capacity: 4096M
[2026-01-06T22:08:17.429+0800][0.011s][info][gc,init] Soft Max Capacity: 3686M
[2026-01-06T22:08:17.429+0800][0.011s][info][gc,init] Page Size Medium: Range [4M, 32M]
[2026-01-06T22:08:17.429+0800][0.011s][info][gc,init] Pre-touch: Disabled
[2026-01-06T22:08:17.429+0800][0.011s][info][gc,init] Uncommit: Enabled
[2026-01-06T22:08:17.429+0800][0.011s][info][gc,init] Uncommit Delay: 300s
[2026-01-06T22:08:17.430+0800][0.011s][info][gc,init] GC Workers for Old Generation: 3 (dynamic)
[2026-01-06T22:08:17.430+0800][0.011s][info][gc,init] GC Workers for Young Generation: 3 (dynamic)
[2026-01-06T22:08:17.430+0800][0.011s][info][gc,init] GC Workers Max: 3 (dynamic)
[2026-01-06T22:08:17.430+0800][0.011s][info][gc,init] Runtime Workers: 6
[2026-01-06T22:08:17.430+0800][0.011s][info][gc     ] Using The Z Garbage Collector
[2026-01-06T22:08:17.444+0800][0.026s][info][gc,metaspace] CDS archive(s) mapped at: [0x00001e0000000000-0x00001e0000d98000-0x00001e0000d98000), size 14254080, SharedBaseAddress: 0x00001e0000000000, ArchiveRelocationMode: 1.
[2026-01-06T22:08:17.444+0800][0.026s][info][gc,metaspace] Compressed class space mapped at: 0x00001e0001000000-0x00001e0041000000, reserved size: 1073741824
[2026-01-06T22:08:17.444+0800][0.026s][info][gc,metaspace] UseCompressedClassPointers 1, UseCompactObjectHeaders 0
[2026-01-06T22:08:17.444+0800][0.026s][info][gc,metaspace] Narrow klass pointer bits 32, Max shift 3
[2026-01-06T22:08:17.444+0800][0.026s][info][gc,metaspace] Narrow klass base: 0x00001e0000000000, Narrow klass shift: 0
[2026-01-06T22:08:17.444+0800][0.026s][info][gc,metaspace] Encoding Range: [0x00001e0000000000 - 0x00001e0100000000), (4294967296 bytes)
[2026-01-06T22:08:17.444+0800][0.026s][info][gc,metaspace] Klass Range:    [0x00001e0000000000 - 0x00001e0041000000), (1090519040 bytes)
[2026-01-06T22:08:17.444+0800][0.026s][info][gc,metaspace] Klass ID Range:  [8 - 1090519033) (1090519025)
[2026-01-06T22:08:17.444+0800][0.026s][info][gc,metaspace] Protection zone: [0x00001e0000000000 - 0x00001e0000004000), (16384 bytes)
[2026-01-06T22:08:17.529+0800][0.111s][info][gc          ] GC(0) Major Collection (Warmup)
[2026-01-06T22:08:17.530+0800][0.112s][info][gc,task     ] GC(0) Using 3 Workers for Young Generation
[2026-01-06T22:08:17.530+0800][0.112s][info][gc,task     ] GC(0) Using 2 Workers for Old Generation
[2026-01-06T22:08:17.530+0800][0.112s][info][gc,phases   ] GC(0) Y: Young Generation
[2026-01-06T22:08:17.531+0800][0.112s][info][gc,phases   ] GC(0) Y: Pause Mark Start (Major) 0.013ms
[2026-01-06T22:08:17.532+0800][0.113s][info][gc,phases   ] GC(0) Y: Concurrent Mark 1.050ms
[2026-01-06T22:08:17.532+0800][0.113s][info][gc,phases   ] GC(0) Y: Pause Mark End 0.004ms
[2026-01-06T22:08:17.532+0800][0.113s][info][gc,phases   ] GC(0) Y: Concurrent Mark Free 0.001ms
[2026-01-06T22:08:17.532+0800][0.113s][info][gc,phases   ] GC(0) Y: Concurrent Reset Relocation Set 0.000ms
[2026-01-06T22:08:17.532+0800][0.114s][info][gc,reloc    ] GC(0) Y: Using tenuring threshold: 1 (Computed)
[2026-01-06T22:08:17.532+0800][0.114s][info][gc,phases   ] GC(0) Y: Concurrent Select Relocation Set 0.445ms
[2026-01-06T22:08:17.532+0800][0.114s][info][gc,phases   ] GC(0) Y: Pause Relocate Start 0.002ms
[2026-01-06T22:08:17.532+0800][0.114s][info][gc,phases   ] GC(0) Y: Concurrent Relocate 0.045ms
[2026-01-06T22:08:17.532+0800][0.114s][info][gc,alloc    ] GC(0) Y:                         Mark Start        Mark End      Relocate Start    Relocate End   
[2026-01-06T22:08:17.532+0800][0.114s][info][gc,alloc    ] GC(0) Y: Allocation Stalls:          0                0                0                0         
[2026-01-06T22:08:17.532+0800][0.114s][info][gc,load     ] GC(0) Y: Load: 1.74 (17%) / 1.77 (18%) / 1.99 (20%)
[2026-01-06T22:08:17.532+0800][0.114s][info][gc,mmu      ] GC(0) Y: MMU: 2ms/99.1%, 5ms/99.6%, 10ms/99.8%, 20ms/99.9%, 50ms/100.0%, 100ms/100.0%
[2026-01-06T22:08:17.532+0800][0.114s][info][gc,marking  ] GC(0) Y: Mark: 2 stripe(s), 3 proactive flush(es), 1 terminate flush(es), 0 completion(s), 0 continuation(s) 
[2026-01-06T22:08:17.532+0800][0.114s][info][gc,nmethod  ] GC(0) Y: NMethods: 7 registered, 0 unregistered
[2026-01-06T22:08:17.532+0800][0.114s][info][gc,metaspace] GC(0) Y: Metaspace: 0M used, 0M committed, 1088M reserved
[2026-01-06T22:08:17.532+0800][0.114s][info][gc,reloc    ] GC(0) Y:                        Candidates     Selected     In-Place         Size        Empty    Relocated 
[2026-01-06T22:08:17.532+0800][0.114s][info][gc,reloc    ] GC(0) Y: Small Pages:                  200            1            0         400M         394M           0M 
[2026-01-06T22:08:17.532+0800][0.114s][info][gc,reloc    ] GC(0) Y: Medium Pages:                   0            0            0           0M           0M           0M 
[2026-01-06T22:08:17.532+0800][0.114s][info][gc,reloc    ] GC(0) Y: Large Pages:                    0            0            0           0M           0M           0M 
[2026-01-06T22:08:17.532+0800][0.114s][info][gc,reloc    ] GC(0) Y: Forwarding Usage: 0M
[2026-01-06T22:08:17.532+0800][0.114s][info][gc,reloc    ] GC(0) Y: Age Table:
[2026-01-06T22:08:17.532+0800][0.114s][info][gc,reloc    ] GC(0) Y:                    Live             Garbage             Small              Medium             Large        
[2026-01-06T22:08:17.532+0800][0.114s][info][gc,reloc    ] GC(0) Y: Eden               1M (0%)          398M (10%)        200 / 1              0 / 0              0 / 0        
[2026-01-06T22:08:17.532+0800][0.114s][info][gc,heap     ] GC(0) Y: Min Capacity: 8M(0%)
[2026-01-06T22:08:17.532+0800][0.114s][info][gc,heap     ] GC(0) Y: Max Capacity: 4096M(100%)
[2026-01-06T22:08:17.532+0800][0.114s][info][gc,heap     ] GC(0) Y: Soft Max Capacity: 3686M(90%)
[2026-01-06T22:08:17.532+0800][0.114s][info][gc,heap     ] GC(0) Y: Heap Statistics:
[2026-01-06T22:08:17.532+0800][0.114s][info][gc,heap     ] GC(0) Y:                Mark Start          Mark End        Relocate Start      Relocate End           High               Low         
[2026-01-06T22:08:17.532+0800][0.114s][info][gc,heap     ] GC(0) Y:  Capacity:      400M (10%)         408M (10%)         408M (10%)         408M (10%)         408M (10%)         400M (10%)    
[2026-01-06T22:08:17.532+0800][0.114s][info][gc,heap     ] GC(0) Y:      Free:     3696M (90%)        3688M (90%)        4080M (100%)       4078M (100%)       4080M (100%)       3688M (90%)    
[2026-01-06T22:08:17.532+0800][0.114s][info][gc,heap     ] GC(0) Y:      Used:      400M (10%)         408M (10%)          16M (0%)           18M (0%)          408M (10%)          16M (0%)     
[2026-01-06T22:08:17.532+0800][0.114s][info][gc,heap     ] GC(0) Y: Young Generation Statistics:
[2026-01-06T22:08:17.532+0800][0.114s][info][gc,heap     ] GC(0) Y:                Mark Start          Mark End        Relocate Start      Relocate End    
[2026-01-06T22:08:17.532+0800][0.114s][info][gc,heap     ] GC(0) Y:      Used:      400M (10%)         408M (10%)          16M (0%)           18M (0%)     
[2026-01-06T22:08:17.532+0800][0.114s][info][gc,heap     ] GC(0) Y:      Live:         -                 1M (0%)            1M (0%)            1M (0%)     
[2026-01-06T22:08:17.532+0800][0.114s][info][gc,heap     ] GC(0) Y:   Garbage:         -               398M (10%)           4M (0%)            0M (0%)     
[2026-01-06T22:08:17.532+0800][0.114s][info][gc,heap     ] GC(0) Y: Allocated:         -                 8M (0%)           10M (0%)           15M (0%)     
[2026-01-06T22:08:17.532+0800][0.114s][info][gc,heap     ] GC(0) Y: Reclaimed:         -                  -               394M (10%)         397M (10%)    
[2026-01-06T22:08:17.532+0800][0.114s][info][gc,heap     ] GC(0) Y:  Promoted:         -                  -                 0M (0%)            0M (0%)     
[2026-01-06T22:08:17.532+0800][0.114s][info][gc,heap     ] GC(0) Y: Compacted:         -                  -                  -                 0M (0%)     
[2026-01-06T22:08:17.532+0800][0.114s][info][gc,phases   ] GC(0) Y: Young Generation 400M(10%)->18M(0%) 0.002s
[2026-01-06T22:08:17.532+0800][0.114s][info][gc,phases   ] GC(0) O: Old Generation
[2026-01-06T22:08:17.532+0800][0.114s][info][gc,phases   ] GC(0) O: Concurrent Mark 0.051ms
[2026-01-06T22:08:17.532+0800][0.114s][info][gc,phases   ] GC(0) O: Pause Mark End 0.003ms
[2026-01-06T22:08:17.532+0800][0.114s][info][gc,phases   ] GC(0) O: Concurrent Mark Free 0.000ms
[2026-01-06T22:08:17.533+0800][0.114s][info][gc,phases   ] GC(0) O: Concurrent Process Non-Strong 0.081ms
[2026-01-06T22:08:17.533+0800][0.114s][info][gc,phases   ] GC(0) O: Concurrent Reset Relocation Set 0.000ms
[2026-01-06T22:08:17.533+0800][0.114s][info][gc,phases   ] GC(0) O: Concurrent Select Relocation Set 0.016ms
[2026-01-06T22:08:17.533+0800][0.114s][info][gc,task     ] GC(0) O: Using 3 Workers for Old Generation
[2026-01-06T22:08:17.533+0800][0.114s][info][gc,task     ] GC(0) O: Using 2 Workers for Old Generation
[2026-01-06T22:08:17.533+0800][0.114s][info][gc,phases   ] GC(0) O: Concurrent Remap Roots 0.040ms
[2026-01-06T22:08:17.533+0800][0.114s][info][gc,phases   ] GC(0) O: Pause Relocate Start 0.001ms
[2026-01-06T22:08:17.533+0800][0.114s][info][gc,phases   ] GC(0) O: Concurrent Relocate 0.009ms
[2026-01-06T22:08:17.533+0800][0.114s][info][gc,alloc    ] GC(0) O:                         Mark Start        Mark End      Relocate Start    Relocate End   
[2026-01-06T22:08:17.533+0800][0.114s][info][gc,alloc    ] GC(0) O: Allocation Stalls:          0                0                0                0         
[2026-01-06T22:08:17.533+0800][0.114s][info][gc,load     ] GC(0) O: Load: 1.74 (17%) / 1.77 (18%) / 1.99 (20%)
[2026-01-06T22:08:17.533+0800][0.114s][info][gc,mmu      ] GC(0) O: MMU: 2ms/98.9%, 5ms/99.5%, 10ms/99.8%, 20ms/99.9%, 50ms/100.0%, 100ms/100.0%
[2026-01-06T22:08:17.533+0800][0.114s][info][gc,marking  ] GC(0) O: Mark: 2 stripe(s), 1 proactive flush(es), 1 terminate flush(es), 0 completion(s), 0 continuation(s) 
[2026-01-06T22:08:17.533+0800][0.114s][info][gc,nmethod  ] GC(0) O: NMethods: 7 registered, 0 unregistered
[2026-01-06T22:08:17.533+0800][0.114s][info][gc,metaspace] GC(0) O: Metaspace: 0M used, 0M committed, 1088M reserved
[2026-01-06T22:08:17.533+0800][0.114s][info][gc,ref      ] GC(0) O:                       Encountered   Discovered     Enqueued 
[2026-01-06T22:08:17.533+0800][0.114s][info][gc,ref      ] GC(0) O: Soft References:                1            0            0 
[2026-01-06T22:08:17.533+0800][0.114s][info][gc,ref      ] GC(0) O: Weak References:                6            0            0 
[2026-01-06T22:08:17.533+0800][0.114s][info][gc,ref      ] GC(0) O: Final References:               0            0            0 
[2026-01-06T22:08:17.533+0800][0.114s][info][gc,ref      ] GC(0) O: Phantom References:             1            0            0 
[2026-01-06T22:08:17.533+0800][0.114s][info][gc,heap     ] GC(0) O: Min Capacity: 8M(0%)
[2026-01-06T22:08:17.533+0800][0.114s][info][gc,heap     ] GC(0) O: Max Capacity: 4096M(100%)
[2026-01-06T22:08:17.533+0800][0.114s][info][gc,heap     ] GC(0) O: Soft Max Capacity: 3686M(90%)
[2026-01-06T22:08:17.533+0800][0.114s][info][gc,heap     ] GC(0) O: Heap Statistics:
[2026-01-06T22:08:17.533+0800][0.114s][info][gc,heap     ] GC(0) O:                Mark Start          Mark End        Relocate Start      Relocate End           High               Low         
[2026-01-06T22:08:17.533+0800][0.114s][info][gc,heap     ] GC(0) O:  Capacity:      400M (10%)         408M (10%)         408M (10%)         408M (10%)         408M (10%)         400M (10%)    
[2026-01-06T22:08:17.533+0800][0.114s][info][gc,heap     ] GC(0) O:      Free:     3696M (90%)        4076M (100%)       4076M (100%)       4076M (100%)       4080M (100%)       3688M (90%)    
[2026-01-06T22:08:17.533+0800][0.114s][info][gc,heap     ] GC(0) O:      Used:      400M (10%)          20M (0%)           20M (0%)           20M (0%)          408M (10%)          16M (0%)     
[2026-01-06T22:08:17.533+0800][0.114s][info][gc,heap     ] GC(0) O: Old Generation Statistics:
[2026-01-06T22:08:17.533+0800][0.114s][info][gc,heap     ] GC(0) O:                Mark Start          Mark End        Relocate Start      Relocate End    
[2026-01-06T22:08:17.533+0800][0.114s][info][gc,heap     ] GC(0) O:      Used:        0M (0%)            0M (0%)            0M (0%)            0M (0%)     
[2026-01-06T22:08:17.533+0800][0.114s][info][gc,heap     ] GC(0) O:      Live:         -                 0M (0%)            0M (0%)            0M (0%)     
[2026-01-06T22:08:17.533+0800][0.114s][info][gc,heap     ] GC(0) O:   Garbage:         -                 0M (0%)            0M (0%)            0M (0%)     
[2026-01-06T22:08:17.533+0800][0.114s][info][gc,heap     ] GC(0) O: Allocated:         -                 0M (0%)            0M (0%)            0M (0%)     
[2026-01-06T22:08:17.533+0800][0.114s][info][gc,heap     ] GC(0) O: Reclaimed:         -                  -                 0M (0%)            0M (0%)     
[2026-01-06T22:08:17.533+0800][0.114s][info][gc,heap     ] GC(0) O: Compacted:         -                  -                  -                 0M (0%)     
[2026-01-06T22:08:17.533+0800][0.114s][info][gc,phases   ] GC(0) O: Old Generation 20M(0%)->20M(0%) 0.000s
[2026-01-06T22:08:17.533+0800][0.114s][info][gc          ] GC(0) Major Collection (Warmup) 392M(10%)->22M(1%) 0.004s
[2026-01-06T22:08:17.628+0800][0.209s][info][gc          ] GC(1) Major Collection (Warmup)
[2026-01-06T22:08:17.628+0800][0.209s][info][gc,task     ] GC(1) Using 3 Workers for Young Generation
[2026-01-06T22:08:17.628+0800][0.209s][info][gc,task     ] GC(1) Using 1 Workers for Old Generation
[2026-01-06T22:08:17.628+0800][0.209s][info][gc,phases   ] GC(1) Y: Young Generation
[2026-01-06T22:08:17.628+0800][0.209s][info][gc,phases   ] GC(1) Y: Pause Mark Start (Major) 0.004ms
[2026-01-06T22:08:17.628+0800][0.210s][info][gc,phases   ] GC(1) Y: Concurrent Mark 0.522ms
[2026-01-06T22:08:17.628+0800][0.210s][info][gc,phases   ] GC(1) Y: Pause Mark End 0.004ms
[2026-01-06T22:08:17.628+0800][0.210s][info][gc,phases   ] GC(1) Y: Concurrent Mark Free 0.001ms
[2026-01-06T22:08:17.628+0800][0.210s][info][gc,phases   ] GC(1) Y: Concurrent Reset Relocation Set 0.000ms
[2026-01-06T22:08:17.629+0800][0.210s][info][gc,reloc    ] GC(1) Y: Using tenuring threshold: 1 (Computed)
[2026-01-06T22:08:17.629+0800][0.210s][info][gc,phases   ] GC(1) Y: Concurrent Select Relocation Set 0.686ms
[2026-01-06T22:08:17.629+0800][0.211s][info][gc,phases   ] GC(1) Y: Pause Relocate Start 0.002ms
[2026-01-06T22:08:17.629+0800][0.211s][info][gc,phases   ] GC(1) Y: Concurrent Relocate 0.473ms
[2026-01-06T22:08:17.629+0800][0.211s][info][gc,alloc    ] GC(1) Y:                         Mark Start        Mark End      Relocate Start    Relocate End   
[2026-01-06T22:08:17.629+0800][0.211s][info][gc,alloc    ] GC(1) Y: Allocation Stalls:          0                0                0                0         
[2026-01-06T22:08:17.630+0800][0.211s][info][gc,load     ] GC(1) Y: Load: 1.74 (17%) / 1.77 (18%) / 1.99 (20%)
[2026-01-06T22:08:17.630+0800][0.211s][info][gc,mmu      ] GC(1) Y: MMU: 2ms/98.9%, 5ms/99.5%, 10ms/99.8%, 20ms/99.9%, 50ms/100.0%, 100ms/100.0%
[2026-01-06T22:08:17.630+0800][0.211s][info][gc,marking  ] GC(1) Y: Mark: 2 stripe(s), 2 proactive flush(es), 1 terminate flush(es), 0 completion(s), 0 continuation(s) 
[2026-01-06T22:08:17.630+0800][0.211s][info][gc,nmethod  ] GC(1) Y: NMethods: 38 registered, 0 unregistered
[2026-01-06T22:08:17.630+0800][0.211s][info][gc,metaspace] GC(1) Y: Metaspace: 0M used, 0M committed, 1088M reserved
[2026-01-06T22:08:17.630+0800][0.211s][info][gc,reloc    ] GC(1) Y:                        Candidates     Selected     In-Place         Size        Empty    Relocated 
[2026-01-06T22:08:17.630+0800][0.211s][info][gc,reloc    ] GC(1) Y: Small Pages:                  374            0            0         748M         744M           0M 
[2026-01-06T22:08:17.630+0800][0.211s][info][gc,reloc    ] GC(1) Y: Medium Pages:                   0            0            0           0M           0M           0M 
[2026-01-06T22:08:17.630+0800][0.211s][info][gc,reloc    ] GC(1) Y: Large Pages:                    0            0            0           0M           0M           0M 
[2026-01-06T22:08:17.630+0800][0.211s][info][gc,reloc    ] GC(1) Y: Forwarding Usage: 0M
[2026-01-06T22:08:17.630+0800][0.211s][info][gc,reloc    ] GC(1) Y: Age Table:
[2026-01-06T22:08:17.630+0800][0.211s][info][gc,reloc    ] GC(1) Y:                    Live             Garbage             Small              Medium             Large        
[2026-01-06T22:08:17.630+0800][0.211s][info][gc,reloc    ] GC(1) Y: Eden               0M (0%)          739M (18%)        370 / 0              0 / 0              0 / 0        
[2026-01-06T22:08:17.630+0800][0.211s][info][gc,reloc    ] GC(1) Y: Survivor 1         1M (0%)            6M (0%)           4 / 0              0 / 0              0 / 0        
[2026-01-06T22:08:17.630+0800][0.211s][info][gc,heap     ] GC(1) Y: Min Capacity: 8M(0%)
[2026-01-06T22:08:17.630+0800][0.211s][info][gc,heap     ] GC(1) Y: Max Capacity: 4096M(100%)
[2026-01-06T22:08:17.630+0800][0.211s][info][gc,heap     ] GC(1) Y: Soft Max Capacity: 3686M(90%)
[2026-01-06T22:08:17.630+0800][0.211s][info][gc,heap     ] GC(1) Y: Heap Statistics:
[2026-01-06T22:08:17.630+0800][0.211s][info][gc,heap     ] GC(1) Y:                Mark Start          Mark End        Relocate Start      Relocate End           High               Low         
[2026-01-06T22:08:17.630+0800][0.211s][info][gc,heap     ] GC(1) Y:  Capacity:      748M (18%)         752M (18%)         752M (18%)         752M (18%)         752M (18%)         748M (18%)    
[2026-01-06T22:08:17.630+0800][0.211s][info][gc,heap     ] GC(1) Y:      Free:     3348M (82%)        3344M (82%)        4084M (100%)       4080M (100%)       4088M (100%)       3344M (82%)    
[2026-01-06T22:08:17.630+0800][0.211s][info][gc,heap     ] GC(1) Y:      Used:      748M (18%)         752M (18%)          12M (0%)           16M (0%)          752M (18%)           8M (0%)     
[2026-01-06T22:08:17.630+0800][0.211s][info][gc,heap     ] GC(1) Y: Young Generation Statistics:
[2026-01-06T22:08:17.630+0800][0.211s][info][gc,heap     ] GC(1) Y:                Mark Start          Mark End        Relocate Start      Relocate End    
[2026-01-06T22:08:17.630+0800][0.211s][info][gc,heap     ] GC(1) Y:      Used:      748M (18%)         752M (18%)          10M (0%)           14M (0%)     
[2026-01-06T22:08:17.630+0800][0.211s][info][gc,heap     ] GC(1) Y:      Live:         -                 1M (0%)            0M (0%)            0M (0%)     
[2026-01-06T22:08:17.630+0800][0.211s][info][gc,heap     ] GC(1) Y:   Garbage:         -               746M (18%)           1M (0%)            1M (0%)     
[2026-01-06T22:08:17.630+0800][0.211s][info][gc,heap     ] GC(1) Y: Allocated:         -                 4M (0%)            8M (0%)           12M (0%)     
[2026-01-06T22:08:17.630+0800][0.211s][info][gc,heap     ] GC(1) Y: Reclaimed:         -                  -               744M (18%)         744M (18%)    
[2026-01-06T22:08:17.630+0800][0.211s][info][gc,heap     ] GC(1) Y:  Promoted:         -                  -                 1M (0%)            1M (0%)     
[2026-01-06T22:08:17.630+0800][0.211s][info][gc,heap     ] GC(1) Y: Compacted:         -                  -                  -                 0M (0%)     
[2026-01-06T22:08:17.630+0800][0.211s][info][gc,phases   ] GC(1) Y: Young Generation 748M(18%)->16M(0%) 0.002s
[2026-01-06T22:08:17.630+0800][0.211s][info][gc,phases   ] GC(1) O: Old Generation
[2026-01-06T22:08:17.630+0800][0.211s][info][gc,phases   ] GC(1) O: Concurrent Mark 0.052ms
[2026-01-06T22:08:17.630+0800][0.211s][info][gc,phases   ] GC(1) O: Pause Mark End 0.002ms
[2026-01-06T22:08:17.630+0800][0.211s][info][gc,phases   ] GC(1) O: Concurrent Mark Free 0.000ms
[2026-01-06T22:08:17.630+0800][0.211s][info][gc,phases   ] GC(1) O: Concurrent Process Non-Strong 0.110ms
[2026-01-06T22:08:17.630+0800][0.211s][info][gc,phases   ] GC(1) O: Concurrent Reset Relocation Set 0.000ms
[2026-01-06T22:08:17.630+0800][0.211s][info][gc,phases   ] GC(1) O: Concurrent Select Relocation Set 0.020ms
[2026-01-06T22:08:17.630+0800][0.211s][info][gc,task     ] GC(1) O: Using 3 Workers for Old Generation
[2026-01-06T22:08:17.630+0800][0.211s][info][gc,task     ] GC(1) O: Using 1 Workers for Old Generation
[2026-01-06T22:08:17.630+0800][0.211s][info][gc,phases   ] GC(1) O: Concurrent Remap Roots 0.042ms
[2026-01-06T22:08:17.630+0800][0.211s][info][gc,phases   ] GC(1) O: Pause Relocate Start 0.002ms
[2026-01-06T22:08:17.630+0800][0.211s][info][gc,phases   ] GC(1) O: Concurrent Relocate 0.009ms
[2026-01-06T22:08:17.630+0800][0.211s][info][gc,alloc    ] GC(1) O:                         Mark Start        Mark End      Relocate Start    Relocate End   
[2026-01-06T22:08:17.630+0800][0.212s][info][gc,alloc    ] GC(1) O: Allocation Stalls:          0                0                0                0         
[2026-01-06T22:08:17.630+0800][0.212s][info][gc,load     ] GC(1) O: Load: 1.74 (17%) / 1.77 (18%) / 1.99 (20%)
[2026-01-06T22:08:17.630+0800][0.212s][info][gc,mmu      ] GC(1) O: MMU: 2ms/98.9%, 5ms/99.5%, 10ms/99.8%, 20ms/99.9%, 50ms/100.0%, 100ms/100.0%
[2026-01-06T22:08:17.630+0800][0.212s][info][gc,marking  ] GC(1) O: Mark: 1 stripe(s), 1 proactive flush(es), 1 terminate flush(es), 0 completion(s), 0 continuation(s) 
[2026-01-06T22:08:17.630+0800][0.212s][info][gc,nmethod  ] GC(1) O: NMethods: 38 registered, 0 unregistered
[2026-01-06T22:08:17.630+0800][0.212s][info][gc,metaspace] GC(1) O: Metaspace: 0M used, 0M committed, 1088M reserved
[2026-01-06T22:08:17.630+0800][0.212s][info][gc,ref      ] GC(1) O:                       Encountered   Discovered     Enqueued 
[2026-01-06T22:08:17.630+0800][0.212s][info][gc,ref      ] GC(1) O: Soft References:                1            0            0 
[2026-01-06T22:08:17.630+0800][0.212s][info][gc,ref      ] GC(1) O: Weak References:                6            0            0 
[2026-01-06T22:08:17.630+0800][0.212s][info][gc,ref      ] GC(1) O: Final References:               0            0            0 
[2026-01-06T22:08:17.630+0800][0.212s][info][gc,ref      ] GC(1) O: Phantom References:             1            0            0 
[2026-01-06T22:08:17.630+0800][0.212s][info][gc,heap     ] GC(1) O: Min Capacity: 8M(0%)
[2026-01-06T22:08:17.630+0800][0.212s][info][gc,heap     ] GC(1) O: Max Capacity: 4096M(100%)
[2026-01-06T22:08:17.630+0800][0.212s][info][gc,heap     ] GC(1) O: Soft Max Capacity: 3686M(90%)
[2026-01-06T22:08:17.630+0800][0.212s][info][gc,heap     ] GC(1) O: Heap Statistics:
[2026-01-06T22:08:17.630+0800][0.212s][info][gc,heap     ] GC(1) O:                Mark Start          Mark End        Relocate Start      Relocate End           High               Low         
[2026-01-06T22:08:17.630+0800][0.212s][info][gc,heap     ] GC(1) O:  Capacity:      748M (18%)         752M (18%)         752M (18%)         752M (18%)         752M (18%)         748M (18%)    
[2026-01-06T22:08:17.630+0800][0.212s][info][gc,heap     ] GC(1) O:      Free:     3348M (82%)        4080M (100%)       4076M (100%)       4076M (100%)       4088M (100%)       3344M (82%)    
[2026-01-06T22:08:17.630+0800][0.212s][info][gc,heap     ] GC(1) O:      Used:      748M (18%)          16M (0%)           20M (0%)           20M (0%)          752M (18%)           8M (0%)     
[2026-01-06T22:08:17.630+0800][0.212s][info][gc,heap     ] GC(1) O: Old Generation Statistics:
[2026-01-06T22:08:17.630+0800][0.212s][info][gc,heap     ] GC(1) O:                Mark Start          Mark End        Relocate Start      Relocate End    
[2026-01-06T22:08:17.630+0800][0.212s][info][gc,heap     ] GC(1) O:      Used:        0M (0%)            2M (0%)            2M (0%)            2M (0%)     
[2026-01-06T22:08:17.630+0800][0.212s][info][gc,heap     ] GC(1) O:      Live:         -                 0M (0%)            0M (0%)            0M (0%)     
[2026-01-06T22:08:17.630+0800][0.212s][info][gc,heap     ] GC(1) O:   Garbage:         -                 0M (0%)            0M (0%)            0M (0%)     
[2026-01-06T22:08:17.630+0800][0.212s][info][gc,heap     ] GC(1) O: Allocated:         -                 2M (0%)            2M (0%)            2M (0%)     
[2026-01-06T22:08:17.630+0800][0.212s][info][gc,heap     ] GC(1) O: Reclaimed:         -                  -                 0M (0%)            0M (0%)     
[2026-01-06T22:08:17.630+0800][0.212s][info][gc,heap     ] GC(1) O: Compacted:         -                  -                  -                 0M (0%)     
[2026-01-06T22:08:17.630+0800][0.212s][info][gc,phases   ] GC(1) O: Old Generation 16M(0%)->20M(0%) 0.000s
[2026-01-06T22:08:17.630+0800][0.212s][info][gc          ] GC(1) Major Collection (Warmup) 748M(18%)->20M(0%) 0.003s
[2026-01-06T22:08:17.742+0800][0.324s][info][gc          ] GC(2) Major Collection (Warmup)
[2026-01-06T22:08:17.742+0800][0.324s][info][gc,task     ] GC(2) Using 3 Workers for Young Generation
[2026-01-06T22:08:17.742+0800][0.324s][info][gc,task     ] GC(2) Using 1 Workers for Old Generation
[2026-01-06T22:08:17.742+0800][0.324s][info][gc,phases   ] GC(2) Y: Young Generation
[2026-01-06T22:08:17.742+0800][0.324s][info][gc,phases   ] GC(2) Y: Pause Mark Start (Major) 0.004ms
[2026-01-06T22:08:17.743+0800][0.324s][info][gc,phases   ] GC(2) Y: Concurrent Mark 0.183ms
[2026-01-06T22:08:17.743+0800][0.324s][info][gc,phases   ] GC(2) Y: Pause Mark End 0.003ms
[2026-01-06T22:08:17.743+0800][0.324s][info][gc,phases   ] GC(2) Y: Concurrent Mark Free 0.000ms
[2026-01-06T22:08:17.743+0800][0.324s][info][gc,phases   ] GC(2) Y: Concurrent Reset Relocation Set 0.001ms
[2026-01-06T22:08:17.743+0800][0.325s][info][gc,reloc    ] GC(2) Y: Using tenuring threshold: 1 (Computed)
[2026-01-06T22:08:17.744+0800][0.325s][info][gc,phases   ] GC(2) Y: Concurrent Select Relocation Set 0.839ms
[2026-01-06T22:08:17.744+0800][0.325s][info][gc,phases   ] GC(2) Y: Pause Relocate Start 0.001ms
[2026-01-06T22:08:17.744+0800][0.325s][info][gc,phases   ] GC(2) Y: Concurrent Relocate 0.040ms
[2026-01-06T22:08:17.744+0800][0.325s][info][gc,alloc    ] GC(2) Y:                         Mark Start        Mark End      Relocate Start    Relocate End   
[2026-01-06T22:08:17.744+0800][0.325s][info][gc,alloc    ] GC(2) Y: Allocation Stalls:          0                0                0                0         
[2026-01-06T22:08:17.744+0800][0.325s][info][gc,load     ] GC(2) Y: Load: 1.74 (17%) / 1.77 (18%) / 1.99 (20%)
[2026-01-06T22:08:17.744+0800][0.325s][info][gc,mmu      ] GC(2) Y: MMU: 2ms/98.9%, 5ms/99.5%, 10ms/99.8%, 20ms/99.9%, 50ms/100.0%, 100ms/100.0%
[2026-01-06T22:08:17.744+0800][0.325s][info][gc,marking  ] GC(2) Y: Mark: 2 stripe(s), 2 proactive flush(es), 1 terminate flush(es), 0 completion(s), 0 continuation(s) 
[2026-01-06T22:08:17.744+0800][0.325s][info][gc,nmethod  ] GC(2) Y: NMethods: 75 registered, 0 unregistered
[2026-01-06T22:08:17.744+0800][0.325s][info][gc,metaspace] GC(2) Y: Metaspace: 0M used, 0M committed, 1088M reserved
[2026-01-06T22:08:17.744+0800][0.325s][info][gc,reloc    ] GC(2) Y:                        Candidates     Selected     In-Place         Size        Empty    Relocated 
[2026-01-06T22:08:17.744+0800][0.325s][info][gc,reloc    ] GC(2) Y: Small Pages:                  556            1            0        1112M        1108M           0M 
[2026-01-06T22:08:17.744+0800][0.325s][info][gc,reloc    ] GC(2) Y: Medium Pages:                   0            0            0           0M           0M           0M 
[2026-01-06T22:08:17.744+0800][0.325s][info][gc,reloc    ] GC(2) Y: Large Pages:                    0            0            0           0M           0M           0M 
[2026-01-06T22:08:17.744+0800][0.325s][info][gc,reloc    ] GC(2) Y: Forwarding Usage: 0M
[2026-01-06T22:08:17.744+0800][0.325s][info][gc,reloc    ] GC(2) Y: Age Table:
[2026-01-06T22:08:17.744+0800][0.325s][info][gc,reloc    ] GC(2) Y:                    Live             Garbage             Small              Medium             Large        
[2026-01-06T22:08:17.744+0800][0.325s][info][gc,reloc    ] GC(2) Y: Eden               0M (0%)         1109M (27%)        555 / 1              0 / 0              0 / 0        
[2026-01-06T22:08:17.744+0800][0.325s][info][gc,reloc    ] GC(2) Y: Survivor 1          -                 2M (0%)           1 / 0              0 / 0              0 / 0        
[2026-01-06T22:08:17.744+0800][0.325s][info][gc,heap     ] GC(2) Y: Min Capacity: 8M(0%)
[2026-01-06T22:08:17.744+0800][0.325s][info][gc,heap     ] GC(2) Y: Max Capacity: 4096M(100%)
[2026-01-06T22:08:17.744+0800][0.325s][info][gc,heap     ] GC(2) Y: Soft Max Capacity: 3686M(90%)
[2026-01-06T22:08:17.744+0800][0.325s][info][gc,heap     ] GC(2) Y: Heap Statistics:
[2026-01-06T22:08:17.744+0800][0.325s][info][gc,heap     ] GC(2) Y:                Mark Start          Mark End        Relocate Start      Relocate End           High               Low         
[2026-01-06T22:08:17.744+0800][0.325s][info][gc,heap     ] GC(2) Y:  Capacity:     1114M (27%)        1116M (27%)        1116M (27%)        1116M (27%)        1116M (27%)        1114M (27%)    
[2026-01-06T22:08:17.744+0800][0.325s][info][gc,heap     ] GC(2) Y:      Free:     2982M (73%)        2980M (73%)        4084M (100%)       4084M (100%)       4086M (100%)       2980M (73%)    
[2026-01-06T22:08:17.744+0800][0.325s][info][gc,heap     ] GC(2) Y:      Used:     1114M (27%)        1116M (27%)          12M (0%)           12M (0%)         1116M (27%)          10M (0%)     
[2026-01-06T22:08:17.744+0800][0.325s][info][gc,heap     ] GC(2) Y: Young Generation Statistics:
[2026-01-06T22:08:17.744+0800][0.325s][info][gc,heap     ] GC(2) Y:                Mark Start          Mark End        Relocate Start      Relocate End    
[2026-01-06T22:08:17.744+0800][0.325s][info][gc,heap     ] GC(2) Y:      Used:     1112M (27%)        1114M (27%)          10M (0%)           10M (0%)     
[2026-01-06T22:08:17.744+0800][0.325s][info][gc,heap     ] GC(2) Y:      Live:         -                 0M (0%)            0M (0%)            0M (0%)     
[2026-01-06T22:08:17.744+0800][0.325s][info][gc,heap     ] GC(2) Y:   Garbage:         -              1111M (27%)           3M (0%)            0M (0%)     
[2026-01-06T22:08:17.744+0800][0.325s][info][gc,heap     ] GC(2) Y: Allocated:         -                 2M (0%)            6M (0%)            9M (0%)     
[2026-01-06T22:08:17.744+0800][0.325s][info][gc,heap     ] GC(2) Y: Reclaimed:         -                  -              1108M (27%)        1111M (27%)    
[2026-01-06T22:08:17.744+0800][0.325s][info][gc,heap     ] GC(2) Y:  Promoted:         -                  -                 0M (0%)            0M (0%)     
[2026-01-06T22:08:17.744+0800][0.325s][info][gc,heap     ] GC(2) Y: Compacted:         -                  -                  -                 0M (0%)     
[2026-01-06T22:08:17.744+0800][0.325s][info][gc,phases   ] GC(2) Y: Young Generation 1114M(27%)->12M(0%) 0.001s
[2026-01-06T22:08:17.744+0800][0.325s][info][gc,phases   ] GC(2) O: Old Generation
[2026-01-06T22:08:17.745+0800][0.326s][info][gc,phases   ] GC(2) O: Concurrent Mark 1.105ms
[2026-01-06T22:08:17.745+0800][0.326s][info][gc,phases   ] GC(2) O: Pause Mark End 0.004ms
[2026-01-06T22:08:17.745+0800][0.326s][info][gc,phases   ] GC(2) O: Concurrent Mark Free 0.001ms
[2026-01-06T22:08:17.745+0800][0.327s][info][gc,phases   ] GC(2) O: Concurrent Process Non-Strong 0.346ms
[2026-01-06T22:08:17.745+0800][0.327s][info][gc,phases   ] GC(2) O: Concurrent Reset Relocation Set 0.000ms
[2026-01-06T22:08:17.745+0800][0.327s][info][gc,phases   ] GC(2) O: Concurrent Select Relocation Set 0.024ms
[2026-01-06T22:08:17.745+0800][0.327s][info][gc,task     ] GC(2) O: Using 3 Workers for Old Generation
[2026-01-06T22:08:17.745+0800][0.327s][info][gc,task     ] GC(2) O: Using 1 Workers for Old Generation
[2026-01-06T22:08:17.745+0800][0.327s][info][gc,phases   ] GC(2) O: Concurrent Remap Roots 0.044ms
[2026-01-06T22:08:17.745+0800][0.327s][info][gc,phases   ] GC(2) O: Pause Relocate Start 0.002ms
[2026-01-06T22:08:17.745+0800][0.327s][info][gc,phases   ] GC(2) O: Concurrent Relocate 0.006ms
[2026-01-06T22:08:17.745+0800][0.327s][info][gc,alloc    ] GC(2) O:                         Mark Start        Mark End      Relocate Start    Relocate End   
[2026-01-06T22:08:17.745+0800][0.327s][info][gc,alloc    ] GC(2) O: Allocation Stalls:          0                0                0                0         
[2026-01-06T22:08:17.745+0800][0.327s][info][gc,load     ] GC(2) O: Load: 1.74 (17%) / 1.77 (18%) / 1.99 (20%)
[2026-01-06T22:08:17.745+0800][0.327s][info][gc,mmu      ] GC(2) O: MMU: 2ms/98.9%, 5ms/99.5%, 10ms/99.8%, 20ms/99.9%, 50ms/100.0%, 100ms/100.0%
[2026-01-06T22:08:17.745+0800][0.327s][info][gc,marking  ] GC(2) O: Mark: 1 stripe(s), 2 proactive flush(es), 1 terminate flush(es), 0 completion(s), 0 continuation(s) 
[2026-01-06T22:08:17.745+0800][0.327s][info][gc,nmethod  ] GC(2) O: NMethods: 41 registered, 34 unregistered
[2026-01-06T22:08:17.745+0800][0.327s][info][gc,metaspace] GC(2) O: Metaspace: 0M used, 0M committed, 1088M reserved
[2026-01-06T22:08:17.745+0800][0.327s][info][gc,ref      ] GC(2) O:                       Encountered   Discovered     Enqueued 
[2026-01-06T22:08:17.745+0800][0.327s][info][gc,ref      ] GC(2) O: Soft References:                1            0            0 
[2026-01-06T22:08:17.745+0800][0.327s][info][gc,ref      ] GC(2) O: Weak References:                6            0            0 
[2026-01-06T22:08:17.745+0800][0.327s][info][gc,ref      ] GC(2) O: Final References:               0            0            0 
[2026-01-06T22:08:17.745+0800][0.327s][info][gc,ref      ] GC(2) O: Phantom References:             1            1            0 
[2026-01-06T22:08:17.745+0800][0.327s][info][gc,reloc    ] GC(2) O:                        Candidates     Selected     In-Place         Size        Empty    Relocated 
[2026-01-06T22:08:17.745+0800][0.327s][info][gc,reloc    ] GC(2) O: Small Pages:                    1            0            0           2M           0M           0M 
[2026-01-06T22:08:17.745+0800][0.327s][info][gc,reloc    ] GC(2) O: Medium Pages:                   0            0            0           0M           0M           0M 
[2026-01-06T22:08:17.745+0800][0.327s][info][gc,reloc    ] GC(2) O: Large Pages:                    0            0            0           0M           0M           0M 
[2026-01-06T22:08:17.745+0800][0.327s][info][gc,reloc    ] GC(2) O: Forwarding Usage: 0M
[2026-01-06T22:08:17.745+0800][0.327s][info][gc,heap     ] GC(2) O: Min Capacity: 8M(0%)
[2026-01-06T22:08:17.745+0800][0.327s][info][gc,heap     ] GC(2) O: Max Capacity: 4096M(100%)
[2026-01-06T22:08:17.746+0800][0.327s][info][gc,heap     ] GC(2) O: Soft Max Capacity: 3686M(90%)
[2026-01-06T22:08:17.746+0800][0.327s][info][gc,heap     ] GC(2) O: Heap Statistics:
[2026-01-06T22:08:17.746+0800][0.327s][info][gc,heap     ] GC(2) O:                Mark Start          Mark End        Relocate Start      Relocate End           High               Low         
[2026-01-06T22:08:17.746+0800][0.327s][info][gc,heap     ] GC(2) O:  Capacity:     1114M (27%)        1116M (27%)        1116M (27%)        1116M (27%)        1116M (27%)        1114M (27%)    
[2026-01-06T22:08:17.746+0800][0.327s][info][gc,heap     ] GC(2) O:      Free:     2982M (73%)        4068M (99%)        4060M (99%)        4060M (99%)        4086M (100%)       2980M (73%)    
[2026-01-06T22:08:17.746+0800][0.327s][info][gc,heap     ] GC(2) O:      Used:     1114M (27%)          28M (1%)           36M (1%)           36M (1%)         1116M (27%)          10M (0%)     
[2026-01-06T22:08:17.746+0800][0.327s][info][gc,heap     ] GC(2) O: Old Generation Statistics:
[2026-01-06T22:08:17.746+0800][0.327s][info][gc,heap     ] GC(2) O:                Mark Start          Mark End        Relocate Start      Relocate End    
[2026-01-06T22:08:17.746+0800][0.327s][info][gc,heap     ] GC(2) O:      Used:        2M (0%)            2M (0%)            2M (0%)            2M (0%)     
[2026-01-06T22:08:17.746+0800][0.327s][info][gc,heap     ] GC(2) O:      Live:         -                 1M (0%)            1M (0%)            1M (0%)     
[2026-01-06T22:08:17.746+0800][0.327s][info][gc,heap     ] GC(2) O:   Garbage:         -                 0M (0%)            0M (0%)            0M (0%)     
[2026-01-06T22:08:17.746+0800][0.327s][info][gc,heap     ] GC(2) O: Allocated:         -                 0M (0%)            0M (0%)            0M (0%)     
[2026-01-06T22:08:17.746+0800][0.327s][info][gc,heap     ] GC(2) O: Reclaimed:         -                  -                 0M (0%)            0M (0%)     
[2026-01-06T22:08:17.746+0800][0.327s][info][gc,heap     ] GC(2) O: Compacted:         -                  -                  -                 0M (0%)     
[2026-01-06T22:08:17.746+0800][0.327s][info][gc,phases   ] GC(2) O: Old Generation 14M(0%)->36M(1%) 0.002s
[2026-01-06T22:08:17.746+0800][0.327s][info][gc          ] GC(2) Major Collection (Warmup) 1114M(27%)->38M(1%) 0.003s
[2026-01-06T22:08:18.148+0800][0.730s][info][gc          ] GC(3) Minor Collection (High Usage)
[2026-01-06T22:08:18.148+0800][0.730s][info][gc,task     ] GC(3) Using 1 Workers for Young Generation
[2026-01-06T22:08:18.148+0800][0.730s][info][gc,phases   ] GC(3) y: Young Generation
[2026-01-06T22:08:18.149+0800][0.730s][info][gc,phases   ] GC(3) y: Pause Mark Start 0.005ms
[2026-01-06T22:08:18.149+0800][0.731s][info][gc,phases   ] GC(3) y: Concurrent Mark 0.184ms
[2026-01-06T22:08:18.149+0800][0.731s][info][gc,phases   ] GC(3) y: Pause Mark End 0.003ms
[2026-01-06T22:08:18.149+0800][0.731s][info][gc,phases   ] GC(3) y: Concurrent Mark Free 0.000ms
[2026-01-06T22:08:18.149+0800][0.731s][info][gc,phases   ] GC(3) y: Concurrent Reset Relocation Set 0.000ms
[2026-01-06T22:08:18.151+0800][0.733s][info][gc,reloc    ] GC(3) y: Using tenuring threshold: 2 (Computed)
[2026-01-06T22:08:18.151+0800][0.733s][info][gc,phases   ] GC(3) y: Concurrent Select Relocation Set 2.045ms
[2026-01-06T22:08:18.151+0800][0.733s][info][gc,phases   ] GC(3) y: Pause Relocate Start 0.001ms
[2026-01-06T22:08:18.151+0800][0.733s][info][gc,phases   ] GC(3) y: Concurrent Relocate 0.027ms
[2026-01-06T22:08:18.151+0800][0.733s][info][gc,alloc    ] GC(3) y:                         Mark Start        Mark End      Relocate Start    Relocate End   
[2026-01-06T22:08:18.151+0800][0.733s][info][gc,alloc    ] GC(3) y: Allocation Stalls:          0                0                0                0         
[2026-01-06T22:08:18.151+0800][0.733s][info][gc,load     ] GC(3) y: Load: 1.74 (17%) / 1.77 (18%) / 1.99 (20%)
[2026-01-06T22:08:18.151+0800][0.733s][info][gc,mmu      ] GC(3) y: MMU: 2ms/98.9%, 5ms/99.5%, 10ms/99.8%, 20ms/99.9%, 50ms/100.0%, 100ms/100.0%
[2026-01-06T22:08:18.151+0800][0.733s][info][gc,marking  ] GC(3) y: Mark: 1 stripe(s), 2 proactive flush(es), 1 terminate flush(es), 0 completion(s), 0 continuation(s) 
[2026-01-06T22:08:18.151+0800][0.733s][info][gc,nmethod  ] GC(3) y: NMethods: 41 registered, 34 unregistered
[2026-01-06T22:08:18.151+0800][0.733s][info][gc,metaspace] GC(3) y: Metaspace: 0M used, 0M committed, 1088M reserved
[2026-01-06T22:08:18.151+0800][0.733s][info][gc,reloc    ] GC(3) y:                        Candidates     Selected     In-Place         Size        Empty    Relocated 
[2026-01-06T22:08:18.151+0800][0.733s][info][gc,reloc    ] GC(3) y: Small Pages:                 1743            1            0        3486M        3482M           0M 
[2026-01-06T22:08:18.151+0800][0.733s][info][gc,reloc    ] GC(3) y: Medium Pages:                   0            0            0           0M           0M           0M 
[2026-01-06T22:08:18.151+0800][0.733s][info][gc,reloc    ] GC(3) y: Large Pages:                    0            0            0           0M           0M           0M 
[2026-01-06T22:08:18.151+0800][0.733s][info][gc,reloc    ] GC(3) y: Forwarding Usage: 0M
[2026-01-06T22:08:18.151+0800][0.733s][info][gc,reloc    ] GC(3) y: Age Table:
[2026-01-06T22:08:18.151+0800][0.733s][info][gc,reloc    ] GC(3) y:                    Live             Garbage             Small              Medium             Large        
[2026-01-06T22:08:18.151+0800][0.733s][info][gc,reloc    ] GC(3) y: Eden               0M (0%)         3481M (85%)       1741 / 1              0 / 0              0 / 0        
[2026-01-06T22:08:18.151+0800][0.733s][info][gc,reloc    ] GC(3) y: Survivor 1         0M (0%)            3M (0%)           2 / 0              0 / 0              0 / 0        
[2026-01-06T22:08:18.151+0800][0.733s][info][gc,heap     ] GC(3) y: Min Capacity: 8M(0%)
[2026-01-06T22:08:18.151+0800][0.733s][info][gc,heap     ] GC(3) y: Max Capacity: 4096M(100%)
[2026-01-06T22:08:18.151+0800][0.733s][info][gc,heap     ] GC(3) y: Soft Max Capacity: 3686M(90%)
[2026-01-06T22:08:18.151+0800][0.733s][info][gc,heap     ] GC(3) y: Heap Statistics:
[2026-01-06T22:08:18.151+0800][0.733s][info][gc,heap     ] GC(3) y:                Mark Start          Mark End        Relocate Start      Relocate End           High               Low         
[2026-01-06T22:08:18.151+0800][0.733s][info][gc,heap     ] GC(3) y:  Capacity:     3488M (85%)        3490M (85%)        3490M (85%)        3490M (85%)        3490M (85%)        3488M (85%)    
[2026-01-06T22:08:18.151+0800][0.733s][info][gc,heap     ] GC(3) y:      Free:      608M (15%)         606M (15%)        4084M (100%)       4084M (100%)       4084M (100%)        606M (15%)    
[2026-01-06T22:08:18.151+0800][0.733s][info][gc,heap     ] GC(3) y:      Used:     3488M (85%)        3490M (85%)          12M (0%)           12M (0%)         3490M (85%)          12M (0%)     
[2026-01-06T22:08:18.151+0800][0.733s][info][gc,heap     ] GC(3) y: Young Generation Statistics:
[2026-01-06T22:08:18.151+0800][0.733s][info][gc,heap     ] GC(3) y:                Mark Start          Mark End        Relocate Start      Relocate End    
[2026-01-06T22:08:18.151+0800][0.733s][info][gc,heap     ] GC(3) y:      Used:     3486M (85%)        3488M (85%)          10M (0%)           10M (0%)     
[2026-01-06T22:08:18.151+0800][0.733s][info][gc,heap     ] GC(3) y:      Live:         -                 0M (0%)            0M (0%)            0M (0%)     
[2026-01-06T22:08:18.151+0800][0.733s][info][gc,heap     ] GC(3) y:   Garbage:         -              3485M (85%)           3M (0%)            0M (0%)     
[2026-01-06T22:08:18.151+0800][0.733s][info][gc,heap     ] GC(3) y: Allocated:         -                 2M (0%)            6M (0%)            9M (0%)     
[2026-01-06T22:08:18.151+0800][0.733s][info][gc,heap     ] GC(3) y: Reclaimed:         -                  -              3482M (85%)        3485M (85%)    
[2026-01-06T22:08:18.151+0800][0.733s][info][gc,heap     ] GC(3) y:  Promoted:         -                  -                 0M (0%)            0M (0%)     
[2026-01-06T22:08:18.151+0800][0.733s][info][gc,heap     ] GC(3) y: Compacted:         -                  -                  -                 0M (0%)     
[2026-01-06T22:08:18.151+0800][0.733s][info][gc,phases   ] GC(3) y: Young Generation 3486M(85%)->12M(0%) 0.003s
[2026-01-06T22:08:18.151+0800][0.733s][info][gc          ] GC(3) Minor Collection (High Usage) 3486M(85%)->14M(0%) 0.003s
[2026-01-06T22:08:18.387+0800][0.969s][info][gc          ] GC(4) Major Collection (Proactive)
[2026-01-06T22:08:18.387+0800][0.969s][info][gc,task     ] GC(4) Using 1 Workers for Young Generation
[2026-01-06T22:08:18.387+0800][0.969s][info][gc,task     ] GC(4) Using 1 Workers for Old Generation
[2026-01-06T22:08:18.387+0800][0.969s][info][gc,phases   ] GC(4) Y: Young Generation
[2026-01-06T22:08:18.387+0800][0.969s][info][gc,phases   ] GC(4) Y: Pause Mark Start (Major) 0.005ms
[2026-01-06T22:08:18.388+0800][0.969s][info][gc,phases   ] GC(4) Y: Concurrent Mark 0.186ms
[2026-01-06T22:08:18.388+0800][0.969s][info][gc,phases   ] GC(4) Y: Pause Mark End 0.003ms
[2026-01-06T22:08:18.388+0800][0.969s][info][gc,phases   ] GC(4) Y: Concurrent Mark Free 0.000ms
[2026-01-06T22:08:18.388+0800][0.969s][info][gc,phases   ] GC(4) Y: Concurrent Reset Relocation Set 0.000ms
[2026-01-06T22:08:18.388+0800][0.969s][info][gc,reloc    ] GC(4) Y: Using tenuring threshold: 3 (Computed)
[2026-01-06T22:08:18.388+0800][0.969s][info][gc,phases   ] GC(4) Y: Concurrent Select Relocation Set 0.183ms
[2026-01-06T22:08:18.388+0800][0.969s][info][gc,phases   ] GC(4) Y: Pause Relocate Start 0.001ms
[2026-01-06T22:08:18.388+0800][0.970s][info][gc,phases   ] GC(4) Y: Concurrent Relocate 0.025ms
[2026-01-06T22:08:18.388+0800][0.970s][info][gc,alloc    ] GC(4) Y:                         Mark Start        Mark End      Relocate Start    Relocate End   
[2026-01-06T22:08:18.388+0800][0.970s][info][gc,alloc    ] GC(4) Y: Allocation Stalls:          0                0                0                0         
[2026-01-06T22:08:18.388+0800][0.970s][info][gc,load     ] GC(4) Y: Load: 1.74 (17%) / 1.77 (18%) / 1.99 (20%)
[2026-01-06T22:08:18.388+0800][0.970s][info][gc,mmu      ] GC(4) Y: MMU: 2ms/98.9%, 5ms/99.5%, 10ms/99.8%, 20ms/99.9%, 50ms/100.0%, 100ms/100.0%
[2026-01-06T22:08:18.388+0800][0.970s][info][gc,marking  ] GC(4) Y: Mark: 1 stripe(s), 2 proactive flush(es), 1 terminate flush(es), 0 completion(s), 0 continuation(s) 
[2026-01-06T22:08:18.388+0800][0.970s][info][gc,nmethod  ] GC(4) Y: NMethods: 41 registered, 34 unregistered
[2026-01-06T22:08:18.388+0800][0.970s][info][gc,metaspace] GC(4) Y: Metaspace: 0M used, 0M committed, 1088M reserved
[2026-01-06T22:08:18.388+0800][0.970s][info][gc,reloc    ] GC(4) Y:                        Candidates     Selected     In-Place         Size        Empty    Relocated 
[2026-01-06T22:08:18.388+0800][0.970s][info][gc,reloc    ] GC(4) Y: Small Pages:                  946            1            0        1892M        1888M           0M 
[2026-01-06T22:08:18.388+0800][0.970s][info][gc,reloc    ] GC(4) Y: Medium Pages:                   0            0            0           0M           0M           0M 
[2026-01-06T22:08:18.388+0800][0.970s][info][gc,reloc    ] GC(4) Y: Large Pages:                    0            0            0           0M           0M           0M 
[2026-01-06T22:08:18.388+0800][0.970s][info][gc,reloc    ] GC(4) Y: Forwarding Usage: 0M
[2026-01-06T22:08:18.388+0800][0.970s][info][gc,reloc    ] GC(4) Y: Age Table:
[2026-01-06T22:08:18.388+0800][0.970s][info][gc,reloc    ] GC(4) Y:                    Live             Garbage             Small              Medium             Large        
[2026-01-06T22:08:18.388+0800][0.970s][info][gc,reloc    ] GC(4) Y: Eden               0M (0%)         1887M (46%)        944 / 1              0 / 0              0 / 0        
[2026-01-06T22:08:18.388+0800][0.970s][info][gc,reloc    ] GC(4) Y: Survivor 1          -                 2M (0%)           1 / 0              0 / 0              0 / 0        
[2026-01-06T22:08:18.388+0800][0.970s][info][gc,reloc    ] GC(4) Y: Survivor 2         0M (0%)            1M (0%)           1 / 0              0 / 0              0 / 0        
[2026-01-06T22:08:18.388+0800][0.970s][info][gc,heap     ] GC(4) Y: Min Capacity: 8M(0%)
[2026-01-06T22:08:18.388+0800][0.970s][info][gc,heap     ] GC(4) Y: Max Capacity: 4096M(100%)
[2026-01-06T22:08:18.388+0800][0.970s][info][gc,heap     ] GC(4) Y: Soft Max Capacity: 3686M(90%)
[2026-01-06T22:08:18.388+0800][0.970s][info][gc,heap     ] GC(4) Y: Heap Statistics:
[2026-01-06T22:08:18.388+0800][0.970s][info][gc,heap     ] GC(4) Y:                Mark Start          Mark End        Relocate Start      Relocate End           High               Low         
[2026-01-06T22:08:18.388+0800][0.970s][info][gc,heap     ] GC(4) Y:  Capacity:     3490M (85%)        3490M (85%)        3490M (85%)        3490M (85%)        3490M (85%)        3490M (85%)    
[2026-01-06T22:08:18.388+0800][0.970s][info][gc,heap     ] GC(4) Y:      Free:     2202M (54%)        2200M (54%)        4086M (100%)       4086M (100%)       4086M (100%)       2200M (54%)    
[2026-01-06T22:08:18.388+0800][0.970s][info][gc,heap     ] GC(4) Y:      Used:     1894M (46%)        1896M (46%)          10M (0%)           10M (0%)         1896M (46%)          10M (0%)     
[2026-01-06T22:08:18.388+0800][0.970s][info][gc,heap     ] GC(4) Y: Young Generation Statistics:
[2026-01-06T22:08:18.388+0800][0.970s][info][gc,heap     ] GC(4) Y:                Mark Start          Mark End        Relocate Start      Relocate End    
[2026-01-06T22:08:18.388+0800][0.970s][info][gc,heap     ] GC(4) Y:      Used:     1892M (46%)        1894M (46%)           8M (0%)            8M (0%)     
[2026-01-06T22:08:18.388+0800][0.970s][info][gc,heap     ] GC(4) Y:      Live:         -                 0M (0%)            0M (0%)            0M (0%)     
[2026-01-06T22:08:18.388+0800][0.970s][info][gc,heap     ] GC(4) Y:   Garbage:         -              1891M (46%)           3M (0%)            0M (0%)     
[2026-01-06T22:08:18.388+0800][0.970s][info][gc,heap     ] GC(4) Y: Allocated:         -                 2M (0%)            4M (0%)            7M (0%)     
[2026-01-06T22:08:18.388+0800][0.970s][info][gc,heap     ] GC(4) Y: Reclaimed:         -                  -              1888M (46%)        1891M (46%)    
[2026-01-06T22:08:18.388+0800][0.970s][info][gc,heap     ] GC(4) Y:  Promoted:         -                  -                 0M (0%)            0M (0%)     
[2026-01-06T22:08:18.388+0800][0.970s][info][gc,heap     ] GC(4) Y: Compacted:         -                  -                  -                 0M (0%)     
[2026-01-06T22:08:18.388+0800][0.970s][info][gc,phases   ] GC(4) Y: Young Generation 1894M(46%)->10M(0%) 0.001s
[2026-01-06T22:08:18.388+0800][0.970s][info][gc,phases   ] GC(4) O: Old Generation
[2026-01-06T22:08:18.389+0800][0.971s][info][gc,phases   ] GC(4) O: Concurrent Mark 1.059ms
[2026-01-06T22:08:18.389+0800][0.971s][info][gc,phases   ] GC(4) O: Pause Mark End 0.003ms
[2026-01-06T22:08:18.389+0800][0.971s][info][gc,phases   ] GC(4) O: Concurrent Mark Free 0.001ms
[2026-01-06T22:08:18.389+0800][0.971s][info][gc,phases   ] GC(4) O: Concurrent Process Non-Strong 0.123ms
[2026-01-06T22:08:18.389+0800][0.971s][info][gc,phases   ] GC(4) O: Concurrent Reset Relocation Set 0.000ms
[2026-01-06T22:08:18.389+0800][0.971s][info][gc,phases   ] GC(4) O: Concurrent Select Relocation Set 0.016ms
[2026-01-06T22:08:18.389+0800][0.971s][info][gc,task     ] GC(4) O: Using 2 Workers for Old Generation
[2026-01-06T22:08:18.389+0800][0.971s][info][gc,task     ] GC(4) O: Using 1 Workers for Old Generation
[2026-01-06T22:08:18.389+0800][0.971s][info][gc,phases   ] GC(4) O: Concurrent Remap Roots 0.046ms
[2026-01-06T22:08:18.389+0800][0.971s][info][gc,phases   ] GC(4) O: Pause Relocate Start 0.001ms
[2026-01-06T22:08:18.389+0800][0.971s][info][gc,phases   ] GC(4) O: Concurrent Relocate 0.006ms
[2026-01-06T22:08:18.390+0800][0.971s][info][gc,alloc    ] GC(4) O:                         Mark Start        Mark End      Relocate Start    Relocate End   
[2026-01-06T22:08:18.390+0800][0.971s][info][gc,alloc    ] GC(4) O: Allocation Stalls:          0                0                0                0         
[2026-01-06T22:08:18.390+0800][0.971s][info][gc,load     ] GC(4) O: Load: 1.74 (17%) / 1.77 (18%) / 1.99 (20%)
[2026-01-06T22:08:18.390+0800][0.971s][info][gc,mmu      ] GC(4) O: MMU: 2ms/98.9%, 5ms/99.5%, 10ms/99.8%, 20ms/99.9%, 50ms/100.0%, 100ms/100.0%
[2026-01-06T22:08:18.390+0800][0.971s][info][gc,marking  ] GC(4) O: Mark: 1 stripe(s), 2 proactive flush(es), 1 terminate flush(es), 0 completion(s), 0 continuation(s) 
[2026-01-06T22:08:18.390+0800][0.971s][info][gc,nmethod  ] GC(4) O: NMethods: 41 registered, 34 unregistered
[2026-01-06T22:08:18.390+0800][0.971s][info][gc,metaspace] GC(4) O: Metaspace: 0M used, 0M committed, 1088M reserved
[2026-01-06T22:08:18.390+0800][0.971s][info][gc,ref      ] GC(4) O:                       Encountered   Discovered     Enqueued 
[2026-01-06T22:08:18.390+0800][0.971s][info][gc,ref      ] GC(4) O: Soft References:                1            0            0 
[2026-01-06T22:08:18.390+0800][0.971s][info][gc,ref      ] GC(4) O: Weak References:                6            0            0 
[2026-01-06T22:08:18.390+0800][0.971s][info][gc,ref      ] GC(4) O: Final References:               0            0            0 
[2026-01-06T22:08:18.390+0800][0.971s][info][gc,ref      ] GC(4) O: Phantom References:             1            1            0 
[2026-01-06T22:08:18.390+0800][0.971s][info][gc,reloc    ] GC(4) O:                        Candidates     Selected     In-Place         Size        Empty    Relocated 
[2026-01-06T22:08:18.390+0800][0.971s][info][gc,reloc    ] GC(4) O: Small Pages:                    1            0            0           2M           0M           0M 
[2026-01-06T22:08:18.390+0800][0.971s][info][gc,reloc    ] GC(4) O: Medium Pages:                   0            0            0           0M           0M           0M 
[2026-01-06T22:08:18.390+0800][0.971s][info][gc,reloc    ] GC(4) O: Large Pages:                    0            0            0           0M           0M           0M 
[2026-01-06T22:08:18.390+0800][0.971s][info][gc,reloc    ] GC(4) O: Forwarding Usage: 0M
[2026-01-06T22:08:18.390+0800][0.971s][info][gc,heap     ] GC(4) O: Min Capacity: 8M(0%)
[2026-01-06T22:08:18.390+0800][0.971s][info][gc,heap     ] GC(4) O: Max Capacity: 4096M(100%)
[2026-01-06T22:08:18.390+0800][0.971s][info][gc,heap     ] GC(4) O: Soft Max Capacity: 3686M(90%)
[2026-01-06T22:08:18.390+0800][0.971s][info][gc,heap     ] GC(4) O: Heap Statistics:
[2026-01-06T22:08:18.390+0800][0.971s][info][gc,heap     ] GC(4) O:                Mark Start          Mark End        Relocate Start      Relocate End           High               Low         
[2026-01-06T22:08:18.390+0800][0.971s][info][gc,heap     ] GC(4) O:  Capacity:     3490M (85%)        3490M (85%)        3490M (85%)        3490M (85%)        3490M (85%)        3490M (85%)    
[2026-01-06T22:08:18.390+0800][0.971s][info][gc,heap     ] GC(4) O:      Free:     2202M (54%)        4060M (99%)        4058M (99%)        4058M (99%)        4086M (100%)       2200M (54%)    
[2026-01-06T22:08:18.390+0800][0.971s][info][gc,heap     ] GC(4) O:      Used:     1894M (46%)          36M (1%)           38M (1%)           38M (1%)         1896M (46%)          10M (0%)     
[2026-01-06T22:08:18.390+0800][0.971s][info][gc,heap     ] GC(4) O: Old Generation Statistics:
[2026-01-06T22:08:18.390+0800][0.971s][info][gc,heap     ] GC(4) O:                Mark Start          Mark End        Relocate Start      Relocate End    
[2026-01-06T22:08:18.390+0800][0.971s][info][gc,heap     ] GC(4) O:      Used:        2M (0%)            2M (0%)            2M (0%)            2M (0%)     
[2026-01-06T22:08:18.390+0800][0.971s][info][gc,heap     ] GC(4) O:      Live:         -                 1M (0%)            1M (0%)            1M (0%)     
[2026-01-06T22:08:18.390+0800][0.971s][info][gc,heap     ] GC(4) O:   Garbage:         -                 0M (0%)            0M (0%)            0M (0%)     
[2026-01-06T22:08:18.390+0800][0.971s][info][gc,heap     ] GC(4) O: Allocated:         -                 0M (0%)            0M (0%)            0M (0%)     
[2026-01-06T22:08:18.390+0800][0.971s][info][gc,heap     ] GC(4) O: Reclaimed:         -                  -                 0M (0%)            0M (0%)     
[2026-01-06T22:08:18.390+0800][0.971s][info][gc,heap     ] GC(4) O: Compacted:         -                  -                  -                 0M (0%)     
[2026-01-06T22:08:18.390+0800][0.971s][info][gc,phases   ] GC(4) O: Old Generation 14M(0%)->38M(1%) 0.001s
[2026-01-06T22:08:18.390+0800][0.971s][info][gc          ] GC(4) Major Collection (Proactive) 1894M(46%)->40M(1%) 0.002s
[2026-01-06T22:08:18.857+0800][1.438s][info][gc          ] GC(5) Major Collection (Proactive)
[2026-01-06T22:08:18.857+0800][1.438s][info][gc,task     ] GC(5) Using 1 Workers for Young Generation
[2026-01-06T22:08:18.857+0800][1.438s][info][gc,task     ] GC(5) Using 1 Workers for Old Generation
[2026-01-06T22:08:18.857+0800][1.438s][info][gc,phases   ] GC(5) Y: Young Generation
[2026-01-06T22:08:18.857+0800][1.439s][info][gc,phases   ] GC(5) Y: Pause Mark Start (Major) 0.024ms
[2026-01-06T22:08:18.857+0800][1.439s][info][gc,phases   ] GC(5) Y: Concurrent Mark 0.357ms
[2026-01-06T22:08:18.857+0800][1.439s][info][gc,phases   ] GC(5) Y: Pause Mark End 0.006ms
[2026-01-06T22:08:18.857+0800][1.439s][info][gc,phases   ] GC(5) Y: Concurrent Mark Free 0.003ms
[2026-01-06T22:08:18.857+0800][1.439s][info][gc,phases   ] GC(5) Y: Concurrent Reset Relocation Set 0.005ms
[2026-01-06T22:08:18.861+0800][1.442s][info][gc,reloc    ] GC(5) Y: Using tenuring threshold: 4 (Computed)
[2026-01-06T22:08:18.861+0800][1.442s][info][gc,phases   ] GC(5) Y: Concurrent Select Relocation Set 3.388ms
[2026-01-06T22:08:18.861+0800][1.442s][info][gc,phases   ] GC(5) Y: Pause Relocate Start 0.001ms
[2026-01-06T22:08:18.861+0800][1.442s][info][gc,phases   ] GC(5) Y: Concurrent Relocate 0.033ms
[2026-01-06T22:08:18.861+0800][1.442s][info][gc,alloc    ] GC(5) Y:                         Mark Start        Mark End      Relocate Start    Relocate End   
[2026-01-06T22:08:18.861+0800][1.442s][info][gc,alloc    ] GC(5) Y: Allocation Stalls:          0                0                0                0         
[2026-01-06T22:08:18.861+0800][1.442s][info][gc,load     ] GC(5) Y: Load: 1.74 (17%) / 1.77 (18%) / 1.99 (20%)
[2026-01-06T22:08:18.861+0800][1.442s][info][gc,mmu      ] GC(5) Y: MMU: 2ms/98.5%, 5ms/99.4%, 10ms/99.7%, 20ms/99.8%, 50ms/99.9%, 100ms/100.0%
[2026-01-06T22:08:18.861+0800][1.442s][info][gc,marking  ] GC(5) Y: Mark: 1 stripe(s), 2 proactive flush(es), 1 terminate flush(es), 0 completion(s), 0 continuation(s) 
[2026-01-06T22:08:18.861+0800][1.442s][info][gc,nmethod  ] GC(5) Y: NMethods: 41 registered, 34 unregistered
[2026-01-06T22:08:18.861+0800][1.442s][info][gc,metaspace] GC(5) Y: Metaspace: 0M used, 0M committed, 1088M reserved
[2026-01-06T22:08:18.861+0800][1.442s][info][gc,reloc    ] GC(5) Y:                        Candidates     Selected     In-Place         Size        Empty    Relocated 
[2026-01-06T22:08:18.861+0800][1.442s][info][gc,reloc    ] GC(5) Y: Small Pages:                 1652            1            0        3304M        3300M           0M 
[2026-01-06T22:08:18.861+0800][1.442s][info][gc,reloc    ] GC(5) Y: Medium Pages:                   0            0            0           0M           0M           0M 
[2026-01-06T22:08:18.861+0800][1.442s][info][gc,reloc    ] GC(5) Y: Large Pages:                    0            0            0           0M           0M           0M 
[2026-01-06T22:08:18.861+0800][1.442s][info][gc,reloc    ] GC(5) Y: Forwarding Usage: 0M
[2026-01-06T22:08:18.861+0800][1.442s][info][gc,reloc    ] GC(5) Y: Age Table:
[2026-01-06T22:08:18.861+0800][1.442s][info][gc,reloc    ] GC(5) Y:                    Live             Garbage             Small              Medium             Large        
[2026-01-06T22:08:18.861+0800][1.442s][info][gc,reloc    ] GC(5) Y: Eden               0M (0%)         3299M (81%)       1650 / 1              0 / 0              0 / 0        
[2026-01-06T22:08:18.861+0800][1.443s][info][gc,reloc    ] GC(5) Y: Survivor 1          -                 2M (0%)           1 / 0              0 / 0              0 / 0        
[2026-01-06T22:08:18.861+0800][1.443s][info][gc,reloc    ] GC(5) Y: Survivor 2          -                 0M (0%)           0 / 0              0 / 0              0 / 0        
[2026-01-06T22:08:18.861+0800][1.443s][info][gc,reloc    ] GC(5) Y: Survivor 3         0M (0%)            1M (0%)           1 / 0              0 / 0              0 / 0        
[2026-01-06T22:08:18.861+0800][1.443s][info][gc,heap     ] GC(5) Y: Min Capacity: 8M(0%)
[2026-01-06T22:08:18.861+0800][1.443s][info][gc,heap     ] GC(5) Y: Max Capacity: 4096M(100%)
[2026-01-06T22:08:18.861+0800][1.443s][info][gc,heap     ] GC(5) Y: Soft Max Capacity: 3686M(90%)
[2026-01-06T22:08:18.861+0800][1.443s][info][gc,heap     ] GC(5) Y: Heap Statistics:
[2026-01-06T22:08:18.861+0800][1.443s][info][gc,heap     ] GC(5) Y:                Mark Start          Mark End        Relocate Start      Relocate End           High               Low         
[2026-01-06T22:08:18.861+0800][1.443s][info][gc,heap     ] GC(5) Y:  Capacity:     3490M (85%)        3490M (85%)        3490M (85%)        3490M (85%)        3490M (85%)        3490M (85%)    
[2026-01-06T22:08:18.861+0800][1.443s][info][gc,heap     ] GC(5) Y:      Free:      790M (19%)         788M (19%)        4078M (100%)       4078M (100%)       4078M (100%)        786M (19%)    
[2026-01-06T22:08:18.861+0800][1.443s][info][gc,heap     ] GC(5) Y:      Used:     3306M (81%)        3308M (81%)          18M (0%)           18M (0%)         3310M (81%)          18M (0%)     
[2026-01-06T22:08:18.861+0800][1.443s][info][gc,heap     ] GC(5) Y: Young Generation Statistics:
[2026-01-06T22:08:18.861+0800][1.443s][info][gc,heap     ] GC(5) Y:                Mark Start          Mark End        Relocate Start      Relocate End    
[2026-01-06T22:08:18.861+0800][1.443s][info][gc,heap     ] GC(5) Y:      Used:     3304M (81%)        3306M (81%)          16M (0%)           16M (0%)     
[2026-01-06T22:08:18.861+0800][1.443s][info][gc,heap     ] GC(5) Y:      Live:         -                 0M (0%)            0M (0%)            0M (0%)     
[2026-01-06T22:08:18.861+0800][1.443s][info][gc,heap     ] GC(5) Y:   Garbage:         -              3303M (81%)           3M (0%)            0M (0%)     
[2026-01-06T22:08:18.861+0800][1.443s][info][gc,heap     ] GC(5) Y: Allocated:         -                 2M (0%)           12M (0%)           15M (0%)     
[2026-01-06T22:08:18.861+0800][1.443s][info][gc,heap     ] GC(5) Y: Reclaimed:         -                  -              3300M (81%)        3303M (81%)    
[2026-01-06T22:08:18.861+0800][1.443s][info][gc,heap     ] GC(5) Y:  Promoted:         -                  -                 0M (0%)            0M (0%)     
[2026-01-06T22:08:18.861+0800][1.443s][info][gc,heap     ] GC(5) Y: Compacted:         -                  -                  -                 0M (0%)     
[2026-01-06T22:08:18.861+0800][1.443s][info][gc,phases   ] GC(5) Y: Young Generation 3306M(81%)->18M(0%) 0.004s
[2026-01-06T22:08:18.861+0800][1.443s][info][gc,phases   ] GC(5) O: Old Generation
[2026-01-06T22:08:18.865+0800][1.447s][info][gc,phases   ] GC(5) O: Concurrent Mark 4.260ms
[2026-01-06T22:08:18.865+0800][1.447s][info][gc,phases   ] GC(5) O: Pause Mark End 0.005ms
[2026-01-06T22:08:18.865+0800][1.447s][info][gc,phases   ] GC(5) O: Concurrent Mark Free 0.001ms
[2026-01-06T22:08:18.866+0800][1.447s][info][gc,phases   ] GC(5) O: Concurrent Process Non-Strong 0.168ms
[2026-01-06T22:08:18.866+0800][1.447s][info][gc,phases   ] GC(5) O: Concurrent Reset Relocation Set 0.000ms
[2026-01-06T22:08:18.866+0800][1.447s][info][gc,phases   ] GC(5) O: Concurrent Select Relocation Set 0.024ms
[2026-01-06T22:08:18.866+0800][1.447s][info][gc,task     ] GC(5) O: Using 2 Workers for Old Generation
[2026-01-06T22:08:18.866+0800][1.447s][info][gc,task     ] GC(5) O: Using 1 Workers for Old Generation
[2026-01-06T22:08:18.866+0800][1.447s][info][gc,phases   ] GC(5) O: Concurrent Remap Roots 0.056ms
[2026-01-06T22:08:18.866+0800][1.447s][info][gc,phases   ] GC(5) O: Pause Relocate Start 0.002ms
[2026-01-06T22:08:18.866+0800][1.447s][info][gc,phases   ] GC(5) O: Concurrent Relocate 0.007ms
[2026-01-06T22:08:18.866+0800][1.447s][info][gc,alloc    ] GC(5) O:                         Mark Start        Mark End      Relocate Start    Relocate End   
[2026-01-06T22:08:18.866+0800][1.447s][info][gc,alloc    ] GC(5) O: Allocation Stalls:          0                0                0                0         
[2026-01-06T22:08:18.866+0800][1.447s][info][gc,load     ] GC(5) O: Load: 1.74 (17%) / 1.77 (18%) / 1.99 (20%)
[2026-01-06T22:08:18.866+0800][1.447s][info][gc,mmu      ] GC(5) O: MMU: 2ms/98.5%, 5ms/99.4%, 10ms/99.6%, 20ms/99.8%, 50ms/99.9%, 100ms/100.0%
[2026-01-06T22:08:18.866+0800][1.447s][info][gc,marking  ] GC(5) O: Mark: 1 stripe(s), 2 proactive flush(es), 1 terminate flush(es), 0 completion(s), 0 continuation(s) 
[2026-01-06T22:08:18.866+0800][1.447s][info][gc,nmethod  ] GC(5) O: NMethods: 41 registered, 34 unregistered
[2026-01-06T22:08:18.866+0800][1.447s][info][gc,metaspace] GC(5) O: Metaspace: 0M used, 0M committed, 1088M reserved
[2026-01-06T22:08:18.866+0800][1.447s][info][gc,ref      ] GC(5) O:                       Encountered   Discovered     Enqueued 
[2026-01-06T22:08:18.866+0800][1.447s][info][gc,ref      ] GC(5) O: Soft References:                1            0            0 
[2026-01-06T22:08:18.866+0800][1.447s][info][gc,ref      ] GC(5) O: Weak References:                6            0            0 
[2026-01-06T22:08:18.866+0800][1.447s][info][gc,ref      ] GC(5) O: Final References:               0            0            0 
[2026-01-06T22:08:18.866+0800][1.447s][info][gc,ref      ] GC(5) O: Phantom References:             1            1            0 
[2026-01-06T22:08:18.866+0800][1.447s][info][gc,reloc    ] GC(5) O:                        Candidates     Selected     In-Place         Size        Empty    Relocated 
[2026-01-06T22:08:18.866+0800][1.447s][info][gc,reloc    ] GC(5) O: Small Pages:                    1            0            0           2M           0M           0M 
[2026-01-06T22:08:18.866+0800][1.447s][info][gc,reloc    ] GC(5) O: Medium Pages:                   0            0            0           0M           0M           0M 
[2026-01-06T22:08:18.866+0800][1.447s][info][gc,reloc    ] GC(5) O: Large Pages:                    0            0            0           0M           0M           0M 
[2026-01-06T22:08:18.866+0800][1.447s][info][gc,reloc    ] GC(5) O: Forwarding Usage: 0M
[2026-01-06T22:08:18.866+0800][1.447s][info][gc,heap     ] GC(5) O: Min Capacity: 8M(0%)
[2026-01-06T22:08:18.866+0800][1.447s][info][gc,heap     ] GC(5) O: Max Capacity: 4096M(100%)
[2026-01-06T22:08:18.866+0800][1.447s][info][gc,heap     ] GC(5) O: Soft Max Capacity: 3686M(90%)
[2026-01-06T22:08:18.866+0800][1.447s][info][gc,heap     ] GC(5) O: Heap Statistics:
[2026-01-06T22:08:18.866+0800][1.447s][info][gc,heap     ] GC(5) O:                Mark Start          Mark End        Relocate Start      Relocate End           High               Low         
[2026-01-06T22:08:18.866+0800][1.447s][info][gc,heap     ] GC(5) O:  Capacity:     3490M (85%)        3490M (85%)        3490M (85%)        3490M (85%)        3490M (85%)        3490M (85%)    
[2026-01-06T22:08:18.866+0800][1.447s][info][gc,heap     ] GC(5) O:      Free:      790M (19%)        4066M (99%)        4066M (99%)        4066M (99%)        4078M (100%)        786M (19%)    
[2026-01-06T22:08:18.866+0800][1.447s][info][gc,heap     ] GC(5) O:      Used:     3306M (81%)          30M (1%)           30M (1%)           30M (1%)         3310M (81%)          18M (0%)     
[2026-01-06T22:08:18.866+0800][1.447s][info][gc,heap     ] GC(5) O: Old Generation Statistics:
[2026-01-06T22:08:18.866+0800][1.447s][info][gc,heap     ] GC(5) O:                Mark Start          Mark End        Relocate Start      Relocate End    
[2026-01-06T22:08:18.866+0800][1.447s][info][gc,heap     ] GC(5) O:      Used:        2M (0%)            2M (0%)            2M (0%)            2M (0%)     
[2026-01-06T22:08:18.866+0800][1.447s][info][gc,heap     ] GC(5) O:      Live:         -                 1M (0%)            1M (0%)            1M (0%)     
[2026-01-06T22:08:18.866+0800][1.447s][info][gc,heap     ] GC(5) O:   Garbage:         -                 0M (0%)            0M (0%)            0M (0%)     
[2026-01-06T22:08:18.866+0800][1.447s][info][gc,heap     ] GC(5) O: Allocated:         -                 0M (0%)            0M (0%)            0M (0%)     
[2026-01-06T22:08:18.866+0800][1.447s][info][gc,heap     ] GC(5) O: Reclaimed:         -                  -                 0M (0%)            0M (0%)     
[2026-01-06T22:08:18.866+0800][1.447s][info][gc,heap     ] GC(5) O: Compacted:         -                  -                  -                 0M (0%)     
[2026-01-06T22:08:18.866+0800][1.447s][info][gc,phases   ] GC(5) O: Old Generation 18M(0%)->30M(1%) 0.005s
[2026-01-06T22:08:18.866+0800][1.447s][info][gc          ] GC(5) Major Collection (Proactive) 3306M(81%)->32M(1%) 0.009s
[2026-01-06T22:08:19.734+0800][2.316s][info][gc          ] GC(6) Major Collection (Proactive)
[2026-01-06T22:08:19.734+0800][2.316s][info][gc,task     ] GC(6) Using 1 Workers for Young Generation
[2026-01-06T22:08:19.734+0800][2.316s][info][gc,task     ] GC(6) Using 1 Workers for Old Generation
[2026-01-06T22:08:19.734+0800][2.316s][info][gc,phases   ] GC(6) Y: Young Generation
[2026-01-06T22:08:19.735+0800][2.316s][info][gc,phases   ] GC(6) Y: Pause Mark Start (Major) 0.017ms
[2026-01-06T22:08:19.735+0800][2.316s][info][gc,phases   ] GC(6) Y: Concurrent Mark 0.425ms
[2026-01-06T22:08:19.735+0800][2.316s][info][gc,phases   ] GC(6) Y: Pause Mark End 0.004ms
[2026-01-06T22:08:19.735+0800][2.317s][info][gc,phases   ] GC(6) Y: Concurrent Mark Free 0.007ms
[2026-01-06T22:08:19.735+0800][2.317s][info][gc,phases   ] GC(6) Y: Concurrent Reset Relocation Set 0.005ms
[2026-01-06T22:08:19.744+0800][2.325s][info][gc,reloc    ] GC(6) Y: Using tenuring threshold: 5 (Computed)
[2026-01-06T22:08:19.744+0800][2.325s][info][gc,phases   ] GC(6) Y: Concurrent Select Relocation Set 8.944ms
[2026-01-06T22:08:19.744+0800][2.326s][info][gc,phases   ] GC(6) Y: Pause Relocate Start 0.003ms
[2026-01-06T22:08:19.744+0800][2.326s][info][gc,phases   ] GC(6) Y: Concurrent Relocate 0.043ms
[2026-01-06T22:08:19.744+0800][2.326s][info][gc,alloc    ] GC(6) Y:                         Mark Start        Mark End      Relocate Start    Relocate End   
[2026-01-06T22:08:19.744+0800][2.326s][info][gc,alloc    ] GC(6) Y: Allocation Stalls:          0                0                0                0         
[2026-01-06T22:08:19.744+0800][2.326s][info][gc,load     ] GC(6) Y: Load: 1.74 (17%) / 1.77 (18%) / 1.99 (20%)
[2026-01-06T22:08:19.744+0800][2.326s][info][gc,mmu      ] GC(6) Y: MMU: 2ms/98.5%, 5ms/99.4%, 10ms/99.6%, 20ms/99.8%, 50ms/99.9%, 100ms/100.0%
[2026-01-06T22:08:19.744+0800][2.326s][info][gc,marking  ] GC(6) Y: Mark: 1 stripe(s), 2 proactive flush(es), 1 terminate flush(es), 0 completion(s), 0 continuation(s) 
[2026-01-06T22:08:19.744+0800][2.326s][info][gc,nmethod  ] GC(6) Y: NMethods: 41 registered, 34 unregistered
[2026-01-06T22:08:19.744+0800][2.326s][info][gc,metaspace] GC(6) Y: Metaspace: 0M used, 0M committed, 1088M reserved
[2026-01-06T22:08:19.744+0800][2.326s][info][gc,reloc    ] GC(6) Y:                        Candidates     Selected     In-Place         Size        Empty    Relocated 
[2026-01-06T22:08:19.744+0800][2.326s][info][gc,reloc    ] GC(6) Y: Small Pages:                 1561            1            0        3122M        3118M           0M 
[2026-01-06T22:08:19.744+0800][2.326s][info][gc,reloc    ] GC(6) Y: Medium Pages:                   0            0            0           0M           0M           0M 
[2026-01-06T22:08:19.744+0800][2.326s][info][gc,reloc    ] GC(6) Y: Large Pages:                    0            0            0           0M           0M           0M 
[2026-01-06T22:08:19.744+0800][2.326s][info][gc,reloc    ] GC(6) Y: Forwarding Usage: 0M
[2026-01-06T22:08:19.744+0800][2.326s][info][gc,reloc    ] GC(6) Y: Age Table:
[2026-01-06T22:08:19.744+0800][2.326s][info][gc,reloc    ] GC(6) Y:                    Live             Garbage             Small              Medium             Large        
[2026-01-06T22:08:19.744+0800][2.326s][info][gc,reloc    ] GC(6) Y: Eden               0M (0%)         3117M (76%)       1559 / 1              0 / 0              0 / 0        
[2026-01-06T22:08:19.744+0800][2.326s][info][gc,reloc    ] GC(6) Y: Survivor 1          -                 2M (0%)           1 / 0              0 / 0              0 / 0        
[2026-01-06T22:08:19.744+0800][2.326s][info][gc,reloc    ] GC(6) Y: Survivor 2          -                 0M (0%)           0 / 0              0 / 0              0 / 0        
[2026-01-06T22:08:19.744+0800][2.326s][info][gc,reloc    ] GC(6) Y: Survivor 3          -                 0M (0%)           0 / 0              0 / 0              0 / 0        
[2026-01-06T22:08:19.744+0800][2.326s][info][gc,reloc    ] GC(6) Y: Survivor 4         0M (0%)            1M (0%)           1 / 0              0 / 0              0 / 0        
[2026-01-06T22:08:19.744+0800][2.326s][info][gc,heap     ] GC(6) Y: Min Capacity: 8M(0%)
[2026-01-06T22:08:19.744+0800][2.326s][info][gc,heap     ] GC(6) Y: Max Capacity: 4096M(100%)
[2026-01-06T22:08:19.744+0800][2.326s][info][gc,heap     ] GC(6) Y: Soft Max Capacity: 3686M(90%)
[2026-01-06T22:08:19.744+0800][2.326s][info][gc,heap     ] GC(6) Y: Heap Statistics:
[2026-01-06T22:08:19.744+0800][2.326s][info][gc,heap     ] GC(6) Y:                Mark Start          Mark End        Relocate Start      Relocate End           High               Low         
[2026-01-06T22:08:19.744+0800][2.326s][info][gc,heap     ] GC(6) Y:  Capacity:     3490M (85%)        3490M (85%)        3490M (85%)        3490M (85%)        3490M (85%)        3490M (85%)    
[2026-01-06T22:08:19.744+0800][2.326s][info][gc,heap     ] GC(6) Y:      Free:      972M (24%)         970M (24%)        4072M (99%)        4072M (99%)        4074M (99%)         968M (24%)    
[2026-01-06T22:08:19.744+0800][2.326s][info][gc,heap     ] GC(6) Y:      Used:     3124M (76%)        3126M (76%)          24M (1%)           24M (1%)         3128M (76%)          22M (1%)     
[2026-01-06T22:08:19.744+0800][2.326s][info][gc,heap     ] GC(6) Y: Young Generation Statistics:
[2026-01-06T22:08:19.744+0800][2.326s][info][gc,heap     ] GC(6) Y:                Mark Start          Mark End        Relocate Start      Relocate End    
[2026-01-06T22:08:19.744+0800][2.326s][info][gc,heap     ] GC(6) Y:      Used:     3122M (76%)        3124M (76%)          22M (1%)           22M (1%)     
[2026-01-06T22:08:19.744+0800][2.326s][info][gc,heap     ] GC(6) Y:      Live:         -                 0M (0%)            0M (0%)            0M (0%)     
[2026-01-06T22:08:19.744+0800][2.326s][info][gc,heap     ] GC(6) Y:   Garbage:         -              3121M (76%)           3M (0%)            0M (0%)     
[2026-01-06T22:08:19.744+0800][2.326s][info][gc,heap     ] GC(6) Y: Allocated:         -                 2M (0%)           18M (0%)           21M (1%)     
[2026-01-06T22:08:19.744+0800][2.326s][info][gc,heap     ] GC(6) Y: Reclaimed:         -                  -              3118M (76%)        3121M (76%)    
[2026-01-06T22:08:19.744+0800][2.326s][info][gc,heap     ] GC(6) Y:  Promoted:         -                  -                 0M (0%)            0M (0%)     
[2026-01-06T22:08:19.744+0800][2.326s][info][gc,heap     ] GC(6) Y: Compacted:         -                  -                  -                 0M (0%)     
[2026-01-06T22:08:19.744+0800][2.326s][info][gc,phases   ] GC(6) Y: Young Generation 3124M(76%)->24M(1%) 0.010s
[2026-01-06T22:08:19.744+0800][2.326s][info][gc,phases   ] GC(6) O: Old Generation
[2026-01-06T22:08:19.749+0800][2.330s][info][gc,phases   ] GC(6) O: Concurrent Mark 4.523ms
[2026-01-06T22:08:19.749+0800][2.330s][info][gc,phases   ] GC(6) O: Pause Mark End 0.005ms
[2026-01-06T22:08:19.749+0800][2.330s][info][gc,phases   ] GC(6) O: Concurrent Mark Free 0.001ms
[2026-01-06T22:08:19.749+0800][2.330s][info][gc,phases   ] GC(6) O: Concurrent Process Non-Strong 0.161ms
[2026-01-06T22:08:19.749+0800][2.330s][info][gc,phases   ] GC(6) O: Concurrent Reset Relocation Set 0.000ms
[2026-01-06T22:08:19.749+0800][2.331s][info][gc,phases   ] GC(6) O: Concurrent Select Relocation Set 0.029ms
[2026-01-06T22:08:19.749+0800][2.331s][info][gc,task     ] GC(6) O: Using 2 Workers for Old Generation
[2026-01-06T22:08:19.749+0800][2.331s][info][gc,task     ] GC(6) O: Using 1 Workers for Old Generation
[2026-01-06T22:08:19.749+0800][2.331s][info][gc,phases   ] GC(6) O: Concurrent Remap Roots 0.048ms
[2026-01-06T22:08:19.749+0800][2.331s][info][gc,phases   ] GC(6) O: Pause Relocate Start 0.002ms
[2026-01-06T22:08:19.749+0800][2.331s][info][gc,phases   ] GC(6) O: Concurrent Relocate 0.006ms
[2026-01-06T22:08:19.749+0800][2.331s][info][gc,alloc    ] GC(6) O:                         Mark Start        Mark End      Relocate Start    Relocate End   
[2026-01-06T22:08:19.749+0800][2.331s][info][gc,alloc    ] GC(6) O: Allocation Stalls:          0                0                0                0         
[2026-01-06T22:08:19.749+0800][2.331s][info][gc,load     ] GC(6) O: Load: 1.74 (17%) / 1.77 (18%) / 1.99 (20%)
[2026-01-06T22:08:19.749+0800][2.331s][info][gc,mmu      ] GC(6) O: MMU: 2ms/98.5%, 5ms/99.4%, 10ms/99.6%, 20ms/99.8%, 50ms/99.9%, 100ms/100.0%
[2026-01-06T22:08:19.749+0800][2.331s][info][gc,marking  ] GC(6) O: Mark: 1 stripe(s), 2 proactive flush(es), 1 terminate flush(es), 0 completion(s), 0 continuation(s) 
[2026-01-06T22:08:19.749+0800][2.331s][info][gc,nmethod  ] GC(6) O: NMethods: 41 registered, 34 unregistered
[2026-01-06T22:08:19.749+0800][2.331s][info][gc,metaspace] GC(6) O: Metaspace: 0M used, 0M committed, 1088M reserved
[2026-01-06T22:08:19.749+0800][2.331s][info][gc,ref      ] GC(6) O:                       Encountered   Discovered     Enqueued 
[2026-01-06T22:08:19.749+0800][2.331s][info][gc,ref      ] GC(6) O: Soft References:                1            0            0 
[2026-01-06T22:08:19.749+0800][2.331s][info][gc,ref      ] GC(6) O: Weak References:                6            0            0 
[2026-01-06T22:08:19.749+0800][2.331s][info][gc,ref      ] GC(6) O: Final References:               0            0            0 
[2026-01-06T22:08:19.749+0800][2.331s][info][gc,ref      ] GC(6) O: Phantom References:             1            1            0 
[2026-01-06T22:08:19.749+0800][2.331s][info][gc,reloc    ] GC(6) O:                        Candidates     Selected     In-Place         Size        Empty    Relocated 
[2026-01-06T22:08:19.749+0800][2.331s][info][gc,reloc    ] GC(6) O: Small Pages:                    1            0            0           2M           0M           0M 
[2026-01-06T22:08:19.749+0800][2.331s][info][gc,reloc    ] GC(6) O: Medium Pages:                   0            0            0           0M           0M           0M 
[2026-01-06T22:08:19.749+0800][2.331s][info][gc,reloc    ] GC(6) O: Large Pages:                    0            0            0           0M           0M           0M 
[2026-01-06T22:08:19.749+0800][2.331s][info][gc,reloc    ] GC(6) O: Forwarding Usage: 0M
[2026-01-06T22:08:19.749+0800][2.331s][info][gc,heap     ] GC(6) O: Min Capacity: 8M(0%)
[2026-01-06T22:08:19.749+0800][2.331s][info][gc,heap     ] GC(6) O: Max Capacity: 4096M(100%)
[2026-01-06T22:08:19.749+0800][2.331s][info][gc,heap     ] GC(6) O: Soft Max Capacity: 3686M(90%)
[2026-01-06T22:08:19.749+0800][2.331s][info][gc,heap     ] GC(6) O: Heap Statistics:
[2026-01-06T22:08:19.749+0800][2.331s][info][gc,heap     ] GC(6) O:                Mark Start          Mark End        Relocate Start      Relocate End           High               Low         
[2026-01-06T22:08:19.749+0800][2.331s][info][gc,heap     ] GC(6) O:  Capacity:     3490M (85%)        3490M (85%)        3490M (85%)        3490M (85%)        3490M (85%)        3490M (85%)    
[2026-01-06T22:08:19.749+0800][2.331s][info][gc,heap     ] GC(6) O:      Free:      972M (24%)        4060M (99%)        4058M (99%)        4058M (99%)        4074M (99%)         968M (24%)    
[2026-01-06T22:08:19.749+0800][2.331s][info][gc,heap     ] GC(6) O:      Used:     3124M (76%)          36M (1%)           38M (1%)           38M (1%)         3128M (76%)          22M (1%)     
[2026-01-06T22:08:19.749+0800][2.331s][info][gc,heap     ] GC(6) O: Old Generation Statistics:
[2026-01-06T22:08:19.749+0800][2.331s][info][gc,heap     ] GC(6) O:                Mark Start          Mark End        Relocate Start      Relocate End    
[2026-01-06T22:08:19.749+0800][2.331s][info][gc,heap     ] GC(6) O:      Used:        2M (0%)            2M (0%)            2M (0%)            2M (0%)     
[2026-01-06T22:08:19.749+0800][2.331s][info][gc,heap     ] GC(6) O:      Live:         -                 1M (0%)            1M (0%)            1M (0%)     
[2026-01-06T22:08:19.749+0800][2.331s][info][gc,heap     ] GC(6) O:   Garbage:         -                 0M (0%)            0M (0%)            0M (0%)     
[2026-01-06T22:08:19.749+0800][2.331s][info][gc,heap     ] GC(6) O: Allocated:         -                 0M (0%)            0M (0%)            0M (0%)     
[2026-01-06T22:08:19.749+0800][2.331s][info][gc,heap     ] GC(6) O: Reclaimed:         -                  -                 0M (0%)            0M (0%)     
[2026-01-06T22:08:19.749+0800][2.331s][info][gc,heap     ] GC(6) O: Compacted:         -                  -                  -                 0M (0%)     
[2026-01-06T22:08:19.749+0800][2.331s][info][gc,phases   ] GC(6) O: Old Generation 24M(1%)->38M(1%) 0.005s
[2026-01-06T22:08:19.749+0800][2.331s][info][gc          ] GC(6) Major Collection (Proactive) 3122M(76%)->38M(1%) 0.015s
[2026-01-06T22:08:20.904+0800][3.486s][info][gc          ] GC(7) Minor Collection (High Usage)
[2026-01-06T22:08:20.904+0800][3.486s][info][gc,task     ] GC(7) Using 1 Workers for Young Generation
[2026-01-06T22:08:20.904+0800][3.486s][info][gc,phases   ] GC(7) y: Young Generation
[2026-01-06T22:08:20.904+0800][3.486s][info][gc,phases   ] GC(7) y: Pause Mark Start 0.012ms
[2026-01-06T22:08:20.905+0800][3.486s][info][gc,phases   ] GC(7) y: Concurrent Mark 0.370ms
[2026-01-06T22:08:20.905+0800][3.486s][info][gc,phases   ] GC(7) y: Pause Mark End 0.004ms
[2026-01-06T22:08:20.905+0800][3.486s][info][gc,phases   ] GC(7) y: Concurrent Mark Free 0.004ms
[2026-01-06T22:08:20.905+0800][3.486s][info][gc,phases   ] GC(7) y: Concurrent Reset Relocation Set 0.011ms
[2026-01-06T22:08:20.911+0800][3.493s][info][gc,reloc    ] GC(7) y: Using tenuring threshold: 6 (Computed)
[2026-01-06T22:08:20.911+0800][3.493s][info][gc,phases   ] GC(7) y: Concurrent Select Relocation Set 6.318ms
[2026-01-06T22:08:20.911+0800][3.493s][info][gc,phases   ] GC(7) y: Pause Relocate Start 0.001ms
[2026-01-06T22:08:20.911+0800][3.493s][info][gc,phases   ] GC(7) y: Concurrent Relocate 0.034ms
[2026-01-06T22:08:20.911+0800][3.493s][info][gc,alloc    ] GC(7) y:                         Mark Start        Mark End      Relocate Start    Relocate End   
[2026-01-06T22:08:20.911+0800][3.493s][info][gc,alloc    ] GC(7) y: Allocation Stalls:          0                0                0                0         
[2026-01-06T22:08:20.911+0800][3.493s][info][gc,load     ] GC(7) y: Load: 1.74 (17%) / 1.77 (18%) / 1.99 (20%)
[2026-01-06T22:08:20.911+0800][3.493s][info][gc,mmu      ] GC(7) y: MMU: 2ms/98.5%, 5ms/99.4%, 10ms/99.6%, 20ms/99.8%, 50ms/99.9%, 100ms/100.0%
[2026-01-06T22:08:20.911+0800][3.493s][info][gc,marking  ] GC(7) y: Mark: 1 stripe(s), 2 proactive flush(es), 1 terminate flush(es), 0 completion(s), 0 continuation(s) 
[2026-01-06T22:08:20.911+0800][3.493s][info][gc,nmethod  ] GC(7) y: NMethods: 41 registered, 34 unregistered
[2026-01-06T22:08:20.911+0800][3.493s][info][gc,metaspace] GC(7) y: Metaspace: 0M used, 0M committed, 1088M reserved
[2026-01-06T22:08:20.911+0800][3.493s][info][gc,reloc    ] GC(7) y:                        Candidates     Selected     In-Place         Size        Empty    Relocated 
[2026-01-06T22:08:20.911+0800][3.493s][info][gc,reloc    ] GC(7) y: Small Pages:                 1743            1            0        3486M        3482M           0M 
[2026-01-06T22:08:20.911+0800][3.493s][info][gc,reloc    ] GC(7) y: Medium Pages:                   0            0            0           0M           0M           0M 
[2026-01-06T22:08:20.911+0800][3.493s][info][gc,reloc    ] GC(7) y: Large Pages:                    0            0            0           0M           0M           0M 
[2026-01-06T22:08:20.911+0800][3.493s][info][gc,reloc    ] GC(7) y: Forwarding Usage: 0M
[2026-01-06T22:08:20.911+0800][3.493s][info][gc,reloc    ] GC(7) y: Age Table:
[2026-01-06T22:08:20.911+0800][3.493s][info][gc,reloc    ] GC(7) y:                    Live             Garbage             Small              Medium             Large        
[2026-01-06T22:08:20.911+0800][3.493s][info][gc,reloc    ] GC(7) y: Eden               0M (0%)         3481M (85%)       1741 / 1              0 / 0              0 / 0        
[2026-01-06T22:08:20.911+0800][3.493s][info][gc,reloc    ] GC(7) y: Survivor 1          -                 2M (0%)           1 / 0              0 / 0              0 / 0        
[2026-01-06T22:08:20.911+0800][3.493s][info][gc,reloc    ] GC(7) y: Survivor 2          -                 0M (0%)           0 / 0              0 / 0              0 / 0        
[2026-01-06T22:08:20.911+0800][3.493s][info][gc,reloc    ] GC(7) y: Survivor 3          -                 0M (0%)           0 / 0              0 / 0              0 / 0        
[2026-01-06T22:08:20.911+0800][3.493s][info][gc,reloc    ] GC(7) y: Survivor 4          -                 0M (0%)           0 / 0              0 / 0              0 / 0        
[2026-01-06T22:08:20.911+0800][3.493s][info][gc,reloc    ] GC(7) y: Survivor 5         0M (0%)            1M (0%)           1 / 0              0 / 0              0 / 0        
[2026-01-06T22:08:20.911+0800][3.493s][info][gc,heap     ] GC(7) y: Min Capacity: 8M(0%)
[2026-01-06T22:08:20.911+0800][3.493s][info][gc,heap     ] GC(7) y: Max Capacity: 4096M(100%)
[2026-01-06T22:08:20.911+0800][3.493s][info][gc,heap     ] GC(7) y: Soft Max Capacity: 3686M(90%)
[2026-01-06T22:08:20.911+0800][3.493s][info][gc,heap     ] GC(7) y: Heap Statistics:
[2026-01-06T22:08:20.911+0800][3.493s][info][gc,heap     ] GC(7) y:                Mark Start          Mark End        Relocate Start      Relocate End           High               Low         
[2026-01-06T22:08:20.911+0800][3.493s][info][gc,heap     ] GC(7) y:  Capacity:     3490M (85%)        3492M (85%)        3492M (85%)        3492M (85%)        3492M (85%)        3490M (85%)    
[2026-01-06T22:08:20.911+0800][3.493s][info][gc,heap     ] GC(7) y:      Free:      608M (15%)         604M (15%)        4078M (100%)       4078M (100%)       4078M (100%)        604M (15%)    
[2026-01-06T22:08:20.911+0800][3.493s][info][gc,heap     ] GC(7) y:      Used:     3488M (85%)        3492M (85%)          18M (0%)           18M (0%)         3492M (85%)          18M (0%)     
[2026-01-06T22:08:20.911+0800][3.493s][info][gc,heap     ] GC(7) y: Young Generation Statistics:
[2026-01-06T22:08:20.911+0800][3.493s][info][gc,heap     ] GC(7) y:                Mark Start          Mark End        Relocate Start      Relocate End    
[2026-01-06T22:08:20.911+0800][3.493s][info][gc,heap     ] GC(7) y:      Used:     3486M (85%)        3490M (85%)          16M (0%)           16M (0%)     
[2026-01-06T22:08:20.911+0800][3.493s][info][gc,heap     ] GC(7) y:      Live:         -                 0M (0%)            0M (0%)            0M (0%)     
[2026-01-06T22:08:20.911+0800][3.493s][info][gc,heap     ] GC(7) y:   Garbage:         -              3485M (85%)           3M (0%)            0M (0%)     
[2026-01-06T22:08:20.911+0800][3.493s][info][gc,heap     ] GC(7) y: Allocated:         -                 4M (0%)           12M (0%)           15M (0%)     
[2026-01-06T22:08:20.911+0800][3.493s][info][gc,heap     ] GC(7) y: Reclaimed:         -                  -              3482M (85%)        3485M (85%)    
[2026-01-06T22:08:20.911+0800][3.493s][info][gc,heap     ] GC(7) y:  Promoted:         -                  -                 0M (0%)            0M (0%)     
[2026-01-06T22:08:20.911+0800][3.493s][info][gc,heap     ] GC(7) y: Compacted:         -                  -                  -                 0M (0%)     
[2026-01-06T22:08:20.911+0800][3.493s][info][gc,phases   ] GC(7) y: Young Generation 3488M(85%)->18M(0%) 0.007s
[2026-01-06T22:08:20.911+0800][3.493s][info][gc          ] GC(7) Minor Collection (High Usage) 3488M(85%)->18M(0%) 0.007s
[2026-01-06T22:08:21.052+0800][3.633s][info][gc          ] GC(8) Major Collection (Proactive)
[2026-01-06T22:08:21.052+0800][3.633s][info][gc,task     ] GC(8) Using 1 Workers for Young Generation
[2026-01-06T22:08:21.052+0800][3.633s][info][gc,task     ] GC(8) Using 1 Workers for Old Generation
[2026-01-06T22:08:21.052+0800][3.633s][info][gc,phases   ] GC(8) Y: Young Generation
[2026-01-06T22:08:21.052+0800][3.634s][info][gc,phases   ] GC(8) Y: Pause Mark Start (Major) 0.005ms
[2026-01-06T22:08:21.052+0800][3.634s][info][gc,phases   ] GC(8) Y: Concurrent Mark 0.181ms
[2026-01-06T22:08:21.052+0800][3.634s][info][gc,phases   ] GC(8) Y: Pause Mark End 0.003ms
[2026-01-06T22:08:21.052+0800][3.634s][info][gc,phases   ] GC(8) Y: Concurrent Mark Free 0.000ms
[2026-01-06T22:08:21.052+0800][3.634s][info][gc,phases   ] GC(8) Y: Concurrent Reset Relocation Set 0.000ms
[2026-01-06T22:08:21.052+0800][3.634s][info][gc,reloc    ] GC(8) Y: Using tenuring threshold: 7 (Computed)
[2026-01-06T22:08:21.052+0800][3.634s][info][gc,phases   ] GC(8) Y: Concurrent Select Relocation Set 0.071ms
[2026-01-06T22:08:21.052+0800][3.634s][info][gc,phases   ] GC(8) Y: Pause Relocate Start 0.001ms
[2026-01-06T22:08:21.052+0800][3.634s][info][gc,phases   ] GC(8) Y: Concurrent Relocate 0.024ms
[2026-01-06T22:08:21.052+0800][3.634s][info][gc,alloc    ] GC(8) Y:                         Mark Start        Mark End      Relocate Start    Relocate End   
[2026-01-06T22:08:21.052+0800][3.634s][info][gc,alloc    ] GC(8) Y: Allocation Stalls:          0                0                0                0         
[2026-01-06T22:08:21.052+0800][3.634s][info][gc,load     ] GC(8) Y: Load: 1.74 (17%) / 1.77 (18%) / 1.99 (20%)
[2026-01-06T22:08:21.052+0800][3.634s][info][gc,mmu      ] GC(8) Y: MMU: 2ms/98.5%, 5ms/99.4%, 10ms/99.6%, 20ms/99.8%, 50ms/99.9%, 100ms/100.0%
[2026-01-06T22:08:21.052+0800][3.634s][info][gc,marking  ] GC(8) Y: Mark: 1 stripe(s), 2 proactive flush(es), 1 terminate flush(es), 0 completion(s), 0 continuation(s) 
[2026-01-06T22:08:21.052+0800][3.634s][info][gc,nmethod  ] GC(8) Y: NMethods: 41 registered, 34 unregistered
[2026-01-06T22:08:21.052+0800][3.634s][info][gc,metaspace] GC(8) Y: Metaspace: 0M used, 0M committed, 1088M reserved
[2026-01-06T22:08:21.052+0800][3.634s][info][gc,reloc    ] GC(8) Y:                        Candidates     Selected     In-Place         Size        Empty    Relocated 
[2026-01-06T22:08:21.052+0800][3.634s][info][gc,reloc    ] GC(8) Y: Small Pages:                  212            1            0         424M         420M           0M 
[2026-01-06T22:08:21.052+0800][3.634s][info][gc,reloc    ] GC(8) Y: Medium Pages:                   0            0            0           0M           0M           0M 
[2026-01-06T22:08:21.052+0800][3.634s][info][gc,reloc    ] GC(8) Y: Large Pages:                    0            0            0           0M           0M           0M 
[2026-01-06T22:08:21.052+0800][3.634s][info][gc,reloc    ] GC(8) Y: Forwarding Usage: 0M
[2026-01-06T22:08:21.052+0800][3.634s][info][gc,reloc    ] GC(8) Y: Age Table:
[2026-01-06T22:08:21.052+0800][3.634s][info][gc,reloc    ] GC(8) Y:                    Live             Garbage             Small              Medium             Large        
[2026-01-06T22:08:21.052+0800][3.634s][info][gc,reloc    ] GC(8) Y: Eden               0M (0%)          419M (10%)        210 / 1              0 / 0              0 / 0        
[2026-01-06T22:08:21.052+0800][3.634s][info][gc,reloc    ] GC(8) Y: Survivor 1          -                 2M (0%)           1 / 0              0 / 0              0 / 0        
[2026-01-06T22:08:21.052+0800][3.634s][info][gc,reloc    ] GC(8) Y: Survivor 2          -                 0M (0%)           0 / 0              0 / 0              0 / 0        
[2026-01-06T22:08:21.052+0800][3.634s][info][gc,reloc    ] GC(8) Y: Survivor 3          -                 0M (0%)           0 / 0              0 / 0              0 / 0        
[2026-01-06T22:08:21.052+0800][3.634s][info][gc,reloc    ] GC(8) Y: Survivor 4          -                 0M (0%)           0 / 0              0 / 0              0 / 0        
[2026-01-06T22:08:21.052+0800][3.634s][info][gc,reloc    ] GC(8) Y: Survivor 5          -                 0M (0%)           0 / 0              0 / 0              0 / 0        
[2026-01-06T22:08:21.052+0800][3.634s][info][gc,reloc    ] GC(8) Y: Survivor 6         0M (0%)            1M (0%)           1 / 0              0 / 0              0 / 0        
[2026-01-06T22:08:21.052+0800][3.634s][info][gc,heap     ] GC(8) Y: Min Capacity: 8M(0%)
[2026-01-06T22:08:21.052+0800][3.634s][info][gc,heap     ] GC(8) Y: Max Capacity: 4096M(100%)
[2026-01-06T22:08:21.052+0800][3.634s][info][gc,heap     ] GC(8) Y: Soft Max Capacity: 3686M(90%)
[2026-01-06T22:08:21.052+0800][3.634s][info][gc,heap     ] GC(8) Y: Heap Statistics:
[2026-01-06T22:08:21.053+0800][3.634s][info][gc,heap     ] GC(8) Y:                Mark Start          Mark End        Relocate Start      Relocate End           High               Low         
[2026-01-06T22:08:21.053+0800][3.634s][info][gc,heap     ] GC(8) Y:  Capacity:     3492M (85%)        3492M (85%)        3492M (85%)        3492M (85%)        3492M (85%)        3492M (85%)    
[2026-01-06T22:08:21.053+0800][3.634s][info][gc,heap     ] GC(8) Y:      Free:     3670M (90%)        3668M (90%)        4088M (100%)       4086M (100%)       4088M (100%)       3668M (90%)    
[2026-01-06T22:08:21.053+0800][3.634s][info][gc,heap     ] GC(8) Y:      Used:      426M (10%)         428M (10%)           8M (0%)           10M (0%)          428M (10%)           8M (0%)     
[2026-01-06T22:08:21.053+0800][3.634s][info][gc,heap     ] GC(8) Y: Young Generation Statistics:
[2026-01-06T22:08:21.053+0800][3.634s][info][gc,heap     ] GC(8) Y:                Mark Start          Mark End        Relocate Start      Relocate End    
[2026-01-06T22:08:21.053+0800][3.634s][info][gc,heap     ] GC(8) Y:      Used:      424M (10%)         426M (10%)           6M (0%)            8M (0%)     
[2026-01-06T22:08:21.053+0800][3.634s][info][gc,heap     ] GC(8) Y:      Live:         -                 0M (0%)            0M (0%)            0M (0%)     
[2026-01-06T22:08:21.053+0800][3.634s][info][gc,heap     ] GC(8) Y:   Garbage:         -               423M (10%)           3M (0%)            0M (0%)     
[2026-01-06T22:08:21.053+0800][3.634s][info][gc,heap     ] GC(8) Y: Allocated:         -                 2M (0%)            2M (0%)            7M (0%)     
[2026-01-06T22:08:21.053+0800][3.634s][info][gc,heap     ] GC(8) Y: Reclaimed:         -                  -               420M (10%)         423M (10%)    
[2026-01-06T22:08:21.053+0800][3.634s][info][gc,heap     ] GC(8) Y:  Promoted:         -                  -                 0M (0%)            0M (0%)     
[2026-01-06T22:08:21.053+0800][3.634s][info][gc,heap     ] GC(8) Y: Compacted:         -                  -                  -                 0M (0%)     
[2026-01-06T22:08:21.053+0800][3.634s][info][gc,phases   ] GC(8) Y: Young Generation 426M(10%)->10M(0%) 0.000s
[2026-01-06T22:08:21.053+0800][3.634s][info][gc,phases   ] GC(8) O: Old Generation
[2026-01-06T22:08:21.054+0800][3.636s][info][gc,phases   ] GC(8) O: Concurrent Mark 1.788ms
[2026-01-06T22:08:21.054+0800][3.636s][info][gc,phases   ] GC(8) O: Pause Mark End 0.003ms
[2026-01-06T22:08:21.054+0800][3.636s][info][gc,phases   ] GC(8) O: Concurrent Mark Free 0.001ms
[2026-01-06T22:08:21.055+0800][3.636s][info][gc,phases   ] GC(8) O: Concurrent Process Non-Strong 0.144ms
[2026-01-06T22:08:21.055+0800][3.636s][info][gc,phases   ] GC(8) O: Concurrent Reset Relocation Set 0.000ms
[2026-01-06T22:08:21.055+0800][3.636s][info][gc,phases   ] GC(8) O: Concurrent Select Relocation Set 0.023ms
[2026-01-06T22:08:21.055+0800][3.636s][info][gc,task     ] GC(8) O: Using 2 Workers for Old Generation
[2026-01-06T22:08:21.055+0800][3.636s][info][gc,task     ] GC(8) O: Using 1 Workers for Old Generation
[2026-01-06T22:08:21.055+0800][3.636s][info][gc,phases   ] GC(8) O: Concurrent Remap Roots 0.045ms
[2026-01-06T22:08:21.055+0800][3.636s][info][gc,phases   ] GC(8) O: Pause Relocate Start 0.002ms
[2026-01-06T22:08:21.055+0800][3.636s][info][gc,phases   ] GC(8) O: Concurrent Relocate 0.026ms
[2026-01-06T22:08:21.055+0800][3.636s][info][gc,alloc    ] GC(8) O:                         Mark Start        Mark End      Relocate Start    Relocate End   
[2026-01-06T22:08:21.055+0800][3.636s][info][gc,alloc    ] GC(8) O: Allocation Stalls:          0                0                0                0         
[2026-01-06T22:08:21.055+0800][3.636s][info][gc,load     ] GC(8) O: Load: 1.74 (17%) / 1.77 (18%) / 1.99 (20%)
[2026-01-06T22:08:21.055+0800][3.636s][info][gc,mmu      ] GC(8) O: MMU: 2ms/98.5%, 5ms/99.4%, 10ms/99.6%, 20ms/99.8%, 50ms/99.9%, 100ms/100.0%
[2026-01-06T22:08:21.055+0800][3.636s][info][gc,marking  ] GC(8) O: Mark: 1 stripe(s), 2 proactive flush(es), 1 terminate flush(es), 0 completion(s), 0 continuation(s) 
[2026-01-06T22:08:21.055+0800][3.636s][info][gc,nmethod  ] GC(8) O: NMethods: 41 registered, 34 unregistered
[2026-01-06T22:08:21.055+0800][3.636s][info][gc,metaspace] GC(8) O: Metaspace: 0M used, 0M committed, 1088M reserved
[2026-01-06T22:08:21.055+0800][3.636s][info][gc,ref      ] GC(8) O:                       Encountered   Discovered     Enqueued 
[2026-01-06T22:08:21.055+0800][3.636s][info][gc,ref      ] GC(8) O: Soft References:                1            0            0 
[2026-01-06T22:08:21.055+0800][3.636s][info][gc,ref      ] GC(8) O: Weak References:                6            0            0 
[2026-01-06T22:08:21.055+0800][3.636s][info][gc,ref      ] GC(8) O: Final References:               0            0            0 
[2026-01-06T22:08:21.055+0800][3.636s][info][gc,ref      ] GC(8) O: Phantom References:             1            1            0 
[2026-01-06T22:08:21.055+0800][3.636s][info][gc,reloc    ] GC(8) O:                        Candidates     Selected     In-Place         Size        Empty    Relocated 
[2026-01-06T22:08:21.055+0800][3.636s][info][gc,reloc    ] GC(8) O: Small Pages:                    1            0            0           2M           0M           0M 
[2026-01-06T22:08:21.055+0800][3.636s][info][gc,reloc    ] GC(8) O: Medium Pages:                   0            0            0           0M           0M           0M 
[2026-01-06T22:08:21.055+0800][3.636s][info][gc,reloc    ] GC(8) O: Large Pages:                    0            0            0           0M           0M           0M 
[2026-01-06T22:08:21.055+0800][3.636s][info][gc,reloc    ] GC(8) O: Forwarding Usage: 0M
[2026-01-06T22:08:21.055+0800][3.636s][info][gc,heap     ] GC(8) O: Min Capacity: 8M(0%)
[2026-01-06T22:08:21.055+0800][3.636s][info][gc,heap     ] GC(8) O: Max Capacity: 4096M(100%)
[2026-01-06T22:08:21.055+0800][3.636s][info][gc,heap     ] GC(8) O: Soft Max Capacity: 3686M(90%)
[2026-01-06T22:08:21.055+0800][3.636s][info][gc,heap     ] GC(8) O: Heap Statistics:
[2026-01-06T22:08:21.055+0800][3.636s][info][gc,heap     ] GC(8) O:                Mark Start          Mark End        Relocate Start      Relocate End           High               Low         
[2026-01-06T22:08:21.055+0800][3.636s][info][gc,heap     ] GC(8) O:  Capacity:     3492M (85%)        3492M (85%)        3492M (85%)        3492M (85%)        3492M (85%)        3492M (85%)    
[2026-01-06T22:08:21.055+0800][3.636s][info][gc,heap     ] GC(8) O:      Free:     3670M (90%)        4058M (99%)        4054M (99%)        4054M (99%)        4088M (100%)       3668M (90%)    
[2026-01-06T22:08:21.055+0800][3.636s][info][gc,heap     ] GC(8) O:      Used:      426M (10%)          38M (1%)           42M (1%)           42M (1%)          428M (10%)           8M (0%)     
[2026-01-06T22:08:21.055+0800][3.636s][info][gc,heap     ] GC(8) O: Old Generation Statistics:
[2026-01-06T22:08:21.055+0800][3.636s][info][gc,heap     ] GC(8) O:                Mark Start          Mark End        Relocate Start      Relocate End    
[2026-01-06T22:08:21.055+0800][3.636s][info][gc,heap     ] GC(8) O:      Used:        2M (0%)            2M (0%)            2M (0%)            2M (0%)     
[2026-01-06T22:08:21.055+0800][3.636s][info][gc,heap     ] GC(8) O:      Live:         -                 1M (0%)            1M (0%)            1M (0%)     
[2026-01-06T22:08:21.055+0800][3.636s][info][gc,heap     ] GC(8) O:   Garbage:         -                 0M (0%)            0M (0%)            0M (0%)     
[2026-01-06T22:08:21.055+0800][3.636s][info][gc,heap     ] GC(8) O: Allocated:         -                 0M (0%)            0M (0%)            0M (0%)     
[2026-01-06T22:08:21.055+0800][3.636s][info][gc,heap     ] GC(8) O: Reclaimed:         -                  -                 0M (0%)            0M (0%)     
[2026-01-06T22:08:21.055+0800][3.636s][info][gc,heap     ] GC(8) O: Compacted:         -                  -                  -                 0M (0%)     
[2026-01-06T22:08:21.055+0800][3.636s][info][gc,phases   ] GC(8) O: Old Generation 12M(0%)->42M(1%) 0.002s
[2026-01-06T22:08:21.055+0800][3.636s][info][gc          ] GC(8) Major Collection (Proactive) 426M(10%)->44M(1%) 0.003s
[2026-01-06T22:08:22.042+0800][4.623s][info][gc          ] GC(9) Major Collection (Proactive)
[2026-01-06T22:08:22.042+0800][4.623s][info][gc,task     ] GC(9) Using 1 Workers for Young Generation
[2026-01-06T22:08:22.042+0800][4.623s][info][gc,task     ] GC(9) Using 1 Workers for Old Generation
[2026-01-06T22:08:22.042+0800][4.623s][info][gc,phases   ] GC(9) Y: Young Generation
[2026-01-06T22:08:22.042+0800][4.624s][info][gc,phases   ] GC(9) Y: Pause Mark Start (Major) 0.022ms
[2026-01-06T22:08:22.042+0800][4.624s][info][gc,phases   ] GC(9) Y: Concurrent Mark 0.459ms
[2026-01-06T22:08:22.043+0800][4.624s][info][gc,phases   ] GC(9) Y: Pause Mark End 0.004ms
[2026-01-06T22:08:22.043+0800][4.624s][info][gc,phases   ] GC(9) Y: Concurrent Mark Free 0.004ms
[2026-01-06T22:08:22.043+0800][4.624s][info][gc,phases   ] GC(9) Y: Concurrent Reset Relocation Set 0.005ms
[2026-01-06T22:08:22.048+0800][4.630s][info][gc,reloc    ] GC(9) Y: Using tenuring threshold: 8 (Computed)
[2026-01-06T22:08:22.048+0800][4.630s][info][gc,phases   ] GC(9) Y: Concurrent Select Relocation Set 5.793ms
[2026-01-06T22:08:22.048+0800][4.630s][info][gc,phases   ] GC(9) Y: Pause Relocate Start 0.003ms
[2026-01-06T22:08:22.048+0800][4.630s][info][gc,phases   ] GC(9) Y: Concurrent Relocate 0.039ms
[2026-01-06T22:08:22.048+0800][4.630s][info][gc,alloc    ] GC(9) Y:                         Mark Start        Mark End      Relocate Start    Relocate End   
[2026-01-06T22:08:22.048+0800][4.630s][info][gc,alloc    ] GC(9) Y: Allocation Stalls:          0                0                0                0         
[2026-01-06T22:08:22.048+0800][4.630s][info][gc,load     ] GC(9) Y: Load: 1.92 (19%) / 1.81 (18%) / 2.00 (20%)
[2026-01-06T22:08:22.048+0800][4.630s][info][gc,mmu      ] GC(9) Y: MMU: 2ms/98.5%, 5ms/99.4%, 10ms/99.6%, 20ms/99.8%, 50ms/99.9%, 100ms/100.0%
[2026-01-06T22:08:22.048+0800][4.630s][info][gc,marking  ] GC(9) Y: Mark: 1 stripe(s), 2 proactive flush(es), 1 terminate flush(es), 0 completion(s), 0 continuation(s) 
[2026-01-06T22:08:22.048+0800][4.630s][info][gc,nmethod  ] GC(9) Y: NMethods: 41 registered, 34 unregistered
[2026-01-06T22:08:22.048+0800][4.630s][info][gc,metaspace] GC(9) Y: Metaspace: 0M used, 0M committed, 1088M reserved
[2026-01-06T22:08:22.049+0800][4.630s][info][gc,reloc    ] GC(9) Y:                        Candidates     Selected     In-Place         Size        Empty    Relocated 
[2026-01-06T22:08:22.049+0800][4.630s][info][gc,reloc    ] GC(9) Y: Small Pages:                 1739            1            0        3478M        3474M           0M 
[2026-01-06T22:08:22.049+0800][4.630s][info][gc,reloc    ] GC(9) Y: Medium Pages:                   0            0            0           0M           0M           0M 
[2026-01-06T22:08:22.049+0800][4.630s][info][gc,reloc    ] GC(9) Y: Large Pages:                    0            0            0           0M           0M           0M 
[2026-01-06T22:08:22.049+0800][4.630s][info][gc,reloc    ] GC(9) Y: Forwarding Usage: 0M
[2026-01-06T22:08:22.049+0800][4.630s][info][gc,reloc    ] GC(9) Y: Age Table:
[2026-01-06T22:08:22.049+0800][4.630s][info][gc,reloc    ] GC(9) Y:                    Live             Garbage             Small              Medium             Large        
[2026-01-06T22:08:22.049+0800][4.630s][info][gc,reloc    ] GC(9) Y: Eden               0M (0%)         3473M (85%)       1737 / 1              0 / 0              0 / 0        
[2026-01-06T22:08:22.049+0800][4.630s][info][gc,reloc    ] GC(9) Y: Survivor 1          -                 2M (0%)           1 / 0              0 / 0              0 / 0        
[2026-01-06T22:08:22.049+0800][4.630s][info][gc,reloc    ] GC(9) Y: Survivor 2          -                 0M (0%)           0 / 0              0 / 0              0 / 0        
[2026-01-06T22:08:22.049+0800][4.630s][info][gc,reloc    ] GC(9) Y: Survivor 3          -                 0M (0%)           0 / 0              0 / 0              0 / 0        
[2026-01-06T22:08:22.049+0800][4.630s][info][gc,reloc    ] GC(9) Y: Survivor 4          -                 0M (0%)           0 / 0              0 / 0              0 / 0        
[2026-01-06T22:08:22.049+0800][4.630s][info][gc,reloc    ] GC(9) Y: Survivor 5          -                 0M (0%)           0 / 0              0 / 0              0 / 0        
[2026-01-06T22:08:22.049+0800][4.630s][info][gc,reloc    ] GC(9) Y: Survivor 6          -                 0M (0%)           0 / 0              0 / 0              0 / 0        
[2026-01-06T22:08:22.049+0800][4.630s][info][gc,reloc    ] GC(9) Y: Survivor 7         0M (0%)            1M (0%)           1 / 0              0 / 0              0 / 0        
[2026-01-06T22:08:22.049+0800][4.630s][info][gc,heap     ] GC(9) Y: Min Capacity: 8M(0%)
[2026-01-06T22:08:22.049+0800][4.630s][info][gc,heap     ] GC(9) Y: Max Capacity: 4096M(100%)
[2026-01-06T22:08:22.049+0800][4.630s][info][gc,heap     ] GC(9) Y: Soft Max Capacity: 3686M(90%)
[2026-01-06T22:08:22.049+0800][4.630s][info][gc,heap     ] GC(9) Y: Heap Statistics:
[2026-01-06T22:08:22.049+0800][4.630s][info][gc,heap     ] GC(9) Y:                Mark Start          Mark End        Relocate Start      Relocate End           High               Low         
[2026-01-06T22:08:22.049+0800][4.630s][info][gc,heap     ] GC(9) Y:  Capacity:     3492M (85%)        3492M (85%)        3492M (85%)        3492M (85%)        3492M (85%)        3492M (85%)    
[2026-01-06T22:08:22.049+0800][4.630s][info][gc,heap     ] GC(9) Y:      Free:      616M (15%)         614M (15%)        4078M (100%)       4078M (100%)       4078M (100%)        614M (15%)    
[2026-01-06T22:08:22.049+0800][4.630s][info][gc,heap     ] GC(9) Y:      Used:     3480M (85%)        3482M (85%)          18M (0%)           18M (0%)         3482M (85%)          18M (0%)     
[2026-01-06T22:08:22.049+0800][4.630s][info][gc,heap     ] GC(9) Y: Young Generation Statistics:
[2026-01-06T22:08:22.049+0800][4.630s][info][gc,heap     ] GC(9) Y:                Mark Start          Mark End        Relocate Start      Relocate End    
[2026-01-06T22:08:22.049+0800][4.630s][info][gc,heap     ] GC(9) Y:      Used:     3478M (85%)        3480M (85%)          16M (0%)           16M (0%)     
[2026-01-06T22:08:22.049+0800][4.630s][info][gc,heap     ] GC(9) Y:      Live:         -                 0M (0%)            0M (0%)            0M (0%)     
[2026-01-06T22:08:22.049+0800][4.630s][info][gc,heap     ] GC(9) Y:   Garbage:         -              3477M (85%)           3M (0%)            0M (0%)     
[2026-01-06T22:08:22.049+0800][4.630s][info][gc,heap     ] GC(9) Y: Allocated:         -                 2M (0%)           12M (0%)           15M (0%)     
[2026-01-06T22:08:22.049+0800][4.630s][info][gc,heap     ] GC(9) Y: Reclaimed:         -                  -              3474M (85%)        3477M (85%)    
[2026-01-06T22:08:22.049+0800][4.630s][info][gc,heap     ] GC(9) Y:  Promoted:         -                  -                 0M (0%)            0M (0%)     
[2026-01-06T22:08:22.049+0800][4.630s][info][gc,heap     ] GC(9) Y: Compacted:         -                  -                  -                 0M (0%)     
[2026-01-06T22:08:22.049+0800][4.630s][info][gc,phases   ] GC(9) Y: Young Generation 3480M(85%)->18M(0%) 0.007s
[2026-01-06T22:08:22.049+0800][4.630s][info][gc,phases   ] GC(9) O: Old Generation
[2026-01-06T22:08:22.055+0800][4.637s][info][gc,phases   ] GC(9) O: Concurrent Mark 6.705ms
[2026-01-06T22:08:22.055+0800][4.637s][info][gc,phases   ] GC(9) O: Pause Mark End 0.005ms
[2026-01-06T22:08:22.055+0800][4.637s][info][gc,phases   ] GC(9) O: Concurrent Mark Free 0.000ms
[2026-01-06T22:08:22.056+0800][4.637s][info][gc,phases   ] GC(9) O: Concurrent Process Non-Strong 0.149ms
[2026-01-06T22:08:22.056+0800][4.637s][info][gc,phases   ] GC(9) O: Concurrent Reset Relocation Set 0.000ms
[2026-01-06T22:08:22.056+0800][4.637s][info][gc,phases   ] GC(9) O: Concurrent Select Relocation Set 0.023ms
[2026-01-06T22:08:22.056+0800][4.637s][info][gc,task     ] GC(9) O: Using 2 Workers for Old Generation
[2026-01-06T22:08:22.056+0800][4.637s][info][gc,task     ] GC(9) O: Using 1 Workers for Old Generation
[2026-01-06T22:08:22.056+0800][4.637s][info][gc,phases   ] GC(9) O: Concurrent Remap Roots 0.047ms
[2026-01-06T22:08:22.056+0800][4.637s][info][gc,phases   ] GC(9) O: Pause Relocate Start 0.002ms
[2026-01-06T22:08:22.056+0800][4.637s][info][gc,phases   ] GC(9) O: Concurrent Relocate 0.009ms
[2026-01-06T22:08:22.056+0800][4.637s][info][gc,alloc    ] GC(9) O:                         Mark Start        Mark End      Relocate Start    Relocate End   
[2026-01-06T22:08:22.056+0800][4.637s][info][gc,alloc    ] GC(9) O: Allocation Stalls:          0                0                0                0         
[2026-01-06T22:08:22.056+0800][4.637s][info][gc,load     ] GC(9) O: Load: 1.92 (19%) / 1.81 (18%) / 2.00 (20%)
[2026-01-06T22:08:22.056+0800][4.637s][info][gc,mmu      ] GC(9) O: MMU: 2ms/98.5%, 5ms/99.4%, 10ms/99.6%, 20ms/99.8%, 50ms/99.9%, 100ms/100.0%
[2026-01-06T22:08:22.056+0800][4.637s][info][gc,marking  ] GC(9) O: Mark: 1 stripe(s), 2 proactive flush(es), 1 terminate flush(es), 0 completion(s), 0 continuation(s) 
[2026-01-06T22:08:22.056+0800][4.637s][info][gc,nmethod  ] GC(9) O: NMethods: 41 registered, 34 unregistered
[2026-01-06T22:08:22.056+0800][4.637s][info][gc,metaspace] GC(9) O: Metaspace: 0M used, 0M committed, 1088M reserved
[2026-01-06T22:08:22.056+0800][4.637s][info][gc,ref      ] GC(9) O:                       Encountered   Discovered     Enqueued 
[2026-01-06T22:08:22.056+0800][4.637s][info][gc,ref      ] GC(9) O: Soft References:                1            0            0 
[2026-01-06T22:08:22.056+0800][4.637s][info][gc,ref      ] GC(9) O: Weak References:                6            0            0 
[2026-01-06T22:08:22.056+0800][4.637s][info][gc,ref      ] GC(9) O: Final References:               0            0            0 
[2026-01-06T22:08:22.056+0800][4.637s][info][gc,ref      ] GC(9) O: Phantom References:             1            1            0 
[2026-01-06T22:08:22.056+0800][4.637s][info][gc,reloc    ] GC(9) O:                        Candidates     Selected     In-Place         Size        Empty    Relocated 
[2026-01-06T22:08:22.056+0800][4.637s][info][gc,reloc    ] GC(9) O: Small Pages:                    1            0            0           2M           0M           0M 
[2026-01-06T22:08:22.056+0800][4.637s][info][gc,reloc    ] GC(9) O: Medium Pages:                   0            0            0           0M           0M           0M 
[2026-01-06T22:08:22.056+0800][4.637s][info][gc,reloc    ] GC(9) O: Large Pages:                    0            0            0           0M           0M           0M 
[2026-01-06T22:08:22.056+0800][4.637s][info][gc,reloc    ] GC(9) O: Forwarding Usage: 0M
[2026-01-06T22:08:22.056+0800][4.637s][info][gc,heap     ] GC(9) O: Min Capacity: 8M(0%)
[2026-01-06T22:08:22.056+0800][4.637s][info][gc,heap     ] GC(9) O: Max Capacity: 4096M(100%)
[2026-01-06T22:08:22.056+0800][4.637s][info][gc,heap     ] GC(9) O: Soft Max Capacity: 3686M(90%)
[2026-01-06T22:08:22.056+0800][4.637s][info][gc,heap     ] GC(9) O: Heap Statistics:
[2026-01-06T22:08:22.056+0800][4.637s][info][gc,heap     ] GC(9) O:                Mark Start          Mark End        Relocate Start      Relocate End           High               Low         
[2026-01-06T22:08:22.056+0800][4.637s][info][gc,heap     ] GC(9) O:  Capacity:     3492M (85%)        3492M (85%)        3492M (85%)        3492M (85%)        3492M (85%)        3492M (85%)    
[2026-01-06T22:08:22.056+0800][4.637s][info][gc,heap     ] GC(9) O:      Free:      616M (15%)        4066M (99%)        4064M (99%)        4064M (99%)        4078M (100%)        614M (15%)    
[2026-01-06T22:08:22.056+0800][4.637s][info][gc,heap     ] GC(9) O:      Used:     3480M (85%)          30M (1%)           32M (1%)           32M (1%)         3482M (85%)          18M (0%)     
[2026-01-06T22:08:22.056+0800][4.637s][info][gc,heap     ] GC(9) O: Old Generation Statistics:
[2026-01-06T22:08:22.056+0800][4.637s][info][gc,heap     ] GC(9) O:                Mark Start          Mark End        Relocate Start      Relocate End    
[2026-01-06T22:08:22.056+0800][4.637s][info][gc,heap     ] GC(9) O:      Used:        2M (0%)            2M (0%)            2M (0%)            2M (0%)     
[2026-01-06T22:08:22.056+0800][4.637s][info][gc,heap     ] GC(9) O:      Live:         -                 1M (0%)            1M (0%)            1M (0%)     
[2026-01-06T22:08:22.056+0800][4.637s][info][gc,heap     ] GC(9) O:   Garbage:         -                 0M (0%)            0M (0%)            0M (0%)     
[2026-01-06T22:08:22.056+0800][4.637s][info][gc,heap     ] GC(9) O: Allocated:         -                 0M (0%)            0M (0%)            0M (0%)     
[2026-01-06T22:08:22.056+0800][4.637s][info][gc,heap     ] GC(9) O: Reclaimed:         -                  -                 0M (0%)            0M (0%)     
[2026-01-06T22:08:22.056+0800][4.637s][info][gc,heap     ] GC(9) O: Compacted:         -                  -                  -                 0M (0%)     
[2026-01-06T22:08:22.056+0800][4.637s][info][gc,phases   ] GC(9) O: Old Generation 18M(0%)->32M(1%) 0.007s
[2026-01-06T22:08:22.056+0800][4.637s][info][gc          ] GC(9) Major Collection (Proactive) 3480M(85%)->32M(1%) 0.014s
[2026-01-06T22:08:23.186+0800][5.768s][info][gc          ] GC(10) Minor Collection (High Usage)
[2026-01-06T22:08:23.186+0800][5.768s][info][gc,task     ] GC(10) Using 1 Workers for Young Generation
[2026-01-06T22:08:23.186+0800][5.768s][info][gc,phases   ] GC(10) y: Young Generation
[2026-01-06T22:08:23.187+0800][5.768s][info][gc,phases   ] GC(10) y: Pause Mark Start 0.014ms
[2026-01-06T22:08:23.187+0800][5.769s][info][gc,phases   ] GC(10) y: Concurrent Mark 0.449ms
[2026-01-06T22:08:23.187+0800][5.769s][info][gc,phases   ] GC(10) y: Pause Mark End 0.004ms
[2026-01-06T22:08:23.187+0800][5.769s][info][gc,phases   ] GC(10) y: Concurrent Mark Free 0.006ms
[2026-01-06T22:08:23.187+0800][5.769s][info][gc,phases   ] GC(10) y: Concurrent Reset Relocation Set 0.005ms
[2026-01-06T22:08:23.191+0800][5.772s][info][gc,reloc    ] GC(10) y: Using tenuring threshold: 9 (Computed)
[2026-01-06T22:08:23.191+0800][5.772s][info][gc,phases   ] GC(10) y: Concurrent Select Relocation Set 3.706ms
[2026-01-06T22:08:23.191+0800][5.772s][info][gc,phases   ] GC(10) y: Pause Relocate Start 0.002ms
[2026-01-06T22:08:23.191+0800][5.772s][info][gc,phases   ] GC(10) y: Concurrent Relocate 0.109ms
[2026-01-06T22:08:23.191+0800][5.773s][info][gc,alloc    ] GC(10) y:                         Mark Start        Mark End      Relocate Start    Relocate End   
[2026-01-06T22:08:23.191+0800][5.773s][info][gc,alloc    ] GC(10) y: Allocation Stalls:          0                0                0                0         
[2026-01-06T22:08:23.191+0800][5.773s][info][gc,load     ] GC(10) y: Load: 1.92 (19%) / 1.81 (18%) / 2.00 (20%)
[2026-01-06T22:08:23.191+0800][5.773s][info][gc,mmu      ] GC(10) y: MMU: 2ms/98.5%, 5ms/99.4%, 10ms/99.6%, 20ms/99.8%, 50ms/99.9%, 100ms/100.0%
[2026-01-06T22:08:23.191+0800][5.773s][info][gc,marking  ] GC(10) y: Mark: 1 stripe(s), 2 proactive flush(es), 1 terminate flush(es), 0 completion(s), 0 continuation(s) 
[2026-01-06T22:08:23.191+0800][5.773s][info][gc,nmethod  ] GC(10) y: NMethods: 41 registered, 34 unregistered
[2026-01-06T22:08:23.191+0800][5.773s][info][gc,metaspace] GC(10) y: Metaspace: 0M used, 0M committed, 1088M reserved
[2026-01-06T22:08:23.191+0800][5.773s][info][gc,reloc    ] GC(10) y:                        Candidates     Selected     In-Place         Size        Empty    Relocated 
[2026-01-06T22:08:23.191+0800][5.773s][info][gc,reloc    ] GC(10) y: Small Pages:                 1744            1            0        3488M        3484M           0M 
[2026-01-06T22:08:23.191+0800][5.773s][info][gc,reloc    ] GC(10) y: Medium Pages:                   0            0            0           0M           0M           0M 
[2026-01-06T22:08:23.191+0800][5.773s][info][gc,reloc    ] GC(10) y: Large Pages:                    0            0            0           0M           0M           0M 
[2026-01-06T22:08:23.191+0800][5.773s][info][gc,reloc    ] GC(10) y: Forwarding Usage: 0M
[2026-01-06T22:08:23.191+0800][5.773s][info][gc,reloc    ] GC(10) y: Age Table:
[2026-01-06T22:08:23.191+0800][5.773s][info][gc,reloc    ] GC(10) y:                    Live             Garbage             Small              Medium             Large        
[2026-01-06T22:08:23.191+0800][5.773s][info][gc,reloc    ] GC(10) y: Eden               0M (0%)         3483M (85%)       1742 / 1              0 / 0              0 / 0        
[2026-01-06T22:08:23.191+0800][5.773s][info][gc,reloc    ] GC(10) y: Survivor 1          -                 2M (0%)           1 / 0              0 / 0              0 / 0        
[2026-01-06T22:08:23.191+0800][5.773s][info][gc,reloc    ] GC(10) y: Survivor 2          -                 0M (0%)           0 / 0              0 / 0              0 / 0        
[2026-01-06T22:08:23.191+0800][5.773s][info][gc,reloc    ] GC(10) y: Survivor 3          -                 0M (0%)           0 / 0              0 / 0              0 / 0        
[2026-01-06T22:08:23.191+0800][5.773s][info][gc,reloc    ] GC(10) y: Survivor 4          -                 0M (0%)           0 / 0              0 / 0              0 / 0        
[2026-01-06T22:08:23.191+0800][5.773s][info][gc,reloc    ] GC(10) y: Survivor 5          -                 0M (0%)           0 / 0              0 / 0              0 / 0        
[2026-01-06T22:08:23.191+0800][5.773s][info][gc,reloc    ] GC(10) y: Survivor 6          -                 0M (0%)           0 / 0              0 / 0              0 / 0        
[2026-01-06T22:08:23.191+0800][5.773s][info][gc,reloc    ] GC(10) y: Survivor 7          -                 0M (0%)           0 / 0              0 / 0              0 / 0        
[2026-01-06T22:08:23.191+0800][5.773s][info][gc,reloc    ] GC(10) y: Survivor 8         0M (0%)            1M (0%)           1 / 0              0 / 0              0 / 0        
[2026-01-06T22:08:23.191+0800][5.773s][info][gc,heap     ] GC(10) y: Min Capacity: 8M(0%)
[2026-01-06T22:08:23.191+0800][5.773s][info][gc,heap     ] GC(10) y: Max Capacity: 4096M(100%)
[2026-01-06T22:08:23.191+0800][5.773s][info][gc,heap     ] GC(10) y: Soft Max Capacity: 3686M(90%)
[2026-01-06T22:08:23.191+0800][5.773s][info][gc,heap     ] GC(10) y: Heap Statistics:
[2026-01-06T22:08:23.191+0800][5.773s][info][gc,heap     ] GC(10) y:                Mark Start          Mark End        Relocate Start      Relocate End           High               Low         
[2026-01-06T22:08:23.191+0800][5.773s][info][gc,heap     ] GC(10) y:  Capacity:     3492M (85%)        3492M (85%)        3494M (85%)        3494M (85%)        3494M (85%)        3492M (85%)    
[2026-01-06T22:08:23.191+0800][5.773s][info][gc,heap     ] GC(10) y:      Free:      606M (15%)         604M (15%)        4080M (100%)       4080M (100%)       4080M (100%)        602M (15%)    
[2026-01-06T22:08:23.191+0800][5.773s][info][gc,heap     ] GC(10) y:      Used:     3490M (85%)        3492M (85%)          16M (0%)           16M (0%)         3494M (85%)          16M (0%)     
[2026-01-06T22:08:23.191+0800][5.773s][info][gc,heap     ] GC(10) y: Young Generation Statistics:
[2026-01-06T22:08:23.191+0800][5.773s][info][gc,heap     ] GC(10) y:                Mark Start          Mark End        Relocate Start      Relocate End    
[2026-01-06T22:08:23.191+0800][5.773s][info][gc,heap     ] GC(10) y:      Used:     3488M (85%)        3490M (85%)          14M (0%)           14M (0%)     
[2026-01-06T22:08:23.191+0800][5.773s][info][gc,heap     ] GC(10) y:      Live:         -                 0M (0%)            0M (0%)            0M (0%)     
[2026-01-06T22:08:23.191+0800][5.773s][info][gc,heap     ] GC(10) y:   Garbage:         -              3487M (85%)           3M (0%)            0M (0%)     
[2026-01-06T22:08:23.191+0800][5.773s][info][gc,heap     ] GC(10) y: Allocated:         -                 2M (0%)           10M (0%)           13M (0%)     
[2026-01-06T22:08:23.191+0800][5.773s][info][gc,heap     ] GC(10) y: Reclaimed:         -                  -              3484M (85%)        3487M (85%)    
[2026-01-06T22:08:23.191+0800][5.773s][info][gc,heap     ] GC(10) y:  Promoted:         -                  -                 0M (0%)            0M (0%)     
[2026-01-06T22:08:23.191+0800][5.773s][info][gc,heap     ] GC(10) y: Compacted:         -                  -                  -                 0M (0%)     
[2026-01-06T22:08:23.191+0800][5.773s][info][gc,phases   ] GC(10) y: Young Generation 3490M(85%)->16M(0%) 0.005s
[2026-01-06T22:08:23.191+0800][5.773s][info][gc          ] GC(10) Minor Collection (High Usage) 3490M(85%)->16M(0%) 0.005s
[2026-01-06T22:08:23.372+0800][5.953s][info][gc          ] GC(11) Major Collection (Proactive)
[2026-01-06T22:08:23.372+0800][5.953s][info][gc,task     ] GC(11) Using 1 Workers for Young Generation
[2026-01-06T22:08:23.372+0800][5.953s][info][gc,task     ] GC(11) Using 1 Workers for Old Generation
[2026-01-06T22:08:23.372+0800][5.954s][info][gc,phases   ] GC(11) Y: Young Generation
[2026-01-06T22:08:23.372+0800][5.954s][info][gc,phases   ] GC(11) Y: Pause Mark Start (Major) 0.005ms
[2026-01-06T22:08:23.372+0800][5.954s][info][gc,phases   ] GC(11) Y: Concurrent Mark 0.231ms
[2026-01-06T22:08:23.372+0800][5.954s][info][gc,phases   ] GC(11) Y: Pause Mark End 0.009ms
[2026-01-06T22:08:23.372+0800][5.954s][info][gc,phases   ] GC(11) Y: Concurrent Mark Free 0.001ms
[2026-01-06T22:08:23.372+0800][5.954s][info][gc,phases   ] GC(11) Y: Concurrent Reset Relocation Set 0.001ms
[2026-01-06T22:08:23.372+0800][5.954s][info][gc,reloc    ] GC(11) Y: Using tenuring threshold: 10 (Computed)
[2026-01-06T22:08:23.372+0800][5.954s][info][gc,phases   ] GC(11) Y: Concurrent Select Relocation Set 0.098ms
[2026-01-06T22:08:23.372+0800][5.954s][info][gc,phases   ] GC(11) Y: Pause Relocate Start 0.001ms
[2026-01-06T22:08:23.373+0800][5.954s][info][gc,phases   ] GC(11) Y: Concurrent Relocate 0.027ms
[2026-01-06T22:08:23.373+0800][5.954s][info][gc,alloc    ] GC(11) Y:                         Mark Start        Mark End      Relocate Start    Relocate End   
[2026-01-06T22:08:23.373+0800][5.954s][info][gc,alloc    ] GC(11) Y: Allocation Stalls:          0                0                0                0         
[2026-01-06T22:08:23.373+0800][5.954s][info][gc,load     ] GC(11) Y: Load: 1.92 (19%) / 1.81 (18%) / 2.00 (20%)
[2026-01-06T22:08:23.373+0800][5.954s][info][gc,mmu      ] GC(11) Y: MMU: 2ms/98.5%, 5ms/99.4%, 10ms/99.6%, 20ms/99.8%, 50ms/99.9%, 100ms/100.0%
[2026-01-06T22:08:23.373+0800][5.954s][info][gc,marking  ] GC(11) Y: Mark: 1 stripe(s), 2 proactive flush(es), 1 terminate flush(es), 0 completion(s), 0 continuation(s) 
[2026-01-06T22:08:23.373+0800][5.954s][info][gc,nmethod  ] GC(11) Y: NMethods: 41 registered, 34 unregistered
[2026-01-06T22:08:23.373+0800][5.954s][info][gc,metaspace] GC(11) Y: Metaspace: 0M used, 0M committed, 1088M reserved
[2026-01-06T22:08:23.373+0800][5.954s][info][gc,reloc    ] GC(11) Y:                        Candidates     Selected     In-Place         Size        Empty    Relocated 
[2026-01-06T22:08:23.373+0800][5.954s][info][gc,reloc    ] GC(11) Y: Small Pages:                  213            1            0         426M         422M           0M 
[2026-01-06T22:08:23.373+0800][5.954s][info][gc,reloc    ] GC(11) Y: Medium Pages:                   0            0            0           0M           0M           0M 
[2026-01-06T22:08:23.373+0800][5.954s][info][gc,reloc    ] GC(11) Y: Large Pages:                    0            0            0           0M           0M           0M 
[2026-01-06T22:08:23.373+0800][5.954s][info][gc,reloc    ] GC(11) Y: Forwarding Usage: 0M
[2026-01-06T22:08:23.373+0800][5.954s][info][gc,reloc    ] GC(11) Y: Age Table:
[2026-01-06T22:08:23.373+0800][5.954s][info][gc,reloc    ] GC(11) Y:                    Live             Garbage             Small              Medium             Large        
[2026-01-06T22:08:23.373+0800][5.954s][info][gc,reloc    ] GC(11) Y: Eden               0M (0%)          421M (10%)        211 / 1              0 / 0              0 / 0        
[2026-01-06T22:08:23.373+0800][5.954s][info][gc,reloc    ] GC(11) Y: Survivor 1          -                 2M (0%)           1 / 0              0 / 0              0 / 0        
[2026-01-06T22:08:23.373+0800][5.954s][info][gc,reloc    ] GC(11) Y: Survivor 2          -                 0M (0%)           0 / 0              0 / 0              0 / 0        
[2026-01-06T22:08:23.373+0800][5.954s][info][gc,reloc    ] GC(11) Y: Survivor 3          -                 0M (0%)           0 / 0              0 / 0              0 / 0        
[2026-01-06T22:08:23.373+0800][5.954s][info][gc,reloc    ] GC(11) Y: Survivor 4          -                 0M (0%)           0 / 0              0 / 0              0 / 0        
[2026-01-06T22:08:23.373+0800][5.954s][info][gc,reloc    ] GC(11) Y: Survivor 5          -                 0M (0%)           0 / 0              0 / 0              0 / 0        
[2026-01-06T22:08:23.373+0800][5.954s][info][gc,reloc    ] GC(11) Y: Survivor 6          -                 0M (0%)           0 / 0              0 / 0              0 / 0        
[2026-01-06T22:08:23.373+0800][5.954s][info][gc,reloc    ] GC(11) Y: Survivor 7          -                 0M (0%)           0 / 0              0 / 0              0 / 0        
[2026-01-06T22:08:23.373+0800][5.954s][info][gc,reloc    ] GC(11) Y: Survivor 8          -                 0M (0%)           0 / 0              0 / 0              0 / 0        
[2026-01-06T22:08:23.373+0800][5.954s][info][gc,reloc    ] GC(11) Y: Survivor 9         0M (0%)            1M (0%)           1 / 0              0 / 0              0 / 0        
[2026-01-06T22:08:23.373+0800][5.954s][info][gc,heap     ] GC(11) Y: Min Capacity: 8M(0%)
[2026-01-06T22:08:23.373+0800][5.954s][info][gc,heap     ] GC(11) Y: Max Capacity: 4096M(100%)
[2026-01-06T22:08:23.373+0800][5.954s][info][gc,heap     ] GC(11) Y: Soft Max Capacity: 3686M(90%)
[2026-01-06T22:08:23.373+0800][5.954s][info][gc,heap     ] GC(11) Y: Heap Statistics:
[2026-01-06T22:08:23.373+0800][5.954s][info][gc,heap     ] GC(11) Y:                Mark Start          Mark End        Relocate Start      Relocate End           High               Low         
[2026-01-06T22:08:23.373+0800][5.954s][info][gc,heap     ] GC(11) Y:  Capacity:     3494M (85%)        3494M (85%)        3494M (85%)        3494M (85%)        3494M (85%)        3494M (85%)    
[2026-01-06T22:08:23.373+0800][5.954s][info][gc,heap     ] GC(11) Y:      Free:     3668M (90%)        3666M (90%)        4088M (100%)       4086M (100%)       4088M (100%)       3666M (90%)    
[2026-01-06T22:08:23.373+0800][5.954s][info][gc,heap     ] GC(11) Y:      Used:      428M (10%)         430M (10%)           8M (0%)           10M (0%)          430M (10%)           8M (0%)     
[2026-01-06T22:08:23.373+0800][5.954s][info][gc,heap     ] GC(11) Y: Young Generation Statistics:
[2026-01-06T22:08:23.373+0800][5.954s][info][gc,heap     ] GC(11) Y:                Mark Start          Mark End        Relocate Start      Relocate End    
[2026-01-06T22:08:23.373+0800][5.954s][info][gc,heap     ] GC(11) Y:      Used:      426M (10%)         428M (10%)           6M (0%)            8M (0%)     
[2026-01-06T22:08:23.373+0800][5.954s][info][gc,heap     ] GC(11) Y:      Live:         -                 0M (0%)            0M (0%)            0M (0%)     
[2026-01-06T22:08:23.373+0800][5.954s][info][gc,heap     ] GC(11) Y:   Garbage:         -               425M (10%)           3M (0%)            0M (0%)     
[2026-01-06T22:08:23.373+0800][5.954s][info][gc,heap     ] GC(11) Y: Allocated:         -                 2M (0%)            2M (0%)            7M (0%)     
[2026-01-06T22:08:23.373+0800][5.954s][info][gc,heap     ] GC(11) Y: Reclaimed:         -                  -               422M (10%)         425M (10%)    
[2026-01-06T22:08:23.373+0800][5.954s][info][gc,heap     ] GC(11) Y:  Promoted:         -                  -                 0M (0%)            0M (0%)     
[2026-01-06T22:08:23.373+0800][5.954s][info][gc,heap     ] GC(11) Y: Compacted:         -                  -                  -                 0M (0%)     
[2026-01-06T22:08:23.373+0800][5.954s][info][gc,phases   ] GC(11) Y: Young Generation 428M(10%)->10M(0%) 0.001s
[2026-01-06T22:08:23.373+0800][5.954s][info][gc,phases   ] GC(11) O: Old Generation
[2026-01-06T22:08:23.381+0800][5.962s][info][gc,phases   ] GC(11) O: Concurrent Mark 7.833ms
[2026-01-06T22:08:23.381+0800][5.962s][info][gc,phases   ] GC(11) O: Pause Mark End 0.004ms
[2026-01-06T22:08:23.381+0800][5.962s][info][gc,phases   ] GC(11) O: Concurrent Mark Free 0.000ms
[2026-01-06T22:08:23.381+0800][5.962s][info][gc,phases   ] GC(11) O: Concurrent Process Non-Strong 0.199ms
[2026-01-06T22:08:23.381+0800][5.962s][info][gc,phases   ] GC(11) O: Concurrent Reset Relocation Set 0.000ms
[2026-01-06T22:08:23.381+0800][5.962s][info][gc,phases   ] GC(11) O: Concurrent Select Relocation Set 0.066ms
[2026-01-06T22:08:23.381+0800][5.962s][info][gc,task     ] GC(11) O: Using 2 Workers for Old Generation
[2026-01-06T22:08:23.381+0800][5.962s][info][gc,task     ] GC(11) O: Using 1 Workers for Old Generation
[2026-01-06T22:08:23.381+0800][5.962s][info][gc,phases   ] GC(11) O: Concurrent Remap Roots 0.051ms
[2026-01-06T22:08:23.381+0800][5.962s][info][gc,phases   ] GC(11) O: Pause Relocate Start 0.002ms
[2026-01-06T22:08:23.381+0800][5.963s][info][gc,phases   ] GC(11) O: Concurrent Relocate 0.007ms
[2026-01-06T22:08:23.381+0800][5.963s][info][gc,alloc    ] GC(11) O:                         Mark Start        Mark End      Relocate Start    Relocate End   
[2026-01-06T22:08:23.381+0800][5.963s][info][gc,alloc    ] GC(11) O: Allocation Stalls:          0                0                0                0         
[2026-01-06T22:08:23.381+0800][5.963s][info][gc,load     ] GC(11) O: Load: 1.92 (19%) / 1.81 (18%) / 2.00 (20%)
[2026-01-06T22:08:23.381+0800][5.963s][info][gc,mmu      ] GC(11) O: MMU: 2ms/98.5%, 5ms/99.4%, 10ms/99.6%, 20ms/99.8%, 50ms/99.9%, 100ms/100.0%
[2026-01-06T22:08:23.381+0800][5.963s][info][gc,marking  ] GC(11) O: Mark: 1 stripe(s), 2 proactive flush(es), 1 terminate flush(es), 0 completion(s), 0 continuation(s) 
[2026-01-06T22:08:23.381+0800][5.963s][info][gc,nmethod  ] GC(11) O: NMethods: 41 registered, 34 unregistered
[2026-01-06T22:08:23.381+0800][5.963s][info][gc,metaspace] GC(11) O: Metaspace: 0M used, 0M committed, 1088M reserved
[2026-01-06T22:08:23.381+0800][5.963s][info][gc,ref      ] GC(11) O:                       Encountered   Discovered     Enqueued 
[2026-01-06T22:08:23.381+0800][5.963s][info][gc,ref      ] GC(11) O: Soft References:                1            0            0 
[2026-01-06T22:08:23.381+0800][5.963s][info][gc,ref      ] GC(11) O: Weak References:                6            0            0 
[2026-01-06T22:08:23.381+0800][5.963s][info][gc,ref      ] GC(11) O: Final References:               0            0            0 
[2026-01-06T22:08:23.381+0800][5.963s][info][gc,ref      ] GC(11) O: Phantom References:             1            1            0 
[2026-01-06T22:08:23.381+0800][5.963s][info][gc,reloc    ] GC(11) O:                        Candidates     Selected     In-Place         Size        Empty    Relocated 
[2026-01-06T22:08:23.381+0800][5.963s][info][gc,reloc    ] GC(11) O: Small Pages:                    1            0            0           2M           0M           0M 
[2026-01-06T22:08:23.381+0800][5.963s][info][gc,reloc    ] GC(11) O: Medium Pages:                   0            0            0           0M           0M           0M 
[2026-01-06T22:08:23.381+0800][5.963s][info][gc,reloc    ] GC(11) O: Large Pages:                    0            0            0           0M           0M           0M 
[2026-01-06T22:08:23.381+0800][5.963s][info][gc,reloc    ] GC(11) O: Forwarding Usage: 0M
[2026-01-06T22:08:23.381+0800][5.963s][info][gc,heap     ] GC(11) O: Min Capacity: 8M(0%)
[2026-01-06T22:08:23.381+0800][5.963s][info][gc,heap     ] GC(11) O: Max Capacity: 4096M(100%)
[2026-01-06T22:08:23.381+0800][5.963s][info][gc,heap     ] GC(11) O: Soft Max Capacity: 3686M(90%)
[2026-01-06T22:08:23.381+0800][5.963s][info][gc,heap     ] GC(11) O: Heap Statistics:
[2026-01-06T22:08:23.381+0800][5.963s][info][gc,heap     ] GC(11) O:                Mark Start          Mark End        Relocate Start      Relocate End           High               Low         
[2026-01-06T22:08:23.381+0800][5.963s][info][gc,heap     ] GC(11) O:  Capacity:     3494M (85%)        3494M (85%)        3494M (85%)        3494M (85%)        3494M (85%)        3494M (85%)    
[2026-01-06T22:08:23.381+0800][5.963s][info][gc,heap     ] GC(11) O:      Free:     3668M (90%)        4054M (99%)        4050M (99%)        4050M (99%)        4088M (100%)       3666M (90%)    
[2026-01-06T22:08:23.381+0800][5.963s][info][gc,heap     ] GC(11) O:      Used:      428M (10%)          42M (1%)           46M (1%)           46M (1%)          430M (10%)           8M (0%)     
[2026-01-06T22:08:23.381+0800][5.963s][info][gc,heap     ] GC(11) O: Old Generation Statistics:
[2026-01-06T22:08:23.381+0800][5.963s][info][gc,heap     ] GC(11) O:                Mark Start          Mark End        Relocate Start      Relocate End    
[2026-01-06T22:08:23.381+0800][5.963s][info][gc,heap     ] GC(11) O:      Used:        2M (0%)            2M (0%)            2M (0%)            2M (0%)     
[2026-01-06T22:08:23.381+0800][5.963s][info][gc,heap     ] GC(11) O:      Live:         -                 1M (0%)            1M (0%)            1M (0%)     
[2026-01-06T22:08:23.381+0800][5.963s][info][gc,heap     ] GC(11) O:   Garbage:         -                 0M (0%)            0M (0%)            0M (0%)     
[2026-01-06T22:08:23.381+0800][5.963s][info][gc,heap     ] GC(11) O: Allocated:         -                 0M (0%)            0M (0%)            0M (0%)     
[2026-01-06T22:08:23.381+0800][5.963s][info][gc,heap     ] GC(11) O: Reclaimed:         -                  -                 0M (0%)            0M (0%)     
[2026-01-06T22:08:23.381+0800][5.963s][info][gc,heap     ] GC(11) O: Compacted:         -                  -                  -                 0M (0%)     
[2026-01-06T22:08:23.381+0800][5.963s][info][gc,phases   ] GC(11) O: Old Generation 12M(0%)->46M(1%) 0.008s
[2026-01-06T22:08:23.381+0800][5.963s][info][gc          ] GC(11) Major Collection (Proactive) 428M(10%)->50M(1%) 0.009s
[2026-01-06T22:08:24.133+0800][6.715s][info][gc          ] GC(12) Minor Collection (High Usage)
[2026-01-06T22:08:24.133+0800][6.715s][info][gc,task     ] GC(12) Using 1 Workers for Young Generation
[2026-01-06T22:08:24.133+0800][6.715s][info][gc,phases   ] GC(12) y: Young Generation
[2026-01-06T22:08:24.133+0800][6.715s][info][gc,phases   ] GC(12) y: Pause Mark Start 0.013ms
[2026-01-06T22:08:24.134+0800][6.715s][info][gc,phases   ] GC(12) y: Concurrent Mark 0.346ms
[2026-01-06T22:08:24.134+0800][6.715s][info][gc,phases   ] GC(12) y: Pause Mark End 0.004ms
[2026-01-06T22:08:24.134+0800][6.715s][info][gc,phases   ] GC(12) y: Concurrent Mark Free 0.004ms
[2026-01-06T22:08:24.134+0800][6.715s][info][gc,phases   ] GC(12) y: Concurrent Reset Relocation Set 0.005ms
[2026-01-06T22:08:24.139+0800][6.721s][info][gc,reloc    ] GC(12) y: Using tenuring threshold: 11 (Computed)
[2026-01-06T22:08:24.139+0800][6.721s][info][gc,phases   ] GC(12) y: Concurrent Select Relocation Set 5.604ms
[2026-01-06T22:08:24.140+0800][6.721s][info][gc,phases   ] GC(12) y: Pause Relocate Start 0.002ms
[2026-01-06T22:08:24.140+0800][6.721s][info][gc,phases   ] GC(12) y: Concurrent Relocate 0.041ms
[2026-01-06T22:08:24.140+0800][6.721s][info][gc,alloc    ] GC(12) y:                         Mark Start        Mark End      Relocate Start    Relocate End   
[2026-01-06T22:08:24.140+0800][6.721s][info][gc,alloc    ] GC(12) y: Allocation Stalls:          0                0                0                0         
[2026-01-06T22:08:24.140+0800][6.721s][info][gc,load     ] GC(12) y: Load: 1.92 (19%) / 1.81 (18%) / 2.00 (20%)
[2026-01-06T22:08:24.140+0800][6.721s][info][gc,mmu      ] GC(12) y: MMU: 2ms/98.5%, 5ms/99.4%, 10ms/99.6%, 20ms/99.8%, 50ms/99.9%, 100ms/100.0%
[2026-01-06T22:08:24.140+0800][6.721s][info][gc,marking  ] GC(12) y: Mark: 1 stripe(s), 2 proactive flush(es), 1 terminate flush(es), 0 completion(s), 0 continuation(s) 
[2026-01-06T22:08:24.140+0800][6.721s][info][gc,nmethod  ] GC(12) y: NMethods: 41 registered, 34 unregistered
[2026-01-06T22:08:24.140+0800][6.721s][info][gc,metaspace] GC(12) y: Metaspace: 0M used, 0M committed, 1088M reserved
[2026-01-06T22:08:24.140+0800][6.721s][info][gc,reloc    ] GC(12) y:                        Candidates     Selected     In-Place         Size        Empty    Relocated 
[2026-01-06T22:08:24.140+0800][6.721s][info][gc,reloc    ] GC(12) y: Small Pages:                 1742            1            0        3484M        3480M           0M 
[2026-01-06T22:08:24.140+0800][6.721s][info][gc,reloc    ] GC(12) y: Medium Pages:                   0            0            0           0M           0M           0M 
[2026-01-06T22:08:24.140+0800][6.721s][info][gc,reloc    ] GC(12) y: Large Pages:                    0            0            0           0M           0M           0M 
[2026-01-06T22:08:24.140+0800][6.721s][info][gc,reloc    ] GC(12) y: Forwarding Usage: 0M
[2026-01-06T22:08:24.140+0800][6.721s][info][gc,reloc    ] GC(12) y: Age Table:
[2026-01-06T22:08:24.140+0800][6.721s][info][gc,reloc    ] GC(12) y:                    Live             Garbage             Small              Medium             Large        
[2026-01-06T22:08:24.140+0800][6.721s][info][gc,reloc    ] GC(12) y: Eden               0M (0%)         3479M (85%)       1740 / 1              0 / 0              0 / 0        
[2026-01-06T22:08:24.140+0800][6.721s][info][gc,reloc    ] GC(12) y: Survivor 1          -                 2M (0%)           1 / 0              0 / 0              0 / 0        
[2026-01-06T22:08:24.140+0800][6.721s][info][gc,reloc    ] GC(12) y: Survivor 2          -                 0M (0%)           0 / 0              0 / 0              0 / 0        
[2026-01-06T22:08:24.140+0800][6.721s][info][gc,reloc    ] GC(12) y: Survivor 3          -                 0M (0%)           0 / 0              0 / 0              0 / 0        
[2026-01-06T22:08:24.140+0800][6.721s][info][gc,reloc    ] GC(12) y: Survivor 4          -                 0M (0%)           0 / 0              0 / 0              0 / 0        
[2026-01-06T22:08:24.140+0800][6.721s][info][gc,reloc    ] GC(12) y: Survivor 5          -                 0M (0%)           0 / 0              0 / 0              0 / 0        
[2026-01-06T22:08:24.140+0800][6.721s][info][gc,reloc    ] GC(12) y: Survivor 6          -                 0M (0%)           0 / 0              0 / 0              0 / 0        
[2026-01-06T22:08:24.140+0800][6.721s][info][gc,reloc    ] GC(12) y: Survivor 7          -                 0M (0%)           0 / 0              0 / 0              0 / 0        
[2026-01-06T22:08:24.140+0800][6.721s][info][gc,reloc    ] GC(12) y: Survivor 8          -                 0M (0%)           0 / 0              0 / 0              0 / 0        
[2026-01-06T22:08:24.140+0800][6.721s][info][gc,reloc    ] GC(12) y: Survivor 9          -                 0M (0%)           0 / 0              0 / 0              0 / 0        
[2026-01-06T22:08:24.140+0800][6.721s][info][gc,reloc    ] GC(12) y: Survivor 10        0M (0%)            1M (0%)           1 / 0              0 / 0              0 / 0        
[2026-01-06T22:08:24.140+0800][6.721s][info][gc,heap     ] GC(12) y: Min Capacity: 8M(0%)
[2026-01-06T22:08:24.140+0800][6.721s][info][gc,heap     ] GC(12) y: Max Capacity: 4096M(100%)
[2026-01-06T22:08:24.140+0800][6.721s][info][gc,heap     ] GC(12) y: Soft Max Capacity: 3686M(90%)
[2026-01-06T22:08:24.140+0800][6.721s][info][gc,heap     ] GC(12) y: Heap Statistics:
[2026-01-06T22:08:24.140+0800][6.721s][info][gc,heap     ] GC(12) y:                Mark Start          Mark End        Relocate Start      Relocate End           High               Low         
[2026-01-06T22:08:24.140+0800][6.721s][info][gc,heap     ] GC(12) y:  Capacity:     3494M (85%)        3494M (85%)        3494M (85%)        3494M (85%)        3494M (85%)        3494M (85%)    
[2026-01-06T22:08:24.140+0800][6.721s][info][gc,heap     ] GC(12) y:      Free:      610M (15%)         606M (15%)        4078M (100%)       4078M (100%)       4078M (100%)        606M (15%)    
[2026-01-06T22:08:24.140+0800][6.721s][info][gc,heap     ] GC(12) y:      Used:     3486M (85%)        3490M (85%)          18M (0%)           18M (0%)         3490M (85%)          18M (0%)     
[2026-01-06T22:08:24.140+0800][6.721s][info][gc,heap     ] GC(12) y: Young Generation Statistics:
[2026-01-06T22:08:24.140+0800][6.721s][info][gc,heap     ] GC(12) y:                Mark Start          Mark End        Relocate Start      Relocate End    
[2026-01-06T22:08:24.140+0800][6.721s][info][gc,heap     ] GC(12) y:      Used:     3484M (85%)        3488M (85%)          16M (0%)           16M (0%)     
[2026-01-06T22:08:24.140+0800][6.721s][info][gc,heap     ] GC(12) y:      Live:         -                 0M (0%)            0M (0%)            0M (0%)     
[2026-01-06T22:08:24.140+0800][6.721s][info][gc,heap     ] GC(12) y:   Garbage:         -              3483M (85%)           3M (0%)            0M (0%)     
[2026-01-06T22:08:24.140+0800][6.721s][info][gc,heap     ] GC(12) y: Allocated:         -                 4M (0%)           12M (0%)           15M (0%)     
[2026-01-06T22:08:24.140+0800][6.721s][info][gc,heap     ] GC(12) y: Reclaimed:         -                  -              3480M (85%)        3483M (85%)    
[2026-01-06T22:08:24.140+0800][6.721s][info][gc,heap     ] GC(12) y:  Promoted:         -                  -                 0M (0%)            0M (0%)     
[2026-01-06T22:08:24.140+0800][6.721s][info][gc,heap     ] GC(12) y: Compacted:         -                  -                  -                 0M (0%)     
[2026-01-06T22:08:24.140+0800][6.721s][info][gc,phases   ] GC(12) y: Young Generation 3486M(85%)->18M(0%) 0.006s
[2026-01-06T22:08:24.140+0800][6.721s][info][gc          ] GC(12) Minor Collection (High Usage) 3486M(85%)->20M(0%) 0.006s
[2026-01-06T22:08:24.632+0800][7.214s][info][gc          ] GC(13) Major Collection (Proactive)
[2026-01-06T22:08:24.632+0800][7.214s][info][gc,task     ] GC(13) Using 1 Workers for Young Generation
[2026-01-06T22:08:24.632+0800][7.214s][info][gc,task     ] GC(13) Using 1 Workers for Old Generation
[2026-01-06T22:08:24.632+0800][7.214s][info][gc,phases   ] GC(13) Y: Young Generation
[2026-01-06T22:08:24.632+0800][7.214s][info][gc,phases   ] GC(13) Y: Pause Mark Start (Major) 0.009ms
[2026-01-06T22:08:24.632+0800][7.214s][info][gc,phases   ] GC(13) Y: Concurrent Mark 0.232ms
[2026-01-06T22:08:24.632+0800][7.214s][info][gc,phases   ] GC(13) Y: Pause Mark End 0.003ms
[2026-01-06T22:08:24.632+0800][7.214s][info][gc,phases   ] GC(13) Y: Concurrent Mark Free 0.002ms
[2026-01-06T22:08:24.632+0800][7.214s][info][gc,phases   ] GC(13) Y: Concurrent Reset Relocation Set 0.001ms
[2026-01-06T22:08:24.633+0800][7.215s][info][gc,reloc    ] GC(13) Y: Using tenuring threshold: 12 (Computed)
[2026-01-06T22:08:24.633+0800][7.215s][info][gc,phases   ] GC(13) Y: Concurrent Select Relocation Set 0.886ms
[2026-01-06T22:08:24.633+0800][7.215s][info][gc,phases   ] GC(13) Y: Pause Relocate Start 0.001ms
[2026-01-06T22:08:24.633+0800][7.215s][info][gc,phases   ] GC(13) Y: Concurrent Relocate 0.028ms
[2026-01-06T22:08:24.633+0800][7.215s][info][gc,alloc    ] GC(13) Y:                         Mark Start        Mark End      Relocate Start    Relocate End   
[2026-01-06T22:08:24.633+0800][7.215s][info][gc,alloc    ] GC(13) Y: Allocation Stalls:          0                0                0                0         
[2026-01-06T22:08:24.633+0800][7.215s][info][gc,load     ] GC(13) Y: Load: 1.92 (19%) / 1.81 (18%) / 2.00 (20%)
[2026-01-06T22:08:24.633+0800][7.215s][info][gc,mmu      ] GC(13) Y: MMU: 2ms/98.5%, 5ms/99.4%, 10ms/99.6%, 20ms/99.8%, 50ms/99.9%, 100ms/100.0%
[2026-01-06T22:08:24.633+0800][7.215s][info][gc,marking  ] GC(13) Y: Mark: 1 stripe(s), 2 proactive flush(es), 1 terminate flush(es), 0 completion(s), 0 continuation(s) 
[2026-01-06T22:08:24.633+0800][7.215s][info][gc,nmethod  ] GC(13) Y: NMethods: 41 registered, 34 unregistered
[2026-01-06T22:08:24.633+0800][7.215s][info][gc,metaspace] GC(13) Y: Metaspace: 0M used, 0M committed, 1088M reserved
[2026-01-06T22:08:24.633+0800][7.215s][info][gc,reloc    ] GC(13) Y:                        Candidates     Selected     In-Place         Size        Empty    Relocated 
[2026-01-06T22:08:24.633+0800][7.215s][info][gc,reloc    ] GC(13) Y: Small Pages:                 1247            1            0        2494M        2490M           0M 
[2026-01-06T22:08:24.633+0800][7.215s][info][gc,reloc    ] GC(13) Y: Medium Pages:                   0            0            0           0M           0M           0M 
[2026-01-06T22:08:24.633+0800][7.215s][info][gc,reloc    ] GC(13) Y: Large Pages:                    0            0            0           0M           0M           0M 
[2026-01-06T22:08:24.633+0800][7.215s][info][gc,reloc    ] GC(13) Y: Forwarding Usage: 0M
[2026-01-06T22:08:24.633+0800][7.215s][info][gc,reloc    ] GC(13) Y: Age Table:
[2026-01-06T22:08:24.633+0800][7.215s][info][gc,reloc    ] GC(13) Y:                    Live             Garbage             Small              Medium             Large        
[2026-01-06T22:08:24.633+0800][7.215s][info][gc,reloc    ] GC(13) Y: Eden               0M (0%)         2489M (61%)       1245 / 1              0 / 0              0 / 0        
[2026-01-06T22:08:24.634+0800][7.215s][info][gc,reloc    ] GC(13) Y: Survivor 1          -                 2M (0%)           1 / 0              0 / 0              0 / 0        
[2026-01-06T22:08:24.634+0800][7.215s][info][gc,reloc    ] GC(13) Y: Survivor 2          -                 0M (0%)           0 / 0              0 / 0              0 / 0        
[2026-01-06T22:08:24.634+0800][7.215s][info][gc,reloc    ] GC(13) Y: Survivor 3          -                 0M (0%)           0 / 0              0 / 0              0 / 0        
[2026-01-06T22:08:24.634+0800][7.215s][info][gc,reloc    ] GC(13) Y: Survivor 4          -                 0M (0%)           0 / 0              0 / 0              0 / 0        
[2026-01-06T22:08:24.634+0800][7.215s][info][gc,reloc    ] GC(13) Y: Survivor 5          -                 0M (0%)           0 / 0              0 / 0              0 / 0        
[2026-01-06T22:08:24.634+0800][7.215s][info][gc,reloc    ] GC(13) Y: Survivor 6          -                 0M (0%)           0 / 0              0 / 0              0 / 0        
[2026-01-06T22:08:24.634+0800][7.215s][info][gc,reloc    ] GC(13) Y: Survivor 7          -                 0M (0%)           0 / 0              0 / 0              0 / 0        
[2026-01-06T22:08:24.634+0800][7.215s][info][gc,reloc    ] GC(13) Y: Survivor 8          -                 0M (0%)           0 / 0              0 / 0              0 / 0        
[2026-01-06T22:08:24.634+0800][7.215s][info][gc,reloc    ] GC(13) Y: Survivor 9          -                 0M (0%)           0 / 0              0 / 0              0 / 0        
[2026-01-06T22:08:24.634+0800][7.215s][info][gc,reloc    ] GC(13) Y: Survivor 10         -                 0M (0%)           0 / 0              0 / 0              0 / 0        
[2026-01-06T22:08:24.634+0800][7.215s][info][gc,reloc    ] GC(13) Y: Survivor 11        0M (0%)            1M (0%)           1 / 0              0 / 0              0 / 0        
[2026-01-06T22:08:24.634+0800][7.215s][info][gc,heap     ] GC(13) Y: Min Capacity: 8M(0%)
[2026-01-06T22:08:24.634+0800][7.215s][info][gc,heap     ] GC(13) Y: Max Capacity: 4096M(100%)
[2026-01-06T22:08:24.634+0800][7.215s][info][gc,heap     ] GC(13) Y: Soft Max Capacity: 3686M(90%)
[2026-01-06T22:08:24.634+0800][7.215s][info][gc,heap     ] GC(13) Y: Heap Statistics:
[2026-01-06T22:08:24.634+0800][7.215s][info][gc,heap     ] GC(13) Y:                Mark Start          Mark End        Relocate Start      Relocate End           High               Low         
[2026-01-06T22:08:24.634+0800][7.215s][info][gc,heap     ] GC(13) Y:  Capacity:     3494M (85%)        3494M (85%)        3494M (85%)        3494M (85%)        3494M (85%)        3494M (85%)    
[2026-01-06T22:08:24.634+0800][7.215s][info][gc,heap     ] GC(13) Y:      Free:     1600M (39%)        1598M (39%)        4084M (100%)       4084M (100%)       4084M (100%)       1598M (39%)    
[2026-01-06T22:08:24.634+0800][7.215s][info][gc,heap     ] GC(13) Y:      Used:     2496M (61%)        2498M (61%)          12M (0%)           12M (0%)         2498M (61%)          12M (0%)     
[2026-01-06T22:08:24.634+0800][7.215s][info][gc,heap     ] GC(13) Y: Young Generation Statistics:
[2026-01-06T22:08:24.634+0800][7.215s][info][gc,heap     ] GC(13) Y:                Mark Start          Mark End        Relocate Start      Relocate End    
[2026-01-06T22:08:24.634+0800][7.215s][info][gc,heap     ] GC(13) Y:      Used:     2494M (61%)        2496M (61%)          10M (0%)           10M (0%)     
[2026-01-06T22:08:24.634+0800][7.215s][info][gc,heap     ] GC(13) Y:      Live:         -                 0M (0%)            0M (0%)            0M (0%)     
[2026-01-06T22:08:24.634+0800][7.215s][info][gc,heap     ] GC(13) Y:   Garbage:         -              2493M (61%)           3M (0%)            0M (0%)     
[2026-01-06T22:08:24.634+0800][7.215s][info][gc,heap     ] GC(13) Y: Allocated:         -                 2M (0%)            6M (0%)            9M (0%)     
[2026-01-06T22:08:24.634+0800][7.215s][info][gc,heap     ] GC(13) Y: Reclaimed:         -                  -              2490M (61%)        2493M (61%)    
[2026-01-06T22:08:24.634+0800][7.215s][info][gc,heap     ] GC(13) Y:  Promoted:         -                  -                 0M (0%)            0M (0%)     
[2026-01-06T22:08:24.634+0800][7.215s][info][gc,heap     ] GC(13) Y: Compacted:         -                  -                  -                 0M (0%)     
[2026-01-06T22:08:24.634+0800][7.215s][info][gc,phases   ] GC(13) Y: Young Generation 2496M(61%)->12M(0%) 0.001s
[2026-01-06T22:08:24.634+0800][7.215s][info][gc,phases   ] GC(13) O: Old Generation
[2026-01-06T22:08:24.637+0800][7.218s][info][gc,phases   ] GC(13) O: Concurrent Mark 2.976ms
[2026-01-06T22:08:24.637+0800][7.218s][info][gc,phases   ] GC(13) O: Pause Mark End 0.003ms
[2026-01-06T22:08:24.637+0800][7.218s][info][gc,phases   ] GC(13) O: Concurrent Mark Free 0.001ms
[2026-01-06T22:08:24.637+0800][7.218s][info][gc,phases   ] GC(13) O: Concurrent Process Non-Strong 0.152ms
[2026-01-06T22:08:24.637+0800][7.218s][info][gc,phases   ] GC(13) O: Concurrent Reset Relocation Set 0.000ms
[2026-01-06T22:08:24.637+0800][7.218s][info][gc,phases   ] GC(13) O: Concurrent Select Relocation Set 0.054ms
[2026-01-06T22:08:24.637+0800][7.218s][info][gc,task     ] GC(13) O: Using 2 Workers for Old Generation
[2026-01-06T22:08:24.637+0800][7.218s][info][gc,task     ] GC(13) O: Using 1 Workers for Old Generation
[2026-01-06T22:08:24.637+0800][7.218s][info][gc,phases   ] GC(13) O: Concurrent Remap Roots 0.046ms
[2026-01-06T22:08:24.637+0800][7.218s][info][gc,phases   ] GC(13) O: Pause Relocate Start 0.001ms
[2026-01-06T22:08:24.637+0800][7.218s][info][gc,phases   ] GC(13) O: Concurrent Relocate 0.008ms
[2026-01-06T22:08:24.637+0800][7.218s][info][gc,alloc    ] GC(13) O:                         Mark Start        Mark End      Relocate Start    Relocate End   
[2026-01-06T22:08:24.637+0800][7.218s][info][gc,alloc    ] GC(13) O: Allocation Stalls:          0                0                0                0         
[2026-01-06T22:08:24.637+0800][7.218s][info][gc,load     ] GC(13) O: Load: 1.92 (19%) / 1.81 (18%) / 2.00 (20%)
[2026-01-06T22:08:24.637+0800][7.218s][info][gc,mmu      ] GC(13) O: MMU: 2ms/98.5%, 5ms/99.4%, 10ms/99.6%, 20ms/99.8%, 50ms/99.9%, 100ms/100.0%
[2026-01-06T22:08:24.637+0800][7.218s][info][gc,marking  ] GC(13) O: Mark: 1 stripe(s), 2 proactive flush(es), 1 terminate flush(es), 0 completion(s), 0 continuation(s) 
[2026-01-06T22:08:24.637+0800][7.218s][info][gc,nmethod  ] GC(13) O: NMethods: 41 registered, 34 unregistered
[2026-01-06T22:08:24.637+0800][7.218s][info][gc,metaspace] GC(13) O: Metaspace: 0M used, 0M committed, 1088M reserved
[2026-01-06T22:08:24.637+0800][7.218s][info][gc,ref      ] GC(13) O:                       Encountered   Discovered     Enqueued 
[2026-01-06T22:08:24.637+0800][7.218s][info][gc,ref      ] GC(13) O: Soft References:                1            0            0 
[2026-01-06T22:08:24.637+0800][7.218s][info][gc,ref      ] GC(13) O: Weak References:                6            0            0 
[2026-01-06T22:08:24.637+0800][7.218s][info][gc,ref      ] GC(13) O: Final References:               0            0            0 
[2026-01-06T22:08:24.637+0800][7.219s][info][gc,ref      ] GC(13) O: Phantom References:             1            1            0 
[2026-01-06T22:08:24.637+0800][7.219s][info][gc,reloc    ] GC(13) O:                        Candidates     Selected     In-Place         Size        Empty    Relocated 
[2026-01-06T22:08:24.637+0800][7.219s][info][gc,reloc    ] GC(13) O: Small Pages:                    1            0            0           2M           0M           0M 
[2026-01-06T22:08:24.637+0800][7.219s][info][gc,reloc    ] GC(13) O: Medium Pages:                   0            0            0           0M           0M           0M 
[2026-01-06T22:08:24.637+0800][7.219s][info][gc,reloc    ] GC(13) O: Large Pages:                    0            0            0           0M           0M           0M 
[2026-01-06T22:08:24.637+0800][7.219s][info][gc,reloc    ] GC(13) O: Forwarding Usage: 0M
[2026-01-06T22:08:24.637+0800][7.219s][info][gc,heap     ] GC(13) O: Min Capacity: 8M(0%)
[2026-01-06T22:08:24.637+0800][7.219s][info][gc,heap     ] GC(13) O: Max Capacity: 4096M(100%)
[2026-01-06T22:08:24.637+0800][7.219s][info][gc,heap     ] GC(13) O: Soft Max Capacity: 3686M(90%)
[2026-01-06T22:08:24.637+0800][7.219s][info][gc,heap     ] GC(13) O: Heap Statistics:
[2026-01-06T22:08:24.637+0800][7.219s][info][gc,heap     ] GC(13) O:                Mark Start          Mark End        Relocate Start      Relocate End           High               Low         
[2026-01-06T22:08:24.637+0800][7.219s][info][gc,heap     ] GC(13) O:  Capacity:     3494M (85%)        3494M (85%)        3494M (85%)        3494M (85%)        3494M (85%)        3494M (85%)    
[2026-01-06T22:08:24.637+0800][7.219s][info][gc,heap     ] GC(13) O:      Free:     1600M (39%)        4070M (99%)        4068M (99%)        4068M (99%)        4084M (100%)       1598M (39%)    
[2026-01-06T22:08:24.637+0800][7.219s][info][gc,heap     ] GC(13) O:      Used:     2496M (61%)          26M (1%)           28M (1%)           28M (1%)         2498M (61%)          12M (0%)     
[2026-01-06T22:08:24.637+0800][7.219s][info][gc,heap     ] GC(13) O: Old Generation Statistics:
[2026-01-06T22:08:24.637+0800][7.219s][info][gc,heap     ] GC(13) O:                Mark Start          Mark End        Relocate Start      Relocate End    
[2026-01-06T22:08:24.637+0800][7.219s][info][gc,heap     ] GC(13) O:      Used:        2M (0%)            2M (0%)            2M (0%)            2M (0%)     
[2026-01-06T22:08:24.637+0800][7.219s][info][gc,heap     ] GC(13) O:      Live:         -                 1M (0%)            1M (0%)            1M (0%)     
[2026-01-06T22:08:24.637+0800][7.219s][info][gc,heap     ] GC(13) O:   Garbage:         -                 0M (0%)            0M (0%)            0M (0%)     
[2026-01-06T22:08:24.637+0800][7.219s][info][gc,heap     ] GC(13) O: Allocated:         -                 0M (0%)            0M (0%)            0M (0%)     
[2026-01-06T22:08:24.637+0800][7.219s][info][gc,heap     ] GC(13) O: Reclaimed:         -                  -                 0M (0%)            0M (0%)     
[2026-01-06T22:08:24.637+0800][7.219s][info][gc,heap     ] GC(13) O: Compacted:         -                  -                  -                 0M (0%)     
[2026-01-06T22:08:24.637+0800][7.219s][info][gc,phases   ] GC(13) O: Old Generation 12M(0%)->28M(1%) 0.003s
[2026-01-06T22:08:24.637+0800][7.219s][info][gc          ] GC(13) Major Collection (Proactive) 2496M(61%)->28M(1%) 0.005s
[2026-01-06T22:08:25.032+0800][7.613s][info][gc          ] GC(14) Minor Collection (High Usage)
[2026-01-06T22:08:25.032+0800][7.614s][info][gc,task     ] GC(14) Using 1 Workers for Young Generation
[2026-01-06T22:08:25.032+0800][7.614s][info][gc,phases   ] GC(14) y: Young Generation
[2026-01-06T22:08:25.032+0800][7.614s][info][gc,phases   ] GC(14) y: Pause Mark Start 0.003ms
[2026-01-06T22:08:25.032+0800][7.614s][info][gc,phases   ] GC(14) y: Concurrent Mark 0.167ms
[2026-01-06T22:08:25.032+0800][7.614s][info][gc,phases   ] GC(14) y: Pause Mark End 0.003ms
[2026-01-06T22:08:25.032+0800][7.614s][info][gc,phases   ] GC(14) y: Concurrent Mark Free 0.000ms
[2026-01-06T22:08:25.032+0800][7.614s][info][gc,phases   ] GC(14) y: Concurrent Reset Relocation Set 0.000ms
[2026-01-06T22:08:25.033+0800][7.614s][info][gc,reloc    ] GC(14) y: Using tenuring threshold: 13 (Computed)
[2026-01-06T22:08:25.033+0800][7.614s][info][gc,phases   ] GC(14) y: Concurrent Select Relocation Set 0.435ms
[2026-01-06T22:08:25.033+0800][7.614s][info][gc,phases   ] GC(14) y: Pause Relocate Start 0.002ms
[2026-01-06T22:08:25.033+0800][7.614s][info][gc,phases   ] GC(14) y: Concurrent Relocate 0.023ms
[2026-01-06T22:08:25.033+0800][7.614s][info][gc,alloc    ] GC(14) y:                         Mark Start        Mark End      Relocate Start    Relocate End   
[2026-01-06T22:08:25.033+0800][7.614s][info][gc,alloc    ] GC(14) y: Allocation Stalls:          0                0                0                0         
[2026-01-06T22:08:25.033+0800][7.614s][info][gc,load     ] GC(14) y: Load: 1.92 (19%) / 1.81 (18%) / 2.00 (20%)
[2026-01-06T22:08:25.033+0800][7.614s][info][gc,mmu      ] GC(14) y: MMU: 2ms/98.5%, 5ms/99.4%, 10ms/99.6%, 20ms/99.8%, 50ms/99.9%, 100ms/100.0%
[2026-01-06T22:08:25.033+0800][7.614s][info][gc,marking  ] GC(14) y: Mark: 1 stripe(s), 2 proactive flush(es), 1 terminate flush(es), 0 completion(s), 0 continuation(s) 
[2026-01-06T22:08:25.033+0800][7.614s][info][gc,nmethod  ] GC(14) y: NMethods: 41 registered, 34 unregistered
[2026-01-06T22:08:25.033+0800][7.614s][info][gc,metaspace] GC(14) y: Metaspace: 0M used, 0M committed, 1088M reserved
[2026-01-06T22:08:25.033+0800][7.614s][info][gc,reloc    ] GC(14) y:                        Candidates     Selected     In-Place         Size        Empty    Relocated 
[2026-01-06T22:08:25.033+0800][7.614s][info][gc,reloc    ] GC(14) y: Small Pages:                 1743            1            0        3486M        3482M           0M 
[2026-01-06T22:08:25.033+0800][7.614s][info][gc,reloc    ] GC(14) y: Medium Pages:                   0            0            0           0M           0M           0M 
[2026-01-06T22:08:25.033+0800][7.614s][info][gc,reloc    ] GC(14) y: Large Pages:                    0            0            0           0M           0M           0M 
[2026-01-06T22:08:25.033+0800][7.614s][info][gc,reloc    ] GC(14) y: Forwarding Usage: 0M
[2026-01-06T22:08:25.033+0800][7.614s][info][gc,reloc    ] GC(14) y: Age Table:
[2026-01-06T22:08:25.033+0800][7.614s][info][gc,reloc    ] GC(14) y:                    Live             Garbage             Small              Medium             Large        
[2026-01-06T22:08:25.033+0800][7.614s][info][gc,reloc    ] GC(14) y: Eden               0M (0%)         3481M (85%)       1741 / 1              0 / 0              0 / 0        
[2026-01-06T22:08:25.033+0800][7.614s][info][gc,reloc    ] GC(14) y: Survivor 1          -                 2M (0%)           1 / 0              0 / 0              0 / 0        
[2026-01-06T22:08:25.033+0800][7.614s][info][gc,reloc    ] GC(14) y: Survivor 2          -                 0M (0%)           0 / 0              0 / 0              0 / 0        
[2026-01-06T22:08:25.033+0800][7.614s][info][gc,reloc    ] GC(14) y: Survivor 3          -                 0M (0%)           0 / 0              0 / 0              0 / 0        
[2026-01-06T22:08:25.033+0800][7.614s][info][gc,reloc    ] GC(14) y: Survivor 4          -                 0M (0%)           0 / 0              0 / 0              0 / 0        
[2026-01-06T22:08:25.033+0800][7.614s][info][gc,reloc    ] GC(14) y: Survivor 5          -                 0M (0%)           0 / 0              0 / 0              0 / 0        
[2026-01-06T22:08:25.033+0800][7.614s][info][gc,reloc    ] GC(14) y: Survivor 6          -                 0M (0%)           0 / 0              0 / 0              0 / 0        
[2026-01-06T22:08:25.033+0800][7.615s][info][gc,reloc    ] GC(14) y: Survivor 7          -                 0M (0%)           0 / 0              0 / 0              0 / 0        
[2026-01-06T22:08:25.033+0800][7.615s][info][gc,reloc    ] GC(14) y: Survivor 8          -                 0M (0%)           0 / 0              0 / 0              0 / 0        
[2026-01-06T22:08:25.033+0800][7.615s][info][gc,reloc    ] GC(14) y: Survivor 9          -                 0M (0%)           0 / 0              0 / 0              0 / 0        
[2026-01-06T22:08:25.033+0800][7.615s][info][gc,reloc    ] GC(14) y: Survivor 10         -                 0M (0%)           0 / 0              0 / 0              0 / 0        
[2026-01-06T22:08:25.033+0800][7.615s][info][gc,reloc    ] GC(14) y: Survivor 11         -                 0M (0%)           0 / 0              0 / 0              0 / 0        
[2026-01-06T22:08:25.033+0800][7.615s][info][gc,reloc    ] GC(14) y: Survivor 12        0M (0%)            1M (0%)           1 / 0              0 / 0              0 / 0        
[2026-01-06T22:08:25.033+0800][7.615s][info][gc,heap     ] GC(14) y: Min Capacity: 8M(0%)
[2026-01-06T22:08:25.033+0800][7.615s][info][gc,heap     ] GC(14) y: Max Capacity: 4096M(100%)
[2026-01-06T22:08:25.033+0800][7.615s][info][gc,heap     ] GC(14) y: Soft Max Capacity: 3686M(90%)
[2026-01-06T22:08:25.033+0800][7.615s][info][gc,heap     ] GC(14) y: Heap Statistics:
[2026-01-06T22:08:25.033+0800][7.615s][info][gc,heap     ] GC(14) y:                Mark Start          Mark End        Relocate Start      Relocate End           High               Low         
[2026-01-06T22:08:25.033+0800][7.615s][info][gc,heap     ] GC(14) y:  Capacity:     3494M (85%)        3494M (85%)        3494M (85%)        3494M (85%)        3494M (85%)        3494M (85%)    
[2026-01-06T22:08:25.033+0800][7.615s][info][gc,heap     ] GC(14) y:      Free:      608M (15%)         606M (15%)        4086M (100%)       4086M (100%)       4086M (100%)        606M (15%)    
[2026-01-06T22:08:25.033+0800][7.615s][info][gc,heap     ] GC(14) y:      Used:     3488M (85%)        3490M (85%)          10M (0%)           10M (0%)         3490M (85%)          10M (0%)     
[2026-01-06T22:08:25.033+0800][7.615s][info][gc,heap     ] GC(14) y: Young Generation Statistics:
[2026-01-06T22:08:25.033+0800][7.615s][info][gc,heap     ] GC(14) y:                Mark Start          Mark End        Relocate Start      Relocate End    
[2026-01-06T22:08:25.033+0800][7.615s][info][gc,heap     ] GC(14) y:      Used:     3486M (85%)        3488M (85%)           8M (0%)            8M (0%)     
[2026-01-06T22:08:25.033+0800][7.615s][info][gc,heap     ] GC(14) y:      Live:         -                 0M (0%)            0M (0%)            0M (0%)     
[2026-01-06T22:08:25.033+0800][7.615s][info][gc,heap     ] GC(14) y:   Garbage:         -              3485M (85%)           3M (0%)            0M (0%)     
[2026-01-06T22:08:25.033+0800][7.615s][info][gc,heap     ] GC(14) y: Allocated:         -                 2M (0%)            4M (0%)            7M (0%)     
[2026-01-06T22:08:25.033+0800][7.615s][info][gc,heap     ] GC(14) y: Reclaimed:         -                  -              3482M (85%)        3485M (85%)    
[2026-01-06T22:08:25.033+0800][7.615s][info][gc,heap     ] GC(14) y:  Promoted:         -                  -                 0M (0%)            0M (0%)     
[2026-01-06T22:08:25.033+0800][7.615s][info][gc,heap     ] GC(14) y: Compacted:         -                  -                  -                 0M (0%)     
[2026-01-06T22:08:25.033+0800][7.615s][info][gc,phases   ] GC(14) y: Young Generation 3488M(85%)->10M(0%) 0.001s
[2026-01-06T22:08:25.033+0800][7.615s][info][gc          ] GC(14) Minor Collection (High Usage) 3486M(85%)->12M(0%) 0.001s
[2026-01-06T22:08:25.492+0800][8.073s][info][gc          ] GC(15) Major Collection (Proactive)
[2026-01-06T22:08:25.492+0800][8.073s][info][gc,task     ] GC(15) Using 1 Workers for Young Generation
[2026-01-06T22:08:25.492+0800][8.073s][info][gc,task     ] GC(15) Using 1 Workers for Old Generation
[2026-01-06T22:08:25.492+0800][8.073s][info][gc,phases   ] GC(15) Y: Young Generation
[2026-01-06T22:08:25.492+0800][8.074s][info][gc,phases   ] GC(15) Y: Pause Mark Start (Major) 0.017ms
[2026-01-06T22:08:25.494+0800][8.075s][info][gc,phases   ] GC(15) Y: Concurrent Mark 1.654ms
[2026-01-06T22:08:25.494+0800][8.075s][info][gc,phases   ] GC(15) Y: Pause Mark End 0.004ms
[2026-01-06T22:08:25.494+0800][8.075s][info][gc,phases   ] GC(15) Y: Concurrent Mark Free 0.020ms
[2026-01-06T22:08:25.494+0800][8.075s][info][gc,phases   ] GC(15) Y: Concurrent Reset Relocation Set 0.006ms
[2026-01-06T22:08:25.497+0800][8.079s][info][gc,reloc    ] GC(15) Y: Using tenuring threshold: 14 (Computed)
[2026-01-06T22:08:25.497+0800][8.079s][info][gc,phases   ] GC(15) Y: Concurrent Select Relocation Set 3.258ms
[2026-01-06T22:08:25.497+0800][8.079s][info][gc,phases   ] GC(15) Y: Pause Relocate Start 0.002ms
[2026-01-06T22:08:25.497+0800][8.079s][info][gc,phases   ] GC(15) Y: Concurrent Relocate 0.038ms
[2026-01-06T22:08:25.497+0800][8.079s][info][gc,alloc    ] GC(15) Y:                         Mark Start        Mark End      Relocate Start    Relocate End   
[2026-01-06T22:08:25.497+0800][8.079s][info][gc,alloc    ] GC(15) Y: Allocation Stalls:          0                0                0                0         
[2026-01-06T22:08:25.497+0800][8.079s][info][gc,load     ] GC(15) Y: Load: 1.92 (19%) / 1.81 (18%) / 2.00 (20%)
[2026-01-06T22:08:25.497+0800][8.079s][info][gc,mmu      ] GC(15) Y: MMU: 2ms/98.5%, 5ms/99.4%, 10ms/99.6%, 20ms/99.8%, 50ms/99.9%, 100ms/100.0%
[2026-01-06T22:08:25.497+0800][8.079s][info][gc,marking  ] GC(15) Y: Mark: 1 stripe(s), 2 proactive flush(es), 1 terminate flush(es), 0 completion(s), 0 continuation(s) 
[2026-01-06T22:08:25.497+0800][8.079s][info][gc,nmethod  ] GC(15) Y: NMethods: 41 registered, 34 unregistered
[2026-01-06T22:08:25.497+0800][8.079s][info][gc,metaspace] GC(15) Y: Metaspace: 0M used, 0M committed, 1088M reserved
[2026-01-06T22:08:25.497+0800][8.079s][info][gc,reloc    ] GC(15) Y:                        Candidates     Selected     In-Place         Size        Empty    Relocated 
[2026-01-06T22:08:25.497+0800][8.079s][info][gc,reloc    ] GC(15) Y: Small Pages:                 1081            1            0        2162M        2158M           0M 
[2026-01-06T22:08:25.497+0800][8.079s][info][gc,reloc    ] GC(15) Y: Medium Pages:                   0            0            0           0M           0M           0M 
[2026-01-06T22:08:25.497+0800][8.079s][info][gc,reloc    ] GC(15) Y: Large Pages:                    0            0            0           0M           0M           0M 
[2026-01-06T22:08:25.497+0800][8.079s][info][gc,reloc    ] GC(15) Y: Forwarding Usage: 0M
[2026-01-06T22:08:25.497+0800][8.079s][info][gc,reloc    ] GC(15) Y: Age Table:
[2026-01-06T22:08:25.497+0800][8.079s][info][gc,reloc    ] GC(15) Y:                    Live             Garbage             Small              Medium             Large        
[2026-01-06T22:08:25.497+0800][8.079s][info][gc,reloc    ] GC(15) Y: Eden               0M (0%)         2157M (53%)       1079 / 1              0 / 0              0 / 0        
[2026-01-06T22:08:25.497+0800][8.079s][info][gc,reloc    ] GC(15) Y: Survivor 1          -                 2M (0%)           1 / 0              0 / 0              0 / 0        
[2026-01-06T22:08:25.497+0800][8.079s][info][gc,reloc    ] GC(15) Y: Survivor 2          -                 0M (0%)           0 / 0              0 / 0              0 / 0        
[2026-01-06T22:08:25.497+0800][8.079s][info][gc,reloc    ] GC(15) Y: Survivor 3          -                 0M (0%)           0 / 0              0 / 0              0 / 0        
[2026-01-06T22:08:25.497+0800][8.079s][info][gc,reloc    ] GC(15) Y: Survivor 4          -                 0M (0%)           0 / 0              0 / 0              0 / 0        
[2026-01-06T22:08:25.497+0800][8.079s][info][gc,reloc    ] GC(15) Y: Survivor 5          -                 0M (0%)           0 / 0              0 / 0              0 / 0        
[2026-01-06T22:08:25.497+0800][8.079s][info][gc,reloc    ] GC(15) Y: Survivor 6          -                 0M (0%)           0 / 0              0 / 0              0 / 0        
[2026-01-06T22:08:25.497+0800][8.079s][info][gc,reloc    ] GC(15) Y: Survivor 7          -                 0M (0%)           0 / 0              0 / 0              0 / 0        
[2026-01-06T22:08:25.497+0800][8.079s][info][gc,reloc    ] GC(15) Y: Survivor 8          -                 0M (0%)           0 / 0              0 / 0              0 / 0        
[2026-01-06T22:08:25.497+0800][8.079s][info][gc,reloc    ] GC(15) Y: Survivor 9          -                 0M (0%)           0 / 0              0 / 0              0 / 0        
[2026-01-06T22:08:25.497+0800][8.079s][info][gc,reloc    ] GC(15) Y: Survivor 10         -                 0M (0%)           0 / 0              0 / 0              0 / 0        
[2026-01-06T22:08:25.497+0800][8.079s][info][gc,reloc    ] GC(15) Y: Survivor 11         -                 0M (0%)           0 / 0              0 / 0              0 / 0        
[2026-01-06T22:08:25.497+0800][8.079s][info][gc,reloc    ] GC(15) Y: Survivor 12         -                 0M (0%)           0 / 0              0 / 0              0 / 0        
[2026-01-06T22:08:25.497+0800][8.079s][info][gc,reloc    ] GC(15) Y: Survivor 13        0M (0%)            1M (0%)           1 / 0              0 / 0              0 / 0        
[2026-01-06T22:08:25.497+0800][8.079s][info][gc,heap     ] GC(15) Y: Min Capacity: 8M(0%)
[2026-01-06T22:08:25.497+0800][8.079s][info][gc,heap     ] GC(15) Y: Max Capacity: 4096M(100%)
[2026-01-06T22:08:25.497+0800][8.079s][info][gc,heap     ] GC(15) Y: Soft Max Capacity: 3686M(90%)
[2026-01-06T22:08:25.497+0800][8.079s][info][gc,heap     ] GC(15) Y: Heap Statistics:
[2026-01-06T22:08:25.497+0800][8.079s][info][gc,heap     ] GC(15) Y:                Mark Start          Mark End        Relocate Start      Relocate End           High               Low         
[2026-01-06T22:08:25.497+0800][8.079s][info][gc,heap     ] GC(15) Y:  Capacity:     3494M (85%)        3494M (85%)        3494M (85%)        3494M (85%)        3494M (85%)        3494M (85%)    
[2026-01-06T22:08:25.497+0800][8.079s][info][gc,heap     ] GC(15) Y:      Free:     1932M (47%)        1930M (47%)        4082M (100%)       4080M (100%)       4082M (100%)       1930M (47%)    
[2026-01-06T22:08:25.497+0800][8.079s][info][gc,heap     ] GC(15) Y:      Used:     2164M (53%)        2166M (53%)          14M (0%)           16M (0%)         2166M (53%)          14M (0%)     
[2026-01-06T22:08:25.497+0800][8.079s][info][gc,heap     ] GC(15) Y: Young Generation Statistics:
[2026-01-06T22:08:25.497+0800][8.079s][info][gc,heap     ] GC(15) Y:                Mark Start          Mark End        Relocate Start      Relocate End    
[2026-01-06T22:08:25.497+0800][8.079s][info][gc,heap     ] GC(15) Y:      Used:     2162M (53%)        2164M (53%)          12M (0%)           14M (0%)     
[2026-01-06T22:08:25.497+0800][8.079s][info][gc,heap     ] GC(15) Y:      Live:         -                 0M (0%)            0M (0%)            0M (0%)     
[2026-01-06T22:08:25.497+0800][8.079s][info][gc,heap     ] GC(15) Y:   Garbage:         -              2161M (53%)           3M (0%)            0M (0%)     
[2026-01-06T22:08:25.497+0800][8.079s][info][gc,heap     ] GC(15) Y: Allocated:         -                 2M (0%)            8M (0%)           13M (0%)     
[2026-01-06T22:08:25.497+0800][8.079s][info][gc,heap     ] GC(15) Y: Reclaimed:         -                  -              2158M (53%)        2161M (53%)    
[2026-01-06T22:08:25.497+0800][8.079s][info][gc,heap     ] GC(15) Y:  Promoted:         -                  -                 0M (0%)            0M (0%)     
[2026-01-06T22:08:25.497+0800][8.079s][info][gc,heap     ] GC(15) Y: Compacted:         -                  -                  -                 0M (0%)     
[2026-01-06T22:08:25.497+0800][8.079s][info][gc,phases   ] GC(15) Y: Young Generation 2164M(53%)->16M(0%) 0.005s
[2026-01-06T22:08:25.497+0800][8.079s][info][gc,phases   ] GC(15) O: Old Generation
[2026-01-06T22:08:25.503+0800][8.084s][info][gc,phases   ] GC(15) O: Concurrent Mark 5.440ms
[2026-01-06T22:08:25.503+0800][8.084s][info][gc,phases   ] GC(15) O: Pause Mark End 0.003ms
[2026-01-06T22:08:25.503+0800][8.084s][info][gc,phases   ] GC(15) O: Concurrent Mark Free 0.000ms
[2026-01-06T22:08:25.503+0800][8.084s][info][gc,phases   ] GC(15) O: Concurrent Process Non-Strong 0.186ms
[2026-01-06T22:08:25.503+0800][8.085s][info][gc,phases   ] GC(15) O: Concurrent Reset Relocation Set 0.000ms
[2026-01-06T22:08:25.503+0800][8.085s][info][gc,phases   ] GC(15) O: Concurrent Select Relocation Set 0.026ms
[2026-01-06T22:08:25.503+0800][8.085s][info][gc,task     ] GC(15) O: Using 2 Workers for Old Generation
[2026-01-06T22:08:25.503+0800][8.085s][info][gc,task     ] GC(15) O: Using 1 Workers for Old Generation
[2026-01-06T22:08:25.503+0800][8.085s][info][gc,phases   ] GC(15) O: Concurrent Remap Roots 0.137ms
[2026-01-06T22:08:25.503+0800][8.085s][info][gc,phases   ] GC(15) O: Pause Relocate Start 0.002ms
[2026-01-06T22:08:25.503+0800][8.085s][info][gc,phases   ] GC(15) O: Concurrent Relocate 0.006ms
[2026-01-06T22:08:25.503+0800][8.085s][info][gc,alloc    ] GC(15) O:                         Mark Start        Mark End      Relocate Start    Relocate End   
[2026-01-06T22:08:25.503+0800][8.085s][info][gc,alloc    ] GC(15) O: Allocation Stalls:          0                0                0                0         
[2026-01-06T22:08:25.503+0800][8.085s][info][gc,load     ] GC(15) O: Load: 1.92 (19%) / 1.81 (18%) / 2.00 (20%)
[2026-01-06T22:08:25.503+0800][8.085s][info][gc,mmu      ] GC(15) O: MMU: 2ms/98.5%, 5ms/99.4%, 10ms/99.6%, 20ms/99.8%, 50ms/99.9%, 100ms/100.0%
[2026-01-06T22:08:25.503+0800][8.085s][info][gc,marking  ] GC(15) O: Mark: 1 stripe(s), 2 proactive flush(es), 1 terminate flush(es), 0 completion(s), 0 continuation(s) 
[2026-01-06T22:08:25.503+0800][8.085s][info][gc,nmethod  ] GC(15) O: NMethods: 41 registered, 34 unregistered
[2026-01-06T22:08:25.503+0800][8.085s][info][gc,metaspace] GC(15) O: Metaspace: 0M used, 0M committed, 1088M reserved
[2026-01-06T22:08:25.503+0800][8.085s][info][gc,ref      ] GC(15) O:                       Encountered   Discovered     Enqueued 
[2026-01-06T22:08:25.503+0800][8.085s][info][gc,ref      ] GC(15) O: Soft References:                1            0            0 
[2026-01-06T22:08:25.503+0800][8.085s][info][gc,ref      ] GC(15) O: Weak References:                6            0            0 
[2026-01-06T22:08:25.503+0800][8.085s][info][gc,ref      ] GC(15) O: Final References:               0            0            0 
[2026-01-06T22:08:25.503+0800][8.085s][info][gc,ref      ] GC(15) O: Phantom References:             1            1            0 
[2026-01-06T22:08:25.503+0800][8.085s][info][gc,reloc    ] GC(15) O:                        Candidates     Selected     In-Place         Size        Empty    Relocated 
[2026-01-06T22:08:25.503+0800][8.085s][info][gc,reloc    ] GC(15) O: Small Pages:                    1            0            0           2M           0M           0M 
[2026-01-06T22:08:25.503+0800][8.085s][info][gc,reloc    ] GC(15) O: Medium Pages:                   0            0            0           0M           0M           0M 
[2026-01-06T22:08:25.503+0800][8.085s][info][gc,reloc    ] GC(15) O: Large Pages:                    0            0            0           0M           0M           0M 
[2026-01-06T22:08:25.503+0800][8.085s][info][gc,reloc    ] GC(15) O: Forwarding Usage: 0M
[2026-01-06T22:08:25.503+0800][8.085s][info][gc,heap     ] GC(15) O: Min Capacity: 8M(0%)
[2026-01-06T22:08:25.503+0800][8.085s][info][gc,heap     ] GC(15) O: Max Capacity: 4096M(100%)
[2026-01-06T22:08:25.503+0800][8.085s][info][gc,heap     ] GC(15) O: Soft Max Capacity: 3686M(90%)
[2026-01-06T22:08:25.503+0800][8.085s][info][gc,heap     ] GC(15) O: Heap Statistics:
[2026-01-06T22:08:25.503+0800][8.085s][info][gc,heap     ] GC(15) O:                Mark Start          Mark End        Relocate Start      Relocate End           High               Low         
[2026-01-06T22:08:25.503+0800][8.085s][info][gc,heap     ] GC(15) O:  Capacity:     3494M (85%)        3494M (85%)        3494M (85%)        3494M (85%)        3494M (85%)        3494M (85%)    
[2026-01-06T22:08:25.503+0800][8.085s][info][gc,heap     ] GC(15) O:      Free:     1932M (47%)        4070M (99%)        4068M (99%)        4068M (99%)        4082M (100%)       1930M (47%)    
[2026-01-06T22:08:25.503+0800][8.085s][info][gc,heap     ] GC(15) O:      Used:     2164M (53%)          26M (1%)           28M (1%)           28M (1%)         2166M (53%)          14M (0%)     
[2026-01-06T22:08:25.503+0800][8.085s][info][gc,heap     ] GC(15) O: Old Generation Statistics:
[2026-01-06T22:08:25.503+0800][8.085s][info][gc,heap     ] GC(15) O:                Mark Start          Mark End        Relocate Start      Relocate End    
[2026-01-06T22:08:25.503+0800][8.085s][info][gc,heap     ] GC(15) O:      Used:        2M (0%)            2M (0%)            2M (0%)            2M (0%)     
[2026-01-06T22:08:25.503+0800][8.085s][info][gc,heap     ] GC(15) O:      Live:         -                 1M (0%)            1M (0%)            1M (0%)     
[2026-01-06T22:08:25.503+0800][8.085s][info][gc,heap     ] GC(15) O:   Garbage:         -                 0M (0%)            0M (0%)            0M (0%)     
[2026-01-06T22:08:25.503+0800][8.085s][info][gc,heap     ] GC(15) O: Allocated:         -                 0M (0%)            0M (0%)            0M (0%)     
[2026-01-06T22:08:25.503+0800][8.085s][info][gc,heap     ] GC(15) O: Reclaimed:         -                  -                 0M (0%)            0M (0%)     
[2026-01-06T22:08:25.503+0800][8.085s][info][gc,heap     ] GC(15) O: Compacted:         -                  -                  -                 0M (0%)     
[2026-01-06T22:08:25.503+0800][8.085s][info][gc,phases   ] GC(15) O: Old Generation 16M(0%)->28M(1%) 0.006s
[2026-01-06T22:08:25.503+0800][8.085s][info][gc          ] GC(15) Major Collection (Proactive) 2164M(53%)->28M(1%) 0.012s
[2026-01-06T22:08:25.991+0800][8.572s][info][gc          ] GC(16) Minor Collection (High Usage)
[2026-01-06T22:08:25.991+0800][8.572s][info][gc,task     ] GC(16) Using 1 Workers for Young Generation
[2026-01-06T22:08:25.991+0800][8.572s][info][gc,phases   ] GC(16) y: Young Generation
[2026-01-06T22:08:25.991+0800][8.572s][info][gc,phases   ] GC(16) y: Pause Mark Start 0.009ms
[2026-01-06T22:08:25.991+0800][8.573s][info][gc,phases   ] GC(16) y: Concurrent Mark 0.225ms
[2026-01-06T22:08:25.991+0800][8.573s][info][gc,phases   ] GC(16) y: Pause Mark End 0.003ms
[2026-01-06T22:08:25.991+0800][8.573s][info][gc,phases   ] GC(16) y: Concurrent Mark Free 0.001ms
[2026-01-06T22:08:25.991+0800][8.573s][info][gc,phases   ] GC(16) y: Concurrent Reset Relocation Set 0.001ms
[2026-01-06T22:08:25.993+0800][8.574s][info][gc,reloc    ] GC(16) y: Using tenuring threshold: 15 (Computed)
[2026-01-06T22:08:25.993+0800][8.574s][info][gc,phases   ] GC(16) y: Concurrent Select Relocation Set 1.479ms
[2026-01-06T22:08:25.993+0800][8.574s][info][gc,phases   ] GC(16) y: Pause Relocate Start 0.001ms
[2026-01-06T22:08:25.993+0800][8.574s][info][gc,phases   ] GC(16) y: Concurrent Relocate 0.047ms
[2026-01-06T22:08:25.993+0800][8.574s][info][gc,alloc    ] GC(16) y:                         Mark Start        Mark End      Relocate Start    Relocate End   
[2026-01-06T22:08:25.993+0800][8.574s][info][gc,alloc    ] GC(16) y: Allocation Stalls:          0                0                0                0         
[2026-01-06T22:08:25.993+0800][8.574s][info][gc,load     ] GC(16) y: Load: 1.92 (19%) / 1.81 (18%) / 2.00 (20%)
[2026-01-06T22:08:25.993+0800][8.574s][info][gc,mmu      ] GC(16) y: MMU: 2ms/98.5%, 5ms/99.4%, 10ms/99.6%, 20ms/99.8%, 50ms/99.9%, 100ms/100.0%
[2026-01-06T22:08:25.993+0800][8.574s][info][gc,marking  ] GC(16) y: Mark: 1 stripe(s), 2 proactive flush(es), 1 terminate flush(es), 0 completion(s), 0 continuation(s) 
[2026-01-06T22:08:25.993+0800][8.574s][info][gc,nmethod  ] GC(16) y: NMethods: 41 registered, 34 unregistered
[2026-01-06T22:08:25.993+0800][8.574s][info][gc,metaspace] GC(16) y: Metaspace: 0M used, 0M committed, 1088M reserved
[2026-01-06T22:08:25.993+0800][8.574s][info][gc,reloc    ] GC(16) y:                        Candidates     Selected     In-Place         Size        Empty    Relocated 
[2026-01-06T22:08:25.993+0800][8.574s][info][gc,reloc    ] GC(16) y: Small Pages:                 1742            1            0        3484M        3480M           0M 
[2026-01-06T22:08:25.993+0800][8.574s][info][gc,reloc    ] GC(16) y: Medium Pages:                   0            0            0           0M           0M           0M 
[2026-01-06T22:08:25.993+0800][8.574s][info][gc,reloc    ] GC(16) y: Large Pages:                    0            0            0           0M           0M           0M 
[2026-01-06T22:08:25.993+0800][8.574s][info][gc,reloc    ] GC(16) y: Forwarding Usage: 0M
[2026-01-06T22:08:25.993+0800][8.574s][info][gc,reloc    ] GC(16) y: Age Table:
[2026-01-06T22:08:25.993+0800][8.574s][info][gc,reloc    ] GC(16) y:                    Live             Garbage             Small              Medium             Large        
[2026-01-06T22:08:25.993+0800][8.574s][info][gc,reloc    ] GC(16) y: Eden               0M (0%)         3479M (85%)       1740 / 1              0 / 0              0 / 0        
[2026-01-06T22:08:25.993+0800][8.574s][info][gc,reloc    ] GC(16) y: Survivor 1          -                 2M (0%)           1 / 0              0 / 0              0 / 0        
[2026-01-06T22:08:25.993+0800][8.574s][info][gc,reloc    ] GC(16) y: Survivor 2          -                 0M (0%)           0 / 0              0 / 0              0 / 0        
[2026-01-06T22:08:25.993+0800][8.574s][info][gc,reloc    ] GC(16) y: Survivor 3          -                 0M (0%)           0 / 0              0 / 0              0 / 0        
[2026-01-06T22:08:25.993+0800][8.574s][info][gc,reloc    ] GC(16) y: Survivor 4          -                 0M (0%)           0 / 0              0 / 0              0 / 0        
[2026-01-06T22:08:25.993+0800][8.574s][info][gc,reloc    ] GC(16) y: Survivor 5          -                 0M (0%)           0 / 0              0 / 0              0 / 0        
[2026-01-06T22:08:25.993+0800][8.574s][info][gc,reloc    ] GC(16) y: Survivor 6          -                 0M (0%)           0 / 0              0 / 0              0 / 0        
[2026-01-06T22:08:25.993+0800][8.574s][info][gc,reloc    ] GC(16) y: Survivor 7          -                 0M (0%)           0 / 0              0 / 0              0 / 0        
[2026-01-06T22:08:25.993+0800][8.574s][info][gc,reloc    ] GC(16) y: Survivor 8          -                 0M (0%)           0 / 0              0 / 0              0 / 0        
[2026-01-06T22:08:25.993+0800][8.574s][info][gc,reloc    ] GC(16) y: Survivor 9          -                 0M (0%)           0 / 0              0 / 0              0 / 0        
[2026-01-06T22:08:25.993+0800][8.574s][info][gc,reloc    ] GC(16) y: Survivor 10         -                 0M (0%)           0 / 0              0 / 0              0 / 0        
[2026-01-06T22:08:25.993+0800][8.574s][info][gc,reloc    ] GC(16) y: Survivor 11         -                 0M (0%)           0 / 0              0 / 0              0 / 0        
[2026-01-06T22:08:25.993+0800][8.574s][info][gc,reloc    ] GC(16) y: Survivor 12         -                 0M (0%)           0 / 0              0 / 0              0 / 0        
[2026-01-06T22:08:25.993+0800][8.574s][info][gc,reloc    ] GC(16) y: Survivor 13         -                 0M (0%)           0 / 0              0 / 0              0 / 0        
[2026-01-06T22:08:25.993+0800][8.574s][info][gc,reloc    ] GC(16) y: Survivor 14        0M (0%)            1M (0%)           1 / 0              0 / 0              0 / 0        
[2026-01-06T22:08:25.993+0800][8.574s][info][gc,heap     ] GC(16) y: Min Capacity: 8M(0%)
[2026-01-06T22:08:25.993+0800][8.574s][info][gc,heap     ] GC(16) y: Max Capacity: 4096M(100%)
[2026-01-06T22:08:25.993+0800][8.574s][info][gc,heap     ] GC(16) y: Soft Max Capacity: 3686M(90%)
[2026-01-06T22:08:25.993+0800][8.574s][info][gc,heap     ] GC(16) y: Heap Statistics:
[2026-01-06T22:08:25.993+0800][8.574s][info][gc,heap     ] GC(16) y:                Mark Start          Mark End        Relocate Start      Relocate End           High               Low         
[2026-01-06T22:08:25.993+0800][8.574s][info][gc,heap     ] GC(16) y:  Capacity:     3494M (85%)        3494M (85%)        3494M (85%)        3494M (85%)        3494M (85%)        3494M (85%)    
[2026-01-06T22:08:25.993+0800][8.574s][info][gc,heap     ] GC(16) y:      Free:      610M (15%)         608M (15%)        4084M (100%)       4084M (100%)       4084M (100%)        608M (15%)    
[2026-01-06T22:08:25.993+0800][8.574s][info][gc,heap     ] GC(16) y:      Used:     3486M (85%)        3488M (85%)          12M (0%)           12M (0%)         3488M (85%)          12M (0%)     
[2026-01-06T22:08:25.993+0800][8.574s][info][gc,heap     ] GC(16) y: Young Generation Statistics:
[2026-01-06T22:08:25.993+0800][8.574s][info][gc,heap     ] GC(16) y:                Mark Start          Mark End        Relocate Start      Relocate End    
[2026-01-06T22:08:25.993+0800][8.574s][info][gc,heap     ] GC(16) y:      Used:     3484M (85%)        3486M (85%)          10M (0%)            8M (0%)     
[2026-01-06T22:08:25.993+0800][8.574s][info][gc,heap     ] GC(16) y:      Live:         -                 0M (0%)            0M (0%)            0M (0%)     
[2026-01-06T22:08:25.993+0800][8.574s][info][gc,heap     ] GC(16) y:   Garbage:         -              3483M (85%)           3M (0%)            0M (0%)     
[2026-01-06T22:08:25.993+0800][8.574s][info][gc,heap     ] GC(16) y: Allocated:         -                 2M (0%)            6M (0%)            7M (0%)     
[2026-01-06T22:08:25.993+0800][8.574s][info][gc,heap     ] GC(16) y: Reclaimed:         -                  -              3480M (85%)        3483M (85%)    
[2026-01-06T22:08:25.993+0800][8.574s][info][gc,heap     ] GC(16) y:  Promoted:         -                  -                 0M (0%)            0M (0%)     
[2026-01-06T22:08:25.993+0800][8.574s][info][gc,heap     ] GC(16) y: Compacted:         -                  -                  -                 0M (0%)     
[2026-01-06T22:08:25.993+0800][8.574s][info][gc,phases   ] GC(16) y: Young Generation 3486M(85%)->12M(0%) 0.002s
[2026-01-06T22:08:25.993+0800][8.574s][info][gc          ] GC(16) Minor Collection (High Usage) 3486M(85%)->14M(0%) 0.002s
[2026-01-06T22:08:26.358+0800][8.940s][info][gc          ] GC(17) Major Collection (Proactive)
[2026-01-06T22:08:26.358+0800][8.940s][info][gc,task     ] GC(17) Using 1 Workers for Young Generation
[2026-01-06T22:08:26.358+0800][8.940s][info][gc,task     ] GC(17) Using 1 Workers for Old Generation
[2026-01-06T22:08:26.359+0800][8.940s][info][gc,phases   ] GC(17) Y: Young Generation
[2026-01-06T22:08:26.359+0800][8.940s][info][gc,phases   ] GC(17) Y: Pause Mark Start (Major) 0.004ms
[2026-01-06T22:08:26.359+0800][8.940s][info][gc,phases   ] GC(17) Y: Concurrent Mark 0.165ms
[2026-01-06T22:08:26.359+0800][8.940s][info][gc,phases   ] GC(17) Y: Pause Mark End 0.003ms
[2026-01-06T22:08:26.359+0800][8.940s][info][gc,phases   ] GC(17) Y: Concurrent Mark Free 0.000ms
[2026-01-06T22:08:26.359+0800][8.940s][info][gc,phases   ] GC(17) Y: Concurrent Reset Relocation Set 0.000ms
[2026-01-06T22:08:26.359+0800][8.940s][info][gc,reloc    ] GC(17) Y: Using tenuring threshold: 1 (Computed)
[2026-01-06T22:08:26.359+0800][8.940s][info][gc,phases   ] GC(17) Y: Concurrent Select Relocation Set 0.187ms
[2026-01-06T22:08:26.359+0800][8.941s][info][gc,phases   ] GC(17) Y: Pause Relocate Start 0.001ms
[2026-01-06T22:08:26.359+0800][8.941s][info][gc,phases   ] GC(17) Y: Concurrent Relocate 0.008ms
[2026-01-06T22:08:26.359+0800][8.941s][info][gc,alloc    ] GC(17) Y:                         Mark Start        Mark End      Relocate Start    Relocate End   
[2026-01-06T22:08:26.359+0800][8.941s][info][gc,alloc    ] GC(17) Y: Allocation Stalls:          0                0                0                0         
[2026-01-06T22:08:26.359+0800][8.941s][info][gc,load     ] GC(17) Y: Load: 1.92 (19%) / 1.81 (18%) / 2.00 (20%)
[2026-01-06T22:08:26.359+0800][8.941s][info][gc,mmu      ] GC(17) Y: MMU: 2ms/98.5%, 5ms/99.4%, 10ms/99.6%, 20ms/99.8%, 50ms/99.9%, 100ms/100.0%
[2026-01-06T22:08:26.359+0800][8.941s][info][gc,marking  ] GC(17) Y: Mark: 1 stripe(s), 2 proactive flush(es), 1 terminate flush(es), 0 completion(s), 0 continuation(s) 
[2026-01-06T22:08:26.359+0800][8.941s][info][gc,nmethod  ] GC(17) Y: NMethods: 41 registered, 34 unregistered
[2026-01-06T22:08:26.359+0800][8.941s][info][gc,metaspace] GC(17) Y: Metaspace: 0M used, 0M committed, 1088M reserved
[2026-01-06T22:08:26.359+0800][8.941s][info][gc,reloc    ] GC(17) Y:                        Candidates     Selected     In-Place         Size        Empty    Relocated 
[2026-01-06T22:08:26.359+0800][8.941s][info][gc,reloc    ] GC(17) Y: Small Pages:                  901            0            0        1802M        1800M           0M 
[2026-01-06T22:08:26.359+0800][8.941s][info][gc,reloc    ] GC(17) Y: Medium Pages:                   0            0            0           0M           0M           0M 
[2026-01-06T22:08:26.359+0800][8.941s][info][gc,reloc    ] GC(17) Y: Large Pages:                    0            0            0           0M           0M           0M 
[2026-01-06T22:08:26.359+0800][8.941s][info][gc,reloc    ] GC(17) Y: Forwarding Usage: 0M
[2026-01-06T22:08:26.359+0800][8.941s][info][gc,reloc    ] GC(17) Y: Age Table:
[2026-01-06T22:08:26.359+0800][8.941s][info][gc,reloc    ] GC(17) Y:                    Live             Garbage             Small              Medium             Large        
[2026-01-06T22:08:26.359+0800][8.941s][info][gc,reloc    ] GC(17) Y: Eden               0M (0%)         1799M (44%)        900 / 0              0 / 0              0 / 0        
[2026-01-06T22:08:26.359+0800][8.941s][info][gc,reloc    ] GC(17) Y: Survivor 1          -                 2M (0%)           1 / 0              0 / 0              0 / 0        
[2026-01-06T22:08:26.359+0800][8.941s][info][gc,heap     ] GC(17) Y: Min Capacity: 8M(0%)
[2026-01-06T22:08:26.359+0800][8.941s][info][gc,heap     ] GC(17) Y: Max Capacity: 4096M(100%)
[2026-01-06T22:08:26.359+0800][8.941s][info][gc,heap     ] GC(17) Y: Soft Max Capacity: 3686M(90%)
[2026-01-06T22:08:26.359+0800][8.941s][info][gc,heap     ] GC(17) Y: Heap Statistics:
[2026-01-06T22:08:26.359+0800][8.941s][info][gc,heap     ] GC(17) Y:                Mark Start          Mark End        Relocate Start      Relocate End           High               Low         
[2026-01-06T22:08:26.359+0800][8.941s][info][gc,heap     ] GC(17) Y:  Capacity:     3494M (85%)        3494M (85%)        3494M (85%)        3494M (85%)        3494M (85%)        3494M (85%)    
[2026-01-06T22:08:26.359+0800][8.941s][info][gc,heap     ] GC(17) Y:      Free:     2290M (56%)        2288M (56%)        4086M (100%)       4086M (100%)       4086M (100%)       2288M (56%)    
[2026-01-06T22:08:26.359+0800][8.941s][info][gc,heap     ] GC(17) Y:      Used:     1806M (44%)        1808M (44%)          10M (0%)           10M (0%)         1808M (44%)          10M (0%)     
[2026-01-06T22:08:26.359+0800][8.941s][info][gc,heap     ] GC(17) Y: Young Generation Statistics:
[2026-01-06T22:08:26.359+0800][8.941s][info][gc,heap     ] GC(17) Y:                Mark Start          Mark End        Relocate Start      Relocate End    
[2026-01-06T22:08:26.359+0800][8.941s][info][gc,heap     ] GC(17) Y:      Used:     1802M (44%)        1804M (44%)           6M (0%)            6M (0%)     
[2026-01-06T22:08:26.359+0800][8.941s][info][gc,heap     ] GC(17) Y:      Live:         -                 0M (0%)            0M (0%)            0M (0%)     
[2026-01-06T22:08:26.359+0800][8.941s][info][gc,heap     ] GC(17) Y:   Garbage:         -              1801M (44%)           1M (0%)            1M (0%)     
[2026-01-06T22:08:26.359+0800][8.941s][info][gc,heap     ] GC(17) Y: Allocated:         -                 2M (0%)            4M (0%)            4M (0%)     
[2026-01-06T22:08:26.359+0800][8.941s][info][gc,heap     ] GC(17) Y: Reclaimed:         -                  -              1800M (44%)        1800M (44%)    
[2026-01-06T22:08:26.359+0800][8.941s][info][gc,heap     ] GC(17) Y:  Promoted:         -                  -                 0M (0%)            0M (0%)     
[2026-01-06T22:08:26.359+0800][8.941s][info][gc,heap     ] GC(17) Y: Compacted:         -                  -                  -                 0M (0%)     
[2026-01-06T22:08:26.359+0800][8.941s][info][gc,phases   ] GC(17) Y: Young Generation 1806M(44%)->10M(0%) 0.001s
[2026-01-06T22:08:26.359+0800][8.941s][info][gc,phases   ] GC(17) O: Old Generation
[2026-01-06T22:08:26.361+0800][8.942s][info][gc,phases   ] GC(17) O: Concurrent Mark 1.729ms
[2026-01-06T22:08:26.361+0800][8.942s][info][gc,phases   ] GC(17) O: Pause Mark End 0.003ms
[2026-01-06T22:08:26.361+0800][8.942s][info][gc,phases   ] GC(17) O: Concurrent Mark Free 0.001ms
[2026-01-06T22:08:26.361+0800][8.943s][info][gc,phases   ] GC(17) O: Concurrent Process Non-Strong 0.144ms
[2026-01-06T22:08:26.361+0800][8.943s][info][gc,phases   ] GC(17) O: Concurrent Reset Relocation Set 0.000ms
[2026-01-06T22:08:26.361+0800][8.943s][info][gc,phases   ] GC(17) O: Concurrent Select Relocation Set 0.065ms
[2026-01-06T22:08:26.361+0800][8.943s][info][gc,task     ] GC(17) O: Using 2 Workers for Old Generation
[2026-01-06T22:08:26.361+0800][8.943s][info][gc,task     ] GC(17) O: Using 1 Workers for Old Generation
[2026-01-06T22:08:26.361+0800][8.943s][info][gc,phases   ] GC(17) O: Concurrent Remap Roots 0.044ms
[2026-01-06T22:08:26.361+0800][8.943s][info][gc,phases   ] GC(17) O: Pause Relocate Start 0.002ms
[2026-01-06T22:08:26.362+0800][8.943s][info][gc,phases   ] GC(17) O: Concurrent Relocate 0.721ms
[2026-01-06T22:08:26.362+0800][8.944s][info][gc,alloc    ] GC(17) O:                         Mark Start        Mark End      Relocate Start    Relocate End   
[2026-01-06T22:08:26.362+0800][8.944s][info][gc,alloc    ] GC(17) O: Allocation Stalls:          0                0                0                0         
[2026-01-06T22:08:26.362+0800][8.944s][info][gc,load     ] GC(17) O: Load: 1.92 (19%) / 1.81 (18%) / 2.00 (20%)
[2026-01-06T22:08:26.362+0800][8.944s][info][gc,mmu      ] GC(17) O: MMU: 2ms/98.5%, 5ms/99.4%, 10ms/99.6%, 20ms/99.8%, 50ms/99.9%, 100ms/100.0%
[2026-01-06T22:08:26.362+0800][8.944s][info][gc,marking  ] GC(17) O: Mark: 1 stripe(s), 2 proactive flush(es), 1 terminate flush(es), 0 completion(s), 0 continuation(s) 
[2026-01-06T22:08:26.362+0800][8.944s][info][gc,nmethod  ] GC(17) O: NMethods: 41 registered, 34 unregistered
[2026-01-06T22:08:26.362+0800][8.944s][info][gc,metaspace] GC(17) O: Metaspace: 0M used, 0M committed, 1088M reserved
[2026-01-06T22:08:26.362+0800][8.944s][info][gc,ref      ] GC(17) O:                       Encountered   Discovered     Enqueued 
[2026-01-06T22:08:26.362+0800][8.944s][info][gc,ref      ] GC(17) O: Soft References:                1            0            0 
[2026-01-06T22:08:26.362+0800][8.944s][info][gc,ref      ] GC(17) O: Weak References:                6            0            0 
[2026-01-06T22:08:26.362+0800][8.944s][info][gc,ref      ] GC(17) O: Final References:               0            0            0 
[2026-01-06T22:08:26.362+0800][8.944s][info][gc,ref      ] GC(17) O: Phantom References:             1            1            0 
[2026-01-06T22:08:26.362+0800][8.944s][info][gc,reloc    ] GC(17) O:                        Candidates     Selected     In-Place         Size        Empty    Relocated 
[2026-01-06T22:08:26.362+0800][8.944s][info][gc,reloc    ] GC(17) O: Small Pages:                    2            1            0           4M           0M           1M 
[2026-01-06T22:08:26.362+0800][8.944s][info][gc,reloc    ] GC(17) O: Medium Pages:                   0            0            0           0M           0M           0M 
[2026-01-06T22:08:26.362+0800][8.944s][info][gc,reloc    ] GC(17) O: Large Pages:                    0            0            0           0M           0M           0M 
[2026-01-06T22:08:26.362+0800][8.944s][info][gc,reloc    ] GC(17) O: Forwarding Usage: 0M
[2026-01-06T22:08:26.362+0800][8.944s][info][gc,heap     ] GC(17) O: Min Capacity: 8M(0%)
[2026-01-06T22:08:26.362+0800][8.944s][info][gc,heap     ] GC(17) O: Max Capacity: 4096M(100%)
[2026-01-06T22:08:26.362+0800][8.944s][info][gc,heap     ] GC(17) O: Soft Max Capacity: 3686M(90%)
[2026-01-06T22:08:26.362+0800][8.944s][info][gc,heap     ] GC(17) O: Heap Statistics:
[2026-01-06T22:08:26.362+0800][8.944s][info][gc,heap     ] GC(17) O:                Mark Start          Mark End        Relocate Start      Relocate End           High               Low         
[2026-01-06T22:08:26.362+0800][8.944s][info][gc,heap     ] GC(17) O:  Capacity:     3494M (85%)        3494M (85%)        3494M (85%)        3494M (85%)        3494M (85%)        3494M (85%)    
[2026-01-06T22:08:26.362+0800][8.944s][info][gc,heap     ] GC(17) O:      Free:     2290M (56%)        4056M (99%)        4050M (99%)        4040M (99%)        4086M (100%)       2288M (56%)    
[2026-01-06T22:08:26.362+0800][8.944s][info][gc,heap     ] GC(17) O:      Used:     1806M (44%)          40M (1%)           46M (1%)           56M (1%)         1808M (44%)          10M (0%)     
[2026-01-06T22:08:26.362+0800][8.944s][info][gc,heap     ] GC(17) O: Old Generation Statistics:
[2026-01-06T22:08:26.362+0800][8.944s][info][gc,heap     ] GC(17) O:                Mark Start          Mark End        Relocate Start      Relocate End    
[2026-01-06T22:08:26.362+0800][8.944s][info][gc,heap     ] GC(17) O:      Used:        4M (0%)            4M (0%)            4M (0%)            4M (0%)     
[2026-01-06T22:08:26.362+0800][8.944s][info][gc,heap     ] GC(17) O:      Live:         -                 1M (0%)            1M (0%)            1M (0%)     
[2026-01-06T22:08:26.362+0800][8.944s][info][gc,heap     ] GC(17) O:   Garbage:         -                 2M (0%)            2M (0%)            0M (0%)     
[2026-01-06T22:08:26.362+0800][8.944s][info][gc,heap     ] GC(17) O: Allocated:         -                 0M (0%)            0M (0%)            2M (0%)     
[2026-01-06T22:08:26.362+0800][8.944s][info][gc,heap     ] GC(17) O: Reclaimed:         -                  -                 0M (0%)            2M (0%)     
[2026-01-06T22:08:26.362+0800][8.944s][info][gc,heap     ] GC(17) O: Compacted:         -                  -                  -                 1M (0%)     
[2026-01-06T22:08:26.362+0800][8.944s][info][gc,phases   ] GC(17) O: Old Generation 12M(0%)->56M(1%) 0.003s
[2026-01-06T22:08:26.362+0800][8.944s][info][gc          ] GC(17) Major Collection (Proactive) 1806M(44%)->58M(1%) 0.004s
[2026-01-06T22:08:27.038+0800][9.620s][info][gc          ] GC(18) Major Collection (Proactive)
[2026-01-06T22:08:27.038+0800][9.620s][info][gc,task     ] GC(18) Using 1 Workers for Young Generation
[2026-01-06T22:08:27.038+0800][9.620s][info][gc,task     ] GC(18) Using 1 Workers for Old Generation
[2026-01-06T22:08:27.038+0800][9.620s][info][gc,phases   ] GC(18) Y: Young Generation
[2026-01-06T22:08:27.038+0800][9.620s][info][gc,phases   ] GC(18) Y: Pause Mark Start (Major) 0.022ms
[2026-01-06T22:08:27.039+0800][9.621s][info][gc,phases   ] GC(18) Y: Concurrent Mark 0.557ms
[2026-01-06T22:08:27.039+0800][9.621s][info][gc,phases   ] GC(18) Y: Pause Mark End 0.004ms
[2026-01-06T22:08:27.039+0800][9.621s][info][gc,phases   ] GC(18) Y: Concurrent Mark Free 0.004ms
[2026-01-06T22:08:27.039+0800][9.621s][info][gc,phases   ] GC(18) Y: Concurrent Reset Relocation Set 0.000ms
[2026-01-06T22:08:27.047+0800][9.628s][info][gc,reloc    ] GC(18) Y: Using tenuring threshold: 1 (Computed)
[2026-01-06T22:08:27.047+0800][9.628s][info][gc,phases   ] GC(18) Y: Concurrent Select Relocation Set 7.573ms
[2026-01-06T22:08:27.047+0800][9.628s][info][gc,phases   ] GC(18) Y: Pause Relocate Start 0.002ms
[2026-01-06T22:08:27.047+0800][9.628s][info][gc,phases   ] GC(18) Y: Concurrent Relocate 0.010ms
[2026-01-06T22:08:27.047+0800][9.628s][info][gc,alloc    ] GC(18) Y:                         Mark Start        Mark End      Relocate Start    Relocate End   
[2026-01-06T22:08:27.047+0800][9.628s][info][gc,alloc    ] GC(18) Y: Allocation Stalls:          0                0                0                0         
[2026-01-06T22:08:27.047+0800][9.628s][info][gc,load     ] GC(18) Y: Load: 2.01 (20%) / 1.83 (18%) / 2.00 (20%)
[2026-01-06T22:08:27.047+0800][9.628s][info][gc,mmu      ] GC(18) Y: MMU: 2ms/98.5%, 5ms/99.4%, 10ms/99.6%, 20ms/99.8%, 50ms/99.9%, 100ms/100.0%
[2026-01-06T22:08:27.047+0800][9.628s][info][gc,marking  ] GC(18) Y: Mark: 1 stripe(s), 2 proactive flush(es), 1 terminate flush(es), 0 completion(s), 0 continuation(s) 
[2026-01-06T22:08:27.047+0800][9.628s][info][gc,nmethod  ] GC(18) Y: NMethods: 41 registered, 34 unregistered
[2026-01-06T22:08:27.047+0800][9.628s][info][gc,metaspace] GC(18) Y: Metaspace: 0M used, 0M committed, 1088M reserved
[2026-01-06T22:08:27.047+0800][9.628s][info][gc,reloc    ] GC(18) Y:                        Candidates     Selected     In-Place         Size        Empty    Relocated 
[2026-01-06T22:08:27.047+0800][9.628s][info][gc,reloc    ] GC(18) Y: Small Pages:                 1590            0            0        3180M        3178M           0M 
[2026-01-06T22:08:27.047+0800][9.628s][info][gc,reloc    ] GC(18) Y: Medium Pages:                   0            0            0           0M           0M           0M 
[2026-01-06T22:08:27.047+0800][9.628s][info][gc,reloc    ] GC(18) Y: Large Pages:                    0            0            0           0M           0M           0M 
[2026-01-06T22:08:27.047+0800][9.628s][info][gc,reloc    ] GC(18) Y: Forwarding Usage: 0M
[2026-01-06T22:08:27.047+0800][9.628s][info][gc,reloc    ] GC(18) Y: Age Table:
[2026-01-06T22:08:27.047+0800][9.628s][info][gc,reloc    ] GC(18) Y:                    Live             Garbage             Small              Medium             Large        
[2026-01-06T22:08:27.047+0800][9.628s][info][gc,reloc    ] GC(18) Y: Eden               0M (0%)         3177M (78%)       1589 / 0              0 / 0              0 / 0        
[2026-01-06T22:08:27.047+0800][9.628s][info][gc,reloc    ] GC(18) Y: Survivor 1          -                 2M (0%)           1 / 0              0 / 0              0 / 0        
[2026-01-06T22:08:27.047+0800][9.628s][info][gc,heap     ] GC(18) Y: Min Capacity: 8M(0%)
[2026-01-06T22:08:27.047+0800][9.628s][info][gc,heap     ] GC(18) Y: Max Capacity: 4096M(100%)
[2026-01-06T22:08:27.047+0800][9.628s][info][gc,heap     ] GC(18) Y: Soft Max Capacity: 3686M(90%)
[2026-01-06T22:08:27.047+0800][9.628s][info][gc,heap     ] GC(18) Y: Heap Statistics:
[2026-01-06T22:08:27.047+0800][9.628s][info][gc,heap     ] GC(18) Y:                Mark Start          Mark End        Relocate Start      Relocate End           High               Low         
[2026-01-06T22:08:27.047+0800][9.628s][info][gc,heap     ] GC(18) Y:  Capacity:     3494M (85%)        3494M (85%)        3494M (85%)        3494M (85%)        3494M (85%)        3494M (85%)    
[2026-01-06T22:08:27.047+0800][9.628s][info][gc,heap     ] GC(18) Y:      Free:      912M (22%)         908M (22%)        4080M (100%)       4080M (100%)       4080M (100%)        908M (22%)    
[2026-01-06T22:08:27.047+0800][9.628s][info][gc,heap     ] GC(18) Y:      Used:     3184M (78%)        3188M (78%)          16M (0%)           16M (0%)         3188M (78%)          16M (0%)     
[2026-01-06T22:08:27.047+0800][9.628s][info][gc,heap     ] GC(18) Y: Young Generation Statistics:
[2026-01-06T22:08:27.047+0800][9.628s][info][gc,heap     ] GC(18) Y:                Mark Start          Mark End        Relocate Start      Relocate End    
[2026-01-06T22:08:27.047+0800][9.628s][info][gc,heap     ] GC(18) Y:      Used:     3180M (78%)        3184M (78%)          12M (0%)           12M (0%)     
[2026-01-06T22:08:27.047+0800][9.628s][info][gc,heap     ] GC(18) Y:      Live:         -                 0M (0%)            0M (0%)            0M (0%)     
[2026-01-06T22:08:27.047+0800][9.628s][info][gc,heap     ] GC(18) Y:   Garbage:         -              3179M (78%)           1M (0%)            1M (0%)     
[2026-01-06T22:08:27.047+0800][9.628s][info][gc,heap     ] GC(18) Y: Allocated:         -                 4M (0%)           10M (0%)           10M (0%)     
[2026-01-06T22:08:27.047+0800][9.628s][info][gc,heap     ] GC(18) Y: Reclaimed:         -                  -              3178M (78%)        3178M (78%)    
[2026-01-06T22:08:27.047+0800][9.628s][info][gc,heap     ] GC(18) Y:  Promoted:         -                  -                 0M (0%)            0M (0%)     
[2026-01-06T22:08:27.047+0800][9.628s][info][gc,heap     ] GC(18) Y: Compacted:         -                  -                  -                 0M (0%)     
[2026-01-06T22:08:27.047+0800][9.628s][info][gc,phases   ] GC(18) Y: Young Generation 3184M(78%)->16M(0%) 0.008s
[2026-01-06T22:08:27.047+0800][9.628s][info][gc,phases   ] GC(18) O: Old Generation
[2026-01-06T22:08:27.051+0800][9.632s][info][gc,phases   ] GC(18) O: Concurrent Mark 4.124ms
[2026-01-06T22:08:27.051+0800][9.633s][info][gc,phases   ] GC(18) O: Pause Mark End 0.005ms
[2026-01-06T22:08:27.051+0800][9.633s][info][gc,phases   ] GC(18) O: Concurrent Mark Free 0.000ms
[2026-01-06T22:08:27.051+0800][9.633s][info][gc,phases   ] GC(18) O: Concurrent Process Non-Strong 0.151ms
[2026-01-06T22:08:27.051+0800][9.633s][info][gc,phases   ] GC(18) O: Concurrent Reset Relocation Set 0.007ms
[2026-01-06T22:08:27.051+0800][9.633s][info][gc,phases   ] GC(18) O: Concurrent Select Relocation Set 0.024ms
[2026-01-06T22:08:27.051+0800][9.633s][info][gc,task     ] GC(18) O: Using 2 Workers for Old Generation
[2026-01-06T22:08:27.051+0800][9.633s][info][gc,task     ] GC(18) O: Using 1 Workers for Old Generation
[2026-01-06T22:08:27.051+0800][9.633s][info][gc,phases   ] GC(18) O: Concurrent Remap Roots 0.049ms
[2026-01-06T22:08:27.051+0800][9.633s][info][gc,phases   ] GC(18) O: Pause Relocate Start 0.001ms
[2026-01-06T22:08:27.052+0800][9.634s][info][gc,phases   ] GC(18) O: Concurrent Relocate 1.004ms
[2026-01-06T22:08:27.052+0800][9.634s][info][gc,alloc    ] GC(18) O:                         Mark Start        Mark End      Relocate Start    Relocate End   
[2026-01-06T22:08:27.052+0800][9.634s][info][gc,alloc    ] GC(18) O: Allocation Stalls:          0                0                0                0         
[2026-01-06T22:08:27.052+0800][9.634s][info][gc,load     ] GC(18) O: Load: 2.01 (20%) / 1.83 (18%) / 2.00 (20%)
[2026-01-06T22:08:27.052+0800][9.634s][info][gc,mmu      ] GC(18) O: MMU: 2ms/98.5%, 5ms/99.4%, 10ms/99.6%, 20ms/99.8%, 50ms/99.9%, 100ms/100.0%
[2026-01-06T22:08:27.052+0800][9.634s][info][gc,marking  ] GC(18) O: Mark: 1 stripe(s), 2 proactive flush(es), 1 terminate flush(es), 0 completion(s), 0 continuation(s) 
[2026-01-06T22:08:27.052+0800][9.634s][info][gc,nmethod  ] GC(18) O: NMethods: 41 registered, 34 unregistered
[2026-01-06T22:08:27.052+0800][9.634s][info][gc,metaspace] GC(18) O: Metaspace: 0M used, 0M committed, 1088M reserved
[2026-01-06T22:08:27.052+0800][9.634s][info][gc,ref      ] GC(18) O:                       Encountered   Discovered     Enqueued 
[2026-01-06T22:08:27.052+0800][9.634s][info][gc,ref      ] GC(18) O: Soft References:                1            0            0 
[2026-01-06T22:08:27.052+0800][9.634s][info][gc,ref      ] GC(18) O: Weak References:                6            0            0 
[2026-01-06T22:08:27.052+0800][9.634s][info][gc,ref      ] GC(18) O: Final References:               0            0            0 
[2026-01-06T22:08:27.052+0800][9.634s][info][gc,ref      ] GC(18) O: Phantom References:             1            1            0 
[2026-01-06T22:08:27.052+0800][9.634s][info][gc,reloc    ] GC(18) O:                        Candidates     Selected     In-Place         Size        Empty    Relocated 
[2026-01-06T22:08:27.052+0800][9.634s][info][gc,reloc    ] GC(18) O: Small Pages:                    2            1            0           4M           0M           1M 
[2026-01-06T22:08:27.052+0800][9.634s][info][gc,reloc    ] GC(18) O: Medium Pages:                   0            0            0           0M           0M           0M 
[2026-01-06T22:08:27.052+0800][9.634s][info][gc,reloc    ] GC(18) O: Large Pages:                    0            0            0           0M           0M           0M 
[2026-01-06T22:08:27.052+0800][9.634s][info][gc,reloc    ] GC(18) O: Forwarding Usage: 0M
[2026-01-06T22:08:27.052+0800][9.634s][info][gc,heap     ] GC(18) O: Min Capacity: 8M(0%)
[2026-01-06T22:08:27.052+0800][9.634s][info][gc,heap     ] GC(18) O: Max Capacity: 4096M(100%)
[2026-01-06T22:08:27.052+0800][9.634s][info][gc,heap     ] GC(18) O: Soft Max Capacity: 3686M(90%)
[2026-01-06T22:08:27.052+0800][9.634s][info][gc,heap     ] GC(18) O: Heap Statistics:
[2026-01-06T22:08:27.052+0800][9.634s][info][gc,heap     ] GC(18) O:                Mark Start          Mark End        Relocate Start      Relocate End           High               Low         
[2026-01-06T22:08:27.052+0800][9.634s][info][gc,heap     ] GC(18) O:  Capacity:     3494M (85%)        3494M (85%)        3494M (85%)        3494M (85%)        3494M (85%)        3494M (85%)    
[2026-01-06T22:08:27.052+0800][9.634s][info][gc,heap     ] GC(18) O:      Free:      912M (22%)        4068M (99%)        4066M (99%)        4062M (99%)        4080M (100%)        908M (22%)    
[2026-01-06T22:08:27.052+0800][9.634s][info][gc,heap     ] GC(18) O:      Used:     3184M (78%)          28M (1%)           30M (1%)           34M (1%)         3188M (78%)          16M (0%)     
[2026-01-06T22:08:27.052+0800][9.634s][info][gc,heap     ] GC(18) O: Old Generation Statistics:
[2026-01-06T22:08:27.052+0800][9.634s][info][gc,heap     ] GC(18) O:                Mark Start          Mark End        Relocate Start      Relocate End    
[2026-01-06T22:08:27.052+0800][9.634s][info][gc,heap     ] GC(18) O:      Used:        4M (0%)            4M (0%)            4M (0%)            4M (0%)     
[2026-01-06T22:08:27.052+0800][9.634s][info][gc,heap     ] GC(18) O:      Live:         -                 1M (0%)            1M (0%)            1M (0%)     
[2026-01-06T22:08:27.052+0800][9.634s][info][gc,heap     ] GC(18) O:   Garbage:         -                 2M (0%)            2M (0%)            0M (0%)     
[2026-01-06T22:08:27.052+0800][9.634s][info][gc,heap     ] GC(18) O: Allocated:         -                 0M (0%)            0M (0%)            2M (0%)     
[2026-01-06T22:08:27.052+0800][9.634s][info][gc,heap     ] GC(18) O: Reclaimed:         -                  -                 0M (0%)            2M (0%)     
[2026-01-06T22:08:27.052+0800][9.634s][info][gc,heap     ] GC(18) O: Compacted:         -                  -                  -                 1M (0%)     
[2026-01-06T22:08:27.052+0800][9.634s][info][gc,phases   ] GC(18) O: Old Generation 16M(0%)->34M(1%) 0.005s
[2026-01-06T22:08:27.052+0800][9.634s][info][gc          ] GC(18) Major Collection (Proactive) 3184M(78%)->34M(1%) 0.014s
[2026-01-06T22:08:27.850+0800][10.431s][info][gc          ] GC(19) Minor Collection (High Usage)
[2026-01-06T22:08:27.850+0800][10.431s][info][gc,task     ] GC(19) Using 1 Workers for Young Generation
[2026-01-06T22:08:27.850+0800][10.431s][info][gc,phases   ] GC(19) y: Young Generation
[2026-01-06T22:08:27.850+0800][10.431s][info][gc,phases   ] GC(19) y: Pause Mark Start 0.010ms
[2026-01-06T22:08:27.850+0800][10.432s][info][gc,phases   ] GC(19) y: Concurrent Mark 0.486ms
[2026-01-06T22:08:27.850+0800][10.432s][info][gc,phases   ] GC(19) y: Pause Mark End 0.004ms
[2026-01-06T22:08:27.850+0800][10.432s][info][gc,phases   ] GC(19) y: Concurrent Mark Free 0.004ms
[2026-01-06T22:08:27.850+0800][10.432s][info][gc,phases   ] GC(19) y: Concurrent Reset Relocation Set 0.000ms
[2026-01-06T22:08:27.857+0800][10.438s][info][gc,reloc    ] GC(19) y: Using tenuring threshold: 1 (Computed)
[2026-01-06T22:08:27.857+0800][10.438s][info][gc,phases   ] GC(19) y: Concurrent Select Relocation Set 6.496ms
[2026-01-06T22:08:27.857+0800][10.438s][info][gc,phases   ] GC(19) y: Pause Relocate Start 0.002ms
[2026-01-06T22:08:27.857+0800][10.438s][info][gc,phases   ] GC(19) y: Concurrent Relocate 0.009ms
[2026-01-06T22:08:27.857+0800][10.438s][info][gc,alloc    ] GC(19) y:                         Mark Start        Mark End      Relocate Start    Relocate End   
[2026-01-06T22:08:27.857+0800][10.438s][info][gc,alloc    ] GC(19) y: Allocation Stalls:          0                0                0                0         
[2026-01-06T22:08:27.857+0800][10.438s][info][gc,load     ] GC(19) y: Load: 2.01 (20%) / 1.83 (18%) / 2.00 (20%)
[2026-01-06T22:08:27.857+0800][10.438s][info][gc,mmu      ] GC(19) y: MMU: 2ms/98.5%, 5ms/99.4%, 10ms/99.6%, 20ms/99.8%, 50ms/99.9%, 100ms/100.0%
[2026-01-06T22:08:27.857+0800][10.438s][info][gc,marking  ] GC(19) y: Mark: 1 stripe(s), 2 proactive flush(es), 1 terminate flush(es), 0 completion(s), 0 continuation(s) 
[2026-01-06T22:08:27.857+0800][10.438s][info][gc,nmethod  ] GC(19) y: NMethods: 41 registered, 34 unregistered
[2026-01-06T22:08:27.857+0800][10.438s][info][gc,metaspace] GC(19) y: Metaspace: 0M used, 0M committed, 1088M reserved
[2026-01-06T22:08:27.857+0800][10.438s][info][gc,reloc    ] GC(19) y:                        Candidates     Selected     In-Place         Size        Empty    Relocated 
[2026-01-06T22:08:27.857+0800][10.438s][info][gc,reloc    ] GC(19) y: Small Pages:                 1740            0            0        3480M        3478M           0M 
[2026-01-06T22:08:27.857+0800][10.438s][info][gc,reloc    ] GC(19) y: Medium Pages:                   0            0            0           0M           0M           0M 
[2026-01-06T22:08:27.857+0800][10.438s][info][gc,reloc    ] GC(19) y: Large Pages:                    0            0            0           0M           0M           0M 
[2026-01-06T22:08:27.857+0800][10.438s][info][gc,reloc    ] GC(19) y: Forwarding Usage: 0M
[2026-01-06T22:08:27.857+0800][10.438s][info][gc,reloc    ] GC(19) y: Age Table:
[2026-01-06T22:08:27.857+0800][10.438s][info][gc,reloc    ] GC(19) y:                    Live             Garbage             Small              Medium             Large        
[2026-01-06T22:08:27.857+0800][10.438s][info][gc,reloc    ] GC(19) y: Eden               0M (0%)         3477M (85%)       1739 / 0              0 / 0              0 / 0        
[2026-01-06T22:08:27.857+0800][10.438s][info][gc,reloc    ] GC(19) y: Survivor 1          -                 2M (0%)           1 / 0              0 / 0              0 / 0        
[2026-01-06T22:08:27.857+0800][10.438s][info][gc,heap     ] GC(19) y: Min Capacity: 8M(0%)
[2026-01-06T22:08:27.857+0800][10.438s][info][gc,heap     ] GC(19) y: Max Capacity: 4096M(100%)
[2026-01-06T22:08:27.857+0800][10.438s][info][gc,heap     ] GC(19) y: Soft Max Capacity: 3686M(90%)
[2026-01-06T22:08:27.857+0800][10.438s][info][gc,heap     ] GC(19) y: Heap Statistics:
[2026-01-06T22:08:27.857+0800][10.438s][info][gc,heap     ] GC(19) y:                Mark Start          Mark End        Relocate Start      Relocate End           High               Low         
[2026-01-06T22:08:27.857+0800][10.438s][info][gc,heap     ] GC(19) y:  Capacity:     3494M (85%)        3494M (85%)        3494M (85%)        3494M (85%)        3494M (85%)        3494M (85%)    
[2026-01-06T22:08:27.857+0800][10.438s][info][gc,heap     ] GC(19) y:      Free:      612M (15%)         608M (15%)        4074M (99%)        4074M (99%)        4074M (99%)         608M (15%)    
[2026-01-06T22:08:27.857+0800][10.438s][info][gc,heap     ] GC(19) y:      Used:     3484M (85%)        3488M (85%)          22M (1%)           22M (1%)         3488M (85%)          22M (1%)     
[2026-01-06T22:08:27.857+0800][10.438s][info][gc,heap     ] GC(19) y: Young Generation Statistics:
[2026-01-06T22:08:27.857+0800][10.438s][info][gc,heap     ] GC(19) y:                Mark Start          Mark End        Relocate Start      Relocate End    
[2026-01-06T22:08:27.857+0800][10.438s][info][gc,heap     ] GC(19) y:      Used:     3480M (85%)        3484M (85%)          18M (0%)           18M (0%)     
[2026-01-06T22:08:27.857+0800][10.438s][info][gc,heap     ] GC(19) y:      Live:         -                 0M (0%)            0M (0%)            0M (0%)     
[2026-01-06T22:08:27.857+0800][10.438s][info][gc,heap     ] GC(19) y:   Garbage:         -              3479M (85%)           1M (0%)            1M (0%)     
[2026-01-06T22:08:27.857+0800][10.438s][info][gc,heap     ] GC(19) y: Allocated:         -                 4M (0%)           16M (0%)           16M (0%)     
[2026-01-06T22:08:27.857+0800][10.438s][info][gc,heap     ] GC(19) y: Reclaimed:         -                  -              3478M (85%)        3478M (85%)    
[2026-01-06T22:08:27.857+0800][10.438s][info][gc,heap     ] GC(19) y:  Promoted:         -                  -                 0M (0%)            0M (0%)     
[2026-01-06T22:08:27.857+0800][10.438s][info][gc,heap     ] GC(19) y: Compacted:         -                  -                  -                 0M (0%)     
[2026-01-06T22:08:27.857+0800][10.438s][info][gc,phases   ] GC(19) y: Young Generation 3484M(85%)->22M(1%) 0.007s
[2026-01-06T22:08:27.857+0800][10.438s][info][gc          ] GC(19) Minor Collection (High Usage) 3484M(85%)->22M(1%) 0.007s
[2026-01-06T22:08:28.148+0800][10.730s][info][gc          ] GC(20) Major Collection (Proactive)
[2026-01-06T22:08:28.148+0800][10.730s][info][gc,task     ] GC(20) Using 1 Workers for Young Generation
[2026-01-06T22:08:28.148+0800][10.730s][info][gc,task     ] GC(20) Using 1 Workers for Old Generation
[2026-01-06T22:08:28.148+0800][10.730s][info][gc,phases   ] GC(20) Y: Young Generation
[2026-01-06T22:08:28.149+0800][10.731s][info][gc,phases   ] GC(20) Y: Pause Mark Start (Major) 0.155ms
[2026-01-06T22:08:28.149+0800][10.731s][info][gc,phases   ] GC(20) Y: Concurrent Mark 0.174ms
[2026-01-06T22:08:28.150+0800][10.731s][info][gc,phases   ] GC(20) Y: Pause Mark End 0.003ms
[2026-01-06T22:08:28.150+0800][10.731s][info][gc,phases   ] GC(20) Y: Concurrent Mark Free 0.001ms
[2026-01-06T22:08:28.150+0800][10.731s][info][gc,phases   ] GC(20) Y: Concurrent Reset Relocation Set 0.000ms
[2026-01-06T22:08:28.150+0800][10.731s][info][gc,reloc    ] GC(20) Y: Using tenuring threshold: 1 (Computed)
[2026-01-06T22:08:28.150+0800][10.731s][info][gc,phases   ] GC(20) Y: Concurrent Select Relocation Set 0.159ms
[2026-01-06T22:08:28.150+0800][10.731s][info][gc,phases   ] GC(20) Y: Pause Relocate Start 0.001ms
[2026-01-06T22:08:28.150+0800][10.731s][info][gc,phases   ] GC(20) Y: Concurrent Relocate 0.011ms
[2026-01-06T22:08:28.150+0800][10.731s][info][gc,alloc    ] GC(20) Y:                         Mark Start        Mark End      Relocate Start    Relocate End   
[2026-01-06T22:08:28.150+0800][10.731s][info][gc,alloc    ] GC(20) Y: Allocation Stalls:          0                0                0                0         
[2026-01-06T22:08:28.150+0800][10.731s][info][gc,load     ] GC(20) Y: Load: 2.01 (20%) / 1.83 (18%) / 2.00 (20%)
[2026-01-06T22:08:28.150+0800][10.731s][info][gc,mmu      ] GC(20) Y: MMU: 2ms/92.0%, 5ms/96.8%, 10ms/98.4%, 20ms/99.2%, 50ms/99.7%, 100ms/99.8%
[2026-01-06T22:08:28.150+0800][10.731s][info][gc,marking  ] GC(20) Y: Mark: 1 stripe(s), 2 proactive flush(es), 1 terminate flush(es), 0 completion(s), 0 continuation(s) 
[2026-01-06T22:08:28.150+0800][10.731s][info][gc,nmethod  ] GC(20) Y: NMethods: 41 registered, 34 unregistered
[2026-01-06T22:08:28.150+0800][10.731s][info][gc,metaspace] GC(20) Y: Metaspace: 0M used, 0M committed, 1088M reserved
[2026-01-06T22:08:28.150+0800][10.731s][info][gc,reloc    ] GC(20) Y:                        Candidates     Selected     In-Place         Size        Empty    Relocated 
[2026-01-06T22:08:28.150+0800][10.731s][info][gc,reloc    ] GC(20) Y: Small Pages:                  706            0            0        1412M        1410M           0M 
[2026-01-06T22:08:28.150+0800][10.731s][info][gc,reloc    ] GC(20) Y: Medium Pages:                   0            0            0           0M           0M           0M 
[2026-01-06T22:08:28.150+0800][10.731s][info][gc,reloc    ] GC(20) Y: Large Pages:                    0            0            0           0M           0M           0M 
[2026-01-06T22:08:28.150+0800][10.731s][info][gc,reloc    ] GC(20) Y: Forwarding Usage: 0M
[2026-01-06T22:08:28.150+0800][10.731s][info][gc,reloc    ] GC(20) Y: Age Table:
[2026-01-06T22:08:28.150+0800][10.731s][info][gc,reloc    ] GC(20) Y:                    Live             Garbage             Small              Medium             Large        
[2026-01-06T22:08:28.150+0800][10.731s][info][gc,reloc    ] GC(20) Y: Eden               0M (0%)         1409M (34%)        705 / 0              0 / 0              0 / 0        
[2026-01-06T22:08:28.150+0800][10.731s][info][gc,reloc    ] GC(20) Y: Survivor 1          -                 2M (0%)           1 / 0              0 / 0              0 / 0        
[2026-01-06T22:08:28.150+0800][10.731s][info][gc,heap     ] GC(20) Y: Min Capacity: 8M(0%)
[2026-01-06T22:08:28.150+0800][10.731s][info][gc,heap     ] GC(20) Y: Max Capacity: 4096M(100%)
[2026-01-06T22:08:28.150+0800][10.731s][info][gc,heap     ] GC(20) Y: Soft Max Capacity: 3686M(90%)
[2026-01-06T22:08:28.150+0800][10.731s][info][gc,heap     ] GC(20) Y: Heap Statistics:
[2026-01-06T22:08:28.150+0800][10.731s][info][gc,heap     ] GC(20) Y:                Mark Start          Mark End        Relocate Start      Relocate End           High               Low         
[2026-01-06T22:08:28.150+0800][10.731s][info][gc,heap     ] GC(20) Y:  Capacity:     3494M (85%)        3494M (85%)        3494M (85%)        3494M (85%)        3494M (85%)        3494M (85%)    
[2026-01-06T22:08:28.150+0800][10.731s][info][gc,heap     ] GC(20) Y:      Free:     2680M (65%)        2678M (65%)        4088M (100%)       4086M (100%)       4088M (100%)       2678M (65%)    
[2026-01-06T22:08:28.150+0800][10.731s][info][gc,heap     ] GC(20) Y:      Used:     1416M (35%)        1418M (35%)           8M (0%)           10M (0%)         1418M (35%)           8M (0%)     
[2026-01-06T22:08:28.150+0800][10.731s][info][gc,heap     ] GC(20) Y: Young Generation Statistics:
[2026-01-06T22:08:28.150+0800][10.731s][info][gc,heap     ] GC(20) Y:                Mark Start          Mark End        Relocate Start      Relocate End    
[2026-01-06T22:08:28.150+0800][10.731s][info][gc,heap     ] GC(20) Y:      Used:     1412M (34%)        1414M (35%)           4M (0%)            6M (0%)     
[2026-01-06T22:08:28.150+0800][10.731s][info][gc,heap     ] GC(20) Y:      Live:         -                 0M (0%)            0M (0%)            0M (0%)     
[2026-01-06T22:08:28.150+0800][10.731s][info][gc,heap     ] GC(20) Y:   Garbage:         -              1411M (34%)           1M (0%)            1M (0%)     
[2026-01-06T22:08:28.150+0800][10.731s][info][gc,heap     ] GC(20) Y: Allocated:         -                 2M (0%)            2M (0%)            4M (0%)     
[2026-01-06T22:08:28.150+0800][10.731s][info][gc,heap     ] GC(20) Y: Reclaimed:         -                  -              1410M (34%)        1410M (34%)    
[2026-01-06T22:08:28.150+0800][10.731s][info][gc,heap     ] GC(20) Y:  Promoted:         -                  -                 0M (0%)            0M (0%)     
[2026-01-06T22:08:28.150+0800][10.731s][info][gc,heap     ] GC(20) Y: Compacted:         -                  -                  -                 0M (0%)     
[2026-01-06T22:08:28.150+0800][10.731s][info][gc,phases   ] GC(20) Y: Young Generation 1416M(35%)->10M(0%) 0.002s
[2026-01-06T22:08:28.150+0800][10.731s][info][gc,phases   ] GC(20) O: Old Generation
[2026-01-06T22:08:28.152+0800][10.734s][info][gc,phases   ] GC(20) O: Concurrent Mark 2.464ms
[2026-01-06T22:08:28.152+0800][10.734s][info][gc,phases   ] GC(20) O: Pause Mark End 0.003ms
[2026-01-06T22:08:28.152+0800][10.734s][info][gc,phases   ] GC(20) O: Concurrent Mark Free 0.000ms
[2026-01-06T22:08:28.153+0800][10.734s][info][gc,phases   ] GC(20) O: Concurrent Process Non-Strong 0.150ms
[2026-01-06T22:08:28.153+0800][10.734s][info][gc,phases   ] GC(20) O: Concurrent Reset Relocation Set 0.006ms
[2026-01-06T22:08:28.153+0800][10.734s][info][gc,phases   ] GC(20) O: Concurrent Select Relocation Set 0.018ms
[2026-01-06T22:08:28.153+0800][10.734s][info][gc,task     ] GC(20) O: Using 2 Workers for Old Generation
[2026-01-06T22:08:28.153+0800][10.734s][info][gc,task     ] GC(20) O: Using 1 Workers for Old Generation
[2026-01-06T22:08:28.153+0800][10.734s][info][gc,phases   ] GC(20) O: Concurrent Remap Roots 0.043ms
[2026-01-06T22:08:28.153+0800][10.734s][info][gc,phases   ] GC(20) O: Pause Relocate Start 0.001ms
[2026-01-06T22:08:28.153+0800][10.735s][info][gc,phases   ] GC(20) O: Concurrent Relocate 0.626ms
[2026-01-06T22:08:28.153+0800][10.735s][info][gc,alloc    ] GC(20) O:                         Mark Start        Mark End      Relocate Start    Relocate End   
[2026-01-06T22:08:28.153+0800][10.735s][info][gc,alloc    ] GC(20) O: Allocation Stalls:          0                0                0                0         
[2026-01-06T22:08:28.153+0800][10.735s][info][gc,load     ] GC(20) O: Load: 2.01 (20%) / 1.83 (18%) / 2.00 (20%)
[2026-01-06T22:08:28.153+0800][10.735s][info][gc,mmu      ] GC(20) O: MMU: 2ms/92.0%, 5ms/96.7%, 10ms/98.4%, 20ms/99.2%, 50ms/99.7%, 100ms/99.8%
[2026-01-06T22:08:28.153+0800][10.735s][info][gc,marking  ] GC(20) O: Mark: 1 stripe(s), 2 proactive flush(es), 1 terminate flush(es), 0 completion(s), 0 continuation(s) 
[2026-01-06T22:08:28.153+0800][10.735s][info][gc,nmethod  ] GC(20) O: NMethods: 41 registered, 34 unregistered
[2026-01-06T22:08:28.153+0800][10.735s][info][gc,metaspace] GC(20) O: Metaspace: 0M used, 0M committed, 1088M reserved
[2026-01-06T22:08:28.153+0800][10.735s][info][gc,ref      ] GC(20) O:                       Encountered   Discovered     Enqueued 
[2026-01-06T22:08:28.153+0800][10.735s][info][gc,ref      ] GC(20) O: Soft References:                1            0            0 
[2026-01-06T22:08:28.153+0800][10.735s][info][gc,ref      ] GC(20) O: Weak References:                6            0            0 
[2026-01-06T22:08:28.153+0800][10.735s][info][gc,ref      ] GC(20) O: Final References:               0            0            0 
[2026-01-06T22:08:28.153+0800][10.735s][info][gc,ref      ] GC(20) O: Phantom References:             1            1            0 
[2026-01-06T22:08:28.153+0800][10.735s][info][gc,reloc    ] GC(20) O:                        Candidates     Selected     In-Place         Size        Empty    Relocated 
[2026-01-06T22:08:28.153+0800][10.735s][info][gc,reloc    ] GC(20) O: Small Pages:                    2            1            0           4M           0M           1M 
[2026-01-06T22:08:28.153+0800][10.735s][info][gc,reloc    ] GC(20) O: Medium Pages:                   0            0            0           0M           0M           0M 
[2026-01-06T22:08:28.153+0800][10.735s][info][gc,reloc    ] GC(20) O: Large Pages:                    0            0            0           0M           0M           0M 
[2026-01-06T22:08:28.153+0800][10.735s][info][gc,reloc    ] GC(20) O: Forwarding Usage: 0M
[2026-01-06T22:08:28.153+0800][10.735s][info][gc,heap     ] GC(20) O: Min Capacity: 8M(0%)
[2026-01-06T22:08:28.153+0800][10.735s][info][gc,heap     ] GC(20) O: Max Capacity: 4096M(100%)
[2026-01-06T22:08:28.153+0800][10.735s][info][gc,heap     ] GC(20) O: Soft Max Capacity: 3686M(90%)
[2026-01-06T22:08:28.153+0800][10.735s][info][gc,heap     ] GC(20) O: Heap Statistics:
[2026-01-06T22:08:28.153+0800][10.735s][info][gc,heap     ] GC(20) O:                Mark Start          Mark End        Relocate Start      Relocate End           High               Low         
[2026-01-06T22:08:28.153+0800][10.735s][info][gc,heap     ] GC(20) O:  Capacity:     3494M (85%)        3494M (85%)        3494M (85%)        3494M (85%)        3494M (85%)        3494M (85%)    
[2026-01-06T22:08:28.153+0800][10.735s][info][gc,heap     ] GC(20) O:      Free:     2680M (65%)        4034M (98%)        4030M (98%)        4022M (98%)        4088M (100%)       2678M (65%)    
[2026-01-06T22:08:28.153+0800][10.735s][info][gc,heap     ] GC(20) O:      Used:     1416M (35%)          62M (2%)           66M (2%)           74M (2%)         1418M (35%)           8M (0%)     
[2026-01-06T22:08:28.153+0800][10.735s][info][gc,heap     ] GC(20) O: Old Generation Statistics:
[2026-01-06T22:08:28.153+0800][10.735s][info][gc,heap     ] GC(20) O:                Mark Start          Mark End        Relocate Start      Relocate End    
[2026-01-06T22:08:28.153+0800][10.735s][info][gc,heap     ] GC(20) O:      Used:        4M (0%)            4M (0%)            4M (0%)            4M (0%)     
[2026-01-06T22:08:28.153+0800][10.735s][info][gc,heap     ] GC(20) O:      Live:         -                 1M (0%)            1M (0%)            1M (0%)     
[2026-01-06T22:08:28.153+0800][10.735s][info][gc,heap     ] GC(20) O:   Garbage:         -                 2M (0%)            2M (0%)            0M (0%)     
[2026-01-06T22:08:28.153+0800][10.735s][info][gc,heap     ] GC(20) O: Allocated:         -                 0M (0%)            0M (0%)            2M (0%)     
[2026-01-06T22:08:28.153+0800][10.735s][info][gc,heap     ] GC(20) O: Reclaimed:         -                  -                 0M (0%)            2M (0%)     
[2026-01-06T22:08:28.153+0800][10.735s][info][gc,heap     ] GC(20) O: Compacted:         -                  -                  -                 1M (0%)     
[2026-01-06T22:08:28.153+0800][10.735s][info][gc,phases   ] GC(20) O: Old Generation 12M(0%)->74M(2%) 0.003s
[2026-01-06T22:08:28.153+0800][10.735s][info][gc          ] GC(20) Major Collection (Proactive) 1416M(35%)->76M(2%) 0.005s
[2026-01-06T22:08:28.854+0800][11.436s][info][gc          ] GC(21) Minor Collection (High Usage)
[2026-01-06T22:08:28.854+0800][11.436s][info][gc,task     ] GC(21) Using 1 Workers for Young Generation
[2026-01-06T22:08:28.854+0800][11.436s][info][gc,phases   ] GC(21) y: Young Generation
[2026-01-06T22:08:28.854+0800][11.436s][info][gc,phases   ] GC(21) y: Pause Mark Start 0.015ms
[2026-01-06T22:08:28.855+0800][11.436s][info][gc,phases   ] GC(21) y: Concurrent Mark 0.437ms
[2026-01-06T22:08:28.855+0800][11.436s][info][gc,phases   ] GC(21) y: Pause Mark End 0.003ms
[2026-01-06T22:08:28.855+0800][11.437s][info][gc,phases   ] GC(21) y: Concurrent Mark Free 0.003ms
[2026-01-06T22:08:28.855+0800][11.437s][info][gc,phases   ] GC(21) y: Concurrent Reset Relocation Set 0.000ms
[2026-01-06T22:08:28.858+0800][11.440s][info][gc,reloc    ] GC(21) y: Using tenuring threshold: 1 (Computed)
[2026-01-06T22:08:28.858+0800][11.440s][info][gc,phases   ] GC(21) y: Concurrent Select Relocation Set 3.269ms
[2026-01-06T22:08:28.858+0800][11.440s][info][gc,phases   ] GC(21) y: Pause Relocate Start 0.002ms
[2026-01-06T22:08:28.858+0800][11.440s][info][gc,phases   ] GC(21) y: Concurrent Relocate 0.011ms
[2026-01-06T22:08:28.858+0800][11.440s][info][gc,alloc    ] GC(21) y:                         Mark Start        Mark End      Relocate Start    Relocate End   
[2026-01-06T22:08:28.858+0800][11.440s][info][gc,alloc    ] GC(21) y: Allocation Stalls:          0                0                0                0         
[2026-01-06T22:08:28.858+0800][11.440s][info][gc,load     ] GC(21) y: Load: 2.01 (20%) / 1.83 (18%) / 2.00 (20%)
[2026-01-06T22:08:28.858+0800][11.440s][info][gc,mmu      ] GC(21) y: MMU: 2ms/92.0%, 5ms/96.7%, 10ms/98.4%, 20ms/99.2%, 50ms/99.7%, 100ms/99.8%
[2026-01-06T22:08:28.858+0800][11.440s][info][gc,marking  ] GC(21) y: Mark: 1 stripe(s), 2 proactive flush(es), 1 terminate flush(es), 0 completion(s), 0 continuation(s) 
[2026-01-06T22:08:28.858+0800][11.440s][info][gc,nmethod  ] GC(21) y: NMethods: 41 registered, 34 unregistered
[2026-01-06T22:08:28.858+0800][11.440s][info][gc,metaspace] GC(21) y: Metaspace: 0M used, 0M committed, 1088M reserved
[2026-01-06T22:08:28.858+0800][11.440s][info][gc,reloc    ] GC(21) y:                        Candidates     Selected     In-Place         Size        Empty    Relocated 
[2026-01-06T22:08:28.858+0800][11.440s][info][gc,reloc    ] GC(21) y: Small Pages:                 1740            0            0        3480M        3478M           0M 
[2026-01-06T22:08:28.858+0800][11.440s][info][gc,reloc    ] GC(21) y: Medium Pages:                   0            0            0           0M           0M           0M 
[2026-01-06T22:08:28.858+0800][11.440s][info][gc,reloc    ] GC(21) y: Large Pages:                    0            0            0           0M           0M           0M 
[2026-01-06T22:08:28.858+0800][11.440s][info][gc,reloc    ] GC(21) y: Forwarding Usage: 0M
[2026-01-06T22:08:28.858+0800][11.440s][info][gc,reloc    ] GC(21) y: Age Table:
[2026-01-06T22:08:28.858+0800][11.440s][info][gc,reloc    ] GC(21) y:                    Live             Garbage             Small              Medium             Large        
[2026-01-06T22:08:28.858+0800][11.440s][info][gc,reloc    ] GC(21) y: Eden               0M (0%)         3477M (85%)       1739 / 0              0 / 0              0 / 0        
[2026-01-06T22:08:28.858+0800][11.440s][info][gc,reloc    ] GC(21) y: Survivor 1          -                 2M (0%)           1 / 0              0 / 0              0 / 0        
[2026-01-06T22:08:28.858+0800][11.440s][info][gc,heap     ] GC(21) y: Min Capacity: 8M(0%)
[2026-01-06T22:08:28.858+0800][11.440s][info][gc,heap     ] GC(21) y: Max Capacity: 4096M(100%)
[2026-01-06T22:08:28.858+0800][11.440s][info][gc,heap     ] GC(21) y: Soft Max Capacity: 3686M(90%)
[2026-01-06T22:08:28.858+0800][11.440s][info][gc,heap     ] GC(21) y: Heap Statistics:
[2026-01-06T22:08:28.858+0800][11.440s][info][gc,heap     ] GC(21) y:                Mark Start          Mark End        Relocate Start      Relocate End           High               Low         
[2026-01-06T22:08:28.858+0800][11.440s][info][gc,heap     ] GC(21) y:  Capacity:     3494M (85%)        3494M (85%)        3494M (85%)        3494M (85%)        3494M (85%)        3494M (85%)    
[2026-01-06T22:08:28.858+0800][11.440s][info][gc,heap     ] GC(21) y:      Free:      612M (15%)         608M (15%)        4076M (100%)       4076M (100%)       4076M (100%)        608M (15%)    
[2026-01-06T22:08:28.858+0800][11.440s][info][gc,heap     ] GC(21) y:      Used:     3484M (85%)        3488M (85%)          20M (0%)           20M (0%)         3488M (85%)          20M (0%)     
[2026-01-06T22:08:28.858+0800][11.440s][info][gc,heap     ] GC(21) y: Young Generation Statistics:
[2026-01-06T22:08:28.858+0800][11.440s][info][gc,heap     ] GC(21) y:                Mark Start          Mark End        Relocate Start      Relocate End    
[2026-01-06T22:08:28.858+0800][11.440s][info][gc,heap     ] GC(21) y:      Used:     3480M (85%)        3484M (85%)          16M (0%)           16M (0%)     
[2026-01-06T22:08:28.858+0800][11.440s][info][gc,heap     ] GC(21) y:      Live:         -                 0M (0%)            0M (0%)            0M (0%)     
[2026-01-06T22:08:28.858+0800][11.440s][info][gc,heap     ] GC(21) y:   Garbage:         -              3479M (85%)           1M (0%)            1M (0%)     
[2026-01-06T22:08:28.858+0800][11.440s][info][gc,heap     ] GC(21) y: Allocated:         -                 4M (0%)           14M (0%)           14M (0%)     
[2026-01-06T22:08:28.858+0800][11.440s][info][gc,heap     ] GC(21) y: Reclaimed:         -                  -              3478M (85%)        3478M (85%)    
[2026-01-06T22:08:28.858+0800][11.440s][info][gc,heap     ] GC(21) y:  Promoted:         -                  -                 0M (0%)            0M (0%)     
[2026-01-06T22:08:28.858+0800][11.440s][info][gc,heap     ] GC(21) y: Compacted:         -                  -                  -                 0M (0%)     
[2026-01-06T22:08:28.858+0800][11.440s][info][gc,phases   ] GC(21) y: Young Generation 3484M(85%)->20M(0%) 0.004s
[2026-01-06T22:08:28.858+0800][11.440s][info][gc          ] GC(21) Minor Collection (High Usage) 3484M(85%)->20M(0%) 0.004s
[2026-01-06T22:08:28.964+0800][11.546s][info][gc          ] GC(22) Major Collection (Proactive)
[2026-01-06T22:08:28.964+0800][11.546s][info][gc,task     ] GC(22) Using 1 Workers for Young Generation
[2026-01-06T22:08:28.964+0800][11.546s][info][gc,task     ] GC(22) Using 1 Workers for Old Generation
[2026-01-06T22:08:28.964+0800][11.546s][info][gc,phases   ] GC(22) Y: Young Generation
[2026-01-06T22:08:28.964+0800][11.546s][info][gc,phases   ] GC(22) Y: Pause Mark Start (Major) 0.005ms
[2026-01-06T22:08:28.964+0800][11.546s][info][gc,phases   ] GC(22) Y: Concurrent Mark 0.168ms
[2026-01-06T22:08:28.964+0800][11.546s][info][gc,phases   ] GC(22) Y: Pause Mark End 0.003ms
[2026-01-06T22:08:28.964+0800][11.546s][info][gc,phases   ] GC(22) Y: Concurrent Mark Free 0.000ms
[2026-01-06T22:08:28.965+0800][11.546s][info][gc,phases   ] GC(22) Y: Concurrent Reset Relocation Set 0.000ms
[2026-01-06T22:08:28.965+0800][11.546s][info][gc,reloc    ] GC(22) Y: Using tenuring threshold: 1 (Computed)
[2026-01-06T22:08:28.965+0800][11.546s][info][gc,phases   ] GC(22) Y: Concurrent Select Relocation Set 0.074ms
[2026-01-06T22:08:28.965+0800][11.546s][info][gc,phases   ] GC(22) Y: Pause Relocate Start 0.001ms
[2026-01-06T22:08:28.965+0800][11.546s][info][gc,phases   ] GC(22) Y: Concurrent Relocate 0.009ms
[2026-01-06T22:08:28.965+0800][11.546s][info][gc,alloc    ] GC(22) Y:                         Mark Start        Mark End      Relocate Start    Relocate End   
[2026-01-06T22:08:28.965+0800][11.546s][info][gc,alloc    ] GC(22) Y: Allocation Stalls:          0                0                0                0         
[2026-01-06T22:08:28.965+0800][11.546s][info][gc,load     ] GC(22) Y: Load: 2.01 (20%) / 1.83 (18%) / 2.00 (20%)
[2026-01-06T22:08:28.965+0800][11.546s][info][gc,mmu      ] GC(22) Y: MMU: 2ms/92.0%, 5ms/96.7%, 10ms/98.4%, 20ms/99.2%, 50ms/99.7%, 100ms/99.8%
[2026-01-06T22:08:28.965+0800][11.546s][info][gc,marking  ] GC(22) Y: Mark: 1 stripe(s), 2 proactive flush(es), 1 terminate flush(es), 0 completion(s), 0 continuation(s) 
[2026-01-06T22:08:28.965+0800][11.546s][info][gc,nmethod  ] GC(22) Y: NMethods: 41 registered, 34 unregistered
[2026-01-06T22:08:28.965+0800][11.546s][info][gc,metaspace] GC(22) Y: Metaspace: 0M used, 0M committed, 1088M reserved
[2026-01-06T22:08:28.965+0800][11.546s][info][gc,reloc    ] GC(22) Y:                        Candidates     Selected     In-Place         Size        Empty    Relocated 
[2026-01-06T22:08:28.965+0800][11.546s][info][gc,reloc    ] GC(22) Y: Small Pages:                  226            0            0         452M         450M           0M 
[2026-01-06T22:08:28.965+0800][11.546s][info][gc,reloc    ] GC(22) Y: Medium Pages:                   0            0            0           0M           0M           0M 
[2026-01-06T22:08:28.965+0800][11.546s][info][gc,reloc    ] GC(22) Y: Large Pages:                    0            0            0           0M           0M           0M 
[2026-01-06T22:08:28.965+0800][11.546s][info][gc,reloc    ] GC(22) Y: Forwarding Usage: 0M
[2026-01-06T22:08:28.965+0800][11.546s][info][gc,reloc    ] GC(22) Y: Age Table:
[2026-01-06T22:08:28.965+0800][11.546s][info][gc,reloc    ] GC(22) Y:                    Live             Garbage             Small              Medium             Large        
[2026-01-06T22:08:28.965+0800][11.546s][info][gc,reloc    ] GC(22) Y: Eden               0M (0%)          449M (11%)        225 / 0              0 / 0              0 / 0        
[2026-01-06T22:08:28.965+0800][11.546s][info][gc,reloc    ] GC(22) Y: Survivor 1          -                 2M (0%)           1 / 0              0 / 0              0 / 0        
[2026-01-06T22:08:28.965+0800][11.546s][info][gc,heap     ] GC(22) Y: Min Capacity: 8M(0%)
[2026-01-06T22:08:28.965+0800][11.546s][info][gc,heap     ] GC(22) Y: Max Capacity: 4096M(100%)
[2026-01-06T22:08:28.965+0800][11.546s][info][gc,heap     ] GC(22) Y: Soft Max Capacity: 3686M(90%)
[2026-01-06T22:08:28.965+0800][11.546s][info][gc,heap     ] GC(22) Y: Heap Statistics:
[2026-01-06T22:08:28.965+0800][11.546s][info][gc,heap     ] GC(22) Y:                Mark Start          Mark End        Relocate Start      Relocate End           High               Low         
[2026-01-06T22:08:28.965+0800][11.546s][info][gc,heap     ] GC(22) Y:  Capacity:     3494M (85%)        3494M (85%)        3494M (85%)        3494M (85%)        3494M (85%)        3494M (85%)    
[2026-01-06T22:08:28.965+0800][11.546s][info][gc,heap     ] GC(22) Y:      Free:     3640M (89%)        3638M (89%)        4088M (100%)       4088M (100%)       4088M (100%)       3638M (89%)    
[2026-01-06T22:08:28.965+0800][11.546s][info][gc,heap     ] GC(22) Y:      Used:      456M (11%)         458M (11%)           8M (0%)            8M (0%)          458M (11%)           8M (0%)     
[2026-01-06T22:08:28.965+0800][11.546s][info][gc,heap     ] GC(22) Y: Young Generation Statistics:
[2026-01-06T22:08:28.965+0800][11.546s][info][gc,heap     ] GC(22) Y:                Mark Start          Mark End        Relocate Start      Relocate End    
[2026-01-06T22:08:28.965+0800][11.546s][info][gc,heap     ] GC(22) Y:      Used:      452M (11%)         454M (11%)           4M (0%)            4M (0%)     
[2026-01-06T22:08:28.965+0800][11.546s][info][gc,heap     ] GC(22) Y:      Live:         -                 0M (0%)            0M (0%)            0M (0%)     
[2026-01-06T22:08:28.965+0800][11.546s][info][gc,heap     ] GC(22) Y:   Garbage:         -               451M (11%)           1M (0%)            1M (0%)     
[2026-01-06T22:08:28.965+0800][11.546s][info][gc,heap     ] GC(22) Y: Allocated:         -                 2M (0%)            2M (0%)            2M (0%)     
[2026-01-06T22:08:28.965+0800][11.546s][info][gc,heap     ] GC(22) Y: Reclaimed:         -                  -               450M (11%)         450M (11%)    
[2026-01-06T22:08:28.965+0800][11.546s][info][gc,heap     ] GC(22) Y:  Promoted:         -                  -                 0M (0%)            0M (0%)     
[2026-01-06T22:08:28.965+0800][11.546s][info][gc,heap     ] GC(22) Y: Compacted:         -                  -                  -                 0M (0%)     
[2026-01-06T22:08:28.965+0800][11.546s][info][gc,phases   ] GC(22) Y: Young Generation 456M(11%)->8M(0%) 0.000s
[2026-01-06T22:08:28.965+0800][11.546s][info][gc,phases   ] GC(22) O: Old Generation
[2026-01-06T22:08:28.967+0800][11.549s][info][gc,phases   ] GC(22) O: Concurrent Mark 2.291ms
[2026-01-06T22:08:28.967+0800][11.549s][info][gc,phases   ] GC(22) O: Pause Mark End 0.003ms
[2026-01-06T22:08:28.967+0800][11.549s][info][gc,phases   ] GC(22) O: Concurrent Mark Free 0.001ms
[2026-01-06T22:08:28.967+0800][11.549s][info][gc,phases   ] GC(22) O: Concurrent Process Non-Strong 0.122ms
[2026-01-06T22:08:28.967+0800][11.549s][info][gc,phases   ] GC(22) O: Concurrent Reset Relocation Set 0.004ms
[2026-01-06T22:08:28.967+0800][11.549s][info][gc,phases   ] GC(22) O: Concurrent Select Relocation Set 0.035ms
[2026-01-06T22:08:28.967+0800][11.549s][info][gc,task     ] GC(22) O: Using 2 Workers for Old Generation
[2026-01-06T22:08:28.967+0800][11.549s][info][gc,task     ] GC(22) O: Using 1 Workers for Old Generation
[2026-01-06T22:08:28.967+0800][11.549s][info][gc,phases   ] GC(22) O: Concurrent Remap Roots 0.040ms
[2026-01-06T22:08:28.967+0800][11.549s][info][gc,phases   ] GC(22) O: Pause Relocate Start 0.001ms
[2026-01-06T22:08:28.968+0800][11.550s][info][gc,phases   ] GC(22) O: Concurrent Relocate 0.683ms
[2026-01-06T22:08:28.968+0800][11.550s][info][gc,alloc    ] GC(22) O:                         Mark Start        Mark End      Relocate Start    Relocate End   
[2026-01-06T22:08:28.968+0800][11.550s][info][gc,alloc    ] GC(22) O: Allocation Stalls:          0                0                0                0         
[2026-01-06T22:08:28.968+0800][11.550s][info][gc,load     ] GC(22) O: Load: 2.01 (20%) / 1.83 (18%) / 2.00 (20%)
[2026-01-06T22:08:28.968+0800][11.550s][info][gc,mmu      ] GC(22) O: MMU: 2ms/92.0%, 5ms/96.7%, 10ms/98.4%, 20ms/99.2%, 50ms/99.7%, 100ms/99.8%
[2026-01-06T22:08:28.968+0800][11.550s][info][gc,marking  ] GC(22) O: Mark: 1 stripe(s), 2 proactive flush(es), 1 terminate flush(es), 0 completion(s), 0 continuation(s) 
[2026-01-06T22:08:28.968+0800][11.550s][info][gc,nmethod  ] GC(22) O: NMethods: 41 registered, 34 unregistered
[2026-01-06T22:08:28.968+0800][11.550s][info][gc,metaspace] GC(22) O: Metaspace: 0M used, 0M committed, 1088M reserved
[2026-01-06T22:08:28.968+0800][11.550s][info][gc,ref      ] GC(22) O:                       Encountered   Discovered     Enqueued 
[2026-01-06T22:08:28.968+0800][11.550s][info][gc,ref      ] GC(22) O: Soft References:                1            0            0 
[2026-01-06T22:08:28.968+0800][11.550s][info][gc,ref      ] GC(22) O: Weak References:                6            0            0 
[2026-01-06T22:08:28.968+0800][11.550s][info][gc,ref      ] GC(22) O: Final References:               0            0            0 
[2026-01-06T22:08:28.968+0800][11.550s][info][gc,ref      ] GC(22) O: Phantom References:             1            1            0 
[2026-01-06T22:08:28.968+0800][11.550s][info][gc,reloc    ] GC(22) O:                        Candidates     Selected     In-Place         Size        Empty    Relocated 
[2026-01-06T22:08:28.968+0800][11.550s][info][gc,reloc    ] GC(22) O: Small Pages:                    2            1            0           4M           0M           1M 
[2026-01-06T22:08:28.968+0800][11.550s][info][gc,reloc    ] GC(22) O: Medium Pages:                   0            0            0           0M           0M           0M 
[2026-01-06T22:08:28.968+0800][11.550s][info][gc,reloc    ] GC(22) O: Large Pages:                    0            0            0           0M           0M           0M 
[2026-01-06T22:08:28.968+0800][11.550s][info][gc,reloc    ] GC(22) O: Forwarding Usage: 0M
[2026-01-06T22:08:28.968+0800][11.550s][info][gc,heap     ] GC(22) O: Min Capacity: 8M(0%)
[2026-01-06T22:08:28.968+0800][11.550s][info][gc,heap     ] GC(22) O: Max Capacity: 4096M(100%)
[2026-01-06T22:08:28.968+0800][11.550s][info][gc,heap     ] GC(22) O: Soft Max Capacity: 3686M(90%)
[2026-01-06T22:08:28.968+0800][11.550s][info][gc,heap     ] GC(22) O: Heap Statistics:
[2026-01-06T22:08:28.968+0800][11.550s][info][gc,heap     ] GC(22) O:                Mark Start          Mark End        Relocate Start      Relocate End           High               Low         
[2026-01-06T22:08:28.968+0800][11.550s][info][gc,heap     ] GC(22) O:  Capacity:     3494M (85%)        3494M (85%)        3494M (85%)        3494M (85%)        3494M (85%)        3494M (85%)    
[2026-01-06T22:08:28.968+0800][11.550s][info][gc,heap     ] GC(22) O:      Free:     3640M (89%)        4042M (99%)        4038M (99%)        4028M (98%)        4088M (100%)       3638M (89%)    
[2026-01-06T22:08:28.968+0800][11.550s][info][gc,heap     ] GC(22) O:      Used:      456M (11%)          54M (1%)           58M (1%)           68M (2%)          458M (11%)           8M (0%)     
[2026-01-06T22:08:28.968+0800][11.550s][info][gc,heap     ] GC(22) O: Old Generation Statistics:
[2026-01-06T22:08:28.968+0800][11.550s][info][gc,heap     ] GC(22) O:                Mark Start          Mark End        Relocate Start      Relocate End    
[2026-01-06T22:08:28.968+0800][11.550s][info][gc,heap     ] GC(22) O:      Used:        4M (0%)            4M (0%)            4M (0%)            4M (0%)     
[2026-01-06T22:08:28.968+0800][11.550s][info][gc,heap     ] GC(22) O:      Live:         -                 1M (0%)            1M (0%)            1M (0%)     
[2026-01-06T22:08:28.968+0800][11.550s][info][gc,heap     ] GC(22) O:   Garbage:         -                 2M (0%)            2M (0%)            0M (0%)     
[2026-01-06T22:08:28.968+0800][11.550s][info][gc,heap     ] GC(22) O: Allocated:         -                 0M (0%)            0M (0%)            2M (0%)     
[2026-01-06T22:08:28.968+0800][11.550s][info][gc,heap     ] GC(22) O: Reclaimed:         -                  -                 0M (0%)            2M (0%)     
[2026-01-06T22:08:28.968+0800][11.550s][info][gc,heap     ] GC(22) O: Compacted:         -                  -                  -                 1M (0%)     
[2026-01-06T22:08:28.968+0800][11.550s][info][gc,phases   ] GC(22) O: Old Generation 10M(0%)->68M(2%) 0.003s
[2026-01-06T22:08:28.968+0800][11.550s][info][gc          ] GC(22) Major Collection (Proactive) 456M(11%)->70M(2%) 0.004s
[2026-01-06T22:08:29.586+0800][12.168s][info][gc          ] GC(23) Major Collection (Proactive)
[2026-01-06T22:08:29.586+0800][12.168s][info][gc,task     ] GC(23) Using 1 Workers for Young Generation
[2026-01-06T22:08:29.586+0800][12.168s][info][gc,task     ] GC(23) Using 1 Workers for Old Generation
[2026-01-06T22:08:29.586+0800][12.168s][info][gc,phases   ] GC(23) Y: Young Generation
[2026-01-06T22:08:29.586+0800][12.168s][info][gc,phases   ] GC(23) Y: Pause Mark Start (Major) 0.018ms
[2026-01-06T22:08:29.587+0800][12.168s][info][gc,phases   ] GC(23) Y: Concurrent Mark 0.488ms
[2026-01-06T22:08:29.587+0800][12.169s][info][gc,phases   ] GC(23) Y: Pause Mark End 0.004ms
[2026-01-06T22:08:29.587+0800][12.169s][info][gc,phases   ] GC(23) Y: Concurrent Mark Free 0.002ms
[2026-01-06T22:08:29.587+0800][12.169s][info][gc,phases   ] GC(23) Y: Concurrent Reset Relocation Set 0.000ms
[2026-01-06T22:08:29.588+0800][12.170s][info][gc,reloc    ] GC(23) Y: Using tenuring threshold: 1 (Computed)
[2026-01-06T22:08:29.588+0800][12.170s][info][gc,phases   ] GC(23) Y: Concurrent Select Relocation Set 1.238ms
[2026-01-06T22:08:29.588+0800][12.170s][info][gc,phases   ] GC(23) Y: Pause Relocate Start 0.006ms
[2026-01-06T22:08:29.588+0800][12.170s][info][gc,phases   ] GC(23) Y: Concurrent Relocate 0.035ms
[2026-01-06T22:08:29.588+0800][12.170s][info][gc,alloc    ] GC(23) Y:                         Mark Start        Mark End      Relocate Start    Relocate End   
[2026-01-06T22:08:29.588+0800][12.170s][info][gc,alloc    ] GC(23) Y: Allocation Stalls:          0                0                0                0         
[2026-01-06T22:08:29.588+0800][12.170s][info][gc,load     ] GC(23) Y: Load: 2.01 (20%) / 1.83 (18%) / 2.00 (20%)
[2026-01-06T22:08:29.588+0800][12.170s][info][gc,mmu      ] GC(23) Y: MMU: 2ms/92.0%, 5ms/96.7%, 10ms/98.4%, 20ms/99.2%, 50ms/99.7%, 100ms/99.8%
[2026-01-06T22:08:29.588+0800][12.170s][info][gc,marking  ] GC(23) Y: Mark: 1 stripe(s), 2 proactive flush(es), 1 terminate flush(es), 0 completion(s), 0 continuation(s) 
[2026-01-06T22:08:29.588+0800][12.170s][info][gc,nmethod  ] GC(23) Y: NMethods: 41 registered, 34 unregistered
[2026-01-06T22:08:29.588+0800][12.170s][info][gc,metaspace] GC(23) Y: Metaspace: 0M used, 0M committed, 1088M reserved
[2026-01-06T22:08:29.588+0800][12.170s][info][gc,reloc    ] GC(23) Y:                        Candidates     Selected     In-Place         Size        Empty    Relocated 
[2026-01-06T22:08:29.588+0800][12.170s][info][gc,reloc    ] GC(23) Y: Small Pages:                 1290            0            0        2580M        2578M           0M 
[2026-01-06T22:08:29.588+0800][12.170s][info][gc,reloc    ] GC(23) Y: Medium Pages:                   0            0            0           0M           0M           0M 
[2026-01-06T22:08:29.588+0800][12.170s][info][gc,reloc    ] GC(23) Y: Large Pages:                    0            0            0           0M           0M           0M 
[2026-01-06T22:08:29.588+0800][12.170s][info][gc,reloc    ] GC(23) Y: Forwarding Usage: 0M
[2026-01-06T22:08:29.588+0800][12.170s][info][gc,reloc    ] GC(23) Y: Age Table:
[2026-01-06T22:08:29.588+0800][12.170s][info][gc,reloc    ] GC(23) Y:                    Live             Garbage             Small              Medium             Large        
[2026-01-06T22:08:29.588+0800][12.170s][info][gc,reloc    ] GC(23) Y: Eden               0M (0%)         2577M (63%)       1289 / 0              0 / 0              0 / 0        
[2026-01-06T22:08:29.588+0800][12.170s][info][gc,reloc    ] GC(23) Y: Survivor 1          -                 2M (0%)           1 / 0              0 / 0              0 / 0        
[2026-01-06T22:08:29.588+0800][12.170s][info][gc,heap     ] GC(23) Y: Min Capacity: 8M(0%)
[2026-01-06T22:08:29.588+0800][12.170s][info][gc,heap     ] GC(23) Y: Max Capacity: 4096M(100%)
[2026-01-06T22:08:29.588+0800][12.170s][info][gc,heap     ] GC(23) Y: Soft Max Capacity: 3686M(90%)
[2026-01-06T22:08:29.588+0800][12.170s][info][gc,heap     ] GC(23) Y: Heap Statistics:
[2026-01-06T22:08:29.588+0800][12.170s][info][gc,heap     ] GC(23) Y:                Mark Start          Mark End        Relocate Start      Relocate End           High               Low         
[2026-01-06T22:08:29.588+0800][12.170s][info][gc,heap     ] GC(23) Y:  Capacity:     3494M (85%)        3494M (85%)        3494M (85%)        3494M (85%)        3494M (85%)        3494M (85%)    
[2026-01-06T22:08:29.588+0800][12.170s][info][gc,heap     ] GC(23) Y:      Free:     1512M (37%)        1508M (37%)        4082M (100%)       4082M (100%)       4082M (100%)       1508M (37%)    
[2026-01-06T22:08:29.588+0800][12.170s][info][gc,heap     ] GC(23) Y:      Used:     2584M (63%)        2588M (63%)          14M (0%)           14M (0%)         2588M (63%)          14M (0%)     
[2026-01-06T22:08:29.588+0800][12.170s][info][gc,heap     ] GC(23) Y: Young Generation Statistics:
[2026-01-06T22:08:29.588+0800][12.170s][info][gc,heap     ] GC(23) Y:                Mark Start          Mark End        Relocate Start      Relocate End    
[2026-01-06T22:08:29.588+0800][12.170s][info][gc,heap     ] GC(23) Y:      Used:     2580M (63%)        2584M (63%)          10M (0%)           10M (0%)     
[2026-01-06T22:08:29.588+0800][12.170s][info][gc,heap     ] GC(23) Y:      Live:         -                 0M (0%)            0M (0%)            0M (0%)     
[2026-01-06T22:08:29.588+0800][12.170s][info][gc,heap     ] GC(23) Y:   Garbage:         -              2579M (63%)           1M (0%)            1M (0%)     
[2026-01-06T22:08:29.588+0800][12.170s][info][gc,heap     ] GC(23) Y: Allocated:         -                 4M (0%)            8M (0%)            8M (0%)     
[2026-01-06T22:08:29.588+0800][12.170s][info][gc,heap     ] GC(23) Y: Reclaimed:         -                  -              2578M (63%)        2578M (63%)    
[2026-01-06T22:08:29.588+0800][12.170s][info][gc,heap     ] GC(23) Y:  Promoted:         -                  -                 0M (0%)            0M (0%)     
[2026-01-06T22:08:29.588+0800][12.170s][info][gc,heap     ] GC(23) Y: Compacted:         -                  -                  -                 0M (0%)     
[2026-01-06T22:08:29.588+0800][12.170s][info][gc,phases   ] GC(23) Y: Young Generation 2584M(63%)->14M(0%) 0.002s
[2026-01-06T22:08:29.588+0800][12.170s][info][gc,phases   ] GC(23) O: Old Generation
[2026-01-06T22:08:29.590+0800][12.172s][info][gc,phases   ] GC(23) O: Concurrent Mark 1.976ms
[2026-01-06T22:08:29.590+0800][12.172s][info][gc,phases   ] GC(23) O: Pause Mark End 0.005ms
[2026-01-06T22:08:29.590+0800][12.172s][info][gc,phases   ] GC(23) O: Concurrent Mark Free 0.001ms
[2026-01-06T22:08:29.591+0800][12.172s][info][gc,phases   ] GC(23) O: Concurrent Process Non-Strong 0.138ms
[2026-01-06T22:08:29.591+0800][12.172s][info][gc,phases   ] GC(23) O: Concurrent Reset Relocation Set 0.002ms
[2026-01-06T22:08:29.591+0800][12.172s][info][gc,phases   ] GC(23) O: Concurrent Select Relocation Set 0.021ms
[2026-01-06T22:08:29.591+0800][12.172s][info][gc,task     ] GC(23) O: Using 2 Workers for Old Generation
[2026-01-06T22:08:29.591+0800][12.172s][info][gc,task     ] GC(23) O: Using 1 Workers for Old Generation
[2026-01-06T22:08:29.591+0800][12.172s][info][gc,phases   ] GC(23) O: Concurrent Remap Roots 0.046ms
[2026-01-06T22:08:29.591+0800][12.172s][info][gc,phases   ] GC(23) O: Pause Relocate Start 0.002ms
[2026-01-06T22:08:29.592+0800][12.173s][info][gc,phases   ] GC(23) O: Concurrent Relocate 0.819ms
[2026-01-06T22:08:29.592+0800][12.173s][info][gc,alloc    ] GC(23) O:                         Mark Start        Mark End      Relocate Start    Relocate End   
[2026-01-06T22:08:29.592+0800][12.173s][info][gc,alloc    ] GC(23) O: Allocation Stalls:          0                0                0                0         
[2026-01-06T22:08:29.592+0800][12.173s][info][gc,load     ] GC(23) O: Load: 2.01 (20%) / 1.83 (18%) / 2.00 (20%)
[2026-01-06T22:08:29.592+0800][12.173s][info][gc,mmu      ] GC(23) O: MMU: 2ms/92.0%, 5ms/96.7%, 10ms/98.4%, 20ms/99.2%, 50ms/99.7%, 100ms/99.8%
[2026-01-06T22:08:29.592+0800][12.173s][info][gc,marking  ] GC(23) O: Mark: 1 stripe(s), 2 proactive flush(es), 1 terminate flush(es), 0 completion(s), 0 continuation(s) 
[2026-01-06T22:08:29.592+0800][12.173s][info][gc,nmethod  ] GC(23) O: NMethods: 41 registered, 34 unregistered
[2026-01-06T22:08:29.592+0800][12.173s][info][gc,metaspace] GC(23) O: Metaspace: 0M used, 0M committed, 1088M reserved
[2026-01-06T22:08:29.592+0800][12.173s][info][gc,ref      ] GC(23) O:                       Encountered   Discovered     Enqueued 
[2026-01-06T22:08:29.592+0800][12.173s][info][gc,ref      ] GC(23) O: Soft References:                1            0            0 
[2026-01-06T22:08:29.592+0800][12.173s][info][gc,ref      ] GC(23) O: Weak References:                6            0            0 
[2026-01-06T22:08:29.592+0800][12.173s][info][gc,ref      ] GC(23) O: Final References:               0            0            0 
[2026-01-06T22:08:29.592+0800][12.173s][info][gc,ref      ] GC(23) O: Phantom References:             1            1            0 
[2026-01-06T22:08:29.592+0800][12.173s][info][gc,reloc    ] GC(23) O:                        Candidates     Selected     In-Place         Size        Empty    Relocated 
[2026-01-06T22:08:29.592+0800][12.173s][info][gc,reloc    ] GC(23) O: Small Pages:                    2            1            0           4M           0M           1M 
[2026-01-06T22:08:29.592+0800][12.173s][info][gc,reloc    ] GC(23) O: Medium Pages:                   0            0            0           0M           0M           0M 
[2026-01-06T22:08:29.592+0800][12.173s][info][gc,reloc    ] GC(23) O: Large Pages:                    0            0            0           0M           0M           0M 
[2026-01-06T22:08:29.592+0800][12.173s][info][gc,reloc    ] GC(23) O: Forwarding Usage: 0M
[2026-01-06T22:08:29.592+0800][12.173s][info][gc,heap     ] GC(23) O: Min Capacity: 8M(0%)
[2026-01-06T22:08:29.592+0800][12.173s][info][gc,heap     ] GC(23) O: Max Capacity: 4096M(100%)
[2026-01-06T22:08:29.592+0800][12.173s][info][gc,heap     ] GC(23) O: Soft Max Capacity: 3686M(90%)
[2026-01-06T22:08:29.592+0800][12.173s][info][gc,heap     ] GC(23) O: Heap Statistics:
[2026-01-06T22:08:29.592+0800][12.173s][info][gc,heap     ] GC(23) O:                Mark Start          Mark End        Relocate Start      Relocate End           High               Low         
[2026-01-06T22:08:29.592+0800][12.173s][info][gc,heap     ] GC(23) O:  Capacity:     3494M (85%)        3494M (85%)        3494M (85%)        3494M (85%)        3494M (85%)        3494M (85%)    
[2026-01-06T22:08:29.592+0800][12.173s][info][gc,heap     ] GC(23) O:      Free:     1512M (37%)        4066M (99%)        4064M (99%)        4058M (99%)        4082M (100%)       1508M (37%)    
[2026-01-06T22:08:29.592+0800][12.173s][info][gc,heap     ] GC(23) O:      Used:     2584M (63%)          30M (1%)           32M (1%)           38M (1%)         2588M (63%)          14M (0%)     
[2026-01-06T22:08:29.592+0800][12.173s][info][gc,heap     ] GC(23) O: Old Generation Statistics:
[2026-01-06T22:08:29.592+0800][12.173s][info][gc,heap     ] GC(23) O:                Mark Start          Mark End        Relocate Start      Relocate End    
[2026-01-06T22:08:29.592+0800][12.173s][info][gc,heap     ] GC(23) O:      Used:        4M (0%)            4M (0%)            4M (0%)            4M (0%)     
[2026-01-06T22:08:29.592+0800][12.173s][info][gc,heap     ] GC(23) O:      Live:         -                 1M (0%)            1M (0%)            1M (0%)     
[2026-01-06T22:08:29.592+0800][12.173s][info][gc,heap     ] GC(23) O:   Garbage:         -                 2M (0%)            2M (0%)            0M (0%)     
[2026-01-06T22:08:29.592+0800][12.173s][info][gc,heap     ] GC(23) O: Allocated:         -                 0M (0%)            0M (0%)            2M (0%)     
[2026-01-06T22:08:29.592+0800][12.173s][info][gc,heap     ] GC(23) O: Reclaimed:         -                  -                 0M (0%)            2M (0%)     
[2026-01-06T22:08:29.592+0800][12.173s][info][gc,heap     ] GC(23) O: Compacted:         -                  -                  -                 1M (0%)     
[2026-01-06T22:08:29.592+0800][12.173s][info][gc,phases   ] GC(23) O: Old Generation 14M(0%)->38M(1%) 0.003s
[2026-01-06T22:08:29.592+0800][12.173s][info][gc          ] GC(23) Major Collection (Proactive) 2584M(63%)->40M(1%) 0.005s
[2026-01-06T22:08:29.997+0800][12.578s][info][gc          ] GC(24) Minor Collection (High Usage)
[2026-01-06T22:08:29.997+0800][12.579s][info][gc,task     ] GC(24) Using 1 Workers for Young Generation
[2026-01-06T22:08:29.997+0800][12.579s][info][gc,phases   ] GC(24) y: Young Generation
[2026-01-06T22:08:29.997+0800][12.579s][info][gc,phases   ] GC(24) y: Pause Mark Start 0.004ms
[2026-01-06T22:08:29.997+0800][12.579s][info][gc,phases   ] GC(24) y: Concurrent Mark 0.296ms
[2026-01-06T22:08:29.997+0800][12.579s][info][gc,phases   ] GC(24) y: Pause Mark End 0.003ms
[2026-01-06T22:08:29.997+0800][12.579s][info][gc,phases   ] GC(24) y: Concurrent Mark Free 0.000ms
[2026-01-06T22:08:29.997+0800][12.579s][info][gc,phases   ] GC(24) y: Concurrent Reset Relocation Set 0.000ms
[2026-01-06T22:08:29.998+0800][12.580s][info][gc,reloc    ] GC(24) y: Using tenuring threshold: 1 (Computed)
[2026-01-06T22:08:29.998+0800][12.580s][info][gc,phases   ] GC(24) y: Concurrent Select Relocation Set 0.522ms
[2026-01-06T22:08:29.998+0800][12.580s][info][gc,phases   ] GC(24) y: Pause Relocate Start 0.002ms
[2026-01-06T22:08:29.998+0800][12.580s][info][gc,phases   ] GC(24) y: Concurrent Relocate 0.027ms
[2026-01-06T22:08:29.998+0800][12.580s][info][gc,alloc    ] GC(24) y:                         Mark Start        Mark End      Relocate Start    Relocate End   
[2026-01-06T22:08:29.998+0800][12.580s][info][gc,alloc    ] GC(24) y: Allocation Stalls:          0                0                0                0         
[2026-01-06T22:08:29.998+0800][12.580s][info][gc,load     ] GC(24) y: Load: 2.01 (20%) / 1.83 (18%) / 2.00 (20%)
[2026-01-06T22:08:29.998+0800][12.580s][info][gc,mmu      ] GC(24) y: MMU: 2ms/92.0%, 5ms/96.7%, 10ms/98.4%, 20ms/99.2%, 50ms/99.7%, 100ms/99.8%
[2026-01-06T22:08:29.998+0800][12.580s][info][gc,marking  ] GC(24) y: Mark: 1 stripe(s), 2 proactive flush(es), 1 terminate flush(es), 0 completion(s), 0 continuation(s) 
[2026-01-06T22:08:29.998+0800][12.580s][info][gc,nmethod  ] GC(24) y: NMethods: 41 registered, 34 unregistered
[2026-01-06T22:08:29.998+0800][12.580s][info][gc,metaspace] GC(24) y: Metaspace: 0M used, 0M committed, 1088M reserved
[2026-01-06T22:08:29.998+0800][12.580s][info][gc,reloc    ] GC(24) y:                        Candidates     Selected     In-Place         Size        Empty    Relocated 
[2026-01-06T22:08:29.998+0800][12.580s][info][gc,reloc    ] GC(24) y: Small Pages:                 1736            0            0        3472M        3470M           0M 
[2026-01-06T22:08:29.998+0800][12.580s][info][gc,reloc    ] GC(24) y: Medium Pages:                   0            0            0           0M           0M           0M 
[2026-01-06T22:08:29.998+0800][12.580s][info][gc,reloc    ] GC(24) y: Large Pages:                    0            0            0           0M           0M           0M 
[2026-01-06T22:08:29.998+0800][12.580s][info][gc,reloc    ] GC(24) y: Forwarding Usage: 0M
[2026-01-06T22:08:29.998+0800][12.580s][info][gc,reloc    ] GC(24) y: Age Table:
[2026-01-06T22:08:29.998+0800][12.580s][info][gc,reloc    ] GC(24) y:                    Live             Garbage             Small              Medium             Large        
[2026-01-06T22:08:29.998+0800][12.580s][info][gc,reloc    ] GC(24) y: Eden               0M (0%)         3469M (85%)       1735 / 0              0 / 0              0 / 0        
[2026-01-06T22:08:29.998+0800][12.580s][info][gc,reloc    ] GC(24) y: Survivor 1          -                 2M (0%)           1 / 0              0 / 0              0 / 0        
[2026-01-06T22:08:29.998+0800][12.580s][info][gc,heap     ] GC(24) y: Min Capacity: 8M(0%)
[2026-01-06T22:08:29.998+0800][12.580s][info][gc,heap     ] GC(24) y: Max Capacity: 4096M(100%)
[2026-01-06T22:08:29.998+0800][12.580s][info][gc,heap     ] GC(24) y: Soft Max Capacity: 3686M(90%)
[2026-01-06T22:08:29.998+0800][12.580s][info][gc,heap     ] GC(24) y: Heap Statistics:
[2026-01-06T22:08:29.998+0800][12.580s][info][gc,heap     ] GC(24) y:                Mark Start          Mark End        Relocate Start      Relocate End           High               Low         
[2026-01-06T22:08:29.998+0800][12.580s][info][gc,heap     ] GC(24) y:  Capacity:     3494M (85%)        3494M (85%)        3494M (85%)        3494M (85%)        3494M (85%)        3494M (85%)    
[2026-01-06T22:08:29.998+0800][12.580s][info][gc,heap     ] GC(24) y:      Free:      620M (15%)         618M (15%)        4086M (100%)       4086M (100%)       4086M (100%)        618M (15%)    
[2026-01-06T22:08:29.998+0800][12.580s][info][gc,heap     ] GC(24) y:      Used:     3476M (85%)        3478M (85%)          10M (0%)           10M (0%)         3478M (85%)          10M (0%)     
[2026-01-06T22:08:29.998+0800][12.580s][info][gc,heap     ] GC(24) y: Young Generation Statistics:
[2026-01-06T22:08:29.998+0800][12.580s][info][gc,heap     ] GC(24) y:                Mark Start          Mark End        Relocate Start      Relocate End    
[2026-01-06T22:08:29.998+0800][12.580s][info][gc,heap     ] GC(24) y:      Used:     3472M (85%)        3474M (85%)           6M (0%)            6M (0%)     
[2026-01-06T22:08:29.998+0800][12.580s][info][gc,heap     ] GC(24) y:      Live:         -                 0M (0%)            0M (0%)            0M (0%)     
[2026-01-06T22:08:29.998+0800][12.580s][info][gc,heap     ] GC(24) y:   Garbage:         -              3471M (85%)           1M (0%)            1M (0%)     
[2026-01-06T22:08:29.998+0800][12.580s][info][gc,heap     ] GC(24) y: Allocated:         -                 2M (0%)            4M (0%)            4M (0%)     
[2026-01-06T22:08:29.998+0800][12.580s][info][gc,heap     ] GC(24) y: Reclaimed:         -                  -              3470M (85%)        3470M (85%)    
[2026-01-06T22:08:29.998+0800][12.580s][info][gc,heap     ] GC(24) y:  Promoted:         -                  -                 0M (0%)            0M (0%)     
[2026-01-06T22:08:29.998+0800][12.580s][info][gc,heap     ] GC(24) y: Compacted:         -                  -                  -                 0M (0%)     
[2026-01-06T22:08:29.998+0800][12.580s][info][gc,phases   ] GC(24) y: Young Generation 3476M(85%)->10M(0%) 0.001s
[2026-01-06T22:08:29.998+0800][12.580s][info][gc          ] GC(24) Minor Collection (High Usage) 3476M(85%)->12M(0%) 0.001s
[2026-01-06T22:08:30.020+0800][12.602s][info][gc          ] GC(25) Major Collection (Proactive)
[2026-01-06T22:08:30.020+0800][12.602s][info][gc,task     ] GC(25) Using 1 Workers for Young Generation
[2026-01-06T22:08:30.020+0800][12.602s][info][gc,task     ] GC(25) Using 1 Workers for Old Generation
[2026-01-06T22:08:30.020+0800][12.602s][info][gc,phases   ] GC(25) Y: Young Generation
[2026-01-06T22:08:30.020+0800][12.602s][info][gc,phases   ] GC(25) Y: Pause Mark Start (Major) 0.004ms
[2026-01-06T22:08:30.021+0800][12.602s][info][gc,phases   ] GC(25) Y: Concurrent Mark 0.143ms
[2026-01-06T22:08:30.021+0800][12.602s][info][gc,phases   ] GC(25) Y: Pause Mark End 0.003ms
[2026-01-06T22:08:30.021+0800][12.602s][info][gc,phases   ] GC(25) Y: Concurrent Mark Free 0.000ms
[2026-01-06T22:08:30.021+0800][12.602s][info][gc,phases   ] GC(25) Y: Concurrent Reset Relocation Set 0.000ms
[2026-01-06T22:08:30.021+0800][12.602s][info][gc,reloc    ] GC(25) Y: Using tenuring threshold: 1 (Computed)
[2026-01-06T22:08:30.021+0800][12.602s][info][gc,phases   ] GC(25) Y: Concurrent Select Relocation Set 0.055ms
[2026-01-06T22:08:30.021+0800][12.602s][info][gc,phases   ] GC(25) Y: Pause Relocate Start 0.001ms
[2026-01-06T22:08:30.021+0800][12.602s][info][gc,phases   ] GC(25) Y: Concurrent Relocate 0.009ms
[2026-01-06T22:08:30.021+0800][12.602s][info][gc,alloc    ] GC(25) Y:                         Mark Start        Mark End      Relocate Start    Relocate End   
[2026-01-06T22:08:30.021+0800][12.602s][info][gc,alloc    ] GC(25) Y: Allocation Stalls:          0                0                0                0         
[2026-01-06T22:08:30.021+0800][12.602s][info][gc,load     ] GC(25) Y: Load: 2.01 (20%) / 1.83 (18%) / 2.00 (20%)
[2026-01-06T22:08:30.021+0800][12.602s][info][gc,mmu      ] GC(25) Y: MMU: 2ms/92.0%, 5ms/96.7%, 10ms/98.4%, 20ms/99.2%, 50ms/99.7%, 100ms/99.8%
[2026-01-06T22:08:30.021+0800][12.602s][info][gc,marking  ] GC(25) Y: Mark: 1 stripe(s), 2 proactive flush(es), 1 terminate flush(es), 0 completion(s), 0 continuation(s) 
[2026-01-06T22:08:30.021+0800][12.602s][info][gc,nmethod  ] GC(25) Y: NMethods: 41 registered, 34 unregistered
[2026-01-06T22:08:30.021+0800][12.602s][info][gc,metaspace] GC(25) Y: Metaspace: 0M used, 0M committed, 1088M reserved
[2026-01-06T22:08:30.021+0800][12.602s][info][gc,reloc    ] GC(25) Y:                        Candidates     Selected     In-Place         Size        Empty    Relocated 
[2026-01-06T22:08:30.021+0800][12.602s][info][gc,reloc    ] GC(25) Y: Small Pages:                  215            0            0         430M         428M           0M 
[2026-01-06T22:08:30.021+0800][12.602s][info][gc,reloc    ] GC(25) Y: Medium Pages:                   0            0            0           0M           0M           0M 
[2026-01-06T22:08:30.021+0800][12.602s][info][gc,reloc    ] GC(25) Y: Large Pages:                    0            0            0           0M           0M           0M 
[2026-01-06T22:08:30.021+0800][12.602s][info][gc,reloc    ] GC(25) Y: Forwarding Usage: 0M
[2026-01-06T22:08:30.021+0800][12.602s][info][gc,reloc    ] GC(25) Y: Age Table:
[2026-01-06T22:08:30.021+0800][12.602s][info][gc,reloc    ] GC(25) Y:                    Live             Garbage             Small              Medium             Large        
[2026-01-06T22:08:30.021+0800][12.602s][info][gc,reloc    ] GC(25) Y: Eden               0M (0%)          427M (10%)        214 / 0              0 / 0              0 / 0        
[2026-01-06T22:08:30.021+0800][12.602s][info][gc,reloc    ] GC(25) Y: Survivor 1          -                 2M (0%)           1 / 0              0 / 0              0 / 0        
[2026-01-06T22:08:30.021+0800][12.602s][info][gc,heap     ] GC(25) Y: Min Capacity: 8M(0%)
[2026-01-06T22:08:30.021+0800][12.602s][info][gc,heap     ] GC(25) Y: Max Capacity: 4096M(100%)
[2026-01-06T22:08:30.021+0800][12.602s][info][gc,heap     ] GC(25) Y: Soft Max Capacity: 3686M(90%)
[2026-01-06T22:08:30.021+0800][12.602s][info][gc,heap     ] GC(25) Y: Heap Statistics:
[2026-01-06T22:08:30.021+0800][12.602s][info][gc,heap     ] GC(25) Y:                Mark Start          Mark End        Relocate Start      Relocate End           High               Low         
[2026-01-06T22:08:30.021+0800][12.602s][info][gc,heap     ] GC(25) Y:  Capacity:     3494M (85%)        3494M (85%)        3494M (85%)        3494M (85%)        3494M (85%)        3494M (85%)    
[2026-01-06T22:08:30.021+0800][12.602s][info][gc,heap     ] GC(25) Y:      Free:     3662M (89%)        3658M (89%)        4086M (100%)       4084M (100%)       4086M (100%)       3658M (89%)    
[2026-01-06T22:08:30.021+0800][12.602s][info][gc,heap     ] GC(25) Y:      Used:      434M (11%)         438M (11%)          10M (0%)           12M (0%)          438M (11%)          10M (0%)     
[2026-01-06T22:08:30.021+0800][12.602s][info][gc,heap     ] GC(25) Y: Young Generation Statistics:
[2026-01-06T22:08:30.021+0800][12.602s][info][gc,heap     ] GC(25) Y:                Mark Start          Mark End        Relocate Start      Relocate End    
[2026-01-06T22:08:30.021+0800][12.602s][info][gc,heap     ] GC(25) Y:      Used:      430M (10%)         434M (11%)           6M (0%)            8M (0%)     
[2026-01-06T22:08:30.021+0800][12.602s][info][gc,heap     ] GC(25) Y:      Live:         -                 0M (0%)            0M (0%)            0M (0%)     
[2026-01-06T22:08:30.021+0800][12.602s][info][gc,heap     ] GC(25) Y:   Garbage:         -               429M (10%)           1M (0%)            1M (0%)     
[2026-01-06T22:08:30.021+0800][12.602s][info][gc,heap     ] GC(25) Y: Allocated:         -                 4M (0%)            4M (0%)            6M (0%)     
[2026-01-06T22:08:30.021+0800][12.602s][info][gc,heap     ] GC(25) Y: Reclaimed:         -                  -               428M (10%)         428M (10%)    
[2026-01-06T22:08:30.021+0800][12.602s][info][gc,heap     ] GC(25) Y:  Promoted:         -                  -                 0M (0%)            0M (0%)     
[2026-01-06T22:08:30.021+0800][12.602s][info][gc,heap     ] GC(25) Y: Compacted:         -                  -                  -                 0M (0%)     
[2026-01-06T22:08:30.021+0800][12.602s][info][gc,phases   ] GC(25) Y: Young Generation 434M(11%)->12M(0%) 0.000s
[2026-01-06T22:08:30.021+0800][12.602s][info][gc,phases   ] GC(25) O: Old Generation
[2026-01-06T22:08:30.023+0800][12.604s][info][gc,phases   ] GC(25) O: Concurrent Mark 1.756ms
[2026-01-06T22:08:30.023+0800][12.604s][info][gc,phases   ] GC(25) O: Pause Mark End 0.002ms
[2026-01-06T22:08:30.023+0800][12.604s][info][gc,phases   ] GC(25) O: Concurrent Mark Free 0.000ms
[2026-01-06T22:08:30.023+0800][12.604s][info][gc,phases   ] GC(25) O: Concurrent Process Non-Strong 0.114ms
[2026-01-06T22:08:30.023+0800][12.604s][info][gc,phases   ] GC(25) O: Concurrent Reset Relocation Set 0.000ms
[2026-01-06T22:08:30.023+0800][12.604s][info][gc,phases   ] GC(25) O: Concurrent Select Relocation Set 0.023ms
[2026-01-06T22:08:30.023+0800][12.604s][info][gc,task     ] GC(25) O: Using 2 Workers for Old Generation
[2026-01-06T22:08:30.023+0800][12.604s][info][gc,task     ] GC(25) O: Using 1 Workers for Old Generation
[2026-01-06T22:08:30.023+0800][12.604s][info][gc,phases   ] GC(25) O: Concurrent Remap Roots 0.041ms
[2026-01-06T22:08:30.023+0800][12.604s][info][gc,phases   ] GC(25) O: Pause Relocate Start 0.001ms
[2026-01-06T22:08:30.024+0800][12.605s][info][gc,phases   ] GC(25) O: Concurrent Relocate 0.867ms
[2026-01-06T22:08:30.024+0800][12.605s][info][gc,alloc    ] GC(25) O:                         Mark Start        Mark End      Relocate Start    Relocate End   
[2026-01-06T22:08:30.024+0800][12.605s][info][gc,alloc    ] GC(25) O: Allocation Stalls:          0                0                0                0         
[2026-01-06T22:08:30.024+0800][12.605s][info][gc,load     ] GC(25) O: Load: 2.01 (20%) / 1.83 (18%) / 2.00 (20%)
[2026-01-06T22:08:30.024+0800][12.605s][info][gc,mmu      ] GC(25) O: MMU: 2ms/92.0%, 5ms/96.7%, 10ms/98.4%, 20ms/99.2%, 50ms/99.7%, 100ms/99.8%
[2026-01-06T22:08:30.024+0800][12.605s][info][gc,marking  ] GC(25) O: Mark: 1 stripe(s), 2 proactive flush(es), 1 terminate flush(es), 0 completion(s), 0 continuation(s) 
[2026-01-06T22:08:30.024+0800][12.605s][info][gc,nmethod  ] GC(25) O: NMethods: 41 registered, 34 unregistered
[2026-01-06T22:08:30.024+0800][12.605s][info][gc,metaspace] GC(25) O: Metaspace: 0M used, 0M committed, 1088M reserved
[2026-01-06T22:08:30.024+0800][12.605s][info][gc,ref      ] GC(25) O:                       Encountered   Discovered     Enqueued 
[2026-01-06T22:08:30.024+0800][12.605s][info][gc,ref      ] GC(25) O: Soft References:                1            0            0 
[2026-01-06T22:08:30.024+0800][12.605s][info][gc,ref      ] GC(25) O: Weak References:                6            0            0 
[2026-01-06T22:08:30.024+0800][12.605s][info][gc,ref      ] GC(25) O: Final References:               0            0            0 
[2026-01-06T22:08:30.024+0800][12.605s][info][gc,ref      ] GC(25) O: Phantom References:             1            1            0 
[2026-01-06T22:08:30.024+0800][12.605s][info][gc,reloc    ] GC(25) O:                        Candidates     Selected     In-Place         Size        Empty    Relocated 
[2026-01-06T22:08:30.024+0800][12.605s][info][gc,reloc    ] GC(25) O: Small Pages:                    2            1            0           4M           0M           1M 
[2026-01-06T22:08:30.024+0800][12.605s][info][gc,reloc    ] GC(25) O: Medium Pages:                   0            0            0           0M           0M           0M 
[2026-01-06T22:08:30.024+0800][12.605s][info][gc,reloc    ] GC(25) O: Large Pages:                    0            0            0           0M           0M           0M 
[2026-01-06T22:08:30.024+0800][12.605s][info][gc,reloc    ] GC(25) O: Forwarding Usage: 0M
[2026-01-06T22:08:30.024+0800][12.605s][info][gc,heap     ] GC(25) O: Min Capacity: 8M(0%)
[2026-01-06T22:08:30.024+0800][12.605s][info][gc,heap     ] GC(25) O: Max Capacity: 4096M(100%)
[2026-01-06T22:08:30.024+0800][12.605s][info][gc,heap     ] GC(25) O: Soft Max Capacity: 3686M(90%)
[2026-01-06T22:08:30.024+0800][12.605s][info][gc,heap     ] GC(25) O: Heap Statistics:
[2026-01-06T22:08:30.024+0800][12.605s][info][gc,heap     ] GC(25) O:                Mark Start          Mark End        Relocate Start      Relocate End           High               Low         
[2026-01-06T22:08:30.024+0800][12.605s][info][gc,heap     ] GC(25) O:  Capacity:     3494M (85%)        3494M (85%)        3494M (85%)        3494M (85%)        3494M (85%)        3494M (85%)    
[2026-01-06T22:08:30.024+0800][12.605s][info][gc,heap     ] GC(25) O:      Free:     3662M (89%)        4050M (99%)        4046M (99%)        4030M (98%)        4086M (100%)       3658M (89%)    
[2026-01-06T22:08:30.024+0800][12.605s][info][gc,heap     ] GC(25) O:      Used:      434M (11%)          46M (1%)           50M (1%)           66M (2%)          438M (11%)          10M (0%)     
[2026-01-06T22:08:30.024+0800][12.605s][info][gc,heap     ] GC(25) O: Old Generation Statistics:
[2026-01-06T22:08:30.024+0800][12.605s][info][gc,heap     ] GC(25) O:                Mark Start          Mark End        Relocate Start      Relocate End    
[2026-01-06T22:08:30.024+0800][12.605s][info][gc,heap     ] GC(25) O:      Used:        4M (0%)            4M (0%)            4M (0%)            4M (0%)     
[2026-01-06T22:08:30.024+0800][12.605s][info][gc,heap     ] GC(25) O:      Live:         -                 1M (0%)            1M (0%)            1M (0%)     
[2026-01-06T22:08:30.024+0800][12.605s][info][gc,heap     ] GC(25) O:   Garbage:         -                 2M (0%)            2M (0%)            0M (0%)     
[2026-01-06T22:08:30.024+0800][12.605s][info][gc,heap     ] GC(25) O: Allocated:         -                 0M (0%)            0M (0%)            2M (0%)     
[2026-01-06T22:08:30.024+0800][12.605s][info][gc,heap     ] GC(25) O: Reclaimed:         -                  -                 0M (0%)            2M (0%)     
[2026-01-06T22:08:30.024+0800][12.605s][info][gc,heap     ] GC(25) O: Compacted:         -                  -                  -                 1M (0%)     
[2026-01-06T22:08:30.024+0800][12.605s][info][gc,phases   ] GC(25) O: Old Generation 14M(0%)->66M(2%) 0.003s
[2026-01-06T22:08:30.024+0800][12.605s][info][gc          ] GC(25) Major Collection (Proactive) 434M(11%)->68M(2%) 0.003s
[2026-01-06T22:08:30.346+0800][12.928s][info][gc          ] GC(26) Major Collection (Proactive)
[2026-01-06T22:08:30.346+0800][12.928s][info][gc,task     ] GC(26) Using 1 Workers for Young Generation
[2026-01-06T22:08:30.346+0800][12.928s][info][gc,task     ] GC(26) Using 1 Workers for Old Generation
[2026-01-06T22:08:30.346+0800][12.928s][info][gc,phases   ] GC(26) Y: Young Generation
[2026-01-06T22:08:30.347+0800][12.928s][info][gc,phases   ] GC(26) Y: Pause Mark Start (Major) 0.011ms
[2026-01-06T22:08:30.347+0800][12.928s][info][gc,phases   ] GC(26) Y: Concurrent Mark 0.365ms
[2026-01-06T22:08:30.347+0800][12.928s][info][gc,phases   ] GC(26) Y: Pause Mark End 0.003ms
[2026-01-06T22:08:30.347+0800][12.928s][info][gc,phases   ] GC(26) Y: Concurrent Mark Free 0.002ms
[2026-01-06T22:08:30.347+0800][12.929s][info][gc,phases   ] GC(26) Y: Concurrent Reset Relocation Set 0.000ms
[2026-01-06T22:08:30.348+0800][12.929s][info][gc,reloc    ] GC(26) Y: Using tenuring threshold: 1 (Computed)
[2026-01-06T22:08:30.348+0800][12.929s][info][gc,phases   ] GC(26) Y: Concurrent Select Relocation Set 0.818ms
[2026-01-06T22:08:30.348+0800][12.929s][info][gc,phases   ] GC(26) Y: Pause Relocate Start 0.001ms
[2026-01-06T22:08:30.348+0800][12.929s][info][gc,phases   ] GC(26) Y: Concurrent Relocate 0.010ms
[2026-01-06T22:08:30.348+0800][12.929s][info][gc,alloc    ] GC(26) Y:                         Mark Start        Mark End      Relocate Start    Relocate End   
[2026-01-06T22:08:30.348+0800][12.929s][info][gc,alloc    ] GC(26) Y: Allocation Stalls:          0                0                0                0         
[2026-01-06T22:08:30.348+0800][12.929s][info][gc,load     ] GC(26) Y: Load: 2.01 (20%) / 1.83 (18%) / 2.00 (20%)
[2026-01-06T22:08:30.348+0800][12.929s][info][gc,mmu      ] GC(26) Y: MMU: 2ms/92.0%, 5ms/96.7%, 10ms/98.4%, 20ms/99.2%, 50ms/99.7%, 100ms/99.8%
[2026-01-06T22:08:30.348+0800][12.929s][info][gc,marking  ] GC(26) Y: Mark: 1 stripe(s), 2 proactive flush(es), 1 terminate flush(es), 0 completion(s), 0 continuation(s) 
[2026-01-06T22:08:30.348+0800][12.929s][info][gc,nmethod  ] GC(26) Y: NMethods: 41 registered, 34 unregistered
[2026-01-06T22:08:30.348+0800][12.929s][info][gc,metaspace] GC(26) Y: Metaspace: 0M used, 0M committed, 1088M reserved
[2026-01-06T22:08:30.348+0800][12.929s][info][gc,reloc    ] GC(26) Y:                        Candidates     Selected     In-Place         Size        Empty    Relocated 
[2026-01-06T22:08:30.348+0800][12.929s][info][gc,reloc    ] GC(26) Y: Small Pages:                  796            0            0        1592M        1590M           0M 
[2026-01-06T22:08:30.348+0800][12.929s][info][gc,reloc    ] GC(26) Y: Medium Pages:                   0            0            0           0M           0M           0M 
[2026-01-06T22:08:30.348+0800][12.929s][info][gc,reloc    ] GC(26) Y: Large Pages:                    0            0            0           0M           0M           0M 
[2026-01-06T22:08:30.348+0800][12.929s][info][gc,reloc    ] GC(26) Y: Forwarding Usage: 0M
[2026-01-06T22:08:30.348+0800][12.929s][info][gc,reloc    ] GC(26) Y: Age Table:
[2026-01-06T22:08:30.348+0800][12.929s][info][gc,reloc    ] GC(26) Y:                    Live             Garbage             Small              Medium             Large        
[2026-01-06T22:08:30.348+0800][12.929s][info][gc,reloc    ] GC(26) Y: Eden               0M (0%)         1589M (39%)        795 / 0              0 / 0              0 / 0        
[2026-01-06T22:08:30.348+0800][12.929s][info][gc,reloc    ] GC(26) Y: Survivor 1          -                 2M (0%)           1 / 0              0 / 0              0 / 0        
[2026-01-06T22:08:30.348+0800][12.929s][info][gc,heap     ] GC(26) Y: Min Capacity: 8M(0%)
[2026-01-06T22:08:30.348+0800][12.929s][info][gc,heap     ] GC(26) Y: Max Capacity: 4096M(100%)
[2026-01-06T22:08:30.348+0800][12.929s][info][gc,heap     ] GC(26) Y: Soft Max Capacity: 3686M(90%)
[2026-01-06T22:08:30.348+0800][12.929s][info][gc,heap     ] GC(26) Y: Heap Statistics:
[2026-01-06T22:08:30.348+0800][12.929s][info][gc,heap     ] GC(26) Y:                Mark Start          Mark End        Relocate Start      Relocate End           High               Low         
[2026-01-06T22:08:30.348+0800][12.929s][info][gc,heap     ] GC(26) Y:  Capacity:     3494M (85%)        3494M (85%)        3494M (85%)        3494M (85%)        3494M (85%)        3494M (85%)    
[2026-01-06T22:08:30.348+0800][12.929s][info][gc,heap     ] GC(26) Y:      Free:     2500M (61%)        2498M (61%)        4084M (100%)       4084M (100%)       4084M (100%)       2498M (61%)    
[2026-01-06T22:08:30.348+0800][12.929s][info][gc,heap     ] GC(26) Y:      Used:     1596M (39%)        1598M (39%)          12M (0%)           12M (0%)         1598M (39%)          12M (0%)     
[2026-01-06T22:08:30.348+0800][12.929s][info][gc,heap     ] GC(26) Y: Young Generation Statistics:
[2026-01-06T22:08:30.348+0800][12.929s][info][gc,heap     ] GC(26) Y:                Mark Start          Mark End        Relocate Start      Relocate End    
[2026-01-06T22:08:30.348+0800][12.929s][info][gc,heap     ] GC(26) Y:      Used:     1592M (39%)        1594M (39%)           8M (0%)            8M (0%)     
[2026-01-06T22:08:30.348+0800][12.929s][info][gc,heap     ] GC(26) Y:      Live:         -                 0M (0%)            0M (0%)            0M (0%)     
[2026-01-06T22:08:30.348+0800][12.929s][info][gc,heap     ] GC(26) Y:   Garbage:         -              1591M (39%)           1M (0%)            1M (0%)     
[2026-01-06T22:08:30.348+0800][12.929s][info][gc,heap     ] GC(26) Y: Allocated:         -                 2M (0%)            6M (0%)            6M (0%)     
[2026-01-06T22:08:30.348+0800][12.930s][info][gc,heap     ] GC(26) Y: Reclaimed:         -                  -              1590M (39%)        1590M (39%)    
[2026-01-06T22:08:30.348+0800][12.930s][info][gc,heap     ] GC(26) Y:  Promoted:         -                  -                 0M (0%)            0M (0%)     
[2026-01-06T22:08:30.348+0800][12.930s][info][gc,heap     ] GC(26) Y: Compacted:         -                  -                  -                 0M (0%)     
[2026-01-06T22:08:30.348+0800][12.930s][info][gc,phases   ] GC(26) Y: Young Generation 1596M(39%)->12M(0%) 0.001s
[2026-01-06T22:08:30.348+0800][12.930s][info][gc,phases   ] GC(26) O: Old Generation
[2026-01-06T22:08:30.351+0800][12.932s][info][gc,phases   ] GC(26) O: Concurrent Mark 2.923ms
[2026-01-06T22:08:30.351+0800][12.932s][info][gc,phases   ] GC(26) O: Pause Mark End 0.004ms
[2026-01-06T22:08:30.351+0800][12.932s][info][gc,phases   ] GC(26) O: Concurrent Mark Free 0.000ms
[2026-01-06T22:08:30.351+0800][12.933s][info][gc,phases   ] GC(26) O: Concurrent Process Non-Strong 0.115ms
[2026-01-06T22:08:30.351+0800][12.933s][info][gc,phases   ] GC(26) O: Concurrent Reset Relocation Set 0.000ms
[2026-01-06T22:08:30.351+0800][12.933s][info][gc,phases   ] GC(26) O: Concurrent Select Relocation Set 0.020ms
[2026-01-06T22:08:30.351+0800][12.933s][info][gc,task     ] GC(26) O: Using 2 Workers for Old Generation
[2026-01-06T22:08:30.351+0800][12.933s][info][gc,task     ] GC(26) O: Using 1 Workers for Old Generation
[2026-01-06T22:08:30.351+0800][12.933s][info][gc,phases   ] GC(26) O: Concurrent Remap Roots 0.041ms
[2026-01-06T22:08:30.351+0800][12.933s][info][gc,phases   ] GC(26) O: Pause Relocate Start 0.001ms
[2026-01-06T22:08:30.352+0800][12.934s][info][gc,phases   ] GC(26) O: Concurrent Relocate 0.850ms
[2026-01-06T22:08:30.352+0800][12.934s][info][gc,alloc    ] GC(26) O:                         Mark Start        Mark End      Relocate Start    Relocate End   
[2026-01-06T22:08:30.352+0800][12.934s][info][gc,alloc    ] GC(26) O: Allocation Stalls:          0                0                0                0         
[2026-01-06T22:08:30.352+0800][12.934s][info][gc,load     ] GC(26) O: Load: 2.01 (20%) / 1.83 (18%) / 2.00 (20%)
[2026-01-06T22:08:30.352+0800][12.934s][info][gc,mmu      ] GC(26) O: MMU: 2ms/92.0%, 5ms/96.7%, 10ms/98.4%, 20ms/99.2%, 50ms/99.7%, 100ms/99.8%
[2026-01-06T22:08:30.352+0800][12.934s][info][gc,marking  ] GC(26) O: Mark: 1 stripe(s), 2 proactive flush(es), 1 terminate flush(es), 0 completion(s), 0 continuation(s) 
[2026-01-06T22:08:30.352+0800][12.934s][info][gc,nmethod  ] GC(26) O: NMethods: 41 registered, 34 unregistered
[2026-01-06T22:08:30.352+0800][12.934s][info][gc,metaspace] GC(26) O: Metaspace: 0M used, 0M committed, 1088M reserved
[2026-01-06T22:08:30.352+0800][12.934s][info][gc,ref      ] GC(26) O:                       Encountered   Discovered     Enqueued 
[2026-01-06T22:08:30.352+0800][12.934s][info][gc,ref      ] GC(26) O: Soft References:                1            0            0 
[2026-01-06T22:08:30.352+0800][12.934s][info][gc,ref      ] GC(26) O: Weak References:                6            0            0 
[2026-01-06T22:08:30.352+0800][12.934s][info][gc,ref      ] GC(26) O: Final References:               0            0            0 
[2026-01-06T22:08:30.352+0800][12.934s][info][gc,ref      ] GC(26) O: Phantom References:             1            1            0 
[2026-01-06T22:08:30.352+0800][12.934s][info][gc,reloc    ] GC(26) O:                        Candidates     Selected     In-Place         Size        Empty    Relocated 
[2026-01-06T22:08:30.352+0800][12.934s][info][gc,reloc    ] GC(26) O: Small Pages:                    2            1            0           4M           0M           1M 
[2026-01-06T22:08:30.352+0800][12.934s][info][gc,reloc    ] GC(26) O: Medium Pages:                   0            0            0           0M           0M           0M 
[2026-01-06T22:08:30.352+0800][12.934s][info][gc,reloc    ] GC(26) O: Large Pages:                    0            0            0           0M           0M           0M 
[2026-01-06T22:08:30.352+0800][12.934s][info][gc,reloc    ] GC(26) O: Forwarding Usage: 0M
[2026-01-06T22:08:30.352+0800][12.934s][info][gc,heap     ] GC(26) O: Min Capacity: 8M(0%)
[2026-01-06T22:08:30.352+0800][12.934s][info][gc,heap     ] GC(26) O: Max Capacity: 4096M(100%)
[2026-01-06T22:08:30.352+0800][12.934s][info][gc,heap     ] GC(26) O: Soft Max Capacity: 3686M(90%)
[2026-01-06T22:08:30.352+0800][12.934s][info][gc,heap     ] GC(26) O: Heap Statistics:
[2026-01-06T22:08:30.352+0800][12.934s][info][gc,heap     ] GC(26) O:                Mark Start          Mark End        Relocate Start      Relocate End           High               Low         
[2026-01-06T22:08:30.352+0800][12.934s][info][gc,heap     ] GC(26) O:  Capacity:     3494M (85%)        3494M (85%)        3494M (85%)        3494M (85%)        3494M (85%)        3494M (85%)    
[2026-01-06T22:08:30.352+0800][12.934s][info][gc,heap     ] GC(26) O:      Free:     2500M (61%)        4062M (99%)        4060M (99%)        4054M (99%)        4084M (100%)       2498M (61%)    
[2026-01-06T22:08:30.352+0800][12.934s][info][gc,heap     ] GC(26) O:      Used:     1596M (39%)          34M (1%)           36M (1%)           42M (1%)         1598M (39%)          12M (0%)     
[2026-01-06T22:08:30.352+0800][12.934s][info][gc,heap     ] GC(26) O: Old Generation Statistics:
[2026-01-06T22:08:30.352+0800][12.934s][info][gc,heap     ] GC(26) O:                Mark Start          Mark End        Relocate Start      Relocate End    
[2026-01-06T22:08:30.352+0800][12.934s][info][gc,heap     ] GC(26) O:      Used:        4M (0%)            4M (0%)            4M (0%)            4M (0%)     
[2026-01-06T22:08:30.352+0800][12.934s][info][gc,heap     ] GC(26) O:      Live:         -                 1M (0%)            1M (0%)            1M (0%)     
[2026-01-06T22:08:30.352+0800][12.934s][info][gc,heap     ] GC(26) O:   Garbage:         -                 2M (0%)            2M (0%)            0M (0%)     
[2026-01-06T22:08:30.352+0800][12.934s][info][gc,heap     ] GC(26) O: Allocated:         -                 0M (0%)            0M (0%)            2M (0%)     
[2026-01-06T22:08:30.352+0800][12.934s][info][gc,heap     ] GC(26) O: Reclaimed:         -                  -                 0M (0%)            2M (0%)     
[2026-01-06T22:08:30.352+0800][12.934s][info][gc,heap     ] GC(26) O: Compacted:         -                  -                  -                 1M (0%)     
[2026-01-06T22:08:30.352+0800][12.934s][info][gc,phases   ] GC(26) O: Old Generation 12M(0%)->42M(1%) 0.004s
[2026-01-06T22:08:30.352+0800][12.934s][info][gc          ] GC(26) Major Collection (Proactive) 1594M(39%)->44M(1%) 0.006s
[2026-01-06T22:08:30.755+0800][13.336s][info][gc          ] GC(27) Major Collection (Proactive)
[2026-01-06T22:08:30.755+0800][13.336s][info][gc,task     ] GC(27) Using 1 Workers for Young Generation
[2026-01-06T22:08:30.755+0800][13.336s][info][gc,task     ] GC(27) Using 1 Workers for Old Generation
[2026-01-06T22:08:30.755+0800][13.336s][info][gc,phases   ] GC(27) Y: Young Generation
[2026-01-06T22:08:30.755+0800][13.336s][info][gc,phases   ] GC(27) Y: Pause Mark Start (Major) 0.004ms
[2026-01-06T22:08:30.755+0800][13.336s][info][gc,phases   ] GC(27) Y: Concurrent Mark 0.273ms
[2026-01-06T22:08:30.755+0800][13.336s][info][gc,phases   ] GC(27) Y: Pause Mark End 0.003ms
[2026-01-06T22:08:30.755+0800][13.336s][info][gc,phases   ] GC(27) Y: Concurrent Mark Free 0.000ms
[2026-01-06T22:08:30.755+0800][13.336s][info][gc,phases   ] GC(27) Y: Concurrent Reset Relocation Set 0.000ms
[2026-01-06T22:08:30.755+0800][13.337s][info][gc,reloc    ] GC(27) Y: Using tenuring threshold: 1 (Computed)
[2026-01-06T22:08:30.755+0800][13.337s][info][gc,phases   ] GC(27) Y: Concurrent Select Relocation Set 0.405ms
[2026-01-06T22:08:30.755+0800][13.337s][info][gc,phases   ] GC(27) Y: Pause Relocate Start 0.001ms
[2026-01-06T22:08:30.755+0800][13.337s][info][gc,phases   ] GC(27) Y: Concurrent Relocate 0.013ms
[2026-01-06T22:08:30.755+0800][13.337s][info][gc,alloc    ] GC(27) Y:                         Mark Start        Mark End      Relocate Start    Relocate End   
[2026-01-06T22:08:30.755+0800][13.337s][info][gc,alloc    ] GC(27) Y: Allocation Stalls:          0                0                0                0         
[2026-01-06T22:08:30.755+0800][13.337s][info][gc,load     ] GC(27) Y: Load: 2.01 (20%) / 1.83 (18%) / 2.00 (20%)
[2026-01-06T22:08:30.755+0800][13.337s][info][gc,mmu      ] GC(27) Y: MMU: 2ms/92.0%, 5ms/96.7%, 10ms/98.4%, 20ms/99.2%, 50ms/99.7%, 100ms/99.8%
[2026-01-06T22:08:30.755+0800][13.337s][info][gc,marking  ] GC(27) Y: Mark: 1 stripe(s), 2 proactive flush(es), 1 terminate flush(es), 0 completion(s), 0 continuation(s) 
[2026-01-06T22:08:30.755+0800][13.337s][info][gc,nmethod  ] GC(27) Y: NMethods: 41 registered, 34 unregistered
[2026-01-06T22:08:30.755+0800][13.337s][info][gc,metaspace] GC(27) Y: Metaspace: 0M used, 0M committed, 1088M reserved
[2026-01-06T22:08:30.755+0800][13.337s][info][gc,reloc    ] GC(27) Y:                        Candidates     Selected     In-Place         Size        Empty    Relocated 
[2026-01-06T22:08:30.755+0800][13.337s][info][gc,reloc    ] GC(27) Y: Small Pages:                 1409            0            0        2818M        2816M           0M 
[2026-01-06T22:08:30.755+0800][13.337s][info][gc,reloc    ] GC(27) Y: Medium Pages:                   0            0            0           0M           0M           0M 
[2026-01-06T22:08:30.755+0800][13.337s][info][gc,reloc    ] GC(27) Y: Large Pages:                    0            0            0           0M           0M           0M 
[2026-01-06T22:08:30.755+0800][13.337s][info][gc,reloc    ] GC(27) Y: Forwarding Usage: 0M
[2026-01-06T22:08:30.755+0800][13.337s][info][gc,reloc    ] GC(27) Y: Age Table:
[2026-01-06T22:08:30.755+0800][13.337s][info][gc,reloc    ] GC(27) Y:                    Live             Garbage             Small              Medium             Large        
[2026-01-06T22:08:30.755+0800][13.337s][info][gc,reloc    ] GC(27) Y: Eden               0M (0%)         2815M (69%)       1408 / 0              0 / 0              0 / 0        
[2026-01-06T22:08:30.755+0800][13.337s][info][gc,reloc    ] GC(27) Y: Survivor 1          -                 2M (0%)           1 / 0              0 / 0              0 / 0        
[2026-01-06T22:08:30.755+0800][13.337s][info][gc,heap     ] GC(27) Y: Min Capacity: 8M(0%)
[2026-01-06T22:08:30.755+0800][13.337s][info][gc,heap     ] GC(27) Y: Max Capacity: 4096M(100%)
[2026-01-06T22:08:30.755+0800][13.337s][info][gc,heap     ] GC(27) Y: Soft Max Capacity: 3686M(90%)
[2026-01-06T22:08:30.755+0800][13.337s][info][gc,heap     ] GC(27) Y: Heap Statistics:
[2026-01-06T22:08:30.755+0800][13.337s][info][gc,heap     ] GC(27) Y:                Mark Start          Mark End        Relocate Start      Relocate End           High               Low         
[2026-01-06T22:08:30.756+0800][13.337s][info][gc,heap     ] GC(27) Y:  Capacity:     3494M (85%)        3494M (85%)        3494M (85%)        3494M (85%)        3494M (85%)        3494M (85%)    
[2026-01-06T22:08:30.756+0800][13.337s][info][gc,heap     ] GC(27) Y:      Free:     1274M (31%)        1272M (31%)        4080M (100%)       4080M (100%)       4082M (100%)       1272M (31%)    
[2026-01-06T22:08:30.756+0800][13.337s][info][gc,heap     ] GC(27) Y:      Used:     2822M (69%)        2824M (69%)          16M (0%)           16M (0%)         2824M (69%)          14M (0%)     
[2026-01-06T22:08:30.756+0800][13.337s][info][gc,heap     ] GC(27) Y: Young Generation Statistics:
[2026-01-06T22:08:30.756+0800][13.337s][info][gc,heap     ] GC(27) Y:                Mark Start          Mark End        Relocate Start      Relocate End    
[2026-01-06T22:08:30.756+0800][13.337s][info][gc,heap     ] GC(27) Y:      Used:     2818M (69%)        2820M (69%)          12M (0%)           12M (0%)     
[2026-01-06T22:08:30.756+0800][13.337s][info][gc,heap     ] GC(27) Y:      Live:         -                 0M (0%)            0M (0%)            0M (0%)     
[2026-01-06T22:08:30.756+0800][13.337s][info][gc,heap     ] GC(27) Y:   Garbage:         -              2817M (69%)           1M (0%)            1M (0%)     
[2026-01-06T22:08:30.756+0800][13.337s][info][gc,heap     ] GC(27) Y: Allocated:         -                 2M (0%)           10M (0%)           10M (0%)     
[2026-01-06T22:08:30.756+0800][13.337s][info][gc,heap     ] GC(27) Y: Reclaimed:         -                  -              2816M (69%)        2816M (69%)    
[2026-01-06T22:08:30.756+0800][13.337s][info][gc,heap     ] GC(27) Y:  Promoted:         -                  -                 0M (0%)            0M (0%)     
[2026-01-06T22:08:30.756+0800][13.337s][info][gc,heap     ] GC(27) Y: Compacted:         -                  -                  -                 0M (0%)     
[2026-01-06T22:08:30.756+0800][13.337s][info][gc,phases   ] GC(27) Y: Young Generation 2822M(69%)->16M(0%) 0.001s
[2026-01-06T22:08:30.756+0800][13.337s][info][gc,phases   ] GC(27) O: Old Generation
[2026-01-06T22:08:30.757+0800][13.339s][info][gc,phases   ] GC(27) O: Concurrent Mark 1.758ms
[2026-01-06T22:08:30.757+0800][13.339s][info][gc,phases   ] GC(27) O: Pause Mark End 0.003ms
[2026-01-06T22:08:30.757+0800][13.339s][info][gc,phases   ] GC(27) O: Concurrent Mark Free 0.001ms
[2026-01-06T22:08:30.758+0800][13.339s][info][gc,phases   ] GC(27) O: Concurrent Process Non-Strong 0.156ms
[2026-01-06T22:08:30.758+0800][13.339s][info][gc,phases   ] GC(27) O: Concurrent Reset Relocation Set 0.003ms
[2026-01-06T22:08:30.758+0800][13.339s][info][gc,phases   ] GC(27) O: Concurrent Select Relocation Set 0.022ms
[2026-01-06T22:08:30.758+0800][13.339s][info][gc,task     ] GC(27) O: Using 2 Workers for Old Generation
[2026-01-06T22:08:30.758+0800][13.339s][info][gc,task     ] GC(27) O: Using 1 Workers for Old Generation
[2026-01-06T22:08:30.758+0800][13.339s][info][gc,phases   ] GC(27) O: Concurrent Remap Roots 0.047ms
[2026-01-06T22:08:30.758+0800][13.339s][info][gc,phases   ] GC(27) O: Pause Relocate Start 0.001ms
[2026-01-06T22:08:30.758+0800][13.340s][info][gc,phases   ] GC(27) O: Concurrent Relocate 0.613ms
[2026-01-06T22:08:30.758+0800][13.340s][info][gc,alloc    ] GC(27) O:                         Mark Start        Mark End      Relocate Start    Relocate End   
[2026-01-06T22:08:30.758+0800][13.340s][info][gc,alloc    ] GC(27) O: Allocation Stalls:          0                0                0                0         
[2026-01-06T22:08:30.758+0800][13.340s][info][gc,load     ] GC(27) O: Load: 2.01 (20%) / 1.83 (18%) / 2.00 (20%)
[2026-01-06T22:08:30.758+0800][13.340s][info][gc,mmu      ] GC(27) O: MMU: 2ms/92.0%, 5ms/96.7%, 10ms/98.4%, 20ms/99.2%, 50ms/99.7%, 100ms/99.8%
[2026-01-06T22:08:30.758+0800][13.340s][info][gc,marking  ] GC(27) O: Mark: 1 stripe(s), 2 proactive flush(es), 1 terminate flush(es), 0 completion(s), 0 continuation(s) 
[2026-01-06T22:08:30.758+0800][13.340s][info][gc,nmethod  ] GC(27) O: NMethods: 41 registered, 34 unregistered
[2026-01-06T22:08:30.758+0800][13.340s][info][gc,metaspace] GC(27) O: Metaspace: 0M used, 0M committed, 1088M reserved
[2026-01-06T22:08:30.758+0800][13.340s][info][gc,ref      ] GC(27) O:                       Encountered   Discovered     Enqueued 
[2026-01-06T22:08:30.758+0800][13.340s][info][gc,ref      ] GC(27) O: Soft References:                1            0            0 
[2026-01-06T22:08:30.758+0800][13.340s][info][gc,ref      ] GC(27) O: Weak References:                6            0            0 
[2026-01-06T22:08:30.758+0800][13.340s][info][gc,ref      ] GC(27) O: Final References:               0            0            0 
[2026-01-06T22:08:30.758+0800][13.340s][info][gc,ref      ] GC(27) O: Phantom References:             1            1            0 
[2026-01-06T22:08:30.758+0800][13.340s][info][gc,reloc    ] GC(27) O:                        Candidates     Selected     In-Place         Size        Empty    Relocated 
[2026-01-06T22:08:30.758+0800][13.340s][info][gc,reloc    ] GC(27) O: Small Pages:                    2            1            0           4M           0M           1M 
[2026-01-06T22:08:30.758+0800][13.340s][info][gc,reloc    ] GC(27) O: Medium Pages:                   0            0            0           0M           0M           0M 
[2026-01-06T22:08:30.758+0800][13.340s][info][gc,reloc    ] GC(27) O: Large Pages:                    0            0            0           0M           0M           0M 
[2026-01-06T22:08:30.758+0800][13.340s][info][gc,reloc    ] GC(27) O: Forwarding Usage: 0M
[2026-01-06T22:08:30.758+0800][13.340s][info][gc,heap     ] GC(27) O: Min Capacity: 8M(0%)
[2026-01-06T22:08:30.758+0800][13.340s][info][gc,heap     ] GC(27) O: Max Capacity: 4096M(100%)
[2026-01-06T22:08:30.758+0800][13.340s][info][gc,heap     ] GC(27) O: Soft Max Capacity: 3686M(90%)
[2026-01-06T22:08:30.758+0800][13.340s][info][gc,heap     ] GC(27) O: Heap Statistics:
[2026-01-06T22:08:30.758+0800][13.340s][info][gc,heap     ] GC(27) O:                Mark Start          Mark End        Relocate Start      Relocate End           High               Low         
[2026-01-06T22:08:30.758+0800][13.340s][info][gc,heap     ] GC(27) O:  Capacity:     3494M (85%)        3494M (85%)        3494M (85%)        3494M (85%)        3494M (85%)        3494M (85%)    
[2026-01-06T22:08:30.758+0800][13.340s][info][gc,heap     ] GC(27) O:      Free:     1274M (31%)        4048M (99%)        4044M (99%)        4036M (99%)        4082M (100%)       1272M (31%)    
[2026-01-06T22:08:30.758+0800][13.340s][info][gc,heap     ] GC(27) O:      Used:     2822M (69%)          48M (1%)           52M (1%)           60M (1%)         2824M (69%)          14M (0%)     
[2026-01-06T22:08:30.758+0800][13.340s][info][gc,heap     ] GC(27) O: Old Generation Statistics:
[2026-01-06T22:08:30.758+0800][13.340s][info][gc,heap     ] GC(27) O:                Mark Start          Mark End        Relocate Start      Relocate End    
[2026-01-06T22:08:30.758+0800][13.340s][info][gc,heap     ] GC(27) O:      Used:        4M (0%)            4M (0%)            4M (0%)            4M (0%)     
[2026-01-06T22:08:30.758+0800][13.340s][info][gc,heap     ] GC(27) O:      Live:         -                 1M (0%)            1M (0%)            1M (0%)     
[2026-01-06T22:08:30.758+0800][13.340s][info][gc,heap     ] GC(27) O:   Garbage:         -                 2M (0%)            2M (0%)            0M (0%)     
[2026-01-06T22:08:30.758+0800][13.340s][info][gc,heap     ] GC(27) O: Allocated:         -                 0M (0%)            0M (0%)            2M (0%)     
[2026-01-06T22:08:30.758+0800][13.340s][info][gc,heap     ] GC(27) O: Reclaimed:         -                  -                 0M (0%)            2M (0%)     
[2026-01-06T22:08:30.758+0800][13.340s][info][gc,heap     ] GC(27) O: Compacted:         -                  -                  -                 1M (0%)     
[2026-01-06T22:08:30.758+0800][13.340s][info][gc,phases   ] GC(27) O: Old Generation 18M(0%)->60M(1%) 0.003s
[2026-01-06T22:08:30.758+0800][13.340s][info][gc          ] GC(27) Major Collection (Proactive) 2822M(69%)->62M(2%) 0.004s
[2026-01-06T22:08:31.090+0800][13.672s][info][gc          ] GC(28) Major Collection (Proactive)
[2026-01-06T22:08:31.091+0800][13.672s][info][gc,task     ] GC(28) Using 1 Workers for Young Generation
[2026-01-06T22:08:31.091+0800][13.672s][info][gc,task     ] GC(28) Using 1 Workers for Old Generation
[2026-01-06T22:08:31.091+0800][13.672s][info][gc,phases   ] GC(28) Y: Young Generation
[2026-01-06T22:08:31.091+0800][13.672s][info][gc,phases   ] GC(28) Y: Pause Mark Start (Major) 0.017ms
[2026-01-06T22:08:31.092+0800][13.673s][info][gc,phases   ] GC(28) Y: Concurrent Mark 1.096ms
[2026-01-06T22:08:31.092+0800][13.673s][info][gc,phases   ] GC(28) Y: Pause Mark End 0.004ms
[2026-01-06T22:08:31.092+0800][13.673s][info][gc,phases   ] GC(28) Y: Concurrent Mark Free 0.004ms
[2026-01-06T22:08:31.092+0800][13.673s][info][gc,phases   ] GC(28) Y: Concurrent Reset Relocation Set 0.000ms
[2026-01-06T22:08:31.093+0800][13.675s][info][gc,reloc    ] GC(28) Y: Using tenuring threshold: 1 (Computed)
[2026-01-06T22:08:31.093+0800][13.675s][info][gc,phases   ] GC(28) Y: Concurrent Select Relocation Set 1.307ms
[2026-01-06T22:08:31.093+0800][13.675s][info][gc,phases   ] GC(28) Y: Pause Relocate Start 0.001ms
[2026-01-06T22:08:31.093+0800][13.675s][info][gc,phases   ] GC(28) Y: Concurrent Relocate 0.013ms
[2026-01-06T22:08:31.093+0800][13.675s][info][gc,alloc    ] GC(28) Y:                         Mark Start        Mark End      Relocate Start    Relocate End   
[2026-01-06T22:08:31.093+0800][13.675s][info][gc,alloc    ] GC(28) Y: Allocation Stalls:          0                0                0                0         
[2026-01-06T22:08:31.093+0800][13.675s][info][gc,load     ] GC(28) Y: Load: 2.01 (20%) / 1.83 (18%) / 2.00 (20%)
[2026-01-06T22:08:31.093+0800][13.675s][info][gc,mmu      ] GC(28) Y: MMU: 2ms/92.0%, 5ms/96.7%, 10ms/98.4%, 20ms/99.2%, 50ms/99.7%, 100ms/99.8%
[2026-01-06T22:08:31.093+0800][13.675s][info][gc,marking  ] GC(28) Y: Mark: 1 stripe(s), 2 proactive flush(es), 1 terminate flush(es), 0 completion(s), 0 continuation(s) 
[2026-01-06T22:08:31.093+0800][13.675s][info][gc,nmethod  ] GC(28) Y: NMethods: 41 registered, 34 unregistered
[2026-01-06T22:08:31.093+0800][13.675s][info][gc,metaspace] GC(28) Y: Metaspace: 0M used, 0M committed, 1088M reserved
[2026-01-06T22:08:31.093+0800][13.675s][info][gc,reloc    ] GC(28) Y:                        Candidates     Selected     In-Place         Size        Empty    Relocated 
[2026-01-06T22:08:31.093+0800][13.675s][info][gc,reloc    ] GC(28) Y: Small Pages:                 1081            0            0        2162M        2160M           0M 
[2026-01-06T22:08:31.093+0800][13.675s][info][gc,reloc    ] GC(28) Y: Medium Pages:                   0            0            0           0M           0M           0M 
[2026-01-06T22:08:31.093+0800][13.675s][info][gc,reloc    ] GC(28) Y: Large Pages:                    0            0            0           0M           0M           0M 
[2026-01-06T22:08:31.093+0800][13.675s][info][gc,reloc    ] GC(28) Y: Forwarding Usage: 0M
[2026-01-06T22:08:31.093+0800][13.675s][info][gc,reloc    ] GC(28) Y: Age Table:
[2026-01-06T22:08:31.093+0800][13.675s][info][gc,reloc    ] GC(28) Y:                    Live             Garbage             Small              Medium             Large        
[2026-01-06T22:08:31.093+0800][13.675s][info][gc,reloc    ] GC(28) Y: Eden               0M (0%)         2159M (53%)       1080 / 0              0 / 0              0 / 0        
[2026-01-06T22:08:31.093+0800][13.675s][info][gc,reloc    ] GC(28) Y: Survivor 1          -                 2M (0%)           1 / 0              0 / 0              0 / 0        
[2026-01-06T22:08:31.093+0800][13.675s][info][gc,heap     ] GC(28) Y: Min Capacity: 8M(0%)
[2026-01-06T22:08:31.093+0800][13.675s][info][gc,heap     ] GC(28) Y: Max Capacity: 4096M(100%)
[2026-01-06T22:08:31.093+0800][13.675s][info][gc,heap     ] GC(28) Y: Soft Max Capacity: 3686M(90%)
[2026-01-06T22:08:31.093+0800][13.675s][info][gc,heap     ] GC(28) Y: Heap Statistics:
[2026-01-06T22:08:31.093+0800][13.675s][info][gc,heap     ] GC(28) Y:                Mark Start          Mark End        Relocate Start      Relocate End           High               Low         
[2026-01-06T22:08:31.093+0800][13.675s][info][gc,heap     ] GC(28) Y:  Capacity:     3494M (85%)        3494M (85%)        3494M (85%)        3494M (85%)        3494M (85%)        3494M (85%)    
[2026-01-06T22:08:31.093+0800][13.675s][info][gc,heap     ] GC(28) Y:      Free:     1930M (47%)        1922M (47%)        4080M (100%)       4080M (100%)       4080M (100%)       1922M (47%)    
[2026-01-06T22:08:31.093+0800][13.675s][info][gc,heap     ] GC(28) Y:      Used:     2166M (53%)        2174M (53%)          16M (0%)           16M (0%)         2174M (53%)          16M (0%)     
[2026-01-06T22:08:31.093+0800][13.675s][info][gc,heap     ] GC(28) Y: Young Generation Statistics:
[2026-01-06T22:08:31.093+0800][13.675s][info][gc,heap     ] GC(28) Y:                Mark Start          Mark End        Relocate Start      Relocate End    
[2026-01-06T22:08:31.093+0800][13.675s][info][gc,heap     ] GC(28) Y:      Used:     2162M (53%)        2170M (53%)          12M (0%)           12M (0%)     
[2026-01-06T22:08:31.093+0800][13.675s][info][gc,heap     ] GC(28) Y:      Live:         -                 0M (0%)            0M (0%)            0M (0%)     
[2026-01-06T22:08:31.093+0800][13.675s][info][gc,heap     ] GC(28) Y:   Garbage:         -              2161M (53%)           1M (0%)            1M (0%)     
[2026-01-06T22:08:31.093+0800][13.675s][info][gc,heap     ] GC(28) Y: Allocated:         -                 8M (0%)           10M (0%)           10M (0%)     
[2026-01-06T22:08:31.093+0800][13.675s][info][gc,heap     ] GC(28) Y: Reclaimed:         -                  -              2160M (53%)        2160M (53%)    
[2026-01-06T22:08:31.093+0800][13.675s][info][gc,heap     ] GC(28) Y:  Promoted:         -                  -                 0M (0%)            0M (0%)     
[2026-01-06T22:08:31.093+0800][13.675s][info][gc,heap     ] GC(28) Y: Compacted:         -                  -                  -                 0M (0%)     
[2026-01-06T22:08:31.093+0800][13.675s][info][gc,phases   ] GC(28) Y: Young Generation 2166M(53%)->16M(0%) 0.003s
[2026-01-06T22:08:31.093+0800][13.675s][info][gc,phases   ] GC(28) O: Old Generation
[2026-01-06T22:08:31.096+0800][13.678s][info][gc,phases   ] GC(28) O: Concurrent Mark 2.580ms
[2026-01-06T22:08:31.096+0800][13.678s][info][gc,phases   ] GC(28) O: Pause Mark End 0.003ms
[2026-01-06T22:08:31.096+0800][13.678s][info][gc,phases   ] GC(28) O: Concurrent Mark Free 0.001ms
[2026-01-06T22:08:31.096+0800][13.678s][info][gc,phases   ] GC(28) O: Concurrent Process Non-Strong 0.117ms
[2026-01-06T22:08:31.096+0800][13.678s][info][gc,phases   ] GC(28) O: Concurrent Reset Relocation Set 0.003ms
[2026-01-06T22:08:31.096+0800][13.678s][info][gc,phases   ] GC(28) O: Concurrent Select Relocation Set 0.031ms
[2026-01-06T22:08:31.096+0800][13.678s][info][gc,task     ] GC(28) O: Using 2 Workers for Old Generation
[2026-01-06T22:08:31.096+0800][13.678s][info][gc,task     ] GC(28) O: Using 1 Workers for Old Generation
[2026-01-06T22:08:31.096+0800][13.678s][info][gc,phases   ] GC(28) O: Concurrent Remap Roots 0.040ms
[2026-01-06T22:08:31.096+0800][13.678s][info][gc,phases   ] GC(28) O: Pause Relocate Start 0.001ms
[2026-01-06T22:08:31.097+0800][13.679s][info][gc,phases   ] GC(28) O: Concurrent Relocate 0.895ms
[2026-01-06T22:08:31.097+0800][13.679s][info][gc,alloc    ] GC(28) O:                         Mark Start        Mark End      Relocate Start    Relocate End   
[2026-01-06T22:08:31.097+0800][13.679s][info][gc,alloc    ] GC(28) O: Allocation Stalls:          0                0                0                0         
[2026-01-06T22:08:31.097+0800][13.679s][info][gc,load     ] GC(28) O: Load: 2.01 (20%) / 1.83 (18%) / 2.00 (20%)
[2026-01-06T22:08:31.097+0800][13.679s][info][gc,mmu      ] GC(28) O: MMU: 2ms/92.0%, 5ms/96.7%, 10ms/98.4%, 20ms/99.2%, 50ms/99.7%, 100ms/99.8%
[2026-01-06T22:08:31.097+0800][13.679s][info][gc,marking  ] GC(28) O: Mark: 1 stripe(s), 2 proactive flush(es), 1 terminate flush(es), 0 completion(s), 0 continuation(s) 
[2026-01-06T22:08:31.097+0800][13.679s][info][gc,nmethod  ] GC(28) O: NMethods: 41 registered, 34 unregistered
[2026-01-06T22:08:31.097+0800][13.679s][info][gc,metaspace] GC(28) O: Metaspace: 0M used, 0M committed, 1088M reserved
[2026-01-06T22:08:31.097+0800][13.679s][info][gc,ref      ] GC(28) O:                       Encountered   Discovered     Enqueued 
[2026-01-06T22:08:31.097+0800][13.679s][info][gc,ref      ] GC(28) O: Soft References:                1            0            0 
[2026-01-06T22:08:31.097+0800][13.679s][info][gc,ref      ] GC(28) O: Weak References:                6            0            0 
[2026-01-06T22:08:31.097+0800][13.679s][info][gc,ref      ] GC(28) O: Final References:               0            0            0 
[2026-01-06T22:08:31.097+0800][13.679s][info][gc,ref      ] GC(28) O: Phantom References:             1            1            0 
[2026-01-06T22:08:31.097+0800][13.679s][info][gc,reloc    ] GC(28) O:                        Candidates     Selected     In-Place         Size        Empty    Relocated 
[2026-01-06T22:08:31.097+0800][13.679s][info][gc,reloc    ] GC(28) O: Small Pages:                    2            1            0           4M           0M           1M 
[2026-01-06T22:08:31.097+0800][13.679s][info][gc,reloc    ] GC(28) O: Medium Pages:                   0            0            0           0M           0M           0M 
[2026-01-06T22:08:31.097+0800][13.679s][info][gc,reloc    ] GC(28) O: Large Pages:                    0            0            0           0M           0M           0M 
[2026-01-06T22:08:31.097+0800][13.679s][info][gc,reloc    ] GC(28) O: Forwarding Usage: 0M
[2026-01-06T22:08:31.097+0800][13.679s][info][gc,heap     ] GC(28) O: Min Capacity: 8M(0%)
[2026-01-06T22:08:31.097+0800][13.679s][info][gc,heap     ] GC(28) O: Max Capacity: 4096M(100%)
[2026-01-06T22:08:31.097+0800][13.679s][info][gc,heap     ] GC(28) O: Soft Max Capacity: 3686M(90%)
[2026-01-06T22:08:31.097+0800][13.679s][info][gc,heap     ] GC(28) O: Heap Statistics:
[2026-01-06T22:08:31.097+0800][13.679s][info][gc,heap     ] GC(28) O:                Mark Start          Mark End        Relocate Start      Relocate End           High               Low         
[2026-01-06T22:08:31.097+0800][13.679s][info][gc,heap     ] GC(28) O:  Capacity:     3494M (85%)        3494M (85%)        3494M (85%)        3494M (85%)        3494M (85%)        3494M (85%)    
[2026-01-06T22:08:31.097+0800][13.679s][info][gc,heap     ] GC(28) O:      Free:     1930M (47%)        4070M (99%)        4068M (99%)        4060M (99%)        4080M (100%)       1922M (47%)    
[2026-01-06T22:08:31.097+0800][13.679s][info][gc,heap     ] GC(28) O:      Used:     2166M (53%)          26M (1%)           28M (1%)           36M (1%)         2174M (53%)          16M (0%)     
[2026-01-06T22:08:31.097+0800][13.679s][info][gc,heap     ] GC(28) O: Old Generation Statistics:
[2026-01-06T22:08:31.097+0800][13.679s][info][gc,heap     ] GC(28) O:                Mark Start          Mark End        Relocate Start      Relocate End    
[2026-01-06T22:08:31.097+0800][13.679s][info][gc,heap     ] GC(28) O:      Used:        4M (0%)            4M (0%)            4M (0%)            4M (0%)     
[2026-01-06T22:08:31.097+0800][13.679s][info][gc,heap     ] GC(28) O:      Live:         -                 1M (0%)            1M (0%)            1M (0%)     
[2026-01-06T22:08:31.097+0800][13.679s][info][gc,heap     ] GC(28) O:   Garbage:         -                 2M (0%)            2M (0%)            0M (0%)     
[2026-01-06T22:08:31.097+0800][13.679s][info][gc,heap     ] GC(28) O: Allocated:         -                 0M (0%)            0M (0%)            2M (0%)     
[2026-01-06T22:08:31.097+0800][13.679s][info][gc,heap     ] GC(28) O: Reclaimed:         -                  -                 0M (0%)            2M (0%)     
[2026-01-06T22:08:31.097+0800][13.679s][info][gc,heap     ] GC(28) O: Compacted:         -                  -                  -                 1M (0%)     
[2026-01-06T22:08:31.097+0800][13.679s][info][gc,phases   ] GC(28) O: Old Generation 16M(0%)->36M(1%) 0.004s
[2026-01-06T22:08:31.097+0800][13.679s][info][gc          ] GC(28) Major Collection (Proactive) 2164M(53%)->36M(1%) 0.007s
[2026-01-06T22:08:31.580+0800][14.162s][info][gc          ] GC(29) Major Collection (Proactive)
[2026-01-06T22:08:31.580+0800][14.162s][info][gc,task     ] GC(29) Using 1 Workers for Young Generation
[2026-01-06T22:08:31.580+0800][14.162s][info][gc,task     ] GC(29) Using 1 Workers for Old Generation
[2026-01-06T22:08:31.580+0800][14.162s][info][gc,phases   ] GC(29) Y: Young Generation
[2026-01-06T22:08:31.580+0800][14.162s][info][gc,phases   ] GC(29) Y: Pause Mark Start (Major) 0.004ms
[2026-01-06T22:08:31.581+0800][14.162s][info][gc,phases   ] GC(29) Y: Concurrent Mark 0.280ms
[2026-01-06T22:08:31.581+0800][14.162s][info][gc,phases   ] GC(29) Y: Pause Mark End 0.003ms
[2026-01-06T22:08:31.581+0800][14.162s][info][gc,phases   ] GC(29) Y: Concurrent Mark Free 0.000ms
[2026-01-06T22:08:31.581+0800][14.162s][info][gc,phases   ] GC(29) Y: Concurrent Reset Relocation Set 0.000ms
[2026-01-06T22:08:31.582+0800][14.163s][info][gc,reloc    ] GC(29) Y: Using tenuring threshold: 1 (Computed)
[2026-01-06T22:08:31.582+0800][14.163s][info][gc,phases   ] GC(29) Y: Concurrent Select Relocation Set 0.894ms
[2026-01-06T22:08:31.582+0800][14.163s][info][gc,phases   ] GC(29) Y: Pause Relocate Start 0.002ms
[2026-01-06T22:08:31.582+0800][14.163s][info][gc,phases   ] GC(29) Y: Concurrent Relocate 0.010ms
[2026-01-06T22:08:31.582+0800][14.163s][info][gc,alloc    ] GC(29) Y:                         Mark Start        Mark End      Relocate Start    Relocate End   
[2026-01-06T22:08:31.582+0800][14.163s][info][gc,alloc    ] GC(29) Y: Allocation Stalls:          0                0                0                0         
[2026-01-06T22:08:31.582+0800][14.163s][info][gc,load     ] GC(29) Y: Load: 2.01 (20%) / 1.83 (18%) / 2.00 (20%)
[2026-01-06T22:08:31.582+0800][14.163s][info][gc,mmu      ] GC(29) Y: MMU: 2ms/92.0%, 5ms/96.7%, 10ms/98.4%, 20ms/99.2%, 50ms/99.7%, 100ms/99.8%
[2026-01-06T22:08:31.582+0800][14.163s][info][gc,marking  ] GC(29) Y: Mark: 1 stripe(s), 2 proactive flush(es), 1 terminate flush(es), 0 completion(s), 0 continuation(s) 
[2026-01-06T22:08:31.582+0800][14.163s][info][gc,nmethod  ] GC(29) Y: NMethods: 41 registered, 34 unregistered
[2026-01-06T22:08:31.582+0800][14.163s][info][gc,metaspace] GC(29) Y: Metaspace: 0M used, 0M committed, 1088M reserved
[2026-01-06T22:08:31.582+0800][14.163s][info][gc,reloc    ] GC(29) Y:                        Candidates     Selected     In-Place         Size        Empty    Relocated 
[2026-01-06T22:08:31.582+0800][14.163s][info][gc,reloc    ] GC(29) Y: Small Pages:                 1589            0            0        3178M        3176M           0M 
[2026-01-06T22:08:31.582+0800][14.163s][info][gc,reloc    ] GC(29) Y: Medium Pages:                   0            0            0           0M           0M           0M 
[2026-01-06T22:08:31.582+0800][14.163s][info][gc,reloc    ] GC(29) Y: Large Pages:                    0            0            0           0M           0M           0M 
[2026-01-06T22:08:31.582+0800][14.163s][info][gc,reloc    ] GC(29) Y: Forwarding Usage: 0M
[2026-01-06T22:08:31.582+0800][14.163s][info][gc,reloc    ] GC(29) Y: Age Table:
[2026-01-06T22:08:31.582+0800][14.163s][info][gc,reloc    ] GC(29) Y:                    Live             Garbage             Small              Medium             Large        
[2026-01-06T22:08:31.582+0800][14.163s][info][gc,reloc    ] GC(29) Y: Eden               0M (0%)         3175M (78%)       1588 / 0              0 / 0              0 / 0        
[2026-01-06T22:08:31.582+0800][14.163s][info][gc,reloc    ] GC(29) Y: Survivor 1          -                 2M (0%)           1 / 0              0 / 0              0 / 0        
[2026-01-06T22:08:31.582+0800][14.163s][info][gc,heap     ] GC(29) Y: Min Capacity: 8M(0%)
[2026-01-06T22:08:31.582+0800][14.163s][info][gc,heap     ] GC(29) Y: Max Capacity: 4096M(100%)
[2026-01-06T22:08:31.582+0800][14.163s][info][gc,heap     ] GC(29) Y: Soft Max Capacity: 3686M(90%)
[2026-01-06T22:08:31.582+0800][14.163s][info][gc,heap     ] GC(29) Y: Heap Statistics:
[2026-01-06T22:08:31.582+0800][14.163s][info][gc,heap     ] GC(29) Y:                Mark Start          Mark End        Relocate Start      Relocate End           High               Low         
[2026-01-06T22:08:31.582+0800][14.163s][info][gc,heap     ] GC(29) Y:  Capacity:     3494M (85%)        3494M (85%)        3494M (85%)        3494M (85%)        3494M (85%)        3494M (85%)    
[2026-01-06T22:08:31.582+0800][14.163s][info][gc,heap     ] GC(29) Y:      Free:      914M (22%)         912M (22%)        4082M (100%)       4082M (100%)       4082M (100%)        912M (22%)    
[2026-01-06T22:08:31.582+0800][14.163s][info][gc,heap     ] GC(29) Y:      Used:     3182M (78%)        3184M (78%)          14M (0%)           14M (0%)         3184M (78%)          14M (0%)     
[2026-01-06T22:08:31.582+0800][14.163s][info][gc,heap     ] GC(29) Y: Young Generation Statistics:
[2026-01-06T22:08:31.582+0800][14.163s][info][gc,heap     ] GC(29) Y:                Mark Start          Mark End        Relocate Start      Relocate End    
[2026-01-06T22:08:31.582+0800][14.163s][info][gc,heap     ] GC(29) Y:      Used:     3178M (78%)        3180M (78%)          10M (0%)           10M (0%)     
[2026-01-06T22:08:31.582+0800][14.163s][info][gc,heap     ] GC(29) Y:      Live:         -                 0M (0%)            0M (0%)            0M (0%)     
[2026-01-06T22:08:31.582+0800][14.163s][info][gc,heap     ] GC(29) Y:   Garbage:         -              3177M (78%)           1M (0%)            1M (0%)     
[2026-01-06T22:08:31.582+0800][14.163s][info][gc,heap     ] GC(29) Y: Allocated:         -                 2M (0%)            8M (0%)            8M (0%)     
[2026-01-06T22:08:31.582+0800][14.163s][info][gc,heap     ] GC(29) Y: Reclaimed:         -                  -              3176M (78%)        3176M (78%)    
[2026-01-06T22:08:31.582+0800][14.163s][info][gc,heap     ] GC(29) Y:  Promoted:         -                  -                 0M (0%)            0M (0%)     
[2026-01-06T22:08:31.582+0800][14.163s][info][gc,heap     ] GC(29) Y: Compacted:         -                  -                  -                 0M (0%)     
[2026-01-06T22:08:31.582+0800][14.163s][info][gc,phases   ] GC(29) Y: Young Generation 3182M(78%)->14M(0%) 0.001s
[2026-01-06T22:08:31.582+0800][14.163s][info][gc,phases   ] GC(29) O: Old Generation
[2026-01-06T22:08:31.588+0800][14.169s][info][gc,phases   ] GC(29) O: Concurrent Mark 5.677ms
[2026-01-06T22:08:31.588+0800][14.169s][info][gc,phases   ] GC(29) O: Pause Mark End 0.003ms
[2026-01-06T22:08:31.588+0800][14.169s][info][gc,phases   ] GC(29) O: Concurrent Mark Free 0.000ms
[2026-01-06T22:08:31.588+0800][14.169s][info][gc,phases   ] GC(29) O: Concurrent Process Non-Strong 0.149ms
[2026-01-06T22:08:31.588+0800][14.169s][info][gc,phases   ] GC(29) O: Concurrent Reset Relocation Set 0.003ms
[2026-01-06T22:08:31.588+0800][14.169s][info][gc,phases   ] GC(29) O: Concurrent Select Relocation Set 0.020ms
[2026-01-06T22:08:31.588+0800][14.169s][info][gc,task     ] GC(29) O: Using 2 Workers for Old Generation
[2026-01-06T22:08:31.588+0800][14.169s][info][gc,task     ] GC(29) O: Using 1 Workers for Old Generation
[2026-01-06T22:08:31.588+0800][14.169s][info][gc,phases   ] GC(29) O: Concurrent Remap Roots 0.043ms
[2026-01-06T22:08:31.588+0800][14.169s][info][gc,phases   ] GC(29) O: Pause Relocate Start 0.001ms
[2026-01-06T22:08:31.589+0800][14.170s][info][gc,phases   ] GC(29) O: Concurrent Relocate 0.708ms
[2026-01-06T22:08:31.589+0800][14.170s][info][gc,alloc    ] GC(29) O:                         Mark Start        Mark End      Relocate Start    Relocate End   
[2026-01-06T22:08:31.589+0800][14.170s][info][gc,alloc    ] GC(29) O: Allocation Stalls:          0                0                0                0         
[2026-01-06T22:08:31.589+0800][14.170s][info][gc,load     ] GC(29) O: Load: 2.01 (20%) / 1.83 (18%) / 2.00 (20%)
[2026-01-06T22:08:31.589+0800][14.170s][info][gc,mmu      ] GC(29) O: MMU: 2ms/92.0%, 5ms/96.7%, 10ms/98.4%, 20ms/99.2%, 50ms/99.7%, 100ms/99.8%
[2026-01-06T22:08:31.589+0800][14.170s][info][gc,marking  ] GC(29) O: Mark: 1 stripe(s), 2 proactive flush(es), 1 terminate flush(es), 0 completion(s), 0 continuation(s) 
[2026-01-06T22:08:31.589+0800][14.170s][info][gc,nmethod  ] GC(29) O: NMethods: 41 registered, 34 unregistered
[2026-01-06T22:08:31.589+0800][14.170s][info][gc,metaspace] GC(29) O: Metaspace: 0M used, 0M committed, 1088M reserved
[2026-01-06T22:08:31.589+0800][14.170s][info][gc,ref      ] GC(29) O:                       Encountered   Discovered     Enqueued 
[2026-01-06T22:08:31.589+0800][14.170s][info][gc,ref      ] GC(29) O: Soft References:                1            0            0 
[2026-01-06T22:08:31.589+0800][14.170s][info][gc,ref      ] GC(29) O: Weak References:                6            0            0 
[2026-01-06T22:08:31.589+0800][14.170s][info][gc,ref      ] GC(29) O: Final References:               0            0            0 
[2026-01-06T22:08:31.589+0800][14.170s][info][gc,ref      ] GC(29) O: Phantom References:             1            1            0 
[2026-01-06T22:08:31.589+0800][14.170s][info][gc,reloc    ] GC(29) O:                        Candidates     Selected     In-Place         Size        Empty    Relocated 
[2026-01-06T22:08:31.589+0800][14.170s][info][gc,reloc    ] GC(29) O: Small Pages:                    2            1            0           4M           0M           1M 
[2026-01-06T22:08:31.589+0800][14.170s][info][gc,reloc    ] GC(29) O: Medium Pages:                   0            0            0           0M           0M           0M 
[2026-01-06T22:08:31.589+0800][14.170s][info][gc,reloc    ] GC(29) O: Large Pages:                    0            0            0           0M           0M           0M 
[2026-01-06T22:08:31.589+0800][14.170s][info][gc,reloc    ] GC(29) O: Forwarding Usage: 0M
[2026-01-06T22:08:31.589+0800][14.170s][info][gc,heap     ] GC(29) O: Min Capacity: 8M(0%)
[2026-01-06T22:08:31.589+0800][14.170s][info][gc,heap     ] GC(29) O: Max Capacity: 4096M(100%)
[2026-01-06T22:08:31.589+0800][14.170s][info][gc,heap     ] GC(29) O: Soft Max Capacity: 3686M(90%)
[2026-01-06T22:08:31.589+0800][14.170s][info][gc,heap     ] GC(29) O: Heap Statistics:
[2026-01-06T22:08:31.589+0800][14.170s][info][gc,heap     ] GC(29) O:                Mark Start          Mark End        Relocate Start      Relocate End           High               Low         
[2026-01-06T22:08:31.589+0800][14.170s][info][gc,heap     ] GC(29) O:  Capacity:     3494M (85%)        3494M (85%)        3494M (85%)        3494M (85%)        3494M (85%)        3494M (85%)    
[2026-01-06T22:08:31.589+0800][14.170s][info][gc,heap     ] GC(29) O:      Free:      914M (22%)        4058M (99%)        4054M (99%)        4046M (99%)        4082M (100%)        912M (22%)    
[2026-01-06T22:08:31.589+0800][14.170s][info][gc,heap     ] GC(29) O:      Used:     3182M (78%)          38M (1%)           42M (1%)           50M (1%)         3184M (78%)          14M (0%)     
[2026-01-06T22:08:31.589+0800][14.170s][info][gc,heap     ] GC(29) O: Old Generation Statistics:
[2026-01-06T22:08:31.589+0800][14.170s][info][gc,heap     ] GC(29) O:                Mark Start          Mark End        Relocate Start      Relocate End    
[2026-01-06T22:08:31.589+0800][14.170s][info][gc,heap     ] GC(29) O:      Used:        4M (0%)            4M (0%)            4M (0%)            4M (0%)     
[2026-01-06T22:08:31.589+0800][14.170s][info][gc,heap     ] GC(29) O:      Live:         -                 1M (0%)            1M (0%)            1M (0%)     
[2026-01-06T22:08:31.589+0800][14.170s][info][gc,heap     ] GC(29) O:   Garbage:         -                 2M (0%)            2M (0%)            0M (0%)     
[2026-01-06T22:08:31.589+0800][14.170s][info][gc,heap     ] GC(29) O: Allocated:         -                 0M (0%)            0M (0%)            2M (0%)     
[2026-01-06T22:08:31.589+0800][14.170s][info][gc,heap     ] GC(29) O: Reclaimed:         -                  -                 0M (0%)            2M (0%)     
[2026-01-06T22:08:31.589+0800][14.170s][info][gc,heap     ] GC(29) O: Compacted:         -                  -                  -                 1M (0%)     
[2026-01-06T22:08:31.589+0800][14.170s][info][gc,phases   ] GC(29) O: Old Generation 16M(0%)->50M(1%) 0.007s
[2026-01-06T22:08:31.589+0800][14.170s][info][gc          ] GC(29) Major Collection (Proactive) 3182M(78%)->52M(1%) 0.008s
[2026-01-06T22:08:32.239+0800][14.820s][info][gc          ] GC(30) Minor Collection (High Usage)
[2026-01-06T22:08:32.239+0800][14.821s][info][gc,task     ] GC(30) Using 1 Workers for Young Generation
[2026-01-06T22:08:32.239+0800][14.821s][info][gc,phases   ] GC(30) y: Young Generation
[2026-01-06T22:08:32.239+0800][14.821s][info][gc,phases   ] GC(30) y: Pause Mark Start 0.012ms
[2026-01-06T22:08:32.240+0800][14.821s][info][gc,phases   ] GC(30) y: Concurrent Mark 0.439ms
[2026-01-06T22:08:32.240+0800][14.821s][info][gc,phases   ] GC(30) y: Pause Mark End 0.003ms
[2026-01-06T22:08:32.240+0800][14.821s][info][gc,phases   ] GC(30) y: Concurrent Mark Free 0.003ms
[2026-01-06T22:08:32.240+0800][14.821s][info][gc,phases   ] GC(30) y: Concurrent Reset Relocation Set 0.000ms
[2026-01-06T22:08:32.242+0800][14.824s][info][gc,reloc    ] GC(30) y: Using tenuring threshold: 1 (Computed)
[2026-01-06T22:08:32.243+0800][14.824s][info][gc,phases   ] GC(30) y: Concurrent Select Relocation Set 2.958ms
[2026-01-06T22:08:32.243+0800][14.824s][info][gc,phases   ] GC(30) y: Pause Relocate Start 0.002ms
[2026-01-06T22:08:32.243+0800][14.824s][info][gc,phases   ] GC(30) y: Concurrent Relocate 0.011ms
[2026-01-06T22:08:32.243+0800][14.824s][info][gc,alloc    ] GC(30) y:                         Mark Start        Mark End      Relocate Start    Relocate End   
[2026-01-06T22:08:32.243+0800][14.824s][info][gc,alloc    ] GC(30) y: Allocation Stalls:          0                0                0                0         
[2026-01-06T22:08:32.243+0800][14.824s][info][gc,load     ] GC(30) y: Load: 1.92 (19%) / 1.82 (18%) / 2.00 (20%)
[2026-01-06T22:08:32.243+0800][14.824s][info][gc,mmu      ] GC(30) y: MMU: 2ms/92.0%, 5ms/96.7%, 10ms/98.4%, 20ms/99.2%, 50ms/99.7%, 100ms/99.8%
[2026-01-06T22:08:32.243+0800][14.824s][info][gc,marking  ] GC(30) y: Mark: 1 stripe(s), 2 proactive flush(es), 1 terminate flush(es), 0 completion(s), 0 continuation(s) 
[2026-01-06T22:08:32.243+0800][14.824s][info][gc,nmethod  ] GC(30) y: NMethods: 41 registered, 34 unregistered
[2026-01-06T22:08:32.243+0800][14.824s][info][gc,metaspace] GC(30) y: Metaspace: 0M used, 0M committed, 1088M reserved
[2026-01-06T22:08:32.243+0800][14.824s][info][gc,reloc    ] GC(30) y:                        Candidates     Selected     In-Place         Size        Empty    Relocated 
[2026-01-06T22:08:32.243+0800][14.824s][info][gc,reloc    ] GC(30) y: Small Pages:                 1740            0            0        3480M        3478M           0M 
[2026-01-06T22:08:32.243+0800][14.824s][info][gc,reloc    ] GC(30) y: Medium Pages:                   0            0            0           0M           0M           0M 
[2026-01-06T22:08:32.243+0800][14.824s][info][gc,reloc    ] GC(30) y: Large Pages:                    0            0            0           0M           0M           0M 
[2026-01-06T22:08:32.243+0800][14.824s][info][gc,reloc    ] GC(30) y: Forwarding Usage: 0M
[2026-01-06T22:08:32.243+0800][14.824s][info][gc,reloc    ] GC(30) y: Age Table:
[2026-01-06T22:08:32.243+0800][14.824s][info][gc,reloc    ] GC(30) y:                    Live             Garbage             Small              Medium             Large        
[2026-01-06T22:08:32.243+0800][14.824s][info][gc,reloc    ] GC(30) y: Eden               0M (0%)         3477M (85%)       1739 / 0              0 / 0              0 / 0        
[2026-01-06T22:08:32.243+0800][14.824s][info][gc,reloc    ] GC(30) y: Survivor 1          -                 2M (0%)           1 / 0              0 / 0              0 / 0        
[2026-01-06T22:08:32.243+0800][14.824s][info][gc,heap     ] GC(30) y: Min Capacity: 8M(0%)
[2026-01-06T22:08:32.243+0800][14.824s][info][gc,heap     ] GC(30) y: Max Capacity: 4096M(100%)
[2026-01-06T22:08:32.243+0800][14.824s][info][gc,heap     ] GC(30) y: Soft Max Capacity: 3686M(90%)
[2026-01-06T22:08:32.243+0800][14.824s][info][gc,heap     ] GC(30) y: Heap Statistics:
[2026-01-06T22:08:32.243+0800][14.824s][info][gc,heap     ] GC(30) y:                Mark Start          Mark End        Relocate Start      Relocate End           High               Low         
[2026-01-06T22:08:32.243+0800][14.824s][info][gc,heap     ] GC(30) y:  Capacity:     3494M (85%)        3494M (85%)        3494M (85%)        3494M (85%)        3494M (85%)        3494M (85%)    
[2026-01-06T22:08:32.243+0800][14.824s][info][gc,heap     ] GC(30) y:      Free:      612M (15%)         608M (15%)        4078M (100%)       4078M (100%)       4078M (100%)        608M (15%)    
[2026-01-06T22:08:32.243+0800][14.824s][info][gc,heap     ] GC(30) y:      Used:     3484M (85%)        3488M (85%)          18M (0%)           18M (0%)         3488M (85%)          18M (0%)     
[2026-01-06T22:08:32.243+0800][14.824s][info][gc,heap     ] GC(30) y: Young Generation Statistics:
[2026-01-06T22:08:32.243+0800][14.824s][info][gc,heap     ] GC(30) y:                Mark Start          Mark End        Relocate Start      Relocate End    
[2026-01-06T22:08:32.243+0800][14.824s][info][gc,heap     ] GC(30) y:      Used:     3480M (85%)        3484M (85%)          14M (0%)           14M (0%)     
[2026-01-06T22:08:32.243+0800][14.824s][info][gc,heap     ] GC(30) y:      Live:         -                 0M (0%)            0M (0%)            0M (0%)     
[2026-01-06T22:08:32.243+0800][14.824s][info][gc,heap     ] GC(30) y:   Garbage:         -              3479M (85%)           1M (0%)            1M (0%)     
[2026-01-06T22:08:32.243+0800][14.824s][info][gc,heap     ] GC(30) y: Allocated:         -                 4M (0%)           12M (0%)           12M (0%)     
[2026-01-06T22:08:32.243+0800][14.824s][info][gc,heap     ] GC(30) y: Reclaimed:         -                  -              3478M (85%)        3478M (85%)    
[2026-01-06T22:08:32.243+0800][14.824s][info][gc,heap     ] GC(30) y:  Promoted:         -                  -                 0M (0%)            0M (0%)     
[2026-01-06T22:08:32.243+0800][14.824s][info][gc,heap     ] GC(30) y: Compacted:         -                  -                  -                 0M (0%)     
[2026-01-06T22:08:32.243+0800][14.824s][info][gc,phases   ] GC(30) y: Young Generation 3484M(85%)->18M(0%) 0.004s
[2026-01-06T22:08:32.243+0800][14.824s][info][gc          ] GC(30) Minor Collection (High Usage) 3484M(85%)->18M(0%) 0.004s
[2026-01-06T22:08:32.442+0800][15.023s][info][gc          ] GC(31) Major Collection (Proactive)
[2026-01-06T22:08:32.442+0800][15.023s][info][gc,task     ] GC(31) Using 1 Workers for Young Generation
[2026-01-06T22:08:32.442+0800][15.023s][info][gc,task     ] GC(31) Using 1 Workers for Old Generation
[2026-01-06T22:08:32.442+0800][15.023s][info][gc,phases   ] GC(31) Y: Young Generation
[2026-01-06T22:08:32.442+0800][15.023s][info][gc,phases   ] GC(31) Y: Pause Mark Start (Major) 0.009ms
[2026-01-06T22:08:32.442+0800][15.023s][info][gc,phases   ] GC(31) Y: Concurrent Mark 0.190ms
[2026-01-06T22:08:32.442+0800][15.024s][info][gc,phases   ] GC(31) Y: Pause Mark End 0.003ms
[2026-01-06T22:08:32.442+0800][15.024s][info][gc,phases   ] GC(31) Y: Concurrent Mark Free 0.000ms
[2026-01-06T22:08:32.442+0800][15.024s][info][gc,phases   ] GC(31) Y: Concurrent Reset Relocation Set 0.000ms
[2026-01-06T22:08:32.442+0800][15.024s][info][gc,reloc    ] GC(31) Y: Using tenuring threshold: 1 (Computed)
[2026-01-06T22:08:32.442+0800][15.024s][info][gc,phases   ] GC(31) Y: Concurrent Select Relocation Set 0.126ms
[2026-01-06T22:08:32.442+0800][15.024s][info][gc,phases   ] GC(31) Y: Pause Relocate Start 0.001ms
[2026-01-06T22:08:32.442+0800][15.024s][info][gc,phases   ] GC(31) Y: Concurrent Relocate 0.012ms
[2026-01-06T22:08:32.442+0800][15.024s][info][gc,alloc    ] GC(31) Y:                         Mark Start        Mark End      Relocate Start    Relocate End   
[2026-01-06T22:08:32.442+0800][15.024s][info][gc,alloc    ] GC(31) Y: Allocation Stalls:          0                0                0                0         
[2026-01-06T22:08:32.442+0800][15.024s][info][gc,load     ] GC(31) Y: Load: 1.92 (19%) / 1.82 (18%) / 2.00 (20%)
[2026-01-06T22:08:32.442+0800][15.024s][info][gc,mmu      ] GC(31) Y: MMU: 2ms/92.0%, 5ms/96.7%, 10ms/98.4%, 20ms/99.2%, 50ms/99.7%, 100ms/99.8%
[2026-01-06T22:08:32.442+0800][15.024s][info][gc,marking  ] GC(31) Y: Mark: 1 stripe(s), 2 proactive flush(es), 1 terminate flush(es), 0 completion(s), 0 continuation(s) 
[2026-01-06T22:08:32.442+0800][15.024s][info][gc,nmethod  ] GC(31) Y: NMethods: 41 registered, 34 unregistered
[2026-01-06T22:08:32.442+0800][15.024s][info][gc,metaspace] GC(31) Y: Metaspace: 0M used, 0M committed, 1088M reserved
[2026-01-06T22:08:32.442+0800][15.024s][info][gc,reloc    ] GC(31) Y:                        Candidates     Selected     In-Place         Size        Empty    Relocated 
[2026-01-06T22:08:32.442+0800][15.024s][info][gc,reloc    ] GC(31) Y: Small Pages:                  496            0            0         992M         990M           0M 
[2026-01-06T22:08:32.442+0800][15.024s][info][gc,reloc    ] GC(31) Y: Medium Pages:                   0            0            0           0M           0M           0M 
[2026-01-06T22:08:32.442+0800][15.024s][info][gc,reloc    ] GC(31) Y: Large Pages:                    0            0            0           0M           0M           0M 
[2026-01-06T22:08:32.442+0800][15.024s][info][gc,reloc    ] GC(31) Y: Forwarding Usage: 0M
[2026-01-06T22:08:32.442+0800][15.024s][info][gc,reloc    ] GC(31) Y: Age Table:
[2026-01-06T22:08:32.442+0800][15.024s][info][gc,reloc    ] GC(31) Y:                    Live             Garbage             Small              Medium             Large        
[2026-01-06T22:08:32.442+0800][15.024s][info][gc,reloc    ] GC(31) Y: Eden               0M (0%)          989M (24%)        495 / 0              0 / 0              0 / 0        
[2026-01-06T22:08:32.442+0800][15.024s][info][gc,reloc    ] GC(31) Y: Survivor 1          -                 2M (0%)           1 / 0              0 / 0              0 / 0        
[2026-01-06T22:08:32.442+0800][15.024s][info][gc,heap     ] GC(31) Y: Min Capacity: 8M(0%)
[2026-01-06T22:08:32.442+0800][15.024s][info][gc,heap     ] GC(31) Y: Max Capacity: 4096M(100%)
[2026-01-06T22:08:32.442+0800][15.024s][info][gc,heap     ] GC(31) Y: Soft Max Capacity: 3686M(90%)
[2026-01-06T22:08:32.442+0800][15.024s][info][gc,heap     ] GC(31) Y: Heap Statistics:
[2026-01-06T22:08:32.442+0800][15.024s][info][gc,heap     ] GC(31) Y:                Mark Start          Mark End        Relocate Start      Relocate End           High               Low         
[2026-01-06T22:08:32.442+0800][15.024s][info][gc,heap     ] GC(31) Y:  Capacity:     3494M (85%)        3494M (85%)        3494M (85%)        3494M (85%)        3494M (85%)        3494M (85%)    
[2026-01-06T22:08:32.442+0800][15.024s][info][gc,heap     ] GC(31) Y:      Free:     3100M (76%)        3098M (76%)        4088M (100%)       4088M (100%)       4088M (100%)       3098M (76%)    
[2026-01-06T22:08:32.442+0800][15.024s][info][gc,heap     ] GC(31) Y:      Used:      996M (24%)         998M (24%)           8M (0%)            8M (0%)          998M (24%)           8M (0%)     
[2026-01-06T22:08:32.442+0800][15.024s][info][gc,heap     ] GC(31) Y: Young Generation Statistics:
[2026-01-06T22:08:32.442+0800][15.024s][info][gc,heap     ] GC(31) Y:                Mark Start          Mark End        Relocate Start      Relocate End    
[2026-01-06T22:08:32.442+0800][15.024s][info][gc,heap     ] GC(31) Y:      Used:      992M (24%)         994M (24%)           4M (0%)            4M (0%)     
[2026-01-06T22:08:32.442+0800][15.024s][info][gc,heap     ] GC(31) Y:      Live:         -                 0M (0%)            0M (0%)            0M (0%)     
[2026-01-06T22:08:32.442+0800][15.024s][info][gc,heap     ] GC(31) Y:   Garbage:         -               991M (24%)           1M (0%)            1M (0%)     
[2026-01-06T22:08:32.442+0800][15.024s][info][gc,heap     ] GC(31) Y: Allocated:         -                 2M (0%)            2M (0%)            2M (0%)     
[2026-01-06T22:08:32.442+0800][15.024s][info][gc,heap     ] GC(31) Y: Reclaimed:         -                  -               990M (24%)         990M (24%)    
[2026-01-06T22:08:32.442+0800][15.024s][info][gc,heap     ] GC(31) Y:  Promoted:         -                  -                 0M (0%)            0M (0%)     
[2026-01-06T22:08:32.442+0800][15.024s][info][gc,heap     ] GC(31) Y: Compacted:         -                  -                  -                 0M (0%)     
[2026-01-06T22:08:32.442+0800][15.024s][info][gc,phases   ] GC(31) Y: Young Generation 996M(24%)->8M(0%) 0.000s
[2026-01-06T22:08:32.442+0800][15.024s][info][gc,phases   ] GC(31) O: Old Generation
[2026-01-06T22:08:32.445+0800][15.026s][info][gc,phases   ] GC(31) O: Concurrent Mark 2.412ms
[2026-01-06T22:08:32.445+0800][15.026s][info][gc,phases   ] GC(31) O: Pause Mark End 0.003ms
[2026-01-06T22:08:32.445+0800][15.026s][info][gc,phases   ] GC(31) O: Concurrent Mark Free 0.001ms
[2026-01-06T22:08:32.445+0800][15.026s][info][gc,phases   ] GC(31) O: Concurrent Process Non-Strong 0.150ms
[2026-01-06T22:08:32.445+0800][15.026s][info][gc,phases   ] GC(31) O: Concurrent Reset Relocation Set 0.006ms
[2026-01-06T22:08:32.445+0800][15.026s][info][gc,phases   ] GC(31) O: Concurrent Select Relocation Set 0.034ms
[2026-01-06T22:08:32.445+0800][15.026s][info][gc,task     ] GC(31) O: Using 2 Workers for Old Generation
[2026-01-06T22:08:32.445+0800][15.027s][info][gc,task     ] GC(31) O: Using 1 Workers for Old Generation
[2026-01-06T22:08:32.445+0800][15.027s][info][gc,phases   ] GC(31) O: Concurrent Remap Roots 0.042ms
[2026-01-06T22:08:32.445+0800][15.027s][info][gc,phases   ] GC(31) O: Pause Relocate Start 0.001ms
[2026-01-06T22:08:32.446+0800][15.027s][info][gc,phases   ] GC(31) O: Concurrent Relocate 0.629ms
[2026-01-06T22:08:32.446+0800][15.027s][info][gc,alloc    ] GC(31) O:                         Mark Start        Mark End      Relocate Start    Relocate End   
[2026-01-06T22:08:32.446+0800][15.027s][info][gc,alloc    ] GC(31) O: Allocation Stalls:          0                0                0                0         
[2026-01-06T22:08:32.446+0800][15.027s][info][gc,load     ] GC(31) O: Load: 1.92 (19%) / 1.82 (18%) / 2.00 (20%)
[2026-01-06T22:08:32.446+0800][15.027s][info][gc,mmu      ] GC(31) O: MMU: 2ms/92.0%, 5ms/96.7%, 10ms/98.4%, 20ms/99.2%, 50ms/99.7%, 100ms/99.8%
[2026-01-06T22:08:32.446+0800][15.027s][info][gc,marking  ] GC(31) O: Mark: 1 stripe(s), 2 proactive flush(es), 1 terminate flush(es), 0 completion(s), 0 continuation(s) 
[2026-01-06T22:08:32.446+0800][15.027s][info][gc,nmethod  ] GC(31) O: NMethods: 41 registered, 34 unregistered
[2026-01-06T22:08:32.446+0800][15.027s][info][gc,metaspace] GC(31) O: Metaspace: 0M used, 0M committed, 1088M reserved
[2026-01-06T22:08:32.446+0800][15.027s][info][gc,ref      ] GC(31) O:                       Encountered   Discovered     Enqueued 
[2026-01-06T22:08:32.446+0800][15.027s][info][gc,ref      ] GC(31) O: Soft References:                1            0            0 
[2026-01-06T22:08:32.446+0800][15.027s][info][gc,ref      ] GC(31) O: Weak References:                6            0            0 
[2026-01-06T22:08:32.446+0800][15.027s][info][gc,ref      ] GC(31) O: Final References:               0            0            0 
[2026-01-06T22:08:32.446+0800][15.027s][info][gc,ref      ] GC(31) O: Phantom References:             1            1            0 
[2026-01-06T22:08:32.446+0800][15.027s][info][gc,reloc    ] GC(31) O:                        Candidates     Selected     In-Place         Size        Empty    Relocated 
[2026-01-06T22:08:32.446+0800][15.027s][info][gc,reloc    ] GC(31) O: Small Pages:                    2            1            0           4M           0M           1M 
[2026-01-06T22:08:32.446+0800][15.027s][info][gc,reloc    ] GC(31) O: Medium Pages:                   0            0            0           0M           0M           0M 
[2026-01-06T22:08:32.446+0800][15.027s][info][gc,reloc    ] GC(31) O: Large Pages:                    0            0            0           0M           0M           0M 
[2026-01-06T22:08:32.446+0800][15.027s][info][gc,reloc    ] GC(31) O: Forwarding Usage: 0M
[2026-01-06T22:08:32.446+0800][15.027s][info][gc,heap     ] GC(31) O: Min Capacity: 8M(0%)
[2026-01-06T22:08:32.446+0800][15.027s][info][gc,heap     ] GC(31) O: Max Capacity: 4096M(100%)
[2026-01-06T22:08:32.446+0800][15.027s][info][gc,heap     ] GC(31) O: Soft Max Capacity: 3686M(90%)
[2026-01-06T22:08:32.446+0800][15.027s][info][gc,heap     ] GC(31) O: Heap Statistics:
[2026-01-06T22:08:32.446+0800][15.027s][info][gc,heap     ] GC(31) O:                Mark Start          Mark End        Relocate Start      Relocate End           High               Low         
[2026-01-06T22:08:32.446+0800][15.027s][info][gc,heap     ] GC(31) O:  Capacity:     3494M (85%)        3494M (85%)        3494M (85%)        3494M (85%)        3494M (85%)        3494M (85%)    
[2026-01-06T22:08:32.446+0800][15.027s][info][gc,heap     ] GC(31) O:      Free:     3100M (76%)        4036M (99%)        4032M (98%)        4022M (98%)        4088M (100%)       3098M (76%)    
[2026-01-06T22:08:32.446+0800][15.027s][info][gc,heap     ] GC(31) O:      Used:      996M (24%)          60M (1%)           64M (2%)           74M (2%)          998M (24%)           8M (0%)     
[2026-01-06T22:08:32.446+0800][15.027s][info][gc,heap     ] GC(31) O: Old Generation Statistics:
[2026-01-06T22:08:32.446+0800][15.027s][info][gc,heap     ] GC(31) O:                Mark Start          Mark End        Relocate Start      Relocate End    
[2026-01-06T22:08:32.446+0800][15.027s][info][gc,heap     ] GC(31) O:      Used:        4M (0%)            4M (0%)            4M (0%)            4M (0%)     
[2026-01-06T22:08:32.446+0800][15.027s][info][gc,heap     ] GC(31) O:      Live:         -                 1M (0%)            1M (0%)            1M (0%)     
[2026-01-06T22:08:32.446+0800][15.027s][info][gc,heap     ] GC(31) O:   Garbage:         -                 2M (0%)            2M (0%)            0M (0%)     
[2026-01-06T22:08:32.446+0800][15.027s][info][gc,heap     ] GC(31) O: Allocated:         -                 0M (0%)            0M (0%)            2M (0%)     
[2026-01-06T22:08:32.446+0800][15.027s][info][gc,heap     ] GC(31) O: Reclaimed:         -                  -                 0M (0%)            2M (0%)     
[2026-01-06T22:08:32.446+0800][15.027s][info][gc,heap     ] GC(31) O: Compacted:         -                  -                  -                 1M (0%)     
[2026-01-06T22:08:32.446+0800][15.027s][info][gc,phases   ] GC(31) O: Old Generation 10M(0%)->74M(2%) 0.003s
[2026-01-06T22:08:32.446+0800][15.027s][info][gc          ] GC(31) Major Collection (Proactive) 996M(24%)->74M(2%) 0.004s
[2026-01-06T22:08:33.141+0800][15.723s][info][gc          ] GC(32) Major Collection (Proactive)
[2026-01-06T22:08:33.141+0800][15.723s][info][gc,task     ] GC(32) Using 1 Workers for Young Generation
[2026-01-06T22:08:33.141+0800][15.723s][info][gc,task     ] GC(32) Using 1 Workers for Old Generation
[2026-01-06T22:08:33.141+0800][15.723s][info][gc,phases   ] GC(32) Y: Young Generation
[2026-01-06T22:08:33.142+0800][15.723s][info][gc,phases   ] GC(32) Y: Pause Mark Start (Major) 0.018ms
[2026-01-06T22:08:33.142+0800][15.724s][info][gc,phases   ] GC(32) Y: Concurrent Mark 0.583ms
[2026-01-06T22:08:33.142+0800][15.724s][info][gc,phases   ] GC(32) Y: Pause Mark End 0.004ms
[2026-01-06T22:08:33.142+0800][15.724s][info][gc,phases   ] GC(32) Y: Concurrent Mark Free 0.008ms
[2026-01-06T22:08:33.142+0800][15.724s][info][gc,phases   ] GC(32) Y: Concurrent Reset Relocation Set 0.000ms
[2026-01-06T22:08:33.147+0800][15.729s][info][gc,reloc    ] GC(32) Y: Using tenuring threshold: 1 (Computed)
[2026-01-06T22:08:33.147+0800][15.729s][info][gc,phases   ] GC(32) Y: Concurrent Select Relocation Set 5.022ms
[2026-01-06T22:08:33.147+0800][15.729s][info][gc,phases   ] GC(32) Y: Pause Relocate Start 0.002ms
[2026-01-06T22:08:33.147+0800][15.729s][info][gc,phases   ] GC(32) Y: Concurrent Relocate 0.012ms
[2026-01-06T22:08:33.147+0800][15.729s][info][gc,alloc    ] GC(32) Y:                         Mark Start        Mark End      Relocate Start    Relocate End   
[2026-01-06T22:08:33.147+0800][15.729s][info][gc,alloc    ] GC(32) Y: Allocation Stalls:          0                0                0                0         
[2026-01-06T22:08:33.147+0800][15.729s][info][gc,load     ] GC(32) Y: Load: 1.92 (19%) / 1.82 (18%) / 2.00 (20%)
[2026-01-06T22:08:33.147+0800][15.729s][info][gc,mmu      ] GC(32) Y: MMU: 2ms/92.0%, 5ms/96.7%, 10ms/98.4%, 20ms/99.2%, 50ms/99.7%, 100ms/99.8%
[2026-01-06T22:08:33.147+0800][15.729s][info][gc,marking  ] GC(32) Y: Mark: 1 stripe(s), 2 proactive flush(es), 1 terminate flush(es), 0 completion(s), 0 continuation(s) 
[2026-01-06T22:08:33.147+0800][15.729s][info][gc,nmethod  ] GC(32) Y: NMethods: 41 registered, 34 unregistered
[2026-01-06T22:08:33.147+0800][15.729s][info][gc,metaspace] GC(32) Y: Metaspace: 0M used, 0M committed, 1088M reserved
[2026-01-06T22:08:33.147+0800][15.729s][info][gc,reloc    ] GC(32) Y:                        Candidates     Selected     In-Place         Size        Empty    Relocated 
[2026-01-06T22:08:33.147+0800][15.729s][info][gc,reloc    ] GC(32) Y: Small Pages:                 1545            0            0        3090M        3088M           0M 
[2026-01-06T22:08:33.147+0800][15.729s][info][gc,reloc    ] GC(32) Y: Medium Pages:                   0            0            0           0M           0M           0M 
[2026-01-06T22:08:33.147+0800][15.729s][info][gc,reloc    ] GC(32) Y: Large Pages:                    0            0            0           0M           0M           0M 
[2026-01-06T22:08:33.147+0800][15.729s][info][gc,reloc    ] GC(32) Y: Forwarding Usage: 0M
[2026-01-06T22:08:33.147+0800][15.729s][info][gc,reloc    ] GC(32) Y: Age Table:
[2026-01-06T22:08:33.147+0800][15.729s][info][gc,reloc    ] GC(32) Y:                    Live             Garbage             Small              Medium             Large        
[2026-01-06T22:08:33.147+0800][15.729s][info][gc,reloc    ] GC(32) Y: Eden               0M (0%)         3087M (75%)       1544 / 0              0 / 0              0 / 0        
[2026-01-06T22:08:33.147+0800][15.729s][info][gc,reloc    ] GC(32) Y: Survivor 1          -                 2M (0%)           1 / 0              0 / 0              0 / 0        
[2026-01-06T22:08:33.147+0800][15.729s][info][gc,heap     ] GC(32) Y: Min Capacity: 8M(0%)
[2026-01-06T22:08:33.147+0800][15.729s][info][gc,heap     ] GC(32) Y: Max Capacity: 4096M(100%)
[2026-01-06T22:08:33.147+0800][15.729s][info][gc,heap     ] GC(32) Y: Soft Max Capacity: 3686M(90%)
[2026-01-06T22:08:33.147+0800][15.729s][info][gc,heap     ] GC(32) Y: Heap Statistics:
[2026-01-06T22:08:33.147+0800][15.729s][info][gc,heap     ] GC(32) Y:                Mark Start          Mark End        Relocate Start      Relocate End           High               Low         
[2026-01-06T22:08:33.147+0800][15.729s][info][gc,heap     ] GC(32) Y:  Capacity:     3494M (85%)        3494M (85%)        3494M (85%)        3494M (85%)        3494M (85%)        3494M (85%)    
[2026-01-06T22:08:33.147+0800][15.729s][info][gc,heap     ] GC(32) Y:      Free:     1002M (24%)         998M (24%)        4074M (99%)        4074M (99%)        4076M (100%)        998M (24%)    
[2026-01-06T22:08:33.147+0800][15.729s][info][gc,heap     ] GC(32) Y:      Used:     3094M (76%)        3098M (76%)          22M (1%)           22M (1%)         3098M (76%)          20M (0%)     
[2026-01-06T22:08:33.147+0800][15.729s][info][gc,heap     ] GC(32) Y: Young Generation Statistics:
[2026-01-06T22:08:33.147+0800][15.729s][info][gc,heap     ] GC(32) Y:                Mark Start          Mark End        Relocate Start      Relocate End    
[2026-01-06T22:08:33.147+0800][15.729s][info][gc,heap     ] GC(32) Y:      Used:     3090M (75%)        3094M (76%)          18M (0%)           18M (0%)     
[2026-01-06T22:08:33.147+0800][15.729s][info][gc,heap     ] GC(32) Y:      Live:         -                 0M (0%)            0M (0%)            0M (0%)     
[2026-01-06T22:08:33.147+0800][15.729s][info][gc,heap     ] GC(32) Y:   Garbage:         -              3089M (75%)           1M (0%)            1M (0%)     
[2026-01-06T22:08:33.147+0800][15.729s][info][gc,heap     ] GC(32) Y: Allocated:         -                 4M (0%)           16M (0%)           16M (0%)     
[2026-01-06T22:08:33.147+0800][15.729s][info][gc,heap     ] GC(32) Y: Reclaimed:         -                  -              3088M (75%)        3088M (75%)    
[2026-01-06T22:08:33.147+0800][15.729s][info][gc,heap     ] GC(32) Y:  Promoted:         -                  -                 0M (0%)            0M (0%)     
[2026-01-06T22:08:33.147+0800][15.729s][info][gc,heap     ] GC(32) Y: Compacted:         -                  -                  -                 0M (0%)     
[2026-01-06T22:08:33.147+0800][15.729s][info][gc,phases   ] GC(32) Y: Young Generation 3094M(76%)->22M(1%) 0.006s
[2026-01-06T22:08:33.147+0800][15.729s][info][gc,phases   ] GC(32) O: Old Generation
[2026-01-06T22:08:33.154+0800][15.735s][info][gc,phases   ] GC(32) O: Concurrent Mark 6.404ms
[2026-01-06T22:08:33.154+0800][15.735s][info][gc,phases   ] GC(32) O: Pause Mark End 0.005ms
[2026-01-06T22:08:33.154+0800][15.735s][info][gc,phases   ] GC(32) O: Concurrent Mark Free 0.001ms
[2026-01-06T22:08:33.154+0800][15.736s][info][gc,phases   ] GC(32) O: Concurrent Process Non-Strong 0.141ms
[2026-01-06T22:08:33.154+0800][15.736s][info][gc,phases   ] GC(32) O: Concurrent Reset Relocation Set 0.005ms
[2026-01-06T22:08:33.154+0800][15.736s][info][gc,phases   ] GC(32) O: Concurrent Select Relocation Set 0.037ms
[2026-01-06T22:08:33.154+0800][15.736s][info][gc,task     ] GC(32) O: Using 2 Workers for Old Generation
[2026-01-06T22:08:33.154+0800][15.736s][info][gc,task     ] GC(32) O: Using 1 Workers for Old Generation
[2026-01-06T22:08:33.154+0800][15.736s][info][gc,phases   ] GC(32) O: Concurrent Remap Roots 0.044ms
[2026-01-06T22:08:33.154+0800][15.736s][info][gc,phases   ] GC(32) O: Pause Relocate Start 0.002ms
[2026-01-06T22:08:33.155+0800][15.737s][info][gc,phases   ] GC(32) O: Concurrent Relocate 1.038ms
[2026-01-06T22:08:33.155+0800][15.737s][info][gc,alloc    ] GC(32) O:                         Mark Start        Mark End      Relocate Start    Relocate End   
[2026-01-06T22:08:33.155+0800][15.737s][info][gc,alloc    ] GC(32) O: Allocation Stalls:          0                0                0                0         
[2026-01-06T22:08:33.155+0800][15.737s][info][gc,load     ] GC(32) O: Load: 1.92 (19%) / 1.82 (18%) / 2.00 (20%)
[2026-01-06T22:08:33.155+0800][15.737s][info][gc,mmu      ] GC(32) O: MMU: 2ms/92.0%, 5ms/96.7%, 10ms/98.4%, 20ms/99.2%, 50ms/99.7%, 100ms/99.8%
[2026-01-06T22:08:33.155+0800][15.737s][info][gc,marking  ] GC(32) O: Mark: 1 stripe(s), 2 proactive flush(es), 1 terminate flush(es), 0 completion(s), 0 continuation(s) 
[2026-01-06T22:08:33.155+0800][15.737s][info][gc,nmethod  ] GC(32) O: NMethods: 41 registered, 34 unregistered
[2026-01-06T22:08:33.155+0800][15.737s][info][gc,metaspace] GC(32) O: Metaspace: 0M used, 0M committed, 1088M reserved
[2026-01-06T22:08:33.155+0800][15.737s][info][gc,ref      ] GC(32) O:                       Encountered   Discovered     Enqueued 
[2026-01-06T22:08:33.155+0800][15.737s][info][gc,ref      ] GC(32) O: Soft References:                1            0            0 
[2026-01-06T22:08:33.155+0800][15.737s][info][gc,ref      ] GC(32) O: Weak References:                6            0            0 
[2026-01-06T22:08:33.155+0800][15.737s][info][gc,ref      ] GC(32) O: Final References:               0            0            0 
[2026-01-06T22:08:33.155+0800][15.737s][info][gc,ref      ] GC(32) O: Phantom References:             1            1            0 
[2026-01-06T22:08:33.155+0800][15.737s][info][gc,reloc    ] GC(32) O:                        Candidates     Selected     In-Place         Size        Empty    Relocated 
[2026-01-06T22:08:33.155+0800][15.737s][info][gc,reloc    ] GC(32) O: Small Pages:                    2            1            0           4M           0M           1M 
[2026-01-06T22:08:33.155+0800][15.737s][info][gc,reloc    ] GC(32) O: Medium Pages:                   0            0            0           0M           0M           0M 
[2026-01-06T22:08:33.155+0800][15.737s][info][gc,reloc    ] GC(32) O: Large Pages:                    0            0            0           0M           0M           0M 
[2026-01-06T22:08:33.155+0800][15.737s][info][gc,reloc    ] GC(32) O: Forwarding Usage: 0M
[2026-01-06T22:08:33.155+0800][15.737s][info][gc,heap     ] GC(32) O: Min Capacity: 8M(0%)
[2026-01-06T22:08:33.155+0800][15.737s][info][gc,heap     ] GC(32) O: Max Capacity: 4096M(100%)
[2026-01-06T22:08:33.155+0800][15.737s][info][gc,heap     ] GC(32) O: Soft Max Capacity: 3686M(90%)
[2026-01-06T22:08:33.155+0800][15.737s][info][gc,heap     ] GC(32) O: Heap Statistics:
[2026-01-06T22:08:33.155+0800][15.737s][info][gc,heap     ] GC(32) O:                Mark Start          Mark End        Relocate Start      Relocate End           High               Low         
[2026-01-06T22:08:33.155+0800][15.737s][info][gc,heap     ] GC(32) O:  Capacity:     3494M (85%)        3494M (85%)        3494M (85%)        3494M (85%)        3494M (85%)        3494M (85%)    
[2026-01-06T22:08:33.155+0800][15.737s][info][gc,heap     ] GC(32) O:      Free:     1002M (24%)        4062M (99%)        4060M (99%)        4056M (99%)        4076M (100%)        998M (24%)    
[2026-01-06T22:08:33.155+0800][15.737s][info][gc,heap     ] GC(32) O:      Used:     3094M (76%)          34M (1%)           36M (1%)           40M (1%)         3098M (76%)          20M (0%)     
[2026-01-06T22:08:33.155+0800][15.737s][info][gc,heap     ] GC(32) O: Old Generation Statistics:
[2026-01-06T22:08:33.155+0800][15.737s][info][gc,heap     ] GC(32) O:                Mark Start          Mark End        Relocate Start      Relocate End    
[2026-01-06T22:08:33.155+0800][15.737s][info][gc,heap     ] GC(32) O:      Used:        4M (0%)            4M (0%)            4M (0%)            4M (0%)     
[2026-01-06T22:08:33.155+0800][15.737s][info][gc,heap     ] GC(32) O:      Live:         -                 1M (0%)            1M (0%)            1M (0%)     
[2026-01-06T22:08:33.155+0800][15.737s][info][gc,heap     ] GC(32) O:   Garbage:         -                 2M (0%)            2M (0%)            0M (0%)     
[2026-01-06T22:08:33.155+0800][15.737s][info][gc,heap     ] GC(32) O: Allocated:         -                 0M (0%)            0M (0%)            2M (0%)     
[2026-01-06T22:08:33.155+0800][15.737s][info][gc,heap     ] GC(32) O: Reclaimed:         -                  -                 0M (0%)            2M (0%)     
[2026-01-06T22:08:33.155+0800][15.737s][info][gc,heap     ] GC(32) O: Compacted:         -                  -                  -                 1M (0%)     
[2026-01-06T22:08:33.155+0800][15.737s][info][gc,phases   ] GC(32) O: Old Generation 22M(1%)->40M(1%) 0.008s
[2026-01-06T22:08:33.155+0800][15.737s][info][gc          ] GC(32) Major Collection (Proactive) 3094M(76%)->42M(1%) 0.014s
[2026-01-06T22:08:34.028+0800][16.610s][info][gc          ] GC(33) Minor Collection (High Usage)
[2026-01-06T22:08:34.028+0800][16.610s][info][gc,task     ] GC(33) Using 1 Workers for Young Generation
[2026-01-06T22:08:34.028+0800][16.610s][info][gc,phases   ] GC(33) y: Young Generation
[2026-01-06T22:08:34.028+0800][16.610s][info][gc,phases   ] GC(33) y: Pause Mark Start 0.016ms
[2026-01-06T22:08:34.029+0800][16.610s][info][gc,phases   ] GC(33) y: Concurrent Mark 0.554ms
[2026-01-06T22:08:34.029+0800][16.611s][info][gc,phases   ] GC(33) y: Pause Mark End 0.003ms
[2026-01-06T22:08:34.029+0800][16.611s][info][gc,phases   ] GC(33) y: Concurrent Mark Free 0.004ms
[2026-01-06T22:08:34.029+0800][16.611s][info][gc,phases   ] GC(33) y: Concurrent Reset Relocation Set 0.000ms
[2026-01-06T22:08:34.033+0800][16.614s][info][gc,reloc    ] GC(33) y: Using tenuring threshold: 1 (Computed)
[2026-01-06T22:08:34.033+0800][16.615s][info][gc,phases   ] GC(33) y: Concurrent Select Relocation Set 3.951ms
[2026-01-06T22:08:34.033+0800][16.615s][info][gc,phases   ] GC(33) y: Pause Relocate Start 0.002ms
[2026-01-06T22:08:34.033+0800][16.615s][info][gc,phases   ] GC(33) y: Concurrent Relocate 0.010ms
[2026-01-06T22:08:34.033+0800][16.615s][info][gc,alloc    ] GC(33) y:                         Mark Start        Mark End      Relocate Start    Relocate End   
[2026-01-06T22:08:34.033+0800][16.615s][info][gc,alloc    ] GC(33) y: Allocation Stalls:          0                0                0                0         
[2026-01-06T22:08:34.033+0800][16.615s][info][gc,load     ] GC(33) y: Load: 1.92 (19%) / 1.82 (18%) / 2.00 (20%)
[2026-01-06T22:08:34.033+0800][16.615s][info][gc,mmu      ] GC(33) y: MMU: 2ms/92.0%, 5ms/96.7%, 10ms/98.4%, 20ms/99.2%, 50ms/99.7%, 100ms/99.8%
[2026-01-06T22:08:34.033+0800][16.615s][info][gc,marking  ] GC(33) y: Mark: 1 stripe(s), 2 proactive flush(es), 1 terminate flush(es), 0 completion(s), 0 continuation(s) 
[2026-01-06T22:08:34.033+0800][16.615s][info][gc,nmethod  ] GC(33) y: NMethods: 41 registered, 34 unregistered
[2026-01-06T22:08:34.033+0800][16.615s][info][gc,metaspace] GC(33) y: Metaspace: 0M used, 0M committed, 1088M reserved
[2026-01-06T22:08:34.033+0800][16.615s][info][gc,reloc    ] GC(33) y:                        Candidates     Selected     In-Place         Size        Empty    Relocated 
[2026-01-06T22:08:34.033+0800][16.615s][info][gc,reloc    ] GC(33) y: Small Pages:                 1740            0            0        3480M        3478M           0M 
[2026-01-06T22:08:34.033+0800][16.615s][info][gc,reloc    ] GC(33) y: Medium Pages:                   0            0            0           0M           0M           0M 
[2026-01-06T22:08:34.033+0800][16.615s][info][gc,reloc    ] GC(33) y: Large Pages:                    0            0            0           0M           0M           0M 
[2026-01-06T22:08:34.033+0800][16.615s][info][gc,reloc    ] GC(33) y: Forwarding Usage: 0M
[2026-01-06T22:08:34.033+0800][16.615s][info][gc,reloc    ] GC(33) y: Age Table:
[2026-01-06T22:08:34.033+0800][16.615s][info][gc,reloc    ] GC(33) y:                    Live             Garbage             Small              Medium             Large        
[2026-01-06T22:08:34.033+0800][16.615s][info][gc,reloc    ] GC(33) y: Eden               0M (0%)         3477M (85%)       1739 / 0              0 / 0              0 / 0        
[2026-01-06T22:08:34.033+0800][16.615s][info][gc,reloc    ] GC(33) y: Survivor 1          -                 2M (0%)           1 / 0              0 / 0              0 / 0        
[2026-01-06T22:08:34.033+0800][16.615s][info][gc,heap     ] GC(33) y: Min Capacity: 8M(0%)
[2026-01-06T22:08:34.033+0800][16.615s][info][gc,heap     ] GC(33) y: Max Capacity: 4096M(100%)
[2026-01-06T22:08:34.033+0800][16.615s][info][gc,heap     ] GC(33) y: Soft Max Capacity: 3686M(90%)
[2026-01-06T22:08:34.033+0800][16.615s][info][gc,heap     ] GC(33) y: Heap Statistics:
[2026-01-06T22:08:34.033+0800][16.615s][info][gc,heap     ] GC(33) y:                Mark Start          Mark End        Relocate Start      Relocate End           High               Low         
[2026-01-06T22:08:34.033+0800][16.615s][info][gc,heap     ] GC(33) y:  Capacity:     3494M (85%)        3494M (85%)        3494M (85%)        3494M (85%)        3494M (85%)        3494M (85%)    
[2026-01-06T22:08:34.033+0800][16.615s][info][gc,heap     ] GC(33) y:      Free:      612M (15%)         608M (15%)        4076M (100%)       4076M (100%)       4076M (100%)        608M (15%)    
[2026-01-06T22:08:34.033+0800][16.615s][info][gc,heap     ] GC(33) y:      Used:     3484M (85%)        3488M (85%)          20M (0%)           20M (0%)         3488M (85%)          20M (0%)     
[2026-01-06T22:08:34.033+0800][16.615s][info][gc,heap     ] GC(33) y: Young Generation Statistics:
[2026-01-06T22:08:34.033+0800][16.615s][info][gc,heap     ] GC(33) y:                Mark Start          Mark End        Relocate Start      Relocate End    
[2026-01-06T22:08:34.033+0800][16.615s][info][gc,heap     ] GC(33) y:      Used:     3480M (85%)        3484M (85%)          16M (0%)           16M (0%)     
[2026-01-06T22:08:34.033+0800][16.615s][info][gc,heap     ] GC(33) y:      Live:         -                 0M (0%)            0M (0%)            0M (0%)     
[2026-01-06T22:08:34.033+0800][16.615s][info][gc,heap     ] GC(33) y:   Garbage:         -              3479M (85%)           1M (0%)            1M (0%)     
[2026-01-06T22:08:34.033+0800][16.615s][info][gc,heap     ] GC(33) y: Allocated:         -                 4M (0%)           14M (0%)           14M (0%)     
[2026-01-06T22:08:34.033+0800][16.615s][info][gc,heap     ] GC(33) y: Reclaimed:         -                  -              3478M (85%)        3478M (85%)    
[2026-01-06T22:08:34.033+0800][16.615s][info][gc,heap     ] GC(33) y:  Promoted:         -                  -                 0M (0%)            0M (0%)     
[2026-01-06T22:08:34.033+0800][16.615s][info][gc,heap     ] GC(33) y: Compacted:         -                  -                  -                 0M (0%)     
[2026-01-06T22:08:34.033+0800][16.615s][info][gc,phases   ] GC(33) y: Young Generation 3484M(85%)->20M(0%) 0.005s
[2026-01-06T22:08:34.033+0800][16.615s][info][gc          ] GC(33) Minor Collection (High Usage) 3484M(85%)->20M(0%) 0.005s
[2026-01-06T22:08:34.210+0800][16.792s][info][gc          ] GC(34) Major Collection (Proactive)
[2026-01-06T22:08:34.210+0800][16.792s][info][gc,task     ] GC(34) Using 1 Workers for Young Generation
[2026-01-06T22:08:34.210+0800][16.792s][info][gc,task     ] GC(34) Using 1 Workers for Old Generation
[2026-01-06T22:08:34.211+0800][16.792s][info][gc,phases   ] GC(34) Y: Young Generation
[2026-01-06T22:08:34.211+0800][16.792s][info][gc,phases   ] GC(34) Y: Pause Mark Start (Major) 0.008ms
[2026-01-06T22:08:34.211+0800][16.792s][info][gc,phases   ] GC(34) Y: Concurrent Mark 0.189ms
[2026-01-06T22:08:34.211+0800][16.792s][info][gc,phases   ] GC(34) Y: Pause Mark End 0.003ms
[2026-01-06T22:08:34.211+0800][16.792s][info][gc,phases   ] GC(34) Y: Concurrent Mark Free 0.000ms
[2026-01-06T22:08:34.211+0800][16.792s][info][gc,phases   ] GC(34) Y: Concurrent Reset Relocation Set 0.000ms
[2026-01-06T22:08:34.211+0800][16.792s][info][gc,reloc    ] GC(34) Y: Using tenuring threshold: 1 (Computed)
[2026-01-06T22:08:34.211+0800][16.792s][info][gc,phases   ] GC(34) Y: Concurrent Select Relocation Set 0.121ms
[2026-01-06T22:08:34.211+0800][16.793s][info][gc,phases   ] GC(34) Y: Pause Relocate Start 0.001ms
[2026-01-06T22:08:34.211+0800][16.793s][info][gc,phases   ] GC(34) Y: Concurrent Relocate 0.010ms
[2026-01-06T22:08:34.211+0800][16.793s][info][gc,alloc    ] GC(34) Y:                         Mark Start        Mark End      Relocate Start    Relocate End   
[2026-01-06T22:08:34.211+0800][16.793s][info][gc,alloc    ] GC(34) Y: Allocation Stalls:          0                0                0                0         
[2026-01-06T22:08:34.211+0800][16.793s][info][gc,load     ] GC(34) Y: Load: 1.92 (19%) / 1.82 (18%) / 2.00 (20%)
[2026-01-06T22:08:34.211+0800][16.793s][info][gc,mmu      ] GC(34) Y: MMU: 2ms/92.0%, 5ms/96.7%, 10ms/98.4%, 20ms/99.2%, 50ms/99.7%, 100ms/99.8%
[2026-01-06T22:08:34.211+0800][16.793s][info][gc,marking  ] GC(34) Y: Mark: 1 stripe(s), 2 proactive flush(es), 1 terminate flush(es), 0 completion(s), 0 continuation(s) 
[2026-01-06T22:08:34.211+0800][16.793s][info][gc,nmethod  ] GC(34) Y: NMethods: 41 registered, 34 unregistered
[2026-01-06T22:08:34.211+0800][16.793s][info][gc,metaspace] GC(34) Y: Metaspace: 0M used, 0M committed, 1088M reserved
[2026-01-06T22:08:34.211+0800][16.793s][info][gc,reloc    ] GC(34) Y:                        Candidates     Selected     In-Place         Size        Empty    Relocated 
[2026-01-06T22:08:34.211+0800][16.793s][info][gc,reloc    ] GC(34) Y: Small Pages:                  451            0            0         902M         900M           0M 
[2026-01-06T22:08:34.211+0800][16.793s][info][gc,reloc    ] GC(34) Y: Medium Pages:                   0            0            0           0M           0M           0M 
[2026-01-06T22:08:34.211+0800][16.793s][info][gc,reloc    ] GC(34) Y: Large Pages:                    0            0            0           0M           0M           0M 
[2026-01-06T22:08:34.211+0800][16.793s][info][gc,reloc    ] GC(34) Y: Forwarding Usage: 0M
[2026-01-06T22:08:34.211+0800][16.793s][info][gc,reloc    ] GC(34) Y: Age Table:
[2026-01-06T22:08:34.211+0800][16.793s][info][gc,reloc    ] GC(34) Y:                    Live             Garbage             Small              Medium             Large        
[2026-01-06T22:08:34.211+0800][16.793s][info][gc,reloc    ] GC(34) Y: Eden               0M (0%)          899M (22%)        450 / 0              0 / 0              0 / 0        
[2026-01-06T22:08:34.211+0800][16.793s][info][gc,reloc    ] GC(34) Y: Survivor 1          -                 2M (0%)           1 / 0              0 / 0              0 / 0        
[2026-01-06T22:08:34.211+0800][16.793s][info][gc,heap     ] GC(34) Y: Min Capacity: 8M(0%)
[2026-01-06T22:08:34.211+0800][16.793s][info][gc,heap     ] GC(34) Y: Max Capacity: 4096M(100%)
[2026-01-06T22:08:34.211+0800][16.793s][info][gc,heap     ] GC(34) Y: Soft Max Capacity: 3686M(90%)
[2026-01-06T22:08:34.211+0800][16.793s][info][gc,heap     ] GC(34) Y: Heap Statistics:
[2026-01-06T22:08:34.211+0800][16.793s][info][gc,heap     ] GC(34) Y:                Mark Start          Mark End        Relocate Start      Relocate End           High               Low         
[2026-01-06T22:08:34.211+0800][16.793s][info][gc,heap     ] GC(34) Y:  Capacity:     3494M (85%)        3494M (85%)        3494M (85%)        3494M (85%)        3494M (85%)        3494M (85%)    
[2026-01-06T22:08:34.211+0800][16.793s][info][gc,heap     ] GC(34) Y:      Free:     3190M (78%)        3188M (78%)        4086M (100%)       4086M (100%)       4086M (100%)       3188M (78%)    
[2026-01-06T22:08:34.211+0800][16.793s][info][gc,heap     ] GC(34) Y:      Used:      906M (22%)         908M (22%)          10M (0%)           10M (0%)          908M (22%)          10M (0%)     
[2026-01-06T22:08:34.211+0800][16.793s][info][gc,heap     ] GC(34) Y: Young Generation Statistics:
[2026-01-06T22:08:34.211+0800][16.793s][info][gc,heap     ] GC(34) Y:                Mark Start          Mark End        Relocate Start      Relocate End    
[2026-01-06T22:08:34.211+0800][16.793s][info][gc,heap     ] GC(34) Y:      Used:      902M (22%)         904M (22%)           6M (0%)            6M (0%)     
[2026-01-06T22:08:34.211+0800][16.793s][info][gc,heap     ] GC(34) Y:      Live:         -                 0M (0%)            0M (0%)            0M (0%)     
[2026-01-06T22:08:34.211+0800][16.793s][info][gc,heap     ] GC(34) Y:   Garbage:         -               901M (22%)           1M (0%)            1M (0%)     
[2026-01-06T22:08:34.211+0800][16.793s][info][gc,heap     ] GC(34) Y: Allocated:         -                 2M (0%)            4M (0%)            4M (0%)     
[2026-01-06T22:08:34.211+0800][16.793s][info][gc,heap     ] GC(34) Y: Reclaimed:         -                  -               900M (22%)         900M (22%)    
[2026-01-06T22:08:34.211+0800][16.793s][info][gc,heap     ] GC(34) Y:  Promoted:         -                  -                 0M (0%)            0M (0%)     
[2026-01-06T22:08:34.211+0800][16.793s][info][gc,heap     ] GC(34) Y: Compacted:         -                  -                  -                 0M (0%)     
[2026-01-06T22:08:34.211+0800][16.793s][info][gc,phases   ] GC(34) Y: Young Generation 906M(22%)->10M(0%) 0.000s
[2026-01-06T22:08:34.211+0800][16.793s][info][gc,phases   ] GC(34) O: Old Generation
[2026-01-06T22:08:34.213+0800][16.795s][info][gc,phases   ] GC(34) O: Concurrent Mark 2.354ms
[2026-01-06T22:08:34.213+0800][16.795s][info][gc,phases   ] GC(34) O: Pause Mark End 0.003ms
[2026-01-06T22:08:34.213+0800][16.795s][info][gc,phases   ] GC(34) O: Concurrent Mark Free 0.001ms
[2026-01-06T22:08:34.214+0800][16.795s][info][gc,phases   ] GC(34) O: Concurrent Process Non-Strong 0.148ms
[2026-01-06T22:08:34.214+0800][16.795s][info][gc,phases   ] GC(34) O: Concurrent Reset Relocation Set 0.005ms
[2026-01-06T22:08:34.214+0800][16.795s][info][gc,phases   ] GC(34) O: Concurrent Select Relocation Set 0.037ms
[2026-01-06T22:08:34.214+0800][16.795s][info][gc,task     ] GC(34) O: Using 2 Workers for Old Generation
[2026-01-06T22:08:34.214+0800][16.795s][info][gc,task     ] GC(34) O: Using 1 Workers for Old Generation
[2026-01-06T22:08:34.214+0800][16.795s][info][gc,phases   ] GC(34) O: Concurrent Remap Roots 0.042ms
[2026-01-06T22:08:34.214+0800][16.795s][info][gc,phases   ] GC(34) O: Pause Relocate Start 0.004ms
[2026-01-06T22:08:34.214+0800][16.796s][info][gc,phases   ] GC(34) O: Concurrent Relocate 0.620ms
[2026-01-06T22:08:34.214+0800][16.796s][info][gc,alloc    ] GC(34) O:                         Mark Start        Mark End      Relocate Start    Relocate End   
[2026-01-06T22:08:34.214+0800][16.796s][info][gc,alloc    ] GC(34) O: Allocation Stalls:          0                0                0                0         
[2026-01-06T22:08:34.214+0800][16.796s][info][gc,load     ] GC(34) O: Load: 1.92 (19%) / 1.82 (18%) / 2.00 (20%)
[2026-01-06T22:08:34.214+0800][16.796s][info][gc,mmu      ] GC(34) O: MMU: 2ms/92.0%, 5ms/96.7%, 10ms/98.4%, 20ms/99.2%, 50ms/99.7%, 100ms/99.8%
[2026-01-06T22:08:34.214+0800][16.796s][info][gc,marking  ] GC(34) O: Mark: 1 stripe(s), 2 proactive flush(es), 1 terminate flush(es), 0 completion(s), 0 continuation(s) 
[2026-01-06T22:08:34.214+0800][16.796s][info][gc,nmethod  ] GC(34) O: NMethods: 41 registered, 34 unregistered
[2026-01-06T22:08:34.214+0800][16.796s][info][gc,metaspace] GC(34) O: Metaspace: 0M used, 0M committed, 1088M reserved
[2026-01-06T22:08:34.214+0800][16.796s][info][gc,ref      ] GC(34) O:                       Encountered   Discovered     Enqueued 
[2026-01-06T22:08:34.214+0800][16.796s][info][gc,ref      ] GC(34) O: Soft References:                1            0            0 
[2026-01-06T22:08:34.214+0800][16.796s][info][gc,ref      ] GC(34) O: Weak References:                6            0            0 
[2026-01-06T22:08:34.214+0800][16.796s][info][gc,ref      ] GC(34) O: Final References:               0            0            0 
[2026-01-06T22:08:34.214+0800][16.796s][info][gc,ref      ] GC(34) O: Phantom References:             1            1            0 
[2026-01-06T22:08:34.214+0800][16.796s][info][gc,reloc    ] GC(34) O:                        Candidates     Selected     In-Place         Size        Empty    Relocated 
[2026-01-06T22:08:34.214+0800][16.796s][info][gc,reloc    ] GC(34) O: Small Pages:                    2            1            0           4M           0M           1M 
[2026-01-06T22:08:34.214+0800][16.796s][info][gc,reloc    ] GC(34) O: Medium Pages:                   0            0            0           0M           0M           0M 
[2026-01-06T22:08:34.214+0800][16.796s][info][gc,reloc    ] GC(34) O: Large Pages:                    0            0            0           0M           0M           0M 
[2026-01-06T22:08:34.214+0800][16.796s][info][gc,reloc    ] GC(34) O: Forwarding Usage: 0M
[2026-01-06T22:08:34.214+0800][16.796s][info][gc,heap     ] GC(34) O: Min Capacity: 8M(0%)
[2026-01-06T22:08:34.214+0800][16.796s][info][gc,heap     ] GC(34) O: Max Capacity: 4096M(100%)
[2026-01-06T22:08:34.214+0800][16.796s][info][gc,heap     ] GC(34) O: Soft Max Capacity: 3686M(90%)
[2026-01-06T22:08:34.214+0800][16.796s][info][gc,heap     ] GC(34) O: Heap Statistics:
[2026-01-06T22:08:34.214+0800][16.796s][info][gc,heap     ] GC(34) O:                Mark Start          Mark End        Relocate Start      Relocate End           High               Low         
[2026-01-06T22:08:34.214+0800][16.796s][info][gc,heap     ] GC(34) O:  Capacity:     3494M (85%)        3494M (85%)        3494M (85%)        3494M (85%)        3494M (85%)        3494M (85%)    
[2026-01-06T22:08:34.214+0800][16.796s][info][gc,heap     ] GC(34) O:      Free:     3190M (78%)        4036M (99%)        4032M (98%)        4022M (98%)        4086M (100%)       3188M (78%)    
[2026-01-06T22:08:34.214+0800][16.796s][info][gc,heap     ] GC(34) O:      Used:      906M (22%)          60M (1%)           64M (2%)           74M (2%)          908M (22%)          10M (0%)     
[2026-01-06T22:08:34.214+0800][16.796s][info][gc,heap     ] GC(34) O: Old Generation Statistics:
[2026-01-06T22:08:34.214+0800][16.796s][info][gc,heap     ] GC(34) O:                Mark Start          Mark End        Relocate Start      Relocate End    
[2026-01-06T22:08:34.214+0800][16.796s][info][gc,heap     ] GC(34) O:      Used:        4M (0%)            4M (0%)            4M (0%)            4M (0%)     
[2026-01-06T22:08:34.214+0800][16.796s][info][gc,heap     ] GC(34) O:      Live:         -                 1M (0%)            1M (0%)            1M (0%)     
[2026-01-06T22:08:34.214+0800][16.796s][info][gc,heap     ] GC(34) O:   Garbage:         -                 2M (0%)            2M (0%)            0M (0%)     
[2026-01-06T22:08:34.214+0800][16.796s][info][gc,heap     ] GC(34) O: Allocated:         -                 0M (0%)            0M (0%)            2M (0%)     
[2026-01-06T22:08:34.214+0800][16.796s][info][gc,heap     ] GC(34) O: Reclaimed:         -                  -                 0M (0%)            2M (0%)     
[2026-01-06T22:08:34.214+0800][16.796s][info][gc,heap     ] GC(34) O: Compacted:         -                  -                  -                 1M (0%)     
[2026-01-06T22:08:34.214+0800][16.796s][info][gc,phases   ] GC(34) O: Old Generation 12M(0%)->74M(2%) 0.003s
[2026-01-06T22:08:34.215+0800][16.796s][info][gc          ] GC(34) Major Collection (Proactive) 906M(22%)->76M(2%) 0.004s
[2026-01-06T22:08:34.941+0800][17.522s][info][gc          ] GC(35) Minor Collection (High Usage)
[2026-01-06T22:08:34.941+0800][17.522s][info][gc,task     ] GC(35) Using 1 Workers for Young Generation
[2026-01-06T22:08:34.941+0800][17.522s][info][gc,phases   ] GC(35) y: Young Generation
[2026-01-06T22:08:34.941+0800][17.522s][info][gc,phases   ] GC(35) y: Pause Mark Start 0.012ms
[2026-01-06T22:08:34.945+0800][17.527s][info][gc,phases   ] GC(35) y: Concurrent Mark 4.374ms
[2026-01-06T22:08:34.945+0800][17.527s][info][gc,phases   ] GC(35) y: Pause Mark End 0.005ms
[2026-01-06T22:08:34.945+0800][17.527s][info][gc,phases   ] GC(35) y: Concurrent Mark Free 0.003ms
[2026-01-06T22:08:34.945+0800][17.527s][info][gc,phases   ] GC(35) y: Concurrent Reset Relocation Set 0.000ms
[2026-01-06T22:08:34.948+0800][17.529s][info][gc,reloc    ] GC(35) y: Using tenuring threshold: 1 (Computed)
[2026-01-06T22:08:34.948+0800][17.529s][info][gc,phases   ] GC(35) y: Concurrent Select Relocation Set 2.411ms
[2026-01-06T22:08:34.948+0800][17.529s][info][gc,phases   ] GC(35) y: Pause Relocate Start 0.001ms
[2026-01-06T22:08:34.948+0800][17.529s][info][gc,phases   ] GC(35) y: Concurrent Relocate 0.014ms
[2026-01-06T22:08:34.948+0800][17.529s][info][gc,alloc    ] GC(35) y:                         Mark Start        Mark End      Relocate Start    Relocate End   
[2026-01-06T22:08:34.948+0800][17.529s][info][gc,alloc    ] GC(35) y: Allocation Stalls:          0                0                0                0         
[2026-01-06T22:08:34.948+0800][17.529s][info][gc,load     ] GC(35) y: Load: 1.92 (19%) / 1.82 (18%) / 2.00 (20%)
[2026-01-06T22:08:34.948+0800][17.529s][info][gc,mmu      ] GC(35) y: MMU: 2ms/92.0%, 5ms/96.7%, 10ms/98.4%, 20ms/99.2%, 50ms/99.7%, 100ms/99.8%
[2026-01-06T22:08:34.948+0800][17.529s][info][gc,marking  ] GC(35) y: Mark: 1 stripe(s), 2 proactive flush(es), 1 terminate flush(es), 0 completion(s), 0 continuation(s) 
[2026-01-06T22:08:34.948+0800][17.529s][info][gc,nmethod  ] GC(35) y: NMethods: 41 registered, 34 unregistered
[2026-01-06T22:08:34.948+0800][17.529s][info][gc,metaspace] GC(35) y: Metaspace: 0M used, 0M committed, 1088M reserved
[2026-01-06T22:08:34.948+0800][17.529s][info][gc,reloc    ] GC(35) y:                        Candidates     Selected     In-Place         Size        Empty    Relocated 
[2026-01-06T22:08:34.948+0800][17.529s][info][gc,reloc    ] GC(35) y: Small Pages:                 1740            0            0        3480M        3478M           0M 
[2026-01-06T22:08:34.948+0800][17.529s][info][gc,reloc    ] GC(35) y: Medium Pages:                   0            0            0           0M           0M           0M 
[2026-01-06T22:08:34.948+0800][17.529s][info][gc,reloc    ] GC(35) y: Large Pages:                    0            0            0           0M           0M           0M 
[2026-01-06T22:08:34.948+0800][17.529s][info][gc,reloc    ] GC(35) y: Forwarding Usage: 0M
[2026-01-06T22:08:34.948+0800][17.529s][info][gc,reloc    ] GC(35) y: Age Table:
[2026-01-06T22:08:34.948+0800][17.529s][info][gc,reloc    ] GC(35) y:                    Live             Garbage             Small              Medium             Large        
[2026-01-06T22:08:34.948+0800][17.529s][info][gc,reloc    ] GC(35) y: Eden               0M (0%)         3477M (85%)       1739 / 0              0 / 0              0 / 0        
[2026-01-06T22:08:34.948+0800][17.529s][info][gc,reloc    ] GC(35) y: Survivor 1          -                 2M (0%)           1 / 0              0 / 0              0 / 0        
[2026-01-06T22:08:34.948+0800][17.529s][info][gc,heap     ] GC(35) y: Min Capacity: 8M(0%)
[2026-01-06T22:08:34.948+0800][17.529s][info][gc,heap     ] GC(35) y: Max Capacity: 4096M(100%)
[2026-01-06T22:08:34.948+0800][17.529s][info][gc,heap     ] GC(35) y: Soft Max Capacity: 3686M(90%)
[2026-01-06T22:08:34.948+0800][17.529s][info][gc,heap     ] GC(35) y: Heap Statistics:
[2026-01-06T22:08:34.948+0800][17.529s][info][gc,heap     ] GC(35) y:                Mark Start          Mark End        Relocate Start      Relocate End           High               Low         
[2026-01-06T22:08:34.948+0800][17.529s][info][gc,heap     ] GC(35) y:  Capacity:     3494M (85%)        3494M (85%)        3494M (85%)        3494M (85%)        3494M (85%)        3494M (85%)    
[2026-01-06T22:08:34.948+0800][17.529s][info][gc,heap     ] GC(35) y:      Free:      612M (15%)         608M (15%)        4078M (100%)       4078M (100%)       4078M (100%)        608M (15%)    
[2026-01-06T22:08:34.948+0800][17.529s][info][gc,heap     ] GC(35) y:      Used:     3484M (85%)        3488M (85%)          18M (0%)           18M (0%)         3488M (85%)          18M (0%)     
[2026-01-06T22:08:34.948+0800][17.529s][info][gc,heap     ] GC(35) y: Young Generation Statistics:
[2026-01-06T22:08:34.948+0800][17.529s][info][gc,heap     ] GC(35) y:                Mark Start          Mark End        Relocate Start      Relocate End    
[2026-01-06T22:08:34.948+0800][17.529s][info][gc,heap     ] GC(35) y:      Used:     3480M (85%)        3484M (85%)          14M (0%)           14M (0%)     
[2026-01-06T22:08:34.948+0800][17.529s][info][gc,heap     ] GC(35) y:      Live:         -                 0M (0%)            0M (0%)            0M (0%)     
[2026-01-06T22:08:34.948+0800][17.529s][info][gc,heap     ] GC(35) y:   Garbage:         -              3479M (85%)           1M (0%)            1M (0%)     
[2026-01-06T22:08:34.948+0800][17.529s][info][gc,heap     ] GC(35) y: Allocated:         -                 4M (0%)           12M (0%)           12M (0%)     
[2026-01-06T22:08:34.948+0800][17.529s][info][gc,heap     ] GC(35) y: Reclaimed:         -                  -              3478M (85%)        3478M (85%)    
[2026-01-06T22:08:34.948+0800][17.529s][info][gc,heap     ] GC(35) y:  Promoted:         -                  -                 0M (0%)            0M (0%)     
[2026-01-06T22:08:34.948+0800][17.529s][info][gc,heap     ] GC(35) y: Compacted:         -                  -                  -                 0M (0%)     
[2026-01-06T22:08:34.948+0800][17.529s][info][gc,phases   ] GC(35) y: Young Generation 3484M(85%)->18M(0%) 0.007s
[2026-01-06T22:08:34.948+0800][17.529s][info][gc          ] GC(35) Minor Collection (High Usage) 3484M(85%)->18M(0%) 0.007s
[2026-01-06T22:08:35.491+0800][18.073s][info][gc          ] GC(36) Major Collection (Proactive)
[2026-01-06T22:08:35.491+0800][18.073s][info][gc,task     ] GC(36) Using 1 Workers for Young Generation
[2026-01-06T22:08:35.491+0800][18.073s][info][gc,task     ] GC(36) Using 1 Workers for Old Generation
[2026-01-06T22:08:35.491+0800][18.073s][info][gc,phases   ] GC(36) Y: Young Generation
[2026-01-06T22:08:35.491+0800][18.073s][info][gc,phases   ] GC(36) Y: Pause Mark Start (Major) 0.020ms
[2026-01-06T22:08:35.492+0800][18.073s][info][gc,phases   ] GC(36) Y: Concurrent Mark 0.309ms
[2026-01-06T22:08:35.492+0800][18.073s][info][gc,phases   ] GC(36) Y: Pause Mark End 0.003ms
[2026-01-06T22:08:35.492+0800][18.073s][info][gc,phases   ] GC(36) Y: Concurrent Mark Free 0.001ms
[2026-01-06T22:08:35.492+0800][18.073s][info][gc,phases   ] GC(36) Y: Concurrent Reset Relocation Set 0.000ms
[2026-01-06T22:08:35.493+0800][18.074s][info][gc,reloc    ] GC(36) Y: Using tenuring threshold: 1 (Computed)
[2026-01-06T22:08:35.493+0800][18.074s][info][gc,phases   ] GC(36) Y: Concurrent Select Relocation Set 1.157ms
[2026-01-06T22:08:35.493+0800][18.074s][info][gc,phases   ] GC(36) Y: Pause Relocate Start 0.001ms
[2026-01-06T22:08:35.493+0800][18.074s][info][gc,phases   ] GC(36) Y: Concurrent Relocate 0.009ms
[2026-01-06T22:08:35.493+0800][18.074s][info][gc,alloc    ] GC(36) Y:                         Mark Start        Mark End      Relocate Start    Relocate End   
[2026-01-06T22:08:35.493+0800][18.074s][info][gc,alloc    ] GC(36) Y: Allocation Stalls:          0                0                0                0         
[2026-01-06T22:08:35.493+0800][18.074s][info][gc,load     ] GC(36) Y: Load: 1.92 (19%) / 1.82 (18%) / 2.00 (20%)
[2026-01-06T22:08:35.493+0800][18.074s][info][gc,mmu      ] GC(36) Y: MMU: 2ms/92.0%, 5ms/96.7%, 10ms/98.4%, 20ms/99.2%, 50ms/99.7%, 100ms/99.8%
[2026-01-06T22:08:35.493+0800][18.074s][info][gc,marking  ] GC(36) Y: Mark: 1 stripe(s), 2 proactive flush(es), 1 terminate flush(es), 0 completion(s), 0 continuation(s) 
[2026-01-06T22:08:35.493+0800][18.074s][info][gc,nmethod  ] GC(36) Y: NMethods: 41 registered, 34 unregistered
[2026-01-06T22:08:35.493+0800][18.074s][info][gc,metaspace] GC(36) Y: Metaspace: 0M used, 0M committed, 1088M reserved
[2026-01-06T22:08:35.493+0800][18.075s][info][gc,reloc    ] GC(36) Y:                        Candidates     Selected     In-Place         Size        Empty    Relocated 
[2026-01-06T22:08:35.493+0800][18.075s][info][gc,reloc    ] GC(36) Y: Small Pages:                 1051            0            0        2102M        2100M           0M 
[2026-01-06T22:08:35.493+0800][18.075s][info][gc,reloc    ] GC(36) Y: Medium Pages:                   0            0            0           0M           0M           0M 
[2026-01-06T22:08:35.493+0800][18.075s][info][gc,reloc    ] GC(36) Y: Large Pages:                    0            0            0           0M           0M           0M 
[2026-01-06T22:08:35.493+0800][18.075s][info][gc,reloc    ] GC(36) Y: Forwarding Usage: 0M
[2026-01-06T22:08:35.493+0800][18.075s][info][gc,reloc    ] GC(36) Y: Age Table:
[2026-01-06T22:08:35.493+0800][18.075s][info][gc,reloc    ] GC(36) Y:                    Live             Garbage             Small              Medium             Large        
[2026-01-06T22:08:35.493+0800][18.075s][info][gc,reloc    ] GC(36) Y: Eden               0M (0%)         2099M (51%)       1050 / 0              0 / 0              0 / 0        
[2026-01-06T22:08:35.493+0800][18.075s][info][gc,reloc    ] GC(36) Y: Survivor 1          -                 2M (0%)           1 / 0              0 / 0              0 / 0        
[2026-01-06T22:08:35.493+0800][18.075s][info][gc,heap     ] GC(36) Y: Min Capacity: 8M(0%)
[2026-01-06T22:08:35.493+0800][18.075s][info][gc,heap     ] GC(36) Y: Max Capacity: 4096M(100%)
[2026-01-06T22:08:35.493+0800][18.075s][info][gc,heap     ] GC(36) Y: Soft Max Capacity: 3686M(90%)
[2026-01-06T22:08:35.493+0800][18.075s][info][gc,heap     ] GC(36) Y: Heap Statistics:
[2026-01-06T22:08:35.493+0800][18.075s][info][gc,heap     ] GC(36) Y:                Mark Start          Mark End        Relocate Start      Relocate End           High               Low         
[2026-01-06T22:08:35.493+0800][18.075s][info][gc,heap     ] GC(36) Y:  Capacity:     3494M (85%)        3494M (85%)        3494M (85%)        3494M (85%)        3494M (85%)        3494M (85%)    
[2026-01-06T22:08:35.493+0800][18.075s][info][gc,heap     ] GC(36) Y:      Free:     1990M (49%)        1988M (49%)        4084M (100%)       4084M (100%)       4084M (100%)       1988M (49%)    
[2026-01-06T22:08:35.493+0800][18.075s][info][gc,heap     ] GC(36) Y:      Used:     2106M (51%)        2108M (51%)          12M (0%)           12M (0%)         2108M (51%)          12M (0%)     
[2026-01-06T22:08:35.493+0800][18.075s][info][gc,heap     ] GC(36) Y: Young Generation Statistics:
[2026-01-06T22:08:35.493+0800][18.075s][info][gc,heap     ] GC(36) Y:                Mark Start          Mark End        Relocate Start      Relocate End    
[2026-01-06T22:08:35.493+0800][18.075s][info][gc,heap     ] GC(36) Y:      Used:     2102M (51%)        2104M (51%)           8M (0%)            8M (0%)     
[2026-01-06T22:08:35.493+0800][18.075s][info][gc,heap     ] GC(36) Y:      Live:         -                 0M (0%)            0M (0%)            0M (0%)     
[2026-01-06T22:08:35.493+0800][18.075s][info][gc,heap     ] GC(36) Y:   Garbage:         -              2101M (51%)           1M (0%)            1M (0%)     
[2026-01-06T22:08:35.493+0800][18.075s][info][gc,heap     ] GC(36) Y: Allocated:         -                 2M (0%)            6M (0%)            6M (0%)     
[2026-01-06T22:08:35.493+0800][18.075s][info][gc,heap     ] GC(36) Y: Reclaimed:         -                  -              2100M (51%)        2100M (51%)    
[2026-01-06T22:08:35.493+0800][18.075s][info][gc,heap     ] GC(36) Y:  Promoted:         -                  -                 0M (0%)            0M (0%)     
[2026-01-06T22:08:35.493+0800][18.075s][info][gc,heap     ] GC(36) Y: Compacted:         -                  -                  -                 0M (0%)     
[2026-01-06T22:08:35.493+0800][18.075s][info][gc,phases   ] GC(36) Y: Young Generation 2106M(51%)->12M(0%) 0.002s
[2026-01-06T22:08:35.493+0800][18.075s][info][gc,phases   ] GC(36) O: Old Generation
[2026-01-06T22:08:35.495+0800][18.077s][info][gc,phases   ] GC(36) O: Concurrent Mark 2.416ms
[2026-01-06T22:08:35.495+0800][18.077s][info][gc,phases   ] GC(36) O: Pause Mark End 0.003ms
[2026-01-06T22:08:35.496+0800][18.077s][info][gc,phases   ] GC(36) O: Concurrent Mark Free 0.000ms
[2026-01-06T22:08:35.496+0800][18.077s][info][gc,phases   ] GC(36) O: Concurrent Process Non-Strong 0.151ms
[2026-01-06T22:08:35.496+0800][18.077s][info][gc,phases   ] GC(36) O: Concurrent Reset Relocation Set 0.004ms
[2026-01-06T22:08:35.496+0800][18.077s][info][gc,phases   ] GC(36) O: Concurrent Select Relocation Set 0.033ms
[2026-01-06T22:08:35.496+0800][18.077s][info][gc,task     ] GC(36) O: Using 2 Workers for Old Generation
[2026-01-06T22:08:35.496+0800][18.077s][info][gc,task     ] GC(36) O: Using 1 Workers for Old Generation
[2026-01-06T22:08:35.496+0800][18.077s][info][gc,phases   ] GC(36) O: Concurrent Remap Roots 0.042ms
[2026-01-06T22:08:35.496+0800][18.077s][info][gc,phases   ] GC(36) O: Pause Relocate Start 0.001ms
[2026-01-06T22:08:35.497+0800][18.078s][info][gc,phases   ] GC(36) O: Concurrent Relocate 0.899ms
[2026-01-06T22:08:35.497+0800][18.078s][info][gc,alloc    ] GC(36) O:                         Mark Start        Mark End      Relocate Start    Relocate End   
[2026-01-06T22:08:35.497+0800][18.078s][info][gc,alloc    ] GC(36) O: Allocation Stalls:          0                0                0                0         
[2026-01-06T22:08:35.497+0800][18.078s][info][gc,load     ] GC(36) O: Load: 1.92 (19%) / 1.82 (18%) / 2.00 (20%)
[2026-01-06T22:08:35.497+0800][18.078s][info][gc,mmu      ] GC(36) O: MMU: 2ms/92.0%, 5ms/96.7%, 10ms/98.4%, 20ms/99.2%, 50ms/99.7%, 100ms/99.8%
[2026-01-06T22:08:35.497+0800][18.078s][info][gc,marking  ] GC(36) O: Mark: 1 stripe(s), 2 proactive flush(es), 1 terminate flush(es), 0 completion(s), 0 continuation(s) 
[2026-01-06T22:08:35.497+0800][18.078s][info][gc,nmethod  ] GC(36) O: NMethods: 41 registered, 34 unregistered
[2026-01-06T22:08:35.497+0800][18.078s][info][gc,metaspace] GC(36) O: Metaspace: 0M used, 0M committed, 1088M reserved
[2026-01-06T22:08:35.497+0800][18.078s][info][gc,ref      ] GC(36) O:                       Encountered   Discovered     Enqueued 
[2026-01-06T22:08:35.497+0800][18.078s][info][gc,ref      ] GC(36) O: Soft References:                1            0            0 
[2026-01-06T22:08:35.497+0800][18.078s][info][gc,ref      ] GC(36) O: Weak References:                6            0            0 
[2026-01-06T22:08:35.497+0800][18.078s][info][gc,ref      ] GC(36) O: Final References:               0            0            0 
[2026-01-06T22:08:35.497+0800][18.078s][info][gc,ref      ] GC(36) O: Phantom References:             1            1            0 
[2026-01-06T22:08:35.497+0800][18.078s][info][gc,reloc    ] GC(36) O:                        Candidates     Selected     In-Place         Size        Empty    Relocated 
[2026-01-06T22:08:35.497+0800][18.078s][info][gc,reloc    ] GC(36) O: Small Pages:                    2            1            0           4M           0M           1M 
[2026-01-06T22:08:35.497+0800][18.078s][info][gc,reloc    ] GC(36) O: Medium Pages:                   0            0            0           0M           0M           0M 
[2026-01-06T22:08:35.497+0800][18.078s][info][gc,reloc    ] GC(36) O: Large Pages:                    0            0            0           0M           0M           0M 
[2026-01-06T22:08:35.497+0800][18.078s][info][gc,reloc    ] GC(36) O: Forwarding Usage: 0M
[2026-01-06T22:08:35.497+0800][18.078s][info][gc,heap     ] GC(36) O: Min Capacity: 8M(0%)
[2026-01-06T22:08:35.497+0800][18.078s][info][gc,heap     ] GC(36) O: Max Capacity: 4096M(100%)
[2026-01-06T22:08:35.497+0800][18.078s][info][gc,heap     ] GC(36) O: Soft Max Capacity: 3686M(90%)
[2026-01-06T22:08:35.497+0800][18.078s][info][gc,heap     ] GC(36) O: Heap Statistics:
[2026-01-06T22:08:35.497+0800][18.078s][info][gc,heap     ] GC(36) O:                Mark Start          Mark End        Relocate Start      Relocate End           High               Low         
[2026-01-06T22:08:35.497+0800][18.078s][info][gc,heap     ] GC(36) O:  Capacity:     3494M (85%)        3494M (85%)        3494M (85%)        3494M (85%)        3494M (85%)        3494M (85%)    
[2026-01-06T22:08:35.497+0800][18.078s][info][gc,heap     ] GC(36) O:      Free:     1990M (49%)        4064M (99%)        4062M (99%)        4056M (99%)        4084M (100%)       1988M (49%)    
[2026-01-06T22:08:35.497+0800][18.078s][info][gc,heap     ] GC(36) O:      Used:     2106M (51%)          32M (1%)           34M (1%)           40M (1%)         2108M (51%)          12M (0%)     
[2026-01-06T22:08:35.497+0800][18.078s][info][gc,heap     ] GC(36) O: Old Generation Statistics:
[2026-01-06T22:08:35.497+0800][18.078s][info][gc,heap     ] GC(36) O:                Mark Start          Mark End        Relocate Start      Relocate End    
[2026-01-06T22:08:35.497+0800][18.078s][info][gc,heap     ] GC(36) O:      Used:        4M (0%)            4M (0%)            4M (0%)            4M (0%)     
[2026-01-06T22:08:35.497+0800][18.078s][info][gc,heap     ] GC(36) O:      Live:         -                 1M (0%)            1M (0%)            1M (0%)     
[2026-01-06T22:08:35.497+0800][18.078s][info][gc,heap     ] GC(36) O:   Garbage:         -                 2M (0%)            2M (0%)            0M (0%)     
[2026-01-06T22:08:35.497+0800][18.078s][info][gc,heap     ] GC(36) O: Allocated:         -                 0M (0%)            0M (0%)            2M (0%)     
[2026-01-06T22:08:35.497+0800][18.078s][info][gc,heap     ] GC(36) O: Reclaimed:         -                  -                 0M (0%)            2M (0%)     
[2026-01-06T22:08:35.497+0800][18.078s][info][gc,heap     ] GC(36) O: Compacted:         -                  -                  -                 1M (0%)     
[2026-01-06T22:08:35.497+0800][18.078s][info][gc,phases   ] GC(36) O: Old Generation 14M(0%)->40M(1%) 0.004s
[2026-01-06T22:08:35.497+0800][18.078s][info][gc          ] GC(36) Major Collection (Proactive) 2104M(51%)->42M(1%) 0.006s
[2026-01-06T22:08:35.953+0800][18.535s][info][gc          ] GC(37) Minor Collection (High Usage)
[2026-01-06T22:08:35.953+0800][18.535s][info][gc,task     ] GC(37) Using 1 Workers for Young Generation
[2026-01-06T22:08:35.953+0800][18.535s][info][gc,phases   ] GC(37) y: Young Generation
[2026-01-06T22:08:35.953+0800][18.535s][info][gc,phases   ] GC(37) y: Pause Mark Start 0.003ms
[2026-01-06T22:08:35.954+0800][18.535s][info][gc,phases   ] GC(37) y: Concurrent Mark 0.265ms
[2026-01-06T22:08:35.954+0800][18.535s][info][gc,phases   ] GC(37) y: Pause Mark End 0.003ms
[2026-01-06T22:08:35.954+0800][18.535s][info][gc,phases   ] GC(37) y: Concurrent Mark Free 0.001ms
[2026-01-06T22:08:35.954+0800][18.535s][info][gc,phases   ] GC(37) y: Concurrent Reset Relocation Set 0.000ms
[2026-01-06T22:08:35.954+0800][18.536s][info][gc,reloc    ] GC(37) y: Using tenuring threshold: 1 (Computed)
[2026-01-06T22:08:35.954+0800][18.536s][info][gc,phases   ] GC(37) y: Concurrent Select Relocation Set 0.306ms
[2026-01-06T22:08:35.954+0800][18.536s][info][gc,phases   ] GC(37) y: Pause Relocate Start 0.001ms
[2026-01-06T22:08:35.954+0800][18.536s][info][gc,phases   ] GC(37) y: Concurrent Relocate 0.011ms
[2026-01-06T22:08:35.954+0800][18.536s][info][gc,alloc    ] GC(37) y:                         Mark Start        Mark End      Relocate Start    Relocate End   
[2026-01-06T22:08:35.954+0800][18.536s][info][gc,alloc    ] GC(37) y: Allocation Stalls:          0                0                0                0         
[2026-01-06T22:08:35.954+0800][18.536s][info][gc,load     ] GC(37) y: Load: 1.92 (19%) / 1.82 (18%) / 2.00 (20%)
[2026-01-06T22:08:35.954+0800][18.536s][info][gc,mmu      ] GC(37) y: MMU: 2ms/92.0%, 5ms/96.7%, 10ms/98.4%, 20ms/99.2%, 50ms/99.7%, 100ms/99.8%
[2026-01-06T22:08:35.954+0800][18.536s][info][gc,marking  ] GC(37) y: Mark: 1 stripe(s), 2 proactive flush(es), 1 terminate flush(es), 0 completion(s), 0 continuation(s) 
[2026-01-06T22:08:35.954+0800][18.536s][info][gc,nmethod  ] GC(37) y: NMethods: 41 registered, 34 unregistered
[2026-01-06T22:08:35.954+0800][18.536s][info][gc,metaspace] GC(37) y: Metaspace: 0M used, 0M committed, 1088M reserved
[2026-01-06T22:08:35.954+0800][18.536s][info][gc,reloc    ] GC(37) y:                        Candidates     Selected     In-Place         Size        Empty    Relocated 
[2026-01-06T22:08:35.954+0800][18.536s][info][gc,reloc    ] GC(37) y: Small Pages:                 1741            0            0        3482M        3480M           0M 
[2026-01-06T22:08:35.954+0800][18.536s][info][gc,reloc    ] GC(37) y: Medium Pages:                   0            0            0           0M           0M           0M 
[2026-01-06T22:08:35.954+0800][18.536s][info][gc,reloc    ] GC(37) y: Large Pages:                    0            0            0           0M           0M           0M 
[2026-01-06T22:08:35.954+0800][18.536s][info][gc,reloc    ] GC(37) y: Forwarding Usage: 0M
[2026-01-06T22:08:35.954+0800][18.536s][info][gc,reloc    ] GC(37) y: Age Table:
[2026-01-06T22:08:35.954+0800][18.536s][info][gc,reloc    ] GC(37) y:                    Live             Garbage             Small              Medium             Large        
[2026-01-06T22:08:35.954+0800][18.536s][info][gc,reloc    ] GC(37) y: Eden               0M (0%)         3479M (85%)       1740 / 0              0 / 0              0 / 0        
[2026-01-06T22:08:35.954+0800][18.536s][info][gc,reloc    ] GC(37) y: Survivor 1          -                 2M (0%)           1 / 0              0 / 0              0 / 0        
[2026-01-06T22:08:35.954+0800][18.536s][info][gc,heap     ] GC(37) y: Min Capacity: 8M(0%)
[2026-01-06T22:08:35.954+0800][18.536s][info][gc,heap     ] GC(37) y: Max Capacity: 4096M(100%)
[2026-01-06T22:08:35.954+0800][18.536s][info][gc,heap     ] GC(37) y: Soft Max Capacity: 3686M(90%)
[2026-01-06T22:08:35.954+0800][18.536s][info][gc,heap     ] GC(37) y: Heap Statistics:
[2026-01-06T22:08:35.954+0800][18.536s][info][gc,heap     ] GC(37) y:                Mark Start          Mark End        Relocate Start      Relocate End           High               Low         
[2026-01-06T22:08:35.954+0800][18.536s][info][gc,heap     ] GC(37) y:  Capacity:     3494M (85%)        3494M (85%)        3494M (85%)        3494M (85%)        3494M (85%)        3494M (85%)    
[2026-01-06T22:08:35.954+0800][18.536s][info][gc,heap     ] GC(37) y:      Free:      610M (15%)         606M (15%)        4084M (100%)       4084M (100%)       4084M (100%)        606M (15%)    
[2026-01-06T22:08:35.954+0800][18.536s][info][gc,heap     ] GC(37) y:      Used:     3486M (85%)        3490M (85%)          12M (0%)           12M (0%)         3490M (85%)          12M (0%)     
[2026-01-06T22:08:35.954+0800][18.536s][info][gc,heap     ] GC(37) y: Young Generation Statistics:
[2026-01-06T22:08:35.954+0800][18.536s][info][gc,heap     ] GC(37) y:                Mark Start          Mark End        Relocate Start      Relocate End    
[2026-01-06T22:08:35.954+0800][18.536s][info][gc,heap     ] GC(37) y:      Used:     3482M (85%)        3486M (85%)           8M (0%)            8M (0%)     
[2026-01-06T22:08:35.954+0800][18.536s][info][gc,heap     ] GC(37) y:      Live:         -                 0M (0%)            0M (0%)            0M (0%)     
[2026-01-06T22:08:35.954+0800][18.536s][info][gc,heap     ] GC(37) y:   Garbage:         -              3481M (85%)           1M (0%)            1M (0%)     
[2026-01-06T22:08:35.954+0800][18.536s][info][gc,heap     ] GC(37) y: Allocated:         -                 4M (0%)            6M (0%)            6M (0%)     
[2026-01-06T22:08:35.954+0800][18.536s][info][gc,heap     ] GC(37) y: Reclaimed:         -                  -              3480M (85%)        3480M (85%)    
[2026-01-06T22:08:35.954+0800][18.536s][info][gc,heap     ] GC(37) y:  Promoted:         -                  -                 0M (0%)            0M (0%)     
[2026-01-06T22:08:35.954+0800][18.536s][info][gc,heap     ] GC(37) y: Compacted:         -                  -                  -                 0M (0%)     
[2026-01-06T22:08:35.954+0800][18.536s][info][gc,phases   ] GC(37) y: Young Generation 3486M(85%)->12M(0%) 0.001s
[2026-01-06T22:08:35.954+0800][18.536s][info][gc          ] GC(37) Minor Collection (High Usage) 3484M(85%)->14M(0%) 0.001s
[2026-01-06T22:08:36.194+0800][18.776s][info][gc          ] GC(38) Major Collection (Proactive)
[2026-01-06T22:08:36.194+0800][18.776s][info][gc,task     ] GC(38) Using 1 Workers for Young Generation
[2026-01-06T22:08:36.194+0800][18.776s][info][gc,task     ] GC(38) Using 1 Workers for Old Generation
[2026-01-06T22:08:36.194+0800][18.776s][info][gc,phases   ] GC(38) Y: Young Generation
[2026-01-06T22:08:36.194+0800][18.776s][info][gc,phases   ] GC(38) Y: Pause Mark Start (Major) 0.005ms
[2026-01-06T22:08:36.195+0800][18.776s][info][gc,phases   ] GC(38) Y: Concurrent Mark 0.184ms
[2026-01-06T22:08:36.195+0800][18.776s][info][gc,phases   ] GC(38) Y: Pause Mark End 0.003ms
[2026-01-06T22:08:36.195+0800][18.776s][info][gc,phases   ] GC(38) Y: Concurrent Mark Free 0.001ms
[2026-01-06T22:08:36.195+0800][18.776s][info][gc,phases   ] GC(38) Y: Concurrent Reset Relocation Set 0.000ms
[2026-01-06T22:08:36.195+0800][18.776s][info][gc,reloc    ] GC(38) Y: Using tenuring threshold: 1 (Computed)
[2026-01-06T22:08:36.195+0800][18.776s][info][gc,phases   ] GC(38) Y: Concurrent Select Relocation Set 0.124ms
[2026-01-06T22:08:36.195+0800][18.776s][info][gc,phases   ] GC(38) Y: Pause Relocate Start 0.001ms
[2026-01-06T22:08:36.195+0800][18.776s][info][gc,phases   ] GC(38) Y: Concurrent Relocate 0.009ms
[2026-01-06T22:08:36.195+0800][18.776s][info][gc,alloc    ] GC(38) Y:                         Mark Start        Mark End      Relocate Start    Relocate End   
[2026-01-06T22:08:36.195+0800][18.776s][info][gc,alloc    ] GC(38) Y: Allocation Stalls:          0                0                0                0         
[2026-01-06T22:08:36.195+0800][18.776s][info][gc,load     ] GC(38) Y: Load: 1.92 (19%) / 1.82 (18%) / 2.00 (20%)
[2026-01-06T22:08:36.195+0800][18.776s][info][gc,mmu      ] GC(38) Y: MMU: 2ms/92.0%, 5ms/96.7%, 10ms/98.4%, 20ms/99.2%, 50ms/99.7%, 100ms/99.8%
[2026-01-06T22:08:36.195+0800][18.776s][info][gc,marking  ] GC(38) Y: Mark: 1 stripe(s), 2 proactive flush(es), 1 terminate flush(es), 0 completion(s), 0 continuation(s) 
[2026-01-06T22:08:36.195+0800][18.776s][info][gc,nmethod  ] GC(38) Y: NMethods: 41 registered, 34 unregistered
[2026-01-06T22:08:36.195+0800][18.776s][info][gc,metaspace] GC(38) Y: Metaspace: 0M used, 0M committed, 1088M reserved
[2026-01-06T22:08:36.195+0800][18.776s][info][gc,reloc    ] GC(38) Y:                        Candidates     Selected     In-Place         Size        Empty    Relocated 
[2026-01-06T22:08:36.195+0800][18.776s][info][gc,reloc    ] GC(38) Y: Small Pages:                  390            0            0         780M         778M           0M 
[2026-01-06T22:08:36.195+0800][18.776s][info][gc,reloc    ] GC(38) Y: Medium Pages:                   0            0            0           0M           0M           0M 
[2026-01-06T22:08:36.195+0800][18.776s][info][gc,reloc    ] GC(38) Y: Large Pages:                    0            0            0           0M           0M           0M 
[2026-01-06T22:08:36.195+0800][18.776s][info][gc,reloc    ] GC(38) Y: Forwarding Usage: 0M
[2026-01-06T22:08:36.195+0800][18.776s][info][gc,reloc    ] GC(38) Y: Age Table:
[2026-01-06T22:08:36.195+0800][18.776s][info][gc,reloc    ] GC(38) Y:                    Live             Garbage             Small              Medium             Large        
[2026-01-06T22:08:36.195+0800][18.776s][info][gc,reloc    ] GC(38) Y: Eden               0M (0%)          777M (19%)        389 / 0              0 / 0              0 / 0        
[2026-01-06T22:08:36.195+0800][18.776s][info][gc,reloc    ] GC(38) Y: Survivor 1          -                 2M (0%)           1 / 0              0 / 0              0 / 0        
[2026-01-06T22:08:36.195+0800][18.776s][info][gc,heap     ] GC(38) Y: Min Capacity: 8M(0%)
[2026-01-06T22:08:36.195+0800][18.776s][info][gc,heap     ] GC(38) Y: Max Capacity: 4096M(100%)
[2026-01-06T22:08:36.195+0800][18.776s][info][gc,heap     ] GC(38) Y: Soft Max Capacity: 3686M(90%)
[2026-01-06T22:08:36.195+0800][18.776s][info][gc,heap     ] GC(38) Y: Heap Statistics:
[2026-01-06T22:08:36.195+0800][18.776s][info][gc,heap     ] GC(38) Y:                Mark Start          Mark End        Relocate Start      Relocate End           High               Low         
[2026-01-06T22:08:36.195+0800][18.776s][info][gc,heap     ] GC(38) Y:  Capacity:     3494M (85%)        3494M (85%)        3494M (85%)        3494M (85%)        3494M (85%)        3494M (85%)    
[2026-01-06T22:08:36.195+0800][18.776s][info][gc,heap     ] GC(38) Y:      Free:     3312M (81%)        3310M (81%)        4088M (100%)       4086M (100%)       4088M (100%)       3310M (81%)    
[2026-01-06T22:08:36.195+0800][18.776s][info][gc,heap     ] GC(38) Y:      Used:      784M (19%)         786M (19%)           8M (0%)           10M (0%)          786M (19%)           8M (0%)     
[2026-01-06T22:08:36.195+0800][18.776s][info][gc,heap     ] GC(38) Y: Young Generation Statistics:
[2026-01-06T22:08:36.195+0800][18.777s][info][gc,heap     ] GC(38) Y:                Mark Start          Mark End        Relocate Start      Relocate End    
[2026-01-06T22:08:36.195+0800][18.777s][info][gc,heap     ] GC(38) Y:      Used:      780M (19%)         782M (19%)           4M (0%)            6M (0%)     
[2026-01-06T22:08:36.195+0800][18.777s][info][gc,heap     ] GC(38) Y:      Live:         -                 0M (0%)            0M (0%)            0M (0%)     
[2026-01-06T22:08:36.195+0800][18.777s][info][gc,heap     ] GC(38) Y:   Garbage:         -               779M (19%)           1M (0%)            1M (0%)     
[2026-01-06T22:08:36.195+0800][18.777s][info][gc,heap     ] GC(38) Y: Allocated:         -                 2M (0%)            2M (0%)            4M (0%)     
[2026-01-06T22:08:36.195+0800][18.777s][info][gc,heap     ] GC(38) Y: Reclaimed:         -                  -               778M (19%)         778M (19%)    
[2026-01-06T22:08:36.195+0800][18.777s][info][gc,heap     ] GC(38) Y:  Promoted:         -                  -                 0M (0%)            0M (0%)     
[2026-01-06T22:08:36.195+0800][18.777s][info][gc,heap     ] GC(38) Y: Compacted:         -                  -                  -                 0M (0%)     
[2026-01-06T22:08:36.195+0800][18.777s][info][gc,phases   ] GC(38) Y: Young Generation 784M(19%)->10M(0%) 0.000s
[2026-01-06T22:08:36.195+0800][18.777s][info][gc,phases   ] GC(38) O: Old Generation
[2026-01-06T22:08:36.197+0800][18.779s][info][gc,phases   ] GC(38) O: Concurrent Mark 2.468ms
[2026-01-06T22:08:36.197+0800][18.779s][info][gc,phases   ] GC(38) O: Pause Mark End 0.003ms
[2026-01-06T22:08:36.197+0800][18.779s][info][gc,phases   ] GC(38) O: Concurrent Mark Free 0.000ms
[2026-01-06T22:08:36.198+0800][18.779s][info][gc,phases   ] GC(38) O: Concurrent Process Non-Strong 0.137ms
[2026-01-06T22:08:36.198+0800][18.779s][info][gc,phases   ] GC(38) O: Concurrent Reset Relocation Set 0.001ms
[2026-01-06T22:08:36.198+0800][18.779s][info][gc,phases   ] GC(38) O: Concurrent Select Relocation Set 0.029ms
[2026-01-06T22:08:36.198+0800][18.779s][info][gc,task     ] GC(38) O: Using 2 Workers for Old Generation
[2026-01-06T22:08:36.198+0800][18.779s][info][gc,task     ] GC(38) O: Using 1 Workers for Old Generation
[2026-01-06T22:08:36.198+0800][18.779s][info][gc,phases   ] GC(38) O: Concurrent Remap Roots 0.047ms
[2026-01-06T22:08:36.198+0800][18.779s][info][gc,phases   ] GC(38) O: Pause Relocate Start 0.002ms
[2026-01-06T22:08:36.199+0800][18.780s][info][gc,phases   ] GC(38) O: Concurrent Relocate 1.000ms
[2026-01-06T22:08:36.199+0800][18.780s][info][gc,alloc    ] GC(38) O:                         Mark Start        Mark End      Relocate Start    Relocate End   
[2026-01-06T22:08:36.199+0800][18.780s][info][gc,alloc    ] GC(38) O: Allocation Stalls:          0                0                0                0         
[2026-01-06T22:08:36.199+0800][18.780s][info][gc,load     ] GC(38) O: Load: 1.92 (19%) / 1.82 (18%) / 2.00 (20%)
[2026-01-06T22:08:36.199+0800][18.780s][info][gc,mmu      ] GC(38) O: MMU: 2ms/92.0%, 5ms/96.7%, 10ms/98.4%, 20ms/99.2%, 50ms/99.7%, 100ms/99.8%
[2026-01-06T22:08:36.199+0800][18.780s][info][gc,marking  ] GC(38) O: Mark: 1 stripe(s), 2 proactive flush(es), 1 terminate flush(es), 0 completion(s), 0 continuation(s) 
[2026-01-06T22:08:36.199+0800][18.780s][info][gc,nmethod  ] GC(38) O: NMethods: 41 registered, 34 unregistered
[2026-01-06T22:08:36.199+0800][18.780s][info][gc,metaspace] GC(38) O: Metaspace: 0M used, 0M committed, 1088M reserved
[2026-01-06T22:08:36.199+0800][18.780s][info][gc,ref      ] GC(38) O:                       Encountered   Discovered     Enqueued 
[2026-01-06T22:08:36.199+0800][18.780s][info][gc,ref      ] GC(38) O: Soft References:                1            0            0 
[2026-01-06T22:08:36.199+0800][18.780s][info][gc,ref      ] GC(38) O: Weak References:                6            0            0 
[2026-01-06T22:08:36.199+0800][18.780s][info][gc,ref      ] GC(38) O: Final References:               0            0            0 
[2026-01-06T22:08:36.199+0800][18.780s][info][gc,ref      ] GC(38) O: Phantom References:             1            1            0 
[2026-01-06T22:08:36.199+0800][18.780s][info][gc,reloc    ] GC(38) O:                        Candidates     Selected     In-Place         Size        Empty    Relocated 
[2026-01-06T22:08:36.199+0800][18.780s][info][gc,reloc    ] GC(38) O: Small Pages:                    2            1            0           4M           0M           1M 
[2026-01-06T22:08:36.199+0800][18.780s][info][gc,reloc    ] GC(38) O: Medium Pages:                   0            0            0           0M           0M           0M 
[2026-01-06T22:08:36.199+0800][18.780s][info][gc,reloc    ] GC(38) O: Large Pages:                    0            0            0           0M           0M           0M 
[2026-01-06T22:08:36.199+0800][18.780s][info][gc,reloc    ] GC(38) O: Forwarding Usage: 0M
[2026-01-06T22:08:36.199+0800][18.780s][info][gc,heap     ] GC(38) O: Min Capacity: 8M(0%)
[2026-01-06T22:08:36.199+0800][18.780s][info][gc,heap     ] GC(38) O: Max Capacity: 4096M(100%)
[2026-01-06T22:08:36.199+0800][18.780s][info][gc,heap     ] GC(38) O: Soft Max Capacity: 3686M(90%)
[2026-01-06T22:08:36.199+0800][18.780s][info][gc,heap     ] GC(38) O: Heap Statistics:
[2026-01-06T22:08:36.199+0800][18.780s][info][gc,heap     ] GC(38) O:                Mark Start          Mark End        Relocate Start      Relocate End           High               Low         
[2026-01-06T22:08:36.199+0800][18.780s][info][gc,heap     ] GC(38) O:  Capacity:     3494M (85%)        3494M (85%)        3494M (85%)        3494M (85%)        3494M (85%)        3494M (85%)    
[2026-01-06T22:08:36.199+0800][18.780s][info][gc,heap     ] GC(38) O:      Free:     3312M (81%)        4044M (99%)        4040M (99%)        4030M (98%)        4088M (100%)       3310M (81%)    
[2026-01-06T22:08:36.199+0800][18.780s][info][gc,heap     ] GC(38) O:      Used:      784M (19%)          52M (1%)           56M (1%)           66M (2%)          786M (19%)           8M (0%)     
[2026-01-06T22:08:36.199+0800][18.780s][info][gc,heap     ] GC(38) O: Old Generation Statistics:
[2026-01-06T22:08:36.199+0800][18.780s][info][gc,heap     ] GC(38) O:                Mark Start          Mark End        Relocate Start      Relocate End    
[2026-01-06T22:08:36.199+0800][18.780s][info][gc,heap     ] GC(38) O:      Used:        4M (0%)            4M (0%)            4M (0%)            4M (0%)     
[2026-01-06T22:08:36.199+0800][18.780s][info][gc,heap     ] GC(38) O:      Live:         -                 1M (0%)            1M (0%)            1M (0%)     
[2026-01-06T22:08:36.199+0800][18.780s][info][gc,heap     ] GC(38) O:   Garbage:         -                 2M (0%)            2M (0%)            0M (0%)     
[2026-01-06T22:08:36.199+0800][18.780s][info][gc,heap     ] GC(38) O: Allocated:         -                 0M (0%)            0M (0%)            2M (0%)     
[2026-01-06T22:08:36.199+0800][18.780s][info][gc,heap     ] GC(38) O: Reclaimed:         -                  -                 0M (0%)            2M (0%)     
[2026-01-06T22:08:36.199+0800][18.780s][info][gc,heap     ] GC(38) O: Compacted:         -                  -                  -                 1M (0%)     
[2026-01-06T22:08:36.199+0800][18.780s][info][gc,phases   ] GC(38) O: Old Generation 12M(0%)->66M(2%) 0.004s
[2026-01-06T22:08:36.199+0800][18.780s][info][gc          ] GC(38) Major Collection (Proactive) 784M(19%)->68M(2%) 0.005s
[2026-01-06T22:08:36.686+0800][19.267s][info][gc          ] GC(39) Major Collection (Proactive)
[2026-01-06T22:08:36.686+0800][19.267s][info][gc,task     ] GC(39) Using 1 Workers for Young Generation
[2026-01-06T22:08:36.686+0800][19.267s][info][gc,task     ] GC(39) Using 1 Workers for Old Generation
[2026-01-06T22:08:36.686+0800][19.267s][info][gc,phases   ] GC(39) Y: Young Generation
[2026-01-06T22:08:36.686+0800][19.267s][info][gc,phases   ] GC(39) Y: Pause Mark Start (Major) 0.016ms
[2026-01-06T22:08:36.688+0800][19.270s][info][gc,phases   ] GC(39) Y: Concurrent Mark 2.409ms
[2026-01-06T22:08:36.688+0800][19.270s][info][gc,phases   ] GC(39) Y: Pause Mark End 0.004ms
[2026-01-06T22:08:36.688+0800][19.270s][info][gc,phases   ] GC(39) Y: Concurrent Mark Free 0.003ms
[2026-01-06T22:08:36.688+0800][19.270s][info][gc,phases   ] GC(39) Y: Concurrent Reset Relocation Set 0.000ms
[2026-01-06T22:08:36.690+0800][19.271s][info][gc,reloc    ] GC(39) Y: Using tenuring threshold: 1 (Computed)
[2026-01-06T22:08:36.690+0800][19.272s][info][gc,phases   ] GC(39) Y: Concurrent Select Relocation Set 1.704ms
[2026-01-06T22:08:36.690+0800][19.272s][info][gc,phases   ] GC(39) Y: Pause Relocate Start 0.002ms
[2026-01-06T22:08:36.690+0800][19.272s][info][gc,phases   ] GC(39) Y: Concurrent Relocate 0.009ms
[2026-01-06T22:08:36.690+0800][19.272s][info][gc,alloc    ] GC(39) Y:                         Mark Start        Mark End      Relocate Start    Relocate End   
[2026-01-06T22:08:36.690+0800][19.272s][info][gc,alloc    ] GC(39) Y: Allocation Stalls:          0                0                0                0         
[2026-01-06T22:08:36.690+0800][19.272s][info][gc,load     ] GC(39) Y: Load: 1.92 (19%) / 1.82 (18%) / 2.00 (20%)
[2026-01-06T22:08:36.690+0800][19.272s][info][gc,mmu      ] GC(39) Y: MMU: 2ms/92.0%, 5ms/96.7%, 10ms/98.4%, 20ms/99.2%, 50ms/99.7%, 100ms/99.8%
[2026-01-06T22:08:36.690+0800][19.272s][info][gc,marking  ] GC(39) Y: Mark: 1 stripe(s), 2 proactive flush(es), 1 terminate flush(es), 0 completion(s), 0 continuation(s) 
[2026-01-06T22:08:36.690+0800][19.272s][info][gc,nmethod  ] GC(39) Y: NMethods: 41 registered, 34 unregistered
[2026-01-06T22:08:36.690+0800][19.272s][info][gc,metaspace] GC(39) Y: Metaspace: 0M used, 0M committed, 1088M reserved
[2026-01-06T22:08:36.690+0800][19.272s][info][gc,reloc    ] GC(39) Y:                        Candidates     Selected     In-Place         Size        Empty    Relocated 
[2026-01-06T22:08:36.690+0800][19.272s][info][gc,reloc    ] GC(39) Y: Small Pages:                 1110            0            0        2220M        2218M           0M 
[2026-01-06T22:08:36.690+0800][19.272s][info][gc,reloc    ] GC(39) Y: Medium Pages:                   0            0            0           0M           0M           0M 
[2026-01-06T22:08:36.690+0800][19.272s][info][gc,reloc    ] GC(39) Y: Large Pages:                    0            0            0           0M           0M           0M 
[2026-01-06T22:08:36.690+0800][19.272s][info][gc,reloc    ] GC(39) Y: Forwarding Usage: 0M
[2026-01-06T22:08:36.690+0800][19.272s][info][gc,reloc    ] GC(39) Y: Age Table:
[2026-01-06T22:08:36.690+0800][19.272s][info][gc,reloc    ] GC(39) Y:                    Live             Garbage             Small              Medium             Large        
[2026-01-06T22:08:36.690+0800][19.272s][info][gc,reloc    ] GC(39) Y: Eden               0M (0%)         2217M (54%)       1109 / 0              0 / 0              0 / 0        
[2026-01-06T22:08:36.690+0800][19.272s][info][gc,reloc    ] GC(39) Y: Survivor 1          -                 2M (0%)           1 / 0              0 / 0              0 / 0        
[2026-01-06T22:08:36.690+0800][19.272s][info][gc,heap     ] GC(39) Y: Min Capacity: 8M(0%)
[2026-01-06T22:08:36.690+0800][19.272s][info][gc,heap     ] GC(39) Y: Max Capacity: 4096M(100%)
[2026-01-06T22:08:36.690+0800][19.272s][info][gc,heap     ] GC(39) Y: Soft Max Capacity: 3686M(90%)
[2026-01-06T22:08:36.690+0800][19.272s][info][gc,heap     ] GC(39) Y: Heap Statistics:
[2026-01-06T22:08:36.690+0800][19.272s][info][gc,heap     ] GC(39) Y:                Mark Start          Mark End        Relocate Start      Relocate End           High               Low         
[2026-01-06T22:08:36.690+0800][19.272s][info][gc,heap     ] GC(39) Y:  Capacity:     3494M (85%)        3494M (85%)        3494M (85%)        3494M (85%)        3494M (85%)        3494M (85%)    
[2026-01-06T22:08:36.690+0800][19.272s][info][gc,heap     ] GC(39) Y:      Free:     1872M (46%)        1868M (46%)        4080M (100%)       4078M (100%)       4080M (100%)       1868M (46%)    
[2026-01-06T22:08:36.690+0800][19.272s][info][gc,heap     ] GC(39) Y:      Used:     2224M (54%)        2228M (54%)          16M (0%)           18M (0%)         2228M (54%)          16M (0%)     
[2026-01-06T22:08:36.690+0800][19.272s][info][gc,heap     ] GC(39) Y: Young Generation Statistics:
[2026-01-06T22:08:36.690+0800][19.272s][info][gc,heap     ] GC(39) Y:                Mark Start          Mark End        Relocate Start      Relocate End    
[2026-01-06T22:08:36.690+0800][19.272s][info][gc,heap     ] GC(39) Y:      Used:     2220M (54%)        2224M (54%)          12M (0%)           14M (0%)     
[2026-01-06T22:08:36.690+0800][19.272s][info][gc,heap     ] GC(39) Y:      Live:         -                 0M (0%)            0M (0%)            0M (0%)     
[2026-01-06T22:08:36.690+0800][19.272s][info][gc,heap     ] GC(39) Y:   Garbage:         -              2219M (54%)           1M (0%)            1M (0%)     
[2026-01-06T22:08:36.690+0800][19.272s][info][gc,heap     ] GC(39) Y: Allocated:         -                 4M (0%)           10M (0%)           12M (0%)     
[2026-01-06T22:08:36.690+0800][19.272s][info][gc,heap     ] GC(39) Y: Reclaimed:         -                  -              2218M (54%)        2218M (54%)    
[2026-01-06T22:08:36.690+0800][19.272s][info][gc,heap     ] GC(39) Y:  Promoted:         -                  -                 0M (0%)            0M (0%)     
[2026-01-06T22:08:36.690+0800][19.272s][info][gc,heap     ] GC(39) Y: Compacted:         -                  -                  -                 0M (0%)     
[2026-01-06T22:08:36.690+0800][19.272s][info][gc,phases   ] GC(39) Y: Young Generation 2224M(54%)->18M(0%) 0.004s
[2026-01-06T22:08:36.690+0800][19.272s][info][gc,phases   ] GC(39) O: Old Generation
[2026-01-06T22:08:36.692+0800][19.273s][info][gc,phases   ] GC(39) O: Concurrent Mark 1.656ms
[2026-01-06T22:08:36.692+0800][19.273s][info][gc,phases   ] GC(39) O: Pause Mark End 0.003ms
[2026-01-06T22:08:36.692+0800][19.273s][info][gc,phases   ] GC(39) O: Concurrent Mark Free 0.000ms
[2026-01-06T22:08:36.694+0800][19.275s][info][gc,phases   ] GC(39) O: Concurrent Process Non-Strong 1.983ms
[2026-01-06T22:08:36.694+0800][19.275s][info][gc,phases   ] GC(39) O: Concurrent Reset Relocation Set 0.008ms
[2026-01-06T22:08:36.694+0800][19.275s][info][gc,phases   ] GC(39) O: Concurrent Select Relocation Set 0.051ms
[2026-01-06T22:08:36.694+0800][19.275s][info][gc,task     ] GC(39) O: Using 2 Workers for Old Generation
[2026-01-06T22:08:36.694+0800][19.276s][info][gc,task     ] GC(39) O: Using 1 Workers for Old Generation
[2026-01-06T22:08:36.694+0800][19.276s][info][gc,phases   ] GC(39) O: Concurrent Remap Roots 0.044ms
[2026-01-06T22:08:36.694+0800][19.276s][info][gc,phases   ] GC(39) O: Pause Relocate Start 0.001ms
[2026-01-06T22:08:36.695+0800][19.277s][info][gc,phases   ] GC(39) O: Concurrent Relocate 1.038ms
[2026-01-06T22:08:36.695+0800][19.277s][info][gc,alloc    ] GC(39) O:                         Mark Start        Mark End      Relocate Start    Relocate End   
[2026-01-06T22:08:36.695+0800][19.277s][info][gc,alloc    ] GC(39) O: Allocation Stalls:          0                0                0                0         
[2026-01-06T22:08:36.695+0800][19.277s][info][gc,load     ] GC(39) O: Load: 1.92 (19%) / 1.82 (18%) / 2.00 (20%)
[2026-01-06T22:08:36.695+0800][19.277s][info][gc,mmu      ] GC(39) O: MMU: 2ms/92.0%, 5ms/96.7%, 10ms/98.4%, 20ms/99.2%, 50ms/99.7%, 100ms/99.8%
[2026-01-06T22:08:36.695+0800][19.277s][info][gc,marking  ] GC(39) O: Mark: 1 stripe(s), 2 proactive flush(es), 1 terminate flush(es), 0 completion(s), 0 continuation(s) 
[2026-01-06T22:08:36.695+0800][19.277s][info][gc,nmethod  ] GC(39) O: NMethods: 41 registered, 34 unregistered
[2026-01-06T22:08:36.695+0800][19.277s][info][gc,metaspace] GC(39) O: Metaspace: 0M used, 0M committed, 1088M reserved
[2026-01-06T22:08:36.695+0800][19.277s][info][gc,ref      ] GC(39) O:                       Encountered   Discovered     Enqueued 
[2026-01-06T22:08:36.695+0800][19.277s][info][gc,ref      ] GC(39) O: Soft References:                1            0            0 
[2026-01-06T22:08:36.695+0800][19.277s][info][gc,ref      ] GC(39) O: Weak References:                6            0            0 
[2026-01-06T22:08:36.695+0800][19.277s][info][gc,ref      ] GC(39) O: Final References:               0            0            0 
[2026-01-06T22:08:36.695+0800][19.277s][info][gc,ref      ] GC(39) O: Phantom References:             1            1            0 
[2026-01-06T22:08:36.695+0800][19.277s][info][gc,reloc    ] GC(39) O:                        Candidates     Selected     In-Place         Size        Empty    Relocated 
[2026-01-06T22:08:36.695+0800][19.277s][info][gc,reloc    ] GC(39) O: Small Pages:                    2            1            0           4M           0M           1M 
[2026-01-06T22:08:36.695+0800][19.277s][info][gc,reloc    ] GC(39) O: Medium Pages:                   0            0            0           0M           0M           0M 
[2026-01-06T22:08:36.695+0800][19.277s][info][gc,reloc    ] GC(39) O: Large Pages:                    0            0            0           0M           0M           0M 
[2026-01-06T22:08:36.695+0800][19.277s][info][gc,reloc    ] GC(39) O: Forwarding Usage: 0M
[2026-01-06T22:08:36.695+0800][19.277s][info][gc,heap     ] GC(39) O: Min Capacity: 8M(0%)
[2026-01-06T22:08:36.695+0800][19.277s][info][gc,heap     ] GC(39) O: Max Capacity: 4096M(100%)
[2026-01-06T22:08:36.695+0800][19.277s][info][gc,heap     ] GC(39) O: Soft Max Capacity: 3686M(90%)
[2026-01-06T22:08:36.695+0800][19.277s][info][gc,heap     ] GC(39) O: Heap Statistics:
[2026-01-06T22:08:36.695+0800][19.277s][info][gc,heap     ] GC(39) O:                Mark Start          Mark End        Relocate Start      Relocate End           High               Low         
[2026-01-06T22:08:36.695+0800][19.277s][info][gc,heap     ] GC(39) O:  Capacity:     3494M (85%)        3494M (85%)        3494M (85%)        3494M (85%)        3494M (85%)        3494M (85%)    
[2026-01-06T22:08:36.695+0800][19.277s][info][gc,heap     ] GC(39) O:      Free:     1872M (46%)        4068M (99%)        4066M (99%)        4062M (99%)        4080M (100%)       1868M (46%)    
[2026-01-06T22:08:36.695+0800][19.277s][info][gc,heap     ] GC(39) O:      Used:     2224M (54%)          28M (1%)           30M (1%)           34M (1%)         2228M (54%)          16M (0%)     
[2026-01-06T22:08:36.695+0800][19.277s][info][gc,heap     ] GC(39) O: Old Generation Statistics:
[2026-01-06T22:08:36.695+0800][19.277s][info][gc,heap     ] GC(39) O:                Mark Start          Mark End        Relocate Start      Relocate End    
[2026-01-06T22:08:36.695+0800][19.277s][info][gc,heap     ] GC(39) O:      Used:        4M (0%)            4M (0%)            4M (0%)            4M (0%)     
[2026-01-06T22:08:36.695+0800][19.277s][info][gc,heap     ] GC(39) O:      Live:         -                 1M (0%)            1M (0%)            1M (0%)     
[2026-01-06T22:08:36.695+0800][19.277s][info][gc,heap     ] GC(39) O:   Garbage:         -                 2M (0%)            2M (0%)            0M (0%)     
[2026-01-06T22:08:36.695+0800][19.277s][info][gc,heap     ] GC(39) O: Allocated:         -                 0M (0%)            0M (0%)            2M (0%)     
[2026-01-06T22:08:36.695+0800][19.277s][info][gc,heap     ] GC(39) O: Reclaimed:         -                  -                 0M (0%)            2M (0%)     
[2026-01-06T22:08:36.695+0800][19.277s][info][gc,heap     ] GC(39) O: Compacted:         -                  -                  -                 1M (0%)     
[2026-01-06T22:08:36.695+0800][19.277s][info][gc,phases   ] GC(39) O: Old Generation 18M(0%)->34M(1%) 0.005s
[2026-01-06T22:08:36.695+0800][19.277s][info][gc          ] GC(39) Major Collection (Proactive) 2224M(54%)->36M(1%) 0.010s
[2026-01-06T22:08:37.199+0800][19.780s][info][gc          ] GC(40) Minor Collection (High Usage)
[2026-01-06T22:08:37.199+0800][19.780s][info][gc,task     ] GC(40) Using 1 Workers for Young Generation
[2026-01-06T22:08:37.199+0800][19.780s][info][gc,phases   ] GC(40) y: Young Generation
[2026-01-06T22:08:37.199+0800][19.780s][info][gc,phases   ] GC(40) y: Pause Mark Start 0.004ms
[2026-01-06T22:08:37.199+0800][19.781s][info][gc,phases   ] GC(40) y: Concurrent Mark 0.274ms
[2026-01-06T22:08:37.199+0800][19.781s][info][gc,phases   ] GC(40) y: Pause Mark End 0.003ms
[2026-01-06T22:08:37.199+0800][19.781s][info][gc,phases   ] GC(40) y: Concurrent Mark Free 0.000ms
[2026-01-06T22:08:37.199+0800][19.781s][info][gc,phases   ] GC(40) y: Concurrent Reset Relocation Set 0.000ms
[2026-01-06T22:08:37.200+0800][19.782s][info][gc,reloc    ] GC(40) y: Using tenuring threshold: 1 (Computed)
[2026-01-06T22:08:37.200+0800][19.782s][info][gc,phases   ] GC(40) y: Concurrent Select Relocation Set 0.813ms
[2026-01-06T22:08:37.200+0800][19.782s][info][gc,phases   ] GC(40) y: Pause Relocate Start 0.002ms
[2026-01-06T22:08:37.200+0800][19.782s][info][gc,phases   ] GC(40) y: Concurrent Relocate 0.008ms
[2026-01-06T22:08:37.200+0800][19.782s][info][gc,alloc    ] GC(40) y:                         Mark Start        Mark End      Relocate Start    Relocate End   
[2026-01-06T22:08:37.200+0800][19.782s][info][gc,alloc    ] GC(40) y: Allocation Stalls:          0                0                0                0         
[2026-01-06T22:08:37.200+0800][19.782s][info][gc,load     ] GC(40) y: Load: 2.73 (27%) / 1.98 (20%) / 2.06 (21%)
[2026-01-06T22:08:37.200+0800][19.782s][info][gc,mmu      ] GC(40) y: MMU: 2ms/92.0%, 5ms/96.7%, 10ms/98.4%, 20ms/99.2%, 50ms/99.7%, 100ms/99.8%
[2026-01-06T22:08:37.200+0800][19.782s][info][gc,marking  ] GC(40) y: Mark: 1 stripe(s), 2 proactive flush(es), 1 terminate flush(es), 0 completion(s), 0 continuation(s) 
[2026-01-06T22:08:37.200+0800][19.782s][info][gc,nmethod  ] GC(40) y: NMethods: 41 registered, 34 unregistered
[2026-01-06T22:08:37.200+0800][19.782s][info][gc,metaspace] GC(40) y: Metaspace: 0M used, 0M committed, 1088M reserved
[2026-01-06T22:08:37.200+0800][19.782s][info][gc,reloc    ] GC(40) y:                        Candidates     Selected     In-Place         Size        Empty    Relocated 
[2026-01-06T22:08:37.200+0800][19.782s][info][gc,reloc    ] GC(40) y: Small Pages:                 1740            0            0        3480M        3478M           0M 
[2026-01-06T22:08:37.200+0800][19.782s][info][gc,reloc    ] GC(40) y: Medium Pages:                   0            0            0           0M           0M           0M 
[2026-01-06T22:08:37.200+0800][19.782s][info][gc,reloc    ] GC(40) y: Large Pages:                    0            0            0           0M           0M           0M 
[2026-01-06T22:08:37.200+0800][19.782s][info][gc,reloc    ] GC(40) y: Forwarding Usage: 0M
[2026-01-06T22:08:37.200+0800][19.782s][info][gc,reloc    ] GC(40) y: Age Table:
[2026-01-06T22:08:37.200+0800][19.782s][info][gc,reloc    ] GC(40) y:                    Live             Garbage             Small              Medium             Large        
[2026-01-06T22:08:37.200+0800][19.782s][info][gc,reloc    ] GC(40) y: Eden               0M (0%)         3477M (85%)       1739 / 0              0 / 0              0 / 0        
[2026-01-06T22:08:37.200+0800][19.782s][info][gc,reloc    ] GC(40) y: Survivor 1          -                 2M (0%)           1 / 0              0 / 0              0 / 0        
[2026-01-06T22:08:37.200+0800][19.782s][info][gc,heap     ] GC(40) y: Min Capacity: 8M(0%)
[2026-01-06T22:08:37.200+0800][19.782s][info][gc,heap     ] GC(40) y: Max Capacity: 4096M(100%)
[2026-01-06T22:08:37.200+0800][19.782s][info][gc,heap     ] GC(40) y: Soft Max Capacity: 3686M(90%)
[2026-01-06T22:08:37.200+0800][19.782s][info][gc,heap     ] GC(40) y: Heap Statistics:
[2026-01-06T22:08:37.200+0800][19.782s][info][gc,heap     ] GC(40) y:                Mark Start          Mark End        Relocate Start      Relocate End           High               Low         
[2026-01-06T22:08:37.200+0800][19.782s][info][gc,heap     ] GC(40) y:  Capacity:     3494M (85%)        3494M (85%)        3494M (85%)        3494M (85%)        3494M (85%)        3494M (85%)    
[2026-01-06T22:08:37.200+0800][19.782s][info][gc,heap     ] GC(40) y:      Free:      612M (15%)         610M (15%)        4082M (100%)       4082M (100%)       4082M (100%)        610M (15%)    
[2026-01-06T22:08:37.200+0800][19.782s][info][gc,heap     ] GC(40) y:      Used:     3484M (85%)        3486M (85%)          14M (0%)           14M (0%)         3486M (85%)          14M (0%)     
[2026-01-06T22:08:37.200+0800][19.782s][info][gc,heap     ] GC(40) y: Young Generation Statistics:
[2026-01-06T22:08:37.200+0800][19.782s][info][gc,heap     ] GC(40) y:                Mark Start          Mark End        Relocate Start      Relocate End    
[2026-01-06T22:08:37.200+0800][19.782s][info][gc,heap     ] GC(40) y:      Used:     3480M (85%)        3482M (85%)          10M (0%)           10M (0%)     
[2026-01-06T22:08:37.200+0800][19.782s][info][gc,heap     ] GC(40) y:      Live:         -                 0M (0%)            0M (0%)            0M (0%)     
[2026-01-06T22:08:37.200+0800][19.782s][info][gc,heap     ] GC(40) y:   Garbage:         -              3479M (85%)           1M (0%)            1M (0%)     
[2026-01-06T22:08:37.200+0800][19.782s][info][gc,heap     ] GC(40) y: Allocated:         -                 2M (0%)            8M (0%)            8M (0%)     
[2026-01-06T22:08:37.200+0800][19.782s][info][gc,heap     ] GC(40) y: Reclaimed:         -                  -              3478M (85%)        3478M (85%)    
[2026-01-06T22:08:37.200+0800][19.782s][info][gc,heap     ] GC(40) y:  Promoted:         -                  -                 0M (0%)            0M (0%)     
[2026-01-06T22:08:37.200+0800][19.782s][info][gc,heap     ] GC(40) y: Compacted:         -                  -                  -                 0M (0%)     
[2026-01-06T22:08:37.200+0800][19.782s][info][gc,phases   ] GC(40) y: Young Generation 3484M(85%)->14M(0%) 0.001s
[2026-01-06T22:08:37.200+0800][19.782s][info][gc          ] GC(40) Minor Collection (High Usage) 3482M(85%)->16M(0%) 0.001s
[2026-01-06T22:08:37.324+0800][19.906s][info][gc          ] GC(41) Major Collection (Proactive)
[2026-01-06T22:08:37.324+0800][19.906s][info][gc,task     ] GC(41) Using 1 Workers for Young Generation
[2026-01-06T22:08:37.324+0800][19.906s][info][gc,task     ] GC(41) Using 1 Workers for Old Generation
[2026-01-06T22:08:37.324+0800][19.906s][info][gc,phases   ] GC(41) Y: Young Generation
[2026-01-06T22:08:37.324+0800][19.906s][info][gc,phases   ] GC(41) Y: Pause Mark Start (Major) 0.013ms
[2026-01-06T22:08:37.325+0800][19.906s][info][gc,phases   ] GC(41) Y: Concurrent Mark 0.211ms
[2026-01-06T22:08:37.325+0800][19.906s][info][gc,phases   ] GC(41) Y: Pause Mark End 0.003ms
[2026-01-06T22:08:37.325+0800][19.906s][info][gc,phases   ] GC(41) Y: Concurrent Mark Free 0.002ms
[2026-01-06T22:08:37.325+0800][19.906s][info][gc,phases   ] GC(41) Y: Concurrent Reset Relocation Set 0.000ms
[2026-01-06T22:08:37.325+0800][19.907s][info][gc,reloc    ] GC(41) Y: Using tenuring threshold: 1 (Computed)
[2026-01-06T22:08:37.325+0800][19.907s][info][gc,phases   ] GC(41) Y: Concurrent Select Relocation Set 0.413ms
[2026-01-06T22:08:37.325+0800][19.907s][info][gc,phases   ] GC(41) Y: Pause Relocate Start 0.001ms
[2026-01-06T22:08:37.325+0800][19.907s][info][gc,phases   ] GC(41) Y: Concurrent Relocate 0.011ms
[2026-01-06T22:08:37.325+0800][19.907s][info][gc,alloc    ] GC(41) Y:                         Mark Start        Mark End      Relocate Start    Relocate End   
[2026-01-06T22:08:37.325+0800][19.907s][info][gc,alloc    ] GC(41) Y: Allocation Stalls:          0                0                0                0         
[2026-01-06T22:08:37.325+0800][19.907s][info][gc,load     ] GC(41) Y: Load: 2.73 (27%) / 1.98 (20%) / 2.06 (21%)
[2026-01-06T22:08:37.325+0800][19.907s][info][gc,mmu      ] GC(41) Y: MMU: 2ms/92.0%, 5ms/96.7%, 10ms/98.4%, 20ms/99.2%, 50ms/99.7%, 100ms/99.8%
[2026-01-06T22:08:37.325+0800][19.907s][info][gc,marking  ] GC(41) Y: Mark: 1 stripe(s), 2 proactive flush(es), 1 terminate flush(es), 0 completion(s), 0 continuation(s) 
[2026-01-06T22:08:37.325+0800][19.907s][info][gc,nmethod  ] GC(41) Y: NMethods: 41 registered, 34 unregistered
[2026-01-06T22:08:37.325+0800][19.907s][info][gc,metaspace] GC(41) Y: Metaspace: 0M used, 0M committed, 1088M reserved
[2026-01-06T22:08:37.325+0800][19.907s][info][gc,reloc    ] GC(41) Y:                        Candidates     Selected     In-Place         Size        Empty    Relocated 
[2026-01-06T22:08:37.325+0800][19.907s][info][gc,reloc    ] GC(41) Y: Small Pages:                  406            0            0         812M         810M           0M 
[2026-01-06T22:08:37.325+0800][19.907s][info][gc,reloc    ] GC(41) Y: Medium Pages:                   0            0            0           0M           0M           0M 
[2026-01-06T22:08:37.325+0800][19.907s][info][gc,reloc    ] GC(41) Y: Large Pages:                    0            0            0           0M           0M           0M 
[2026-01-06T22:08:37.325+0800][19.907s][info][gc,reloc    ] GC(41) Y: Forwarding Usage: 0M
[2026-01-06T22:08:37.325+0800][19.907s][info][gc,reloc    ] GC(41) Y: Age Table:
[2026-01-06T22:08:37.325+0800][19.907s][info][gc,reloc    ] GC(41) Y:                    Live             Garbage             Small              Medium             Large        
[2026-01-06T22:08:37.325+0800][19.907s][info][gc,reloc    ] GC(41) Y: Eden               0M (0%)          809M (20%)        405 / 0              0 / 0              0 / 0        
[2026-01-06T22:08:37.325+0800][19.907s][info][gc,reloc    ] GC(41) Y: Survivor 1          -                 2M (0%)           1 / 0              0 / 0              0 / 0        
[2026-01-06T22:08:37.325+0800][19.907s][info][gc,heap     ] GC(41) Y: Min Capacity: 8M(0%)
[2026-01-06T22:08:37.325+0800][19.907s][info][gc,heap     ] GC(41) Y: Max Capacity: 4096M(100%)
[2026-01-06T22:08:37.325+0800][19.907s][info][gc,heap     ] GC(41) Y: Soft Max Capacity: 3686M(90%)
[2026-01-06T22:08:37.325+0800][19.907s][info][gc,heap     ] GC(41) Y: Heap Statistics:
[2026-01-06T22:08:37.325+0800][19.907s][info][gc,heap     ] GC(41) Y:                Mark Start          Mark End        Relocate Start      Relocate End           High               Low         
[2026-01-06T22:08:37.325+0800][19.907s][info][gc,heap     ] GC(41) Y:  Capacity:     3494M (85%)        3494M (85%)        3494M (85%)        3494M (85%)        3494M (85%)        3494M (85%)    
[2026-01-06T22:08:37.325+0800][19.907s][info][gc,heap     ] GC(41) Y:      Free:     3280M (80%)        3278M (80%)        4086M (100%)       4084M (100%)       4086M (100%)       3278M (80%)    
[2026-01-06T22:08:37.325+0800][19.907s][info][gc,heap     ] GC(41) Y:      Used:      816M (20%)         818M (20%)          10M (0%)           12M (0%)          818M (20%)          10M (0%)     
[2026-01-06T22:08:37.325+0800][19.907s][info][gc,heap     ] GC(41) Y: Young Generation Statistics:
[2026-01-06T22:08:37.325+0800][19.907s][info][gc,heap     ] GC(41) Y:                Mark Start          Mark End        Relocate Start      Relocate End    
[2026-01-06T22:08:37.325+0800][19.907s][info][gc,heap     ] GC(41) Y:      Used:      812M (20%)         814M (20%)           6M (0%)            8M (0%)     
[2026-01-06T22:08:37.325+0800][19.907s][info][gc,heap     ] GC(41) Y:      Live:         -                 0M (0%)            0M (0%)            0M (0%)     
[2026-01-06T22:08:37.325+0800][19.907s][info][gc,heap     ] GC(41) Y:   Garbage:         -               811M (20%)           1M (0%)            1M (0%)     
[2026-01-06T22:08:37.325+0800][19.907s][info][gc,heap     ] GC(41) Y: Allocated:         -                 2M (0%)            4M (0%)            6M (0%)     
[2026-01-06T22:08:37.325+0800][19.907s][info][gc,heap     ] GC(41) Y: Reclaimed:         -                  -               810M (20%)         810M (20%)    
[2026-01-06T22:08:37.325+0800][19.907s][info][gc,heap     ] GC(41) Y:  Promoted:         -                  -                 0M (0%)            0M (0%)     
[2026-01-06T22:08:37.325+0800][19.907s][info][gc,heap     ] GC(41) Y: Compacted:         -                  -                  -                 0M (0%)     
[2026-01-06T22:08:37.325+0800][19.907s][info][gc,phases   ] GC(41) Y: Young Generation 816M(20%)->12M(0%) 0.001s
[2026-01-06T22:08:37.325+0800][19.907s][info][gc,phases   ] GC(41) O: Old Generation
[2026-01-06T22:08:37.330+0800][19.911s][info][gc,phases   ] GC(41) O: Concurrent Mark 4.269ms
[2026-01-06T22:08:37.330+0800][19.911s][info][gc,phases   ] GC(41) O: Pause Mark End 0.004ms
[2026-01-06T22:08:37.330+0800][19.911s][info][gc,phases   ] GC(41) O: Concurrent Mark Free 0.001ms
[2026-01-06T22:08:37.330+0800][19.911s][info][gc,phases   ] GC(41) O: Concurrent Process Non-Strong 0.144ms
[2026-01-06T22:08:37.330+0800][19.911s][info][gc,phases   ] GC(41) O: Concurrent Reset Relocation Set 0.002ms
[2026-01-06T22:08:37.330+0800][19.911s][info][gc,phases   ] GC(41) O: Concurrent Select Relocation Set 0.050ms
[2026-01-06T22:08:37.330+0800][19.911s][info][gc,task     ] GC(41) O: Using 2 Workers for Old Generation
[2026-01-06T22:08:37.330+0800][19.911s][info][gc,task     ] GC(41) O: Using 1 Workers for Old Generation
[2026-01-06T22:08:37.330+0800][19.911s][info][gc,phases   ] GC(41) O: Concurrent Remap Roots 0.041ms
[2026-01-06T22:08:37.330+0800][19.912s][info][gc,phases   ] GC(41) O: Pause Relocate Start 0.002ms
[2026-01-06T22:08:37.331+0800][19.912s][info][gc,phases   ] GC(41) O: Concurrent Relocate 0.804ms
[2026-01-06T22:08:37.331+0800][19.912s][info][gc,alloc    ] GC(41) O:                         Mark Start        Mark End      Relocate Start    Relocate End   
[2026-01-06T22:08:37.331+0800][19.912s][info][gc,alloc    ] GC(41) O: Allocation Stalls:          0                0                0                0         
[2026-01-06T22:08:37.331+0800][19.912s][info][gc,load     ] GC(41) O: Load: 2.73 (27%) / 1.98 (20%) / 2.06 (21%)
[2026-01-06T22:08:37.331+0800][19.912s][info][gc,mmu      ] GC(41) O: MMU: 2ms/92.0%, 5ms/96.7%, 10ms/98.4%, 20ms/99.2%, 50ms/99.7%, 100ms/99.8%
[2026-01-06T22:08:37.331+0800][19.912s][info][gc,marking  ] GC(41) O: Mark: 1 stripe(s), 2 proactive flush(es), 1 terminate flush(es), 0 completion(s), 0 continuation(s) 
[2026-01-06T22:08:37.331+0800][19.912s][info][gc,nmethod  ] GC(41) O: NMethods: 41 registered, 34 unregistered
[2026-01-06T22:08:37.331+0800][19.912s][info][gc,metaspace] GC(41) O: Metaspace: 0M used, 0M committed, 1088M reserved
[2026-01-06T22:08:37.331+0800][19.912s][info][gc,ref      ] GC(41) O:                       Encountered   Discovered     Enqueued 
[2026-01-06T22:08:37.331+0800][19.912s][info][gc,ref      ] GC(41) O: Soft References:                1            0            0 
[2026-01-06T22:08:37.331+0800][19.912s][info][gc,ref      ] GC(41) O: Weak References:                6            0            0 
[2026-01-06T22:08:37.331+0800][19.912s][info][gc,ref      ] GC(41) O: Final References:               0            0            0 
[2026-01-06T22:08:37.331+0800][19.912s][info][gc,ref      ] GC(41) O: Phantom References:             1            1            0 
[2026-01-06T22:08:37.331+0800][19.912s][info][gc,reloc    ] GC(41) O:                        Candidates     Selected     In-Place         Size        Empty    Relocated 
[2026-01-06T22:08:37.331+0800][19.912s][info][gc,reloc    ] GC(41) O: Small Pages:                    2            1            0           4M           0M           1M 
[2026-01-06T22:08:37.331+0800][19.912s][info][gc,reloc    ] GC(41) O: Medium Pages:                   0            0            0           0M           0M           0M 
[2026-01-06T22:08:37.331+0800][19.912s][info][gc,reloc    ] GC(41) O: Large Pages:                    0            0            0           0M           0M           0M 
[2026-01-06T22:08:37.331+0800][19.912s][info][gc,reloc    ] GC(41) O: Forwarding Usage: 0M
[2026-01-06T22:08:37.331+0800][19.912s][info][gc,heap     ] GC(41) O: Min Capacity: 8M(0%)
[2026-01-06T22:08:37.331+0800][19.912s][info][gc,heap     ] GC(41) O: Max Capacity: 4096M(100%)
[2026-01-06T22:08:37.331+0800][19.912s][info][gc,heap     ] GC(41) O: Soft Max Capacity: 3686M(90%)
[2026-01-06T22:08:37.331+0800][19.912s][info][gc,heap     ] GC(41) O: Heap Statistics:
[2026-01-06T22:08:37.331+0800][19.912s][info][gc,heap     ] GC(41) O:                Mark Start          Mark End        Relocate Start      Relocate End           High               Low         
[2026-01-06T22:08:37.331+0800][19.912s][info][gc,heap     ] GC(41) O:  Capacity:     3494M (85%)        3494M (85%)        3494M (85%)        3494M (85%)        3494M (85%)        3494M (85%)    
[2026-01-06T22:08:37.331+0800][19.912s][info][gc,heap     ] GC(41) O:      Free:     3280M (80%)        4050M (99%)        4048M (99%)        4042M (99%)        4086M (100%)       3278M (80%)    
[2026-01-06T22:08:37.331+0800][19.912s][info][gc,heap     ] GC(41) O:      Used:      816M (20%)          46M (1%)           48M (1%)           54M (1%)          818M (20%)          10M (0%)     
[2026-01-06T22:08:37.331+0800][19.912s][info][gc,heap     ] GC(41) O: Old Generation Statistics:
[2026-01-06T22:08:37.331+0800][19.912s][info][gc,heap     ] GC(41) O:                Mark Start          Mark End        Relocate Start      Relocate End    
[2026-01-06T22:08:37.331+0800][19.912s][info][gc,heap     ] GC(41) O:      Used:        4M (0%)            4M (0%)            4M (0%)            4M (0%)     
[2026-01-06T22:08:37.331+0800][19.912s][info][gc,heap     ] GC(41) O:      Live:         -                 1M (0%)            1M (0%)            1M (0%)     
[2026-01-06T22:08:37.331+0800][19.912s][info][gc,heap     ] GC(41) O:   Garbage:         -                 2M (0%)            2M (0%)            0M (0%)     
[2026-01-06T22:08:37.331+0800][19.912s][info][gc,heap     ] GC(41) O: Allocated:         -                 0M (0%)            0M (0%)            2M (0%)     
[2026-01-06T22:08:37.331+0800][19.912s][info][gc,heap     ] GC(41) O: Reclaimed:         -                  -                 0M (0%)            2M (0%)     
[2026-01-06T22:08:37.331+0800][19.912s][info][gc,heap     ] GC(41) O: Compacted:         -                  -                  -                 1M (0%)     
[2026-01-06T22:08:37.331+0800][19.912s][info][gc,phases   ] GC(41) O: Old Generation 12M(0%)->54M(1%) 0.005s
[2026-01-06T22:08:37.331+0800][19.912s][info][gc          ] GC(41) Major Collection (Proactive) 816M(20%)->56M(1%) 0.007s
[2026-01-06T22:08:37.873+0800][20.455s][info][gc          ] GC(42) Major Collection (Proactive)
[2026-01-06T22:08:37.873+0800][20.455s][info][gc,task     ] GC(42) Using 1 Workers for Young Generation
[2026-01-06T22:08:37.873+0800][20.455s][info][gc,task     ] GC(42) Using 1 Workers for Old Generation
[2026-01-06T22:08:37.873+0800][20.455s][info][gc,phases   ] GC(42) Y: Young Generation
[2026-01-06T22:08:37.873+0800][20.455s][info][gc,phases   ] GC(42) Y: Pause Mark Start (Major) 0.005ms
[2026-01-06T22:08:37.874+0800][20.455s][info][gc,phases   ] GC(42) Y: Concurrent Mark 0.281ms
[2026-01-06T22:08:37.874+0800][20.455s][info][gc,phases   ] GC(42) Y: Pause Mark End 0.003ms
[2026-01-06T22:08:37.874+0800][20.455s][info][gc,phases   ] GC(42) Y: Concurrent Mark Free 0.001ms
[2026-01-06T22:08:37.874+0800][20.455s][info][gc,phases   ] GC(42) Y: Concurrent Reset Relocation Set 0.000ms
[2026-01-06T22:08:37.874+0800][20.456s][info][gc,reloc    ] GC(42) Y: Using tenuring threshold: 1 (Computed)
[2026-01-06T22:08:37.874+0800][20.456s][info][gc,phases   ] GC(42) Y: Concurrent Select Relocation Set 0.610ms
[2026-01-06T22:08:37.874+0800][20.456s][info][gc,phases   ] GC(42) Y: Pause Relocate Start 0.001ms
[2026-01-06T22:08:37.874+0800][20.456s][info][gc,phases   ] GC(42) Y: Concurrent Relocate 0.010ms
[2026-01-06T22:08:37.874+0800][20.456s][info][gc,alloc    ] GC(42) Y:                         Mark Start        Mark End      Relocate Start    Relocate End   
[2026-01-06T22:08:37.874+0800][20.456s][info][gc,alloc    ] GC(42) Y: Allocation Stalls:          0                0                0                0         
[2026-01-06T22:08:37.874+0800][20.456s][info][gc,load     ] GC(42) Y: Load: 2.73 (27%) / 1.98 (20%) / 2.06 (21%)
[2026-01-06T22:08:37.874+0800][20.456s][info][gc,mmu      ] GC(42) Y: MMU: 2ms/92.0%, 5ms/96.7%, 10ms/98.4%, 20ms/99.2%, 50ms/99.7%, 100ms/99.8%
[2026-01-06T22:08:37.874+0800][20.456s][info][gc,marking  ] GC(42) Y: Mark: 1 stripe(s), 2 proactive flush(es), 1 terminate flush(es), 0 completion(s), 0 continuation(s) 
[2026-01-06T22:08:37.874+0800][20.456s][info][gc,nmethod  ] GC(42) Y: NMethods: 41 registered, 34 unregistered
[2026-01-06T22:08:37.874+0800][20.456s][info][gc,metaspace] GC(42) Y: Metaspace: 0M used, 0M committed, 1088M reserved
[2026-01-06T22:08:37.874+0800][20.456s][info][gc,reloc    ] GC(42) Y:                        Candidates     Selected     In-Place         Size        Empty    Relocated 
[2026-01-06T22:08:37.874+0800][20.456s][info][gc,reloc    ] GC(42) Y: Small Pages:                 1440            0            0        2880M        2878M           0M 
[2026-01-06T22:08:37.874+0800][20.456s][info][gc,reloc    ] GC(42) Y: Medium Pages:                   0            0            0           0M           0M           0M 
[2026-01-06T22:08:37.874+0800][20.456s][info][gc,reloc    ] GC(42) Y: Large Pages:                    0            0            0           0M           0M           0M 
[2026-01-06T22:08:37.874+0800][20.456s][info][gc,reloc    ] GC(42) Y: Forwarding Usage: 0M
[2026-01-06T22:08:37.874+0800][20.456s][info][gc,reloc    ] GC(42) Y: Age Table:
[2026-01-06T22:08:37.874+0800][20.456s][info][gc,reloc    ] GC(42) Y:                    Live             Garbage             Small              Medium             Large        
[2026-01-06T22:08:37.875+0800][20.456s][info][gc,reloc    ] GC(42) Y: Eden               0M (0%)         2877M (70%)       1439 / 0              0 / 0              0 / 0        
[2026-01-06T22:08:37.875+0800][20.456s][info][gc,reloc    ] GC(42) Y: Survivor 1          -                 2M (0%)           1 / 0              0 / 0              0 / 0        
[2026-01-06T22:08:37.875+0800][20.456s][info][gc,heap     ] GC(42) Y: Min Capacity: 8M(0%)
[2026-01-06T22:08:37.875+0800][20.456s][info][gc,heap     ] GC(42) Y: Max Capacity: 4096M(100%)
[2026-01-06T22:08:37.875+0800][20.456s][info][gc,heap     ] GC(42) Y: Soft Max Capacity: 3686M(90%)
[2026-01-06T22:08:37.875+0800][20.456s][info][gc,heap     ] GC(42) Y: Heap Statistics:
[2026-01-06T22:08:37.875+0800][20.456s][info][gc,heap     ] GC(42) Y:                Mark Start          Mark End        Relocate Start      Relocate End           High               Low         
[2026-01-06T22:08:37.875+0800][20.456s][info][gc,heap     ] GC(42) Y:  Capacity:     3494M (85%)        3494M (85%)        3494M (85%)        3494M (85%)        3494M (85%)        3494M (85%)    
[2026-01-06T22:08:37.875+0800][20.456s][info][gc,heap     ] GC(42) Y:      Free:     1212M (30%)        1210M (30%)        4084M (100%)       4084M (100%)       4084M (100%)       1208M (29%)    
[2026-01-06T22:08:37.875+0800][20.456s][info][gc,heap     ] GC(42) Y:      Used:     2884M (70%)        2886M (70%)          12M (0%)           12M (0%)         2888M (71%)          12M (0%)     
[2026-01-06T22:08:37.875+0800][20.456s][info][gc,heap     ] GC(42) Y: Young Generation Statistics:
[2026-01-06T22:08:37.875+0800][20.456s][info][gc,heap     ] GC(42) Y:                Mark Start          Mark End        Relocate Start      Relocate End    
[2026-01-06T22:08:37.875+0800][20.456s][info][gc,heap     ] GC(42) Y:      Used:     2880M (70%)        2882M (70%)           8M (0%)            8M (0%)     
[2026-01-06T22:08:37.875+0800][20.456s][info][gc,heap     ] GC(42) Y:      Live:         -                 0M (0%)            0M (0%)            0M (0%)     
[2026-01-06T22:08:37.875+0800][20.456s][info][gc,heap     ] GC(42) Y:   Garbage:         -              2879M (70%)           1M (0%)            1M (0%)     
[2026-01-06T22:08:37.875+0800][20.456s][info][gc,heap     ] GC(42) Y: Allocated:         -                 2M (0%)            6M (0%)            6M (0%)     
[2026-01-06T22:08:37.875+0800][20.456s][info][gc,heap     ] GC(42) Y: Reclaimed:         -                  -              2878M (70%)        2878M (70%)    
[2026-01-06T22:08:37.875+0800][20.456s][info][gc,heap     ] GC(42) Y:  Promoted:         -                  -                 0M (0%)            0M (0%)     
[2026-01-06T22:08:37.875+0800][20.456s][info][gc,heap     ] GC(42) Y: Compacted:         -                  -                  -                 0M (0%)     
[2026-01-06T22:08:37.875+0800][20.456s][info][gc,phases   ] GC(42) Y: Young Generation 2884M(70%)->12M(0%) 0.001s
[2026-01-06T22:08:37.875+0800][20.456s][info][gc,phases   ] GC(42) O: Old Generation
[2026-01-06T22:08:37.876+0800][20.458s][info][gc,phases   ] GC(42) O: Concurrent Mark 1.720ms
[2026-01-06T22:08:37.876+0800][20.458s][info][gc,phases   ] GC(42) O: Pause Mark End 0.003ms
[2026-01-06T22:08:37.876+0800][20.458s][info][gc,phases   ] GC(42) O: Concurrent Mark Free 0.001ms
[2026-01-06T22:08:37.876+0800][20.458s][info][gc,phases   ] GC(42) O: Concurrent Process Non-Strong 0.119ms
[2026-01-06T22:08:37.876+0800][20.458s][info][gc,phases   ] GC(42) O: Concurrent Reset Relocation Set 0.001ms
[2026-01-06T22:08:37.876+0800][20.458s][info][gc,phases   ] GC(42) O: Concurrent Select Relocation Set 0.018ms
[2026-01-06T22:08:37.876+0800][20.458s][info][gc,task     ] GC(42) O: Using 2 Workers for Old Generation
[2026-01-06T22:08:37.877+0800][20.458s][info][gc,task     ] GC(42) O: Using 1 Workers for Old Generation
[2026-01-06T22:08:37.877+0800][20.458s][info][gc,phases   ] GC(42) O: Concurrent Remap Roots 0.048ms
[2026-01-06T22:08:37.877+0800][20.458s][info][gc,phases   ] GC(42) O: Pause Relocate Start 0.001ms
[2026-01-06T22:08:37.877+0800][20.459s][info][gc,phases   ] GC(42) O: Concurrent Relocate 0.647ms
[2026-01-06T22:08:37.877+0800][20.459s][info][gc,alloc    ] GC(42) O:                         Mark Start        Mark End      Relocate Start    Relocate End   
[2026-01-06T22:08:37.877+0800][20.459s][info][gc,alloc    ] GC(42) O: Allocation Stalls:          0                0                0                0         
[2026-01-06T22:08:37.877+0800][20.459s][info][gc,load     ] GC(42) O: Load: 2.73 (27%) / 1.98 (20%) / 2.06 (21%)
[2026-01-06T22:08:37.877+0800][20.459s][info][gc,mmu      ] GC(42) O: MMU: 2ms/92.0%, 5ms/96.7%, 10ms/98.4%, 20ms/99.2%, 50ms/99.7%, 100ms/99.8%
[2026-01-06T22:08:37.877+0800][20.459s][info][gc,marking  ] GC(42) O: Mark: 1 stripe(s), 2 proactive flush(es), 1 terminate flush(es), 0 completion(s), 0 continuation(s) 
[2026-01-06T22:08:37.877+0800][20.459s][info][gc,nmethod  ] GC(42) O: NMethods: 41 registered, 34 unregistered
[2026-01-06T22:08:37.877+0800][20.459s][info][gc,metaspace] GC(42) O: Metaspace: 0M used, 0M committed, 1088M reserved
[2026-01-06T22:08:37.877+0800][20.459s][info][gc,ref      ] GC(42) O:                       Encountered   Discovered     Enqueued 
[2026-01-06T22:08:37.877+0800][20.459s][info][gc,ref      ] GC(42) O: Soft References:                1            0            0 
[2026-01-06T22:08:37.877+0800][20.459s][info][gc,ref      ] GC(42) O: Weak References:                6            0            0 
[2026-01-06T22:08:37.877+0800][20.459s][info][gc,ref      ] GC(42) O: Final References:               0            0            0 
[2026-01-06T22:08:37.877+0800][20.459s][info][gc,ref      ] GC(42) O: Phantom References:             1            1            0 
[2026-01-06T22:08:37.877+0800][20.459s][info][gc,reloc    ] GC(42) O:                        Candidates     Selected     In-Place         Size        Empty    Relocated 
[2026-01-06T22:08:37.877+0800][20.459s][info][gc,reloc    ] GC(42) O: Small Pages:                    2            1            0           4M           0M           1M 
[2026-01-06T22:08:37.877+0800][20.459s][info][gc,reloc    ] GC(42) O: Medium Pages:                   0            0            0           0M           0M           0M 
[2026-01-06T22:08:37.877+0800][20.459s][info][gc,reloc    ] GC(42) O: Large Pages:                    0            0            0           0M           0M           0M 
[2026-01-06T22:08:37.877+0800][20.459s][info][gc,reloc    ] GC(42) O: Forwarding Usage: 0M
[2026-01-06T22:08:37.877+0800][20.459s][info][gc,heap     ] GC(42) O: Min Capacity: 8M(0%)
[2026-01-06T22:08:37.877+0800][20.459s][info][gc,heap     ] GC(42) O: Max Capacity: 4096M(100%)
[2026-01-06T22:08:37.877+0800][20.459s][info][gc,heap     ] GC(42) O: Soft Max Capacity: 3686M(90%)
[2026-01-06T22:08:37.877+0800][20.459s][info][gc,heap     ] GC(42) O: Heap Statistics:
[2026-01-06T22:08:37.877+0800][20.459s][info][gc,heap     ] GC(42) O:                Mark Start          Mark End        Relocate Start      Relocate End           High               Low         
[2026-01-06T22:08:37.877+0800][20.459s][info][gc,heap     ] GC(42) O:  Capacity:     3494M (85%)        3494M (85%)        3494M (85%)        3494M (85%)        3494M (85%)        3494M (85%)    
[2026-01-06T22:08:37.877+0800][20.459s][info][gc,heap     ] GC(42) O:      Free:     1212M (30%)        4054M (99%)        4050M (99%)        4042M (99%)        4084M (100%)       1208M (29%)    
[2026-01-06T22:08:37.877+0800][20.459s][info][gc,heap     ] GC(42) O:      Used:     2884M (70%)          42M (1%)           46M (1%)           54M (1%)         2888M (71%)          12M (0%)     
[2026-01-06T22:08:37.877+0800][20.459s][info][gc,heap     ] GC(42) O: Old Generation Statistics:
[2026-01-06T22:08:37.877+0800][20.459s][info][gc,heap     ] GC(42) O:                Mark Start          Mark End        Relocate Start      Relocate End    
[2026-01-06T22:08:37.877+0800][20.459s][info][gc,heap     ] GC(42) O:      Used:        4M (0%)            4M (0%)            4M (0%)            4M (0%)     
[2026-01-06T22:08:37.877+0800][20.459s][info][gc,heap     ] GC(42) O:      Live:         -                 1M (0%)            1M (0%)            1M (0%)     
[2026-01-06T22:08:37.877+0800][20.459s][info][gc,heap     ] GC(42) O:   Garbage:         -                 2M (0%)            2M (0%)            0M (0%)     
[2026-01-06T22:08:37.877+0800][20.459s][info][gc,heap     ] GC(42) O: Allocated:         -                 0M (0%)            0M (0%)            2M (0%)     
[2026-01-06T22:08:37.877+0800][20.459s][info][gc,heap     ] GC(42) O: Reclaimed:         -                  -                 0M (0%)            2M (0%)     
[2026-01-06T22:08:37.877+0800][20.459s][info][gc,heap     ] GC(42) O: Compacted:         -                  -                  -                 1M (0%)     
[2026-01-06T22:08:37.877+0800][20.459s][info][gc,phases   ] GC(42) O: Old Generation 14M(0%)->54M(1%) 0.003s
[2026-01-06T22:08:37.877+0800][20.459s][info][gc          ] GC(42) Major Collection (Proactive) 2884M(70%)->56M(1%) 0.004s
[2026-01-06T22:08:38.368+0800][20.949s][info][gc          ] GC(43) Major Collection (Proactive)
[2026-01-06T22:08:38.368+0800][20.949s][info][gc,task     ] GC(43) Using 1 Workers for Young Generation
[2026-01-06T22:08:38.368+0800][20.949s][info][gc,task     ] GC(43) Using 1 Workers for Old Generation
[2026-01-06T22:08:38.368+0800][20.949s][info][gc,phases   ] GC(43) Y: Young Generation
[2026-01-06T22:08:38.368+0800][20.950s][info][gc,phases   ] GC(43) Y: Pause Mark Start (Major) 0.013ms
[2026-01-06T22:08:38.368+0800][20.950s][info][gc,phases   ] GC(43) Y: Concurrent Mark 0.439ms
[2026-01-06T22:08:38.368+0800][20.950s][info][gc,phases   ] GC(43) Y: Pause Mark End 0.003ms
[2026-01-06T22:08:38.368+0800][20.950s][info][gc,phases   ] GC(43) Y: Concurrent Mark Free 0.004ms
[2026-01-06T22:08:38.368+0800][20.950s][info][gc,phases   ] GC(43) Y: Concurrent Reset Relocation Set 0.000ms
[2026-01-06T22:08:38.369+0800][20.951s][info][gc,reloc    ] GC(43) Y: Using tenuring threshold: 1 (Computed)
[2026-01-06T22:08:38.369+0800][20.951s][info][gc,phases   ] GC(43) Y: Concurrent Select Relocation Set 0.610ms
[2026-01-06T22:08:38.369+0800][20.951s][info][gc,phases   ] GC(43) Y: Pause Relocate Start 0.001ms
[2026-01-06T22:08:38.369+0800][20.951s][info][gc,phases   ] GC(43) Y: Concurrent Relocate 0.011ms
[2026-01-06T22:08:38.369+0800][20.951s][info][gc,alloc    ] GC(43) Y:                         Mark Start        Mark End      Relocate Start    Relocate End   
[2026-01-06T22:08:38.369+0800][20.951s][info][gc,alloc    ] GC(43) Y: Allocation Stalls:          0                0                0                0         
[2026-01-06T22:08:38.369+0800][20.951s][info][gc,load     ] GC(43) Y: Load: 2.73 (27%) / 1.98 (20%) / 2.06 (21%)
[2026-01-06T22:08:38.369+0800][20.951s][info][gc,mmu      ] GC(43) Y: MMU: 2ms/92.0%, 5ms/96.7%, 10ms/98.4%, 20ms/99.2%, 50ms/99.7%, 100ms/99.8%
[2026-01-06T22:08:38.369+0800][20.951s][info][gc,marking  ] GC(43) Y: Mark: 1 stripe(s), 2 proactive flush(es), 1 terminate flush(es), 0 completion(s), 0 continuation(s) 
[2026-01-06T22:08:38.369+0800][20.951s][info][gc,nmethod  ] GC(43) Y: NMethods: 41 registered, 34 unregistered
[2026-01-06T22:08:38.369+0800][20.951s][info][gc,metaspace] GC(43) Y: Metaspace: 0M used, 0M committed, 1088M reserved
[2026-01-06T22:08:38.369+0800][20.951s][info][gc,reloc    ] GC(43) Y:                        Candidates     Selected     In-Place         Size        Empty    Relocated 
[2026-01-06T22:08:38.369+0800][20.951s][info][gc,reloc    ] GC(43) Y: Small Pages:                 1095            0            0        2190M        2188M           0M 
[2026-01-06T22:08:38.369+0800][20.951s][info][gc,reloc    ] GC(43) Y: Medium Pages:                   0            0            0           0M           0M           0M 
[2026-01-06T22:08:38.369+0800][20.951s][info][gc,reloc    ] GC(43) Y: Large Pages:                    0            0            0           0M           0M           0M 
[2026-01-06T22:08:38.369+0800][20.951s][info][gc,reloc    ] GC(43) Y: Forwarding Usage: 0M
[2026-01-06T22:08:38.369+0800][20.951s][info][gc,reloc    ] GC(43) Y: Age Table:
[2026-01-06T22:08:38.369+0800][20.951s][info][gc,reloc    ] GC(43) Y:                    Live             Garbage             Small              Medium             Large        
[2026-01-06T22:08:38.369+0800][20.951s][info][gc,reloc    ] GC(43) Y: Eden               0M (0%)         2187M (53%)       1094 / 0              0 / 0              0 / 0        
[2026-01-06T22:08:38.369+0800][20.951s][info][gc,reloc    ] GC(43) Y: Survivor 1          -                 2M (0%)           1 / 0              0 / 0              0 / 0        
[2026-01-06T22:08:38.369+0800][20.951s][info][gc,heap     ] GC(43) Y: Min Capacity: 8M(0%)
[2026-01-06T22:08:38.369+0800][20.951s][info][gc,heap     ] GC(43) Y: Max Capacity: 4096M(100%)
[2026-01-06T22:08:38.369+0800][20.951s][info][gc,heap     ] GC(43) Y: Soft Max Capacity: 3686M(90%)
[2026-01-06T22:08:38.369+0800][20.951s][info][gc,heap     ] GC(43) Y: Heap Statistics:
[2026-01-06T22:08:38.369+0800][20.951s][info][gc,heap     ] GC(43) Y:                Mark Start          Mark End        Relocate Start      Relocate End           High               Low         
[2026-01-06T22:08:38.369+0800][20.951s][info][gc,heap     ] GC(43) Y:  Capacity:     3494M (85%)        3494M (85%)        3494M (85%)        3494M (85%)        3494M (85%)        3494M (85%)    
[2026-01-06T22:08:38.369+0800][20.951s][info][gc,heap     ] GC(43) Y:      Free:     1902M (46%)        1898M (46%)        4084M (100%)       4084M (100%)       4084M (100%)       1898M (46%)    
[2026-01-06T22:08:38.369+0800][20.951s][info][gc,heap     ] GC(43) Y:      Used:     2194M (54%)        2198M (54%)          12M (0%)           12M (0%)         2198M (54%)          12M (0%)     
[2026-01-06T22:08:38.369+0800][20.951s][info][gc,heap     ] GC(43) Y: Young Generation Statistics:
[2026-01-06T22:08:38.369+0800][20.951s][info][gc,heap     ] GC(43) Y:                Mark Start          Mark End        Relocate Start      Relocate End    
[2026-01-06T22:08:38.369+0800][20.951s][info][gc,heap     ] GC(43) Y:      Used:     2190M (53%)        2194M (54%)           8M (0%)            8M (0%)     
[2026-01-06T22:08:38.369+0800][20.951s][info][gc,heap     ] GC(43) Y:      Live:         -                 0M (0%)            0M (0%)            0M (0%)     
[2026-01-06T22:08:38.369+0800][20.951s][info][gc,heap     ] GC(43) Y:   Garbage:         -              2189M (53%)           1M (0%)            1M (0%)     
[2026-01-06T22:08:38.369+0800][20.951s][info][gc,heap     ] GC(43) Y: Allocated:         -                 4M (0%)            6M (0%)            6M (0%)     
[2026-01-06T22:08:38.369+0800][20.951s][info][gc,heap     ] GC(43) Y: Reclaimed:         -                  -              2188M (53%)        2188M (53%)    
[2026-01-06T22:08:38.369+0800][20.951s][info][gc,heap     ] GC(43) Y:  Promoted:         -                  -                 0M (0%)            0M (0%)     
[2026-01-06T22:08:38.369+0800][20.951s][info][gc,heap     ] GC(43) Y: Compacted:         -                  -                  -                 0M (0%)     
[2026-01-06T22:08:38.369+0800][20.951s][info][gc,phases   ] GC(43) Y: Young Generation 2194M(54%)->12M(0%) 0.001s
[2026-01-06T22:08:38.369+0800][20.951s][info][gc,phases   ] GC(43) O: Old Generation
[2026-01-06T22:08:38.375+0800][20.956s][info][gc,phases   ] GC(43) O: Concurrent Mark 5.652ms
[2026-01-06T22:08:38.375+0800][20.956s][info][gc,phases   ] GC(43) O: Pause Mark End 0.003ms
[2026-01-06T22:08:38.375+0800][20.956s][info][gc,phases   ] GC(43) O: Concurrent Mark Free 0.000ms
[2026-01-06T22:08:38.375+0800][20.957s][info][gc,phases   ] GC(43) O: Concurrent Process Non-Strong 0.125ms
[2026-01-06T22:08:38.375+0800][20.957s][info][gc,phases   ] GC(43) O: Concurrent Reset Relocation Set 0.003ms
[2026-01-06T22:08:38.375+0800][20.957s][info][gc,phases   ] GC(43) O: Concurrent Select Relocation Set 0.028ms
[2026-01-06T22:08:38.375+0800][20.957s][info][gc,task     ] GC(43) O: Using 2 Workers for Old Generation
[2026-01-06T22:08:38.375+0800][20.957s][info][gc,task     ] GC(43) O: Using 1 Workers for Old Generation
[2026-01-06T22:08:38.375+0800][20.957s][info][gc,phases   ] GC(43) O: Concurrent Remap Roots 0.040ms
[2026-01-06T22:08:38.375+0800][20.957s][info][gc,phases   ] GC(43) O: Pause Relocate Start 0.001ms
[2026-01-06T22:08:38.376+0800][20.958s][info][gc,phases   ] GC(43) O: Concurrent Relocate 0.794ms
[2026-01-06T22:08:38.376+0800][20.958s][info][gc,alloc    ] GC(43) O:                         Mark Start        Mark End      Relocate Start    Relocate End   
[2026-01-06T22:08:38.376+0800][20.958s][info][gc,alloc    ] GC(43) O: Allocation Stalls:          0                0                0                0         
[2026-01-06T22:08:38.376+0800][20.958s][info][gc,load     ] GC(43) O: Load: 2.73 (27%) / 1.98 (20%) / 2.06 (21%)
[2026-01-06T22:08:38.376+0800][20.958s][info][gc,mmu      ] GC(43) O: MMU: 2ms/92.0%, 5ms/96.7%, 10ms/98.4%, 20ms/99.2%, 50ms/99.7%, 100ms/99.8%
[2026-01-06T22:08:38.376+0800][20.958s][info][gc,marking  ] GC(43) O: Mark: 1 stripe(s), 2 proactive flush(es), 1 terminate flush(es), 0 completion(s), 0 continuation(s) 
[2026-01-06T22:08:38.376+0800][20.958s][info][gc,nmethod  ] GC(43) O: NMethods: 41 registered, 34 unregistered
[2026-01-06T22:08:38.376+0800][20.958s][info][gc,metaspace] GC(43) O: Metaspace: 0M used, 0M committed, 1088M reserved
[2026-01-06T22:08:38.376+0800][20.958s][info][gc,ref      ] GC(43) O:                       Encountered   Discovered     Enqueued 
[2026-01-06T22:08:38.376+0800][20.958s][info][gc,ref      ] GC(43) O: Soft References:                1            0            0 
[2026-01-06T22:08:38.376+0800][20.958s][info][gc,ref      ] GC(43) O: Weak References:                6            0            0 
[2026-01-06T22:08:38.376+0800][20.958s][info][gc,ref      ] GC(43) O: Final References:               0            0            0 
[2026-01-06T22:08:38.376+0800][20.958s][info][gc,ref      ] GC(43) O: Phantom References:             1            1            0 
[2026-01-06T22:08:38.376+0800][20.958s][info][gc,reloc    ] GC(43) O:                        Candidates     Selected     In-Place         Size        Empty    Relocated 
[2026-01-06T22:08:38.376+0800][20.958s][info][gc,reloc    ] GC(43) O: Small Pages:                    2            1            0           4M           0M           1M 
[2026-01-06T22:08:38.376+0800][20.958s][info][gc,reloc    ] GC(43) O: Medium Pages:                   0            0            0           0M           0M           0M 
[2026-01-06T22:08:38.376+0800][20.958s][info][gc,reloc    ] GC(43) O: Large Pages:                    0            0            0           0M           0M           0M 
[2026-01-06T22:08:38.376+0800][20.958s][info][gc,reloc    ] GC(43) O: Forwarding Usage: 0M
[2026-01-06T22:08:38.376+0800][20.958s][info][gc,heap     ] GC(43) O: Min Capacity: 8M(0%)
[2026-01-06T22:08:38.376+0800][20.958s][info][gc,heap     ] GC(43) O: Max Capacity: 4096M(100%)
[2026-01-06T22:08:38.376+0800][20.958s][info][gc,heap     ] GC(43) O: Soft Max Capacity: 3686M(90%)
[2026-01-06T22:08:38.376+0800][20.958s][info][gc,heap     ] GC(43) O: Heap Statistics:
[2026-01-06T22:08:38.376+0800][20.958s][info][gc,heap     ] GC(43) O:                Mark Start          Mark End        Relocate Start      Relocate End           High               Low         
[2026-01-06T22:08:38.376+0800][20.958s][info][gc,heap     ] GC(43) O:  Capacity:     3494M (85%)        3494M (85%)        3494M (85%)        3494M (85%)        3494M (85%)        3494M (85%)    
[2026-01-06T22:08:38.376+0800][20.958s][info][gc,heap     ] GC(43) O:      Free:     1902M (46%)        4072M (99%)        4070M (99%)        4064M (99%)        4084M (100%)       1898M (46%)    
[2026-01-06T22:08:38.376+0800][20.958s][info][gc,heap     ] GC(43) O:      Used:     2194M (54%)          24M (1%)           26M (1%)           32M (1%)         2198M (54%)          12M (0%)     
[2026-01-06T22:08:38.376+0800][20.958s][info][gc,heap     ] GC(43) O: Old Generation Statistics:
[2026-01-06T22:08:38.376+0800][20.958s][info][gc,heap     ] GC(43) O:                Mark Start          Mark End        Relocate Start      Relocate End    
[2026-01-06T22:08:38.376+0800][20.958s][info][gc,heap     ] GC(43) O:      Used:        4M (0%)            4M (0%)            4M (0%)            4M (0%)     
[2026-01-06T22:08:38.376+0800][20.958s][info][gc,heap     ] GC(43) O:      Live:         -                 1M (0%)            1M (0%)            1M (0%)     
[2026-01-06T22:08:38.376+0800][20.958s][info][gc,heap     ] GC(43) O:   Garbage:         -                 2M (0%)            2M (0%)            0M (0%)     
[2026-01-06T22:08:38.376+0800][20.958s][info][gc,heap     ] GC(43) O: Allocated:         -                 0M (0%)            0M (0%)            2M (0%)     
[2026-01-06T22:08:38.376+0800][20.958s][info][gc,heap     ] GC(43) O: Reclaimed:         -                  -                 0M (0%)            2M (0%)     
[2026-01-06T22:08:38.376+0800][20.958s][info][gc,heap     ] GC(43) O: Compacted:         -                  -                  -                 1M (0%)     
[2026-01-06T22:08:38.376+0800][20.958s][info][gc,phases   ] GC(43) O: Old Generation 12M(0%)->32M(1%) 0.007s
[2026-01-06T22:08:38.376+0800][20.958s][info][gc          ] GC(43) Major Collection (Proactive) 2194M(54%)->34M(1%) 0.008s
[2026-01-06T22:08:38.896+0800][21.477s][info][gc          ] GC(44) Minor Collection (High Usage)
[2026-01-06T22:08:38.896+0800][21.477s][info][gc,task     ] GC(44) Using 1 Workers for Young Generation
[2026-01-06T22:08:38.896+0800][21.477s][info][gc,phases   ] GC(44) y: Young Generation
[2026-01-06T22:08:38.896+0800][21.477s][info][gc,phases   ] GC(44) y: Pause Mark Start 0.003ms
[2026-01-06T22:08:38.896+0800][21.478s][info][gc,phases   ] GC(44) y: Concurrent Mark 0.274ms
[2026-01-06T22:08:38.896+0800][21.478s][info][gc,phases   ] GC(44) y: Pause Mark End 0.003ms
[2026-01-06T22:08:38.896+0800][21.478s][info][gc,phases   ] GC(44) y: Concurrent Mark Free 0.000ms
[2026-01-06T22:08:38.896+0800][21.478s][info][gc,phases   ] GC(44) y: Concurrent Reset Relocation Set 0.000ms
[2026-01-06T22:08:38.902+0800][21.483s][info][gc,reloc    ] GC(44) y: Using tenuring threshold: 1 (Computed)
[2026-01-06T22:08:38.902+0800][21.483s][info][gc,phases   ] GC(44) y: Concurrent Select Relocation Set 5.829ms
[2026-01-06T22:08:38.902+0800][21.483s][info][gc,phases   ] GC(44) y: Pause Relocate Start 0.001ms
[2026-01-06T22:08:38.902+0800][21.483s][info][gc,phases   ] GC(44) y: Concurrent Relocate 0.010ms
[2026-01-06T22:08:38.902+0800][21.483s][info][gc,alloc    ] GC(44) y:                         Mark Start        Mark End      Relocate Start    Relocate End   
[2026-01-06T22:08:38.902+0800][21.483s][info][gc,alloc    ] GC(44) y: Allocation Stalls:          0                0                0                0         
[2026-01-06T22:08:38.902+0800][21.483s][info][gc,load     ] GC(44) y: Load: 2.73 (27%) / 1.98 (20%) / 2.06 (21%)
[2026-01-06T22:08:38.902+0800][21.483s][info][gc,mmu      ] GC(44) y: MMU: 2ms/92.0%, 5ms/96.7%, 10ms/98.4%, 20ms/99.2%, 50ms/99.7%, 100ms/99.8%
[2026-01-06T22:08:38.902+0800][21.483s][info][gc,marking  ] GC(44) y: Mark: 1 stripe(s), 2 proactive flush(es), 1 terminate flush(es), 0 completion(s), 0 continuation(s) 
[2026-01-06T22:08:38.902+0800][21.483s][info][gc,nmethod  ] GC(44) y: NMethods: 41 registered, 34 unregistered
[2026-01-06T22:08:38.902+0800][21.483s][info][gc,metaspace] GC(44) y: Metaspace: 0M used, 0M committed, 1088M reserved
[2026-01-06T22:08:38.902+0800][21.483s][info][gc,reloc    ] GC(44) y:                        Candidates     Selected     In-Place         Size        Empty    Relocated 
[2026-01-06T22:08:38.902+0800][21.483s][info][gc,reloc    ] GC(44) y: Small Pages:                 1740            0            0        3480M        3478M           0M 
[2026-01-06T22:08:38.902+0800][21.483s][info][gc,reloc    ] GC(44) y: Medium Pages:                   0            0            0           0M           0M           0M 
[2026-01-06T22:08:38.902+0800][21.483s][info][gc,reloc    ] GC(44) y: Large Pages:                    0            0            0           0M           0M           0M 
[2026-01-06T22:08:38.902+0800][21.483s][info][gc,reloc    ] GC(44) y: Forwarding Usage: 0M
[2026-01-06T22:08:38.902+0800][21.484s][info][gc,reloc    ] GC(44) y: Age Table:
[2026-01-06T22:08:38.902+0800][21.484s][info][gc,reloc    ] GC(44) y:                    Live             Garbage             Small              Medium             Large        
[2026-01-06T22:08:38.902+0800][21.484s][info][gc,reloc    ] GC(44) y: Eden               0M (0%)         3477M (85%)       1739 / 0              0 / 0              0 / 0        
[2026-01-06T22:08:38.902+0800][21.484s][info][gc,reloc    ] GC(44) y: Survivor 1          -                 2M (0%)           1 / 0              0 / 0              0 / 0        
[2026-01-06T22:08:38.902+0800][21.484s][info][gc,heap     ] GC(44) y: Min Capacity: 8M(0%)
[2026-01-06T22:08:38.902+0800][21.484s][info][gc,heap     ] GC(44) y: Max Capacity: 4096M(100%)
[2026-01-06T22:08:38.902+0800][21.484s][info][gc,heap     ] GC(44) y: Soft Max Capacity: 3686M(90%)
[2026-01-06T22:08:38.902+0800][21.484s][info][gc,heap     ] GC(44) y: Heap Statistics:
[2026-01-06T22:08:38.902+0800][21.484s][info][gc,heap     ] GC(44) y:                Mark Start          Mark End        Relocate Start      Relocate End           High               Low         
[2026-01-06T22:08:38.902+0800][21.484s][info][gc,heap     ] GC(44) y:  Capacity:     3494M (85%)        3494M (85%)        3494M (85%)        3494M (85%)        3494M (85%)        3494M (85%)    
[2026-01-06T22:08:38.902+0800][21.484s][info][gc,heap     ] GC(44) y:      Free:      612M (15%)         610M (15%)        4078M (100%)       4078M (100%)       4078M (100%)        608M (15%)    
[2026-01-06T22:08:38.902+0800][21.484s][info][gc,heap     ] GC(44) y:      Used:     3484M (85%)        3486M (85%)          18M (0%)           18M (0%)         3488M (85%)          18M (0%)     
[2026-01-06T22:08:38.902+0800][21.484s][info][gc,heap     ] GC(44) y: Young Generation Statistics:
[2026-01-06T22:08:38.902+0800][21.484s][info][gc,heap     ] GC(44) y:                Mark Start          Mark End        Relocate Start      Relocate End    
[2026-01-06T22:08:38.902+0800][21.484s][info][gc,heap     ] GC(44) y:      Used:     3480M (85%)        3482M (85%)          14M (0%)           14M (0%)     
[2026-01-06T22:08:38.902+0800][21.484s][info][gc,heap     ] GC(44) y:      Live:         -                 0M (0%)            0M (0%)            0M (0%)     
[2026-01-06T22:08:38.902+0800][21.484s][info][gc,heap     ] GC(44) y:   Garbage:         -              3479M (85%)           1M (0%)            1M (0%)     
[2026-01-06T22:08:38.902+0800][21.484s][info][gc,heap     ] GC(44) y: Allocated:         -                 2M (0%)           12M (0%)           12M (0%)     
[2026-01-06T22:08:38.902+0800][21.484s][info][gc,heap     ] GC(44) y: Reclaimed:         -                  -              3478M (85%)        3478M (85%)    
[2026-01-06T22:08:38.902+0800][21.484s][info][gc,heap     ] GC(44) y:  Promoted:         -                  -                 0M (0%)            0M (0%)     
[2026-01-06T22:08:38.902+0800][21.484s][info][gc,heap     ] GC(44) y: Compacted:         -                  -                  -                 0M (0%)     
[2026-01-06T22:08:38.902+0800][21.484s][info][gc,phases   ] GC(44) y: Young Generation 3484M(85%)->18M(0%) 0.006s
[2026-01-06T22:08:38.902+0800][21.484s][info][gc          ] GC(44) Minor Collection (High Usage) 3484M(85%)->20M(0%) 0.006s
[2026-01-06T22:08:39.564+0800][22.145s][info][gc          ] GC(45) Major Collection (Proactive)
[2026-01-06T22:08:39.564+0800][22.145s][info][gc,task     ] GC(45) Using 1 Workers for Young Generation
[2026-01-06T22:08:39.564+0800][22.145s][info][gc,task     ] GC(45) Using 1 Workers for Old Generation
[2026-01-06T22:08:39.564+0800][22.145s][info][gc,phases   ] GC(45) Y: Young Generation
[2026-01-06T22:08:39.564+0800][22.145s][info][gc,phases   ] GC(45) Y: Pause Mark Start (Major) 0.016ms
[2026-01-06T22:08:39.564+0800][22.146s][info][gc,phases   ] GC(45) Y: Concurrent Mark 0.337ms
[2026-01-06T22:08:39.564+0800][22.146s][info][gc,phases   ] GC(45) Y: Pause Mark End 0.003ms
[2026-01-06T22:08:39.564+0800][22.146s][info][gc,phases   ] GC(45) Y: Concurrent Mark Free 0.004ms
[2026-01-06T22:08:39.564+0800][22.146s][info][gc,phases   ] GC(45) Y: Concurrent Reset Relocation Set 0.000ms
[2026-01-06T22:08:39.566+0800][22.147s][info][gc,reloc    ] GC(45) Y: Using tenuring threshold: 1 (Computed)
[2026-01-06T22:08:39.566+0800][22.147s][info][gc,phases   ] GC(45) Y: Concurrent Select Relocation Set 1.397ms
[2026-01-06T22:08:39.566+0800][22.147s][info][gc,phases   ] GC(45) Y: Pause Relocate Start 0.002ms
[2026-01-06T22:08:39.566+0800][22.147s][info][gc,phases   ] GC(45) Y: Concurrent Relocate 0.011ms
[2026-01-06T22:08:39.566+0800][22.147s][info][gc,alloc    ] GC(45) Y:                         Mark Start        Mark End      Relocate Start    Relocate End   
[2026-01-06T22:08:39.566+0800][22.147s][info][gc,alloc    ] GC(45) Y: Allocation Stalls:          0                0                0                0         
[2026-01-06T22:08:39.566+0800][22.147s][info][gc,load     ] GC(45) Y: Load: 2.73 (27%) / 1.98 (20%) / 2.06 (21%)
[2026-01-06T22:08:39.566+0800][22.147s][info][gc,mmu      ] GC(45) Y: MMU: 2ms/92.0%, 5ms/96.7%, 10ms/98.4%, 20ms/99.2%, 50ms/99.7%, 100ms/99.8%
[2026-01-06T22:08:39.566+0800][22.147s][info][gc,marking  ] GC(45) Y: Mark: 1 stripe(s), 2 proactive flush(es), 1 terminate flush(es), 0 completion(s), 0 continuation(s) 
[2026-01-06T22:08:39.566+0800][22.147s][info][gc,nmethod  ] GC(45) Y: NMethods: 41 registered, 34 unregistered
[2026-01-06T22:08:39.566+0800][22.147s][info][gc,metaspace] GC(45) Y: Metaspace: 0M used, 0M committed, 1088M reserved
[2026-01-06T22:08:39.566+0800][22.147s][info][gc,reloc    ] GC(45) Y:                        Candidates     Selected     In-Place         Size        Empty    Relocated 
[2026-01-06T22:08:39.566+0800][22.147s][info][gc,reloc    ] GC(45) Y: Small Pages:                 1306            0            0        2612M        2610M           0M 
[2026-01-06T22:08:39.566+0800][22.147s][info][gc,reloc    ] GC(45) Y: Medium Pages:                   0            0            0           0M           0M           0M 
[2026-01-06T22:08:39.566+0800][22.147s][info][gc,reloc    ] GC(45) Y: Large Pages:                    0            0            0           0M           0M           0M 
[2026-01-06T22:08:39.566+0800][22.147s][info][gc,reloc    ] GC(45) Y: Forwarding Usage: 0M
[2026-01-06T22:08:39.566+0800][22.147s][info][gc,reloc    ] GC(45) Y: Age Table:
[2026-01-06T22:08:39.566+0800][22.147s][info][gc,reloc    ] GC(45) Y:                    Live             Garbage             Small              Medium             Large        
[2026-01-06T22:08:39.566+0800][22.147s][info][gc,reloc    ] GC(45) Y: Eden               0M (0%)         2609M (64%)       1305 / 0              0 / 0              0 / 0        
[2026-01-06T22:08:39.566+0800][22.147s][info][gc,reloc    ] GC(45) Y: Survivor 1          -                 2M (0%)           1 / 0              0 / 0              0 / 0        
[2026-01-06T22:08:39.566+0800][22.147s][info][gc,heap     ] GC(45) Y: Min Capacity: 8M(0%)
[2026-01-06T22:08:39.566+0800][22.147s][info][gc,heap     ] GC(45) Y: Max Capacity: 4096M(100%)
[2026-01-06T22:08:39.566+0800][22.147s][info][gc,heap     ] GC(45) Y: Soft Max Capacity: 3686M(90%)
[2026-01-06T22:08:39.566+0800][22.147s][info][gc,heap     ] GC(45) Y: Heap Statistics:
[2026-01-06T22:08:39.566+0800][22.147s][info][gc,heap     ] GC(45) Y:                Mark Start          Mark End        Relocate Start      Relocate End           High               Low         
[2026-01-06T22:08:39.566+0800][22.147s][info][gc,heap     ] GC(45) Y:  Capacity:     3494M (85%)        3494M (85%)        3494M (85%)        3494M (85%)        3494M (85%)        3494M (85%)    
[2026-01-06T22:08:39.566+0800][22.147s][info][gc,heap     ] GC(45) Y:      Free:     1480M (36%)        1478M (36%)        4084M (100%)       4084M (100%)       4084M (100%)       1478M (36%)    
[2026-01-06T22:08:39.566+0800][22.147s][info][gc,heap     ] GC(45) Y:      Used:     2616M (64%)        2618M (64%)          12M (0%)           12M (0%)         2618M (64%)          12M (0%)     
[2026-01-06T22:08:39.566+0800][22.147s][info][gc,heap     ] GC(45) Y: Young Generation Statistics:
[2026-01-06T22:08:39.566+0800][22.147s][info][gc,heap     ] GC(45) Y:                Mark Start          Mark End        Relocate Start      Relocate End    
[2026-01-06T22:08:39.566+0800][22.147s][info][gc,heap     ] GC(45) Y:      Used:     2612M (64%)        2614M (64%)           8M (0%)            8M (0%)     
[2026-01-06T22:08:39.566+0800][22.147s][info][gc,heap     ] GC(45) Y:      Live:         -                 0M (0%)            0M (0%)            0M (0%)     
[2026-01-06T22:08:39.566+0800][22.147s][info][gc,heap     ] GC(45) Y:   Garbage:         -              2611M (64%)           1M (0%)            1M (0%)     
[2026-01-06T22:08:39.566+0800][22.147s][info][gc,heap     ] GC(45) Y: Allocated:         -                 2M (0%)            6M (0%)            6M (0%)     
[2026-01-06T22:08:39.566+0800][22.147s][info][gc,heap     ] GC(45) Y: Reclaimed:         -                  -              2610M (64%)        2610M (64%)    
[2026-01-06T22:08:39.566+0800][22.147s][info][gc,heap     ] GC(45) Y:  Promoted:         -                  -                 0M (0%)            0M (0%)     
[2026-01-06T22:08:39.566+0800][22.147s][info][gc,heap     ] GC(45) Y: Compacted:         -                  -                  -                 0M (0%)     
[2026-01-06T22:08:39.566+0800][22.147s][info][gc,phases   ] GC(45) Y: Young Generation 2616M(64%)->12M(0%) 0.002s
[2026-01-06T22:08:39.566+0800][22.147s][info][gc,phases   ] GC(45) O: Old Generation
[2026-01-06T22:08:39.573+0800][22.155s][info][gc,phases   ] GC(45) O: Concurrent Mark 7.221ms
[2026-01-06T22:08:39.573+0800][22.155s][info][gc,phases   ] GC(45) O: Pause Mark End 0.004ms
[2026-01-06T22:08:39.573+0800][22.155s][info][gc,phases   ] GC(45) O: Concurrent Mark Free 0.000ms
[2026-01-06T22:08:39.573+0800][22.155s][info][gc,phases   ] GC(45) O: Concurrent Process Non-Strong 0.144ms
[2026-01-06T22:08:39.573+0800][22.155s][info][gc,phases   ] GC(45) O: Concurrent Reset Relocation Set 0.005ms
[2026-01-06T22:08:39.573+0800][22.155s][info][gc,phases   ] GC(45) O: Concurrent Select Relocation Set 0.032ms
[2026-01-06T22:08:39.573+0800][22.155s][info][gc,task     ] GC(45) O: Using 2 Workers for Old Generation
[2026-01-06T22:08:39.573+0800][22.155s][info][gc,task     ] GC(45) O: Using 1 Workers for Old Generation
[2026-01-06T22:08:39.573+0800][22.155s][info][gc,phases   ] GC(45) O: Concurrent Remap Roots 0.043ms
[2026-01-06T22:08:39.573+0800][22.155s][info][gc,phases   ] GC(45) O: Pause Relocate Start 0.001ms
[2026-01-06T22:08:39.574+0800][22.156s][info][gc,phases   ] GC(45) O: Concurrent Relocate 0.961ms
[2026-01-06T22:08:39.574+0800][22.156s][info][gc,alloc    ] GC(45) O:                         Mark Start        Mark End      Relocate Start    Relocate End   
[2026-01-06T22:08:39.574+0800][22.156s][info][gc,alloc    ] GC(45) O: Allocation Stalls:          0                0                0                0         
[2026-01-06T22:08:39.574+0800][22.156s][info][gc,load     ] GC(45) O: Load: 2.73 (27%) / 1.98 (20%) / 2.06 (21%)
[2026-01-06T22:08:39.574+0800][22.156s][info][gc,mmu      ] GC(45) O: MMU: 2ms/92.0%, 5ms/96.7%, 10ms/98.4%, 20ms/99.2%, 50ms/99.7%, 100ms/99.8%
[2026-01-06T22:08:39.574+0800][22.156s][info][gc,marking  ] GC(45) O: Mark: 1 stripe(s), 2 proactive flush(es), 1 terminate flush(es), 0 completion(s), 0 continuation(s) 
[2026-01-06T22:08:39.574+0800][22.156s][info][gc,nmethod  ] GC(45) O: NMethods: 41 registered, 34 unregistered
[2026-01-06T22:08:39.574+0800][22.156s][info][gc,metaspace] GC(45) O: Metaspace: 0M used, 0M committed, 1088M reserved
[2026-01-06T22:08:39.574+0800][22.156s][info][gc,ref      ] GC(45) O:                       Encountered   Discovered     Enqueued 
[2026-01-06T22:08:39.574+0800][22.156s][info][gc,ref      ] GC(45) O: Soft References:                1            0            0 
[2026-01-06T22:08:39.574+0800][22.156s][info][gc,ref      ] GC(45) O: Weak References:                6            0            0 
[2026-01-06T22:08:39.574+0800][22.156s][info][gc,ref      ] GC(45) O: Final References:               0            0            0 
[2026-01-06T22:08:39.574+0800][22.156s][info][gc,ref      ] GC(45) O: Phantom References:             1            1            0 
[2026-01-06T22:08:39.574+0800][22.156s][info][gc,reloc    ] GC(45) O:                        Candidates     Selected     In-Place         Size        Empty    Relocated 
[2026-01-06T22:08:39.574+0800][22.156s][info][gc,reloc    ] GC(45) O: Small Pages:                    2            1            0           4M           0M           1M 
[2026-01-06T22:08:39.574+0800][22.156s][info][gc,reloc    ] GC(45) O: Medium Pages:                   0            0            0           0M           0M           0M 
[2026-01-06T22:08:39.574+0800][22.156s][info][gc,reloc    ] GC(45) O: Large Pages:                    0            0            0           0M           0M           0M 
[2026-01-06T22:08:39.574+0800][22.156s][info][gc,reloc    ] GC(45) O: Forwarding Usage: 0M
[2026-01-06T22:08:39.574+0800][22.156s][info][gc,heap     ] GC(45) O: Min Capacity: 8M(0%)
[2026-01-06T22:08:39.574+0800][22.156s][info][gc,heap     ] GC(45) O: Max Capacity: 4096M(100%)
[2026-01-06T22:08:39.574+0800][22.156s][info][gc,heap     ] GC(45) O: Soft Max Capacity: 3686M(90%)
[2026-01-06T22:08:39.574+0800][22.156s][info][gc,heap     ] GC(45) O: Heap Statistics:
[2026-01-06T22:08:39.574+0800][22.156s][info][gc,heap     ] GC(45) O:                Mark Start          Mark End        Relocate Start      Relocate End           High               Low         
[2026-01-06T22:08:39.574+0800][22.156s][info][gc,heap     ] GC(45) O:  Capacity:     3494M (85%)        3494M (85%)        3494M (85%)        3494M (85%)        3494M (85%)        3494M (85%)    
[2026-01-06T22:08:39.574+0800][22.156s][info][gc,heap     ] GC(45) O:      Free:     1480M (36%)        4068M (99%)        4066M (99%)        4060M (99%)        4084M (100%)       1478M (36%)    
[2026-01-06T22:08:39.574+0800][22.156s][info][gc,heap     ] GC(45) O:      Used:     2616M (64%)          28M (1%)           30M (1%)           36M (1%)         2618M (64%)          12M (0%)     
[2026-01-06T22:08:39.574+0800][22.156s][info][gc,heap     ] GC(45) O: Old Generation Statistics:
[2026-01-06T22:08:39.574+0800][22.156s][info][gc,heap     ] GC(45) O:                Mark Start          Mark End        Relocate Start      Relocate End    
[2026-01-06T22:08:39.574+0800][22.156s][info][gc,heap     ] GC(45) O:      Used:        4M (0%)            4M (0%)            4M (0%)            4M (0%)     
[2026-01-06T22:08:39.574+0800][22.156s][info][gc,heap     ] GC(45) O:      Live:         -                 1M (0%)            1M (0%)            1M (0%)     
[2026-01-06T22:08:39.574+0800][22.156s][info][gc,heap     ] GC(45) O:   Garbage:         -                 2M (0%)            2M (0%)            0M (0%)     
[2026-01-06T22:08:39.574+0800][22.156s][info][gc,heap     ] GC(45) O: Allocated:         -                 0M (0%)            0M (0%)            2M (0%)     
[2026-01-06T22:08:39.574+0800][22.156s][info][gc,heap     ] GC(45) O: Reclaimed:         -                  -                 0M (0%)            2M (0%)     
[2026-01-06T22:08:39.574+0800][22.156s][info][gc,heap     ] GC(45) O: Compacted:         -                  -                  -                 1M (0%)     
[2026-01-06T22:08:39.574+0800][22.156s][info][gc,phases   ] GC(45) O: Old Generation 12M(0%)->36M(1%) 0.009s
[2026-01-06T22:08:39.574+0800][22.156s][info][gc          ] GC(45) Major Collection (Proactive) 2616M(64%)->36M(1%) 0.011s
[2026-01-06T22:08:40.056+0800][22.637s][info][gc          ] GC(46) Minor Collection (High Usage)
[2026-01-06T22:08:40.056+0800][22.637s][info][gc,task     ] GC(46) Using 1 Workers for Young Generation
[2026-01-06T22:08:40.056+0800][22.637s][info][gc,phases   ] GC(46) y: Young Generation
[2026-01-06T22:08:40.056+0800][22.637s][info][gc,phases   ] GC(46) y: Pause Mark Start 0.004ms
[2026-01-06T22:08:40.056+0800][22.638s][info][gc,phases   ] GC(46) y: Concurrent Mark 0.268ms
[2026-01-06T22:08:40.056+0800][22.638s][info][gc,phases   ] GC(46) y: Pause Mark End 0.003ms
[2026-01-06T22:08:40.056+0800][22.638s][info][gc,phases   ] GC(46) y: Concurrent Mark Free 0.000ms
[2026-01-06T22:08:40.056+0800][22.638s][info][gc,phases   ] GC(46) y: Concurrent Reset Relocation Set 0.000ms
[2026-01-06T22:08:40.057+0800][22.638s][info][gc,reloc    ] GC(46) y: Using tenuring threshold: 1 (Computed)
[2026-01-06T22:08:40.057+0800][22.638s][info][gc,phases   ] GC(46) y: Concurrent Select Relocation Set 0.573ms
[2026-01-06T22:08:40.057+0800][22.638s][info][gc,phases   ] GC(46) y: Pause Relocate Start 0.002ms
[2026-01-06T22:08:40.057+0800][22.638s][info][gc,phases   ] GC(46) y: Concurrent Relocate 0.013ms
[2026-01-06T22:08:40.057+0800][22.638s][info][gc,alloc    ] GC(46) y:                         Mark Start        Mark End      Relocate Start    Relocate End   
[2026-01-06T22:08:40.057+0800][22.638s][info][gc,alloc    ] GC(46) y: Allocation Stalls:          0                0                0                0         
[2026-01-06T22:08:40.057+0800][22.638s][info][gc,load     ] GC(46) y: Load: 2.73 (27%) / 1.98 (20%) / 2.06 (21%)
[2026-01-06T22:08:40.057+0800][22.638s][info][gc,mmu      ] GC(46) y: MMU: 2ms/92.0%, 5ms/96.7%, 10ms/98.4%, 20ms/99.2%, 50ms/99.7%, 100ms/99.8%
[2026-01-06T22:08:40.057+0800][22.638s][info][gc,marking  ] GC(46) y: Mark: 1 stripe(s), 2 proactive flush(es), 1 terminate flush(es), 0 completion(s), 0 continuation(s) 
[2026-01-06T22:08:40.057+0800][22.638s][info][gc,nmethod  ] GC(46) y: NMethods: 41 registered, 34 unregistered
[2026-01-06T22:08:40.057+0800][22.638s][info][gc,metaspace] GC(46) y: Metaspace: 0M used, 0M committed, 1088M reserved
[2026-01-06T22:08:40.057+0800][22.638s][info][gc,reloc    ] GC(46) y:                        Candidates     Selected     In-Place         Size        Empty    Relocated 
[2026-01-06T22:08:40.057+0800][22.638s][info][gc,reloc    ] GC(46) y: Small Pages:                 1740            0            0        3480M        3478M           0M 
[2026-01-06T22:08:40.057+0800][22.638s][info][gc,reloc    ] GC(46) y: Medium Pages:                   0            0            0           0M           0M           0M 
[2026-01-06T22:08:40.057+0800][22.638s][info][gc,reloc    ] GC(46) y: Large Pages:                    0            0            0           0M           0M           0M 
[2026-01-06T22:08:40.057+0800][22.638s][info][gc,reloc    ] GC(46) y: Forwarding Usage: 0M
[2026-01-06T22:08:40.057+0800][22.638s][info][gc,reloc    ] GC(46) y: Age Table:
[2026-01-06T22:08:40.057+0800][22.638s][info][gc,reloc    ] GC(46) y:                    Live             Garbage             Small              Medium             Large        
[2026-01-06T22:08:40.057+0800][22.638s][info][gc,reloc    ] GC(46) y: Eden               0M (0%)         3477M (85%)       1739 / 0              0 / 0              0 / 0        
[2026-01-06T22:08:40.057+0800][22.638s][info][gc,reloc    ] GC(46) y: Survivor 1          -                 2M (0%)           1 / 0              0 / 0              0 / 0        
[2026-01-06T22:08:40.057+0800][22.638s][info][gc,heap     ] GC(46) y: Min Capacity: 8M(0%)
[2026-01-06T22:08:40.057+0800][22.638s][info][gc,heap     ] GC(46) y: Max Capacity: 4096M(100%)
[2026-01-06T22:08:40.057+0800][22.638s][info][gc,heap     ] GC(46) y: Soft Max Capacity: 3686M(90%)
[2026-01-06T22:08:40.057+0800][22.638s][info][gc,heap     ] GC(46) y: Heap Statistics:
[2026-01-06T22:08:40.057+0800][22.638s][info][gc,heap     ] GC(46) y:                Mark Start          Mark End        Relocate Start      Relocate End           High               Low         
[2026-01-06T22:08:40.057+0800][22.638s][info][gc,heap     ] GC(46) y:  Capacity:     3494M (85%)        3494M (85%)        3494M (85%)        3494M (85%)        3494M (85%)        3494M (85%)    
[2026-01-06T22:08:40.057+0800][22.638s][info][gc,heap     ] GC(46) y:      Free:      612M (15%)         610M (15%)        4084M (100%)       4084M (100%)       4084M (100%)        610M (15%)    
[2026-01-06T22:08:40.057+0800][22.638s][info][gc,heap     ] GC(46) y:      Used:     3484M (85%)        3486M (85%)          12M (0%)           12M (0%)         3486M (85%)          12M (0%)     
[2026-01-06T22:08:40.057+0800][22.638s][info][gc,heap     ] GC(46) y: Young Generation Statistics:
[2026-01-06T22:08:40.057+0800][22.638s][info][gc,heap     ] GC(46) y:                Mark Start          Mark End        Relocate Start      Relocate End    
[2026-01-06T22:08:40.057+0800][22.638s][info][gc,heap     ] GC(46) y:      Used:     3480M (85%)        3482M (85%)           8M (0%)            8M (0%)     
[2026-01-06T22:08:40.057+0800][22.638s][info][gc,heap     ] GC(46) y:      Live:         -                 0M (0%)            0M (0%)            0M (0%)     
[2026-01-06T22:08:40.057+0800][22.638s][info][gc,heap     ] GC(46) y:   Garbage:         -              3479M (85%)           1M (0%)            1M (0%)     
[2026-01-06T22:08:40.057+0800][22.638s][info][gc,heap     ] GC(46) y: Allocated:         -                 2M (0%)            6M (0%)            6M (0%)     
[2026-01-06T22:08:40.057+0800][22.638s][info][gc,heap     ] GC(46) y: Reclaimed:         -                  -              3478M (85%)        3478M (85%)    
[2026-01-06T22:08:40.057+0800][22.638s][info][gc,heap     ] GC(46) y:  Promoted:         -                  -                 0M (0%)            0M (0%)     
[2026-01-06T22:08:40.057+0800][22.638s][info][gc,heap     ] GC(46) y: Compacted:         -                  -                  -                 0M (0%)     
[2026-01-06T22:08:40.057+0800][22.638s][info][gc,phases   ] GC(46) y: Young Generation 3484M(85%)->12M(0%) 0.001s
[2026-01-06T22:08:40.057+0800][22.638s][info][gc          ] GC(46) Minor Collection (High Usage) 3484M(85%)->14M(0%) 0.001s
[2026-01-06T22:08:40.496+0800][23.077s][info][gc          ] GC(47) Major Collection (Proactive)
[2026-01-06T22:08:40.496+0800][23.077s][info][gc,task     ] GC(47) Using 1 Workers for Young Generation
[2026-01-06T22:08:40.496+0800][23.077s][info][gc,task     ] GC(47) Using 1 Workers for Old Generation
[2026-01-06T22:08:40.496+0800][23.077s][info][gc,phases   ] GC(47) Y: Young Generation
[2026-01-06T22:08:40.496+0800][23.078s][info][gc,phases   ] GC(47) Y: Pause Mark Start (Major) 0.027ms
[2026-01-06T22:08:40.496+0800][23.078s][info][gc,phases   ] GC(47) Y: Concurrent Mark 0.417ms
[2026-01-06T22:08:40.496+0800][23.078s][info][gc,phases   ] GC(47) Y: Pause Mark End 0.005ms
[2026-01-06T22:08:40.496+0800][23.078s][info][gc,phases   ] GC(47) Y: Concurrent Mark Free 0.003ms
[2026-01-06T22:08:40.496+0800][23.078s][info][gc,phases   ] GC(47) Y: Concurrent Reset Relocation Set 0.000ms
[2026-01-06T22:08:40.498+0800][23.079s][info][gc,reloc    ] GC(47) Y: Using tenuring threshold: 1 (Computed)
[2026-01-06T22:08:40.498+0800][23.079s][info][gc,phases   ] GC(47) Y: Concurrent Select Relocation Set 1.373ms
[2026-01-06T22:08:40.498+0800][23.079s][info][gc,phases   ] GC(47) Y: Pause Relocate Start 0.001ms
[2026-01-06T22:08:40.498+0800][23.079s][info][gc,phases   ] GC(47) Y: Concurrent Relocate 0.010ms
[2026-01-06T22:08:40.498+0800][23.079s][info][gc,alloc    ] GC(47) Y:                         Mark Start        Mark End      Relocate Start    Relocate End   
[2026-01-06T22:08:40.498+0800][23.079s][info][gc,alloc    ] GC(47) Y: Allocation Stalls:          0                0                0                0         
[2026-01-06T22:08:40.498+0800][23.079s][info][gc,load     ] GC(47) Y: Load: 2.73 (27%) / 1.98 (20%) / 2.06 (21%)
[2026-01-06T22:08:40.498+0800][23.079s][info][gc,mmu      ] GC(47) Y: MMU: 2ms/92.0%, 5ms/96.7%, 10ms/98.4%, 20ms/99.2%, 50ms/99.7%, 100ms/99.8%
[2026-01-06T22:08:40.498+0800][23.079s][info][gc,marking  ] GC(47) Y: Mark: 1 stripe(s), 2 proactive flush(es), 1 terminate flush(es), 0 completion(s), 0 continuation(s) 
[2026-01-06T22:08:40.498+0800][23.079s][info][gc,nmethod  ] GC(47) Y: NMethods: 41 registered, 34 unregistered
[2026-01-06T22:08:40.498+0800][23.079s][info][gc,metaspace] GC(47) Y: Metaspace: 0M used, 0M committed, 1088M reserved
[2026-01-06T22:08:40.498+0800][23.079s][info][gc,reloc    ] GC(47) Y:                        Candidates     Selected     In-Place         Size        Empty    Relocated 
[2026-01-06T22:08:40.498+0800][23.079s][info][gc,reloc    ] GC(47) Y: Small Pages:                 1020            0            0        2040M        2038M           0M 
[2026-01-06T22:08:40.498+0800][23.079s][info][gc,reloc    ] GC(47) Y: Medium Pages:                   0            0            0           0M           0M           0M 
[2026-01-06T22:08:40.498+0800][23.079s][info][gc,reloc    ] GC(47) Y: Large Pages:                    0            0            0           0M           0M           0M 
[2026-01-06T22:08:40.498+0800][23.079s][info][gc,reloc    ] GC(47) Y: Forwarding Usage: 0M
[2026-01-06T22:08:40.498+0800][23.079s][info][gc,reloc    ] GC(47) Y: Age Table:
[2026-01-06T22:08:40.498+0800][23.079s][info][gc,reloc    ] GC(47) Y:                    Live             Garbage             Small              Medium             Large        
[2026-01-06T22:08:40.498+0800][23.079s][info][gc,reloc    ] GC(47) Y: Eden               0M (0%)         2037M (50%)       1019 / 0              0 / 0              0 / 0        
[2026-01-06T22:08:40.498+0800][23.079s][info][gc,reloc    ] GC(47) Y: Survivor 1          -                 2M (0%)           1 / 0              0 / 0              0 / 0        
[2026-01-06T22:08:40.498+0800][23.080s][info][gc,heap     ] GC(47) Y: Min Capacity: 8M(0%)
[2026-01-06T22:08:40.498+0800][23.080s][info][gc,heap     ] GC(47) Y: Max Capacity: 4096M(100%)
[2026-01-06T22:08:40.498+0800][23.080s][info][gc,heap     ] GC(47) Y: Soft Max Capacity: 3686M(90%)
[2026-01-06T22:08:40.498+0800][23.080s][info][gc,heap     ] GC(47) Y: Heap Statistics:
[2026-01-06T22:08:40.498+0800][23.080s][info][gc,heap     ] GC(47) Y:                Mark Start          Mark End        Relocate Start      Relocate End           High               Low         
[2026-01-06T22:08:40.498+0800][23.080s][info][gc,heap     ] GC(47) Y:  Capacity:     3494M (85%)        3494M (85%)        3494M (85%)        3494M (85%)        3494M (85%)        3494M (85%)    
[2026-01-06T22:08:40.498+0800][23.080s][info][gc,heap     ] GC(47) Y:      Free:     2052M (50%)        2050M (50%)        4086M (100%)       4086M (100%)       4086M (100%)       2050M (50%)    
[2026-01-06T22:08:40.498+0800][23.080s][info][gc,heap     ] GC(47) Y:      Used:     2044M (50%)        2046M (50%)          10M (0%)           10M (0%)         2046M (50%)          10M (0%)     
[2026-01-06T22:08:40.498+0800][23.080s][info][gc,heap     ] GC(47) Y: Young Generation Statistics:
[2026-01-06T22:08:40.498+0800][23.080s][info][gc,heap     ] GC(47) Y:                Mark Start          Mark End        Relocate Start      Relocate End    
[2026-01-06T22:08:40.498+0800][23.080s][info][gc,heap     ] GC(47) Y:      Used:     2040M (50%)        2042M (50%)           6M (0%)            6M (0%)     
[2026-01-06T22:08:40.498+0800][23.080s][info][gc,heap     ] GC(47) Y:      Live:         -                 0M (0%)            0M (0%)            0M (0%)     
[2026-01-06T22:08:40.498+0800][23.080s][info][gc,heap     ] GC(47) Y:   Garbage:         -              2039M (50%)           1M (0%)            1M (0%)     
[2026-01-06T22:08:40.498+0800][23.080s][info][gc,heap     ] GC(47) Y: Allocated:         -                 2M (0%)            4M (0%)            4M (0%)     
[2026-01-06T22:08:40.498+0800][23.080s][info][gc,heap     ] GC(47) Y: Reclaimed:         -                  -              2038M (50%)        2038M (50%)    
[2026-01-06T22:08:40.498+0800][23.080s][info][gc,heap     ] GC(47) Y:  Promoted:         -                  -                 0M (0%)            0M (0%)     
[2026-01-06T22:08:40.498+0800][23.080s][info][gc,heap     ] GC(47) Y: Compacted:         -                  -                  -                 0M (0%)     
[2026-01-06T22:08:40.498+0800][23.080s][info][gc,phases   ] GC(47) Y: Young Generation 2044M(50%)->10M(0%) 0.002s
[2026-01-06T22:08:40.498+0800][23.080s][info][gc,phases   ] GC(47) O: Old Generation
[2026-01-06T22:08:40.504+0800][23.085s][info][gc,phases   ] GC(47) O: Concurrent Mark 5.744ms
[2026-01-06T22:08:40.504+0800][23.085s][info][gc,phases   ] GC(47) O: Pause Mark End 0.005ms
[2026-01-06T22:08:40.504+0800][23.085s][info][gc,phases   ] GC(47) O: Concurrent Mark Free 0.000ms
[2026-01-06T22:08:40.505+0800][23.086s][info][gc,phases   ] GC(47) O: Concurrent Process Non-Strong 0.920ms
[2026-01-06T22:08:40.505+0800][23.086s][info][gc,phases   ] GC(47) O: Concurrent Reset Relocation Set 0.009ms
[2026-01-06T22:08:40.505+0800][23.086s][info][gc,phases   ] GC(47) O: Concurrent Select Relocation Set 0.063ms
[2026-01-06T22:08:40.505+0800][23.086s][info][gc,task     ] GC(47) O: Using 2 Workers for Old Generation
[2026-01-06T22:08:40.505+0800][23.086s][info][gc,task     ] GC(47) O: Using 1 Workers for Old Generation
[2026-01-06T22:08:40.505+0800][23.086s][info][gc,phases   ] GC(47) O: Concurrent Remap Roots 0.046ms
[2026-01-06T22:08:40.505+0800][23.086s][info][gc,phases   ] GC(47) O: Pause Relocate Start 0.002ms
[2026-01-06T22:08:40.506+0800][23.088s][info][gc,phases   ] GC(47) O: Concurrent Relocate 1.082ms
[2026-01-06T22:08:40.506+0800][23.088s][info][gc,alloc    ] GC(47) O:                         Mark Start        Mark End      Relocate Start    Relocate End   
[2026-01-06T22:08:40.506+0800][23.088s][info][gc,alloc    ] GC(47) O: Allocation Stalls:          0                0                0                0         
[2026-01-06T22:08:40.506+0800][23.088s][info][gc,load     ] GC(47) O: Load: 2.73 (27%) / 1.98 (20%) / 2.06 (21%)
[2026-01-06T22:08:40.506+0800][23.088s][info][gc,mmu      ] GC(47) O: MMU: 2ms/92.0%, 5ms/96.7%, 10ms/98.4%, 20ms/99.2%, 50ms/99.7%, 100ms/99.8%
[2026-01-06T22:08:40.506+0800][23.088s][info][gc,marking  ] GC(47) O: Mark: 1 stripe(s), 2 proactive flush(es), 1 terminate flush(es), 0 completion(s), 0 continuation(s) 
[2026-01-06T22:08:40.506+0800][23.088s][info][gc,nmethod  ] GC(47) O: NMethods: 41 registered, 34 unregistered
[2026-01-06T22:08:40.506+0800][23.088s][info][gc,metaspace] GC(47) O: Metaspace: 0M used, 0M committed, 1088M reserved
[2026-01-06T22:08:40.506+0800][23.088s][info][gc,ref      ] GC(47) O:                       Encountered   Discovered     Enqueued 
[2026-01-06T22:08:40.506+0800][23.088s][info][gc,ref      ] GC(47) O: Soft References:                1            0            0 
[2026-01-06T22:08:40.506+0800][23.088s][info][gc,ref      ] GC(47) O: Weak References:                6            0            0 
[2026-01-06T22:08:40.506+0800][23.088s][info][gc,ref      ] GC(47) O: Final References:               0            0            0 
[2026-01-06T22:08:40.506+0800][23.088s][info][gc,ref      ] GC(47) O: Phantom References:             1            1            0 
[2026-01-06T22:08:40.506+0800][23.088s][info][gc,reloc    ] GC(47) O:                        Candidates     Selected     In-Place         Size        Empty    Relocated 
[2026-01-06T22:08:40.506+0800][23.088s][info][gc,reloc    ] GC(47) O: Small Pages:                    2            1            0           4M           0M           1M 
[2026-01-06T22:08:40.506+0800][23.088s][info][gc,reloc    ] GC(47) O: Medium Pages:                   0            0            0           0M           0M           0M 
[2026-01-06T22:08:40.506+0800][23.088s][info][gc,reloc    ] GC(47) O: Large Pages:                    0            0            0           0M           0M           0M 
[2026-01-06T22:08:40.506+0800][23.088s][info][gc,reloc    ] GC(47) O: Forwarding Usage: 0M
[2026-01-06T22:08:40.506+0800][23.088s][info][gc,heap     ] GC(47) O: Min Capacity: 8M(0%)
[2026-01-06T22:08:40.506+0800][23.088s][info][gc,heap     ] GC(47) O: Max Capacity: 4096M(100%)
[2026-01-06T22:08:40.506+0800][23.088s][info][gc,heap     ] GC(47) O: Soft Max Capacity: 3686M(90%)
[2026-01-06T22:08:40.506+0800][23.088s][info][gc,heap     ] GC(47) O: Heap Statistics:
[2026-01-06T22:08:40.506+0800][23.088s][info][gc,heap     ] GC(47) O:                Mark Start          Mark End        Relocate Start      Relocate End           High               Low         
[2026-01-06T22:08:40.506+0800][23.088s][info][gc,heap     ] GC(47) O:  Capacity:     3494M (85%)        3494M (85%)        3494M (85%)        3494M (85%)        3494M (85%)        3494M (85%)    
[2026-01-06T22:08:40.506+0800][23.088s][info][gc,heap     ] GC(47) O:      Free:     2052M (50%)        4070M (99%)        4068M (99%)        4064M (99%)        4086M (100%)       2050M (50%)    
[2026-01-06T22:08:40.506+0800][23.088s][info][gc,heap     ] GC(47) O:      Used:     2044M (50%)          26M (1%)           28M (1%)           32M (1%)         2046M (50%)          10M (0%)     
[2026-01-06T22:08:40.506+0800][23.088s][info][gc,heap     ] GC(47) O: Old Generation Statistics:
[2026-01-06T22:08:40.506+0800][23.088s][info][gc,heap     ] GC(47) O:                Mark Start          Mark End        Relocate Start      Relocate End    
[2026-01-06T22:08:40.506+0800][23.088s][info][gc,heap     ] GC(47) O:      Used:        4M (0%)            4M (0%)            4M (0%)            4M (0%)     
[2026-01-06T22:08:40.506+0800][23.088s][info][gc,heap     ] GC(47) O:      Live:         -                 1M (0%)            1M (0%)            1M (0%)     
[2026-01-06T22:08:40.506+0800][23.088s][info][gc,heap     ] GC(47) O:   Garbage:         -                 2M (0%)            2M (0%)            0M (0%)     
[2026-01-06T22:08:40.506+0800][23.088s][info][gc,heap     ] GC(47) O: Allocated:         -                 0M (0%)            0M (0%)            2M (0%)     
[2026-01-06T22:08:40.506+0800][23.088s][info][gc,heap     ] GC(47) O: Reclaimed:         -                  -                 0M (0%)            2M (0%)     
[2026-01-06T22:08:40.506+0800][23.088s][info][gc,heap     ] GC(47) O: Compacted:         -                  -                  -                 1M (0%)     
[2026-01-06T22:08:40.506+0800][23.088s][info][gc,phases   ] GC(47) O: Old Generation 10M(0%)->32M(1%) 0.008s
[2026-01-06T22:08:40.506+0800][23.088s][info][gc          ] GC(47) Major Collection (Proactive) 2044M(50%)->32M(1%) 0.010s
[2026-01-06T22:08:41.158+0800][23.740s][info][gc          ] GC(48) Minor Collection (High Usage)
[2026-01-06T22:08:41.159+0800][23.740s][info][gc,task     ] GC(48) Using 1 Workers for Young Generation
[2026-01-06T22:08:41.159+0800][23.740s][info][gc,phases   ] GC(48) y: Young Generation
[2026-01-06T22:08:41.159+0800][23.740s][info][gc,phases   ] GC(48) y: Pause Mark Start 0.011ms
[2026-01-06T22:08:41.159+0800][23.741s][info][gc,phases   ] GC(48) y: Concurrent Mark 0.342ms
[2026-01-06T22:08:41.159+0800][23.741s][info][gc,phases   ] GC(48) y: Pause Mark End 0.003ms
[2026-01-06T22:08:41.159+0800][23.741s][info][gc,phases   ] GC(48) y: Concurrent Mark Free 0.002ms
[2026-01-06T22:08:41.159+0800][23.741s][info][gc,phases   ] GC(48) y: Concurrent Reset Relocation Set 0.000ms
[2026-01-06T22:08:41.161+0800][23.742s][info][gc,reloc    ] GC(48) y: Using tenuring threshold: 1 (Computed)
[2026-01-06T22:08:41.161+0800][23.742s][info][gc,phases   ] GC(48) y: Concurrent Select Relocation Set 1.600ms
[2026-01-06T22:08:41.161+0800][23.742s][info][gc,phases   ] GC(48) y: Pause Relocate Start 0.001ms
[2026-01-06T22:08:41.161+0800][23.742s][info][gc,phases   ] GC(48) y: Concurrent Relocate 0.014ms
[2026-01-06T22:08:41.161+0800][23.742s][info][gc,alloc    ] GC(48) y:                         Mark Start        Mark End      Relocate Start    Relocate End   
[2026-01-06T22:08:41.161+0800][23.742s][info][gc,alloc    ] GC(48) y: Allocation Stalls:          0                0                0                0         
[2026-01-06T22:08:41.161+0800][23.742s][info][gc,load     ] GC(48) y: Load: 2.73 (27%) / 1.98 (20%) / 2.06 (21%)
[2026-01-06T22:08:41.161+0800][23.742s][info][gc,mmu      ] GC(48) y: MMU: 2ms/92.0%, 5ms/96.7%, 10ms/98.4%, 20ms/99.2%, 50ms/99.7%, 100ms/99.8%
[2026-01-06T22:08:41.161+0800][23.742s][info][gc,marking  ] GC(48) y: Mark: 1 stripe(s), 2 proactive flush(es), 1 terminate flush(es), 0 completion(s), 0 continuation(s) 
[2026-01-06T22:08:41.161+0800][23.742s][info][gc,nmethod  ] GC(48) y: NMethods: 41 registered, 34 unregistered
[2026-01-06T22:08:41.161+0800][23.742s][info][gc,metaspace] GC(48) y: Metaspace: 0M used, 0M committed, 1088M reserved
[2026-01-06T22:08:41.161+0800][23.742s][info][gc,reloc    ] GC(48) y:                        Candidates     Selected     In-Place         Size        Empty    Relocated 
[2026-01-06T22:08:41.161+0800][23.742s][info][gc,reloc    ] GC(48) y: Small Pages:                 1741            0            0        3482M        3480M           0M 
[2026-01-06T22:08:41.161+0800][23.742s][info][gc,reloc    ] GC(48) y: Medium Pages:                   0            0            0           0M           0M           0M 
[2026-01-06T22:08:41.161+0800][23.742s][info][gc,reloc    ] GC(48) y: Large Pages:                    0            0            0           0M           0M           0M 
[2026-01-06T22:08:41.161+0800][23.742s][info][gc,reloc    ] GC(48) y: Forwarding Usage: 0M
[2026-01-06T22:08:41.161+0800][23.742s][info][gc,reloc    ] GC(48) y: Age Table:
[2026-01-06T22:08:41.161+0800][23.742s][info][gc,reloc    ] GC(48) y:                    Live             Garbage             Small              Medium             Large        
[2026-01-06T22:08:41.161+0800][23.742s][info][gc,reloc    ] GC(48) y: Eden               0M (0%)         3479M (85%)       1740 / 0              0 / 0              0 / 0        
[2026-01-06T22:08:41.161+0800][23.742s][info][gc,reloc    ] GC(48) y: Survivor 1          -                 2M (0%)           1 / 0              0 / 0              0 / 0        
[2026-01-06T22:08:41.161+0800][23.742s][info][gc,heap     ] GC(48) y: Min Capacity: 8M(0%)
[2026-01-06T22:08:41.161+0800][23.742s][info][gc,heap     ] GC(48) y: Max Capacity: 4096M(100%)
[2026-01-06T22:08:41.161+0800][23.742s][info][gc,heap     ] GC(48) y: Soft Max Capacity: 3686M(90%)
[2026-01-06T22:08:41.161+0800][23.742s][info][gc,heap     ] GC(48) y: Heap Statistics:
[2026-01-06T22:08:41.161+0800][23.742s][info][gc,heap     ] GC(48) y:                Mark Start          Mark End        Relocate Start      Relocate End           High               Low         
[2026-01-06T22:08:41.161+0800][23.742s][info][gc,heap     ] GC(48) y:  Capacity:     3494M (85%)        3494M (85%)        3494M (85%)        3494M (85%)        3494M (85%)        3494M (85%)    
[2026-01-06T22:08:41.161+0800][23.742s][info][gc,heap     ] GC(48) y:      Free:      610M (15%)         606M (15%)        4082M (100%)       4082M (100%)       4082M (100%)        606M (15%)    
[2026-01-06T22:08:41.161+0800][23.742s][info][gc,heap     ] GC(48) y:      Used:     3486M (85%)        3490M (85%)          14M (0%)           14M (0%)         3490M (85%)          14M (0%)     
[2026-01-06T22:08:41.161+0800][23.742s][info][gc,heap     ] GC(48) y: Young Generation Statistics:
[2026-01-06T22:08:41.161+0800][23.742s][info][gc,heap     ] GC(48) y:                Mark Start          Mark End        Relocate Start      Relocate End    
[2026-01-06T22:08:41.161+0800][23.742s][info][gc,heap     ] GC(48) y:      Used:     3482M (85%)        3486M (85%)          10M (0%)           10M (0%)     
[2026-01-06T22:08:41.161+0800][23.742s][info][gc,heap     ] GC(48) y:      Live:         -                 0M (0%)            0M (0%)            0M (0%)     
[2026-01-06T22:08:41.161+0800][23.742s][info][gc,heap     ] GC(48) y:   Garbage:         -              3481M (85%)           1M (0%)            1M (0%)     
[2026-01-06T22:08:41.161+0800][23.742s][info][gc,heap     ] GC(48) y: Allocated:         -                 4M (0%)            8M (0%)            8M (0%)     
[2026-01-06T22:08:41.161+0800][23.742s][info][gc,heap     ] GC(48) y: Reclaimed:         -                  -              3480M (85%)        3480M (85%)    
[2026-01-06T22:08:41.161+0800][23.742s][info][gc,heap     ] GC(48) y:  Promoted:         -                  -                 0M (0%)            0M (0%)     
[2026-01-06T22:08:41.161+0800][23.742s][info][gc,heap     ] GC(48) y: Compacted:         -                  -                  -                 0M (0%)     
[2026-01-06T22:08:41.161+0800][23.742s][info][gc,phases   ] GC(48) y: Young Generation 3486M(85%)->14M(0%) 0.002s
[2026-01-06T22:08:41.161+0800][23.742s][info][gc          ] GC(48) Minor Collection (High Usage) 3486M(85%)->14M(0%) 0.002s
[2026-01-06T22:08:41.219+0800][23.801s][info][gc          ] GC(49) Major Collection (Proactive)
[2026-01-06T22:08:41.219+0800][23.801s][info][gc,task     ] GC(49) Using 1 Workers for Young Generation
[2026-01-06T22:08:41.219+0800][23.801s][info][gc,task     ] GC(49) Using 1 Workers for Old Generation
[2026-01-06T22:08:41.219+0800][23.801s][info][gc,phases   ] GC(49) Y: Young Generation
[2026-01-06T22:08:41.219+0800][23.801s][info][gc,phases   ] GC(49) Y: Pause Mark Start (Major) 0.005ms
[2026-01-06T22:08:41.219+0800][23.801s][info][gc,phases   ] GC(49) Y: Concurrent Mark 0.167ms
[2026-01-06T22:08:41.219+0800][23.801s][info][gc,phases   ] GC(49) Y: Pause Mark End 0.003ms
[2026-01-06T22:08:41.219+0800][23.801s][info][gc,phases   ] GC(49) Y: Concurrent Mark Free 0.000ms
[2026-01-06T22:08:41.219+0800][23.801s][info][gc,phases   ] GC(49) Y: Concurrent Reset Relocation Set 0.000ms
[2026-01-06T22:08:41.219+0800][23.801s][info][gc,reloc    ] GC(49) Y: Using tenuring threshold: 1 (Computed)
[2026-01-06T22:08:41.219+0800][23.801s][info][gc,phases   ] GC(49) Y: Concurrent Select Relocation Set 0.095ms
[2026-01-06T22:08:41.219+0800][23.801s][info][gc,phases   ] GC(49) Y: Pause Relocate Start 0.001ms
[2026-01-06T22:08:41.219+0800][23.801s][info][gc,phases   ] GC(49) Y: Concurrent Relocate 0.012ms
[2026-01-06T22:08:41.219+0800][23.801s][info][gc,alloc    ] GC(49) Y:                         Mark Start        Mark End      Relocate Start    Relocate End   
[2026-01-06T22:08:41.219+0800][23.801s][info][gc,alloc    ] GC(49) Y: Allocation Stalls:          0                0                0                0         
[2026-01-06T22:08:41.219+0800][23.801s][info][gc,load     ] GC(49) Y: Load: 2.73 (27%) / 1.98 (20%) / 2.06 (21%)
[2026-01-06T22:08:41.219+0800][23.801s][info][gc,mmu      ] GC(49) Y: MMU: 2ms/92.0%, 5ms/96.7%, 10ms/98.4%, 20ms/99.2%, 50ms/99.7%, 100ms/99.8%
[2026-01-06T22:08:41.219+0800][23.801s][info][gc,marking  ] GC(49) Y: Mark: 1 stripe(s), 2 proactive flush(es), 1 terminate flush(es), 0 completion(s), 0 continuation(s) 
[2026-01-06T22:08:41.219+0800][23.801s][info][gc,nmethod  ] GC(49) Y: NMethods: 41 registered, 34 unregistered
[2026-01-06T22:08:41.219+0800][23.801s][info][gc,metaspace] GC(49) Y: Metaspace: 0M used, 0M committed, 1088M reserved
[2026-01-06T22:08:41.219+0800][23.801s][info][gc,reloc    ] GC(49) Y:                        Candidates     Selected     In-Place         Size        Empty    Relocated 
[2026-01-06T22:08:41.220+0800][23.801s][info][gc,reloc    ] GC(49) Y: Small Pages:                  331            0            0         662M         660M           0M 
[2026-01-06T22:08:41.220+0800][23.801s][info][gc,reloc    ] GC(49) Y: Medium Pages:                   0            0            0           0M           0M           0M 
[2026-01-06T22:08:41.220+0800][23.801s][info][gc,reloc    ] GC(49) Y: Large Pages:                    0            0            0           0M           0M           0M 
[2026-01-06T22:08:41.220+0800][23.801s][info][gc,reloc    ] GC(49) Y: Forwarding Usage: 0M
[2026-01-06T22:08:41.220+0800][23.801s][info][gc,reloc    ] GC(49) Y: Age Table:
[2026-01-06T22:08:41.220+0800][23.801s][info][gc,reloc    ] GC(49) Y:                    Live             Garbage             Small              Medium             Large        
[2026-01-06T22:08:41.220+0800][23.801s][info][gc,reloc    ] GC(49) Y: Eden               0M (0%)          659M (16%)        330 / 0              0 / 0              0 / 0        
[2026-01-06T22:08:41.220+0800][23.801s][info][gc,reloc    ] GC(49) Y: Survivor 1          -                 2M (0%)           1 / 0              0 / 0              0 / 0        
[2026-01-06T22:08:41.220+0800][23.801s][info][gc,heap     ] GC(49) Y: Min Capacity: 8M(0%)
[2026-01-06T22:08:41.220+0800][23.801s][info][gc,heap     ] GC(49) Y: Max Capacity: 4096M(100%)
[2026-01-06T22:08:41.220+0800][23.801s][info][gc,heap     ] GC(49) Y: Soft Max Capacity: 3686M(90%)
[2026-01-06T22:08:41.220+0800][23.801s][info][gc,heap     ] GC(49) Y: Heap Statistics:
[2026-01-06T22:08:41.220+0800][23.801s][info][gc,heap     ] GC(49) Y:                Mark Start          Mark End        Relocate Start      Relocate End           High               Low         
[2026-01-06T22:08:41.220+0800][23.801s][info][gc,heap     ] GC(49) Y:  Capacity:     3494M (85%)        3494M (85%)        3494M (85%)        3494M (85%)        3494M (85%)        3494M (85%)    
[2026-01-06T22:08:41.220+0800][23.801s][info][gc,heap     ] GC(49) Y:      Free:     3430M (84%)        3426M (84%)        4084M (100%)       4084M (100%)       4086M (100%)       3426M (84%)    
[2026-01-06T22:08:41.220+0800][23.801s][info][gc,heap     ] GC(49) Y:      Used:      666M (16%)         670M (16%)          12M (0%)           12M (0%)          670M (16%)          10M (0%)     
[2026-01-06T22:08:41.220+0800][23.801s][info][gc,heap     ] GC(49) Y: Young Generation Statistics:
[2026-01-06T22:08:41.220+0800][23.801s][info][gc,heap     ] GC(49) Y:                Mark Start          Mark End        Relocate Start      Relocate End    
[2026-01-06T22:08:41.220+0800][23.801s][info][gc,heap     ] GC(49) Y:      Used:      662M (16%)         666M (16%)           8M (0%)            8M (0%)     
[2026-01-06T22:08:41.220+0800][23.801s][info][gc,heap     ] GC(49) Y:      Live:         -                 0M (0%)            0M (0%)            0M (0%)     
[2026-01-06T22:08:41.220+0800][23.801s][info][gc,heap     ] GC(49) Y:   Garbage:         -               661M (16%)           1M (0%)            1M (0%)     
[2026-01-06T22:08:41.220+0800][23.801s][info][gc,heap     ] GC(49) Y: Allocated:         -                 4M (0%)            6M (0%)            6M (0%)     
[2026-01-06T22:08:41.220+0800][23.801s][info][gc,heap     ] GC(49) Y: Reclaimed:         -                  -               660M (16%)         660M (16%)    
[2026-01-06T22:08:41.220+0800][23.801s][info][gc,heap     ] GC(49) Y:  Promoted:         -                  -                 0M (0%)            0M (0%)     
[2026-01-06T22:08:41.220+0800][23.801s][info][gc,heap     ] GC(49) Y: Compacted:         -                  -                  -                 0M (0%)     
[2026-01-06T22:08:41.220+0800][23.801s][info][gc,phases   ] GC(49) Y: Young Generation 666M(16%)->12M(0%) 0.000s
[2026-01-06T22:08:41.220+0800][23.801s][info][gc,phases   ] GC(49) O: Old Generation
[2026-01-06T22:08:41.222+0800][23.803s][info][gc,phases   ] GC(49) O: Concurrent Mark 2.015ms
[2026-01-06T22:08:41.222+0800][23.803s][info][gc,phases   ] GC(49) O: Pause Mark End 0.003ms
[2026-01-06T22:08:41.222+0800][23.803s][info][gc,phases   ] GC(49) O: Concurrent Mark Free 0.000ms
[2026-01-06T22:08:41.222+0800][23.803s][info][gc,phases   ] GC(49) O: Concurrent Process Non-Strong 0.129ms
[2026-01-06T22:08:41.222+0800][23.803s][info][gc,phases   ] GC(49) O: Concurrent Reset Relocation Set 0.001ms
[2026-01-06T22:08:41.222+0800][23.803s][info][gc,phases   ] GC(49) O: Concurrent Select Relocation Set 0.017ms
[2026-01-06T22:08:41.222+0800][23.803s][info][gc,task     ] GC(49) O: Using 2 Workers for Old Generation
[2026-01-06T22:08:41.222+0800][23.803s][info][gc,task     ] GC(49) O: Using 1 Workers for Old Generation
[2026-01-06T22:08:41.222+0800][23.803s][info][gc,phases   ] GC(49) O: Concurrent Remap Roots 0.042ms
[2026-01-06T22:08:41.222+0800][23.803s][info][gc,phases   ] GC(49) O: Pause Relocate Start 0.001ms
[2026-01-06T22:08:41.223+0800][23.804s][info][gc,phases   ] GC(49) O: Concurrent Relocate 0.624ms
[2026-01-06T22:08:41.223+0800][23.804s][info][gc,alloc    ] GC(49) O:                         Mark Start        Mark End      Relocate Start    Relocate End   
[2026-01-06T22:08:41.223+0800][23.804s][info][gc,alloc    ] GC(49) O: Allocation Stalls:          0                0                0                0         
[2026-01-06T22:08:41.223+0800][23.804s][info][gc,load     ] GC(49) O: Load: 2.73 (27%) / 1.98 (20%) / 2.06 (21%)
[2026-01-06T22:08:41.223+0800][23.804s][info][gc,mmu      ] GC(49) O: MMU: 2ms/92.0%, 5ms/96.7%, 10ms/98.4%, 20ms/99.2%, 50ms/99.7%, 100ms/99.8%
[2026-01-06T22:08:41.223+0800][23.804s][info][gc,marking  ] GC(49) O: Mark: 1 stripe(s), 2 proactive flush(es), 1 terminate flush(es), 0 completion(s), 0 continuation(s) 
[2026-01-06T22:08:41.223+0800][23.804s][info][gc,nmethod  ] GC(49) O: NMethods: 41 registered, 34 unregistered
[2026-01-06T22:08:41.223+0800][23.804s][info][gc,metaspace] GC(49) O: Metaspace: 0M used, 0M committed, 1088M reserved
[2026-01-06T22:08:41.223+0800][23.804s][info][gc,ref      ] GC(49) O:                       Encountered   Discovered     Enqueued 
[2026-01-06T22:08:41.223+0800][23.804s][info][gc,ref      ] GC(49) O: Soft References:                1            0            0 
[2026-01-06T22:08:41.223+0800][23.804s][info][gc,ref      ] GC(49) O: Weak References:                6            0            0 
[2026-01-06T22:08:41.223+0800][23.804s][info][gc,ref      ] GC(49) O: Final References:               0            0            0 
[2026-01-06T22:08:41.223+0800][23.804s][info][gc,ref      ] GC(49) O: Phantom References:             1            1            0 
[2026-01-06T22:08:41.223+0800][23.804s][info][gc,reloc    ] GC(49) O:                        Candidates     Selected     In-Place         Size        Empty    Relocated 
[2026-01-06T22:08:41.223+0800][23.804s][info][gc,reloc    ] GC(49) O: Small Pages:                    2            1            0           4M           0M           1M 
[2026-01-06T22:08:41.223+0800][23.804s][info][gc,reloc    ] GC(49) O: Medium Pages:                   0            0            0           0M           0M           0M 
[2026-01-06T22:08:41.223+0800][23.804s][info][gc,reloc    ] GC(49) O: Large Pages:                    0            0            0           0M           0M           0M 
[2026-01-06T22:08:41.223+0800][23.804s][info][gc,reloc    ] GC(49) O: Forwarding Usage: 0M
[2026-01-06T22:08:41.223+0800][23.804s][info][gc,heap     ] GC(49) O: Min Capacity: 8M(0%)
[2026-01-06T22:08:41.223+0800][23.804s][info][gc,heap     ] GC(49) O: Max Capacity: 4096M(100%)
[2026-01-06T22:08:41.223+0800][23.804s][info][gc,heap     ] GC(49) O: Soft Max Capacity: 3686M(90%)
[2026-01-06T22:08:41.223+0800][23.804s][info][gc,heap     ] GC(49) O: Heap Statistics:
[2026-01-06T22:08:41.223+0800][23.804s][info][gc,heap     ] GC(49) O:                Mark Start          Mark End        Relocate Start      Relocate End           High               Low         
[2026-01-06T22:08:41.223+0800][23.804s][info][gc,heap     ] GC(49) O:  Capacity:     3494M (85%)        3494M (85%)        3494M (85%)        3494M (85%)        3494M (85%)        3494M (85%)    
[2026-01-06T22:08:41.223+0800][23.804s][info][gc,heap     ] GC(49) O:      Free:     3430M (84%)        4042M (99%)        4038M (99%)        4030M (98%)        4086M (100%)       3426M (84%)    
[2026-01-06T22:08:41.223+0800][23.804s][info][gc,heap     ] GC(49) O:      Used:      666M (16%)          54M (1%)           58M (1%)           66M (2%)          670M (16%)          10M (0%)     
[2026-01-06T22:08:41.223+0800][23.804s][info][gc,heap     ] GC(49) O: Old Generation Statistics:
[2026-01-06T22:08:41.223+0800][23.804s][info][gc,heap     ] GC(49) O:                Mark Start          Mark End        Relocate Start      Relocate End    
[2026-01-06T22:08:41.223+0800][23.804s][info][gc,heap     ] GC(49) O:      Used:        4M (0%)            4M (0%)            4M (0%)            4M (0%)     
[2026-01-06T22:08:41.223+0800][23.804s][info][gc,heap     ] GC(49) O:      Live:         -                 1M (0%)            1M (0%)            1M (0%)     
[2026-01-06T22:08:41.223+0800][23.804s][info][gc,heap     ] GC(49) O:   Garbage:         -                 2M (0%)            2M (0%)            0M (0%)     
[2026-01-06T22:08:41.223+0800][23.804s][info][gc,heap     ] GC(49) O: Allocated:         -                 0M (0%)            0M (0%)            2M (0%)     
[2026-01-06T22:08:41.223+0800][23.804s][info][gc,heap     ] GC(49) O: Reclaimed:         -                  -                 0M (0%)            2M (0%)     
[2026-01-06T22:08:41.223+0800][23.804s][info][gc,heap     ] GC(49) O: Compacted:         -                  -                  -                 1M (0%)     
[2026-01-06T22:08:41.223+0800][23.804s][info][gc,phases   ] GC(49) O: Old Generation 14M(0%)->66M(2%) 0.003s
[2026-01-06T22:08:41.223+0800][23.804s][info][gc          ] GC(49) Major Collection (Proactive) 666M(16%)->68M(2%) 0.004s
[2026-01-06T22:08:41.989+0800][24.571s][info][gc          ] GC(50) Minor Collection (High Usage)
[2026-01-06T22:08:41.990+0800][24.571s][info][gc,task     ] GC(50) Using 1 Workers for Young Generation
[2026-01-06T22:08:41.990+0800][24.571s][info][gc,phases   ] GC(50) y: Young Generation
[2026-01-06T22:08:41.990+0800][24.571s][info][gc,phases   ] GC(50) y: Pause Mark Start 0.017ms
[2026-01-06T22:08:41.990+0800][24.572s][info][gc,phases   ] GC(50) y: Concurrent Mark 0.567ms
[2026-01-06T22:08:41.990+0800][24.572s][info][gc,phases   ] GC(50) y: Pause Mark End 0.009ms
[2026-01-06T22:08:41.990+0800][24.572s][info][gc,phases   ] GC(50) y: Concurrent Mark Free 0.003ms
[2026-01-06T22:08:41.990+0800][24.572s][info][gc,phases   ] GC(50) y: Concurrent Reset Relocation Set 0.000ms
[2026-01-06T22:08:41.996+0800][24.577s][info][gc,reloc    ] GC(50) y: Using tenuring threshold: 1 (Computed)
[2026-01-06T22:08:41.996+0800][24.577s][info][gc,phases   ] GC(50) y: Concurrent Select Relocation Set 5.332ms
[2026-01-06T22:08:41.996+0800][24.577s][info][gc,phases   ] GC(50) y: Pause Relocate Start 0.002ms
[2026-01-06T22:08:41.996+0800][24.577s][info][gc,phases   ] GC(50) y: Concurrent Relocate 0.010ms
[2026-01-06T22:08:41.996+0800][24.577s][info][gc,alloc    ] GC(50) y:                         Mark Start        Mark End      Relocate Start    Relocate End   
[2026-01-06T22:08:41.996+0800][24.577s][info][gc,alloc    ] GC(50) y: Allocation Stalls:          0                0                0                0         
[2026-01-06T22:08:41.996+0800][24.577s][info][gc,load     ] GC(50) y: Load: 2.75 (28%) / 2.00 (20%) / 2.06 (21%)
[2026-01-06T22:08:41.996+0800][24.577s][info][gc,mmu      ] GC(50) y: MMU: 2ms/92.0%, 5ms/96.7%, 10ms/98.4%, 20ms/99.2%, 50ms/99.7%, 100ms/99.8%
[2026-01-06T22:08:41.996+0800][24.577s][info][gc,marking  ] GC(50) y: Mark: 1 stripe(s), 2 proactive flush(es), 1 terminate flush(es), 0 completion(s), 0 continuation(s) 
[2026-01-06T22:08:41.996+0800][24.577s][info][gc,nmethod  ] GC(50) y: NMethods: 41 registered, 34 unregistered
[2026-01-06T22:08:41.996+0800][24.577s][info][gc,metaspace] GC(50) y: Metaspace: 0M used, 0M committed, 1088M reserved
[2026-01-06T22:08:41.996+0800][24.577s][info][gc,reloc    ] GC(50) y:                        Candidates     Selected     In-Place         Size        Empty    Relocated 
[2026-01-06T22:08:41.996+0800][24.577s][info][gc,reloc    ] GC(50) y: Small Pages:                 1741            0            0        3482M        3480M           0M 
[2026-01-06T22:08:41.996+0800][24.577s][info][gc,reloc    ] GC(50) y: Medium Pages:                   0            0            0           0M           0M           0M 
[2026-01-06T22:08:41.996+0800][24.577s][info][gc,reloc    ] GC(50) y: Large Pages:                    0            0            0           0M           0M           0M 
[2026-01-06T22:08:41.996+0800][24.577s][info][gc,reloc    ] GC(50) y: Forwarding Usage: 0M
[2026-01-06T22:08:41.996+0800][24.577s][info][gc,reloc    ] GC(50) y: Age Table:
[2026-01-06T22:08:41.996+0800][24.577s][info][gc,reloc    ] GC(50) y:                    Live             Garbage             Small              Medium             Large        
[2026-01-06T22:08:41.996+0800][24.577s][info][gc,reloc    ] GC(50) y: Eden               0M (0%)         3479M (85%)       1740 / 0              0 / 0              0 / 0        
[2026-01-06T22:08:41.996+0800][24.577s][info][gc,reloc    ] GC(50) y: Survivor 1          -                 2M (0%)           1 / 0              0 / 0              0 / 0        
[2026-01-06T22:08:41.996+0800][24.578s][info][gc,heap     ] GC(50) y: Min Capacity: 8M(0%)
[2026-01-06T22:08:41.996+0800][24.578s][info][gc,heap     ] GC(50) y: Max Capacity: 4096M(100%)
[2026-01-06T22:08:41.996+0800][24.578s][info][gc,heap     ] GC(50) y: Soft Max Capacity: 3686M(90%)
[2026-01-06T22:08:41.996+0800][24.578s][info][gc,heap     ] GC(50) y: Heap Statistics:
[2026-01-06T22:08:41.996+0800][24.578s][info][gc,heap     ] GC(50) y:                Mark Start          Mark End        Relocate Start      Relocate End           High               Low         
[2026-01-06T22:08:41.996+0800][24.578s][info][gc,heap     ] GC(50) y:  Capacity:     3494M (85%)        3494M (85%)        3494M (85%)        3494M (85%)        3494M (85%)        3494M (85%)    
[2026-01-06T22:08:41.996+0800][24.578s][info][gc,heap     ] GC(50) y:      Free:      610M (15%)         606M (15%)        4076M (100%)       4076M (100%)       4076M (100%)        606M (15%)    
[2026-01-06T22:08:41.996+0800][24.578s][info][gc,heap     ] GC(50) y:      Used:     3486M (85%)        3490M (85%)          20M (0%)           20M (0%)         3490M (85%)          20M (0%)     
[2026-01-06T22:08:41.996+0800][24.578s][info][gc,heap     ] GC(50) y: Young Generation Statistics:
[2026-01-06T22:08:41.996+0800][24.578s][info][gc,heap     ] GC(50) y:                Mark Start          Mark End        Relocate Start      Relocate End    
[2026-01-06T22:08:41.996+0800][24.578s][info][gc,heap     ] GC(50) y:      Used:     3482M (85%)        3486M (85%)          16M (0%)           16M (0%)     
[2026-01-06T22:08:41.996+0800][24.578s][info][gc,heap     ] GC(50) y:      Live:         -                 0M (0%)            0M (0%)            0M (0%)     
[2026-01-06T22:08:41.996+0800][24.578s][info][gc,heap     ] GC(50) y:   Garbage:         -              3481M (85%)           1M (0%)            1M (0%)     
[2026-01-06T22:08:41.996+0800][24.578s][info][gc,heap     ] GC(50) y: Allocated:         -                 4M (0%)           14M (0%)           14M (0%)     
[2026-01-06T22:08:41.996+0800][24.578s][info][gc,heap     ] GC(50) y: Reclaimed:         -                  -              3480M (85%)        3480M (85%)    
[2026-01-06T22:08:41.996+0800][24.578s][info][gc,heap     ] GC(50) y:  Promoted:         -                  -                 0M (0%)            0M (0%)     
[2026-01-06T22:08:41.996+0800][24.578s][info][gc,heap     ] GC(50) y: Compacted:         -                  -                  -                 0M (0%)     
[2026-01-06T22:08:41.996+0800][24.578s][info][gc,phases   ] GC(50) y: Young Generation 3486M(85%)->20M(0%) 0.006s
[2026-01-06T22:08:41.996+0800][24.578s][info][gc          ] GC(50) Minor Collection (High Usage) 3484M(85%)->20M(0%) 0.007s
[2026-01-06T22:08:42.438+0800][25.020s][info][gc          ] GC(51) Major Collection (Proactive)
[2026-01-06T22:08:42.438+0800][25.020s][info][gc,task     ] GC(51) Using 1 Workers for Young Generation
[2026-01-06T22:08:42.438+0800][25.020s][info][gc,task     ] GC(51) Using 1 Workers for Old Generation
[2026-01-06T22:08:42.438+0800][25.020s][info][gc,phases   ] GC(51) Y: Young Generation
[2026-01-06T22:08:42.438+0800][25.020s][info][gc,phases   ] GC(51) Y: Pause Mark Start (Major) 0.010ms
[2026-01-06T22:08:42.438+0800][25.020s][info][gc,phases   ] GC(51) Y: Concurrent Mark 0.175ms
[2026-01-06T22:08:42.438+0800][25.020s][info][gc,phases   ] GC(51) Y: Pause Mark End 0.003ms
[2026-01-06T22:08:42.439+0800][25.020s][info][gc,phases   ] GC(51) Y: Concurrent Mark Free 0.000ms
[2026-01-06T22:08:42.439+0800][25.020s][info][gc,phases   ] GC(51) Y: Concurrent Reset Relocation Set 0.000ms
[2026-01-06T22:08:42.439+0800][25.020s][info][gc,reloc    ] GC(51) Y: Using tenuring threshold: 1 (Computed)
[2026-01-06T22:08:42.439+0800][25.020s][info][gc,phases   ] GC(51) Y: Concurrent Select Relocation Set 0.215ms
[2026-01-06T22:08:42.439+0800][25.020s][info][gc,phases   ] GC(51) Y: Pause Relocate Start 0.001ms
[2026-01-06T22:08:42.439+0800][25.020s][info][gc,phases   ] GC(51) Y: Concurrent Relocate 0.012ms
[2026-01-06T22:08:42.439+0800][25.020s][info][gc,alloc    ] GC(51) Y:                         Mark Start        Mark End      Relocate Start    Relocate End   
[2026-01-06T22:08:42.439+0800][25.020s][info][gc,alloc    ] GC(51) Y: Allocation Stalls:          0                0                0                0         
[2026-01-06T22:08:42.439+0800][25.020s][info][gc,load     ] GC(51) Y: Load: 2.75 (28%) / 2.00 (20%) / 2.06 (21%)
[2026-01-06T22:08:42.439+0800][25.020s][info][gc,mmu      ] GC(51) Y: MMU: 2ms/92.0%, 5ms/96.7%, 10ms/98.4%, 20ms/99.2%, 50ms/99.7%, 100ms/99.8%
[2026-01-06T22:08:42.439+0800][25.020s][info][gc,marking  ] GC(51) Y: Mark: 1 stripe(s), 2 proactive flush(es), 1 terminate flush(es), 0 completion(s), 0 continuation(s) 
[2026-01-06T22:08:42.439+0800][25.020s][info][gc,nmethod  ] GC(51) Y: NMethods: 41 registered, 34 unregistered
[2026-01-06T22:08:42.439+0800][25.020s][info][gc,metaspace] GC(51) Y: Metaspace: 0M used, 0M committed, 1088M reserved
[2026-01-06T22:08:42.439+0800][25.020s][info][gc,reloc    ] GC(51) Y:                        Candidates     Selected     In-Place         Size        Empty    Relocated 
[2026-01-06T22:08:42.439+0800][25.020s][info][gc,reloc    ] GC(51) Y: Small Pages:                  945            0            0        1890M        1888M           0M 
[2026-01-06T22:08:42.439+0800][25.020s][info][gc,reloc    ] GC(51) Y: Medium Pages:                   0            0            0           0M           0M           0M 
[2026-01-06T22:08:42.439+0800][25.020s][info][gc,reloc    ] GC(51) Y: Large Pages:                    0            0            0           0M           0M           0M 
[2026-01-06T22:08:42.439+0800][25.020s][info][gc,reloc    ] GC(51) Y: Forwarding Usage: 0M
[2026-01-06T22:08:42.439+0800][25.020s][info][gc,reloc    ] GC(51) Y: Age Table:
[2026-01-06T22:08:42.439+0800][25.020s][info][gc,reloc    ] GC(51) Y:                    Live             Garbage             Small              Medium             Large        
[2026-01-06T22:08:42.439+0800][25.020s][info][gc,reloc    ] GC(51) Y: Eden               0M (0%)         1887M (46%)        944 / 0              0 / 0              0 / 0        
[2026-01-06T22:08:42.439+0800][25.020s][info][gc,reloc    ] GC(51) Y: Survivor 1          -                 2M (0%)           1 / 0              0 / 0              0 / 0        
[2026-01-06T22:08:42.439+0800][25.020s][info][gc,heap     ] GC(51) Y: Min Capacity: 8M(0%)
[2026-01-06T22:08:42.439+0800][25.020s][info][gc,heap     ] GC(51) Y: Max Capacity: 4096M(100%)
[2026-01-06T22:08:42.439+0800][25.020s][info][gc,heap     ] GC(51) Y: Soft Max Capacity: 3686M(90%)
[2026-01-06T22:08:42.439+0800][25.020s][info][gc,heap     ] GC(51) Y: Heap Statistics:
[2026-01-06T22:08:42.439+0800][25.020s][info][gc,heap     ] GC(51) Y:                Mark Start          Mark End        Relocate Start      Relocate End           High               Low         
[2026-01-06T22:08:42.439+0800][25.020s][info][gc,heap     ] GC(51) Y:  Capacity:     3494M (85%)        3494M (85%)        3494M (85%)        3494M (85%)        3494M (85%)        3494M (85%)    
[2026-01-06T22:08:42.439+0800][25.020s][info][gc,heap     ] GC(51) Y:      Free:     2202M (54%)        2200M (54%)        4084M (100%)       4084M (100%)       4086M (100%)       2200M (54%)    
[2026-01-06T22:08:42.439+0800][25.020s][info][gc,heap     ] GC(51) Y:      Used:     1894M (46%)        1896M (46%)          12M (0%)           12M (0%)         1896M (46%)          10M (0%)     
[2026-01-06T22:08:42.439+0800][25.020s][info][gc,heap     ] GC(51) Y: Young Generation Statistics:
[2026-01-06T22:08:42.439+0800][25.020s][info][gc,heap     ] GC(51) Y:                Mark Start          Mark End        Relocate Start      Relocate End    
[2026-01-06T22:08:42.439+0800][25.020s][info][gc,heap     ] GC(51) Y:      Used:     1890M (46%)        1892M (46%)           8M (0%)            8M (0%)     
[2026-01-06T22:08:42.439+0800][25.020s][info][gc,heap     ] GC(51) Y:      Live:         -                 0M (0%)            0M (0%)            0M (0%)     
[2026-01-06T22:08:42.439+0800][25.020s][info][gc,heap     ] GC(51) Y:   Garbage:         -              1889M (46%)           1M (0%)            1M (0%)     
[2026-01-06T22:08:42.439+0800][25.020s][info][gc,heap     ] GC(51) Y: Allocated:         -                 2M (0%)            6M (0%)            6M (0%)     
[2026-01-06T22:08:42.439+0800][25.020s][info][gc,heap     ] GC(51) Y: Reclaimed:         -                  -              1888M (46%)        1888M (46%)    
[2026-01-06T22:08:42.439+0800][25.020s][info][gc,heap     ] GC(51) Y:  Promoted:         -                  -                 0M (0%)            0M (0%)     
[2026-01-06T22:08:42.439+0800][25.020s][info][gc,heap     ] GC(51) Y: Compacted:         -                  -                  -                 0M (0%)     
[2026-01-06T22:08:42.439+0800][25.020s][info][gc,phases   ] GC(51) Y: Young Generation 1894M(46%)->12M(0%) 0.001s
[2026-01-06T22:08:42.439+0800][25.021s][info][gc,phases   ] GC(51) O: Old Generation
[2026-01-06T22:08:42.441+0800][25.023s][info][gc,phases   ] GC(51) O: Concurrent Mark 2.498ms
[2026-01-06T22:08:42.441+0800][25.023s][info][gc,phases   ] GC(51) O: Pause Mark End 0.003ms
[2026-01-06T22:08:42.441+0800][25.023s][info][gc,phases   ] GC(51) O: Concurrent Mark Free 0.001ms
[2026-01-06T22:08:42.442+0800][25.023s][info][gc,phases   ] GC(51) O: Concurrent Process Non-Strong 0.145ms
[2026-01-06T22:08:42.442+0800][25.023s][info][gc,phases   ] GC(51) O: Concurrent Reset Relocation Set 0.005ms
[2026-01-06T22:08:42.442+0800][25.023s][info][gc,phases   ] GC(51) O: Concurrent Select Relocation Set 0.038ms
[2026-01-06T22:08:42.442+0800][25.023s][info][gc,task     ] GC(51) O: Using 2 Workers for Old Generation
[2026-01-06T22:08:42.442+0800][25.023s][info][gc,task     ] GC(51) O: Using 1 Workers for Old Generation
[2026-01-06T22:08:42.442+0800][25.023s][info][gc,phases   ] GC(51) O: Concurrent Remap Roots 0.045ms
[2026-01-06T22:08:42.442+0800][25.023s][info][gc,phases   ] GC(51) O: Pause Relocate Start 0.002ms
[2026-01-06T22:08:42.442+0800][25.024s][info][gc,phases   ] GC(51) O: Concurrent Relocate 0.622ms
[2026-01-06T22:08:42.442+0800][25.024s][info][gc,alloc    ] GC(51) O:                         Mark Start        Mark End      Relocate Start    Relocate End   
[2026-01-06T22:08:42.442+0800][25.024s][info][gc,alloc    ] GC(51) O: Allocation Stalls:          0                0                0                0         
[2026-01-06T22:08:42.442+0800][25.024s][info][gc,load     ] GC(51) O: Load: 2.75 (28%) / 2.00 (20%) / 2.06 (21%)
[2026-01-06T22:08:42.442+0800][25.024s][info][gc,mmu      ] GC(51) O: MMU: 2ms/92.0%, 5ms/96.7%, 10ms/98.4%, 20ms/99.2%, 50ms/99.7%, 100ms/99.8%
[2026-01-06T22:08:42.442+0800][25.024s][info][gc,marking  ] GC(51) O: Mark: 1 stripe(s), 2 proactive flush(es), 1 terminate flush(es), 0 completion(s), 0 continuation(s) 
[2026-01-06T22:08:42.442+0800][25.024s][info][gc,nmethod  ] GC(51) O: NMethods: 41 registered, 34 unregistered
[2026-01-06T22:08:42.442+0800][25.024s][info][gc,metaspace] GC(51) O: Metaspace: 0M used, 0M committed, 1088M reserved
[2026-01-06T22:08:42.442+0800][25.024s][info][gc,ref      ] GC(51) O:                       Encountered   Discovered     Enqueued 
[2026-01-06T22:08:42.442+0800][25.024s][info][gc,ref      ] GC(51) O: Soft References:                1            0            0 
[2026-01-06T22:08:42.442+0800][25.024s][info][gc,ref      ] GC(51) O: Weak References:                6            0            0 
[2026-01-06T22:08:42.442+0800][25.024s][info][gc,ref      ] GC(51) O: Final References:               0            0            0 
[2026-01-06T22:08:42.442+0800][25.024s][info][gc,ref      ] GC(51) O: Phantom References:             1            1            0 
[2026-01-06T22:08:42.442+0800][25.024s][info][gc,reloc    ] GC(51) O:                        Candidates     Selected     In-Place         Size        Empty    Relocated 
[2026-01-06T22:08:42.442+0800][25.024s][info][gc,reloc    ] GC(51) O: Small Pages:                    2            1            0           4M           0M           1M 
[2026-01-06T22:08:42.442+0800][25.024s][info][gc,reloc    ] GC(51) O: Medium Pages:                   0            0            0           0M           0M           0M 
[2026-01-06T22:08:42.442+0800][25.024s][info][gc,reloc    ] GC(51) O: Large Pages:                    0            0            0           0M           0M           0M 
[2026-01-06T22:08:42.442+0800][25.024s][info][gc,reloc    ] GC(51) O: Forwarding Usage: 0M
[2026-01-06T22:08:42.442+0800][25.024s][info][gc,heap     ] GC(51) O: Min Capacity: 8M(0%)
[2026-01-06T22:08:42.442+0800][25.024s][info][gc,heap     ] GC(51) O: Max Capacity: 4096M(100%)
[2026-01-06T22:08:42.442+0800][25.024s][info][gc,heap     ] GC(51) O: Soft Max Capacity: 3686M(90%)
[2026-01-06T22:08:42.442+0800][25.024s][info][gc,heap     ] GC(51) O: Heap Statistics:
[2026-01-06T22:08:42.442+0800][25.024s][info][gc,heap     ] GC(51) O:                Mark Start          Mark End        Relocate Start      Relocate End           High               Low         
[2026-01-06T22:08:42.442+0800][25.024s][info][gc,heap     ] GC(51) O:  Capacity:     3494M (85%)        3494M (85%)        3494M (85%)        3494M (85%)        3494M (85%)        3494M (85%)    
[2026-01-06T22:08:42.442+0800][25.024s][info][gc,heap     ] GC(51) O:      Free:     2202M (54%)        4034M (98%)        4030M (98%)        4020M (98%)        4086M (100%)       2200M (54%)    
[2026-01-06T22:08:42.442+0800][25.024s][info][gc,heap     ] GC(51) O:      Used:     1894M (46%)          62M (2%)           66M (2%)           76M (2%)         1896M (46%)          10M (0%)     
[2026-01-06T22:08:42.442+0800][25.024s][info][gc,heap     ] GC(51) O: Old Generation Statistics:
[2026-01-06T22:08:42.442+0800][25.024s][info][gc,heap     ] GC(51) O:                Mark Start          Mark End        Relocate Start      Relocate End    
[2026-01-06T22:08:42.442+0800][25.024s][info][gc,heap     ] GC(51) O:      Used:        4M (0%)            4M (0%)            4M (0%)            4M (0%)     
[2026-01-06T22:08:42.442+0800][25.024s][info][gc,heap     ] GC(51) O:      Live:         -                 1M (0%)            1M (0%)            1M (0%)     
[2026-01-06T22:08:42.442+0800][25.024s][info][gc,heap     ] GC(51) O:   Garbage:         -                 2M (0%)            2M (0%)            0M (0%)     
[2026-01-06T22:08:42.442+0800][25.024s][info][gc,heap     ] GC(51) O: Allocated:         -                 0M (0%)            0M (0%)            2M (0%)     
[2026-01-06T22:08:42.442+0800][25.024s][info][gc,heap     ] GC(51) O: Reclaimed:         -                  -                 0M (0%)            2M (0%)     
[2026-01-06T22:08:42.442+0800][25.024s][info][gc,heap     ] GC(51) O: Compacted:         -                  -                  -                 1M (0%)     
[2026-01-06T22:08:42.442+0800][25.024s][info][gc,phases   ] GC(51) O: Old Generation 14M(0%)->76M(2%) 0.003s
[2026-01-06T22:08:42.442+0800][25.024s][info][gc          ] GC(51) Major Collection (Proactive) 1894M(46%)->78M(2%) 0.004s
[2026-01-06T22:08:42.997+0800][25.578s][info][gc          ] GC(52) Minor Collection (High Usage)
[2026-01-06T22:08:42.997+0800][25.578s][info][gc,task     ] GC(52) Using 1 Workers for Young Generation
[2026-01-06T22:08:42.997+0800][25.578s][info][gc,phases   ] GC(52) y: Young Generation
[2026-01-06T22:08:42.997+0800][25.578s][info][gc,phases   ] GC(52) y: Pause Mark Start 0.011ms
[2026-01-06T22:08:42.997+0800][25.579s][info][gc,phases   ] GC(52) y: Concurrent Mark 0.421ms
[2026-01-06T22:08:42.997+0800][25.579s][info][gc,phases   ] GC(52) y: Pause Mark End 0.003ms
[2026-01-06T22:08:42.997+0800][25.579s][info][gc,phases   ] GC(52) y: Concurrent Mark Free 0.003ms
[2026-01-06T22:08:42.997+0800][25.579s][info][gc,phases   ] GC(52) y: Concurrent Reset Relocation Set 0.000ms
[2026-01-06T22:08:43.004+0800][25.586s][info][gc,reloc    ] GC(52) y: Using tenuring threshold: 1 (Computed)
[2026-01-06T22:08:43.004+0800][25.586s][info][gc,phases   ] GC(52) y: Concurrent Select Relocation Set 6.859ms
[2026-01-06T22:08:43.004+0800][25.586s][info][gc,phases   ] GC(52) y: Pause Relocate Start 0.002ms
[2026-01-06T22:08:43.004+0800][25.586s][info][gc,phases   ] GC(52) y: Concurrent Relocate 0.010ms
[2026-01-06T22:08:43.004+0800][25.586s][info][gc,alloc    ] GC(52) y:                         Mark Start        Mark End      Relocate Start    Relocate End   
[2026-01-06T22:08:43.004+0800][25.586s][info][gc,alloc    ] GC(52) y: Allocation Stalls:          0                0                0                0         
[2026-01-06T22:08:43.004+0800][25.586s][info][gc,load     ] GC(52) y: Load: 2.75 (28%) / 2.00 (20%) / 2.06 (21%)
[2026-01-06T22:08:43.004+0800][25.586s][info][gc,mmu      ] GC(52) y: MMU: 2ms/92.0%, 5ms/96.7%, 10ms/98.4%, 20ms/99.2%, 50ms/99.7%, 100ms/99.8%
[2026-01-06T22:08:43.004+0800][25.586s][info][gc,marking  ] GC(52) y: Mark: 1 stripe(s), 2 proactive flush(es), 1 terminate flush(es), 0 completion(s), 0 continuation(s) 
[2026-01-06T22:08:43.004+0800][25.586s][info][gc,nmethod  ] GC(52) y: NMethods: 41 registered, 34 unregistered
[2026-01-06T22:08:43.004+0800][25.586s][info][gc,metaspace] GC(52) y: Metaspace: 0M used, 0M committed, 1088M reserved
[2026-01-06T22:08:43.004+0800][25.586s][info][gc,reloc    ] GC(52) y:                        Candidates     Selected     In-Place         Size        Empty    Relocated 
[2026-01-06T22:08:43.004+0800][25.586s][info][gc,reloc    ] GC(52) y: Small Pages:                 1740            0            0        3480M        3478M           0M 
[2026-01-06T22:08:43.004+0800][25.586s][info][gc,reloc    ] GC(52) y: Medium Pages:                   0            0            0           0M           0M           0M 
[2026-01-06T22:08:43.004+0800][25.586s][info][gc,reloc    ] GC(52) y: Large Pages:                    0            0            0           0M           0M           0M 
[2026-01-06T22:08:43.004+0800][25.586s][info][gc,reloc    ] GC(52) y: Forwarding Usage: 0M
[2026-01-06T22:08:43.004+0800][25.586s][info][gc,reloc    ] GC(52) y: Age Table:
[2026-01-06T22:08:43.004+0800][25.586s][info][gc,reloc    ] GC(52) y:                    Live             Garbage             Small              Medium             Large        
[2026-01-06T22:08:43.004+0800][25.586s][info][gc,reloc    ] GC(52) y: Eden               0M (0%)         3477M (85%)       1739 / 0              0 / 0              0 / 0        
[2026-01-06T22:08:43.004+0800][25.586s][info][gc,reloc    ] GC(52) y: Survivor 1          -                 2M (0%)           1 / 0              0 / 0              0 / 0        
[2026-01-06T22:08:43.004+0800][25.586s][info][gc,heap     ] GC(52) y: Min Capacity: 8M(0%)
[2026-01-06T22:08:43.004+0800][25.586s][info][gc,heap     ] GC(52) y: Max Capacity: 4096M(100%)
[2026-01-06T22:08:43.004+0800][25.586s][info][gc,heap     ] GC(52) y: Soft Max Capacity: 3686M(90%)
[2026-01-06T22:08:43.004+0800][25.586s][info][gc,heap     ] GC(52) y: Heap Statistics:
[2026-01-06T22:08:43.004+0800][25.586s][info][gc,heap     ] GC(52) y:                Mark Start          Mark End        Relocate Start      Relocate End           High               Low         
[2026-01-06T22:08:43.004+0800][25.586s][info][gc,heap     ] GC(52) y:  Capacity:     3494M (85%)        3494M (85%)        3494M (85%)        3494M (85%)        3494M (85%)        3494M (85%)    
[2026-01-06T22:08:43.004+0800][25.586s][info][gc,heap     ] GC(52) y:      Free:      612M (15%)         608M (15%)        4078M (100%)       4078M (100%)       4078M (100%)        608M (15%)    
[2026-01-06T22:08:43.004+0800][25.586s][info][gc,heap     ] GC(52) y:      Used:     3484M (85%)        3488M (85%)          18M (0%)           18M (0%)         3488M (85%)          18M (0%)     
[2026-01-06T22:08:43.004+0800][25.586s][info][gc,heap     ] GC(52) y: Young Generation Statistics:
[2026-01-06T22:08:43.004+0800][25.586s][info][gc,heap     ] GC(52) y:                Mark Start          Mark End        Relocate Start      Relocate End    
[2026-01-06T22:08:43.004+0800][25.586s][info][gc,heap     ] GC(52) y:      Used:     3480M (85%)        3484M (85%)          14M (0%)           14M (0%)     
[2026-01-06T22:08:43.004+0800][25.586s][info][gc,heap     ] GC(52) y:      Live:         -                 0M (0%)            0M (0%)            0M (0%)     
[2026-01-06T22:08:43.004+0800][25.586s][info][gc,heap     ] GC(52) y:   Garbage:         -              3479M (85%)           1M (0%)            1M (0%)     
[2026-01-06T22:08:43.004+0800][25.586s][info][gc,heap     ] GC(52) y: Allocated:         -                 4M (0%)           12M (0%)           12M (0%)     
[2026-01-06T22:08:43.004+0800][25.586s][info][gc,heap     ] GC(52) y: Reclaimed:         -                  -              3478M (85%)        3478M (85%)    
[2026-01-06T22:08:43.004+0800][25.586s][info][gc,heap     ] GC(52) y:  Promoted:         -                  -                 0M (0%)            0M (0%)     
[2026-01-06T22:08:43.004+0800][25.586s][info][gc,heap     ] GC(52) y: Compacted:         -                  -                  -                 0M (0%)     
[2026-01-06T22:08:43.004+0800][25.586s][info][gc,phases   ] GC(52) y: Young Generation 3484M(85%)->18M(0%) 0.007s
[2026-01-06T22:08:43.004+0800][25.586s][info][gc          ] GC(52) Minor Collection (High Usage) 3484M(85%)->18M(0%) 0.008s
[2026-01-06T22:08:43.600+0800][26.182s][info][gc          ] GC(53) Major Collection (Proactive)
[2026-01-06T22:08:43.600+0800][26.182s][info][gc,task     ] GC(53) Using 1 Workers for Young Generation
[2026-01-06T22:08:43.600+0800][26.182s][info][gc,task     ] GC(53) Using 1 Workers for Old Generation
[2026-01-06T22:08:43.600+0800][26.182s][info][gc,phases   ] GC(53) Y: Young Generation
[2026-01-06T22:08:43.600+0800][26.182s][info][gc,phases   ] GC(53) Y: Pause Mark Start (Major) 0.024ms
[2026-01-06T22:08:43.601+0800][26.182s][info][gc,phases   ] GC(53) Y: Concurrent Mark 0.342ms
[2026-01-06T22:08:43.601+0800][26.182s][info][gc,phases   ] GC(53) Y: Pause Mark End 0.005ms
[2026-01-06T22:08:43.601+0800][26.182s][info][gc,phases   ] GC(53) Y: Concurrent Mark Free 0.003ms
[2026-01-06T22:08:43.601+0800][26.182s][info][gc,phases   ] GC(53) Y: Concurrent Reset Relocation Set 0.000ms
[2026-01-06T22:08:43.602+0800][26.184s][info][gc,reloc    ] GC(53) Y: Using tenuring threshold: 1 (Computed)
[2026-01-06T22:08:43.602+0800][26.184s][info][gc,phases   ] GC(53) Y: Concurrent Select Relocation Set 1.505ms
[2026-01-06T22:08:43.602+0800][26.184s][info][gc,phases   ] GC(53) Y: Pause Relocate Start 0.002ms
[2026-01-06T22:08:43.602+0800][26.184s][info][gc,phases   ] GC(53) Y: Concurrent Relocate 0.011ms
[2026-01-06T22:08:43.602+0800][26.184s][info][gc,alloc    ] GC(53) Y:                         Mark Start        Mark End      Relocate Start    Relocate End   
[2026-01-06T22:08:43.602+0800][26.184s][info][gc,alloc    ] GC(53) Y: Allocation Stalls:          0                0                0                0         
[2026-01-06T22:08:43.602+0800][26.184s][info][gc,load     ] GC(53) Y: Load: 2.75 (28%) / 2.00 (20%) / 2.06 (21%)
[2026-01-06T22:08:43.602+0800][26.184s][info][gc,mmu      ] GC(53) Y: MMU: 2ms/92.0%, 5ms/96.7%, 10ms/98.4%, 20ms/99.2%, 50ms/99.7%, 100ms/99.8%
[2026-01-06T22:08:43.602+0800][26.184s][info][gc,marking  ] GC(53) Y: Mark: 1 stripe(s), 2 proactive flush(es), 1 terminate flush(es), 0 completion(s), 0 continuation(s) 
[2026-01-06T22:08:43.602+0800][26.184s][info][gc,nmethod  ] GC(53) Y: NMethods: 41 registered, 34 unregistered
[2026-01-06T22:08:43.602+0800][26.184s][info][gc,metaspace] GC(53) Y: Metaspace: 0M used, 0M committed, 1088M reserved
[2026-01-06T22:08:43.602+0800][26.184s][info][gc,reloc    ] GC(53) Y:                        Candidates     Selected     In-Place         Size        Empty    Relocated 
[2026-01-06T22:08:43.602+0800][26.184s][info][gc,reloc    ] GC(53) Y: Small Pages:                 1047            0            0        2094M        2092M           0M 
[2026-01-06T22:08:43.602+0800][26.184s][info][gc,reloc    ] GC(53) Y: Medium Pages:                   0            0            0           0M           0M           0M 
[2026-01-06T22:08:43.602+0800][26.184s][info][gc,reloc    ] GC(53) Y: Large Pages:                    0            0            0           0M           0M           0M 
[2026-01-06T22:08:43.602+0800][26.184s][info][gc,reloc    ] GC(53) Y: Forwarding Usage: 0M
[2026-01-06T22:08:43.602+0800][26.184s][info][gc,reloc    ] GC(53) Y: Age Table:
[2026-01-06T22:08:43.602+0800][26.184s][info][gc,reloc    ] GC(53) Y:                    Live             Garbage             Small              Medium             Large        
[2026-01-06T22:08:43.602+0800][26.184s][info][gc,reloc    ] GC(53) Y: Eden               0M (0%)         2091M (51%)       1046 / 0              0 / 0              0 / 0        
[2026-01-06T22:08:43.602+0800][26.184s][info][gc,reloc    ] GC(53) Y: Survivor 1          -                 2M (0%)           1 / 0              0 / 0              0 / 0        
[2026-01-06T22:08:43.602+0800][26.184s][info][gc,heap     ] GC(53) Y: Min Capacity: 8M(0%)
[2026-01-06T22:08:43.602+0800][26.184s][info][gc,heap     ] GC(53) Y: Max Capacity: 4096M(100%)
[2026-01-06T22:08:43.602+0800][26.184s][info][gc,heap     ] GC(53) Y: Soft Max Capacity: 3686M(90%)
[2026-01-06T22:08:43.602+0800][26.184s][info][gc,heap     ] GC(53) Y: Heap Statistics:
[2026-01-06T22:08:43.602+0800][26.184s][info][gc,heap     ] GC(53) Y:                Mark Start          Mark End        Relocate Start      Relocate End           High               Low         
[2026-01-06T22:08:43.602+0800][26.184s][info][gc,heap     ] GC(53) Y:  Capacity:     3494M (85%)        3494M (85%)        3494M (85%)        3494M (85%)        3494M (85%)        3494M (85%)    
[2026-01-06T22:08:43.602+0800][26.184s][info][gc,heap     ] GC(53) Y:      Free:     1998M (49%)        1996M (49%)        4082M (100%)       4082M (100%)       4082M (100%)       1996M (49%)    
[2026-01-06T22:08:43.602+0800][26.184s][info][gc,heap     ] GC(53) Y:      Used:     2098M (51%)        2100M (51%)          14M (0%)           14M (0%)         2100M (51%)          14M (0%)     
[2026-01-06T22:08:43.602+0800][26.184s][info][gc,heap     ] GC(53) Y: Young Generation Statistics:
[2026-01-06T22:08:43.602+0800][26.184s][info][gc,heap     ] GC(53) Y:                Mark Start          Mark End        Relocate Start      Relocate End    
[2026-01-06T22:08:43.602+0800][26.184s][info][gc,heap     ] GC(53) Y:      Used:     2094M (51%)        2096M (51%)          10M (0%)           10M (0%)     
[2026-01-06T22:08:43.602+0800][26.184s][info][gc,heap     ] GC(53) Y:      Live:         -                 0M (0%)            0M (0%)            0M (0%)     
[2026-01-06T22:08:43.602+0800][26.184s][info][gc,heap     ] GC(53) Y:   Garbage:         -              2093M (51%)           1M (0%)            1M (0%)     
[2026-01-06T22:08:43.602+0800][26.184s][info][gc,heap     ] GC(53) Y: Allocated:         -                 2M (0%)            8M (0%)            8M (0%)     
[2026-01-06T22:08:43.602+0800][26.184s][info][gc,heap     ] GC(53) Y: Reclaimed:         -                  -              2092M (51%)        2092M (51%)    
[2026-01-06T22:08:43.602+0800][26.184s][info][gc,heap     ] GC(53) Y:  Promoted:         -                  -                 0M (0%)            0M (0%)     
[2026-01-06T22:08:43.602+0800][26.184s][info][gc,heap     ] GC(53) Y: Compacted:         -                  -                  -                 0M (0%)     
[2026-01-06T22:08:43.602+0800][26.184s][info][gc,phases   ] GC(53) Y: Young Generation 2098M(51%)->14M(0%) 0.002s
[2026-01-06T22:08:43.602+0800][26.184s][info][gc,phases   ] GC(53) O: Old Generation
[2026-01-06T22:08:43.605+0800][26.187s][info][gc,phases   ] GC(53) O: Concurrent Mark 2.596ms
[2026-01-06T22:08:43.605+0800][26.187s][info][gc,phases   ] GC(53) O: Pause Mark End 0.005ms
[2026-01-06T22:08:43.605+0800][26.187s][info][gc,phases   ] GC(53) O: Concurrent Mark Free 0.000ms
[2026-01-06T22:08:43.605+0800][26.187s][info][gc,phases   ] GC(53) O: Concurrent Process Non-Strong 0.161ms
[2026-01-06T22:08:43.605+0800][26.187s][info][gc,phases   ] GC(53) O: Concurrent Reset Relocation Set 0.006ms
[2026-01-06T22:08:43.605+0800][26.187s][info][gc,phases   ] GC(53) O: Concurrent Select Relocation Set 0.038ms
[2026-01-06T22:08:43.605+0800][26.187s][info][gc,task     ] GC(53) O: Using 2 Workers for Old Generation
[2026-01-06T22:08:43.605+0800][26.187s][info][gc,task     ] GC(53) O: Using 1 Workers for Old Generation
[2026-01-06T22:08:43.605+0800][26.187s][info][gc,phases   ] GC(53) O: Concurrent Remap Roots 0.046ms
[2026-01-06T22:08:43.605+0800][26.187s][info][gc,phases   ] GC(53) O: Pause Relocate Start 0.001ms
[2026-01-06T22:08:43.606+0800][26.188s][info][gc,phases   ] GC(53) O: Concurrent Relocate 0.908ms
[2026-01-06T22:08:43.606+0800][26.188s][info][gc,alloc    ] GC(53) O:                         Mark Start        Mark End      Relocate Start    Relocate End   
[2026-01-06T22:08:43.606+0800][26.188s][info][gc,alloc    ] GC(53) O: Allocation Stalls:          0                0                0                0         
[2026-01-06T22:08:43.606+0800][26.188s][info][gc,load     ] GC(53) O: Load: 2.75 (28%) / 2.00 (20%) / 2.06 (21%)
[2026-01-06T22:08:43.606+0800][26.188s][info][gc,mmu      ] GC(53) O: MMU: 2ms/92.0%, 5ms/96.7%, 10ms/98.4%, 20ms/99.2%, 50ms/99.7%, 100ms/99.8%
[2026-01-06T22:08:43.606+0800][26.188s][info][gc,marking  ] GC(53) O: Mark: 1 stripe(s), 2 proactive flush(es), 1 terminate flush(es), 0 completion(s), 0 continuation(s) 
[2026-01-06T22:08:43.606+0800][26.188s][info][gc,nmethod  ] GC(53) O: NMethods: 41 registered, 34 unregistered
[2026-01-06T22:08:43.606+0800][26.188s][info][gc,metaspace] GC(53) O: Metaspace: 0M used, 0M committed, 1088M reserved
[2026-01-06T22:08:43.606+0800][26.188s][info][gc,ref      ] GC(53) O:                       Encountered   Discovered     Enqueued 
[2026-01-06T22:08:43.606+0800][26.188s][info][gc,ref      ] GC(53) O: Soft References:                1            0            0 
[2026-01-06T22:08:43.606+0800][26.188s][info][gc,ref      ] GC(53) O: Weak References:                6            0            0 
[2026-01-06T22:08:43.606+0800][26.188s][info][gc,ref      ] GC(53) O: Final References:               0            0            0 
[2026-01-06T22:08:43.606+0800][26.188s][info][gc,ref      ] GC(53) O: Phantom References:             1            1            0 
[2026-01-06T22:08:43.606+0800][26.188s][info][gc,reloc    ] GC(53) O:                        Candidates     Selected     In-Place         Size        Empty    Relocated 
[2026-01-06T22:08:43.606+0800][26.188s][info][gc,reloc    ] GC(53) O: Small Pages:                    2            1            0           4M           0M           1M 
[2026-01-06T22:08:43.606+0800][26.188s][info][gc,reloc    ] GC(53) O: Medium Pages:                   0            0            0           0M           0M           0M 
[2026-01-06T22:08:43.606+0800][26.188s][info][gc,reloc    ] GC(53) O: Large Pages:                    0            0            0           0M           0M           0M 
[2026-01-06T22:08:43.606+0800][26.188s][info][gc,reloc    ] GC(53) O: Forwarding Usage: 0M
[2026-01-06T22:08:43.606+0800][26.188s][info][gc,heap     ] GC(53) O: Min Capacity: 8M(0%)
[2026-01-06T22:08:43.606+0800][26.188s][info][gc,heap     ] GC(53) O: Max Capacity: 4096M(100%)
[2026-01-06T22:08:43.606+0800][26.188s][info][gc,heap     ] GC(53) O: Soft Max Capacity: 3686M(90%)
[2026-01-06T22:08:43.606+0800][26.188s][info][gc,heap     ] GC(53) O: Heap Statistics:
[2026-01-06T22:08:43.606+0800][26.188s][info][gc,heap     ] GC(53) O:                Mark Start          Mark End        Relocate Start      Relocate End           High               Low         
[2026-01-06T22:08:43.606+0800][26.188s][info][gc,heap     ] GC(53) O:  Capacity:     3494M (85%)        3494M (85%)        3494M (85%)        3494M (85%)        3494M (85%)        3494M (85%)    
[2026-01-06T22:08:43.606+0800][26.188s][info][gc,heap     ] GC(53) O:      Free:     1998M (49%)        4062M (99%)        4060M (99%)        4054M (99%)        4082M (100%)       1996M (49%)    
[2026-01-06T22:08:43.606+0800][26.188s][info][gc,heap     ] GC(53) O:      Used:     2098M (51%)          34M (1%)           36M (1%)           42M (1%)         2100M (51%)          14M (0%)     
[2026-01-06T22:08:43.606+0800][26.188s][info][gc,heap     ] GC(53) O: Old Generation Statistics:
[2026-01-06T22:08:43.606+0800][26.188s][info][gc,heap     ] GC(53) O:                Mark Start          Mark End        Relocate Start      Relocate End    
[2026-01-06T22:08:43.606+0800][26.188s][info][gc,heap     ] GC(53) O:      Used:        4M (0%)            4M (0%)            4M (0%)            4M (0%)     
[2026-01-06T22:08:43.606+0800][26.188s][info][gc,heap     ] GC(53) O:      Live:         -                 1M (0%)            1M (0%)            1M (0%)     
[2026-01-06T22:08:43.606+0800][26.188s][info][gc,heap     ] GC(53) O:   Garbage:         -                 2M (0%)            2M (0%)            0M (0%)     
[2026-01-06T22:08:43.606+0800][26.188s][info][gc,heap     ] GC(53) O: Allocated:         -                 0M (0%)            0M (0%)            2M (0%)     
[2026-01-06T22:08:43.606+0800][26.188s][info][gc,heap     ] GC(53) O: Reclaimed:         -                  -                 0M (0%)            2M (0%)     
[2026-01-06T22:08:43.606+0800][26.188s][info][gc,heap     ] GC(53) O: Compacted:         -                  -                  -                 1M (0%)     
[2026-01-06T22:08:43.606+0800][26.188s][info][gc,phases   ] GC(53) O: Old Generation 14M(0%)->42M(1%) 0.004s
[2026-01-06T22:08:43.606+0800][26.188s][info][gc          ] GC(53) Major Collection (Proactive) 2098M(51%)->42M(1%) 0.006s
[2026-01-06T22:08:44.158+0800][26.740s][info][gc          ] GC(54) Minor Collection (High Usage)
[2026-01-06T22:08:44.158+0800][26.740s][info][gc,task     ] GC(54) Using 1 Workers for Young Generation
[2026-01-06T22:08:44.158+0800][26.740s][info][gc,phases   ] GC(54) y: Young Generation
[2026-01-06T22:08:44.158+0800][26.740s][info][gc,phases   ] GC(54) y: Pause Mark Start 0.003ms
[2026-01-06T22:08:44.159+0800][26.740s][info][gc,phases   ] GC(54) y: Concurrent Mark 0.397ms
[2026-01-06T22:08:44.159+0800][26.740s][info][gc,phases   ] GC(54) y: Pause Mark End 0.004ms
[2026-01-06T22:08:44.159+0800][26.741s][info][gc,phases   ] GC(54) y: Concurrent Mark Free 0.000ms
[2026-01-06T22:08:44.159+0800][26.741s][info][gc,phases   ] GC(54) y: Concurrent Reset Relocation Set 0.000ms
[2026-01-06T22:08:44.159+0800][26.741s][info][gc,reloc    ] GC(54) y: Using tenuring threshold: 1 (Computed)
[2026-01-06T22:08:44.159+0800][26.741s][info][gc,phases   ] GC(54) y: Concurrent Select Relocation Set 0.377ms
[2026-01-06T22:08:44.159+0800][26.741s][info][gc,phases   ] GC(54) y: Pause Relocate Start 0.001ms
[2026-01-06T22:08:44.159+0800][26.741s][info][gc,phases   ] GC(54) y: Concurrent Relocate 0.009ms
[2026-01-06T22:08:44.159+0800][26.741s][info][gc,alloc    ] GC(54) y:                         Mark Start        Mark End      Relocate Start    Relocate End   
[2026-01-06T22:08:44.159+0800][26.741s][info][gc,alloc    ] GC(54) y: Allocation Stalls:          0                0                0                0         
[2026-01-06T22:08:44.159+0800][26.741s][info][gc,load     ] GC(54) y: Load: 2.75 (28%) / 2.00 (20%) / 2.06 (21%)
[2026-01-06T22:08:44.159+0800][26.741s][info][gc,mmu      ] GC(54) y: MMU: 2ms/92.0%, 5ms/96.7%, 10ms/98.4%, 20ms/99.2%, 50ms/99.7%, 100ms/99.8%
[2026-01-06T22:08:44.159+0800][26.741s][info][gc,marking  ] GC(54) y: Mark: 1 stripe(s), 2 proactive flush(es), 1 terminate flush(es), 0 completion(s), 0 continuation(s) 
[2026-01-06T22:08:44.159+0800][26.741s][info][gc,nmethod  ] GC(54) y: NMethods: 41 registered, 34 unregistered
[2026-01-06T22:08:44.159+0800][26.741s][info][gc,metaspace] GC(54) y: Metaspace: 0M used, 0M committed, 1088M reserved
[2026-01-06T22:08:44.159+0800][26.741s][info][gc,reloc    ] GC(54) y:                        Candidates     Selected     In-Place         Size        Empty    Relocated 
[2026-01-06T22:08:44.159+0800][26.741s][info][gc,reloc    ] GC(54) y: Small Pages:                 1744            0            0        3488M        3486M           0M 
[2026-01-06T22:08:44.159+0800][26.741s][info][gc,reloc    ] GC(54) y: Medium Pages:                   0            0            0           0M           0M           0M 
[2026-01-06T22:08:44.159+0800][26.741s][info][gc,reloc    ] GC(54) y: Large Pages:                    0            0            0           0M           0M           0M 
[2026-01-06T22:08:44.159+0800][26.741s][info][gc,reloc    ] GC(54) y: Forwarding Usage: 0M
[2026-01-06T22:08:44.159+0800][26.741s][info][gc,reloc    ] GC(54) y: Age Table:
[2026-01-06T22:08:44.159+0800][26.741s][info][gc,reloc    ] GC(54) y:                    Live             Garbage             Small              Medium             Large        
[2026-01-06T22:08:44.159+0800][26.741s][info][gc,reloc    ] GC(54) y: Eden               0M (0%)         3485M (85%)       1743 / 0              0 / 0              0 / 0        
[2026-01-06T22:08:44.159+0800][26.741s][info][gc,reloc    ] GC(54) y: Survivor 1          -                 2M (0%)           1 / 0              0 / 0              0 / 0        
[2026-01-06T22:08:44.159+0800][26.741s][info][gc,heap     ] GC(54) y: Min Capacity: 8M(0%)
[2026-01-06T22:08:44.159+0800][26.741s][info][gc,heap     ] GC(54) y: Max Capacity: 4096M(100%)
[2026-01-06T22:08:44.159+0800][26.741s][info][gc,heap     ] GC(54) y: Soft Max Capacity: 3686M(90%)
[2026-01-06T22:08:44.159+0800][26.741s][info][gc,heap     ] GC(54) y: Heap Statistics:
[2026-01-06T22:08:44.159+0800][26.741s][info][gc,heap     ] GC(54) y:                Mark Start          Mark End        Relocate Start      Relocate End           High               Low         
[2026-01-06T22:08:44.159+0800][26.741s][info][gc,heap     ] GC(54) y:  Capacity:     3494M (85%)        3498M (85%)        3498M (85%)        3498M (85%)        3498M (85%)        3494M (85%)    
[2026-01-06T22:08:44.159+0800][26.741s][info][gc,heap     ] GC(54) y:      Free:      604M (15%)         598M (15%)        4080M (100%)       4080M (100%)       4080M (100%)        598M (15%)    
[2026-01-06T22:08:44.159+0800][26.741s][info][gc,heap     ] GC(54) y:      Used:     3492M (85%)        3498M (85%)          16M (0%)           16M (0%)         3498M (85%)          16M (0%)     
[2026-01-06T22:08:44.159+0800][26.741s][info][gc,heap     ] GC(54) y: Young Generation Statistics:
[2026-01-06T22:08:44.159+0800][26.741s][info][gc,heap     ] GC(54) y:                Mark Start          Mark End        Relocate Start      Relocate End    
[2026-01-06T22:08:44.159+0800][26.741s][info][gc,heap     ] GC(54) y:      Used:     3488M (85%)        3494M (85%)          12M (0%)           12M (0%)     
[2026-01-06T22:08:44.159+0800][26.741s][info][gc,heap     ] GC(54) y:      Live:         -                 0M (0%)            0M (0%)            0M (0%)     
[2026-01-06T22:08:44.159+0800][26.741s][info][gc,heap     ] GC(54) y:   Garbage:         -              3487M (85%)           1M (0%)            1M (0%)     
[2026-01-06T22:08:44.159+0800][26.741s][info][gc,heap     ] GC(54) y: Allocated:         -                 6M (0%)           10M (0%)           10M (0%)     
[2026-01-06T22:08:44.159+0800][26.741s][info][gc,heap     ] GC(54) y: Reclaimed:         -                  -              3486M (85%)        3486M (85%)    
[2026-01-06T22:08:44.159+0800][26.741s][info][gc,heap     ] GC(54) y:  Promoted:         -                  -                 0M (0%)            0M (0%)     
[2026-01-06T22:08:44.159+0800][26.741s][info][gc,heap     ] GC(54) y: Compacted:         -                  -                  -                 0M (0%)     
[2026-01-06T22:08:44.159+0800][26.741s][info][gc,phases   ] GC(54) y: Young Generation 3492M(85%)->16M(0%) 0.001s
[2026-01-06T22:08:44.159+0800][26.741s][info][gc          ] GC(54) Minor Collection (High Usage) 3492M(85%)->18M(0%) 0.001s
[2026-01-06T22:08:44.271+0800][26.853s][info][gc          ] GC(55) Major Collection (Proactive)
[2026-01-06T22:08:44.271+0800][26.853s][info][gc,task     ] GC(55) Using 1 Workers for Young Generation
[2026-01-06T22:08:44.271+0800][26.853s][info][gc,task     ] GC(55) Using 1 Workers for Old Generation
[2026-01-06T22:08:44.271+0800][26.853s][info][gc,phases   ] GC(55) Y: Young Generation
[2026-01-06T22:08:44.271+0800][26.853s][info][gc,phases   ] GC(55) Y: Pause Mark Start (Major) 0.004ms
[2026-01-06T22:08:44.272+0800][26.853s][info][gc,phases   ] GC(55) Y: Concurrent Mark 0.172ms
[2026-01-06T22:08:44.272+0800][26.853s][info][gc,phases   ] GC(55) Y: Pause Mark End 0.003ms
[2026-01-06T22:08:44.272+0800][26.853s][info][gc,phases   ] GC(55) Y: Concurrent Mark Free 0.000ms
[2026-01-06T22:08:44.272+0800][26.853s][info][gc,phases   ] GC(55) Y: Concurrent Reset Relocation Set 0.000ms
[2026-01-06T22:08:44.272+0800][26.853s][info][gc,reloc    ] GC(55) Y: Using tenuring threshold: 1 (Computed)
[2026-01-06T22:08:44.272+0800][26.853s][info][gc,phases   ] GC(55) Y: Concurrent Select Relocation Set 0.086ms
[2026-01-06T22:08:44.272+0800][26.853s][info][gc,phases   ] GC(55) Y: Pause Relocate Start 0.001ms
[2026-01-06T22:08:44.272+0800][26.853s][info][gc,phases   ] GC(55) Y: Concurrent Relocate 0.011ms
[2026-01-06T22:08:44.272+0800][26.853s][info][gc,alloc    ] GC(55) Y:                         Mark Start        Mark End      Relocate Start    Relocate End   
[2026-01-06T22:08:44.272+0800][26.853s][info][gc,alloc    ] GC(55) Y: Allocation Stalls:          0                0                0                0         
[2026-01-06T22:08:44.272+0800][26.853s][info][gc,load     ] GC(55) Y: Load: 2.75 (28%) / 2.00 (20%) / 2.06 (21%)
[2026-01-06T22:08:44.272+0800][26.853s][info][gc,mmu      ] GC(55) Y: MMU: 2ms/92.0%, 5ms/96.7%, 10ms/98.4%, 20ms/99.2%, 50ms/99.7%, 100ms/99.8%
[2026-01-06T22:08:44.272+0800][26.853s][info][gc,marking  ] GC(55) Y: Mark: 1 stripe(s), 2 proactive flush(es), 1 terminate flush(es), 0 completion(s), 0 continuation(s) 
[2026-01-06T22:08:44.272+0800][26.853s][info][gc,nmethod  ] GC(55) Y: NMethods: 41 registered, 34 unregistered
[2026-01-06T22:08:44.272+0800][26.853s][info][gc,metaspace] GC(55) Y: Metaspace: 0M used, 0M committed, 1088M reserved
[2026-01-06T22:08:44.272+0800][26.853s][info][gc,reloc    ] GC(55) Y:                        Candidates     Selected     In-Place         Size        Empty    Relocated 
[2026-01-06T22:08:44.272+0800][26.853s][info][gc,reloc    ] GC(55) Y: Small Pages:                  301            0            0         602M         600M           0M 
[2026-01-06T22:08:44.272+0800][26.853s][info][gc,reloc    ] GC(55) Y: Medium Pages:                   0            0            0           0M           0M           0M 
[2026-01-06T22:08:44.272+0800][26.853s][info][gc,reloc    ] GC(55) Y: Large Pages:                    0            0            0           0M           0M           0M 
[2026-01-06T22:08:44.272+0800][26.853s][info][gc,reloc    ] GC(55) Y: Forwarding Usage: 0M
[2026-01-06T22:08:44.272+0800][26.853s][info][gc,reloc    ] GC(55) Y: Age Table:
[2026-01-06T22:08:44.272+0800][26.853s][info][gc,reloc    ] GC(55) Y:                    Live             Garbage             Small              Medium             Large        
[2026-01-06T22:08:44.272+0800][26.853s][info][gc,reloc    ] GC(55) Y: Eden               0M (0%)          599M (15%)        300 / 0              0 / 0              0 / 0        
[2026-01-06T22:08:44.272+0800][26.853s][info][gc,reloc    ] GC(55) Y: Survivor 1          -                 2M (0%)           1 / 0              0 / 0              0 / 0        
[2026-01-06T22:08:44.272+0800][26.853s][info][gc,heap     ] GC(55) Y: Min Capacity: 8M(0%)
[2026-01-06T22:08:44.272+0800][26.853s][info][gc,heap     ] GC(55) Y: Max Capacity: 4096M(100%)
[2026-01-06T22:08:44.272+0800][26.853s][info][gc,heap     ] GC(55) Y: Soft Max Capacity: 3686M(90%)
[2026-01-06T22:08:44.272+0800][26.853s][info][gc,heap     ] GC(55) Y: Heap Statistics:
[2026-01-06T22:08:44.272+0800][26.853s][info][gc,heap     ] GC(55) Y:                Mark Start          Mark End        Relocate Start      Relocate End           High               Low         
[2026-01-06T22:08:44.272+0800][26.853s][info][gc,heap     ] GC(55) Y:  Capacity:     3498M (85%)        3498M (85%)        3498M (85%)        3498M (85%)        3498M (85%)        3498M (85%)    
[2026-01-06T22:08:44.272+0800][26.853s][info][gc,heap     ] GC(55) Y:      Free:     3490M (85%)        3488M (85%)        4088M (100%)       4086M (100%)       4088M (100%)       3488M (85%)    
[2026-01-06T22:08:44.272+0800][26.853s][info][gc,heap     ] GC(55) Y:      Used:      606M (15%)         608M (15%)           8M (0%)           10M (0%)          608M (15%)           8M (0%)     
[2026-01-06T22:08:44.272+0800][26.853s][info][gc,heap     ] GC(55) Y: Young Generation Statistics:
[2026-01-06T22:08:44.272+0800][26.853s][info][gc,heap     ] GC(55) Y:                Mark Start          Mark End        Relocate Start      Relocate End    
[2026-01-06T22:08:44.272+0800][26.853s][info][gc,heap     ] GC(55) Y:      Used:      602M (15%)         604M (15%)           4M (0%)            6M (0%)     
[2026-01-06T22:08:44.272+0800][26.853s][info][gc,heap     ] GC(55) Y:      Live:         -                 0M (0%)            0M (0%)            0M (0%)     
[2026-01-06T22:08:44.272+0800][26.853s][info][gc,heap     ] GC(55) Y:   Garbage:         -               601M (15%)           1M (0%)            1M (0%)     
[2026-01-06T22:08:44.272+0800][26.853s][info][gc,heap     ] GC(55) Y: Allocated:         -                 2M (0%)            2M (0%)            4M (0%)     
[2026-01-06T22:08:44.272+0800][26.853s][info][gc,heap     ] GC(55) Y: Reclaimed:         -                  -               600M (15%)         600M (15%)    
[2026-01-06T22:08:44.272+0800][26.853s][info][gc,heap     ] GC(55) Y:  Promoted:         -                  -                 0M (0%)            0M (0%)     
[2026-01-06T22:08:44.272+0800][26.853s][info][gc,heap     ] GC(55) Y: Compacted:         -                  -                  -                 0M (0%)     
[2026-01-06T22:08:44.272+0800][26.853s][info][gc,phases   ] GC(55) Y: Young Generation 606M(15%)->10M(0%) 0.000s
[2026-01-06T22:08:44.272+0800][26.853s][info][gc,phases   ] GC(55) O: Old Generation
[2026-01-06T22:08:44.274+0800][26.855s][info][gc,phases   ] GC(55) O: Concurrent Mark 2.003ms
[2026-01-06T22:08:44.274+0800][26.856s][info][gc,phases   ] GC(55) O: Pause Mark End 0.003ms
[2026-01-06T22:08:44.274+0800][26.856s][info][gc,phases   ] GC(55) O: Concurrent Mark Free 0.001ms
[2026-01-06T22:08:44.274+0800][26.856s][info][gc,phases   ] GC(55) O: Concurrent Process Non-Strong 0.129ms
[2026-01-06T22:08:44.274+0800][26.856s][info][gc,phases   ] GC(55) O: Concurrent Reset Relocation Set 0.001ms
[2026-01-06T22:08:44.274+0800][26.856s][info][gc,phases   ] GC(55) O: Concurrent Select Relocation Set 0.019ms
[2026-01-06T22:08:44.274+0800][26.856s][info][gc,task     ] GC(55) O: Using 2 Workers for Old Generation
[2026-01-06T22:08:44.274+0800][26.856s][info][gc,task     ] GC(55) O: Using 1 Workers for Old Generation
[2026-01-06T22:08:44.274+0800][26.856s][info][gc,phases   ] GC(55) O: Concurrent Remap Roots 0.044ms
[2026-01-06T22:08:44.274+0800][26.856s][info][gc,phases   ] GC(55) O: Pause Relocate Start 0.001ms
[2026-01-06T22:08:44.275+0800][26.857s][info][gc,phases   ] GC(55) O: Concurrent Relocate 0.735ms
[2026-01-06T22:08:44.275+0800][26.857s][info][gc,alloc    ] GC(55) O:                         Mark Start        Mark End      Relocate Start    Relocate End   
[2026-01-06T22:08:44.275+0800][26.857s][info][gc,alloc    ] GC(55) O: Allocation Stalls:          0                0                0                0         
[2026-01-06T22:08:44.275+0800][26.857s][info][gc,load     ] GC(55) O: Load: 2.75 (28%) / 2.00 (20%) / 2.06 (21%)
[2026-01-06T22:08:44.275+0800][26.857s][info][gc,mmu      ] GC(55) O: MMU: 2ms/92.0%, 5ms/96.7%, 10ms/98.4%, 20ms/99.2%, 50ms/99.7%, 100ms/99.8%
[2026-01-06T22:08:44.275+0800][26.857s][info][gc,marking  ] GC(55) O: Mark: 1 stripe(s), 2 proactive flush(es), 1 terminate flush(es), 0 completion(s), 0 continuation(s) 
[2026-01-06T22:08:44.275+0800][26.857s][info][gc,nmethod  ] GC(55) O: NMethods: 41 registered, 34 unregistered
[2026-01-06T22:08:44.275+0800][26.857s][info][gc,metaspace] GC(55) O: Metaspace: 0M used, 0M committed, 1088M reserved
[2026-01-06T22:08:44.275+0800][26.857s][info][gc,ref      ] GC(55) O:                       Encountered   Discovered     Enqueued 
[2026-01-06T22:08:44.275+0800][26.857s][info][gc,ref      ] GC(55) O: Soft References:                1            0            0 
[2026-01-06T22:08:44.275+0800][26.857s][info][gc,ref      ] GC(55) O: Weak References:                6            0            0 
[2026-01-06T22:08:44.275+0800][26.857s][info][gc,ref      ] GC(55) O: Final References:               0            0            0 
[2026-01-06T22:08:44.275+0800][26.857s][info][gc,ref      ] GC(55) O: Phantom References:             1            1            0 
[2026-01-06T22:08:44.275+0800][26.857s][info][gc,reloc    ] GC(55) O:                        Candidates     Selected     In-Place         Size        Empty    Relocated 
[2026-01-06T22:08:44.275+0800][26.857s][info][gc,reloc    ] GC(55) O: Small Pages:                    2            1            0           4M           0M           1M 
[2026-01-06T22:08:44.275+0800][26.857s][info][gc,reloc    ] GC(55) O: Medium Pages:                   0            0            0           0M           0M           0M 
[2026-01-06T22:08:44.275+0800][26.857s][info][gc,reloc    ] GC(55) O: Large Pages:                    0            0            0           0M           0M           0M 
[2026-01-06T22:08:44.275+0800][26.857s][info][gc,reloc    ] GC(55) O: Forwarding Usage: 0M
[2026-01-06T22:08:44.275+0800][26.857s][info][gc,heap     ] GC(55) O: Min Capacity: 8M(0%)
[2026-01-06T22:08:44.275+0800][26.857s][info][gc,heap     ] GC(55) O: Max Capacity: 4096M(100%)
[2026-01-06T22:08:44.275+0800][26.857s][info][gc,heap     ] GC(55) O: Soft Max Capacity: 3686M(90%)
[2026-01-06T22:08:44.275+0800][26.857s][info][gc,heap     ] GC(55) O: Heap Statistics:
[2026-01-06T22:08:44.275+0800][26.857s][info][gc,heap     ] GC(55) O:                Mark Start          Mark End        Relocate Start      Relocate End           High               Low         
[2026-01-06T22:08:44.275+0800][26.857s][info][gc,heap     ] GC(55) O:  Capacity:     3498M (85%)        3498M (85%)        3498M (85%)        3498M (85%)        3498M (85%)        3498M (85%)    
[2026-01-06T22:08:44.275+0800][26.857s][info][gc,heap     ] GC(55) O:      Free:     3490M (85%)        4044M (99%)        4040M (99%)        4030M (98%)        4088M (100%)       3488M (85%)    
[2026-01-06T22:08:44.275+0800][26.857s][info][gc,heap     ] GC(55) O:      Used:      606M (15%)          52M (1%)           56M (1%)           66M (2%)          608M (15%)           8M (0%)     
[2026-01-06T22:08:44.275+0800][26.857s][info][gc,heap     ] GC(55) O: Old Generation Statistics:
[2026-01-06T22:08:44.275+0800][26.857s][info][gc,heap     ] GC(55) O:                Mark Start          Mark End        Relocate Start      Relocate End    
[2026-01-06T22:08:44.275+0800][26.857s][info][gc,heap     ] GC(55) O:      Used:        4M (0%)            4M (0%)            4M (0%)            4M (0%)     
[2026-01-06T22:08:44.275+0800][26.857s][info][gc,heap     ] GC(55) O:      Live:         -                 1M (0%)            1M (0%)            1M (0%)     
[2026-01-06T22:08:44.275+0800][26.857s][info][gc,heap     ] GC(55) O:   Garbage:         -                 2M (0%)            2M (0%)            0M (0%)     
[2026-01-06T22:08:44.275+0800][26.857s][info][gc,heap     ] GC(55) O: Allocated:         -                 0M (0%)            0M (0%)            2M (0%)     
[2026-01-06T22:08:44.275+0800][26.857s][info][gc,heap     ] GC(55) O: Reclaimed:         -                  -                 0M (0%)            2M (0%)     
[2026-01-06T22:08:44.275+0800][26.857s][info][gc,heap     ] GC(55) O: Compacted:         -                  -                  -                 1M (0%)     
[2026-01-06T22:08:44.275+0800][26.857s][info][gc,phases   ] GC(55) O: Old Generation 12M(0%)->66M(2%) 0.003s
[2026-01-06T22:08:44.275+0800][26.857s][info][gc          ] GC(55) Major Collection (Proactive) 606M(15%)->66M(2%) 0.004s
[2026-01-06T22:08:44.744+0800][27.326s][info][gc          ] GC(56) Major Collection (Proactive)
[2026-01-06T22:08:44.745+0800][27.326s][info][gc,task     ] GC(56) Using 1 Workers for Young Generation
[2026-01-06T22:08:44.745+0800][27.326s][info][gc,task     ] GC(56) Using 1 Workers for Old Generation
[2026-01-06T22:08:44.745+0800][27.326s][info][gc,phases   ] GC(56) Y: Young Generation
[2026-01-06T22:08:44.745+0800][27.326s][info][gc,phases   ] GC(56) Y: Pause Mark Start (Major) 0.020ms
[2026-01-06T22:08:44.745+0800][27.327s][info][gc,phases   ] GC(56) Y: Concurrent Mark 0.542ms
[2026-01-06T22:08:44.745+0800][27.327s][info][gc,phases   ] GC(56) Y: Pause Mark End 0.005ms
[2026-01-06T22:08:44.745+0800][27.327s][info][gc,phases   ] GC(56) Y: Concurrent Mark Free 0.005ms
[2026-01-06T22:08:44.745+0800][27.327s][info][gc,phases   ] GC(56) Y: Concurrent Reset Relocation Set 0.000ms
[2026-01-06T22:08:44.749+0800][27.331s][info][gc,reloc    ] GC(56) Y: Using tenuring threshold: 1 (Computed)
[2026-01-06T22:08:44.749+0800][27.331s][info][gc,phases   ] GC(56) Y: Concurrent Select Relocation Set 4.118ms
[2026-01-06T22:08:44.749+0800][27.331s][info][gc,phases   ] GC(56) Y: Pause Relocate Start 0.002ms
[2026-01-06T22:08:44.749+0800][27.331s][info][gc,phases   ] GC(56) Y: Concurrent Relocate 0.009ms
[2026-01-06T22:08:44.749+0800][27.331s][info][gc,alloc    ] GC(56) Y:                         Mark Start        Mark End      Relocate Start    Relocate End   
[2026-01-06T22:08:44.749+0800][27.331s][info][gc,alloc    ] GC(56) Y: Allocation Stalls:          0                0                0                0         
[2026-01-06T22:08:44.749+0800][27.331s][info][gc,load     ] GC(56) Y: Load: 2.75 (28%) / 2.00 (20%) / 2.06 (21%)
[2026-01-06T22:08:44.749+0800][27.331s][info][gc,mmu      ] GC(56) Y: MMU: 2ms/92.0%, 5ms/96.7%, 10ms/98.4%, 20ms/99.2%, 50ms/99.7%, 100ms/99.8%
[2026-01-06T22:08:44.749+0800][27.331s][info][gc,marking  ] GC(56) Y: Mark: 1 stripe(s), 2 proactive flush(es), 1 terminate flush(es), 0 completion(s), 0 continuation(s) 
[2026-01-06T22:08:44.750+0800][27.331s][info][gc,nmethod  ] GC(56) Y: NMethods: 41 registered, 34 unregistered
[2026-01-06T22:08:44.750+0800][27.331s][info][gc,metaspace] GC(56) Y: Metaspace: 0M used, 0M committed, 1088M reserved
[2026-01-06T22:08:44.750+0800][27.331s][info][gc,reloc    ] GC(56) Y:                        Candidates     Selected     In-Place         Size        Empty    Relocated 
[2026-01-06T22:08:44.750+0800][27.331s][info][gc,reloc    ] GC(56) Y: Small Pages:                  945            0            0        1890M        1888M           0M 
[2026-01-06T22:08:44.750+0800][27.331s][info][gc,reloc    ] GC(56) Y: Medium Pages:                   0            0            0           0M           0M           0M 
[2026-01-06T22:08:44.750+0800][27.331s][info][gc,reloc    ] GC(56) Y: Large Pages:                    0            0            0           0M           0M           0M 
[2026-01-06T22:08:44.750+0800][27.331s][info][gc,reloc    ] GC(56) Y: Forwarding Usage: 0M
[2026-01-06T22:08:44.750+0800][27.331s][info][gc,reloc    ] GC(56) Y: Age Table:
[2026-01-06T22:08:44.750+0800][27.331s][info][gc,reloc    ] GC(56) Y:                    Live             Garbage             Small              Medium             Large        
[2026-01-06T22:08:44.750+0800][27.331s][info][gc,reloc    ] GC(56) Y: Eden               0M (0%)         1887M (46%)        944 / 0              0 / 0              0 / 0        
[2026-01-06T22:08:44.750+0800][27.331s][info][gc,reloc    ] GC(56) Y: Survivor 1          -                 2M (0%)           1 / 0              0 / 0              0 / 0        
[2026-01-06T22:08:44.750+0800][27.331s][info][gc,heap     ] GC(56) Y: Min Capacity: 8M(0%)
[2026-01-06T22:08:44.750+0800][27.331s][info][gc,heap     ] GC(56) Y: Max Capacity: 4096M(100%)
[2026-01-06T22:08:44.750+0800][27.331s][info][gc,heap     ] GC(56) Y: Soft Max Capacity: 3686M(90%)
[2026-01-06T22:08:44.750+0800][27.331s][info][gc,heap     ] GC(56) Y: Heap Statistics:
[2026-01-06T22:08:44.750+0800][27.331s][info][gc,heap     ] GC(56) Y:                Mark Start          Mark End        Relocate Start      Relocate End           High               Low         
[2026-01-06T22:08:44.750+0800][27.331s][info][gc,heap     ] GC(56) Y:  Capacity:     3498M (85%)        3498M (85%)        3498M (85%)        3498M (85%)        3498M (85%)        3498M (85%)    
[2026-01-06T22:08:44.750+0800][27.331s][info][gc,heap     ] GC(56) Y:      Free:     2202M (54%)        2198M (54%)        4080M (100%)       4080M (100%)       4080M (100%)       2198M (54%)    
[2026-01-06T22:08:44.750+0800][27.331s][info][gc,heap     ] GC(56) Y:      Used:     1894M (46%)        1898M (46%)          16M (0%)           16M (0%)         1898M (46%)          16M (0%)     
[2026-01-06T22:08:44.750+0800][27.331s][info][gc,heap     ] GC(56) Y: Young Generation Statistics:
[2026-01-06T22:08:44.750+0800][27.331s][info][gc,heap     ] GC(56) Y:                Mark Start          Mark End        Relocate Start      Relocate End    
[2026-01-06T22:08:44.750+0800][27.331s][info][gc,heap     ] GC(56) Y:      Used:     1890M (46%)        1894M (46%)          12M (0%)           12M (0%)     
[2026-01-06T22:08:44.750+0800][27.331s][info][gc,heap     ] GC(56) Y:      Live:         -                 0M (0%)            0M (0%)            0M (0%)     
[2026-01-06T22:08:44.750+0800][27.331s][info][gc,heap     ] GC(56) Y:   Garbage:         -              1889M (46%)           1M (0%)            1M (0%)     
[2026-01-06T22:08:44.750+0800][27.331s][info][gc,heap     ] GC(56) Y: Allocated:         -                 4M (0%)           10M (0%)           10M (0%)     
[2026-01-06T22:08:44.750+0800][27.331s][info][gc,heap     ] GC(56) Y: Reclaimed:         -                  -              1888M (46%)        1888M (46%)    
[2026-01-06T22:08:44.750+0800][27.331s][info][gc,heap     ] GC(56) Y:  Promoted:         -                  -                 0M (0%)            0M (0%)     
[2026-01-06T22:08:44.750+0800][27.331s][info][gc,heap     ] GC(56) Y: Compacted:         -                  -                  -                 0M (0%)     
[2026-01-06T22:08:44.750+0800][27.331s][info][gc,phases   ] GC(56) Y: Young Generation 1894M(46%)->16M(0%) 0.005s
[2026-01-06T22:08:44.750+0800][27.331s][info][gc,phases   ] GC(56) O: Old Generation
[2026-01-06T22:08:44.751+0800][27.333s][info][gc,phases   ] GC(56) O: Concurrent Mark 1.734ms
[2026-01-06T22:08:44.751+0800][27.333s][info][gc,phases   ] GC(56) O: Pause Mark End 0.005ms
[2026-01-06T22:08:44.751+0800][27.333s][info][gc,phases   ] GC(56) O: Concurrent Mark Free 0.000ms
[2026-01-06T22:08:44.752+0800][27.333s][info][gc,phases   ] GC(56) O: Concurrent Process Non-Strong 0.120ms
[2026-01-06T22:08:44.752+0800][27.333s][info][gc,phases   ] GC(56) O: Concurrent Reset Relocation Set 0.000ms
[2026-01-06T22:08:44.752+0800][27.333s][info][gc,phases   ] GC(56) O: Concurrent Select Relocation Set 0.036ms
[2026-01-06T22:08:44.752+0800][27.333s][info][gc,task     ] GC(56) O: Using 2 Workers for Old Generation
[2026-01-06T22:08:44.752+0800][27.333s][info][gc,task     ] GC(56) O: Using 1 Workers for Old Generation
[2026-01-06T22:08:44.752+0800][27.333s][info][gc,phases   ] GC(56) O: Concurrent Remap Roots 0.042ms
[2026-01-06T22:08:44.752+0800][27.333s][info][gc,phases   ] GC(56) O: Pause Relocate Start 0.001ms
[2026-01-06T22:08:44.754+0800][27.336s][info][gc,phases   ] GC(56) O: Concurrent Relocate 2.808ms
[2026-01-06T22:08:44.754+0800][27.336s][info][gc,alloc    ] GC(56) O:                         Mark Start        Mark End      Relocate Start    Relocate End   
[2026-01-06T22:08:44.754+0800][27.336s][info][gc,alloc    ] GC(56) O: Allocation Stalls:          0                0                0                0         
[2026-01-06T22:08:44.754+0800][27.336s][info][gc,load     ] GC(56) O: Load: 2.75 (28%) / 2.00 (20%) / 2.06 (21%)
[2026-01-06T22:08:44.754+0800][27.336s][info][gc,mmu      ] GC(56) O: MMU: 2ms/92.0%, 5ms/96.7%, 10ms/98.4%, 20ms/99.2%, 50ms/99.7%, 100ms/99.8%
[2026-01-06T22:08:44.754+0800][27.336s][info][gc,marking  ] GC(56) O: Mark: 1 stripe(s), 2 proactive flush(es), 1 terminate flush(es), 0 completion(s), 0 continuation(s) 
[2026-01-06T22:08:44.754+0800][27.336s][info][gc,nmethod  ] GC(56) O: NMethods: 41 registered, 34 unregistered
[2026-01-06T22:08:44.754+0800][27.336s][info][gc,metaspace] GC(56) O: Metaspace: 0M used, 0M committed, 1088M reserved
[2026-01-06T22:08:44.754+0800][27.336s][info][gc,ref      ] GC(56) O:                       Encountered   Discovered     Enqueued 
[2026-01-06T22:08:44.754+0800][27.336s][info][gc,ref      ] GC(56) O: Soft References:                1            0            0 
[2026-01-06T22:08:44.754+0800][27.336s][info][gc,ref      ] GC(56) O: Weak References:                6            0            0 
[2026-01-06T22:08:44.754+0800][27.336s][info][gc,ref      ] GC(56) O: Final References:               0            0            0 
[2026-01-06T22:08:44.754+0800][27.336s][info][gc,ref      ] GC(56) O: Phantom References:             1            1            0 
[2026-01-06T22:08:44.754+0800][27.336s][info][gc,reloc    ] GC(56) O:                        Candidates     Selected     In-Place         Size        Empty    Relocated 
[2026-01-06T22:08:44.755+0800][27.336s][info][gc,reloc    ] GC(56) O: Small Pages:                    2            1            0           4M           0M           1M 
[2026-01-06T22:08:44.755+0800][27.336s][info][gc,reloc    ] GC(56) O: Medium Pages:                   0            0            0           0M           0M           0M 
[2026-01-06T22:08:44.755+0800][27.336s][info][gc,reloc    ] GC(56) O: Large Pages:                    0            0            0           0M           0M           0M 
[2026-01-06T22:08:44.755+0800][27.336s][info][gc,reloc    ] GC(56) O: Forwarding Usage: 0M
[2026-01-06T22:08:44.755+0800][27.336s][info][gc,heap     ] GC(56) O: Min Capacity: 8M(0%)
[2026-01-06T22:08:44.755+0800][27.336s][info][gc,heap     ] GC(56) O: Max Capacity: 4096M(100%)
[2026-01-06T22:08:44.755+0800][27.336s][info][gc,heap     ] GC(56) O: Soft Max Capacity: 3686M(90%)
[2026-01-06T22:08:44.755+0800][27.336s][info][gc,heap     ] GC(56) O: Heap Statistics:
[2026-01-06T22:08:44.755+0800][27.336s][info][gc,heap     ] GC(56) O:                Mark Start          Mark End        Relocate Start      Relocate End           High               Low         
[2026-01-06T22:08:44.755+0800][27.336s][info][gc,heap     ] GC(56) O:  Capacity:     3498M (85%)        3498M (85%)        3498M (85%)        3498M (85%)        3498M (85%)        3498M (85%)    
[2026-01-06T22:08:44.755+0800][27.336s][info][gc,heap     ] GC(56) O:      Free:     2202M (54%)        4068M (99%)        4066M (99%)        4062M (99%)        4080M (100%)       2198M (54%)    
[2026-01-06T22:08:44.755+0800][27.336s][info][gc,heap     ] GC(56) O:      Used:     1894M (46%)          28M (1%)           30M (1%)           34M (1%)         1898M (46%)          16M (0%)     
[2026-01-06T22:08:44.755+0800][27.336s][info][gc,heap     ] GC(56) O: Old Generation Statistics:
[2026-01-06T22:08:44.755+0800][27.336s][info][gc,heap     ] GC(56) O:                Mark Start          Mark End        Relocate Start      Relocate End    
[2026-01-06T22:08:44.755+0800][27.336s][info][gc,heap     ] GC(56) O:      Used:        4M (0%)            4M (0%)            4M (0%)            4M (0%)     
[2026-01-06T22:08:44.755+0800][27.336s][info][gc,heap     ] GC(56) O:      Live:         -                 1M (0%)            1M (0%)            1M (0%)     
[2026-01-06T22:08:44.755+0800][27.336s][info][gc,heap     ] GC(56) O:   Garbage:         -                 2M (0%)            2M (0%)            0M (0%)     
[2026-01-06T22:08:44.755+0800][27.336s][info][gc,heap     ] GC(56) O: Allocated:         -                 0M (0%)            0M (0%)            2M (0%)     
[2026-01-06T22:08:44.755+0800][27.336s][info][gc,heap     ] GC(56) O: Reclaimed:         -                  -                 0M (0%)            2M (0%)     
[2026-01-06T22:08:44.755+0800][27.336s][info][gc,heap     ] GC(56) O: Compacted:         -                  -                  -                 1M (0%)     
[2026-01-06T22:08:44.755+0800][27.336s][info][gc,phases   ] GC(56) O: Old Generation 16M(0%)->34M(1%) 0.005s
[2026-01-06T22:08:44.755+0800][27.336s][info][gc          ] GC(56) Major Collection (Proactive) 1894M(46%)->34M(1%) 0.010s
[2026-01-06T22:08:45.296+0800][27.877s][info][gc          ] GC(57) Minor Collection (High Usage)
[2026-01-06T22:08:45.296+0800][27.877s][info][gc,task     ] GC(57) Using 1 Workers for Young Generation
[2026-01-06T22:08:45.296+0800][27.877s][info][gc,phases   ] GC(57) y: Young Generation
[2026-01-06T22:08:45.300+0800][27.882s][info][gc,phases   ] GC(57) y: Pause Mark Start 0.016ms
[2026-01-06T22:08:45.301+0800][27.882s][info][gc,phases   ] GC(57) y: Concurrent Mark 0.350ms
[2026-01-06T22:08:45.301+0800][27.882s][info][gc,phases   ] GC(57) y: Pause Mark End 0.003ms
[2026-01-06T22:08:45.301+0800][27.882s][info][gc,phases   ] GC(57) y: Concurrent Mark Free 0.000ms
[2026-01-06T22:08:45.301+0800][27.882s][info][gc,phases   ] GC(57) y: Concurrent Reset Relocation Set 0.000ms
[2026-01-06T22:08:45.301+0800][27.883s][info][gc,reloc    ] GC(57) y: Using tenuring threshold: 1 (Computed)
[2026-01-06T22:08:45.301+0800][27.883s][info][gc,phases   ] GC(57) y: Concurrent Select Relocation Set 0.414ms
[2026-01-06T22:08:45.301+0800][27.883s][info][gc,phases   ] GC(57) y: Pause Relocate Start 0.002ms
[2026-01-06T22:08:45.301+0800][27.883s][info][gc,phases   ] GC(57) y: Concurrent Relocate 0.009ms
[2026-01-06T22:08:45.301+0800][27.883s][info][gc,alloc    ] GC(57) y:                         Mark Start        Mark End      Relocate Start    Relocate End   
[2026-01-06T22:08:45.301+0800][27.883s][info][gc,alloc    ] GC(57) y: Allocation Stalls:          0                0                0                0         
[2026-01-06T22:08:45.301+0800][27.883s][info][gc,load     ] GC(57) y: Load: 2.75 (28%) / 2.00 (20%) / 2.06 (21%)
[2026-01-06T22:08:45.301+0800][27.883s][info][gc,mmu      ] GC(57) y: MMU: 2ms/92.0%, 5ms/96.7%, 10ms/98.4%, 20ms/99.2%, 50ms/99.7%, 100ms/99.8%
[2026-01-06T22:08:45.301+0800][27.883s][info][gc,marking  ] GC(57) y: Mark: 1 stripe(s), 2 proactive flush(es), 1 terminate flush(es), 0 completion(s), 0 continuation(s) 
[2026-01-06T22:08:45.301+0800][27.883s][info][gc,nmethod  ] GC(57) y: NMethods: 41 registered, 34 unregistered
[2026-01-06T22:08:45.301+0800][27.883s][info][gc,metaspace] GC(57) y: Metaspace: 0M used, 0M committed, 1088M reserved
[2026-01-06T22:08:45.301+0800][27.883s][info][gc,reloc    ] GC(57) y:                        Candidates     Selected     In-Place         Size        Empty    Relocated 
[2026-01-06T22:08:45.301+0800][27.883s][info][gc,reloc    ] GC(57) y: Small Pages:                 1740            0            0        3480M        3478M           0M 
[2026-01-06T22:08:45.301+0800][27.883s][info][gc,reloc    ] GC(57) y: Medium Pages:                   0            0            0           0M           0M           0M 
[2026-01-06T22:08:45.301+0800][27.883s][info][gc,reloc    ] GC(57) y: Large Pages:                    0            0            0           0M           0M           0M 
[2026-01-06T22:08:45.301+0800][27.883s][info][gc,reloc    ] GC(57) y: Forwarding Usage: 0M
[2026-01-06T22:08:45.301+0800][27.883s][info][gc,reloc    ] GC(57) y: Age Table:
[2026-01-06T22:08:45.301+0800][27.883s][info][gc,reloc    ] GC(57) y:                    Live             Garbage             Small              Medium             Large        
[2026-01-06T22:08:45.301+0800][27.883s][info][gc,reloc    ] GC(57) y: Eden               0M (0%)         3477M (85%)       1739 / 0              0 / 0              0 / 0        
[2026-01-06T22:08:45.301+0800][27.883s][info][gc,reloc    ] GC(57) y: Survivor 1          -                 2M (0%)           1 / 0              0 / 0              0 / 0        
[2026-01-06T22:08:45.301+0800][27.883s][info][gc,heap     ] GC(57) y: Min Capacity: 8M(0%)
[2026-01-06T22:08:45.301+0800][27.883s][info][gc,heap     ] GC(57) y: Max Capacity: 4096M(100%)
[2026-01-06T22:08:45.301+0800][27.883s][info][gc,heap     ] GC(57) y: Soft Max Capacity: 3686M(90%)
[2026-01-06T22:08:45.301+0800][27.883s][info][gc,heap     ] GC(57) y: Heap Statistics:
[2026-01-06T22:08:45.301+0800][27.883s][info][gc,heap     ] GC(57) y:                Mark Start          Mark End        Relocate Start      Relocate End           High               Low         
[2026-01-06T22:08:45.301+0800][27.883s][info][gc,heap     ] GC(57) y:  Capacity:     3498M (85%)        3498M (85%)        3498M (85%)        3498M (85%)        3498M (85%)        3498M (85%)    
[2026-01-06T22:08:45.301+0800][27.883s][info][gc,heap     ] GC(57) y:      Free:      612M (15%)         610M (15%)        4084M (100%)       4084M (100%)       4084M (100%)        608M (15%)    
[2026-01-06T22:08:45.301+0800][27.883s][info][gc,heap     ] GC(57) y:      Used:     3484M (85%)        3486M (85%)          12M (0%)           12M (0%)         3488M (85%)          12M (0%)     
[2026-01-06T22:08:45.301+0800][27.883s][info][gc,heap     ] GC(57) y: Young Generation Statistics:
[2026-01-06T22:08:45.301+0800][27.883s][info][gc,heap     ] GC(57) y:                Mark Start          Mark End        Relocate Start      Relocate End    
[2026-01-06T22:08:45.301+0800][27.883s][info][gc,heap     ] GC(57) y:      Used:     3480M (85%)        3482M (85%)           8M (0%)            8M (0%)     
[2026-01-06T22:08:45.301+0800][27.883s][info][gc,heap     ] GC(57) y:      Live:         -                 0M (0%)            0M (0%)            0M (0%)     
[2026-01-06T22:08:45.301+0800][27.883s][info][gc,heap     ] GC(57) y:   Garbage:         -              3479M (85%)           1M (0%)            1M (0%)     
[2026-01-06T22:08:45.301+0800][27.883s][info][gc,heap     ] GC(57) y: Allocated:         -                 2M (0%)            6M (0%)            6M (0%)     
[2026-01-06T22:08:45.301+0800][27.883s][info][gc,heap     ] GC(57) y: Reclaimed:         -                  -              3478M (85%)        3478M (85%)    
[2026-01-06T22:08:45.301+0800][27.883s][info][gc,heap     ] GC(57) y:  Promoted:         -                  -                 0M (0%)            0M (0%)     
[2026-01-06T22:08:45.301+0800][27.883s][info][gc,heap     ] GC(57) y: Compacted:         -                  -                  -                 0M (0%)     
[2026-01-06T22:08:45.301+0800][27.883s][info][gc,phases   ] GC(57) y: Young Generation 3484M(85%)->12M(0%) 0.006s
[2026-01-06T22:08:45.302+0800][27.883s][info][gc          ] GC(57) Minor Collection (High Usage) 3484M(85%)->14M(0%) 0.006s
[2026-01-06T22:08:45.597+0800][28.178s][info][gc          ] GC(58) Major Collection (Proactive)
[2026-01-06T22:08:45.597+0800][28.178s][info][gc,task     ] GC(58) Using 1 Workers for Young Generation
[2026-01-06T22:08:45.597+0800][28.178s][info][gc,task     ] GC(58) Using 1 Workers for Old Generation
[2026-01-06T22:08:45.597+0800][28.178s][info][gc,phases   ] GC(58) Y: Young Generation
[2026-01-06T22:08:45.597+0800][28.178s][info][gc,phases   ] GC(58) Y: Pause Mark Start (Major) 0.017ms
[2026-01-06T22:08:45.597+0800][28.179s][info][gc,phases   ] GC(58) Y: Concurrent Mark 0.256ms
[2026-01-06T22:08:45.597+0800][28.179s][info][gc,phases   ] GC(58) Y: Pause Mark End 0.004ms
[2026-01-06T22:08:45.597+0800][28.179s][info][gc,phases   ] GC(58) Y: Concurrent Mark Free 0.001ms
[2026-01-06T22:08:45.597+0800][28.179s][info][gc,phases   ] GC(58) Y: Concurrent Reset Relocation Set 0.000ms
[2026-01-06T22:08:45.597+0800][28.179s][info][gc,reloc    ] GC(58) Y: Using tenuring threshold: 1 (Computed)
[2026-01-06T22:08:45.598+0800][28.179s][info][gc,phases   ] GC(58) Y: Concurrent Select Relocation Set 0.393ms
[2026-01-06T22:08:45.598+0800][28.179s][info][gc,phases   ] GC(58) Y: Pause Relocate Start 0.001ms
[2026-01-06T22:08:45.598+0800][28.179s][info][gc,phases   ] GC(58) Y: Concurrent Relocate 0.010ms
[2026-01-06T22:08:45.598+0800][28.179s][info][gc,alloc    ] GC(58) Y:                         Mark Start        Mark End      Relocate Start    Relocate End   
[2026-01-06T22:08:45.598+0800][28.179s][info][gc,alloc    ] GC(58) Y: Allocation Stalls:          0                0                0                0         
[2026-01-06T22:08:45.598+0800][28.179s][info][gc,load     ] GC(58) Y: Load: 2.75 (28%) / 2.00 (20%) / 2.06 (21%)
[2026-01-06T22:08:45.598+0800][28.179s][info][gc,mmu      ] GC(58) Y: MMU: 2ms/92.0%, 5ms/96.7%, 10ms/98.4%, 20ms/99.2%, 50ms/99.7%, 100ms/99.8%
[2026-01-06T22:08:45.598+0800][28.179s][info][gc,marking  ] GC(58) Y: Mark: 1 stripe(s), 2 proactive flush(es), 1 terminate flush(es), 0 completion(s), 0 continuation(s) 
[2026-01-06T22:08:45.598+0800][28.179s][info][gc,nmethod  ] GC(58) Y: NMethods: 41 registered, 34 unregistered
[2026-01-06T22:08:45.598+0800][28.179s][info][gc,metaspace] GC(58) Y: Metaspace: 0M used, 0M committed, 1088M reserved
[2026-01-06T22:08:45.598+0800][28.179s][info][gc,reloc    ] GC(58) Y:                        Candidates     Selected     In-Place         Size        Empty    Relocated 
[2026-01-06T22:08:45.598+0800][28.179s][info][gc,reloc    ] GC(58) Y: Small Pages:                  511            0            0        1022M        1020M           0M 
[2026-01-06T22:08:45.598+0800][28.179s][info][gc,reloc    ] GC(58) Y: Medium Pages:                   0            0            0           0M           0M           0M 
[2026-01-06T22:08:45.598+0800][28.179s][info][gc,reloc    ] GC(58) Y: Large Pages:                    0            0            0           0M           0M           0M 
[2026-01-06T22:08:45.598+0800][28.179s][info][gc,reloc    ] GC(58) Y: Forwarding Usage: 0M
[2026-01-06T22:08:45.598+0800][28.179s][info][gc,reloc    ] GC(58) Y: Age Table:
[2026-01-06T22:08:45.598+0800][28.179s][info][gc,reloc    ] GC(58) Y:                    Live             Garbage             Small              Medium             Large        
[2026-01-06T22:08:45.598+0800][28.179s][info][gc,reloc    ] GC(58) Y: Eden               0M (0%)         1019M (25%)        510 / 0              0 / 0              0 / 0        
[2026-01-06T22:08:45.598+0800][28.179s][info][gc,reloc    ] GC(58) Y: Survivor 1          -                 2M (0%)           1 / 0              0 / 0              0 / 0        
[2026-01-06T22:08:45.598+0800][28.179s][info][gc,heap     ] GC(58) Y: Min Capacity: 8M(0%)
[2026-01-06T22:08:45.598+0800][28.179s][info][gc,heap     ] GC(58) Y: Max Capacity: 4096M(100%)
[2026-01-06T22:08:45.598+0800][28.179s][info][gc,heap     ] GC(58) Y: Soft Max Capacity: 3686M(90%)
[2026-01-06T22:08:45.598+0800][28.179s][info][gc,heap     ] GC(58) Y: Heap Statistics:
[2026-01-06T22:08:45.598+0800][28.179s][info][gc,heap     ] GC(58) Y:                Mark Start          Mark End        Relocate Start      Relocate End           High               Low         
[2026-01-06T22:08:45.598+0800][28.179s][info][gc,heap     ] GC(58) Y:  Capacity:     3498M (85%)        3498M (85%)        3498M (85%)        3498M (85%)        3498M (85%)        3498M (85%)    
[2026-01-06T22:08:45.598+0800][28.179s][info][gc,heap     ] GC(58) Y:      Free:     3070M (75%)        3068M (75%)        4086M (100%)       4086M (100%)       4086M (100%)       3068M (75%)    
[2026-01-06T22:08:45.598+0800][28.179s][info][gc,heap     ] GC(58) Y:      Used:     1026M (25%)        1028M (25%)          10M (0%)           10M (0%)         1028M (25%)          10M (0%)     
[2026-01-06T22:08:45.598+0800][28.179s][info][gc,heap     ] GC(58) Y: Young Generation Statistics:
[2026-01-06T22:08:45.598+0800][28.179s][info][gc,heap     ] GC(58) Y:                Mark Start          Mark End        Relocate Start      Relocate End    
[2026-01-06T22:08:45.598+0800][28.179s][info][gc,heap     ] GC(58) Y:      Used:     1022M (25%)        1024M (25%)           6M (0%)            6M (0%)     
[2026-01-06T22:08:45.598+0800][28.179s][info][gc,heap     ] GC(58) Y:      Live:         -                 0M (0%)            0M (0%)            0M (0%)     
[2026-01-06T22:08:45.598+0800][28.179s][info][gc,heap     ] GC(58) Y:   Garbage:         -              1021M (25%)           1M (0%)            1M (0%)     
[2026-01-06T22:08:45.598+0800][28.179s][info][gc,heap     ] GC(58) Y: Allocated:         -                 2M (0%)            4M (0%)            4M (0%)     
[2026-01-06T22:08:45.598+0800][28.179s][info][gc,heap     ] GC(58) Y: Reclaimed:         -                  -              1020M (25%)        1020M (25%)    
[2026-01-06T22:08:45.598+0800][28.179s][info][gc,heap     ] GC(58) Y:  Promoted:         -                  -                 0M (0%)            0M (0%)     
[2026-01-06T22:08:45.598+0800][28.179s][info][gc,heap     ] GC(58) Y: Compacted:         -                  -                  -                 0M (0%)     
[2026-01-06T22:08:45.598+0800][28.179s][info][gc,phases   ] GC(58) Y: Young Generation 1026M(25%)->10M(0%) 0.001s
[2026-01-06T22:08:45.598+0800][28.179s][info][gc,phases   ] GC(58) O: Old Generation
[2026-01-06T22:08:45.600+0800][28.182s][info][gc,phases   ] GC(58) O: Concurrent Mark 2.601ms
[2026-01-06T22:08:45.600+0800][28.182s][info][gc,phases   ] GC(58) O: Pause Mark End 0.004ms
[2026-01-06T22:08:45.600+0800][28.182s][info][gc,phases   ] GC(58) O: Concurrent Mark Free 0.000ms
[2026-01-06T22:08:45.601+0800][28.182s][info][gc,phases   ] GC(58) O: Concurrent Process Non-Strong 0.150ms
[2026-01-06T22:08:45.601+0800][28.182s][info][gc,phases   ] GC(58) O: Concurrent Reset Relocation Set 0.002ms
[2026-01-06T22:08:45.601+0800][28.182s][info][gc,phases   ] GC(58) O: Concurrent Select Relocation Set 0.026ms
[2026-01-06T22:08:45.601+0800][28.182s][info][gc,task     ] GC(58) O: Using 2 Workers for Old Generation
[2026-01-06T22:08:45.601+0800][28.182s][info][gc,task     ] GC(58) O: Using 1 Workers for Old Generation
[2026-01-06T22:08:45.601+0800][28.182s][info][gc,phases   ] GC(58) O: Concurrent Remap Roots 0.041ms
[2026-01-06T22:08:45.601+0800][28.182s][info][gc,phases   ] GC(58) O: Pause Relocate Start 0.001ms
[2026-01-06T22:08:45.602+0800][28.183s][info][gc,phases   ] GC(58) O: Concurrent Relocate 0.888ms
[2026-01-06T22:08:45.602+0800][28.183s][info][gc,alloc    ] GC(58) O:                         Mark Start        Mark End      Relocate Start    Relocate End   
[2026-01-06T22:08:45.602+0800][28.183s][info][gc,alloc    ] GC(58) O: Allocation Stalls:          0                0                0                0         
[2026-01-06T22:08:45.602+0800][28.183s][info][gc,load     ] GC(58) O: Load: 2.75 (28%) / 2.00 (20%) / 2.06 (21%)
[2026-01-06T22:08:45.602+0800][28.183s][info][gc,mmu      ] GC(58) O: MMU: 2ms/92.0%, 5ms/96.7%, 10ms/98.4%, 20ms/99.2%, 50ms/99.7%, 100ms/99.8%
[2026-01-06T22:08:45.602+0800][28.183s][info][gc,marking  ] GC(58) O: Mark: 1 stripe(s), 2 proactive flush(es), 1 terminate flush(es), 0 completion(s), 0 continuation(s) 
[2026-01-06T22:08:45.602+0800][28.183s][info][gc,nmethod  ] GC(58) O: NMethods: 41 registered, 34 unregistered
[2026-01-06T22:08:45.602+0800][28.183s][info][gc,metaspace] GC(58) O: Metaspace: 0M used, 0M committed, 1088M reserved
[2026-01-06T22:08:45.602+0800][28.183s][info][gc,ref      ] GC(58) O:                       Encountered   Discovered     Enqueued 
[2026-01-06T22:08:45.602+0800][28.183s][info][gc,ref      ] GC(58) O: Soft References:                1            0            0 
[2026-01-06T22:08:45.602+0800][28.183s][info][gc,ref      ] GC(58) O: Weak References:                6            0            0 
[2026-01-06T22:08:45.602+0800][28.183s][info][gc,ref      ] GC(58) O: Final References:               0            0            0 
[2026-01-06T22:08:45.602+0800][28.183s][info][gc,ref      ] GC(58) O: Phantom References:             1            1            0 
[2026-01-06T22:08:45.602+0800][28.183s][info][gc,reloc    ] GC(58) O:                        Candidates     Selected     In-Place         Size        Empty    Relocated 
[2026-01-06T22:08:45.602+0800][28.183s][info][gc,reloc    ] GC(58) O: Small Pages:                    2            1            0           4M           0M           1M 
[2026-01-06T22:08:45.602+0800][28.183s][info][gc,reloc    ] GC(58) O: Medium Pages:                   0            0            0           0M           0M           0M 
[2026-01-06T22:08:45.602+0800][28.183s][info][gc,reloc    ] GC(58) O: Large Pages:                    0            0            0           0M           0M           0M 
[2026-01-06T22:08:45.602+0800][28.183s][info][gc,reloc    ] GC(58) O: Forwarding Usage: 0M
[2026-01-06T22:08:45.602+0800][28.183s][info][gc,heap     ] GC(58) O: Min Capacity: 8M(0%)
[2026-01-06T22:08:45.602+0800][28.183s][info][gc,heap     ] GC(58) O: Max Capacity: 4096M(100%)
[2026-01-06T22:08:45.602+0800][28.183s][info][gc,heap     ] GC(58) O: Soft Max Capacity: 3686M(90%)
[2026-01-06T22:08:45.602+0800][28.183s][info][gc,heap     ] GC(58) O: Heap Statistics:
[2026-01-06T22:08:45.602+0800][28.183s][info][gc,heap     ] GC(58) O:                Mark Start          Mark End        Relocate Start      Relocate End           High               Low         
[2026-01-06T22:08:45.602+0800][28.183s][info][gc,heap     ] GC(58) O:  Capacity:     3498M (85%)        3498M (85%)        3498M (85%)        3498M (85%)        3498M (85%)        3498M (85%)    
[2026-01-06T22:08:45.602+0800][28.183s][info][gc,heap     ] GC(58) O:      Free:     3070M (75%)        4070M (99%)        4068M (99%)        4062M (99%)        4086M (100%)       3068M (75%)    
[2026-01-06T22:08:45.602+0800][28.183s][info][gc,heap     ] GC(58) O:      Used:     1026M (25%)          26M (1%)           28M (1%)           34M (1%)         1028M (25%)          10M (0%)     
[2026-01-06T22:08:45.602+0800][28.183s][info][gc,heap     ] GC(58) O: Old Generation Statistics:
[2026-01-06T22:08:45.602+0800][28.183s][info][gc,heap     ] GC(58) O:                Mark Start          Mark End        Relocate Start      Relocate End    
[2026-01-06T22:08:45.602+0800][28.183s][info][gc,heap     ] GC(58) O:      Used:        4M (0%)            4M (0%)            4M (0%)            4M (0%)     
[2026-01-06T22:08:45.602+0800][28.183s][info][gc,heap     ] GC(58) O:      Live:         -                 1M (0%)            1M (0%)            1M (0%)     
[2026-01-06T22:08:45.602+0800][28.183s][info][gc,heap     ] GC(58) O:   Garbage:         -                 2M (0%)            2M (0%)            0M (0%)     
[2026-01-06T22:08:45.602+0800][28.183s][info][gc,heap     ] GC(58) O: Allocated:         -                 0M (0%)            0M (0%)            2M (0%)     
[2026-01-06T22:08:45.602+0800][28.183s][info][gc,heap     ] GC(58) O: Reclaimed:         -                  -                 0M (0%)            2M (0%)     
[2026-01-06T22:08:45.602+0800][28.183s][info][gc,heap     ] GC(58) O: Compacted:         -                  -                  -                 1M (0%)     
[2026-01-06T22:08:45.602+0800][28.183s][info][gc,phases   ] GC(58) O: Old Generation 12M(0%)->34M(1%) 0.004s
[2026-01-06T22:08:45.602+0800][28.183s][info][gc          ] GC(58) Major Collection (Proactive) 1026M(25%)->36M(1%) 0.005s
[2026-01-06T22:08:46.314+0800][28.896s][info][gc          ] GC(59) Minor Collection (High Usage)
[2026-01-06T22:08:46.314+0800][28.896s][info][gc,task     ] GC(59) Using 1 Workers for Young Generation
[2026-01-06T22:08:46.314+0800][28.896s][info][gc,phases   ] GC(59) y: Young Generation
[2026-01-06T22:08:46.314+0800][28.896s][info][gc,phases   ] GC(59) y: Pause Mark Start 0.011ms
[2026-01-06T22:08:46.315+0800][28.896s][info][gc,phases   ] GC(59) y: Concurrent Mark 0.373ms
[2026-01-06T22:08:46.315+0800][28.896s][info][gc,phases   ] GC(59) y: Pause Mark End 0.003ms
[2026-01-06T22:08:46.315+0800][28.896s][info][gc,phases   ] GC(59) y: Concurrent Mark Free 0.002ms
[2026-01-06T22:08:46.315+0800][28.896s][info][gc,phases   ] GC(59) y: Concurrent Reset Relocation Set 0.000ms
[2026-01-06T22:08:46.316+0800][28.897s][info][gc,reloc    ] GC(59) y: Using tenuring threshold: 1 (Computed)
[2026-01-06T22:08:46.316+0800][28.897s][info][gc,phases   ] GC(59) y: Concurrent Select Relocation Set 0.902ms
[2026-01-06T22:08:46.316+0800][28.897s][info][gc,phases   ] GC(59) y: Pause Relocate Start 0.002ms
[2026-01-06T22:08:46.316+0800][28.897s][info][gc,phases   ] GC(59) y: Concurrent Relocate 0.011ms
[2026-01-06T22:08:46.316+0800][28.897s][info][gc,alloc    ] GC(59) y:                         Mark Start        Mark End      Relocate Start    Relocate End   
[2026-01-06T22:08:46.316+0800][28.897s][info][gc,alloc    ] GC(59) y: Allocation Stalls:          0                0                0                0         
[2026-01-06T22:08:46.316+0800][28.897s][info][gc,load     ] GC(59) y: Load: 2.75 (28%) / 2.00 (20%) / 2.06 (21%)
[2026-01-06T22:08:46.316+0800][28.897s][info][gc,mmu      ] GC(59) y: MMU: 2ms/92.0%, 5ms/96.7%, 10ms/98.4%, 20ms/99.2%, 50ms/99.7%, 100ms/99.8%
[2026-01-06T22:08:46.316+0800][28.897s][info][gc,marking  ] GC(59) y: Mark: 1 stripe(s), 2 proactive flush(es), 1 terminate flush(es), 0 completion(s), 0 continuation(s) 
[2026-01-06T22:08:46.316+0800][28.897s][info][gc,nmethod  ] GC(59) y: NMethods: 41 registered, 34 unregistered
[2026-01-06T22:08:46.316+0800][28.897s][info][gc,metaspace] GC(59) y: Metaspace: 0M used, 0M committed, 1088M reserved
[2026-01-06T22:08:46.316+0800][28.897s][info][gc,reloc    ] GC(59) y:                        Candidates     Selected     In-Place         Size        Empty    Relocated 
[2026-01-06T22:08:46.316+0800][28.897s][info][gc,reloc    ] GC(59) y: Small Pages:                 1740            0            0        3480M        3478M           0M 
[2026-01-06T22:08:46.316+0800][28.897s][info][gc,reloc    ] GC(59) y: Medium Pages:                   0            0            0           0M           0M           0M 
[2026-01-06T22:08:46.316+0800][28.897s][info][gc,reloc    ] GC(59) y: Large Pages:                    0            0            0           0M           0M           0M 
[2026-01-06T22:08:46.316+0800][28.897s][info][gc,reloc    ] GC(59) y: Forwarding Usage: 0M
[2026-01-06T22:08:46.316+0800][28.897s][info][gc,reloc    ] GC(59) y: Age Table:
[2026-01-06T22:08:46.316+0800][28.897s][info][gc,reloc    ] GC(59) y:                    Live             Garbage             Small              Medium             Large        
[2026-01-06T22:08:46.316+0800][28.897s][info][gc,reloc    ] GC(59) y: Eden               0M (0%)         3477M (85%)       1739 / 0              0 / 0              0 / 0        
[2026-01-06T22:08:46.316+0800][28.897s][info][gc,reloc    ] GC(59) y: Survivor 1          -                 2M (0%)           1 / 0              0 / 0              0 / 0        
[2026-01-06T22:08:46.316+0800][28.897s][info][gc,heap     ] GC(59) y: Min Capacity: 8M(0%)
[2026-01-06T22:08:46.316+0800][28.897s][info][gc,heap     ] GC(59) y: Max Capacity: 4096M(100%)
[2026-01-06T22:08:46.316+0800][28.897s][info][gc,heap     ] GC(59) y: Soft Max Capacity: 3686M(90%)
[2026-01-06T22:08:46.316+0800][28.897s][info][gc,heap     ] GC(59) y: Heap Statistics:
[2026-01-06T22:08:46.316+0800][28.897s][info][gc,heap     ] GC(59) y:                Mark Start          Mark End        Relocate Start      Relocate End           High               Low         
[2026-01-06T22:08:46.316+0800][28.897s][info][gc,heap     ] GC(59) y:  Capacity:     3498M (85%)        3498M (85%)        3498M (85%)        3498M (85%)        3498M (85%)        3498M (85%)    
[2026-01-06T22:08:46.316+0800][28.897s][info][gc,heap     ] GC(59) y:      Free:      612M (15%)         610M (15%)        4080M (100%)       4080M (100%)       4080M (100%)        608M (15%)    
[2026-01-06T22:08:46.316+0800][28.897s][info][gc,heap     ] GC(59) y:      Used:     3484M (85%)        3486M (85%)          16M (0%)           16M (0%)         3488M (85%)          16M (0%)     
[2026-01-06T22:08:46.316+0800][28.897s][info][gc,heap     ] GC(59) y: Young Generation Statistics:
[2026-01-06T22:08:46.316+0800][28.897s][info][gc,heap     ] GC(59) y:                Mark Start          Mark End        Relocate Start      Relocate End    
[2026-01-06T22:08:46.316+0800][28.897s][info][gc,heap     ] GC(59) y:      Used:     3480M (85%)        3482M (85%)          12M (0%)           12M (0%)     
[2026-01-06T22:08:46.316+0800][28.897s][info][gc,heap     ] GC(59) y:      Live:         -                 0M (0%)            0M (0%)            0M (0%)     
[2026-01-06T22:08:46.316+0800][28.897s][info][gc,heap     ] GC(59) y:   Garbage:         -              3479M (85%)           1M (0%)            1M (0%)     
[2026-01-06T22:08:46.316+0800][28.897s][info][gc,heap     ] GC(59) y: Allocated:         -                 2M (0%)           10M (0%)           10M (0%)     
[2026-01-06T22:08:46.316+0800][28.897s][info][gc,heap     ] GC(59) y: Reclaimed:         -                  -              3478M (85%)        3478M (85%)    
[2026-01-06T22:08:46.316+0800][28.897s][info][gc,heap     ] GC(59) y:  Promoted:         -                  -                 0M (0%)            0M (0%)     
[2026-01-06T22:08:46.316+0800][28.897s][info][gc,heap     ] GC(59) y: Compacted:         -                  -                  -                 0M (0%)     
[2026-01-06T22:08:46.316+0800][28.897s][info][gc,phases   ] GC(59) y: Young Generation 3484M(85%)->16M(0%) 0.001s
[2026-01-06T22:08:46.316+0800][28.897s][info][gc          ] GC(59) Minor Collection (High Usage) 3484M(85%)->18M(0%) 0.002s
[2026-01-06T22:08:46.416+0800][28.997s][info][gc          ] GC(60) Major Collection (Proactive)
[2026-01-06T22:08:46.416+0800][28.997s][info][gc,task     ] GC(60) Using 1 Workers for Young Generation
[2026-01-06T22:08:46.416+0800][28.997s][info][gc,task     ] GC(60) Using 1 Workers for Old Generation
[2026-01-06T22:08:46.416+0800][28.997s][info][gc,phases   ] GC(60) Y: Young Generation
[2026-01-06T22:08:46.416+0800][28.997s][info][gc,phases   ] GC(60) Y: Pause Mark Start (Major) 0.008ms
[2026-01-06T22:08:46.416+0800][28.997s][info][gc,phases   ] GC(60) Y: Concurrent Mark 0.185ms
[2026-01-06T22:08:46.416+0800][28.998s][info][gc,phases   ] GC(60) Y: Pause Mark End 0.003ms
[2026-01-06T22:08:46.416+0800][28.998s][info][gc,phases   ] GC(60) Y: Concurrent Mark Free 0.000ms
[2026-01-06T22:08:46.416+0800][28.998s][info][gc,phases   ] GC(60) Y: Concurrent Reset Relocation Set 0.000ms
[2026-01-06T22:08:46.416+0800][28.998s][info][gc,reloc    ] GC(60) Y: Using tenuring threshold: 1 (Computed)
[2026-01-06T22:08:46.416+0800][28.998s][info][gc,phases   ] GC(60) Y: Concurrent Select Relocation Set 0.075ms
[2026-01-06T22:08:46.416+0800][28.998s][info][gc,phases   ] GC(60) Y: Pause Relocate Start 0.001ms
[2026-01-06T22:08:46.416+0800][28.998s][info][gc,phases   ] GC(60) Y: Concurrent Relocate 0.011ms
[2026-01-06T22:08:46.416+0800][28.998s][info][gc,alloc    ] GC(60) Y:                         Mark Start        Mark End      Relocate Start    Relocate End   
[2026-01-06T22:08:46.416+0800][28.998s][info][gc,alloc    ] GC(60) Y: Allocation Stalls:          0                0                0                0         
[2026-01-06T22:08:46.416+0800][28.998s][info][gc,load     ] GC(60) Y: Load: 2.75 (28%) / 2.00 (20%) / 2.06 (21%)
[2026-01-06T22:08:46.416+0800][28.998s][info][gc,mmu      ] GC(60) Y: MMU: 2ms/92.0%, 5ms/96.7%, 10ms/98.4%, 20ms/99.2%, 50ms/99.7%, 100ms/99.8%
[2026-01-06T22:08:46.416+0800][28.998s][info][gc,marking  ] GC(60) Y: Mark: 1 stripe(s), 2 proactive flush(es), 1 terminate flush(es), 0 completion(s), 0 continuation(s) 
[2026-01-06T22:08:46.416+0800][28.998s][info][gc,nmethod  ] GC(60) Y: NMethods: 41 registered, 34 unregistered
[2026-01-06T22:08:46.416+0800][28.998s][info][gc,metaspace] GC(60) Y: Metaspace: 0M used, 0M committed, 1088M reserved
[2026-01-06T22:08:46.416+0800][28.998s][info][gc,reloc    ] GC(60) Y:                        Candidates     Selected     In-Place         Size        Empty    Relocated 
[2026-01-06T22:08:46.416+0800][28.998s][info][gc,reloc    ] GC(60) Y: Small Pages:                  211            0            0         422M         420M           0M 
[2026-01-06T22:08:46.416+0800][28.998s][info][gc,reloc    ] GC(60) Y: Medium Pages:                   0            0            0           0M           0M           0M 
[2026-01-06T22:08:46.416+0800][28.998s][info][gc,reloc    ] GC(60) Y: Large Pages:                    0            0            0           0M           0M           0M 
[2026-01-06T22:08:46.416+0800][28.998s][info][gc,reloc    ] GC(60) Y: Forwarding Usage: 0M
[2026-01-06T22:08:46.416+0800][28.998s][info][gc,reloc    ] GC(60) Y: Age Table:
[2026-01-06T22:08:46.416+0800][28.998s][info][gc,reloc    ] GC(60) Y:                    Live             Garbage             Small              Medium             Large        
[2026-01-06T22:08:46.416+0800][28.998s][info][gc,reloc    ] GC(60) Y: Eden               0M (0%)          419M (10%)        210 / 0              0 / 0              0 / 0        
[2026-01-06T22:08:46.416+0800][28.998s][info][gc,reloc    ] GC(60) Y: Survivor 1          -                 2M (0%)           1 / 0              0 / 0              0 / 0        
[2026-01-06T22:08:46.416+0800][28.998s][info][gc,heap     ] GC(60) Y: Min Capacity: 8M(0%)
[2026-01-06T22:08:46.416+0800][28.998s][info][gc,heap     ] GC(60) Y: Max Capacity: 4096M(100%)
[2026-01-06T22:08:46.416+0800][28.998s][info][gc,heap     ] GC(60) Y: Soft Max Capacity: 3686M(90%)
[2026-01-06T22:08:46.416+0800][28.998s][info][gc,heap     ] GC(60) Y: Heap Statistics:
[2026-01-06T22:08:46.416+0800][28.998s][info][gc,heap     ] GC(60) Y:                Mark Start          Mark End        Relocate Start      Relocate End           High               Low         
[2026-01-06T22:08:46.416+0800][28.998s][info][gc,heap     ] GC(60) Y:  Capacity:     3498M (85%)        3498M (85%)        3498M (85%)        3498M (85%)        3498M (85%)        3498M (85%)    
[2026-01-06T22:08:46.416+0800][28.998s][info][gc,heap     ] GC(60) Y:      Free:     3670M (90%)        3668M (90%)        4088M (100%)       4086M (100%)       4088M (100%)       3668M (90%)    
[2026-01-06T22:08:46.416+0800][28.998s][info][gc,heap     ] GC(60) Y:      Used:      426M (10%)         428M (10%)           8M (0%)           10M (0%)          428M (10%)           8M (0%)     
[2026-01-06T22:08:46.416+0800][28.998s][info][gc,heap     ] GC(60) Y: Young Generation Statistics:
[2026-01-06T22:08:46.416+0800][28.998s][info][gc,heap     ] GC(60) Y:                Mark Start          Mark End        Relocate Start      Relocate End    
[2026-01-06T22:08:46.416+0800][28.998s][info][gc,heap     ] GC(60) Y:      Used:      422M (10%)         424M (10%)           4M (0%)            6M (0%)     
[2026-01-06T22:08:46.416+0800][28.998s][info][gc,heap     ] GC(60) Y:      Live:         -                 0M (0%)            0M (0%)            0M (0%)     
[2026-01-06T22:08:46.416+0800][28.998s][info][gc,heap     ] GC(60) Y:   Garbage:         -               421M (10%)           1M (0%)            1M (0%)     
[2026-01-06T22:08:46.416+0800][28.998s][info][gc,heap     ] GC(60) Y: Allocated:         -                 2M (0%)            2M (0%)            4M (0%)     
[2026-01-06T22:08:46.416+0800][28.998s][info][gc,heap     ] GC(60) Y: Reclaimed:         -                  -               420M (10%)         420M (10%)    
[2026-01-06T22:08:46.416+0800][28.998s][info][gc,heap     ] GC(60) Y:  Promoted:         -                  -                 0M (0%)            0M (0%)     
[2026-01-06T22:08:46.416+0800][28.998s][info][gc,heap     ] GC(60) Y: Compacted:         -                  -                  -                 0M (0%)     
[2026-01-06T22:08:46.416+0800][28.998s][info][gc,phases   ] GC(60) Y: Young Generation 426M(10%)->10M(0%) 0.000s
[2026-01-06T22:08:46.416+0800][28.998s][info][gc,phases   ] GC(60) O: Old Generation
[2026-01-06T22:08:46.419+0800][29.000s][info][gc,phases   ] GC(60) O: Concurrent Mark 2.432ms
[2026-01-06T22:08:46.419+0800][29.000s][info][gc,phases   ] GC(60) O: Pause Mark End 0.003ms
[2026-01-06T22:08:46.419+0800][29.000s][info][gc,phases   ] GC(60) O: Concurrent Mark Free 0.000ms
[2026-01-06T22:08:46.419+0800][29.000s][info][gc,phases   ] GC(60) O: Concurrent Process Non-Strong 0.157ms
[2026-01-06T22:08:46.419+0800][29.000s][info][gc,phases   ] GC(60) O: Concurrent Reset Relocation Set 0.005ms
[2026-01-06T22:08:46.419+0800][29.000s][info][gc,phases   ] GC(60) O: Concurrent Select Relocation Set 0.025ms
[2026-01-06T22:08:46.419+0800][29.000s][info][gc,task     ] GC(60) O: Using 2 Workers for Old Generation
[2026-01-06T22:08:46.419+0800][29.001s][info][gc,task     ] GC(60) O: Using 1 Workers for Old Generation
[2026-01-06T22:08:46.419+0800][29.001s][info][gc,phases   ] GC(60) O: Concurrent Remap Roots 0.045ms
[2026-01-06T22:08:46.419+0800][29.001s][info][gc,phases   ] GC(60) O: Pause Relocate Start 0.001ms
[2026-01-06T22:08:46.420+0800][29.001s][info][gc,phases   ] GC(60) O: Concurrent Relocate 0.618ms
[2026-01-06T22:08:46.420+0800][29.001s][info][gc,alloc    ] GC(60) O:                         Mark Start        Mark End      Relocate Start    Relocate End   
[2026-01-06T22:08:46.420+0800][29.001s][info][gc,alloc    ] GC(60) O: Allocation Stalls:          0                0                0                0         
[2026-01-06T22:08:46.420+0800][29.001s][info][gc,load     ] GC(60) O: Load: 2.75 (28%) / 2.00 (20%) / 2.06 (21%)
[2026-01-06T22:08:46.420+0800][29.001s][info][gc,mmu      ] GC(60) O: MMU: 2ms/92.0%, 5ms/96.7%, 10ms/98.4%, 20ms/99.2%, 50ms/99.7%, 100ms/99.8%
[2026-01-06T22:08:46.420+0800][29.001s][info][gc,marking  ] GC(60) O: Mark: 1 stripe(s), 2 proactive flush(es), 1 terminate flush(es), 0 completion(s), 0 continuation(s) 
[2026-01-06T22:08:46.420+0800][29.001s][info][gc,nmethod  ] GC(60) O: NMethods: 41 registered, 34 unregistered
[2026-01-06T22:08:46.420+0800][29.001s][info][gc,metaspace] GC(60) O: Metaspace: 0M used, 0M committed, 1088M reserved
[2026-01-06T22:08:46.420+0800][29.001s][info][gc,ref      ] GC(60) O:                       Encountered   Discovered     Enqueued 
[2026-01-06T22:08:46.420+0800][29.001s][info][gc,ref      ] GC(60) O: Soft References:                1            0            0 
[2026-01-06T22:08:46.420+0800][29.001s][info][gc,ref      ] GC(60) O: Weak References:                6            0            0 
[2026-01-06T22:08:46.420+0800][29.001s][info][gc,ref      ] GC(60) O: Final References:               0            0            0 
[2026-01-06T22:08:46.420+0800][29.001s][info][gc,ref      ] GC(60) O: Phantom References:             1            1            0 
[2026-01-06T22:08:46.420+0800][29.001s][info][gc,reloc    ] GC(60) O:                        Candidates     Selected     In-Place         Size        Empty    Relocated 
[2026-01-06T22:08:46.420+0800][29.001s][info][gc,reloc    ] GC(60) O: Small Pages:                    2            1            0           4M           0M           1M 
[2026-01-06T22:08:46.420+0800][29.001s][info][gc,reloc    ] GC(60) O: Medium Pages:                   0            0            0           0M           0M           0M 
[2026-01-06T22:08:46.420+0800][29.001s][info][gc,reloc    ] GC(60) O: Large Pages:                    0            0            0           0M           0M           0M 
[2026-01-06T22:08:46.420+0800][29.001s][info][gc,reloc    ] GC(60) O: Forwarding Usage: 0M
[2026-01-06T22:08:46.420+0800][29.001s][info][gc,heap     ] GC(60) O: Min Capacity: 8M(0%)
[2026-01-06T22:08:46.420+0800][29.001s][info][gc,heap     ] GC(60) O: Max Capacity: 4096M(100%)
[2026-01-06T22:08:46.420+0800][29.001s][info][gc,heap     ] GC(60) O: Soft Max Capacity: 3686M(90%)
[2026-01-06T22:08:46.420+0800][29.001s][info][gc,heap     ] GC(60) O: Heap Statistics:
[2026-01-06T22:08:46.420+0800][29.001s][info][gc,heap     ] GC(60) O:                Mark Start          Mark End        Relocate Start      Relocate End           High               Low         
[2026-01-06T22:08:46.420+0800][29.001s][info][gc,heap     ] GC(60) O:  Capacity:     3498M (85%)        3498M (85%)        3498M (85%)        3498M (85%)        3498M (85%)        3498M (85%)    
[2026-01-06T22:08:46.420+0800][29.001s][info][gc,heap     ] GC(60) O:      Free:     3670M (90%)        4034M (98%)        4030M (98%)        4022M (98%)        4088M (100%)       3668M (90%)    
[2026-01-06T22:08:46.420+0800][29.001s][info][gc,heap     ] GC(60) O:      Used:      426M (10%)          62M (2%)           66M (2%)           74M (2%)          428M (10%)           8M (0%)     
[2026-01-06T22:08:46.420+0800][29.001s][info][gc,heap     ] GC(60) O: Old Generation Statistics:
[2026-01-06T22:08:46.420+0800][29.001s][info][gc,heap     ] GC(60) O:                Mark Start          Mark End        Relocate Start      Relocate End    
[2026-01-06T22:08:46.420+0800][29.001s][info][gc,heap     ] GC(60) O:      Used:        4M (0%)            4M (0%)            4M (0%)            4M (0%)     
[2026-01-06T22:08:46.420+0800][29.001s][info][gc,heap     ] GC(60) O:      Live:         -                 1M (0%)            1M (0%)            1M (0%)     
[2026-01-06T22:08:46.420+0800][29.001s][info][gc,heap     ] GC(60) O:   Garbage:         -                 2M (0%)            2M (0%)            0M (0%)     
[2026-01-06T22:08:46.420+0800][29.001s][info][gc,heap     ] GC(60) O: Allocated:         -                 0M (0%)            0M (0%)            2M (0%)     
[2026-01-06T22:08:46.420+0800][29.001s][info][gc,heap     ] GC(60) O: Reclaimed:         -                  -                 0M (0%)            2M (0%)     
[2026-01-06T22:08:46.420+0800][29.001s][info][gc,heap     ] GC(60) O: Compacted:         -                  -                  -                 1M (0%)     
[2026-01-06T22:08:46.420+0800][29.001s][info][gc,phases   ] GC(60) O: Old Generation 12M(0%)->74M(2%) 0.003s
[2026-01-06T22:08:46.420+0800][29.001s][info][gc          ] GC(60) Major Collection (Proactive) 426M(10%)->76M(2%) 0.004s
[2026-01-06T22:08:46.845+0800][29.427s][info][gc          ] GC(61) Major Collection (Proactive)
[2026-01-06T22:08:46.845+0800][29.427s][info][gc,task     ] GC(61) Using 1 Workers for Young Generation
[2026-01-06T22:08:46.845+0800][29.427s][info][gc,task     ] GC(61) Using 1 Workers for Old Generation
[2026-01-06T22:08:46.845+0800][29.427s][info][gc,phases   ] GC(61) Y: Young Generation
[2026-01-06T22:08:46.845+0800][29.427s][info][gc,phases   ] GC(61) Y: Pause Mark Start (Major) 0.004ms
[2026-01-06T22:08:46.846+0800][29.427s][info][gc,phases   ] GC(61) Y: Concurrent Mark 0.267ms
[2026-01-06T22:08:46.846+0800][29.427s][info][gc,phases   ] GC(61) Y: Pause Mark End 0.003ms
[2026-01-06T22:08:46.846+0800][29.427s][info][gc,phases   ] GC(61) Y: Concurrent Mark Free 0.000ms
[2026-01-06T22:08:46.846+0800][29.427s][info][gc,phases   ] GC(61) Y: Concurrent Reset Relocation Set 0.000ms
[2026-01-06T22:08:46.846+0800][29.427s][info][gc,reloc    ] GC(61) Y: Using tenuring threshold: 1 (Computed)
[2026-01-06T22:08:46.846+0800][29.427s][info][gc,phases   ] GC(61) Y: Concurrent Select Relocation Set 0.223ms
[2026-01-06T22:08:46.846+0800][29.428s][info][gc,phases   ] GC(61) Y: Pause Relocate Start 0.001ms
[2026-01-06T22:08:46.846+0800][29.428s][info][gc,phases   ] GC(61) Y: Concurrent Relocate 0.012ms
[2026-01-06T22:08:46.846+0800][29.428s][info][gc,alloc    ] GC(61) Y:                         Mark Start        Mark End      Relocate Start    Relocate End   
[2026-01-06T22:08:46.846+0800][29.428s][info][gc,alloc    ] GC(61) Y: Allocation Stalls:          0                0                0                0         
[2026-01-06T22:08:46.846+0800][29.428s][info][gc,load     ] GC(61) Y: Load: 2.69 (27%) / 2.00 (20%) / 2.06 (21%)
[2026-01-06T22:08:46.846+0800][29.428s][info][gc,mmu      ] GC(61) Y: MMU: 2ms/92.0%, 5ms/96.7%, 10ms/98.4%, 20ms/99.2%, 50ms/99.7%, 100ms/99.8%
[2026-01-06T22:08:46.846+0800][29.428s][info][gc,marking  ] GC(61) Y: Mark: 1 stripe(s), 2 proactive flush(es), 1 terminate flush(es), 0 completion(s), 0 continuation(s) 
[2026-01-06T22:08:46.846+0800][29.428s][info][gc,nmethod  ] GC(61) Y: NMethods: 41 registered, 34 unregistered
[2026-01-06T22:08:46.846+0800][29.428s][info][gc,metaspace] GC(61) Y: Metaspace: 0M used, 0M committed, 1088M reserved
[2026-01-06T22:08:46.846+0800][29.428s][info][gc,reloc    ] GC(61) Y:                        Candidates     Selected     In-Place         Size        Empty    Relocated 
[2026-01-06T22:08:46.846+0800][29.428s][info][gc,reloc    ] GC(61) Y: Small Pages:                 1035            0            0        2070M        2068M           0M 
[2026-01-06T22:08:46.846+0800][29.428s][info][gc,reloc    ] GC(61) Y: Medium Pages:                   0            0            0           0M           0M           0M 
[2026-01-06T22:08:46.846+0800][29.428s][info][gc,reloc    ] GC(61) Y: Large Pages:                    0            0            0           0M           0M           0M 
[2026-01-06T22:08:46.846+0800][29.428s][info][gc,reloc    ] GC(61) Y: Forwarding Usage: 0M
[2026-01-06T22:08:46.846+0800][29.428s][info][gc,reloc    ] GC(61) Y: Age Table:
[2026-01-06T22:08:46.846+0800][29.428s][info][gc,reloc    ] GC(61) Y:                    Live             Garbage             Small              Medium             Large        
[2026-01-06T22:08:46.846+0800][29.428s][info][gc,reloc    ] GC(61) Y: Eden               0M (0%)         2067M (50%)       1034 / 0              0 / 0              0 / 0        
[2026-01-06T22:08:46.846+0800][29.428s][info][gc,reloc    ] GC(61) Y: Survivor 1          -                 2M (0%)           1 / 0              0 / 0              0 / 0        
[2026-01-06T22:08:46.846+0800][29.428s][info][gc,heap     ] GC(61) Y: Min Capacity: 8M(0%)
[2026-01-06T22:08:46.846+0800][29.428s][info][gc,heap     ] GC(61) Y: Max Capacity: 4096M(100%)
[2026-01-06T22:08:46.846+0800][29.428s][info][gc,heap     ] GC(61) Y: Soft Max Capacity: 3686M(90%)
[2026-01-06T22:08:46.846+0800][29.428s][info][gc,heap     ] GC(61) Y: Heap Statistics:
[2026-01-06T22:08:46.846+0800][29.428s][info][gc,heap     ] GC(61) Y:                Mark Start          Mark End        Relocate Start      Relocate End           High               Low         
[2026-01-06T22:08:46.846+0800][29.428s][info][gc,heap     ] GC(61) Y:  Capacity:     3498M (85%)        3498M (85%)        3498M (85%)        3498M (85%)        3498M (85%)        3498M (85%)    
[2026-01-06T22:08:46.846+0800][29.428s][info][gc,heap     ] GC(61) Y:      Free:     2022M (49%)        2020M (49%)        4084M (100%)       4084M (100%)       4084M (100%)       2020M (49%)    
[2026-01-06T22:08:46.846+0800][29.428s][info][gc,heap     ] GC(61) Y:      Used:     2074M (51%)        2076M (51%)          12M (0%)           12M (0%)         2076M (51%)          12M (0%)     
[2026-01-06T22:08:46.846+0800][29.428s][info][gc,heap     ] GC(61) Y: Young Generation Statistics:
[2026-01-06T22:08:46.846+0800][29.428s][info][gc,heap     ] GC(61) Y:                Mark Start          Mark End        Relocate Start      Relocate End    
[2026-01-06T22:08:46.846+0800][29.428s][info][gc,heap     ] GC(61) Y:      Used:     2070M (51%)        2072M (51%)           8M (0%)            8M (0%)     
[2026-01-06T22:08:46.846+0800][29.428s][info][gc,heap     ] GC(61) Y:      Live:         -                 0M (0%)            0M (0%)            0M (0%)     
[2026-01-06T22:08:46.846+0800][29.428s][info][gc,heap     ] GC(61) Y:   Garbage:         -              2069M (51%)           1M (0%)            1M (0%)     
[2026-01-06T22:08:46.846+0800][29.428s][info][gc,heap     ] GC(61) Y: Allocated:         -                 2M (0%)            6M (0%)            6M (0%)     
[2026-01-06T22:08:46.846+0800][29.428s][info][gc,heap     ] GC(61) Y: Reclaimed:         -                  -              2068M (50%)        2068M (50%)    
[2026-01-06T22:08:46.846+0800][29.428s][info][gc,heap     ] GC(61) Y:  Promoted:         -                  -                 0M (0%)            0M (0%)     
[2026-01-06T22:08:46.846+0800][29.428s][info][gc,heap     ] GC(61) Y: Compacted:         -                  -                  -                 0M (0%)     
[2026-01-06T22:08:46.846+0800][29.428s][info][gc,phases   ] GC(61) Y: Young Generation 2074M(51%)->12M(0%) 0.001s
[2026-01-06T22:08:46.846+0800][29.428s][info][gc,phases   ] GC(61) O: Old Generation
[2026-01-06T22:08:46.848+0800][29.429s][info][gc,phases   ] GC(61) O: Concurrent Mark 1.603ms
[2026-01-06T22:08:46.848+0800][29.429s][info][gc,phases   ] GC(61) O: Pause Mark End 0.002ms
[2026-01-06T22:08:46.848+0800][29.429s][info][gc,phases   ] GC(61) O: Concurrent Mark Free 0.001ms
[2026-01-06T22:08:46.848+0800][29.429s][info][gc,phases   ] GC(61) O: Concurrent Process Non-Strong 0.120ms
[2026-01-06T22:08:46.848+0800][29.429s][info][gc,phases   ] GC(61) O: Concurrent Reset Relocation Set 0.000ms
[2026-01-06T22:08:46.848+0800][29.429s][info][gc,phases   ] GC(61) O: Concurrent Select Relocation Set 0.019ms
[2026-01-06T22:08:46.848+0800][29.429s][info][gc,task     ] GC(61) O: Using 2 Workers for Old Generation
[2026-01-06T22:08:46.848+0800][29.430s][info][gc,task     ] GC(61) O: Using 1 Workers for Old Generation
[2026-01-06T22:08:46.848+0800][29.430s][info][gc,phases   ] GC(61) O: Concurrent Remap Roots 0.044ms
[2026-01-06T22:08:46.848+0800][29.430s][info][gc,phases   ] GC(61) O: Pause Relocate Start 0.001ms
[2026-01-06T22:08:46.849+0800][29.430s][info][gc,phases   ] GC(61) O: Concurrent Relocate 0.616ms
[2026-01-06T22:08:46.849+0800][29.430s][info][gc,alloc    ] GC(61) O:                         Mark Start        Mark End      Relocate Start    Relocate End   
[2026-01-06T22:08:46.849+0800][29.430s][info][gc,alloc    ] GC(61) O: Allocation Stalls:          0                0                0                0         
[2026-01-06T22:08:46.849+0800][29.430s][info][gc,load     ] GC(61) O: Load: 2.69 (27%) / 2.00 (20%) / 2.06 (21%)
[2026-01-06T22:08:46.849+0800][29.430s][info][gc,mmu      ] GC(61) O: MMU: 2ms/92.0%, 5ms/96.7%, 10ms/98.4%, 20ms/99.2%, 50ms/99.7%, 100ms/99.8%
[2026-01-06T22:08:46.849+0800][29.430s][info][gc,marking  ] GC(61) O: Mark: 1 stripe(s), 2 proactive flush(es), 1 terminate flush(es), 0 completion(s), 0 continuation(s) 
[2026-01-06T22:08:46.849+0800][29.430s][info][gc,nmethod  ] GC(61) O: NMethods: 41 registered, 34 unregistered
[2026-01-06T22:08:46.849+0800][29.430s][info][gc,metaspace] GC(61) O: Metaspace: 0M used, 0M committed, 1088M reserved
[2026-01-06T22:08:46.849+0800][29.430s][info][gc,ref      ] GC(61) O:                       Encountered   Discovered     Enqueued 
[2026-01-06T22:08:46.849+0800][29.430s][info][gc,ref      ] GC(61) O: Soft References:                1            0            0 
[2026-01-06T22:08:46.849+0800][29.430s][info][gc,ref      ] GC(61) O: Weak References:                6            0            0 
[2026-01-06T22:08:46.849+0800][29.430s][info][gc,ref      ] GC(61) O: Final References:               0            0            0 
[2026-01-06T22:08:46.849+0800][29.430s][info][gc,ref      ] GC(61) O: Phantom References:             1            1            0 
[2026-01-06T22:08:46.849+0800][29.430s][info][gc,reloc    ] GC(61) O:                        Candidates     Selected     In-Place         Size        Empty    Relocated 
[2026-01-06T22:08:46.849+0800][29.430s][info][gc,reloc    ] GC(61) O: Small Pages:                    2            1            0           4M           0M           1M 
[2026-01-06T22:08:46.849+0800][29.430s][info][gc,reloc    ] GC(61) O: Medium Pages:                   0            0            0           0M           0M           0M 
[2026-01-06T22:08:46.849+0800][29.430s][info][gc,reloc    ] GC(61) O: Large Pages:                    0            0            0           0M           0M           0M 
[2026-01-06T22:08:46.849+0800][29.430s][info][gc,reloc    ] GC(61) O: Forwarding Usage: 0M
[2026-01-06T22:08:46.849+0800][29.430s][info][gc,heap     ] GC(61) O: Min Capacity: 8M(0%)
[2026-01-06T22:08:46.849+0800][29.430s][info][gc,heap     ] GC(61) O: Max Capacity: 4096M(100%)
[2026-01-06T22:08:46.849+0800][29.430s][info][gc,heap     ] GC(61) O: Soft Max Capacity: 3686M(90%)
[2026-01-06T22:08:46.849+0800][29.430s][info][gc,heap     ] GC(61) O: Heap Statistics:
[2026-01-06T22:08:46.849+0800][29.430s][info][gc,heap     ] GC(61) O:                Mark Start          Mark End        Relocate Start      Relocate End           High               Low         
[2026-01-06T22:08:46.849+0800][29.430s][info][gc,heap     ] GC(61) O:  Capacity:     3498M (85%)        3498M (85%)        3498M (85%)        3498M (85%)        3498M (85%)        3498M (85%)    
[2026-01-06T22:08:46.849+0800][29.430s][info][gc,heap     ] GC(61) O:      Free:     2022M (49%)        4052M (99%)        4048M (99%)        4036M (99%)        4084M (100%)       2020M (49%)    
[2026-01-06T22:08:46.849+0800][29.430s][info][gc,heap     ] GC(61) O:      Used:     2074M (51%)          44M (1%)           48M (1%)           60M (1%)         2076M (51%)          12M (0%)     
[2026-01-06T22:08:46.849+0800][29.430s][info][gc,heap     ] GC(61) O: Old Generation Statistics:
[2026-01-06T22:08:46.849+0800][29.430s][info][gc,heap     ] GC(61) O:                Mark Start          Mark End        Relocate Start      Relocate End    
[2026-01-06T22:08:46.849+0800][29.430s][info][gc,heap     ] GC(61) O:      Used:        4M (0%)            4M (0%)            4M (0%)            4M (0%)     
[2026-01-06T22:08:46.849+0800][29.430s][info][gc,heap     ] GC(61) O:      Live:         -                 1M (0%)            1M (0%)            1M (0%)     
[2026-01-06T22:08:46.849+0800][29.430s][info][gc,heap     ] GC(61) O:   Garbage:         -                 2M (0%)            2M (0%)            0M (0%)     
[2026-01-06T22:08:46.849+0800][29.430s][info][gc,heap     ] GC(61) O: Allocated:         -                 0M (0%)            0M (0%)            2M (0%)     
[2026-01-06T22:08:46.849+0800][29.430s][info][gc,heap     ] GC(61) O: Reclaimed:         -                  -                 0M (0%)            2M (0%)     
[2026-01-06T22:08:46.849+0800][29.430s][info][gc,heap     ] GC(61) O: Compacted:         -                  -                  -                 1M (0%)     
[2026-01-06T22:08:46.849+0800][29.430s][info][gc,phases   ] GC(61) O: Old Generation 16M(0%)->60M(1%) 0.003s
[2026-01-06T22:08:46.849+0800][29.430s][info][gc          ] GC(61) Major Collection (Proactive) 2074M(51%)->62M(2%) 0.003s
[2026-01-06T22:08:47.195+0800][29.777s][info][gc          ] GC(62) Major Collection (Proactive)
[2026-01-06T22:08:47.195+0800][29.777s][info][gc,task     ] GC(62) Using 1 Workers for Young Generation
[2026-01-06T22:08:47.195+0800][29.777s][info][gc,task     ] GC(62) Using 1 Workers for Old Generation
[2026-01-06T22:08:47.195+0800][29.777s][info][gc,phases   ] GC(62) Y: Young Generation
[2026-01-06T22:08:47.196+0800][29.777s][info][gc,phases   ] GC(62) Y: Pause Mark Start (Major) 0.013ms
[2026-01-06T22:08:47.196+0800][29.778s][info][gc,phases   ] GC(62) Y: Concurrent Mark 0.431ms
[2026-01-06T22:08:47.196+0800][29.778s][info][gc,phases   ] GC(62) Y: Pause Mark End 0.003ms
[2026-01-06T22:08:47.196+0800][29.778s][info][gc,phases   ] GC(62) Y: Concurrent Mark Free 0.004ms
[2026-01-06T22:08:47.196+0800][29.778s][info][gc,phases   ] GC(62) Y: Concurrent Reset Relocation Set 0.000ms
[2026-01-06T22:08:47.199+0800][29.781s][info][gc,reloc    ] GC(62) Y: Using tenuring threshold: 1 (Computed)
[2026-01-06T22:08:47.199+0800][29.781s][info][gc,phases   ] GC(62) Y: Concurrent Select Relocation Set 3.289ms
[2026-01-06T22:08:47.199+0800][29.781s][info][gc,phases   ] GC(62) Y: Pause Relocate Start 0.006ms
[2026-01-06T22:08:47.199+0800][29.781s][info][gc,phases   ] GC(62) Y: Concurrent Relocate 0.010ms
[2026-01-06T22:08:47.199+0800][29.781s][info][gc,alloc    ] GC(62) Y:                         Mark Start        Mark End      Relocate Start    Relocate End   
[2026-01-06T22:08:47.199+0800][29.781s][info][gc,alloc    ] GC(62) Y: Allocation Stalls:          0                0                0                0         
[2026-01-06T22:08:47.199+0800][29.781s][info][gc,load     ] GC(62) Y: Load: 2.69 (27%) / 2.00 (20%) / 2.06 (21%)
[2026-01-06T22:08:47.199+0800][29.781s][info][gc,mmu      ] GC(62) Y: MMU: 2ms/92.0%, 5ms/96.7%, 10ms/98.4%, 20ms/99.2%, 50ms/99.7%, 100ms/99.8%
[2026-01-06T22:08:47.199+0800][29.781s][info][gc,marking  ] GC(62) Y: Mark: 1 stripe(s), 2 proactive flush(es), 1 terminate flush(es), 0 completion(s), 0 continuation(s) 
[2026-01-06T22:08:47.199+0800][29.781s][info][gc,nmethod  ] GC(62) Y: NMethods: 41 registered, 34 unregistered
[2026-01-06T22:08:47.199+0800][29.781s][info][gc,metaspace] GC(62) Y: Metaspace: 0M used, 0M committed, 1088M reserved
[2026-01-06T22:08:47.199+0800][29.781s][info][gc,reloc    ] GC(62) Y:                        Candidates     Selected     In-Place         Size        Empty    Relocated 
[2026-01-06T22:08:47.199+0800][29.781s][info][gc,reloc    ] GC(62) Y: Small Pages:                 1530            0            0        3060M        3058M           0M 
[2026-01-06T22:08:47.199+0800][29.781s][info][gc,reloc    ] GC(62) Y: Medium Pages:                   0            0            0           0M           0M           0M 
[2026-01-06T22:08:47.199+0800][29.781s][info][gc,reloc    ] GC(62) Y: Large Pages:                    0            0            0           0M           0M           0M 
[2026-01-06T22:08:47.199+0800][29.781s][info][gc,reloc    ] GC(62) Y: Forwarding Usage: 0M
[2026-01-06T22:08:47.199+0800][29.781s][info][gc,reloc    ] GC(62) Y: Age Table:
[2026-01-06T22:08:47.199+0800][29.781s][info][gc,reloc    ] GC(62) Y:                    Live             Garbage             Small              Medium             Large        
[2026-01-06T22:08:47.199+0800][29.781s][info][gc,reloc    ] GC(62) Y: Eden               0M (0%)         3057M (75%)       1529 / 0              0 / 0              0 / 0        
[2026-01-06T22:08:47.199+0800][29.781s][info][gc,reloc    ] GC(62) Y: Survivor 1          -                 2M (0%)           1 / 0              0 / 0              0 / 0        
[2026-01-06T22:08:47.199+0800][29.781s][info][gc,heap     ] GC(62) Y: Min Capacity: 8M(0%)
[2026-01-06T22:08:47.199+0800][29.781s][info][gc,heap     ] GC(62) Y: Max Capacity: 4096M(100%)
[2026-01-06T22:08:47.199+0800][29.781s][info][gc,heap     ] GC(62) Y: Soft Max Capacity: 3686M(90%)
[2026-01-06T22:08:47.199+0800][29.781s][info][gc,heap     ] GC(62) Y: Heap Statistics:
[2026-01-06T22:08:47.199+0800][29.781s][info][gc,heap     ] GC(62) Y:                Mark Start          Mark End        Relocate Start      Relocate End           High               Low         
[2026-01-06T22:08:47.199+0800][29.781s][info][gc,heap     ] GC(62) Y:  Capacity:     3498M (85%)        3498M (85%)        3498M (85%)        3498M (85%)        3498M (85%)        3498M (85%)    
[2026-01-06T22:08:47.199+0800][29.781s][info][gc,heap     ] GC(62) Y:      Free:     1032M (25%)        1028M (25%)        4084M (100%)       4084M (100%)       4084M (100%)       1028M (25%)    
[2026-01-06T22:08:47.199+0800][29.781s][info][gc,heap     ] GC(62) Y:      Used:     3064M (75%)        3068M (75%)          12M (0%)           12M (0%)         3068M (75%)          12M (0%)     
[2026-01-06T22:08:47.199+0800][29.781s][info][gc,heap     ] GC(62) Y: Young Generation Statistics:
[2026-01-06T22:08:47.199+0800][29.781s][info][gc,heap     ] GC(62) Y:                Mark Start          Mark End        Relocate Start      Relocate End    
[2026-01-06T22:08:47.199+0800][29.781s][info][gc,heap     ] GC(62) Y:      Used:     3060M (75%)        3064M (75%)           8M (0%)            8M (0%)     
[2026-01-06T22:08:47.199+0800][29.781s][info][gc,heap     ] GC(62) Y:      Live:         -                 0M (0%)            0M (0%)            0M (0%)     
[2026-01-06T22:08:47.199+0800][29.781s][info][gc,heap     ] GC(62) Y:   Garbage:         -              3059M (75%)           1M (0%)            1M (0%)     
[2026-01-06T22:08:47.199+0800][29.781s][info][gc,heap     ] GC(62) Y: Allocated:         -                 4M (0%)            6M (0%)            6M (0%)     
[2026-01-06T22:08:47.199+0800][29.781s][info][gc,heap     ] GC(62) Y: Reclaimed:         -                  -              3058M (75%)        3058M (75%)    
[2026-01-06T22:08:47.199+0800][29.781s][info][gc,heap     ] GC(62) Y:  Promoted:         -                  -                 0M (0%)            0M (0%)     
[2026-01-06T22:08:47.199+0800][29.781s][info][gc,heap     ] GC(62) Y: Compacted:         -                  -                  -                 0M (0%)     
[2026-01-06T22:08:47.199+0800][29.781s][info][gc,phases   ] GC(62) Y: Young Generation 3064M(75%)->12M(0%) 0.004s
[2026-01-06T22:08:47.199+0800][29.781s][info][gc,phases   ] GC(62) O: Old Generation
[2026-01-06T22:08:47.202+0800][29.783s][info][gc,phases   ] GC(62) O: Concurrent Mark 2.166ms
[2026-01-06T22:08:47.202+0800][29.783s][info][gc,phases   ] GC(62) O: Pause Mark End 0.004ms
[2026-01-06T22:08:47.202+0800][29.783s][info][gc,phases   ] GC(62) O: Concurrent Mark Free 0.001ms
[2026-01-06T22:08:47.202+0800][29.783s][info][gc,phases   ] GC(62) O: Concurrent Process Non-Strong 0.142ms
[2026-01-06T22:08:47.202+0800][29.783s][info][gc,phases   ] GC(62) O: Concurrent Reset Relocation Set 0.002ms
[2026-01-06T22:08:47.202+0800][29.783s][info][gc,phases   ] GC(62) O: Concurrent Select Relocation Set 0.029ms
[2026-01-06T22:08:47.202+0800][29.784s][info][gc,task     ] GC(62) O: Using 2 Workers for Old Generation
[2026-01-06T22:08:47.202+0800][29.784s][info][gc,task     ] GC(62) O: Using 1 Workers for Old Generation
[2026-01-06T22:08:47.202+0800][29.784s][info][gc,phases   ] GC(62) O: Concurrent Remap Roots 0.192ms
[2026-01-06T22:08:47.202+0800][29.784s][info][gc,phases   ] GC(62) O: Pause Relocate Start 0.002ms
[2026-01-06T22:08:47.204+0800][29.786s][info][gc,phases   ] GC(62) O: Concurrent Relocate 2.293ms
[2026-01-06T22:08:47.204+0800][29.786s][info][gc,alloc    ] GC(62) O:                         Mark Start        Mark End      Relocate Start    Relocate End   
[2026-01-06T22:08:47.204+0800][29.786s][info][gc,alloc    ] GC(62) O: Allocation Stalls:          0                0                0                0         
[2026-01-06T22:08:47.204+0800][29.786s][info][gc,load     ] GC(62) O: Load: 2.69 (27%) / 2.00 (20%) / 2.06 (21%)
[2026-01-06T22:08:47.205+0800][29.786s][info][gc,mmu      ] GC(62) O: MMU: 2ms/92.0%, 5ms/96.7%, 10ms/98.4%, 20ms/99.2%, 50ms/99.7%, 100ms/99.8%
[2026-01-06T22:08:47.205+0800][29.786s][info][gc,marking  ] GC(62) O: Mark: 1 stripe(s), 2 proactive flush(es), 1 terminate flush(es), 0 completion(s), 0 continuation(s) 
[2026-01-06T22:08:47.205+0800][29.786s][info][gc,nmethod  ] GC(62) O: NMethods: 41 registered, 34 unregistered
[2026-01-06T22:08:47.205+0800][29.786s][info][gc,metaspace] GC(62) O: Metaspace: 0M used, 0M committed, 1088M reserved
[2026-01-06T22:08:47.205+0800][29.786s][info][gc,ref      ] GC(62) O:                       Encountered   Discovered     Enqueued 
[2026-01-06T22:08:47.205+0800][29.786s][info][gc,ref      ] GC(62) O: Soft References:                1            0            0 
[2026-01-06T22:08:47.205+0800][29.786s][info][gc,ref      ] GC(62) O: Weak References:                6            0            0 
[2026-01-06T22:08:47.205+0800][29.786s][info][gc,ref      ] GC(62) O: Final References:               0            0            0 
[2026-01-06T22:08:47.205+0800][29.786s][info][gc,ref      ] GC(62) O: Phantom References:             1            1            0 
[2026-01-06T22:08:47.205+0800][29.786s][info][gc,reloc    ] GC(62) O:                        Candidates     Selected     In-Place         Size        Empty    Relocated 
[2026-01-06T22:08:47.205+0800][29.786s][info][gc,reloc    ] GC(62) O: Small Pages:                    2            1            0           4M           0M           1M 
[2026-01-06T22:08:47.205+0800][29.786s][info][gc,reloc    ] GC(62) O: Medium Pages:                   0            0            0           0M           0M           0M 
[2026-01-06T22:08:47.205+0800][29.786s][info][gc,reloc    ] GC(62) O: Large Pages:                    0            0            0           0M           0M           0M 
[2026-01-06T22:08:47.205+0800][29.786s][info][gc,reloc    ] GC(62) O: Forwarding Usage: 0M
[2026-01-06T22:08:47.205+0800][29.786s][info][gc,heap     ] GC(62) O: Min Capacity: 8M(0%)
[2026-01-06T22:08:47.205+0800][29.786s][info][gc,heap     ] GC(62) O: Max Capacity: 4096M(100%)
[2026-01-06T22:08:47.205+0800][29.786s][info][gc,heap     ] GC(62) O: Soft Max Capacity: 3686M(90%)
[2026-01-06T22:08:47.205+0800][29.786s][info][gc,heap     ] GC(62) O: Heap Statistics:
[2026-01-06T22:08:47.205+0800][29.786s][info][gc,heap     ] GC(62) O:                Mark Start          Mark End        Relocate Start      Relocate End           High               Low         
[2026-01-06T22:08:47.205+0800][29.786s][info][gc,heap     ] GC(62) O:  Capacity:     3498M (85%)        3498M (85%)        3498M (85%)        3498M (85%)        3498M (85%)        3498M (85%)    
[2026-01-06T22:08:47.205+0800][29.786s][info][gc,heap     ] GC(62) O:      Free:     1032M (25%)        4068M (99%)        4066M (99%)        4062M (99%)        4084M (100%)       1028M (25%)    
[2026-01-06T22:08:47.205+0800][29.786s][info][gc,heap     ] GC(62) O:      Used:     3064M (75%)          28M (1%)           30M (1%)           34M (1%)         3068M (75%)          12M (0%)     
[2026-01-06T22:08:47.205+0800][29.786s][info][gc,heap     ] GC(62) O: Old Generation Statistics:
[2026-01-06T22:08:47.205+0800][29.786s][info][gc,heap     ] GC(62) O:                Mark Start          Mark End        Relocate Start      Relocate End    
[2026-01-06T22:08:47.205+0800][29.786s][info][gc,heap     ] GC(62) O:      Used:        4M (0%)            4M (0%)            4M (0%)            4M (0%)     
[2026-01-06T22:08:47.205+0800][29.786s][info][gc,heap     ] GC(62) O:      Live:         -                 1M (0%)            1M (0%)            1M (0%)     
[2026-01-06T22:08:47.205+0800][29.786s][info][gc,heap     ] GC(62) O:   Garbage:         -                 2M (0%)            2M (0%)            0M (0%)     
[2026-01-06T22:08:47.205+0800][29.786s][info][gc,heap     ] GC(62) O: Allocated:         -                 0M (0%)            0M (0%)            2M (0%)     
[2026-01-06T22:08:47.205+0800][29.786s][info][gc,heap     ] GC(62) O: Reclaimed:         -                  -                 0M (0%)            2M (0%)     
[2026-01-06T22:08:47.205+0800][29.786s][info][gc,heap     ] GC(62) O: Compacted:         -                  -                  -                 1M (0%)     
[2026-01-06T22:08:47.205+0800][29.786s][info][gc,phases   ] GC(62) O: Old Generation 14M(0%)->34M(1%) 0.005s
[2026-01-06T22:08:47.205+0800][29.786s][info][gc          ] GC(62) Major Collection (Proactive) 3064M(75%)->34M(1%) 0.009s
[2026-01-06T22:08:47.990+0800][30.572s][info][gc          ] GC(63) Major Collection (Proactive)
[2026-01-06T22:08:47.990+0800][30.572s][info][gc,task     ] GC(63) Using 1 Workers for Young Generation
[2026-01-06T22:08:47.990+0800][30.572s][info][gc,task     ] GC(63) Using 1 Workers for Old Generation
[2026-01-06T22:08:47.990+0800][30.572s][info][gc,phases   ] GC(63) Y: Young Generation
[2026-01-06T22:08:47.990+0800][30.572s][info][gc,phases   ] GC(63) Y: Pause Mark Start (Major) 0.024ms
[2026-01-06T22:08:47.991+0800][30.573s][info][gc,phases   ] GC(63) Y: Concurrent Mark 0.591ms
[2026-01-06T22:08:47.991+0800][30.573s][info][gc,phases   ] GC(63) Y: Pause Mark End 0.005ms
[2026-01-06T22:08:47.991+0800][30.573s][info][gc,phases   ] GC(63) Y: Concurrent Mark Free 0.003ms
[2026-01-06T22:08:47.991+0800][30.573s][info][gc,phases   ] GC(63) Y: Concurrent Reset Relocation Set 0.000ms
[2026-01-06T22:08:47.996+0800][30.577s][info][gc,reloc    ] GC(63) Y: Using tenuring threshold: 1 (Computed)
[2026-01-06T22:08:47.996+0800][30.577s][info][gc,phases   ] GC(63) Y: Concurrent Select Relocation Set 4.485ms
[2026-01-06T22:08:47.996+0800][30.577s][info][gc,phases   ] GC(63) Y: Pause Relocate Start 0.002ms
[2026-01-06T22:08:47.996+0800][30.577s][info][gc,phases   ] GC(63) Y: Concurrent Relocate 0.012ms
[2026-01-06T22:08:47.996+0800][30.577s][info][gc,alloc    ] GC(63) Y:                         Mark Start        Mark End      Relocate Start    Relocate End   
[2026-01-06T22:08:47.996+0800][30.577s][info][gc,alloc    ] GC(63) Y: Allocation Stalls:          0                0                0                0         
[2026-01-06T22:08:47.996+0800][30.577s][info][gc,load     ] GC(63) Y: Load: 2.69 (27%) / 2.00 (20%) / 2.06 (21%)
[2026-01-06T22:08:47.996+0800][30.577s][info][gc,mmu      ] GC(63) Y: MMU: 2ms/92.0%, 5ms/96.7%, 10ms/98.4%, 20ms/99.2%, 50ms/99.7%, 100ms/99.8%
[2026-01-06T22:08:47.996+0800][30.577s][info][gc,marking  ] GC(63) Y: Mark: 1 stripe(s), 2 proactive flush(es), 1 terminate flush(es), 0 completion(s), 0 continuation(s) 
[2026-01-06T22:08:47.996+0800][30.577s][info][gc,nmethod  ] GC(63) Y: NMethods: 41 registered, 34 unregistered
[2026-01-06T22:08:47.996+0800][30.577s][info][gc,metaspace] GC(63) Y: Metaspace: 0M used, 0M committed, 1088M reserved
[2026-01-06T22:08:47.996+0800][30.577s][info][gc,reloc    ] GC(63) Y:                        Candidates     Selected     In-Place         Size        Empty    Relocated 
[2026-01-06T22:08:47.996+0800][30.577s][info][gc,reloc    ] GC(63) Y: Small Pages:                 1440            0            0        2880M        2878M           0M 
[2026-01-06T22:08:47.996+0800][30.577s][info][gc,reloc    ] GC(63) Y: Medium Pages:                   0            0            0           0M           0M           0M 
[2026-01-06T22:08:47.996+0800][30.577s][info][gc,reloc    ] GC(63) Y: Large Pages:                    0            0            0           0M           0M           0M 
[2026-01-06T22:08:47.996+0800][30.577s][info][gc,reloc    ] GC(63) Y: Forwarding Usage: 0M
[2026-01-06T22:08:47.996+0800][30.577s][info][gc,reloc    ] GC(63) Y: Age Table:
[2026-01-06T22:08:47.996+0800][30.577s][info][gc,reloc    ] GC(63) Y:                    Live             Garbage             Small              Medium             Large        
[2026-01-06T22:08:47.996+0800][30.577s][info][gc,reloc    ] GC(63) Y: Eden               0M (0%)         2877M (70%)       1439 / 0              0 / 0              0 / 0        
[2026-01-06T22:08:47.996+0800][30.577s][info][gc,reloc    ] GC(63) Y: Survivor 1          -                 2M (0%)           1 / 0              0 / 0              0 / 0        
[2026-01-06T22:08:47.996+0800][30.577s][info][gc,heap     ] GC(63) Y: Min Capacity: 8M(0%)
[2026-01-06T22:08:47.996+0800][30.577s][info][gc,heap     ] GC(63) Y: Max Capacity: 4096M(100%)
[2026-01-06T22:08:47.996+0800][30.577s][info][gc,heap     ] GC(63) Y: Soft Max Capacity: 3686M(90%)
[2026-01-06T22:08:47.996+0800][30.577s][info][gc,heap     ] GC(63) Y: Heap Statistics:
[2026-01-06T22:08:47.996+0800][30.577s][info][gc,heap     ] GC(63) Y:                Mark Start          Mark End        Relocate Start      Relocate End           High               Low         
[2026-01-06T22:08:47.996+0800][30.577s][info][gc,heap     ] GC(63) Y:  Capacity:     3498M (85%)        3498M (85%)        3498M (85%)        3498M (85%)        3498M (85%)        3498M (85%)    
[2026-01-06T22:08:47.996+0800][30.577s][info][gc,heap     ] GC(63) Y:      Free:     1212M (30%)        1208M (29%)        4078M (100%)       4078M (100%)       4078M (100%)       1208M (29%)    
[2026-01-06T22:08:47.996+0800][30.577s][info][gc,heap     ] GC(63) Y:      Used:     2884M (70%)        2888M (71%)          18M (0%)           18M (0%)         2888M (71%)          18M (0%)     
[2026-01-06T22:08:47.996+0800][30.577s][info][gc,heap     ] GC(63) Y: Young Generation Statistics:
[2026-01-06T22:08:47.996+0800][30.577s][info][gc,heap     ] GC(63) Y:                Mark Start          Mark End        Relocate Start      Relocate End    
[2026-01-06T22:08:47.996+0800][30.577s][info][gc,heap     ] GC(63) Y:      Used:     2880M (70%)        2884M (70%)          14M (0%)           14M (0%)     
[2026-01-06T22:08:47.996+0800][30.577s][info][gc,heap     ] GC(63) Y:      Live:         -                 0M (0%)            0M (0%)            0M (0%)     
[2026-01-06T22:08:47.996+0800][30.577s][info][gc,heap     ] GC(63) Y:   Garbage:         -              2879M (70%)           1M (0%)            1M (0%)     
[2026-01-06T22:08:47.996+0800][30.577s][info][gc,heap     ] GC(63) Y: Allocated:         -                 4M (0%)           12M (0%)           12M (0%)     
[2026-01-06T22:08:47.996+0800][30.577s][info][gc,heap     ] GC(63) Y: Reclaimed:         -                  -              2878M (70%)        2878M (70%)    
[2026-01-06T22:08:47.996+0800][30.577s][info][gc,heap     ] GC(63) Y:  Promoted:         -                  -                 0M (0%)            0M (0%)     
[2026-01-06T22:08:47.996+0800][30.577s][info][gc,heap     ] GC(63) Y: Compacted:         -                  -                  -                 0M (0%)     
[2026-01-06T22:08:47.996+0800][30.577s][info][gc,phases   ] GC(63) Y: Young Generation 2884M(70%)->18M(0%) 0.005s
[2026-01-06T22:08:47.996+0800][30.577s][info][gc,phases   ] GC(63) O: Old Generation
[2026-01-06T22:08:48.001+0800][30.582s][info][gc,phases   ] GC(63) O: Concurrent Mark 4.797ms
[2026-01-06T22:08:48.001+0800][30.582s][info][gc,phases   ] GC(63) O: Pause Mark End 0.006ms
[2026-01-06T22:08:48.001+0800][30.582s][info][gc,phases   ] GC(63) O: Concurrent Mark Free 0.000ms
[2026-01-06T22:08:48.001+0800][30.582s][info][gc,phases   ] GC(63) O: Concurrent Process Non-Strong 0.167ms
[2026-01-06T22:08:48.001+0800][30.582s][info][gc,phases   ] GC(63) O: Concurrent Reset Relocation Set 0.003ms
[2026-01-06T22:08:48.001+0800][30.582s][info][gc,phases   ] GC(63) O: Concurrent Select Relocation Set 0.046ms
[2026-01-06T22:08:48.001+0800][30.582s][info][gc,task     ] GC(63) O: Using 2 Workers for Old Generation
[2026-01-06T22:08:48.001+0800][30.582s][info][gc,task     ] GC(63) O: Using 1 Workers for Old Generation
[2026-01-06T22:08:48.001+0800][30.582s][info][gc,phases   ] GC(63) O: Concurrent Remap Roots 0.043ms
[2026-01-06T22:08:48.001+0800][30.583s][info][gc,phases   ] GC(63) O: Pause Relocate Start 0.001ms
[2026-01-06T22:08:48.002+0800][30.584s][info][gc,phases   ] GC(63) O: Concurrent Relocate 1.013ms
[2026-01-06T22:08:48.002+0800][30.584s][info][gc,alloc    ] GC(63) O:                         Mark Start        Mark End      Relocate Start    Relocate End   
[2026-01-06T22:08:48.002+0800][30.584s][info][gc,alloc    ] GC(63) O: Allocation Stalls:          0                0                0                0         
[2026-01-06T22:08:48.002+0800][30.584s][info][gc,load     ] GC(63) O: Load: 2.69 (27%) / 2.00 (20%) / 2.06 (21%)
[2026-01-06T22:08:48.002+0800][30.584s][info][gc,mmu      ] GC(63) O: MMU: 2ms/92.0%, 5ms/96.7%, 10ms/98.4%, 20ms/99.2%, 50ms/99.7%, 100ms/99.8%
[2026-01-06T22:08:48.002+0800][30.584s][info][gc,marking  ] GC(63) O: Mark: 1 stripe(s), 2 proactive flush(es), 1 terminate flush(es), 0 completion(s), 0 continuation(s) 
[2026-01-06T22:08:48.002+0800][30.584s][info][gc,nmethod  ] GC(63) O: NMethods: 41 registered, 34 unregistered
[2026-01-06T22:08:48.002+0800][30.584s][info][gc,metaspace] GC(63) O: Metaspace: 0M used, 0M committed, 1088M reserved
[2026-01-06T22:08:48.002+0800][30.584s][info][gc,ref      ] GC(63) O:                       Encountered   Discovered     Enqueued 
[2026-01-06T22:08:48.002+0800][30.584s][info][gc,ref      ] GC(63) O: Soft References:                1            0            0 
[2026-01-06T22:08:48.002+0800][30.584s][info][gc,ref      ] GC(63) O: Weak References:                6            0            0 
[2026-01-06T22:08:48.002+0800][30.584s][info][gc,ref      ] GC(63) O: Final References:               0            0            0 
[2026-01-06T22:08:48.002+0800][30.584s][info][gc,ref      ] GC(63) O: Phantom References:             1            1            0 
[2026-01-06T22:08:48.002+0800][30.584s][info][gc,reloc    ] GC(63) O:                        Candidates     Selected     In-Place         Size        Empty    Relocated 
[2026-01-06T22:08:48.002+0800][30.584s][info][gc,reloc    ] GC(63) O: Small Pages:                    2            1            0           4M           0M           1M 
[2026-01-06T22:08:48.002+0800][30.584s][info][gc,reloc    ] GC(63) O: Medium Pages:                   0            0            0           0M           0M           0M 
[2026-01-06T22:08:48.002+0800][30.584s][info][gc,reloc    ] GC(63) O: Large Pages:                    0            0            0           0M           0M           0M 
[2026-01-06T22:08:48.002+0800][30.584s][info][gc,reloc    ] GC(63) O: Forwarding Usage: 0M
[2026-01-06T22:08:48.002+0800][30.584s][info][gc,heap     ] GC(63) O: Min Capacity: 8M(0%)
[2026-01-06T22:08:48.002+0800][30.584s][info][gc,heap     ] GC(63) O: Max Capacity: 4096M(100%)
[2026-01-06T22:08:48.002+0800][30.584s][info][gc,heap     ] GC(63) O: Soft Max Capacity: 3686M(90%)
[2026-01-06T22:08:48.002+0800][30.584s][info][gc,heap     ] GC(63) O: Heap Statistics:
[2026-01-06T22:08:48.002+0800][30.584s][info][gc,heap     ] GC(63) O:                Mark Start          Mark End        Relocate Start      Relocate End           High               Low         
[2026-01-06T22:08:48.002+0800][30.584s][info][gc,heap     ] GC(63) O:  Capacity:     3498M (85%)        3498M (85%)        3498M (85%)        3498M (85%)        3498M (85%)        3498M (85%)    
[2026-01-06T22:08:48.002+0800][30.584s][info][gc,heap     ] GC(63) O:      Free:     1212M (30%)        4062M (99%)        4062M (99%)        4056M (99%)        4078M (100%)       1208M (29%)    
[2026-01-06T22:08:48.002+0800][30.584s][info][gc,heap     ] GC(63) O:      Used:     2884M (70%)          34M (1%)           34M (1%)           40M (1%)         2888M (71%)          18M (0%)     
[2026-01-06T22:08:48.002+0800][30.584s][info][gc,heap     ] GC(63) O: Old Generation Statistics:
[2026-01-06T22:08:48.002+0800][30.584s][info][gc,heap     ] GC(63) O:                Mark Start          Mark End        Relocate Start      Relocate End    
[2026-01-06T22:08:48.002+0800][30.584s][info][gc,heap     ] GC(63) O:      Used:        4M (0%)            4M (0%)            4M (0%)            4M (0%)     
[2026-01-06T22:08:48.002+0800][30.584s][info][gc,heap     ] GC(63) O:      Live:         -                 1M (0%)            1M (0%)            1M (0%)     
[2026-01-06T22:08:48.002+0800][30.584s][info][gc,heap     ] GC(63) O:   Garbage:         -                 2M (0%)            2M (0%)            0M (0%)     
[2026-01-06T22:08:48.002+0800][30.584s][info][gc,heap     ] GC(63) O: Allocated:         -                 0M (0%)            0M (0%)            2M (0%)     
[2026-01-06T22:08:48.002+0800][30.584s][info][gc,heap     ] GC(63) O: Reclaimed:         -                  -                 0M (0%)            2M (0%)     
[2026-01-06T22:08:48.002+0800][30.584s][info][gc,heap     ] GC(63) O: Compacted:         -                  -                  -                 1M (0%)     
[2026-01-06T22:08:48.002+0800][30.584s][info][gc,phases   ] GC(63) O: Old Generation 18M(0%)->40M(1%) 0.006s
[2026-01-06T22:08:48.002+0800][30.584s][info][gc          ] GC(63) Major Collection (Proactive) 2884M(70%)->40M(1%) 0.012s
[2026-01-06T22:08:48.889+0800][31.470s][info][gc          ] GC(64) Major Collection (Proactive)
[2026-01-06T22:08:48.889+0800][31.470s][info][gc,task     ] GC(64) Using 1 Workers for Young Generation
[2026-01-06T22:08:48.889+0800][31.470s][info][gc,task     ] GC(64) Using 1 Workers for Old Generation
[2026-01-06T22:08:48.889+0800][31.470s][info][gc,phases   ] GC(64) Y: Young Generation
[2026-01-06T22:08:48.889+0800][31.470s][info][gc,phases   ] GC(64) Y: Pause Mark Start (Major) 0.013ms
[2026-01-06T22:08:48.889+0800][31.471s][info][gc,phases   ] GC(64) Y: Concurrent Mark 0.432ms
[2026-01-06T22:08:48.889+0800][31.471s][info][gc,phases   ] GC(64) Y: Pause Mark End 0.003ms
[2026-01-06T22:08:48.889+0800][31.471s][info][gc,phases   ] GC(64) Y: Concurrent Mark Free 0.003ms
[2026-01-06T22:08:48.889+0800][31.471s][info][gc,phases   ] GC(64) Y: Concurrent Reset Relocation Set 0.000ms
[2026-01-06T22:08:48.893+0800][31.475s][info][gc,reloc    ] GC(64) Y: Using tenuring threshold: 1 (Computed)
[2026-01-06T22:08:48.893+0800][31.475s][info][gc,phases   ] GC(64) Y: Concurrent Select Relocation Set 3.841ms
[2026-01-06T22:08:48.893+0800][31.475s][info][gc,phases   ] GC(64) Y: Pause Relocate Start 0.004ms
[2026-01-06T22:08:48.893+0800][31.475s][info][gc,phases   ] GC(64) Y: Concurrent Relocate 0.014ms
[2026-01-06T22:08:48.893+0800][31.475s][info][gc,alloc    ] GC(64) Y:                         Mark Start        Mark End      Relocate Start    Relocate End   
[2026-01-06T22:08:48.893+0800][31.475s][info][gc,alloc    ] GC(64) Y: Allocation Stalls:          0                0                0                0         
[2026-01-06T22:08:48.893+0800][31.475s][info][gc,load     ] GC(64) Y: Load: 2.69 (27%) / 2.00 (20%) / 2.06 (21%)
[2026-01-06T22:08:48.893+0800][31.475s][info][gc,mmu      ] GC(64) Y: MMU: 2ms/92.0%, 5ms/96.7%, 10ms/98.4%, 20ms/99.2%, 50ms/99.7%, 100ms/99.8%
[2026-01-06T22:08:48.893+0800][31.475s][info][gc,marking  ] GC(64) Y: Mark: 1 stripe(s), 2 proactive flush(es), 1 terminate flush(es), 0 completion(s), 0 continuation(s) 
[2026-01-06T22:08:48.893+0800][31.475s][info][gc,nmethod  ] GC(64) Y: NMethods: 41 registered, 34 unregistered
[2026-01-06T22:08:48.893+0800][31.475s][info][gc,metaspace] GC(64) Y: Metaspace: 0M used, 0M committed, 1088M reserved
[2026-01-06T22:08:48.893+0800][31.475s][info][gc,reloc    ] GC(64) Y:                        Candidates     Selected     In-Place         Size        Empty    Relocated 
[2026-01-06T22:08:48.893+0800][31.475s][info][gc,reloc    ] GC(64) Y: Small Pages:                 1515            0            0        3030M        3028M           0M 
[2026-01-06T22:08:48.893+0800][31.475s][info][gc,reloc    ] GC(64) Y: Medium Pages:                   0            0            0           0M           0M           0M 
[2026-01-06T22:08:48.893+0800][31.475s][info][gc,reloc    ] GC(64) Y: Large Pages:                    0            0            0           0M           0M           0M 
[2026-01-06T22:08:48.893+0800][31.475s][info][gc,reloc    ] GC(64) Y: Forwarding Usage: 0M
[2026-01-06T22:08:48.893+0800][31.475s][info][gc,reloc    ] GC(64) Y: Age Table:
[2026-01-06T22:08:48.893+0800][31.475s][info][gc,reloc    ] GC(64) Y:                    Live             Garbage             Small              Medium             Large        
[2026-01-06T22:08:48.893+0800][31.475s][info][gc,reloc    ] GC(64) Y: Eden               0M (0%)         3027M (74%)       1514 / 0              0 / 0              0 / 0        
[2026-01-06T22:08:48.893+0800][31.475s][info][gc,reloc    ] GC(64) Y: Survivor 1          -                 2M (0%)           1 / 0              0 / 0              0 / 0        
[2026-01-06T22:08:48.893+0800][31.475s][info][gc,heap     ] GC(64) Y: Min Capacity: 8M(0%)
[2026-01-06T22:08:48.893+0800][31.475s][info][gc,heap     ] GC(64) Y: Max Capacity: 4096M(100%)
[2026-01-06T22:08:48.893+0800][31.475s][info][gc,heap     ] GC(64) Y: Soft Max Capacity: 3686M(90%)
[2026-01-06T22:08:48.893+0800][31.475s][info][gc,heap     ] GC(64) Y: Heap Statistics:
[2026-01-06T22:08:48.893+0800][31.475s][info][gc,heap     ] GC(64) Y:                Mark Start          Mark End        Relocate Start      Relocate End           High               Low         
[2026-01-06T22:08:48.893+0800][31.475s][info][gc,heap     ] GC(64) Y:  Capacity:     3498M (85%)        3498M (85%)        3498M (85%)        3498M (85%)        3498M (85%)        3498M (85%)    
[2026-01-06T22:08:48.893+0800][31.475s][info][gc,heap     ] GC(64) Y:      Free:     1062M (26%)        1058M (26%)        4076M (100%)       4076M (100%)       4076M (100%)       1058M (26%)    
[2026-01-06T22:08:48.893+0800][31.475s][info][gc,heap     ] GC(64) Y:      Used:     3034M (74%)        3038M (74%)          20M (0%)           20M (0%)         3038M (74%)          20M (0%)     
[2026-01-06T22:08:48.893+0800][31.475s][info][gc,heap     ] GC(64) Y: Young Generation Statistics:
[2026-01-06T22:08:48.893+0800][31.475s][info][gc,heap     ] GC(64) Y:                Mark Start          Mark End        Relocate Start      Relocate End    
[2026-01-06T22:08:48.893+0800][31.475s][info][gc,heap     ] GC(64) Y:      Used:     3030M (74%)        3034M (74%)          16M (0%)           16M (0%)     
[2026-01-06T22:08:48.893+0800][31.475s][info][gc,heap     ] GC(64) Y:      Live:         -                 0M (0%)            0M (0%)            0M (0%)     
[2026-01-06T22:08:48.893+0800][31.475s][info][gc,heap     ] GC(64) Y:   Garbage:         -              3029M (74%)           1M (0%)            1M (0%)     
[2026-01-06T22:08:48.893+0800][31.475s][info][gc,heap     ] GC(64) Y: Allocated:         -                 4M (0%)           14M (0%)           14M (0%)     
[2026-01-06T22:08:48.893+0800][31.475s][info][gc,heap     ] GC(64) Y: Reclaimed:         -                  -              3028M (74%)        3028M (74%)    
[2026-01-06T22:08:48.893+0800][31.475s][info][gc,heap     ] GC(64) Y:  Promoted:         -                  -                 0M (0%)            0M (0%)     
[2026-01-06T22:08:48.893+0800][31.475s][info][gc,heap     ] GC(64) Y: Compacted:         -                  -                  -                 0M (0%)     
[2026-01-06T22:08:48.893+0800][31.475s][info][gc,phases   ] GC(64) Y: Young Generation 3034M(74%)->20M(0%) 0.004s
[2026-01-06T22:08:48.893+0800][31.475s][info][gc,phases   ] GC(64) O: Old Generation
[2026-01-06T22:08:48.897+0800][31.479s][info][gc,phases   ] GC(64) O: Concurrent Mark 3.870ms
[2026-01-06T22:08:48.897+0800][31.479s][info][gc,phases   ] GC(64) O: Pause Mark End 0.005ms
[2026-01-06T22:08:48.897+0800][31.479s][info][gc,phases   ] GC(64) O: Concurrent Mark Free 0.001ms
[2026-01-06T22:08:48.897+0800][31.479s][info][gc,phases   ] GC(64) O: Concurrent Process Non-Strong 0.139ms
[2026-01-06T22:08:48.897+0800][31.479s][info][gc,phases   ] GC(64) O: Concurrent Reset Relocation Set 0.005ms
[2026-01-06T22:08:48.897+0800][31.479s][info][gc,phases   ] GC(64) O: Concurrent Select Relocation Set 0.031ms
[2026-01-06T22:08:48.897+0800][31.479s][info][gc,task     ] GC(64) O: Using 2 Workers for Old Generation
[2026-01-06T22:08:48.897+0800][31.479s][info][gc,task     ] GC(64) O: Using 1 Workers for Old Generation
[2026-01-06T22:08:48.897+0800][31.479s][info][gc,phases   ] GC(64) O: Concurrent Remap Roots 0.041ms
[2026-01-06T22:08:48.897+0800][31.479s][info][gc,phases   ] GC(64) O: Pause Relocate Start 0.002ms
[2026-01-06T22:08:48.898+0800][31.480s][info][gc,phases   ] GC(64) O: Concurrent Relocate 0.896ms
[2026-01-06T22:08:48.898+0800][31.480s][info][gc,alloc    ] GC(64) O:                         Mark Start        Mark End      Relocate Start    Relocate End   
[2026-01-06T22:08:48.898+0800][31.480s][info][gc,alloc    ] GC(64) O: Allocation Stalls:          0                0                0                0         
[2026-01-06T22:08:48.898+0800][31.480s][info][gc,load     ] GC(64) O: Load: 2.69 (27%) / 2.00 (20%) / 2.06 (21%)
[2026-01-06T22:08:48.898+0800][31.480s][info][gc,mmu      ] GC(64) O: MMU: 2ms/92.0%, 5ms/96.7%, 10ms/98.4%, 20ms/99.2%, 50ms/99.7%, 100ms/99.8%
[2026-01-06T22:08:48.898+0800][31.480s][info][gc,marking  ] GC(64) O: Mark: 1 stripe(s), 2 proactive flush(es), 1 terminate flush(es), 0 completion(s), 0 continuation(s) 
[2026-01-06T22:08:48.898+0800][31.480s][info][gc,nmethod  ] GC(64) O: NMethods: 41 registered, 34 unregistered
[2026-01-06T22:08:48.898+0800][31.480s][info][gc,metaspace] GC(64) O: Metaspace: 0M used, 0M committed, 1088M reserved
[2026-01-06T22:08:48.898+0800][31.480s][info][gc,ref      ] GC(64) O:                       Encountered   Discovered     Enqueued 
[2026-01-06T22:08:48.898+0800][31.480s][info][gc,ref      ] GC(64) O: Soft References:                1            0            0 
[2026-01-06T22:08:48.898+0800][31.480s][info][gc,ref      ] GC(64) O: Weak References:                6            0            0 
[2026-01-06T22:08:48.898+0800][31.480s][info][gc,ref      ] GC(64) O: Final References:               0            0            0 
[2026-01-06T22:08:48.898+0800][31.480s][info][gc,ref      ] GC(64) O: Phantom References:             1            1            0 
[2026-01-06T22:08:48.898+0800][31.480s][info][gc,reloc    ] GC(64) O:                        Candidates     Selected     In-Place         Size        Empty    Relocated 
[2026-01-06T22:08:48.898+0800][31.480s][info][gc,reloc    ] GC(64) O: Small Pages:                    2            1            0           4M           0M           1M 
[2026-01-06T22:08:48.898+0800][31.480s][info][gc,reloc    ] GC(64) O: Medium Pages:                   0            0            0           0M           0M           0M 
[2026-01-06T22:08:48.898+0800][31.480s][info][gc,reloc    ] GC(64) O: Large Pages:                    0            0            0           0M           0M           0M 
[2026-01-06T22:08:48.898+0800][31.480s][info][gc,reloc    ] GC(64) O: Forwarding Usage: 0M
[2026-01-06T22:08:48.898+0800][31.480s][info][gc,heap     ] GC(64) O: Min Capacity: 8M(0%)
[2026-01-06T22:08:48.898+0800][31.480s][info][gc,heap     ] GC(64) O: Max Capacity: 4096M(100%)
[2026-01-06T22:08:48.898+0800][31.480s][info][gc,heap     ] GC(64) O: Soft Max Capacity: 3686M(90%)
[2026-01-06T22:08:48.898+0800][31.480s][info][gc,heap     ] GC(64) O: Heap Statistics:
[2026-01-06T22:08:48.898+0800][31.480s][info][gc,heap     ] GC(64) O:                Mark Start          Mark End        Relocate Start      Relocate End           High               Low         
[2026-01-06T22:08:48.898+0800][31.480s][info][gc,heap     ] GC(64) O:  Capacity:     3498M (85%)        3498M (85%)        3498M (85%)        3498M (85%)        3498M (85%)        3498M (85%)    
[2026-01-06T22:08:48.898+0800][31.480s][info][gc,heap     ] GC(64) O:      Free:     1062M (26%)        4062M (99%)        4060M (99%)        4054M (99%)        4076M (100%)       1058M (26%)    
[2026-01-06T22:08:48.898+0800][31.480s][info][gc,heap     ] GC(64) O:      Used:     3034M (74%)          34M (1%)           36M (1%)           42M (1%)         3038M (74%)          20M (0%)     
[2026-01-06T22:08:48.898+0800][31.480s][info][gc,heap     ] GC(64) O: Old Generation Statistics:
[2026-01-06T22:08:48.898+0800][31.480s][info][gc,heap     ] GC(64) O:                Mark Start          Mark End        Relocate Start      Relocate End    
[2026-01-06T22:08:48.898+0800][31.480s][info][gc,heap     ] GC(64) O:      Used:        4M (0%)            4M (0%)            4M (0%)            4M (0%)     
[2026-01-06T22:08:48.898+0800][31.480s][info][gc,heap     ] GC(64) O:      Live:         -                 1M (0%)            1M (0%)            1M (0%)     
[2026-01-06T22:08:48.898+0800][31.480s][info][gc,heap     ] GC(64) O:   Garbage:         -                 2M (0%)            2M (0%)            0M (0%)     
[2026-01-06T22:08:48.898+0800][31.480s][info][gc,heap     ] GC(64) O: Allocated:         -                 0M (0%)            0M (0%)            2M (0%)     
[2026-01-06T22:08:48.898+0800][31.480s][info][gc,heap     ] GC(64) O: Reclaimed:         -                  -                 0M (0%)            2M (0%)     
[2026-01-06T22:08:48.898+0800][31.480s][info][gc,heap     ] GC(64) O: Compacted:         -                  -                  -                 1M (0%)     
[2026-01-06T22:08:48.898+0800][31.480s][info][gc,phases   ] GC(64) O: Old Generation 20M(0%)->42M(1%) 0.005s
[2026-01-06T22:08:48.898+0800][31.480s][info][gc          ] GC(64) Major Collection (Proactive) 3034M(74%)->42M(1%) 0.010s
[2026-01-06T22:08:49.608+0800][32.189s][info][gc          ] GC(65) Major Collection (Proactive)
[2026-01-06T22:08:49.608+0800][32.189s][info][gc,task     ] GC(65) Using 1 Workers for Young Generation
[2026-01-06T22:08:49.608+0800][32.189s][info][gc,task     ] GC(65) Using 1 Workers for Old Generation
[2026-01-06T22:08:49.608+0800][32.189s][info][gc,phases   ] GC(65) Y: Young Generation
[2026-01-06T22:08:49.608+0800][32.189s][info][gc,phases   ] GC(65) Y: Pause Mark Start (Major) 0.014ms
[2026-01-06T22:08:49.608+0800][32.190s][info][gc,phases   ] GC(65) Y: Concurrent Mark 0.459ms
[2026-01-06T22:08:49.608+0800][32.190s][info][gc,phases   ] GC(65) Y: Pause Mark End 0.003ms
[2026-01-06T22:08:49.608+0800][32.190s][info][gc,phases   ] GC(65) Y: Concurrent Mark Free 0.003ms
[2026-01-06T22:08:49.608+0800][32.190s][info][gc,phases   ] GC(65) Y: Concurrent Reset Relocation Set 0.000ms
[2026-01-06T22:08:49.614+0800][32.196s][info][gc,reloc    ] GC(65) Y: Using tenuring threshold: 1 (Computed)
[2026-01-06T22:08:49.614+0800][32.196s][info][gc,phases   ] GC(65) Y: Concurrent Select Relocation Set 5.769ms
[2026-01-06T22:08:49.614+0800][32.196s][info][gc,phases   ] GC(65) Y: Pause Relocate Start 0.002ms
[2026-01-06T22:08:49.614+0800][32.196s][info][gc,phases   ] GC(65) Y: Concurrent Relocate 0.008ms
[2026-01-06T22:08:49.614+0800][32.196s][info][gc,alloc    ] GC(65) Y:                         Mark Start        Mark End      Relocate Start    Relocate End   
[2026-01-06T22:08:49.614+0800][32.196s][info][gc,alloc    ] GC(65) Y: Allocation Stalls:          0                0                0                0         
[2026-01-06T22:08:49.614+0800][32.196s][info][gc,load     ] GC(65) Y: Load: 2.69 (27%) / 2.00 (20%) / 2.06 (21%)
[2026-01-06T22:08:49.614+0800][32.196s][info][gc,mmu      ] GC(65) Y: MMU: 2ms/92.0%, 5ms/96.7%, 10ms/98.4%, 20ms/99.2%, 50ms/99.7%, 100ms/99.8%
[2026-01-06T22:08:49.614+0800][32.196s][info][gc,marking  ] GC(65) Y: Mark: 1 stripe(s), 2 proactive flush(es), 1 terminate flush(es), 0 completion(s), 0 continuation(s) 
[2026-01-06T22:08:49.614+0800][32.196s][info][gc,nmethod  ] GC(65) Y: NMethods: 41 registered, 34 unregistered
[2026-01-06T22:08:49.614+0800][32.196s][info][gc,metaspace] GC(65) Y: Metaspace: 0M used, 0M committed, 1088M reserved
[2026-01-06T22:08:49.614+0800][32.196s][info][gc,reloc    ] GC(65) Y:                        Candidates     Selected     In-Place         Size        Empty    Relocated 
[2026-01-06T22:08:49.614+0800][32.196s][info][gc,reloc    ] GC(65) Y: Small Pages:                 1650            0            0        3300M        3298M           0M 
[2026-01-06T22:08:49.614+0800][32.196s][info][gc,reloc    ] GC(65) Y: Medium Pages:                   0            0            0           0M           0M           0M 
[2026-01-06T22:08:49.614+0800][32.196s][info][gc,reloc    ] GC(65) Y: Large Pages:                    0            0            0           0M           0M           0M 
[2026-01-06T22:08:49.614+0800][32.196s][info][gc,reloc    ] GC(65) Y: Forwarding Usage: 0M
[2026-01-06T22:08:49.614+0800][32.196s][info][gc,reloc    ] GC(65) Y: Age Table:
[2026-01-06T22:08:49.614+0800][32.196s][info][gc,reloc    ] GC(65) Y:                    Live             Garbage             Small              Medium             Large        
[2026-01-06T22:08:49.614+0800][32.196s][info][gc,reloc    ] GC(65) Y: Eden               0M (0%)         3297M (81%)       1649 / 0              0 / 0              0 / 0        
[2026-01-06T22:08:49.614+0800][32.196s][info][gc,reloc    ] GC(65) Y: Survivor 1          -                 2M (0%)           1 / 0              0 / 0              0 / 0        
[2026-01-06T22:08:49.614+0800][32.196s][info][gc,heap     ] GC(65) Y: Min Capacity: 8M(0%)
[2026-01-06T22:08:49.614+0800][32.196s][info][gc,heap     ] GC(65) Y: Max Capacity: 4096M(100%)
[2026-01-06T22:08:49.614+0800][32.196s][info][gc,heap     ] GC(65) Y: Soft Max Capacity: 3686M(90%)
[2026-01-06T22:08:49.614+0800][32.196s][info][gc,heap     ] GC(65) Y: Heap Statistics:
[2026-01-06T22:08:49.614+0800][32.196s][info][gc,heap     ] GC(65) Y:                Mark Start          Mark End        Relocate Start      Relocate End           High               Low         
[2026-01-06T22:08:49.614+0800][32.196s][info][gc,heap     ] GC(65) Y:  Capacity:     3498M (85%)        3498M (85%)        3498M (85%)        3498M (85%)        3498M (85%)        3498M (85%)    
[2026-01-06T22:08:49.614+0800][32.196s][info][gc,heap     ] GC(65) Y:      Free:      792M (19%)         788M (19%)        4076M (100%)       4076M (100%)       4076M (100%)        788M (19%)    
[2026-01-06T22:08:49.614+0800][32.196s][info][gc,heap     ] GC(65) Y:      Used:     3304M (81%)        3308M (81%)          20M (0%)           20M (0%)         3308M (81%)          20M (0%)     
[2026-01-06T22:08:49.614+0800][32.196s][info][gc,heap     ] GC(65) Y: Young Generation Statistics:
[2026-01-06T22:08:49.614+0800][32.196s][info][gc,heap     ] GC(65) Y:                Mark Start          Mark End        Relocate Start      Relocate End    
[2026-01-06T22:08:49.614+0800][32.196s][info][gc,heap     ] GC(65) Y:      Used:     3300M (81%)        3304M (81%)          16M (0%)           16M (0%)     
[2026-01-06T22:08:49.614+0800][32.196s][info][gc,heap     ] GC(65) Y:      Live:         -                 0M (0%)            0M (0%)            0M (0%)     
[2026-01-06T22:08:49.614+0800][32.196s][info][gc,heap     ] GC(65) Y:   Garbage:         -              3299M (81%)           1M (0%)            1M (0%)     
[2026-01-06T22:08:49.614+0800][32.196s][info][gc,heap     ] GC(65) Y: Allocated:         -                 4M (0%)           14M (0%)           14M (0%)     
[2026-01-06T22:08:49.614+0800][32.196s][info][gc,heap     ] GC(65) Y: Reclaimed:         -                  -              3298M (81%)        3298M (81%)    
[2026-01-06T22:08:49.614+0800][32.196s][info][gc,heap     ] GC(65) Y:  Promoted:         -                  -                 0M (0%)            0M (0%)     
[2026-01-06T22:08:49.614+0800][32.196s][info][gc,heap     ] GC(65) Y: Compacted:         -                  -                  -                 0M (0%)     
[2026-01-06T22:08:49.614+0800][32.196s][info][gc,phases   ] GC(65) Y: Young Generation 3304M(81%)->20M(0%) 0.006s
[2026-01-06T22:08:49.614+0800][32.196s][info][gc,phases   ] GC(65) O: Old Generation
[2026-01-06T22:08:49.618+0800][32.199s][info][gc,phases   ] GC(65) O: Concurrent Mark 3.536ms
[2026-01-06T22:08:49.618+0800][32.199s][info][gc,phases   ] GC(65) O: Pause Mark End 0.004ms
[2026-01-06T22:08:49.618+0800][32.199s][info][gc,phases   ] GC(65) O: Concurrent Mark Free 0.001ms
[2026-01-06T22:08:49.618+0800][32.199s][info][gc,phases   ] GC(65) O: Concurrent Process Non-Strong 0.145ms
[2026-01-06T22:08:49.618+0800][32.200s][info][gc,phases   ] GC(65) O: Concurrent Reset Relocation Set 0.006ms
[2026-01-06T22:08:49.618+0800][32.200s][info][gc,phases   ] GC(65) O: Concurrent Select Relocation Set 0.032ms
[2026-01-06T22:08:49.618+0800][32.200s][info][gc,task     ] GC(65) O: Using 2 Workers for Old Generation
[2026-01-06T22:08:49.618+0800][32.200s][info][gc,task     ] GC(65) O: Using 1 Workers for Old Generation
[2026-01-06T22:08:49.618+0800][32.200s][info][gc,phases   ] GC(65) O: Concurrent Remap Roots 0.041ms
[2026-01-06T22:08:49.618+0800][32.200s][info][gc,phases   ] GC(65) O: Pause Relocate Start 0.001ms
[2026-01-06T22:08:49.619+0800][32.201s][info][gc,phases   ] GC(65) O: Concurrent Relocate 0.896ms
[2026-01-06T22:08:49.619+0800][32.201s][info][gc,alloc    ] GC(65) O:                         Mark Start        Mark End      Relocate Start    Relocate End   
[2026-01-06T22:08:49.619+0800][32.201s][info][gc,alloc    ] GC(65) O: Allocation Stalls:          0                0                0                0         
[2026-01-06T22:08:49.619+0800][32.201s][info][gc,load     ] GC(65) O: Load: 2.69 (27%) / 2.00 (20%) / 2.06 (21%)
[2026-01-06T22:08:49.619+0800][32.201s][info][gc,mmu      ] GC(65) O: MMU: 2ms/92.0%, 5ms/96.7%, 10ms/98.4%, 20ms/99.2%, 50ms/99.7%, 100ms/99.8%
[2026-01-06T22:08:49.619+0800][32.201s][info][gc,marking  ] GC(65) O: Mark: 1 stripe(s), 2 proactive flush(es), 1 terminate flush(es), 0 completion(s), 0 continuation(s) 
[2026-01-06T22:08:49.619+0800][32.201s][info][gc,nmethod  ] GC(65) O: NMethods: 41 registered, 34 unregistered
[2026-01-06T22:08:49.619+0800][32.201s][info][gc,metaspace] GC(65) O: Metaspace: 0M used, 0M committed, 1088M reserved
[2026-01-06T22:08:49.619+0800][32.201s][info][gc,ref      ] GC(65) O:                       Encountered   Discovered     Enqueued 
[2026-01-06T22:08:49.619+0800][32.201s][info][gc,ref      ] GC(65) O: Soft References:                1            0            0 
[2026-01-06T22:08:49.619+0800][32.201s][info][gc,ref      ] GC(65) O: Weak References:                6            0            0 
[2026-01-06T22:08:49.619+0800][32.201s][info][gc,ref      ] GC(65) O: Final References:               0            0            0 
[2026-01-06T22:08:49.619+0800][32.201s][info][gc,ref      ] GC(65) O: Phantom References:             1            1            0 
[2026-01-06T22:08:49.619+0800][32.201s][info][gc,reloc    ] GC(65) O:                        Candidates     Selected     In-Place         Size        Empty    Relocated 
[2026-01-06T22:08:49.619+0800][32.201s][info][gc,reloc    ] GC(65) O: Small Pages:                    2            1            0           4M           0M           1M 
[2026-01-06T22:08:49.619+0800][32.201s][info][gc,reloc    ] GC(65) O: Medium Pages:                   0            0            0           0M           0M           0M 
[2026-01-06T22:08:49.619+0800][32.201s][info][gc,reloc    ] GC(65) O: Large Pages:                    0            0            0           0M           0M           0M 
[2026-01-06T22:08:49.619+0800][32.201s][info][gc,reloc    ] GC(65) O: Forwarding Usage: 0M
[2026-01-06T22:08:49.619+0800][32.201s][info][gc,heap     ] GC(65) O: Min Capacity: 8M(0%)
[2026-01-06T22:08:49.619+0800][32.201s][info][gc,heap     ] GC(65) O: Max Capacity: 4096M(100%)
[2026-01-06T22:08:49.619+0800][32.201s][info][gc,heap     ] GC(65) O: Soft Max Capacity: 3686M(90%)
[2026-01-06T22:08:49.619+0800][32.201s][info][gc,heap     ] GC(65) O: Heap Statistics:
[2026-01-06T22:08:49.619+0800][32.201s][info][gc,heap     ] GC(65) O:                Mark Start          Mark End        Relocate Start      Relocate End           High               Low         
[2026-01-06T22:08:49.619+0800][32.201s][info][gc,heap     ] GC(65) O:  Capacity:     3498M (85%)        3498M (85%)        3498M (85%)        3498M (85%)        3498M (85%)        3498M (85%)    
[2026-01-06T22:08:49.619+0800][32.201s][info][gc,heap     ] GC(65) O:      Free:      792M (19%)        4064M (99%)        4062M (99%)        4056M (99%)        4076M (100%)        788M (19%)    
[2026-01-06T22:08:49.619+0800][32.201s][info][gc,heap     ] GC(65) O:      Used:     3304M (81%)          32M (1%)           34M (1%)           40M (1%)         3308M (81%)          20M (0%)     
[2026-01-06T22:08:49.619+0800][32.201s][info][gc,heap     ] GC(65) O: Old Generation Statistics:
[2026-01-06T22:08:49.619+0800][32.201s][info][gc,heap     ] GC(65) O:                Mark Start          Mark End        Relocate Start      Relocate End    
[2026-01-06T22:08:49.619+0800][32.201s][info][gc,heap     ] GC(65) O:      Used:        4M (0%)            4M (0%)            4M (0%)            4M (0%)     
[2026-01-06T22:08:49.619+0800][32.201s][info][gc,heap     ] GC(65) O:      Live:         -                 1M (0%)            1M (0%)            1M (0%)     
[2026-01-06T22:08:49.619+0800][32.201s][info][gc,heap     ] GC(65) O:   Garbage:         -                 2M (0%)            2M (0%)            0M (0%)     
[2026-01-06T22:08:49.619+0800][32.201s][info][gc,heap     ] GC(65) O: Allocated:         -                 0M (0%)            0M (0%)            2M (0%)     
[2026-01-06T22:08:49.619+0800][32.201s][info][gc,heap     ] GC(65) O: Reclaimed:         -                  -                 0M (0%)            2M (0%)     
[2026-01-06T22:08:49.619+0800][32.201s][info][gc,heap     ] GC(65) O: Compacted:         -                  -                  -                 1M (0%)     
[2026-01-06T22:08:49.619+0800][32.201s][info][gc,phases   ] GC(65) O: Old Generation 20M(0%)->40M(1%) 0.005s
[2026-01-06T22:08:49.619+0800][32.201s][info][gc          ] GC(65) Major Collection (Proactive) 3304M(81%)->40M(1%) 0.012s
[2026-01-06T22:08:50.379+0800][32.961s][info][gc          ] GC(66) Major Collection (Proactive)
[2026-01-06T22:08:50.380+0800][32.962s][info][gc,task     ] GC(66) Using 1 Workers for Young Generation
[2026-01-06T22:08:50.380+0800][32.962s][info][gc,task     ] GC(66) Using 1 Workers for Old Generation
[2026-01-06T22:08:50.380+0800][32.962s][info][gc,phases   ] GC(66) Y: Young Generation
[2026-01-06T22:08:50.380+0800][32.962s][info][gc,phases   ] GC(66) Y: Pause Mark Start (Major) 0.020ms
[2026-01-06T22:08:50.381+0800][32.963s][info][gc,phases   ] GC(66) Y: Concurrent Mark 0.489ms
[2026-01-06T22:08:50.381+0800][32.963s][info][gc,phases   ] GC(66) Y: Pause Mark End 0.004ms
[2026-01-06T22:08:50.381+0800][32.963s][info][gc,phases   ] GC(66) Y: Concurrent Mark Free 0.002ms
[2026-01-06T22:08:50.381+0800][32.963s][info][gc,phases   ] GC(66) Y: Concurrent Reset Relocation Set 0.000ms
[2026-01-06T22:08:50.382+0800][32.964s][info][gc,reloc    ] GC(66) Y: Using tenuring threshold: 1 (Computed)
[2026-01-06T22:08:50.382+0800][32.964s][info][gc,phases   ] GC(66) Y: Concurrent Select Relocation Set 1.356ms
[2026-01-06T22:08:50.382+0800][32.964s][info][gc,phases   ] GC(66) Y: Pause Relocate Start 0.002ms
[2026-01-06T22:08:50.382+0800][32.964s][info][gc,phases   ] GC(66) Y: Concurrent Relocate 0.013ms
[2026-01-06T22:08:50.382+0800][32.964s][info][gc,alloc    ] GC(66) Y:                         Mark Start        Mark End      Relocate Start    Relocate End   
[2026-01-06T22:08:50.382+0800][32.964s][info][gc,alloc    ] GC(66) Y: Allocation Stalls:          0                0                0                0         
[2026-01-06T22:08:50.382+0800][32.964s][info][gc,load     ] GC(66) Y: Load: 2.69 (27%) / 2.00 (20%) / 2.06 (21%)
[2026-01-06T22:08:50.382+0800][32.964s][info][gc,mmu      ] GC(66) Y: MMU: 2ms/92.0%, 5ms/96.7%, 10ms/98.4%, 20ms/99.2%, 50ms/99.7%, 100ms/99.8%
[2026-01-06T22:08:50.382+0800][32.964s][info][gc,marking  ] GC(66) Y: Mark: 1 stripe(s), 2 proactive flush(es), 1 terminate flush(es), 0 completion(s), 0 continuation(s) 
[2026-01-06T22:08:50.382+0800][32.964s][info][gc,nmethod  ] GC(66) Y: NMethods: 41 registered, 34 unregistered
[2026-01-06T22:08:50.382+0800][32.964s][info][gc,metaspace] GC(66) Y: Metaspace: 0M used, 0M committed, 1088M reserved
[2026-01-06T22:08:50.382+0800][32.964s][info][gc,reloc    ] GC(66) Y:                        Candidates     Selected     In-Place         Size        Empty    Relocated 
[2026-01-06T22:08:50.382+0800][32.964s][info][gc,reloc    ] GC(66) Y: Small Pages:                 1229            0            0        2458M        2456M           0M 
[2026-01-06T22:08:50.382+0800][32.964s][info][gc,reloc    ] GC(66) Y: Medium Pages:                   0            0            0           0M           0M           0M 
[2026-01-06T22:08:50.382+0800][32.964s][info][gc,reloc    ] GC(66) Y: Large Pages:                    0            0            0           0M           0M           0M 
[2026-01-06T22:08:50.382+0800][32.964s][info][gc,reloc    ] GC(66) Y: Forwarding Usage: 0M
[2026-01-06T22:08:50.382+0800][32.964s][info][gc,reloc    ] GC(66) Y: Age Table:
[2026-01-06T22:08:50.382+0800][32.964s][info][gc,reloc    ] GC(66) Y:                    Live             Garbage             Small              Medium             Large        
[2026-01-06T22:08:50.382+0800][32.964s][info][gc,reloc    ] GC(66) Y: Eden               0M (0%)         2455M (60%)       1228 / 0              0 / 0              0 / 0        
[2026-01-06T22:08:50.382+0800][32.964s][info][gc,reloc    ] GC(66) Y: Survivor 1          -                 2M (0%)           1 / 0              0 / 0              0 / 0        
[2026-01-06T22:08:50.382+0800][32.964s][info][gc,heap     ] GC(66) Y: Min Capacity: 8M(0%)
[2026-01-06T22:08:50.382+0800][32.964s][info][gc,heap     ] GC(66) Y: Max Capacity: 4096M(100%)
[2026-01-06T22:08:50.382+0800][32.964s][info][gc,heap     ] GC(66) Y: Soft Max Capacity: 3686M(90%)
[2026-01-06T22:08:50.382+0800][32.964s][info][gc,heap     ] GC(66) Y: Heap Statistics:
[2026-01-06T22:08:50.382+0800][32.964s][info][gc,heap     ] GC(66) Y:                Mark Start          Mark End        Relocate Start      Relocate End           High               Low         
[2026-01-06T22:08:50.382+0800][32.964s][info][gc,heap     ] GC(66) Y:  Capacity:     3498M (85%)        3498M (85%)        3498M (85%)        3498M (85%)        3498M (85%)        3498M (85%)    
[2026-01-06T22:08:50.382+0800][32.964s][info][gc,heap     ] GC(66) Y:      Free:     1634M (40%)        1632M (40%)        4082M (100%)       4082M (100%)       4082M (100%)       1630M (40%)    
[2026-01-06T22:08:50.382+0800][32.964s][info][gc,heap     ] GC(66) Y:      Used:     2462M (60%)        2464M (60%)          14M (0%)           14M (0%)         2466M (60%)          14M (0%)     
[2026-01-06T22:08:50.382+0800][32.964s][info][gc,heap     ] GC(66) Y: Young Generation Statistics:
[2026-01-06T22:08:50.382+0800][32.964s][info][gc,heap     ] GC(66) Y:                Mark Start          Mark End        Relocate Start      Relocate End    
[2026-01-06T22:08:50.383+0800][32.964s][info][gc,heap     ] GC(66) Y:      Used:     2458M (60%)        2460M (60%)          10M (0%)           10M (0%)     
[2026-01-06T22:08:50.383+0800][32.964s][info][gc,heap     ] GC(66) Y:      Live:         -                 0M (0%)            0M (0%)            0M (0%)     
[2026-01-06T22:08:50.383+0800][32.964s][info][gc,heap     ] GC(66) Y:   Garbage:         -              2457M (60%)           1M (0%)            1M (0%)     
[2026-01-06T22:08:50.383+0800][32.964s][info][gc,heap     ] GC(66) Y: Allocated:         -                 2M (0%)            8M (0%)            8M (0%)     
[2026-01-06T22:08:50.383+0800][32.964s][info][gc,heap     ] GC(66) Y: Reclaimed:         -                  -              2456M (60%)        2456M (60%)    
[2026-01-06T22:08:50.383+0800][32.964s][info][gc,heap     ] GC(66) Y:  Promoted:         -                  -                 0M (0%)            0M (0%)     
[2026-01-06T22:08:50.383+0800][32.964s][info][gc,heap     ] GC(66) Y: Compacted:         -                  -                  -                 0M (0%)     
[2026-01-06T22:08:50.383+0800][32.964s][info][gc,phases   ] GC(66) Y: Young Generation 2462M(60%)->14M(0%) 0.002s
[2026-01-06T22:08:50.383+0800][32.964s][info][gc,phases   ] GC(66) O: Old Generation
[2026-01-06T22:08:50.385+0800][32.966s][info][gc,phases   ] GC(66) O: Concurrent Mark 2.168ms
[2026-01-06T22:08:50.385+0800][32.966s][info][gc,phases   ] GC(66) O: Pause Mark End 0.004ms
[2026-01-06T22:08:50.385+0800][32.966s][info][gc,phases   ] GC(66) O: Concurrent Mark Free 0.000ms
[2026-01-06T22:08:50.385+0800][32.966s][info][gc,phases   ] GC(66) O: Concurrent Process Non-Strong 0.136ms
[2026-01-06T22:08:50.385+0800][32.966s][info][gc,phases   ] GC(66) O: Concurrent Reset Relocation Set 0.001ms
[2026-01-06T22:08:50.385+0800][32.967s][info][gc,phases   ] GC(66) O: Concurrent Select Relocation Set 0.026ms
[2026-01-06T22:08:50.385+0800][32.967s][info][gc,task     ] GC(66) O: Using 2 Workers for Old Generation
[2026-01-06T22:08:50.385+0800][32.967s][info][gc,task     ] GC(66) O: Using 1 Workers for Old Generation
[2026-01-06T22:08:50.385+0800][32.967s][info][gc,phases   ] GC(66) O: Concurrent Remap Roots 0.045ms
[2026-01-06T22:08:50.385+0800][32.967s][info][gc,phases   ] GC(66) O: Pause Relocate Start 0.002ms
[2026-01-06T22:08:50.386+0800][32.968s][info][gc,phases   ] GC(66) O: Concurrent Relocate 0.903ms
[2026-01-06T22:08:50.386+0800][32.968s][info][gc,alloc    ] GC(66) O:                         Mark Start        Mark End      Relocate Start    Relocate End   
[2026-01-06T22:08:50.386+0800][32.968s][info][gc,alloc    ] GC(66) O: Allocation Stalls:          0                0                0                0         
[2026-01-06T22:08:50.386+0800][32.968s][info][gc,load     ] GC(66) O: Load: 2.69 (27%) / 2.00 (20%) / 2.06 (21%)
[2026-01-06T22:08:50.386+0800][32.968s][info][gc,mmu      ] GC(66) O: MMU: 2ms/92.0%, 5ms/96.7%, 10ms/98.4%, 20ms/99.2%, 50ms/99.7%, 100ms/99.8%
[2026-01-06T22:08:50.386+0800][32.968s][info][gc,marking  ] GC(66) O: Mark: 1 stripe(s), 2 proactive flush(es), 1 terminate flush(es), 0 completion(s), 0 continuation(s) 
[2026-01-06T22:08:50.386+0800][32.968s][info][gc,nmethod  ] GC(66) O: NMethods: 41 registered, 34 unregistered
[2026-01-06T22:08:50.386+0800][32.968s][info][gc,metaspace] GC(66) O: Metaspace: 0M used, 0M committed, 1088M reserved
[2026-01-06T22:08:50.386+0800][32.968s][info][gc,ref      ] GC(66) O:                       Encountered   Discovered     Enqueued 
[2026-01-06T22:08:50.386+0800][32.968s][info][gc,ref      ] GC(66) O: Soft References:                1            0            0 
[2026-01-06T22:08:50.386+0800][32.968s][info][gc,ref      ] GC(66) O: Weak References:                6            0            0 
[2026-01-06T22:08:50.386+0800][32.968s][info][gc,ref      ] GC(66) O: Final References:               0            0            0 
[2026-01-06T22:08:50.386+0800][32.968s][info][gc,ref      ] GC(66) O: Phantom References:             1            1            0 
[2026-01-06T22:08:50.386+0800][32.968s][info][gc,reloc    ] GC(66) O:                        Candidates     Selected     In-Place         Size        Empty    Relocated 
[2026-01-06T22:08:50.386+0800][32.968s][info][gc,reloc    ] GC(66) O: Small Pages:                    2            1            0           4M           0M           1M 
[2026-01-06T22:08:50.386+0800][32.968s][info][gc,reloc    ] GC(66) O: Medium Pages:                   0            0            0           0M           0M           0M 
[2026-01-06T22:08:50.386+0800][32.968s][info][gc,reloc    ] GC(66) O: Large Pages:                    0            0            0           0M           0M           0M 
[2026-01-06T22:08:50.386+0800][32.968s][info][gc,reloc    ] GC(66) O: Forwarding Usage: 0M
[2026-01-06T22:08:50.386+0800][32.968s][info][gc,heap     ] GC(66) O: Min Capacity: 8M(0%)
[2026-01-06T22:08:50.386+0800][32.968s][info][gc,heap     ] GC(66) O: Max Capacity: 4096M(100%)
[2026-01-06T22:08:50.386+0800][32.968s][info][gc,heap     ] GC(66) O: Soft Max Capacity: 3686M(90%)
[2026-01-06T22:08:50.386+0800][32.968s][info][gc,heap     ] GC(66) O: Heap Statistics:
[2026-01-06T22:08:50.386+0800][32.968s][info][gc,heap     ] GC(66) O:                Mark Start          Mark End        Relocate Start      Relocate End           High               Low         
[2026-01-06T22:08:50.386+0800][32.968s][info][gc,heap     ] GC(66) O:  Capacity:     3498M (85%)        3498M (85%)        3498M (85%)        3498M (85%)        3498M (85%)        3498M (85%)    
[2026-01-06T22:08:50.386+0800][32.968s][info][gc,heap     ] GC(66) O:      Free:     1634M (40%)        4068M (99%)        4066M (99%)        4060M (99%)        4082M (100%)       1630M (40%)    
[2026-01-06T22:08:50.386+0800][32.968s][info][gc,heap     ] GC(66) O:      Used:     2462M (60%)          28M (1%)           30M (1%)           36M (1%)         2466M (60%)          14M (0%)     
[2026-01-06T22:08:50.386+0800][32.968s][info][gc,heap     ] GC(66) O: Old Generation Statistics:
[2026-01-06T22:08:50.386+0800][32.968s][info][gc,heap     ] GC(66) O:                Mark Start          Mark End        Relocate Start      Relocate End    
[2026-01-06T22:08:50.386+0800][32.968s][info][gc,heap     ] GC(66) O:      Used:        4M (0%)            4M (0%)            4M (0%)            4M (0%)     
[2026-01-06T22:08:50.386+0800][32.968s][info][gc,heap     ] GC(66) O:      Live:         -                 1M (0%)            1M (0%)            1M (0%)     
[2026-01-06T22:08:50.386+0800][32.968s][info][gc,heap     ] GC(66) O:   Garbage:         -                 2M (0%)            2M (0%)            0M (0%)     
[2026-01-06T22:08:50.386+0800][32.968s][info][gc,heap     ] GC(66) O: Allocated:         -                 0M (0%)            0M (0%)            2M (0%)     
[2026-01-06T22:08:50.386+0800][32.968s][info][gc,heap     ] GC(66) O: Reclaimed:         -                  -                 0M (0%)            2M (0%)     
[2026-01-06T22:08:50.386+0800][32.968s][info][gc,heap     ] GC(66) O: Compacted:         -                  -                  -                 1M (0%)     
[2026-01-06T22:08:50.386+0800][32.968s][info][gc,phases   ] GC(66) O: Old Generation 14M(0%)->36M(1%) 0.003s
[2026-01-06T22:08:50.386+0800][32.968s][info][gc          ] GC(66) Major Collection (Proactive) 2462M(60%)->36M(1%) 0.008s
[2026-01-06T22:08:50.806+0800][33.388s][info][gc          ] GC(67) Minor Collection (High Usage)
[2026-01-06T22:08:50.807+0800][33.388s][info][gc,task     ] GC(67) Using 1 Workers for Young Generation
[2026-01-06T22:08:50.807+0800][33.388s][info][gc,phases   ] GC(67) y: Young Generation
[2026-01-06T22:08:50.807+0800][33.388s][info][gc,phases   ] GC(67) y: Pause Mark Start 0.003ms
[2026-01-06T22:08:50.807+0800][33.388s][info][gc,phases   ] GC(67) y: Concurrent Mark 0.255ms
[2026-01-06T22:08:50.807+0800][33.388s][info][gc,phases   ] GC(67) y: Pause Mark End 0.003ms
[2026-01-06T22:08:50.807+0800][33.388s][info][gc,phases   ] GC(67) y: Concurrent Mark Free 0.000ms
[2026-01-06T22:08:50.807+0800][33.388s][info][gc,phases   ] GC(67) y: Concurrent Reset Relocation Set 0.000ms
[2026-01-06T22:08:50.807+0800][33.389s][info][gc,reloc    ] GC(67) y: Using tenuring threshold: 1 (Computed)
[2026-01-06T22:08:50.807+0800][33.389s][info][gc,phases   ] GC(67) y: Concurrent Select Relocation Set 0.593ms
[2026-01-06T22:08:50.807+0800][33.389s][info][gc,phases   ] GC(67) y: Pause Relocate Start 0.001ms
[2026-01-06T22:08:50.808+0800][33.389s][info][gc,phases   ] GC(67) y: Concurrent Relocate 0.008ms
[2026-01-06T22:08:50.808+0800][33.389s][info][gc,alloc    ] GC(67) y:                         Mark Start        Mark End      Relocate Start    Relocate End   
[2026-01-06T22:08:50.808+0800][33.389s][info][gc,alloc    ] GC(67) y: Allocation Stalls:          0                0                0                0         
[2026-01-06T22:08:50.808+0800][33.389s][info][gc,load     ] GC(67) y: Load: 2.69 (27%) / 2.00 (20%) / 2.06 (21%)
[2026-01-06T22:08:50.808+0800][33.389s][info][gc,mmu      ] GC(67) y: MMU: 2ms/92.0%, 5ms/96.7%, 10ms/98.4%, 20ms/99.2%, 50ms/99.7%, 100ms/99.8%
[2026-01-06T22:08:50.808+0800][33.389s][info][gc,marking  ] GC(67) y: Mark: 1 stripe(s), 2 proactive flush(es), 1 terminate flush(es), 0 completion(s), 0 continuation(s) 
[2026-01-06T22:08:50.808+0800][33.389s][info][gc,nmethod  ] GC(67) y: NMethods: 41 registered, 34 unregistered
[2026-01-06T22:08:50.808+0800][33.389s][info][gc,metaspace] GC(67) y: Metaspace: 0M used, 0M committed, 1088M reserved
[2026-01-06T22:08:50.808+0800][33.389s][info][gc,reloc    ] GC(67) y:                        Candidates     Selected     In-Place         Size        Empty    Relocated 
[2026-01-06T22:08:50.808+0800][33.389s][info][gc,reloc    ] GC(67) y: Small Pages:                 1741            0            0        3482M        3480M           0M 
[2026-01-06T22:08:50.808+0800][33.389s][info][gc,reloc    ] GC(67) y: Medium Pages:                   0            0            0           0M           0M           0M 
[2026-01-06T22:08:50.808+0800][33.389s][info][gc,reloc    ] GC(67) y: Large Pages:                    0            0            0           0M           0M           0M 
[2026-01-06T22:08:50.808+0800][33.389s][info][gc,reloc    ] GC(67) y: Forwarding Usage: 0M
[2026-01-06T22:08:50.808+0800][33.389s][info][gc,reloc    ] GC(67) y: Age Table:
[2026-01-06T22:08:50.808+0800][33.389s][info][gc,reloc    ] GC(67) y:                    Live             Garbage             Small              Medium             Large        
[2026-01-06T22:08:50.808+0800][33.389s][info][gc,reloc    ] GC(67) y: Eden               0M (0%)         3479M (85%)       1740 / 0              0 / 0              0 / 0        
[2026-01-06T22:08:50.808+0800][33.389s][info][gc,reloc    ] GC(67) y: Survivor 1          -                 2M (0%)           1 / 0              0 / 0              0 / 0        
[2026-01-06T22:08:50.808+0800][33.389s][info][gc,heap     ] GC(67) y: Min Capacity: 8M(0%)
[2026-01-06T22:08:50.808+0800][33.389s][info][gc,heap     ] GC(67) y: Max Capacity: 4096M(100%)
[2026-01-06T22:08:50.808+0800][33.389s][info][gc,heap     ] GC(67) y: Soft Max Capacity: 3686M(90%)
[2026-01-06T22:08:50.808+0800][33.389s][info][gc,heap     ] GC(67) y: Heap Statistics:
[2026-01-06T22:08:50.808+0800][33.389s][info][gc,heap     ] GC(67) y:                Mark Start          Mark End        Relocate Start      Relocate End           High               Low         
[2026-01-06T22:08:50.808+0800][33.389s][info][gc,heap     ] GC(67) y:  Capacity:     3498M (85%)        3498M (85%)        3498M (85%)        3498M (85%)        3498M (85%)        3498M (85%)    
[2026-01-06T22:08:50.808+0800][33.389s][info][gc,heap     ] GC(67) y:      Free:      610M (15%)         608M (15%)        4078M (100%)       4078M (100%)       4078M (100%)        608M (15%)    
[2026-01-06T22:08:50.808+0800][33.389s][info][gc,heap     ] GC(67) y:      Used:     3486M (85%)        3488M (85%)          18M (0%)           18M (0%)         3488M (85%)          18M (0%)     
[2026-01-06T22:08:50.808+0800][33.389s][info][gc,heap     ] GC(67) y: Young Generation Statistics:
[2026-01-06T22:08:50.808+0800][33.389s][info][gc,heap     ] GC(67) y:                Mark Start          Mark End        Relocate Start      Relocate End    
[2026-01-06T22:08:50.808+0800][33.389s][info][gc,heap     ] GC(67) y:      Used:     3482M (85%)        3484M (85%)          14M (0%)           14M (0%)     
[2026-01-06T22:08:50.808+0800][33.389s][info][gc,heap     ] GC(67) y:      Live:         -                 0M (0%)            0M (0%)            0M (0%)     
[2026-01-06T22:08:50.808+0800][33.389s][info][gc,heap     ] GC(67) y:   Garbage:         -              3481M (85%)           1M (0%)            1M (0%)     
[2026-01-06T22:08:50.808+0800][33.389s][info][gc,heap     ] GC(67) y: Allocated:         -                 2M (0%)           12M (0%)           12M (0%)     
[2026-01-06T22:08:50.808+0800][33.389s][info][gc,heap     ] GC(67) y: Reclaimed:         -                  -              3480M (85%)        3480M (85%)    
[2026-01-06T22:08:50.808+0800][33.389s][info][gc,heap     ] GC(67) y:  Promoted:         -                  -                 0M (0%)            0M (0%)     
[2026-01-06T22:08:50.808+0800][33.389s][info][gc,heap     ] GC(67) y: Compacted:         -                  -                  -                 0M (0%)     
[2026-01-06T22:08:50.808+0800][33.389s][info][gc,phases   ] GC(67) y: Young Generation 3486M(85%)->18M(0%) 0.001s
[2026-01-06T22:08:50.808+0800][33.389s][info][gc          ] GC(67) Minor Collection (High Usage) 3486M(85%)->20M(0%) 0.001s
[2026-01-06T22:08:51.019+0800][33.600s][info][gc          ] GC(68) Major Collection (Proactive)
[2026-01-06T22:08:51.019+0800][33.600s][info][gc,task     ] GC(68) Using 1 Workers for Young Generation
[2026-01-06T22:08:51.019+0800][33.600s][info][gc,task     ] GC(68) Using 1 Workers for Old Generation
[2026-01-06T22:08:51.019+0800][33.600s][info][gc,phases   ] GC(68) Y: Young Generation
[2026-01-06T22:08:51.019+0800][33.601s][info][gc,phases   ] GC(68) Y: Pause Mark Start (Major) 0.011ms
[2026-01-06T22:08:51.019+0800][33.601s][info][gc,phases   ] GC(68) Y: Concurrent Mark 0.224ms
[2026-01-06T22:08:51.019+0800][33.601s][info][gc,phases   ] GC(68) Y: Pause Mark End 0.003ms
[2026-01-06T22:08:51.019+0800][33.601s][info][gc,phases   ] GC(68) Y: Concurrent Mark Free 0.002ms
[2026-01-06T22:08:51.019+0800][33.601s][info][gc,phases   ] GC(68) Y: Concurrent Reset Relocation Set 0.000ms
[2026-01-06T22:08:51.020+0800][33.601s][info][gc,reloc    ] GC(68) Y: Using tenuring threshold: 1 (Computed)
[2026-01-06T22:08:51.020+0800][33.601s][info][gc,phases   ] GC(68) Y: Concurrent Select Relocation Set 0.526ms
[2026-01-06T22:08:51.020+0800][33.601s][info][gc,phases   ] GC(68) Y: Pause Relocate Start 0.001ms
[2026-01-06T22:08:51.020+0800][33.601s][info][gc,phases   ] GC(68) Y: Concurrent Relocate 0.010ms
[2026-01-06T22:08:51.020+0800][33.601s][info][gc,alloc    ] GC(68) Y:                         Mark Start        Mark End      Relocate Start    Relocate End   
[2026-01-06T22:08:51.020+0800][33.601s][info][gc,alloc    ] GC(68) Y: Allocation Stalls:          0                0                0                0         
[2026-01-06T22:08:51.020+0800][33.601s][info][gc,load     ] GC(68) Y: Load: 2.69 (27%) / 2.00 (20%) / 2.06 (21%)
[2026-01-06T22:08:51.020+0800][33.601s][info][gc,mmu      ] GC(68) Y: MMU: 2ms/92.0%, 5ms/96.7%, 10ms/98.4%, 20ms/99.2%, 50ms/99.7%, 100ms/99.8%
[2026-01-06T22:08:51.020+0800][33.601s][info][gc,marking  ] GC(68) Y: Mark: 1 stripe(s), 2 proactive flush(es), 1 terminate flush(es), 0 completion(s), 0 continuation(s) 
[2026-01-06T22:08:51.020+0800][33.601s][info][gc,nmethod  ] GC(68) Y: NMethods: 41 registered, 34 unregistered
[2026-01-06T22:08:51.020+0800][33.601s][info][gc,metaspace] GC(68) Y: Metaspace: 0M used, 0M committed, 1088M reserved
[2026-01-06T22:08:51.020+0800][33.601s][info][gc,reloc    ] GC(68) Y:                        Candidates     Selected     In-Place         Size        Empty    Relocated 
[2026-01-06T22:08:51.020+0800][33.601s][info][gc,reloc    ] GC(68) Y: Small Pages:                  541            0            0        1082M        1080M           0M 
[2026-01-06T22:08:51.020+0800][33.601s][info][gc,reloc    ] GC(68) Y: Medium Pages:                   0            0            0           0M           0M           0M 
[2026-01-06T22:08:51.020+0800][33.601s][info][gc,reloc    ] GC(68) Y: Large Pages:                    0            0            0           0M           0M           0M 
[2026-01-06T22:08:51.020+0800][33.601s][info][gc,reloc    ] GC(68) Y: Forwarding Usage: 0M
[2026-01-06T22:08:51.020+0800][33.601s][info][gc,reloc    ] GC(68) Y: Age Table:
[2026-01-06T22:08:51.020+0800][33.601s][info][gc,reloc    ] GC(68) Y:                    Live             Garbage             Small              Medium             Large        
[2026-01-06T22:08:51.020+0800][33.601s][info][gc,reloc    ] GC(68) Y: Eden               0M (0%)         1079M (26%)        540 / 0              0 / 0              0 / 0        
[2026-01-06T22:08:51.020+0800][33.601s][info][gc,reloc    ] GC(68) Y: Survivor 1          -                 2M (0%)           1 / 0              0 / 0              0 / 0        
[2026-01-06T22:08:51.020+0800][33.601s][info][gc,heap     ] GC(68) Y: Min Capacity: 8M(0%)
[2026-01-06T22:08:51.020+0800][33.601s][info][gc,heap     ] GC(68) Y: Max Capacity: 4096M(100%)
[2026-01-06T22:08:51.020+0800][33.601s][info][gc,heap     ] GC(68) Y: Soft Max Capacity: 3686M(90%)
[2026-01-06T22:08:51.020+0800][33.601s][info][gc,heap     ] GC(68) Y: Heap Statistics:
[2026-01-06T22:08:51.020+0800][33.601s][info][gc,heap     ] GC(68) Y:                Mark Start          Mark End        Relocate Start      Relocate End           High               Low         
[2026-01-06T22:08:51.020+0800][33.601s][info][gc,heap     ] GC(68) Y:  Capacity:     3498M (85%)        3498M (85%)        3498M (85%)        3498M (85%)        3498M (85%)        3498M (85%)    
[2026-01-06T22:08:51.020+0800][33.601s][info][gc,heap     ] GC(68) Y:      Free:     3010M (73%)        3008M (73%)        4086M (100%)       4086M (100%)       4086M (100%)       3008M (73%)    
[2026-01-06T22:08:51.020+0800][33.601s][info][gc,heap     ] GC(68) Y:      Used:     1086M (27%)        1088M (27%)          10M (0%)           10M (0%)         1088M (27%)          10M (0%)     
[2026-01-06T22:08:51.020+0800][33.601s][info][gc,heap     ] GC(68) Y: Young Generation Statistics:
[2026-01-06T22:08:51.020+0800][33.601s][info][gc,heap     ] GC(68) Y:                Mark Start          Mark End        Relocate Start      Relocate End    
[2026-01-06T22:08:51.020+0800][33.601s][info][gc,heap     ] GC(68) Y:      Used:     1082M (26%)        1084M (26%)           6M (0%)            6M (0%)     
[2026-01-06T22:08:51.020+0800][33.601s][info][gc,heap     ] GC(68) Y:      Live:         -                 0M (0%)            0M (0%)            0M (0%)     
[2026-01-06T22:08:51.020+0800][33.601s][info][gc,heap     ] GC(68) Y:   Garbage:         -              1081M (26%)           1M (0%)            1M (0%)     
[2026-01-06T22:08:51.020+0800][33.601s][info][gc,heap     ] GC(68) Y: Allocated:         -                 2M (0%)            4M (0%)            4M (0%)     
[2026-01-06T22:08:51.020+0800][33.601s][info][gc,heap     ] GC(68) Y: Reclaimed:         -                  -              1080M (26%)        1080M (26%)    
[2026-01-06T22:08:51.020+0800][33.601s][info][gc,heap     ] GC(68) Y:  Promoted:         -                  -                 0M (0%)            0M (0%)     
[2026-01-06T22:08:51.020+0800][33.601s][info][gc,heap     ] GC(68) Y: Compacted:         -                  -                  -                 0M (0%)     
[2026-01-06T22:08:51.020+0800][33.602s][info][gc,phases   ] GC(68) Y: Young Generation 1086M(27%)->10M(0%) 0.001s
[2026-01-06T22:08:51.020+0800][33.602s][info][gc,phases   ] GC(68) O: Old Generation
[2026-01-06T22:08:51.022+0800][33.603s][info][gc,phases   ] GC(68) O: Concurrent Mark 1.719ms
[2026-01-06T22:08:51.022+0800][33.603s][info][gc,phases   ] GC(68) O: Pause Mark End 0.003ms
[2026-01-06T22:08:51.022+0800][33.603s][info][gc,phases   ] GC(68) O: Concurrent Mark Free 0.001ms
[2026-01-06T22:08:51.022+0800][33.603s][info][gc,phases   ] GC(68) O: Concurrent Process Non-Strong 0.124ms
[2026-01-06T22:08:51.022+0800][33.603s][info][gc,phases   ] GC(68) O: Concurrent Reset Relocation Set 0.001ms
[2026-01-06T22:08:51.022+0800][33.603s][info][gc,phases   ] GC(68) O: Concurrent Select Relocation Set 0.019ms
[2026-01-06T22:08:51.022+0800][33.603s][info][gc,task     ] GC(68) O: Using 2 Workers for Old Generation
[2026-01-06T22:08:51.022+0800][33.603s][info][gc,task     ] GC(68) O: Using 1 Workers for Old Generation
[2026-01-06T22:08:51.022+0800][33.603s][info][gc,phases   ] GC(68) O: Concurrent Remap Roots 0.044ms
[2026-01-06T22:08:51.022+0800][33.604s][info][gc,phases   ] GC(68) O: Pause Relocate Start 0.001ms
[2026-01-06T22:08:51.023+0800][33.604s][info][gc,phases   ] GC(68) O: Concurrent Relocate 0.742ms
[2026-01-06T22:08:51.023+0800][33.604s][info][gc,alloc    ] GC(68) O:                         Mark Start        Mark End      Relocate Start    Relocate End   
[2026-01-06T22:08:51.023+0800][33.604s][info][gc,alloc    ] GC(68) O: Allocation Stalls:          0                0                0                0         
[2026-01-06T22:08:51.023+0800][33.604s][info][gc,load     ] GC(68) O: Load: 2.69 (27%) / 2.00 (20%) / 2.06 (21%)
[2026-01-06T22:08:51.023+0800][33.604s][info][gc,mmu      ] GC(68) O: MMU: 2ms/92.0%, 5ms/96.7%, 10ms/98.4%, 20ms/99.2%, 50ms/99.7%, 100ms/99.8%
[2026-01-06T22:08:51.023+0800][33.604s][info][gc,marking  ] GC(68) O: Mark: 1 stripe(s), 2 proactive flush(es), 1 terminate flush(es), 0 completion(s), 0 continuation(s) 
[2026-01-06T22:08:51.023+0800][33.604s][info][gc,nmethod  ] GC(68) O: NMethods: 41 registered, 34 unregistered
[2026-01-06T22:08:51.023+0800][33.604s][info][gc,metaspace] GC(68) O: Metaspace: 0M used, 0M committed, 1088M reserved
[2026-01-06T22:08:51.023+0800][33.604s][info][gc,ref      ] GC(68) O:                       Encountered   Discovered     Enqueued 
[2026-01-06T22:08:51.023+0800][33.604s][info][gc,ref      ] GC(68) O: Soft References:                1            0            0 
[2026-01-06T22:08:51.023+0800][33.604s][info][gc,ref      ] GC(68) O: Weak References:                6            0            0 
[2026-01-06T22:08:51.023+0800][33.604s][info][gc,ref      ] GC(68) O: Final References:               0            0            0 
[2026-01-06T22:08:51.023+0800][33.604s][info][gc,ref      ] GC(68) O: Phantom References:             1            1            0 
[2026-01-06T22:08:51.023+0800][33.604s][info][gc,reloc    ] GC(68) O:                        Candidates     Selected     In-Place         Size        Empty    Relocated 
[2026-01-06T22:08:51.023+0800][33.604s][info][gc,reloc    ] GC(68) O: Small Pages:                    2            1            0           4M           0M           1M 
[2026-01-06T22:08:51.023+0800][33.604s][info][gc,reloc    ] GC(68) O: Medium Pages:                   0            0            0           0M           0M           0M 
[2026-01-06T22:08:51.023+0800][33.604s][info][gc,reloc    ] GC(68) O: Large Pages:                    0            0            0           0M           0M           0M 
[2026-01-06T22:08:51.023+0800][33.604s][info][gc,reloc    ] GC(68) O: Forwarding Usage: 0M
[2026-01-06T22:08:51.023+0800][33.604s][info][gc,heap     ] GC(68) O: Min Capacity: 8M(0%)
[2026-01-06T22:08:51.023+0800][33.604s][info][gc,heap     ] GC(68) O: Max Capacity: 4096M(100%)
[2026-01-06T22:08:51.023+0800][33.604s][info][gc,heap     ] GC(68) O: Soft Max Capacity: 3686M(90%)
[2026-01-06T22:08:51.023+0800][33.604s][info][gc,heap     ] GC(68) O: Heap Statistics:
[2026-01-06T22:08:51.023+0800][33.604s][info][gc,heap     ] GC(68) O:                Mark Start          Mark End        Relocate Start      Relocate End           High               Low         
[2026-01-06T22:08:51.023+0800][33.604s][info][gc,heap     ] GC(68) O:  Capacity:     3498M (85%)        3498M (85%)        3498M (85%)        3498M (85%)        3498M (85%)        3498M (85%)    
[2026-01-06T22:08:51.023+0800][33.604s][info][gc,heap     ] GC(68) O:      Free:     3010M (73%)        4070M (99%)        4068M (99%)        4062M (99%)        4086M (100%)       3008M (73%)    
[2026-01-06T22:08:51.023+0800][33.604s][info][gc,heap     ] GC(68) O:      Used:     1086M (27%)          26M (1%)           28M (1%)           34M (1%)         1088M (27%)          10M (0%)     
[2026-01-06T22:08:51.023+0800][33.604s][info][gc,heap     ] GC(68) O: Old Generation Statistics:
[2026-01-06T22:08:51.023+0800][33.604s][info][gc,heap     ] GC(68) O:                Mark Start          Mark End        Relocate Start      Relocate End    
[2026-01-06T22:08:51.023+0800][33.604s][info][gc,heap     ] GC(68) O:      Used:        4M (0%)            4M (0%)            4M (0%)            4M (0%)     
[2026-01-06T22:08:51.023+0800][33.604s][info][gc,heap     ] GC(68) O:      Live:         -                 1M (0%)            1M (0%)            1M (0%)     
[2026-01-06T22:08:51.023+0800][33.604s][info][gc,heap     ] GC(68) O:   Garbage:         -                 2M (0%)            2M (0%)            0M (0%)     
[2026-01-06T22:08:51.023+0800][33.604s][info][gc,heap     ] GC(68) O: Allocated:         -                 0M (0%)            0M (0%)            2M (0%)     
[2026-01-06T22:08:51.023+0800][33.604s][info][gc,heap     ] GC(68) O: Reclaimed:         -                  -                 0M (0%)            2M (0%)     
[2026-01-06T22:08:51.023+0800][33.604s][info][gc,heap     ] GC(68) O: Compacted:         -                  -                  -                 1M (0%)     
[2026-01-06T22:08:51.023+0800][33.604s][info][gc,phases   ] GC(68) O: Old Generation 10M(0%)->34M(1%) 0.003s
[2026-01-06T22:08:51.023+0800][33.604s][info][gc          ] GC(68) Major Collection (Proactive) 1086M(27%)->36M(1%) 0.004s
[2026-01-06T22:08:51.478+0800][34.060s][info][gc          ] GC(69) Major Collection (Proactive)
[2026-01-06T22:08:51.478+0800][34.060s][info][gc,task     ] GC(69) Using 1 Workers for Young Generation
[2026-01-06T22:08:51.478+0800][34.060s][info][gc,task     ] GC(69) Using 1 Workers for Old Generation
[2026-01-06T22:08:51.478+0800][34.060s][info][gc,phases   ] GC(69) Y: Young Generation
[2026-01-06T22:08:51.478+0800][34.060s][info][gc,phases   ] GC(69) Y: Pause Mark Start (Major) 0.004ms
[2026-01-06T22:08:51.478+0800][34.060s][info][gc,phases   ] GC(69) Y: Concurrent Mark 0.254ms
[2026-01-06T22:08:51.478+0800][34.060s][info][gc,phases   ] GC(69) Y: Pause Mark End 0.003ms
[2026-01-06T22:08:51.478+0800][34.060s][info][gc,phases   ] GC(69) Y: Concurrent Mark Free 0.000ms
[2026-01-06T22:08:51.478+0800][34.060s][info][gc,phases   ] GC(69) Y: Concurrent Reset Relocation Set 0.000ms
[2026-01-06T22:08:51.479+0800][34.060s][info][gc,reloc    ] GC(69) Y: Using tenuring threshold: 1 (Computed)
[2026-01-06T22:08:51.479+0800][34.060s][info][gc,phases   ] GC(69) Y: Concurrent Select Relocation Set 0.240ms
[2026-01-06T22:08:51.479+0800][34.060s][info][gc,phases   ] GC(69) Y: Pause Relocate Start 0.001ms
[2026-01-06T22:08:51.479+0800][34.060s][info][gc,phases   ] GC(69) Y: Concurrent Relocate 0.008ms
[2026-01-06T22:08:51.479+0800][34.060s][info][gc,alloc    ] GC(69) Y:                         Mark Start        Mark End      Relocate Start    Relocate End   
[2026-01-06T22:08:51.479+0800][34.060s][info][gc,alloc    ] GC(69) Y: Allocation Stalls:          0                0                0                0         
[2026-01-06T22:08:51.479+0800][34.060s][info][gc,load     ] GC(69) Y: Load: 2.69 (27%) / 2.00 (20%) / 2.06 (21%)
[2026-01-06T22:08:51.479+0800][34.060s][info][gc,mmu      ] GC(69) Y: MMU: 2ms/92.0%, 5ms/96.7%, 10ms/98.4%, 20ms/99.2%, 50ms/99.7%, 100ms/99.8%
[2026-01-06T22:08:51.479+0800][34.060s][info][gc,marking  ] GC(69) Y: Mark: 1 stripe(s), 2 proactive flush(es), 1 terminate flush(es), 0 completion(s), 0 continuation(s) 
[2026-01-06T22:08:51.479+0800][34.060s][info][gc,nmethod  ] GC(69) Y: NMethods: 41 registered, 34 unregistered
[2026-01-06T22:08:51.479+0800][34.060s][info][gc,metaspace] GC(69) Y: Metaspace: 0M used, 0M committed, 1088M reserved
[2026-01-06T22:08:51.479+0800][34.060s][info][gc,reloc    ] GC(69) Y:                        Candidates     Selected     In-Place         Size        Empty    Relocated 
[2026-01-06T22:08:51.479+0800][34.060s][info][gc,reloc    ] GC(69) Y: Small Pages:                 1170            0            0        2340M        2338M           0M 
[2026-01-06T22:08:51.479+0800][34.060s][info][gc,reloc    ] GC(69) Y: Medium Pages:                   0            0            0           0M           0M           0M 
[2026-01-06T22:08:51.479+0800][34.060s][info][gc,reloc    ] GC(69) Y: Large Pages:                    0            0            0           0M           0M           0M 
[2026-01-06T22:08:51.479+0800][34.060s][info][gc,reloc    ] GC(69) Y: Forwarding Usage: 0M
[2026-01-06T22:08:51.479+0800][34.060s][info][gc,reloc    ] GC(69) Y: Age Table:
[2026-01-06T22:08:51.479+0800][34.060s][info][gc,reloc    ] GC(69) Y:                    Live             Garbage             Small              Medium             Large        
[2026-01-06T22:08:51.479+0800][34.060s][info][gc,reloc    ] GC(69) Y: Eden               0M (0%)         2337M (57%)       1169 / 0              0 / 0              0 / 0        
[2026-01-06T22:08:51.479+0800][34.060s][info][gc,reloc    ] GC(69) Y: Survivor 1          -                 2M (0%)           1 / 0              0 / 0              0 / 0        
[2026-01-06T22:08:51.479+0800][34.060s][info][gc,heap     ] GC(69) Y: Min Capacity: 8M(0%)
[2026-01-06T22:08:51.479+0800][34.060s][info][gc,heap     ] GC(69) Y: Max Capacity: 4096M(100%)
[2026-01-06T22:08:51.479+0800][34.060s][info][gc,heap     ] GC(69) Y: Soft Max Capacity: 3686M(90%)
[2026-01-06T22:08:51.479+0800][34.060s][info][gc,heap     ] GC(69) Y: Heap Statistics:
[2026-01-06T22:08:51.479+0800][34.060s][info][gc,heap     ] GC(69) Y:                Mark Start          Mark End        Relocate Start      Relocate End           High               Low         
[2026-01-06T22:08:51.479+0800][34.060s][info][gc,heap     ] GC(69) Y:  Capacity:     3498M (85%)        3498M (85%)        3498M (85%)        3498M (85%)        3498M (85%)        3498M (85%)    
[2026-01-06T22:08:51.479+0800][34.060s][info][gc,heap     ] GC(69) Y:      Free:     1752M (43%)        1750M (43%)        4084M (100%)       4084M (100%)       4084M (100%)       1750M (43%)    
[2026-01-06T22:08:51.479+0800][34.060s][info][gc,heap     ] GC(69) Y:      Used:     2344M (57%)        2346M (57%)          12M (0%)           12M (0%)         2346M (57%)          12M (0%)     
[2026-01-06T22:08:51.479+0800][34.060s][info][gc,heap     ] GC(69) Y: Young Generation Statistics:
[2026-01-06T22:08:51.479+0800][34.060s][info][gc,heap     ] GC(69) Y:                Mark Start          Mark End        Relocate Start      Relocate End    
[2026-01-06T22:08:51.479+0800][34.060s][info][gc,heap     ] GC(69) Y:      Used:     2340M (57%)        2342M (57%)           8M (0%)            8M (0%)     
[2026-01-06T22:08:51.479+0800][34.060s][info][gc,heap     ] GC(69) Y:      Live:         -                 0M (0%)            0M (0%)            0M (0%)     
[2026-01-06T22:08:51.479+0800][34.060s][info][gc,heap     ] GC(69) Y:   Garbage:         -              2339M (57%)           1M (0%)            1M (0%)     
[2026-01-06T22:08:51.479+0800][34.060s][info][gc,heap     ] GC(69) Y: Allocated:         -                 2M (0%)            6M (0%)            6M (0%)     
[2026-01-06T22:08:51.479+0800][34.060s][info][gc,heap     ] GC(69) Y: Reclaimed:         -                  -              2338M (57%)        2338M (57%)    
[2026-01-06T22:08:51.479+0800][34.060s][info][gc,heap     ] GC(69) Y:  Promoted:         -                  -                 0M (0%)            0M (0%)     
[2026-01-06T22:08:51.479+0800][34.060s][info][gc,heap     ] GC(69) Y: Compacted:         -                  -                  -                 0M (0%)     
[2026-01-06T22:08:51.479+0800][34.061s][info][gc,phases   ] GC(69) Y: Young Generation 2344M(57%)->12M(0%) 0.001s
[2026-01-06T22:08:51.479+0800][34.061s][info][gc,phases   ] GC(69) O: Old Generation
[2026-01-06T22:08:51.480+0800][34.062s][info][gc,phases   ] GC(69) O: Concurrent Mark 1.563ms
[2026-01-06T22:08:51.480+0800][34.062s][info][gc,phases   ] GC(69) O: Pause Mark End 0.002ms
[2026-01-06T22:08:51.481+0800][34.062s][info][gc,phases   ] GC(69) O: Concurrent Mark Free 0.000ms
[2026-01-06T22:08:51.481+0800][34.062s][info][gc,phases   ] GC(69) O: Concurrent Process Non-Strong 0.105ms
[2026-01-06T22:08:51.481+0800][34.062s][info][gc,phases   ] GC(69) O: Concurrent Reset Relocation Set 0.000ms
[2026-01-06T22:08:51.481+0800][34.062s][info][gc,phases   ] GC(69) O: Concurrent Select Relocation Set 0.018ms
[2026-01-06T22:08:51.481+0800][34.062s][info][gc,task     ] GC(69) O: Using 2 Workers for Old Generation
[2026-01-06T22:08:51.481+0800][34.062s][info][gc,task     ] GC(69) O: Using 1 Workers for Old Generation
[2026-01-06T22:08:51.481+0800][34.062s][info][gc,phases   ] GC(69) O: Concurrent Remap Roots 0.036ms
[2026-01-06T22:08:51.481+0800][34.062s][info][gc,phases   ] GC(69) O: Pause Relocate Start 0.001ms
[2026-01-06T22:08:51.482+0800][34.063s][info][gc,phases   ] GC(69) O: Concurrent Relocate 0.891ms
[2026-01-06T22:08:51.482+0800][34.063s][info][gc,alloc    ] GC(69) O:                         Mark Start        Mark End      Relocate Start    Relocate End   
[2026-01-06T22:08:51.482+0800][34.063s][info][gc,alloc    ] GC(69) O: Allocation Stalls:          0                0                0                0         
[2026-01-06T22:08:51.482+0800][34.063s][info][gc,load     ] GC(69) O: Load: 2.69 (27%) / 2.00 (20%) / 2.06 (21%)
[2026-01-06T22:08:51.482+0800][34.063s][info][gc,mmu      ] GC(69) O: MMU: 2ms/92.0%, 5ms/96.7%, 10ms/98.4%, 20ms/99.2%, 50ms/99.7%, 100ms/99.8%
[2026-01-06T22:08:51.482+0800][34.063s][info][gc,marking  ] GC(69) O: Mark: 1 stripe(s), 2 proactive flush(es), 1 terminate flush(es), 0 completion(s), 0 continuation(s) 
[2026-01-06T22:08:51.482+0800][34.063s][info][gc,nmethod  ] GC(69) O: NMethods: 41 registered, 34 unregistered
[2026-01-06T22:08:51.482+0800][34.063s][info][gc,metaspace] GC(69) O: Metaspace: 0M used, 0M committed, 1088M reserved
[2026-01-06T22:08:51.482+0800][34.063s][info][gc,ref      ] GC(69) O:                       Encountered   Discovered     Enqueued 
[2026-01-06T22:08:51.482+0800][34.063s][info][gc,ref      ] GC(69) O: Soft References:                1            0            0 
[2026-01-06T22:08:51.482+0800][34.063s][info][gc,ref      ] GC(69) O: Weak References:                6            0            0 
[2026-01-06T22:08:51.482+0800][34.063s][info][gc,ref      ] GC(69) O: Final References:               0            0            0 
[2026-01-06T22:08:51.482+0800][34.063s][info][gc,ref      ] GC(69) O: Phantom References:             1            1            0 
[2026-01-06T22:08:51.482+0800][34.063s][info][gc,reloc    ] GC(69) O:                        Candidates     Selected     In-Place         Size        Empty    Relocated 
[2026-01-06T22:08:51.482+0800][34.063s][info][gc,reloc    ] GC(69) O: Small Pages:                    2            1            0           4M           0M           1M 
[2026-01-06T22:08:51.482+0800][34.063s][info][gc,reloc    ] GC(69) O: Medium Pages:                   0            0            0           0M           0M           0M 
[2026-01-06T22:08:51.482+0800][34.063s][info][gc,reloc    ] GC(69) O: Large Pages:                    0            0            0           0M           0M           0M 
[2026-01-06T22:08:51.482+0800][34.063s][info][gc,reloc    ] GC(69) O: Forwarding Usage: 0M
[2026-01-06T22:08:51.482+0800][34.063s][info][gc,heap     ] GC(69) O: Min Capacity: 8M(0%)
[2026-01-06T22:08:51.482+0800][34.063s][info][gc,heap     ] GC(69) O: Max Capacity: 4096M(100%)
[2026-01-06T22:08:51.482+0800][34.063s][info][gc,heap     ] GC(69) O: Soft Max Capacity: 3686M(90%)
[2026-01-06T22:08:51.482+0800][34.063s][info][gc,heap     ] GC(69) O: Heap Statistics:
[2026-01-06T22:08:51.482+0800][34.063s][info][gc,heap     ] GC(69) O:                Mark Start          Mark End        Relocate Start      Relocate End           High               Low         
[2026-01-06T22:08:51.482+0800][34.063s][info][gc,heap     ] GC(69) O:  Capacity:     3498M (85%)        3498M (85%)        3498M (85%)        3498M (85%)        3498M (85%)        3498M (85%)    
[2026-01-06T22:08:51.482+0800][34.063s][info][gc,heap     ] GC(69) O:      Free:     1752M (43%)        4052M (99%)        4048M (99%)        4032M (98%)        4084M (100%)       1750M (43%)    
[2026-01-06T22:08:51.482+0800][34.063s][info][gc,heap     ] GC(69) O:      Used:     2344M (57%)          44M (1%)           48M (1%)           64M (2%)         2346M (57%)          12M (0%)     
[2026-01-06T22:08:51.482+0800][34.063s][info][gc,heap     ] GC(69) O: Old Generation Statistics:
[2026-01-06T22:08:51.482+0800][34.063s][info][gc,heap     ] GC(69) O:                Mark Start          Mark End        Relocate Start      Relocate End    
[2026-01-06T22:08:51.482+0800][34.063s][info][gc,heap     ] GC(69) O:      Used:        4M (0%)            4M (0%)            4M (0%)            4M (0%)     
[2026-01-06T22:08:51.482+0800][34.063s][info][gc,heap     ] GC(69) O:      Live:         -                 1M (0%)            1M (0%)            1M (0%)     
[2026-01-06T22:08:51.482+0800][34.063s][info][gc,heap     ] GC(69) O:   Garbage:         -                 2M (0%)            2M (0%)            0M (0%)     
[2026-01-06T22:08:51.482+0800][34.063s][info][gc,heap     ] GC(69) O: Allocated:         -                 0M (0%)            0M (0%)            2M (0%)     
[2026-01-06T22:08:51.482+0800][34.063s][info][gc,heap     ] GC(69) O: Reclaimed:         -                  -                 0M (0%)            2M (0%)     
[2026-01-06T22:08:51.482+0800][34.063s][info][gc,heap     ] GC(69) O: Compacted:         -                  -                  -                 1M (0%)     
[2026-01-06T22:08:51.482+0800][34.063s][info][gc,phases   ] GC(69) O: Old Generation 14M(0%)->64M(2%) 0.003s
[2026-01-06T22:08:51.482+0800][34.063s][info][gc          ] GC(69) Major Collection (Proactive) 2344M(57%)->66M(2%) 0.004s
[2026-01-06T22:08:51.817+0800][34.398s][info][gc          ] GC(70) Major Collection (Proactive)
[2026-01-06T22:08:51.817+0800][34.398s][info][gc,task     ] GC(70) Using 1 Workers for Young Generation
[2026-01-06T22:08:51.817+0800][34.398s][info][gc,task     ] GC(70) Using 1 Workers for Old Generation
[2026-01-06T22:08:51.817+0800][34.398s][info][gc,phases   ] GC(70) Y: Young Generation
[2026-01-06T22:08:51.817+0800][34.398s][info][gc,phases   ] GC(70) Y: Pause Mark Start (Major) 0.004ms
[2026-01-06T22:08:51.817+0800][34.399s][info][gc,phases   ] GC(70) Y: Concurrent Mark 0.278ms
[2026-01-06T22:08:51.817+0800][34.399s][info][gc,phases   ] GC(70) Y: Pause Mark End 0.004ms
[2026-01-06T22:08:51.817+0800][34.399s][info][gc,phases   ] GC(70) Y: Concurrent Mark Free 0.000ms
[2026-01-06T22:08:51.817+0800][34.399s][info][gc,phases   ] GC(70) Y: Concurrent Reset Relocation Set 0.000ms
[2026-01-06T22:08:51.818+0800][34.399s][info][gc,reloc    ] GC(70) Y: Using tenuring threshold: 1 (Computed)
[2026-01-06T22:08:51.818+0800][34.399s][info][gc,phases   ] GC(70) Y: Concurrent Select Relocation Set 0.564ms
[2026-01-06T22:08:51.818+0800][34.399s][info][gc,phases   ] GC(70) Y: Pause Relocate Start 0.002ms
[2026-01-06T22:08:51.818+0800][34.399s][info][gc,phases   ] GC(70) Y: Concurrent Relocate 0.013ms
[2026-01-06T22:08:51.818+0800][34.399s][info][gc,alloc    ] GC(70) Y:                         Mark Start        Mark End      Relocate Start    Relocate End   
[2026-01-06T22:08:51.818+0800][34.399s][info][gc,alloc    ] GC(70) Y: Allocation Stalls:          0                0                0                0         
[2026-01-06T22:08:51.818+0800][34.399s][info][gc,load     ] GC(70) Y: Load: 2.80 (28%) / 2.03 (20%) / 2.07 (21%)
[2026-01-06T22:08:51.818+0800][34.399s][info][gc,mmu      ] GC(70) Y: MMU: 2ms/92.0%, 5ms/96.7%, 10ms/98.4%, 20ms/99.2%, 50ms/99.7%, 100ms/99.8%
[2026-01-06T22:08:51.818+0800][34.399s][info][gc,marking  ] GC(70) Y: Mark: 1 stripe(s), 2 proactive flush(es), 1 terminate flush(es), 0 completion(s), 0 continuation(s) 
[2026-01-06T22:08:51.818+0800][34.399s][info][gc,nmethod  ] GC(70) Y: NMethods: 41 registered, 34 unregistered
[2026-01-06T22:08:51.818+0800][34.399s][info][gc,metaspace] GC(70) Y: Metaspace: 0M used, 0M committed, 1088M reserved
[2026-01-06T22:08:51.818+0800][34.399s][info][gc,reloc    ] GC(70) Y:                        Candidates     Selected     In-Place         Size        Empty    Relocated 
[2026-01-06T22:08:51.818+0800][34.399s][info][gc,reloc    ] GC(70) Y: Small Pages:                 1305            0            0        2610M        2608M           0M 
[2026-01-06T22:08:51.818+0800][34.399s][info][gc,reloc    ] GC(70) Y: Medium Pages:                   0            0            0           0M           0M           0M 
[2026-01-06T22:08:51.818+0800][34.399s][info][gc,reloc    ] GC(70) Y: Large Pages:                    0            0            0           0M           0M           0M 
[2026-01-06T22:08:51.818+0800][34.399s][info][gc,reloc    ] GC(70) Y: Forwarding Usage: 0M
[2026-01-06T22:08:51.818+0800][34.399s][info][gc,reloc    ] GC(70) Y: Age Table:
[2026-01-06T22:08:51.818+0800][34.399s][info][gc,reloc    ] GC(70) Y:                    Live             Garbage             Small              Medium             Large        
[2026-01-06T22:08:51.818+0800][34.399s][info][gc,reloc    ] GC(70) Y: Eden               0M (0%)         2607M (64%)       1304 / 0              0 / 0              0 / 0        
[2026-01-06T22:08:51.818+0800][34.399s][info][gc,reloc    ] GC(70) Y: Survivor 1          -                 2M (0%)           1 / 0              0 / 0              0 / 0        
[2026-01-06T22:08:51.818+0800][34.399s][info][gc,heap     ] GC(70) Y: Min Capacity: 8M(0%)
[2026-01-06T22:08:51.818+0800][34.399s][info][gc,heap     ] GC(70) Y: Max Capacity: 4096M(100%)
[2026-01-06T22:08:51.818+0800][34.399s][info][gc,heap     ] GC(70) Y: Soft Max Capacity: 3686M(90%)
[2026-01-06T22:08:51.818+0800][34.399s][info][gc,heap     ] GC(70) Y: Heap Statistics:
[2026-01-06T22:08:51.818+0800][34.399s][info][gc,heap     ] GC(70) Y:                Mark Start          Mark End        Relocate Start      Relocate End           High               Low         
[2026-01-06T22:08:51.818+0800][34.399s][info][gc,heap     ] GC(70) Y:  Capacity:     3498M (85%)        3498M (85%)        3498M (85%)        3498M (85%)        3498M (85%)        3498M (85%)    
[2026-01-06T22:08:51.818+0800][34.399s][info][gc,heap     ] GC(70) Y:      Free:     1482M (36%)        1480M (36%)        4086M (100%)       4086M (100%)       4086M (100%)       1480M (36%)    
[2026-01-06T22:08:51.818+0800][34.399s][info][gc,heap     ] GC(70) Y:      Used:     2614M (64%)        2616M (64%)          10M (0%)           10M (0%)         2616M (64%)          10M (0%)     
[2026-01-06T22:08:51.818+0800][34.399s][info][gc,heap     ] GC(70) Y: Young Generation Statistics:
[2026-01-06T22:08:51.818+0800][34.399s][info][gc,heap     ] GC(70) Y:                Mark Start          Mark End        Relocate Start      Relocate End    
[2026-01-06T22:08:51.818+0800][34.399s][info][gc,heap     ] GC(70) Y:      Used:     2610M (64%)        2612M (64%)           6M (0%)            6M (0%)     
[2026-01-06T22:08:51.818+0800][34.399s][info][gc,heap     ] GC(70) Y:      Live:         -                 0M (0%)            0M (0%)            0M (0%)     
[2026-01-06T22:08:51.818+0800][34.399s][info][gc,heap     ] GC(70) Y:   Garbage:         -              2609M (64%)           1M (0%)            1M (0%)     
[2026-01-06T22:08:51.818+0800][34.399s][info][gc,heap     ] GC(70) Y: Allocated:         -                 2M (0%)            4M (0%)            4M (0%)     
[2026-01-06T22:08:51.818+0800][34.399s][info][gc,heap     ] GC(70) Y: Reclaimed:         -                  -              2608M (64%)        2608M (64%)    
[2026-01-06T22:08:51.818+0800][34.399s][info][gc,heap     ] GC(70) Y:  Promoted:         -                  -                 0M (0%)            0M (0%)     
[2026-01-06T22:08:51.818+0800][34.399s][info][gc,heap     ] GC(70) Y: Compacted:         -                  -                  -                 0M (0%)     
[2026-01-06T22:08:51.818+0800][34.399s][info][gc,phases   ] GC(70) Y: Young Generation 2614M(64%)->10M(0%) 0.001s
[2026-01-06T22:08:51.818+0800][34.399s][info][gc,phases   ] GC(70) O: Old Generation
[2026-01-06T22:08:51.819+0800][34.401s][info][gc,phases   ] GC(70) O: Concurrent Mark 1.445ms
[2026-01-06T22:08:51.819+0800][34.401s][info][gc,phases   ] GC(70) O: Pause Mark End 0.003ms
[2026-01-06T22:08:51.819+0800][34.401s][info][gc,phases   ] GC(70) O: Concurrent Mark Free 0.001ms
[2026-01-06T22:08:51.819+0800][34.401s][info][gc,phases   ] GC(70) O: Concurrent Process Non-Strong 0.122ms
[2026-01-06T22:08:51.819+0800][34.401s][info][gc,phases   ] GC(70) O: Concurrent Reset Relocation Set 0.000ms
[2026-01-06T22:08:51.820+0800][34.401s][info][gc,phases   ] GC(70) O: Concurrent Select Relocation Set 0.019ms
[2026-01-06T22:08:51.820+0800][34.401s][info][gc,task     ] GC(70) O: Using 2 Workers for Old Generation
[2026-01-06T22:08:51.820+0800][34.401s][info][gc,task     ] GC(70) O: Using 1 Workers for Old Generation
[2026-01-06T22:08:51.820+0800][34.401s][info][gc,phases   ] GC(70) O: Concurrent Remap Roots 0.043ms
[2026-01-06T22:08:51.820+0800][34.401s][info][gc,phases   ] GC(70) O: Pause Relocate Start 0.001ms
[2026-01-06T22:08:51.820+0800][34.402s][info][gc,phases   ] GC(70) O: Concurrent Relocate 0.605ms
[2026-01-06T22:08:51.820+0800][34.402s][info][gc,alloc    ] GC(70) O:                         Mark Start        Mark End      Relocate Start    Relocate End   
[2026-01-06T22:08:51.820+0800][34.402s][info][gc,alloc    ] GC(70) O: Allocation Stalls:          0                0                0                0         
[2026-01-06T22:08:51.820+0800][34.402s][info][gc,load     ] GC(70) O: Load: 2.80 (28%) / 2.03 (20%) / 2.07 (21%)
[2026-01-06T22:08:51.820+0800][34.402s][info][gc,mmu      ] GC(70) O: MMU: 2ms/92.0%, 5ms/96.7%, 10ms/98.4%, 20ms/99.2%, 50ms/99.7%, 100ms/99.8%
[2026-01-06T22:08:51.820+0800][34.402s][info][gc,marking  ] GC(70) O: Mark: 1 stripe(s), 2 proactive flush(es), 1 terminate flush(es), 0 completion(s), 0 continuation(s) 
[2026-01-06T22:08:51.820+0800][34.402s][info][gc,nmethod  ] GC(70) O: NMethods: 41 registered, 34 unregistered
[2026-01-06T22:08:51.820+0800][34.402s][info][gc,metaspace] GC(70) O: Metaspace: 0M used, 0M committed, 1088M reserved
[2026-01-06T22:08:51.820+0800][34.402s][info][gc,ref      ] GC(70) O:                       Encountered   Discovered     Enqueued 
[2026-01-06T22:08:51.820+0800][34.402s][info][gc,ref      ] GC(70) O: Soft References:                1            0            0 
[2026-01-06T22:08:51.820+0800][34.402s][info][gc,ref      ] GC(70) O: Weak References:                6            0            0 
[2026-01-06T22:08:51.820+0800][34.402s][info][gc,ref      ] GC(70) O: Final References:               0            0            0 
[2026-01-06T22:08:51.820+0800][34.402s][info][gc,ref      ] GC(70) O: Phantom References:             1            1            0 
[2026-01-06T22:08:51.820+0800][34.402s][info][gc,reloc    ] GC(70) O:                        Candidates     Selected     In-Place         Size        Empty    Relocated 
[2026-01-06T22:08:51.820+0800][34.402s][info][gc,reloc    ] GC(70) O: Small Pages:                    2            1            0           4M           0M           1M 
[2026-01-06T22:08:51.820+0800][34.402s][info][gc,reloc    ] GC(70) O: Medium Pages:                   0            0            0           0M           0M           0M 
[2026-01-06T22:08:51.820+0800][34.402s][info][gc,reloc    ] GC(70) O: Large Pages:                    0            0            0           0M           0M           0M 
[2026-01-06T22:08:51.820+0800][34.402s][info][gc,reloc    ] GC(70) O: Forwarding Usage: 0M
[2026-01-06T22:08:51.820+0800][34.402s][info][gc,heap     ] GC(70) O: Min Capacity: 8M(0%)
[2026-01-06T22:08:51.820+0800][34.402s][info][gc,heap     ] GC(70) O: Max Capacity: 4096M(100%)
[2026-01-06T22:08:51.820+0800][34.402s][info][gc,heap     ] GC(70) O: Soft Max Capacity: 3686M(90%)
[2026-01-06T22:08:51.820+0800][34.402s][info][gc,heap     ] GC(70) O: Heap Statistics:
[2026-01-06T22:08:51.820+0800][34.402s][info][gc,heap     ] GC(70) O:                Mark Start          Mark End        Relocate Start      Relocate End           High               Low         
[2026-01-06T22:08:51.820+0800][34.402s][info][gc,heap     ] GC(70) O:  Capacity:     3498M (85%)        3498M (85%)        3498M (85%)        3498M (85%)        3498M (85%)        3498M (85%)    
[2026-01-06T22:08:51.820+0800][34.402s][info][gc,heap     ] GC(70) O:      Free:     1482M (36%)        4060M (99%)        4056M (99%)        4044M (99%)        4086M (100%)       1480M (36%)    
[2026-01-06T22:08:51.820+0800][34.402s][info][gc,heap     ] GC(70) O:      Used:     2614M (64%)          36M (1%)           40M (1%)           52M (1%)         2616M (64%)          10M (0%)     
[2026-01-06T22:08:51.820+0800][34.402s][info][gc,heap     ] GC(70) O: Old Generation Statistics:
[2026-01-06T22:08:51.820+0800][34.402s][info][gc,heap     ] GC(70) O:                Mark Start          Mark End        Relocate Start      Relocate End    
[2026-01-06T22:08:51.820+0800][34.402s][info][gc,heap     ] GC(70) O:      Used:        4M (0%)            4M (0%)            4M (0%)            4M (0%)     
[2026-01-06T22:08:51.820+0800][34.402s][info][gc,heap     ] GC(70) O:      Live:         -                 1M (0%)            1M (0%)            1M (0%)     
[2026-01-06T22:08:51.820+0800][34.402s][info][gc,heap     ] GC(70) O:   Garbage:         -                 2M (0%)            2M (0%)            0M (0%)     
[2026-01-06T22:08:51.820+0800][34.402s][info][gc,heap     ] GC(70) O: Allocated:         -                 0M (0%)            0M (0%)            2M (0%)     
[2026-01-06T22:08:51.820+0800][34.402s][info][gc,heap     ] GC(70) O: Reclaimed:         -                  -                 0M (0%)            2M (0%)     
[2026-01-06T22:08:51.820+0800][34.402s][info][gc,heap     ] GC(70) O: Compacted:         -                  -                  -                 1M (0%)     
[2026-01-06T22:08:51.820+0800][34.402s][info][gc,phases   ] GC(70) O: Old Generation 12M(0%)->52M(1%) 0.002s
[2026-01-06T22:08:51.820+0800][34.402s][info][gc          ] GC(70) Major Collection (Proactive) 2614M(64%)->54M(1%) 0.004s
[2026-01-06T22:08:52.093+0800][34.675s][info][gc          ] GC(71) Major Collection (Proactive)
[2026-01-06T22:08:52.093+0800][34.675s][info][gc,task     ] GC(71) Using 1 Workers for Young Generation
[2026-01-06T22:08:52.093+0800][34.675s][info][gc,task     ] GC(71) Using 1 Workers for Old Generation
[2026-01-06T22:08:52.093+0800][34.675s][info][gc,phases   ] GC(71) Y: Young Generation
[2026-01-06T22:08:52.093+0800][34.675s][info][gc,phases   ] GC(71) Y: Pause Mark Start (Major) 0.015ms
[2026-01-06T22:08:52.094+0800][34.676s][info][gc,phases   ] GC(71) Y: Concurrent Mark 0.454ms
[2026-01-06T22:08:52.094+0800][34.676s][info][gc,phases   ] GC(71) Y: Pause Mark End 0.004ms
[2026-01-06T22:08:52.094+0800][34.676s][info][gc,phases   ] GC(71) Y: Concurrent Mark Free 0.003ms
[2026-01-06T22:08:52.094+0800][34.676s][info][gc,phases   ] GC(71) Y: Concurrent Reset Relocation Set 0.000ms
[2026-01-06T22:08:52.095+0800][34.677s][info][gc,reloc    ] GC(71) Y: Using tenuring threshold: 1 (Computed)
[2026-01-06T22:08:52.095+0800][34.677s][info][gc,phases   ] GC(71) Y: Concurrent Select Relocation Set 1.019ms
[2026-01-06T22:08:52.095+0800][34.677s][info][gc,phases   ] GC(71) Y: Pause Relocate Start 0.001ms
[2026-01-06T22:08:52.095+0800][34.677s][info][gc,phases   ] GC(71) Y: Concurrent Relocate 0.017ms
[2026-01-06T22:08:52.095+0800][34.677s][info][gc,alloc    ] GC(71) Y:                         Mark Start        Mark End      Relocate Start    Relocate End   
[2026-01-06T22:08:52.095+0800][34.677s][info][gc,alloc    ] GC(71) Y: Allocation Stalls:          0                0                0                0         
[2026-01-06T22:08:52.095+0800][34.677s][info][gc,load     ] GC(71) Y: Load: 2.80 (28%) / 2.03 (20%) / 2.07 (21%)
[2026-01-06T22:08:52.095+0800][34.677s][info][gc,mmu      ] GC(71) Y: MMU: 2ms/92.0%, 5ms/96.7%, 10ms/98.4%, 20ms/99.2%, 50ms/99.7%, 100ms/99.8%
[2026-01-06T22:08:52.095+0800][34.677s][info][gc,marking  ] GC(71) Y: Mark: 1 stripe(s), 2 proactive flush(es), 1 terminate flush(es), 0 completion(s), 0 continuation(s) 
[2026-01-06T22:08:52.095+0800][34.677s][info][gc,nmethod  ] GC(71) Y: NMethods: 41 registered, 34 unregistered
[2026-01-06T22:08:52.095+0800][34.677s][info][gc,metaspace] GC(71) Y: Metaspace: 0M used, 0M committed, 1088M reserved
[2026-01-06T22:08:52.095+0800][34.677s][info][gc,reloc    ] GC(71) Y:                        Candidates     Selected     In-Place         Size        Empty    Relocated 
[2026-01-06T22:08:52.095+0800][34.677s][info][gc,reloc    ] GC(71) Y: Small Pages:                 1080            0            0        2160M        2158M           0M 
[2026-01-06T22:08:52.095+0800][34.677s][info][gc,reloc    ] GC(71) Y: Medium Pages:                   0            0            0           0M           0M           0M 
[2026-01-06T22:08:52.095+0800][34.677s][info][gc,reloc    ] GC(71) Y: Large Pages:                    0            0            0           0M           0M           0M 
[2026-01-06T22:08:52.095+0800][34.677s][info][gc,reloc    ] GC(71) Y: Forwarding Usage: 0M
[2026-01-06T22:08:52.095+0800][34.677s][info][gc,reloc    ] GC(71) Y: Age Table:
[2026-01-06T22:08:52.095+0800][34.677s][info][gc,reloc    ] GC(71) Y:                    Live             Garbage             Small              Medium             Large        
[2026-01-06T22:08:52.095+0800][34.677s][info][gc,reloc    ] GC(71) Y: Eden               0M (0%)         2157M (53%)       1079 / 0              0 / 0              0 / 0        
[2026-01-06T22:08:52.095+0800][34.677s][info][gc,reloc    ] GC(71) Y: Survivor 1          -                 2M (0%)           1 / 0              0 / 0              0 / 0        
[2026-01-06T22:08:52.095+0800][34.677s][info][gc,heap     ] GC(71) Y: Min Capacity: 8M(0%)
[2026-01-06T22:08:52.095+0800][34.677s][info][gc,heap     ] GC(71) Y: Max Capacity: 4096M(100%)
[2026-01-06T22:08:52.095+0800][34.677s][info][gc,heap     ] GC(71) Y: Soft Max Capacity: 3686M(90%)
[2026-01-06T22:08:52.095+0800][34.677s][info][gc,heap     ] GC(71) Y: Heap Statistics:
[2026-01-06T22:08:52.095+0800][34.677s][info][gc,heap     ] GC(71) Y:                Mark Start          Mark End        Relocate Start      Relocate End           High               Low         
[2026-01-06T22:08:52.095+0800][34.677s][info][gc,heap     ] GC(71) Y:  Capacity:     3498M (85%)        3498M (85%)        3498M (85%)        3498M (85%)        3498M (85%)        3498M (85%)    
[2026-01-06T22:08:52.095+0800][34.677s][info][gc,heap     ] GC(71) Y:      Free:     1932M (47%)        1928M (47%)        4084M (100%)       4084M (100%)       4084M (100%)       1928M (47%)    
[2026-01-06T22:08:52.095+0800][34.677s][info][gc,heap     ] GC(71) Y:      Used:     2164M (53%)        2168M (53%)          12M (0%)           12M (0%)         2168M (53%)          12M (0%)     
[2026-01-06T22:08:52.095+0800][34.677s][info][gc,heap     ] GC(71) Y: Young Generation Statistics:
[2026-01-06T22:08:52.095+0800][34.677s][info][gc,heap     ] GC(71) Y:                Mark Start          Mark End        Relocate Start      Relocate End    
[2026-01-06T22:08:52.095+0800][34.677s][info][gc,heap     ] GC(71) Y:      Used:     2160M (53%)        2164M (53%)           8M (0%)            8M (0%)     
[2026-01-06T22:08:52.095+0800][34.677s][info][gc,heap     ] GC(71) Y:      Live:         -                 0M (0%)            0M (0%)            0M (0%)     
[2026-01-06T22:08:52.095+0800][34.677s][info][gc,heap     ] GC(71) Y:   Garbage:         -              2159M (53%)           1M (0%)            1M (0%)     
[2026-01-06T22:08:52.095+0800][34.677s][info][gc,heap     ] GC(71) Y: Allocated:         -                 4M (0%)            6M (0%)            6M (0%)     
[2026-01-06T22:08:52.095+0800][34.677s][info][gc,heap     ] GC(71) Y: Reclaimed:         -                  -              2158M (53%)        2158M (53%)    
[2026-01-06T22:08:52.095+0800][34.677s][info][gc,heap     ] GC(71) Y:  Promoted:         -                  -                 0M (0%)            0M (0%)     
[2026-01-06T22:08:52.095+0800][34.677s][info][gc,heap     ] GC(71) Y: Compacted:         -                  -                  -                 0M (0%)     
[2026-01-06T22:08:52.095+0800][34.677s][info][gc,phases   ] GC(71) Y: Young Generation 2164M(53%)->12M(0%) 0.002s
[2026-01-06T22:08:52.095+0800][34.677s][info][gc,phases   ] GC(71) O: Old Generation
[2026-01-06T22:08:52.099+0800][34.681s][info][gc,phases   ] GC(71) O: Concurrent Mark 4.294ms
[2026-01-06T22:08:52.099+0800][34.681s][info][gc,phases   ] GC(71) O: Pause Mark End 0.003ms
[2026-01-06T22:08:52.099+0800][34.681s][info][gc,phases   ] GC(71) O: Concurrent Mark Free 0.001ms
[2026-01-06T22:08:52.100+0800][34.681s][info][gc,phases   ] GC(71) O: Concurrent Process Non-Strong 0.148ms
[2026-01-06T22:08:52.100+0800][34.681s][info][gc,phases   ] GC(71) O: Concurrent Reset Relocation Set 0.007ms
[2026-01-06T22:08:52.100+0800][34.681s][info][gc,phases   ] GC(71) O: Concurrent Select Relocation Set 0.030ms
[2026-01-06T22:08:52.100+0800][34.681s][info][gc,task     ] GC(71) O: Using 2 Workers for Old Generation
[2026-01-06T22:08:52.100+0800][34.681s][info][gc,task     ] GC(71) O: Using 1 Workers for Old Generation
[2026-01-06T22:08:52.100+0800][34.681s][info][gc,phases   ] GC(71) O: Concurrent Remap Roots 0.045ms
[2026-01-06T22:08:52.100+0800][34.681s][info][gc,phases   ] GC(71) O: Pause Relocate Start 0.001ms
[2026-01-06T22:08:52.101+0800][34.682s][info][gc,phases   ] GC(71) O: Concurrent Relocate 0.835ms
[2026-01-06T22:08:52.101+0800][34.682s][info][gc,alloc    ] GC(71) O:                         Mark Start        Mark End      Relocate Start    Relocate End   
[2026-01-06T22:08:52.101+0800][34.682s][info][gc,alloc    ] GC(71) O: Allocation Stalls:          0                0                0                0         
[2026-01-06T22:08:52.101+0800][34.682s][info][gc,load     ] GC(71) O: Load: 2.80 (28%) / 2.03 (20%) / 2.07 (21%)
[2026-01-06T22:08:52.101+0800][34.682s][info][gc,mmu      ] GC(71) O: MMU: 2ms/92.0%, 5ms/96.7%, 10ms/98.4%, 20ms/99.2%, 50ms/99.7%, 100ms/99.8%
[2026-01-06T22:08:52.101+0800][34.682s][info][gc,marking  ] GC(71) O: Mark: 1 stripe(s), 2 proactive flush(es), 1 terminate flush(es), 0 completion(s), 0 continuation(s) 
[2026-01-06T22:08:52.101+0800][34.682s][info][gc,nmethod  ] GC(71) O: NMethods: 41 registered, 34 unregistered
[2026-01-06T22:08:52.101+0800][34.682s][info][gc,metaspace] GC(71) O: Metaspace: 0M used, 0M committed, 1088M reserved
[2026-01-06T22:08:52.101+0800][34.682s][info][gc,ref      ] GC(71) O:                       Encountered   Discovered     Enqueued 
[2026-01-06T22:08:52.101+0800][34.682s][info][gc,ref      ] GC(71) O: Soft References:                1            0            0 
[2026-01-06T22:08:52.101+0800][34.682s][info][gc,ref      ] GC(71) O: Weak References:                6            0            0 
[2026-01-06T22:08:52.101+0800][34.682s][info][gc,ref      ] GC(71) O: Final References:               0            0            0 
[2026-01-06T22:08:52.101+0800][34.682s][info][gc,ref      ] GC(71) O: Phantom References:             1            1            0 
[2026-01-06T22:08:52.101+0800][34.682s][info][gc,reloc    ] GC(71) O:                        Candidates     Selected     In-Place         Size        Empty    Relocated 
[2026-01-06T22:08:52.101+0800][34.682s][info][gc,reloc    ] GC(71) O: Small Pages:                    2            1            0           4M           0M           1M 
[2026-01-06T22:08:52.101+0800][34.682s][info][gc,reloc    ] GC(71) O: Medium Pages:                   0            0            0           0M           0M           0M 
[2026-01-06T22:08:52.101+0800][34.682s][info][gc,reloc    ] GC(71) O: Large Pages:                    0            0            0           0M           0M           0M 
[2026-01-06T22:08:52.101+0800][34.682s][info][gc,reloc    ] GC(71) O: Forwarding Usage: 0M
[2026-01-06T22:08:52.101+0800][34.682s][info][gc,heap     ] GC(71) O: Min Capacity: 8M(0%)
[2026-01-06T22:08:52.101+0800][34.682s][info][gc,heap     ] GC(71) O: Max Capacity: 4096M(100%)
[2026-01-06T22:08:52.101+0800][34.682s][info][gc,heap     ] GC(71) O: Soft Max Capacity: 3686M(90%)
[2026-01-06T22:08:52.101+0800][34.682s][info][gc,heap     ] GC(71) O: Heap Statistics:
[2026-01-06T22:08:52.101+0800][34.682s][info][gc,heap     ] GC(71) O:                Mark Start          Mark End        Relocate Start      Relocate End           High               Low         
[2026-01-06T22:08:52.101+0800][34.682s][info][gc,heap     ] GC(71) O:  Capacity:     3498M (85%)        3498M (85%)        3498M (85%)        3498M (85%)        3498M (85%)        3498M (85%)    
[2026-01-06T22:08:52.101+0800][34.682s][info][gc,heap     ] GC(71) O:      Free:     1932M (47%)        4072M (99%)        4070M (99%)        4064M (99%)        4084M (100%)       1928M (47%)    
[2026-01-06T22:08:52.101+0800][34.682s][info][gc,heap     ] GC(71) O:      Used:     2164M (53%)          24M (1%)           26M (1%)           32M (1%)         2168M (53%)          12M (0%)     
[2026-01-06T22:08:52.101+0800][34.682s][info][gc,heap     ] GC(71) O: Old Generation Statistics:
[2026-01-06T22:08:52.101+0800][34.682s][info][gc,heap     ] GC(71) O:                Mark Start          Mark End        Relocate Start      Relocate End    
[2026-01-06T22:08:52.101+0800][34.682s][info][gc,heap     ] GC(71) O:      Used:        4M (0%)            4M (0%)            4M (0%)            4M (0%)     
[2026-01-06T22:08:52.101+0800][34.682s][info][gc,heap     ] GC(71) O:      Live:         -                 1M (0%)            1M (0%)            1M (0%)     
[2026-01-06T22:08:52.101+0800][34.682s][info][gc,heap     ] GC(71) O:   Garbage:         -                 2M (0%)            2M (0%)            0M (0%)     
[2026-01-06T22:08:52.101+0800][34.682s][info][gc,heap     ] GC(71) O: Allocated:         -                 0M (0%)            0M (0%)            2M (0%)     
[2026-01-06T22:08:52.101+0800][34.682s][info][gc,heap     ] GC(71) O: Reclaimed:         -                  -                 0M (0%)            2M (0%)     
[2026-01-06T22:08:52.101+0800][34.682s][info][gc,heap     ] GC(71) O: Compacted:         -                  -                  -                 1M (0%)     
[2026-01-06T22:08:52.101+0800][34.682s][info][gc,phases   ] GC(71) O: Old Generation 12M(0%)->32M(1%) 0.005s
[2026-01-06T22:08:52.101+0800][34.682s][info][gc          ] GC(71) Major Collection (Proactive) 2164M(53%)->32M(1%) 0.007s
[2026-01-06T22:08:52.568+0800][35.149s][info][gc          ] GC(72) Minor Collection (High Usage)
[2026-01-06T22:08:52.568+0800][35.149s][info][gc,task     ] GC(72) Using 1 Workers for Young Generation
[2026-01-06T22:08:52.568+0800][35.149s][info][gc,phases   ] GC(72) y: Young Generation
[2026-01-06T22:08:52.568+0800][35.149s][info][gc,phases   ] GC(72) y: Pause Mark Start 0.007ms
[2026-01-06T22:08:52.568+0800][35.150s][info][gc,phases   ] GC(72) y: Concurrent Mark 0.323ms
[2026-01-06T22:08:52.568+0800][35.150s][info][gc,phases   ] GC(72) y: Pause Mark End 0.003ms
[2026-01-06T22:08:52.568+0800][35.150s][info][gc,phases   ] GC(72) y: Concurrent Mark Free 0.001ms
[2026-01-06T22:08:52.568+0800][35.150s][info][gc,phases   ] GC(72) y: Concurrent Reset Relocation Set 0.000ms
[2026-01-06T22:08:52.569+0800][35.151s][info][gc,reloc    ] GC(72) y: Using tenuring threshold: 1 (Computed)
[2026-01-06T22:08:52.569+0800][35.151s][info][gc,phases   ] GC(72) y: Concurrent Select Relocation Set 1.429ms
[2026-01-06T22:08:52.570+0800][35.151s][info][gc,phases   ] GC(72) y: Pause Relocate Start 0.001ms
[2026-01-06T22:08:52.570+0800][35.151s][info][gc,phases   ] GC(72) y: Concurrent Relocate 0.012ms
[2026-01-06T22:08:52.570+0800][35.151s][info][gc,alloc    ] GC(72) y:                         Mark Start        Mark End      Relocate Start    Relocate End   
[2026-01-06T22:08:52.570+0800][35.151s][info][gc,alloc    ] GC(72) y: Allocation Stalls:          0                0                0                0         
[2026-01-06T22:08:52.570+0800][35.151s][info][gc,load     ] GC(72) y: Load: 2.80 (28%) / 2.03 (20%) / 2.07 (21%)
[2026-01-06T22:08:52.570+0800][35.151s][info][gc,mmu      ] GC(72) y: MMU: 2ms/92.0%, 5ms/96.7%, 10ms/98.4%, 20ms/99.2%, 50ms/99.7%, 100ms/99.8%
[2026-01-06T22:08:52.570+0800][35.151s][info][gc,marking  ] GC(72) y: Mark: 1 stripe(s), 2 proactive flush(es), 1 terminate flush(es), 0 completion(s), 0 continuation(s) 
[2026-01-06T22:08:52.570+0800][35.151s][info][gc,nmethod  ] GC(72) y: NMethods: 41 registered, 34 unregistered
[2026-01-06T22:08:52.570+0800][35.151s][info][gc,metaspace] GC(72) y: Metaspace: 0M used, 0M committed, 1088M reserved
[2026-01-06T22:08:52.570+0800][35.151s][info][gc,reloc    ] GC(72) y:                        Candidates     Selected     In-Place         Size        Empty    Relocated 
[2026-01-06T22:08:52.570+0800][35.151s][info][gc,reloc    ] GC(72) y: Small Pages:                 1740            0            0        3480M        3478M           0M 
[2026-01-06T22:08:52.570+0800][35.151s][info][gc,reloc    ] GC(72) y: Medium Pages:                   0            0            0           0M           0M           0M 
[2026-01-06T22:08:52.570+0800][35.151s][info][gc,reloc    ] GC(72) y: Large Pages:                    0            0            0           0M           0M           0M 
[2026-01-06T22:08:52.570+0800][35.151s][info][gc,reloc    ] GC(72) y: Forwarding Usage: 0M
[2026-01-06T22:08:52.570+0800][35.151s][info][gc,reloc    ] GC(72) y: Age Table:
[2026-01-06T22:08:52.570+0800][35.151s][info][gc,reloc    ] GC(72) y:                    Live             Garbage             Small              Medium             Large        
[2026-01-06T22:08:52.570+0800][35.151s][info][gc,reloc    ] GC(72) y: Eden               0M (0%)         3477M (85%)       1739 / 0              0 / 0              0 / 0        
[2026-01-06T22:08:52.570+0800][35.151s][info][gc,reloc    ] GC(72) y: Survivor 1          -                 2M (0%)           1 / 0              0 / 0              0 / 0        
[2026-01-06T22:08:52.570+0800][35.151s][info][gc,heap     ] GC(72) y: Min Capacity: 8M(0%)
[2026-01-06T22:08:52.570+0800][35.151s][info][gc,heap     ] GC(72) y: Max Capacity: 4096M(100%)
[2026-01-06T22:08:52.570+0800][35.151s][info][gc,heap     ] GC(72) y: Soft Max Capacity: 3686M(90%)
[2026-01-06T22:08:52.570+0800][35.151s][info][gc,heap     ] GC(72) y: Heap Statistics:
[2026-01-06T22:08:52.570+0800][35.151s][info][gc,heap     ] GC(72) y:                Mark Start          Mark End        Relocate Start      Relocate End           High               Low         
[2026-01-06T22:08:52.570+0800][35.151s][info][gc,heap     ] GC(72) y:  Capacity:     3498M (85%)        3498M (85%)        3498M (85%)        3498M (85%)        3498M (85%)        3498M (85%)    
[2026-01-06T22:08:52.570+0800][35.151s][info][gc,heap     ] GC(72) y:      Free:      612M (15%)         608M (15%)        4082M (100%)       4082M (100%)       4082M (100%)        608M (15%)    
[2026-01-06T22:08:52.570+0800][35.151s][info][gc,heap     ] GC(72) y:      Used:     3484M (85%)        3488M (85%)          14M (0%)           14M (0%)         3488M (85%)          14M (0%)     
[2026-01-06T22:08:52.570+0800][35.151s][info][gc,heap     ] GC(72) y: Young Generation Statistics:
[2026-01-06T22:08:52.570+0800][35.151s][info][gc,heap     ] GC(72) y:                Mark Start          Mark End        Relocate Start      Relocate End    
[2026-01-06T22:08:52.570+0800][35.151s][info][gc,heap     ] GC(72) y:      Used:     3480M (85%)        3484M (85%)          10M (0%)           10M (0%)     
[2026-01-06T22:08:52.570+0800][35.151s][info][gc,heap     ] GC(72) y:      Live:         -                 0M (0%)            0M (0%)            0M (0%)     
[2026-01-06T22:08:52.570+0800][35.151s][info][gc,heap     ] GC(72) y:   Garbage:         -              3479M (85%)           1M (0%)            1M (0%)     
[2026-01-06T22:08:52.570+0800][35.151s][info][gc,heap     ] GC(72) y: Allocated:         -                 4M (0%)            8M (0%)            8M (0%)     
[2026-01-06T22:08:52.570+0800][35.151s][info][gc,heap     ] GC(72) y: Reclaimed:         -                  -              3478M (85%)        3478M (85%)    
[2026-01-06T22:08:52.570+0800][35.151s][info][gc,heap     ] GC(72) y:  Promoted:         -                  -                 0M (0%)            0M (0%)     
[2026-01-06T22:08:52.570+0800][35.151s][info][gc,heap     ] GC(72) y: Compacted:         -                  -                  -                 0M (0%)     
[2026-01-06T22:08:52.570+0800][35.151s][info][gc,phases   ] GC(72) y: Young Generation 3484M(85%)->14M(0%) 0.002s
[2026-01-06T22:08:52.570+0800][35.151s][info][gc          ] GC(72) Minor Collection (High Usage) 3484M(85%)->14M(0%) 0.002s
[2026-01-06T22:08:52.695+0800][35.277s][info][gc          ] GC(73) Major Collection (Proactive)
[2026-01-06T22:08:52.695+0800][35.277s][info][gc,task     ] GC(73) Using 1 Workers for Young Generation
[2026-01-06T22:08:52.695+0800][35.277s][info][gc,task     ] GC(73) Using 1 Workers for Old Generation
[2026-01-06T22:08:52.695+0800][35.277s][info][gc,phases   ] GC(73) Y: Young Generation
[2026-01-06T22:08:52.695+0800][35.277s][info][gc,phases   ] GC(73) Y: Pause Mark Start (Major) 0.011ms
[2026-01-06T22:08:52.695+0800][35.277s][info][gc,phases   ] GC(73) Y: Concurrent Mark 0.160ms
[2026-01-06T22:08:52.695+0800][35.277s][info][gc,phases   ] GC(73) Y: Pause Mark End 0.003ms
[2026-01-06T22:08:52.695+0800][35.277s][info][gc,phases   ] GC(73) Y: Concurrent Mark Free 0.000ms
[2026-01-06T22:08:52.695+0800][35.277s][info][gc,phases   ] GC(73) Y: Concurrent Reset Relocation Set 0.000ms
[2026-01-06T22:08:52.695+0800][35.277s][info][gc,reloc    ] GC(73) Y: Using tenuring threshold: 1 (Computed)
[2026-01-06T22:08:52.695+0800][35.277s][info][gc,phases   ] GC(73) Y: Concurrent Select Relocation Set 0.095ms
[2026-01-06T22:08:52.695+0800][35.277s][info][gc,phases   ] GC(73) Y: Pause Relocate Start 0.001ms
[2026-01-06T22:08:52.695+0800][35.277s][info][gc,phases   ] GC(73) Y: Concurrent Relocate 0.008ms
[2026-01-06T22:08:52.696+0800][35.277s][info][gc,alloc    ] GC(73) Y:                         Mark Start        Mark End      Relocate Start    Relocate End   
[2026-01-06T22:08:52.696+0800][35.277s][info][gc,alloc    ] GC(73) Y: Allocation Stalls:          0                0                0                0         
[2026-01-06T22:08:52.696+0800][35.277s][info][gc,load     ] GC(73) Y: Load: 2.80 (28%) / 2.03 (20%) / 2.07 (21%)
[2026-01-06T22:08:52.696+0800][35.277s][info][gc,mmu      ] GC(73) Y: MMU: 2ms/92.0%, 5ms/96.7%, 10ms/98.4%, 20ms/99.2%, 50ms/99.7%, 100ms/99.8%
[2026-01-06T22:08:52.696+0800][35.277s][info][gc,marking  ] GC(73) Y: Mark: 1 stripe(s), 2 proactive flush(es), 1 terminate flush(es), 0 completion(s), 0 continuation(s) 
[2026-01-06T22:08:52.696+0800][35.277s][info][gc,nmethod  ] GC(73) Y: NMethods: 41 registered, 34 unregistered
[2026-01-06T22:08:52.696+0800][35.277s][info][gc,metaspace] GC(73) Y: Metaspace: 0M used, 0M committed, 1088M reserved
[2026-01-06T22:08:52.696+0800][35.277s][info][gc,reloc    ] GC(73) Y:                        Candidates     Selected     In-Place         Size        Empty    Relocated 
[2026-01-06T22:08:52.696+0800][35.277s][info][gc,reloc    ] GC(73) Y: Small Pages:                  346            0            0         692M         690M           0M 
[2026-01-06T22:08:52.696+0800][35.277s][info][gc,reloc    ] GC(73) Y: Medium Pages:                   0            0            0           0M           0M           0M 
[2026-01-06T22:08:52.696+0800][35.277s][info][gc,reloc    ] GC(73) Y: Large Pages:                    0            0            0           0M           0M           0M 
[2026-01-06T22:08:52.696+0800][35.277s][info][gc,reloc    ] GC(73) Y: Forwarding Usage: 0M
[2026-01-06T22:08:52.696+0800][35.277s][info][gc,reloc    ] GC(73) Y: Age Table:
[2026-01-06T22:08:52.696+0800][35.277s][info][gc,reloc    ] GC(73) Y:                    Live             Garbage             Small              Medium             Large        
[2026-01-06T22:08:52.696+0800][35.277s][info][gc,reloc    ] GC(73) Y: Eden               0M (0%)          689M (17%)        345 / 0              0 / 0              0 / 0        
[2026-01-06T22:08:52.696+0800][35.277s][info][gc,reloc    ] GC(73) Y: Survivor 1          -                 2M (0%)           1 / 0              0 / 0              0 / 0        
[2026-01-06T22:08:52.696+0800][35.277s][info][gc,heap     ] GC(73) Y: Min Capacity: 8M(0%)
[2026-01-06T22:08:52.696+0800][35.277s][info][gc,heap     ] GC(73) Y: Max Capacity: 4096M(100%)
[2026-01-06T22:08:52.696+0800][35.277s][info][gc,heap     ] GC(73) Y: Soft Max Capacity: 3686M(90%)
[2026-01-06T22:08:52.696+0800][35.277s][info][gc,heap     ] GC(73) Y: Heap Statistics:
[2026-01-06T22:08:52.696+0800][35.277s][info][gc,heap     ] GC(73) Y:                Mark Start          Mark End        Relocate Start      Relocate End           High               Low         
[2026-01-06T22:08:52.696+0800][35.277s][info][gc,heap     ] GC(73) Y:  Capacity:     3498M (85%)        3498M (85%)        3498M (85%)        3498M (85%)        3498M (85%)        3498M (85%)    
[2026-01-06T22:08:52.696+0800][35.277s][info][gc,heap     ] GC(73) Y:      Free:     3400M (83%)        3398M (83%)        4088M (100%)       4086M (100%)       4088M (100%)       3398M (83%)    
[2026-01-06T22:08:52.696+0800][35.277s][info][gc,heap     ] GC(73) Y:      Used:      696M (17%)         698M (17%)           8M (0%)           10M (0%)          698M (17%)           8M (0%)     
[2026-01-06T22:08:52.696+0800][35.277s][info][gc,heap     ] GC(73) Y: Young Generation Statistics:
[2026-01-06T22:08:52.696+0800][35.277s][info][gc,heap     ] GC(73) Y:                Mark Start          Mark End        Relocate Start      Relocate End    
[2026-01-06T22:08:52.696+0800][35.277s][info][gc,heap     ] GC(73) Y:      Used:      692M (17%)         694M (17%)           4M (0%)            6M (0%)     
[2026-01-06T22:08:52.696+0800][35.277s][info][gc,heap     ] GC(73) Y:      Live:         -                 0M (0%)            0M (0%)            0M (0%)     
[2026-01-06T22:08:52.696+0800][35.277s][info][gc,heap     ] GC(73) Y:   Garbage:         -               691M (17%)           1M (0%)            1M (0%)     
[2026-01-06T22:08:52.696+0800][35.277s][info][gc,heap     ] GC(73) Y: Allocated:         -                 2M (0%)            2M (0%)            4M (0%)     
[2026-01-06T22:08:52.696+0800][35.277s][info][gc,heap     ] GC(73) Y: Reclaimed:         -                  -               690M (17%)         690M (17%)    
[2026-01-06T22:08:52.696+0800][35.277s][info][gc,heap     ] GC(73) Y:  Promoted:         -                  -                 0M (0%)            0M (0%)     
[2026-01-06T22:08:52.696+0800][35.277s][info][gc,heap     ] GC(73) Y: Compacted:         -                  -                  -                 0M (0%)     
[2026-01-06T22:08:52.696+0800][35.277s][info][gc,phases   ] GC(73) Y: Young Generation 696M(17%)->10M(0%) 0.000s
[2026-01-06T22:08:52.696+0800][35.277s][info][gc,phases   ] GC(73) O: Old Generation
[2026-01-06T22:08:52.698+0800][35.279s][info][gc,phases   ] GC(73) O: Concurrent Mark 2.114ms
[2026-01-06T22:08:52.698+0800][35.279s][info][gc,phases   ] GC(73) O: Pause Mark End 0.003ms
[2026-01-06T22:08:52.698+0800][35.279s][info][gc,phases   ] GC(73) O: Concurrent Mark Free 0.000ms
[2026-01-06T22:08:52.698+0800][35.279s][info][gc,phases   ] GC(73) O: Concurrent Process Non-Strong 0.118ms
[2026-01-06T22:08:52.698+0800][35.280s][info][gc,phases   ] GC(73) O: Concurrent Reset Relocation Set 0.002ms
[2026-01-06T22:08:52.698+0800][35.280s][info][gc,phases   ] GC(73) O: Concurrent Select Relocation Set 0.018ms
[2026-01-06T22:08:52.698+0800][35.280s][info][gc,task     ] GC(73) O: Using 2 Workers for Old Generation
[2026-01-06T22:08:52.698+0800][35.280s][info][gc,task     ] GC(73) O: Using 1 Workers for Old Generation
[2026-01-06T22:08:52.698+0800][35.280s][info][gc,phases   ] GC(73) O: Concurrent Remap Roots 0.037ms
[2026-01-06T22:08:52.698+0800][35.280s][info][gc,phases   ] GC(73) O: Pause Relocate Start 0.001ms
[2026-01-06T22:08:52.699+0800][35.280s][info][gc,phases   ] GC(73) O: Concurrent Relocate 0.668ms
[2026-01-06T22:08:52.699+0800][35.280s][info][gc,alloc    ] GC(73) O:                         Mark Start        Mark End      Relocate Start    Relocate End   
[2026-01-06T22:08:52.699+0800][35.280s][info][gc,alloc    ] GC(73) O: Allocation Stalls:          0                0                0                0         
[2026-01-06T22:08:52.699+0800][35.280s][info][gc,load     ] GC(73) O: Load: 2.80 (28%) / 2.03 (20%) / 2.07 (21%)
[2026-01-06T22:08:52.699+0800][35.280s][info][gc,mmu      ] GC(73) O: MMU: 2ms/92.0%, 5ms/96.7%, 10ms/98.4%, 20ms/99.2%, 50ms/99.7%, 100ms/99.8%
[2026-01-06T22:08:52.699+0800][35.280s][info][gc,marking  ] GC(73) O: Mark: 1 stripe(s), 2 proactive flush(es), 1 terminate flush(es), 0 completion(s), 0 continuation(s) 
[2026-01-06T22:08:52.699+0800][35.280s][info][gc,nmethod  ] GC(73) O: NMethods: 41 registered, 34 unregistered
[2026-01-06T22:08:52.699+0800][35.280s][info][gc,metaspace] GC(73) O: Metaspace: 0M used, 0M committed, 1088M reserved
[2026-01-06T22:08:52.699+0800][35.280s][info][gc,ref      ] GC(73) O:                       Encountered   Discovered     Enqueued 
[2026-01-06T22:08:52.699+0800][35.280s][info][gc,ref      ] GC(73) O: Soft References:                1            0            0 
[2026-01-06T22:08:52.699+0800][35.280s][info][gc,ref      ] GC(73) O: Weak References:                6            0            0 
[2026-01-06T22:08:52.699+0800][35.280s][info][gc,ref      ] GC(73) O: Final References:               0            0            0 
[2026-01-06T22:08:52.699+0800][35.280s][info][gc,ref      ] GC(73) O: Phantom References:             1            1            0 
[2026-01-06T22:08:52.699+0800][35.280s][info][gc,reloc    ] GC(73) O:                        Candidates     Selected     In-Place         Size        Empty    Relocated 
[2026-01-06T22:08:52.699+0800][35.280s][info][gc,reloc    ] GC(73) O: Small Pages:                    2            1            0           4M           0M           1M 
[2026-01-06T22:08:52.699+0800][35.280s][info][gc,reloc    ] GC(73) O: Medium Pages:                   0            0            0           0M           0M           0M 
[2026-01-06T22:08:52.699+0800][35.280s][info][gc,reloc    ] GC(73) O: Large Pages:                    0            0            0           0M           0M           0M 
[2026-01-06T22:08:52.699+0800][35.280s][info][gc,reloc    ] GC(73) O: Forwarding Usage: 0M
[2026-01-06T22:08:52.699+0800][35.280s][info][gc,heap     ] GC(73) O: Min Capacity: 8M(0%)
[2026-01-06T22:08:52.699+0800][35.280s][info][gc,heap     ] GC(73) O: Max Capacity: 4096M(100%)
[2026-01-06T22:08:52.699+0800][35.280s][info][gc,heap     ] GC(73) O: Soft Max Capacity: 3686M(90%)
[2026-01-06T22:08:52.699+0800][35.280s][info][gc,heap     ] GC(73) O: Heap Statistics:
[2026-01-06T22:08:52.699+0800][35.280s][info][gc,heap     ] GC(73) O:                Mark Start          Mark End        Relocate Start      Relocate End           High               Low         
[2026-01-06T22:08:52.699+0800][35.280s][info][gc,heap     ] GC(73) O:  Capacity:     3498M (85%)        3498M (85%)        3498M (85%)        3498M (85%)        3498M (85%)        3498M (85%)    
[2026-01-06T22:08:52.699+0800][35.280s][info][gc,heap     ] GC(73) O:      Free:     3400M (83%)        4046M (99%)        4042M (99%)        4032M (98%)        4088M (100%)       3398M (83%)    
[2026-01-06T22:08:52.699+0800][35.280s][info][gc,heap     ] GC(73) O:      Used:      696M (17%)          50M (1%)           54M (1%)           64M (2%)          698M (17%)           8M (0%)     
[2026-01-06T22:08:52.699+0800][35.280s][info][gc,heap     ] GC(73) O: Old Generation Statistics:
[2026-01-06T22:08:52.699+0800][35.280s][info][gc,heap     ] GC(73) O:                Mark Start          Mark End        Relocate Start      Relocate End    
[2026-01-06T22:08:52.699+0800][35.280s][info][gc,heap     ] GC(73) O:      Used:        4M (0%)            4M (0%)            4M (0%)            4M (0%)     
[2026-01-06T22:08:52.699+0800][35.280s][info][gc,heap     ] GC(73) O:      Live:         -                 1M (0%)            1M (0%)            1M (0%)     
[2026-01-06T22:08:52.699+0800][35.280s][info][gc,heap     ] GC(73) O:   Garbage:         -                 2M (0%)            2M (0%)            0M (0%)     
[2026-01-06T22:08:52.699+0800][35.280s][info][gc,heap     ] GC(73) O: Allocated:         -                 0M (0%)            0M (0%)            2M (0%)     
[2026-01-06T22:08:52.699+0800][35.280s][info][gc,heap     ] GC(73) O: Reclaimed:         -                  -                 0M (0%)            2M (0%)     
[2026-01-06T22:08:52.699+0800][35.280s][info][gc,heap     ] GC(73) O: Compacted:         -                  -                  -                 1M (0%)     
[2026-01-06T22:08:52.699+0800][35.280s][info][gc,phases   ] GC(73) O: Old Generation 12M(0%)->64M(2%) 0.003s
[2026-01-06T22:08:52.699+0800][35.280s][info][gc          ] GC(73) Major Collection (Proactive) 696M(17%)->66M(2%) 0.004s
[2026-01-06T22:08:53.188+0800][35.769s][info][gc          ] GC(74) Major Collection (Proactive)
[2026-01-06T22:08:53.188+0800][35.769s][info][gc,task     ] GC(74) Using 1 Workers for Young Generation
[2026-01-06T22:08:53.188+0800][35.769s][info][gc,task     ] GC(74) Using 1 Workers for Old Generation
[2026-01-06T22:08:53.188+0800][35.769s][info][gc,phases   ] GC(74) Y: Young Generation
[2026-01-06T22:08:53.188+0800][35.769s][info][gc,phases   ] GC(74) Y: Pause Mark Start (Major) 0.005ms
[2026-01-06T22:08:53.188+0800][35.770s][info][gc,phases   ] GC(74) Y: Concurrent Mark 0.321ms
[2026-01-06T22:08:53.188+0800][35.770s][info][gc,phases   ] GC(74) Y: Pause Mark End 0.003ms
[2026-01-06T22:08:53.188+0800][35.770s][info][gc,phases   ] GC(74) Y: Concurrent Mark Free 0.000ms
[2026-01-06T22:08:53.188+0800][35.770s][info][gc,phases   ] GC(74) Y: Concurrent Reset Relocation Set 0.000ms
[2026-01-06T22:08:53.189+0800][35.770s][info][gc,reloc    ] GC(74) Y: Using tenuring threshold: 1 (Computed)
[2026-01-06T22:08:53.189+0800][35.770s][info][gc,phases   ] GC(74) Y: Concurrent Select Relocation Set 0.620ms
[2026-01-06T22:08:53.189+0800][35.770s][info][gc,phases   ] GC(74) Y: Pause Relocate Start 0.001ms
[2026-01-06T22:08:53.189+0800][35.770s][info][gc,phases   ] GC(74) Y: Concurrent Relocate 0.010ms
[2026-01-06T22:08:53.189+0800][35.770s][info][gc,alloc    ] GC(74) Y:                         Mark Start        Mark End      Relocate Start    Relocate End   
[2026-01-06T22:08:53.189+0800][35.770s][info][gc,alloc    ] GC(74) Y: Allocation Stalls:          0                0                0                0         
[2026-01-06T22:08:53.189+0800][35.770s][info][gc,load     ] GC(74) Y: Load: 2.80 (28%) / 2.03 (20%) / 2.07 (21%)
[2026-01-06T22:08:53.189+0800][35.770s][info][gc,mmu      ] GC(74) Y: MMU: 2ms/92.0%, 5ms/96.7%, 10ms/98.4%, 20ms/99.2%, 50ms/99.7%, 100ms/99.8%
[2026-01-06T22:08:53.189+0800][35.770s][info][gc,marking  ] GC(74) Y: Mark: 1 stripe(s), 2 proactive flush(es), 1 terminate flush(es), 0 completion(s), 0 continuation(s) 
[2026-01-06T22:08:53.189+0800][35.770s][info][gc,nmethod  ] GC(74) Y: NMethods: 51 registered, 34 unregistered
[2026-01-06T22:08:53.189+0800][35.770s][info][gc,metaspace] GC(74) Y: Metaspace: 0M used, 0M committed, 1088M reserved
[2026-01-06T22:08:53.189+0800][35.770s][info][gc,reloc    ] GC(74) Y:                        Candidates     Selected     In-Place         Size        Empty    Relocated 
[2026-01-06T22:08:53.189+0800][35.770s][info][gc,reloc    ] GC(74) Y: Small Pages:                 1290            0            0        2580M        2578M           0M 
[2026-01-06T22:08:53.189+0800][35.770s][info][gc,reloc    ] GC(74) Y: Medium Pages:                   0            0            0           0M           0M           0M 
[2026-01-06T22:08:53.189+0800][35.770s][info][gc,reloc    ] GC(74) Y: Large Pages:                    0            0            0           0M           0M           0M 
[2026-01-06T22:08:53.189+0800][35.770s][info][gc,reloc    ] GC(74) Y: Forwarding Usage: 0M
[2026-01-06T22:08:53.189+0800][35.770s][info][gc,reloc    ] GC(74) Y: Age Table:
[2026-01-06T22:08:53.189+0800][35.770s][info][gc,reloc    ] GC(74) Y:                    Live             Garbage             Small              Medium             Large        
[2026-01-06T22:08:53.189+0800][35.770s][info][gc,reloc    ] GC(74) Y: Eden               0M (0%)         2577M (63%)       1289 / 0              0 / 0              0 / 0        
[2026-01-06T22:08:53.189+0800][35.770s][info][gc,reloc    ] GC(74) Y: Survivor 1          -                 2M (0%)           1 / 0              0 / 0              0 / 0        
[2026-01-06T22:08:53.189+0800][35.770s][info][gc,heap     ] GC(74) Y: Min Capacity: 8M(0%)
[2026-01-06T22:08:53.189+0800][35.770s][info][gc,heap     ] GC(74) Y: Max Capacity: 4096M(100%)
[2026-01-06T22:08:53.189+0800][35.770s][info][gc,heap     ] GC(74) Y: Soft Max Capacity: 3686M(90%)
[2026-01-06T22:08:53.189+0800][35.770s][info][gc,heap     ] GC(74) Y: Heap Statistics:
[2026-01-06T22:08:53.189+0800][35.770s][info][gc,heap     ] GC(74) Y:                Mark Start          Mark End        Relocate Start      Relocate End           High               Low         
[2026-01-06T22:08:53.189+0800][35.770s][info][gc,heap     ] GC(74) Y:  Capacity:     3498M (85%)        3498M (85%)        3498M (85%)        3498M (85%)        3498M (85%)        3498M (85%)    
[2026-01-06T22:08:53.189+0800][35.770s][info][gc,heap     ] GC(74) Y:      Free:     1512M (37%)        1510M (37%)        4084M (100%)       4084M (100%)       4084M (100%)       1508M (37%)    
[2026-01-06T22:08:53.189+0800][35.770s][info][gc,heap     ] GC(74) Y:      Used:     2584M (63%)        2586M (63%)          12M (0%)           12M (0%)         2588M (63%)          12M (0%)     
[2026-01-06T22:08:53.189+0800][35.770s][info][gc,heap     ] GC(74) Y: Young Generation Statistics:
[2026-01-06T22:08:53.189+0800][35.770s][info][gc,heap     ] GC(74) Y:                Mark Start          Mark End        Relocate Start      Relocate End    
[2026-01-06T22:08:53.189+0800][35.770s][info][gc,heap     ] GC(74) Y:      Used:     2580M (63%)        2582M (63%)           8M (0%)            8M (0%)     
[2026-01-06T22:08:53.189+0800][35.770s][info][gc,heap     ] GC(74) Y:      Live:         -                 0M (0%)            0M (0%)            0M (0%)     
[2026-01-06T22:08:53.189+0800][35.770s][info][gc,heap     ] GC(74) Y:   Garbage:         -              2579M (63%)           1M (0%)            1M (0%)     
[2026-01-06T22:08:53.189+0800][35.770s][info][gc,heap     ] GC(74) Y: Allocated:         -                 2M (0%)            6M (0%)            6M (0%)     
[2026-01-06T22:08:53.189+0800][35.770s][info][gc,heap     ] GC(74) Y: Reclaimed:         -                  -              2578M (63%)        2578M (63%)    
[2026-01-06T22:08:53.189+0800][35.770s][info][gc,heap     ] GC(74) Y:  Promoted:         -                  -                 0M (0%)            0M (0%)     
[2026-01-06T22:08:53.189+0800][35.770s][info][gc,heap     ] GC(74) Y: Compacted:         -                  -                  -                 0M (0%)     
[2026-01-06T22:08:53.189+0800][35.770s][info][gc,phases   ] GC(74) Y: Young Generation 2584M(63%)->12M(0%) 0.001s
[2026-01-06T22:08:53.189+0800][35.771s][info][gc,phases   ] GC(74) O: Old Generation
[2026-01-06T22:08:53.190+0800][35.772s][info][gc,phases   ] GC(74) O: Concurrent Mark 1.443ms
[2026-01-06T22:08:53.190+0800][35.772s][info][gc,phases   ] GC(74) O: Pause Mark End 0.006ms
[2026-01-06T22:08:53.190+0800][35.772s][info][gc,phases   ] GC(74) O: Concurrent Mark Free 0.000ms
[2026-01-06T22:08:53.191+0800][35.772s][info][gc,phases   ] GC(74) O: Concurrent Process Non-Strong 0.243ms
[2026-01-06T22:08:53.191+0800][35.772s][info][gc,phases   ] GC(74) O: Concurrent Reset Relocation Set 0.000ms
[2026-01-06T22:08:53.191+0800][35.772s][info][gc,phases   ] GC(74) O: Concurrent Select Relocation Set 0.019ms
[2026-01-06T22:08:53.191+0800][35.772s][info][gc,task     ] GC(74) O: Using 2 Workers for Old Generation
[2026-01-06T22:08:53.191+0800][35.772s][info][gc,task     ] GC(74) O: Using 1 Workers for Old Generation
[2026-01-06T22:08:53.191+0800][35.772s][info][gc,phases   ] GC(74) O: Concurrent Remap Roots 0.070ms
[2026-01-06T22:08:53.191+0800][35.772s][info][gc,phases   ] GC(74) O: Pause Relocate Start 0.001ms
[2026-01-06T22:08:53.191+0800][35.773s][info][gc,phases   ] GC(74) O: Concurrent Relocate 0.614ms
[2026-01-06T22:08:53.191+0800][35.773s][info][gc,alloc    ] GC(74) O:                         Mark Start        Mark End      Relocate Start    Relocate End   
[2026-01-06T22:08:53.191+0800][35.773s][info][gc,alloc    ] GC(74) O: Allocation Stalls:          0                0                0                0         
[2026-01-06T22:08:53.191+0800][35.773s][info][gc,load     ] GC(74) O: Load: 2.80 (28%) / 2.03 (20%) / 2.07 (21%)
[2026-01-06T22:08:53.191+0800][35.773s][info][gc,mmu      ] GC(74) O: MMU: 2ms/92.0%, 5ms/96.7%, 10ms/98.4%, 20ms/99.2%, 50ms/99.7%, 100ms/99.8%
[2026-01-06T22:08:53.191+0800][35.773s][info][gc,marking  ] GC(74) O: Mark: 1 stripe(s), 2 proactive flush(es), 1 terminate flush(es), 0 completion(s), 0 continuation(s) 
[2026-01-06T22:08:53.191+0800][35.773s][info][gc,nmethod  ] GC(74) O: NMethods: 49 registered, 36 unregistered
[2026-01-06T22:08:53.191+0800][35.773s][info][gc,metaspace] GC(74) O: Metaspace: 0M used, 0M committed, 1088M reserved
[2026-01-06T22:08:53.191+0800][35.773s][info][gc,ref      ] GC(74) O:                       Encountered   Discovered     Enqueued 
[2026-01-06T22:08:53.191+0800][35.773s][info][gc,ref      ] GC(74) O: Soft References:                1            0            0 
[2026-01-06T22:08:53.191+0800][35.773s][info][gc,ref      ] GC(74) O: Weak References:                6            0            0 
[2026-01-06T22:08:53.191+0800][35.773s][info][gc,ref      ] GC(74) O: Final References:               0            0            0 
[2026-01-06T22:08:53.191+0800][35.773s][info][gc,ref      ] GC(74) O: Phantom References:             1            1            0 
[2026-01-06T22:08:53.191+0800][35.773s][info][gc,reloc    ] GC(74) O:                        Candidates     Selected     In-Place         Size        Empty    Relocated 
[2026-01-06T22:08:53.191+0800][35.773s][info][gc,reloc    ] GC(74) O: Small Pages:                    2            1            0           4M           0M           1M 
[2026-01-06T22:08:53.191+0800][35.773s][info][gc,reloc    ] GC(74) O: Medium Pages:                   0            0            0           0M           0M           0M 
[2026-01-06T22:08:53.191+0800][35.773s][info][gc,reloc    ] GC(74) O: Large Pages:                    0            0            0           0M           0M           0M 
[2026-01-06T22:08:53.191+0800][35.773s][info][gc,reloc    ] GC(74) O: Forwarding Usage: 0M
[2026-01-06T22:08:53.191+0800][35.773s][info][gc,heap     ] GC(74) O: Min Capacity: 8M(0%)
[2026-01-06T22:08:53.191+0800][35.773s][info][gc,heap     ] GC(74) O: Max Capacity: 4096M(100%)
[2026-01-06T22:08:53.191+0800][35.773s][info][gc,heap     ] GC(74) O: Soft Max Capacity: 3686M(90%)
[2026-01-06T22:08:53.191+0800][35.773s][info][gc,heap     ] GC(74) O: Heap Statistics:
[2026-01-06T22:08:53.191+0800][35.773s][info][gc,heap     ] GC(74) O:                Mark Start          Mark End        Relocate Start      Relocate End           High               Low         
[2026-01-06T22:08:53.191+0800][35.773s][info][gc,heap     ] GC(74) O:  Capacity:     3498M (85%)        3498M (85%)        3498M (85%)        3498M (85%)        3498M (85%)        3498M (85%)    
[2026-01-06T22:08:53.191+0800][35.773s][info][gc,heap     ] GC(74) O:      Free:     1512M (37%)        4060M (99%)        4056M (99%)        4046M (99%)        4084M (100%)       1508M (37%)    
[2026-01-06T22:08:53.191+0800][35.773s][info][gc,heap     ] GC(74) O:      Used:     2584M (63%)          36M (1%)           40M (1%)           50M (1%)         2588M (63%)          12M (0%)     
[2026-01-06T22:08:53.191+0800][35.773s][info][gc,heap     ] GC(74) O: Old Generation Statistics:
[2026-01-06T22:08:53.191+0800][35.773s][info][gc,heap     ] GC(74) O:                Mark Start          Mark End        Relocate Start      Relocate End    
[2026-01-06T22:08:53.191+0800][35.773s][info][gc,heap     ] GC(74) O:      Used:        4M (0%)            4M (0%)            4M (0%)            4M (0%)     
[2026-01-06T22:08:53.191+0800][35.773s][info][gc,heap     ] GC(74) O:      Live:         -                 1M (0%)            1M (0%)            1M (0%)     
[2026-01-06T22:08:53.191+0800][35.773s][info][gc,heap     ] GC(74) O:   Garbage:         -                 2M (0%)            2M (0%)            0M (0%)     
[2026-01-06T22:08:53.191+0800][35.773s][info][gc,heap     ] GC(74) O: Allocated:         -                 0M (0%)            0M (0%)            2M (0%)     
[2026-01-06T22:08:53.191+0800][35.773s][info][gc,heap     ] GC(74) O: Reclaimed:         -                  -                 0M (0%)            2M (0%)     
[2026-01-06T22:08:53.191+0800][35.773s][info][gc,heap     ] GC(74) O: Compacted:         -                  -                  -                 1M (0%)     
[2026-01-06T22:08:53.191+0800][35.773s][info][gc,phases   ] GC(74) O: Old Generation 14M(0%)->50M(1%) 0.003s
[2026-01-06T22:08:53.192+0800][35.773s][info][gc          ] GC(74) Major Collection (Proactive) 2584M(63%)->52M(1%) 0.004s
[2026-01-06T22:08:53.566+0800][36.147s][info][gc          ] GC(75) Major Collection (Proactive)
[2026-01-06T22:08:53.566+0800][36.147s][info][gc,task     ] GC(75) Using 1 Workers for Young Generation
[2026-01-06T22:08:53.566+0800][36.147s][info][gc,task     ] GC(75) Using 1 Workers for Old Generation
[2026-01-06T22:08:53.566+0800][36.147s][info][gc,phases   ] GC(75) Y: Young Generation
[2026-01-06T22:08:53.566+0800][36.147s][info][gc,phases   ] GC(75) Y: Pause Mark Start (Major) 0.014ms
[2026-01-06T22:08:53.566+0800][36.148s][info][gc,phases   ] GC(75) Y: Concurrent Mark 0.496ms
[2026-01-06T22:08:53.566+0800][36.148s][info][gc,phases   ] GC(75) Y: Pause Mark End 0.004ms
[2026-01-06T22:08:53.566+0800][36.148s][info][gc,phases   ] GC(75) Y: Concurrent Mark Free 0.003ms
[2026-01-06T22:08:53.566+0800][36.148s][info][gc,phases   ] GC(75) Y: Concurrent Reset Relocation Set 0.000ms
[2026-01-06T22:08:53.569+0800][36.150s][info][gc,reloc    ] GC(75) Y: Using tenuring threshold: 1 (Computed)
[2026-01-06T22:08:53.569+0800][36.150s][info][gc,phases   ] GC(75) Y: Concurrent Select Relocation Set 2.128ms
[2026-01-06T22:08:53.569+0800][36.150s][info][gc,phases   ] GC(75) Y: Pause Relocate Start 0.001ms
[2026-01-06T22:08:53.569+0800][36.150s][info][gc,phases   ] GC(75) Y: Concurrent Relocate 0.010ms
[2026-01-06T22:08:53.569+0800][36.150s][info][gc,alloc    ] GC(75) Y:                         Mark Start        Mark End      Relocate Start    Relocate End   
[2026-01-06T22:08:53.569+0800][36.150s][info][gc,alloc    ] GC(75) Y: Allocation Stalls:          0                0                0                0         
[2026-01-06T22:08:53.569+0800][36.150s][info][gc,load     ] GC(75) Y: Load: 2.80 (28%) / 2.03 (20%) / 2.07 (21%)
[2026-01-06T22:08:53.569+0800][36.150s][info][gc,mmu      ] GC(75) Y: MMU: 2ms/92.0%, 5ms/96.7%, 10ms/98.4%, 20ms/99.2%, 50ms/99.7%, 100ms/99.8%
[2026-01-06T22:08:53.569+0800][36.150s][info][gc,marking  ] GC(75) Y: Mark: 1 stripe(s), 2 proactive flush(es), 1 terminate flush(es), 0 completion(s), 0 continuation(s) 
[2026-01-06T22:08:53.569+0800][36.150s][info][gc,nmethod  ] GC(75) Y: NMethods: 49 registered, 36 unregistered
[2026-01-06T22:08:53.569+0800][36.150s][info][gc,metaspace] GC(75) Y: Metaspace: 0M used, 0M committed, 1088M reserved
[2026-01-06T22:08:53.569+0800][36.150s][info][gc,reloc    ] GC(75) Y:                        Candidates     Selected     In-Place         Size        Empty    Relocated 
[2026-01-06T22:08:53.569+0800][36.150s][info][gc,reloc    ] GC(75) Y: Small Pages:                 1545            0            0        3090M        3088M           0M 
[2026-01-06T22:08:53.569+0800][36.150s][info][gc,reloc    ] GC(75) Y: Medium Pages:                   0            0            0           0M           0M           0M 
[2026-01-06T22:08:53.569+0800][36.150s][info][gc,reloc    ] GC(75) Y: Large Pages:                    0            0            0           0M           0M           0M 
[2026-01-06T22:08:53.569+0800][36.150s][info][gc,reloc    ] GC(75) Y: Forwarding Usage: 0M
[2026-01-06T22:08:53.569+0800][36.150s][info][gc,reloc    ] GC(75) Y: Age Table:
[2026-01-06T22:08:53.569+0800][36.150s][info][gc,reloc    ] GC(75) Y:                    Live             Garbage             Small              Medium             Large        
[2026-01-06T22:08:53.569+0800][36.150s][info][gc,reloc    ] GC(75) Y: Eden               0M (0%)         3087M (75%)       1544 / 0              0 / 0              0 / 0        
[2026-01-06T22:08:53.569+0800][36.150s][info][gc,reloc    ] GC(75) Y: Survivor 1          -                 2M (0%)           1 / 0              0 / 0              0 / 0        
[2026-01-06T22:08:53.569+0800][36.150s][info][gc,heap     ] GC(75) Y: Min Capacity: 8M(0%)
[2026-01-06T22:08:53.569+0800][36.150s][info][gc,heap     ] GC(75) Y: Max Capacity: 4096M(100%)
[2026-01-06T22:08:53.569+0800][36.150s][info][gc,heap     ] GC(75) Y: Soft Max Capacity: 3686M(90%)
[2026-01-06T22:08:53.569+0800][36.150s][info][gc,heap     ] GC(75) Y: Heap Statistics:
[2026-01-06T22:08:53.569+0800][36.150s][info][gc,heap     ] GC(75) Y:                Mark Start          Mark End        Relocate Start      Relocate End           High               Low         
[2026-01-06T22:08:53.569+0800][36.150s][info][gc,heap     ] GC(75) Y:  Capacity:     3498M (85%)        3498M (85%)        3498M (85%)        3498M (85%)        3498M (85%)        3498M (85%)    
[2026-01-06T22:08:53.569+0800][36.150s][info][gc,heap     ] GC(75) Y:      Free:     1002M (24%)         998M (24%)        4082M (100%)       4082M (100%)       4082M (100%)        998M (24%)    
[2026-01-06T22:08:53.569+0800][36.150s][info][gc,heap     ] GC(75) Y:      Used:     3094M (76%)        3098M (76%)          14M (0%)           14M (0%)         3098M (76%)          14M (0%)     
[2026-01-06T22:08:53.569+0800][36.150s][info][gc,heap     ] GC(75) Y: Young Generation Statistics:
[2026-01-06T22:08:53.569+0800][36.150s][info][gc,heap     ] GC(75) Y:                Mark Start          Mark End        Relocate Start      Relocate End    
[2026-01-06T22:08:53.569+0800][36.150s][info][gc,heap     ] GC(75) Y:      Used:     3090M (75%)        3094M (76%)          10M (0%)           10M (0%)     
[2026-01-06T22:08:53.569+0800][36.150s][info][gc,heap     ] GC(75) Y:      Live:         -                 0M (0%)            0M (0%)            0M (0%)     
[2026-01-06T22:08:53.569+0800][36.150s][info][gc,heap     ] GC(75) Y:   Garbage:         -              3089M (75%)           1M (0%)            1M (0%)     
[2026-01-06T22:08:53.569+0800][36.150s][info][gc,heap     ] GC(75) Y: Allocated:         -                 4M (0%)            8M (0%)            8M (0%)     
[2026-01-06T22:08:53.569+0800][36.150s][info][gc,heap     ] GC(75) Y: Reclaimed:         -                  -              3088M (75%)        3088M (75%)    
[2026-01-06T22:08:53.569+0800][36.150s][info][gc,heap     ] GC(75) Y:  Promoted:         -                  -                 0M (0%)            0M (0%)     
[2026-01-06T22:08:53.569+0800][36.150s][info][gc,heap     ] GC(75) Y: Compacted:         -                  -                  -                 0M (0%)     
[2026-01-06T22:08:53.569+0800][36.150s][info][gc,phases   ] GC(75) Y: Young Generation 3094M(76%)->14M(0%) 0.003s
[2026-01-06T22:08:53.569+0800][36.150s][info][gc,phases   ] GC(75) O: Old Generation
[2026-01-06T22:08:53.572+0800][36.154s][info][gc,phases   ] GC(75) O: Concurrent Mark 3.178ms
[2026-01-06T22:08:53.572+0800][36.154s][info][gc,phases   ] GC(75) O: Pause Mark End 0.004ms
[2026-01-06T22:08:53.572+0800][36.154s][info][gc,phases   ] GC(75) O: Concurrent Mark Free 0.000ms
[2026-01-06T22:08:53.572+0800][36.154s][info][gc,phases   ] GC(75) O: Concurrent Process Non-Strong 0.328ms
[2026-01-06T22:08:53.572+0800][36.154s][info][gc,phases   ] GC(75) O: Concurrent Reset Relocation Set 0.006ms
[2026-01-06T22:08:53.572+0800][36.154s][info][gc,phases   ] GC(75) O: Concurrent Select Relocation Set 0.036ms
[2026-01-06T22:08:53.572+0800][36.154s][info][gc,task     ] GC(75) O: Using 2 Workers for Old Generation
[2026-01-06T22:08:53.572+0800][36.154s][info][gc,task     ] GC(75) O: Using 1 Workers for Old Generation
[2026-01-06T22:08:53.572+0800][36.154s][info][gc,phases   ] GC(75) O: Concurrent Remap Roots 0.060ms
[2026-01-06T22:08:53.572+0800][36.154s][info][gc,phases   ] GC(75) O: Pause Relocate Start 0.002ms
[2026-01-06T22:08:53.573+0800][36.155s][info][gc,phases   ] GC(75) O: Concurrent Relocate 0.919ms
[2026-01-06T22:08:53.573+0800][36.155s][info][gc,alloc    ] GC(75) O:                         Mark Start        Mark End      Relocate Start    Relocate End   
[2026-01-06T22:08:53.573+0800][36.155s][info][gc,alloc    ] GC(75) O: Allocation Stalls:          0                0                0                0         
[2026-01-06T22:08:53.573+0800][36.155s][info][gc,load     ] GC(75) O: Load: 2.80 (28%) / 2.03 (20%) / 2.07 (21%)
[2026-01-06T22:08:53.573+0800][36.155s][info][gc,mmu      ] GC(75) O: MMU: 2ms/92.0%, 5ms/96.7%, 10ms/98.4%, 20ms/99.2%, 50ms/99.7%, 100ms/99.8%
[2026-01-06T22:08:53.573+0800][36.155s][info][gc,marking  ] GC(75) O: Mark: 1 stripe(s), 2 proactive flush(es), 1 terminate flush(es), 0 completion(s), 0 continuation(s) 
[2026-01-06T22:08:53.573+0800][36.155s][info][gc,nmethod  ] GC(75) O: NMethods: 49 registered, 36 unregistered
[2026-01-06T22:08:53.573+0800][36.155s][info][gc,metaspace] GC(75) O: Metaspace: 0M used, 0M committed, 1088M reserved
[2026-01-06T22:08:53.573+0800][36.155s][info][gc,ref      ] GC(75) O:                       Encountered   Discovered     Enqueued 
[2026-01-06T22:08:53.573+0800][36.155s][info][gc,ref      ] GC(75) O: Soft References:                1            0            0 
[2026-01-06T22:08:53.573+0800][36.155s][info][gc,ref      ] GC(75) O: Weak References:                6            0            0 
[2026-01-06T22:08:53.573+0800][36.155s][info][gc,ref      ] GC(75) O: Final References:               0            0            0 
[2026-01-06T22:08:53.573+0800][36.155s][info][gc,ref      ] GC(75) O: Phantom References:             1            1            0 
[2026-01-06T22:08:53.573+0800][36.155s][info][gc,reloc    ] GC(75) O:                        Candidates     Selected     In-Place         Size        Empty    Relocated 
[2026-01-06T22:08:53.573+0800][36.155s][info][gc,reloc    ] GC(75) O: Small Pages:                    2            1            0           4M           0M           1M 
[2026-01-06T22:08:53.573+0800][36.155s][info][gc,reloc    ] GC(75) O: Medium Pages:                   0            0            0           0M           0M           0M 
[2026-01-06T22:08:53.573+0800][36.155s][info][gc,reloc    ] GC(75) O: Large Pages:                    0            0            0           0M           0M           0M 
[2026-01-06T22:08:53.573+0800][36.155s][info][gc,reloc    ] GC(75) O: Forwarding Usage: 0M
[2026-01-06T22:08:53.573+0800][36.155s][info][gc,heap     ] GC(75) O: Min Capacity: 8M(0%)
[2026-01-06T22:08:53.573+0800][36.155s][info][gc,heap     ] GC(75) O: Max Capacity: 4096M(100%)
[2026-01-06T22:08:53.573+0800][36.155s][info][gc,heap     ] GC(75) O: Soft Max Capacity: 3686M(90%)
[2026-01-06T22:08:53.573+0800][36.155s][info][gc,heap     ] GC(75) O: Heap Statistics:
[2026-01-06T22:08:53.573+0800][36.155s][info][gc,heap     ] GC(75) O:                Mark Start          Mark End        Relocate Start      Relocate End           High               Low         
[2026-01-06T22:08:53.573+0800][36.155s][info][gc,heap     ] GC(75) O:  Capacity:     3498M (85%)        3498M (85%)        3498M (85%)        3498M (85%)        3498M (85%)        3498M (85%)    
[2026-01-06T22:08:53.573+0800][36.155s][info][gc,heap     ] GC(75) O:      Free:     1002M (24%)        4066M (99%)        4062M (99%)        4058M (99%)        4082M (100%)        998M (24%)    
[2026-01-06T22:08:53.573+0800][36.155s][info][gc,heap     ] GC(75) O:      Used:     3094M (76%)          30M (1%)           34M (1%)           38M (1%)         3098M (76%)          14M (0%)     
[2026-01-06T22:08:53.573+0800][36.155s][info][gc,heap     ] GC(75) O: Old Generation Statistics:
[2026-01-06T22:08:53.573+0800][36.155s][info][gc,heap     ] GC(75) O:                Mark Start          Mark End        Relocate Start      Relocate End    
[2026-01-06T22:08:53.573+0800][36.155s][info][gc,heap     ] GC(75) O:      Used:        4M (0%)            4M (0%)            4M (0%)            4M (0%)     
[2026-01-06T22:08:53.573+0800][36.155s][info][gc,heap     ] GC(75) O:      Live:         -                 1M (0%)            1M (0%)            1M (0%)     
[2026-01-06T22:08:53.573+0800][36.155s][info][gc,heap     ] GC(75) O:   Garbage:         -                 2M (0%)            2M (0%)            0M (0%)     
[2026-01-06T22:08:53.573+0800][36.155s][info][gc,heap     ] GC(75) O: Allocated:         -                 0M (0%)            0M (0%)            2M (0%)     
[2026-01-06T22:08:53.573+0800][36.155s][info][gc,heap     ] GC(75) O: Reclaimed:         -                  -                 0M (0%)            2M (0%)     
[2026-01-06T22:08:53.573+0800][36.155s][info][gc,heap     ] GC(75) O: Compacted:         -                  -                  -                 1M (0%)     
[2026-01-06T22:08:53.573+0800][36.155s][info][gc,phases   ] GC(75) O: Old Generation 14M(0%)->38M(1%) 0.005s
[2026-01-06T22:08:53.573+0800][36.155s][info][gc          ] GC(75) Major Collection (Proactive) 3094M(76%)->40M(1%) 0.008s
[2026-01-06T22:08:54.044+0800][36.626s][info][gc          ] GC(76) Minor Collection (High Usage)
[2026-01-06T22:08:54.044+0800][36.626s][info][gc,task     ] GC(76) Using 1 Workers for Young Generation
[2026-01-06T22:08:54.044+0800][36.626s][info][gc,phases   ] GC(76) y: Young Generation
[2026-01-06T22:08:54.044+0800][36.626s][info][gc,phases   ] GC(76) y: Pause Mark Start 0.010ms
[2026-01-06T22:08:54.045+0800][36.627s][info][gc,phases   ] GC(76) y: Concurrent Mark 0.578ms
[2026-01-06T22:08:54.045+0800][36.627s][info][gc,phases   ] GC(76) y: Pause Mark End 0.004ms
[2026-01-06T22:08:54.045+0800][36.627s][info][gc,phases   ] GC(76) y: Concurrent Mark Free 0.001ms
[2026-01-06T22:08:54.045+0800][36.627s][info][gc,phases   ] GC(76) y: Concurrent Reset Relocation Set 0.000ms
[2026-01-06T22:08:54.049+0800][36.630s][info][gc,reloc    ] GC(76) y: Using tenuring threshold: 1 (Computed)
[2026-01-06T22:08:54.049+0800][36.630s][info][gc,phases   ] GC(76) y: Concurrent Select Relocation Set 3.833ms
[2026-01-06T22:08:54.049+0800][36.630s][info][gc,phases   ] GC(76) y: Pause Relocate Start 0.002ms
[2026-01-06T22:08:54.049+0800][36.630s][info][gc,phases   ] GC(76) y: Concurrent Relocate 0.008ms
[2026-01-06T22:08:54.049+0800][36.631s][info][gc,alloc    ] GC(76) y:                         Mark Start        Mark End      Relocate Start    Relocate End   
[2026-01-06T22:08:54.049+0800][36.631s][info][gc,alloc    ] GC(76) y: Allocation Stalls:          0                0                0                0         
[2026-01-06T22:08:54.049+0800][36.631s][info][gc,load     ] GC(76) y: Load: 2.80 (28%) / 2.03 (20%) / 2.07 (21%)
[2026-01-06T22:08:54.049+0800][36.631s][info][gc,mmu      ] GC(76) y: MMU: 2ms/92.0%, 5ms/96.7%, 10ms/98.4%, 20ms/99.2%, 50ms/99.7%, 100ms/99.8%
[2026-01-06T22:08:54.049+0800][36.631s][info][gc,marking  ] GC(76) y: Mark: 1 stripe(s), 2 proactive flush(es), 1 terminate flush(es), 0 completion(s), 0 continuation(s) 
[2026-01-06T22:08:54.049+0800][36.631s][info][gc,nmethod  ] GC(76) y: NMethods: 49 registered, 36 unregistered
[2026-01-06T22:08:54.049+0800][36.631s][info][gc,metaspace] GC(76) y: Metaspace: 0M used, 0M committed, 1088M reserved
[2026-01-06T22:08:54.049+0800][36.631s][info][gc,reloc    ] GC(76) y:                        Candidates     Selected     In-Place         Size        Empty    Relocated 
[2026-01-06T22:08:54.049+0800][36.631s][info][gc,reloc    ] GC(76) y: Small Pages:                 1740            0            0        3480M        3478M           0M 
[2026-01-06T22:08:54.049+0800][36.631s][info][gc,reloc    ] GC(76) y: Medium Pages:                   0            0            0           0M           0M           0M 
[2026-01-06T22:08:54.049+0800][36.631s][info][gc,reloc    ] GC(76) y: Large Pages:                    0            0            0           0M           0M           0M 
[2026-01-06T22:08:54.049+0800][36.631s][info][gc,reloc    ] GC(76) y: Forwarding Usage: 0M
[2026-01-06T22:08:54.049+0800][36.631s][info][gc,reloc    ] GC(76) y: Age Table:
[2026-01-06T22:08:54.049+0800][36.631s][info][gc,reloc    ] GC(76) y:                    Live             Garbage             Small              Medium             Large        
[2026-01-06T22:08:54.049+0800][36.631s][info][gc,reloc    ] GC(76) y: Eden               0M (0%)         3477M (85%)       1739 / 0              0 / 0              0 / 0        
[2026-01-06T22:08:54.049+0800][36.631s][info][gc,reloc    ] GC(76) y: Survivor 1          -                 2M (0%)           1 / 0              0 / 0              0 / 0        
[2026-01-06T22:08:54.049+0800][36.631s][info][gc,heap     ] GC(76) y: Min Capacity: 8M(0%)
[2026-01-06T22:08:54.049+0800][36.631s][info][gc,heap     ] GC(76) y: Max Capacity: 4096M(100%)
[2026-01-06T22:08:54.049+0800][36.631s][info][gc,heap     ] GC(76) y: Soft Max Capacity: 3686M(90%)
[2026-01-06T22:08:54.049+0800][36.631s][info][gc,heap     ] GC(76) y: Heap Statistics:
[2026-01-06T22:08:54.049+0800][36.631s][info][gc,heap     ] GC(76) y:                Mark Start          Mark End        Relocate Start      Relocate End           High               Low         
[2026-01-06T22:08:54.049+0800][36.631s][info][gc,heap     ] GC(76) y:  Capacity:     3498M (85%)        3498M (85%)        3498M (85%)        3498M (85%)        3498M (85%)        3498M (85%)    
[2026-01-06T22:08:54.049+0800][36.631s][info][gc,heap     ] GC(76) y:      Free:      612M (15%)         608M (15%)        4078M (100%)       4078M (100%)       4078M (100%)        608M (15%)    
[2026-01-06T22:08:54.049+0800][36.631s][info][gc,heap     ] GC(76) y:      Used:     3484M (85%)        3488M (85%)          18M (0%)           18M (0%)         3488M (85%)          18M (0%)     
[2026-01-06T22:08:54.049+0800][36.631s][info][gc,heap     ] GC(76) y: Young Generation Statistics:
[2026-01-06T22:08:54.049+0800][36.631s][info][gc,heap     ] GC(76) y:                Mark Start          Mark End        Relocate Start      Relocate End    
[2026-01-06T22:08:54.049+0800][36.631s][info][gc,heap     ] GC(76) y:      Used:     3480M (85%)        3484M (85%)          14M (0%)           14M (0%)     
[2026-01-06T22:08:54.049+0800][36.631s][info][gc,heap     ] GC(76) y:      Live:         -                 0M (0%)            0M (0%)            0M (0%)     
[2026-01-06T22:08:54.049+0800][36.631s][info][gc,heap     ] GC(76) y:   Garbage:         -              3479M (85%)           1M (0%)            1M (0%)     
[2026-01-06T22:08:54.049+0800][36.631s][info][gc,heap     ] GC(76) y: Allocated:         -                 4M (0%)           12M (0%)           12M (0%)     
[2026-01-06T22:08:54.049+0800][36.631s][info][gc,heap     ] GC(76) y: Reclaimed:         -                  -              3478M (85%)        3478M (85%)    
[2026-01-06T22:08:54.049+0800][36.631s][info][gc,heap     ] GC(76) y:  Promoted:         -                  -                 0M (0%)            0M (0%)     
[2026-01-06T22:08:54.049+0800][36.631s][info][gc,heap     ] GC(76) y: Compacted:         -                  -                  -                 0M (0%)     
[2026-01-06T22:08:54.049+0800][36.631s][info][gc,phases   ] GC(76) y: Young Generation 3484M(85%)->18M(0%) 0.005s
[2026-01-06T22:08:54.049+0800][36.631s][info][gc          ] GC(76) Minor Collection (High Usage) 3484M(85%)->20M(0%) 0.005s
[2026-01-06T22:08:54.314+0800][36.896s][info][gc          ] GC(77) Major Collection (Proactive)
[2026-01-06T22:08:54.314+0800][36.896s][info][gc,task     ] GC(77) Using 1 Workers for Young Generation
[2026-01-06T22:08:54.314+0800][36.896s][info][gc,task     ] GC(77) Using 1 Workers for Old Generation
[2026-01-06T22:08:54.314+0800][36.896s][info][gc,phases   ] GC(77) Y: Young Generation
[2026-01-06T22:08:54.314+0800][36.896s][info][gc,phases   ] GC(77) Y: Pause Mark Start (Major) 0.007ms
[2026-01-06T22:08:54.314+0800][36.896s][info][gc,phases   ] GC(77) Y: Concurrent Mark 0.219ms
[2026-01-06T22:08:54.314+0800][36.896s][info][gc,phases   ] GC(77) Y: Pause Mark End 0.003ms
[2026-01-06T22:08:54.314+0800][36.896s][info][gc,phases   ] GC(77) Y: Concurrent Mark Free 0.000ms
[2026-01-06T22:08:54.314+0800][36.896s][info][gc,phases   ] GC(77) Y: Concurrent Reset Relocation Set 0.000ms
[2026-01-06T22:08:54.314+0800][36.896s][info][gc,reloc    ] GC(77) Y: Using tenuring threshold: 1 (Computed)
[2026-01-06T22:08:54.314+0800][36.896s][info][gc,phases   ] GC(77) Y: Concurrent Select Relocation Set 0.141ms
[2026-01-06T22:08:54.314+0800][36.896s][info][gc,phases   ] GC(77) Y: Pause Relocate Start 0.002ms
[2026-01-06T22:08:54.314+0800][36.896s][info][gc,phases   ] GC(77) Y: Concurrent Relocate 0.012ms
[2026-01-06T22:08:54.314+0800][36.896s][info][gc,alloc    ] GC(77) Y:                         Mark Start        Mark End      Relocate Start    Relocate End   
[2026-01-06T22:08:54.315+0800][36.896s][info][gc,alloc    ] GC(77) Y: Allocation Stalls:          0                0                0                0         
[2026-01-06T22:08:54.315+0800][36.896s][info][gc,load     ] GC(77) Y: Load: 2.80 (28%) / 2.03 (20%) / 2.07 (21%)
[2026-01-06T22:08:54.315+0800][36.896s][info][gc,mmu      ] GC(77) Y: MMU: 2ms/92.0%, 5ms/96.7%, 10ms/98.4%, 20ms/99.2%, 50ms/99.7%, 100ms/99.8%
[2026-01-06T22:08:54.315+0800][36.896s][info][gc,marking  ] GC(77) Y: Mark: 1 stripe(s), 2 proactive flush(es), 1 terminate flush(es), 0 completion(s), 0 continuation(s) 
[2026-01-06T22:08:54.315+0800][36.896s][info][gc,nmethod  ] GC(77) Y: NMethods: 49 registered, 36 unregistered
[2026-01-06T22:08:54.315+0800][36.896s][info][gc,metaspace] GC(77) Y: Metaspace: 0M used, 0M committed, 1088M reserved
[2026-01-06T22:08:54.315+0800][36.896s][info][gc,reloc    ] GC(77) Y:                        Candidates     Selected     In-Place         Size        Empty    Relocated 
[2026-01-06T22:08:54.315+0800][36.896s][info][gc,reloc    ] GC(77) Y: Small Pages:                  616            0            0        1232M        1230M           0M 
[2026-01-06T22:08:54.315+0800][36.896s][info][gc,reloc    ] GC(77) Y: Medium Pages:                   0            0            0           0M           0M           0M 
[2026-01-06T22:08:54.315+0800][36.896s][info][gc,reloc    ] GC(77) Y: Large Pages:                    0            0            0           0M           0M           0M 
[2026-01-06T22:08:54.315+0800][36.896s][info][gc,reloc    ] GC(77) Y: Forwarding Usage: 0M
[2026-01-06T22:08:54.315+0800][36.896s][info][gc,reloc    ] GC(77) Y: Age Table:
[2026-01-06T22:08:54.315+0800][36.896s][info][gc,reloc    ] GC(77) Y:                    Live             Garbage             Small              Medium             Large        
[2026-01-06T22:08:54.315+0800][36.896s][info][gc,reloc    ] GC(77) Y: Eden               0M (0%)         1229M (30%)        615 / 0              0 / 0              0 / 0        
[2026-01-06T22:08:54.315+0800][36.896s][info][gc,reloc    ] GC(77) Y: Survivor 1          -                 2M (0%)           1 / 0              0 / 0              0 / 0        
[2026-01-06T22:08:54.315+0800][36.896s][info][gc,heap     ] GC(77) Y: Min Capacity: 8M(0%)
[2026-01-06T22:08:54.315+0800][36.896s][info][gc,heap     ] GC(77) Y: Max Capacity: 4096M(100%)
[2026-01-06T22:08:54.315+0800][36.896s][info][gc,heap     ] GC(77) Y: Soft Max Capacity: 3686M(90%)
[2026-01-06T22:08:54.315+0800][36.896s][info][gc,heap     ] GC(77) Y: Heap Statistics:
[2026-01-06T22:08:54.315+0800][36.896s][info][gc,heap     ] GC(77) Y:                Mark Start          Mark End        Relocate Start      Relocate End           High               Low         
[2026-01-06T22:08:54.315+0800][36.896s][info][gc,heap     ] GC(77) Y:  Capacity:     3498M (85%)        3498M (85%)        3498M (85%)        3498M (85%)        3498M (85%)        3498M (85%)    
[2026-01-06T22:08:54.315+0800][36.896s][info][gc,heap     ] GC(77) Y:      Free:     2860M (70%)        2858M (70%)        4086M (100%)       4086M (100%)       4088M (100%)       2858M (70%)    
[2026-01-06T22:08:54.315+0800][36.896s][info][gc,heap     ] GC(77) Y:      Used:     1236M (30%)        1238M (30%)          10M (0%)           10M (0%)         1238M (30%)           8M (0%)     
[2026-01-06T22:08:54.315+0800][36.896s][info][gc,heap     ] GC(77) Y: Young Generation Statistics:
[2026-01-06T22:08:54.315+0800][36.896s][info][gc,heap     ] GC(77) Y:                Mark Start          Mark End        Relocate Start      Relocate End    
[2026-01-06T22:08:54.315+0800][36.896s][info][gc,heap     ] GC(77) Y:      Used:     1232M (30%)        1234M (30%)           6M (0%)            6M (0%)     
[2026-01-06T22:08:54.315+0800][36.896s][info][gc,heap     ] GC(77) Y:      Live:         -                 0M (0%)            0M (0%)            0M (0%)     
[2026-01-06T22:08:54.315+0800][36.896s][info][gc,heap     ] GC(77) Y:   Garbage:         -              1231M (30%)           1M (0%)            1M (0%)     
[2026-01-06T22:08:54.315+0800][36.896s][info][gc,heap     ] GC(77) Y: Allocated:         -                 2M (0%)            4M (0%)            4M (0%)     
[2026-01-06T22:08:54.315+0800][36.896s][info][gc,heap     ] GC(77) Y: Reclaimed:         -                  -              1230M (30%)        1230M (30%)    
[2026-01-06T22:08:54.315+0800][36.896s][info][gc,heap     ] GC(77) Y:  Promoted:         -                  -                 0M (0%)            0M (0%)     
[2026-01-06T22:08:54.315+0800][36.896s][info][gc,heap     ] GC(77) Y: Compacted:         -                  -                  -                 0M (0%)     
[2026-01-06T22:08:54.315+0800][36.896s][info][gc,phases   ] GC(77) Y: Young Generation 1236M(30%)->10M(0%) 0.001s
[2026-01-06T22:08:54.315+0800][36.896s][info][gc,phases   ] GC(77) O: Old Generation
[2026-01-06T22:08:54.317+0800][36.899s][info][gc,phases   ] GC(77) O: Concurrent Mark 2.399ms
[2026-01-06T22:08:54.317+0800][36.899s][info][gc,phases   ] GC(77) O: Pause Mark End 0.003ms
[2026-01-06T22:08:54.317+0800][36.899s][info][gc,phases   ] GC(77) O: Concurrent Mark Free 0.001ms
[2026-01-06T22:08:54.317+0800][36.899s][info][gc,phases   ] GC(77) O: Concurrent Process Non-Strong 0.248ms
[2026-01-06T22:08:54.317+0800][36.899s][info][gc,phases   ] GC(77) O: Concurrent Reset Relocation Set 0.003ms
[2026-01-06T22:08:54.317+0800][36.899s][info][gc,phases   ] GC(77) O: Concurrent Select Relocation Set 0.018ms
[2026-01-06T22:08:54.317+0800][36.899s][info][gc,task     ] GC(77) O: Using 2 Workers for Old Generation
[2026-01-06T22:08:54.317+0800][36.899s][info][gc,task     ] GC(77) O: Using 1 Workers for Old Generation
[2026-01-06T22:08:54.317+0800][36.899s][info][gc,phases   ] GC(77) O: Concurrent Remap Roots 0.075ms
[2026-01-06T22:08:54.317+0800][36.899s][info][gc,phases   ] GC(77) O: Pause Relocate Start 0.001ms
[2026-01-06T22:08:54.323+0800][36.904s][info][gc,phases   ] GC(77) O: Concurrent Relocate 5.168ms
[2026-01-06T22:08:54.323+0800][36.904s][info][gc,alloc    ] GC(77) O:                         Mark Start        Mark End      Relocate Start    Relocate End   
[2026-01-06T22:08:54.323+0800][36.904s][info][gc,alloc    ] GC(77) O: Allocation Stalls:          0                0                0                0         
[2026-01-06T22:08:54.323+0800][36.904s][info][gc,load     ] GC(77) O: Load: 2.80 (28%) / 2.03 (20%) / 2.07 (21%)
[2026-01-06T22:08:54.323+0800][36.904s][info][gc,mmu      ] GC(77) O: MMU: 2ms/92.0%, 5ms/96.7%, 10ms/98.4%, 20ms/99.2%, 50ms/99.7%, 100ms/99.8%
[2026-01-06T22:08:54.323+0800][36.904s][info][gc,marking  ] GC(77) O: Mark: 1 stripe(s), 2 proactive flush(es), 1 terminate flush(es), 0 completion(s), 0 continuation(s) 
[2026-01-06T22:08:54.323+0800][36.904s][info][gc,nmethod  ] GC(77) O: NMethods: 49 registered, 36 unregistered
[2026-01-06T22:08:54.323+0800][36.904s][info][gc,metaspace] GC(77) O: Metaspace: 0M used, 0M committed, 1088M reserved
[2026-01-06T22:08:54.323+0800][36.904s][info][gc,ref      ] GC(77) O:                       Encountered   Discovered     Enqueued 
[2026-01-06T22:08:54.323+0800][36.904s][info][gc,ref      ] GC(77) O: Soft References:                1            0            0 
[2026-01-06T22:08:54.323+0800][36.904s][info][gc,ref      ] GC(77) O: Weak References:                6            0            0 
[2026-01-06T22:08:54.323+0800][36.904s][info][gc,ref      ] GC(77) O: Final References:               0            0            0 
[2026-01-06T22:08:54.323+0800][36.904s][info][gc,ref      ] GC(77) O: Phantom References:             1            1            0 
[2026-01-06T22:08:54.323+0800][36.904s][info][gc,reloc    ] GC(77) O:                        Candidates     Selected     In-Place         Size        Empty    Relocated 
[2026-01-06T22:08:54.323+0800][36.904s][info][gc,reloc    ] GC(77) O: Small Pages:                    2            1            0           4M           0M           1M 
[2026-01-06T22:08:54.323+0800][36.904s][info][gc,reloc    ] GC(77) O: Medium Pages:                   0            0            0           0M           0M           0M 
[2026-01-06T22:08:54.323+0800][36.904s][info][gc,reloc    ] GC(77) O: Large Pages:                    0            0            0           0M           0M           0M 
[2026-01-06T22:08:54.323+0800][36.904s][info][gc,reloc    ] GC(77) O: Forwarding Usage: 0M
[2026-01-06T22:08:54.323+0800][36.904s][info][gc,heap     ] GC(77) O: Min Capacity: 8M(0%)
[2026-01-06T22:08:54.323+0800][36.904s][info][gc,heap     ] GC(77) O: Max Capacity: 4096M(100%)
[2026-01-06T22:08:54.323+0800][36.904s][info][gc,heap     ] GC(77) O: Soft Max Capacity: 3686M(90%)
[2026-01-06T22:08:54.323+0800][36.904s][info][gc,heap     ] GC(77) O: Heap Statistics:
[2026-01-06T22:08:54.323+0800][36.904s][info][gc,heap     ] GC(77) O:                Mark Start          Mark End        Relocate Start      Relocate End           High               Low         
[2026-01-06T22:08:54.323+0800][36.904s][info][gc,heap     ] GC(77) O:  Capacity:     3498M (85%)        3498M (85%)        3498M (85%)        3498M (85%)        3498M (85%)        3498M (85%)    
[2026-01-06T22:08:54.323+0800][36.904s][info][gc,heap     ] GC(77) O:      Free:     2860M (70%)        4040M (99%)        4036M (99%)        4032M (98%)        4088M (100%)       2858M (70%)    
[2026-01-06T22:08:54.323+0800][36.904s][info][gc,heap     ] GC(77) O:      Used:     1236M (30%)          56M (1%)           60M (1%)           64M (2%)         1238M (30%)           8M (0%)     
[2026-01-06T22:08:54.323+0800][36.904s][info][gc,heap     ] GC(77) O: Old Generation Statistics:
[2026-01-06T22:08:54.323+0800][36.904s][info][gc,heap     ] GC(77) O:                Mark Start          Mark End        Relocate Start      Relocate End    
[2026-01-06T22:08:54.323+0800][36.904s][info][gc,heap     ] GC(77) O:      Used:        4M (0%)            4M (0%)            4M (0%)            4M (0%)     
[2026-01-06T22:08:54.323+0800][36.904s][info][gc,heap     ] GC(77) O:      Live:         -                 1M (0%)            1M (0%)            1M (0%)     
[2026-01-06T22:08:54.323+0800][36.904s][info][gc,heap     ] GC(77) O:   Garbage:         -                 2M (0%)            2M (0%)            0M (0%)     
[2026-01-06T22:08:54.323+0800][36.904s][info][gc,heap     ] GC(77) O: Allocated:         -                 0M (0%)            0M (0%)            2M (0%)     
[2026-01-06T22:08:54.323+0800][36.904s][info][gc,heap     ] GC(77) O: Reclaimed:         -                  -                 0M (0%)            2M (0%)     
[2026-01-06T22:08:54.323+0800][36.904s][info][gc,heap     ] GC(77) O: Compacted:         -                  -                  -                 1M (0%)     
[2026-01-06T22:08:54.323+0800][36.904s][info][gc,phases   ] GC(77) O: Old Generation 12M(0%)->64M(2%) 0.008s
[2026-01-06T22:08:54.323+0800][36.904s][info][gc          ] GC(77) Major Collection (Proactive) 1236M(30%)->64M(2%) 0.009s
[2026-01-06T22:08:55.049+0800][37.631s][info][gc          ] GC(78) Minor Collection (High Usage)
[2026-01-06T22:08:55.049+0800][37.631s][info][gc,task     ] GC(78) Using 1 Workers for Young Generation
[2026-01-06T22:08:55.049+0800][37.631s][info][gc,phases   ] GC(78) y: Young Generation
[2026-01-06T22:08:55.049+0800][37.631s][info][gc,phases   ] GC(78) y: Pause Mark Start 0.016ms
[2026-01-06T22:08:55.050+0800][37.631s][info][gc,phases   ] GC(78) y: Concurrent Mark 0.507ms
[2026-01-06T22:08:55.050+0800][37.631s][info][gc,phases   ] GC(78) y: Pause Mark End 0.003ms
[2026-01-06T22:08:55.050+0800][37.631s][info][gc,phases   ] GC(78) y: Concurrent Mark Free 0.003ms
[2026-01-06T22:08:55.050+0800][37.631s][info][gc,phases   ] GC(78) y: Concurrent Reset Relocation Set 0.000ms
[2026-01-06T22:08:55.052+0800][37.633s][info][gc,reloc    ] GC(78) y: Using tenuring threshold: 1 (Computed)
[2026-01-06T22:08:55.052+0800][37.633s][info][gc,phases   ] GC(78) y: Concurrent Select Relocation Set 1.768ms
[2026-01-06T22:08:55.052+0800][37.633s][info][gc,phases   ] GC(78) y: Pause Relocate Start 0.002ms
[2026-01-06T22:08:55.052+0800][37.633s][info][gc,phases   ] GC(78) y: Concurrent Relocate 0.018ms
[2026-01-06T22:08:55.052+0800][37.633s][info][gc,alloc    ] GC(78) y:                         Mark Start        Mark End      Relocate Start    Relocate End   
[2026-01-06T22:08:55.052+0800][37.633s][info][gc,alloc    ] GC(78) y: Allocation Stalls:          0                0                0                0         
[2026-01-06T22:08:55.052+0800][37.633s][info][gc,load     ] GC(78) y: Load: 2.80 (28%) / 2.03 (20%) / 2.07 (21%)
[2026-01-06T22:08:55.052+0800][37.633s][info][gc,mmu      ] GC(78) y: MMU: 2ms/92.0%, 5ms/96.7%, 10ms/98.4%, 20ms/99.2%, 50ms/99.7%, 100ms/99.8%
[2026-01-06T22:08:55.052+0800][37.633s][info][gc,marking  ] GC(78) y: Mark: 1 stripe(s), 2 proactive flush(es), 1 terminate flush(es), 0 completion(s), 0 continuation(s) 
[2026-01-06T22:08:55.052+0800][37.633s][info][gc,nmethod  ] GC(78) y: NMethods: 49 registered, 36 unregistered
[2026-01-06T22:08:55.052+0800][37.633s][info][gc,metaspace] GC(78) y: Metaspace: 0M used, 0M committed, 1088M reserved
[2026-01-06T22:08:55.052+0800][37.633s][info][gc,reloc    ] GC(78) y:                        Candidates     Selected     In-Place         Size        Empty    Relocated 
[2026-01-06T22:08:55.052+0800][37.633s][info][gc,reloc    ] GC(78) y: Small Pages:                 1740            0            0        3480M        3478M           0M 
[2026-01-06T22:08:55.052+0800][37.633s][info][gc,reloc    ] GC(78) y: Medium Pages:                   0            0            0           0M           0M           0M 
[2026-01-06T22:08:55.052+0800][37.633s][info][gc,reloc    ] GC(78) y: Large Pages:                    0            0            0           0M           0M           0M 
[2026-01-06T22:08:55.052+0800][37.633s][info][gc,reloc    ] GC(78) y: Forwarding Usage: 0M
[2026-01-06T22:08:55.052+0800][37.633s][info][gc,reloc    ] GC(78) y: Age Table:
[2026-01-06T22:08:55.052+0800][37.633s][info][gc,reloc    ] GC(78) y:                    Live             Garbage             Small              Medium             Large        
[2026-01-06T22:08:55.052+0800][37.633s][info][gc,reloc    ] GC(78) y: Eden               0M (0%)         3477M (85%)       1739 / 0              0 / 0              0 / 0        
[2026-01-06T22:08:55.052+0800][37.633s][info][gc,reloc    ] GC(78) y: Survivor 1          -                 2M (0%)           1 / 0              0 / 0              0 / 0        
[2026-01-06T22:08:55.052+0800][37.633s][info][gc,heap     ] GC(78) y: Min Capacity: 8M(0%)
[2026-01-06T22:08:55.052+0800][37.633s][info][gc,heap     ] GC(78) y: Max Capacity: 4096M(100%)
[2026-01-06T22:08:55.052+0800][37.633s][info][gc,heap     ] GC(78) y: Soft Max Capacity: 3686M(90%)
[2026-01-06T22:08:55.052+0800][37.633s][info][gc,heap     ] GC(78) y: Heap Statistics:
[2026-01-06T22:08:55.052+0800][37.633s][info][gc,heap     ] GC(78) y:                Mark Start          Mark End        Relocate Start      Relocate End           High               Low         
[2026-01-06T22:08:55.052+0800][37.633s][info][gc,heap     ] GC(78) y:  Capacity:     3498M (85%)        3498M (85%)        3498M (85%)        3498M (85%)        3498M (85%)        3498M (85%)    
[2026-01-06T22:08:55.052+0800][37.633s][info][gc,heap     ] GC(78) y:      Free:      612M (15%)         608M (15%)        4076M (100%)       4076M (100%)       4076M (100%)        608M (15%)    
[2026-01-06T22:08:55.052+0800][37.633s][info][gc,heap     ] GC(78) y:      Used:     3484M (85%)        3488M (85%)          20M (0%)           20M (0%)         3488M (85%)          20M (0%)     
[2026-01-06T22:08:55.052+0800][37.633s][info][gc,heap     ] GC(78) y: Young Generation Statistics:
[2026-01-06T22:08:55.052+0800][37.633s][info][gc,heap     ] GC(78) y:                Mark Start          Mark End        Relocate Start      Relocate End    
[2026-01-06T22:08:55.052+0800][37.633s][info][gc,heap     ] GC(78) y:      Used:     3480M (85%)        3484M (85%)          16M (0%)           16M (0%)     
[2026-01-06T22:08:55.052+0800][37.633s][info][gc,heap     ] GC(78) y:      Live:         -                 0M (0%)            0M (0%)            0M (0%)     
[2026-01-06T22:08:55.052+0800][37.633s][info][gc,heap     ] GC(78) y:   Garbage:         -              3479M (85%)           1M (0%)            1M (0%)     
[2026-01-06T22:08:55.052+0800][37.633s][info][gc,heap     ] GC(78) y: Allocated:         -                 4M (0%)           14M (0%)           14M (0%)     
[2026-01-06T22:08:55.052+0800][37.633s][info][gc,heap     ] GC(78) y: Reclaimed:         -                  -              3478M (85%)        3478M (85%)    
[2026-01-06T22:08:55.052+0800][37.633s][info][gc,heap     ] GC(78) y:  Promoted:         -                  -                 0M (0%)            0M (0%)     
[2026-01-06T22:08:55.052+0800][37.633s][info][gc,heap     ] GC(78) y: Compacted:         -                  -                  -                 0M (0%)     
[2026-01-06T22:08:55.052+0800][37.633s][info][gc,phases   ] GC(78) y: Young Generation 3484M(85%)->20M(0%) 0.003s
[2026-01-06T22:08:55.052+0800][37.633s][info][gc          ] GC(78) Minor Collection (High Usage) 3484M(85%)->20M(0%) 0.003s
[2026-01-06T22:08:55.245+0800][37.826s][info][gc          ] GC(79) Major Collection (Proactive)
[2026-01-06T22:08:55.245+0800][37.826s][info][gc,task     ] GC(79) Using 1 Workers for Young Generation
[2026-01-06T22:08:55.245+0800][37.826s][info][gc,task     ] GC(79) Using 1 Workers for Old Generation
[2026-01-06T22:08:55.245+0800][37.826s][info][gc,phases   ] GC(79) Y: Young Generation
[2026-01-06T22:08:55.245+0800][37.826s][info][gc,phases   ] GC(79) Y: Pause Mark Start (Major) 0.008ms
[2026-01-06T22:08:55.245+0800][37.827s][info][gc,phases   ] GC(79) Y: Concurrent Mark 0.220ms
[2026-01-06T22:08:55.245+0800][37.827s][info][gc,phases   ] GC(79) Y: Pause Mark End 0.003ms
[2026-01-06T22:08:55.245+0800][37.827s][info][gc,phases   ] GC(79) Y: Concurrent Mark Free 0.000ms
[2026-01-06T22:08:55.245+0800][37.827s][info][gc,phases   ] GC(79) Y: Concurrent Reset Relocation Set 0.000ms
[2026-01-06T22:08:55.245+0800][37.827s][info][gc,reloc    ] GC(79) Y: Using tenuring threshold: 1 (Computed)
[2026-01-06T22:08:55.245+0800][37.827s][info][gc,phases   ] GC(79) Y: Concurrent Select Relocation Set 0.110ms
[2026-01-06T22:08:55.245+0800][37.827s][info][gc,phases   ] GC(79) Y: Pause Relocate Start 0.001ms
[2026-01-06T22:08:55.245+0800][37.827s][info][gc,phases   ] GC(79) Y: Concurrent Relocate 0.011ms
[2026-01-06T22:08:55.245+0800][37.827s][info][gc,alloc    ] GC(79) Y:                         Mark Start        Mark End      Relocate Start    Relocate End   
[2026-01-06T22:08:55.245+0800][37.827s][info][gc,alloc    ] GC(79) Y: Allocation Stalls:          0                0                0                0         
[2026-01-06T22:08:55.245+0800][37.827s][info][gc,load     ] GC(79) Y: Load: 2.80 (28%) / 2.03 (20%) / 2.07 (21%)
[2026-01-06T22:08:55.245+0800][37.827s][info][gc,mmu      ] GC(79) Y: MMU: 2ms/92.0%, 5ms/96.7%, 10ms/98.4%, 20ms/99.2%, 50ms/99.7%, 100ms/99.8%
[2026-01-06T22:08:55.245+0800][37.827s][info][gc,marking  ] GC(79) Y: Mark: 1 stripe(s), 2 proactive flush(es), 1 terminate flush(es), 0 completion(s), 0 continuation(s) 
[2026-01-06T22:08:55.245+0800][37.827s][info][gc,nmethod  ] GC(79) Y: NMethods: 49 registered, 36 unregistered
[2026-01-06T22:08:55.245+0800][37.827s][info][gc,metaspace] GC(79) Y: Metaspace: 0M used, 0M committed, 1088M reserved
[2026-01-06T22:08:55.245+0800][37.827s][info][gc,reloc    ] GC(79) Y:                        Candidates     Selected     In-Place         Size        Empty    Relocated 
[2026-01-06T22:08:55.245+0800][37.827s][info][gc,reloc    ] GC(79) Y: Small Pages:                  391            0            0         782M         780M           0M 
[2026-01-06T22:08:55.245+0800][37.827s][info][gc,reloc    ] GC(79) Y: Medium Pages:                   0            0            0           0M           0M           0M 
[2026-01-06T22:08:55.245+0800][37.827s][info][gc,reloc    ] GC(79) Y: Large Pages:                    0            0            0           0M           0M           0M 
[2026-01-06T22:08:55.245+0800][37.827s][info][gc,reloc    ] GC(79) Y: Forwarding Usage: 0M
[2026-01-06T22:08:55.245+0800][37.827s][info][gc,reloc    ] GC(79) Y: Age Table:
[2026-01-06T22:08:55.245+0800][37.827s][info][gc,reloc    ] GC(79) Y:                    Live             Garbage             Small              Medium             Large        
[2026-01-06T22:08:55.245+0800][37.827s][info][gc,reloc    ] GC(79) Y: Eden               0M (0%)          779M (19%)        390 / 0              0 / 0              0 / 0        
[2026-01-06T22:08:55.245+0800][37.827s][info][gc,reloc    ] GC(79) Y: Survivor 1          -                 2M (0%)           1 / 0              0 / 0              0 / 0        
[2026-01-06T22:08:55.245+0800][37.827s][info][gc,heap     ] GC(79) Y: Min Capacity: 8M(0%)
[2026-01-06T22:08:55.245+0800][37.827s][info][gc,heap     ] GC(79) Y: Max Capacity: 4096M(100%)
[2026-01-06T22:08:55.245+0800][37.827s][info][gc,heap     ] GC(79) Y: Soft Max Capacity: 3686M(90%)
[2026-01-06T22:08:55.245+0800][37.827s][info][gc,heap     ] GC(79) Y: Heap Statistics:
[2026-01-06T22:08:55.245+0800][37.827s][info][gc,heap     ] GC(79) Y:                Mark Start          Mark End        Relocate Start      Relocate End           High               Low         
[2026-01-06T22:08:55.245+0800][37.827s][info][gc,heap     ] GC(79) Y:  Capacity:     3498M (85%)        3498M (85%)        3498M (85%)        3498M (85%)        3498M (85%)        3498M (85%)    
[2026-01-06T22:08:55.245+0800][37.827s][info][gc,heap     ] GC(79) Y:      Free:     3310M (81%)        3308M (81%)        4086M (100%)       4086M (100%)       4086M (100%)       3308M (81%)    
[2026-01-06T22:08:55.245+0800][37.827s][info][gc,heap     ] GC(79) Y:      Used:      786M (19%)         788M (19%)          10M (0%)           10M (0%)          788M (19%)          10M (0%)     
[2026-01-06T22:08:55.245+0800][37.827s][info][gc,heap     ] GC(79) Y: Young Generation Statistics:
[2026-01-06T22:08:55.245+0800][37.827s][info][gc,heap     ] GC(79) Y:                Mark Start          Mark End        Relocate Start      Relocate End    
[2026-01-06T22:08:55.245+0800][37.827s][info][gc,heap     ] GC(79) Y:      Used:      782M (19%)         784M (19%)           6M (0%)            6M (0%)     
[2026-01-06T22:08:55.245+0800][37.827s][info][gc,heap     ] GC(79) Y:      Live:         -                 0M (0%)            0M (0%)            0M (0%)     
[2026-01-06T22:08:55.245+0800][37.827s][info][gc,heap     ] GC(79) Y:   Garbage:         -               781M (19%)           1M (0%)            1M (0%)     
[2026-01-06T22:08:55.245+0800][37.827s][info][gc,heap     ] GC(79) Y: Allocated:         -                 2M (0%)            4M (0%)            4M (0%)     
[2026-01-06T22:08:55.245+0800][37.827s][info][gc,heap     ] GC(79) Y: Reclaimed:         -                  -               780M (19%)         780M (19%)    
[2026-01-06T22:08:55.245+0800][37.827s][info][gc,heap     ] GC(79) Y:  Promoted:         -                  -                 0M (0%)            0M (0%)     
[2026-01-06T22:08:55.245+0800][37.827s][info][gc,heap     ] GC(79) Y: Compacted:         -                  -                  -                 0M (0%)     
[2026-01-06T22:08:55.245+0800][37.827s][info][gc,phases   ] GC(79) Y: Young Generation 786M(19%)->10M(0%) 0.000s
[2026-01-06T22:08:55.245+0800][37.827s][info][gc,phases   ] GC(79) O: Old Generation
[2026-01-06T22:08:55.248+0800][37.829s][info][gc,phases   ] GC(79) O: Concurrent Mark 2.418ms
[2026-01-06T22:08:55.248+0800][37.829s][info][gc,phases   ] GC(79) O: Pause Mark End 0.003ms
[2026-01-06T22:08:55.248+0800][37.829s][info][gc,phases   ] GC(79) O: Concurrent Mark Free 0.001ms
[2026-01-06T22:08:55.248+0800][37.830s][info][gc,phases   ] GC(79) O: Concurrent Process Non-Strong 0.272ms
[2026-01-06T22:08:55.248+0800][37.830s][info][gc,phases   ] GC(79) O: Concurrent Reset Relocation Set 0.006ms
[2026-01-06T22:08:55.248+0800][37.830s][info][gc,phases   ] GC(79) O: Concurrent Select Relocation Set 0.036ms
[2026-01-06T22:08:55.248+0800][37.830s][info][gc,task     ] GC(79) O: Using 2 Workers for Old Generation
[2026-01-06T22:08:55.248+0800][37.830s][info][gc,task     ] GC(79) O: Using 1 Workers for Old Generation
[2026-01-06T22:08:55.248+0800][37.830s][info][gc,phases   ] GC(79) O: Concurrent Remap Roots 0.071ms
[2026-01-06T22:08:55.248+0800][37.830s][info][gc,phases   ] GC(79) O: Pause Relocate Start 0.001ms
[2026-01-06T22:08:55.249+0800][37.830s][info][gc,phases   ] GC(79) O: Concurrent Relocate 0.623ms
[2026-01-06T22:08:55.249+0800][37.830s][info][gc,alloc    ] GC(79) O:                         Mark Start        Mark End      Relocate Start    Relocate End   
[2026-01-06T22:08:55.249+0800][37.830s][info][gc,alloc    ] GC(79) O: Allocation Stalls:          0                0                0                0         
[2026-01-06T22:08:55.249+0800][37.830s][info][gc,load     ] GC(79) O: Load: 2.80 (28%) / 2.03 (20%) / 2.07 (21%)
[2026-01-06T22:08:55.249+0800][37.830s][info][gc,mmu      ] GC(79) O: MMU: 2ms/92.0%, 5ms/96.7%, 10ms/98.4%, 20ms/99.2%, 50ms/99.7%, 100ms/99.8%
[2026-01-06T22:08:55.249+0800][37.830s][info][gc,marking  ] GC(79) O: Mark: 1 stripe(s), 2 proactive flush(es), 1 terminate flush(es), 0 completion(s), 0 continuation(s) 
[2026-01-06T22:08:55.249+0800][37.830s][info][gc,nmethod  ] GC(79) O: NMethods: 49 registered, 36 unregistered
[2026-01-06T22:08:55.249+0800][37.830s][info][gc,metaspace] GC(79) O: Metaspace: 0M used, 0M committed, 1088M reserved
[2026-01-06T22:08:55.249+0800][37.830s][info][gc,ref      ] GC(79) O:                       Encountered   Discovered     Enqueued 
[2026-01-06T22:08:55.249+0800][37.830s][info][gc,ref      ] GC(79) O: Soft References:                1            0            0 
[2026-01-06T22:08:55.249+0800][37.830s][info][gc,ref      ] GC(79) O: Weak References:                6            0            0 
[2026-01-06T22:08:55.249+0800][37.830s][info][gc,ref      ] GC(79) O: Final References:               0            0            0 
[2026-01-06T22:08:55.249+0800][37.830s][info][gc,ref      ] GC(79) O: Phantom References:             1            1            0 
[2026-01-06T22:08:55.249+0800][37.830s][info][gc,reloc    ] GC(79) O:                        Candidates     Selected     In-Place         Size        Empty    Relocated 
[2026-01-06T22:08:55.249+0800][37.830s][info][gc,reloc    ] GC(79) O: Small Pages:                    2            1            0           4M           0M           1M 
[2026-01-06T22:08:55.249+0800][37.830s][info][gc,reloc    ] GC(79) O: Medium Pages:                   0            0            0           0M           0M           0M 
[2026-01-06T22:08:55.249+0800][37.830s][info][gc,reloc    ] GC(79) O: Large Pages:                    0            0            0           0M           0M           0M 
[2026-01-06T22:08:55.249+0800][37.831s][info][gc,reloc    ] GC(79) O: Forwarding Usage: 0M
[2026-01-06T22:08:55.249+0800][37.831s][info][gc,heap     ] GC(79) O: Min Capacity: 8M(0%)
[2026-01-06T22:08:55.249+0800][37.831s][info][gc,heap     ] GC(79) O: Max Capacity: 4096M(100%)
[2026-01-06T22:08:55.249+0800][37.831s][info][gc,heap     ] GC(79) O: Soft Max Capacity: 3686M(90%)
[2026-01-06T22:08:55.249+0800][37.831s][info][gc,heap     ] GC(79) O: Heap Statistics:
[2026-01-06T22:08:55.249+0800][37.831s][info][gc,heap     ] GC(79) O:                Mark Start          Mark End        Relocate Start      Relocate End           High               Low         
[2026-01-06T22:08:55.249+0800][37.831s][info][gc,heap     ] GC(79) O:  Capacity:     3498M (85%)        3498M (85%)        3498M (85%)        3498M (85%)        3498M (85%)        3498M (85%)    
[2026-01-06T22:08:55.249+0800][37.831s][info][gc,heap     ] GC(79) O:      Free:     3310M (81%)        4034M (98%)        4028M (98%)        4018M (98%)        4086M (100%)       3308M (81%)    
[2026-01-06T22:08:55.249+0800][37.831s][info][gc,heap     ] GC(79) O:      Used:      786M (19%)          62M (2%)           68M (2%)           78M (2%)          788M (19%)          10M (0%)     
[2026-01-06T22:08:55.249+0800][37.831s][info][gc,heap     ] GC(79) O: Old Generation Statistics:
[2026-01-06T22:08:55.249+0800][37.831s][info][gc,heap     ] GC(79) O:                Mark Start          Mark End        Relocate Start      Relocate End    
[2026-01-06T22:08:55.249+0800][37.831s][info][gc,heap     ] GC(79) O:      Used:        4M (0%)            4M (0%)            4M (0%)            4M (0%)     
[2026-01-06T22:08:55.249+0800][37.831s][info][gc,heap     ] GC(79) O:      Live:         -                 1M (0%)            1M (0%)            1M (0%)     
[2026-01-06T22:08:55.249+0800][37.831s][info][gc,heap     ] GC(79) O:   Garbage:         -                 2M (0%)            2M (0%)            0M (0%)     
[2026-01-06T22:08:55.249+0800][37.831s][info][gc,heap     ] GC(79) O: Allocated:         -                 0M (0%)            0M (0%)            2M (0%)     
[2026-01-06T22:08:55.249+0800][37.831s][info][gc,heap     ] GC(79) O: Reclaimed:         -                  -                 0M (0%)            2M (0%)     
[2026-01-06T22:08:55.249+0800][37.831s][info][gc,heap     ] GC(79) O: Compacted:         -                  -                  -                 1M (0%)     
[2026-01-06T22:08:55.249+0800][37.831s][info][gc,phases   ] GC(79) O: Old Generation 12M(0%)->78M(2%) 0.004s
[2026-01-06T22:08:55.249+0800][37.831s][info][gc          ] GC(79) Major Collection (Proactive) 786M(19%)->78M(2%) 0.004s
[2026-01-06T22:08:55.976+0800][38.558s][info][gc          ] GC(80) Major Collection (Proactive)
[2026-01-06T22:08:55.976+0800][38.558s][info][gc,task     ] GC(80) Using 1 Workers for Young Generation
[2026-01-06T22:08:55.976+0800][38.558s][info][gc,task     ] GC(80) Using 1 Workers for Old Generation
[2026-01-06T22:08:55.976+0800][38.558s][info][gc,phases   ] GC(80) Y: Young Generation
[2026-01-06T22:08:55.976+0800][38.558s][info][gc,phases   ] GC(80) Y: Pause Mark Start (Major) 0.019ms
[2026-01-06T22:08:55.977+0800][38.559s][info][gc,phases   ] GC(80) Y: Concurrent Mark 0.586ms
[2026-01-06T22:08:55.977+0800][38.559s][info][gc,phases   ] GC(80) Y: Pause Mark End 0.003ms
[2026-01-06T22:08:55.977+0800][38.559s][info][gc,phases   ] GC(80) Y: Concurrent Mark Free 0.004ms
[2026-01-06T22:08:55.977+0800][38.559s][info][gc,phases   ] GC(80) Y: Concurrent Reset Relocation Set 0.001ms
[2026-01-06T22:08:55.979+0800][38.560s][info][gc,reloc    ] GC(80) Y: Using tenuring threshold: 1 (Computed)
[2026-01-06T22:08:55.979+0800][38.560s][info][gc,phases   ] GC(80) Y: Concurrent Select Relocation Set 1.805ms
[2026-01-06T22:08:55.979+0800][38.561s][info][gc,phases   ] GC(80) Y: Pause Relocate Start 0.001ms
[2026-01-06T22:08:55.979+0800][38.561s][info][gc,phases   ] GC(80) Y: Concurrent Relocate 0.010ms
[2026-01-06T22:08:55.979+0800][38.561s][info][gc,alloc    ] GC(80) Y:                         Mark Start        Mark End      Relocate Start    Relocate End   
[2026-01-06T22:08:55.979+0800][38.561s][info][gc,alloc    ] GC(80) Y: Allocation Stalls:          0                0                0                0         
[2026-01-06T22:08:55.979+0800][38.561s][info][gc,load     ] GC(80) Y: Load: 2.80 (28%) / 2.03 (20%) / 2.07 (21%)
[2026-01-06T22:08:55.979+0800][38.561s][info][gc,mmu      ] GC(80) Y: MMU: 2ms/92.0%, 5ms/96.7%, 10ms/98.4%, 20ms/99.2%, 50ms/99.7%, 100ms/99.8%
[2026-01-06T22:08:55.979+0800][38.561s][info][gc,marking  ] GC(80) Y: Mark: 1 stripe(s), 2 proactive flush(es), 1 terminate flush(es), 0 completion(s), 0 continuation(s) 
[2026-01-06T22:08:55.979+0800][38.561s][info][gc,nmethod  ] GC(80) Y: NMethods: 49 registered, 36 unregistered
[2026-01-06T22:08:55.979+0800][38.561s][info][gc,metaspace] GC(80) Y: Metaspace: 0M used, 0M committed, 1088M reserved
[2026-01-06T22:08:55.979+0800][38.561s][info][gc,reloc    ] GC(80) Y:                        Candidates     Selected     In-Place         Size        Empty    Relocated 
[2026-01-06T22:08:55.979+0800][38.561s][info][gc,reloc    ] GC(80) Y: Small Pages:                 1635            0            0        3270M        3268M           0M 
[2026-01-06T22:08:55.979+0800][38.561s][info][gc,reloc    ] GC(80) Y: Medium Pages:                   0            0            0           0M           0M           0M 
[2026-01-06T22:08:55.979+0800][38.561s][info][gc,reloc    ] GC(80) Y: Large Pages:                    0            0            0           0M           0M           0M 
[2026-01-06T22:08:55.979+0800][38.561s][info][gc,reloc    ] GC(80) Y: Forwarding Usage: 0M
[2026-01-06T22:08:55.979+0800][38.561s][info][gc,reloc    ] GC(80) Y: Age Table:
[2026-01-06T22:08:55.979+0800][38.561s][info][gc,reloc    ] GC(80) Y:                    Live             Garbage             Small              Medium             Large        
[2026-01-06T22:08:55.979+0800][38.561s][info][gc,reloc    ] GC(80) Y: Eden               0M (0%)         3267M (80%)       1634 / 0              0 / 0              0 / 0        
[2026-01-06T22:08:55.979+0800][38.561s][info][gc,reloc    ] GC(80) Y: Survivor 1          -                 2M (0%)           1 / 0              0 / 0              0 / 0        
[2026-01-06T22:08:55.979+0800][38.561s][info][gc,heap     ] GC(80) Y: Min Capacity: 8M(0%)
[2026-01-06T22:08:55.979+0800][38.561s][info][gc,heap     ] GC(80) Y: Max Capacity: 4096M(100%)
[2026-01-06T22:08:55.979+0800][38.561s][info][gc,heap     ] GC(80) Y: Soft Max Capacity: 3686M(90%)
[2026-01-06T22:08:55.979+0800][38.561s][info][gc,heap     ] GC(80) Y: Heap Statistics:
[2026-01-06T22:08:55.979+0800][38.561s][info][gc,heap     ] GC(80) Y:                Mark Start          Mark End        Relocate Start      Relocate End           High               Low         
[2026-01-06T22:08:55.979+0800][38.561s][info][gc,heap     ] GC(80) Y:  Capacity:     3498M (85%)        3498M (85%)        3498M (85%)        3498M (85%)        3498M (85%)        3498M (85%)    
[2026-01-06T22:08:55.979+0800][38.561s][info][gc,heap     ] GC(80) Y:      Free:      822M (20%)         818M (20%)        4078M (100%)       4078M (100%)       4078M (100%)        818M (20%)    
[2026-01-06T22:08:55.979+0800][38.561s][info][gc,heap     ] GC(80) Y:      Used:     3274M (80%)        3278M (80%)          18M (0%)           18M (0%)         3278M (80%)          18M (0%)     
[2026-01-06T22:08:55.979+0800][38.561s][info][gc,heap     ] GC(80) Y: Young Generation Statistics:
[2026-01-06T22:08:55.979+0800][38.561s][info][gc,heap     ] GC(80) Y:                Mark Start          Mark End        Relocate Start      Relocate End    
[2026-01-06T22:08:55.979+0800][38.561s][info][gc,heap     ] GC(80) Y:      Used:     3270M (80%)        3274M (80%)          14M (0%)           14M (0%)     
[2026-01-06T22:08:55.979+0800][38.561s][info][gc,heap     ] GC(80) Y:      Live:         -                 0M (0%)            0M (0%)            0M (0%)     
[2026-01-06T22:08:55.979+0800][38.561s][info][gc,heap     ] GC(80) Y:   Garbage:         -              3269M (80%)           1M (0%)            1M (0%)     
[2026-01-06T22:08:55.979+0800][38.561s][info][gc,heap     ] GC(80) Y: Allocated:         -                 4M (0%)           12M (0%)           12M (0%)     
[2026-01-06T22:08:55.979+0800][38.561s][info][gc,heap     ] GC(80) Y: Reclaimed:         -                  -              3268M (80%)        3268M (80%)    
[2026-01-06T22:08:55.979+0800][38.561s][info][gc,heap     ] GC(80) Y:  Promoted:         -                  -                 0M (0%)            0M (0%)     
[2026-01-06T22:08:55.979+0800][38.561s][info][gc,heap     ] GC(80) Y: Compacted:         -                  -                  -                 0M (0%)     
[2026-01-06T22:08:55.979+0800][38.561s][info][gc,phases   ] GC(80) Y: Young Generation 3274M(80%)->18M(0%) 0.003s
[2026-01-06T22:08:55.979+0800][38.561s][info][gc,phases   ] GC(80) O: Old Generation
[2026-01-06T22:08:55.982+0800][38.564s][info][gc,phases   ] GC(80) O: Concurrent Mark 3.207ms
[2026-01-06T22:08:55.982+0800][38.564s][info][gc,phases   ] GC(80) O: Pause Mark End 0.003ms
[2026-01-06T22:08:55.982+0800][38.564s][info][gc,phases   ] GC(80) O: Concurrent Mark Free 0.001ms
[2026-01-06T22:08:55.983+0800][38.564s][info][gc,phases   ] GC(80) O: Concurrent Process Non-Strong 0.249ms
[2026-01-06T22:08:55.983+0800][38.564s][info][gc,phases   ] GC(80) O: Concurrent Reset Relocation Set 0.005ms
[2026-01-06T22:08:55.983+0800][38.564s][info][gc,phases   ] GC(80) O: Concurrent Select Relocation Set 0.031ms
[2026-01-06T22:08:55.983+0800][38.564s][info][gc,task     ] GC(80) O: Using 2 Workers for Old Generation
[2026-01-06T22:08:55.983+0800][38.564s][info][gc,task     ] GC(80) O: Using 1 Workers for Old Generation
[2026-01-06T22:08:55.983+0800][38.564s][info][gc,phases   ] GC(80) O: Concurrent Remap Roots 0.071ms
[2026-01-06T22:08:55.983+0800][38.564s][info][gc,phases   ] GC(80) O: Pause Relocate Start 0.001ms
[2026-01-06T22:08:55.984+0800][38.565s][info][gc,phases   ] GC(80) O: Concurrent Relocate 0.822ms
[2026-01-06T22:08:55.984+0800][38.565s][info][gc,alloc    ] GC(80) O:                         Mark Start        Mark End      Relocate Start    Relocate End   
[2026-01-06T22:08:55.984+0800][38.565s][info][gc,alloc    ] GC(80) O: Allocation Stalls:          0                0                0                0         
[2026-01-06T22:08:55.984+0800][38.565s][info][gc,load     ] GC(80) O: Load: 2.80 (28%) / 2.03 (20%) / 2.07 (21%)
[2026-01-06T22:08:55.984+0800][38.565s][info][gc,mmu      ] GC(80) O: MMU: 2ms/92.0%, 5ms/96.7%, 10ms/98.4%, 20ms/99.2%, 50ms/99.7%, 100ms/99.8%
[2026-01-06T22:08:55.984+0800][38.565s][info][gc,marking  ] GC(80) O: Mark: 1 stripe(s), 2 proactive flush(es), 1 terminate flush(es), 0 completion(s), 0 continuation(s) 
[2026-01-06T22:08:55.984+0800][38.565s][info][gc,nmethod  ] GC(80) O: NMethods: 49 registered, 36 unregistered
[2026-01-06T22:08:55.984+0800][38.565s][info][gc,metaspace] GC(80) O: Metaspace: 0M used, 0M committed, 1088M reserved
[2026-01-06T22:08:55.984+0800][38.565s][info][gc,ref      ] GC(80) O:                       Encountered   Discovered     Enqueued 
[2026-01-06T22:08:55.984+0800][38.565s][info][gc,ref      ] GC(80) O: Soft References:                1            0            0 
[2026-01-06T22:08:55.984+0800][38.565s][info][gc,ref      ] GC(80) O: Weak References:                6            0            0 
[2026-01-06T22:08:55.984+0800][38.565s][info][gc,ref      ] GC(80) O: Final References:               0            0            0 
[2026-01-06T22:08:55.984+0800][38.565s][info][gc,ref      ] GC(80) O: Phantom References:             1            1            0 
[2026-01-06T22:08:55.984+0800][38.565s][info][gc,reloc    ] GC(80) O:                        Candidates     Selected     In-Place         Size        Empty    Relocated 
[2026-01-06T22:08:55.984+0800][38.565s][info][gc,reloc    ] GC(80) O: Small Pages:                    2            1            0           4M           0M           1M 
[2026-01-06T22:08:55.984+0800][38.565s][info][gc,reloc    ] GC(80) O: Medium Pages:                   0            0            0           0M           0M           0M 
[2026-01-06T22:08:55.984+0800][38.565s][info][gc,reloc    ] GC(80) O: Large Pages:                    0            0            0           0M           0M           0M 
[2026-01-06T22:08:55.984+0800][38.565s][info][gc,reloc    ] GC(80) O: Forwarding Usage: 0M
[2026-01-06T22:08:55.984+0800][38.565s][info][gc,heap     ] GC(80) O: Min Capacity: 8M(0%)
[2026-01-06T22:08:55.984+0800][38.565s][info][gc,heap     ] GC(80) O: Max Capacity: 4096M(100%)
[2026-01-06T22:08:55.984+0800][38.565s][info][gc,heap     ] GC(80) O: Soft Max Capacity: 3686M(90%)
[2026-01-06T22:08:55.984+0800][38.565s][info][gc,heap     ] GC(80) O: Heap Statistics:
[2026-01-06T22:08:55.984+0800][38.565s][info][gc,heap     ] GC(80) O:                Mark Start          Mark End        Relocate Start      Relocate End           High               Low         
[2026-01-06T22:08:55.984+0800][38.565s][info][gc,heap     ] GC(80) O:  Capacity:     3498M (85%)        3498M (85%)        3498M (85%)        3498M (85%)        3498M (85%)        3498M (85%)    
[2026-01-06T22:08:55.984+0800][38.565s][info][gc,heap     ] GC(80) O:      Free:      822M (20%)        4064M (99%)        4062M (99%)        4056M (99%)        4078M (100%)        818M (20%)    
[2026-01-06T22:08:55.984+0800][38.565s][info][gc,heap     ] GC(80) O:      Used:     3274M (80%)          32M (1%)           34M (1%)           40M (1%)         3278M (80%)          18M (0%)     
[2026-01-06T22:08:55.984+0800][38.565s][info][gc,heap     ] GC(80) O: Old Generation Statistics:
[2026-01-06T22:08:55.984+0800][38.565s][info][gc,heap     ] GC(80) O:                Mark Start          Mark End        Relocate Start      Relocate End    
[2026-01-06T22:08:55.984+0800][38.565s][info][gc,heap     ] GC(80) O:      Used:        4M (0%)            4M (0%)            4M (0%)            4M (0%)     
[2026-01-06T22:08:55.984+0800][38.565s][info][gc,heap     ] GC(80) O:      Live:         -                 1M (0%)            1M (0%)            1M (0%)     
[2026-01-06T22:08:55.984+0800][38.565s][info][gc,heap     ] GC(80) O:   Garbage:         -                 2M (0%)            2M (0%)            0M (0%)     
[2026-01-06T22:08:55.984+0800][38.565s][info][gc,heap     ] GC(80) O: Allocated:         -                 0M (0%)            0M (0%)            2M (0%)     
[2026-01-06T22:08:55.984+0800][38.565s][info][gc,heap     ] GC(80) O: Reclaimed:         -                  -                 0M (0%)            2M (0%)     
[2026-01-06T22:08:55.984+0800][38.565s][info][gc,heap     ] GC(80) O: Compacted:         -                  -                  -                 1M (0%)     
[2026-01-06T22:08:55.984+0800][38.565s][info][gc,phases   ] GC(80) O: Old Generation 18M(0%)->40M(1%) 0.004s
[2026-01-06T22:08:55.984+0800][38.565s][info][gc          ] GC(80) Major Collection (Proactive) 3274M(80%)->40M(1%) 0.007s
[2026-01-06T22:08:56.621+0800][39.202s][info][gc          ] GC(81) Major Collection (Proactive)
[2026-01-06T22:08:56.621+0800][39.202s][info][gc,task     ] GC(81) Using 1 Workers for Young Generation
[2026-01-06T22:08:56.621+0800][39.202s][info][gc,task     ] GC(81) Using 1 Workers for Old Generation
[2026-01-06T22:08:56.621+0800][39.203s][info][gc,phases   ] GC(81) Y: Young Generation
[2026-01-06T22:08:56.621+0800][39.203s][info][gc,phases   ] GC(81) Y: Pause Mark Start (Major) 0.015ms
[2026-01-06T22:08:56.621+0800][39.203s][info][gc,phases   ] GC(81) Y: Concurrent Mark 0.522ms
[2026-01-06T22:08:56.622+0800][39.203s][info][gc,phases   ] GC(81) Y: Pause Mark End 0.004ms
[2026-01-06T22:08:56.622+0800][39.203s][info][gc,phases   ] GC(81) Y: Concurrent Mark Free 0.003ms
[2026-01-06T22:08:56.622+0800][39.203s][info][gc,phases   ] GC(81) Y: Concurrent Reset Relocation Set 0.000ms
[2026-01-06T22:08:56.626+0800][39.208s][info][gc,reloc    ] GC(81) Y: Using tenuring threshold: 1 (Computed)
[2026-01-06T22:08:56.626+0800][39.208s][info][gc,phases   ] GC(81) Y: Concurrent Select Relocation Set 4.618ms
[2026-01-06T22:08:56.626+0800][39.208s][info][gc,phases   ] GC(81) Y: Pause Relocate Start 0.003ms
[2026-01-06T22:08:56.626+0800][39.208s][info][gc,phases   ] GC(81) Y: Concurrent Relocate 0.011ms
[2026-01-06T22:08:56.626+0800][39.208s][info][gc,alloc    ] GC(81) Y:                         Mark Start        Mark End      Relocate Start    Relocate End   
[2026-01-06T22:08:56.626+0800][39.208s][info][gc,alloc    ] GC(81) Y: Allocation Stalls:          0                0                0                0         
[2026-01-06T22:08:56.626+0800][39.208s][info][gc,load     ] GC(81) Y: Load: 2.80 (28%) / 2.03 (20%) / 2.07 (21%)
[2026-01-06T22:08:56.626+0800][39.208s][info][gc,mmu      ] GC(81) Y: MMU: 2ms/92.0%, 5ms/96.7%, 10ms/98.4%, 20ms/99.2%, 50ms/99.7%, 100ms/99.8%
[2026-01-06T22:08:56.626+0800][39.208s][info][gc,marking  ] GC(81) Y: Mark: 1 stripe(s), 2 proactive flush(es), 1 terminate flush(es), 0 completion(s), 0 continuation(s) 
[2026-01-06T22:08:56.626+0800][39.208s][info][gc,nmethod  ] GC(81) Y: NMethods: 49 registered, 36 unregistered
[2026-01-06T22:08:56.626+0800][39.208s][info][gc,metaspace] GC(81) Y: Metaspace: 0M used, 0M committed, 1088M reserved
[2026-01-06T22:08:56.626+0800][39.208s][info][gc,reloc    ] GC(81) Y:                        Candidates     Selected     In-Place         Size        Empty    Relocated 
[2026-01-06T22:08:56.626+0800][39.208s][info][gc,reloc    ] GC(81) Y: Small Pages:                 1501            0            0        3002M        3000M           0M 
[2026-01-06T22:08:56.626+0800][39.208s][info][gc,reloc    ] GC(81) Y: Medium Pages:                   0            0            0           0M           0M           0M 
[2026-01-06T22:08:56.626+0800][39.208s][info][gc,reloc    ] GC(81) Y: Large Pages:                    0            0            0           0M           0M           0M 
[2026-01-06T22:08:56.626+0800][39.208s][info][gc,reloc    ] GC(81) Y: Forwarding Usage: 0M
[2026-01-06T22:08:56.626+0800][39.208s][info][gc,reloc    ] GC(81) Y: Age Table:
[2026-01-06T22:08:56.626+0800][39.208s][info][gc,reloc    ] GC(81) Y:                    Live             Garbage             Small              Medium             Large        
[2026-01-06T22:08:56.626+0800][39.208s][info][gc,reloc    ] GC(81) Y: Eden               0M (0%)         2999M (73%)       1500 / 0              0 / 0              0 / 0        
[2026-01-06T22:08:56.626+0800][39.208s][info][gc,reloc    ] GC(81) Y: Survivor 1          -                 2M (0%)           1 / 0              0 / 0              0 / 0        
[2026-01-06T22:08:56.626+0800][39.208s][info][gc,heap     ] GC(81) Y: Min Capacity: 8M(0%)
[2026-01-06T22:08:56.626+0800][39.208s][info][gc,heap     ] GC(81) Y: Max Capacity: 4096M(100%)
[2026-01-06T22:08:56.626+0800][39.208s][info][gc,heap     ] GC(81) Y: Soft Max Capacity: 3686M(90%)
[2026-01-06T22:08:56.626+0800][39.208s][info][gc,heap     ] GC(81) Y: Heap Statistics:
[2026-01-06T22:08:56.626+0800][39.208s][info][gc,heap     ] GC(81) Y:                Mark Start          Mark End        Relocate Start      Relocate End           High               Low         
[2026-01-06T22:08:56.626+0800][39.208s][info][gc,heap     ] GC(81) Y:  Capacity:     3498M (85%)        3498M (85%)        3498M (85%)        3498M (85%)        3498M (85%)        3498M (85%)    
[2026-01-06T22:08:56.626+0800][39.208s][info][gc,heap     ] GC(81) Y:      Free:     1090M (27%)        1086M (27%)        4076M (100%)       4076M (100%)       4076M (100%)       1086M (27%)    
[2026-01-06T22:08:56.626+0800][39.208s][info][gc,heap     ] GC(81) Y:      Used:     3006M (73%)        3010M (73%)          20M (0%)           20M (0%)         3010M (73%)          20M (0%)     
[2026-01-06T22:08:56.626+0800][39.208s][info][gc,heap     ] GC(81) Y: Young Generation Statistics:
[2026-01-06T22:08:56.626+0800][39.208s][info][gc,heap     ] GC(81) Y:                Mark Start          Mark End        Relocate Start      Relocate End    
[2026-01-06T22:08:56.626+0800][39.208s][info][gc,heap     ] GC(81) Y:      Used:     3002M (73%)        3006M (73%)          16M (0%)           16M (0%)     
[2026-01-06T22:08:56.626+0800][39.208s][info][gc,heap     ] GC(81) Y:      Live:         -                 0M (0%)            0M (0%)            0M (0%)     
[2026-01-06T22:08:56.626+0800][39.208s][info][gc,heap     ] GC(81) Y:   Garbage:         -              3001M (73%)           1M (0%)            1M (0%)     
[2026-01-06T22:08:56.626+0800][39.208s][info][gc,heap     ] GC(81) Y: Allocated:         -                 4M (0%)           14M (0%)           14M (0%)     
[2026-01-06T22:08:56.626+0800][39.208s][info][gc,heap     ] GC(81) Y: Reclaimed:         -                  -              3000M (73%)        3000M (73%)    
[2026-01-06T22:08:56.626+0800][39.208s][info][gc,heap     ] GC(81) Y:  Promoted:         -                  -                 0M (0%)            0M (0%)     
[2026-01-06T22:08:56.626+0800][39.208s][info][gc,heap     ] GC(81) Y: Compacted:         -                  -                  -                 0M (0%)     
[2026-01-06T22:08:56.626+0800][39.208s][info][gc,phases   ] GC(81) Y: Young Generation 3006M(73%)->20M(0%) 0.005s
[2026-01-06T22:08:56.626+0800][39.208s][info][gc,phases   ] GC(81) O: Old Generation
[2026-01-06T22:08:56.630+0800][39.211s][info][gc,phases   ] GC(81) O: Concurrent Mark 3.470ms
[2026-01-06T22:08:56.630+0800][39.211s][info][gc,phases   ] GC(81) O: Pause Mark End 0.005ms
[2026-01-06T22:08:56.630+0800][39.211s][info][gc,phases   ] GC(81) O: Concurrent Mark Free 0.001ms
[2026-01-06T22:08:56.630+0800][39.212s][info][gc,phases   ] GC(81) O: Concurrent Process Non-Strong 0.262ms
[2026-01-06T22:08:56.630+0800][39.212s][info][gc,phases   ] GC(81) O: Concurrent Reset Relocation Set 0.006ms
[2026-01-06T22:08:56.630+0800][39.212s][info][gc,phases   ] GC(81) O: Concurrent Select Relocation Set 0.030ms
[2026-01-06T22:08:56.630+0800][39.212s][info][gc,task     ] GC(81) O: Using 2 Workers for Old Generation
[2026-01-06T22:08:56.630+0800][39.212s][info][gc,task     ] GC(81) O: Using 1 Workers for Old Generation
[2026-01-06T22:08:56.630+0800][39.212s][info][gc,phases   ] GC(81) O: Concurrent Remap Roots 0.066ms
[2026-01-06T22:08:56.630+0800][39.212s][info][gc,phases   ] GC(81) O: Pause Relocate Start 0.001ms
[2026-01-06T22:08:56.633+0800][39.214s][info][gc,phases   ] GC(81) O: Concurrent Relocate 2.376ms
[2026-01-06T22:08:56.633+0800][39.214s][info][gc,alloc    ] GC(81) O:                         Mark Start        Mark End      Relocate Start    Relocate End   
[2026-01-06T22:08:56.633+0800][39.214s][info][gc,alloc    ] GC(81) O: Allocation Stalls:          0                0                0                0         
[2026-01-06T22:08:56.633+0800][39.214s][info][gc,load     ] GC(81) O: Load: 2.80 (28%) / 2.03 (20%) / 2.07 (21%)
[2026-01-06T22:08:56.633+0800][39.214s][info][gc,mmu      ] GC(81) O: MMU: 2ms/92.0%, 5ms/96.7%, 10ms/98.4%, 20ms/99.2%, 50ms/99.7%, 100ms/99.8%
[2026-01-06T22:08:56.633+0800][39.214s][info][gc,marking  ] GC(81) O: Mark: 1 stripe(s), 2 proactive flush(es), 1 terminate flush(es), 0 completion(s), 0 continuation(s) 
[2026-01-06T22:08:56.633+0800][39.214s][info][gc,nmethod  ] GC(81) O: NMethods: 49 registered, 36 unregistered
[2026-01-06T22:08:56.633+0800][39.214s][info][gc,metaspace] GC(81) O: Metaspace: 0M used, 0M committed, 1088M reserved
[2026-01-06T22:08:56.633+0800][39.214s][info][gc,ref      ] GC(81) O:                       Encountered   Discovered     Enqueued 
[2026-01-06T22:08:56.633+0800][39.214s][info][gc,ref      ] GC(81) O: Soft References:                1            0            0 
[2026-01-06T22:08:56.633+0800][39.214s][info][gc,ref      ] GC(81) O: Weak References:                6            0            0 
[2026-01-06T22:08:56.633+0800][39.214s][info][gc,ref      ] GC(81) O: Final References:               0            0            0 
[2026-01-06T22:08:56.633+0800][39.214s][info][gc,ref      ] GC(81) O: Phantom References:             1            1            0 
[2026-01-06T22:08:56.633+0800][39.214s][info][gc,reloc    ] GC(81) O:                        Candidates     Selected     In-Place         Size        Empty    Relocated 
[2026-01-06T22:08:56.633+0800][39.214s][info][gc,reloc    ] GC(81) O: Small Pages:                    2            1            0           4M           0M           1M 
[2026-01-06T22:08:56.633+0800][39.214s][info][gc,reloc    ] GC(81) O: Medium Pages:                   0            0            0           0M           0M           0M 
[2026-01-06T22:08:56.633+0800][39.214s][info][gc,reloc    ] GC(81) O: Large Pages:                    0            0            0           0M           0M           0M 
[2026-01-06T22:08:56.633+0800][39.214s][info][gc,reloc    ] GC(81) O: Forwarding Usage: 0M
[2026-01-06T22:08:56.633+0800][39.214s][info][gc,heap     ] GC(81) O: Min Capacity: 8M(0%)
[2026-01-06T22:08:56.633+0800][39.214s][info][gc,heap     ] GC(81) O: Max Capacity: 4096M(100%)
[2026-01-06T22:08:56.633+0800][39.214s][info][gc,heap     ] GC(81) O: Soft Max Capacity: 3686M(90%)
[2026-01-06T22:08:56.633+0800][39.214s][info][gc,heap     ] GC(81) O: Heap Statistics:
[2026-01-06T22:08:56.633+0800][39.214s][info][gc,heap     ] GC(81) O:                Mark Start          Mark End        Relocate Start      Relocate End           High               Low         
[2026-01-06T22:08:56.633+0800][39.214s][info][gc,heap     ] GC(81) O:  Capacity:     3498M (85%)        3498M (85%)        3498M (85%)        3498M (85%)        3498M (85%)        3498M (85%)    
[2026-01-06T22:08:56.633+0800][39.214s][info][gc,heap     ] GC(81) O:      Free:     1090M (27%)        4058M (99%)        4056M (99%)        4050M (99%)        4076M (100%)       1086M (27%)    
[2026-01-06T22:08:56.633+0800][39.214s][info][gc,heap     ] GC(81) O:      Used:     3006M (73%)          38M (1%)           40M (1%)           46M (1%)         3010M (73%)          20M (0%)     
[2026-01-06T22:08:56.633+0800][39.214s][info][gc,heap     ] GC(81) O: Old Generation Statistics:
[2026-01-06T22:08:56.633+0800][39.214s][info][gc,heap     ] GC(81) O:                Mark Start          Mark End        Relocate Start      Relocate End    
[2026-01-06T22:08:56.633+0800][39.214s][info][gc,heap     ] GC(81) O:      Used:        4M (0%)            4M (0%)            4M (0%)            4M (0%)     
[2026-01-06T22:08:56.633+0800][39.214s][info][gc,heap     ] GC(81) O:      Live:         -                 1M (0%)            1M (0%)            1M (0%)     
[2026-01-06T22:08:56.633+0800][39.214s][info][gc,heap     ] GC(81) O:   Garbage:         -                 2M (0%)            2M (0%)            0M (0%)     
[2026-01-06T22:08:56.633+0800][39.214s][info][gc,heap     ] GC(81) O: Allocated:         -                 0M (0%)            0M (0%)            2M (0%)     
[2026-01-06T22:08:56.633+0800][39.214s][info][gc,heap     ] GC(81) O: Reclaimed:         -                  -                 0M (0%)            2M (0%)     
[2026-01-06T22:08:56.633+0800][39.214s][info][gc,heap     ] GC(81) O: Compacted:         -                  -                  -                 1M (0%)     
[2026-01-06T22:08:56.633+0800][39.214s][info][gc,phases   ] GC(81) O: Old Generation 22M(1%)->46M(1%) 0.006s
[2026-01-06T22:08:56.633+0800][39.214s][info][gc          ] GC(81) Major Collection (Proactive) 3004M(73%)->46M(1%) 0.012s
[2026-01-06T22:08:57.340+0800][39.922s][info][gc          ] GC(82) Minor Collection (High Usage)
[2026-01-06T22:08:57.340+0800][39.922s][info][gc,task     ] GC(82) Using 1 Workers for Young Generation
[2026-01-06T22:08:57.340+0800][39.922s][info][gc,phases   ] GC(82) y: Young Generation
[2026-01-06T22:08:57.340+0800][39.922s][info][gc,phases   ] GC(82) y: Pause Mark Start 0.011ms
[2026-01-06T22:08:57.341+0800][39.922s][info][gc,phases   ] GC(82) y: Concurrent Mark 0.513ms
[2026-01-06T22:08:57.341+0800][39.922s][info][gc,phases   ] GC(82) y: Pause Mark End 0.004ms
[2026-01-06T22:08:57.341+0800][39.922s][info][gc,phases   ] GC(82) y: Concurrent Mark Free 0.003ms
[2026-01-06T22:08:57.341+0800][39.922s][info][gc,phases   ] GC(82) y: Concurrent Reset Relocation Set 0.000ms
[2026-01-06T22:08:57.347+0800][39.928s][info][gc,reloc    ] GC(82) y: Using tenuring threshold: 1 (Computed)
[2026-01-06T22:08:57.347+0800][39.928s][info][gc,phases   ] GC(82) y: Concurrent Select Relocation Set 5.903ms
[2026-01-06T22:08:57.347+0800][39.928s][info][gc,phases   ] GC(82) y: Pause Relocate Start 0.001ms
[2026-01-06T22:08:57.347+0800][39.928s][info][gc,phases   ] GC(82) y: Concurrent Relocate 0.015ms
[2026-01-06T22:08:57.347+0800][39.928s][info][gc,alloc    ] GC(82) y:                         Mark Start        Mark End      Relocate Start    Relocate End   
[2026-01-06T22:08:57.347+0800][39.928s][info][gc,alloc    ] GC(82) y: Allocation Stalls:          0                0                0                0         
[2026-01-06T22:08:57.347+0800][39.928s][info][gc,load     ] GC(82) y: Load: 2.81 (28%) / 2.05 (20%) / 2.08 (21%)
[2026-01-06T22:08:57.347+0800][39.928s][info][gc,mmu      ] GC(82) y: MMU: 2ms/92.0%, 5ms/96.7%, 10ms/98.4%, 20ms/99.2%, 50ms/99.7%, 100ms/99.8%
[2026-01-06T22:08:57.347+0800][39.928s][info][gc,marking  ] GC(82) y: Mark: 1 stripe(s), 2 proactive flush(es), 1 terminate flush(es), 0 completion(s), 0 continuation(s) 
[2026-01-06T22:08:57.347+0800][39.928s][info][gc,nmethod  ] GC(82) y: NMethods: 49 registered, 36 unregistered
[2026-01-06T22:08:57.347+0800][39.928s][info][gc,metaspace] GC(82) y: Metaspace: 0M used, 0M committed, 1088M reserved
[2026-01-06T22:08:57.347+0800][39.928s][info][gc,reloc    ] GC(82) y:                        Candidates     Selected     In-Place         Size        Empty    Relocated 
[2026-01-06T22:08:57.347+0800][39.928s][info][gc,reloc    ] GC(82) y: Small Pages:                 1739            0            0        3478M        3476M           0M 
[2026-01-06T22:08:57.347+0800][39.928s][info][gc,reloc    ] GC(82) y: Medium Pages:                   0            0            0           0M           0M           0M 
[2026-01-06T22:08:57.347+0800][39.928s][info][gc,reloc    ] GC(82) y: Large Pages:                    0            0            0           0M           0M           0M 
[2026-01-06T22:08:57.347+0800][39.928s][info][gc,reloc    ] GC(82) y: Forwarding Usage: 0M
[2026-01-06T22:08:57.347+0800][39.928s][info][gc,reloc    ] GC(82) y: Age Table:
[2026-01-06T22:08:57.347+0800][39.928s][info][gc,reloc    ] GC(82) y:                    Live             Garbage             Small              Medium             Large        
[2026-01-06T22:08:57.347+0800][39.928s][info][gc,reloc    ] GC(82) y: Eden               0M (0%)         3475M (85%)       1738 / 0              0 / 0              0 / 0        
[2026-01-06T22:08:57.347+0800][39.928s][info][gc,reloc    ] GC(82) y: Survivor 1          -                 2M (0%)           1 / 0              0 / 0              0 / 0        
[2026-01-06T22:08:57.347+0800][39.928s][info][gc,heap     ] GC(82) y: Min Capacity: 8M(0%)
[2026-01-06T22:08:57.347+0800][39.928s][info][gc,heap     ] GC(82) y: Max Capacity: 4096M(100%)
[2026-01-06T22:08:57.347+0800][39.928s][info][gc,heap     ] GC(82) y: Soft Max Capacity: 3686M(90%)
[2026-01-06T22:08:57.347+0800][39.928s][info][gc,heap     ] GC(82) y: Heap Statistics:
[2026-01-06T22:08:57.347+0800][39.928s][info][gc,heap     ] GC(82) y:                Mark Start          Mark End        Relocate Start      Relocate End           High               Low         
[2026-01-06T22:08:57.347+0800][39.928s][info][gc,heap     ] GC(82) y:  Capacity:     3498M (85%)        3498M (85%)        3498M (85%)        3498M (85%)        3498M (85%)        3498M (85%)    
[2026-01-06T22:08:57.347+0800][39.928s][info][gc,heap     ] GC(82) y:      Free:      614M (15%)         610M (15%)        4076M (100%)       4076M (100%)       4076M (100%)        610M (15%)    
[2026-01-06T22:08:57.347+0800][39.928s][info][gc,heap     ] GC(82) y:      Used:     3482M (85%)        3486M (85%)          20M (0%)           20M (0%)         3486M (85%)          20M (0%)     
[2026-01-06T22:08:57.347+0800][39.928s][info][gc,heap     ] GC(82) y: Young Generation Statistics:
[2026-01-06T22:08:57.347+0800][39.928s][info][gc,heap     ] GC(82) y:                Mark Start          Mark End        Relocate Start      Relocate End    
[2026-01-06T22:08:57.347+0800][39.928s][info][gc,heap     ] GC(82) y:      Used:     3478M (85%)        3482M (85%)          16M (0%)           16M (0%)     
[2026-01-06T22:08:57.347+0800][39.928s][info][gc,heap     ] GC(82) y:      Live:         -                 0M (0%)            0M (0%)            0M (0%)     
[2026-01-06T22:08:57.347+0800][39.928s][info][gc,heap     ] GC(82) y:   Garbage:         -              3477M (85%)           1M (0%)            1M (0%)     
[2026-01-06T22:08:57.347+0800][39.928s][info][gc,heap     ] GC(82) y: Allocated:         -                 4M (0%)           14M (0%)           14M (0%)     
[2026-01-06T22:08:57.347+0800][39.928s][info][gc,heap     ] GC(82) y: Reclaimed:         -                  -              3476M (85%)        3476M (85%)    
[2026-01-06T22:08:57.347+0800][39.928s][info][gc,heap     ] GC(82) y:  Promoted:         -                  -                 0M (0%)            0M (0%)     
[2026-01-06T22:08:57.347+0800][39.928s][info][gc,heap     ] GC(82) y: Compacted:         -                  -                  -                 0M (0%)     
[2026-01-06T22:08:57.347+0800][39.928s][info][gc,phases   ] GC(82) y: Young Generation 3482M(85%)->20M(0%) 0.007s
[2026-01-06T22:08:57.347+0800][39.928s][info][gc          ] GC(82) Minor Collection (High Usage) 3482M(85%)->20M(0%) 0.007s
[2026-01-06T22:08:57.599+0800][40.181s][info][gc          ] GC(83) Major Collection (Proactive)
[2026-01-06T22:08:57.599+0800][40.181s][info][gc,task     ] GC(83) Using 1 Workers for Young Generation
[2026-01-06T22:08:57.599+0800][40.181s][info][gc,task     ] GC(83) Using 1 Workers for Old Generation
[2026-01-06T22:08:57.599+0800][40.181s][info][gc,phases   ] GC(83) Y: Young Generation
[2026-01-06T22:08:57.600+0800][40.181s][info][gc,phases   ] GC(83) Y: Pause Mark Start (Major) 0.011ms
[2026-01-06T22:08:57.600+0800][40.181s][info][gc,phases   ] GC(83) Y: Concurrent Mark 0.246ms
[2026-01-06T22:08:57.600+0800][40.181s][info][gc,phases   ] GC(83) Y: Pause Mark End 0.004ms
[2026-01-06T22:08:57.600+0800][40.181s][info][gc,phases   ] GC(83) Y: Concurrent Mark Free 0.000ms
[2026-01-06T22:08:57.600+0800][40.181s][info][gc,phases   ] GC(83) Y: Concurrent Reset Relocation Set 0.000ms
[2026-01-06T22:08:57.600+0800][40.182s][info][gc,reloc    ] GC(83) Y: Using tenuring threshold: 1 (Computed)
[2026-01-06T22:08:57.600+0800][40.182s][info][gc,phases   ] GC(83) Y: Concurrent Select Relocation Set 0.131ms
[2026-01-06T22:08:57.600+0800][40.182s][info][gc,phases   ] GC(83) Y: Pause Relocate Start 0.001ms
[2026-01-06T22:08:57.600+0800][40.182s][info][gc,phases   ] GC(83) Y: Concurrent Relocate 0.010ms
[2026-01-06T22:08:57.600+0800][40.182s][info][gc,alloc    ] GC(83) Y:                         Mark Start        Mark End      Relocate Start    Relocate End   
[2026-01-06T22:08:57.600+0800][40.182s][info][gc,alloc    ] GC(83) Y: Allocation Stalls:          0                0                0                0         
[2026-01-06T22:08:57.600+0800][40.182s][info][gc,load     ] GC(83) Y: Load: 2.81 (28%) / 2.05 (20%) / 2.08 (21%)
[2026-01-06T22:08:57.600+0800][40.182s][info][gc,mmu      ] GC(83) Y: MMU: 2ms/92.0%, 5ms/96.7%, 10ms/98.4%, 20ms/99.2%, 50ms/99.7%, 100ms/99.8%
[2026-01-06T22:08:57.600+0800][40.182s][info][gc,marking  ] GC(83) Y: Mark: 1 stripe(s), 2 proactive flush(es), 1 terminate flush(es), 0 completion(s), 0 continuation(s) 
[2026-01-06T22:08:57.600+0800][40.182s][info][gc,nmethod  ] GC(83) Y: NMethods: 49 registered, 36 unregistered
[2026-01-06T22:08:57.600+0800][40.182s][info][gc,metaspace] GC(83) Y: Metaspace: 0M used, 0M committed, 1088M reserved
[2026-01-06T22:08:57.600+0800][40.182s][info][gc,reloc    ] GC(83) Y:                        Candidates     Selected     In-Place         Size        Empty    Relocated 
[2026-01-06T22:08:57.600+0800][40.182s][info][gc,reloc    ] GC(83) Y: Small Pages:                  406            0            0         812M         810M           0M 
[2026-01-06T22:08:57.600+0800][40.182s][info][gc,reloc    ] GC(83) Y: Medium Pages:                   0            0            0           0M           0M           0M 
[2026-01-06T22:08:57.600+0800][40.182s][info][gc,reloc    ] GC(83) Y: Large Pages:                    0            0            0           0M           0M           0M 
[2026-01-06T22:08:57.600+0800][40.182s][info][gc,reloc    ] GC(83) Y: Forwarding Usage: 0M
[2026-01-06T22:08:57.600+0800][40.182s][info][gc,reloc    ] GC(83) Y: Age Table:
[2026-01-06T22:08:57.600+0800][40.182s][info][gc,reloc    ] GC(83) Y:                    Live             Garbage             Small              Medium             Large        
[2026-01-06T22:08:57.600+0800][40.182s][info][gc,reloc    ] GC(83) Y: Eden               0M (0%)          809M (20%)        405 / 0              0 / 0              0 / 0        
[2026-01-06T22:08:57.600+0800][40.182s][info][gc,reloc    ] GC(83) Y: Survivor 1          -                 2M (0%)           1 / 0              0 / 0              0 / 0        
[2026-01-06T22:08:57.600+0800][40.182s][info][gc,heap     ] GC(83) Y: Min Capacity: 8M(0%)
[2026-01-06T22:08:57.600+0800][40.182s][info][gc,heap     ] GC(83) Y: Max Capacity: 4096M(100%)
[2026-01-06T22:08:57.600+0800][40.182s][info][gc,heap     ] GC(83) Y: Soft Max Capacity: 3686M(90%)
[2026-01-06T22:08:57.600+0800][40.182s][info][gc,heap     ] GC(83) Y: Heap Statistics:
[2026-01-06T22:08:57.600+0800][40.182s][info][gc,heap     ] GC(83) Y:                Mark Start          Mark End        Relocate Start      Relocate End           High               Low         
[2026-01-06T22:08:57.600+0800][40.182s][info][gc,heap     ] GC(83) Y:  Capacity:     3498M (85%)        3498M (85%)        3498M (85%)        3498M (85%)        3498M (85%)        3498M (85%)    
[2026-01-06T22:08:57.600+0800][40.182s][info][gc,heap     ] GC(83) Y:      Free:     3280M (80%)        3278M (80%)        4086M (100%)       4086M (100%)       4086M (100%)       3278M (80%)    
[2026-01-06T22:08:57.600+0800][40.182s][info][gc,heap     ] GC(83) Y:      Used:      816M (20%)         818M (20%)          10M (0%)           10M (0%)          818M (20%)          10M (0%)     
[2026-01-06T22:08:57.600+0800][40.182s][info][gc,heap     ] GC(83) Y: Young Generation Statistics:
[2026-01-06T22:08:57.600+0800][40.182s][info][gc,heap     ] GC(83) Y:                Mark Start          Mark End        Relocate Start      Relocate End    
[2026-01-06T22:08:57.600+0800][40.182s][info][gc,heap     ] GC(83) Y:      Used:      812M (20%)         814M (20%)           6M (0%)            6M (0%)     
[2026-01-06T22:08:57.600+0800][40.182s][info][gc,heap     ] GC(83) Y:      Live:         -                 0M (0%)            0M (0%)            0M (0%)     
[2026-01-06T22:08:57.600+0800][40.182s][info][gc,heap     ] GC(83) Y:   Garbage:         -               811M (20%)           1M (0%)            1M (0%)     
[2026-01-06T22:08:57.600+0800][40.182s][info][gc,heap     ] GC(83) Y: Allocated:         -                 2M (0%)            4M (0%)            4M (0%)     
[2026-01-06T22:08:57.600+0800][40.182s][info][gc,heap     ] GC(83) Y: Reclaimed:         -                  -               810M (20%)         810M (20%)    
[2026-01-06T22:08:57.600+0800][40.182s][info][gc,heap     ] GC(83) Y:  Promoted:         -                  -                 0M (0%)            0M (0%)     
[2026-01-06T22:08:57.600+0800][40.182s][info][gc,heap     ] GC(83) Y: Compacted:         -                  -                  -                 0M (0%)     
[2026-01-06T22:08:57.600+0800][40.182s][info][gc,phases   ] GC(83) Y: Young Generation 816M(20%)->10M(0%) 0.001s
[2026-01-06T22:08:57.600+0800][40.182s][info][gc,phases   ] GC(83) O: Old Generation
[2026-01-06T22:08:57.607+0800][40.188s][info][gc,phases   ] GC(83) O: Concurrent Mark 6.444ms
[2026-01-06T22:08:57.607+0800][40.188s][info][gc,phases   ] GC(83) O: Pause Mark End 0.004ms
[2026-01-06T22:08:57.607+0800][40.188s][info][gc,phases   ] GC(83) O: Concurrent Mark Free 0.000ms
[2026-01-06T22:08:57.607+0800][40.189s][info][gc,phases   ] GC(83) O: Concurrent Process Non-Strong 0.272ms
[2026-01-06T22:08:57.607+0800][40.189s][info][gc,phases   ] GC(83) O: Concurrent Reset Relocation Set 0.008ms
[2026-01-06T22:08:57.607+0800][40.189s][info][gc,phases   ] GC(83) O: Concurrent Select Relocation Set 0.044ms
[2026-01-06T22:08:57.607+0800][40.189s][info][gc,task     ] GC(83) O: Using 2 Workers for Old Generation
[2026-01-06T22:08:57.607+0800][40.189s][info][gc,task     ] GC(83) O: Using 1 Workers for Old Generation
[2026-01-06T22:08:57.607+0800][40.189s][info][gc,phases   ] GC(83) O: Concurrent Remap Roots 0.065ms
[2026-01-06T22:08:57.607+0800][40.189s][info][gc,phases   ] GC(83) O: Pause Relocate Start 0.001ms
[2026-01-06T22:08:57.608+0800][40.190s][info][gc,phases   ] GC(83) O: Concurrent Relocate 0.932ms
[2026-01-06T22:08:57.608+0800][40.190s][info][gc,alloc    ] GC(83) O:                         Mark Start        Mark End      Relocate Start    Relocate End   
[2026-01-06T22:08:57.608+0800][40.190s][info][gc,alloc    ] GC(83) O: Allocation Stalls:          0                0                0                0         
[2026-01-06T22:08:57.608+0800][40.190s][info][gc,load     ] GC(83) O: Load: 2.81 (28%) / 2.05 (20%) / 2.08 (21%)
[2026-01-06T22:08:57.608+0800][40.190s][info][gc,mmu      ] GC(83) O: MMU: 2ms/92.0%, 5ms/96.7%, 10ms/98.4%, 20ms/99.2%, 50ms/99.7%, 100ms/99.8%
[2026-01-06T22:08:57.608+0800][40.190s][info][gc,marking  ] GC(83) O: Mark: 1 stripe(s), 2 proactive flush(es), 1 terminate flush(es), 0 completion(s), 0 continuation(s) 
[2026-01-06T22:08:57.608+0800][40.190s][info][gc,nmethod  ] GC(83) O: NMethods: 49 registered, 36 unregistered
[2026-01-06T22:08:57.608+0800][40.190s][info][gc,metaspace] GC(83) O: Metaspace: 0M used, 0M committed, 1088M reserved
[2026-01-06T22:08:57.608+0800][40.190s][info][gc,ref      ] GC(83) O:                       Encountered   Discovered     Enqueued 
[2026-01-06T22:08:57.608+0800][40.190s][info][gc,ref      ] GC(83) O: Soft References:                1            0            0 
[2026-01-06T22:08:57.608+0800][40.190s][info][gc,ref      ] GC(83) O: Weak References:                6            0            0 
[2026-01-06T22:08:57.608+0800][40.190s][info][gc,ref      ] GC(83) O: Final References:               0            0            0 
[2026-01-06T22:08:57.608+0800][40.190s][info][gc,ref      ] GC(83) O: Phantom References:             1            1            0 
[2026-01-06T22:08:57.608+0800][40.190s][info][gc,reloc    ] GC(83) O:                        Candidates     Selected     In-Place         Size        Empty    Relocated 
[2026-01-06T22:08:57.608+0800][40.190s][info][gc,reloc    ] GC(83) O: Small Pages:                    2            1            0           4M           0M           1M 
[2026-01-06T22:08:57.608+0800][40.190s][info][gc,reloc    ] GC(83) O: Medium Pages:                   0            0            0           0M           0M           0M 
[2026-01-06T22:08:57.608+0800][40.190s][info][gc,reloc    ] GC(83) O: Large Pages:                    0            0            0           0M           0M           0M 
[2026-01-06T22:08:57.608+0800][40.190s][info][gc,reloc    ] GC(83) O: Forwarding Usage: 0M
[2026-01-06T22:08:57.608+0800][40.190s][info][gc,heap     ] GC(83) O: Min Capacity: 8M(0%)
[2026-01-06T22:08:57.608+0800][40.190s][info][gc,heap     ] GC(83) O: Max Capacity: 4096M(100%)
[2026-01-06T22:08:57.608+0800][40.190s][info][gc,heap     ] GC(83) O: Soft Max Capacity: 3686M(90%)
[2026-01-06T22:08:57.608+0800][40.190s][info][gc,heap     ] GC(83) O: Heap Statistics:
[2026-01-06T22:08:57.608+0800][40.190s][info][gc,heap     ] GC(83) O:                Mark Start          Mark End        Relocate Start      Relocate End           High               Low         
[2026-01-06T22:08:57.608+0800][40.190s][info][gc,heap     ] GC(83) O:  Capacity:     3498M (85%)        3498M (85%)        3498M (85%)        3498M (85%)        3498M (85%)        3498M (85%)    
[2026-01-06T22:08:57.608+0800][40.190s][info][gc,heap     ] GC(83) O:      Free:     3280M (80%)        3980M (97%)        3972M (97%)        3958M (97%)        4086M (100%)       3278M (80%)    
[2026-01-06T22:08:57.608+0800][40.190s][info][gc,heap     ] GC(83) O:      Used:      816M (20%)         116M (3%)          124M (3%)          138M (3%)          818M (20%)          10M (0%)     
[2026-01-06T22:08:57.608+0800][40.190s][info][gc,heap     ] GC(83) O: Old Generation Statistics:
[2026-01-06T22:08:57.608+0800][40.190s][info][gc,heap     ] GC(83) O:                Mark Start          Mark End        Relocate Start      Relocate End    
[2026-01-06T22:08:57.608+0800][40.190s][info][gc,heap     ] GC(83) O:      Used:        4M (0%)            4M (0%)            4M (0%)            4M (0%)     
[2026-01-06T22:08:57.608+0800][40.190s][info][gc,heap     ] GC(83) O:      Live:         -                 1M (0%)            1M (0%)            1M (0%)     
[2026-01-06T22:08:57.608+0800][40.190s][info][gc,heap     ] GC(83) O:   Garbage:         -                 2M (0%)            2M (0%)            0M (0%)     
[2026-01-06T22:08:57.608+0800][40.190s][info][gc,heap     ] GC(83) O: Allocated:         -                 0M (0%)            0M (0%)            2M (0%)     
[2026-01-06T22:08:57.608+0800][40.190s][info][gc,heap     ] GC(83) O: Reclaimed:         -                  -                 0M (0%)            2M (0%)     
[2026-01-06T22:08:57.608+0800][40.190s][info][gc,heap     ] GC(83) O: Compacted:         -                  -                  -                 1M (0%)     
[2026-01-06T22:08:57.608+0800][40.190s][info][gc,phases   ] GC(83) O: Old Generation 12M(0%)->138M(3%) 0.008s
[2026-01-06T22:08:57.608+0800][40.190s][info][gc          ] GC(83) Major Collection (Proactive) 816M(20%)->140M(3%) 0.009s
[2026-01-06T22:08:58.389+0800][40.970s][info][gc          ] GC(84) Minor Collection (High Usage)
[2026-01-06T22:08:58.389+0800][40.970s][info][gc,task     ] GC(84) Using 1 Workers for Young Generation
[2026-01-06T22:08:58.389+0800][40.970s][info][gc,phases   ] GC(84) y: Young Generation
[2026-01-06T22:08:58.389+0800][40.971s][info][gc,phases   ] GC(84) y: Pause Mark Start 0.015ms
[2026-01-06T22:08:58.390+0800][40.971s][info][gc,phases   ] GC(84) y: Concurrent Mark 0.612ms
[2026-01-06T22:08:58.390+0800][40.971s][info][gc,phases   ] GC(84) y: Pause Mark End 0.004ms
[2026-01-06T22:08:58.390+0800][40.971s][info][gc,phases   ] GC(84) y: Concurrent Mark Free 0.004ms
[2026-01-06T22:08:58.390+0800][40.971s][info][gc,phases   ] GC(84) y: Concurrent Reset Relocation Set 0.000ms
[2026-01-06T22:08:58.395+0800][40.977s][info][gc,reloc    ] GC(84) y: Using tenuring threshold: 1 (Computed)
[2026-01-06T22:08:58.395+0800][40.977s][info][gc,phases   ] GC(84) y: Concurrent Select Relocation Set 5.446ms
[2026-01-06T22:08:58.395+0800][40.977s][info][gc,phases   ] GC(84) y: Pause Relocate Start 0.002ms
[2026-01-06T22:08:58.395+0800][40.977s][info][gc,phases   ] GC(84) y: Concurrent Relocate 0.012ms
[2026-01-06T22:08:58.395+0800][40.977s][info][gc,alloc    ] GC(84) y:                         Mark Start        Mark End      Relocate Start    Relocate End   
[2026-01-06T22:08:58.395+0800][40.977s][info][gc,alloc    ] GC(84) y: Allocation Stalls:          0                0                0                0         
[2026-01-06T22:08:58.395+0800][40.977s][info][gc,load     ] GC(84) y: Load: 2.81 (28%) / 2.05 (20%) / 2.08 (21%)
[2026-01-06T22:08:58.395+0800][40.977s][info][gc,mmu      ] GC(84) y: MMU: 2ms/92.0%, 5ms/96.7%, 10ms/98.4%, 20ms/99.2%, 50ms/99.7%, 100ms/99.8%
[2026-01-06T22:08:58.395+0800][40.977s][info][gc,marking  ] GC(84) y: Mark: 1 stripe(s), 2 proactive flush(es), 1 terminate flush(es), 0 completion(s), 0 continuation(s) 
[2026-01-06T22:08:58.395+0800][40.977s][info][gc,nmethod  ] GC(84) y: NMethods: 49 registered, 36 unregistered
[2026-01-06T22:08:58.395+0800][40.977s][info][gc,metaspace] GC(84) y: Metaspace: 0M used, 0M committed, 1088M reserved
[2026-01-06T22:08:58.395+0800][40.977s][info][gc,reloc    ] GC(84) y:                        Candidates     Selected     In-Place         Size        Empty    Relocated 
[2026-01-06T22:08:58.395+0800][40.977s][info][gc,reloc    ] GC(84) y: Small Pages:                 1740            0            0        3480M        3478M           0M 
[2026-01-06T22:08:58.395+0800][40.977s][info][gc,reloc    ] GC(84) y: Medium Pages:                   0            0            0           0M           0M           0M 
[2026-01-06T22:08:58.395+0800][40.977s][info][gc,reloc    ] GC(84) y: Large Pages:                    0            0            0           0M           0M           0M 
[2026-01-06T22:08:58.395+0800][40.977s][info][gc,reloc    ] GC(84) y: Forwarding Usage: 0M
[2026-01-06T22:08:58.395+0800][40.977s][info][gc,reloc    ] GC(84) y: Age Table:
[2026-01-06T22:08:58.395+0800][40.977s][info][gc,reloc    ] GC(84) y:                    Live             Garbage             Small              Medium             Large        
[2026-01-06T22:08:58.395+0800][40.977s][info][gc,reloc    ] GC(84) y: Eden               0M (0%)         3477M (85%)       1739 / 0              0 / 0              0 / 0        
[2026-01-06T22:08:58.395+0800][40.977s][info][gc,reloc    ] GC(84) y: Survivor 1          -                 2M (0%)           1 / 0              0 / 0              0 / 0        
[2026-01-06T22:08:58.395+0800][40.977s][info][gc,heap     ] GC(84) y: Min Capacity: 8M(0%)
[2026-01-06T22:08:58.395+0800][40.977s][info][gc,heap     ] GC(84) y: Max Capacity: 4096M(100%)
[2026-01-06T22:08:58.395+0800][40.977s][info][gc,heap     ] GC(84) y: Soft Max Capacity: 3686M(90%)
[2026-01-06T22:08:58.395+0800][40.977s][info][gc,heap     ] GC(84) y: Heap Statistics:
[2026-01-06T22:08:58.395+0800][40.977s][info][gc,heap     ] GC(84) y:                Mark Start          Mark End        Relocate Start      Relocate End           High               Low         
[2026-01-06T22:08:58.395+0800][40.977s][info][gc,heap     ] GC(84) y:  Capacity:     3498M (85%)        3498M (85%)        3498M (85%)        3498M (85%)        3498M (85%)        3498M (85%)    
[2026-01-06T22:08:58.395+0800][40.977s][info][gc,heap     ] GC(84) y:      Free:      612M (15%)         608M (15%)        4076M (100%)       4076M (100%)       4076M (100%)        608M (15%)    
[2026-01-06T22:08:58.395+0800][40.977s][info][gc,heap     ] GC(84) y:      Used:     3484M (85%)        3488M (85%)          20M (0%)           20M (0%)         3488M (85%)          20M (0%)     
[2026-01-06T22:08:58.395+0800][40.977s][info][gc,heap     ] GC(84) y: Young Generation Statistics:
[2026-01-06T22:08:58.395+0800][40.977s][info][gc,heap     ] GC(84) y:                Mark Start          Mark End        Relocate Start      Relocate End    
[2026-01-06T22:08:58.395+0800][40.977s][info][gc,heap     ] GC(84) y:      Used:     3480M (85%)        3484M (85%)          16M (0%)           16M (0%)     
[2026-01-06T22:08:58.395+0800][40.977s][info][gc,heap     ] GC(84) y:      Live:         -                 0M (0%)            0M (0%)            0M (0%)     
[2026-01-06T22:08:58.395+0800][40.977s][info][gc,heap     ] GC(84) y:   Garbage:         -              3479M (85%)           1M (0%)            1M (0%)     
[2026-01-06T22:08:58.395+0800][40.977s][info][gc,heap     ] GC(84) y: Allocated:         -                 4M (0%)           14M (0%)           14M (0%)     
[2026-01-06T22:08:58.395+0800][40.977s][info][gc,heap     ] GC(84) y: Reclaimed:         -                  -              3478M (85%)        3478M (85%)    
[2026-01-06T22:08:58.395+0800][40.977s][info][gc,heap     ] GC(84) y:  Promoted:         -                  -                 0M (0%)            0M (0%)     
[2026-01-06T22:08:58.395+0800][40.977s][info][gc,heap     ] GC(84) y: Compacted:         -                  -                  -                 0M (0%)     
[2026-01-06T22:08:58.395+0800][40.977s][info][gc,phases   ] GC(84) y: Young Generation 3484M(85%)->20M(0%) 0.006s
[2026-01-06T22:08:58.395+0800][40.977s][info][gc          ] GC(84) Minor Collection (High Usage) 3484M(85%)->20M(0%) 0.007s
[2026-01-06T22:08:58.778+0800][41.360s][info][gc          ] GC(85) Major Collection (Proactive)
[2026-01-06T22:08:58.778+0800][41.360s][info][gc,task     ] GC(85) Using 1 Workers for Young Generation
[2026-01-06T22:08:58.778+0800][41.360s][info][gc,task     ] GC(85) Using 1 Workers for Old Generation
[2026-01-06T22:08:58.778+0800][41.360s][info][gc,phases   ] GC(85) Y: Young Generation
[2026-01-06T22:08:58.779+0800][41.360s][info][gc,phases   ] GC(85) Y: Pause Mark Start (Major) 0.020ms
[2026-01-06T22:08:58.779+0800][41.360s][info][gc,phases   ] GC(85) Y: Concurrent Mark 0.253ms
[2026-01-06T22:08:58.779+0800][41.360s][info][gc,phases   ] GC(85) Y: Pause Mark End 0.003ms
[2026-01-06T22:08:58.779+0800][41.360s][info][gc,phases   ] GC(85) Y: Concurrent Mark Free 0.001ms
[2026-01-06T22:08:58.779+0800][41.360s][info][gc,phases   ] GC(85) Y: Concurrent Reset Relocation Set 0.000ms
[2026-01-06T22:08:58.779+0800][41.361s][info][gc,reloc    ] GC(85) Y: Using tenuring threshold: 1 (Computed)
[2026-01-06T22:08:58.779+0800][41.361s][info][gc,phases   ] GC(85) Y: Concurrent Select Relocation Set 0.196ms
[2026-01-06T22:08:58.779+0800][41.361s][info][gc,phases   ] GC(85) Y: Pause Relocate Start 0.001ms
[2026-01-06T22:08:58.779+0800][41.361s][info][gc,phases   ] GC(85) Y: Concurrent Relocate 0.011ms
[2026-01-06T22:08:58.779+0800][41.361s][info][gc,alloc    ] GC(85) Y:                         Mark Start        Mark End      Relocate Start    Relocate End   
[2026-01-06T22:08:58.779+0800][41.361s][info][gc,alloc    ] GC(85) Y: Allocation Stalls:          0                0                0                0         
[2026-01-06T22:08:58.779+0800][41.361s][info][gc,load     ] GC(85) Y: Load: 2.81 (28%) / 2.05 (20%) / 2.08 (21%)
[2026-01-06T22:08:58.779+0800][41.361s][info][gc,mmu      ] GC(85) Y: MMU: 2ms/92.0%, 5ms/96.7%, 10ms/98.4%, 20ms/99.2%, 50ms/99.7%, 100ms/99.8%
[2026-01-06T22:08:58.779+0800][41.361s][info][gc,marking  ] GC(85) Y: Mark: 1 stripe(s), 2 proactive flush(es), 1 terminate flush(es), 0 completion(s), 0 continuation(s) 
[2026-01-06T22:08:58.779+0800][41.361s][info][gc,nmethod  ] GC(85) Y: NMethods: 49 registered, 36 unregistered
[2026-01-06T22:08:58.779+0800][41.361s][info][gc,metaspace] GC(85) Y: Metaspace: 0M used, 0M committed, 1088M reserved
[2026-01-06T22:08:58.779+0800][41.361s][info][gc,reloc    ] GC(85) Y:                        Candidates     Selected     In-Place         Size        Empty    Relocated 
[2026-01-06T22:08:58.779+0800][41.361s][info][gc,reloc    ] GC(85) Y: Small Pages:                  616            0            0        1232M        1230M           0M 
[2026-01-06T22:08:58.779+0800][41.361s][info][gc,reloc    ] GC(85) Y: Medium Pages:                   0            0            0           0M           0M           0M 
[2026-01-06T22:08:58.779+0800][41.361s][info][gc,reloc    ] GC(85) Y: Large Pages:                    0            0            0           0M           0M           0M 
[2026-01-06T22:08:58.779+0800][41.361s][info][gc,reloc    ] GC(85) Y: Forwarding Usage: 0M
[2026-01-06T22:08:58.779+0800][41.361s][info][gc,reloc    ] GC(85) Y: Age Table:
[2026-01-06T22:08:58.779+0800][41.361s][info][gc,reloc    ] GC(85) Y:                    Live             Garbage             Small              Medium             Large        
[2026-01-06T22:08:58.779+0800][41.361s][info][gc,reloc    ] GC(85) Y: Eden               0M (0%)         1229M (30%)        615 / 0              0 / 0              0 / 0        
[2026-01-06T22:08:58.779+0800][41.361s][info][gc,reloc    ] GC(85) Y: Survivor 1          -                 2M (0%)           1 / 0              0 / 0              0 / 0        
[2026-01-06T22:08:58.779+0800][41.361s][info][gc,heap     ] GC(85) Y: Min Capacity: 8M(0%)
[2026-01-06T22:08:58.779+0800][41.361s][info][gc,heap     ] GC(85) Y: Max Capacity: 4096M(100%)
[2026-01-06T22:08:58.779+0800][41.361s][info][gc,heap     ] GC(85) Y: Soft Max Capacity: 3686M(90%)
[2026-01-06T22:08:58.779+0800][41.361s][info][gc,heap     ] GC(85) Y: Heap Statistics:
[2026-01-06T22:08:58.779+0800][41.361s][info][gc,heap     ] GC(85) Y:                Mark Start          Mark End        Relocate Start      Relocate End           High               Low         
[2026-01-06T22:08:58.779+0800][41.361s][info][gc,heap     ] GC(85) Y:  Capacity:     3498M (85%)        3498M (85%)        3498M (85%)        3498M (85%)        3498M (85%)        3498M (85%)    
[2026-01-06T22:08:58.779+0800][41.361s][info][gc,heap     ] GC(85) Y:      Free:     2860M (70%)        2858M (70%)        4086M (100%)       4086M (100%)       4086M (100%)       2858M (70%)    
[2026-01-06T22:08:58.779+0800][41.361s][info][gc,heap     ] GC(85) Y:      Used:     1236M (30%)        1238M (30%)          10M (0%)           10M (0%)         1238M (30%)          10M (0%)     
[2026-01-06T22:08:58.779+0800][41.361s][info][gc,heap     ] GC(85) Y: Young Generation Statistics:
[2026-01-06T22:08:58.779+0800][41.361s][info][gc,heap     ] GC(85) Y:                Mark Start          Mark End        Relocate Start      Relocate End    
[2026-01-06T22:08:58.779+0800][41.361s][info][gc,heap     ] GC(85) Y:      Used:     1232M (30%)        1234M (30%)           6M (0%)            6M (0%)     
[2026-01-06T22:08:58.779+0800][41.361s][info][gc,heap     ] GC(85) Y:      Live:         -                 0M (0%)            0M (0%)            0M (0%)     
[2026-01-06T22:08:58.779+0800][41.361s][info][gc,heap     ] GC(85) Y:   Garbage:         -              1231M (30%)           1M (0%)            1M (0%)     
[2026-01-06T22:08:58.779+0800][41.361s][info][gc,heap     ] GC(85) Y: Allocated:         -                 2M (0%)            4M (0%)            4M (0%)     
[2026-01-06T22:08:58.779+0800][41.361s][info][gc,heap     ] GC(85) Y: Reclaimed:         -                  -              1230M (30%)        1230M (30%)    
[2026-01-06T22:08:58.779+0800][41.361s][info][gc,heap     ] GC(85) Y:  Promoted:         -                  -                 0M (0%)            0M (0%)     
[2026-01-06T22:08:58.779+0800][41.361s][info][gc,heap     ] GC(85) Y: Compacted:         -                  -                  -                 0M (0%)     
[2026-01-06T22:08:58.779+0800][41.361s][info][gc,phases   ] GC(85) Y: Young Generation 1236M(30%)->10M(0%) 0.001s
[2026-01-06T22:08:58.779+0800][41.361s][info][gc,phases   ] GC(85) O: Old Generation
[2026-01-06T22:08:58.783+0800][41.364s][info][gc,phases   ] GC(85) O: Concurrent Mark 3.270ms
[2026-01-06T22:08:58.783+0800][41.364s][info][gc,phases   ] GC(85) O: Pause Mark End 0.004ms
[2026-01-06T22:08:58.783+0800][41.364s][info][gc,phases   ] GC(85) O: Concurrent Mark Free 0.001ms
[2026-01-06T22:08:58.786+0800][41.367s][info][gc,phases   ] GC(85) O: Concurrent Process Non-Strong 3.123ms
[2026-01-06T22:08:58.786+0800][41.367s][info][gc,phases   ] GC(85) O: Concurrent Reset Relocation Set 0.010ms
[2026-01-06T22:08:58.786+0800][41.367s][info][gc,phases   ] GC(85) O: Concurrent Select Relocation Set 0.091ms
[2026-01-06T22:08:58.786+0800][41.367s][info][gc,task     ] GC(85) O: Using 2 Workers for Old Generation
[2026-01-06T22:08:58.786+0800][41.368s][info][gc,task     ] GC(85) O: Using 1 Workers for Old Generation
[2026-01-06T22:08:58.786+0800][41.368s][info][gc,phases   ] GC(85) O: Concurrent Remap Roots 0.083ms
[2026-01-06T22:08:58.786+0800][41.368s][info][gc,phases   ] GC(85) O: Pause Relocate Start 0.003ms
[2026-01-06T22:08:58.787+0800][41.368s][info][gc,phases   ] GC(85) O: Concurrent Relocate 0.852ms
[2026-01-06T22:08:58.787+0800][41.368s][info][gc,alloc    ] GC(85) O:                         Mark Start        Mark End      Relocate Start    Relocate End   
[2026-01-06T22:08:58.787+0800][41.368s][info][gc,alloc    ] GC(85) O: Allocation Stalls:          0                0                0                0         
[2026-01-06T22:08:58.787+0800][41.368s][info][gc,load     ] GC(85) O: Load: 2.81 (28%) / 2.05 (20%) / 2.08 (21%)
[2026-01-06T22:08:58.787+0800][41.368s][info][gc,mmu      ] GC(85) O: MMU: 2ms/92.0%, 5ms/96.7%, 10ms/98.4%, 20ms/99.2%, 50ms/99.7%, 100ms/99.8%
[2026-01-06T22:08:58.787+0800][41.368s][info][gc,marking  ] GC(85) O: Mark: 1 stripe(s), 2 proactive flush(es), 1 terminate flush(es), 0 completion(s), 0 continuation(s) 
[2026-01-06T22:08:58.787+0800][41.368s][info][gc,nmethod  ] GC(85) O: NMethods: 49 registered, 36 unregistered
[2026-01-06T22:08:58.787+0800][41.368s][info][gc,metaspace] GC(85) O: Metaspace: 0M used, 0M committed, 1088M reserved
[2026-01-06T22:08:58.787+0800][41.368s][info][gc,ref      ] GC(85) O:                       Encountered   Discovered     Enqueued 
[2026-01-06T22:08:58.787+0800][41.368s][info][gc,ref      ] GC(85) O: Soft References:                1            0            0 
[2026-01-06T22:08:58.787+0800][41.368s][info][gc,ref      ] GC(85) O: Weak References:                6            0            0 
[2026-01-06T22:08:58.787+0800][41.368s][info][gc,ref      ] GC(85) O: Final References:               0            0            0 
[2026-01-06T22:08:58.787+0800][41.368s][info][gc,ref      ] GC(85) O: Phantom References:             1            1            0 
[2026-01-06T22:08:58.787+0800][41.368s][info][gc,reloc    ] GC(85) O:                        Candidates     Selected     In-Place         Size        Empty    Relocated 
[2026-01-06T22:08:58.787+0800][41.368s][info][gc,reloc    ] GC(85) O: Small Pages:                    2            1            0           4M           0M           1M 
[2026-01-06T22:08:58.787+0800][41.368s][info][gc,reloc    ] GC(85) O: Medium Pages:                   0            0            0           0M           0M           0M 
[2026-01-06T22:08:58.787+0800][41.368s][info][gc,reloc    ] GC(85) O: Large Pages:                    0            0            0           0M           0M           0M 
[2026-01-06T22:08:58.787+0800][41.368s][info][gc,reloc    ] GC(85) O: Forwarding Usage: 0M
[2026-01-06T22:08:58.787+0800][41.368s][info][gc,heap     ] GC(85) O: Min Capacity: 8M(0%)
[2026-01-06T22:08:58.787+0800][41.369s][info][gc,heap     ] GC(85) O: Max Capacity: 4096M(100%)
[2026-01-06T22:08:58.787+0800][41.369s][info][gc,heap     ] GC(85) O: Soft Max Capacity: 3686M(90%)
[2026-01-06T22:08:58.787+0800][41.369s][info][gc,heap     ] GC(85) O: Heap Statistics:
[2026-01-06T22:08:58.787+0800][41.369s][info][gc,heap     ] GC(85) O:                Mark Start          Mark End        Relocate Start      Relocate End           High               Low         
[2026-01-06T22:08:58.787+0800][41.369s][info][gc,heap     ] GC(85) O:  Capacity:     3498M (85%)        3498M (85%)        3498M (85%)        3498M (85%)        3498M (85%)        3498M (85%)    
[2026-01-06T22:08:58.787+0800][41.369s][info][gc,heap     ] GC(85) O:      Free:     2860M (70%)        4032M (98%)        3988M (97%)        3978M (97%)        4086M (100%)       2858M (70%)    
[2026-01-06T22:08:58.787+0800][41.369s][info][gc,heap     ] GC(85) O:      Used:     1236M (30%)          64M (2%)          108M (3%)          118M (3%)         1238M (30%)          10M (0%)     
[2026-01-06T22:08:58.787+0800][41.369s][info][gc,heap     ] GC(85) O: Old Generation Statistics:
[2026-01-06T22:08:58.787+0800][41.369s][info][gc,heap     ] GC(85) O:                Mark Start          Mark End        Relocate Start      Relocate End    
[2026-01-06T22:08:58.787+0800][41.369s][info][gc,heap     ] GC(85) O:      Used:        4M (0%)            4M (0%)            4M (0%)            4M (0%)     
[2026-01-06T22:08:58.787+0800][41.369s][info][gc,heap     ] GC(85) O:      Live:         -                 1M (0%)            1M (0%)            1M (0%)     
[2026-01-06T22:08:58.787+0800][41.369s][info][gc,heap     ] GC(85) O:   Garbage:         -                 2M (0%)            2M (0%)            0M (0%)     
[2026-01-06T22:08:58.787+0800][41.369s][info][gc,heap     ] GC(85) O: Allocated:         -                 0M (0%)            0M (0%)            2M (0%)     
[2026-01-06T22:08:58.787+0800][41.369s][info][gc,heap     ] GC(85) O: Reclaimed:         -                  -                 0M (0%)            2M (0%)     
[2026-01-06T22:08:58.787+0800][41.369s][info][gc,heap     ] GC(85) O: Compacted:         -                  -                  -                 1M (0%)     
[2026-01-06T22:08:58.787+0800][41.369s][info][gc,phases   ] GC(85) O: Old Generation 12M(0%)->118M(3%) 0.008s
[2026-01-06T22:08:58.787+0800][41.369s][info][gc          ] GC(85) Major Collection (Proactive) 1236M(30%)->118M(3%) 0.009s
[2026-01-06T22:08:59.433+0800][42.014s][info][gc          ] GC(86) Minor Collection (High Usage)
[2026-01-06T22:08:59.433+0800][42.015s][info][gc,task     ] GC(86) Using 1 Workers for Young Generation
[2026-01-06T22:08:59.433+0800][42.015s][info][gc,phases   ] GC(86) y: Young Generation
[2026-01-06T22:08:59.433+0800][42.015s][info][gc,phases   ] GC(86) y: Pause Mark Start 0.017ms
[2026-01-06T22:08:59.434+0800][42.015s][info][gc,phases   ] GC(86) y: Concurrent Mark 0.580ms
[2026-01-06T22:08:59.434+0800][42.015s][info][gc,phases   ] GC(86) y: Pause Mark End 0.003ms
[2026-01-06T22:08:59.434+0800][42.015s][info][gc,phases   ] GC(86) y: Concurrent Mark Free 0.003ms
[2026-01-06T22:08:59.434+0800][42.015s][info][gc,phases   ] GC(86) y: Concurrent Reset Relocation Set 0.000ms
[2026-01-06T22:08:59.436+0800][42.017s][info][gc,reloc    ] GC(86) y: Using tenuring threshold: 1 (Computed)
[2026-01-06T22:08:59.436+0800][42.017s][info][gc,phases   ] GC(86) y: Concurrent Select Relocation Set 1.979ms
[2026-01-06T22:08:59.436+0800][42.017s][info][gc,phases   ] GC(86) y: Pause Relocate Start 0.002ms
[2026-01-06T22:08:59.436+0800][42.017s][info][gc,phases   ] GC(86) y: Concurrent Relocate 0.013ms
[2026-01-06T22:08:59.436+0800][42.017s][info][gc,alloc    ] GC(86) y:                         Mark Start        Mark End      Relocate Start    Relocate End   
[2026-01-06T22:08:59.436+0800][42.017s][info][gc,alloc    ] GC(86) y: Allocation Stalls:          0                0                0                0         
[2026-01-06T22:08:59.436+0800][42.017s][info][gc,load     ] GC(86) y: Load: 2.81 (28%) / 2.05 (20%) / 2.08 (21%)
[2026-01-06T22:08:59.436+0800][42.017s][info][gc,mmu      ] GC(86) y: MMU: 2ms/92.0%, 5ms/96.7%, 10ms/98.4%, 20ms/99.2%, 50ms/99.7%, 100ms/99.8%
[2026-01-06T22:08:59.436+0800][42.017s][info][gc,marking  ] GC(86) y: Mark: 1 stripe(s), 2 proactive flush(es), 1 terminate flush(es), 0 completion(s), 0 continuation(s) 
[2026-01-06T22:08:59.436+0800][42.017s][info][gc,nmethod  ] GC(86) y: NMethods: 49 registered, 36 unregistered
[2026-01-06T22:08:59.436+0800][42.017s][info][gc,metaspace] GC(86) y: Metaspace: 0M used, 0M committed, 1088M reserved
[2026-01-06T22:08:59.436+0800][42.017s][info][gc,reloc    ] GC(86) y:                        Candidates     Selected     In-Place         Size        Empty    Relocated 
[2026-01-06T22:08:59.436+0800][42.017s][info][gc,reloc    ] GC(86) y: Small Pages:                 1735            0            0        3470M        3468M           0M 
[2026-01-06T22:08:59.436+0800][42.017s][info][gc,reloc    ] GC(86) y: Medium Pages:                   0            0            0           0M           0M           0M 
[2026-01-06T22:08:59.436+0800][42.017s][info][gc,reloc    ] GC(86) y: Large Pages:                    0            0            0           0M           0M           0M 
[2026-01-06T22:08:59.436+0800][42.017s][info][gc,reloc    ] GC(86) y: Forwarding Usage: 0M
[2026-01-06T22:08:59.436+0800][42.017s][info][gc,reloc    ] GC(86) y: Age Table:
[2026-01-06T22:08:59.436+0800][42.017s][info][gc,reloc    ] GC(86) y:                    Live             Garbage             Small              Medium             Large        
[2026-01-06T22:08:59.436+0800][42.017s][info][gc,reloc    ] GC(86) y: Eden               0M (0%)         3467M (85%)       1734 / 0              0 / 0              0 / 0        
[2026-01-06T22:08:59.436+0800][42.017s][info][gc,reloc    ] GC(86) y: Survivor 1          -                 2M (0%)           1 / 0              0 / 0              0 / 0        
[2026-01-06T22:08:59.436+0800][42.017s][info][gc,heap     ] GC(86) y: Min Capacity: 8M(0%)
[2026-01-06T22:08:59.436+0800][42.017s][info][gc,heap     ] GC(86) y: Max Capacity: 4096M(100%)
[2026-01-06T22:08:59.436+0800][42.017s][info][gc,heap     ] GC(86) y: Soft Max Capacity: 3686M(90%)
[2026-01-06T22:08:59.436+0800][42.017s][info][gc,heap     ] GC(86) y: Heap Statistics:
[2026-01-06T22:08:59.436+0800][42.017s][info][gc,heap     ] GC(86) y:                Mark Start          Mark End        Relocate Start      Relocate End           High               Low         
[2026-01-06T22:08:59.436+0800][42.017s][info][gc,heap     ] GC(86) y:  Capacity:     3498M (85%)        3498M (85%)        3498M (85%)        3498M (85%)        3498M (85%)        3498M (85%)    
[2026-01-06T22:08:59.436+0800][42.017s][info][gc,heap     ] GC(86) y:      Free:      622M (15%)         618M (15%)        4078M (100%)       4078M (100%)       4078M (100%)        618M (15%)    
[2026-01-06T22:08:59.436+0800][42.017s][info][gc,heap     ] GC(86) y:      Used:     3474M (85%)        3478M (85%)          18M (0%)           18M (0%)         3478M (85%)          18M (0%)     
[2026-01-06T22:08:59.436+0800][42.017s][info][gc,heap     ] GC(86) y: Young Generation Statistics:
[2026-01-06T22:08:59.436+0800][42.017s][info][gc,heap     ] GC(86) y:                Mark Start          Mark End        Relocate Start      Relocate End    
[2026-01-06T22:08:59.436+0800][42.017s][info][gc,heap     ] GC(86) y:      Used:     3470M (85%)        3474M (85%)          14M (0%)           14M (0%)     
[2026-01-06T22:08:59.436+0800][42.017s][info][gc,heap     ] GC(86) y:      Live:         -                 0M (0%)            0M (0%)            0M (0%)     
[2026-01-06T22:08:59.436+0800][42.017s][info][gc,heap     ] GC(86) y:   Garbage:         -              3469M (85%)           1M (0%)            1M (0%)     
[2026-01-06T22:08:59.436+0800][42.017s][info][gc,heap     ] GC(86) y: Allocated:         -                 4M (0%)           12M (0%)           12M (0%)     
[2026-01-06T22:08:59.436+0800][42.017s][info][gc,heap     ] GC(86) y: Reclaimed:         -                  -              3468M (85%)        3468M (85%)    
[2026-01-06T22:08:59.436+0800][42.017s][info][gc,heap     ] GC(86) y:  Promoted:         -                  -                 0M (0%)            0M (0%)     
[2026-01-06T22:08:59.436+0800][42.017s][info][gc,heap     ] GC(86) y: Compacted:         -                  -                  -                 0M (0%)     
[2026-01-06T22:08:59.436+0800][42.017s][info][gc,phases   ] GC(86) y: Young Generation 3474M(85%)->18M(0%) 0.003s
[2026-01-06T22:08:59.436+0800][42.017s][info][gc          ] GC(86) Minor Collection (High Usage) 3472M(85%)->18M(0%) 0.003s
[2026-01-06T22:08:59.609+0800][42.190s][info][gc          ] GC(87) Major Collection (Proactive)
[2026-01-06T22:08:59.609+0800][42.191s][info][gc,task     ] GC(87) Using 1 Workers for Young Generation
[2026-01-06T22:08:59.609+0800][42.191s][info][gc,task     ] GC(87) Using 1 Workers for Old Generation
[2026-01-06T22:08:59.609+0800][42.191s][info][gc,phases   ] GC(87) Y: Young Generation
[2026-01-06T22:08:59.609+0800][42.191s][info][gc,phases   ] GC(87) Y: Pause Mark Start (Major) 0.034ms
[2026-01-06T22:08:59.610+0800][42.191s][info][gc,phases   ] GC(87) Y: Concurrent Mark 0.531ms
[2026-01-06T22:08:59.610+0800][42.191s][info][gc,phases   ] GC(87) Y: Pause Mark End 0.003ms
[2026-01-06T22:08:59.610+0800][42.191s][info][gc,phases   ] GC(87) Y: Concurrent Mark Free 0.000ms
[2026-01-06T22:08:59.610+0800][42.191s][info][gc,phases   ] GC(87) Y: Concurrent Reset Relocation Set 0.000ms
[2026-01-06T22:08:59.610+0800][42.191s][info][gc,reloc    ] GC(87) Y: Using tenuring threshold: 1 (Computed)
[2026-01-06T22:08:59.610+0800][42.191s][info][gc,phases   ] GC(87) Y: Concurrent Select Relocation Set 0.130ms
[2026-01-06T22:08:59.610+0800][42.191s][info][gc,phases   ] GC(87) Y: Pause Relocate Start 0.001ms
[2026-01-06T22:08:59.610+0800][42.191s][info][gc,phases   ] GC(87) Y: Concurrent Relocate 0.009ms
[2026-01-06T22:08:59.610+0800][42.191s][info][gc,alloc    ] GC(87) Y:                         Mark Start        Mark End      Relocate Start    Relocate End   
[2026-01-06T22:08:59.610+0800][42.191s][info][gc,alloc    ] GC(87) Y: Allocation Stalls:          0                0                0                0         
[2026-01-06T22:08:59.610+0800][42.191s][info][gc,load     ] GC(87) Y: Load: 2.81 (28%) / 2.05 (20%) / 2.08 (21%)
[2026-01-06T22:08:59.610+0800][42.191s][info][gc,mmu      ] GC(87) Y: MMU: 2ms/92.0%, 5ms/96.7%, 10ms/98.4%, 20ms/99.2%, 50ms/99.7%, 100ms/99.8%
[2026-01-06T22:08:59.610+0800][42.191s][info][gc,marking  ] GC(87) Y: Mark: 1 stripe(s), 2 proactive flush(es), 1 terminate flush(es), 0 completion(s), 0 continuation(s) 
[2026-01-06T22:08:59.610+0800][42.191s][info][gc,nmethod  ] GC(87) Y: NMethods: 49 registered, 36 unregistered
[2026-01-06T22:08:59.610+0800][42.191s][info][gc,metaspace] GC(87) Y: Metaspace: 0M used, 0M committed, 1088M reserved
[2026-01-06T22:08:59.610+0800][42.191s][info][gc,reloc    ] GC(87) Y:                        Candidates     Selected     In-Place         Size        Empty    Relocated 
[2026-01-06T22:08:59.610+0800][42.191s][info][gc,reloc    ] GC(87) Y: Small Pages:                  336            0            0         672M         670M           0M 
[2026-01-06T22:08:59.610+0800][42.191s][info][gc,reloc    ] GC(87) Y: Medium Pages:                   0            0            0           0M           0M           0M 
[2026-01-06T22:08:59.610+0800][42.191s][info][gc,reloc    ] GC(87) Y: Large Pages:                    0            0            0           0M           0M           0M 
[2026-01-06T22:08:59.610+0800][42.191s][info][gc,reloc    ] GC(87) Y: Forwarding Usage: 0M
[2026-01-06T22:08:59.610+0800][42.191s][info][gc,reloc    ] GC(87) Y: Age Table:
[2026-01-06T22:08:59.610+0800][42.191s][info][gc,reloc    ] GC(87) Y:                    Live             Garbage             Small              Medium             Large        
[2026-01-06T22:08:59.610+0800][42.191s][info][gc,reloc    ] GC(87) Y: Eden               0M (0%)          669M (16%)        335 / 0              0 / 0              0 / 0        
[2026-01-06T22:08:59.610+0800][42.191s][info][gc,reloc    ] GC(87) Y: Survivor 1          -                 2M (0%)           1 / 0              0 / 0              0 / 0        
[2026-01-06T22:08:59.610+0800][42.191s][info][gc,heap     ] GC(87) Y: Min Capacity: 8M(0%)
[2026-01-06T22:08:59.610+0800][42.191s][info][gc,heap     ] GC(87) Y: Max Capacity: 4096M(100%)
[2026-01-06T22:08:59.610+0800][42.191s][info][gc,heap     ] GC(87) Y: Soft Max Capacity: 3686M(90%)
[2026-01-06T22:08:59.610+0800][42.191s][info][gc,heap     ] GC(87) Y: Heap Statistics:
[2026-01-06T22:08:59.610+0800][42.191s][info][gc,heap     ] GC(87) Y:                Mark Start          Mark End        Relocate Start      Relocate End           High               Low         
[2026-01-06T22:08:59.610+0800][42.191s][info][gc,heap     ] GC(87) Y:  Capacity:     3498M (85%)        3498M (85%)        3498M (85%)        3498M (85%)        3498M (85%)        3498M (85%)    
[2026-01-06T22:08:59.610+0800][42.191s][info][gc,heap     ] GC(87) Y:      Free:     3420M (83%)        3418M (83%)        4088M (100%)       4088M (100%)       4088M (100%)       3418M (83%)    
[2026-01-06T22:08:59.610+0800][42.191s][info][gc,heap     ] GC(87) Y:      Used:      676M (17%)         678M (17%)           8M (0%)            8M (0%)          678M (17%)           8M (0%)     
[2026-01-06T22:08:59.610+0800][42.191s][info][gc,heap     ] GC(87) Y: Young Generation Statistics:
[2026-01-06T22:08:59.610+0800][42.191s][info][gc,heap     ] GC(87) Y:                Mark Start          Mark End        Relocate Start      Relocate End    
[2026-01-06T22:08:59.610+0800][42.191s][info][gc,heap     ] GC(87) Y:      Used:      672M (16%)         674M (16%)           4M (0%)            4M (0%)     
[2026-01-06T22:08:59.610+0800][42.191s][info][gc,heap     ] GC(87) Y:      Live:         -                 0M (0%)            0M (0%)            0M (0%)     
[2026-01-06T22:08:59.610+0800][42.191s][info][gc,heap     ] GC(87) Y:   Garbage:         -               671M (16%)           1M (0%)            1M (0%)     
[2026-01-06T22:08:59.610+0800][42.191s][info][gc,heap     ] GC(87) Y: Allocated:         -                 2M (0%)            2M (0%)            2M (0%)     
[2026-01-06T22:08:59.610+0800][42.191s][info][gc,heap     ] GC(87) Y: Reclaimed:         -                  -               670M (16%)         670M (16%)    
[2026-01-06T22:08:59.610+0800][42.191s][info][gc,heap     ] GC(87) Y:  Promoted:         -                  -                 0M (0%)            0M (0%)     
[2026-01-06T22:08:59.610+0800][42.191s][info][gc,heap     ] GC(87) Y: Compacted:         -                  -                  -                 0M (0%)     
[2026-01-06T22:08:59.610+0800][42.191s][info][gc,phases   ] GC(87) Y: Young Generation 676M(17%)->8M(0%) 0.001s
[2026-01-06T22:08:59.610+0800][42.192s][info][gc,phases   ] GC(87) O: Old Generation
[2026-01-06T22:08:59.614+0800][42.196s][info][gc,phases   ] GC(87) O: Concurrent Mark 4.331ms
[2026-01-06T22:08:59.614+0800][42.196s][info][gc,phases   ] GC(87) O: Pause Mark End 0.004ms
[2026-01-06T22:08:59.614+0800][42.196s][info][gc,phases   ] GC(87) O: Concurrent Mark Free 0.001ms
[2026-01-06T22:08:59.615+0800][42.196s][info][gc,phases   ] GC(87) O: Concurrent Process Non-Strong 0.268ms
[2026-01-06T22:08:59.615+0800][42.196s][info][gc,phases   ] GC(87) O: Concurrent Reset Relocation Set 0.006ms
[2026-01-06T22:08:59.615+0800][42.196s][info][gc,phases   ] GC(87) O: Concurrent Select Relocation Set 0.038ms
[2026-01-06T22:08:59.615+0800][42.196s][info][gc,task     ] GC(87) O: Using 2 Workers for Old Generation
[2026-01-06T22:08:59.615+0800][42.196s][info][gc,task     ] GC(87) O: Using 1 Workers for Old Generation
[2026-01-06T22:08:59.615+0800][42.196s][info][gc,phases   ] GC(87) O: Concurrent Remap Roots 0.067ms
[2026-01-06T22:08:59.615+0800][42.196s][info][gc,phases   ] GC(87) O: Pause Relocate Start 0.002ms
[2026-01-06T22:08:59.615+0800][42.197s][info][gc,phases   ] GC(87) O: Concurrent Relocate 0.689ms
[2026-01-06T22:08:59.615+0800][42.197s][info][gc,alloc    ] GC(87) O:                         Mark Start        Mark End      Relocate Start    Relocate End   
[2026-01-06T22:08:59.615+0800][42.197s][info][gc,alloc    ] GC(87) O: Allocation Stalls:          0                0                0                0         
[2026-01-06T22:08:59.615+0800][42.197s][info][gc,load     ] GC(87) O: Load: 2.81 (28%) / 2.05 (20%) / 2.08 (21%)
[2026-01-06T22:08:59.615+0800][42.197s][info][gc,mmu      ] GC(87) O: MMU: 2ms/92.0%, 5ms/96.7%, 10ms/98.4%, 20ms/99.2%, 50ms/99.7%, 100ms/99.8%
[2026-01-06T22:08:59.615+0800][42.197s][info][gc,marking  ] GC(87) O: Mark: 1 stripe(s), 2 proactive flush(es), 1 terminate flush(es), 0 completion(s), 0 continuation(s) 
[2026-01-06T22:08:59.615+0800][42.197s][info][gc,nmethod  ] GC(87) O: NMethods: 49 registered, 36 unregistered
[2026-01-06T22:08:59.615+0800][42.197s][info][gc,metaspace] GC(87) O: Metaspace: 0M used, 0M committed, 1088M reserved
[2026-01-06T22:08:59.615+0800][42.197s][info][gc,ref      ] GC(87) O:                       Encountered   Discovered     Enqueued 
[2026-01-06T22:08:59.615+0800][42.197s][info][gc,ref      ] GC(87) O: Soft References:                1            0            0 
[2026-01-06T22:08:59.615+0800][42.197s][info][gc,ref      ] GC(87) O: Weak References:                6            0            0 
[2026-01-06T22:08:59.615+0800][42.197s][info][gc,ref      ] GC(87) O: Final References:               0            0            0 
[2026-01-06T22:08:59.615+0800][42.197s][info][gc,ref      ] GC(87) O: Phantom References:             1            1            0 
[2026-01-06T22:08:59.615+0800][42.197s][info][gc,reloc    ] GC(87) O:                        Candidates     Selected     In-Place         Size        Empty    Relocated 
[2026-01-06T22:08:59.615+0800][42.197s][info][gc,reloc    ] GC(87) O: Small Pages:                    2            1            0           4M           0M           1M 
[2026-01-06T22:08:59.615+0800][42.197s][info][gc,reloc    ] GC(87) O: Medium Pages:                   0            0            0           0M           0M           0M 
[2026-01-06T22:08:59.615+0800][42.197s][info][gc,reloc    ] GC(87) O: Large Pages:                    0            0            0           0M           0M           0M 
[2026-01-06T22:08:59.615+0800][42.197s][info][gc,reloc    ] GC(87) O: Forwarding Usage: 0M
[2026-01-06T22:08:59.615+0800][42.197s][info][gc,heap     ] GC(87) O: Min Capacity: 8M(0%)
[2026-01-06T22:08:59.615+0800][42.197s][info][gc,heap     ] GC(87) O: Max Capacity: 4096M(100%)
[2026-01-06T22:08:59.615+0800][42.197s][info][gc,heap     ] GC(87) O: Soft Max Capacity: 3686M(90%)
[2026-01-06T22:08:59.615+0800][42.197s][info][gc,heap     ] GC(87) O: Heap Statistics:
[2026-01-06T22:08:59.615+0800][42.197s][info][gc,heap     ] GC(87) O:                Mark Start          Mark End        Relocate Start      Relocate End           High               Low         
[2026-01-06T22:08:59.615+0800][42.197s][info][gc,heap     ] GC(87) O:  Capacity:     3498M (85%)        3498M (85%)        3498M (85%)        3498M (85%)        3498M (85%)        3498M (85%)    
[2026-01-06T22:08:59.615+0800][42.197s][info][gc,heap     ] GC(87) O:      Free:     3420M (83%)        4012M (98%)        4006M (98%)        3992M (97%)        4088M (100%)       3418M (83%)    
[2026-01-06T22:08:59.615+0800][42.197s][info][gc,heap     ] GC(87) O:      Used:      676M (17%)          84M (2%)           90M (2%)          104M (3%)          678M (17%)           8M (0%)     
[2026-01-06T22:08:59.615+0800][42.197s][info][gc,heap     ] GC(87) O: Old Generation Statistics:
[2026-01-06T22:08:59.615+0800][42.197s][info][gc,heap     ] GC(87) O:                Mark Start          Mark End        Relocate Start      Relocate End    
[2026-01-06T22:08:59.615+0800][42.197s][info][gc,heap     ] GC(87) O:      Used:        4M (0%)            4M (0%)            4M (0%)            4M (0%)     
[2026-01-06T22:08:59.615+0800][42.197s][info][gc,heap     ] GC(87) O:      Live:         -                 1M (0%)            1M (0%)            1M (0%)     
[2026-01-06T22:08:59.615+0800][42.197s][info][gc,heap     ] GC(87) O:   Garbage:         -                 2M (0%)            2M (0%)            0M (0%)     
[2026-01-06T22:08:59.615+0800][42.197s][info][gc,heap     ] GC(87) O: Allocated:         -                 0M (0%)            0M (0%)            2M (0%)     
[2026-01-06T22:08:59.615+0800][42.197s][info][gc,heap     ] GC(87) O: Reclaimed:         -                  -                 0M (0%)            2M (0%)     
[2026-01-06T22:08:59.615+0800][42.197s][info][gc,heap     ] GC(87) O: Compacted:         -                  -                  -                 1M (0%)     
[2026-01-06T22:08:59.615+0800][42.197s][info][gc,phases   ] GC(87) O: Old Generation 8M(0%)->104M(3%) 0.006s
[2026-01-06T22:08:59.615+0800][42.197s][info][gc          ] GC(87) Major Collection (Proactive) 676M(17%)->106M(3%) 0.007s
[2026-01-06T22:09:00.283+0800][42.864s][info][gc          ] GC(88) Minor Collection (High Usage)
[2026-01-06T22:09:00.283+0800][42.864s][info][gc,task     ] GC(88) Using 1 Workers for Young Generation
[2026-01-06T22:09:00.283+0800][42.864s][info][gc,phases   ] GC(88) y: Young Generation
[2026-01-06T22:09:00.283+0800][42.864s][info][gc,phases   ] GC(88) y: Pause Mark Start 0.013ms
[2026-01-06T22:09:00.287+0800][42.868s][info][gc,phases   ] GC(88) y: Concurrent Mark 3.870ms
[2026-01-06T22:09:00.287+0800][42.868s][info][gc,phases   ] GC(88) y: Pause Mark End 0.004ms
[2026-01-06T22:09:00.287+0800][42.868s][info][gc,phases   ] GC(88) y: Concurrent Mark Free 0.004ms
[2026-01-06T22:09:00.287+0800][42.868s][info][gc,phases   ] GC(88) y: Concurrent Reset Relocation Set 0.000ms
[2026-01-06T22:09:00.289+0800][42.870s][info][gc,reloc    ] GC(88) y: Using tenuring threshold: 1 (Computed)
[2026-01-06T22:09:00.289+0800][42.870s][info][gc,phases   ] GC(88) y: Concurrent Select Relocation Set 1.915ms
[2026-01-06T22:09:00.289+0800][42.870s][info][gc,phases   ] GC(88) y: Pause Relocate Start 0.002ms
[2026-01-06T22:09:00.289+0800][42.870s][info][gc,phases   ] GC(88) y: Concurrent Relocate 0.010ms
[2026-01-06T22:09:00.289+0800][42.870s][info][gc,alloc    ] GC(88) y:                         Mark Start        Mark End      Relocate Start    Relocate End   
[2026-01-06T22:09:00.289+0800][42.870s][info][gc,alloc    ] GC(88) y: Allocation Stalls:          0                0                0                0         
[2026-01-06T22:09:00.289+0800][42.870s][info][gc,load     ] GC(88) y: Load: 2.81 (28%) / 2.05 (20%) / 2.08 (21%)
[2026-01-06T22:09:00.289+0800][42.870s][info][gc,mmu      ] GC(88) y: MMU: 2ms/92.0%, 5ms/96.7%, 10ms/98.4%, 20ms/99.2%, 50ms/99.7%, 100ms/99.8%
[2026-01-06T22:09:00.289+0800][42.870s][info][gc,marking  ] GC(88) y: Mark: 1 stripe(s), 2 proactive flush(es), 1 terminate flush(es), 0 completion(s), 0 continuation(s) 
[2026-01-06T22:09:00.289+0800][42.870s][info][gc,nmethod  ] GC(88) y: NMethods: 49 registered, 36 unregistered
[2026-01-06T22:09:00.289+0800][42.870s][info][gc,metaspace] GC(88) y: Metaspace: 0M used, 0M committed, 1088M reserved
[2026-01-06T22:09:00.289+0800][42.870s][info][gc,reloc    ] GC(88) y:                        Candidates     Selected     In-Place         Size        Empty    Relocated 
[2026-01-06T22:09:00.289+0800][42.870s][info][gc,reloc    ] GC(88) y: Small Pages:                 1740            0            0        3480M        3478M           0M 
[2026-01-06T22:09:00.289+0800][42.870s][info][gc,reloc    ] GC(88) y: Medium Pages:                   0            0            0           0M           0M           0M 
[2026-01-06T22:09:00.289+0800][42.870s][info][gc,reloc    ] GC(88) y: Large Pages:                    0            0            0           0M           0M           0M 
[2026-01-06T22:09:00.289+0800][42.870s][info][gc,reloc    ] GC(88) y: Forwarding Usage: 0M
[2026-01-06T22:09:00.289+0800][42.870s][info][gc,reloc    ] GC(88) y: Age Table:
[2026-01-06T22:09:00.289+0800][42.870s][info][gc,reloc    ] GC(88) y:                    Live             Garbage             Small              Medium             Large        
[2026-01-06T22:09:00.289+0800][42.870s][info][gc,reloc    ] GC(88) y: Eden               0M (0%)         3477M (85%)       1739 / 0              0 / 0              0 / 0        
[2026-01-06T22:09:00.289+0800][42.870s][info][gc,reloc    ] GC(88) y: Survivor 1          -                 2M (0%)           1 / 0              0 / 0              0 / 0        
[2026-01-06T22:09:00.289+0800][42.870s][info][gc,heap     ] GC(88) y: Min Capacity: 8M(0%)
[2026-01-06T22:09:00.289+0800][42.870s][info][gc,heap     ] GC(88) y: Max Capacity: 4096M(100%)
[2026-01-06T22:09:00.289+0800][42.870s][info][gc,heap     ] GC(88) y: Soft Max Capacity: 3686M(90%)
[2026-01-06T22:09:00.289+0800][42.870s][info][gc,heap     ] GC(88) y: Heap Statistics:
[2026-01-06T22:09:00.289+0800][42.870s][info][gc,heap     ] GC(88) y:                Mark Start          Mark End        Relocate Start      Relocate End           High               Low         
[2026-01-06T22:09:00.289+0800][42.870s][info][gc,heap     ] GC(88) y:  Capacity:     3498M (85%)        3498M (85%)        3498M (85%)        3498M (85%)        3498M (85%)        3498M (85%)    
[2026-01-06T22:09:00.289+0800][42.870s][info][gc,heap     ] GC(88) y:      Free:      612M (15%)         608M (15%)        4078M (100%)       4078M (100%)       4078M (100%)        608M (15%)    
[2026-01-06T22:09:00.289+0800][42.870s][info][gc,heap     ] GC(88) y:      Used:     3484M (85%)        3488M (85%)          18M (0%)           18M (0%)         3488M (85%)          18M (0%)     
[2026-01-06T22:09:00.289+0800][42.870s][info][gc,heap     ] GC(88) y: Young Generation Statistics:
[2026-01-06T22:09:00.289+0800][42.870s][info][gc,heap     ] GC(88) y:                Mark Start          Mark End        Relocate Start      Relocate End    
[2026-01-06T22:09:00.289+0800][42.870s][info][gc,heap     ] GC(88) y:      Used:     3480M (85%)        3484M (85%)          14M (0%)           14M (0%)     
[2026-01-06T22:09:00.289+0800][42.870s][info][gc,heap     ] GC(88) y:      Live:         -                 0M (0%)            0M (0%)            0M (0%)     
[2026-01-06T22:09:00.289+0800][42.870s][info][gc,heap     ] GC(88) y:   Garbage:         -              3479M (85%)           1M (0%)            1M (0%)     
[2026-01-06T22:09:00.289+0800][42.870s][info][gc,heap     ] GC(88) y: Allocated:         -                 4M (0%)           12M (0%)           12M (0%)     
[2026-01-06T22:09:00.289+0800][42.870s][info][gc,heap     ] GC(88) y: Reclaimed:         -                  -              3478M (85%)        3478M (85%)    
[2026-01-06T22:09:00.289+0800][42.870s][info][gc,heap     ] GC(88) y:  Promoted:         -                  -                 0M (0%)            0M (0%)     
[2026-01-06T22:09:00.289+0800][42.870s][info][gc,heap     ] GC(88) y: Compacted:         -                  -                  -                 0M (0%)     
[2026-01-06T22:09:00.289+0800][42.870s][info][gc,phases   ] GC(88) y: Young Generation 3484M(85%)->18M(0%) 0.006s
[2026-01-06T22:09:00.289+0800][42.870s][info][gc          ] GC(88) Minor Collection (High Usage) 3484M(85%)->18M(0%) 0.006s
[2026-01-06T22:09:00.683+0800][43.265s][info][gc          ] GC(89) Major Collection (Proactive)
[2026-01-06T22:09:00.683+0800][43.265s][info][gc,task     ] GC(89) Using 1 Workers for Young Generation
[2026-01-06T22:09:00.683+0800][43.265s][info][gc,task     ] GC(89) Using 1 Workers for Old Generation
[2026-01-06T22:09:00.683+0800][43.265s][info][gc,phases   ] GC(89) Y: Young Generation
[2026-01-06T22:09:00.683+0800][43.265s][info][gc,phases   ] GC(89) Y: Pause Mark Start (Major) 0.010ms
[2026-01-06T22:09:00.683+0800][43.265s][info][gc,phases   ] GC(89) Y: Concurrent Mark 0.244ms
[2026-01-06T22:09:00.683+0800][43.265s][info][gc,phases   ] GC(89) Y: Pause Mark End 0.004ms
[2026-01-06T22:09:00.683+0800][43.265s][info][gc,phases   ] GC(89) Y: Concurrent Mark Free 0.000ms
[2026-01-06T22:09:00.683+0800][43.265s][info][gc,phases   ] GC(89) Y: Concurrent Reset Relocation Set 0.000ms
[2026-01-06T22:09:00.684+0800][43.265s][info][gc,reloc    ] GC(89) Y: Using tenuring threshold: 1 (Computed)
[2026-01-06T22:09:00.684+0800][43.265s][info][gc,phases   ] GC(89) Y: Concurrent Select Relocation Set 0.211ms
[2026-01-06T22:09:00.684+0800][43.265s][info][gc,phases   ] GC(89) Y: Pause Relocate Start 0.001ms
[2026-01-06T22:09:00.684+0800][43.265s][info][gc,phases   ] GC(89) Y: Concurrent Relocate 0.011ms
[2026-01-06T22:09:00.684+0800][43.265s][info][gc,alloc    ] GC(89) Y:                         Mark Start        Mark End      Relocate Start    Relocate End   
[2026-01-06T22:09:00.684+0800][43.265s][info][gc,alloc    ] GC(89) Y: Allocation Stalls:          0                0                0                0         
[2026-01-06T22:09:00.684+0800][43.265s][info][gc,load     ] GC(89) Y: Load: 2.81 (28%) / 2.05 (20%) / 2.08 (21%)
[2026-01-06T22:09:00.684+0800][43.265s][info][gc,mmu      ] GC(89) Y: MMU: 2ms/92.0%, 5ms/96.7%, 10ms/98.4%, 20ms/99.2%, 50ms/99.7%, 100ms/99.8%
[2026-01-06T22:09:00.684+0800][43.265s][info][gc,marking  ] GC(89) Y: Mark: 1 stripe(s), 2 proactive flush(es), 1 terminate flush(es), 0 completion(s), 0 continuation(s) 
[2026-01-06T22:09:00.684+0800][43.265s][info][gc,nmethod  ] GC(89) Y: NMethods: 49 registered, 36 unregistered
[2026-01-06T22:09:00.684+0800][43.265s][info][gc,metaspace] GC(89) Y: Metaspace: 0M used, 0M committed, 1088M reserved
[2026-01-06T22:09:00.684+0800][43.265s][info][gc,reloc    ] GC(89) Y:                        Candidates     Selected     In-Place         Size        Empty    Relocated 
[2026-01-06T22:09:00.684+0800][43.265s][info][gc,reloc    ] GC(89) Y: Small Pages:                  601            0            0        1202M        1200M           0M 
[2026-01-06T22:09:00.684+0800][43.265s][info][gc,reloc    ] GC(89) Y: Medium Pages:                   0            0            0           0M           0M           0M 
[2026-01-06T22:09:00.684+0800][43.265s][info][gc,reloc    ] GC(89) Y: Large Pages:                    0            0            0           0M           0M           0M 
[2026-01-06T22:09:00.684+0800][43.265s][info][gc,reloc    ] GC(89) Y: Forwarding Usage: 0M
[2026-01-06T22:09:00.684+0800][43.265s][info][gc,reloc    ] GC(89) Y: Age Table:
[2026-01-06T22:09:00.684+0800][43.265s][info][gc,reloc    ] GC(89) Y:                    Live             Garbage             Small              Medium             Large        
[2026-01-06T22:09:00.684+0800][43.265s][info][gc,reloc    ] GC(89) Y: Eden               0M (0%)         1199M (29%)        600 / 0              0 / 0              0 / 0        
[2026-01-06T22:09:00.684+0800][43.265s][info][gc,reloc    ] GC(89) Y: Survivor 1          -                 2M (0%)           1 / 0              0 / 0              0 / 0        
[2026-01-06T22:09:00.684+0800][43.265s][info][gc,heap     ] GC(89) Y: Min Capacity: 8M(0%)
[2026-01-06T22:09:00.684+0800][43.265s][info][gc,heap     ] GC(89) Y: Max Capacity: 4096M(100%)
[2026-01-06T22:09:00.684+0800][43.265s][info][gc,heap     ] GC(89) Y: Soft Max Capacity: 3686M(90%)
[2026-01-06T22:09:00.684+0800][43.265s][info][gc,heap     ] GC(89) Y: Heap Statistics:
[2026-01-06T22:09:00.684+0800][43.265s][info][gc,heap     ] GC(89) Y:                Mark Start          Mark End        Relocate Start      Relocate End           High               Low         
[2026-01-06T22:09:00.684+0800][43.265s][info][gc,heap     ] GC(89) Y:  Capacity:     3498M (85%)        3498M (85%)        3498M (85%)        3498M (85%)        3498M (85%)        3498M (85%)    
[2026-01-06T22:09:00.684+0800][43.265s][info][gc,heap     ] GC(89) Y:      Free:     2890M (71%)        2888M (71%)        4086M (100%)       4086M (100%)       4086M (100%)       2888M (71%)    
[2026-01-06T22:09:00.684+0800][43.265s][info][gc,heap     ] GC(89) Y:      Used:     1206M (29%)        1208M (29%)          10M (0%)           10M (0%)         1208M (29%)          10M (0%)     
[2026-01-06T22:09:00.684+0800][43.265s][info][gc,heap     ] GC(89) Y: Young Generation Statistics:
[2026-01-06T22:09:00.684+0800][43.265s][info][gc,heap     ] GC(89) Y:                Mark Start          Mark End        Relocate Start      Relocate End    
[2026-01-06T22:09:00.684+0800][43.265s][info][gc,heap     ] GC(89) Y:      Used:     1202M (29%)        1204M (29%)           6M (0%)            6M (0%)     
[2026-01-06T22:09:00.684+0800][43.265s][info][gc,heap     ] GC(89) Y:      Live:         -                 0M (0%)            0M (0%)            0M (0%)     
[2026-01-06T22:09:00.684+0800][43.265s][info][gc,heap     ] GC(89) Y:   Garbage:         -              1201M (29%)           1M (0%)            1M (0%)     
[2026-01-06T22:09:00.684+0800][43.265s][info][gc,heap     ] GC(89) Y: Allocated:         -                 2M (0%)            4M (0%)            4M (0%)     
[2026-01-06T22:09:00.684+0800][43.265s][info][gc,heap     ] GC(89) Y: Reclaimed:         -                  -              1200M (29%)        1200M (29%)    
[2026-01-06T22:09:00.684+0800][43.265s][info][gc,heap     ] GC(89) Y:  Promoted:         -                  -                 0M (0%)            0M (0%)     
[2026-01-06T22:09:00.684+0800][43.265s][info][gc,heap     ] GC(89) Y: Compacted:         -                  -                  -                 0M (0%)     
[2026-01-06T22:09:00.684+0800][43.265s][info][gc,phases   ] GC(89) Y: Young Generation 1206M(29%)->10M(0%) 0.001s
[2026-01-06T22:09:00.684+0800][43.265s][info][gc,phases   ] GC(89) O: Old Generation
[2026-01-06T22:09:00.687+0800][43.269s][info][gc,phases   ] GC(89) O: Concurrent Mark 3.601ms
[2026-01-06T22:09:00.687+0800][43.269s][info][gc,phases   ] GC(89) O: Pause Mark End 0.003ms
[2026-01-06T22:09:00.687+0800][43.269s][info][gc,phases   ] GC(89) O: Concurrent Mark Free 0.000ms
[2026-01-06T22:09:00.688+0800][43.269s][info][gc,phases   ] GC(89) O: Concurrent Process Non-Strong 0.318ms
[2026-01-06T22:09:00.688+0800][43.269s][info][gc,phases   ] GC(89) O: Concurrent Reset Relocation Set 0.012ms
[2026-01-06T22:09:00.688+0800][43.269s][info][gc,phases   ] GC(89) O: Concurrent Select Relocation Set 0.054ms
[2026-01-06T22:09:00.688+0800][43.269s][info][gc,task     ] GC(89) O: Using 2 Workers for Old Generation
[2026-01-06T22:09:00.688+0800][43.270s][info][gc,task     ] GC(89) O: Using 1 Workers for Old Generation
[2026-01-06T22:09:00.688+0800][43.270s][info][gc,phases   ] GC(89) O: Concurrent Remap Roots 0.072ms
[2026-01-06T22:09:00.688+0800][43.270s][info][gc,phases   ] GC(89) O: Pause Relocate Start 0.001ms
[2026-01-06T22:09:00.689+0800][43.270s][info][gc,phases   ] GC(89) O: Concurrent Relocate 0.763ms
[2026-01-06T22:09:00.689+0800][43.270s][info][gc,alloc    ] GC(89) O:                         Mark Start        Mark End      Relocate Start    Relocate End   
[2026-01-06T22:09:00.689+0800][43.270s][info][gc,alloc    ] GC(89) O: Allocation Stalls:          0                0                0                0         
[2026-01-06T22:09:00.689+0800][43.270s][info][gc,load     ] GC(89) O: Load: 2.81 (28%) / 2.05 (20%) / 2.08 (21%)
[2026-01-06T22:09:00.689+0800][43.270s][info][gc,mmu      ] GC(89) O: MMU: 2ms/92.0%, 5ms/96.7%, 10ms/98.4%, 20ms/99.2%, 50ms/99.7%, 100ms/99.8%
[2026-01-06T22:09:00.689+0800][43.270s][info][gc,marking  ] GC(89) O: Mark: 1 stripe(s), 2 proactive flush(es), 1 terminate flush(es), 0 completion(s), 0 continuation(s) 
[2026-01-06T22:09:00.689+0800][43.270s][info][gc,nmethod  ] GC(89) O: NMethods: 49 registered, 36 unregistered
[2026-01-06T22:09:00.689+0800][43.270s][info][gc,metaspace] GC(89) O: Metaspace: 0M used, 0M committed, 1088M reserved
[2026-01-06T22:09:00.689+0800][43.270s][info][gc,ref      ] GC(89) O:                       Encountered   Discovered     Enqueued 
[2026-01-06T22:09:00.689+0800][43.270s][info][gc,ref      ] GC(89) O: Soft References:                1            0            0 
[2026-01-06T22:09:00.689+0800][43.270s][info][gc,ref      ] GC(89) O: Weak References:                6            0            0 
[2026-01-06T22:09:00.689+0800][43.270s][info][gc,ref      ] GC(89) O: Final References:               0            0            0 
[2026-01-06T22:09:00.689+0800][43.270s][info][gc,ref      ] GC(89) O: Phantom References:             1            1            0 
[2026-01-06T22:09:00.689+0800][43.270s][info][gc,reloc    ] GC(89) O:                        Candidates     Selected     In-Place         Size        Empty    Relocated 
[2026-01-06T22:09:00.689+0800][43.270s][info][gc,reloc    ] GC(89) O: Small Pages:                    2            1            0           4M           0M           1M 
[2026-01-06T22:09:00.689+0800][43.270s][info][gc,reloc    ] GC(89) O: Medium Pages:                   0            0            0           0M           0M           0M 
[2026-01-06T22:09:00.689+0800][43.270s][info][gc,reloc    ] GC(89) O: Large Pages:                    0            0            0           0M           0M           0M 
[2026-01-06T22:09:00.689+0800][43.270s][info][gc,reloc    ] GC(89) O: Forwarding Usage: 0M
[2026-01-06T22:09:00.689+0800][43.270s][info][gc,heap     ] GC(89) O: Min Capacity: 8M(0%)
[2026-01-06T22:09:00.689+0800][43.270s][info][gc,heap     ] GC(89) O: Max Capacity: 4096M(100%)
[2026-01-06T22:09:00.689+0800][43.270s][info][gc,heap     ] GC(89) O: Soft Max Capacity: 3686M(90%)
[2026-01-06T22:09:00.689+0800][43.270s][info][gc,heap     ] GC(89) O: Heap Statistics:
[2026-01-06T22:09:00.689+0800][43.270s][info][gc,heap     ] GC(89) O:                Mark Start          Mark End        Relocate Start      Relocate End           High               Low         
[2026-01-06T22:09:00.689+0800][43.270s][info][gc,heap     ] GC(89) O:  Capacity:     3498M (85%)        3498M (85%)        3498M (85%)        3498M (85%)        3498M (85%)        3498M (85%)    
[2026-01-06T22:09:00.689+0800][43.270s][info][gc,heap     ] GC(89) O:      Free:     2890M (71%)        4028M (98%)        4022M (98%)        4010M (98%)        4086M (100%)       2888M (71%)    
[2026-01-06T22:09:00.689+0800][43.270s][info][gc,heap     ] GC(89) O:      Used:     1206M (29%)          68M (2%)           74M (2%)           86M (2%)         1208M (29%)          10M (0%)     
[2026-01-06T22:09:00.689+0800][43.270s][info][gc,heap     ] GC(89) O: Old Generation Statistics:
[2026-01-06T22:09:00.689+0800][43.270s][info][gc,heap     ] GC(89) O:                Mark Start          Mark End        Relocate Start      Relocate End    
[2026-01-06T22:09:00.689+0800][43.270s][info][gc,heap     ] GC(89) O:      Used:        4M (0%)            4M (0%)            4M (0%)            4M (0%)     
[2026-01-06T22:09:00.689+0800][43.270s][info][gc,heap     ] GC(89) O:      Live:         -                 1M (0%)            1M (0%)            1M (0%)     
[2026-01-06T22:09:00.689+0800][43.270s][info][gc,heap     ] GC(89) O:   Garbage:         -                 2M (0%)            2M (0%)            0M (0%)     
[2026-01-06T22:09:00.689+0800][43.270s][info][gc,heap     ] GC(89) O: Allocated:         -                 0M (0%)            0M (0%)            2M (0%)     
[2026-01-06T22:09:00.689+0800][43.270s][info][gc,heap     ] GC(89) O: Reclaimed:         -                  -                 0M (0%)            2M (0%)     
[2026-01-06T22:09:00.689+0800][43.270s][info][gc,heap     ] GC(89) O: Compacted:         -                  -                  -                 1M (0%)     
[2026-01-06T22:09:00.689+0800][43.270s][info][gc,phases   ] GC(89) O: Old Generation 12M(0%)->86M(2%) 0.005s
[2026-01-06T22:09:00.689+0800][43.270s][info][gc          ] GC(89) Major Collection (Proactive) 1206M(29%)->88M(2%) 0.006s
[2026-01-06T22:09:01.351+0800][43.933s][info][gc          ] GC(90) Minor Collection (High Usage)
[2026-01-06T22:09:01.351+0800][43.933s][info][gc,task     ] GC(90) Using 1 Workers for Young Generation
[2026-01-06T22:09:01.351+0800][43.933s][info][gc,phases   ] GC(90) y: Young Generation
[2026-01-06T22:09:01.351+0800][43.933s][info][gc,phases   ] GC(90) y: Pause Mark Start 0.012ms
[2026-01-06T22:09:01.352+0800][43.933s][info][gc,phases   ] GC(90) y: Concurrent Mark 0.478ms
[2026-01-06T22:09:01.352+0800][43.933s][info][gc,phases   ] GC(90) y: Pause Mark End 0.003ms
[2026-01-06T22:09:01.352+0800][43.933s][info][gc,phases   ] GC(90) y: Concurrent Mark Free 0.004ms
[2026-01-06T22:09:01.352+0800][43.933s][info][gc,phases   ] GC(90) y: Concurrent Reset Relocation Set 0.000ms
[2026-01-06T22:09:01.355+0800][43.937s][info][gc,reloc    ] GC(90) y: Using tenuring threshold: 1 (Computed)
[2026-01-06T22:09:01.355+0800][43.937s][info][gc,phases   ] GC(90) y: Concurrent Select Relocation Set 3.234ms
[2026-01-06T22:09:01.355+0800][43.937s][info][gc,phases   ] GC(90) y: Pause Relocate Start 0.002ms
[2026-01-06T22:09:01.355+0800][43.937s][info][gc,phases   ] GC(90) y: Concurrent Relocate 0.012ms
[2026-01-06T22:09:01.355+0800][43.937s][info][gc,alloc    ] GC(90) y:                         Mark Start        Mark End      Relocate Start    Relocate End   
[2026-01-06T22:09:01.355+0800][43.937s][info][gc,alloc    ] GC(90) y: Allocation Stalls:          0                0                0                0         
[2026-01-06T22:09:01.355+0800][43.937s][info][gc,load     ] GC(90) y: Load: 2.81 (28%) / 2.05 (20%) / 2.08 (21%)
[2026-01-06T22:09:01.355+0800][43.937s][info][gc,mmu      ] GC(90) y: MMU: 2ms/92.0%, 5ms/96.7%, 10ms/98.4%, 20ms/99.2%, 50ms/99.7%, 100ms/99.8%
[2026-01-06T22:09:01.355+0800][43.937s][info][gc,marking  ] GC(90) y: Mark: 1 stripe(s), 2 proactive flush(es), 1 terminate flush(es), 0 completion(s), 0 continuation(s) 
[2026-01-06T22:09:01.355+0800][43.937s][info][gc,nmethod  ] GC(90) y: NMethods: 49 registered, 36 unregistered
[2026-01-06T22:09:01.355+0800][43.937s][info][gc,metaspace] GC(90) y: Metaspace: 0M used, 0M committed, 1088M reserved
[2026-01-06T22:09:01.355+0800][43.937s][info][gc,reloc    ] GC(90) y:                        Candidates     Selected     In-Place         Size        Empty    Relocated 
[2026-01-06T22:09:01.355+0800][43.937s][info][gc,reloc    ] GC(90) y: Small Pages:                 1740            0            0        3480M        3478M           0M 
[2026-01-06T22:09:01.355+0800][43.937s][info][gc,reloc    ] GC(90) y: Medium Pages:                   0            0            0           0M           0M           0M 
[2026-01-06T22:09:01.355+0800][43.937s][info][gc,reloc    ] GC(90) y: Large Pages:                    0            0            0           0M           0M           0M 
[2026-01-06T22:09:01.355+0800][43.937s][info][gc,reloc    ] GC(90) y: Forwarding Usage: 0M
[2026-01-06T22:09:01.355+0800][43.937s][info][gc,reloc    ] GC(90) y: Age Table:
[2026-01-06T22:09:01.355+0800][43.937s][info][gc,reloc    ] GC(90) y:                    Live             Garbage             Small              Medium             Large        
[2026-01-06T22:09:01.355+0800][43.937s][info][gc,reloc    ] GC(90) y: Eden               0M (0%)         3477M (85%)       1739 / 0              0 / 0              0 / 0        
[2026-01-06T22:09:01.355+0800][43.937s][info][gc,reloc    ] GC(90) y: Survivor 1          -                 2M (0%)           1 / 0              0 / 0              0 / 0        
[2026-01-06T22:09:01.355+0800][43.937s][info][gc,heap     ] GC(90) y: Min Capacity: 8M(0%)
[2026-01-06T22:09:01.355+0800][43.937s][info][gc,heap     ] GC(90) y: Max Capacity: 4096M(100%)
[2026-01-06T22:09:01.355+0800][43.937s][info][gc,heap     ] GC(90) y: Soft Max Capacity: 3686M(90%)
[2026-01-06T22:09:01.355+0800][43.937s][info][gc,heap     ] GC(90) y: Heap Statistics:
[2026-01-06T22:09:01.355+0800][43.937s][info][gc,heap     ] GC(90) y:                Mark Start          Mark End        Relocate Start      Relocate End           High               Low         
[2026-01-06T22:09:01.355+0800][43.937s][info][gc,heap     ] GC(90) y:  Capacity:     3498M (85%)        3498M (85%)        3498M (85%)        3498M (85%)        3498M (85%)        3498M (85%)    
[2026-01-06T22:09:01.355+0800][43.937s][info][gc,heap     ] GC(90) y:      Free:      612M (15%)         608M (15%)        4078M (100%)       4078M (100%)       4078M (100%)        608M (15%)    
[2026-01-06T22:09:01.355+0800][43.937s][info][gc,heap     ] GC(90) y:      Used:     3484M (85%)        3488M (85%)          18M (0%)           18M (0%)         3488M (85%)          18M (0%)     
[2026-01-06T22:09:01.355+0800][43.937s][info][gc,heap     ] GC(90) y: Young Generation Statistics:
[2026-01-06T22:09:01.355+0800][43.937s][info][gc,heap     ] GC(90) y:                Mark Start          Mark End        Relocate Start      Relocate End    
[2026-01-06T22:09:01.355+0800][43.937s][info][gc,heap     ] GC(90) y:      Used:     3480M (85%)        3484M (85%)          14M (0%)           14M (0%)     
[2026-01-06T22:09:01.355+0800][43.937s][info][gc,heap     ] GC(90) y:      Live:         -                 0M (0%)            0M (0%)            0M (0%)     
[2026-01-06T22:09:01.355+0800][43.937s][info][gc,heap     ] GC(90) y:   Garbage:         -              3479M (85%)           1M (0%)            1M (0%)     
[2026-01-06T22:09:01.355+0800][43.937s][info][gc,heap     ] GC(90) y: Allocated:         -                 4M (0%)           12M (0%)           12M (0%)     
[2026-01-06T22:09:01.355+0800][43.937s][info][gc,heap     ] GC(90) y: Reclaimed:         -                  -              3478M (85%)        3478M (85%)    
[2026-01-06T22:09:01.355+0800][43.937s][info][gc,heap     ] GC(90) y:  Promoted:         -                  -                 0M (0%)            0M (0%)     
[2026-01-06T22:09:01.355+0800][43.937s][info][gc,heap     ] GC(90) y: Compacted:         -                  -                  -                 0M (0%)     
[2026-01-06T22:09:01.355+0800][43.937s][info][gc,phases   ] GC(90) y: Young Generation 3484M(85%)->18M(0%) 0.004s
[2026-01-06T22:09:01.355+0800][43.937s][info][gc          ] GC(90) Minor Collection (High Usage) 3484M(85%)->20M(0%) 0.004s
[2026-01-06T22:09:01.578+0800][44.159s][info][gc          ] GC(91) Major Collection (Proactive)
[2026-01-06T22:09:01.578+0800][44.159s][info][gc,task     ] GC(91) Using 1 Workers for Young Generation
[2026-01-06T22:09:01.578+0800][44.159s][info][gc,task     ] GC(91) Using 1 Workers for Old Generation
[2026-01-06T22:09:01.578+0800][44.159s][info][gc,phases   ] GC(91) Y: Young Generation
[2026-01-06T22:09:01.578+0800][44.160s][info][gc,phases   ] GC(91) Y: Pause Mark Start (Major) 0.013ms
[2026-01-06T22:09:01.578+0800][44.160s][info][gc,phases   ] GC(91) Y: Concurrent Mark 0.217ms
[2026-01-06T22:09:01.578+0800][44.160s][info][gc,phases   ] GC(91) Y: Pause Mark End 0.003ms
[2026-01-06T22:09:01.578+0800][44.160s][info][gc,phases   ] GC(91) Y: Concurrent Mark Free 0.000ms
[2026-01-06T22:09:01.578+0800][44.160s][info][gc,phases   ] GC(91) Y: Concurrent Reset Relocation Set 0.000ms
[2026-01-06T22:09:01.578+0800][44.160s][info][gc,reloc    ] GC(91) Y: Using tenuring threshold: 1 (Computed)
[2026-01-06T22:09:01.578+0800][44.160s][info][gc,phases   ] GC(91) Y: Concurrent Select Relocation Set 0.124ms
[2026-01-06T22:09:01.578+0800][44.160s][info][gc,phases   ] GC(91) Y: Pause Relocate Start 0.001ms
[2026-01-06T22:09:01.578+0800][44.160s][info][gc,phases   ] GC(91) Y: Concurrent Relocate 0.009ms
[2026-01-06T22:09:01.578+0800][44.160s][info][gc,alloc    ] GC(91) Y:                         Mark Start        Mark End      Relocate Start    Relocate End   
[2026-01-06T22:09:01.578+0800][44.160s][info][gc,alloc    ] GC(91) Y: Allocation Stalls:          0                0                0                0         
[2026-01-06T22:09:01.578+0800][44.160s][info][gc,load     ] GC(91) Y: Load: 2.81 (28%) / 2.05 (20%) / 2.08 (21%)
[2026-01-06T22:09:01.578+0800][44.160s][info][gc,mmu      ] GC(91) Y: MMU: 2ms/92.0%, 5ms/96.7%, 10ms/98.4%, 20ms/99.2%, 50ms/99.7%, 100ms/99.8%
[2026-01-06T22:09:01.578+0800][44.160s][info][gc,marking  ] GC(91) Y: Mark: 1 stripe(s), 2 proactive flush(es), 1 terminate flush(es), 0 completion(s), 0 continuation(s) 
[2026-01-06T22:09:01.578+0800][44.160s][info][gc,nmethod  ] GC(91) Y: NMethods: 49 registered, 36 unregistered
[2026-01-06T22:09:01.578+0800][44.160s][info][gc,metaspace] GC(91) Y: Metaspace: 0M used, 0M committed, 1088M reserved
[2026-01-06T22:09:01.578+0800][44.160s][info][gc,reloc    ] GC(91) Y:                        Candidates     Selected     In-Place         Size        Empty    Relocated 
[2026-01-06T22:09:01.578+0800][44.160s][info][gc,reloc    ] GC(91) Y: Small Pages:                  436            0            0         872M         870M           0M 
[2026-01-06T22:09:01.578+0800][44.160s][info][gc,reloc    ] GC(91) Y: Medium Pages:                   0            0            0           0M           0M           0M 
[2026-01-06T22:09:01.578+0800][44.160s][info][gc,reloc    ] GC(91) Y: Large Pages:                    0            0            0           0M           0M           0M 
[2026-01-06T22:09:01.578+0800][44.160s][info][gc,reloc    ] GC(91) Y: Forwarding Usage: 0M
[2026-01-06T22:09:01.578+0800][44.160s][info][gc,reloc    ] GC(91) Y: Age Table:
[2026-01-06T22:09:01.578+0800][44.160s][info][gc,reloc    ] GC(91) Y:                    Live             Garbage             Small              Medium             Large        
[2026-01-06T22:09:01.578+0800][44.160s][info][gc,reloc    ] GC(91) Y: Eden               0M (0%)          869M (21%)        435 / 0              0 / 0              0 / 0        
[2026-01-06T22:09:01.578+0800][44.160s][info][gc,reloc    ] GC(91) Y: Survivor 1          -                 2M (0%)           1 / 0              0 / 0              0 / 0        
[2026-01-06T22:09:01.578+0800][44.160s][info][gc,heap     ] GC(91) Y: Min Capacity: 8M(0%)
[2026-01-06T22:09:01.578+0800][44.160s][info][gc,heap     ] GC(91) Y: Max Capacity: 4096M(100%)
[2026-01-06T22:09:01.578+0800][44.160s][info][gc,heap     ] GC(91) Y: Soft Max Capacity: 3686M(90%)
[2026-01-06T22:09:01.578+0800][44.160s][info][gc,heap     ] GC(91) Y: Heap Statistics:
[2026-01-06T22:09:01.578+0800][44.160s][info][gc,heap     ] GC(91) Y:                Mark Start          Mark End        Relocate Start      Relocate End           High               Low         
[2026-01-06T22:09:01.578+0800][44.160s][info][gc,heap     ] GC(91) Y:  Capacity:     3498M (85%)        3498M (85%)        3498M (85%)        3498M (85%)        3498M (85%)        3498M (85%)    
[2026-01-06T22:09:01.578+0800][44.160s][info][gc,heap     ] GC(91) Y:      Free:     3220M (79%)        3218M (79%)        4088M (100%)       4088M (100%)       4088M (100%)       3218M (79%)    
[2026-01-06T22:09:01.578+0800][44.160s][info][gc,heap     ] GC(91) Y:      Used:      876M (21%)         878M (21%)           8M (0%)            8M (0%)          878M (21%)           8M (0%)     
[2026-01-06T22:09:01.578+0800][44.160s][info][gc,heap     ] GC(91) Y: Young Generation Statistics:
[2026-01-06T22:09:01.578+0800][44.160s][info][gc,heap     ] GC(91) Y:                Mark Start          Mark End        Relocate Start      Relocate End    
[2026-01-06T22:09:01.578+0800][44.160s][info][gc,heap     ] GC(91) Y:      Used:      872M (21%)         874M (21%)           4M (0%)            4M (0%)     
[2026-01-06T22:09:01.578+0800][44.160s][info][gc,heap     ] GC(91) Y:      Live:         -                 0M (0%)            0M (0%)            0M (0%)     
[2026-01-06T22:09:01.578+0800][44.160s][info][gc,heap     ] GC(91) Y:   Garbage:         -               871M (21%)           1M (0%)            1M (0%)     
[2026-01-06T22:09:01.578+0800][44.160s][info][gc,heap     ] GC(91) Y: Allocated:         -                 2M (0%)            2M (0%)            2M (0%)     
[2026-01-06T22:09:01.578+0800][44.160s][info][gc,heap     ] GC(91) Y: Reclaimed:         -                  -               870M (21%)         870M (21%)    
[2026-01-06T22:09:01.578+0800][44.160s][info][gc,heap     ] GC(91) Y:  Promoted:         -                  -                 0M (0%)            0M (0%)     
[2026-01-06T22:09:01.578+0800][44.160s][info][gc,heap     ] GC(91) Y: Compacted:         -                  -                  -                 0M (0%)     
[2026-01-06T22:09:01.578+0800][44.160s][info][gc,phases   ] GC(91) Y: Young Generation 876M(21%)->8M(0%) 0.001s
[2026-01-06T22:09:01.578+0800][44.160s][info][gc,phases   ] GC(91) O: Old Generation
[2026-01-06T22:09:01.581+0800][44.163s][info][gc,phases   ] GC(91) O: Concurrent Mark 2.514ms
[2026-01-06T22:09:01.581+0800][44.163s][info][gc,phases   ] GC(91) O: Pause Mark End 0.003ms
[2026-01-06T22:09:01.581+0800][44.163s][info][gc,phases   ] GC(91) O: Concurrent Mark Free 0.000ms
[2026-01-06T22:09:01.581+0800][44.163s][info][gc,phases   ] GC(91) O: Concurrent Process Non-Strong 0.265ms
[2026-01-06T22:09:01.581+0800][44.163s][info][gc,phases   ] GC(91) O: Concurrent Reset Relocation Set 0.004ms
[2026-01-06T22:09:01.581+0800][44.163s][info][gc,phases   ] GC(91) O: Concurrent Select Relocation Set 0.033ms
[2026-01-06T22:09:01.581+0800][44.163s][info][gc,task     ] GC(91) O: Using 2 Workers for Old Generation
[2026-01-06T22:09:01.581+0800][44.163s][info][gc,task     ] GC(91) O: Using 1 Workers for Old Generation
[2026-01-06T22:09:01.581+0800][44.163s][info][gc,phases   ] GC(91) O: Concurrent Remap Roots 0.069ms
[2026-01-06T22:09:01.581+0800][44.163s][info][gc,phases   ] GC(91) O: Pause Relocate Start 0.001ms
[2026-01-06T22:09:01.582+0800][44.164s][info][gc,phases   ] GC(91) O: Concurrent Relocate 0.675ms
[2026-01-06T22:09:01.582+0800][44.164s][info][gc,alloc    ] GC(91) O:                         Mark Start        Mark End      Relocate Start    Relocate End   
[2026-01-06T22:09:01.582+0800][44.164s][info][gc,alloc    ] GC(91) O: Allocation Stalls:          0                0                0                0         
[2026-01-06T22:09:01.582+0800][44.164s][info][gc,load     ] GC(91) O: Load: 2.81 (28%) / 2.05 (20%) / 2.08 (21%)
[2026-01-06T22:09:01.582+0800][44.164s][info][gc,mmu      ] GC(91) O: MMU: 2ms/92.0%, 5ms/96.7%, 10ms/98.4%, 20ms/99.2%, 50ms/99.7%, 100ms/99.8%
[2026-01-06T22:09:01.582+0800][44.164s][info][gc,marking  ] GC(91) O: Mark: 1 stripe(s), 2 proactive flush(es), 1 terminate flush(es), 0 completion(s), 0 continuation(s) 
[2026-01-06T22:09:01.582+0800][44.164s][info][gc,nmethod  ] GC(91) O: NMethods: 49 registered, 36 unregistered
[2026-01-06T22:09:01.582+0800][44.164s][info][gc,metaspace] GC(91) O: Metaspace: 0M used, 0M committed, 1088M reserved
[2026-01-06T22:09:01.582+0800][44.164s][info][gc,ref      ] GC(91) O:                       Encountered   Discovered     Enqueued 
[2026-01-06T22:09:01.582+0800][44.164s][info][gc,ref      ] GC(91) O: Soft References:                1            0            0 
[2026-01-06T22:09:01.582+0800][44.164s][info][gc,ref      ] GC(91) O: Weak References:                6            0            0 
[2026-01-06T22:09:01.582+0800][44.164s][info][gc,ref      ] GC(91) O: Final References:               0            0            0 
[2026-01-06T22:09:01.582+0800][44.164s][info][gc,ref      ] GC(91) O: Phantom References:             1            1            0 
[2026-01-06T22:09:01.582+0800][44.164s][info][gc,reloc    ] GC(91) O:                        Candidates     Selected     In-Place         Size        Empty    Relocated 
[2026-01-06T22:09:01.582+0800][44.164s][info][gc,reloc    ] GC(91) O: Small Pages:                    2            1            0           4M           0M           1M 
[2026-01-06T22:09:01.582+0800][44.164s][info][gc,reloc    ] GC(91) O: Medium Pages:                   0            0            0           0M           0M           0M 
[2026-01-06T22:09:01.582+0800][44.164s][info][gc,reloc    ] GC(91) O: Large Pages:                    0            0            0           0M           0M           0M 
[2026-01-06T22:09:01.582+0800][44.164s][info][gc,reloc    ] GC(91) O: Forwarding Usage: 0M
[2026-01-06T22:09:01.582+0800][44.164s][info][gc,heap     ] GC(91) O: Min Capacity: 8M(0%)
[2026-01-06T22:09:01.582+0800][44.164s][info][gc,heap     ] GC(91) O: Max Capacity: 4096M(100%)
[2026-01-06T22:09:01.582+0800][44.164s][info][gc,heap     ] GC(91) O: Soft Max Capacity: 3686M(90%)
[2026-01-06T22:09:01.582+0800][44.164s][info][gc,heap     ] GC(91) O: Heap Statistics:
[2026-01-06T22:09:01.582+0800][44.164s][info][gc,heap     ] GC(91) O:                Mark Start          Mark End        Relocate Start      Relocate End           High               Low         
[2026-01-06T22:09:01.582+0800][44.164s][info][gc,heap     ] GC(91) O:  Capacity:     3498M (85%)        3498M (85%)        3498M (85%)        3498M (85%)        3498M (85%)        3498M (85%)    
[2026-01-06T22:09:01.582+0800][44.164s][info][gc,heap     ] GC(91) O:      Free:     3220M (79%)        4038M (99%)        4030M (98%)        4022M (98%)        4088M (100%)       3218M (79%)    
[2026-01-06T22:09:01.582+0800][44.164s][info][gc,heap     ] GC(91) O:      Used:      876M (21%)          58M (1%)           66M (2%)           74M (2%)          878M (21%)           8M (0%)     
[2026-01-06T22:09:01.582+0800][44.164s][info][gc,heap     ] GC(91) O: Old Generation Statistics:
[2026-01-06T22:09:01.582+0800][44.164s][info][gc,heap     ] GC(91) O:                Mark Start          Mark End        Relocate Start      Relocate End    
[2026-01-06T22:09:01.582+0800][44.164s][info][gc,heap     ] GC(91) O:      Used:        4M (0%)            4M (0%)            4M (0%)            4M (0%)     
[2026-01-06T22:09:01.582+0800][44.164s][info][gc,heap     ] GC(91) O:      Live:         -                 1M (0%)            1M (0%)            1M (0%)     
[2026-01-06T22:09:01.582+0800][44.164s][info][gc,heap     ] GC(91) O:   Garbage:         -                 2M (0%)            2M (0%)            0M (0%)     
[2026-01-06T22:09:01.582+0800][44.164s][info][gc,heap     ] GC(91) O: Allocated:         -                 0M (0%)            0M (0%)            2M (0%)     
[2026-01-06T22:09:01.582+0800][44.164s][info][gc,heap     ] GC(91) O: Reclaimed:         -                  -                 0M (0%)            2M (0%)     
[2026-01-06T22:09:01.582+0800][44.164s][info][gc,heap     ] GC(91) O: Compacted:         -                  -                  -                 1M (0%)     
[2026-01-06T22:09:01.582+0800][44.164s][info][gc,phases   ] GC(91) O: Old Generation 12M(0%)->74M(2%) 0.004s
[2026-01-06T22:09:01.582+0800][44.164s][info][gc          ] GC(91) Major Collection (Proactive) 876M(21%)->76M(2%) 0.004s
[2026-01-06T22:09:02.283+0800][44.865s][info][gc          ] GC(92) Major Collection (Proactive)
[2026-01-06T22:09:02.284+0800][44.865s][info][gc,task     ] GC(92) Using 1 Workers for Young Generation
[2026-01-06T22:09:02.284+0800][44.865s][info][gc,task     ] GC(92) Using 1 Workers for Old Generation
[2026-01-06T22:09:02.284+0800][44.865s][info][gc,phases   ] GC(92) Y: Young Generation
[2026-01-06T22:09:02.284+0800][44.865s][info][gc,phases   ] GC(92) Y: Pause Mark Start (Major) 0.015ms
[2026-01-06T22:09:02.284+0800][44.866s][info][gc,phases   ] GC(92) Y: Concurrent Mark 0.532ms
[2026-01-06T22:09:02.284+0800][44.866s][info][gc,phases   ] GC(92) Y: Pause Mark End 0.003ms
[2026-01-06T22:09:02.284+0800][44.866s][info][gc,phases   ] GC(92) Y: Concurrent Mark Free 0.005ms
[2026-01-06T22:09:02.284+0800][44.866s][info][gc,phases   ] GC(92) Y: Concurrent Reset Relocation Set 0.000ms
[2026-01-06T22:09:02.289+0800][44.870s][info][gc,reloc    ] GC(92) Y: Using tenuring threshold: 1 (Computed)
[2026-01-06T22:09:02.289+0800][44.870s][info][gc,phases   ] GC(92) Y: Concurrent Select Relocation Set 4.184ms
[2026-01-06T22:09:02.289+0800][44.870s][info][gc,phases   ] GC(92) Y: Pause Relocate Start 0.002ms
[2026-01-06T22:09:02.289+0800][44.870s][info][gc,phases   ] GC(92) Y: Concurrent Relocate 0.008ms
[2026-01-06T22:09:02.289+0800][44.870s][info][gc,alloc    ] GC(92) Y:                         Mark Start        Mark End      Relocate Start    Relocate End   
[2026-01-06T22:09:02.289+0800][44.870s][info][gc,alloc    ] GC(92) Y: Allocation Stalls:          0                0                0                0         
[2026-01-06T22:09:02.289+0800][44.870s][info][gc,load     ] GC(92) Y: Load: 2.75 (27%) / 2.05 (20%) / 2.08 (21%)
[2026-01-06T22:09:02.289+0800][44.870s][info][gc,mmu      ] GC(92) Y: MMU: 2ms/92.0%, 5ms/96.7%, 10ms/98.4%, 20ms/99.2%, 50ms/99.7%, 100ms/99.8%
[2026-01-06T22:09:02.289+0800][44.870s][info][gc,marking  ] GC(92) Y: Mark: 1 stripe(s), 2 proactive flush(es), 1 terminate flush(es), 0 completion(s), 0 continuation(s) 
[2026-01-06T22:09:02.289+0800][44.870s][info][gc,nmethod  ] GC(92) Y: NMethods: 49 registered, 36 unregistered
[2026-01-06T22:09:02.289+0800][44.870s][info][gc,metaspace] GC(92) Y: Metaspace: 0M used, 0M committed, 1088M reserved
[2026-01-06T22:09:02.289+0800][44.870s][info][gc,reloc    ] GC(92) Y:                        Candidates     Selected     In-Place         Size        Empty    Relocated 
[2026-01-06T22:09:02.289+0800][44.870s][info][gc,reloc    ] GC(92) Y: Small Pages:                 1666            0            0        3332M        3330M           0M 
[2026-01-06T22:09:02.289+0800][44.870s][info][gc,reloc    ] GC(92) Y: Medium Pages:                   0            0            0           0M           0M           0M 
[2026-01-06T22:09:02.289+0800][44.870s][info][gc,reloc    ] GC(92) Y: Large Pages:                    0            0            0           0M           0M           0M 
[2026-01-06T22:09:02.289+0800][44.870s][info][gc,reloc    ] GC(92) Y: Forwarding Usage: 0M
[2026-01-06T22:09:02.289+0800][44.870s][info][gc,reloc    ] GC(92) Y: Age Table:
[2026-01-06T22:09:02.289+0800][44.870s][info][gc,reloc    ] GC(92) Y:                    Live             Garbage             Small              Medium             Large        
[2026-01-06T22:09:02.289+0800][44.870s][info][gc,reloc    ] GC(92) Y: Eden               0M (0%)         3329M (81%)       1665 / 0              0 / 0              0 / 0        
[2026-01-06T22:09:02.289+0800][44.870s][info][gc,reloc    ] GC(92) Y: Survivor 1          -                 2M (0%)           1 / 0              0 / 0              0 / 0        
[2026-01-06T22:09:02.289+0800][44.870s][info][gc,heap     ] GC(92) Y: Min Capacity: 8M(0%)
[2026-01-06T22:09:02.289+0800][44.870s][info][gc,heap     ] GC(92) Y: Max Capacity: 4096M(100%)
[2026-01-06T22:09:02.289+0800][44.870s][info][gc,heap     ] GC(92) Y: Soft Max Capacity: 3686M(90%)
[2026-01-06T22:09:02.289+0800][44.870s][info][gc,heap     ] GC(92) Y: Heap Statistics:
[2026-01-06T22:09:02.289+0800][44.870s][info][gc,heap     ] GC(92) Y:                Mark Start          Mark End        Relocate Start      Relocate End           High               Low         
[2026-01-06T22:09:02.289+0800][44.870s][info][gc,heap     ] GC(92) Y:  Capacity:     3498M (85%)        3498M (85%)        3498M (85%)        3498M (85%)        3498M (85%)        3498M (85%)    
[2026-01-06T22:09:02.289+0800][44.870s][info][gc,heap     ] GC(92) Y:      Free:      760M (19%)         756M (18%)        4076M (100%)       4076M (100%)       4078M (100%)        756M (18%)    
[2026-01-06T22:09:02.289+0800][44.870s][info][gc,heap     ] GC(92) Y:      Used:     3336M (81%)        3340M (82%)          20M (0%)           20M (0%)         3340M (82%)          18M (0%)     
[2026-01-06T22:09:02.289+0800][44.870s][info][gc,heap     ] GC(92) Y: Young Generation Statistics:
[2026-01-06T22:09:02.289+0800][44.870s][info][gc,heap     ] GC(92) Y:                Mark Start          Mark End        Relocate Start      Relocate End    
[2026-01-06T22:09:02.289+0800][44.870s][info][gc,heap     ] GC(92) Y:      Used:     3332M (81%)        3336M (81%)          16M (0%)           16M (0%)     
[2026-01-06T22:09:02.289+0800][44.870s][info][gc,heap     ] GC(92) Y:      Live:         -                 0M (0%)            0M (0%)            0M (0%)     
[2026-01-06T22:09:02.289+0800][44.870s][info][gc,heap     ] GC(92) Y:   Garbage:         -              3331M (81%)           1M (0%)            1M (0%)     
[2026-01-06T22:09:02.289+0800][44.870s][info][gc,heap     ] GC(92) Y: Allocated:         -                 4M (0%)           14M (0%)           14M (0%)     
[2026-01-06T22:09:02.289+0800][44.870s][info][gc,heap     ] GC(92) Y: Reclaimed:         -                  -              3330M (81%)        3330M (81%)    
[2026-01-06T22:09:02.289+0800][44.870s][info][gc,heap     ] GC(92) Y:  Promoted:         -                  -                 0M (0%)            0M (0%)     
[2026-01-06T22:09:02.289+0800][44.870s][info][gc,heap     ] GC(92) Y: Compacted:         -                  -                  -                 0M (0%)     
[2026-01-06T22:09:02.289+0800][44.870s][info][gc,phases   ] GC(92) Y: Young Generation 3336M(81%)->20M(0%) 0.005s
[2026-01-06T22:09:02.289+0800][44.870s][info][gc,phases   ] GC(92) O: Old Generation
[2026-01-06T22:09:02.293+0800][44.874s][info][gc,phases   ] GC(92) O: Concurrent Mark 3.714ms
[2026-01-06T22:09:02.293+0800][44.874s][info][gc,phases   ] GC(92) O: Pause Mark End 0.004ms
[2026-01-06T22:09:02.293+0800][44.874s][info][gc,phases   ] GC(92) O: Concurrent Mark Free 0.000ms
[2026-01-06T22:09:02.293+0800][44.874s][info][gc,phases   ] GC(92) O: Concurrent Process Non-Strong 0.234ms
[2026-01-06T22:09:02.293+0800][44.874s][info][gc,phases   ] GC(92) O: Concurrent Reset Relocation Set 0.005ms
[2026-01-06T22:09:02.293+0800][44.874s][info][gc,phases   ] GC(92) O: Concurrent Select Relocation Set 0.035ms
[2026-01-06T22:09:02.293+0800][44.874s][info][gc,task     ] GC(92) O: Using 2 Workers for Old Generation
[2026-01-06T22:09:02.293+0800][44.875s][info][gc,task     ] GC(92) O: Using 1 Workers for Old Generation
[2026-01-06T22:09:02.293+0800][44.875s][info][gc,phases   ] GC(92) O: Concurrent Remap Roots 0.072ms
[2026-01-06T22:09:02.293+0800][44.875s][info][gc,phases   ] GC(92) O: Pause Relocate Start 0.002ms
[2026-01-06T22:09:02.294+0800][44.875s][info][gc,phases   ] GC(92) O: Concurrent Relocate 0.886ms
[2026-01-06T22:09:02.294+0800][44.875s][info][gc,alloc    ] GC(92) O:                         Mark Start        Mark End      Relocate Start    Relocate End   
[2026-01-06T22:09:02.294+0800][44.875s][info][gc,alloc    ] GC(92) O: Allocation Stalls:          0                0                0                0         
[2026-01-06T22:09:02.294+0800][44.876s][info][gc,load     ] GC(92) O: Load: 2.75 (27%) / 2.05 (20%) / 2.08 (21%)
[2026-01-06T22:09:02.294+0800][44.876s][info][gc,mmu      ] GC(92) O: MMU: 2ms/92.0%, 5ms/96.7%, 10ms/98.4%, 20ms/99.2%, 50ms/99.7%, 100ms/99.8%
[2026-01-06T22:09:02.294+0800][44.876s][info][gc,marking  ] GC(92) O: Mark: 1 stripe(s), 2 proactive flush(es), 1 terminate flush(es), 0 completion(s), 0 continuation(s) 
[2026-01-06T22:09:02.294+0800][44.876s][info][gc,nmethod  ] GC(92) O: NMethods: 49 registered, 36 unregistered
[2026-01-06T22:09:02.294+0800][44.876s][info][gc,metaspace] GC(92) O: Metaspace: 0M used, 0M committed, 1088M reserved
[2026-01-06T22:09:02.294+0800][44.876s][info][gc,ref      ] GC(92) O:                       Encountered   Discovered     Enqueued 
[2026-01-06T22:09:02.294+0800][44.876s][info][gc,ref      ] GC(92) O: Soft References:                1            0            0 
[2026-01-06T22:09:02.294+0800][44.876s][info][gc,ref      ] GC(92) O: Weak References:                6            0            0 
[2026-01-06T22:09:02.294+0800][44.876s][info][gc,ref      ] GC(92) O: Final References:               0            0            0 
[2026-01-06T22:09:02.294+0800][44.876s][info][gc,ref      ] GC(92) O: Phantom References:             1            1            0 
[2026-01-06T22:09:02.294+0800][44.876s][info][gc,reloc    ] GC(92) O:                        Candidates     Selected     In-Place         Size        Empty    Relocated 
[2026-01-06T22:09:02.294+0800][44.876s][info][gc,reloc    ] GC(92) O: Small Pages:                    2            1            0           4M           0M           1M 
[2026-01-06T22:09:02.294+0800][44.876s][info][gc,reloc    ] GC(92) O: Medium Pages:                   0            0            0           0M           0M           0M 
[2026-01-06T22:09:02.294+0800][44.876s][info][gc,reloc    ] GC(92) O: Large Pages:                    0            0            0           0M           0M           0M 
[2026-01-06T22:09:02.294+0800][44.876s][info][gc,reloc    ] GC(92) O: Forwarding Usage: 0M
[2026-01-06T22:09:02.294+0800][44.876s][info][gc,heap     ] GC(92) O: Min Capacity: 8M(0%)
[2026-01-06T22:09:02.294+0800][44.876s][info][gc,heap     ] GC(92) O: Max Capacity: 4096M(100%)
[2026-01-06T22:09:02.294+0800][44.876s][info][gc,heap     ] GC(92) O: Soft Max Capacity: 3686M(90%)
[2026-01-06T22:09:02.294+0800][44.876s][info][gc,heap     ] GC(92) O: Heap Statistics:
[2026-01-06T22:09:02.294+0800][44.876s][info][gc,heap     ] GC(92) O:                Mark Start          Mark End        Relocate Start      Relocate End           High               Low         
[2026-01-06T22:09:02.294+0800][44.876s][info][gc,heap     ] GC(92) O:  Capacity:     3498M (85%)        3498M (85%)        3498M (85%)        3498M (85%)        3498M (85%)        3498M (85%)    
[2026-01-06T22:09:02.294+0800][44.876s][info][gc,heap     ] GC(92) O:      Free:      760M (19%)        4062M (99%)        4060M (99%)        4054M (99%)        4078M (100%)        756M (18%)    
[2026-01-06T22:09:02.294+0800][44.876s][info][gc,heap     ] GC(92) O:      Used:     3336M (81%)          34M (1%)           36M (1%)           42M (1%)         3340M (82%)          18M (0%)     
[2026-01-06T22:09:02.294+0800][44.876s][info][gc,heap     ] GC(92) O: Old Generation Statistics:
[2026-01-06T22:09:02.294+0800][44.876s][info][gc,heap     ] GC(92) O:                Mark Start          Mark End        Relocate Start      Relocate End    
[2026-01-06T22:09:02.294+0800][44.876s][info][gc,heap     ] GC(92) O:      Used:        4M (0%)            4M (0%)            4M (0%)            4M (0%)     
[2026-01-06T22:09:02.294+0800][44.876s][info][gc,heap     ] GC(92) O:      Live:         -                 1M (0%)            1M (0%)            1M (0%)     
[2026-01-06T22:09:02.294+0800][44.876s][info][gc,heap     ] GC(92) O:   Garbage:         -                 2M (0%)            2M (0%)            0M (0%)     
[2026-01-06T22:09:02.294+0800][44.876s][info][gc,heap     ] GC(92) O: Allocated:         -                 0M (0%)            0M (0%)            2M (0%)     
[2026-01-06T22:09:02.294+0800][44.876s][info][gc,heap     ] GC(92) O: Reclaimed:         -                  -                 0M (0%)            2M (0%)     
[2026-01-06T22:09:02.294+0800][44.876s][info][gc,heap     ] GC(92) O: Compacted:         -                  -                  -                 1M (0%)     
[2026-01-06T22:09:02.294+0800][44.876s][info][gc,phases   ] GC(92) O: Old Generation 20M(0%)->42M(1%) 0.005s
[2026-01-06T22:09:02.294+0800][44.876s][info][gc          ] GC(92) Major Collection (Proactive) 3334M(81%)->42M(1%) 0.011s
[2026-01-06T22:09:03.116+0800][45.697s][info][gc          ] GC(93) Minor Collection (High Usage)
[2026-01-06T22:09:03.116+0800][45.697s][info][gc,task     ] GC(93) Using 1 Workers for Young Generation
[2026-01-06T22:09:03.116+0800][45.697s][info][gc,phases   ] GC(93) y: Young Generation
[2026-01-06T22:09:03.116+0800][45.697s][info][gc,phases   ] GC(93) y: Pause Mark Start 0.013ms
[2026-01-06T22:09:03.116+0800][45.698s][info][gc,phases   ] GC(93) y: Concurrent Mark 0.525ms
[2026-01-06T22:09:03.116+0800][45.698s][info][gc,phases   ] GC(93) y: Pause Mark End 0.003ms
[2026-01-06T22:09:03.116+0800][45.698s][info][gc,phases   ] GC(93) y: Concurrent Mark Free 0.003ms
[2026-01-06T22:09:03.116+0800][45.698s][info][gc,phases   ] GC(93) y: Concurrent Reset Relocation Set 0.000ms
[2026-01-06T22:09:03.121+0800][45.703s][info][gc,reloc    ] GC(93) y: Using tenuring threshold: 1 (Computed)
[2026-01-06T22:09:03.121+0800][45.703s][info][gc,phases   ] GC(93) y: Concurrent Select Relocation Set 4.525ms
[2026-01-06T22:09:03.121+0800][45.703s][info][gc,phases   ] GC(93) y: Pause Relocate Start 0.001ms
[2026-01-06T22:09:03.121+0800][45.703s][info][gc,phases   ] GC(93) y: Concurrent Relocate 0.010ms
[2026-01-06T22:09:03.121+0800][45.703s][info][gc,alloc    ] GC(93) y:                         Mark Start        Mark End      Relocate Start    Relocate End   
[2026-01-06T22:09:03.121+0800][45.703s][info][gc,alloc    ] GC(93) y: Allocation Stalls:          0                0                0                0         
[2026-01-06T22:09:03.121+0800][45.703s][info][gc,load     ] GC(93) y: Load: 2.75 (27%) / 2.05 (20%) / 2.08 (21%)
[2026-01-06T22:09:03.121+0800][45.703s][info][gc,mmu      ] GC(93) y: MMU: 2ms/92.0%, 5ms/96.7%, 10ms/98.4%, 20ms/99.2%, 50ms/99.7%, 100ms/99.8%
[2026-01-06T22:09:03.121+0800][45.703s][info][gc,marking  ] GC(93) y: Mark: 1 stripe(s), 2 proactive flush(es), 1 terminate flush(es), 0 completion(s), 0 continuation(s) 
[2026-01-06T22:09:03.121+0800][45.703s][info][gc,nmethod  ] GC(93) y: NMethods: 49 registered, 36 unregistered
[2026-01-06T22:09:03.121+0800][45.703s][info][gc,metaspace] GC(93) y: Metaspace: 0M used, 0M committed, 1088M reserved
[2026-01-06T22:09:03.121+0800][45.703s][info][gc,reloc    ] GC(93) y:                        Candidates     Selected     In-Place         Size        Empty    Relocated 
[2026-01-06T22:09:03.121+0800][45.703s][info][gc,reloc    ] GC(93) y: Small Pages:                 1739            0            0        3478M        3476M           0M 
[2026-01-06T22:09:03.121+0800][45.703s][info][gc,reloc    ] GC(93) y: Medium Pages:                   0            0            0           0M           0M           0M 
[2026-01-06T22:09:03.121+0800][45.703s][info][gc,reloc    ] GC(93) y: Large Pages:                    0            0            0           0M           0M           0M 
[2026-01-06T22:09:03.121+0800][45.703s][info][gc,reloc    ] GC(93) y: Forwarding Usage: 0M
[2026-01-06T22:09:03.121+0800][45.703s][info][gc,reloc    ] GC(93) y: Age Table:
[2026-01-06T22:09:03.121+0800][45.703s][info][gc,reloc    ] GC(93) y:                    Live             Garbage             Small              Medium             Large        
[2026-01-06T22:09:03.121+0800][45.703s][info][gc,reloc    ] GC(93) y: Eden               0M (0%)         3475M (85%)       1738 / 0              0 / 0              0 / 0        
[2026-01-06T22:09:03.121+0800][45.703s][info][gc,reloc    ] GC(93) y: Survivor 1          -                 2M (0%)           1 / 0              0 / 0              0 / 0        
[2026-01-06T22:09:03.121+0800][45.703s][info][gc,heap     ] GC(93) y: Min Capacity: 8M(0%)
[2026-01-06T22:09:03.121+0800][45.703s][info][gc,heap     ] GC(93) y: Max Capacity: 4096M(100%)
[2026-01-06T22:09:03.121+0800][45.703s][info][gc,heap     ] GC(93) y: Soft Max Capacity: 3686M(90%)
[2026-01-06T22:09:03.121+0800][45.703s][info][gc,heap     ] GC(93) y: Heap Statistics:
[2026-01-06T22:09:03.121+0800][45.703s][info][gc,heap     ] GC(93) y:                Mark Start          Mark End        Relocate Start      Relocate End           High               Low         
[2026-01-06T22:09:03.121+0800][45.703s][info][gc,heap     ] GC(93) y:  Capacity:     3498M (85%)        3498M (85%)        3498M (85%)        3498M (85%)        3498M (85%)        3498M (85%)    
[2026-01-06T22:09:03.121+0800][45.703s][info][gc,heap     ] GC(93) y:      Free:      614M (15%)         610M (15%)        4078M (100%)       4078M (100%)       4078M (100%)        610M (15%)    
[2026-01-06T22:09:03.121+0800][45.703s][info][gc,heap     ] GC(93) y:      Used:     3482M (85%)        3486M (85%)          18M (0%)           18M (0%)         3486M (85%)          18M (0%)     
[2026-01-06T22:09:03.121+0800][45.703s][info][gc,heap     ] GC(93) y: Young Generation Statistics:
[2026-01-06T22:09:03.121+0800][45.703s][info][gc,heap     ] GC(93) y:                Mark Start          Mark End        Relocate Start      Relocate End    
[2026-01-06T22:09:03.121+0800][45.703s][info][gc,heap     ] GC(93) y:      Used:     3478M (85%)        3482M (85%)          14M (0%)           14M (0%)     
[2026-01-06T22:09:03.121+0800][45.703s][info][gc,heap     ] GC(93) y:      Live:         -                 0M (0%)            0M (0%)            0M (0%)     
[2026-01-06T22:09:03.121+0800][45.703s][info][gc,heap     ] GC(93) y:   Garbage:         -              3477M (85%)           1M (0%)            1M (0%)     
[2026-01-06T22:09:03.121+0800][45.703s][info][gc,heap     ] GC(93) y: Allocated:         -                 4M (0%)           12M (0%)           12M (0%)     
[2026-01-06T22:09:03.121+0800][45.703s][info][gc,heap     ] GC(93) y: Reclaimed:         -                  -              3476M (85%)        3476M (85%)    
[2026-01-06T22:09:03.121+0800][45.703s][info][gc,heap     ] GC(93) y:  Promoted:         -                  -                 0M (0%)            0M (0%)     
[2026-01-06T22:09:03.121+0800][45.703s][info][gc,heap     ] GC(93) y: Compacted:         -                  -                  -                 0M (0%)     
[2026-01-06T22:09:03.121+0800][45.703s][info][gc,phases   ] GC(93) y: Young Generation 3482M(85%)->18M(0%) 0.005s
[2026-01-06T22:09:03.121+0800][45.703s][info][gc          ] GC(93) Minor Collection (High Usage) 3482M(85%)->18M(0%) 0.005s
[2026-01-06T22:09:03.237+0800][45.818s][info][gc          ] GC(94) Major Collection (Proactive)
[2026-01-06T22:09:03.237+0800][45.818s][info][gc,task     ] GC(94) Using 1 Workers for Young Generation
[2026-01-06T22:09:03.237+0800][45.818s][info][gc,task     ] GC(94) Using 1 Workers for Old Generation
[2026-01-06T22:09:03.237+0800][45.818s][info][gc,phases   ] GC(94) Y: Young Generation
[2026-01-06T22:09:03.237+0800][45.818s][info][gc,phases   ] GC(94) Y: Pause Mark Start (Major) 0.007ms
[2026-01-06T22:09:03.237+0800][45.819s][info][gc,phases   ] GC(94) Y: Concurrent Mark 0.201ms
[2026-01-06T22:09:03.237+0800][45.819s][info][gc,phases   ] GC(94) Y: Pause Mark End 0.003ms
[2026-01-06T22:09:03.237+0800][45.819s][info][gc,phases   ] GC(94) Y: Concurrent Mark Free 0.000ms
[2026-01-06T22:09:03.237+0800][45.819s][info][gc,phases   ] GC(94) Y: Concurrent Reset Relocation Set 0.000ms
[2026-01-06T22:09:03.237+0800][45.819s][info][gc,reloc    ] GC(94) Y: Using tenuring threshold: 1 (Computed)
[2026-01-06T22:09:03.237+0800][45.819s][info][gc,phases   ] GC(94) Y: Concurrent Select Relocation Set 0.073ms
[2026-01-06T22:09:03.237+0800][45.819s][info][gc,phases   ] GC(94) Y: Pause Relocate Start 0.001ms
[2026-01-06T22:09:03.237+0800][45.819s][info][gc,phases   ] GC(94) Y: Concurrent Relocate 0.008ms
[2026-01-06T22:09:03.237+0800][45.819s][info][gc,alloc    ] GC(94) Y:                         Mark Start        Mark End      Relocate Start    Relocate End   
[2026-01-06T22:09:03.237+0800][45.819s][info][gc,alloc    ] GC(94) Y: Allocation Stalls:          0                0                0                0         
[2026-01-06T22:09:03.237+0800][45.819s][info][gc,load     ] GC(94) Y: Load: 2.75 (27%) / 2.05 (20%) / 2.08 (21%)
[2026-01-06T22:09:03.237+0800][45.819s][info][gc,mmu      ] GC(94) Y: MMU: 2ms/92.0%, 5ms/96.7%, 10ms/98.4%, 20ms/99.2%, 50ms/99.7%, 100ms/99.8%
[2026-01-06T22:09:03.237+0800][45.819s][info][gc,marking  ] GC(94) Y: Mark: 1 stripe(s), 2 proactive flush(es), 1 terminate flush(es), 0 completion(s), 0 continuation(s) 
[2026-01-06T22:09:03.237+0800][45.819s][info][gc,nmethod  ] GC(94) Y: NMethods: 49 registered, 36 unregistered
[2026-01-06T22:09:03.237+0800][45.819s][info][gc,metaspace] GC(94) Y: Metaspace: 0M used, 0M committed, 1088M reserved
[2026-01-06T22:09:03.237+0800][45.819s][info][gc,reloc    ] GC(94) Y:                        Candidates     Selected     In-Place         Size        Empty    Relocated 
[2026-01-06T22:09:03.237+0800][45.819s][info][gc,reloc    ] GC(94) Y: Small Pages:                  211            0            0         422M         420M           0M 
[2026-01-06T22:09:03.237+0800][45.819s][info][gc,reloc    ] GC(94) Y: Medium Pages:                   0            0            0           0M           0M           0M 
[2026-01-06T22:09:03.237+0800][45.819s][info][gc,reloc    ] GC(94) Y: Large Pages:                    0            0            0           0M           0M           0M 
[2026-01-06T22:09:03.237+0800][45.819s][info][gc,reloc    ] GC(94) Y: Forwarding Usage: 0M
[2026-01-06T22:09:03.237+0800][45.819s][info][gc,reloc    ] GC(94) Y: Age Table:
[2026-01-06T22:09:03.237+0800][45.819s][info][gc,reloc    ] GC(94) Y:                    Live             Garbage             Small              Medium             Large        
[2026-01-06T22:09:03.237+0800][45.819s][info][gc,reloc    ] GC(94) Y: Eden               0M (0%)          419M (10%)        210 / 0              0 / 0              0 / 0        
[2026-01-06T22:09:03.237+0800][45.819s][info][gc,reloc    ] GC(94) Y: Survivor 1          -                 2M (0%)           1 / 0              0 / 0              0 / 0        
[2026-01-06T22:09:03.237+0800][45.819s][info][gc,heap     ] GC(94) Y: Min Capacity: 8M(0%)
[2026-01-06T22:09:03.237+0800][45.819s][info][gc,heap     ] GC(94) Y: Max Capacity: 4096M(100%)
[2026-01-06T22:09:03.237+0800][45.819s][info][gc,heap     ] GC(94) Y: Soft Max Capacity: 3686M(90%)
[2026-01-06T22:09:03.237+0800][45.819s][info][gc,heap     ] GC(94) Y: Heap Statistics:
[2026-01-06T22:09:03.237+0800][45.819s][info][gc,heap     ] GC(94) Y:                Mark Start          Mark End        Relocate Start      Relocate End           High               Low         
[2026-01-06T22:09:03.237+0800][45.819s][info][gc,heap     ] GC(94) Y:  Capacity:     3498M (85%)        3498M (85%)        3498M (85%)        3498M (85%)        3498M (85%)        3498M (85%)    
[2026-01-06T22:09:03.237+0800][45.819s][info][gc,heap     ] GC(94) Y:      Free:     3670M (90%)        3668M (90%)        4088M (100%)       4088M (100%)       4088M (100%)       3668M (90%)    
[2026-01-06T22:09:03.237+0800][45.819s][info][gc,heap     ] GC(94) Y:      Used:      426M (10%)         428M (10%)           8M (0%)            8M (0%)          428M (10%)           8M (0%)     
[2026-01-06T22:09:03.237+0800][45.819s][info][gc,heap     ] GC(94) Y: Young Generation Statistics:
[2026-01-06T22:09:03.237+0800][45.819s][info][gc,heap     ] GC(94) Y:                Mark Start          Mark End        Relocate Start      Relocate End    
[2026-01-06T22:09:03.237+0800][45.819s][info][gc,heap     ] GC(94) Y:      Used:      422M (10%)         424M (10%)           4M (0%)            4M (0%)     
[2026-01-06T22:09:03.237+0800][45.819s][info][gc,heap     ] GC(94) Y:      Live:         -                 0M (0%)            0M (0%)            0M (0%)     
[2026-01-06T22:09:03.237+0800][45.819s][info][gc,heap     ] GC(94) Y:   Garbage:         -               421M (10%)           1M (0%)            1M (0%)     
[2026-01-06T22:09:03.237+0800][45.819s][info][gc,heap     ] GC(94) Y: Allocated:         -                 2M (0%)            2M (0%)            2M (0%)     
[2026-01-06T22:09:03.237+0800][45.819s][info][gc,heap     ] GC(94) Y: Reclaimed:         -                  -               420M (10%)         420M (10%)    
[2026-01-06T22:09:03.237+0800][45.819s][info][gc,heap     ] GC(94) Y:  Promoted:         -                  -                 0M (0%)            0M (0%)     
[2026-01-06T22:09:03.237+0800][45.819s][info][gc,heap     ] GC(94) Y: Compacted:         -                  -                  -                 0M (0%)     
[2026-01-06T22:09:03.237+0800][45.819s][info][gc,phases   ] GC(94) Y: Young Generation 426M(10%)->8M(0%) 0.000s
[2026-01-06T22:09:03.237+0800][45.819s][info][gc,phases   ] GC(94) O: Old Generation
[2026-01-06T22:09:03.240+0800][45.822s][info][gc,phases   ] GC(94) O: Concurrent Mark 2.665ms
[2026-01-06T22:09:03.240+0800][45.822s][info][gc,phases   ] GC(94) O: Pause Mark End 0.003ms
[2026-01-06T22:09:03.240+0800][45.822s][info][gc,phases   ] GC(94) O: Concurrent Mark Free 0.000ms
[2026-01-06T22:09:03.240+0800][45.822s][info][gc,phases   ] GC(94) O: Concurrent Process Non-Strong 0.247ms
[2026-01-06T22:09:03.240+0800][45.822s][info][gc,phases   ] GC(94) O: Concurrent Reset Relocation Set 0.005ms
[2026-01-06T22:09:03.240+0800][45.822s][info][gc,phases   ] GC(94) O: Concurrent Select Relocation Set 0.031ms
[2026-01-06T22:09:03.240+0800][45.822s][info][gc,task     ] GC(94) O: Using 2 Workers for Old Generation
[2026-01-06T22:09:03.240+0800][45.822s][info][gc,task     ] GC(94) O: Using 1 Workers for Old Generation
[2026-01-06T22:09:03.240+0800][45.822s][info][gc,phases   ] GC(94) O: Concurrent Remap Roots 0.065ms
[2026-01-06T22:09:03.240+0800][45.822s][info][gc,phases   ] GC(94) O: Pause Relocate Start 0.001ms
[2026-01-06T22:09:03.241+0800][45.823s][info][gc,phases   ] GC(94) O: Concurrent Relocate 0.683ms
[2026-01-06T22:09:03.241+0800][45.823s][info][gc,alloc    ] GC(94) O:                         Mark Start        Mark End      Relocate Start    Relocate End   
[2026-01-06T22:09:03.241+0800][45.823s][info][gc,alloc    ] GC(94) O: Allocation Stalls:          0                0                0                0         
[2026-01-06T22:09:03.241+0800][45.823s][info][gc,load     ] GC(94) O: Load: 2.75 (27%) / 2.05 (20%) / 2.08 (21%)
[2026-01-06T22:09:03.241+0800][45.823s][info][gc,mmu      ] GC(94) O: MMU: 2ms/92.0%, 5ms/96.7%, 10ms/98.4%, 20ms/99.2%, 50ms/99.7%, 100ms/99.8%
[2026-01-06T22:09:03.241+0800][45.823s][info][gc,marking  ] GC(94) O: Mark: 1 stripe(s), 2 proactive flush(es), 1 terminate flush(es), 0 completion(s), 0 continuation(s) 
[2026-01-06T22:09:03.241+0800][45.823s][info][gc,nmethod  ] GC(94) O: NMethods: 49 registered, 36 unregistered
[2026-01-06T22:09:03.241+0800][45.823s][info][gc,metaspace] GC(94) O: Metaspace: 0M used, 0M committed, 1088M reserved
[2026-01-06T22:09:03.241+0800][45.823s][info][gc,ref      ] GC(94) O:                       Encountered   Discovered     Enqueued 
[2026-01-06T22:09:03.241+0800][45.823s][info][gc,ref      ] GC(94) O: Soft References:                1            0            0 
[2026-01-06T22:09:03.241+0800][45.823s][info][gc,ref      ] GC(94) O: Weak References:                6            0            0 
[2026-01-06T22:09:03.241+0800][45.823s][info][gc,ref      ] GC(94) O: Final References:               0            0            0 
[2026-01-06T22:09:03.241+0800][45.823s][info][gc,ref      ] GC(94) O: Phantom References:             1            1            0 
[2026-01-06T22:09:03.241+0800][45.823s][info][gc,reloc    ] GC(94) O:                        Candidates     Selected     In-Place         Size        Empty    Relocated 
[2026-01-06T22:09:03.241+0800][45.823s][info][gc,reloc    ] GC(94) O: Small Pages:                    2            1            0           4M           0M           1M 
[2026-01-06T22:09:03.241+0800][45.823s][info][gc,reloc    ] GC(94) O: Medium Pages:                   0            0            0           0M           0M           0M 
[2026-01-06T22:09:03.241+0800][45.823s][info][gc,reloc    ] GC(94) O: Large Pages:                    0            0            0           0M           0M           0M 
[2026-01-06T22:09:03.241+0800][45.823s][info][gc,reloc    ] GC(94) O: Forwarding Usage: 0M
[2026-01-06T22:09:03.241+0800][45.823s][info][gc,heap     ] GC(94) O: Min Capacity: 8M(0%)
[2026-01-06T22:09:03.241+0800][45.823s][info][gc,heap     ] GC(94) O: Max Capacity: 4096M(100%)
[2026-01-06T22:09:03.241+0800][45.823s][info][gc,heap     ] GC(94) O: Soft Max Capacity: 3686M(90%)
[2026-01-06T22:09:03.241+0800][45.823s][info][gc,heap     ] GC(94) O: Heap Statistics:
[2026-01-06T22:09:03.241+0800][45.823s][info][gc,heap     ] GC(94) O:                Mark Start          Mark End        Relocate Start      Relocate End           High               Low         
[2026-01-06T22:09:03.241+0800][45.823s][info][gc,heap     ] GC(94) O:  Capacity:     3498M (85%)        3498M (85%)        3498M (85%)        3498M (85%)        3498M (85%)        3498M (85%)    
[2026-01-06T22:09:03.241+0800][45.823s][info][gc,heap     ] GC(94) O:      Free:     3670M (90%)        4036M (99%)        4028M (98%)        4020M (98%)        4088M (100%)       3668M (90%)    
[2026-01-06T22:09:03.241+0800][45.823s][info][gc,heap     ] GC(94) O:      Used:      426M (10%)          60M (1%)           68M (2%)           76M (2%)          428M (10%)           8M (0%)     
[2026-01-06T22:09:03.241+0800][45.823s][info][gc,heap     ] GC(94) O: Old Generation Statistics:
[2026-01-06T22:09:03.241+0800][45.823s][info][gc,heap     ] GC(94) O:                Mark Start          Mark End        Relocate Start      Relocate End    
[2026-01-06T22:09:03.241+0800][45.823s][info][gc,heap     ] GC(94) O:      Used:        4M (0%)            4M (0%)            4M (0%)            4M (0%)     
[2026-01-06T22:09:03.241+0800][45.823s][info][gc,heap     ] GC(94) O:      Live:         -                 1M (0%)            1M (0%)            1M (0%)     
[2026-01-06T22:09:03.241+0800][45.823s][info][gc,heap     ] GC(94) O:   Garbage:         -                 2M (0%)            2M (0%)            0M (0%)     
[2026-01-06T22:09:03.241+0800][45.823s][info][gc,heap     ] GC(94) O: Allocated:         -                 0M (0%)            0M (0%)            2M (0%)     
[2026-01-06T22:09:03.241+0800][45.823s][info][gc,heap     ] GC(94) O: Reclaimed:         -                  -                 0M (0%)            2M (0%)     
[2026-01-06T22:09:03.241+0800][45.823s][info][gc,heap     ] GC(94) O: Compacted:         -                  -                  -                 1M (0%)     
[2026-01-06T22:09:03.241+0800][45.823s][info][gc,phases   ] GC(94) O: Old Generation 10M(0%)->76M(2%) 0.004s
[2026-01-06T22:09:03.241+0800][45.823s][info][gc          ] GC(94) Major Collection (Proactive) 426M(10%)->78M(2%) 0.004s
[2026-01-06T22:09:03.969+0800][46.551s][info][gc          ] GC(95) Major Collection (Proactive)
[2026-01-06T22:09:03.969+0800][46.551s][info][gc,task     ] GC(95) Using 1 Workers for Young Generation
[2026-01-06T22:09:03.969+0800][46.551s][info][gc,task     ] GC(95) Using 1 Workers for Old Generation
[2026-01-06T22:09:03.969+0800][46.551s][info][gc,phases   ] GC(95) Y: Young Generation
[2026-01-06T22:09:03.969+0800][46.551s][info][gc,phases   ] GC(95) Y: Pause Mark Start (Major) 0.019ms
[2026-01-06T22:09:03.970+0800][46.552s][info][gc,phases   ] GC(95) Y: Concurrent Mark 0.591ms
[2026-01-06T22:09:03.970+0800][46.552s][info][gc,phases   ] GC(95) Y: Pause Mark End 0.003ms
[2026-01-06T22:09:03.970+0800][46.552s][info][gc,phases   ] GC(95) Y: Concurrent Mark Free 0.004ms
[2026-01-06T22:09:03.970+0800][46.552s][info][gc,phases   ] GC(95) Y: Concurrent Reset Relocation Set 0.000ms
[2026-01-06T22:09:03.975+0800][46.557s][info][gc,reloc    ] GC(95) Y: Using tenuring threshold: 1 (Computed)
[2026-01-06T22:09:03.975+0800][46.557s][info][gc,phases   ] GC(95) Y: Concurrent Select Relocation Set 5.385ms
[2026-01-06T22:09:03.975+0800][46.557s][info][gc,phases   ] GC(95) Y: Pause Relocate Start 0.002ms
[2026-01-06T22:09:03.975+0800][46.557s][info][gc,phases   ] GC(95) Y: Concurrent Relocate 0.011ms
[2026-01-06T22:09:03.975+0800][46.557s][info][gc,alloc    ] GC(95) Y:                         Mark Start        Mark End      Relocate Start    Relocate End   
[2026-01-06T22:09:03.975+0800][46.557s][info][gc,alloc    ] GC(95) Y: Allocation Stalls:          0                0                0                0         
[2026-01-06T22:09:03.975+0800][46.557s][info][gc,load     ] GC(95) Y: Load: 2.75 (27%) / 2.05 (20%) / 2.08 (21%)
[2026-01-06T22:09:03.975+0800][46.557s][info][gc,mmu      ] GC(95) Y: MMU: 2ms/92.0%, 5ms/96.7%, 10ms/98.4%, 20ms/99.2%, 50ms/99.7%, 100ms/99.8%
[2026-01-06T22:09:03.975+0800][46.557s][info][gc,marking  ] GC(95) Y: Mark: 1 stripe(s), 2 proactive flush(es), 1 terminate flush(es), 0 completion(s), 0 continuation(s) 
[2026-01-06T22:09:03.975+0800][46.557s][info][gc,nmethod  ] GC(95) Y: NMethods: 49 registered, 36 unregistered
[2026-01-06T22:09:03.975+0800][46.557s][info][gc,metaspace] GC(95) Y: Metaspace: 0M used, 0M committed, 1088M reserved
[2026-01-06T22:09:03.975+0800][46.557s][info][gc,reloc    ] GC(95) Y:                        Candidates     Selected     In-Place         Size        Empty    Relocated 
[2026-01-06T22:09:03.975+0800][46.557s][info][gc,reloc    ] GC(95) Y: Small Pages:                 1589            0            0        3178M        3176M           0M 
[2026-01-06T22:09:03.975+0800][46.557s][info][gc,reloc    ] GC(95) Y: Medium Pages:                   0            0            0           0M           0M           0M 
[2026-01-06T22:09:03.975+0800][46.557s][info][gc,reloc    ] GC(95) Y: Large Pages:                    0            0            0           0M           0M           0M 
[2026-01-06T22:09:03.975+0800][46.557s][info][gc,reloc    ] GC(95) Y: Forwarding Usage: 0M
[2026-01-06T22:09:03.975+0800][46.557s][info][gc,reloc    ] GC(95) Y: Age Table:
[2026-01-06T22:09:03.975+0800][46.557s][info][gc,reloc    ] GC(95) Y:                    Live             Garbage             Small              Medium             Large        
[2026-01-06T22:09:03.975+0800][46.557s][info][gc,reloc    ] GC(95) Y: Eden               0M (0%)         3175M (78%)       1588 / 0              0 / 0              0 / 0        
[2026-01-06T22:09:03.975+0800][46.557s][info][gc,reloc    ] GC(95) Y: Survivor 1          -                 2M (0%)           1 / 0              0 / 0              0 / 0        
[2026-01-06T22:09:03.975+0800][46.557s][info][gc,heap     ] GC(95) Y: Min Capacity: 8M(0%)
[2026-01-06T22:09:03.975+0800][46.557s][info][gc,heap     ] GC(95) Y: Max Capacity: 4096M(100%)
[2026-01-06T22:09:03.975+0800][46.557s][info][gc,heap     ] GC(95) Y: Soft Max Capacity: 3686M(90%)
[2026-01-06T22:09:03.975+0800][46.557s][info][gc,heap     ] GC(95) Y: Heap Statistics:
[2026-01-06T22:09:03.975+0800][46.557s][info][gc,heap     ] GC(95) Y:                Mark Start          Mark End        Relocate Start      Relocate End           High               Low         
[2026-01-06T22:09:03.975+0800][46.557s][info][gc,heap     ] GC(95) Y:  Capacity:     3498M (85%)        3498M (85%)        3498M (85%)        3498M (85%)        3498M (85%)        3498M (85%)    
[2026-01-06T22:09:03.975+0800][46.557s][info][gc,heap     ] GC(95) Y:      Free:      914M (22%)         910M (22%)        4078M (100%)       4078M (100%)       4078M (100%)        910M (22%)    
[2026-01-06T22:09:03.975+0800][46.557s][info][gc,heap     ] GC(95) Y:      Used:     3182M (78%)        3186M (78%)          18M (0%)           18M (0%)         3186M (78%)          18M (0%)     
[2026-01-06T22:09:03.975+0800][46.557s][info][gc,heap     ] GC(95) Y: Young Generation Statistics:
[2026-01-06T22:09:03.975+0800][46.557s][info][gc,heap     ] GC(95) Y:                Mark Start          Mark End        Relocate Start      Relocate End    
[2026-01-06T22:09:03.975+0800][46.557s][info][gc,heap     ] GC(95) Y:      Used:     3178M (78%)        3182M (78%)          14M (0%)           14M (0%)     
[2026-01-06T22:09:03.975+0800][46.557s][info][gc,heap     ] GC(95) Y:      Live:         -                 0M (0%)            0M (0%)            0M (0%)     
[2026-01-06T22:09:03.975+0800][46.557s][info][gc,heap     ] GC(95) Y:   Garbage:         -              3177M (78%)           1M (0%)            1M (0%)     
[2026-01-06T22:09:03.975+0800][46.557s][info][gc,heap     ] GC(95) Y: Allocated:         -                 4M (0%)           12M (0%)           12M (0%)     
[2026-01-06T22:09:03.975+0800][46.557s][info][gc,heap     ] GC(95) Y: Reclaimed:         -                  -              3176M (78%)        3176M (78%)    
[2026-01-06T22:09:03.976+0800][46.557s][info][gc,heap     ] GC(95) Y:  Promoted:         -                  -                 0M (0%)            0M (0%)     
[2026-01-06T22:09:03.976+0800][46.557s][info][gc,heap     ] GC(95) Y: Compacted:         -                  -                  -                 0M (0%)     
[2026-01-06T22:09:03.976+0800][46.557s][info][gc,phases   ] GC(95) Y: Young Generation 3182M(78%)->18M(0%) 0.006s
[2026-01-06T22:09:03.976+0800][46.557s][info][gc,phases   ] GC(95) O: Old Generation
[2026-01-06T22:09:03.978+0800][46.559s][info][gc,phases   ] GC(95) O: Concurrent Mark 2.298ms
[2026-01-06T22:09:03.978+0800][46.559s][info][gc,phases   ] GC(95) O: Pause Mark End 0.003ms
[2026-01-06T22:09:03.978+0800][46.559s][info][gc,phases   ] GC(95) O: Concurrent Mark Free 0.000ms
[2026-01-06T22:09:03.982+0800][46.563s][info][gc,phases   ] GC(95) O: Concurrent Process Non-Strong 3.794ms
[2026-01-06T22:09:03.982+0800][46.563s][info][gc,phases   ] GC(95) O: Concurrent Reset Relocation Set 0.006ms
[2026-01-06T22:09:03.982+0800][46.563s][info][gc,phases   ] GC(95) O: Concurrent Select Relocation Set 0.040ms
[2026-01-06T22:09:03.982+0800][46.563s][info][gc,task     ] GC(95) O: Using 2 Workers for Old Generation
[2026-01-06T22:09:03.982+0800][46.563s][info][gc,task     ] GC(95) O: Using 1 Workers for Old Generation
[2026-01-06T22:09:03.982+0800][46.563s][info][gc,phases   ] GC(95) O: Concurrent Remap Roots 0.064ms
[2026-01-06T22:09:03.982+0800][46.563s][info][gc,phases   ] GC(95) O: Pause Relocate Start 0.002ms
[2026-01-06T22:09:03.983+0800][46.564s][info][gc,phases   ] GC(95) O: Concurrent Relocate 0.969ms
[2026-01-06T22:09:03.983+0800][46.564s][info][gc,alloc    ] GC(95) O:                         Mark Start        Mark End      Relocate Start    Relocate End   
[2026-01-06T22:09:03.983+0800][46.564s][info][gc,alloc    ] GC(95) O: Allocation Stalls:          0                0                0                0         
[2026-01-06T22:09:03.983+0800][46.564s][info][gc,load     ] GC(95) O: Load: 2.75 (27%) / 2.05 (20%) / 2.08 (21%)
[2026-01-06T22:09:03.983+0800][46.564s][info][gc,mmu      ] GC(95) O: MMU: 2ms/92.0%, 5ms/96.7%, 10ms/98.4%, 20ms/99.2%, 50ms/99.7%, 100ms/99.8%
[2026-01-06T22:09:03.983+0800][46.564s][info][gc,marking  ] GC(95) O: Mark: 1 stripe(s), 2 proactive flush(es), 1 terminate flush(es), 0 completion(s), 0 continuation(s) 
[2026-01-06T22:09:03.983+0800][46.564s][info][gc,nmethod  ] GC(95) O: NMethods: 49 registered, 36 unregistered
[2026-01-06T22:09:03.983+0800][46.564s][info][gc,metaspace] GC(95) O: Metaspace: 0M used, 0M committed, 1088M reserved
[2026-01-06T22:09:03.983+0800][46.564s][info][gc,ref      ] GC(95) O:                       Encountered   Discovered     Enqueued 
[2026-01-06T22:09:03.983+0800][46.564s][info][gc,ref      ] GC(95) O: Soft References:                1            0            0 
[2026-01-06T22:09:03.983+0800][46.564s][info][gc,ref      ] GC(95) O: Weak References:                6            0            0 
[2026-01-06T22:09:03.983+0800][46.564s][info][gc,ref      ] GC(95) O: Final References:               0            0            0 
[2026-01-06T22:09:03.983+0800][46.564s][info][gc,ref      ] GC(95) O: Phantom References:             1            1            0 
[2026-01-06T22:09:03.983+0800][46.564s][info][gc,reloc    ] GC(95) O:                        Candidates     Selected     In-Place         Size        Empty    Relocated 
[2026-01-06T22:09:03.983+0800][46.564s][info][gc,reloc    ] GC(95) O: Small Pages:                    2            1            0           4M           0M           1M 
[2026-01-06T22:09:03.983+0800][46.564s][info][gc,reloc    ] GC(95) O: Medium Pages:                   0            0            0           0M           0M           0M 
[2026-01-06T22:09:03.983+0800][46.564s][info][gc,reloc    ] GC(95) O: Large Pages:                    0            0            0           0M           0M           0M 
[2026-01-06T22:09:03.983+0800][46.564s][info][gc,reloc    ] GC(95) O: Forwarding Usage: 0M
[2026-01-06T22:09:03.983+0800][46.564s][info][gc,heap     ] GC(95) O: Min Capacity: 8M(0%)
[2026-01-06T22:09:03.983+0800][46.564s][info][gc,heap     ] GC(95) O: Max Capacity: 4096M(100%)
[2026-01-06T22:09:03.983+0800][46.565s][info][gc,heap     ] GC(95) O: Soft Max Capacity: 3686M(90%)
[2026-01-06T22:09:03.983+0800][46.565s][info][gc,heap     ] GC(95) O: Heap Statistics:
[2026-01-06T22:09:03.983+0800][46.565s][info][gc,heap     ] GC(95) O:                Mark Start          Mark End        Relocate Start      Relocate End           High               Low         
[2026-01-06T22:09:03.983+0800][46.565s][info][gc,heap     ] GC(95) O:  Capacity:     3498M (85%)        3498M (85%)        3498M (85%)        3498M (85%)        3498M (85%)        3498M (85%)    
[2026-01-06T22:09:03.983+0800][46.565s][info][gc,heap     ] GC(95) O:      Free:      914M (22%)        4062M (99%)        4060M (99%)        4054M (99%)        4078M (100%)        910M (22%)    
[2026-01-06T22:09:03.983+0800][46.565s][info][gc,heap     ] GC(95) O:      Used:     3182M (78%)          34M (1%)           36M (1%)           42M (1%)         3186M (78%)          18M (0%)     
[2026-01-06T22:09:03.983+0800][46.565s][info][gc,heap     ] GC(95) O: Old Generation Statistics:
[2026-01-06T22:09:03.983+0800][46.565s][info][gc,heap     ] GC(95) O:                Mark Start          Mark End        Relocate Start      Relocate End    
[2026-01-06T22:09:03.983+0800][46.565s][info][gc,heap     ] GC(95) O:      Used:        4M (0%)            4M (0%)            4M (0%)            4M (0%)     
[2026-01-06T22:09:03.983+0800][46.565s][info][gc,heap     ] GC(95) O:      Live:         -                 1M (0%)            1M (0%)            1M (0%)     
[2026-01-06T22:09:03.983+0800][46.565s][info][gc,heap     ] GC(95) O:   Garbage:         -                 2M (0%)            2M (0%)            0M (0%)     
[2026-01-06T22:09:03.983+0800][46.565s][info][gc,heap     ] GC(95) O: Allocated:         -                 0M (0%)            0M (0%)            2M (0%)     
[2026-01-06T22:09:03.983+0800][46.565s][info][gc,heap     ] GC(95) O: Reclaimed:         -                  -                 0M (0%)            2M (0%)     
[2026-01-06T22:09:03.983+0800][46.565s][info][gc,heap     ] GC(95) O: Compacted:         -                  -                  -                 1M (0%)     
[2026-01-06T22:09:03.983+0800][46.565s][info][gc,phases   ] GC(95) O: Old Generation 18M(0%)->42M(1%) 0.007s
[2026-01-06T22:09:03.983+0800][46.565s][info][gc          ] GC(95) Major Collection (Proactive) 3180M(78%)->42M(1%) 0.014s
[2026-01-06T22:09:05.159+0800][47.740s][info][gc          ] GC(96) Major Collection (Proactive)
[2026-01-06T22:09:05.159+0800][47.740s][info][gc,task     ] GC(96) Using 1 Workers for Young Generation
[2026-01-06T22:09:05.159+0800][47.740s][info][gc,task     ] GC(96) Using 1 Workers for Old Generation
[2026-01-06T22:09:05.159+0800][47.740s][info][gc,phases   ] GC(96) Y: Young Generation
[2026-01-06T22:09:05.159+0800][47.741s][info][gc,phases   ] GC(96) Y: Pause Mark Start (Major) 0.012ms
[2026-01-06T22:09:05.159+0800][47.741s][info][gc,phases   ] GC(96) Y: Concurrent Mark 0.538ms
[2026-01-06T22:09:05.160+0800][47.741s][info][gc,phases   ] GC(96) Y: Pause Mark End 0.004ms
[2026-01-06T22:09:05.160+0800][47.741s][info][gc,phases   ] GC(96) Y: Concurrent Mark Free 0.003ms
[2026-01-06T22:09:05.160+0800][47.741s][info][gc,phases   ] GC(96) Y: Concurrent Reset Relocation Set 0.000ms
[2026-01-06T22:09:05.166+0800][47.748s][info][gc,reloc    ] GC(96) Y: Using tenuring threshold: 1 (Computed)
[2026-01-06T22:09:05.166+0800][47.748s][info][gc,phases   ] GC(96) Y: Concurrent Select Relocation Set 6.735ms
[2026-01-06T22:09:05.166+0800][47.748s][info][gc,phases   ] GC(96) Y: Pause Relocate Start 0.002ms
[2026-01-06T22:09:05.166+0800][47.748s][info][gc,phases   ] GC(96) Y: Concurrent Relocate 0.010ms
[2026-01-06T22:09:05.166+0800][47.748s][info][gc,alloc    ] GC(96) Y:                         Mark Start        Mark End      Relocate Start    Relocate End   
[2026-01-06T22:09:05.166+0800][47.748s][info][gc,alloc    ] GC(96) Y: Allocation Stalls:          0                0                0                0         
[2026-01-06T22:09:05.166+0800][47.748s][info][gc,load     ] GC(96) Y: Load: 2.75 (27%) / 2.05 (20%) / 2.08 (21%)
[2026-01-06T22:09:05.166+0800][47.748s][info][gc,mmu      ] GC(96) Y: MMU: 2ms/92.0%, 5ms/96.7%, 10ms/98.4%, 20ms/99.2%, 50ms/99.7%, 100ms/99.8%
[2026-01-06T22:09:05.166+0800][47.748s][info][gc,marking  ] GC(96) Y: Mark: 1 stripe(s), 2 proactive flush(es), 1 terminate flush(es), 0 completion(s), 0 continuation(s) 
[2026-01-06T22:09:05.166+0800][47.748s][info][gc,nmethod  ] GC(96) Y: NMethods: 50 registered, 36 unregistered
[2026-01-06T22:09:05.166+0800][47.748s][info][gc,metaspace] GC(96) Y: Metaspace: 0M used, 0M committed, 1088M reserved
[2026-01-06T22:09:05.166+0800][47.748s][info][gc,reloc    ] GC(96) Y:                        Candidates     Selected     In-Place         Size        Empty    Relocated 
[2026-01-06T22:09:05.166+0800][47.748s][info][gc,reloc    ] GC(96) Y: Small Pages:                 1741            0            0        3482M        3480M           0M 
[2026-01-06T22:09:05.166+0800][47.748s][info][gc,reloc    ] GC(96) Y: Medium Pages:                   0            0            0           0M           0M           0M 
[2026-01-06T22:09:05.166+0800][47.748s][info][gc,reloc    ] GC(96) Y: Large Pages:                    0            0            0           0M           0M           0M 
[2026-01-06T22:09:05.166+0800][47.748s][info][gc,reloc    ] GC(96) Y: Forwarding Usage: 0M
[2026-01-06T22:09:05.166+0800][47.748s][info][gc,reloc    ] GC(96) Y: Age Table:
[2026-01-06T22:09:05.166+0800][47.748s][info][gc,reloc    ] GC(96) Y:                    Live             Garbage             Small              Medium             Large        
[2026-01-06T22:09:05.166+0800][47.748s][info][gc,reloc    ] GC(96) Y: Eden               0M (0%)         3479M (85%)       1740 / 0              0 / 0              0 / 0        
[2026-01-06T22:09:05.166+0800][47.748s][info][gc,reloc    ] GC(96) Y: Survivor 1          -                 2M (0%)           1 / 0              0 / 0              0 / 0        
[2026-01-06T22:09:05.166+0800][47.748s][info][gc,heap     ] GC(96) Y: Min Capacity: 8M(0%)
[2026-01-06T22:09:05.166+0800][47.748s][info][gc,heap     ] GC(96) Y: Max Capacity: 4096M(100%)
[2026-01-06T22:09:05.166+0800][47.748s][info][gc,heap     ] GC(96) Y: Soft Max Capacity: 3686M(90%)
[2026-01-06T22:09:05.166+0800][47.748s][info][gc,heap     ] GC(96) Y: Heap Statistics:
[2026-01-06T22:09:05.166+0800][47.748s][info][gc,heap     ] GC(96) Y:                Mark Start          Mark End        Relocate Start      Relocate End           High               Low         
[2026-01-06T22:09:05.166+0800][47.748s][info][gc,heap     ] GC(96) Y:  Capacity:     3498M (85%)        3498M (85%)        3498M (85%)        3498M (85%)        3498M (85%)        3498M (85%)    
[2026-01-06T22:09:05.166+0800][47.748s][info][gc,heap     ] GC(96) Y:      Free:      610M (15%)         606M (15%)        4076M (100%)       4076M (100%)       4076M (100%)        606M (15%)    
[2026-01-06T22:09:05.166+0800][47.748s][info][gc,heap     ] GC(96) Y:      Used:     3486M (85%)        3490M (85%)          20M (0%)           20M (0%)         3490M (85%)          20M (0%)     
[2026-01-06T22:09:05.166+0800][47.748s][info][gc,heap     ] GC(96) Y: Young Generation Statistics:
[2026-01-06T22:09:05.166+0800][47.748s][info][gc,heap     ] GC(96) Y:                Mark Start          Mark End        Relocate Start      Relocate End    
[2026-01-06T22:09:05.166+0800][47.748s][info][gc,heap     ] GC(96) Y:      Used:     3482M (85%)        3486M (85%)          16M (0%)           16M (0%)     
[2026-01-06T22:09:05.166+0800][47.748s][info][gc,heap     ] GC(96) Y:      Live:         -                 0M (0%)            0M (0%)            0M (0%)     
[2026-01-06T22:09:05.166+0800][47.748s][info][gc,heap     ] GC(96) Y:   Garbage:         -              3481M (85%)           1M (0%)            1M (0%)     
[2026-01-06T22:09:05.166+0800][47.748s][info][gc,heap     ] GC(96) Y: Allocated:         -                 4M (0%)           14M (0%)           14M (0%)     
[2026-01-06T22:09:05.166+0800][47.748s][info][gc,heap     ] GC(96) Y: Reclaimed:         -                  -              3480M (85%)        3480M (85%)    
[2026-01-06T22:09:05.166+0800][47.748s][info][gc,heap     ] GC(96) Y:  Promoted:         -                  -                 0M (0%)            0M (0%)     
[2026-01-06T22:09:05.166+0800][47.748s][info][gc,heap     ] GC(96) Y: Compacted:         -                  -                  -                 0M (0%)     
[2026-01-06T22:09:05.166+0800][47.748s][info][gc,phases   ] GC(96) Y: Young Generation 3486M(85%)->20M(0%) 0.007s
[2026-01-06T22:09:05.166+0800][47.748s][info][gc,phases   ] GC(96) O: Old Generation
[2026-01-06T22:09:05.175+0800][47.756s][info][gc,phases   ] GC(96) O: Concurrent Mark 8.077ms
[2026-01-06T22:09:05.175+0800][47.756s][info][gc,phases   ] GC(96) O: Pause Mark End 0.016ms
[2026-01-06T22:09:05.175+0800][47.756s][info][gc,phases   ] GC(96) O: Concurrent Mark Free 0.000ms
[2026-01-06T22:09:05.175+0800][47.757s][info][gc,phases   ] GC(96) O: Concurrent Process Non-Strong 0.266ms
[2026-01-06T22:09:05.175+0800][47.757s][info][gc,phases   ] GC(96) O: Concurrent Reset Relocation Set 0.002ms
[2026-01-06T22:09:05.175+0800][47.757s][info][gc,phases   ] GC(96) O: Concurrent Select Relocation Set 0.029ms
[2026-01-06T22:09:05.175+0800][47.757s][info][gc,task     ] GC(96) O: Using 2 Workers for Old Generation
[2026-01-06T22:09:05.175+0800][47.757s][info][gc,task     ] GC(96) O: Using 1 Workers for Old Generation
[2026-01-06T22:09:05.175+0800][47.757s][info][gc,phases   ] GC(96) O: Concurrent Remap Roots 0.073ms
[2026-01-06T22:09:05.175+0800][47.757s][info][gc,phases   ] GC(96) O: Pause Relocate Start 0.002ms
[2026-01-06T22:09:05.176+0800][47.758s][info][gc,phases   ] GC(96) O: Concurrent Relocate 0.963ms
[2026-01-06T22:09:05.176+0800][47.758s][info][gc,alloc    ] GC(96) O:                         Mark Start        Mark End      Relocate Start    Relocate End   
[2026-01-06T22:09:05.176+0800][47.758s][info][gc,alloc    ] GC(96) O: Allocation Stalls:          0                0                0                0         
[2026-01-06T22:09:05.176+0800][47.758s][info][gc,load     ] GC(96) O: Load: 2.75 (27%) / 2.05 (20%) / 2.08 (21%)
[2026-01-06T22:09:05.176+0800][47.758s][info][gc,mmu      ] GC(96) O: MMU: 2ms/92.0%, 5ms/96.7%, 10ms/98.4%, 20ms/99.2%, 50ms/99.7%, 100ms/99.8%
[2026-01-06T22:09:05.176+0800][47.758s][info][gc,marking  ] GC(96) O: Mark: 1 stripe(s), 2 proactive flush(es), 1 terminate flush(es), 0 completion(s), 0 continuation(s) 
[2026-01-06T22:09:05.176+0800][47.758s][info][gc,nmethod  ] GC(96) O: NMethods: 50 registered, 36 unregistered
[2026-01-06T22:09:05.176+0800][47.758s][info][gc,metaspace] GC(96) O: Metaspace: 0M used, 0M committed, 1088M reserved
[2026-01-06T22:09:05.176+0800][47.758s][info][gc,ref      ] GC(96) O:                       Encountered   Discovered     Enqueued 
[2026-01-06T22:09:05.176+0800][47.758s][info][gc,ref      ] GC(96) O: Soft References:                1            0            0 
[2026-01-06T22:09:05.176+0800][47.758s][info][gc,ref      ] GC(96) O: Weak References:                6            0            0 
[2026-01-06T22:09:05.176+0800][47.758s][info][gc,ref      ] GC(96) O: Final References:               0            0            0 
[2026-01-06T22:09:05.176+0800][47.758s][info][gc,ref      ] GC(96) O: Phantom References:             1            1            0 
[2026-01-06T22:09:05.176+0800][47.758s][info][gc,reloc    ] GC(96) O:                        Candidates     Selected     In-Place         Size        Empty    Relocated 
[2026-01-06T22:09:05.176+0800][47.758s][info][gc,reloc    ] GC(96) O: Small Pages:                    2            1            0           4M           0M           1M 
[2026-01-06T22:09:05.176+0800][47.758s][info][gc,reloc    ] GC(96) O: Medium Pages:                   0            0            0           0M           0M           0M 
[2026-01-06T22:09:05.176+0800][47.758s][info][gc,reloc    ] GC(96) O: Large Pages:                    0            0            0           0M           0M           0M 
[2026-01-06T22:09:05.176+0800][47.758s][info][gc,reloc    ] GC(96) O: Forwarding Usage: 0M
[2026-01-06T22:09:05.176+0800][47.758s][info][gc,heap     ] GC(96) O: Min Capacity: 8M(0%)
[2026-01-06T22:09:05.176+0800][47.758s][info][gc,heap     ] GC(96) O: Max Capacity: 4096M(100%)
[2026-01-06T22:09:05.176+0800][47.758s][info][gc,heap     ] GC(96) O: Soft Max Capacity: 3686M(90%)
[2026-01-06T22:09:05.176+0800][47.758s][info][gc,heap     ] GC(96) O: Heap Statistics:
[2026-01-06T22:09:05.176+0800][47.758s][info][gc,heap     ] GC(96) O:                Mark Start          Mark End        Relocate Start      Relocate End           High               Low         
[2026-01-06T22:09:05.176+0800][47.758s][info][gc,heap     ] GC(96) O:  Capacity:     3498M (85%)        3498M (85%)        3498M (85%)        3498M (85%)        3498M (85%)        3498M (85%)    
[2026-01-06T22:09:05.176+0800][47.758s][info][gc,heap     ] GC(96) O:      Free:      610M (15%)        4060M (99%)        4058M (99%)        4052M (99%)        4076M (100%)        606M (15%)    
[2026-01-06T22:09:05.176+0800][47.758s][info][gc,heap     ] GC(96) O:      Used:     3486M (85%)          36M (1%)           38M (1%)           44M (1%)         3490M (85%)          20M (0%)     
[2026-01-06T22:09:05.176+0800][47.758s][info][gc,heap     ] GC(96) O: Old Generation Statistics:
[2026-01-06T22:09:05.176+0800][47.758s][info][gc,heap     ] GC(96) O:                Mark Start          Mark End        Relocate Start      Relocate End    
[2026-01-06T22:09:05.176+0800][47.758s][info][gc,heap     ] GC(96) O:      Used:        4M (0%)            4M (0%)            4M (0%)            4M (0%)     
[2026-01-06T22:09:05.176+0800][47.758s][info][gc,heap     ] GC(96) O:      Live:         -                 1M (0%)            1M (0%)            1M (0%)     
[2026-01-06T22:09:05.176+0800][47.758s][info][gc,heap     ] GC(96) O:   Garbage:         -                 2M (0%)            2M (0%)            0M (0%)     
[2026-01-06T22:09:05.176+0800][47.758s][info][gc,heap     ] GC(96) O: Allocated:         -                 0M (0%)            0M (0%)            2M (0%)     
[2026-01-06T22:09:05.176+0800][47.758s][info][gc,heap     ] GC(96) O: Reclaimed:         -                  -                 0M (0%)            2M (0%)     
[2026-01-06T22:09:05.176+0800][47.758s][info][gc,heap     ] GC(96) O: Compacted:         -                  -                  -                 1M (0%)     
[2026-01-06T22:09:05.176+0800][47.758s][info][gc,phases   ] GC(96) O: Old Generation 22M(1%)->44M(1%) 0.010s
[2026-01-06T22:09:05.176+0800][47.758s][info][gc          ] GC(96) Major Collection (Proactive) 3486M(85%)->44M(1%) 0.017s
[2026-01-06T22:09:06.362+0800][48.943s][info][gc          ] GC(97) Minor Collection (High Usage)
[2026-01-06T22:09:06.362+0800][48.943s][info][gc,task     ] GC(97) Using 1 Workers for Young Generation
[2026-01-06T22:09:06.362+0800][48.943s][info][gc,phases   ] GC(97) y: Young Generation
[2026-01-06T22:09:06.362+0800][48.943s][info][gc,phases   ] GC(97) y: Pause Mark Start 0.016ms
[2026-01-06T22:09:06.362+0800][48.944s][info][gc,phases   ] GC(97) y: Concurrent Mark 0.626ms
[2026-01-06T22:09:06.362+0800][48.944s][info][gc,phases   ] GC(97) y: Pause Mark End 0.005ms
[2026-01-06T22:09:06.362+0800][48.944s][info][gc,phases   ] GC(97) y: Concurrent Mark Free 0.004ms
[2026-01-06T22:09:06.362+0800][48.944s][info][gc,phases   ] GC(97) y: Concurrent Reset Relocation Set 0.000ms
[2026-01-06T22:09:06.370+0800][48.951s][info][gc,reloc    ] GC(97) y: Using tenuring threshold: 1 (Computed)
[2026-01-06T22:09:06.370+0800][48.951s][info][gc,phases   ] GC(97) y: Concurrent Select Relocation Set 7.071ms
[2026-01-06T22:09:06.370+0800][48.951s][info][gc,phases   ] GC(97) y: Pause Relocate Start 0.001ms
[2026-01-06T22:09:06.370+0800][48.951s][info][gc,phases   ] GC(97) y: Concurrent Relocate 0.008ms
[2026-01-06T22:09:06.370+0800][48.951s][info][gc,alloc    ] GC(97) y:                         Mark Start        Mark End      Relocate Start    Relocate End   
[2026-01-06T22:09:06.370+0800][48.951s][info][gc,alloc    ] GC(97) y: Allocation Stalls:          0                0                0                0         
[2026-01-06T22:09:06.370+0800][48.951s][info][gc,load     ] GC(97) y: Load: 2.75 (27%) / 2.05 (20%) / 2.08 (21%)
[2026-01-06T22:09:06.370+0800][48.951s][info][gc,mmu      ] GC(97) y: MMU: 2ms/92.0%, 5ms/96.7%, 10ms/98.4%, 20ms/99.2%, 50ms/99.7%, 100ms/99.8%
[2026-01-06T22:09:06.370+0800][48.951s][info][gc,marking  ] GC(97) y: Mark: 1 stripe(s), 2 proactive flush(es), 1 terminate flush(es), 0 completion(s), 0 continuation(s) 
[2026-01-06T22:09:06.370+0800][48.951s][info][gc,nmethod  ] GC(97) y: NMethods: 50 registered, 36 unregistered
[2026-01-06T22:09:06.370+0800][48.951s][info][gc,metaspace] GC(97) y: Metaspace: 0M used, 0M committed, 1088M reserved
[2026-01-06T22:09:06.370+0800][48.951s][info][gc,reloc    ] GC(97) y:                        Candidates     Selected     In-Place         Size        Empty    Relocated 
[2026-01-06T22:09:06.370+0800][48.951s][info][gc,reloc    ] GC(97) y: Small Pages:                 1740            0            0        3480M        3478M           0M 
[2026-01-06T22:09:06.370+0800][48.951s][info][gc,reloc    ] GC(97) y: Medium Pages:                   0            0            0           0M           0M           0M 
[2026-01-06T22:09:06.370+0800][48.951s][info][gc,reloc    ] GC(97) y: Large Pages:                    0            0            0           0M           0M           0M 
[2026-01-06T22:09:06.370+0800][48.951s][info][gc,reloc    ] GC(97) y: Forwarding Usage: 0M
[2026-01-06T22:09:06.370+0800][48.951s][info][gc,reloc    ] GC(97) y: Age Table:
[2026-01-06T22:09:06.370+0800][48.951s][info][gc,reloc    ] GC(97) y:                    Live             Garbage             Small              Medium             Large        
[2026-01-06T22:09:06.370+0800][48.951s][info][gc,reloc    ] GC(97) y: Eden               0M (0%)         3477M (85%)       1739 / 0              0 / 0              0 / 0        
[2026-01-06T22:09:06.370+0800][48.951s][info][gc,reloc    ] GC(97) y: Survivor 1          -                 2M (0%)           1 / 0              0 / 0              0 / 0        
[2026-01-06T22:09:06.370+0800][48.951s][info][gc,heap     ] GC(97) y: Min Capacity: 8M(0%)
[2026-01-06T22:09:06.370+0800][48.951s][info][gc,heap     ] GC(97) y: Max Capacity: 4096M(100%)
[2026-01-06T22:09:06.370+0800][48.951s][info][gc,heap     ] GC(97) y: Soft Max Capacity: 3686M(90%)
[2026-01-06T22:09:06.370+0800][48.951s][info][gc,heap     ] GC(97) y: Heap Statistics:
[2026-01-06T22:09:06.370+0800][48.951s][info][gc,heap     ] GC(97) y:                Mark Start          Mark End        Relocate Start      Relocate End           High               Low         
[2026-01-06T22:09:06.370+0800][48.951s][info][gc,heap     ] GC(97) y:  Capacity:     3498M (85%)        3498M (85%)        3498M (85%)        3498M (85%)        3498M (85%)        3498M (85%)    
[2026-01-06T22:09:06.370+0800][48.951s][info][gc,heap     ] GC(97) y:      Free:      612M (15%)         608M (15%)        4078M (100%)       4078M (100%)       4078M (100%)        608M (15%)    
[2026-01-06T22:09:06.370+0800][48.951s][info][gc,heap     ] GC(97) y:      Used:     3484M (85%)        3488M (85%)          18M (0%)           18M (0%)         3488M (85%)          18M (0%)     
[2026-01-06T22:09:06.370+0800][48.951s][info][gc,heap     ] GC(97) y: Young Generation Statistics:
[2026-01-06T22:09:06.370+0800][48.951s][info][gc,heap     ] GC(97) y:                Mark Start          Mark End        Relocate Start      Relocate End    
[2026-01-06T22:09:06.370+0800][48.951s][info][gc,heap     ] GC(97) y:      Used:     3480M (85%)        3484M (85%)          14M (0%)           14M (0%)     
[2026-01-06T22:09:06.370+0800][48.951s][info][gc,heap     ] GC(97) y:      Live:         -                 0M (0%)            0M (0%)            0M (0%)     
[2026-01-06T22:09:06.370+0800][48.951s][info][gc,heap     ] GC(97) y:   Garbage:         -              3479M (85%)           1M (0%)            1M (0%)     
[2026-01-06T22:09:06.370+0800][48.951s][info][gc,heap     ] GC(97) y: Allocated:         -                 4M (0%)           12M (0%)           12M (0%)     
[2026-01-06T22:09:06.370+0800][48.951s][info][gc,heap     ] GC(97) y: Reclaimed:         -                  -              3478M (85%)        3478M (85%)    
[2026-01-06T22:09:06.370+0800][48.951s][info][gc,heap     ] GC(97) y:  Promoted:         -                  -                 0M (0%)            0M (0%)     
[2026-01-06T22:09:06.370+0800][48.951s][info][gc,heap     ] GC(97) y: Compacted:         -                  -                  -                 0M (0%)     
[2026-01-06T22:09:06.370+0800][48.951s][info][gc,phases   ] GC(97) y: Young Generation 3484M(85%)->18M(0%) 0.008s
[2026-01-06T22:09:06.370+0800][48.951s][info][gc          ] GC(97) Minor Collection (High Usage) 3484M(85%)->18M(0%) 0.008s
[2026-01-06T22:09:06.516+0800][49.098s][info][gc          ] GC(98) Major Collection (Proactive)
[2026-01-06T22:09:06.516+0800][49.098s][info][gc,task     ] GC(98) Using 1 Workers for Young Generation
[2026-01-06T22:09:06.516+0800][49.098s][info][gc,task     ] GC(98) Using 1 Workers for Old Generation
[2026-01-06T22:09:06.516+0800][49.098s][info][gc,phases   ] GC(98) Y: Young Generation
[2026-01-06T22:09:06.516+0800][49.098s][info][gc,phases   ] GC(98) Y: Pause Mark Start (Major) 0.012ms
[2026-01-06T22:09:06.516+0800][49.098s][info][gc,phases   ] GC(98) Y: Concurrent Mark 0.245ms
[2026-01-06T22:09:06.516+0800][49.098s][info][gc,phases   ] GC(98) Y: Pause Mark End 0.004ms
[2026-01-06T22:09:06.516+0800][49.098s][info][gc,phases   ] GC(98) Y: Concurrent Mark Free 0.000ms
[2026-01-06T22:09:06.516+0800][49.098s][info][gc,phases   ] GC(98) Y: Concurrent Reset Relocation Set 0.001ms
[2026-01-06T22:09:06.517+0800][49.098s][info][gc,reloc    ] GC(98) Y: Using tenuring threshold: 1 (Computed)
[2026-01-06T22:09:06.517+0800][49.098s][info][gc,phases   ] GC(98) Y: Concurrent Select Relocation Set 0.099ms
[2026-01-06T22:09:06.517+0800][49.098s][info][gc,phases   ] GC(98) Y: Pause Relocate Start 0.001ms
[2026-01-06T22:09:06.517+0800][49.098s][info][gc,phases   ] GC(98) Y: Concurrent Relocate 0.013ms
[2026-01-06T22:09:06.517+0800][49.098s][info][gc,alloc    ] GC(98) Y:                         Mark Start        Mark End      Relocate Start    Relocate End   
[2026-01-06T22:09:06.517+0800][49.098s][info][gc,alloc    ] GC(98) Y: Allocation Stalls:          0                0                0                0         
[2026-01-06T22:09:06.517+0800][49.098s][info][gc,load     ] GC(98) Y: Load: 2.75 (27%) / 2.05 (20%) / 2.08 (21%)
[2026-01-06T22:09:06.517+0800][49.098s][info][gc,mmu      ] GC(98) Y: MMU: 2ms/92.0%, 5ms/96.7%, 10ms/98.4%, 20ms/99.2%, 50ms/99.7%, 100ms/99.8%
[2026-01-06T22:09:06.517+0800][49.098s][info][gc,marking  ] GC(98) Y: Mark: 1 stripe(s), 2 proactive flush(es), 1 terminate flush(es), 0 completion(s), 0 continuation(s) 
[2026-01-06T22:09:06.517+0800][49.098s][info][gc,nmethod  ] GC(98) Y: NMethods: 50 registered, 36 unregistered
[2026-01-06T22:09:06.517+0800][49.098s][info][gc,metaspace] GC(98) Y: Metaspace: 0M used, 0M committed, 1088M reserved
[2026-01-06T22:09:06.517+0800][49.098s][info][gc,reloc    ] GC(98) Y:                        Candidates     Selected     In-Place         Size        Empty    Relocated 
[2026-01-06T22:09:06.517+0800][49.098s][info][gc,reloc    ] GC(98) Y: Small Pages:                  211            0            0         422M         420M           0M 
[2026-01-06T22:09:06.517+0800][49.098s][info][gc,reloc    ] GC(98) Y: Medium Pages:                   0            0            0           0M           0M           0M 
[2026-01-06T22:09:06.517+0800][49.098s][info][gc,reloc    ] GC(98) Y: Large Pages:                    0            0            0           0M           0M           0M 
[2026-01-06T22:09:06.517+0800][49.098s][info][gc,reloc    ] GC(98) Y: Forwarding Usage: 0M
[2026-01-06T22:09:06.517+0800][49.098s][info][gc,reloc    ] GC(98) Y: Age Table:
[2026-01-06T22:09:06.517+0800][49.098s][info][gc,reloc    ] GC(98) Y:                    Live             Garbage             Small              Medium             Large        
[2026-01-06T22:09:06.517+0800][49.098s][info][gc,reloc    ] GC(98) Y: Eden               0M (0%)          419M (10%)        210 / 0              0 / 0              0 / 0        
[2026-01-06T22:09:06.517+0800][49.098s][info][gc,reloc    ] GC(98) Y: Survivor 1          -                 2M (0%)           1 / 0              0 / 0              0 / 0        
[2026-01-06T22:09:06.517+0800][49.098s][info][gc,heap     ] GC(98) Y: Min Capacity: 8M(0%)
[2026-01-06T22:09:06.517+0800][49.098s][info][gc,heap     ] GC(98) Y: Max Capacity: 4096M(100%)
[2026-01-06T22:09:06.517+0800][49.098s][info][gc,heap     ] GC(98) Y: Soft Max Capacity: 3686M(90%)
[2026-01-06T22:09:06.517+0800][49.098s][info][gc,heap     ] GC(98) Y: Heap Statistics:
[2026-01-06T22:09:06.517+0800][49.098s][info][gc,heap     ] GC(98) Y:                Mark Start          Mark End        Relocate Start      Relocate End           High               Low         
[2026-01-06T22:09:06.517+0800][49.098s][info][gc,heap     ] GC(98) Y:  Capacity:     3498M (85%)        3498M (85%)        3498M (85%)        3498M (85%)        3498M (85%)        3498M (85%)    
[2026-01-06T22:09:06.517+0800][49.098s][info][gc,heap     ] GC(98) Y:      Free:     3670M (90%)        3668M (90%)        4088M (100%)       4088M (100%)       4088M (100%)       3668M (90%)    
[2026-01-06T22:09:06.517+0800][49.098s][info][gc,heap     ] GC(98) Y:      Used:      426M (10%)         428M (10%)           8M (0%)            8M (0%)          428M (10%)           8M (0%)     
[2026-01-06T22:09:06.517+0800][49.098s][info][gc,heap     ] GC(98) Y: Young Generation Statistics:
[2026-01-06T22:09:06.517+0800][49.098s][info][gc,heap     ] GC(98) Y:                Mark Start          Mark End        Relocate Start      Relocate End    
[2026-01-06T22:09:06.517+0800][49.098s][info][gc,heap     ] GC(98) Y:      Used:      422M (10%)         424M (10%)           4M (0%)            4M (0%)     
[2026-01-06T22:09:06.517+0800][49.098s][info][gc,heap     ] GC(98) Y:      Live:         -                 0M (0%)            0M (0%)            0M (0%)     
[2026-01-06T22:09:06.517+0800][49.098s][info][gc,heap     ] GC(98) Y:   Garbage:         -               421M (10%)           1M (0%)            1M (0%)     
[2026-01-06T22:09:06.517+0800][49.098s][info][gc,heap     ] GC(98) Y: Allocated:         -                 2M (0%)            2M (0%)            2M (0%)     
[2026-01-06T22:09:06.517+0800][49.098s][info][gc,heap     ] GC(98) Y: Reclaimed:         -                  -               420M (10%)         420M (10%)    
[2026-01-06T22:09:06.517+0800][49.098s][info][gc,heap     ] GC(98) Y:  Promoted:         -                  -                 0M (0%)            0M (0%)     
[2026-01-06T22:09:06.517+0800][49.098s][info][gc,heap     ] GC(98) Y: Compacted:         -                  -                  -                 0M (0%)     
[2026-01-06T22:09:06.517+0800][49.098s][info][gc,phases   ] GC(98) Y: Young Generation 426M(10%)->8M(0%) 0.001s
[2026-01-06T22:09:06.517+0800][49.098s][info][gc,phases   ] GC(98) O: Old Generation
[2026-01-06T22:09:06.520+0800][49.102s][info][gc,phases   ] GC(98) O: Concurrent Mark 3.542ms
[2026-01-06T22:09:06.520+0800][49.102s][info][gc,phases   ] GC(98) O: Pause Mark End 0.003ms
[2026-01-06T22:09:06.520+0800][49.102s][info][gc,phases   ] GC(98) O: Concurrent Mark Free 0.000ms
[2026-01-06T22:09:06.521+0800][49.102s][info][gc,phases   ] GC(98) O: Concurrent Process Non-Strong 0.320ms
[2026-01-06T22:09:06.521+0800][49.102s][info][gc,phases   ] GC(98) O: Concurrent Reset Relocation Set 0.007ms
[2026-01-06T22:09:06.521+0800][49.102s][info][gc,phases   ] GC(98) O: Concurrent Select Relocation Set 0.059ms
[2026-01-06T22:09:06.521+0800][49.102s][info][gc,task     ] GC(98) O: Using 2 Workers for Old Generation
[2026-01-06T22:09:06.521+0800][49.102s][info][gc,task     ] GC(98) O: Using 1 Workers for Old Generation
[2026-01-06T22:09:06.521+0800][49.102s][info][gc,phases   ] GC(98) O: Concurrent Remap Roots 0.072ms
[2026-01-06T22:09:06.521+0800][49.103s][info][gc,phases   ] GC(98) O: Pause Relocate Start 0.001ms
[2026-01-06T22:09:06.522+0800][49.103s][info][gc,phases   ] GC(98) O: Concurrent Relocate 0.783ms
[2026-01-06T22:09:06.522+0800][49.103s][info][gc,alloc    ] GC(98) O:                         Mark Start        Mark End      Relocate Start    Relocate End   
[2026-01-06T22:09:06.522+0800][49.103s][info][gc,alloc    ] GC(98) O: Allocation Stalls:          0                0                0                0         
[2026-01-06T22:09:06.522+0800][49.103s][info][gc,load     ] GC(98) O: Load: 2.75 (27%) / 2.05 (20%) / 2.08 (21%)
[2026-01-06T22:09:06.522+0800][49.103s][info][gc,mmu      ] GC(98) O: MMU: 2ms/92.0%, 5ms/96.7%, 10ms/98.4%, 20ms/99.2%, 50ms/99.7%, 100ms/99.8%
[2026-01-06T22:09:06.522+0800][49.103s][info][gc,marking  ] GC(98) O: Mark: 1 stripe(s), 2 proactive flush(es), 1 terminate flush(es), 0 completion(s), 0 continuation(s) 
[2026-01-06T22:09:06.522+0800][49.103s][info][gc,nmethod  ] GC(98) O: NMethods: 50 registered, 36 unregistered
[2026-01-06T22:09:06.522+0800][49.103s][info][gc,metaspace] GC(98) O: Metaspace: 0M used, 0M committed, 1088M reserved
[2026-01-06T22:09:06.522+0800][49.103s][info][gc,ref      ] GC(98) O:                       Encountered   Discovered     Enqueued 
[2026-01-06T22:09:06.522+0800][49.103s][info][gc,ref      ] GC(98) O: Soft References:                1            0            0 
[2026-01-06T22:09:06.522+0800][49.103s][info][gc,ref      ] GC(98) O: Weak References:                6            0            0 
[2026-01-06T22:09:06.522+0800][49.103s][info][gc,ref      ] GC(98) O: Final References:               0            0            0 
[2026-01-06T22:09:06.522+0800][49.103s][info][gc,ref      ] GC(98) O: Phantom References:             1            1            0 
[2026-01-06T22:09:06.522+0800][49.103s][info][gc,reloc    ] GC(98) O:                        Candidates     Selected     In-Place         Size        Empty    Relocated 
[2026-01-06T22:09:06.522+0800][49.103s][info][gc,reloc    ] GC(98) O: Small Pages:                    2            1            0           4M           0M           1M 
[2026-01-06T22:09:06.522+0800][49.103s][info][gc,reloc    ] GC(98) O: Medium Pages:                   0            0            0           0M           0M           0M 
[2026-01-06T22:09:06.522+0800][49.103s][info][gc,reloc    ] GC(98) O: Large Pages:                    0            0            0           0M           0M           0M 
[2026-01-06T22:09:06.522+0800][49.103s][info][gc,reloc    ] GC(98) O: Forwarding Usage: 0M
[2026-01-06T22:09:06.522+0800][49.103s][info][gc,heap     ] GC(98) O: Min Capacity: 8M(0%)
[2026-01-06T22:09:06.522+0800][49.103s][info][gc,heap     ] GC(98) O: Max Capacity: 4096M(100%)
[2026-01-06T22:09:06.522+0800][49.103s][info][gc,heap     ] GC(98) O: Soft Max Capacity: 3686M(90%)
[2026-01-06T22:09:06.522+0800][49.103s][info][gc,heap     ] GC(98) O: Heap Statistics:
[2026-01-06T22:09:06.522+0800][49.103s][info][gc,heap     ] GC(98) O:                Mark Start          Mark End        Relocate Start      Relocate End           High               Low         
[2026-01-06T22:09:06.522+0800][49.103s][info][gc,heap     ] GC(98) O:  Capacity:     3498M (85%)        3498M (85%)        3498M (85%)        3498M (85%)        3498M (85%)        3498M (85%)    
[2026-01-06T22:09:06.522+0800][49.103s][info][gc,heap     ] GC(98) O:      Free:     3670M (90%)        4030M (98%)        4024M (98%)        4016M (98%)        4088M (100%)       3668M (90%)    
[2026-01-06T22:09:06.522+0800][49.103s][info][gc,heap     ] GC(98) O:      Used:      426M (10%)          66M (2%)           72M (2%)           80M (2%)          428M (10%)           8M (0%)     
[2026-01-06T22:09:06.522+0800][49.103s][info][gc,heap     ] GC(98) O: Old Generation Statistics:
[2026-01-06T22:09:06.522+0800][49.103s][info][gc,heap     ] GC(98) O:                Mark Start          Mark End        Relocate Start      Relocate End    
[2026-01-06T22:09:06.522+0800][49.103s][info][gc,heap     ] GC(98) O:      Used:        4M (0%)            4M (0%)            4M (0%)            4M (0%)     
[2026-01-06T22:09:06.522+0800][49.103s][info][gc,heap     ] GC(98) O:      Live:         -                 1M (0%)            1M (0%)            1M (0%)     
[2026-01-06T22:09:06.522+0800][49.103s][info][gc,heap     ] GC(98) O:   Garbage:         -                 2M (0%)            2M (0%)            0M (0%)     
[2026-01-06T22:09:06.522+0800][49.103s][info][gc,heap     ] GC(98) O: Allocated:         -                 0M (0%)            0M (0%)            2M (0%)     
[2026-01-06T22:09:06.522+0800][49.103s][info][gc,heap     ] GC(98) O: Reclaimed:         -                  -                 0M (0%)            2M (0%)     
[2026-01-06T22:09:06.522+0800][49.103s][info][gc,heap     ] GC(98) O: Compacted:         -                  -                  -                 1M (0%)     
[2026-01-06T22:09:06.522+0800][49.103s][info][gc,phases   ] GC(98) O: Old Generation 12M(0%)->80M(2%) 0.005s
[2026-01-06T22:09:06.522+0800][49.103s][info][gc          ] GC(98) Major Collection (Proactive) 426M(10%)->82M(2%) 0.006s
[2026-01-06T22:09:07.292+0800][49.874s][info][gc          ] GC(99) Minor Collection (High Usage)
[2026-01-06T22:09:07.292+0800][49.874s][info][gc,task     ] GC(99) Using 1 Workers for Young Generation
[2026-01-06T22:09:07.292+0800][49.874s][info][gc,phases   ] GC(99) y: Young Generation
[2026-01-06T22:09:07.292+0800][49.874s][info][gc,phases   ] GC(99) y: Pause Mark Start 0.012ms
[2026-01-06T22:09:07.293+0800][49.874s][info][gc,phases   ] GC(99) y: Concurrent Mark 0.507ms
[2026-01-06T22:09:07.293+0800][49.875s][info][gc,phases   ] GC(99) y: Pause Mark End 0.003ms
[2026-01-06T22:09:07.293+0800][49.875s][info][gc,phases   ] GC(99) y: Concurrent Mark Free 0.004ms
[2026-01-06T22:09:07.293+0800][49.875s][info][gc,phases   ] GC(99) y: Concurrent Reset Relocation Set 0.000ms
[2026-01-06T22:09:07.296+0800][49.878s][info][gc,reloc    ] GC(99) y: Using tenuring threshold: 1 (Computed)
[2026-01-06T22:09:07.297+0800][49.878s][info][gc,phases   ] GC(99) y: Concurrent Select Relocation Set 3.627ms
[2026-01-06T22:09:07.297+0800][49.878s][info][gc,phases   ] GC(99) y: Pause Relocate Start 0.002ms
[2026-01-06T22:09:07.297+0800][49.878s][info][gc,phases   ] GC(99) y: Concurrent Relocate 0.011ms
[2026-01-06T22:09:07.297+0800][49.878s][info][gc,alloc    ] GC(99) y:                         Mark Start        Mark End      Relocate Start    Relocate End   
[2026-01-06T22:09:07.297+0800][49.878s][info][gc,alloc    ] GC(99) y: Allocation Stalls:          0                0                0                0         
[2026-01-06T22:09:07.297+0800][49.878s][info][gc,load     ] GC(99) y: Load: 2.61 (26%) / 2.03 (20%) / 2.07 (21%)
[2026-01-06T22:09:07.297+0800][49.878s][info][gc,mmu      ] GC(99) y: MMU: 2ms/92.0%, 5ms/96.7%, 10ms/98.4%, 20ms/99.2%, 50ms/99.7%, 100ms/99.8%
[2026-01-06T22:09:07.297+0800][49.878s][info][gc,marking  ] GC(99) y: Mark: 1 stripe(s), 2 proactive flush(es), 1 terminate flush(es), 0 completion(s), 0 continuation(s) 
[2026-01-06T22:09:07.297+0800][49.878s][info][gc,nmethod  ] GC(99) y: NMethods: 50 registered, 36 unregistered
[2026-01-06T22:09:07.297+0800][49.878s][info][gc,metaspace] GC(99) y: Metaspace: 0M used, 0M committed, 1088M reserved
[2026-01-06T22:09:07.297+0800][49.878s][info][gc,reloc    ] GC(99) y:                        Candidates     Selected     In-Place         Size        Empty    Relocated 
[2026-01-06T22:09:07.297+0800][49.878s][info][gc,reloc    ] GC(99) y: Small Pages:                 1740            0            0        3480M        3478M           0M 
[2026-01-06T22:09:07.297+0800][49.878s][info][gc,reloc    ] GC(99) y: Medium Pages:                   0            0            0           0M           0M           0M 
[2026-01-06T22:09:07.297+0800][49.878s][info][gc,reloc    ] GC(99) y: Large Pages:                    0            0            0           0M           0M           0M 
[2026-01-06T22:09:07.297+0800][49.878s][info][gc,reloc    ] GC(99) y: Forwarding Usage: 0M
[2026-01-06T22:09:07.297+0800][49.878s][info][gc,reloc    ] GC(99) y: Age Table:
[2026-01-06T22:09:07.297+0800][49.878s][info][gc,reloc    ] GC(99) y:                    Live             Garbage             Small              Medium             Large        
[2026-01-06T22:09:07.297+0800][49.878s][info][gc,reloc    ] GC(99) y: Eden               0M (0%)         3477M (85%)       1739 / 0              0 / 0              0 / 0        
[2026-01-06T22:09:07.297+0800][49.878s][info][gc,reloc    ] GC(99) y: Survivor 1          -                 2M (0%)           1 / 0              0 / 0              0 / 0        
[2026-01-06T22:09:07.297+0800][49.878s][info][gc,heap     ] GC(99) y: Min Capacity: 8M(0%)
[2026-01-06T22:09:07.297+0800][49.878s][info][gc,heap     ] GC(99) y: Max Capacity: 4096M(100%)
[2026-01-06T22:09:07.297+0800][49.878s][info][gc,heap     ] GC(99) y: Soft Max Capacity: 3686M(90%)
[2026-01-06T22:09:07.297+0800][49.878s][info][gc,heap     ] GC(99) y: Heap Statistics:
[2026-01-06T22:09:07.297+0800][49.878s][info][gc,heap     ] GC(99) y:                Mark Start          Mark End        Relocate Start      Relocate End           High               Low         
[2026-01-06T22:09:07.297+0800][49.878s][info][gc,heap     ] GC(99) y:  Capacity:     3498M (85%)        3498M (85%)        3498M (85%)        3498M (85%)        3498M (85%)        3498M (85%)    
[2026-01-06T22:09:07.297+0800][49.878s][info][gc,heap     ] GC(99) y:      Free:      612M (15%)         608M (15%)        4078M (100%)       4078M (100%)       4078M (100%)        608M (15%)    
[2026-01-06T22:09:07.297+0800][49.878s][info][gc,heap     ] GC(99) y:      Used:     3484M (85%)        3488M (85%)          18M (0%)           18M (0%)         3488M (85%)          18M (0%)     
[2026-01-06T22:09:07.297+0800][49.878s][info][gc,heap     ] GC(99) y: Young Generation Statistics:
[2026-01-06T22:09:07.297+0800][49.878s][info][gc,heap     ] GC(99) y:                Mark Start          Mark End        Relocate Start      Relocate End    
[2026-01-06T22:09:07.297+0800][49.878s][info][gc,heap     ] GC(99) y:      Used:     3480M (85%)        3484M (85%)          14M (0%)           14M (0%)     
[2026-01-06T22:09:07.297+0800][49.878s][info][gc,heap     ] GC(99) y:      Live:         -                 0M (0%)            0M (0%)            0M (0%)     
[2026-01-06T22:09:07.297+0800][49.878s][info][gc,heap     ] GC(99) y:   Garbage:         -              3479M (85%)           1M (0%)            1M (0%)     
[2026-01-06T22:09:07.297+0800][49.878s][info][gc,heap     ] GC(99) y: Allocated:         -                 4M (0%)           12M (0%)           12M (0%)     
[2026-01-06T22:09:07.297+0800][49.878s][info][gc,heap     ] GC(99) y: Reclaimed:         -                  -              3478M (85%)        3478M (85%)    
[2026-01-06T22:09:07.297+0800][49.878s][info][gc,heap     ] GC(99) y:  Promoted:         -                  -                 0M (0%)            0M (0%)     
[2026-01-06T22:09:07.297+0800][49.878s][info][gc,heap     ] GC(99) y: Compacted:         -                  -                  -                 0M (0%)     
[2026-01-06T22:09:07.297+0800][49.878s][info][gc,phases   ] GC(99) y: Young Generation 3484M(85%)->18M(0%) 0.004s
[2026-01-06T22:09:07.297+0800][49.878s][info][gc          ] GC(99) Minor Collection (High Usage) 3484M(85%)->18M(0%) 0.005s
[2026-01-06T22:09:07.635+0800][50.217s][info][gc          ] GC(100) Major Collection (Proactive)
[2026-01-06T22:09:07.635+0800][50.217s][info][gc,task     ] GC(100) Using 1 Workers for Young Generation
[2026-01-06T22:09:07.635+0800][50.217s][info][gc,task     ] GC(100) Using 1 Workers for Old Generation
[2026-01-06T22:09:07.635+0800][50.217s][info][gc,phases   ] GC(100) Y: Young Generation
[2026-01-06T22:09:07.635+0800][50.217s][info][gc,phases   ] GC(100) Y: Pause Mark Start (Major) 0.007ms
[2026-01-06T22:09:07.635+0800][50.217s][info][gc,phases   ] GC(100) Y: Concurrent Mark 0.197ms
[2026-01-06T22:09:07.639+0800][50.221s][info][gc,phases   ] GC(100) Y: Pause Mark End 4.025ms
[2026-01-06T22:09:07.639+0800][50.221s][info][gc,phases   ] GC(100) Y: Concurrent Mark Free 0.000ms
[2026-01-06T22:09:07.639+0800][50.221s][info][gc,phases   ] GC(100) Y: Concurrent Reset Relocation Set 0.000ms
[2026-01-06T22:09:07.640+0800][50.221s][info][gc,reloc    ] GC(100) Y: Using tenuring threshold: 1 (Computed)
[2026-01-06T22:09:07.640+0800][50.221s][info][gc,phases   ] GC(100) Y: Concurrent Select Relocation Set 0.289ms
[2026-01-06T22:09:07.640+0800][50.221s][info][gc,phases   ] GC(100) Y: Pause Relocate Start 0.001ms
[2026-01-06T22:09:07.640+0800][50.221s][info][gc,phases   ] GC(100) Y: Concurrent Relocate 0.010ms
[2026-01-06T22:09:07.640+0800][50.221s][info][gc,alloc    ] GC(100) Y:                         Mark Start        Mark End      Relocate Start    Relocate End   
[2026-01-06T22:09:07.640+0800][50.221s][info][gc,alloc    ] GC(100) Y: Allocation Stalls:          0                0                0                0         
[2026-01-06T22:09:07.640+0800][50.221s][info][gc,load     ] GC(100) Y: Load: 2.61 (26%) / 2.03 (20%) / 2.07 (21%)
[2026-01-06T22:09:07.640+0800][50.221s][info][gc,mmu      ] GC(100) Y: MMU: 2ms/0.0%, 5ms/19.3%, 10ms/59.7%, 20ms/79.8%, 50ms/91.9%, 100ms/96.0%
[2026-01-06T22:09:07.640+0800][50.221s][info][gc,marking  ] GC(100) Y: Mark: 1 stripe(s), 2 proactive flush(es), 1 terminate flush(es), 0 completion(s), 0 continuation(s) 
[2026-01-06T22:09:07.640+0800][50.221s][info][gc,nmethod  ] GC(100) Y: NMethods: 50 registered, 36 unregistered
[2026-01-06T22:09:07.640+0800][50.221s][info][gc,metaspace] GC(100) Y: Metaspace: 0M used, 0M committed, 1088M reserved
[2026-01-06T22:09:07.640+0800][50.221s][info][gc,reloc    ] GC(100) Y:                        Candidates     Selected     In-Place         Size        Empty    Relocated 
[2026-01-06T22:09:07.640+0800][50.221s][info][gc,reloc    ] GC(100) Y: Small Pages:                  766            0            0        1532M        1530M           0M 
[2026-01-06T22:09:07.640+0800][50.221s][info][gc,reloc    ] GC(100) Y: Medium Pages:                   0            0            0           0M           0M           0M 
[2026-01-06T22:09:07.640+0800][50.221s][info][gc,reloc    ] GC(100) Y: Large Pages:                    0            0            0           0M           0M           0M 
[2026-01-06T22:09:07.640+0800][50.221s][info][gc,reloc    ] GC(100) Y: Forwarding Usage: 0M
[2026-01-06T22:09:07.640+0800][50.221s][info][gc,reloc    ] GC(100) Y: Age Table:
[2026-01-06T22:09:07.640+0800][50.221s][info][gc,reloc    ] GC(100) Y:                    Live             Garbage             Small              Medium             Large        
[2026-01-06T22:09:07.640+0800][50.221s][info][gc,reloc    ] GC(100) Y: Eden               0M (0%)         1529M (37%)        765 / 0              0 / 0              0 / 0        
[2026-01-06T22:09:07.640+0800][50.221s][info][gc,reloc    ] GC(100) Y: Survivor 1          -                 2M (0%)           1 / 0              0 / 0              0 / 0        
[2026-01-06T22:09:07.640+0800][50.221s][info][gc,heap     ] GC(100) Y: Min Capacity: 8M(0%)
[2026-01-06T22:09:07.640+0800][50.221s][info][gc,heap     ] GC(100) Y: Max Capacity: 4096M(100%)
[2026-01-06T22:09:07.640+0800][50.221s][info][gc,heap     ] GC(100) Y: Soft Max Capacity: 3686M(90%)
[2026-01-06T22:09:07.640+0800][50.221s][info][gc,heap     ] GC(100) Y: Heap Statistics:
[2026-01-06T22:09:07.640+0800][50.221s][info][gc,heap     ] GC(100) Y:                Mark Start          Mark End        Relocate Start      Relocate End           High               Low         
[2026-01-06T22:09:07.640+0800][50.221s][info][gc,heap     ] GC(100) Y:  Capacity:     3498M (85%)        3498M (85%)        3498M (85%)        3498M (85%)        3498M (85%)        3498M (85%)    
[2026-01-06T22:09:07.640+0800][50.221s][info][gc,heap     ] GC(100) Y:      Free:     2560M (62%)        2558M (62%)        4084M (100%)       4084M (100%)       4086M (100%)       2558M (62%)    
[2026-01-06T22:09:07.640+0800][50.221s][info][gc,heap     ] GC(100) Y:      Used:     1536M (38%)        1538M (38%)          12M (0%)           12M (0%)         1538M (38%)          10M (0%)     
[2026-01-06T22:09:07.640+0800][50.221s][info][gc,heap     ] GC(100) Y: Young Generation Statistics:
[2026-01-06T22:09:07.640+0800][50.221s][info][gc,heap     ] GC(100) Y:                Mark Start          Mark End        Relocate Start      Relocate End    
[2026-01-06T22:09:07.640+0800][50.221s][info][gc,heap     ] GC(100) Y:      Used:     1532M (37%)        1534M (37%)           8M (0%)            8M (0%)     
[2026-01-06T22:09:07.640+0800][50.221s][info][gc,heap     ] GC(100) Y:      Live:         -                 0M (0%)            0M (0%)            0M (0%)     
[2026-01-06T22:09:07.640+0800][50.221s][info][gc,heap     ] GC(100) Y:   Garbage:         -              1531M (37%)           1M (0%)            1M (0%)     
[2026-01-06T22:09:07.640+0800][50.221s][info][gc,heap     ] GC(100) Y: Allocated:         -                 2M (0%)            6M (0%)            6M (0%)     
[2026-01-06T22:09:07.640+0800][50.221s][info][gc,heap     ] GC(100) Y: Reclaimed:         -                  -              1530M (37%)        1530M (37%)    
[2026-01-06T22:09:07.640+0800][50.221s][info][gc,heap     ] GC(100) Y:  Promoted:         -                  -                 0M (0%)            0M (0%)     
[2026-01-06T22:09:07.640+0800][50.221s][info][gc,heap     ] GC(100) Y: Compacted:         -                  -                  -                 0M (0%)     
[2026-01-06T22:09:07.640+0800][50.221s][info][gc,phases   ] GC(100) Y: Young Generation 1536M(38%)->12M(0%) 0.005s
[2026-01-06T22:09:07.640+0800][50.221s][info][gc,phases   ] GC(100) O: Old Generation
[2026-01-06T22:09:07.642+0800][50.224s][info][gc,phases   ] GC(100) O: Concurrent Mark 2.585ms
[2026-01-06T22:09:07.642+0800][50.224s][info][gc,phases   ] GC(100) O: Pause Mark End 0.003ms
[2026-01-06T22:09:07.642+0800][50.224s][info][gc,phases   ] GC(100) O: Concurrent Mark Free 0.000ms
[2026-01-06T22:09:07.643+0800][50.224s][info][gc,phases   ] GC(100) O: Concurrent Process Non-Strong 0.246ms
[2026-01-06T22:09:07.643+0800][50.224s][info][gc,phases   ] GC(100) O: Concurrent Reset Relocation Set 0.006ms
[2026-01-06T22:09:07.643+0800][50.224s][info][gc,phases   ] GC(100) O: Concurrent Select Relocation Set 0.033ms
[2026-01-06T22:09:07.643+0800][50.224s][info][gc,task     ] GC(100) O: Using 2 Workers for Old Generation
[2026-01-06T22:09:07.643+0800][50.224s][info][gc,task     ] GC(100) O: Using 1 Workers for Old Generation
[2026-01-06T22:09:07.643+0800][50.224s][info][gc,phases   ] GC(100) O: Concurrent Remap Roots 0.063ms
[2026-01-06T22:09:07.643+0800][50.224s][info][gc,phases   ] GC(100) O: Pause Relocate Start 0.001ms
[2026-01-06T22:09:07.643+0800][50.225s][info][gc,phases   ] GC(100) O: Concurrent Relocate 0.684ms
[2026-01-06T22:09:07.643+0800][50.225s][info][gc,alloc    ] GC(100) O:                         Mark Start        Mark End      Relocate Start    Relocate End   
[2026-01-06T22:09:07.643+0800][50.225s][info][gc,alloc    ] GC(100) O: Allocation Stalls:          0                0                0                0         
[2026-01-06T22:09:07.643+0800][50.225s][info][gc,load     ] GC(100) O: Load: 2.61 (26%) / 2.03 (20%) / 2.07 (21%)
[2026-01-06T22:09:07.643+0800][50.225s][info][gc,mmu      ] GC(100) O: MMU: 2ms/0.0%, 5ms/19.3%, 10ms/59.6%, 20ms/79.8%, 50ms/91.9%, 100ms/96.0%
[2026-01-06T22:09:07.643+0800][50.225s][info][gc,marking  ] GC(100) O: Mark: 1 stripe(s), 2 proactive flush(es), 1 terminate flush(es), 0 completion(s), 0 continuation(s) 
[2026-01-06T22:09:07.644+0800][50.225s][info][gc,nmethod  ] GC(100) O: NMethods: 50 registered, 36 unregistered
[2026-01-06T22:09:07.644+0800][50.225s][info][gc,metaspace] GC(100) O: Metaspace: 0M used, 0M committed, 1088M reserved
[2026-01-06T22:09:07.644+0800][50.225s][info][gc,ref      ] GC(100) O:                       Encountered   Discovered     Enqueued 
[2026-01-06T22:09:07.644+0800][50.225s][info][gc,ref      ] GC(100) O: Soft References:                1            0            0 
[2026-01-06T22:09:07.644+0800][50.225s][info][gc,ref      ] GC(100) O: Weak References:                6            0            0 
[2026-01-06T22:09:07.644+0800][50.225s][info][gc,ref      ] GC(100) O: Final References:               0            0            0 
[2026-01-06T22:09:07.644+0800][50.225s][info][gc,ref      ] GC(100) O: Phantom References:             1            1            0 
[2026-01-06T22:09:07.644+0800][50.225s][info][gc,reloc    ] GC(100) O:                        Candidates     Selected     In-Place         Size        Empty    Relocated 
[2026-01-06T22:09:07.644+0800][50.225s][info][gc,reloc    ] GC(100) O: Small Pages:                    2            1            0           4M           0M           1M 
[2026-01-06T22:09:07.644+0800][50.225s][info][gc,reloc    ] GC(100) O: Medium Pages:                   0            0            0           0M           0M           0M 
[2026-01-06T22:09:07.644+0800][50.225s][info][gc,reloc    ] GC(100) O: Large Pages:                    0            0            0           0M           0M           0M 
[2026-01-06T22:09:07.644+0800][50.225s][info][gc,reloc    ] GC(100) O: Forwarding Usage: 0M
[2026-01-06T22:09:07.644+0800][50.225s][info][gc,heap     ] GC(100) O: Min Capacity: 8M(0%)
[2026-01-06T22:09:07.644+0800][50.225s][info][gc,heap     ] GC(100) O: Max Capacity: 4096M(100%)
[2026-01-06T22:09:07.644+0800][50.225s][info][gc,heap     ] GC(100) O: Soft Max Capacity: 3686M(90%)
[2026-01-06T22:09:07.644+0800][50.225s][info][gc,heap     ] GC(100) O: Heap Statistics:
[2026-01-06T22:09:07.644+0800][50.225s][info][gc,heap     ] GC(100) O:                Mark Start          Mark End        Relocate Start      Relocate End           High               Low         
[2026-01-06T22:09:07.644+0800][50.225s][info][gc,heap     ] GC(100) O:  Capacity:     3498M (85%)        3498M (85%)        3498M (85%)        3498M (85%)        3498M (85%)        3498M (85%)    
[2026-01-06T22:09:07.644+0800][50.225s][info][gc,heap     ] GC(100) O:      Free:     2560M (62%)        4034M (98%)        4028M (98%)        4018M (98%)        4086M (100%)       2558M (62%)    
[2026-01-06T22:09:07.644+0800][50.225s][info][gc,heap     ] GC(100) O:      Used:     1536M (38%)          62M (2%)           68M (2%)           78M (2%)         1538M (38%)          10M (0%)     
[2026-01-06T22:09:07.644+0800][50.225s][info][gc,heap     ] GC(100) O: Old Generation Statistics:
[2026-01-06T22:09:07.644+0800][50.225s][info][gc,heap     ] GC(100) O:                Mark Start          Mark End        Relocate Start      Relocate End    
[2026-01-06T22:09:07.644+0800][50.225s][info][gc,heap     ] GC(100) O:      Used:        4M (0%)            4M (0%)            4M (0%)            4M (0%)     
[2026-01-06T22:09:07.644+0800][50.225s][info][gc,heap     ] GC(100) O:      Live:         -                 1M (0%)            1M (0%)            1M (0%)     
[2026-01-06T22:09:07.644+0800][50.225s][info][gc,heap     ] GC(100) O:   Garbage:         -                 2M (0%)            2M (0%)            0M (0%)     
[2026-01-06T22:09:07.644+0800][50.225s][info][gc,heap     ] GC(100) O: Allocated:         -                 0M (0%)            0M (0%)            2M (0%)     
[2026-01-06T22:09:07.644+0800][50.225s][info][gc,heap     ] GC(100) O: Reclaimed:         -                  -                 0M (0%)            2M (0%)     
[2026-01-06T22:09:07.644+0800][50.225s][info][gc,heap     ] GC(100) O: Compacted:         -                  -                  -                 1M (0%)     
[2026-01-06T22:09:07.644+0800][50.225s][info][gc,phases   ] GC(100) O: Old Generation 14M(0%)->78M(2%) 0.004s
[2026-01-06T22:09:07.644+0800][50.225s][info][gc          ] GC(100) Major Collection (Proactive) 1536M(38%)->80M(2%) 0.009s
[2026-01-06T22:09:08.274+0800][50.856s][info][gc          ] GC(101) Minor Collection (High Usage)
[2026-01-06T22:09:08.274+0800][50.856s][info][gc,task     ] GC(101) Using 1 Workers for Young Generation
[2026-01-06T22:09:08.274+0800][50.856s][info][gc,phases   ] GC(101) y: Young Generation
[2026-01-06T22:09:08.274+0800][50.856s][info][gc,phases   ] GC(101) y: Pause Mark Start 0.015ms
[2026-01-06T22:09:08.279+0800][50.861s][info][gc,phases   ] GC(101) y: Concurrent Mark 5.239ms
[2026-01-06T22:09:08.280+0800][50.861s][info][gc,phases   ] GC(101) y: Pause Mark End 0.011ms
[2026-01-06T22:09:08.280+0800][50.861s][info][gc,phases   ] GC(101) y: Concurrent Mark Free 0.003ms
[2026-01-06T22:09:08.280+0800][50.861s][info][gc,phases   ] GC(101) y: Concurrent Reset Relocation Set 0.000ms
[2026-01-06T22:09:08.282+0800][50.864s][info][gc,reloc    ] GC(101) y: Using tenuring threshold: 1 (Computed)
[2026-01-06T22:09:08.282+0800][50.864s][info][gc,phases   ] GC(101) y: Concurrent Select Relocation Set 2.762ms
[2026-01-06T22:09:08.282+0800][50.864s][info][gc,phases   ] GC(101) y: Pause Relocate Start 0.002ms
[2026-01-06T22:09:08.282+0800][50.864s][info][gc,phases   ] GC(101) y: Concurrent Relocate 0.009ms
[2026-01-06T22:09:08.282+0800][50.864s][info][gc,alloc    ] GC(101) y:                         Mark Start        Mark End      Relocate Start    Relocate End   
[2026-01-06T22:09:08.282+0800][50.864s][info][gc,alloc    ] GC(101) y: Allocation Stalls:          0                0                0                0         
[2026-01-06T22:09:08.282+0800][50.864s][info][gc,load     ] GC(101) y: Load: 2.61 (26%) / 2.03 (20%) / 2.07 (21%)
[2026-01-06T22:09:08.282+0800][50.864s][info][gc,mmu      ] GC(101) y: MMU: 2ms/0.0%, 5ms/19.3%, 10ms/59.6%, 20ms/79.8%, 50ms/91.9%, 100ms/96.0%
[2026-01-06T22:09:08.282+0800][50.864s][info][gc,marking  ] GC(101) y: Mark: 1 stripe(s), 2 proactive flush(es), 1 terminate flush(es), 0 completion(s), 0 continuation(s) 
[2026-01-06T22:09:08.282+0800][50.864s][info][gc,nmethod  ] GC(101) y: NMethods: 50 registered, 36 unregistered
[2026-01-06T22:09:08.282+0800][50.864s][info][gc,metaspace] GC(101) y: Metaspace: 0M used, 0M committed, 1088M reserved
[2026-01-06T22:09:08.282+0800][50.864s][info][gc,reloc    ] GC(101) y:                        Candidates     Selected     In-Place         Size        Empty    Relocated 
[2026-01-06T22:09:08.282+0800][50.864s][info][gc,reloc    ] GC(101) y: Small Pages:                 1740            0            0        3480M        3478M           0M 
[2026-01-06T22:09:08.282+0800][50.864s][info][gc,reloc    ] GC(101) y: Medium Pages:                   0            0            0           0M           0M           0M 
[2026-01-06T22:09:08.282+0800][50.864s][info][gc,reloc    ] GC(101) y: Large Pages:                    0            0            0           0M           0M           0M 
[2026-01-06T22:09:08.282+0800][50.864s][info][gc,reloc    ] GC(101) y: Forwarding Usage: 0M
[2026-01-06T22:09:08.282+0800][50.864s][info][gc,reloc    ] GC(101) y: Age Table:
[2026-01-06T22:09:08.282+0800][50.864s][info][gc,reloc    ] GC(101) y:                    Live             Garbage             Small              Medium             Large        
[2026-01-06T22:09:08.282+0800][50.864s][info][gc,reloc    ] GC(101) y: Eden               0M (0%)         3477M (85%)       1739 / 0              0 / 0              0 / 0        
[2026-01-06T22:09:08.282+0800][50.864s][info][gc,reloc    ] GC(101) y: Survivor 1          -                 2M (0%)           1 / 0              0 / 0              0 / 0        
[2026-01-06T22:09:08.282+0800][50.864s][info][gc,heap     ] GC(101) y: Min Capacity: 8M(0%)
[2026-01-06T22:09:08.282+0800][50.864s][info][gc,heap     ] GC(101) y: Max Capacity: 4096M(100%)
[2026-01-06T22:09:08.282+0800][50.864s][info][gc,heap     ] GC(101) y: Soft Max Capacity: 3686M(90%)
[2026-01-06T22:09:08.282+0800][50.864s][info][gc,heap     ] GC(101) y: Heap Statistics:
[2026-01-06T22:09:08.282+0800][50.864s][info][gc,heap     ] GC(101) y:                Mark Start          Mark End        Relocate Start      Relocate End           High               Low         
[2026-01-06T22:09:08.282+0800][50.864s][info][gc,heap     ] GC(101) y:  Capacity:     3498M (85%)        3498M (85%)        3498M (85%)        3498M (85%)        3498M (85%)        3498M (85%)    
[2026-01-06T22:09:08.282+0800][50.864s][info][gc,heap     ] GC(101) y:      Free:      612M (15%)         608M (15%)        4080M (100%)       4080M (100%)       4080M (100%)        608M (15%)    
[2026-01-06T22:09:08.282+0800][50.864s][info][gc,heap     ] GC(101) y:      Used:     3484M (85%)        3488M (85%)          16M (0%)           16M (0%)         3488M (85%)          16M (0%)     
[2026-01-06T22:09:08.282+0800][50.864s][info][gc,heap     ] GC(101) y: Young Generation Statistics:
[2026-01-06T22:09:08.282+0800][50.864s][info][gc,heap     ] GC(101) y:                Mark Start          Mark End        Relocate Start      Relocate End    
[2026-01-06T22:09:08.282+0800][50.864s][info][gc,heap     ] GC(101) y:      Used:     3480M (85%)        3484M (85%)          12M (0%)           12M (0%)     
[2026-01-06T22:09:08.282+0800][50.864s][info][gc,heap     ] GC(101) y:      Live:         -                 0M (0%)            0M (0%)            0M (0%)     
[2026-01-06T22:09:08.282+0800][50.864s][info][gc,heap     ] GC(101) y:   Garbage:         -              3479M (85%)           1M (0%)            1M (0%)     
[2026-01-06T22:09:08.282+0800][50.864s][info][gc,heap     ] GC(101) y: Allocated:         -                 4M (0%)           10M (0%)           10M (0%)     
[2026-01-06T22:09:08.282+0800][50.864s][info][gc,heap     ] GC(101) y: Reclaimed:         -                  -              3478M (85%)        3478M (85%)    
[2026-01-06T22:09:08.282+0800][50.864s][info][gc,heap     ] GC(101) y:  Promoted:         -                  -                 0M (0%)            0M (0%)     
[2026-01-06T22:09:08.282+0800][50.864s][info][gc,heap     ] GC(101) y: Compacted:         -                  -                  -                 0M (0%)     
[2026-01-06T22:09:08.282+0800][50.864s][info][gc,phases   ] GC(101) y: Young Generation 3484M(85%)->16M(0%) 0.008s
[2026-01-06T22:09:08.283+0800][50.864s][info][gc          ] GC(101) Minor Collection (High Usage) 3484M(85%)->16M(0%) 0.009s
[2026-01-06T22:09:08.946+0800][51.528s][info][gc          ] GC(102) Major Collection (Proactive)
[2026-01-06T22:09:08.946+0800][51.528s][info][gc,task     ] GC(102) Using 1 Workers for Young Generation
[2026-01-06T22:09:08.946+0800][51.528s][info][gc,task     ] GC(102) Using 1 Workers for Old Generation
[2026-01-06T22:09:08.946+0800][51.528s][info][gc,phases   ] GC(102) Y: Young Generation
[2026-01-06T22:09:08.946+0800][51.528s][info][gc,phases   ] GC(102) Y: Pause Mark Start (Major) 0.016ms
[2026-01-06T22:09:08.946+0800][51.528s][info][gc,phases   ] GC(102) Y: Concurrent Mark 0.314ms
[2026-01-06T22:09:08.946+0800][51.528s][info][gc,phases   ] GC(102) Y: Pause Mark End 0.004ms
[2026-01-06T22:09:08.946+0800][51.528s][info][gc,phases   ] GC(102) Y: Concurrent Mark Free 0.002ms
[2026-01-06T22:09:08.946+0800][51.528s][info][gc,phases   ] GC(102) Y: Concurrent Reset Relocation Set 0.000ms
[2026-01-06T22:09:08.948+0800][51.529s][info][gc,reloc    ] GC(102) Y: Using tenuring threshold: 1 (Computed)
[2026-01-06T22:09:08.948+0800][51.529s][info][gc,phases   ] GC(102) Y: Concurrent Select Relocation Set 1.140ms
[2026-01-06T22:09:08.948+0800][51.529s][info][gc,phases   ] GC(102) Y: Pause Relocate Start 0.002ms
[2026-01-06T22:09:08.948+0800][51.529s][info][gc,phases   ] GC(102) Y: Concurrent Relocate 0.009ms
[2026-01-06T22:09:08.948+0800][51.529s][info][gc,alloc    ] GC(102) Y:                         Mark Start        Mark End      Relocate Start    Relocate End   
[2026-01-06T22:09:08.948+0800][51.529s][info][gc,alloc    ] GC(102) Y: Allocation Stalls:          0                0                0                0         
[2026-01-06T22:09:08.948+0800][51.529s][info][gc,load     ] GC(102) Y: Load: 2.61 (26%) / 2.03 (20%) / 2.07 (21%)
[2026-01-06T22:09:08.948+0800][51.529s][info][gc,mmu      ] GC(102) Y: MMU: 2ms/0.0%, 5ms/19.3%, 10ms/59.6%, 20ms/79.8%, 50ms/91.9%, 100ms/96.0%
[2026-01-06T22:09:08.948+0800][51.529s][info][gc,marking  ] GC(102) Y: Mark: 1 stripe(s), 2 proactive flush(es), 1 terminate flush(es), 0 completion(s), 0 continuation(s) 
[2026-01-06T22:09:08.948+0800][51.529s][info][gc,nmethod  ] GC(102) Y: NMethods: 50 registered, 36 unregistered
[2026-01-06T22:09:08.948+0800][51.529s][info][gc,metaspace] GC(102) Y: Metaspace: 0M used, 0M committed, 1088M reserved
[2026-01-06T22:09:08.948+0800][51.529s][info][gc,reloc    ] GC(102) Y:                        Candidates     Selected     In-Place         Size        Empty    Relocated 
[2026-01-06T22:09:08.948+0800][51.529s][info][gc,reloc    ] GC(102) Y: Small Pages:                 1319            0            0        2638M        2636M           0M 
[2026-01-06T22:09:08.948+0800][51.529s][info][gc,reloc    ] GC(102) Y: Medium Pages:                   0            0            0           0M           0M           0M 
[2026-01-06T22:09:08.948+0800][51.529s][info][gc,reloc    ] GC(102) Y: Large Pages:                    0            0            0           0M           0M           0M 
[2026-01-06T22:09:08.948+0800][51.529s][info][gc,reloc    ] GC(102) Y: Forwarding Usage: 0M
[2026-01-06T22:09:08.948+0800][51.529s][info][gc,reloc    ] GC(102) Y: Age Table:
[2026-01-06T22:09:08.948+0800][51.529s][info][gc,reloc    ] GC(102) Y:                    Live             Garbage             Small              Medium             Large        
[2026-01-06T22:09:08.948+0800][51.529s][info][gc,reloc    ] GC(102) Y: Eden               0M (0%)         2635M (64%)       1318 / 0              0 / 0              0 / 0        
[2026-01-06T22:09:08.948+0800][51.529s][info][gc,reloc    ] GC(102) Y: Survivor 1          -                 2M (0%)           1 / 0              0 / 0              0 / 0        
[2026-01-06T22:09:08.948+0800][51.529s][info][gc,heap     ] GC(102) Y: Min Capacity: 8M(0%)
[2026-01-06T22:09:08.948+0800][51.529s][info][gc,heap     ] GC(102) Y: Max Capacity: 4096M(100%)
[2026-01-06T22:09:08.948+0800][51.529s][info][gc,heap     ] GC(102) Y: Soft Max Capacity: 3686M(90%)
[2026-01-06T22:09:08.948+0800][51.529s][info][gc,heap     ] GC(102) Y: Heap Statistics:
[2026-01-06T22:09:08.948+0800][51.529s][info][gc,heap     ] GC(102) Y:                Mark Start          Mark End        Relocate Start      Relocate End           High               Low         
[2026-01-06T22:09:08.948+0800][51.529s][info][gc,heap     ] GC(102) Y:  Capacity:     3498M (85%)        3498M (85%)        3498M (85%)        3498M (85%)        3498M (85%)        3498M (85%)    
[2026-01-06T22:09:08.948+0800][51.529s][info][gc,heap     ] GC(102) Y:      Free:     1454M (35%)        1452M (35%)        4084M (100%)       4084M (100%)       4084M (100%)       1452M (35%)    
[2026-01-06T22:09:08.948+0800][51.529s][info][gc,heap     ] GC(102) Y:      Used:     2642M (65%)        2644M (65%)          12M (0%)           12M (0%)         2644M (65%)          12M (0%)     
[2026-01-06T22:09:08.948+0800][51.529s][info][gc,heap     ] GC(102) Y: Young Generation Statistics:
[2026-01-06T22:09:08.948+0800][51.529s][info][gc,heap     ] GC(102) Y:                Mark Start          Mark End        Relocate Start      Relocate End    
[2026-01-06T22:09:08.948+0800][51.529s][info][gc,heap     ] GC(102) Y:      Used:     2638M (64%)        2640M (64%)           8M (0%)            8M (0%)     
[2026-01-06T22:09:08.948+0800][51.529s][info][gc,heap     ] GC(102) Y:      Live:         -                 0M (0%)            0M (0%)            0M (0%)     
[2026-01-06T22:09:08.948+0800][51.529s][info][gc,heap     ] GC(102) Y:   Garbage:         -              2637M (64%)           1M (0%)            1M (0%)     
[2026-01-06T22:09:08.948+0800][51.529s][info][gc,heap     ] GC(102) Y: Allocated:         -                 2M (0%)            6M (0%)            6M (0%)     
[2026-01-06T22:09:08.948+0800][51.529s][info][gc,heap     ] GC(102) Y: Reclaimed:         -                  -              2636M (64%)        2636M (64%)    
[2026-01-06T22:09:08.948+0800][51.529s][info][gc,heap     ] GC(102) Y:  Promoted:         -                  -                 0M (0%)            0M (0%)     
[2026-01-06T22:09:08.948+0800][51.529s][info][gc,heap     ] GC(102) Y: Compacted:         -                  -                  -                 0M (0%)     
[2026-01-06T22:09:08.948+0800][51.529s][info][gc,phases   ] GC(102) Y: Young Generation 2642M(65%)->12M(0%) 0.002s
[2026-01-06T22:09:08.948+0800][51.529s][info][gc,phases   ] GC(102) O: Old Generation
[2026-01-06T22:09:08.950+0800][51.532s][info][gc,phases   ] GC(102) O: Concurrent Mark 2.669ms
[2026-01-06T22:09:08.950+0800][51.532s][info][gc,phases   ] GC(102) O: Pause Mark End 0.004ms
[2026-01-06T22:09:08.950+0800][51.532s][info][gc,phases   ] GC(102) O: Concurrent Mark Free 0.000ms
[2026-01-06T22:09:08.951+0800][51.532s][info][gc,phases   ] GC(102) O: Concurrent Process Non-Strong 0.298ms
[2026-01-06T22:09:08.951+0800][51.532s][info][gc,phases   ] GC(102) O: Concurrent Reset Relocation Set 0.006ms
[2026-01-06T22:09:08.951+0800][51.532s][info][gc,phases   ] GC(102) O: Concurrent Select Relocation Set 0.041ms
[2026-01-06T22:09:08.951+0800][51.532s][info][gc,task     ] GC(102) O: Using 2 Workers for Old Generation
[2026-01-06T22:09:08.951+0800][51.533s][info][gc,task     ] GC(102) O: Using 1 Workers for Old Generation
[2026-01-06T22:09:08.951+0800][51.533s][info][gc,phases   ] GC(102) O: Concurrent Remap Roots 0.070ms
[2026-01-06T22:09:08.951+0800][51.533s][info][gc,phases   ] GC(102) O: Pause Relocate Start 0.002ms
[2026-01-06T22:09:08.952+0800][51.533s][info][gc,phases   ] GC(102) O: Concurrent Relocate 0.925ms
[2026-01-06T22:09:08.952+0800][51.534s][info][gc,alloc    ] GC(102) O:                         Mark Start        Mark End      Relocate Start    Relocate End   
[2026-01-06T22:09:08.952+0800][51.534s][info][gc,alloc    ] GC(102) O: Allocation Stalls:          0                0                0                0         
[2026-01-06T22:09:08.952+0800][51.534s][info][gc,load     ] GC(102) O: Load: 2.61 (26%) / 2.03 (20%) / 2.07 (21%)
[2026-01-06T22:09:08.952+0800][51.534s][info][gc,mmu      ] GC(102) O: MMU: 2ms/0.0%, 5ms/19.3%, 10ms/59.6%, 20ms/79.8%, 50ms/91.9%, 100ms/96.0%
[2026-01-06T22:09:08.952+0800][51.534s][info][gc,marking  ] GC(102) O: Mark: 1 stripe(s), 2 proactive flush(es), 1 terminate flush(es), 0 completion(s), 0 continuation(s) 
[2026-01-06T22:09:08.952+0800][51.534s][info][gc,nmethod  ] GC(102) O: NMethods: 50 registered, 36 unregistered
[2026-01-06T22:09:08.952+0800][51.534s][info][gc,metaspace] GC(102) O: Metaspace: 0M used, 0M committed, 1088M reserved
[2026-01-06T22:09:08.952+0800][51.534s][info][gc,ref      ] GC(102) O:                       Encountered   Discovered     Enqueued 
[2026-01-06T22:09:08.952+0800][51.534s][info][gc,ref      ] GC(102) O: Soft References:                1            0            0 
[2026-01-06T22:09:08.952+0800][51.534s][info][gc,ref      ] GC(102) O: Weak References:                6            0            0 
[2026-01-06T22:09:08.952+0800][51.534s][info][gc,ref      ] GC(102) O: Final References:               0            0            0 
[2026-01-06T22:09:08.952+0800][51.534s][info][gc,ref      ] GC(102) O: Phantom References:             1            1            0 
[2026-01-06T22:09:08.952+0800][51.534s][info][gc,reloc    ] GC(102) O:                        Candidates     Selected     In-Place         Size        Empty    Relocated 
[2026-01-06T22:09:08.952+0800][51.534s][info][gc,reloc    ] GC(102) O: Small Pages:                    2            1            0           4M           0M           1M 
[2026-01-06T22:09:08.952+0800][51.534s][info][gc,reloc    ] GC(102) O: Medium Pages:                   0            0            0           0M           0M           0M 
[2026-01-06T22:09:08.952+0800][51.534s][info][gc,reloc    ] GC(102) O: Large Pages:                    0            0            0           0M           0M           0M 
[2026-01-06T22:09:08.952+0800][51.534s][info][gc,reloc    ] GC(102) O: Forwarding Usage: 0M
[2026-01-06T22:09:08.952+0800][51.534s][info][gc,heap     ] GC(102) O: Min Capacity: 8M(0%)
[2026-01-06T22:09:08.952+0800][51.534s][info][gc,heap     ] GC(102) O: Max Capacity: 4096M(100%)
[2026-01-06T22:09:08.952+0800][51.534s][info][gc,heap     ] GC(102) O: Soft Max Capacity: 3686M(90%)
[2026-01-06T22:09:08.952+0800][51.534s][info][gc,heap     ] GC(102) O: Heap Statistics:
[2026-01-06T22:09:08.952+0800][51.534s][info][gc,heap     ] GC(102) O:                Mark Start          Mark End        Relocate Start      Relocate End           High               Low         
[2026-01-06T22:09:08.952+0800][51.534s][info][gc,heap     ] GC(102) O:  Capacity:     3498M (85%)        3498M (85%)        3498M (85%)        3498M (85%)        3498M (85%)        3498M (85%)    
[2026-01-06T22:09:08.952+0800][51.534s][info][gc,heap     ] GC(102) O:      Free:     1454M (35%)        4066M (99%)        4062M (99%)        4058M (99%)        4084M (100%)       1452M (35%)    
[2026-01-06T22:09:08.952+0800][51.534s][info][gc,heap     ] GC(102) O:      Used:     2642M (65%)          30M (1%)           34M (1%)           38M (1%)         2644M (65%)          12M (0%)     
[2026-01-06T22:09:08.952+0800][51.534s][info][gc,heap     ] GC(102) O: Old Generation Statistics:
[2026-01-06T22:09:08.952+0800][51.534s][info][gc,heap     ] GC(102) O:                Mark Start          Mark End        Relocate Start      Relocate End    
[2026-01-06T22:09:08.952+0800][51.534s][info][gc,heap     ] GC(102) O:      Used:        4M (0%)            4M (0%)            4M (0%)            4M (0%)     
[2026-01-06T22:09:08.952+0800][51.534s][info][gc,heap     ] GC(102) O:      Live:         -                 1M (0%)            1M (0%)            1M (0%)     
[2026-01-06T22:09:08.952+0800][51.534s][info][gc,heap     ] GC(102) O:   Garbage:         -                 2M (0%)            2M (0%)            0M (0%)     
[2026-01-06T22:09:08.952+0800][51.534s][info][gc,heap     ] GC(102) O: Allocated:         -                 0M (0%)            0M (0%)            2M (0%)     
[2026-01-06T22:09:08.952+0800][51.534s][info][gc,heap     ] GC(102) O: Reclaimed:         -                  -                 0M (0%)            2M (0%)     
[2026-01-06T22:09:08.952+0800][51.534s][info][gc,heap     ] GC(102) O: Compacted:         -                  -                  -                 1M (0%)     
[2026-01-06T22:09:08.952+0800][51.534s][info][gc,phases   ] GC(102) O: Old Generation 12M(0%)->38M(1%) 0.004s
[2026-01-06T22:09:08.952+0800][51.534s][info][gc          ] GC(102) Major Collection (Proactive) 2642M(65%)->40M(1%) 0.006s
[2026-01-06T22:09:09.326+0800][51.908s][info][gc          ] GC(103) Minor Collection (High Usage)
[2026-01-06T22:09:09.326+0800][51.908s][info][gc,task     ] GC(103) Using 1 Workers for Young Generation
[2026-01-06T22:09:09.326+0800][51.908s][info][gc,phases   ] GC(103) y: Young Generation
[2026-01-06T22:09:09.326+0800][51.908s][info][gc,phases   ] GC(103) y: Pause Mark Start 0.005ms
[2026-01-06T22:09:09.327+0800][51.908s][info][gc,phases   ] GC(103) y: Concurrent Mark 0.311ms
[2026-01-06T22:09:09.327+0800][51.908s][info][gc,phases   ] GC(103) y: Pause Mark End 0.003ms
[2026-01-06T22:09:09.327+0800][51.908s][info][gc,phases   ] GC(103) y: Concurrent Mark Free 0.001ms
[2026-01-06T22:09:09.327+0800][51.908s][info][gc,phases   ] GC(103) y: Concurrent Reset Relocation Set 0.000ms
[2026-01-06T22:09:09.327+0800][51.909s][info][gc,reloc    ] GC(103) y: Using tenuring threshold: 1 (Computed)
[2026-01-06T22:09:09.327+0800][51.909s][info][gc,phases   ] GC(103) y: Concurrent Select Relocation Set 0.516ms
[2026-01-06T22:09:09.327+0800][51.909s][info][gc,phases   ] GC(103) y: Pause Relocate Start 0.002ms
[2026-01-06T22:09:09.327+0800][51.909s][info][gc,phases   ] GC(103) y: Concurrent Relocate 0.010ms
[2026-01-06T22:09:09.327+0800][51.909s][info][gc,alloc    ] GC(103) y:                         Mark Start        Mark End      Relocate Start    Relocate End   
[2026-01-06T22:09:09.327+0800][51.909s][info][gc,alloc    ] GC(103) y: Allocation Stalls:          0                0                0                0         
[2026-01-06T22:09:09.327+0800][51.909s][info][gc,load     ] GC(103) y: Load: 2.61 (26%) / 2.03 (20%) / 2.07 (21%)
[2026-01-06T22:09:09.327+0800][51.909s][info][gc,mmu      ] GC(103) y: MMU: 2ms/0.0%, 5ms/19.3%, 10ms/59.6%, 20ms/79.8%, 50ms/91.9%, 100ms/96.0%
[2026-01-06T22:09:09.327+0800][51.909s][info][gc,marking  ] GC(103) y: Mark: 1 stripe(s), 2 proactive flush(es), 1 terminate flush(es), 0 completion(s), 0 continuation(s) 
[2026-01-06T22:09:09.327+0800][51.909s][info][gc,nmethod  ] GC(103) y: NMethods: 50 registered, 36 unregistered
[2026-01-06T22:09:09.327+0800][51.909s][info][gc,metaspace] GC(103) y: Metaspace: 0M used, 0M committed, 1088M reserved
[2026-01-06T22:09:09.327+0800][51.909s][info][gc,reloc    ] GC(103) y:                        Candidates     Selected     In-Place         Size        Empty    Relocated 
[2026-01-06T22:09:09.327+0800][51.909s][info][gc,reloc    ] GC(103) y: Small Pages:                 1742            0            0        3484M        3482M           0M 
[2026-01-06T22:09:09.327+0800][51.909s][info][gc,reloc    ] GC(103) y: Medium Pages:                   0            0            0           0M           0M           0M 
[2026-01-06T22:09:09.327+0800][51.909s][info][gc,reloc    ] GC(103) y: Large Pages:                    0            0            0           0M           0M           0M 
[2026-01-06T22:09:09.327+0800][51.909s][info][gc,reloc    ] GC(103) y: Forwarding Usage: 0M
[2026-01-06T22:09:09.327+0800][51.909s][info][gc,reloc    ] GC(103) y: Age Table:
[2026-01-06T22:09:09.327+0800][51.909s][info][gc,reloc    ] GC(103) y:                    Live             Garbage             Small              Medium             Large        
[2026-01-06T22:09:09.327+0800][51.909s][info][gc,reloc    ] GC(103) y: Eden               0M (0%)         3481M (85%)       1741 / 0              0 / 0              0 / 0        
[2026-01-06T22:09:09.327+0800][51.909s][info][gc,reloc    ] GC(103) y: Survivor 1          -                 2M (0%)           1 / 0              0 / 0              0 / 0        
[2026-01-06T22:09:09.327+0800][51.909s][info][gc,heap     ] GC(103) y: Min Capacity: 8M(0%)
[2026-01-06T22:09:09.327+0800][51.909s][info][gc,heap     ] GC(103) y: Max Capacity: 4096M(100%)
[2026-01-06T22:09:09.327+0800][51.909s][info][gc,heap     ] GC(103) y: Soft Max Capacity: 3686M(90%)
[2026-01-06T22:09:09.327+0800][51.909s][info][gc,heap     ] GC(103) y: Heap Statistics:
[2026-01-06T22:09:09.327+0800][51.909s][info][gc,heap     ] GC(103) y:                Mark Start          Mark End        Relocate Start      Relocate End           High               Low         
[2026-01-06T22:09:09.327+0800][51.909s][info][gc,heap     ] GC(103) y:  Capacity:     3498M (85%)        3498M (85%)        3498M (85%)        3498M (85%)        3498M (85%)        3498M (85%)    
[2026-01-06T22:09:09.327+0800][51.909s][info][gc,heap     ] GC(103) y:      Free:      608M (15%)         606M (15%)        4084M (100%)       4084M (100%)       4084M (100%)        604M (15%)    
[2026-01-06T22:09:09.327+0800][51.909s][info][gc,heap     ] GC(103) y:      Used:     3488M (85%)        3490M (85%)          12M (0%)           12M (0%)         3492M (85%)          12M (0%)     
[2026-01-06T22:09:09.327+0800][51.909s][info][gc,heap     ] GC(103) y: Young Generation Statistics:
[2026-01-06T22:09:09.327+0800][51.909s][info][gc,heap     ] GC(103) y:                Mark Start          Mark End        Relocate Start      Relocate End    
[2026-01-06T22:09:09.327+0800][51.909s][info][gc,heap     ] GC(103) y:      Used:     3484M (85%)        3486M (85%)           8M (0%)            8M (0%)     
[2026-01-06T22:09:09.327+0800][51.909s][info][gc,heap     ] GC(103) y:      Live:         -                 0M (0%)            0M (0%)            0M (0%)     
[2026-01-06T22:09:09.327+0800][51.909s][info][gc,heap     ] GC(103) y:   Garbage:         -              3483M (85%)           1M (0%)            1M (0%)     
[2026-01-06T22:09:09.327+0800][51.909s][info][gc,heap     ] GC(103) y: Allocated:         -                 2M (0%)            6M (0%)            6M (0%)     
[2026-01-06T22:09:09.327+0800][51.909s][info][gc,heap     ] GC(103) y: Reclaimed:         -                  -              3482M (85%)        3482M (85%)    
[2026-01-06T22:09:09.327+0800][51.909s][info][gc,heap     ] GC(103) y:  Promoted:         -                  -                 0M (0%)            0M (0%)     
[2026-01-06T22:09:09.327+0800][51.909s][info][gc,heap     ] GC(103) y: Compacted:         -                  -                  -                 0M (0%)     
[2026-01-06T22:09:09.327+0800][51.909s][info][gc,phases   ] GC(103) y: Young Generation 3488M(85%)->12M(0%) 0.001s
[2026-01-06T22:09:09.328+0800][51.909s][info][gc          ] GC(103) Minor Collection (High Usage) 3488M(85%)->14M(0%) 0.001s
[2026-01-06T22:09:09.702+0800][52.284s][info][gc          ] GC(104) Major Collection (Proactive)
[2026-01-06T22:09:09.702+0800][52.284s][info][gc,task     ] GC(104) Using 1 Workers for Young Generation
[2026-01-06T22:09:09.702+0800][52.284s][info][gc,task     ] GC(104) Using 1 Workers for Old Generation
[2026-01-06T22:09:09.702+0800][52.284s][info][gc,phases   ] GC(104) Y: Young Generation
[2026-01-06T22:09:09.702+0800][52.284s][info][gc,phases   ] GC(104) Y: Pause Mark Start (Major) 0.014ms
[2026-01-06T22:09:09.703+0800][52.284s][info][gc,phases   ] GC(104) Y: Concurrent Mark 0.294ms
[2026-01-06T22:09:09.703+0800][52.284s][info][gc,phases   ] GC(104) Y: Pause Mark End 0.003ms
[2026-01-06T22:09:09.703+0800][52.284s][info][gc,phases   ] GC(104) Y: Concurrent Mark Free 0.001ms
[2026-01-06T22:09:09.703+0800][52.284s][info][gc,phases   ] GC(104) Y: Concurrent Reset Relocation Set 0.000ms
[2026-01-06T22:09:09.703+0800][52.285s][info][gc,reloc    ] GC(104) Y: Using tenuring threshold: 1 (Computed)
[2026-01-06T22:09:09.703+0800][52.285s][info][gc,phases   ] GC(104) Y: Concurrent Select Relocation Set 0.737ms
[2026-01-06T22:09:09.703+0800][52.285s][info][gc,phases   ] GC(104) Y: Pause Relocate Start 0.001ms
[2026-01-06T22:09:09.703+0800][52.285s][info][gc,phases   ] GC(104) Y: Concurrent Relocate 0.011ms
[2026-01-06T22:09:09.703+0800][52.285s][info][gc,alloc    ] GC(104) Y:                         Mark Start        Mark End      Relocate Start    Relocate End   
[2026-01-06T22:09:09.703+0800][52.285s][info][gc,alloc    ] GC(104) Y: Allocation Stalls:          0                0                0                0         
[2026-01-06T22:09:09.704+0800][52.285s][info][gc,load     ] GC(104) Y: Load: 2.61 (26%) / 2.03 (20%) / 2.07 (21%)
[2026-01-06T22:09:09.704+0800][52.285s][info][gc,mmu      ] GC(104) Y: MMU: 2ms/0.0%, 5ms/19.3%, 10ms/59.6%, 20ms/79.8%, 50ms/91.9%, 100ms/96.0%
[2026-01-06T22:09:09.704+0800][52.285s][info][gc,marking  ] GC(104) Y: Mark: 1 stripe(s), 2 proactive flush(es), 1 terminate flush(es), 0 completion(s), 0 continuation(s) 
[2026-01-06T22:09:09.704+0800][52.285s][info][gc,nmethod  ] GC(104) Y: NMethods: 50 registered, 36 unregistered
[2026-01-06T22:09:09.704+0800][52.285s][info][gc,metaspace] GC(104) Y: Metaspace: 0M used, 0M committed, 1088M reserved
[2026-01-06T22:09:09.704+0800][52.285s][info][gc,reloc    ] GC(104) Y:                        Candidates     Selected     In-Place         Size        Empty    Relocated 
[2026-01-06T22:09:09.704+0800][52.285s][info][gc,reloc    ] GC(104) Y: Small Pages:                  946            0            0        1892M        1890M           0M 
[2026-01-06T22:09:09.704+0800][52.285s][info][gc,reloc    ] GC(104) Y: Medium Pages:                   0            0            0           0M           0M           0M 
[2026-01-06T22:09:09.704+0800][52.285s][info][gc,reloc    ] GC(104) Y: Large Pages:                    0            0            0           0M           0M           0M 
[2026-01-06T22:09:09.704+0800][52.285s][info][gc,reloc    ] GC(104) Y: Forwarding Usage: 0M
[2026-01-06T22:09:09.704+0800][52.285s][info][gc,reloc    ] GC(104) Y: Age Table:
[2026-01-06T22:09:09.704+0800][52.285s][info][gc,reloc    ] GC(104) Y:                    Live             Garbage             Small              Medium             Large        
[2026-01-06T22:09:09.704+0800][52.285s][info][gc,reloc    ] GC(104) Y: Eden               0M (0%)         1889M (46%)        945 / 0              0 / 0              0 / 0        
[2026-01-06T22:09:09.704+0800][52.285s][info][gc,reloc    ] GC(104) Y: Survivor 1          -                 2M (0%)           1 / 0              0 / 0              0 / 0        
[2026-01-06T22:09:09.704+0800][52.285s][info][gc,heap     ] GC(104) Y: Min Capacity: 8M(0%)
[2026-01-06T22:09:09.704+0800][52.285s][info][gc,heap     ] GC(104) Y: Max Capacity: 4096M(100%)
[2026-01-06T22:09:09.704+0800][52.285s][info][gc,heap     ] GC(104) Y: Soft Max Capacity: 3686M(90%)
[2026-01-06T22:09:09.704+0800][52.285s][info][gc,heap     ] GC(104) Y: Heap Statistics:
[2026-01-06T22:09:09.704+0800][52.285s][info][gc,heap     ] GC(104) Y:                Mark Start          Mark End        Relocate Start      Relocate End           High               Low         
[2026-01-06T22:09:09.704+0800][52.285s][info][gc,heap     ] GC(104) Y:  Capacity:     3498M (85%)        3498M (85%)        3498M (85%)        3498M (85%)        3498M (85%)        3498M (85%)    
[2026-01-06T22:09:09.704+0800][52.285s][info][gc,heap     ] GC(104) Y:      Free:     2200M (54%)        2198M (54%)        4086M (100%)       4086M (100%)       4086M (100%)       2198M (54%)    
[2026-01-06T22:09:09.704+0800][52.285s][info][gc,heap     ] GC(104) Y:      Used:     1896M (46%)        1898M (46%)          10M (0%)           10M (0%)         1898M (46%)          10M (0%)     
[2026-01-06T22:09:09.704+0800][52.285s][info][gc,heap     ] GC(104) Y: Young Generation Statistics:
[2026-01-06T22:09:09.704+0800][52.285s][info][gc,heap     ] GC(104) Y:                Mark Start          Mark End        Relocate Start      Relocate End    
[2026-01-06T22:09:09.704+0800][52.285s][info][gc,heap     ] GC(104) Y:      Used:     1892M (46%)        1894M (46%)           6M (0%)            6M (0%)     
[2026-01-06T22:09:09.704+0800][52.285s][info][gc,heap     ] GC(104) Y:      Live:         -                 0M (0%)            0M (0%)            0M (0%)     
[2026-01-06T22:09:09.704+0800][52.285s][info][gc,heap     ] GC(104) Y:   Garbage:         -              1891M (46%)           1M (0%)            1M (0%)     
[2026-01-06T22:09:09.704+0800][52.285s][info][gc,heap     ] GC(104) Y: Allocated:         -                 2M (0%)            4M (0%)            4M (0%)     
[2026-01-06T22:09:09.704+0800][52.285s][info][gc,heap     ] GC(104) Y: Reclaimed:         -                  -              1890M (46%)        1890M (46%)    
[2026-01-06T22:09:09.704+0800][52.285s][info][gc,heap     ] GC(104) Y:  Promoted:         -                  -                 0M (0%)            0M (0%)     
[2026-01-06T22:09:09.704+0800][52.285s][info][gc,heap     ] GC(104) Y: Compacted:         -                  -                  -                 0M (0%)     
[2026-01-06T22:09:09.704+0800][52.285s][info][gc,phases   ] GC(104) Y: Young Generation 1896M(46%)->10M(0%) 0.001s
[2026-01-06T22:09:09.704+0800][52.285s][info][gc,phases   ] GC(104) O: Old Generation
[2026-01-06T22:09:09.706+0800][52.287s][info][gc,phases   ] GC(104) O: Concurrent Mark 1.954ms
[2026-01-06T22:09:09.706+0800][52.287s][info][gc,phases   ] GC(104) O: Pause Mark End 0.003ms
[2026-01-06T22:09:09.706+0800][52.287s][info][gc,phases   ] GC(104) O: Concurrent Mark Free 0.000ms
[2026-01-06T22:09:09.706+0800][52.288s][info][gc,phases   ] GC(104) O: Concurrent Process Non-Strong 0.262ms
[2026-01-06T22:09:09.706+0800][52.288s][info][gc,phases   ] GC(104) O: Concurrent Reset Relocation Set 0.003ms
[2026-01-06T22:09:09.706+0800][52.288s][info][gc,phases   ] GC(104) O: Concurrent Select Relocation Set 0.019ms
[2026-01-06T22:09:09.706+0800][52.288s][info][gc,task     ] GC(104) O: Using 2 Workers for Old Generation
[2026-01-06T22:09:09.706+0800][52.288s][info][gc,task     ] GC(104) O: Using 1 Workers for Old Generation
[2026-01-06T22:09:09.706+0800][52.288s][info][gc,phases   ] GC(104) O: Concurrent Remap Roots 0.070ms
[2026-01-06T22:09:09.706+0800][52.288s][info][gc,phases   ] GC(104) O: Pause Relocate Start 0.002ms
[2026-01-06T22:09:09.707+0800][52.288s][info][gc,phases   ] GC(104) O: Concurrent Relocate 0.780ms
[2026-01-06T22:09:09.707+0800][52.288s][info][gc,alloc    ] GC(104) O:                         Mark Start        Mark End      Relocate Start    Relocate End   
[2026-01-06T22:09:09.707+0800][52.288s][info][gc,alloc    ] GC(104) O: Allocation Stalls:          0                0                0                0         
[2026-01-06T22:09:09.707+0800][52.288s][info][gc,load     ] GC(104) O: Load: 2.61 (26%) / 2.03 (20%) / 2.07 (21%)
[2026-01-06T22:09:09.707+0800][52.288s][info][gc,mmu      ] GC(104) O: MMU: 2ms/0.0%, 5ms/19.3%, 10ms/59.6%, 20ms/79.8%, 50ms/91.9%, 100ms/96.0%
[2026-01-06T22:09:09.707+0800][52.288s][info][gc,marking  ] GC(104) O: Mark: 1 stripe(s), 2 proactive flush(es), 1 terminate flush(es), 0 completion(s), 0 continuation(s) 
[2026-01-06T22:09:09.707+0800][52.288s][info][gc,nmethod  ] GC(104) O: NMethods: 50 registered, 36 unregistered
[2026-01-06T22:09:09.707+0800][52.288s][info][gc,metaspace] GC(104) O: Metaspace: 0M used, 0M committed, 1088M reserved
[2026-01-06T22:09:09.707+0800][52.289s][info][gc,ref      ] GC(104) O:                       Encountered   Discovered     Enqueued 
[2026-01-06T22:09:09.707+0800][52.289s][info][gc,ref      ] GC(104) O: Soft References:                1            0            0 
[2026-01-06T22:09:09.707+0800][52.289s][info][gc,ref      ] GC(104) O: Weak References:                6            0            0 
[2026-01-06T22:09:09.707+0800][52.289s][info][gc,ref      ] GC(104) O: Final References:               0            0            0 
[2026-01-06T22:09:09.707+0800][52.289s][info][gc,ref      ] GC(104) O: Phantom References:             1            1            0 
[2026-01-06T22:09:09.707+0800][52.289s][info][gc,reloc    ] GC(104) O:                        Candidates     Selected     In-Place         Size        Empty    Relocated 
[2026-01-06T22:09:09.707+0800][52.289s][info][gc,reloc    ] GC(104) O: Small Pages:                    2            1            0           4M           0M           1M 
[2026-01-06T22:09:09.707+0800][52.289s][info][gc,reloc    ] GC(104) O: Medium Pages:                   0            0            0           0M           0M           0M 
[2026-01-06T22:09:09.707+0800][52.289s][info][gc,reloc    ] GC(104) O: Large Pages:                    0            0            0           0M           0M           0M 
[2026-01-06T22:09:09.707+0800][52.289s][info][gc,reloc    ] GC(104) O: Forwarding Usage: 0M
[2026-01-06T22:09:09.707+0800][52.289s][info][gc,heap     ] GC(104) O: Min Capacity: 8M(0%)
[2026-01-06T22:09:09.707+0800][52.289s][info][gc,heap     ] GC(104) O: Max Capacity: 4096M(100%)
[2026-01-06T22:09:09.707+0800][52.289s][info][gc,heap     ] GC(104) O: Soft Max Capacity: 3686M(90%)
[2026-01-06T22:09:09.707+0800][52.289s][info][gc,heap     ] GC(104) O: Heap Statistics:
[2026-01-06T22:09:09.707+0800][52.289s][info][gc,heap     ] GC(104) O:                Mark Start          Mark End        Relocate Start      Relocate End           High               Low         
[2026-01-06T22:09:09.707+0800][52.289s][info][gc,heap     ] GC(104) O:  Capacity:     3498M (85%)        3498M (85%)        3498M (85%)        3498M (85%)        3498M (85%)        3498M (85%)    
[2026-01-06T22:09:09.707+0800][52.289s][info][gc,heap     ] GC(104) O:      Free:     2200M (54%)        4068M (99%)        4064M (99%)        4058M (99%)        4086M (100%)       2198M (54%)    
[2026-01-06T22:09:09.707+0800][52.289s][info][gc,heap     ] GC(104) O:      Used:     1896M (46%)          28M (1%)           32M (1%)           38M (1%)         1898M (46%)          10M (0%)     
[2026-01-06T22:09:09.707+0800][52.289s][info][gc,heap     ] GC(104) O: Old Generation Statistics:
[2026-01-06T22:09:09.707+0800][52.289s][info][gc,heap     ] GC(104) O:                Mark Start          Mark End        Relocate Start      Relocate End    
[2026-01-06T22:09:09.707+0800][52.289s][info][gc,heap     ] GC(104) O:      Used:        4M (0%)            4M (0%)            4M (0%)            4M (0%)     
[2026-01-06T22:09:09.707+0800][52.289s][info][gc,heap     ] GC(104) O:      Live:         -                 1M (0%)            1M (0%)            1M (0%)     
[2026-01-06T22:09:09.707+0800][52.289s][info][gc,heap     ] GC(104) O:   Garbage:         -                 2M (0%)            2M (0%)            0M (0%)     
[2026-01-06T22:09:09.707+0800][52.289s][info][gc,heap     ] GC(104) O: Allocated:         -                 0M (0%)            0M (0%)            2M (0%)     
[2026-01-06T22:09:09.707+0800][52.289s][info][gc,heap     ] GC(104) O: Reclaimed:         -                  -                 0M (0%)            2M (0%)     
[2026-01-06T22:09:09.707+0800][52.289s][info][gc,heap     ] GC(104) O: Compacted:         -                  -                  -                 1M (0%)     
[2026-01-06T22:09:09.707+0800][52.289s][info][gc,phases   ] GC(104) O: Old Generation 10M(0%)->38M(1%) 0.003s
[2026-01-06T22:09:09.707+0800][52.289s][info][gc          ] GC(104) Major Collection (Proactive) 1896M(46%)->38M(1%) 0.005s
[2026-01-06T22:09:10.215+0800][52.797s][info][gc          ] GC(105) Minor Collection (High Usage)
[2026-01-06T22:09:10.215+0800][52.797s][info][gc,task     ] GC(105) Using 1 Workers for Young Generation
[2026-01-06T22:09:10.215+0800][52.797s][info][gc,phases   ] GC(105) y: Young Generation
[2026-01-06T22:09:10.215+0800][52.797s][info][gc,phases   ] GC(105) y: Pause Mark Start 0.008ms
[2026-01-06T22:09:10.216+0800][52.797s][info][gc,phases   ] GC(105) y: Concurrent Mark 0.363ms
[2026-01-06T22:09:10.216+0800][52.797s][info][gc,phases   ] GC(105) y: Pause Mark End 0.003ms
[2026-01-06T22:09:10.216+0800][52.797s][info][gc,phases   ] GC(105) y: Concurrent Mark Free 0.002ms
[2026-01-06T22:09:10.216+0800][52.797s][info][gc,phases   ] GC(105) y: Concurrent Reset Relocation Set 0.000ms
[2026-01-06T22:09:10.217+0800][52.799s][info][gc,reloc    ] GC(105) y: Using tenuring threshold: 1 (Computed)
[2026-01-06T22:09:10.217+0800][52.799s][info][gc,phases   ] GC(105) y: Concurrent Select Relocation Set 1.404ms
[2026-01-06T22:09:10.217+0800][52.799s][info][gc,phases   ] GC(105) y: Pause Relocate Start 0.001ms
[2026-01-06T22:09:10.217+0800][52.799s][info][gc,phases   ] GC(105) y: Concurrent Relocate 0.014ms
[2026-01-06T22:09:10.217+0800][52.799s][info][gc,alloc    ] GC(105) y:                         Mark Start        Mark End      Relocate Start    Relocate End   
[2026-01-06T22:09:10.217+0800][52.799s][info][gc,alloc    ] GC(105) y: Allocation Stalls:          0                0                0                0         
[2026-01-06T22:09:10.217+0800][52.799s][info][gc,load     ] GC(105) y: Load: 2.61 (26%) / 2.03 (20%) / 2.07 (21%)
[2026-01-06T22:09:10.217+0800][52.799s][info][gc,mmu      ] GC(105) y: MMU: 2ms/0.0%, 5ms/19.3%, 10ms/59.6%, 20ms/79.8%, 50ms/91.9%, 100ms/96.0%
[2026-01-06T22:09:10.217+0800][52.799s][info][gc,marking  ] GC(105) y: Mark: 1 stripe(s), 2 proactive flush(es), 1 terminate flush(es), 0 completion(s), 0 continuation(s) 
[2026-01-06T22:09:10.217+0800][52.799s][info][gc,nmethod  ] GC(105) y: NMethods: 50 registered, 36 unregistered
[2026-01-06T22:09:10.217+0800][52.799s][info][gc,metaspace] GC(105) y: Metaspace: 0M used, 0M committed, 1088M reserved
[2026-01-06T22:09:10.217+0800][52.799s][info][gc,reloc    ] GC(105) y:                        Candidates     Selected     In-Place         Size        Empty    Relocated 
[2026-01-06T22:09:10.217+0800][52.799s][info][gc,reloc    ] GC(105) y: Small Pages:                 1740            0            0        3480M        3478M           0M 
[2026-01-06T22:09:10.217+0800][52.799s][info][gc,reloc    ] GC(105) y: Medium Pages:                   0            0            0           0M           0M           0M 
[2026-01-06T22:09:10.217+0800][52.799s][info][gc,reloc    ] GC(105) y: Large Pages:                    0            0            0           0M           0M           0M 
[2026-01-06T22:09:10.217+0800][52.799s][info][gc,reloc    ] GC(105) y: Forwarding Usage: 0M
[2026-01-06T22:09:10.217+0800][52.799s][info][gc,reloc    ] GC(105) y: Age Table:
[2026-01-06T22:09:10.217+0800][52.799s][info][gc,reloc    ] GC(105) y:                    Live             Garbage             Small              Medium             Large        
[2026-01-06T22:09:10.217+0800][52.799s][info][gc,reloc    ] GC(105) y: Eden               0M (0%)         3477M (85%)       1739 / 0              0 / 0              0 / 0        
[2026-01-06T22:09:10.217+0800][52.799s][info][gc,reloc    ] GC(105) y: Survivor 1          -                 2M (0%)           1 / 0              0 / 0              0 / 0        
[2026-01-06T22:09:10.217+0800][52.799s][info][gc,heap     ] GC(105) y: Min Capacity: 8M(0%)
[2026-01-06T22:09:10.217+0800][52.799s][info][gc,heap     ] GC(105) y: Max Capacity: 4096M(100%)
[2026-01-06T22:09:10.217+0800][52.799s][info][gc,heap     ] GC(105) y: Soft Max Capacity: 3686M(90%)
[2026-01-06T22:09:10.217+0800][52.799s][info][gc,heap     ] GC(105) y: Heap Statistics:
[2026-01-06T22:09:10.217+0800][52.799s][info][gc,heap     ] GC(105) y:                Mark Start          Mark End        Relocate Start      Relocate End           High               Low         
[2026-01-06T22:09:10.217+0800][52.799s][info][gc,heap     ] GC(105) y:  Capacity:     3498M (85%)        3498M (85%)        3498M (85%)        3498M (85%)        3498M (85%)        3498M (85%)    
[2026-01-06T22:09:10.217+0800][52.799s][info][gc,heap     ] GC(105) y:      Free:      612M (15%)         608M (15%)        4080M (100%)       4080M (100%)       4080M (100%)        608M (15%)    
[2026-01-06T22:09:10.217+0800][52.799s][info][gc,heap     ] GC(105) y:      Used:     3484M (85%)        3488M (85%)          16M (0%)           16M (0%)         3488M (85%)          16M (0%)     
[2026-01-06T22:09:10.217+0800][52.799s][info][gc,heap     ] GC(105) y: Young Generation Statistics:
[2026-01-06T22:09:10.217+0800][52.799s][info][gc,heap     ] GC(105) y:                Mark Start          Mark End        Relocate Start      Relocate End    
[2026-01-06T22:09:10.217+0800][52.799s][info][gc,heap     ] GC(105) y:      Used:     3480M (85%)        3484M (85%)          12M (0%)           12M (0%)     
[2026-01-06T22:09:10.217+0800][52.799s][info][gc,heap     ] GC(105) y:      Live:         -                 0M (0%)            0M (0%)            0M (0%)     
[2026-01-06T22:09:10.217+0800][52.799s][info][gc,heap     ] GC(105) y:   Garbage:         -              3479M (85%)           1M (0%)            1M (0%)     
[2026-01-06T22:09:10.217+0800][52.799s][info][gc,heap     ] GC(105) y: Allocated:         -                 4M (0%)           10M (0%)           10M (0%)     
[2026-01-06T22:09:10.217+0800][52.799s][info][gc,heap     ] GC(105) y: Reclaimed:         -                  -              3478M (85%)        3478M (85%)    
[2026-01-06T22:09:10.217+0800][52.799s][info][gc,heap     ] GC(105) y:  Promoted:         -                  -                 0M (0%)            0M (0%)     
[2026-01-06T22:09:10.217+0800][52.799s][info][gc,heap     ] GC(105) y: Compacted:         -                  -                  -                 0M (0%)     
[2026-01-06T22:09:10.217+0800][52.799s][info][gc,phases   ] GC(105) y: Young Generation 3484M(85%)->16M(0%) 0.002s
[2026-01-06T22:09:10.217+0800][52.799s][info][gc          ] GC(105) Minor Collection (High Usage) 3484M(85%)->18M(0%) 0.002s
[2026-01-06T22:09:10.258+0800][52.840s][info][gc          ] GC(106) Major Collection (Proactive)
[2026-01-06T22:09:10.258+0800][52.840s][info][gc,task     ] GC(106) Using 1 Workers for Young Generation
[2026-01-06T22:09:10.258+0800][52.840s][info][gc,task     ] GC(106) Using 1 Workers for Old Generation
[2026-01-06T22:09:10.258+0800][52.840s][info][gc,phases   ] GC(106) Y: Young Generation
[2026-01-06T22:09:10.258+0800][52.840s][info][gc,phases   ] GC(106) Y: Pause Mark Start (Major) 0.005ms
[2026-01-06T22:09:10.258+0800][52.840s][info][gc,phases   ] GC(106) Y: Concurrent Mark 0.216ms
[2026-01-06T22:09:10.258+0800][52.840s][info][gc,phases   ] GC(106) Y: Pause Mark End 0.003ms
[2026-01-06T22:09:10.258+0800][52.840s][info][gc,phases   ] GC(106) Y: Concurrent Mark Free 0.001ms
[2026-01-06T22:09:10.258+0800][52.840s][info][gc,phases   ] GC(106) Y: Concurrent Reset Relocation Set 0.000ms
[2026-01-06T22:09:10.258+0800][52.840s][info][gc,reloc    ] GC(106) Y: Using tenuring threshold: 1 (Computed)
[2026-01-06T22:09:10.258+0800][52.840s][info][gc,phases   ] GC(106) Y: Concurrent Select Relocation Set 0.079ms
[2026-01-06T22:09:10.259+0800][52.840s][info][gc,phases   ] GC(106) Y: Pause Relocate Start 0.001ms
[2026-01-06T22:09:10.259+0800][52.840s][info][gc,phases   ] GC(106) Y: Concurrent Relocate 0.011ms
[2026-01-06T22:09:10.259+0800][52.840s][info][gc,alloc    ] GC(106) Y:                         Mark Start        Mark End      Relocate Start    Relocate End   
[2026-01-06T22:09:10.259+0800][52.840s][info][gc,alloc    ] GC(106) Y: Allocation Stalls:          0                0                0                0         
[2026-01-06T22:09:10.259+0800][52.840s][info][gc,load     ] GC(106) Y: Load: 2.61 (26%) / 2.03 (20%) / 2.07 (21%)
[2026-01-06T22:09:10.259+0800][52.840s][info][gc,mmu      ] GC(106) Y: MMU: 2ms/0.0%, 5ms/19.3%, 10ms/59.6%, 20ms/79.8%, 50ms/91.9%, 100ms/96.0%
[2026-01-06T22:09:10.259+0800][52.840s][info][gc,marking  ] GC(106) Y: Mark: 1 stripe(s), 2 proactive flush(es), 1 terminate flush(es), 0 completion(s), 0 continuation(s) 
[2026-01-06T22:09:10.259+0800][52.840s][info][gc,nmethod  ] GC(106) Y: NMethods: 50 registered, 36 unregistered
[2026-01-06T22:09:10.259+0800][52.840s][info][gc,metaspace] GC(106) Y: Metaspace: 0M used, 0M committed, 1088M reserved
[2026-01-06T22:09:10.259+0800][52.840s][info][gc,reloc    ] GC(106) Y:                        Candidates     Selected     In-Place         Size        Empty    Relocated 
[2026-01-06T22:09:10.259+0800][52.840s][info][gc,reloc    ] GC(106) Y: Small Pages:                  211            0            0         422M         420M           0M 
[2026-01-06T22:09:10.259+0800][52.840s][info][gc,reloc    ] GC(106) Y: Medium Pages:                   0            0            0           0M           0M           0M 
[2026-01-06T22:09:10.259+0800][52.840s][info][gc,reloc    ] GC(106) Y: Large Pages:                    0            0            0           0M           0M           0M 
[2026-01-06T22:09:10.259+0800][52.840s][info][gc,reloc    ] GC(106) Y: Forwarding Usage: 0M
[2026-01-06T22:09:10.259+0800][52.840s][info][gc,reloc    ] GC(106) Y: Age Table:
[2026-01-06T22:09:10.259+0800][52.840s][info][gc,reloc    ] GC(106) Y:                    Live             Garbage             Small              Medium             Large        
[2026-01-06T22:09:10.259+0800][52.840s][info][gc,reloc    ] GC(106) Y: Eden               0M (0%)          419M (10%)        210 / 0              0 / 0              0 / 0        
[2026-01-06T22:09:10.259+0800][52.840s][info][gc,reloc    ] GC(106) Y: Survivor 1          -                 2M (0%)           1 / 0              0 / 0              0 / 0        
[2026-01-06T22:09:10.259+0800][52.840s][info][gc,heap     ] GC(106) Y: Min Capacity: 8M(0%)
[2026-01-06T22:09:10.259+0800][52.840s][info][gc,heap     ] GC(106) Y: Max Capacity: 4096M(100%)
[2026-01-06T22:09:10.259+0800][52.840s][info][gc,heap     ] GC(106) Y: Soft Max Capacity: 3686M(90%)
[2026-01-06T22:09:10.259+0800][52.840s][info][gc,heap     ] GC(106) Y: Heap Statistics:
[2026-01-06T22:09:10.259+0800][52.840s][info][gc,heap     ] GC(106) Y:                Mark Start          Mark End        Relocate Start      Relocate End           High               Low         
[2026-01-06T22:09:10.259+0800][52.840s][info][gc,heap     ] GC(106) Y:  Capacity:     3498M (85%)        3498M (85%)        3498M (85%)        3498M (85%)        3498M (85%)        3498M (85%)    
[2026-01-06T22:09:10.259+0800][52.840s][info][gc,heap     ] GC(106) Y:      Free:     3670M (90%)        3666M (90%)        4084M (100%)       4084M (100%)       4084M (100%)       3666M (90%)    
[2026-01-06T22:09:10.259+0800][52.840s][info][gc,heap     ] GC(106) Y:      Used:      426M (10%)         430M (10%)          12M (0%)           12M (0%)          430M (10%)          12M (0%)     
[2026-01-06T22:09:10.259+0800][52.840s][info][gc,heap     ] GC(106) Y: Young Generation Statistics:
[2026-01-06T22:09:10.259+0800][52.840s][info][gc,heap     ] GC(106) Y:                Mark Start          Mark End        Relocate Start      Relocate End    
[2026-01-06T22:09:10.259+0800][52.840s][info][gc,heap     ] GC(106) Y:      Used:      422M (10%)         426M (10%)           8M (0%)            8M (0%)     
[2026-01-06T22:09:10.259+0800][52.840s][info][gc,heap     ] GC(106) Y:      Live:         -                 0M (0%)            0M (0%)            0M (0%)     
[2026-01-06T22:09:10.259+0800][52.840s][info][gc,heap     ] GC(106) Y:   Garbage:         -               421M (10%)           1M (0%)            1M (0%)     
[2026-01-06T22:09:10.259+0800][52.840s][info][gc,heap     ] GC(106) Y: Allocated:         -                 4M (0%)            6M (0%)            6M (0%)     
[2026-01-06T22:09:10.259+0800][52.840s][info][gc,heap     ] GC(106) Y: Reclaimed:         -                  -               420M (10%)         420M (10%)    
[2026-01-06T22:09:10.259+0800][52.840s][info][gc,heap     ] GC(106) Y:  Promoted:         -                  -                 0M (0%)            0M (0%)     
[2026-01-06T22:09:10.259+0800][52.840s][info][gc,heap     ] GC(106) Y: Compacted:         -                  -                  -                 0M (0%)     
[2026-01-06T22:09:10.259+0800][52.840s][info][gc,phases   ] GC(106) Y: Young Generation 426M(10%)->12M(0%) 0.000s
[2026-01-06T22:09:10.259+0800][52.840s][info][gc,phases   ] GC(106) O: Old Generation
[2026-01-06T22:09:10.261+0800][52.842s][info][gc,phases   ] GC(106) O: Concurrent Mark 2.029ms
[2026-01-06T22:09:10.261+0800][52.842s][info][gc,phases   ] GC(106) O: Pause Mark End 0.003ms
[2026-01-06T22:09:10.261+0800][52.842s][info][gc,phases   ] GC(106) O: Concurrent Mark Free 0.001ms
[2026-01-06T22:09:10.261+0800][52.843s][info][gc,phases   ] GC(106) O: Concurrent Process Non-Strong 0.243ms
[2026-01-06T22:09:10.261+0800][52.843s][info][gc,phases   ] GC(106) O: Concurrent Reset Relocation Set 0.002ms
[2026-01-06T22:09:10.261+0800][52.843s][info][gc,phases   ] GC(106) O: Concurrent Select Relocation Set 0.022ms
[2026-01-06T22:09:10.261+0800][52.843s][info][gc,task     ] GC(106) O: Using 2 Workers for Old Generation
[2026-01-06T22:09:10.261+0800][52.843s][info][gc,task     ] GC(106) O: Using 1 Workers for Old Generation
[2026-01-06T22:09:10.261+0800][52.843s][info][gc,phases   ] GC(106) O: Concurrent Remap Roots 0.070ms
[2026-01-06T22:09:10.261+0800][52.843s][info][gc,phases   ] GC(106) O: Pause Relocate Start 0.002ms
[2026-01-06T22:09:10.262+0800][52.843s][info][gc,phases   ] GC(106) O: Concurrent Relocate 0.630ms
[2026-01-06T22:09:10.262+0800][52.843s][info][gc,alloc    ] GC(106) O:                         Mark Start        Mark End      Relocate Start    Relocate End   
[2026-01-06T22:09:10.262+0800][52.843s][info][gc,alloc    ] GC(106) O: Allocation Stalls:          0                0                0                0         
[2026-01-06T22:09:10.262+0800][52.843s][info][gc,load     ] GC(106) O: Load: 2.61 (26%) / 2.03 (20%) / 2.07 (21%)
[2026-01-06T22:09:10.262+0800][52.843s][info][gc,mmu      ] GC(106) O: MMU: 2ms/0.0%, 5ms/19.3%, 10ms/59.6%, 20ms/79.8%, 50ms/91.9%, 100ms/96.0%
[2026-01-06T22:09:10.262+0800][52.843s][info][gc,marking  ] GC(106) O: Mark: 1 stripe(s), 2 proactive flush(es), 1 terminate flush(es), 0 completion(s), 0 continuation(s) 
[2026-01-06T22:09:10.262+0800][52.843s][info][gc,nmethod  ] GC(106) O: NMethods: 50 registered, 36 unregistered
[2026-01-06T22:09:10.262+0800][52.843s][info][gc,metaspace] GC(106) O: Metaspace: 0M used, 0M committed, 1088M reserved
[2026-01-06T22:09:10.262+0800][52.843s][info][gc,ref      ] GC(106) O:                       Encountered   Discovered     Enqueued 
[2026-01-06T22:09:10.262+0800][52.843s][info][gc,ref      ] GC(106) O: Soft References:                1            0            0 
[2026-01-06T22:09:10.262+0800][52.843s][info][gc,ref      ] GC(106) O: Weak References:                6            0            0 
[2026-01-06T22:09:10.262+0800][52.843s][info][gc,ref      ] GC(106) O: Final References:               0            0            0 
[2026-01-06T22:09:10.262+0800][52.843s][info][gc,ref      ] GC(106) O: Phantom References:             1            1            0 
[2026-01-06T22:09:10.262+0800][52.843s][info][gc,reloc    ] GC(106) O:                        Candidates     Selected     In-Place         Size        Empty    Relocated 
[2026-01-06T22:09:10.262+0800][52.843s][info][gc,reloc    ] GC(106) O: Small Pages:                    2            1            0           4M           0M           1M 
[2026-01-06T22:09:10.262+0800][52.843s][info][gc,reloc    ] GC(106) O: Medium Pages:                   0            0            0           0M           0M           0M 
[2026-01-06T22:09:10.262+0800][52.843s][info][gc,reloc    ] GC(106) O: Large Pages:                    0            0            0           0M           0M           0M 
[2026-01-06T22:09:10.262+0800][52.843s][info][gc,reloc    ] GC(106) O: Forwarding Usage: 0M
[2026-01-06T22:09:10.262+0800][52.843s][info][gc,heap     ] GC(106) O: Min Capacity: 8M(0%)
[2026-01-06T22:09:10.262+0800][52.843s][info][gc,heap     ] GC(106) O: Max Capacity: 4096M(100%)
[2026-01-06T22:09:10.262+0800][52.843s][info][gc,heap     ] GC(106) O: Soft Max Capacity: 3686M(90%)
[2026-01-06T22:09:10.262+0800][52.844s][info][gc,heap     ] GC(106) O: Heap Statistics:
[2026-01-06T22:09:10.262+0800][52.844s][info][gc,heap     ] GC(106) O:                Mark Start          Mark End        Relocate Start      Relocate End           High               Low         
[2026-01-06T22:09:10.262+0800][52.844s][info][gc,heap     ] GC(106) O:  Capacity:     3498M (85%)        3498M (85%)        3498M (85%)        3498M (85%)        3498M (85%)        3498M (85%)    
[2026-01-06T22:09:10.262+0800][52.844s][info][gc,heap     ] GC(106) O:      Free:     3670M (90%)        4040M (99%)        4034M (98%)        4024M (98%)        4084M (100%)       3666M (90%)    
[2026-01-06T22:09:10.262+0800][52.844s][info][gc,heap     ] GC(106) O:      Used:      426M (10%)          56M (1%)           62M (2%)           72M (2%)          430M (10%)          12M (0%)     
[2026-01-06T22:09:10.262+0800][52.844s][info][gc,heap     ] GC(106) O: Old Generation Statistics:
[2026-01-06T22:09:10.262+0800][52.844s][info][gc,heap     ] GC(106) O:                Mark Start          Mark End        Relocate Start      Relocate End    
[2026-01-06T22:09:10.262+0800][52.844s][info][gc,heap     ] GC(106) O:      Used:        4M (0%)            4M (0%)            4M (0%)            4M (0%)     
[2026-01-06T22:09:10.262+0800][52.844s][info][gc,heap     ] GC(106) O:      Live:         -                 1M (0%)            1M (0%)            1M (0%)     
[2026-01-06T22:09:10.262+0800][52.844s][info][gc,heap     ] GC(106) O:   Garbage:         -                 2M (0%)            2M (0%)            0M (0%)     
[2026-01-06T22:09:10.262+0800][52.844s][info][gc,heap     ] GC(106) O: Allocated:         -                 0M (0%)            0M (0%)            2M (0%)     
[2026-01-06T22:09:10.262+0800][52.844s][info][gc,heap     ] GC(106) O: Reclaimed:         -                  -                 0M (0%)            2M (0%)     
[2026-01-06T22:09:10.262+0800][52.844s][info][gc,heap     ] GC(106) O: Compacted:         -                  -                  -                 1M (0%)     
[2026-01-06T22:09:10.262+0800][52.844s][info][gc,phases   ] GC(106) O: Old Generation 16M(0%)->72M(2%) 0.003s
[2026-01-06T22:09:10.262+0800][52.844s][info][gc          ] GC(106) Major Collection (Proactive) 426M(10%)->74M(2%) 0.004s
[2026-01-06T22:09:10.656+0800][53.238s][info][gc          ] GC(107) Major Collection (Proactive)
[2026-01-06T22:09:10.656+0800][53.238s][info][gc,task     ] GC(107) Using 1 Workers for Young Generation
[2026-01-06T22:09:10.656+0800][53.238s][info][gc,task     ] GC(107) Using 1 Workers for Old Generation
[2026-01-06T22:09:10.656+0800][53.238s][info][gc,phases   ] GC(107) Y: Young Generation
[2026-01-06T22:09:10.656+0800][53.238s][info][gc,phases   ] GC(107) Y: Pause Mark Start (Major) 0.004ms
[2026-01-06T22:09:10.657+0800][53.238s][info][gc,phases   ] GC(107) Y: Concurrent Mark 0.325ms
[2026-01-06T22:09:10.657+0800][53.238s][info][gc,phases   ] GC(107) Y: Pause Mark End 0.003ms
[2026-01-06T22:09:10.657+0800][53.238s][info][gc,phases   ] GC(107) Y: Concurrent Mark Free 0.000ms
[2026-01-06T22:09:10.657+0800][53.238s][info][gc,phases   ] GC(107) Y: Concurrent Reset Relocation Set 0.000ms
[2026-01-06T22:09:10.657+0800][53.239s][info][gc,reloc    ] GC(107) Y: Using tenuring threshold: 1 (Computed)
[2026-01-06T22:09:10.657+0800][53.239s][info][gc,phases   ] GC(107) Y: Concurrent Select Relocation Set 0.211ms
[2026-01-06T22:09:10.657+0800][53.239s][info][gc,phases   ] GC(107) Y: Pause Relocate Start 0.001ms
[2026-01-06T22:09:10.657+0800][53.239s][info][gc,phases   ] GC(107) Y: Concurrent Relocate 0.011ms
[2026-01-06T22:09:10.657+0800][53.239s][info][gc,alloc    ] GC(107) Y:                         Mark Start        Mark End      Relocate Start    Relocate End   
[2026-01-06T22:09:10.657+0800][53.239s][info][gc,alloc    ] GC(107) Y: Allocation Stalls:          0                0                0                0         
[2026-01-06T22:09:10.657+0800][53.239s][info][gc,load     ] GC(107) Y: Load: 2.61 (26%) / 2.03 (20%) / 2.07 (21%)
[2026-01-06T22:09:10.657+0800][53.239s][info][gc,mmu      ] GC(107) Y: MMU: 2ms/0.0%, 5ms/19.3%, 10ms/59.6%, 20ms/79.8%, 50ms/91.9%, 100ms/96.0%
[2026-01-06T22:09:10.657+0800][53.239s][info][gc,marking  ] GC(107) Y: Mark: 1 stripe(s), 2 proactive flush(es), 1 terminate flush(es), 0 completion(s), 0 continuation(s) 
[2026-01-06T22:09:10.657+0800][53.239s][info][gc,nmethod  ] GC(107) Y: NMethods: 50 registered, 36 unregistered
[2026-01-06T22:09:10.657+0800][53.239s][info][gc,metaspace] GC(107) Y: Metaspace: 0M used, 0M committed, 1088M reserved
[2026-01-06T22:09:10.657+0800][53.239s][info][gc,reloc    ] GC(107) Y:                        Candidates     Selected     In-Place         Size        Empty    Relocated 
[2026-01-06T22:09:10.657+0800][53.239s][info][gc,reloc    ] GC(107) Y: Small Pages:                  928            0            0        1856M        1854M           0M 
[2026-01-06T22:09:10.657+0800][53.239s][info][gc,reloc    ] GC(107) Y: Medium Pages:                   0            0            0           0M           0M           0M 
[2026-01-06T22:09:10.657+0800][53.239s][info][gc,reloc    ] GC(107) Y: Large Pages:                    0            0            0           0M           0M           0M 
[2026-01-06T22:09:10.657+0800][53.239s][info][gc,reloc    ] GC(107) Y: Forwarding Usage: 0M
[2026-01-06T22:09:10.657+0800][53.239s][info][gc,reloc    ] GC(107) Y: Age Table:
[2026-01-06T22:09:10.657+0800][53.239s][info][gc,reloc    ] GC(107) Y:                    Live             Garbage             Small              Medium             Large        
[2026-01-06T22:09:10.657+0800][53.239s][info][gc,reloc    ] GC(107) Y: Eden               0M (0%)         1853M (45%)        927 / 0              0 / 0              0 / 0        
[2026-01-06T22:09:10.657+0800][53.239s][info][gc,reloc    ] GC(107) Y: Survivor 1          -                 2M (0%)           1 / 0              0 / 0              0 / 0        
[2026-01-06T22:09:10.657+0800][53.239s][info][gc,heap     ] GC(107) Y: Min Capacity: 8M(0%)
[2026-01-06T22:09:10.657+0800][53.239s][info][gc,heap     ] GC(107) Y: Max Capacity: 4096M(100%)
[2026-01-06T22:09:10.657+0800][53.239s][info][gc,heap     ] GC(107) Y: Soft Max Capacity: 3686M(90%)
[2026-01-06T22:09:10.657+0800][53.239s][info][gc,heap     ] GC(107) Y: Heap Statistics:
[2026-01-06T22:09:10.657+0800][53.239s][info][gc,heap     ] GC(107) Y:                Mark Start          Mark End        Relocate Start      Relocate End           High               Low         
[2026-01-06T22:09:10.657+0800][53.239s][info][gc,heap     ] GC(107) Y:  Capacity:     3498M (85%)        3498M (85%)        3498M (85%)        3498M (85%)        3498M (85%)        3498M (85%)    
[2026-01-06T22:09:10.657+0800][53.239s][info][gc,heap     ] GC(107) Y:      Free:     2236M (55%)        2234M (55%)        4086M (100%)       4086M (100%)       4086M (100%)       2232M (54%)    
[2026-01-06T22:09:10.657+0800][53.239s][info][gc,heap     ] GC(107) Y:      Used:     1860M (45%)        1862M (45%)          10M (0%)           10M (0%)         1864M (46%)          10M (0%)     
[2026-01-06T22:09:10.657+0800][53.239s][info][gc,heap     ] GC(107) Y: Young Generation Statistics:
[2026-01-06T22:09:10.657+0800][53.239s][info][gc,heap     ] GC(107) Y:                Mark Start          Mark End        Relocate Start      Relocate End    
[2026-01-06T22:09:10.657+0800][53.239s][info][gc,heap     ] GC(107) Y:      Used:     1856M (45%)        1858M (45%)           6M (0%)            6M (0%)     
[2026-01-06T22:09:10.657+0800][53.239s][info][gc,heap     ] GC(107) Y:      Live:         -                 0M (0%)            0M (0%)            0M (0%)     
[2026-01-06T22:09:10.657+0800][53.239s][info][gc,heap     ] GC(107) Y:   Garbage:         -              1855M (45%)           1M (0%)            1M (0%)     
[2026-01-06T22:09:10.657+0800][53.239s][info][gc,heap     ] GC(107) Y: Allocated:         -                 2M (0%)            4M (0%)            4M (0%)     
[2026-01-06T22:09:10.657+0800][53.239s][info][gc,heap     ] GC(107) Y: Reclaimed:         -                  -              1854M (45%)        1854M (45%)    
[2026-01-06T22:09:10.657+0800][53.239s][info][gc,heap     ] GC(107) Y:  Promoted:         -                  -                 0M (0%)            0M (0%)     
[2026-01-06T22:09:10.657+0800][53.239s][info][gc,heap     ] GC(107) Y: Compacted:         -                  -                  -                 0M (0%)     
[2026-01-06T22:09:10.657+0800][53.239s][info][gc,phases   ] GC(107) Y: Young Generation 1860M(45%)->10M(0%) 0.001s
[2026-01-06T22:09:10.657+0800][53.239s][info][gc,phases   ] GC(107) O: Old Generation
[2026-01-06T22:09:10.659+0800][53.241s][info][gc,phases   ] GC(107) O: Concurrent Mark 1.733ms
[2026-01-06T22:09:10.659+0800][53.241s][info][gc,phases   ] GC(107) O: Pause Mark End 0.002ms
[2026-01-06T22:09:10.659+0800][53.241s][info][gc,phases   ] GC(107) O: Concurrent Mark Free 0.000ms
[2026-01-06T22:09:10.659+0800][53.241s][info][gc,phases   ] GC(107) O: Concurrent Process Non-Strong 0.219ms
[2026-01-06T22:09:10.659+0800][53.241s][info][gc,phases   ] GC(107) O: Concurrent Reset Relocation Set 0.000ms
[2026-01-06T22:09:10.659+0800][53.241s][info][gc,phases   ] GC(107) O: Concurrent Select Relocation Set 0.019ms
[2026-01-06T22:09:10.659+0800][53.241s][info][gc,task     ] GC(107) O: Using 2 Workers for Old Generation
[2026-01-06T22:09:10.659+0800][53.241s][info][gc,task     ] GC(107) O: Using 1 Workers for Old Generation
[2026-01-06T22:09:10.659+0800][53.241s][info][gc,phases   ] GC(107) O: Concurrent Remap Roots 0.068ms
[2026-01-06T22:09:10.659+0800][53.241s][info][gc,phases   ] GC(107) O: Pause Relocate Start 0.001ms
[2026-01-06T22:09:10.660+0800][53.242s][info][gc,phases   ] GC(107) O: Concurrent Relocate 0.671ms
[2026-01-06T22:09:10.660+0800][53.242s][info][gc,alloc    ] GC(107) O:                         Mark Start        Mark End      Relocate Start    Relocate End   
[2026-01-06T22:09:10.660+0800][53.242s][info][gc,alloc    ] GC(107) O: Allocation Stalls:          0                0                0                0         
[2026-01-06T22:09:10.660+0800][53.242s][info][gc,load     ] GC(107) O: Load: 2.61 (26%) / 2.03 (20%) / 2.07 (21%)
[2026-01-06T22:09:10.660+0800][53.242s][info][gc,mmu      ] GC(107) O: MMU: 2ms/0.0%, 5ms/19.3%, 10ms/59.6%, 20ms/79.8%, 50ms/91.9%, 100ms/96.0%
[2026-01-06T22:09:10.660+0800][53.242s][info][gc,marking  ] GC(107) O: Mark: 1 stripe(s), 2 proactive flush(es), 1 terminate flush(es), 0 completion(s), 0 continuation(s) 
[2026-01-06T22:09:10.660+0800][53.242s][info][gc,nmethod  ] GC(107) O: NMethods: 50 registered, 36 unregistered
[2026-01-06T22:09:10.660+0800][53.242s][info][gc,metaspace] GC(107) O: Metaspace: 0M used, 0M committed, 1088M reserved
[2026-01-06T22:09:10.660+0800][53.242s][info][gc,ref      ] GC(107) O:                       Encountered   Discovered     Enqueued 
[2026-01-06T22:09:10.660+0800][53.242s][info][gc,ref      ] GC(107) O: Soft References:                1            0            0 
[2026-01-06T22:09:10.660+0800][53.242s][info][gc,ref      ] GC(107) O: Weak References:                6            0            0 
[2026-01-06T22:09:10.660+0800][53.242s][info][gc,ref      ] GC(107) O: Final References:               0            0            0 
[2026-01-06T22:09:10.660+0800][53.242s][info][gc,ref      ] GC(107) O: Phantom References:             1            1            0 
[2026-01-06T22:09:10.660+0800][53.242s][info][gc,reloc    ] GC(107) O:                        Candidates     Selected     In-Place         Size        Empty    Relocated 
[2026-01-06T22:09:10.660+0800][53.242s][info][gc,reloc    ] GC(107) O: Small Pages:                    2            1            0           4M           0M           1M 
[2026-01-06T22:09:10.660+0800][53.242s][info][gc,reloc    ] GC(107) O: Medium Pages:                   0            0            0           0M           0M           0M 
[2026-01-06T22:09:10.660+0800][53.242s][info][gc,reloc    ] GC(107) O: Large Pages:                    0            0            0           0M           0M           0M 
[2026-01-06T22:09:10.660+0800][53.242s][info][gc,reloc    ] GC(107) O: Forwarding Usage: 0M
[2026-01-06T22:09:10.660+0800][53.242s][info][gc,heap     ] GC(107) O: Min Capacity: 8M(0%)
[2026-01-06T22:09:10.660+0800][53.242s][info][gc,heap     ] GC(107) O: Max Capacity: 4096M(100%)
[2026-01-06T22:09:10.660+0800][53.242s][info][gc,heap     ] GC(107) O: Soft Max Capacity: 3686M(90%)
[2026-01-06T22:09:10.660+0800][53.242s][info][gc,heap     ] GC(107) O: Heap Statistics:
[2026-01-06T22:09:10.660+0800][53.242s][info][gc,heap     ] GC(107) O:                Mark Start          Mark End        Relocate Start      Relocate End           High               Low         
[2026-01-06T22:09:10.660+0800][53.242s][info][gc,heap     ] GC(107) O:  Capacity:     3498M (85%)        3498M (85%)        3498M (85%)        3498M (85%)        3498M (85%)        3498M (85%)    
[2026-01-06T22:09:10.660+0800][53.242s][info][gc,heap     ] GC(107) O:      Free:     2236M (55%)        4052M (99%)        4046M (99%)        4034M (98%)        4086M (100%)       2232M (54%)    
[2026-01-06T22:09:10.660+0800][53.242s][info][gc,heap     ] GC(107) O:      Used:     1860M (45%)          44M (1%)           50M (1%)           62M (2%)         1864M (46%)          10M (0%)     
[2026-01-06T22:09:10.660+0800][53.242s][info][gc,heap     ] GC(107) O: Old Generation Statistics:
[2026-01-06T22:09:10.660+0800][53.242s][info][gc,heap     ] GC(107) O:                Mark Start          Mark End        Relocate Start      Relocate End    
[2026-01-06T22:09:10.660+0800][53.242s][info][gc,heap     ] GC(107) O:      Used:        4M (0%)            4M (0%)            4M (0%)            4M (0%)     
[2026-01-06T22:09:10.660+0800][53.242s][info][gc,heap     ] GC(107) O:      Live:         -                 1M (0%)            1M (0%)            1M (0%)     
[2026-01-06T22:09:10.660+0800][53.242s][info][gc,heap     ] GC(107) O:   Garbage:         -                 2M (0%)            2M (0%)            0M (0%)     
[2026-01-06T22:09:10.660+0800][53.242s][info][gc,heap     ] GC(107) O: Allocated:         -                 0M (0%)            0M (0%)            2M (0%)     
[2026-01-06T22:09:10.660+0800][53.242s][info][gc,heap     ] GC(107) O: Reclaimed:         -                  -                 0M (0%)            2M (0%)     
[2026-01-06T22:09:10.660+0800][53.242s][info][gc,heap     ] GC(107) O: Compacted:         -                  -                  -                 1M (0%)     
[2026-01-06T22:09:10.660+0800][53.242s][info][gc,phases   ] GC(107) O: Old Generation 12M(0%)->62M(2%) 0.003s
[2026-01-06T22:09:10.660+0800][53.242s][info][gc          ] GC(107) Major Collection (Proactive) 1860M(45%)->64M(2%) 0.004s
[2026-01-06T22:09:10.967+0800][53.549s][info][gc          ] GC(108) Major Collection (Proactive)
[2026-01-06T22:09:10.967+0800][53.549s][info][gc,task     ] GC(108) Using 1 Workers for Young Generation
[2026-01-06T22:09:10.967+0800][53.549s][info][gc,task     ] GC(108) Using 1 Workers for Old Generation
[2026-01-06T22:09:10.967+0800][53.549s][info][gc,phases   ] GC(108) Y: Young Generation
[2026-01-06T22:09:10.967+0800][53.549s][info][gc,phases   ] GC(108) Y: Pause Mark Start (Major) 0.004ms
[2026-01-06T22:09:10.968+0800][53.550s][info][gc,phases   ] GC(108) Y: Concurrent Mark 1.303ms
[2026-01-06T22:09:10.968+0800][53.550s][info][gc,phases   ] GC(108) Y: Pause Mark End 0.004ms
[2026-01-06T22:09:10.968+0800][53.550s][info][gc,phases   ] GC(108) Y: Concurrent Mark Free 0.000ms
[2026-01-06T22:09:10.968+0800][53.550s][info][gc,phases   ] GC(108) Y: Concurrent Reset Relocation Set 0.000ms
[2026-01-06T22:09:10.969+0800][53.550s][info][gc,reloc    ] GC(108) Y: Using tenuring threshold: 1 (Computed)
[2026-01-06T22:09:10.969+0800][53.550s][info][gc,phases   ] GC(108) Y: Concurrent Select Relocation Set 0.453ms
[2026-01-06T22:09:10.969+0800][53.550s][info][gc,phases   ] GC(108) Y: Pause Relocate Start 0.001ms
[2026-01-06T22:09:10.969+0800][53.550s][info][gc,phases   ] GC(108) Y: Concurrent Relocate 0.012ms
[2026-01-06T22:09:10.969+0800][53.551s][info][gc,alloc    ] GC(108) Y:                         Mark Start        Mark End      Relocate Start    Relocate End   
[2026-01-06T22:09:10.969+0800][53.551s][info][gc,alloc    ] GC(108) Y: Allocation Stalls:          0                0                0                0         
[2026-01-06T22:09:10.969+0800][53.551s][info][gc,load     ] GC(108) Y: Load: 2.61 (26%) / 2.03 (20%) / 2.07 (21%)
[2026-01-06T22:09:10.969+0800][53.551s][info][gc,mmu      ] GC(108) Y: MMU: 2ms/0.0%, 5ms/19.3%, 10ms/59.6%, 20ms/79.8%, 50ms/91.9%, 100ms/96.0%
[2026-01-06T22:09:10.969+0800][53.551s][info][gc,marking  ] GC(108) Y: Mark: 1 stripe(s), 2 proactive flush(es), 1 terminate flush(es), 0 completion(s), 0 continuation(s) 
[2026-01-06T22:09:10.969+0800][53.551s][info][gc,nmethod  ] GC(108) Y: NMethods: 50 registered, 36 unregistered
[2026-01-06T22:09:10.969+0800][53.551s][info][gc,metaspace] GC(108) Y: Metaspace: 0M used, 0M committed, 1088M reserved
[2026-01-06T22:09:10.969+0800][53.551s][info][gc,reloc    ] GC(108) Y:                        Candidates     Selected     In-Place         Size        Empty    Relocated 
[2026-01-06T22:09:10.969+0800][53.551s][info][gc,reloc    ] GC(108) Y: Small Pages:                 1232            0            0        2464M        2462M           0M 
[2026-01-06T22:09:10.969+0800][53.551s][info][gc,reloc    ] GC(108) Y: Medium Pages:                   0            0            0           0M           0M           0M 
[2026-01-06T22:09:10.969+0800][53.551s][info][gc,reloc    ] GC(108) Y: Large Pages:                    0            0            0           0M           0M           0M 
[2026-01-06T22:09:10.969+0800][53.551s][info][gc,reloc    ] GC(108) Y: Forwarding Usage: 0M
[2026-01-06T22:09:10.969+0800][53.551s][info][gc,reloc    ] GC(108) Y: Age Table:
[2026-01-06T22:09:10.969+0800][53.551s][info][gc,reloc    ] GC(108) Y:                    Live             Garbage             Small              Medium             Large        
[2026-01-06T22:09:10.969+0800][53.551s][info][gc,reloc    ] GC(108) Y: Eden               0M (0%)         2461M (60%)       1231 / 0              0 / 0              0 / 0        
[2026-01-06T22:09:10.969+0800][53.551s][info][gc,reloc    ] GC(108) Y: Survivor 1          -                 2M (0%)           1 / 0              0 / 0              0 / 0        
[2026-01-06T22:09:10.969+0800][53.551s][info][gc,heap     ] GC(108) Y: Min Capacity: 8M(0%)
[2026-01-06T22:09:10.969+0800][53.551s][info][gc,heap     ] GC(108) Y: Max Capacity: 4096M(100%)
[2026-01-06T22:09:10.969+0800][53.551s][info][gc,heap     ] GC(108) Y: Soft Max Capacity: 3686M(90%)
[2026-01-06T22:09:10.969+0800][53.551s][info][gc,heap     ] GC(108) Y: Heap Statistics:
[2026-01-06T22:09:10.969+0800][53.551s][info][gc,heap     ] GC(108) Y:                Mark Start          Mark End        Relocate Start      Relocate End           High               Low         
[2026-01-06T22:09:10.969+0800][53.551s][info][gc,heap     ] GC(108) Y:  Capacity:     3498M (85%)        3498M (85%)        3498M (85%)        3498M (85%)        3498M (85%)        3498M (85%)    
[2026-01-06T22:09:10.969+0800][53.551s][info][gc,heap     ] GC(108) Y:      Free:     1628M (40%)        1624M (40%)        4086M (100%)       4086M (100%)       4086M (100%)       1624M (40%)    
[2026-01-06T22:09:10.969+0800][53.551s][info][gc,heap     ] GC(108) Y:      Used:     2468M (60%)        2472M (60%)          10M (0%)           10M (0%)         2472M (60%)          10M (0%)     
[2026-01-06T22:09:10.969+0800][53.551s][info][gc,heap     ] GC(108) Y: Young Generation Statistics:
[2026-01-06T22:09:10.969+0800][53.551s][info][gc,heap     ] GC(108) Y:                Mark Start          Mark End        Relocate Start      Relocate End    
[2026-01-06T22:09:10.969+0800][53.551s][info][gc,heap     ] GC(108) Y:      Used:     2464M (60%)        2468M (60%)           6M (0%)            6M (0%)     
[2026-01-06T22:09:10.969+0800][53.551s][info][gc,heap     ] GC(108) Y:      Live:         -                 0M (0%)            0M (0%)            0M (0%)     
[2026-01-06T22:09:10.969+0800][53.551s][info][gc,heap     ] GC(108) Y:   Garbage:         -              2463M (60%)           1M (0%)            1M (0%)     
[2026-01-06T22:09:10.969+0800][53.551s][info][gc,heap     ] GC(108) Y: Allocated:         -                 4M (0%)            4M (0%)            4M (0%)     
[2026-01-06T22:09:10.969+0800][53.551s][info][gc,heap     ] GC(108) Y: Reclaimed:         -                  -              2462M (60%)        2462M (60%)    
[2026-01-06T22:09:10.969+0800][53.551s][info][gc,heap     ] GC(108) Y:  Promoted:         -                  -                 0M (0%)            0M (0%)     
[2026-01-06T22:09:10.969+0800][53.551s][info][gc,heap     ] GC(108) Y: Compacted:         -                  -                  -                 0M (0%)     
[2026-01-06T22:09:10.969+0800][53.551s][info][gc,phases   ] GC(108) Y: Young Generation 2468M(60%)->10M(0%) 0.002s
[2026-01-06T22:09:10.969+0800][53.551s][info][gc,phases   ] GC(108) O: Old Generation
[2026-01-06T22:09:10.970+0800][53.552s][info][gc,phases   ] GC(108) O: Concurrent Mark 1.479ms
[2026-01-06T22:09:10.970+0800][53.552s][info][gc,phases   ] GC(108) O: Pause Mark End 0.002ms
[2026-01-06T22:09:10.970+0800][53.552s][info][gc,phases   ] GC(108) O: Concurrent Mark Free 0.000ms
[2026-01-06T22:09:10.971+0800][53.552s][info][gc,phases   ] GC(108) O: Concurrent Process Non-Strong 0.229ms
[2026-01-06T22:09:10.971+0800][53.552s][info][gc,phases   ] GC(108) O: Concurrent Reset Relocation Set 0.000ms
[2026-01-06T22:09:10.971+0800][53.552s][info][gc,phases   ] GC(108) O: Concurrent Select Relocation Set 0.021ms
[2026-01-06T22:09:10.971+0800][53.552s][info][gc,task     ] GC(108) O: Using 2 Workers for Old Generation
[2026-01-06T22:09:10.971+0800][53.552s][info][gc,task     ] GC(108) O: Using 1 Workers for Old Generation
[2026-01-06T22:09:10.971+0800][53.552s][info][gc,phases   ] GC(108) O: Concurrent Remap Roots 0.067ms
[2026-01-06T22:09:10.971+0800][53.553s][info][gc,phases   ] GC(108) O: Pause Relocate Start 0.001ms
[2026-01-06T22:09:10.971+0800][53.553s][info][gc,phases   ] GC(108) O: Concurrent Relocate 0.588ms
[2026-01-06T22:09:10.971+0800][53.553s][info][gc,alloc    ] GC(108) O:                         Mark Start        Mark End      Relocate Start    Relocate End   
[2026-01-06T22:09:10.971+0800][53.553s][info][gc,alloc    ] GC(108) O: Allocation Stalls:          0                0                0                0         
[2026-01-06T22:09:10.971+0800][53.553s][info][gc,load     ] GC(108) O: Load: 2.61 (26%) / 2.03 (20%) / 2.07 (21%)
[2026-01-06T22:09:10.971+0800][53.553s][info][gc,mmu      ] GC(108) O: MMU: 2ms/0.0%, 5ms/19.3%, 10ms/59.6%, 20ms/79.8%, 50ms/91.9%, 100ms/96.0%
[2026-01-06T22:09:10.971+0800][53.553s][info][gc,marking  ] GC(108) O: Mark: 1 stripe(s), 2 proactive flush(es), 1 terminate flush(es), 0 completion(s), 0 continuation(s) 
[2026-01-06T22:09:10.971+0800][53.553s][info][gc,nmethod  ] GC(108) O: NMethods: 50 registered, 36 unregistered
[2026-01-06T22:09:10.971+0800][53.553s][info][gc,metaspace] GC(108) O: Metaspace: 0M used, 0M committed, 1088M reserved
[2026-01-06T22:09:10.971+0800][53.553s][info][gc,ref      ] GC(108) O:                       Encountered   Discovered     Enqueued 
[2026-01-06T22:09:10.971+0800][53.553s][info][gc,ref      ] GC(108) O: Soft References:                1            0            0 
[2026-01-06T22:09:10.971+0800][53.553s][info][gc,ref      ] GC(108) O: Weak References:                6            0            0 
[2026-01-06T22:09:10.972+0800][53.553s][info][gc,ref      ] GC(108) O: Final References:               0            0            0 
[2026-01-06T22:09:10.972+0800][53.553s][info][gc,ref      ] GC(108) O: Phantom References:             1            1            0 
[2026-01-06T22:09:10.972+0800][53.553s][info][gc,reloc    ] GC(108) O:                        Candidates     Selected     In-Place         Size        Empty    Relocated 
[2026-01-06T22:09:10.972+0800][53.553s][info][gc,reloc    ] GC(108) O: Small Pages:                    2            1            0           4M           0M           1M 
[2026-01-06T22:09:10.972+0800][53.553s][info][gc,reloc    ] GC(108) O: Medium Pages:                   0            0            0           0M           0M           0M 
[2026-01-06T22:09:10.972+0800][53.553s][info][gc,reloc    ] GC(108) O: Large Pages:                    0            0            0           0M           0M           0M 
[2026-01-06T22:09:10.972+0800][53.553s][info][gc,reloc    ] GC(108) O: Forwarding Usage: 0M
[2026-01-06T22:09:10.972+0800][53.553s][info][gc,heap     ] GC(108) O: Min Capacity: 8M(0%)
[2026-01-06T22:09:10.972+0800][53.553s][info][gc,heap     ] GC(108) O: Max Capacity: 4096M(100%)
[2026-01-06T22:09:10.972+0800][53.553s][info][gc,heap     ] GC(108) O: Soft Max Capacity: 3686M(90%)
[2026-01-06T22:09:10.972+0800][53.553s][info][gc,heap     ] GC(108) O: Heap Statistics:
[2026-01-06T22:09:10.972+0800][53.553s][info][gc,heap     ] GC(108) O:                Mark Start          Mark End        Relocate Start      Relocate End           High               Low         
[2026-01-06T22:09:10.972+0800][53.553s][info][gc,heap     ] GC(108) O:  Capacity:     3498M (85%)        3498M (85%)        3498M (85%)        3498M (85%)        3498M (85%)        3498M (85%)    
[2026-01-06T22:09:10.972+0800][53.553s][info][gc,heap     ] GC(108) O:      Free:     1628M (40%)        4056M (99%)        4050M (99%)        4038M (99%)        4086M (100%)       1624M (40%)    
[2026-01-06T22:09:10.972+0800][53.553s][info][gc,heap     ] GC(108) O:      Used:     2468M (60%)          40M (1%)           46M (1%)           58M (1%)         2472M (60%)          10M (0%)     
[2026-01-06T22:09:10.972+0800][53.553s][info][gc,heap     ] GC(108) O: Old Generation Statistics:
[2026-01-06T22:09:10.972+0800][53.553s][info][gc,heap     ] GC(108) O:                Mark Start          Mark End        Relocate Start      Relocate End    
[2026-01-06T22:09:10.972+0800][53.553s][info][gc,heap     ] GC(108) O:      Used:        4M (0%)            4M (0%)            4M (0%)            4M (0%)     
[2026-01-06T22:09:10.972+0800][53.553s][info][gc,heap     ] GC(108) O:      Live:         -                 1M (0%)            1M (0%)            1M (0%)     
[2026-01-06T22:09:10.972+0800][53.553s][info][gc,heap     ] GC(108) O:   Garbage:         -                 2M (0%)            2M (0%)            0M (0%)     
[2026-01-06T22:09:10.972+0800][53.553s][info][gc,heap     ] GC(108) O: Allocated:         -                 0M (0%)            0M (0%)            2M (0%)     
[2026-01-06T22:09:10.972+0800][53.553s][info][gc,heap     ] GC(108) O: Reclaimed:         -                  -                 0M (0%)            2M (0%)     
[2026-01-06T22:09:10.972+0800][53.553s][info][gc,heap     ] GC(108) O: Compacted:         -                  -                  -                 1M (0%)     
[2026-01-06T22:09:10.972+0800][53.553s][info][gc,phases   ] GC(108) O: Old Generation 14M(0%)->58M(1%) 0.002s
[2026-01-06T22:09:10.972+0800][53.553s][info][gc          ] GC(108) Major Collection (Proactive) 2468M(60%)->60M(1%) 0.005s
[2026-01-06T22:09:11.330+0800][53.912s][info][gc          ] GC(109) Major Collection (Proactive)
[2026-01-06T22:09:11.332+0800][53.914s][info][gc,task     ] GC(109) Using 1 Workers for Young Generation
[2026-01-06T22:09:11.332+0800][53.914s][info][gc,task     ] GC(109) Using 1 Workers for Old Generation
[2026-01-06T22:09:11.332+0800][53.914s][info][gc,phases   ] GC(109) Y: Young Generation
[2026-01-06T22:09:11.333+0800][53.914s][info][gc,phases   ] GC(109) Y: Pause Mark Start (Major) 0.017ms
[2026-01-06T22:09:11.333+0800][53.915s][info][gc,phases   ] GC(109) Y: Concurrent Mark 0.579ms
[2026-01-06T22:09:11.333+0800][53.915s][info][gc,phases   ] GC(109) Y: Pause Mark End 0.003ms
[2026-01-06T22:09:11.333+0800][53.915s][info][gc,phases   ] GC(109) Y: Concurrent Mark Free 0.006ms
[2026-01-06T22:09:11.333+0800][53.915s][info][gc,phases   ] GC(109) Y: Concurrent Reset Relocation Set 0.000ms
[2026-01-06T22:09:11.338+0800][53.919s][info][gc,reloc    ] GC(109) Y: Using tenuring threshold: 1 (Computed)
[2026-01-06T22:09:11.338+0800][53.919s][info][gc,phases   ] GC(109) Y: Concurrent Select Relocation Set 4.521ms
[2026-01-06T22:09:11.338+0800][53.919s][info][gc,phases   ] GC(109) Y: Pause Relocate Start 0.002ms
[2026-01-06T22:09:11.338+0800][53.919s][info][gc,phases   ] GC(109) Y: Concurrent Relocate 0.010ms
[2026-01-06T22:09:11.338+0800][53.919s][info][gc,alloc    ] GC(109) Y:                         Mark Start        Mark End      Relocate Start    Relocate End   
[2026-01-06T22:09:11.338+0800][53.919s][info][gc,alloc    ] GC(109) Y: Allocation Stalls:          0                0                0                0         
[2026-01-06T22:09:11.338+0800][53.919s][info][gc,load     ] GC(109) Y: Load: 2.61 (26%) / 2.03 (20%) / 2.07 (21%)
[2026-01-06T22:09:11.338+0800][53.919s][info][gc,mmu      ] GC(109) Y: MMU: 2ms/0.0%, 5ms/19.3%, 10ms/59.6%, 20ms/79.8%, 50ms/91.9%, 100ms/96.0%
[2026-01-06T22:09:11.338+0800][53.920s][info][gc,marking  ] GC(109) Y: Mark: 1 stripe(s), 2 proactive flush(es), 1 terminate flush(es), 0 completion(s), 0 continuation(s) 
[2026-01-06T22:09:11.338+0800][53.920s][info][gc,nmethod  ] GC(109) Y: NMethods: 50 registered, 36 unregistered
[2026-01-06T22:09:11.338+0800][53.920s][info][gc,metaspace] GC(109) Y: Metaspace: 0M used, 0M committed, 1088M reserved
[2026-01-06T22:09:11.338+0800][53.920s][info][gc,reloc    ] GC(109) Y:                        Candidates     Selected     In-Place         Size        Empty    Relocated 
[2026-01-06T22:09:11.338+0800][53.920s][info][gc,reloc    ] GC(109) Y: Small Pages:                 1605            0            0        3210M        3208M           0M 
[2026-01-06T22:09:11.338+0800][53.920s][info][gc,reloc    ] GC(109) Y: Medium Pages:                   0            0            0           0M           0M           0M 
[2026-01-06T22:09:11.338+0800][53.920s][info][gc,reloc    ] GC(109) Y: Large Pages:                    0            0            0           0M           0M           0M 
[2026-01-06T22:09:11.338+0800][53.920s][info][gc,reloc    ] GC(109) Y: Forwarding Usage: 0M
[2026-01-06T22:09:11.338+0800][53.920s][info][gc,reloc    ] GC(109) Y: Age Table:
[2026-01-06T22:09:11.338+0800][53.920s][info][gc,reloc    ] GC(109) Y:                    Live             Garbage             Small              Medium             Large        
[2026-01-06T22:09:11.338+0800][53.920s][info][gc,reloc    ] GC(109) Y: Eden               0M (0%)         3207M (78%)       1604 / 0              0 / 0              0 / 0        
[2026-01-06T22:09:11.338+0800][53.920s][info][gc,reloc    ] GC(109) Y: Survivor 1          -                 2M (0%)           1 / 0              0 / 0              0 / 0        
[2026-01-06T22:09:11.338+0800][53.920s][info][gc,heap     ] GC(109) Y: Min Capacity: 8M(0%)
[2026-01-06T22:09:11.338+0800][53.920s][info][gc,heap     ] GC(109) Y: Max Capacity: 4096M(100%)
[2026-01-06T22:09:11.338+0800][53.920s][info][gc,heap     ] GC(109) Y: Soft Max Capacity: 3686M(90%)
[2026-01-06T22:09:11.338+0800][53.920s][info][gc,heap     ] GC(109) Y: Heap Statistics:
[2026-01-06T22:09:11.338+0800][53.920s][info][gc,heap     ] GC(109) Y:                Mark Start          Mark End        Relocate Start      Relocate End           High               Low         
[2026-01-06T22:09:11.338+0800][53.920s][info][gc,heap     ] GC(109) Y:  Capacity:     3498M (85%)        3498M (85%)        3498M (85%)        3498M (85%)        3498M (85%)        3498M (85%)    
[2026-01-06T22:09:11.338+0800][53.920s][info][gc,heap     ] GC(109) Y:      Free:      882M (22%)         878M (21%)        4084M (100%)       4084M (100%)       4084M (100%)        878M (21%)    
[2026-01-06T22:09:11.338+0800][53.920s][info][gc,heap     ] GC(109) Y:      Used:     3214M (78%)        3218M (79%)          12M (0%)           12M (0%)         3218M (79%)          12M (0%)     
[2026-01-06T22:09:11.338+0800][53.920s][info][gc,heap     ] GC(109) Y: Young Generation Statistics:
[2026-01-06T22:09:11.338+0800][53.920s][info][gc,heap     ] GC(109) Y:                Mark Start          Mark End        Relocate Start      Relocate End    
[2026-01-06T22:09:11.338+0800][53.920s][info][gc,heap     ] GC(109) Y:      Used:     3210M (78%)        3214M (78%)           8M (0%)            8M (0%)     
[2026-01-06T22:09:11.338+0800][53.920s][info][gc,heap     ] GC(109) Y:      Live:         -                 0M (0%)            0M (0%)            0M (0%)     
[2026-01-06T22:09:11.338+0800][53.920s][info][gc,heap     ] GC(109) Y:   Garbage:         -              3209M (78%)           1M (0%)            1M (0%)     
[2026-01-06T22:09:11.338+0800][53.920s][info][gc,heap     ] GC(109) Y: Allocated:         -                 4M (0%)            6M (0%)            6M (0%)     
[2026-01-06T22:09:11.338+0800][53.920s][info][gc,heap     ] GC(109) Y: Reclaimed:         -                  -              3208M (78%)        3208M (78%)    
[2026-01-06T22:09:11.338+0800][53.920s][info][gc,heap     ] GC(109) Y:  Promoted:         -                  -                 0M (0%)            0M (0%)     
[2026-01-06T22:09:11.338+0800][53.920s][info][gc,heap     ] GC(109) Y: Compacted:         -                  -                  -                 0M (0%)     
[2026-01-06T22:09:11.338+0800][53.920s][info][gc,phases   ] GC(109) Y: Young Generation 3214M(78%)->12M(0%) 0.005s
[2026-01-06T22:09:11.338+0800][53.920s][info][gc,phases   ] GC(109) O: Old Generation
[2026-01-06T22:09:11.340+0800][53.922s][info][gc,phases   ] GC(109) O: Concurrent Mark 2.018ms
[2026-01-06T22:09:11.340+0800][53.922s][info][gc,phases   ] GC(109) O: Pause Mark End 0.003ms
[2026-01-06T22:09:11.340+0800][53.922s][info][gc,phases   ] GC(109) O: Concurrent Mark Free 0.001ms
[2026-01-06T22:09:11.340+0800][53.922s][info][gc,phases   ] GC(109) O: Concurrent Process Non-Strong 0.258ms
[2026-01-06T22:09:11.340+0800][53.922s][info][gc,phases   ] GC(109) O: Concurrent Reset Relocation Set 0.006ms
[2026-01-06T22:09:11.340+0800][53.922s][info][gc,phases   ] GC(109) O: Concurrent Select Relocation Set 0.031ms
[2026-01-06T22:09:11.340+0800][53.922s][info][gc,task     ] GC(109) O: Using 2 Workers for Old Generation
[2026-01-06T22:09:11.340+0800][53.922s][info][gc,task     ] GC(109) O: Using 1 Workers for Old Generation
[2026-01-06T22:09:11.340+0800][53.922s][info][gc,phases   ] GC(109) O: Concurrent Remap Roots 0.069ms
[2026-01-06T22:09:11.340+0800][53.922s][info][gc,phases   ] GC(109) O: Pause Relocate Start 0.001ms
[2026-01-06T22:09:11.341+0800][53.923s][info][gc,phases   ] GC(109) O: Concurrent Relocate 0.834ms
[2026-01-06T22:09:11.341+0800][53.923s][info][gc,alloc    ] GC(109) O:                         Mark Start        Mark End      Relocate Start    Relocate End   
[2026-01-06T22:09:11.341+0800][53.923s][info][gc,alloc    ] GC(109) O: Allocation Stalls:          0                0                0                0         
[2026-01-06T22:09:11.341+0800][53.923s][info][gc,load     ] GC(109) O: Load: 2.61 (26%) / 2.03 (20%) / 2.07 (21%)
[2026-01-06T22:09:11.341+0800][53.923s][info][gc,mmu      ] GC(109) O: MMU: 2ms/0.0%, 5ms/19.3%, 10ms/59.6%, 20ms/79.8%, 50ms/91.9%, 100ms/96.0%
[2026-01-06T22:09:11.341+0800][53.923s][info][gc,marking  ] GC(109) O: Mark: 1 stripe(s), 2 proactive flush(es), 1 terminate flush(es), 0 completion(s), 0 continuation(s) 
[2026-01-06T22:09:11.341+0800][53.923s][info][gc,nmethod  ] GC(109) O: NMethods: 50 registered, 36 unregistered
[2026-01-06T22:09:11.341+0800][53.923s][info][gc,metaspace] GC(109) O: Metaspace: 0M used, 0M committed, 1088M reserved
[2026-01-06T22:09:11.341+0800][53.923s][info][gc,ref      ] GC(109) O:                       Encountered   Discovered     Enqueued 
[2026-01-06T22:09:11.341+0800][53.923s][info][gc,ref      ] GC(109) O: Soft References:                1            0            0 
[2026-01-06T22:09:11.341+0800][53.923s][info][gc,ref      ] GC(109) O: Weak References:                6            0            0 
[2026-01-06T22:09:11.341+0800][53.923s][info][gc,ref      ] GC(109) O: Final References:               0            0            0 
[2026-01-06T22:09:11.341+0800][53.923s][info][gc,ref      ] GC(109) O: Phantom References:             1            1            0 
[2026-01-06T22:09:11.341+0800][53.923s][info][gc,reloc    ] GC(109) O:                        Candidates     Selected     In-Place         Size        Empty    Relocated 
[2026-01-06T22:09:11.341+0800][53.923s][info][gc,reloc    ] GC(109) O: Small Pages:                    2            1            0           4M           0M           1M 
[2026-01-06T22:09:11.341+0800][53.923s][info][gc,reloc    ] GC(109) O: Medium Pages:                   0            0            0           0M           0M           0M 
[2026-01-06T22:09:11.341+0800][53.923s][info][gc,reloc    ] GC(109) O: Large Pages:                    0            0            0           0M           0M           0M 
[2026-01-06T22:09:11.341+0800][53.923s][info][gc,reloc    ] GC(109) O: Forwarding Usage: 0M
[2026-01-06T22:09:11.341+0800][53.923s][info][gc,heap     ] GC(109) O: Min Capacity: 8M(0%)
[2026-01-06T22:09:11.341+0800][53.923s][info][gc,heap     ] GC(109) O: Max Capacity: 4096M(100%)
[2026-01-06T22:09:11.341+0800][53.923s][info][gc,heap     ] GC(109) O: Soft Max Capacity: 3686M(90%)
[2026-01-06T22:09:11.341+0800][53.923s][info][gc,heap     ] GC(109) O: Heap Statistics:
[2026-01-06T22:09:11.341+0800][53.923s][info][gc,heap     ] GC(109) O:                Mark Start          Mark End        Relocate Start      Relocate End           High               Low         
[2026-01-06T22:09:11.341+0800][53.923s][info][gc,heap     ] GC(109) O:  Capacity:     3498M (85%)        3498M (85%)        3498M (85%)        3498M (85%)        3498M (85%)        3498M (85%)    
[2026-01-06T22:09:11.341+0800][53.923s][info][gc,heap     ] GC(109) O:      Free:      882M (22%)        4070M (99%)        4066M (99%)        4060M (99%)        4084M (100%)        878M (21%)    
[2026-01-06T22:09:11.341+0800][53.923s][info][gc,heap     ] GC(109) O:      Used:     3214M (78%)          26M (1%)           30M (1%)           36M (1%)         3218M (79%)          12M (0%)     
[2026-01-06T22:09:11.341+0800][53.923s][info][gc,heap     ] GC(109) O: Old Generation Statistics:
[2026-01-06T22:09:11.341+0800][53.923s][info][gc,heap     ] GC(109) O:                Mark Start          Mark End        Relocate Start      Relocate End    
[2026-01-06T22:09:11.341+0800][53.923s][info][gc,heap     ] GC(109) O:      Used:        4M (0%)            4M (0%)            4M (0%)            4M (0%)     
[2026-01-06T22:09:11.341+0800][53.923s][info][gc,heap     ] GC(109) O:      Live:         -                 1M (0%)            1M (0%)            1M (0%)     
[2026-01-06T22:09:11.341+0800][53.923s][info][gc,heap     ] GC(109) O:   Garbage:         -                 2M (0%)            2M (0%)            0M (0%)     
[2026-01-06T22:09:11.341+0800][53.923s][info][gc,heap     ] GC(109) O: Allocated:         -                 0M (0%)            0M (0%)            2M (0%)     
[2026-01-06T22:09:11.341+0800][53.923s][info][gc,heap     ] GC(109) O: Reclaimed:         -                  -                 0M (0%)            2M (0%)     
[2026-01-06T22:09:11.341+0800][53.923s][info][gc,heap     ] GC(109) O: Compacted:         -                  -                  -                 1M (0%)     
[2026-01-06T22:09:11.341+0800][53.923s][info][gc,phases   ] GC(109) O: Old Generation 12M(0%)->36M(1%) 0.003s
[2026-01-06T22:09:11.341+0800][53.923s][info][gc          ] GC(109) Major Collection (Proactive) 3214M(78%)->36M(1%) 0.011s
[2026-01-06T22:09:12.042+0800][54.624s][info][gc          ] GC(110) Major Collection (Proactive)
[2026-01-06T22:09:12.043+0800][54.624s][info][gc,task     ] GC(110) Using 1 Workers for Young Generation
[2026-01-06T22:09:12.043+0800][54.624s][info][gc,task     ] GC(110) Using 1 Workers for Old Generation
[2026-01-06T22:09:12.043+0800][54.624s][info][gc,phases   ] GC(110) Y: Young Generation
[2026-01-06T22:09:12.043+0800][54.624s][info][gc,phases   ] GC(110) Y: Pause Mark Start (Major) 0.012ms
[2026-01-06T22:09:12.043+0800][54.625s][info][gc,phases   ] GC(110) Y: Concurrent Mark 0.367ms
[2026-01-06T22:09:12.043+0800][54.625s][info][gc,phases   ] GC(110) Y: Pause Mark End 0.003ms
[2026-01-06T22:09:12.043+0800][54.625s][info][gc,phases   ] GC(110) Y: Concurrent Mark Free 0.002ms
[2026-01-06T22:09:12.043+0800][54.625s][info][gc,phases   ] GC(110) Y: Concurrent Reset Relocation Set 0.000ms
[2026-01-06T22:09:12.044+0800][54.626s][info][gc,reloc    ] GC(110) Y: Using tenuring threshold: 1 (Computed)
[2026-01-06T22:09:12.044+0800][54.626s][info][gc,phases   ] GC(110) Y: Concurrent Select Relocation Set 1.113ms
[2026-01-06T22:09:12.044+0800][54.626s][info][gc,phases   ] GC(110) Y: Pause Relocate Start 0.002ms
[2026-01-06T22:09:12.044+0800][54.626s][info][gc,phases   ] GC(110) Y: Concurrent Relocate 0.009ms
[2026-01-06T22:09:12.044+0800][54.626s][info][gc,alloc    ] GC(110) Y:                         Mark Start        Mark End      Relocate Start    Relocate End   
[2026-01-06T22:09:12.044+0800][54.626s][info][gc,alloc    ] GC(110) Y: Allocation Stalls:          0                0                0                0         
[2026-01-06T22:09:12.044+0800][54.626s][info][gc,load     ] GC(110) Y: Load: 2.48 (25%) / 2.01 (20%) / 2.06 (21%)
[2026-01-06T22:09:12.044+0800][54.626s][info][gc,mmu      ] GC(110) Y: MMU: 2ms/0.0%, 5ms/19.3%, 10ms/59.6%, 20ms/79.8%, 50ms/91.9%, 100ms/96.0%
[2026-01-06T22:09:12.044+0800][54.626s][info][gc,marking  ] GC(110) Y: Mark: 1 stripe(s), 2 proactive flush(es), 1 terminate flush(es), 0 completion(s), 0 continuation(s) 
[2026-01-06T22:09:12.044+0800][54.626s][info][gc,nmethod  ] GC(110) Y: NMethods: 50 registered, 36 unregistered
[2026-01-06T22:09:12.044+0800][54.626s][info][gc,metaspace] GC(110) Y: Metaspace: 0M used, 0M committed, 1088M reserved
[2026-01-06T22:09:12.044+0800][54.626s][info][gc,reloc    ] GC(110) Y:                        Candidates     Selected     In-Place         Size        Empty    Relocated 
[2026-01-06T22:09:12.044+0800][54.626s][info][gc,reloc    ] GC(110) Y: Small Pages:                 1620            0            0        3240M        3238M           0M 
[2026-01-06T22:09:12.044+0800][54.626s][info][gc,reloc    ] GC(110) Y: Medium Pages:                   0            0            0           0M           0M           0M 
[2026-01-06T22:09:12.044+0800][54.626s][info][gc,reloc    ] GC(110) Y: Large Pages:                    0            0            0           0M           0M           0M 
[2026-01-06T22:09:12.044+0800][54.626s][info][gc,reloc    ] GC(110) Y: Forwarding Usage: 0M
[2026-01-06T22:09:12.044+0800][54.626s][info][gc,reloc    ] GC(110) Y: Age Table:
[2026-01-06T22:09:12.044+0800][54.626s][info][gc,reloc    ] GC(110) Y:                    Live             Garbage             Small              Medium             Large        
[2026-01-06T22:09:12.044+0800][54.626s][info][gc,reloc    ] GC(110) Y: Eden               0M (0%)         3237M (79%)       1619 / 0              0 / 0              0 / 0        
[2026-01-06T22:09:12.044+0800][54.626s][info][gc,reloc    ] GC(110) Y: Survivor 1          -                 2M (0%)           1 / 0              0 / 0              0 / 0        
[2026-01-06T22:09:12.044+0800][54.626s][info][gc,heap     ] GC(110) Y: Min Capacity: 8M(0%)
[2026-01-06T22:09:12.044+0800][54.626s][info][gc,heap     ] GC(110) Y: Max Capacity: 4096M(100%)
[2026-01-06T22:09:12.044+0800][54.626s][info][gc,heap     ] GC(110) Y: Soft Max Capacity: 3686M(90%)
[2026-01-06T22:09:12.044+0800][54.626s][info][gc,heap     ] GC(110) Y: Heap Statistics:
[2026-01-06T22:09:12.044+0800][54.626s][info][gc,heap     ] GC(110) Y:                Mark Start          Mark End        Relocate Start      Relocate End           High               Low         
[2026-01-06T22:09:12.044+0800][54.626s][info][gc,heap     ] GC(110) Y:  Capacity:     3498M (85%)        3498M (85%)        3498M (85%)        3498M (85%)        3498M (85%)        3498M (85%)    
[2026-01-06T22:09:12.044+0800][54.626s][info][gc,heap     ] GC(110) Y:      Free:      852M (21%)         850M (21%)        4082M (100%)       4082M (100%)       4082M (100%)        850M (21%)    
[2026-01-06T22:09:12.044+0800][54.626s][info][gc,heap     ] GC(110) Y:      Used:     3244M (79%)        3246M (79%)          14M (0%)           14M (0%)         3246M (79%)          14M (0%)     
[2026-01-06T22:09:12.044+0800][54.626s][info][gc,heap     ] GC(110) Y: Young Generation Statistics:
[2026-01-06T22:09:12.044+0800][54.626s][info][gc,heap     ] GC(110) Y:                Mark Start          Mark End        Relocate Start      Relocate End    
[2026-01-06T22:09:12.044+0800][54.626s][info][gc,heap     ] GC(110) Y:      Used:     3240M (79%)        3242M (79%)          10M (0%)           10M (0%)     
[2026-01-06T22:09:12.044+0800][54.626s][info][gc,heap     ] GC(110) Y:      Live:         -                 0M (0%)            0M (0%)            0M (0%)     
[2026-01-06T22:09:12.044+0800][54.626s][info][gc,heap     ] GC(110) Y:   Garbage:         -              3239M (79%)           1M (0%)            1M (0%)     
[2026-01-06T22:09:12.044+0800][54.626s][info][gc,heap     ] GC(110) Y: Allocated:         -                 2M (0%)            8M (0%)            8M (0%)     
[2026-01-06T22:09:12.044+0800][54.626s][info][gc,heap     ] GC(110) Y: Reclaimed:         -                  -              3238M (79%)        3238M (79%)    
[2026-01-06T22:09:12.044+0800][54.626s][info][gc,heap     ] GC(110) Y:  Promoted:         -                  -                 0M (0%)            0M (0%)     
[2026-01-06T22:09:12.044+0800][54.626s][info][gc,heap     ] GC(110) Y: Compacted:         -                  -                  -                 0M (0%)     
[2026-01-06T22:09:12.044+0800][54.626s][info][gc,phases   ] GC(110) Y: Young Generation 3244M(79%)->14M(0%) 0.002s
[2026-01-06T22:09:12.044+0800][54.626s][info][gc,phases   ] GC(110) O: Old Generation
[2026-01-06T22:09:12.046+0800][54.628s][info][gc,phases   ] GC(110) O: Concurrent Mark 1.826ms
[2026-01-06T22:09:12.046+0800][54.628s][info][gc,phases   ] GC(110) O: Pause Mark End 0.003ms
[2026-01-06T22:09:12.046+0800][54.628s][info][gc,phases   ] GC(110) O: Concurrent Mark Free 0.000ms
[2026-01-06T22:09:12.047+0800][54.628s][info][gc,phases   ] GC(110) O: Concurrent Process Non-Strong 0.265ms
[2026-01-06T22:09:12.047+0800][54.628s][info][gc,phases   ] GC(110) O: Concurrent Reset Relocation Set 0.002ms
[2026-01-06T22:09:12.047+0800][54.628s][info][gc,phases   ] GC(110) O: Concurrent Select Relocation Set 0.017ms
[2026-01-06T22:09:12.047+0800][54.628s][info][gc,task     ] GC(110) O: Using 2 Workers for Old Generation
[2026-01-06T22:09:12.047+0800][54.628s][info][gc,task     ] GC(110) O: Using 1 Workers for Old Generation
[2026-01-06T22:09:12.047+0800][54.628s][info][gc,phases   ] GC(110) O: Concurrent Remap Roots 0.060ms
[2026-01-06T22:09:12.047+0800][54.628s][info][gc,phases   ] GC(110) O: Pause Relocate Start 0.001ms
[2026-01-06T22:09:12.048+0800][54.629s][info][gc,phases   ] GC(110) O: Concurrent Relocate 0.773ms
[2026-01-06T22:09:12.048+0800][54.629s][info][gc,alloc    ] GC(110) O:                         Mark Start        Mark End      Relocate Start    Relocate End   
[2026-01-06T22:09:12.048+0800][54.629s][info][gc,alloc    ] GC(110) O: Allocation Stalls:          0                0                0                0         
[2026-01-06T22:09:12.048+0800][54.629s][info][gc,load     ] GC(110) O: Load: 2.48 (25%) / 2.01 (20%) / 2.06 (21%)
[2026-01-06T22:09:12.048+0800][54.629s][info][gc,mmu      ] GC(110) O: MMU: 2ms/0.0%, 5ms/19.3%, 10ms/59.6%, 20ms/79.8%, 50ms/91.9%, 100ms/96.0%
[2026-01-06T22:09:12.048+0800][54.629s][info][gc,marking  ] GC(110) O: Mark: 1 stripe(s), 2 proactive flush(es), 1 terminate flush(es), 0 completion(s), 0 continuation(s) 
[2026-01-06T22:09:12.048+0800][54.629s][info][gc,nmethod  ] GC(110) O: NMethods: 50 registered, 36 unregistered
[2026-01-06T22:09:12.048+0800][54.629s][info][gc,metaspace] GC(110) O: Metaspace: 0M used, 0M committed, 1088M reserved
[2026-01-06T22:09:12.048+0800][54.629s][info][gc,ref      ] GC(110) O:                       Encountered   Discovered     Enqueued 
[2026-01-06T22:09:12.048+0800][54.629s][info][gc,ref      ] GC(110) O: Soft References:                1            0            0 
[2026-01-06T22:09:12.048+0800][54.629s][info][gc,ref      ] GC(110) O: Weak References:                6            0            0 
[2026-01-06T22:09:12.048+0800][54.629s][info][gc,ref      ] GC(110) O: Final References:               0            0            0 
[2026-01-06T22:09:12.048+0800][54.629s][info][gc,ref      ] GC(110) O: Phantom References:             1            1            0 
[2026-01-06T22:09:12.048+0800][54.629s][info][gc,reloc    ] GC(110) O:                        Candidates     Selected     In-Place         Size        Empty    Relocated 
[2026-01-06T22:09:12.048+0800][54.629s][info][gc,reloc    ] GC(110) O: Small Pages:                    2            1            0           4M           0M           1M 
[2026-01-06T22:09:12.048+0800][54.629s][info][gc,reloc    ] GC(110) O: Medium Pages:                   0            0            0           0M           0M           0M 
[2026-01-06T22:09:12.048+0800][54.629s][info][gc,reloc    ] GC(110) O: Large Pages:                    0            0            0           0M           0M           0M 
[2026-01-06T22:09:12.048+0800][54.629s][info][gc,reloc    ] GC(110) O: Forwarding Usage: 0M
[2026-01-06T22:09:12.048+0800][54.629s][info][gc,heap     ] GC(110) O: Min Capacity: 8M(0%)
[2026-01-06T22:09:12.048+0800][54.629s][info][gc,heap     ] GC(110) O: Max Capacity: 4096M(100%)
[2026-01-06T22:09:12.048+0800][54.629s][info][gc,heap     ] GC(110) O: Soft Max Capacity: 3686M(90%)
[2026-01-06T22:09:12.048+0800][54.629s][info][gc,heap     ] GC(110) O: Heap Statistics:
[2026-01-06T22:09:12.048+0800][54.629s][info][gc,heap     ] GC(110) O:                Mark Start          Mark End        Relocate Start      Relocate End           High               Low         
[2026-01-06T22:09:12.048+0800][54.629s][info][gc,heap     ] GC(110) O:  Capacity:     3498M (85%)        3498M (85%)        3498M (85%)        3498M (85%)        3498M (85%)        3498M (85%)    
[2026-01-06T22:09:12.048+0800][54.629s][info][gc,heap     ] GC(110) O:      Free:      852M (21%)        4066M (99%)        4066M (99%)        4064M (99%)        4082M (100%)        850M (21%)    
[2026-01-06T22:09:12.048+0800][54.629s][info][gc,heap     ] GC(110) O:      Used:     3244M (79%)          30M (1%)           30M (1%)           32M (1%)         3246M (79%)          14M (0%)     
[2026-01-06T22:09:12.048+0800][54.629s][info][gc,heap     ] GC(110) O: Old Generation Statistics:
[2026-01-06T22:09:12.048+0800][54.629s][info][gc,heap     ] GC(110) O:                Mark Start          Mark End        Relocate Start      Relocate End    
[2026-01-06T22:09:12.048+0800][54.629s][info][gc,heap     ] GC(110) O:      Used:        4M (0%)            4M (0%)            4M (0%)            4M (0%)     
[2026-01-06T22:09:12.048+0800][54.629s][info][gc,heap     ] GC(110) O:      Live:         -                 1M (0%)            1M (0%)            1M (0%)     
[2026-01-06T22:09:12.048+0800][54.629s][info][gc,heap     ] GC(110) O:   Garbage:         -                 2M (0%)            2M (0%)            0M (0%)     
[2026-01-06T22:09:12.048+0800][54.629s][info][gc,heap     ] GC(110) O: Allocated:         -                 0M (0%)            0M (0%)            2M (0%)     
[2026-01-06T22:09:12.048+0800][54.629s][info][gc,heap     ] GC(110) O: Reclaimed:         -                  -                 0M (0%)            2M (0%)     
[2026-01-06T22:09:12.048+0800][54.629s][info][gc,heap     ] GC(110) O: Compacted:         -                  -                  -                 1M (0%)     
[2026-01-06T22:09:12.048+0800][54.629s][info][gc,phases   ] GC(110) O: Old Generation 16M(0%)->32M(1%) 0.003s
[2026-01-06T22:09:12.048+0800][54.629s][info][gc          ] GC(110) Major Collection (Proactive) 3244M(79%)->32M(1%) 0.005s
[2026-01-06T22:09:12.605+0800][55.186s][info][gc          ] GC(111) Major Collection (Proactive)
[2026-01-06T22:09:12.605+0800][55.186s][info][gc,task     ] GC(111) Using 1 Workers for Young Generation
[2026-01-06T22:09:12.605+0800][55.186s][info][gc,task     ] GC(111) Using 1 Workers for Old Generation
[2026-01-06T22:09:12.605+0800][55.186s][info][gc,phases   ] GC(111) Y: Young Generation
[2026-01-06T22:09:12.605+0800][55.187s][info][gc,phases   ] GC(111) Y: Pause Mark Start (Major) 0.014ms
[2026-01-06T22:09:12.605+0800][55.187s][info][gc,phases   ] GC(111) Y: Concurrent Mark 0.441ms
[2026-01-06T22:09:12.605+0800][55.187s][info][gc,phases   ] GC(111) Y: Pause Mark End 0.003ms
[2026-01-06T22:09:12.605+0800][55.187s][info][gc,phases   ] GC(111) Y: Concurrent Mark Free 0.003ms
[2026-01-06T22:09:12.605+0800][55.187s][info][gc,phases   ] GC(111) Y: Concurrent Reset Relocation Set 0.000ms
[2026-01-06T22:09:12.606+0800][55.188s][info][gc,reloc    ] GC(111) Y: Using tenuring threshold: 1 (Computed)
[2026-01-06T22:09:12.606+0800][55.188s][info][gc,phases   ] GC(111) Y: Concurrent Select Relocation Set 1.048ms
[2026-01-06T22:09:12.606+0800][55.188s][info][gc,phases   ] GC(111) Y: Pause Relocate Start 0.002ms
[2026-01-06T22:09:12.607+0800][55.188s][info][gc,phases   ] GC(111) Y: Concurrent Relocate 0.009ms
[2026-01-06T22:09:12.607+0800][55.188s][info][gc,alloc    ] GC(111) Y:                         Mark Start        Mark End      Relocate Start    Relocate End   
[2026-01-06T22:09:12.607+0800][55.188s][info][gc,alloc    ] GC(111) Y: Allocation Stalls:          0                0                0                0         
[2026-01-06T22:09:12.607+0800][55.188s][info][gc,load     ] GC(111) Y: Load: 2.48 (25%) / 2.01 (20%) / 2.06 (21%)
[2026-01-06T22:09:12.607+0800][55.188s][info][gc,mmu      ] GC(111) Y: MMU: 2ms/0.0%, 5ms/19.3%, 10ms/59.6%, 20ms/79.8%, 50ms/91.9%, 100ms/96.0%
[2026-01-06T22:09:12.607+0800][55.188s][info][gc,marking  ] GC(111) Y: Mark: 1 stripe(s), 2 proactive flush(es), 1 terminate flush(es), 0 completion(s), 0 continuation(s) 
[2026-01-06T22:09:12.607+0800][55.188s][info][gc,nmethod  ] GC(111) Y: NMethods: 50 registered, 36 unregistered
[2026-01-06T22:09:12.607+0800][55.188s][info][gc,metaspace] GC(111) Y: Metaspace: 0M used, 0M committed, 1088M reserved
[2026-01-06T22:09:12.607+0800][55.188s][info][gc,reloc    ] GC(111) Y:                        Candidates     Selected     In-Place         Size        Empty    Relocated 
[2026-01-06T22:09:12.607+0800][55.188s][info][gc,reloc    ] GC(111) Y: Small Pages:                 1228            0            0        2456M        2454M           0M 
[2026-01-06T22:09:12.607+0800][55.188s][info][gc,reloc    ] GC(111) Y: Medium Pages:                   0            0            0           0M           0M           0M 
[2026-01-06T22:09:12.607+0800][55.188s][info][gc,reloc    ] GC(111) Y: Large Pages:                    0            0            0           0M           0M           0M 
[2026-01-06T22:09:12.607+0800][55.188s][info][gc,reloc    ] GC(111) Y: Forwarding Usage: 0M
[2026-01-06T22:09:12.607+0800][55.188s][info][gc,reloc    ] GC(111) Y: Age Table:
[2026-01-06T22:09:12.607+0800][55.188s][info][gc,reloc    ] GC(111) Y:                    Live             Garbage             Small              Medium             Large        
[2026-01-06T22:09:12.607+0800][55.188s][info][gc,reloc    ] GC(111) Y: Eden               0M (0%)         2453M (60%)       1227 / 0              0 / 0              0 / 0        
[2026-01-06T22:09:12.607+0800][55.188s][info][gc,reloc    ] GC(111) Y: Survivor 1          -                 2M (0%)           1 / 0              0 / 0              0 / 0        
[2026-01-06T22:09:12.607+0800][55.188s][info][gc,heap     ] GC(111) Y: Min Capacity: 8M(0%)
[2026-01-06T22:09:12.607+0800][55.188s][info][gc,heap     ] GC(111) Y: Max Capacity: 4096M(100%)
[2026-01-06T22:09:12.607+0800][55.188s][info][gc,heap     ] GC(111) Y: Soft Max Capacity: 3686M(90%)
[2026-01-06T22:09:12.607+0800][55.188s][info][gc,heap     ] GC(111) Y: Heap Statistics:
[2026-01-06T22:09:12.607+0800][55.188s][info][gc,heap     ] GC(111) Y:                Mark Start          Mark End        Relocate Start      Relocate End           High               Low         
[2026-01-06T22:09:12.607+0800][55.188s][info][gc,heap     ] GC(111) Y:  Capacity:     3498M (85%)        3498M (85%)        3498M (85%)        3498M (85%)        3498M (85%)        3498M (85%)    
[2026-01-06T22:09:12.607+0800][55.188s][info][gc,heap     ] GC(111) Y:      Free:     1636M (40%)        1634M (40%)        4082M (100%)       4082M (100%)       4082M (100%)       1632M (40%)    
[2026-01-06T22:09:12.607+0800][55.188s][info][gc,heap     ] GC(111) Y:      Used:     2460M (60%)        2462M (60%)          14M (0%)           14M (0%)         2464M (60%)          14M (0%)     
[2026-01-06T22:09:12.607+0800][55.188s][info][gc,heap     ] GC(111) Y: Young Generation Statistics:
[2026-01-06T22:09:12.607+0800][55.188s][info][gc,heap     ] GC(111) Y:                Mark Start          Mark End        Relocate Start      Relocate End    
[2026-01-06T22:09:12.607+0800][55.188s][info][gc,heap     ] GC(111) Y:      Used:     2456M (60%)        2458M (60%)          10M (0%)           10M (0%)     
[2026-01-06T22:09:12.607+0800][55.188s][info][gc,heap     ] GC(111) Y:      Live:         -                 0M (0%)            0M (0%)            0M (0%)     
[2026-01-06T22:09:12.607+0800][55.188s][info][gc,heap     ] GC(111) Y:   Garbage:         -              2455M (60%)           1M (0%)            1M (0%)     
[2026-01-06T22:09:12.607+0800][55.188s][info][gc,heap     ] GC(111) Y: Allocated:         -                 2M (0%)            8M (0%)            8M (0%)     
[2026-01-06T22:09:12.607+0800][55.188s][info][gc,heap     ] GC(111) Y: Reclaimed:         -                  -              2454M (60%)        2454M (60%)    
[2026-01-06T22:09:12.607+0800][55.188s][info][gc,heap     ] GC(111) Y:  Promoted:         -                  -                 0M (0%)            0M (0%)     
[2026-01-06T22:09:12.607+0800][55.188s][info][gc,heap     ] GC(111) Y: Compacted:         -                  -                  -                 0M (0%)     
[2026-01-06T22:09:12.607+0800][55.188s][info][gc,phases   ] GC(111) Y: Young Generation 2460M(60%)->14M(0%) 0.002s
[2026-01-06T22:09:12.607+0800][55.188s][info][gc,phases   ] GC(111) O: Old Generation
[2026-01-06T22:09:12.609+0800][55.190s][info][gc,phases   ] GC(111) O: Concurrent Mark 1.868ms
[2026-01-06T22:09:12.609+0800][55.190s][info][gc,phases   ] GC(111) O: Pause Mark End 0.007ms
[2026-01-06T22:09:12.609+0800][55.190s][info][gc,phases   ] GC(111) O: Concurrent Mark Free 0.000ms
[2026-01-06T22:09:12.609+0800][55.190s][info][gc,phases   ] GC(111) O: Concurrent Process Non-Strong 0.245ms
[2026-01-06T22:09:12.609+0800][55.190s][info][gc,phases   ] GC(111) O: Concurrent Reset Relocation Set 0.002ms
[2026-01-06T22:09:12.609+0800][55.191s][info][gc,phases   ] GC(111) O: Concurrent Select Relocation Set 0.021ms
[2026-01-06T22:09:12.609+0800][55.191s][info][gc,task     ] GC(111) O: Using 2 Workers for Old Generation
[2026-01-06T22:09:12.609+0800][55.191s][info][gc,task     ] GC(111) O: Using 1 Workers for Old Generation
[2026-01-06T22:09:12.609+0800][55.191s][info][gc,phases   ] GC(111) O: Concurrent Remap Roots 0.068ms
[2026-01-06T22:09:12.609+0800][55.191s][info][gc,phases   ] GC(111) O: Pause Relocate Start 0.001ms
[2026-01-06T22:09:12.610+0800][55.191s][info][gc,phases   ] GC(111) O: Concurrent Relocate 0.833ms
[2026-01-06T22:09:12.610+0800][55.191s][info][gc,alloc    ] GC(111) O:                         Mark Start        Mark End      Relocate Start    Relocate End   
[2026-01-06T22:09:12.610+0800][55.191s][info][gc,alloc    ] GC(111) O: Allocation Stalls:          0                0                0                0         
[2026-01-06T22:09:12.610+0800][55.191s][info][gc,load     ] GC(111) O: Load: 2.48 (25%) / 2.01 (20%) / 2.06 (21%)
[2026-01-06T22:09:12.610+0800][55.191s][info][gc,mmu      ] GC(111) O: MMU: 2ms/0.0%, 5ms/19.3%, 10ms/59.6%, 20ms/79.8%, 50ms/91.9%, 100ms/96.0%
[2026-01-06T22:09:12.610+0800][55.191s][info][gc,marking  ] GC(111) O: Mark: 1 stripe(s), 2 proactive flush(es), 1 terminate flush(es), 0 completion(s), 0 continuation(s) 
[2026-01-06T22:09:12.610+0800][55.191s][info][gc,nmethod  ] GC(111) O: NMethods: 50 registered, 36 unregistered
[2026-01-06T22:09:12.610+0800][55.191s][info][gc,metaspace] GC(111) O: Metaspace: 0M used, 0M committed, 1088M reserved
[2026-01-06T22:09:12.610+0800][55.191s][info][gc,ref      ] GC(111) O:                       Encountered   Discovered     Enqueued 
[2026-01-06T22:09:12.610+0800][55.191s][info][gc,ref      ] GC(111) O: Soft References:                1            0            0 
[2026-01-06T22:09:12.610+0800][55.191s][info][gc,ref      ] GC(111) O: Weak References:                6            0            0 
[2026-01-06T22:09:12.610+0800][55.192s][info][gc,ref      ] GC(111) O: Final References:               0            0            0 
[2026-01-06T22:09:12.610+0800][55.192s][info][gc,ref      ] GC(111) O: Phantom References:             1            1            0 
[2026-01-06T22:09:12.610+0800][55.192s][info][gc,reloc    ] GC(111) O:                        Candidates     Selected     In-Place         Size        Empty    Relocated 
[2026-01-06T22:09:12.610+0800][55.192s][info][gc,reloc    ] GC(111) O: Small Pages:                    2            1            0           4M           0M           1M 
[2026-01-06T22:09:12.610+0800][55.192s][info][gc,reloc    ] GC(111) O: Medium Pages:                   0            0            0           0M           0M           0M 
[2026-01-06T22:09:12.610+0800][55.192s][info][gc,reloc    ] GC(111) O: Large Pages:                    0            0            0           0M           0M           0M 
[2026-01-06T22:09:12.610+0800][55.192s][info][gc,reloc    ] GC(111) O: Forwarding Usage: 0M
[2026-01-06T22:09:12.610+0800][55.192s][info][gc,heap     ] GC(111) O: Min Capacity: 8M(0%)
[2026-01-06T22:09:12.610+0800][55.192s][info][gc,heap     ] GC(111) O: Max Capacity: 4096M(100%)
[2026-01-06T22:09:12.610+0800][55.192s][info][gc,heap     ] GC(111) O: Soft Max Capacity: 3686M(90%)
[2026-01-06T22:09:12.610+0800][55.192s][info][gc,heap     ] GC(111) O: Heap Statistics:
[2026-01-06T22:09:12.610+0800][55.192s][info][gc,heap     ] GC(111) O:                Mark Start          Mark End        Relocate Start      Relocate End           High               Low         
[2026-01-06T22:09:12.610+0800][55.192s][info][gc,heap     ] GC(111) O:  Capacity:     3498M (85%)        3498M (85%)        3498M (85%)        3498M (85%)        3498M (85%)        3498M (85%)    
[2026-01-06T22:09:12.610+0800][55.192s][info][gc,heap     ] GC(111) O:      Free:     1636M (40%)        4066M (99%)        4062M (99%)        4056M (99%)        4082M (100%)       1632M (40%)    
[2026-01-06T22:09:12.610+0800][55.192s][info][gc,heap     ] GC(111) O:      Used:     2460M (60%)          30M (1%)           34M (1%)           40M (1%)         2464M (60%)          14M (0%)     
[2026-01-06T22:09:12.610+0800][55.192s][info][gc,heap     ] GC(111) O: Old Generation Statistics:
[2026-01-06T22:09:12.610+0800][55.192s][info][gc,heap     ] GC(111) O:                Mark Start          Mark End        Relocate Start      Relocate End    
[2026-01-06T22:09:12.610+0800][55.192s][info][gc,heap     ] GC(111) O:      Used:        4M (0%)            4M (0%)            4M (0%)            4M (0%)     
[2026-01-06T22:09:12.610+0800][55.192s][info][gc,heap     ] GC(111) O:      Live:         -                 1M (0%)            1M (0%)            1M (0%)     
[2026-01-06T22:09:12.610+0800][55.192s][info][gc,heap     ] GC(111) O:   Garbage:         -                 2M (0%)            2M (0%)            0M (0%)     
[2026-01-06T22:09:12.610+0800][55.192s][info][gc,heap     ] GC(111) O: Allocated:         -                 0M (0%)            0M (0%)            2M (0%)     
[2026-01-06T22:09:12.610+0800][55.192s][info][gc,heap     ] GC(111) O: Reclaimed:         -                  -                 0M (0%)            2M (0%)     
[2026-01-06T22:09:12.610+0800][55.192s][info][gc,heap     ] GC(111) O: Compacted:         -                  -                  -                 1M (0%)     
[2026-01-06T22:09:12.610+0800][55.192s][info][gc,phases   ] GC(111) O: Old Generation 14M(0%)->40M(1%) 0.003s
[2026-01-06T22:09:12.610+0800][55.192s][info][gc          ] GC(111) Major Collection (Proactive) 2458M(60%)->40M(1%) 0.005s
[2026-01-06T22:09:13.007+0800][55.589s][info][gc          ] GC(112) Minor Collection (High Usage)
[2026-01-06T22:09:13.007+0800][55.589s][info][gc,task     ] GC(112) Using 1 Workers for Young Generation
[2026-01-06T22:09:13.007+0800][55.589s][info][gc,phases   ] GC(112) y: Young Generation
[2026-01-06T22:09:13.007+0800][55.589s][info][gc,phases   ] GC(112) y: Pause Mark Start 0.004ms
[2026-01-06T22:09:13.008+0800][55.589s][info][gc,phases   ] GC(112) y: Concurrent Mark 0.294ms
[2026-01-06T22:09:13.008+0800][55.589s][info][gc,phases   ] GC(112) y: Pause Mark End 0.003ms
[2026-01-06T22:09:13.008+0800][55.589s][info][gc,phases   ] GC(112) y: Concurrent Mark Free 0.000ms
[2026-01-06T22:09:13.008+0800][55.589s][info][gc,phases   ] GC(112) y: Concurrent Reset Relocation Set 0.000ms
[2026-01-06T22:09:13.008+0800][55.590s][info][gc,reloc    ] GC(112) y: Using tenuring threshold: 1 (Computed)
[2026-01-06T22:09:13.008+0800][55.590s][info][gc,phases   ] GC(112) y: Concurrent Select Relocation Set 0.429ms
[2026-01-06T22:09:13.008+0800][55.590s][info][gc,phases   ] GC(112) y: Pause Relocate Start 0.001ms
[2026-01-06T22:09:13.008+0800][55.590s][info][gc,phases   ] GC(112) y: Concurrent Relocate 0.011ms
[2026-01-06T22:09:13.008+0800][55.590s][info][gc,alloc    ] GC(112) y:                         Mark Start        Mark End      Relocate Start    Relocate End   
[2026-01-06T22:09:13.008+0800][55.590s][info][gc,alloc    ] GC(112) y: Allocation Stalls:          0                0                0                0         
[2026-01-06T22:09:13.008+0800][55.590s][info][gc,load     ] GC(112) y: Load: 2.48 (25%) / 2.01 (20%) / 2.06 (21%)
[2026-01-06T22:09:13.008+0800][55.590s][info][gc,mmu      ] GC(112) y: MMU: 2ms/0.0%, 5ms/19.3%, 10ms/59.6%, 20ms/79.8%, 50ms/91.9%, 100ms/96.0%
[2026-01-06T22:09:13.008+0800][55.590s][info][gc,marking  ] GC(112) y: Mark: 1 stripe(s), 2 proactive flush(es), 1 terminate flush(es), 0 completion(s), 0 continuation(s) 
[2026-01-06T22:09:13.008+0800][55.590s][info][gc,nmethod  ] GC(112) y: NMethods: 50 registered, 36 unregistered
[2026-01-06T22:09:13.008+0800][55.590s][info][gc,metaspace] GC(112) y: Metaspace: 0M used, 0M committed, 1088M reserved
[2026-01-06T22:09:13.008+0800][55.590s][info][gc,reloc    ] GC(112) y:                        Candidates     Selected     In-Place         Size        Empty    Relocated 
[2026-01-06T22:09:13.008+0800][55.590s][info][gc,reloc    ] GC(112) y: Small Pages:                 1742            0            0        3484M        3482M           0M 
[2026-01-06T22:09:13.008+0800][55.590s][info][gc,reloc    ] GC(112) y: Medium Pages:                   0            0            0           0M           0M           0M 
[2026-01-06T22:09:13.008+0800][55.590s][info][gc,reloc    ] GC(112) y: Large Pages:                    0            0            0           0M           0M           0M 
[2026-01-06T22:09:13.008+0800][55.590s][info][gc,reloc    ] GC(112) y: Forwarding Usage: 0M
[2026-01-06T22:09:13.008+0800][55.590s][info][gc,reloc    ] GC(112) y: Age Table:
[2026-01-06T22:09:13.008+0800][55.590s][info][gc,reloc    ] GC(112) y:                    Live             Garbage             Small              Medium             Large        
[2026-01-06T22:09:13.008+0800][55.590s][info][gc,reloc    ] GC(112) y: Eden               0M (0%)         3481M (85%)       1741 / 0              0 / 0              0 / 0        
[2026-01-06T22:09:13.008+0800][55.590s][info][gc,reloc    ] GC(112) y: Survivor 1          -                 2M (0%)           1 / 0              0 / 0              0 / 0        
[2026-01-06T22:09:13.008+0800][55.590s][info][gc,heap     ] GC(112) y: Min Capacity: 8M(0%)
[2026-01-06T22:09:13.008+0800][55.590s][info][gc,heap     ] GC(112) y: Max Capacity: 4096M(100%)
[2026-01-06T22:09:13.008+0800][55.590s][info][gc,heap     ] GC(112) y: Soft Max Capacity: 3686M(90%)
[2026-01-06T22:09:13.008+0800][55.590s][info][gc,heap     ] GC(112) y: Heap Statistics:
[2026-01-06T22:09:13.008+0800][55.590s][info][gc,heap     ] GC(112) y:                Mark Start          Mark End        Relocate Start      Relocate End           High               Low         
[2026-01-06T22:09:13.008+0800][55.590s][info][gc,heap     ] GC(112) y:  Capacity:     3498M (85%)        3498M (85%)        3498M (85%)        3498M (85%)        3498M (85%)        3498M (85%)    
[2026-01-06T22:09:13.008+0800][55.590s][info][gc,heap     ] GC(112) y:      Free:      608M (15%)         606M (15%)        4080M (100%)       4080M (100%)       4080M (100%)        606M (15%)    
[2026-01-06T22:09:13.008+0800][55.590s][info][gc,heap     ] GC(112) y:      Used:     3488M (85%)        3490M (85%)          16M (0%)           16M (0%)         3490M (85%)          16M (0%)     
[2026-01-06T22:09:13.008+0800][55.590s][info][gc,heap     ] GC(112) y: Young Generation Statistics:
[2026-01-06T22:09:13.008+0800][55.590s][info][gc,heap     ] GC(112) y:                Mark Start          Mark End        Relocate Start      Relocate End    
[2026-01-06T22:09:13.008+0800][55.590s][info][gc,heap     ] GC(112) y:      Used:     3484M (85%)        3486M (85%)          12M (0%)           12M (0%)     
[2026-01-06T22:09:13.008+0800][55.590s][info][gc,heap     ] GC(112) y:      Live:         -                 0M (0%)            0M (0%)            0M (0%)     
[2026-01-06T22:09:13.008+0800][55.590s][info][gc,heap     ] GC(112) y:   Garbage:         -              3483M (85%)           1M (0%)            1M (0%)     
[2026-01-06T22:09:13.008+0800][55.590s][info][gc,heap     ] GC(112) y: Allocated:         -                 2M (0%)           10M (0%)           10M (0%)     
[2026-01-06T22:09:13.008+0800][55.590s][info][gc,heap     ] GC(112) y: Reclaimed:         -                  -              3482M (85%)        3482M (85%)    
[2026-01-06T22:09:13.008+0800][55.590s][info][gc,heap     ] GC(112) y:  Promoted:         -                  -                 0M (0%)            0M (0%)     
[2026-01-06T22:09:13.008+0800][55.590s][info][gc,heap     ] GC(112) y: Compacted:         -                  -                  -                 0M (0%)     
[2026-01-06T22:09:13.008+0800][55.590s][info][gc,phases   ] GC(112) y: Young Generation 3488M(85%)->16M(0%) 0.001s
[2026-01-06T22:09:13.008+0800][55.590s][info][gc          ] GC(112) Minor Collection (High Usage) 3488M(85%)->18M(0%) 0.001s
[2026-01-06T22:09:13.059+0800][55.641s][info][gc          ] GC(113) Major Collection (Proactive)
[2026-01-06T22:09:13.059+0800][55.641s][info][gc,task     ] GC(113) Using 1 Workers for Young Generation
[2026-01-06T22:09:13.059+0800][55.641s][info][gc,task     ] GC(113) Using 1 Workers for Old Generation
[2026-01-06T22:09:13.059+0800][55.641s][info][gc,phases   ] GC(113) Y: Young Generation
[2026-01-06T22:09:13.059+0800][55.641s][info][gc,phases   ] GC(113) Y: Pause Mark Start (Major) 0.004ms
[2026-01-06T22:09:13.060+0800][55.641s][info][gc,phases   ] GC(113) Y: Concurrent Mark 0.218ms
[2026-01-06T22:09:13.060+0800][55.641s][info][gc,phases   ] GC(113) Y: Pause Mark End 0.003ms
[2026-01-06T22:09:13.060+0800][55.641s][info][gc,phases   ] GC(113) Y: Concurrent Mark Free 0.000ms
[2026-01-06T22:09:13.060+0800][55.641s][info][gc,phases   ] GC(113) Y: Concurrent Reset Relocation Set 0.000ms
[2026-01-06T22:09:13.060+0800][55.642s][info][gc,reloc    ] GC(113) Y: Using tenuring threshold: 1 (Computed)
[2026-01-06T22:09:13.060+0800][55.642s][info][gc,phases   ] GC(113) Y: Concurrent Select Relocation Set 0.123ms
[2026-01-06T22:09:13.060+0800][55.642s][info][gc,phases   ] GC(113) Y: Pause Relocate Start 0.001ms
[2026-01-06T22:09:13.060+0800][55.642s][info][gc,phases   ] GC(113) Y: Concurrent Relocate 0.012ms
[2026-01-06T22:09:13.060+0800][55.642s][info][gc,alloc    ] GC(113) Y:                         Mark Start        Mark End      Relocate Start    Relocate End   
[2026-01-06T22:09:13.060+0800][55.642s][info][gc,alloc    ] GC(113) Y: Allocation Stalls:          0                0                0                0         
[2026-01-06T22:09:13.060+0800][55.642s][info][gc,load     ] GC(113) Y: Load: 2.48 (25%) / 2.01 (20%) / 2.06 (21%)
[2026-01-06T22:09:13.060+0800][55.642s][info][gc,mmu      ] GC(113) Y: MMU: 2ms/0.0%, 5ms/19.3%, 10ms/59.6%, 20ms/79.8%, 50ms/91.9%, 100ms/96.0%
[2026-01-06T22:09:13.060+0800][55.642s][info][gc,marking  ] GC(113) Y: Mark: 1 stripe(s), 2 proactive flush(es), 1 terminate flush(es), 0 completion(s), 0 continuation(s) 
[2026-01-06T22:09:13.060+0800][55.642s][info][gc,nmethod  ] GC(113) Y: NMethods: 50 registered, 36 unregistered
[2026-01-06T22:09:13.060+0800][55.642s][info][gc,metaspace] GC(113) Y: Metaspace: 0M used, 0M committed, 1088M reserved
[2026-01-06T22:09:13.060+0800][55.642s][info][gc,reloc    ] GC(113) Y:                        Candidates     Selected     In-Place         Size        Empty    Relocated 
[2026-01-06T22:09:13.060+0800][55.642s][info][gc,reloc    ] GC(113) Y: Small Pages:                  211            0            0         422M         420M           0M 
[2026-01-06T22:09:13.060+0800][55.642s][info][gc,reloc    ] GC(113) Y: Medium Pages:                   0            0            0           0M           0M           0M 
[2026-01-06T22:09:13.060+0800][55.642s][info][gc,reloc    ] GC(113) Y: Large Pages:                    0            0            0           0M           0M           0M 
[2026-01-06T22:09:13.060+0800][55.642s][info][gc,reloc    ] GC(113) Y: Forwarding Usage: 0M
[2026-01-06T22:09:13.060+0800][55.642s][info][gc,reloc    ] GC(113) Y: Age Table:
[2026-01-06T22:09:13.060+0800][55.642s][info][gc,reloc    ] GC(113) Y:                    Live             Garbage             Small              Medium             Large        
[2026-01-06T22:09:13.060+0800][55.642s][info][gc,reloc    ] GC(113) Y: Eden               0M (0%)          419M (10%)        210 / 0              0 / 0              0 / 0        
[2026-01-06T22:09:13.060+0800][55.642s][info][gc,reloc    ] GC(113) Y: Survivor 1          -                 2M (0%)           1 / 0              0 / 0              0 / 0        
[2026-01-06T22:09:13.060+0800][55.642s][info][gc,heap     ] GC(113) Y: Min Capacity: 8M(0%)
[2026-01-06T22:09:13.060+0800][55.642s][info][gc,heap     ] GC(113) Y: Max Capacity: 4096M(100%)
[2026-01-06T22:09:13.060+0800][55.642s][info][gc,heap     ] GC(113) Y: Soft Max Capacity: 3686M(90%)
[2026-01-06T22:09:13.060+0800][55.642s][info][gc,heap     ] GC(113) Y: Heap Statistics:
[2026-01-06T22:09:13.060+0800][55.642s][info][gc,heap     ] GC(113) Y:                Mark Start          Mark End        Relocate Start      Relocate End           High               Low         
[2026-01-06T22:09:13.060+0800][55.642s][info][gc,heap     ] GC(113) Y:  Capacity:     3498M (85%)        3498M (85%)        3498M (85%)        3498M (85%)        3498M (85%)        3498M (85%)    
[2026-01-06T22:09:13.060+0800][55.642s][info][gc,heap     ] GC(113) Y:      Free:     3670M (90%)        3668M (90%)        4088M (100%)       4088M (100%)       4088M (100%)       3668M (90%)    
[2026-01-06T22:09:13.060+0800][55.642s][info][gc,heap     ] GC(113) Y:      Used:      426M (10%)         428M (10%)           8M (0%)            8M (0%)          428M (10%)           8M (0%)     
[2026-01-06T22:09:13.060+0800][55.642s][info][gc,heap     ] GC(113) Y: Young Generation Statistics:
[2026-01-06T22:09:13.060+0800][55.642s][info][gc,heap     ] GC(113) Y:                Mark Start          Mark End        Relocate Start      Relocate End    
[2026-01-06T22:09:13.060+0800][55.642s][info][gc,heap     ] GC(113) Y:      Used:      422M (10%)         424M (10%)           4M (0%)            4M (0%)     
[2026-01-06T22:09:13.060+0800][55.642s][info][gc,heap     ] GC(113) Y:      Live:         -                 0M (0%)            0M (0%)            0M (0%)     
[2026-01-06T22:09:13.060+0800][55.642s][info][gc,heap     ] GC(113) Y:   Garbage:         -               421M (10%)           1M (0%)            1M (0%)     
[2026-01-06T22:09:13.060+0800][55.642s][info][gc,heap     ] GC(113) Y: Allocated:         -                 2M (0%)            2M (0%)            2M (0%)     
[2026-01-06T22:09:13.060+0800][55.642s][info][gc,heap     ] GC(113) Y: Reclaimed:         -                  -               420M (10%)         420M (10%)    
[2026-01-06T22:09:13.060+0800][55.642s][info][gc,heap     ] GC(113) Y:  Promoted:         -                  -                 0M (0%)            0M (0%)     
[2026-01-06T22:09:13.060+0800][55.642s][info][gc,heap     ] GC(113) Y: Compacted:         -                  -                  -                 0M (0%)     
[2026-01-06T22:09:13.060+0800][55.642s][info][gc,phases   ] GC(113) Y: Young Generation 426M(10%)->8M(0%) 0.001s
[2026-01-06T22:09:13.060+0800][55.642s][info][gc,phases   ] GC(113) O: Old Generation
[2026-01-06T22:09:13.062+0800][55.644s][info][gc,phases   ] GC(113) O: Concurrent Mark 1.806ms
[2026-01-06T22:09:13.062+0800][55.644s][info][gc,phases   ] GC(113) O: Pause Mark End 0.003ms
[2026-01-06T22:09:13.062+0800][55.644s][info][gc,phases   ] GC(113) O: Concurrent Mark Free 0.000ms
[2026-01-06T22:09:13.062+0800][55.644s][info][gc,phases   ] GC(113) O: Concurrent Process Non-Strong 0.233ms
[2026-01-06T22:09:13.062+0800][55.644s][info][gc,phases   ] GC(113) O: Concurrent Reset Relocation Set 0.000ms
[2026-01-06T22:09:13.062+0800][55.644s][info][gc,phases   ] GC(113) O: Concurrent Select Relocation Set 0.019ms
[2026-01-06T22:09:13.062+0800][55.644s][info][gc,task     ] GC(113) O: Using 2 Workers for Old Generation
[2026-01-06T22:09:13.062+0800][55.644s][info][gc,task     ] GC(113) O: Using 1 Workers for Old Generation
[2026-01-06T22:09:13.062+0800][55.644s][info][gc,phases   ] GC(113) O: Concurrent Remap Roots 0.061ms
[2026-01-06T22:09:13.062+0800][55.644s][info][gc,phases   ] GC(113) O: Pause Relocate Start 0.002ms
[2026-01-06T22:09:13.063+0800][55.645s][info][gc,phases   ] GC(113) O: Concurrent Relocate 0.851ms
[2026-01-06T22:09:13.063+0800][55.645s][info][gc,alloc    ] GC(113) O:                         Mark Start        Mark End      Relocate Start    Relocate End   
[2026-01-06T22:09:13.063+0800][55.645s][info][gc,alloc    ] GC(113) O: Allocation Stalls:          0                0                0                0         
[2026-01-06T22:09:13.063+0800][55.645s][info][gc,load     ] GC(113) O: Load: 2.48 (25%) / 2.01 (20%) / 2.06 (21%)
[2026-01-06T22:09:13.063+0800][55.645s][info][gc,mmu      ] GC(113) O: MMU: 2ms/0.0%, 5ms/19.3%, 10ms/59.6%, 20ms/79.8%, 50ms/91.9%, 100ms/96.0%
[2026-01-06T22:09:13.063+0800][55.645s][info][gc,marking  ] GC(113) O: Mark: 1 stripe(s), 2 proactive flush(es), 1 terminate flush(es), 0 completion(s), 0 continuation(s) 
[2026-01-06T22:09:13.063+0800][55.645s][info][gc,nmethod  ] GC(113) O: NMethods: 50 registered, 36 unregistered
[2026-01-06T22:09:13.063+0800][55.645s][info][gc,metaspace] GC(113) O: Metaspace: 0M used, 0M committed, 1088M reserved
[2026-01-06T22:09:13.063+0800][55.645s][info][gc,ref      ] GC(113) O:                       Encountered   Discovered     Enqueued 
[2026-01-06T22:09:13.063+0800][55.645s][info][gc,ref      ] GC(113) O: Soft References:                1            0            0 
[2026-01-06T22:09:13.063+0800][55.645s][info][gc,ref      ] GC(113) O: Weak References:                6            0            0 
[2026-01-06T22:09:13.063+0800][55.645s][info][gc,ref      ] GC(113) O: Final References:               0            0            0 
[2026-01-06T22:09:13.063+0800][55.645s][info][gc,ref      ] GC(113) O: Phantom References:             1            1            0 
[2026-01-06T22:09:13.063+0800][55.645s][info][gc,reloc    ] GC(113) O:                        Candidates     Selected     In-Place         Size        Empty    Relocated 
[2026-01-06T22:09:13.063+0800][55.645s][info][gc,reloc    ] GC(113) O: Small Pages:                    2            1            0           4M           0M           1M 
[2026-01-06T22:09:13.063+0800][55.645s][info][gc,reloc    ] GC(113) O: Medium Pages:                   0            0            0           0M           0M           0M 
[2026-01-06T22:09:13.063+0800][55.645s][info][gc,reloc    ] GC(113) O: Large Pages:                    0            0            0           0M           0M           0M 
[2026-01-06T22:09:13.063+0800][55.645s][info][gc,reloc    ] GC(113) O: Forwarding Usage: 0M
[2026-01-06T22:09:13.063+0800][55.645s][info][gc,heap     ] GC(113) O: Min Capacity: 8M(0%)
[2026-01-06T22:09:13.063+0800][55.645s][info][gc,heap     ] GC(113) O: Max Capacity: 4096M(100%)
[2026-01-06T22:09:13.063+0800][55.645s][info][gc,heap     ] GC(113) O: Soft Max Capacity: 3686M(90%)
[2026-01-06T22:09:13.063+0800][55.645s][info][gc,heap     ] GC(113) O: Heap Statistics:
[2026-01-06T22:09:13.063+0800][55.645s][info][gc,heap     ] GC(113) O:                Mark Start          Mark End        Relocate Start      Relocate End           High               Low         
[2026-01-06T22:09:13.063+0800][55.645s][info][gc,heap     ] GC(113) O:  Capacity:     3498M (85%)        3498M (85%)        3498M (85%)        3498M (85%)        3498M (85%)        3498M (85%)    
[2026-01-06T22:09:13.063+0800][55.645s][info][gc,heap     ] GC(113) O:      Free:     3670M (90%)        4052M (99%)        4046M (99%)        4030M (98%)        4088M (100%)       3668M (90%)    
[2026-01-06T22:09:13.063+0800][55.645s][info][gc,heap     ] GC(113) O:      Used:      426M (10%)          44M (1%)           50M (1%)           66M (2%)          428M (10%)           8M (0%)     
[2026-01-06T22:09:13.063+0800][55.645s][info][gc,heap     ] GC(113) O: Old Generation Statistics:
[2026-01-06T22:09:13.063+0800][55.645s][info][gc,heap     ] GC(113) O:                Mark Start          Mark End        Relocate Start      Relocate End    
[2026-01-06T22:09:13.063+0800][55.645s][info][gc,heap     ] GC(113) O:      Used:        4M (0%)            4M (0%)            4M (0%)            4M (0%)     
[2026-01-06T22:09:13.063+0800][55.645s][info][gc,heap     ] GC(113) O:      Live:         -                 1M (0%)            1M (0%)            1M (0%)     
[2026-01-06T22:09:13.063+0800][55.645s][info][gc,heap     ] GC(113) O:   Garbage:         -                 2M (0%)            2M (0%)            0M (0%)     
[2026-01-06T22:09:13.063+0800][55.645s][info][gc,heap     ] GC(113) O: Allocated:         -                 0M (0%)            0M (0%)            2M (0%)     
[2026-01-06T22:09:13.063+0800][55.645s][info][gc,heap     ] GC(113) O: Reclaimed:         -                  -                 0M (0%)            2M (0%)     
[2026-01-06T22:09:13.063+0800][55.645s][info][gc,heap     ] GC(113) O: Compacted:         -                  -                  -                 1M (0%)     
[2026-01-06T22:09:13.063+0800][55.645s][info][gc,phases   ] GC(113) O: Old Generation 10M(0%)->66M(2%) 0.003s
[2026-01-06T22:09:13.063+0800][55.645s][info][gc          ] GC(113) Major Collection (Proactive) 426M(10%)->68M(2%) 0.004s
[2026-01-06T22:09:13.345+0800][55.927s][info][gc          ] GC(114) Major Collection (Proactive)
[2026-01-06T22:09:13.345+0800][55.927s][info][gc,task     ] GC(114) Using 1 Workers for Young Generation
[2026-01-06T22:09:13.345+0800][55.927s][info][gc,task     ] GC(114) Using 1 Workers for Old Generation
[2026-01-06T22:09:13.345+0800][55.927s][info][gc,phases   ] GC(114) Y: Young Generation
[2026-01-06T22:09:13.345+0800][55.927s][info][gc,phases   ] GC(114) Y: Pause Mark Start (Major) 0.016ms
[2026-01-06T22:09:13.346+0800][55.927s][info][gc,phases   ] GC(114) Y: Concurrent Mark 0.393ms
[2026-01-06T22:09:13.346+0800][55.927s][info][gc,phases   ] GC(114) Y: Pause Mark End 0.003ms
[2026-01-06T22:09:13.346+0800][55.927s][info][gc,phases   ] GC(114) Y: Concurrent Mark Free 0.001ms
[2026-01-06T22:09:13.346+0800][55.927s][info][gc,phases   ] GC(114) Y: Concurrent Reset Relocation Set 0.000ms
[2026-01-06T22:09:13.346+0800][55.928s][info][gc,reloc    ] GC(114) Y: Using tenuring threshold: 1 (Computed)
[2026-01-06T22:09:13.346+0800][55.928s][info][gc,phases   ] GC(114) Y: Concurrent Select Relocation Set 0.688ms
[2026-01-06T22:09:13.346+0800][55.928s][info][gc,phases   ] GC(114) Y: Pause Relocate Start 0.001ms
[2026-01-06T22:09:13.346+0800][55.928s][info][gc,phases   ] GC(114) Y: Concurrent Relocate 0.011ms
[2026-01-06T22:09:13.346+0800][55.928s][info][gc,alloc    ] GC(114) Y:                         Mark Start        Mark End      Relocate Start    Relocate End   
[2026-01-06T22:09:13.347+0800][55.928s][info][gc,alloc    ] GC(114) Y: Allocation Stalls:          0                0                0                0         
[2026-01-06T22:09:13.347+0800][55.928s][info][gc,load     ] GC(114) Y: Load: 2.48 (25%) / 2.01 (20%) / 2.06 (21%)
[2026-01-06T22:09:13.347+0800][55.928s][info][gc,mmu      ] GC(114) Y: MMU: 2ms/0.0%, 5ms/19.3%, 10ms/59.6%, 20ms/79.8%, 50ms/91.9%, 100ms/96.0%
[2026-01-06T22:09:13.347+0800][55.928s][info][gc,marking  ] GC(114) Y: Mark: 1 stripe(s), 2 proactive flush(es), 1 terminate flush(es), 0 completion(s), 0 continuation(s) 
[2026-01-06T22:09:13.347+0800][55.928s][info][gc,nmethod  ] GC(114) Y: NMethods: 50 registered, 36 unregistered
[2026-01-06T22:09:13.347+0800][55.928s][info][gc,metaspace] GC(114) Y: Metaspace: 0M used, 0M committed, 1088M reserved
[2026-01-06T22:09:13.347+0800][55.928s][info][gc,reloc    ] GC(114) Y:                        Candidates     Selected     In-Place         Size        Empty    Relocated 
[2026-01-06T22:09:13.347+0800][55.928s][info][gc,reloc    ] GC(114) Y: Small Pages:                  945            0            0        1890M        1888M           0M 
[2026-01-06T22:09:13.347+0800][55.928s][info][gc,reloc    ] GC(114) Y: Medium Pages:                   0            0            0           0M           0M           0M 
[2026-01-06T22:09:13.347+0800][55.928s][info][gc,reloc    ] GC(114) Y: Large Pages:                    0            0            0           0M           0M           0M 
[2026-01-06T22:09:13.347+0800][55.928s][info][gc,reloc    ] GC(114) Y: Forwarding Usage: 0M
[2026-01-06T22:09:13.347+0800][55.928s][info][gc,reloc    ] GC(114) Y: Age Table:
[2026-01-06T22:09:13.347+0800][55.928s][info][gc,reloc    ] GC(114) Y:                    Live             Garbage             Small              Medium             Large        
[2026-01-06T22:09:13.347+0800][55.928s][info][gc,reloc    ] GC(114) Y: Eden               0M (0%)         1887M (46%)        944 / 0              0 / 0              0 / 0        
[2026-01-06T22:09:13.347+0800][55.928s][info][gc,reloc    ] GC(114) Y: Survivor 1          -                 2M (0%)           1 / 0              0 / 0              0 / 0        
[2026-01-06T22:09:13.347+0800][55.928s][info][gc,heap     ] GC(114) Y: Min Capacity: 8M(0%)
[2026-01-06T22:09:13.347+0800][55.928s][info][gc,heap     ] GC(114) Y: Max Capacity: 4096M(100%)
[2026-01-06T22:09:13.347+0800][55.928s][info][gc,heap     ] GC(114) Y: Soft Max Capacity: 3686M(90%)
[2026-01-06T22:09:13.347+0800][55.928s][info][gc,heap     ] GC(114) Y: Heap Statistics:
[2026-01-06T22:09:13.347+0800][55.928s][info][gc,heap     ] GC(114) Y:                Mark Start          Mark End        Relocate Start      Relocate End           High               Low         
[2026-01-06T22:09:13.347+0800][55.928s][info][gc,heap     ] GC(114) Y:  Capacity:     3498M (85%)        3498M (85%)        3498M (85%)        3498M (85%)        3498M (85%)        3498M (85%)    
[2026-01-06T22:09:13.347+0800][55.928s][info][gc,heap     ] GC(114) Y:      Free:     2202M (54%)        2198M (54%)        4082M (100%)       4082M (100%)       4082M (100%)       2198M (54%)    
[2026-01-06T22:09:13.347+0800][55.928s][info][gc,heap     ] GC(114) Y:      Used:     1894M (46%)        1898M (46%)          14M (0%)           14M (0%)         1898M (46%)          14M (0%)     
[2026-01-06T22:09:13.347+0800][55.928s][info][gc,heap     ] GC(114) Y: Young Generation Statistics:
[2026-01-06T22:09:13.347+0800][55.928s][info][gc,heap     ] GC(114) Y:                Mark Start          Mark End        Relocate Start      Relocate End    
[2026-01-06T22:09:13.347+0800][55.928s][info][gc,heap     ] GC(114) Y:      Used:     1890M (46%)        1894M (46%)          10M (0%)           10M (0%)     
[2026-01-06T22:09:13.347+0800][55.928s][info][gc,heap     ] GC(114) Y:      Live:         -                 0M (0%)            0M (0%)            0M (0%)     
[2026-01-06T22:09:13.347+0800][55.928s][info][gc,heap     ] GC(114) Y:   Garbage:         -              1889M (46%)           1M (0%)            1M (0%)     
[2026-01-06T22:09:13.347+0800][55.928s][info][gc,heap     ] GC(114) Y: Allocated:         -                 4M (0%)            8M (0%)            8M (0%)     
[2026-01-06T22:09:13.347+0800][55.928s][info][gc,heap     ] GC(114) Y: Reclaimed:         -                  -              1888M (46%)        1888M (46%)    
[2026-01-06T22:09:13.347+0800][55.928s][info][gc,heap     ] GC(114) Y:  Promoted:         -                  -                 0M (0%)            0M (0%)     
[2026-01-06T22:09:13.347+0800][55.928s][info][gc,heap     ] GC(114) Y: Compacted:         -                  -                  -                 0M (0%)     
[2026-01-06T22:09:13.347+0800][55.928s][info][gc,phases   ] GC(114) Y: Young Generation 1894M(46%)->14M(0%) 0.001s
[2026-01-06T22:09:13.347+0800][55.928s][info][gc,phases   ] GC(114) O: Old Generation
[2026-01-06T22:09:13.348+0800][55.930s][info][gc,phases   ] GC(114) O: Concurrent Mark 1.544ms
[2026-01-06T22:09:13.348+0800][55.930s][info][gc,phases   ] GC(114) O: Pause Mark End 0.003ms
[2026-01-06T22:09:13.348+0800][55.930s][info][gc,phases   ] GC(114) O: Concurrent Mark Free 0.000ms
[2026-01-06T22:09:13.348+0800][55.930s][info][gc,phases   ] GC(114) O: Concurrent Process Non-Strong 0.258ms
[2026-01-06T22:09:13.348+0800][55.930s][info][gc,phases   ] GC(114) O: Concurrent Reset Relocation Set 0.001ms
[2026-01-06T22:09:13.349+0800][55.930s][info][gc,phases   ] GC(114) O: Concurrent Select Relocation Set 0.040ms
[2026-01-06T22:09:13.349+0800][55.930s][info][gc,task     ] GC(114) O: Using 2 Workers for Old Generation
[2026-01-06T22:09:13.349+0800][55.930s][info][gc,task     ] GC(114) O: Using 1 Workers for Old Generation
[2026-01-06T22:09:13.349+0800][55.930s][info][gc,phases   ] GC(114) O: Concurrent Remap Roots 0.069ms
[2026-01-06T22:09:13.349+0800][55.930s][info][gc,phases   ] GC(114) O: Pause Relocate Start 0.001ms
[2026-01-06T22:09:13.349+0800][55.931s][info][gc,phases   ] GC(114) O: Concurrent Relocate 0.827ms
[2026-01-06T22:09:13.349+0800][55.931s][info][gc,alloc    ] GC(114) O:                         Mark Start        Mark End      Relocate Start    Relocate End   
[2026-01-06T22:09:13.349+0800][55.931s][info][gc,alloc    ] GC(114) O: Allocation Stalls:          0                0                0                0         
[2026-01-06T22:09:13.349+0800][55.931s][info][gc,load     ] GC(114) O: Load: 2.48 (25%) / 2.01 (20%) / 2.06 (21%)
[2026-01-06T22:09:13.349+0800][55.931s][info][gc,mmu      ] GC(114) O: MMU: 2ms/0.0%, 5ms/19.3%, 10ms/59.6%, 20ms/79.8%, 50ms/91.9%, 100ms/96.0%
[2026-01-06T22:09:13.349+0800][55.931s][info][gc,marking  ] GC(114) O: Mark: 1 stripe(s), 2 proactive flush(es), 1 terminate flush(es), 0 completion(s), 0 continuation(s) 
[2026-01-06T22:09:13.349+0800][55.931s][info][gc,nmethod  ] GC(114) O: NMethods: 50 registered, 36 unregistered
[2026-01-06T22:09:13.349+0800][55.931s][info][gc,metaspace] GC(114) O: Metaspace: 0M used, 0M committed, 1088M reserved
[2026-01-06T22:09:13.350+0800][55.931s][info][gc,ref      ] GC(114) O:                       Encountered   Discovered     Enqueued 
[2026-01-06T22:09:13.350+0800][55.931s][info][gc,ref      ] GC(114) O: Soft References:                1            0            0 
[2026-01-06T22:09:13.350+0800][55.931s][info][gc,ref      ] GC(114) O: Weak References:                6            0            0 
[2026-01-06T22:09:13.350+0800][55.931s][info][gc,ref      ] GC(114) O: Final References:               0            0            0 
[2026-01-06T22:09:13.350+0800][55.931s][info][gc,ref      ] GC(114) O: Phantom References:             1            1            0 
[2026-01-06T22:09:13.350+0800][55.931s][info][gc,reloc    ] GC(114) O:                        Candidates     Selected     In-Place         Size        Empty    Relocated 
[2026-01-06T22:09:13.350+0800][55.931s][info][gc,reloc    ] GC(114) O: Small Pages:                    2            1            0           4M           0M           1M 
[2026-01-06T22:09:13.350+0800][55.931s][info][gc,reloc    ] GC(114) O: Medium Pages:                   0            0            0           0M           0M           0M 
[2026-01-06T22:09:13.350+0800][55.931s][info][gc,reloc    ] GC(114) O: Large Pages:                    0            0            0           0M           0M           0M 
[2026-01-06T22:09:13.350+0800][55.931s][info][gc,reloc    ] GC(114) O: Forwarding Usage: 0M
[2026-01-06T22:09:13.350+0800][55.931s][info][gc,heap     ] GC(114) O: Min Capacity: 8M(0%)
[2026-01-06T22:09:13.350+0800][55.931s][info][gc,heap     ] GC(114) O: Max Capacity: 4096M(100%)
[2026-01-06T22:09:13.350+0800][55.931s][info][gc,heap     ] GC(114) O: Soft Max Capacity: 3686M(90%)
[2026-01-06T22:09:13.350+0800][55.931s][info][gc,heap     ] GC(114) O: Heap Statistics:
[2026-01-06T22:09:13.350+0800][55.931s][info][gc,heap     ] GC(114) O:                Mark Start          Mark End        Relocate Start      Relocate End           High               Low         
[2026-01-06T22:09:13.350+0800][55.931s][info][gc,heap     ] GC(114) O:  Capacity:     3498M (85%)        3498M (85%)        3498M (85%)        3498M (85%)        3498M (85%)        3498M (85%)    
[2026-01-06T22:09:13.350+0800][55.931s][info][gc,heap     ] GC(114) O:      Free:     2202M (54%)        4068M (99%)        4064M (99%)        4056M (99%)        4082M (100%)       2198M (54%)    
[2026-01-06T22:09:13.350+0800][55.931s][info][gc,heap     ] GC(114) O:      Used:     1894M (46%)          28M (1%)           32M (1%)           40M (1%)         1898M (46%)          14M (0%)     
[2026-01-06T22:09:13.350+0800][55.931s][info][gc,heap     ] GC(114) O: Old Generation Statistics:
[2026-01-06T22:09:13.350+0800][55.931s][info][gc,heap     ] GC(114) O:                Mark Start          Mark End        Relocate Start      Relocate End    
[2026-01-06T22:09:13.350+0800][55.931s][info][gc,heap     ] GC(114) O:      Used:        4M (0%)            4M (0%)            4M (0%)            4M (0%)     
[2026-01-06T22:09:13.350+0800][55.931s][info][gc,heap     ] GC(114) O:      Live:         -                 1M (0%)            1M (0%)            1M (0%)     
[2026-01-06T22:09:13.350+0800][55.931s][info][gc,heap     ] GC(114) O:   Garbage:         -                 2M (0%)            2M (0%)            0M (0%)     
[2026-01-06T22:09:13.350+0800][55.931s][info][gc,heap     ] GC(114) O: Allocated:         -                 0M (0%)            0M (0%)            2M (0%)     
[2026-01-06T22:09:13.350+0800][55.931s][info][gc,heap     ] GC(114) O: Reclaimed:         -                  -                 0M (0%)            2M (0%)     
[2026-01-06T22:09:13.350+0800][55.931s][info][gc,heap     ] GC(114) O: Compacted:         -                  -                  -                 1M (0%)     
[2026-01-06T22:09:13.350+0800][55.931s][info][gc,phases   ] GC(114) O: Old Generation 14M(0%)->40M(1%) 0.003s
[2026-01-06T22:09:13.350+0800][55.931s][info][gc          ] GC(114) Major Collection (Proactive) 1894M(46%)->40M(1%) 0.004s
[2026-01-06T22:09:13.637+0800][56.219s][info][gc          ] GC(115) Major Collection (Proactive)
[2026-01-06T22:09:13.637+0800][56.219s][info][gc,task     ] GC(115) Using 1 Workers for Young Generation
[2026-01-06T22:09:13.637+0800][56.219s][info][gc,task     ] GC(115) Using 1 Workers for Old Generation
[2026-01-06T22:09:13.637+0800][56.219s][info][gc,phases   ] GC(115) Y: Young Generation
[2026-01-06T22:09:13.637+0800][56.219s][info][gc,phases   ] GC(115) Y: Pause Mark Start (Major) 0.004ms
[2026-01-06T22:09:13.638+0800][56.219s][info][gc,phases   ] GC(115) Y: Concurrent Mark 0.327ms
[2026-01-06T22:09:13.638+0800][56.219s][info][gc,phases   ] GC(115) Y: Pause Mark End 0.003ms
[2026-01-06T22:09:13.638+0800][56.219s][info][gc,phases   ] GC(115) Y: Concurrent Mark Free 0.000ms
[2026-01-06T22:09:13.638+0800][56.219s][info][gc,phases   ] GC(115) Y: Concurrent Reset Relocation Set 0.000ms
[2026-01-06T22:09:13.638+0800][56.220s][info][gc,reloc    ] GC(115) Y: Using tenuring threshold: 1 (Computed)
[2026-01-06T22:09:13.638+0800][56.220s][info][gc,phases   ] GC(115) Y: Concurrent Select Relocation Set 0.288ms
[2026-01-06T22:09:13.638+0800][56.220s][info][gc,phases   ] GC(115) Y: Pause Relocate Start 0.001ms
[2026-01-06T22:09:13.638+0800][56.220s][info][gc,phases   ] GC(115) Y: Concurrent Relocate 0.009ms
[2026-01-06T22:09:13.638+0800][56.220s][info][gc,alloc    ] GC(115) Y:                         Mark Start        Mark End      Relocate Start    Relocate End   
[2026-01-06T22:09:13.638+0800][56.220s][info][gc,alloc    ] GC(115) Y: Allocation Stalls:          0                0                0                0         
[2026-01-06T22:09:13.638+0800][56.220s][info][gc,load     ] GC(115) Y: Load: 2.48 (25%) / 2.01 (20%) / 2.06 (21%)
[2026-01-06T22:09:13.638+0800][56.220s][info][gc,mmu      ] GC(115) Y: MMU: 2ms/0.0%, 5ms/19.3%, 10ms/59.6%, 20ms/79.8%, 50ms/91.9%, 100ms/96.0%
[2026-01-06T22:09:13.638+0800][56.220s][info][gc,marking  ] GC(115) Y: Mark: 1 stripe(s), 2 proactive flush(es), 1 terminate flush(es), 0 completion(s), 0 continuation(s) 
[2026-01-06T22:09:13.638+0800][56.220s][info][gc,nmethod  ] GC(115) Y: NMethods: 50 registered, 36 unregistered
[2026-01-06T22:09:13.638+0800][56.220s][info][gc,metaspace] GC(115) Y: Metaspace: 0M used, 0M committed, 1088M reserved
[2026-01-06T22:09:13.638+0800][56.220s][info][gc,reloc    ] GC(115) Y:                        Candidates     Selected     In-Place         Size        Empty    Relocated 
[2026-01-06T22:09:13.638+0800][56.220s][info][gc,reloc    ] GC(115) Y: Small Pages:                 1290            0            0        2580M        2578M           0M 
[2026-01-06T22:09:13.638+0800][56.220s][info][gc,reloc    ] GC(115) Y: Medium Pages:                   0            0            0           0M           0M           0M 
[2026-01-06T22:09:13.638+0800][56.220s][info][gc,reloc    ] GC(115) Y: Large Pages:                    0            0            0           0M           0M           0M 
[2026-01-06T22:09:13.638+0800][56.220s][info][gc,reloc    ] GC(115) Y: Forwarding Usage: 0M
[2026-01-06T22:09:13.638+0800][56.220s][info][gc,reloc    ] GC(115) Y: Age Table:
[2026-01-06T22:09:13.638+0800][56.220s][info][gc,reloc    ] GC(115) Y:                    Live             Garbage             Small              Medium             Large        
[2026-01-06T22:09:13.638+0800][56.220s][info][gc,reloc    ] GC(115) Y: Eden               0M (0%)         2577M (63%)       1289 / 0              0 / 0              0 / 0        
[2026-01-06T22:09:13.638+0800][56.220s][info][gc,reloc    ] GC(115) Y: Survivor 1          -                 2M (0%)           1 / 0              0 / 0              0 / 0        
[2026-01-06T22:09:13.638+0800][56.220s][info][gc,heap     ] GC(115) Y: Min Capacity: 8M(0%)
[2026-01-06T22:09:13.638+0800][56.220s][info][gc,heap     ] GC(115) Y: Max Capacity: 4096M(100%)
[2026-01-06T22:09:13.638+0800][56.220s][info][gc,heap     ] GC(115) Y: Soft Max Capacity: 3686M(90%)
[2026-01-06T22:09:13.638+0800][56.220s][info][gc,heap     ] GC(115) Y: Heap Statistics:
[2026-01-06T22:09:13.638+0800][56.220s][info][gc,heap     ] GC(115) Y:                Mark Start          Mark End        Relocate Start      Relocate End           High               Low         
[2026-01-06T22:09:13.638+0800][56.220s][info][gc,heap     ] GC(115) Y:  Capacity:     3498M (85%)        3498M (85%)        3498M (85%)        3498M (85%)        3498M (85%)        3498M (85%)    
[2026-01-06T22:09:13.638+0800][56.220s][info][gc,heap     ] GC(115) Y:      Free:     1512M (37%)        1508M (37%)        4084M (100%)       4084M (100%)       4084M (100%)       1508M (37%)    
[2026-01-06T22:09:13.638+0800][56.220s][info][gc,heap     ] GC(115) Y:      Used:     2584M (63%)        2588M (63%)          12M (0%)           12M (0%)         2588M (63%)          12M (0%)     
[2026-01-06T22:09:13.638+0800][56.220s][info][gc,heap     ] GC(115) Y: Young Generation Statistics:
[2026-01-06T22:09:13.638+0800][56.220s][info][gc,heap     ] GC(115) Y:                Mark Start          Mark End        Relocate Start      Relocate End    
[2026-01-06T22:09:13.638+0800][56.220s][info][gc,heap     ] GC(115) Y:      Used:     2580M (63%)        2584M (63%)           8M (0%)            8M (0%)     
[2026-01-06T22:09:13.638+0800][56.220s][info][gc,heap     ] GC(115) Y:      Live:         -                 0M (0%)            0M (0%)            0M (0%)     
[2026-01-06T22:09:13.638+0800][56.220s][info][gc,heap     ] GC(115) Y:   Garbage:         -              2579M (63%)           1M (0%)            1M (0%)     
[2026-01-06T22:09:13.638+0800][56.220s][info][gc,heap     ] GC(115) Y: Allocated:         -                 4M (0%)            6M (0%)            6M (0%)     
[2026-01-06T22:09:13.638+0800][56.220s][info][gc,heap     ] GC(115) Y: Reclaimed:         -                  -              2578M (63%)        2578M (63%)    
[2026-01-06T22:09:13.638+0800][56.220s][info][gc,heap     ] GC(115) Y:  Promoted:         -                  -                 0M (0%)            0M (0%)     
[2026-01-06T22:09:13.638+0800][56.220s][info][gc,heap     ] GC(115) Y: Compacted:         -                  -                  -                 0M (0%)     
[2026-01-06T22:09:13.638+0800][56.220s][info][gc,phases   ] GC(115) Y: Young Generation 2584M(63%)->12M(0%) 0.001s
[2026-01-06T22:09:13.638+0800][56.220s][info][gc,phases   ] GC(115) O: Old Generation
[2026-01-06T22:09:13.640+0800][56.221s][info][gc,phases   ] GC(115) O: Concurrent Mark 1.516ms
[2026-01-06T22:09:13.640+0800][56.221s][info][gc,phases   ] GC(115) O: Pause Mark End 0.002ms
[2026-01-06T22:09:13.640+0800][56.221s][info][gc,phases   ] GC(115) O: Concurrent Mark Free 0.000ms
[2026-01-06T22:09:13.640+0800][56.222s][info][gc,phases   ] GC(115) O: Concurrent Process Non-Strong 0.228ms
[2026-01-06T22:09:13.640+0800][56.222s][info][gc,phases   ] GC(115) O: Concurrent Reset Relocation Set 0.000ms
[2026-01-06T22:09:13.640+0800][56.222s][info][gc,phases   ] GC(115) O: Concurrent Select Relocation Set 0.021ms
[2026-01-06T22:09:13.640+0800][56.222s][info][gc,task     ] GC(115) O: Using 2 Workers for Old Generation
[2026-01-06T22:09:13.640+0800][56.222s][info][gc,task     ] GC(115) O: Using 1 Workers for Old Generation
[2026-01-06T22:09:13.640+0800][56.222s][info][gc,phases   ] GC(115) O: Concurrent Remap Roots 0.070ms
[2026-01-06T22:09:13.640+0800][56.222s][info][gc,phases   ] GC(115) O: Pause Relocate Start 0.001ms
[2026-01-06T22:09:13.641+0800][56.223s][info][gc,phases   ] GC(115) O: Concurrent Relocate 0.800ms
[2026-01-06T22:09:13.641+0800][56.223s][info][gc,alloc    ] GC(115) O:                         Mark Start        Mark End      Relocate Start    Relocate End   
[2026-01-06T22:09:13.641+0800][56.223s][info][gc,alloc    ] GC(115) O: Allocation Stalls:          0                0                0                0         
[2026-01-06T22:09:13.641+0800][56.223s][info][gc,load     ] GC(115) O: Load: 2.48 (25%) / 2.01 (20%) / 2.06 (21%)
[2026-01-06T22:09:13.641+0800][56.223s][info][gc,mmu      ] GC(115) O: MMU: 2ms/0.0%, 5ms/19.3%, 10ms/59.6%, 20ms/79.8%, 50ms/91.9%, 100ms/96.0%
[2026-01-06T22:09:13.641+0800][56.223s][info][gc,marking  ] GC(115) O: Mark: 1 stripe(s), 2 proactive flush(es), 1 terminate flush(es), 0 completion(s), 0 continuation(s) 
[2026-01-06T22:09:13.641+0800][56.223s][info][gc,nmethod  ] GC(115) O: NMethods: 50 registered, 36 unregistered
[2026-01-06T22:09:13.641+0800][56.223s][info][gc,metaspace] GC(115) O: Metaspace: 0M used, 0M committed, 1088M reserved
[2026-01-06T22:09:13.641+0800][56.223s][info][gc,ref      ] GC(115) O:                       Encountered   Discovered     Enqueued 
[2026-01-06T22:09:13.641+0800][56.223s][info][gc,ref      ] GC(115) O: Soft References:                1            0            0 
[2026-01-06T22:09:13.641+0800][56.223s][info][gc,ref      ] GC(115) O: Weak References:                6            0            0 
[2026-01-06T22:09:13.641+0800][56.223s][info][gc,ref      ] GC(115) O: Final References:               0            0            0 
[2026-01-06T22:09:13.641+0800][56.223s][info][gc,ref      ] GC(115) O: Phantom References:             1            1            0 
[2026-01-06T22:09:13.641+0800][56.223s][info][gc,reloc    ] GC(115) O:                        Candidates     Selected     In-Place         Size        Empty    Relocated 
[2026-01-06T22:09:13.641+0800][56.223s][info][gc,reloc    ] GC(115) O: Small Pages:                    2            1            0           4M           0M           1M 
[2026-01-06T22:09:13.641+0800][56.223s][info][gc,reloc    ] GC(115) O: Medium Pages:                   0            0            0           0M           0M           0M 
[2026-01-06T22:09:13.641+0800][56.223s][info][gc,reloc    ] GC(115) O: Large Pages:                    0            0            0           0M           0M           0M 
[2026-01-06T22:09:13.641+0800][56.223s][info][gc,reloc    ] GC(115) O: Forwarding Usage: 0M
[2026-01-06T22:09:13.641+0800][56.223s][info][gc,heap     ] GC(115) O: Min Capacity: 8M(0%)
[2026-01-06T22:09:13.641+0800][56.223s][info][gc,heap     ] GC(115) O: Max Capacity: 4096M(100%)
[2026-01-06T22:09:13.641+0800][56.223s][info][gc,heap     ] GC(115) O: Soft Max Capacity: 3686M(90%)
[2026-01-06T22:09:13.641+0800][56.223s][info][gc,heap     ] GC(115) O: Heap Statistics:
[2026-01-06T22:09:13.641+0800][56.223s][info][gc,heap     ] GC(115) O:                Mark Start          Mark End        Relocate Start      Relocate End           High               Low         
[2026-01-06T22:09:13.641+0800][56.223s][info][gc,heap     ] GC(115) O:  Capacity:     3498M (85%)        3498M (85%)        3498M (85%)        3498M (85%)        3498M (85%)        3498M (85%)    
[2026-01-06T22:09:13.641+0800][56.223s][info][gc,heap     ] GC(115) O:      Free:     1512M (37%)        4056M (99%)        4050M (99%)        4034M (98%)        4084M (100%)       1508M (37%)    
[2026-01-06T22:09:13.641+0800][56.223s][info][gc,heap     ] GC(115) O:      Used:     2584M (63%)          40M (1%)           46M (1%)           62M (2%)         2588M (63%)          12M (0%)     
[2026-01-06T22:09:13.641+0800][56.223s][info][gc,heap     ] GC(115) O: Old Generation Statistics:
[2026-01-06T22:09:13.641+0800][56.223s][info][gc,heap     ] GC(115) O:                Mark Start          Mark End        Relocate Start      Relocate End    
[2026-01-06T22:09:13.641+0800][56.223s][info][gc,heap     ] GC(115) O:      Used:        4M (0%)            4M (0%)            4M (0%)            4M (0%)     
[2026-01-06T22:09:13.641+0800][56.223s][info][gc,heap     ] GC(115) O:      Live:         -                 1M (0%)            1M (0%)            1M (0%)     
[2026-01-06T22:09:13.641+0800][56.223s][info][gc,heap     ] GC(115) O:   Garbage:         -                 2M (0%)            2M (0%)            0M (0%)     
[2026-01-06T22:09:13.641+0800][56.223s][info][gc,heap     ] GC(115) O: Allocated:         -                 0M (0%)            0M (0%)            2M (0%)     
[2026-01-06T22:09:13.641+0800][56.223s][info][gc,heap     ] GC(115) O: Reclaimed:         -                  -                 0M (0%)            2M (0%)     
[2026-01-06T22:09:13.641+0800][56.223s][info][gc,heap     ] GC(115) O: Compacted:         -                  -                  -                 1M (0%)     
[2026-01-06T22:09:13.641+0800][56.223s][info][gc,phases   ] GC(115) O: Old Generation 14M(0%)->62M(2%) 0.003s
[2026-01-06T22:09:13.641+0800][56.223s][info][gc          ] GC(115) Major Collection (Proactive) 2584M(63%)->64M(2%) 0.004s
[2026-01-06T22:09:13.887+0800][56.469s][info][gc          ] GC(116) Major Collection (Proactive)
[2026-01-06T22:09:13.887+0800][56.469s][info][gc,task     ] GC(116) Using 1 Workers for Young Generation
[2026-01-06T22:09:13.887+0800][56.469s][info][gc,task     ] GC(116) Using 1 Workers for Old Generation
[2026-01-06T22:09:13.887+0800][56.469s][info][gc,phases   ] GC(116) Y: Young Generation
[2026-01-06T22:09:13.887+0800][56.469s][info][gc,phases   ] GC(116) Y: Pause Mark Start (Major) 0.003ms
[2026-01-06T22:09:13.888+0800][56.469s][info][gc,phases   ] GC(116) Y: Concurrent Mark 0.317ms
[2026-01-06T22:09:13.888+0800][56.469s][info][gc,phases   ] GC(116) Y: Pause Mark End 0.003ms
[2026-01-06T22:09:13.888+0800][56.469s][info][gc,phases   ] GC(116) Y: Concurrent Mark Free 0.000ms
[2026-01-06T22:09:13.888+0800][56.469s][info][gc,phases   ] GC(116) Y: Concurrent Reset Relocation Set 0.000ms
[2026-01-06T22:09:13.888+0800][56.470s][info][gc,reloc    ] GC(116) Y: Using tenuring threshold: 1 (Computed)
[2026-01-06T22:09:13.888+0800][56.470s][info][gc,phases   ] GC(116) Y: Concurrent Select Relocation Set 0.306ms
[2026-01-06T22:09:13.888+0800][56.470s][info][gc,phases   ] GC(116) Y: Pause Relocate Start 0.001ms
[2026-01-06T22:09:13.888+0800][56.470s][info][gc,phases   ] GC(116) Y: Concurrent Relocate 0.009ms
[2026-01-06T22:09:13.888+0800][56.470s][info][gc,alloc    ] GC(116) Y:                         Mark Start        Mark End      Relocate Start    Relocate End   
[2026-01-06T22:09:13.888+0800][56.470s][info][gc,alloc    ] GC(116) Y: Allocation Stalls:          0                0                0                0         
[2026-01-06T22:09:13.888+0800][56.470s][info][gc,load     ] GC(116) Y: Load: 2.48 (25%) / 2.01 (20%) / 2.06 (21%)
[2026-01-06T22:09:13.888+0800][56.470s][info][gc,mmu      ] GC(116) Y: MMU: 2ms/0.0%, 5ms/19.3%, 10ms/59.6%, 20ms/79.8%, 50ms/91.9%, 100ms/96.0%
[2026-01-06T22:09:13.888+0800][56.470s][info][gc,marking  ] GC(116) Y: Mark: 1 stripe(s), 2 proactive flush(es), 1 terminate flush(es), 0 completion(s), 0 continuation(s) 
[2026-01-06T22:09:13.888+0800][56.470s][info][gc,nmethod  ] GC(116) Y: NMethods: 50 registered, 36 unregistered
[2026-01-06T22:09:13.888+0800][56.470s][info][gc,metaspace] GC(116) Y: Metaspace: 0M used, 0M committed, 1088M reserved
[2026-01-06T22:09:13.888+0800][56.470s][info][gc,reloc    ] GC(116) Y:                        Candidates     Selected     In-Place         Size        Empty    Relocated 
[2026-01-06T22:09:13.888+0800][56.470s][info][gc,reloc    ] GC(116) Y: Small Pages:                 1395            0            0        2790M        2788M           0M 
[2026-01-06T22:09:13.888+0800][56.470s][info][gc,reloc    ] GC(116) Y: Medium Pages:                   0            0            0           0M           0M           0M 
[2026-01-06T22:09:13.888+0800][56.470s][info][gc,reloc    ] GC(116) Y: Large Pages:                    0            0            0           0M           0M           0M 
[2026-01-06T22:09:13.888+0800][56.470s][info][gc,reloc    ] GC(116) Y: Forwarding Usage: 0M
[2026-01-06T22:09:13.888+0800][56.470s][info][gc,reloc    ] GC(116) Y: Age Table:
[2026-01-06T22:09:13.888+0800][56.470s][info][gc,reloc    ] GC(116) Y:                    Live             Garbage             Small              Medium             Large        
[2026-01-06T22:09:13.888+0800][56.470s][info][gc,reloc    ] GC(116) Y: Eden               0M (0%)         2787M (68%)       1394 / 0              0 / 0              0 / 0        
[2026-01-06T22:09:13.888+0800][56.470s][info][gc,reloc    ] GC(116) Y: Survivor 1          -                 2M (0%)           1 / 0              0 / 0              0 / 0        
[2026-01-06T22:09:13.888+0800][56.470s][info][gc,heap     ] GC(116) Y: Min Capacity: 8M(0%)
[2026-01-06T22:09:13.888+0800][56.470s][info][gc,heap     ] GC(116) Y: Max Capacity: 4096M(100%)
[2026-01-06T22:09:13.888+0800][56.470s][info][gc,heap     ] GC(116) Y: Soft Max Capacity: 3686M(90%)
[2026-01-06T22:09:13.888+0800][56.470s][info][gc,heap     ] GC(116) Y: Heap Statistics:
[2026-01-06T22:09:13.888+0800][56.470s][info][gc,heap     ] GC(116) Y:                Mark Start          Mark End        Relocate Start      Relocate End           High               Low         
[2026-01-06T22:09:13.888+0800][56.470s][info][gc,heap     ] GC(116) Y:  Capacity:     3498M (85%)        3498M (85%)        3498M (85%)        3498M (85%)        3498M (85%)        3498M (85%)    
[2026-01-06T22:09:13.888+0800][56.470s][info][gc,heap     ] GC(116) Y:      Free:     1302M (32%)        1300M (32%)        4088M (100%)       4088M (100%)       4088M (100%)       1300M (32%)    
[2026-01-06T22:09:13.888+0800][56.470s][info][gc,heap     ] GC(116) Y:      Used:     2794M (68%)        2796M (68%)           8M (0%)            8M (0%)         2796M (68%)           8M (0%)     
[2026-01-06T22:09:13.888+0800][56.470s][info][gc,heap     ] GC(116) Y: Young Generation Statistics:
[2026-01-06T22:09:13.888+0800][56.470s][info][gc,heap     ] GC(116) Y:                Mark Start          Mark End        Relocate Start      Relocate End    
[2026-01-06T22:09:13.888+0800][56.470s][info][gc,heap     ] GC(116) Y:      Used:     2790M (68%)        2792M (68%)           4M (0%)            4M (0%)     
[2026-01-06T22:09:13.888+0800][56.470s][info][gc,heap     ] GC(116) Y:      Live:         -                 0M (0%)            0M (0%)            0M (0%)     
[2026-01-06T22:09:13.888+0800][56.470s][info][gc,heap     ] GC(116) Y:   Garbage:         -              2789M (68%)           1M (0%)            1M (0%)     
[2026-01-06T22:09:13.888+0800][56.470s][info][gc,heap     ] GC(116) Y: Allocated:         -                 2M (0%)            2M (0%)            2M (0%)     
[2026-01-06T22:09:13.888+0800][56.470s][info][gc,heap     ] GC(116) Y: Reclaimed:         -                  -              2788M (68%)        2788M (68%)    
[2026-01-06T22:09:13.888+0800][56.470s][info][gc,heap     ] GC(116) Y:  Promoted:         -                  -                 0M (0%)            0M (0%)     
[2026-01-06T22:09:13.888+0800][56.470s][info][gc,heap     ] GC(116) Y: Compacted:         -                  -                  -                 0M (0%)     
[2026-01-06T22:09:13.888+0800][56.470s][info][gc,phases   ] GC(116) Y: Young Generation 2794M(68%)->8M(0%) 0.001s
[2026-01-06T22:09:13.888+0800][56.470s][info][gc,phases   ] GC(116) O: Old Generation
[2026-01-06T22:09:13.890+0800][56.471s][info][gc,phases   ] GC(116) O: Concurrent Mark 1.572ms
[2026-01-06T22:09:13.890+0800][56.471s][info][gc,phases   ] GC(116) O: Pause Mark End 0.003ms
[2026-01-06T22:09:13.890+0800][56.472s][info][gc,phases   ] GC(116) O: Concurrent Mark Free 0.000ms
[2026-01-06T22:09:13.890+0800][56.472s][info][gc,phases   ] GC(116) O: Concurrent Process Non-Strong 0.308ms
[2026-01-06T22:09:13.890+0800][56.472s][info][gc,phases   ] GC(116) O: Concurrent Reset Relocation Set 0.000ms
[2026-01-06T22:09:13.890+0800][56.472s][info][gc,phases   ] GC(116) O: Concurrent Select Relocation Set 0.020ms
[2026-01-06T22:09:13.890+0800][56.472s][info][gc,task     ] GC(116) O: Using 2 Workers for Old Generation
[2026-01-06T22:09:13.890+0800][56.472s][info][gc,task     ] GC(116) O: Using 1 Workers for Old Generation
[2026-01-06T22:09:13.890+0800][56.472s][info][gc,phases   ] GC(116) O: Concurrent Remap Roots 0.058ms
[2026-01-06T22:09:13.890+0800][56.472s][info][gc,phases   ] GC(116) O: Pause Relocate Start 0.001ms
[2026-01-06T22:09:13.891+0800][56.473s][info][gc,phases   ] GC(116) O: Concurrent Relocate 0.686ms
[2026-01-06T22:09:13.891+0800][56.473s][info][gc,alloc    ] GC(116) O:                         Mark Start        Mark End      Relocate Start    Relocate End   
[2026-01-06T22:09:13.891+0800][56.473s][info][gc,alloc    ] GC(116) O: Allocation Stalls:          0                0                0                0         
[2026-01-06T22:09:13.891+0800][56.473s][info][gc,load     ] GC(116) O: Load: 2.48 (25%) / 2.01 (20%) / 2.06 (21%)
[2026-01-06T22:09:13.891+0800][56.473s][info][gc,mmu      ] GC(116) O: MMU: 2ms/0.0%, 5ms/19.3%, 10ms/59.6%, 20ms/79.8%, 50ms/91.9%, 100ms/96.0%
[2026-01-06T22:09:13.891+0800][56.473s][info][gc,marking  ] GC(116) O: Mark: 1 stripe(s), 2 proactive flush(es), 1 terminate flush(es), 0 completion(s), 0 continuation(s) 
[2026-01-06T22:09:13.891+0800][56.473s][info][gc,nmethod  ] GC(116) O: NMethods: 50 registered, 36 unregistered
[2026-01-06T22:09:13.891+0800][56.473s][info][gc,metaspace] GC(116) O: Metaspace: 0M used, 0M committed, 1088M reserved
[2026-01-06T22:09:13.891+0800][56.473s][info][gc,ref      ] GC(116) O:                       Encountered   Discovered     Enqueued 
[2026-01-06T22:09:13.891+0800][56.473s][info][gc,ref      ] GC(116) O: Soft References:                1            0            0 
[2026-01-06T22:09:13.891+0800][56.473s][info][gc,ref      ] GC(116) O: Weak References:                6            0            0 
[2026-01-06T22:09:13.891+0800][56.473s][info][gc,ref      ] GC(116) O: Final References:               0            0            0 
[2026-01-06T22:09:13.891+0800][56.473s][info][gc,ref      ] GC(116) O: Phantom References:             1            1            0 
[2026-01-06T22:09:13.891+0800][56.473s][info][gc,reloc    ] GC(116) O:                        Candidates     Selected     In-Place         Size        Empty    Relocated 
[2026-01-06T22:09:13.891+0800][56.473s][info][gc,reloc    ] GC(116) O: Small Pages:                    2            1            0           4M           0M           1M 
[2026-01-06T22:09:13.891+0800][56.473s][info][gc,reloc    ] GC(116) O: Medium Pages:                   0            0            0           0M           0M           0M 
[2026-01-06T22:09:13.891+0800][56.473s][info][gc,reloc    ] GC(116) O: Large Pages:                    0            0            0           0M           0M           0M 
[2026-01-06T22:09:13.891+0800][56.473s][info][gc,reloc    ] GC(116) O: Forwarding Usage: 0M
[2026-01-06T22:09:13.891+0800][56.473s][info][gc,heap     ] GC(116) O: Min Capacity: 8M(0%)
[2026-01-06T22:09:13.891+0800][56.473s][info][gc,heap     ] GC(116) O: Max Capacity: 4096M(100%)
[2026-01-06T22:09:13.891+0800][56.473s][info][gc,heap     ] GC(116) O: Soft Max Capacity: 3686M(90%)
[2026-01-06T22:09:13.891+0800][56.473s][info][gc,heap     ] GC(116) O: Heap Statistics:
[2026-01-06T22:09:13.891+0800][56.473s][info][gc,heap     ] GC(116) O:                Mark Start          Mark End        Relocate Start      Relocate End           High               Low         
[2026-01-06T22:09:13.891+0800][56.473s][info][gc,heap     ] GC(116) O:  Capacity:     3498M (85%)        3498M (85%)        3498M (85%)        3498M (85%)        3498M (85%)        3498M (85%)    
[2026-01-06T22:09:13.891+0800][56.473s][info][gc,heap     ] GC(116) O:      Free:     1302M (32%)        4056M (99%)        4048M (99%)        4038M (99%)        4088M (100%)       1300M (32%)    
[2026-01-06T22:09:13.891+0800][56.473s][info][gc,heap     ] GC(116) O:      Used:     2794M (68%)          40M (1%)           48M (1%)           58M (1%)         2796M (68%)           8M (0%)     
[2026-01-06T22:09:13.891+0800][56.473s][info][gc,heap     ] GC(116) O: Old Generation Statistics:
[2026-01-06T22:09:13.891+0800][56.473s][info][gc,heap     ] GC(116) O:                Mark Start          Mark End        Relocate Start      Relocate End    
[2026-01-06T22:09:13.891+0800][56.473s][info][gc,heap     ] GC(116) O:      Used:        4M (0%)            4M (0%)            4M (0%)            4M (0%)     
[2026-01-06T22:09:13.891+0800][56.473s][info][gc,heap     ] GC(116) O:      Live:         -                 1M (0%)            1M (0%)            1M (0%)     
[2026-01-06T22:09:13.891+0800][56.473s][info][gc,heap     ] GC(116) O:   Garbage:         -                 2M (0%)            2M (0%)            0M (0%)     
[2026-01-06T22:09:13.891+0800][56.473s][info][gc,heap     ] GC(116) O: Allocated:         -                 0M (0%)            0M (0%)            2M (0%)     
[2026-01-06T22:09:13.891+0800][56.473s][info][gc,heap     ] GC(116) O: Reclaimed:         -                  -                 0M (0%)            2M (0%)     
[2026-01-06T22:09:13.891+0800][56.473s][info][gc,heap     ] GC(116) O: Compacted:         -                  -                  -                 1M (0%)     
[2026-01-06T22:09:13.891+0800][56.473s][info][gc,phases   ] GC(116) O: Old Generation 12M(0%)->58M(1%) 0.003s
[2026-01-06T22:09:13.891+0800][56.473s][info][gc          ] GC(116) Major Collection (Proactive) 2794M(68%)->60M(1%) 0.004s
[2026-01-06T22:09:14.122+0800][56.704s][info][gc          ] GC(117) Major Collection (Proactive)
[2026-01-06T22:09:14.122+0800][56.704s][info][gc,task     ] GC(117) Using 1 Workers for Young Generation
[2026-01-06T22:09:14.122+0800][56.704s][info][gc,task     ] GC(117) Using 1 Workers for Old Generation
[2026-01-06T22:09:14.122+0800][56.704s][info][gc,phases   ] GC(117) Y: Young Generation
[2026-01-06T22:09:14.122+0800][56.704s][info][gc,phases   ] GC(117) Y: Pause Mark Start (Major) 0.009ms
[2026-01-06T22:09:14.122+0800][56.704s][info][gc,phases   ] GC(117) Y: Concurrent Mark 0.406ms
[2026-01-06T22:09:14.123+0800][56.704s][info][gc,phases   ] GC(117) Y: Pause Mark End 0.003ms
[2026-01-06T22:09:14.123+0800][56.704s][info][gc,phases   ] GC(117) Y: Concurrent Mark Free 0.002ms
[2026-01-06T22:09:14.123+0800][56.704s][info][gc,phases   ] GC(117) Y: Concurrent Reset Relocation Set 0.001ms
[2026-01-06T22:09:14.123+0800][56.705s][info][gc,reloc    ] GC(117) Y: Using tenuring threshold: 1 (Computed)
[2026-01-06T22:09:14.123+0800][56.705s][info][gc,phases   ] GC(117) Y: Concurrent Select Relocation Set 0.671ms
[2026-01-06T22:09:14.123+0800][56.705s][info][gc,phases   ] GC(117) Y: Pause Relocate Start 0.001ms
[2026-01-06T22:09:14.123+0800][56.705s][info][gc,phases   ] GC(117) Y: Concurrent Relocate 0.010ms
[2026-01-06T22:09:14.123+0800][56.705s][info][gc,alloc    ] GC(117) Y:                         Mark Start        Mark End      Relocate Start    Relocate End   
[2026-01-06T22:09:14.123+0800][56.705s][info][gc,alloc    ] GC(117) Y: Allocation Stalls:          0                0                0                0         
[2026-01-06T22:09:14.123+0800][56.705s][info][gc,load     ] GC(117) Y: Load: 2.48 (25%) / 2.01 (20%) / 2.06 (21%)
[2026-01-06T22:09:14.123+0800][56.705s][info][gc,mmu      ] GC(117) Y: MMU: 2ms/0.0%, 5ms/19.3%, 10ms/59.6%, 20ms/79.8%, 50ms/91.9%, 100ms/96.0%
[2026-01-06T22:09:14.123+0800][56.705s][info][gc,marking  ] GC(117) Y: Mark: 1 stripe(s), 2 proactive flush(es), 1 terminate flush(es), 0 completion(s), 0 continuation(s) 
[2026-01-06T22:09:14.123+0800][56.705s][info][gc,nmethod  ] GC(117) Y: NMethods: 50 registered, 36 unregistered
[2026-01-06T22:09:14.123+0800][56.705s][info][gc,metaspace] GC(117) Y: Metaspace: 0M used, 0M committed, 1088M reserved
[2026-01-06T22:09:14.123+0800][56.705s][info][gc,reloc    ] GC(117) Y:                        Candidates     Selected     In-Place         Size        Empty    Relocated 
[2026-01-06T22:09:14.123+0800][56.705s][info][gc,reloc    ] GC(117) Y: Small Pages:                  765            0            0        1530M        1528M           0M 
[2026-01-06T22:09:14.123+0800][56.705s][info][gc,reloc    ] GC(117) Y: Medium Pages:                   0            0            0           0M           0M           0M 
[2026-01-06T22:09:14.123+0800][56.705s][info][gc,reloc    ] GC(117) Y: Large Pages:                    0            0            0           0M           0M           0M 
[2026-01-06T22:09:14.123+0800][56.705s][info][gc,reloc    ] GC(117) Y: Forwarding Usage: 0M
[2026-01-06T22:09:14.123+0800][56.705s][info][gc,reloc    ] GC(117) Y: Age Table:
[2026-01-06T22:09:14.123+0800][56.705s][info][gc,reloc    ] GC(117) Y:                    Live             Garbage             Small              Medium             Large        
[2026-01-06T22:09:14.123+0800][56.705s][info][gc,reloc    ] GC(117) Y: Eden               0M (0%)         1527M (37%)        764 / 0              0 / 0              0 / 0        
[2026-01-06T22:09:14.123+0800][56.705s][info][gc,reloc    ] GC(117) Y: Survivor 1          -                 2M (0%)           1 / 0              0 / 0              0 / 0        
[2026-01-06T22:09:14.123+0800][56.705s][info][gc,heap     ] GC(117) Y: Min Capacity: 8M(0%)
[2026-01-06T22:09:14.123+0800][56.705s][info][gc,heap     ] GC(117) Y: Max Capacity: 4096M(100%)
[2026-01-06T22:09:14.123+0800][56.705s][info][gc,heap     ] GC(117) Y: Soft Max Capacity: 3686M(90%)
[2026-01-06T22:09:14.123+0800][56.705s][info][gc,heap     ] GC(117) Y: Heap Statistics:
[2026-01-06T22:09:14.123+0800][56.705s][info][gc,heap     ] GC(117) Y:                Mark Start          Mark End        Relocate Start      Relocate End           High               Low         
[2026-01-06T22:09:14.123+0800][56.705s][info][gc,heap     ] GC(117) Y:  Capacity:     3498M (85%)        3498M (85%)        3498M (85%)        3498M (85%)        3498M (85%)        3498M (85%)    
[2026-01-06T22:09:14.123+0800][56.705s][info][gc,heap     ] GC(117) Y:      Free:     2562M (63%)        2558M (62%)        4084M (100%)       4084M (100%)       4084M (100%)       2558M (62%)    
[2026-01-06T22:09:14.123+0800][56.705s][info][gc,heap     ] GC(117) Y:      Used:     1534M (37%)        1538M (38%)          12M (0%)           12M (0%)         1538M (38%)          12M (0%)     
[2026-01-06T22:09:14.123+0800][56.705s][info][gc,heap     ] GC(117) Y: Young Generation Statistics:
[2026-01-06T22:09:14.123+0800][56.705s][info][gc,heap     ] GC(117) Y:                Mark Start          Mark End        Relocate Start      Relocate End    
[2026-01-06T22:09:14.123+0800][56.705s][info][gc,heap     ] GC(117) Y:      Used:     1530M (37%)        1534M (37%)           8M (0%)            8M (0%)     
[2026-01-06T22:09:14.123+0800][56.705s][info][gc,heap     ] GC(117) Y:      Live:         -                 0M (0%)            0M (0%)            0M (0%)     
[2026-01-06T22:09:14.123+0800][56.705s][info][gc,heap     ] GC(117) Y:   Garbage:         -              1529M (37%)           1M (0%)            1M (0%)     
[2026-01-06T22:09:14.123+0800][56.705s][info][gc,heap     ] GC(117) Y: Allocated:         -                 4M (0%)            6M (0%)            6M (0%)     
[2026-01-06T22:09:14.123+0800][56.705s][info][gc,heap     ] GC(117) Y: Reclaimed:         -                  -              1528M (37%)        1528M (37%)    
[2026-01-06T22:09:14.123+0800][56.705s][info][gc,heap     ] GC(117) Y:  Promoted:         -                  -                 0M (0%)            0M (0%)     
[2026-01-06T22:09:14.123+0800][56.705s][info][gc,heap     ] GC(117) Y: Compacted:         -                  -                  -                 0M (0%)     
[2026-01-06T22:09:14.123+0800][56.705s][info][gc,phases   ] GC(117) Y: Young Generation 1534M(37%)->12M(0%) 0.001s
[2026-01-06T22:09:14.123+0800][56.705s][info][gc,phases   ] GC(117) O: Old Generation
[2026-01-06T22:09:14.125+0800][56.707s][info][gc,phases   ] GC(117) O: Concurrent Mark 1.822ms
[2026-01-06T22:09:14.125+0800][56.707s][info][gc,phases   ] GC(117) O: Pause Mark End 0.002ms
[2026-01-06T22:09:14.125+0800][56.707s][info][gc,phases   ] GC(117) O: Concurrent Mark Free 0.000ms
[2026-01-06T22:09:14.126+0800][56.707s][info][gc,phases   ] GC(117) O: Concurrent Process Non-Strong 0.245ms
[2026-01-06T22:09:14.126+0800][56.707s][info][gc,phases   ] GC(117) O: Concurrent Reset Relocation Set 0.001ms
[2026-01-06T22:09:14.126+0800][56.707s][info][gc,phases   ] GC(117) O: Concurrent Select Relocation Set 0.019ms
[2026-01-06T22:09:14.126+0800][56.707s][info][gc,task     ] GC(117) O: Using 2 Workers for Old Generation
[2026-01-06T22:09:14.126+0800][56.707s][info][gc,task     ] GC(117) O: Using 1 Workers for Old Generation
[2026-01-06T22:09:14.126+0800][56.707s][info][gc,phases   ] GC(117) O: Concurrent Remap Roots 0.069ms
[2026-01-06T22:09:14.126+0800][56.707s][info][gc,phases   ] GC(117) O: Pause Relocate Start 0.001ms
[2026-01-06T22:09:14.126+0800][56.708s][info][gc,phases   ] GC(117) O: Concurrent Relocate 0.680ms
[2026-01-06T22:09:14.126+0800][56.708s][info][gc,alloc    ] GC(117) O:                         Mark Start        Mark End      Relocate Start    Relocate End   
[2026-01-06T22:09:14.126+0800][56.708s][info][gc,alloc    ] GC(117) O: Allocation Stalls:          0                0                0                0         
[2026-01-06T22:09:14.126+0800][56.708s][info][gc,load     ] GC(117) O: Load: 2.48 (25%) / 2.01 (20%) / 2.06 (21%)
[2026-01-06T22:09:14.126+0800][56.708s][info][gc,mmu      ] GC(117) O: MMU: 2ms/0.0%, 5ms/19.3%, 10ms/59.6%, 20ms/79.8%, 50ms/91.9%, 100ms/96.0%
[2026-01-06T22:09:14.126+0800][56.708s][info][gc,marking  ] GC(117) O: Mark: 1 stripe(s), 2 proactive flush(es), 1 terminate flush(es), 0 completion(s), 0 continuation(s) 
[2026-01-06T22:09:14.126+0800][56.708s][info][gc,nmethod  ] GC(117) O: NMethods: 50 registered, 36 unregistered
[2026-01-06T22:09:14.126+0800][56.708s][info][gc,metaspace] GC(117) O: Metaspace: 0M used, 0M committed, 1088M reserved
[2026-01-06T22:09:14.126+0800][56.708s][info][gc,ref      ] GC(117) O:                       Encountered   Discovered     Enqueued 
[2026-01-06T22:09:14.126+0800][56.708s][info][gc,ref      ] GC(117) O: Soft References:                1            0            0 
[2026-01-06T22:09:14.126+0800][56.708s][info][gc,ref      ] GC(117) O: Weak References:                6            0            0 
[2026-01-06T22:09:14.126+0800][56.708s][info][gc,ref      ] GC(117) O: Final References:               0            0            0 
[2026-01-06T22:09:14.126+0800][56.708s][info][gc,ref      ] GC(117) O: Phantom References:             1            1            0 
[2026-01-06T22:09:14.126+0800][56.708s][info][gc,reloc    ] GC(117) O:                        Candidates     Selected     In-Place         Size        Empty    Relocated 
[2026-01-06T22:09:14.126+0800][56.708s][info][gc,reloc    ] GC(117) O: Small Pages:                    2            1            0           4M           0M           1M 
[2026-01-06T22:09:14.126+0800][56.708s][info][gc,reloc    ] GC(117) O: Medium Pages:                   0            0            0           0M           0M           0M 
[2026-01-06T22:09:14.126+0800][56.708s][info][gc,reloc    ] GC(117) O: Large Pages:                    0            0            0           0M           0M           0M 
[2026-01-06T22:09:14.126+0800][56.708s][info][gc,reloc    ] GC(117) O: Forwarding Usage: 0M
[2026-01-06T22:09:14.126+0800][56.708s][info][gc,heap     ] GC(117) O: Min Capacity: 8M(0%)
[2026-01-06T22:09:14.126+0800][56.708s][info][gc,heap     ] GC(117) O: Max Capacity: 4096M(100%)
[2026-01-06T22:09:14.126+0800][56.708s][info][gc,heap     ] GC(117) O: Soft Max Capacity: 3686M(90%)
[2026-01-06T22:09:14.126+0800][56.708s][info][gc,heap     ] GC(117) O: Heap Statistics:
[2026-01-06T22:09:14.126+0800][56.708s][info][gc,heap     ] GC(117) O:                Mark Start          Mark End        Relocate Start      Relocate End           High               Low         
[2026-01-06T22:09:14.126+0800][56.708s][info][gc,heap     ] GC(117) O:  Capacity:     3498M (85%)        3498M (85%)        3498M (85%)        3498M (85%)        3498M (85%)        3498M (85%)    
[2026-01-06T22:09:14.126+0800][56.708s][info][gc,heap     ] GC(117) O:      Free:     2562M (63%)        4068M (99%)        4066M (99%)        4058M (99%)        4084M (100%)       2558M (62%)    
[2026-01-06T22:09:14.126+0800][56.708s][info][gc,heap     ] GC(117) O:      Used:     1534M (37%)          28M (1%)           30M (1%)           38M (1%)         1538M (38%)          12M (0%)     
[2026-01-06T22:09:14.126+0800][56.708s][info][gc,heap     ] GC(117) O: Old Generation Statistics:
[2026-01-06T22:09:14.126+0800][56.708s][info][gc,heap     ] GC(117) O:                Mark Start          Mark End        Relocate Start      Relocate End    
[2026-01-06T22:09:14.126+0800][56.708s][info][gc,heap     ] GC(117) O:      Used:        4M (0%)            4M (0%)            4M (0%)            4M (0%)     
[2026-01-06T22:09:14.126+0800][56.708s][info][gc,heap     ] GC(117) O:      Live:         -                 1M (0%)            1M (0%)            1M (0%)     
[2026-01-06T22:09:14.126+0800][56.708s][info][gc,heap     ] GC(117) O:   Garbage:         -                 2M (0%)            2M (0%)            0M (0%)     
[2026-01-06T22:09:14.126+0800][56.708s][info][gc,heap     ] GC(117) O: Allocated:         -                 0M (0%)            0M (0%)            2M (0%)     
[2026-01-06T22:09:14.126+0800][56.708s][info][gc,heap     ] GC(117) O: Reclaimed:         -                  -                 0M (0%)            2M (0%)     
[2026-01-06T22:09:14.126+0800][56.708s][info][gc,heap     ] GC(117) O: Compacted:         -                  -                  -                 1M (0%)     
[2026-01-06T22:09:14.126+0800][56.708s][info][gc,phases   ] GC(117) O: Old Generation 12M(0%)->38M(1%) 0.003s
[2026-01-06T22:09:14.126+0800][56.708s][info][gc          ] GC(117) Major Collection (Proactive) 1534M(37%)->38M(1%) 0.005s
[2026-01-06T22:09:14.391+0800][56.972s][info][gc          ] GC(118) Major Collection (Proactive)
[2026-01-06T22:09:14.391+0800][56.972s][info][gc,task     ] GC(118) Using 1 Workers for Young Generation
[2026-01-06T22:09:14.391+0800][56.972s][info][gc,task     ] GC(118) Using 1 Workers for Old Generation
[2026-01-06T22:09:14.391+0800][56.972s][info][gc,phases   ] GC(118) Y: Young Generation
[2026-01-06T22:09:14.391+0800][56.973s][info][gc,phases   ] GC(118) Y: Pause Mark Start (Major) 0.003ms
[2026-01-06T22:09:14.391+0800][56.973s][info][gc,phases   ] GC(118) Y: Concurrent Mark 0.296ms
[2026-01-06T22:09:14.391+0800][56.973s][info][gc,phases   ] GC(118) Y: Pause Mark End 0.003ms
[2026-01-06T22:09:14.391+0800][56.973s][info][gc,phases   ] GC(118) Y: Concurrent Mark Free 0.000ms
[2026-01-06T22:09:14.391+0800][56.973s][info][gc,phases   ] GC(118) Y: Concurrent Reset Relocation Set 0.000ms
[2026-01-06T22:09:14.391+0800][56.973s][info][gc,reloc    ] GC(118) Y: Using tenuring threshold: 1 (Computed)
[2026-01-06T22:09:14.391+0800][56.973s][info][gc,phases   ] GC(118) Y: Concurrent Select Relocation Set 0.203ms
[2026-01-06T22:09:14.391+0800][56.973s][info][gc,phases   ] GC(118) Y: Pause Relocate Start 0.001ms
[2026-01-06T22:09:14.391+0800][56.973s][info][gc,phases   ] GC(118) Y: Concurrent Relocate 0.011ms
[2026-01-06T22:09:14.391+0800][56.973s][info][gc,alloc    ] GC(118) Y:                         Mark Start        Mark End      Relocate Start    Relocate End   
[2026-01-06T22:09:14.392+0800][56.973s][info][gc,alloc    ] GC(118) Y: Allocation Stalls:          0                0                0                0         
[2026-01-06T22:09:14.392+0800][56.973s][info][gc,load     ] GC(118) Y: Load: 2.48 (25%) / 2.01 (20%) / 2.06 (21%)
[2026-01-06T22:09:14.392+0800][56.973s][info][gc,mmu      ] GC(118) Y: MMU: 2ms/0.0%, 5ms/19.3%, 10ms/59.6%, 20ms/79.8%, 50ms/91.9%, 100ms/96.0%
[2026-01-06T22:09:14.392+0800][56.973s][info][gc,marking  ] GC(118) Y: Mark: 1 stripe(s), 2 proactive flush(es), 1 terminate flush(es), 0 completion(s), 0 continuation(s) 
[2026-01-06T22:09:14.392+0800][56.973s][info][gc,nmethod  ] GC(118) Y: NMethods: 50 registered, 36 unregistered
[2026-01-06T22:09:14.392+0800][56.973s][info][gc,metaspace] GC(118) Y: Metaspace: 0M used, 0M committed, 1088M reserved
[2026-01-06T22:09:14.392+0800][56.973s][info][gc,reloc    ] GC(118) Y:                        Candidates     Selected     In-Place         Size        Empty    Relocated 
[2026-01-06T22:09:14.392+0800][56.973s][info][gc,reloc    ] GC(118) Y: Small Pages:                 1050            0            0        2100M        2098M           0M 
[2026-01-06T22:09:14.392+0800][56.973s][info][gc,reloc    ] GC(118) Y: Medium Pages:                   0            0            0           0M           0M           0M 
[2026-01-06T22:09:14.392+0800][56.973s][info][gc,reloc    ] GC(118) Y: Large Pages:                    0            0            0           0M           0M           0M 
[2026-01-06T22:09:14.392+0800][56.973s][info][gc,reloc    ] GC(118) Y: Forwarding Usage: 0M
[2026-01-06T22:09:14.392+0800][56.973s][info][gc,reloc    ] GC(118) Y: Age Table:
[2026-01-06T22:09:14.392+0800][56.973s][info][gc,reloc    ] GC(118) Y:                    Live             Garbage             Small              Medium             Large        
[2026-01-06T22:09:14.392+0800][56.973s][info][gc,reloc    ] GC(118) Y: Eden               0M (0%)         2097M (51%)       1049 / 0              0 / 0              0 / 0        
[2026-01-06T22:09:14.392+0800][56.973s][info][gc,reloc    ] GC(118) Y: Survivor 1          -                 2M (0%)           1 / 0              0 / 0              0 / 0        
[2026-01-06T22:09:14.392+0800][56.973s][info][gc,heap     ] GC(118) Y: Min Capacity: 8M(0%)
[2026-01-06T22:09:14.392+0800][56.973s][info][gc,heap     ] GC(118) Y: Max Capacity: 4096M(100%)
[2026-01-06T22:09:14.392+0800][56.973s][info][gc,heap     ] GC(118) Y: Soft Max Capacity: 3686M(90%)
[2026-01-06T22:09:14.392+0800][56.973s][info][gc,heap     ] GC(118) Y: Heap Statistics:
[2026-01-06T22:09:14.392+0800][56.973s][info][gc,heap     ] GC(118) Y:                Mark Start          Mark End        Relocate Start      Relocate End           High               Low         
[2026-01-06T22:09:14.392+0800][56.973s][info][gc,heap     ] GC(118) Y:  Capacity:     3498M (85%)        3498M (85%)        3498M (85%)        3498M (85%)        3498M (85%)        3498M (85%)    
[2026-01-06T22:09:14.392+0800][56.973s][info][gc,heap     ] GC(118) Y:      Free:     1992M (49%)        1990M (49%)        4086M (100%)       4086M (100%)       4086M (100%)       1988M (49%)    
[2026-01-06T22:09:14.392+0800][56.973s][info][gc,heap     ] GC(118) Y:      Used:     2104M (51%)        2106M (51%)          10M (0%)           10M (0%)         2108M (51%)          10M (0%)     
[2026-01-06T22:09:14.392+0800][56.973s][info][gc,heap     ] GC(118) Y: Young Generation Statistics:
[2026-01-06T22:09:14.392+0800][56.973s][info][gc,heap     ] GC(118) Y:                Mark Start          Mark End        Relocate Start      Relocate End    
[2026-01-06T22:09:14.392+0800][56.973s][info][gc,heap     ] GC(118) Y:      Used:     2100M (51%)        2102M (51%)           6M (0%)            6M (0%)     
[2026-01-06T22:09:14.392+0800][56.973s][info][gc,heap     ] GC(118) Y:      Live:         -                 0M (0%)            0M (0%)            0M (0%)     
[2026-01-06T22:09:14.392+0800][56.973s][info][gc,heap     ] GC(118) Y:   Garbage:         -              2099M (51%)           1M (0%)            1M (0%)     
[2026-01-06T22:09:14.392+0800][56.973s][info][gc,heap     ] GC(118) Y: Allocated:         -                 2M (0%)            4M (0%)            4M (0%)     
[2026-01-06T22:09:14.392+0800][56.973s][info][gc,heap     ] GC(118) Y: Reclaimed:         -                  -              2098M (51%)        2098M (51%)    
[2026-01-06T22:09:14.392+0800][56.973s][info][gc,heap     ] GC(118) Y:  Promoted:         -                  -                 0M (0%)            0M (0%)     
[2026-01-06T22:09:14.392+0800][56.973s][info][gc,heap     ] GC(118) Y: Compacted:         -                  -                  -                 0M (0%)     
[2026-01-06T22:09:14.392+0800][56.973s][info][gc,phases   ] GC(118) Y: Young Generation 2104M(51%)->10M(0%) 0.001s
[2026-01-06T22:09:14.392+0800][56.973s][info][gc,phases   ] GC(118) O: Old Generation
[2026-01-06T22:09:14.393+0800][56.975s][info][gc,phases   ] GC(118) O: Concurrent Mark 1.589ms
[2026-01-06T22:09:14.393+0800][56.975s][info][gc,phases   ] GC(118) O: Pause Mark End 0.003ms
[2026-01-06T22:09:14.393+0800][56.975s][info][gc,phases   ] GC(118) O: Concurrent Mark Free 0.000ms
[2026-01-06T22:09:14.393+0800][56.975s][info][gc,phases   ] GC(118) O: Concurrent Process Non-Strong 0.238ms
[2026-01-06T22:09:14.394+0800][56.975s][info][gc,phases   ] GC(118) O: Concurrent Reset Relocation Set 0.000ms
[2026-01-06T22:09:14.394+0800][56.975s][info][gc,phases   ] GC(118) O: Concurrent Select Relocation Set 0.020ms
[2026-01-06T22:09:14.394+0800][56.975s][info][gc,task     ] GC(118) O: Using 2 Workers for Old Generation
[2026-01-06T22:09:14.394+0800][56.975s][info][gc,task     ] GC(118) O: Using 1 Workers for Old Generation
[2026-01-06T22:09:14.394+0800][56.975s][info][gc,phases   ] GC(118) O: Concurrent Remap Roots 0.069ms
[2026-01-06T22:09:14.394+0800][56.975s][info][gc,phases   ] GC(118) O: Pause Relocate Start 0.001ms
[2026-01-06T22:09:14.394+0800][56.976s][info][gc,phases   ] GC(118) O: Concurrent Relocate 0.605ms
[2026-01-06T22:09:14.394+0800][56.976s][info][gc,alloc    ] GC(118) O:                         Mark Start        Mark End      Relocate Start    Relocate End   
[2026-01-06T22:09:14.394+0800][56.976s][info][gc,alloc    ] GC(118) O: Allocation Stalls:          0                0                0                0         
[2026-01-06T22:09:14.394+0800][56.976s][info][gc,load     ] GC(118) O: Load: 2.48 (25%) / 2.01 (20%) / 2.06 (21%)
[2026-01-06T22:09:14.394+0800][56.976s][info][gc,mmu      ] GC(118) O: MMU: 2ms/0.0%, 5ms/19.3%, 10ms/59.6%, 20ms/79.8%, 50ms/91.9%, 100ms/96.0%
[2026-01-06T22:09:14.394+0800][56.976s][info][gc,marking  ] GC(118) O: Mark: 1 stripe(s), 2 proactive flush(es), 1 terminate flush(es), 0 completion(s), 0 continuation(s) 
[2026-01-06T22:09:14.394+0800][56.976s][info][gc,nmethod  ] GC(118) O: NMethods: 50 registered, 36 unregistered
[2026-01-06T22:09:14.394+0800][56.976s][info][gc,metaspace] GC(118) O: Metaspace: 0M used, 0M committed, 1088M reserved
[2026-01-06T22:09:14.394+0800][56.976s][info][gc,ref      ] GC(118) O:                       Encountered   Discovered     Enqueued 
[2026-01-06T22:09:14.394+0800][56.976s][info][gc,ref      ] GC(118) O: Soft References:                1            0            0 
[2026-01-06T22:09:14.394+0800][56.976s][info][gc,ref      ] GC(118) O: Weak References:                6            0            0 
[2026-01-06T22:09:14.394+0800][56.976s][info][gc,ref      ] GC(118) O: Final References:               0            0            0 
[2026-01-06T22:09:14.394+0800][56.976s][info][gc,ref      ] GC(118) O: Phantom References:             1            1            0 
[2026-01-06T22:09:14.394+0800][56.976s][info][gc,reloc    ] GC(118) O:                        Candidates     Selected     In-Place         Size        Empty    Relocated 
[2026-01-06T22:09:14.394+0800][56.976s][info][gc,reloc    ] GC(118) O: Small Pages:                    2            1            0           4M           0M           1M 
[2026-01-06T22:09:14.394+0800][56.976s][info][gc,reloc    ] GC(118) O: Medium Pages:                   0            0            0           0M           0M           0M 
[2026-01-06T22:09:14.394+0800][56.976s][info][gc,reloc    ] GC(118) O: Large Pages:                    0            0            0           0M           0M           0M 
[2026-01-06T22:09:14.394+0800][56.976s][info][gc,reloc    ] GC(118) O: Forwarding Usage: 0M
[2026-01-06T22:09:14.394+0800][56.976s][info][gc,heap     ] GC(118) O: Min Capacity: 8M(0%)
[2026-01-06T22:09:14.394+0800][56.976s][info][gc,heap     ] GC(118) O: Max Capacity: 4096M(100%)
[2026-01-06T22:09:14.394+0800][56.976s][info][gc,heap     ] GC(118) O: Soft Max Capacity: 3686M(90%)
[2026-01-06T22:09:14.394+0800][56.976s][info][gc,heap     ] GC(118) O: Heap Statistics:
[2026-01-06T22:09:14.394+0800][56.976s][info][gc,heap     ] GC(118) O:                Mark Start          Mark End        Relocate Start      Relocate End           High               Low         
[2026-01-06T22:09:14.394+0800][56.976s][info][gc,heap     ] GC(118) O:  Capacity:     3498M (85%)        3498M (85%)        3498M (85%)        3498M (85%)        3498M (85%)        3498M (85%)    
[2026-01-06T22:09:14.394+0800][56.976s][info][gc,heap     ] GC(118) O:      Free:     1992M (49%)        4052M (99%)        4046M (99%)        4038M (99%)        4086M (100%)       1988M (49%)    
[2026-01-06T22:09:14.394+0800][56.976s][info][gc,heap     ] GC(118) O:      Used:     2104M (51%)          44M (1%)           50M (1%)           58M (1%)         2108M (51%)          10M (0%)     
[2026-01-06T22:09:14.394+0800][56.976s][info][gc,heap     ] GC(118) O: Old Generation Statistics:
[2026-01-06T22:09:14.394+0800][56.976s][info][gc,heap     ] GC(118) O:                Mark Start          Mark End        Relocate Start      Relocate End    
[2026-01-06T22:09:14.394+0800][56.976s][info][gc,heap     ] GC(118) O:      Used:        4M (0%)            4M (0%)            4M (0%)            4M (0%)     
[2026-01-06T22:09:14.394+0800][56.976s][info][gc,heap     ] GC(118) O:      Live:         -                 1M (0%)            1M (0%)            1M (0%)     
[2026-01-06T22:09:14.394+0800][56.976s][info][gc,heap     ] GC(118) O:   Garbage:         -                 2M (0%)            2M (0%)            0M (0%)     
[2026-01-06T22:09:14.394+0800][56.976s][info][gc,heap     ] GC(118) O: Allocated:         -                 0M (0%)            0M (0%)            2M (0%)     
[2026-01-06T22:09:14.394+0800][56.976s][info][gc,heap     ] GC(118) O: Reclaimed:         -                  -                 0M (0%)            2M (0%)     
[2026-01-06T22:09:14.394+0800][56.976s][info][gc,heap     ] GC(118) O: Compacted:         -                  -                  -                 1M (0%)     
[2026-01-06T22:09:14.394+0800][56.976s][info][gc,phases   ] GC(118) O: Old Generation 12M(0%)->58M(1%) 0.003s
[2026-01-06T22:09:14.394+0800][56.976s][info][gc          ] GC(118) Major Collection (Proactive) 2104M(51%)->60M(1%) 0.004s
[2026-01-06T22:09:14.635+0800][57.217s][info][gc          ] GC(119) Major Collection (Proactive)
[2026-01-06T22:09:14.635+0800][57.217s][info][gc,task     ] GC(119) Using 1 Workers for Young Generation
[2026-01-06T22:09:14.635+0800][57.217s][info][gc,task     ] GC(119) Using 1 Workers for Old Generation
[2026-01-06T22:09:14.635+0800][57.217s][info][gc,phases   ] GC(119) Y: Young Generation
[2026-01-06T22:09:14.636+0800][57.217s][info][gc,phases   ] GC(119) Y: Pause Mark Start (Major) 0.004ms
[2026-01-06T22:09:14.636+0800][57.218s][info][gc,phases   ] GC(119) Y: Concurrent Mark 0.321ms
[2026-01-06T22:09:14.636+0800][57.218s][info][gc,phases   ] GC(119) Y: Pause Mark End 0.002ms
[2026-01-06T22:09:14.636+0800][57.218s][info][gc,phases   ] GC(119) Y: Concurrent Mark Free 0.000ms
[2026-01-06T22:09:14.636+0800][57.218s][info][gc,phases   ] GC(119) Y: Concurrent Reset Relocation Set 0.000ms
[2026-01-06T22:09:14.636+0800][57.218s][info][gc,reloc    ] GC(119) Y: Using tenuring threshold: 1 (Computed)
[2026-01-06T22:09:14.636+0800][57.218s][info][gc,phases   ] GC(119) Y: Concurrent Select Relocation Set 0.225ms
[2026-01-06T22:09:14.636+0800][57.218s][info][gc,phases   ] GC(119) Y: Pause Relocate Start 0.001ms
[2026-01-06T22:09:14.636+0800][57.218s][info][gc,phases   ] GC(119) Y: Concurrent Relocate 0.014ms
[2026-01-06T22:09:14.636+0800][57.218s][info][gc,alloc    ] GC(119) Y:                         Mark Start        Mark End      Relocate Start    Relocate End   
[2026-01-06T22:09:14.636+0800][57.218s][info][gc,alloc    ] GC(119) Y: Allocation Stalls:          0                0                0                0         
[2026-01-06T22:09:14.636+0800][57.218s][info][gc,load     ] GC(119) Y: Load: 2.48 (25%) / 2.01 (20%) / 2.06 (21%)
[2026-01-06T22:09:14.636+0800][57.218s][info][gc,mmu      ] GC(119) Y: MMU: 2ms/0.0%, 5ms/19.3%, 10ms/59.6%, 20ms/79.8%, 50ms/91.9%, 100ms/96.0%
[2026-01-06T22:09:14.636+0800][57.218s][info][gc,marking  ] GC(119) Y: Mark: 1 stripe(s), 2 proactive flush(es), 1 terminate flush(es), 0 completion(s), 0 continuation(s) 
[2026-01-06T22:09:14.636+0800][57.218s][info][gc,nmethod  ] GC(119) Y: NMethods: 50 registered, 36 unregistered
[2026-01-06T22:09:14.636+0800][57.218s][info][gc,metaspace] GC(119) Y: Metaspace: 0M used, 0M committed, 1088M reserved
[2026-01-06T22:09:14.636+0800][57.218s][info][gc,reloc    ] GC(119) Y:                        Candidates     Selected     In-Place         Size        Empty    Relocated 
[2026-01-06T22:09:14.636+0800][57.218s][info][gc,reloc    ] GC(119) Y: Small Pages:                 1214            0            0        2428M        2426M           0M 
[2026-01-06T22:09:14.636+0800][57.218s][info][gc,reloc    ] GC(119) Y: Medium Pages:                   0            0            0           0M           0M           0M 
[2026-01-06T22:09:14.636+0800][57.218s][info][gc,reloc    ] GC(119) Y: Large Pages:                    0            0            0           0M           0M           0M 
[2026-01-06T22:09:14.636+0800][57.218s][info][gc,reloc    ] GC(119) Y: Forwarding Usage: 0M
[2026-01-06T22:09:14.636+0800][57.218s][info][gc,reloc    ] GC(119) Y: Age Table:
[2026-01-06T22:09:14.636+0800][57.218s][info][gc,reloc    ] GC(119) Y:                    Live             Garbage             Small              Medium             Large        
[2026-01-06T22:09:14.636+0800][57.218s][info][gc,reloc    ] GC(119) Y: Eden               0M (0%)         2425M (59%)       1213 / 0              0 / 0              0 / 0        
[2026-01-06T22:09:14.636+0800][57.218s][info][gc,reloc    ] GC(119) Y: Survivor 1          -                 2M (0%)           1 / 0              0 / 0              0 / 0        
[2026-01-06T22:09:14.636+0800][57.218s][info][gc,heap     ] GC(119) Y: Min Capacity: 8M(0%)
[2026-01-06T22:09:14.636+0800][57.218s][info][gc,heap     ] GC(119) Y: Max Capacity: 4096M(100%)
[2026-01-06T22:09:14.636+0800][57.218s][info][gc,heap     ] GC(119) Y: Soft Max Capacity: 3686M(90%)
[2026-01-06T22:09:14.636+0800][57.218s][info][gc,heap     ] GC(119) Y: Heap Statistics:
[2026-01-06T22:09:14.636+0800][57.218s][info][gc,heap     ] GC(119) Y:                Mark Start          Mark End        Relocate Start      Relocate End           High               Low         
[2026-01-06T22:09:14.636+0800][57.218s][info][gc,heap     ] GC(119) Y:  Capacity:     3498M (85%)        3498M (85%)        3498M (85%)        3498M (85%)        3498M (85%)        3498M (85%)    
[2026-01-06T22:09:14.636+0800][57.218s][info][gc,heap     ] GC(119) Y:      Free:     1664M (41%)        1662M (41%)        4086M (100%)       4086M (100%)       4086M (100%)       1660M (41%)    
[2026-01-06T22:09:14.636+0800][57.218s][info][gc,heap     ] GC(119) Y:      Used:     2432M (59%)        2434M (59%)          10M (0%)           10M (0%)         2436M (59%)          10M (0%)     
[2026-01-06T22:09:14.636+0800][57.218s][info][gc,heap     ] GC(119) Y: Young Generation Statistics:
[2026-01-06T22:09:14.636+0800][57.218s][info][gc,heap     ] GC(119) Y:                Mark Start          Mark End        Relocate Start      Relocate End    
[2026-01-06T22:09:14.636+0800][57.218s][info][gc,heap     ] GC(119) Y:      Used:     2428M (59%)        2430M (59%)           6M (0%)            6M (0%)     
[2026-01-06T22:09:14.636+0800][57.218s][info][gc,heap     ] GC(119) Y:      Live:         -                 0M (0%)            0M (0%)            0M (0%)     
[2026-01-06T22:09:14.636+0800][57.218s][info][gc,heap     ] GC(119) Y:   Garbage:         -              2427M (59%)           1M (0%)            1M (0%)     
[2026-01-06T22:09:14.636+0800][57.218s][info][gc,heap     ] GC(119) Y: Allocated:         -                 2M (0%)            4M (0%)            4M (0%)     
[2026-01-06T22:09:14.636+0800][57.218s][info][gc,heap     ] GC(119) Y: Reclaimed:         -                  -              2426M (59%)        2426M (59%)    
[2026-01-06T22:09:14.636+0800][57.218s][info][gc,heap     ] GC(119) Y:  Promoted:         -                  -                 0M (0%)            0M (0%)     
[2026-01-06T22:09:14.636+0800][57.218s][info][gc,heap     ] GC(119) Y: Compacted:         -                  -                  -                 0M (0%)     
[2026-01-06T22:09:14.636+0800][57.218s][info][gc,phases   ] GC(119) Y: Young Generation 2432M(59%)->10M(0%) 0.001s
[2026-01-06T22:09:14.636+0800][57.218s][info][gc,phases   ] GC(119) O: Old Generation
[2026-01-06T22:09:14.638+0800][57.220s][info][gc,phases   ] GC(119) O: Concurrent Mark 1.596ms
[2026-01-06T22:09:14.638+0800][57.220s][info][gc,phases   ] GC(119) O: Pause Mark End 0.002ms
[2026-01-06T22:09:14.638+0800][57.220s][info][gc,phases   ] GC(119) O: Concurrent Mark Free 0.000ms
[2026-01-06T22:09:14.638+0800][57.220s][info][gc,phases   ] GC(119) O: Concurrent Process Non-Strong 0.212ms
[2026-01-06T22:09:14.638+0800][57.220s][info][gc,phases   ] GC(119) O: Concurrent Reset Relocation Set 0.000ms
[2026-01-06T22:09:14.638+0800][57.220s][info][gc,phases   ] GC(119) O: Concurrent Select Relocation Set 0.017ms
[2026-01-06T22:09:14.638+0800][57.220s][info][gc,task     ] GC(119) O: Using 2 Workers for Old Generation
[2026-01-06T22:09:14.638+0800][57.220s][info][gc,task     ] GC(119) O: Using 1 Workers for Old Generation
[2026-01-06T22:09:14.638+0800][57.220s][info][gc,phases   ] GC(119) O: Concurrent Remap Roots 0.068ms
[2026-01-06T22:09:14.638+0800][57.220s][info][gc,phases   ] GC(119) O: Pause Relocate Start 0.001ms
[2026-01-06T22:09:14.639+0800][57.221s][info][gc,phases   ] GC(119) O: Concurrent Relocate 0.656ms
[2026-01-06T22:09:14.639+0800][57.221s][info][gc,alloc    ] GC(119) O:                         Mark Start        Mark End      Relocate Start    Relocate End   
[2026-01-06T22:09:14.639+0800][57.221s][info][gc,alloc    ] GC(119) O: Allocation Stalls:          0                0                0                0         
[2026-01-06T22:09:14.639+0800][57.221s][info][gc,load     ] GC(119) O: Load: 2.48 (25%) / 2.01 (20%) / 2.06 (21%)
[2026-01-06T22:09:14.639+0800][57.221s][info][gc,mmu      ] GC(119) O: MMU: 2ms/0.0%, 5ms/19.3%, 10ms/59.6%, 20ms/79.8%, 50ms/91.9%, 100ms/96.0%
[2026-01-06T22:09:14.639+0800][57.221s][info][gc,marking  ] GC(119) O: Mark: 1 stripe(s), 2 proactive flush(es), 1 terminate flush(es), 0 completion(s), 0 continuation(s) 
[2026-01-06T22:09:14.639+0800][57.221s][info][gc,nmethod  ] GC(119) O: NMethods: 50 registered, 36 unregistered
[2026-01-06T22:09:14.639+0800][57.221s][info][gc,metaspace] GC(119) O: Metaspace: 0M used, 0M committed, 1088M reserved
[2026-01-06T22:09:14.639+0800][57.221s][info][gc,ref      ] GC(119) O:                       Encountered   Discovered     Enqueued 
[2026-01-06T22:09:14.639+0800][57.221s][info][gc,ref      ] GC(119) O: Soft References:                1            0            0 
[2026-01-06T22:09:14.639+0800][57.221s][info][gc,ref      ] GC(119) O: Weak References:                6            0            0 
[2026-01-06T22:09:14.639+0800][57.221s][info][gc,ref      ] GC(119) O: Final References:               0            0            0 
[2026-01-06T22:09:14.639+0800][57.221s][info][gc,ref      ] GC(119) O: Phantom References:             1            1            0 
[2026-01-06T22:09:14.639+0800][57.221s][info][gc,reloc    ] GC(119) O:                        Candidates     Selected     In-Place         Size        Empty    Relocated 
[2026-01-06T22:09:14.639+0800][57.221s][info][gc,reloc    ] GC(119) O: Small Pages:                    2            1            0           4M           0M           1M 
[2026-01-06T22:09:14.639+0800][57.221s][info][gc,reloc    ] GC(119) O: Medium Pages:                   0            0            0           0M           0M           0M 
[2026-01-06T22:09:14.639+0800][57.221s][info][gc,reloc    ] GC(119) O: Large Pages:                    0            0            0           0M           0M           0M 
[2026-01-06T22:09:14.639+0800][57.221s][info][gc,reloc    ] GC(119) O: Forwarding Usage: 0M
[2026-01-06T22:09:14.639+0800][57.221s][info][gc,heap     ] GC(119) O: Min Capacity: 8M(0%)
[2026-01-06T22:09:14.639+0800][57.221s][info][gc,heap     ] GC(119) O: Max Capacity: 4096M(100%)
[2026-01-06T22:09:14.639+0800][57.221s][info][gc,heap     ] GC(119) O: Soft Max Capacity: 3686M(90%)
[2026-01-06T22:09:14.639+0800][57.221s][info][gc,heap     ] GC(119) O: Heap Statistics:
[2026-01-06T22:09:14.639+0800][57.221s][info][gc,heap     ] GC(119) O:                Mark Start          Mark End        Relocate Start      Relocate End           High               Low         
[2026-01-06T22:09:14.639+0800][57.221s][info][gc,heap     ] GC(119) O:  Capacity:     3498M (85%)        3498M (85%)        3498M (85%)        3498M (85%)        3498M (85%)        3498M (85%)    
[2026-01-06T22:09:14.639+0800][57.221s][info][gc,heap     ] GC(119) O:      Free:     1664M (41%)        4056M (99%)        4050M (99%)        4038M (99%)        4086M (100%)       1660M (41%)    
[2026-01-06T22:09:14.639+0800][57.221s][info][gc,heap     ] GC(119) O:      Used:     2432M (59%)          40M (1%)           46M (1%)           58M (1%)         2436M (59%)          10M (0%)     
[2026-01-06T22:09:14.639+0800][57.221s][info][gc,heap     ] GC(119) O: Old Generation Statistics:
[2026-01-06T22:09:14.639+0800][57.221s][info][gc,heap     ] GC(119) O:                Mark Start          Mark End        Relocate Start      Relocate End    
[2026-01-06T22:09:14.639+0800][57.221s][info][gc,heap     ] GC(119) O:      Used:        4M (0%)            4M (0%)            4M (0%)            4M (0%)     
[2026-01-06T22:09:14.639+0800][57.221s][info][gc,heap     ] GC(119) O:      Live:         -                 1M (0%)            1M (0%)            1M (0%)     
[2026-01-06T22:09:14.639+0800][57.221s][info][gc,heap     ] GC(119) O:   Garbage:         -                 2M (0%)            2M (0%)            0M (0%)     
[2026-01-06T22:09:14.639+0800][57.221s][info][gc,heap     ] GC(119) O: Allocated:         -                 0M (0%)            0M (0%)            2M (0%)     
[2026-01-06T22:09:14.639+0800][57.221s][info][gc,heap     ] GC(119) O: Reclaimed:         -                  -                 0M (0%)            2M (0%)     
[2026-01-06T22:09:14.639+0800][57.221s][info][gc,heap     ] GC(119) O: Compacted:         -                  -                  -                 1M (0%)     
[2026-01-06T22:09:14.639+0800][57.221s][info][gc,phases   ] GC(119) O: Old Generation 12M(0%)->58M(1%) 0.003s
[2026-01-06T22:09:14.639+0800][57.221s][info][gc          ] GC(119) Major Collection (Proactive) 2432M(59%)->60M(1%) 0.004s
[2026-01-06T22:09:14.845+0800][57.427s][info][gc          ] GC(120) Major Collection (Proactive)
[2026-01-06T22:09:14.845+0800][57.427s][info][gc,task     ] GC(120) Using 1 Workers for Young Generation
[2026-01-06T22:09:14.845+0800][57.427s][info][gc,task     ] GC(120) Using 1 Workers for Old Generation
[2026-01-06T22:09:14.845+0800][57.427s][info][gc,phases   ] GC(120) Y: Young Generation
[2026-01-06T22:09:14.845+0800][57.427s][info][gc,phases   ] GC(120) Y: Pause Mark Start (Major) 0.004ms
[2026-01-06T22:09:14.846+0800][57.427s][info][gc,phases   ] GC(120) Y: Concurrent Mark 0.328ms
[2026-01-06T22:09:14.846+0800][57.427s][info][gc,phases   ] GC(120) Y: Pause Mark End 0.004ms
[2026-01-06T22:09:14.846+0800][57.427s][info][gc,phases   ] GC(120) Y: Concurrent Mark Free 0.001ms
[2026-01-06T22:09:14.846+0800][57.427s][info][gc,phases   ] GC(120) Y: Concurrent Reset Relocation Set 0.000ms
[2026-01-06T22:09:14.846+0800][57.428s][info][gc,reloc    ] GC(120) Y: Using tenuring threshold: 1 (Computed)
[2026-01-06T22:09:14.846+0800][57.428s][info][gc,phases   ] GC(120) Y: Concurrent Select Relocation Set 0.425ms
[2026-01-06T22:09:14.846+0800][57.428s][info][gc,phases   ] GC(120) Y: Pause Relocate Start 0.001ms
[2026-01-06T22:09:14.846+0800][57.428s][info][gc,phases   ] GC(120) Y: Concurrent Relocate 0.015ms
[2026-01-06T22:09:14.846+0800][57.428s][info][gc,alloc    ] GC(120) Y:                         Mark Start        Mark End      Relocate Start    Relocate End   
[2026-01-06T22:09:14.846+0800][57.428s][info][gc,alloc    ] GC(120) Y: Allocation Stalls:          0                0                0                0         
[2026-01-06T22:09:14.846+0800][57.428s][info][gc,load     ] GC(120) Y: Load: 2.48 (25%) / 2.01 (20%) / 2.06 (21%)
[2026-01-06T22:09:14.846+0800][57.428s][info][gc,mmu      ] GC(120) Y: MMU: 2ms/0.0%, 5ms/19.3%, 10ms/59.6%, 20ms/79.8%, 50ms/91.9%, 100ms/96.0%
[2026-01-06T22:09:14.846+0800][57.428s][info][gc,marking  ] GC(120) Y: Mark: 1 stripe(s), 2 proactive flush(es), 1 terminate flush(es), 0 completion(s), 0 continuation(s) 
[2026-01-06T22:09:14.846+0800][57.428s][info][gc,nmethod  ] GC(120) Y: NMethods: 50 registered, 36 unregistered
[2026-01-06T22:09:14.846+0800][57.428s][info][gc,metaspace] GC(120) Y: Metaspace: 0M used, 0M committed, 1088M reserved
[2026-01-06T22:09:14.846+0800][57.428s][info][gc,reloc    ] GC(120) Y:                        Candidates     Selected     In-Place         Size        Empty    Relocated 
[2026-01-06T22:09:14.846+0800][57.428s][info][gc,reloc    ] GC(120) Y: Small Pages:                 1306            0            0        2612M        2610M           0M 
[2026-01-06T22:09:14.846+0800][57.428s][info][gc,reloc    ] GC(120) Y: Medium Pages:                   0            0            0           0M           0M           0M 
[2026-01-06T22:09:14.846+0800][57.428s][info][gc,reloc    ] GC(120) Y: Large Pages:                    0            0            0           0M           0M           0M 
[2026-01-06T22:09:14.846+0800][57.428s][info][gc,reloc    ] GC(120) Y: Forwarding Usage: 0M
[2026-01-06T22:09:14.846+0800][57.428s][info][gc,reloc    ] GC(120) Y: Age Table:
[2026-01-06T22:09:14.846+0800][57.428s][info][gc,reloc    ] GC(120) Y:                    Live             Garbage             Small              Medium             Large        
[2026-01-06T22:09:14.846+0800][57.428s][info][gc,reloc    ] GC(120) Y: Eden               0M (0%)         2609M (64%)       1305 / 0              0 / 0              0 / 0        
[2026-01-06T22:09:14.846+0800][57.428s][info][gc,reloc    ] GC(120) Y: Survivor 1          -                 2M (0%)           1 / 0              0 / 0              0 / 0        
[2026-01-06T22:09:14.846+0800][57.428s][info][gc,heap     ] GC(120) Y: Min Capacity: 8M(0%)
[2026-01-06T22:09:14.846+0800][57.428s][info][gc,heap     ] GC(120) Y: Max Capacity: 4096M(100%)
[2026-01-06T22:09:14.846+0800][57.428s][info][gc,heap     ] GC(120) Y: Soft Max Capacity: 3686M(90%)
[2026-01-06T22:09:14.846+0800][57.428s][info][gc,heap     ] GC(120) Y: Heap Statistics:
[2026-01-06T22:09:14.846+0800][57.428s][info][gc,heap     ] GC(120) Y:                Mark Start          Mark End        Relocate Start      Relocate End           High               Low         
[2026-01-06T22:09:14.846+0800][57.428s][info][gc,heap     ] GC(120) Y:  Capacity:     3498M (85%)        3498M (85%)        3498M (85%)        3498M (85%)        3498M (85%)        3498M (85%)    
[2026-01-06T22:09:14.846+0800][57.428s][info][gc,heap     ] GC(120) Y:      Free:     1480M (36%)        1478M (36%)        4086M (100%)       4086M (100%)       4088M (100%)       1478M (36%)    
[2026-01-06T22:09:14.846+0800][57.428s][info][gc,heap     ] GC(120) Y:      Used:     2616M (64%)        2618M (64%)          10M (0%)           10M (0%)         2618M (64%)           8M (0%)     
[2026-01-06T22:09:14.846+0800][57.428s][info][gc,heap     ] GC(120) Y: Young Generation Statistics:
[2026-01-06T22:09:14.846+0800][57.428s][info][gc,heap     ] GC(120) Y:                Mark Start          Mark End        Relocate Start      Relocate End    
[2026-01-06T22:09:14.846+0800][57.428s][info][gc,heap     ] GC(120) Y:      Used:     2612M (64%)        2614M (64%)           6M (0%)            6M (0%)     
[2026-01-06T22:09:14.846+0800][57.428s][info][gc,heap     ] GC(120) Y:      Live:         -                 0M (0%)            0M (0%)            0M (0%)     
[2026-01-06T22:09:14.846+0800][57.428s][info][gc,heap     ] GC(120) Y:   Garbage:         -              2611M (64%)           1M (0%)            1M (0%)     
[2026-01-06T22:09:14.846+0800][57.428s][info][gc,heap     ] GC(120) Y: Allocated:         -                 2M (0%)            4M (0%)            4M (0%)     
[2026-01-06T22:09:14.846+0800][57.428s][info][gc,heap     ] GC(120) Y: Reclaimed:         -                  -              2610M (64%)        2610M (64%)    
[2026-01-06T22:09:14.846+0800][57.428s][info][gc,heap     ] GC(120) Y:  Promoted:         -                  -                 0M (0%)            0M (0%)     
[2026-01-06T22:09:14.846+0800][57.428s][info][gc,heap     ] GC(120) Y: Compacted:         -                  -                  -                 0M (0%)     
[2026-01-06T22:09:14.846+0800][57.428s][info][gc,phases   ] GC(120) Y: Young Generation 2616M(64%)->10M(0%) 0.001s
[2026-01-06T22:09:14.846+0800][57.428s][info][gc,phases   ] GC(120) O: Old Generation
[2026-01-06T22:09:14.848+0800][57.430s][info][gc,phases   ] GC(120) O: Concurrent Mark 1.628ms
[2026-01-06T22:09:14.848+0800][57.430s][info][gc,phases   ] GC(120) O: Pause Mark End 0.003ms
[2026-01-06T22:09:14.848+0800][57.430s][info][gc,phases   ] GC(120) O: Concurrent Mark Free 0.000ms
[2026-01-06T22:09:14.848+0800][57.430s][info][gc,phases   ] GC(120) O: Concurrent Process Non-Strong 0.225ms
[2026-01-06T22:09:14.848+0800][57.430s][info][gc,phases   ] GC(120) O: Concurrent Reset Relocation Set 0.000ms
[2026-01-06T22:09:14.848+0800][57.430s][info][gc,phases   ] GC(120) O: Concurrent Select Relocation Set 0.020ms
[2026-01-06T22:09:14.848+0800][57.430s][info][gc,task     ] GC(120) O: Using 2 Workers for Old Generation
[2026-01-06T22:09:14.848+0800][57.430s][info][gc,task     ] GC(120) O: Using 1 Workers for Old Generation
[2026-01-06T22:09:14.848+0800][57.430s][info][gc,phases   ] GC(120) O: Concurrent Remap Roots 0.068ms
[2026-01-06T22:09:14.848+0800][57.430s][info][gc,phases   ] GC(120) O: Pause Relocate Start 0.001ms
[2026-01-06T22:09:14.849+0800][57.431s][info][gc,phases   ] GC(120) O: Concurrent Relocate 0.595ms
[2026-01-06T22:09:14.849+0800][57.431s][info][gc,alloc    ] GC(120) O:                         Mark Start        Mark End      Relocate Start    Relocate End   
[2026-01-06T22:09:14.849+0800][57.431s][info][gc,alloc    ] GC(120) O: Allocation Stalls:          0                0                0                0         
[2026-01-06T22:09:14.849+0800][57.431s][info][gc,load     ] GC(120) O: Load: 2.48 (25%) / 2.01 (20%) / 2.06 (21%)
[2026-01-06T22:09:14.849+0800][57.431s][info][gc,mmu      ] GC(120) O: MMU: 2ms/0.0%, 5ms/19.3%, 10ms/59.6%, 20ms/79.8%, 50ms/91.9%, 100ms/96.0%
[2026-01-06T22:09:14.849+0800][57.431s][info][gc,marking  ] GC(120) O: Mark: 1 stripe(s), 2 proactive flush(es), 1 terminate flush(es), 0 completion(s), 0 continuation(s) 
[2026-01-06T22:09:14.849+0800][57.431s][info][gc,nmethod  ] GC(120) O: NMethods: 50 registered, 36 unregistered
[2026-01-06T22:09:14.849+0800][57.431s][info][gc,metaspace] GC(120) O: Metaspace: 0M used, 0M committed, 1088M reserved
[2026-01-06T22:09:14.849+0800][57.431s][info][gc,ref      ] GC(120) O:                       Encountered   Discovered     Enqueued 
[2026-01-06T22:09:14.849+0800][57.431s][info][gc,ref      ] GC(120) O: Soft References:                1            0            0 
[2026-01-06T22:09:14.849+0800][57.431s][info][gc,ref      ] GC(120) O: Weak References:                6            0            0 
[2026-01-06T22:09:14.849+0800][57.431s][info][gc,ref      ] GC(120) O: Final References:               0            0            0 
[2026-01-06T22:09:14.849+0800][57.431s][info][gc,ref      ] GC(120) O: Phantom References:             1            1            0 
[2026-01-06T22:09:14.849+0800][57.431s][info][gc,reloc    ] GC(120) O:                        Candidates     Selected     In-Place         Size        Empty    Relocated 
[2026-01-06T22:09:14.849+0800][57.431s][info][gc,reloc    ] GC(120) O: Small Pages:                    2            1            0           4M           0M           1M 
[2026-01-06T22:09:14.849+0800][57.431s][info][gc,reloc    ] GC(120) O: Medium Pages:                   0            0            0           0M           0M           0M 
[2026-01-06T22:09:14.849+0800][57.431s][info][gc,reloc    ] GC(120) O: Large Pages:                    0            0            0           0M           0M           0M 
[2026-01-06T22:09:14.849+0800][57.431s][info][gc,reloc    ] GC(120) O: Forwarding Usage: 0M
[2026-01-06T22:09:14.849+0800][57.431s][info][gc,heap     ] GC(120) O: Min Capacity: 8M(0%)
[2026-01-06T22:09:14.849+0800][57.431s][info][gc,heap     ] GC(120) O: Max Capacity: 4096M(100%)
[2026-01-06T22:09:14.849+0800][57.431s][info][gc,heap     ] GC(120) O: Soft Max Capacity: 3686M(90%)
[2026-01-06T22:09:14.849+0800][57.431s][info][gc,heap     ] GC(120) O: Heap Statistics:
[2026-01-06T22:09:14.849+0800][57.431s][info][gc,heap     ] GC(120) O:                Mark Start          Mark End        Relocate Start      Relocate End           High               Low         
[2026-01-06T22:09:14.849+0800][57.431s][info][gc,heap     ] GC(120) O:  Capacity:     3498M (85%)        3498M (85%)        3498M (85%)        3498M (85%)        3498M (85%)        3498M (85%)    
[2026-01-06T22:09:14.849+0800][57.431s][info][gc,heap     ] GC(120) O:      Free:     1480M (36%)        4056M (99%)        4050M (99%)        4038M (99%)        4088M (100%)       1478M (36%)    
[2026-01-06T22:09:14.849+0800][57.431s][info][gc,heap     ] GC(120) O:      Used:     2616M (64%)          40M (1%)           46M (1%)           58M (1%)         2618M (64%)           8M (0%)     
[2026-01-06T22:09:14.849+0800][57.431s][info][gc,heap     ] GC(120) O: Old Generation Statistics:
[2026-01-06T22:09:14.849+0800][57.431s][info][gc,heap     ] GC(120) O:                Mark Start          Mark End        Relocate Start      Relocate End    
[2026-01-06T22:09:14.849+0800][57.431s][info][gc,heap     ] GC(120) O:      Used:        4M (0%)            4M (0%)            4M (0%)            4M (0%)     
[2026-01-06T22:09:14.849+0800][57.431s][info][gc,heap     ] GC(120) O:      Live:         -                 1M (0%)            1M (0%)            1M (0%)     
[2026-01-06T22:09:14.849+0800][57.431s][info][gc,heap     ] GC(120) O:   Garbage:         -                 2M (0%)            2M (0%)            0M (0%)     
[2026-01-06T22:09:14.849+0800][57.431s][info][gc,heap     ] GC(120) O: Allocated:         -                 0M (0%)            0M (0%)            2M (0%)     
[2026-01-06T22:09:14.849+0800][57.431s][info][gc,heap     ] GC(120) O: Reclaimed:         -                  -                 0M (0%)            2M (0%)     
[2026-01-06T22:09:14.849+0800][57.431s][info][gc,heap     ] GC(120) O: Compacted:         -                  -                  -                 1M (0%)     
[2026-01-06T22:09:14.849+0800][57.431s][info][gc,phases   ] GC(120) O: Old Generation 12M(0%)->58M(1%) 0.003s
[2026-01-06T22:09:14.849+0800][57.431s][info][gc          ] GC(120) Major Collection (Proactive) 2616M(64%)->60M(1%) 0.004s
[2026-01-06T22:09:15.054+0800][57.636s][info][gc          ] GC(121) Major Collection (Proactive)
[2026-01-06T22:09:15.054+0800][57.636s][info][gc,task     ] GC(121) Using 1 Workers for Young Generation
[2026-01-06T22:09:15.054+0800][57.636s][info][gc,task     ] GC(121) Using 1 Workers for Old Generation
[2026-01-06T22:09:15.054+0800][57.636s][info][gc,phases   ] GC(121) Y: Young Generation
[2026-01-06T22:09:15.054+0800][57.636s][info][gc,phases   ] GC(121) Y: Pause Mark Start (Major) 0.010ms
[2026-01-06T22:09:15.055+0800][57.636s][info][gc,phases   ] GC(121) Y: Concurrent Mark 0.336ms
[2026-01-06T22:09:15.055+0800][57.636s][info][gc,phases   ] GC(121) Y: Pause Mark End 0.003ms
[2026-01-06T22:09:15.055+0800][57.636s][info][gc,phases   ] GC(121) Y: Concurrent Mark Free 0.001ms
[2026-01-06T22:09:15.055+0800][57.636s][info][gc,phases   ] GC(121) Y: Concurrent Reset Relocation Set 0.000ms
[2026-01-06T22:09:15.055+0800][57.637s][info][gc,reloc    ] GC(121) Y: Using tenuring threshold: 1 (Computed)
[2026-01-06T22:09:15.055+0800][57.637s][info][gc,phases   ] GC(121) Y: Concurrent Select Relocation Set 0.792ms
[2026-01-06T22:09:15.055+0800][57.637s][info][gc,phases   ] GC(121) Y: Pause Relocate Start 0.001ms
[2026-01-06T22:09:15.055+0800][57.637s][info][gc,phases   ] GC(121) Y: Concurrent Relocate 0.010ms
[2026-01-06T22:09:15.055+0800][57.637s][info][gc,alloc    ] GC(121) Y:                         Mark Start        Mark End      Relocate Start    Relocate End   
[2026-01-06T22:09:15.055+0800][57.637s][info][gc,alloc    ] GC(121) Y: Allocation Stalls:          0                0                0                0         
[2026-01-06T22:09:15.056+0800][57.637s][info][gc,load     ] GC(121) Y: Load: 2.48 (25%) / 2.01 (20%) / 2.06 (21%)
[2026-01-06T22:09:15.056+0800][57.637s][info][gc,mmu      ] GC(121) Y: MMU: 2ms/0.0%, 5ms/19.3%, 10ms/59.6%, 20ms/79.8%, 50ms/91.9%, 100ms/96.0%
[2026-01-06T22:09:15.056+0800][57.637s][info][gc,marking  ] GC(121) Y: Mark: 1 stripe(s), 2 proactive flush(es), 1 terminate flush(es), 0 completion(s), 0 continuation(s) 
[2026-01-06T22:09:15.056+0800][57.637s][info][gc,nmethod  ] GC(121) Y: NMethods: 50 registered, 36 unregistered
[2026-01-06T22:09:15.056+0800][57.637s][info][gc,metaspace] GC(121) Y: Metaspace: 0M used, 0M committed, 1088M reserved
[2026-01-06T22:09:15.056+0800][57.637s][info][gc,reloc    ] GC(121) Y:                        Candidates     Selected     In-Place         Size        Empty    Relocated 
[2026-01-06T22:09:15.056+0800][57.637s][info][gc,reloc    ] GC(121) Y: Small Pages:                 1380            0            0        2760M        2758M           0M 
[2026-01-06T22:09:15.056+0800][57.637s][info][gc,reloc    ] GC(121) Y: Medium Pages:                   0            0            0           0M           0M           0M 
[2026-01-06T22:09:15.056+0800][57.637s][info][gc,reloc    ] GC(121) Y: Large Pages:                    0            0            0           0M           0M           0M 
[2026-01-06T22:09:15.056+0800][57.637s][info][gc,reloc    ] GC(121) Y: Forwarding Usage: 0M
[2026-01-06T22:09:15.056+0800][57.637s][info][gc,reloc    ] GC(121) Y: Age Table:
[2026-01-06T22:09:15.056+0800][57.637s][info][gc,reloc    ] GC(121) Y:                    Live             Garbage             Small              Medium             Large        
[2026-01-06T22:09:15.056+0800][57.637s][info][gc,reloc    ] GC(121) Y: Eden               0M (0%)         2757M (67%)       1379 / 0              0 / 0              0 / 0        
[2026-01-06T22:09:15.056+0800][57.637s][info][gc,reloc    ] GC(121) Y: Survivor 1          -                 2M (0%)           1 / 0              0 / 0              0 / 0        
[2026-01-06T22:09:15.056+0800][57.637s][info][gc,heap     ] GC(121) Y: Min Capacity: 8M(0%)
[2026-01-06T22:09:15.056+0800][57.637s][info][gc,heap     ] GC(121) Y: Max Capacity: 4096M(100%)
[2026-01-06T22:09:15.056+0800][57.637s][info][gc,heap     ] GC(121) Y: Soft Max Capacity: 3686M(90%)
[2026-01-06T22:09:15.056+0800][57.637s][info][gc,heap     ] GC(121) Y: Heap Statistics:
[2026-01-06T22:09:15.056+0800][57.637s][info][gc,heap     ] GC(121) Y:                Mark Start          Mark End        Relocate Start      Relocate End           High               Low         
[2026-01-06T22:09:15.056+0800][57.637s][info][gc,heap     ] GC(121) Y:  Capacity:     3498M (85%)        3498M (85%)        3498M (85%)        3498M (85%)        3498M (85%)        3498M (85%)    
[2026-01-06T22:09:15.056+0800][57.637s][info][gc,heap     ] GC(121) Y:      Free:     1332M (33%)        1328M (32%)        4084M (100%)       4084M (100%)       4084M (100%)       1328M (32%)    
[2026-01-06T22:09:15.056+0800][57.637s][info][gc,heap     ] GC(121) Y:      Used:     2764M (67%)        2768M (68%)          12M (0%)           12M (0%)         2768M (68%)          12M (0%)     
[2026-01-06T22:09:15.056+0800][57.637s][info][gc,heap     ] GC(121) Y: Young Generation Statistics:
[2026-01-06T22:09:15.056+0800][57.637s][info][gc,heap     ] GC(121) Y:                Mark Start          Mark End        Relocate Start      Relocate End    
[2026-01-06T22:09:15.056+0800][57.637s][info][gc,heap     ] GC(121) Y:      Used:     2760M (67%)        2764M (67%)           8M (0%)            8M (0%)     
[2026-01-06T22:09:15.056+0800][57.637s][info][gc,heap     ] GC(121) Y:      Live:         -                 0M (0%)            0M (0%)            0M (0%)     
[2026-01-06T22:09:15.056+0800][57.637s][info][gc,heap     ] GC(121) Y:   Garbage:         -              2759M (67%)           1M (0%)            1M (0%)     
[2026-01-06T22:09:15.056+0800][57.637s][info][gc,heap     ] GC(121) Y: Allocated:         -                 4M (0%)            6M (0%)            6M (0%)     
[2026-01-06T22:09:15.056+0800][57.637s][info][gc,heap     ] GC(121) Y: Reclaimed:         -                  -              2758M (67%)        2758M (67%)    
[2026-01-06T22:09:15.056+0800][57.637s][info][gc,heap     ] GC(121) Y:  Promoted:         -                  -                 0M (0%)            0M (0%)     
[2026-01-06T22:09:15.056+0800][57.637s][info][gc,heap     ] GC(121) Y: Compacted:         -                  -                  -                 0M (0%)     
[2026-01-06T22:09:15.056+0800][57.637s][info][gc,phases   ] GC(121) Y: Young Generation 2764M(67%)->12M(0%) 0.001s
[2026-01-06T22:09:15.056+0800][57.637s][info][gc,phases   ] GC(121) O: Old Generation
[2026-01-06T22:09:15.057+0800][57.639s][info][gc,phases   ] GC(121) O: Concurrent Mark 1.495ms
[2026-01-06T22:09:15.057+0800][57.639s][info][gc,phases   ] GC(121) O: Pause Mark End 0.003ms
[2026-01-06T22:09:15.057+0800][57.639s][info][gc,phases   ] GC(121) O: Concurrent Mark Free 0.001ms
[2026-01-06T22:09:15.057+0800][57.639s][info][gc,phases   ] GC(121) O: Concurrent Process Non-Strong 0.247ms
[2026-01-06T22:09:15.057+0800][57.639s][info][gc,phases   ] GC(121) O: Concurrent Reset Relocation Set 0.001ms
[2026-01-06T22:09:15.057+0800][57.639s][info][gc,phases   ] GC(121) O: Concurrent Select Relocation Set 0.019ms
[2026-01-06T22:09:15.057+0800][57.639s][info][gc,task     ] GC(121) O: Using 2 Workers for Old Generation
[2026-01-06T22:09:15.057+0800][57.639s][info][gc,task     ] GC(121) O: Using 1 Workers for Old Generation
[2026-01-06T22:09:15.058+0800][57.639s][info][gc,phases   ] GC(121) O: Concurrent Remap Roots 0.071ms
[2026-01-06T22:09:15.058+0800][57.639s][info][gc,phases   ] GC(121) O: Pause Relocate Start 0.005ms
[2026-01-06T22:09:15.058+0800][57.640s][info][gc,phases   ] GC(121) O: Concurrent Relocate 0.637ms
[2026-01-06T22:09:15.058+0800][57.640s][info][gc,alloc    ] GC(121) O:                         Mark Start        Mark End      Relocate Start    Relocate End   
[2026-01-06T22:09:15.058+0800][57.640s][info][gc,alloc    ] GC(121) O: Allocation Stalls:          0                0                0                0         
[2026-01-06T22:09:15.058+0800][57.640s][info][gc,load     ] GC(121) O: Load: 2.48 (25%) / 2.01 (20%) / 2.06 (21%)
[2026-01-06T22:09:15.058+0800][57.640s][info][gc,mmu      ] GC(121) O: MMU: 2ms/0.0%, 5ms/19.3%, 10ms/59.6%, 20ms/79.8%, 50ms/91.9%, 100ms/96.0%
[2026-01-06T22:09:15.058+0800][57.640s][info][gc,marking  ] GC(121) O: Mark: 1 stripe(s), 2 proactive flush(es), 1 terminate flush(es), 0 completion(s), 0 continuation(s) 
[2026-01-06T22:09:15.058+0800][57.640s][info][gc,nmethod  ] GC(121) O: NMethods: 50 registered, 36 unregistered
[2026-01-06T22:09:15.058+0800][57.640s][info][gc,metaspace] GC(121) O: Metaspace: 0M used, 0M committed, 1088M reserved
[2026-01-06T22:09:15.058+0800][57.640s][info][gc,ref      ] GC(121) O:                       Encountered   Discovered     Enqueued 
[2026-01-06T22:09:15.058+0800][57.640s][info][gc,ref      ] GC(121) O: Soft References:                1            0            0 
[2026-01-06T22:09:15.058+0800][57.640s][info][gc,ref      ] GC(121) O: Weak References:                6            0            0 
[2026-01-06T22:09:15.058+0800][57.640s][info][gc,ref      ] GC(121) O: Final References:               0            0            0 
[2026-01-06T22:09:15.058+0800][57.640s][info][gc,ref      ] GC(121) O: Phantom References:             1            1            0 
[2026-01-06T22:09:15.058+0800][57.640s][info][gc,reloc    ] GC(121) O:                        Candidates     Selected     In-Place         Size        Empty    Relocated 
[2026-01-06T22:09:15.058+0800][57.640s][info][gc,reloc    ] GC(121) O: Small Pages:                    2            1            0           4M           0M           1M 
[2026-01-06T22:09:15.058+0800][57.640s][info][gc,reloc    ] GC(121) O: Medium Pages:                   0            0            0           0M           0M           0M 
[2026-01-06T22:09:15.058+0800][57.640s][info][gc,reloc    ] GC(121) O: Large Pages:                    0            0            0           0M           0M           0M 
[2026-01-06T22:09:15.058+0800][57.640s][info][gc,reloc    ] GC(121) O: Forwarding Usage: 0M
[2026-01-06T22:09:15.058+0800][57.640s][info][gc,heap     ] GC(121) O: Min Capacity: 8M(0%)
[2026-01-06T22:09:15.058+0800][57.640s][info][gc,heap     ] GC(121) O: Max Capacity: 4096M(100%)
[2026-01-06T22:09:15.058+0800][57.640s][info][gc,heap     ] GC(121) O: Soft Max Capacity: 3686M(90%)
[2026-01-06T22:09:15.058+0800][57.640s][info][gc,heap     ] GC(121) O: Heap Statistics:
[2026-01-06T22:09:15.058+0800][57.640s][info][gc,heap     ] GC(121) O:                Mark Start          Mark End        Relocate Start      Relocate End           High               Low         
[2026-01-06T22:09:15.058+0800][57.640s][info][gc,heap     ] GC(121) O:  Capacity:     3498M (85%)        3498M (85%)        3498M (85%)        3498M (85%)        3498M (85%)        3498M (85%)    
[2026-01-06T22:09:15.058+0800][57.640s][info][gc,heap     ] GC(121) O:      Free:     1332M (33%)        4068M (99%)        4066M (99%)        4058M (99%)        4084M (100%)       1328M (32%)    
[2026-01-06T22:09:15.058+0800][57.640s][info][gc,heap     ] GC(121) O:      Used:     2764M (67%)          28M (1%)           30M (1%)           38M (1%)         2768M (68%)          12M (0%)     
[2026-01-06T22:09:15.058+0800][57.640s][info][gc,heap     ] GC(121) O: Old Generation Statistics:
[2026-01-06T22:09:15.058+0800][57.640s][info][gc,heap     ] GC(121) O:                Mark Start          Mark End        Relocate Start      Relocate End    
[2026-01-06T22:09:15.058+0800][57.640s][info][gc,heap     ] GC(121) O:      Used:        4M (0%)            4M (0%)            4M (0%)            4M (0%)     
[2026-01-06T22:09:15.058+0800][57.640s][info][gc,heap     ] GC(121) O:      Live:         -                 1M (0%)            1M (0%)            1M (0%)     
[2026-01-06T22:09:15.058+0800][57.640s][info][gc,heap     ] GC(121) O:   Garbage:         -                 2M (0%)            2M (0%)            0M (0%)     
[2026-01-06T22:09:15.058+0800][57.640s][info][gc,heap     ] GC(121) O: Allocated:         -                 0M (0%)            0M (0%)            2M (0%)     
[2026-01-06T22:09:15.058+0800][57.640s][info][gc,heap     ] GC(121) O: Reclaimed:         -                  -                 0M (0%)            2M (0%)     
[2026-01-06T22:09:15.058+0800][57.640s][info][gc,heap     ] GC(121) O: Compacted:         -                  -                  -                 1M (0%)     
[2026-01-06T22:09:15.058+0800][57.640s][info][gc,phases   ] GC(121) O: Old Generation 12M(0%)->38M(1%) 0.003s
[2026-01-06T22:09:15.058+0800][57.640s][info][gc          ] GC(121) Major Collection (Proactive) 2764M(67%)->38M(1%) 0.004s
[2026-01-06T22:09:15.291+0800][57.873s][info][gc          ] GC(122) Major Collection (Proactive)
[2026-01-06T22:09:15.291+0800][57.873s][info][gc,task     ] GC(122) Using 1 Workers for Young Generation
[2026-01-06T22:09:15.291+0800][57.873s][info][gc,task     ] GC(122) Using 1 Workers for Old Generation
[2026-01-06T22:09:15.291+0800][57.873s][info][gc,phases   ] GC(122) Y: Young Generation
[2026-01-06T22:09:15.291+0800][57.873s][info][gc,phases   ] GC(122) Y: Pause Mark Start (Major) 0.003ms
[2026-01-06T22:09:15.292+0800][57.873s][info][gc,phases   ] GC(122) Y: Concurrent Mark 0.322ms
[2026-01-06T22:09:15.292+0800][57.873s][info][gc,phases   ] GC(122) Y: Pause Mark End 0.003ms
[2026-01-06T22:09:15.292+0800][57.873s][info][gc,phases   ] GC(122) Y: Concurrent Mark Free 0.000ms
[2026-01-06T22:09:15.292+0800][57.873s][info][gc,phases   ] GC(122) Y: Concurrent Reset Relocation Set 0.000ms
[2026-01-06T22:09:15.292+0800][57.873s][info][gc,reloc    ] GC(122) Y: Using tenuring threshold: 1 (Computed)
[2026-01-06T22:09:15.292+0800][57.873s][info][gc,phases   ] GC(122) Y: Concurrent Select Relocation Set 0.196ms
[2026-01-06T22:09:15.292+0800][57.873s][info][gc,phases   ] GC(122) Y: Pause Relocate Start 0.001ms
[2026-01-06T22:09:15.292+0800][57.873s][info][gc,phases   ] GC(122) Y: Concurrent Relocate 0.012ms
[2026-01-06T22:09:15.292+0800][57.873s][info][gc,alloc    ] GC(122) Y:                         Mark Start        Mark End      Relocate Start    Relocate End   
[2026-01-06T22:09:15.292+0800][57.873s][info][gc,alloc    ] GC(122) Y: Allocation Stalls:          0                0                0                0         
[2026-01-06T22:09:15.292+0800][57.873s][info][gc,load     ] GC(122) Y: Load: 2.48 (25%) / 2.01 (20%) / 2.06 (21%)
[2026-01-06T22:09:15.292+0800][57.873s][info][gc,mmu      ] GC(122) Y: MMU: 2ms/0.0%, 5ms/19.3%, 10ms/59.6%, 20ms/79.8%, 50ms/91.9%, 100ms/96.0%
[2026-01-06T22:09:15.292+0800][57.874s][info][gc,marking  ] GC(122) Y: Mark: 1 stripe(s), 2 proactive flush(es), 1 terminate flush(es), 0 completion(s), 0 continuation(s) 
[2026-01-06T22:09:15.292+0800][57.874s][info][gc,nmethod  ] GC(122) Y: NMethods: 50 registered, 36 unregistered
[2026-01-06T22:09:15.292+0800][57.874s][info][gc,metaspace] GC(122) Y: Metaspace: 0M used, 0M committed, 1088M reserved
[2026-01-06T22:09:15.292+0800][57.874s][info][gc,reloc    ] GC(122) Y:                        Candidates     Selected     In-Place         Size        Empty    Relocated 
[2026-01-06T22:09:15.292+0800][57.874s][info][gc,reloc    ] GC(122) Y: Small Pages:                  840            0            0        1680M        1678M           0M 
[2026-01-06T22:09:15.292+0800][57.874s][info][gc,reloc    ] GC(122) Y: Medium Pages:                   0            0            0           0M           0M           0M 
[2026-01-06T22:09:15.292+0800][57.874s][info][gc,reloc    ] GC(122) Y: Large Pages:                    0            0            0           0M           0M           0M 
[2026-01-06T22:09:15.292+0800][57.874s][info][gc,reloc    ] GC(122) Y: Forwarding Usage: 0M
[2026-01-06T22:09:15.292+0800][57.874s][info][gc,reloc    ] GC(122) Y: Age Table:
[2026-01-06T22:09:15.292+0800][57.874s][info][gc,reloc    ] GC(122) Y:                    Live             Garbage             Small              Medium             Large        
[2026-01-06T22:09:15.292+0800][57.874s][info][gc,reloc    ] GC(122) Y: Eden               0M (0%)         1677M (41%)        839 / 0              0 / 0              0 / 0        
[2026-01-06T22:09:15.292+0800][57.874s][info][gc,reloc    ] GC(122) Y: Survivor 1          -                 2M (0%)           1 / 0              0 / 0              0 / 0        
[2026-01-06T22:09:15.292+0800][57.874s][info][gc,heap     ] GC(122) Y: Min Capacity: 8M(0%)
[2026-01-06T22:09:15.292+0800][57.874s][info][gc,heap     ] GC(122) Y: Max Capacity: 4096M(100%)
[2026-01-06T22:09:15.292+0800][57.874s][info][gc,heap     ] GC(122) Y: Soft Max Capacity: 3686M(90%)
[2026-01-06T22:09:15.292+0800][57.874s][info][gc,heap     ] GC(122) Y: Heap Statistics:
[2026-01-06T22:09:15.292+0800][57.874s][info][gc,heap     ] GC(122) Y:                Mark Start          Mark End        Relocate Start      Relocate End           High               Low         
[2026-01-06T22:09:15.292+0800][57.874s][info][gc,heap     ] GC(122) Y:  Capacity:     3498M (85%)        3498M (85%)        3498M (85%)        3498M (85%)        3498M (85%)        3498M (85%)    
[2026-01-06T22:09:15.292+0800][57.874s][info][gc,heap     ] GC(122) Y:      Free:     2412M (59%)        2408M (59%)        4086M (100%)       4086M (100%)       4086M (100%)       2408M (59%)    
[2026-01-06T22:09:15.292+0800][57.874s][info][gc,heap     ] GC(122) Y:      Used:     1684M (41%)        1688M (41%)          10M (0%)           10M (0%)         1688M (41%)          10M (0%)     
[2026-01-06T22:09:15.292+0800][57.874s][info][gc,heap     ] GC(122) Y: Young Generation Statistics:
[2026-01-06T22:09:15.292+0800][57.874s][info][gc,heap     ] GC(122) Y:                Mark Start          Mark End        Relocate Start      Relocate End    
[2026-01-06T22:09:15.292+0800][57.874s][info][gc,heap     ] GC(122) Y:      Used:     1680M (41%)        1684M (41%)           6M (0%)            6M (0%)     
[2026-01-06T22:09:15.292+0800][57.874s][info][gc,heap     ] GC(122) Y:      Live:         -                 0M (0%)            0M (0%)            0M (0%)     
[2026-01-06T22:09:15.292+0800][57.874s][info][gc,heap     ] GC(122) Y:   Garbage:         -              1679M (41%)           1M (0%)            1M (0%)     
[2026-01-06T22:09:15.292+0800][57.874s][info][gc,heap     ] GC(122) Y: Allocated:         -                 4M (0%)            4M (0%)            4M (0%)     
[2026-01-06T22:09:15.292+0800][57.874s][info][gc,heap     ] GC(122) Y: Reclaimed:         -                  -              1678M (41%)        1678M (41%)    
[2026-01-06T22:09:15.292+0800][57.874s][info][gc,heap     ] GC(122) Y:  Promoted:         -                  -                 0M (0%)            0M (0%)     
[2026-01-06T22:09:15.292+0800][57.874s][info][gc,heap     ] GC(122) Y: Compacted:         -                  -                  -                 0M (0%)     
[2026-01-06T22:09:15.292+0800][57.874s][info][gc,phases   ] GC(122) Y: Young Generation 1684M(41%)->10M(0%) 0.001s
[2026-01-06T22:09:15.292+0800][57.874s][info][gc,phases   ] GC(122) O: Old Generation
[2026-01-06T22:09:15.294+0800][57.875s][info][gc,phases   ] GC(122) O: Concurrent Mark 1.616ms
[2026-01-06T22:09:15.294+0800][57.875s][info][gc,phases   ] GC(122) O: Pause Mark End 0.002ms
[2026-01-06T22:09:15.294+0800][57.875s][info][gc,phases   ] GC(122) O: Concurrent Mark Free 0.000ms
[2026-01-06T22:09:15.294+0800][57.876s][info][gc,phases   ] GC(122) O: Concurrent Process Non-Strong 0.234ms
[2026-01-06T22:09:15.294+0800][57.876s][info][gc,phases   ] GC(122) O: Concurrent Reset Relocation Set 0.000ms
[2026-01-06T22:09:15.294+0800][57.876s][info][gc,phases   ] GC(122) O: Concurrent Select Relocation Set 0.022ms
[2026-01-06T22:09:15.294+0800][57.876s][info][gc,task     ] GC(122) O: Using 2 Workers for Old Generation
[2026-01-06T22:09:15.294+0800][57.876s][info][gc,task     ] GC(122) O: Using 1 Workers for Old Generation
[2026-01-06T22:09:15.294+0800][57.876s][info][gc,phases   ] GC(122) O: Concurrent Remap Roots 0.064ms
[2026-01-06T22:09:15.294+0800][57.876s][info][gc,phases   ] GC(122) O: Pause Relocate Start 0.001ms
[2026-01-06T22:09:15.295+0800][57.876s][info][gc,phases   ] GC(122) O: Concurrent Relocate 0.667ms
[2026-01-06T22:09:15.295+0800][57.876s][info][gc,alloc    ] GC(122) O:                         Mark Start        Mark End      Relocate Start    Relocate End   
[2026-01-06T22:09:15.295+0800][57.876s][info][gc,alloc    ] GC(122) O: Allocation Stalls:          0                0                0                0         
[2026-01-06T22:09:15.295+0800][57.876s][info][gc,load     ] GC(122) O: Load: 2.48 (25%) / 2.01 (20%) / 2.06 (21%)
[2026-01-06T22:09:15.295+0800][57.876s][info][gc,mmu      ] GC(122) O: MMU: 2ms/0.0%, 5ms/19.3%, 10ms/59.6%, 20ms/79.8%, 50ms/91.9%, 100ms/96.0%
[2026-01-06T22:09:15.295+0800][57.876s][info][gc,marking  ] GC(122) O: Mark: 1 stripe(s), 2 proactive flush(es), 1 terminate flush(es), 0 completion(s), 0 continuation(s) 
[2026-01-06T22:09:15.295+0800][57.876s][info][gc,nmethod  ] GC(122) O: NMethods: 50 registered, 36 unregistered
[2026-01-06T22:09:15.295+0800][57.876s][info][gc,metaspace] GC(122) O: Metaspace: 0M used, 0M committed, 1088M reserved
[2026-01-06T22:09:15.295+0800][57.876s][info][gc,ref      ] GC(122) O:                       Encountered   Discovered     Enqueued 
[2026-01-06T22:09:15.295+0800][57.876s][info][gc,ref      ] GC(122) O: Soft References:                1            0            0 
[2026-01-06T22:09:15.295+0800][57.876s][info][gc,ref      ] GC(122) O: Weak References:                6            0            0 
[2026-01-06T22:09:15.295+0800][57.876s][info][gc,ref      ] GC(122) O: Final References:               0            0            0 
[2026-01-06T22:09:15.295+0800][57.876s][info][gc,ref      ] GC(122) O: Phantom References:             1            1            0 
[2026-01-06T22:09:15.295+0800][57.876s][info][gc,reloc    ] GC(122) O:                        Candidates     Selected     In-Place         Size        Empty    Relocated 
[2026-01-06T22:09:15.295+0800][57.876s][info][gc,reloc    ] GC(122) O: Small Pages:                    2            1            0           4M           0M           1M 
[2026-01-06T22:09:15.295+0800][57.876s][info][gc,reloc    ] GC(122) O: Medium Pages:                   0            0            0           0M           0M           0M 
[2026-01-06T22:09:15.295+0800][57.876s][info][gc,reloc    ] GC(122) O: Large Pages:                    0            0            0           0M           0M           0M 
[2026-01-06T22:09:15.295+0800][57.876s][info][gc,reloc    ] GC(122) O: Forwarding Usage: 0M
[2026-01-06T22:09:15.295+0800][57.876s][info][gc,heap     ] GC(122) O: Min Capacity: 8M(0%)
[2026-01-06T22:09:15.295+0800][57.876s][info][gc,heap     ] GC(122) O: Max Capacity: 4096M(100%)
[2026-01-06T22:09:15.295+0800][57.876s][info][gc,heap     ] GC(122) O: Soft Max Capacity: 3686M(90%)
[2026-01-06T22:09:15.295+0800][57.876s][info][gc,heap     ] GC(122) O: Heap Statistics:
[2026-01-06T22:09:15.295+0800][57.876s][info][gc,heap     ] GC(122) O:                Mark Start          Mark End        Relocate Start      Relocate End           High               Low         
[2026-01-06T22:09:15.295+0800][57.876s][info][gc,heap     ] GC(122) O:  Capacity:     3498M (85%)        3498M (85%)        3498M (85%)        3498M (85%)        3498M (85%)        3498M (85%)    
[2026-01-06T22:09:15.295+0800][57.876s][info][gc,heap     ] GC(122) O:      Free:     2412M (59%)        4054M (99%)        4048M (99%)        4040M (99%)        4086M (100%)       2408M (59%)    
[2026-01-06T22:09:15.295+0800][57.876s][info][gc,heap     ] GC(122) O:      Used:     1684M (41%)          42M (1%)           48M (1%)           56M (1%)         1688M (41%)          10M (0%)     
[2026-01-06T22:09:15.295+0800][57.876s][info][gc,heap     ] GC(122) O: Old Generation Statistics:
[2026-01-06T22:09:15.295+0800][57.876s][info][gc,heap     ] GC(122) O:                Mark Start          Mark End        Relocate Start      Relocate End    
[2026-01-06T22:09:15.295+0800][57.876s][info][gc,heap     ] GC(122) O:      Used:        4M (0%)            4M (0%)            4M (0%)            4M (0%)     
[2026-01-06T22:09:15.295+0800][57.876s][info][gc,heap     ] GC(122) O:      Live:         -                 1M (0%)            1M (0%)            1M (0%)     
[2026-01-06T22:09:15.295+0800][57.876s][info][gc,heap     ] GC(122) O:   Garbage:         -                 2M (0%)            2M (0%)            0M (0%)     
[2026-01-06T22:09:15.295+0800][57.876s][info][gc,heap     ] GC(122) O: Allocated:         -                 0M (0%)            0M (0%)            2M (0%)     
[2026-01-06T22:09:15.295+0800][57.876s][info][gc,heap     ] GC(122) O: Reclaimed:         -                  -                 0M (0%)            2M (0%)     
[2026-01-06T22:09:15.295+0800][57.876s][info][gc,heap     ] GC(122) O: Compacted:         -                  -                  -                 1M (0%)     
[2026-01-06T22:09:15.295+0800][57.876s][info][gc,phases   ] GC(122) O: Old Generation 12M(0%)->56M(1%) 0.003s
[2026-01-06T22:09:15.295+0800][57.876s][info][gc          ] GC(122) Major Collection (Proactive) 1684M(41%)->58M(1%) 0.004s
[2026-01-06T22:09:15.521+0800][58.103s][info][gc          ] GC(123) Major Collection (Proactive)
[2026-01-06T22:09:15.521+0800][58.103s][info][gc,task     ] GC(123) Using 1 Workers for Young Generation
[2026-01-06T22:09:15.521+0800][58.103s][info][gc,task     ] GC(123) Using 1 Workers for Old Generation
[2026-01-06T22:09:15.521+0800][58.103s][info][gc,phases   ] GC(123) Y: Young Generation
[2026-01-06T22:09:15.521+0800][58.103s][info][gc,phases   ] GC(123) Y: Pause Mark Start (Major) 0.004ms
[2026-01-06T22:09:15.521+0800][58.103s][info][gc,phases   ] GC(123) Y: Concurrent Mark 0.299ms
[2026-01-06T22:09:15.521+0800][58.103s][info][gc,phases   ] GC(123) Y: Pause Mark End 0.003ms
[2026-01-06T22:09:15.521+0800][58.103s][info][gc,phases   ] GC(123) Y: Concurrent Mark Free 0.000ms
[2026-01-06T22:09:15.521+0800][58.103s][info][gc,phases   ] GC(123) Y: Concurrent Reset Relocation Set 0.000ms
[2026-01-06T22:09:15.522+0800][58.103s][info][gc,reloc    ] GC(123) Y: Using tenuring threshold: 1 (Computed)
[2026-01-06T22:09:15.522+0800][58.103s][info][gc,phases   ] GC(123) Y: Concurrent Select Relocation Set 0.200ms
[2026-01-06T22:09:15.522+0800][58.103s][info][gc,phases   ] GC(123) Y: Pause Relocate Start 0.001ms
[2026-01-06T22:09:15.522+0800][58.103s][info][gc,phases   ] GC(123) Y: Concurrent Relocate 0.009ms
[2026-01-06T22:09:15.522+0800][58.103s][info][gc,alloc    ] GC(123) Y:                         Mark Start        Mark End      Relocate Start    Relocate End   
[2026-01-06T22:09:15.522+0800][58.103s][info][gc,alloc    ] GC(123) Y: Allocation Stalls:          0                0                0                0         
[2026-01-06T22:09:15.522+0800][58.103s][info][gc,load     ] GC(123) Y: Load: 2.48 (25%) / 2.01 (20%) / 2.06 (21%)
[2026-01-06T22:09:15.522+0800][58.103s][info][gc,mmu      ] GC(123) Y: MMU: 2ms/0.0%, 5ms/19.3%, 10ms/59.6%, 20ms/79.8%, 50ms/91.9%, 100ms/96.0%
[2026-01-06T22:09:15.522+0800][58.103s][info][gc,marking  ] GC(123) Y: Mark: 1 stripe(s), 2 proactive flush(es), 1 terminate flush(es), 0 completion(s), 0 continuation(s) 
[2026-01-06T22:09:15.522+0800][58.103s][info][gc,nmethod  ] GC(123) Y: NMethods: 50 registered, 36 unregistered
[2026-01-06T22:09:15.522+0800][58.103s][info][gc,metaspace] GC(123) Y: Metaspace: 0M used, 0M committed, 1088M reserved
[2026-01-06T22:09:15.522+0800][58.103s][info][gc,reloc    ] GC(123) Y:                        Candidates     Selected     In-Place         Size        Empty    Relocated 
[2026-01-06T22:09:15.522+0800][58.103s][info][gc,reloc    ] GC(123) Y: Small Pages:                 1095            0            0        2190M        2188M           0M 
[2026-01-06T22:09:15.522+0800][58.103s][info][gc,reloc    ] GC(123) Y: Medium Pages:                   0            0            0           0M           0M           0M 
[2026-01-06T22:09:15.522+0800][58.103s][info][gc,reloc    ] GC(123) Y: Large Pages:                    0            0            0           0M           0M           0M 
[2026-01-06T22:09:15.522+0800][58.103s][info][gc,reloc    ] GC(123) Y: Forwarding Usage: 0M
[2026-01-06T22:09:15.522+0800][58.103s][info][gc,reloc    ] GC(123) Y: Age Table:
[2026-01-06T22:09:15.522+0800][58.103s][info][gc,reloc    ] GC(123) Y:                    Live             Garbage             Small              Medium             Large        
[2026-01-06T22:09:15.522+0800][58.103s][info][gc,reloc    ] GC(123) Y: Eden               0M (0%)         2187M (53%)       1094 / 0              0 / 0              0 / 0        
[2026-01-06T22:09:15.522+0800][58.103s][info][gc,reloc    ] GC(123) Y: Survivor 1          -                 2M (0%)           1 / 0              0 / 0              0 / 0        
[2026-01-06T22:09:15.522+0800][58.103s][info][gc,heap     ] GC(123) Y: Min Capacity: 8M(0%)
[2026-01-06T22:09:15.522+0800][58.103s][info][gc,heap     ] GC(123) Y: Max Capacity: 4096M(100%)
[2026-01-06T22:09:15.522+0800][58.103s][info][gc,heap     ] GC(123) Y: Soft Max Capacity: 3686M(90%)
[2026-01-06T22:09:15.522+0800][58.103s][info][gc,heap     ] GC(123) Y: Heap Statistics:
[2026-01-06T22:09:15.522+0800][58.103s][info][gc,heap     ] GC(123) Y:                Mark Start          Mark End        Relocate Start      Relocate End           High               Low         
[2026-01-06T22:09:15.522+0800][58.103s][info][gc,heap     ] GC(123) Y:  Capacity:     3498M (85%)        3498M (85%)        3498M (85%)        3498M (85%)        3498M (85%)        3498M (85%)    
[2026-01-06T22:09:15.522+0800][58.103s][info][gc,heap     ] GC(123) Y:      Free:     1902M (46%)        1898M (46%)        4086M (100%)       4086M (100%)       4086M (100%)       1898M (46%)    
[2026-01-06T22:09:15.522+0800][58.103s][info][gc,heap     ] GC(123) Y:      Used:     2194M (54%)        2198M (54%)          10M (0%)           10M (0%)         2198M (54%)          10M (0%)     
[2026-01-06T22:09:15.522+0800][58.103s][info][gc,heap     ] GC(123) Y: Young Generation Statistics:
[2026-01-06T22:09:15.522+0800][58.103s][info][gc,heap     ] GC(123) Y:                Mark Start          Mark End        Relocate Start      Relocate End    
[2026-01-06T22:09:15.522+0800][58.103s][info][gc,heap     ] GC(123) Y:      Used:     2190M (53%)        2194M (54%)           6M (0%)            6M (0%)     
[2026-01-06T22:09:15.522+0800][58.103s][info][gc,heap     ] GC(123) Y:      Live:         -                 0M (0%)            0M (0%)            0M (0%)     
[2026-01-06T22:09:15.522+0800][58.103s][info][gc,heap     ] GC(123) Y:   Garbage:         -              2189M (53%)           1M (0%)            1M (0%)     
[2026-01-06T22:09:15.522+0800][58.103s][info][gc,heap     ] GC(123) Y: Allocated:         -                 4M (0%)            4M (0%)            4M (0%)     
[2026-01-06T22:09:15.522+0800][58.103s][info][gc,heap     ] GC(123) Y: Reclaimed:         -                  -              2188M (53%)        2188M (53%)    
[2026-01-06T22:09:15.522+0800][58.103s][info][gc,heap     ] GC(123) Y:  Promoted:         -                  -                 0M (0%)            0M (0%)     
[2026-01-06T22:09:15.522+0800][58.103s][info][gc,heap     ] GC(123) Y: Compacted:         -                  -                  -                 0M (0%)     
[2026-01-06T22:09:15.522+0800][58.103s][info][gc,phases   ] GC(123) Y: Young Generation 2194M(54%)->10M(0%) 0.001s
[2026-01-06T22:09:15.522+0800][58.103s][info][gc,phases   ] GC(123) O: Old Generation
[2026-01-06T22:09:15.523+0800][58.105s][info][gc,phases   ] GC(123) O: Concurrent Mark 1.415ms
[2026-01-06T22:09:15.523+0800][58.105s][info][gc,phases   ] GC(123) O: Pause Mark End 0.002ms
[2026-01-06T22:09:15.523+0800][58.105s][info][gc,phases   ] GC(123) O: Concurrent Mark Free 0.000ms
[2026-01-06T22:09:15.523+0800][58.105s][info][gc,phases   ] GC(123) O: Concurrent Process Non-Strong 0.232ms
[2026-01-06T22:09:15.524+0800][58.105s][info][gc,phases   ] GC(123) O: Concurrent Reset Relocation Set 0.000ms
[2026-01-06T22:09:15.524+0800][58.105s][info][gc,phases   ] GC(123) O: Concurrent Select Relocation Set 0.023ms
[2026-01-06T22:09:15.524+0800][58.105s][info][gc,task     ] GC(123) O: Using 2 Workers for Old Generation
[2026-01-06T22:09:15.524+0800][58.105s][info][gc,task     ] GC(123) O: Using 1 Workers for Old Generation
[2026-01-06T22:09:15.524+0800][58.105s][info][gc,phases   ] GC(123) O: Concurrent Remap Roots 0.071ms
[2026-01-06T22:09:15.524+0800][58.105s][info][gc,phases   ] GC(123) O: Pause Relocate Start 0.001ms
[2026-01-06T22:09:15.524+0800][58.106s][info][gc,phases   ] GC(123) O: Concurrent Relocate 0.591ms
[2026-01-06T22:09:15.524+0800][58.106s][info][gc,alloc    ] GC(123) O:                         Mark Start        Mark End      Relocate Start    Relocate End   
[2026-01-06T22:09:15.524+0800][58.106s][info][gc,alloc    ] GC(123) O: Allocation Stalls:          0                0                0                0         
[2026-01-06T22:09:15.524+0800][58.106s][info][gc,load     ] GC(123) O: Load: 2.48 (25%) / 2.01 (20%) / 2.06 (21%)
[2026-01-06T22:09:15.524+0800][58.106s][info][gc,mmu      ] GC(123) O: MMU: 2ms/0.0%, 5ms/19.3%, 10ms/59.6%, 20ms/79.8%, 50ms/91.9%, 100ms/96.0%
[2026-01-06T22:09:15.524+0800][58.106s][info][gc,marking  ] GC(123) O: Mark: 1 stripe(s), 2 proactive flush(es), 1 terminate flush(es), 0 completion(s), 0 continuation(s) 
[2026-01-06T22:09:15.524+0800][58.106s][info][gc,nmethod  ] GC(123) O: NMethods: 50 registered, 36 unregistered
[2026-01-06T22:09:15.524+0800][58.106s][info][gc,metaspace] GC(123) O: Metaspace: 0M used, 0M committed, 1088M reserved
[2026-01-06T22:09:15.524+0800][58.106s][info][gc,ref      ] GC(123) O:                       Encountered   Discovered     Enqueued 
[2026-01-06T22:09:15.524+0800][58.106s][info][gc,ref      ] GC(123) O: Soft References:                1            0            0 
[2026-01-06T22:09:15.524+0800][58.106s][info][gc,ref      ] GC(123) O: Weak References:                6            0            0 
[2026-01-06T22:09:15.524+0800][58.106s][info][gc,ref      ] GC(123) O: Final References:               0            0            0 
[2026-01-06T22:09:15.524+0800][58.106s][info][gc,ref      ] GC(123) O: Phantom References:             1            1            0 
[2026-01-06T22:09:15.524+0800][58.106s][info][gc,reloc    ] GC(123) O:                        Candidates     Selected     In-Place         Size        Empty    Relocated 
[2026-01-06T22:09:15.524+0800][58.106s][info][gc,reloc    ] GC(123) O: Small Pages:                    2            1            0           4M           0M           1M 
[2026-01-06T22:09:15.524+0800][58.106s][info][gc,reloc    ] GC(123) O: Medium Pages:                   0            0            0           0M           0M           0M 
[2026-01-06T22:09:15.524+0800][58.106s][info][gc,reloc    ] GC(123) O: Large Pages:                    0            0            0           0M           0M           0M 
[2026-01-06T22:09:15.524+0800][58.106s][info][gc,reloc    ] GC(123) O: Forwarding Usage: 0M
[2026-01-06T22:09:15.524+0800][58.106s][info][gc,heap     ] GC(123) O: Min Capacity: 8M(0%)
[2026-01-06T22:09:15.524+0800][58.106s][info][gc,heap     ] GC(123) O: Max Capacity: 4096M(100%)
[2026-01-06T22:09:15.524+0800][58.106s][info][gc,heap     ] GC(123) O: Soft Max Capacity: 3686M(90%)
[2026-01-06T22:09:15.524+0800][58.106s][info][gc,heap     ] GC(123) O: Heap Statistics:
[2026-01-06T22:09:15.524+0800][58.106s][info][gc,heap     ] GC(123) O:                Mark Start          Mark End        Relocate Start      Relocate End           High               Low         
[2026-01-06T22:09:15.524+0800][58.106s][info][gc,heap     ] GC(123) O:  Capacity:     3498M (85%)        3498M (85%)        3498M (85%)        3498M (85%)        3498M (85%)        3498M (85%)    
[2026-01-06T22:09:15.524+0800][58.106s][info][gc,heap     ] GC(123) O:      Free:     1902M (46%)        4058M (99%)        4054M (99%)        4042M (99%)        4086M (100%)       1898M (46%)    
[2026-01-06T22:09:15.524+0800][58.106s][info][gc,heap     ] GC(123) O:      Used:     2194M (54%)          38M (1%)           42M (1%)           54M (1%)         2198M (54%)          10M (0%)     
[2026-01-06T22:09:15.524+0800][58.106s][info][gc,heap     ] GC(123) O: Old Generation Statistics:
[2026-01-06T22:09:15.524+0800][58.106s][info][gc,heap     ] GC(123) O:                Mark Start          Mark End        Relocate Start      Relocate End    
[2026-01-06T22:09:15.524+0800][58.106s][info][gc,heap     ] GC(123) O:      Used:        4M (0%)            4M (0%)            4M (0%)            4M (0%)     
[2026-01-06T22:09:15.524+0800][58.106s][info][gc,heap     ] GC(123) O:      Live:         -                 1M (0%)            1M (0%)            1M (0%)     
[2026-01-06T22:09:15.524+0800][58.106s][info][gc,heap     ] GC(123) O:   Garbage:         -                 2M (0%)            2M (0%)            0M (0%)     
[2026-01-06T22:09:15.524+0800][58.106s][info][gc,heap     ] GC(123) O: Allocated:         -                 0M (0%)            0M (0%)            2M (0%)     
[2026-01-06T22:09:15.524+0800][58.106s][info][gc,heap     ] GC(123) O: Reclaimed:         -                  -                 0M (0%)            2M (0%)     
[2026-01-06T22:09:15.524+0800][58.106s][info][gc,heap     ] GC(123) O: Compacted:         -                  -                  -                 1M (0%)     
[2026-01-06T22:09:15.524+0800][58.106s][info][gc,phases   ] GC(123) O: Old Generation 12M(0%)->54M(1%) 0.002s
[2026-01-06T22:09:15.524+0800][58.106s][info][gc          ] GC(123) Major Collection (Proactive) 2194M(54%)->56M(1%) 0.003s
[2026-01-06T22:09:15.733+0800][58.315s][info][gc          ] GC(124) Major Collection (Proactive)
[2026-01-06T22:09:15.733+0800][58.315s][info][gc,task     ] GC(124) Using 1 Workers for Young Generation
[2026-01-06T22:09:15.733+0800][58.315s][info][gc,task     ] GC(124) Using 1 Workers for Old Generation
[2026-01-06T22:09:15.733+0800][58.315s][info][gc,phases   ] GC(124) Y: Young Generation
[2026-01-06T22:09:15.733+0800][58.315s][info][gc,phases   ] GC(124) Y: Pause Mark Start (Major) 0.004ms
[2026-01-06T22:09:15.734+0800][58.315s][info][gc,phases   ] GC(124) Y: Concurrent Mark 0.357ms
[2026-01-06T22:09:15.734+0800][58.315s][info][gc,phases   ] GC(124) Y: Pause Mark End 0.003ms
[2026-01-06T22:09:15.734+0800][58.315s][info][gc,phases   ] GC(124) Y: Concurrent Mark Free 0.000ms
[2026-01-06T22:09:15.734+0800][58.315s][info][gc,phases   ] GC(124) Y: Concurrent Reset Relocation Set 0.000ms
[2026-01-06T22:09:15.734+0800][58.316s][info][gc,reloc    ] GC(124) Y: Using tenuring threshold: 1 (Computed)
[2026-01-06T22:09:15.734+0800][58.316s][info][gc,phases   ] GC(124) Y: Concurrent Select Relocation Set 0.272ms
[2026-01-06T22:09:15.734+0800][58.316s][info][gc,phases   ] GC(124) Y: Pause Relocate Start 0.001ms
[2026-01-06T22:09:15.734+0800][58.316s][info][gc,phases   ] GC(124) Y: Concurrent Relocate 0.012ms
[2026-01-06T22:09:15.734+0800][58.316s][info][gc,alloc    ] GC(124) Y:                         Mark Start        Mark End      Relocate Start    Relocate End   
[2026-01-06T22:09:15.734+0800][58.316s][info][gc,alloc    ] GC(124) Y: Allocation Stalls:          0                0                0                0         
[2026-01-06T22:09:15.734+0800][58.316s][info][gc,load     ] GC(124) Y: Load: 2.48 (25%) / 2.01 (20%) / 2.06 (21%)
[2026-01-06T22:09:15.734+0800][58.316s][info][gc,mmu      ] GC(124) Y: MMU: 2ms/0.0%, 5ms/19.3%, 10ms/59.6%, 20ms/79.8%, 50ms/91.9%, 100ms/96.0%
[2026-01-06T22:09:15.734+0800][58.316s][info][gc,marking  ] GC(124) Y: Mark: 1 stripe(s), 2 proactive flush(es), 1 terminate flush(es), 0 completion(s), 0 continuation(s) 
[2026-01-06T22:09:15.734+0800][58.316s][info][gc,nmethod  ] GC(124) Y: NMethods: 50 registered, 36 unregistered
[2026-01-06T22:09:15.734+0800][58.316s][info][gc,metaspace] GC(124) Y: Metaspace: 0M used, 0M committed, 1088M reserved
[2026-01-06T22:09:15.734+0800][58.316s][info][gc,reloc    ] GC(124) Y:                        Candidates     Selected     In-Place         Size        Empty    Relocated 
[2026-01-06T22:09:15.734+0800][58.316s][info][gc,reloc    ] GC(124) Y: Small Pages:                 1215            0            0        2430M        2428M           0M 
[2026-01-06T22:09:15.734+0800][58.316s][info][gc,reloc    ] GC(124) Y: Medium Pages:                   0            0            0           0M           0M           0M 
[2026-01-06T22:09:15.734+0800][58.316s][info][gc,reloc    ] GC(124) Y: Large Pages:                    0            0            0           0M           0M           0M 
[2026-01-06T22:09:15.734+0800][58.316s][info][gc,reloc    ] GC(124) Y: Forwarding Usage: 0M
[2026-01-06T22:09:15.734+0800][58.316s][info][gc,reloc    ] GC(124) Y: Age Table:
[2026-01-06T22:09:15.734+0800][58.316s][info][gc,reloc    ] GC(124) Y:                    Live             Garbage             Small              Medium             Large        
[2026-01-06T22:09:15.734+0800][58.316s][info][gc,reloc    ] GC(124) Y: Eden               0M (0%)         2427M (59%)       1214 / 0              0 / 0              0 / 0        
[2026-01-06T22:09:15.734+0800][58.316s][info][gc,reloc    ] GC(124) Y: Survivor 1          -                 2M (0%)           1 / 0              0 / 0              0 / 0        
[2026-01-06T22:09:15.734+0800][58.316s][info][gc,heap     ] GC(124) Y: Min Capacity: 8M(0%)
[2026-01-06T22:09:15.734+0800][58.316s][info][gc,heap     ] GC(124) Y: Max Capacity: 4096M(100%)
[2026-01-06T22:09:15.734+0800][58.316s][info][gc,heap     ] GC(124) Y: Soft Max Capacity: 3686M(90%)
[2026-01-06T22:09:15.734+0800][58.316s][info][gc,heap     ] GC(124) Y: Heap Statistics:
[2026-01-06T22:09:15.734+0800][58.316s][info][gc,heap     ] GC(124) Y:                Mark Start          Mark End        Relocate Start      Relocate End           High               Low         
[2026-01-06T22:09:15.734+0800][58.316s][info][gc,heap     ] GC(124) Y:  Capacity:     3498M (85%)        3498M (85%)        3498M (85%)        3498M (85%)        3498M (85%)        3498M (85%)    
[2026-01-06T22:09:15.734+0800][58.316s][info][gc,heap     ] GC(124) Y:      Free:     1662M (41%)        1660M (41%)        4088M (100%)       4088M (100%)       4088M (100%)       1660M (41%)    
[2026-01-06T22:09:15.734+0800][58.316s][info][gc,heap     ] GC(124) Y:      Used:     2434M (59%)        2436M (59%)           8M (0%)            8M (0%)         2436M (59%)           8M (0%)     
[2026-01-06T22:09:15.734+0800][58.316s][info][gc,heap     ] GC(124) Y: Young Generation Statistics:
[2026-01-06T22:09:15.734+0800][58.316s][info][gc,heap     ] GC(124) Y:                Mark Start          Mark End        Relocate Start      Relocate End    
[2026-01-06T22:09:15.734+0800][58.316s][info][gc,heap     ] GC(124) Y:      Used:     2430M (59%)        2432M (59%)           4M (0%)            4M (0%)     
[2026-01-06T22:09:15.734+0800][58.316s][info][gc,heap     ] GC(124) Y:      Live:         -                 0M (0%)            0M (0%)            0M (0%)     
[2026-01-06T22:09:15.734+0800][58.316s][info][gc,heap     ] GC(124) Y:   Garbage:         -              2429M (59%)           1M (0%)            1M (0%)     
[2026-01-06T22:09:15.734+0800][58.316s][info][gc,heap     ] GC(124) Y: Allocated:         -                 2M (0%)            2M (0%)            2M (0%)     
[2026-01-06T22:09:15.734+0800][58.316s][info][gc,heap     ] GC(124) Y: Reclaimed:         -                  -              2428M (59%)        2428M (59%)    
[2026-01-06T22:09:15.734+0800][58.316s][info][gc,heap     ] GC(124) Y:  Promoted:         -                  -                 0M (0%)            0M (0%)     
[2026-01-06T22:09:15.734+0800][58.316s][info][gc,heap     ] GC(124) Y: Compacted:         -                  -                  -                 0M (0%)     
[2026-01-06T22:09:15.734+0800][58.316s][info][gc,phases   ] GC(124) Y: Young Generation 2434M(59%)->8M(0%) 0.001s
[2026-01-06T22:09:15.734+0800][58.316s][info][gc,phases   ] GC(124) O: Old Generation
[2026-01-06T22:09:15.736+0800][58.317s][info][gc,phases   ] GC(124) O: Concurrent Mark 1.438ms
[2026-01-06T22:09:15.736+0800][58.317s][info][gc,phases   ] GC(124) O: Pause Mark End 0.003ms
[2026-01-06T22:09:15.736+0800][58.317s][info][gc,phases   ] GC(124) O: Concurrent Mark Free 0.000ms
[2026-01-06T22:09:15.736+0800][58.318s][info][gc,phases   ] GC(124) O: Concurrent Process Non-Strong 0.219ms
[2026-01-06T22:09:15.736+0800][58.318s][info][gc,phases   ] GC(124) O: Concurrent Reset Relocation Set 0.000ms
[2026-01-06T22:09:15.736+0800][58.318s][info][gc,phases   ] GC(124) O: Concurrent Select Relocation Set 0.020ms
[2026-01-06T22:09:15.736+0800][58.318s][info][gc,task     ] GC(124) O: Using 2 Workers for Old Generation
[2026-01-06T22:09:15.736+0800][58.318s][info][gc,task     ] GC(124) O: Using 1 Workers for Old Generation
[2026-01-06T22:09:15.736+0800][58.318s][info][gc,phases   ] GC(124) O: Concurrent Remap Roots 0.063ms
[2026-01-06T22:09:15.736+0800][58.318s][info][gc,phases   ] GC(124) O: Pause Relocate Start 0.001ms
[2026-01-06T22:09:15.737+0800][58.318s][info][gc,phases   ] GC(124) O: Concurrent Relocate 0.645ms
[2026-01-06T22:09:15.737+0800][58.318s][info][gc,alloc    ] GC(124) O:                         Mark Start        Mark End      Relocate Start    Relocate End   
[2026-01-06T22:09:15.737+0800][58.318s][info][gc,alloc    ] GC(124) O: Allocation Stalls:          0                0                0                0         
[2026-01-06T22:09:15.737+0800][58.318s][info][gc,load     ] GC(124) O: Load: 2.48 (25%) / 2.01 (20%) / 2.06 (21%)
[2026-01-06T22:09:15.737+0800][58.318s][info][gc,mmu      ] GC(124) O: MMU: 2ms/0.0%, 5ms/19.3%, 10ms/59.6%, 20ms/79.8%, 50ms/91.9%, 100ms/96.0%
[2026-01-06T22:09:15.737+0800][58.318s][info][gc,marking  ] GC(124) O: Mark: 1 stripe(s), 2 proactive flush(es), 1 terminate flush(es), 0 completion(s), 0 continuation(s) 
[2026-01-06T22:09:15.737+0800][58.318s][info][gc,nmethod  ] GC(124) O: NMethods: 50 registered, 36 unregistered
[2026-01-06T22:09:15.737+0800][58.318s][info][gc,metaspace] GC(124) O: Metaspace: 0M used, 0M committed, 1088M reserved
[2026-01-06T22:09:15.737+0800][58.318s][info][gc,ref      ] GC(124) O:                       Encountered   Discovered     Enqueued 
[2026-01-06T22:09:15.737+0800][58.318s][info][gc,ref      ] GC(124) O: Soft References:                1            0            0 
[2026-01-06T22:09:15.737+0800][58.318s][info][gc,ref      ] GC(124) O: Weak References:                6            0            0 
[2026-01-06T22:09:15.737+0800][58.318s][info][gc,ref      ] GC(124) O: Final References:               0            0            0 
[2026-01-06T22:09:15.737+0800][58.318s][info][gc,ref      ] GC(124) O: Phantom References:             1            1            0 
[2026-01-06T22:09:15.737+0800][58.318s][info][gc,reloc    ] GC(124) O:                        Candidates     Selected     In-Place         Size        Empty    Relocated 
[2026-01-06T22:09:15.737+0800][58.318s][info][gc,reloc    ] GC(124) O: Small Pages:                    2            1            0           4M           0M           1M 
[2026-01-06T22:09:15.737+0800][58.318s][info][gc,reloc    ] GC(124) O: Medium Pages:                   0            0            0           0M           0M           0M 
[2026-01-06T22:09:15.737+0800][58.318s][info][gc,reloc    ] GC(124) O: Large Pages:                    0            0            0           0M           0M           0M 
[2026-01-06T22:09:15.737+0800][58.318s][info][gc,reloc    ] GC(124) O: Forwarding Usage: 0M
[2026-01-06T22:09:15.737+0800][58.318s][info][gc,heap     ] GC(124) O: Min Capacity: 8M(0%)
[2026-01-06T22:09:15.737+0800][58.318s][info][gc,heap     ] GC(124) O: Max Capacity: 4096M(100%)
[2026-01-06T22:09:15.737+0800][58.318s][info][gc,heap     ] GC(124) O: Soft Max Capacity: 3686M(90%)
[2026-01-06T22:09:15.737+0800][58.318s][info][gc,heap     ] GC(124) O: Heap Statistics:
[2026-01-06T22:09:15.737+0800][58.318s][info][gc,heap     ] GC(124) O:                Mark Start          Mark End        Relocate Start      Relocate End           High               Low         
[2026-01-06T22:09:15.737+0800][58.319s][info][gc,heap     ] GC(124) O:  Capacity:     3498M (85%)        3498M (85%)        3498M (85%)        3498M (85%)        3498M (85%)        3498M (85%)    
[2026-01-06T22:09:15.737+0800][58.319s][info][gc,heap     ] GC(124) O:      Free:     1662M (41%)        4066M (99%)        4060M (99%)        4048M (99%)        4088M (100%)       1660M (41%)    
[2026-01-06T22:09:15.737+0800][58.319s][info][gc,heap     ] GC(124) O:      Used:     2434M (59%)          30M (1%)           36M (1%)           48M (1%)         2436M (59%)           8M (0%)     
[2026-01-06T22:09:15.737+0800][58.319s][info][gc,heap     ] GC(124) O: Old Generation Statistics:
[2026-01-06T22:09:15.737+0800][58.319s][info][gc,heap     ] GC(124) O:                Mark Start          Mark End        Relocate Start      Relocate End    
[2026-01-06T22:09:15.737+0800][58.319s][info][gc,heap     ] GC(124) O:      Used:        4M (0%)            4M (0%)            4M (0%)            4M (0%)     
[2026-01-06T22:09:15.737+0800][58.319s][info][gc,heap     ] GC(124) O:      Live:         -                 1M (0%)            1M (0%)            1M (0%)     
[2026-01-06T22:09:15.737+0800][58.319s][info][gc,heap     ] GC(124) O:   Garbage:         -                 2M (0%)            2M (0%)            0M (0%)     
[2026-01-06T22:09:15.737+0800][58.319s][info][gc,heap     ] GC(124) O: Allocated:         -                 0M (0%)            0M (0%)            2M (0%)     
[2026-01-06T22:09:15.737+0800][58.319s][info][gc,heap     ] GC(124) O: Reclaimed:         -                  -                 0M (0%)            2M (0%)     
[2026-01-06T22:09:15.737+0800][58.319s][info][gc,heap     ] GC(124) O: Compacted:         -                  -                  -                 1M (0%)     
[2026-01-06T22:09:15.737+0800][58.319s][info][gc,phases   ] GC(124) O: Old Generation 8M(0%)->48M(1%) 0.003s
[2026-01-06T22:09:15.737+0800][58.319s][info][gc          ] GC(124) Major Collection (Proactive) 2434M(59%)->50M(1%) 0.004s
[2026-01-06T22:09:15.936+0800][58.517s][info][gc          ] GC(125) Major Collection (Proactive)
[2026-01-06T22:09:15.936+0800][58.517s][info][gc,task     ] GC(125) Using 1 Workers for Young Generation
[2026-01-06T22:09:15.936+0800][58.517s][info][gc,task     ] GC(125) Using 1 Workers for Old Generation
[2026-01-06T22:09:15.936+0800][58.517s][info][gc,phases   ] GC(125) Y: Young Generation
[2026-01-06T22:09:15.936+0800][58.517s][info][gc,phases   ] GC(125) Y: Pause Mark Start (Major) 0.005ms
[2026-01-06T22:09:15.936+0800][58.518s][info][gc,phases   ] GC(125) Y: Concurrent Mark 0.352ms
[2026-01-06T22:09:15.936+0800][58.518s][info][gc,phases   ] GC(125) Y: Pause Mark End 0.003ms
[2026-01-06T22:09:15.936+0800][58.518s][info][gc,phases   ] GC(125) Y: Concurrent Mark Free 0.000ms
[2026-01-06T22:09:15.936+0800][58.518s][info][gc,phases   ] GC(125) Y: Concurrent Reset Relocation Set 0.000ms
[2026-01-06T22:09:15.937+0800][58.518s][info][gc,reloc    ] GC(125) Y: Using tenuring threshold: 1 (Computed)
[2026-01-06T22:09:15.937+0800][58.518s][info][gc,phases   ] GC(125) Y: Concurrent Select Relocation Set 0.356ms
[2026-01-06T22:09:15.937+0800][58.518s][info][gc,phases   ] GC(125) Y: Pause Relocate Start 0.002ms
[2026-01-06T22:09:15.937+0800][58.518s][info][gc,phases   ] GC(125) Y: Concurrent Relocate 0.010ms
[2026-01-06T22:09:15.937+0800][58.518s][info][gc,alloc    ] GC(125) Y:                         Mark Start        Mark End      Relocate Start    Relocate End   
[2026-01-06T22:09:15.937+0800][58.518s][info][gc,alloc    ] GC(125) Y: Allocation Stalls:          0                0                0                0         
[2026-01-06T22:09:15.937+0800][58.518s][info][gc,load     ] GC(125) Y: Load: 2.48 (25%) / 2.01 (20%) / 2.06 (21%)
[2026-01-06T22:09:15.937+0800][58.518s][info][gc,mmu      ] GC(125) Y: MMU: 2ms/0.0%, 5ms/19.3%, 10ms/59.6%, 20ms/79.8%, 50ms/91.9%, 100ms/96.0%
[2026-01-06T22:09:15.937+0800][58.518s][info][gc,marking  ] GC(125) Y: Mark: 1 stripe(s), 2 proactive flush(es), 1 terminate flush(es), 0 completion(s), 0 continuation(s) 
[2026-01-06T22:09:15.937+0800][58.518s][info][gc,nmethod  ] GC(125) Y: NMethods: 50 registered, 36 unregistered
[2026-01-06T22:09:15.937+0800][58.518s][info][gc,metaspace] GC(125) Y: Metaspace: 0M used, 0M committed, 1088M reserved
[2026-01-06T22:09:15.937+0800][58.518s][info][gc,reloc    ] GC(125) Y:                        Candidates     Selected     In-Place         Size        Empty    Relocated 
[2026-01-06T22:09:15.937+0800][58.518s][info][gc,reloc    ] GC(125) Y: Small Pages:                 1303            0            0        2606M        2604M           0M 
[2026-01-06T22:09:15.937+0800][58.518s][info][gc,reloc    ] GC(125) Y: Medium Pages:                   0            0            0           0M           0M           0M 
[2026-01-06T22:09:15.937+0800][58.518s][info][gc,reloc    ] GC(125) Y: Large Pages:                    0            0            0           0M           0M           0M 
[2026-01-06T22:09:15.937+0800][58.518s][info][gc,reloc    ] GC(125) Y: Forwarding Usage: 0M
[2026-01-06T22:09:15.937+0800][58.518s][info][gc,reloc    ] GC(125) Y: Age Table:
[2026-01-06T22:09:15.937+0800][58.518s][info][gc,reloc    ] GC(125) Y:                    Live             Garbage             Small              Medium             Large        
[2026-01-06T22:09:15.937+0800][58.518s][info][gc,reloc    ] GC(125) Y: Eden               0M (0%)         2603M (64%)       1302 / 0              0 / 0              0 / 0        
[2026-01-06T22:09:15.937+0800][58.518s][info][gc,reloc    ] GC(125) Y: Survivor 1          -                 2M (0%)           1 / 0              0 / 0              0 / 0        
[2026-01-06T22:09:15.937+0800][58.518s][info][gc,heap     ] GC(125) Y: Min Capacity: 8M(0%)
[2026-01-06T22:09:15.937+0800][58.518s][info][gc,heap     ] GC(125) Y: Max Capacity: 4096M(100%)
[2026-01-06T22:09:15.937+0800][58.518s][info][gc,heap     ] GC(125) Y: Soft Max Capacity: 3686M(90%)
[2026-01-06T22:09:15.937+0800][58.518s][info][gc,heap     ] GC(125) Y: Heap Statistics:
[2026-01-06T22:09:15.937+0800][58.518s][info][gc,heap     ] GC(125) Y:                Mark Start          Mark End        Relocate Start      Relocate End           High               Low         
[2026-01-06T22:09:15.937+0800][58.518s][info][gc,heap     ] GC(125) Y:  Capacity:     3498M (85%)        3498M (85%)        3498M (85%)        3498M (85%)        3498M (85%)        3498M (85%)    
[2026-01-06T22:09:15.937+0800][58.518s][info][gc,heap     ] GC(125) Y:      Free:     1486M (36%)        1484M (36%)        4086M (100%)       4086M (100%)       4088M (100%)       1484M (36%)    
[2026-01-06T22:09:15.937+0800][58.518s][info][gc,heap     ] GC(125) Y:      Used:     2610M (64%)        2612M (64%)          10M (0%)           10M (0%)         2612M (64%)           8M (0%)     
[2026-01-06T22:09:15.937+0800][58.518s][info][gc,heap     ] GC(125) Y: Young Generation Statistics:
[2026-01-06T22:09:15.937+0800][58.518s][info][gc,heap     ] GC(125) Y:                Mark Start          Mark End        Relocate Start      Relocate End    
[2026-01-06T22:09:15.937+0800][58.518s][info][gc,heap     ] GC(125) Y:      Used:     2606M (64%)        2608M (64%)           6M (0%)            6M (0%)     
[2026-01-06T22:09:15.937+0800][58.518s][info][gc,heap     ] GC(125) Y:      Live:         -                 0M (0%)            0M (0%)            0M (0%)     
[2026-01-06T22:09:15.937+0800][58.518s][info][gc,heap     ] GC(125) Y:   Garbage:         -              2605M (64%)           1M (0%)            1M (0%)     
[2026-01-06T22:09:15.937+0800][58.518s][info][gc,heap     ] GC(125) Y: Allocated:         -                 2M (0%)            4M (0%)            4M (0%)     
[2026-01-06T22:09:15.937+0800][58.518s][info][gc,heap     ] GC(125) Y: Reclaimed:         -                  -              2604M (64%)        2604M (64%)    
[2026-01-06T22:09:15.937+0800][58.518s][info][gc,heap     ] GC(125) Y:  Promoted:         -                  -                 0M (0%)            0M (0%)     
[2026-01-06T22:09:15.937+0800][58.518s][info][gc,heap     ] GC(125) Y: Compacted:         -                  -                  -                 0M (0%)     
[2026-01-06T22:09:15.937+0800][58.518s][info][gc,phases   ] GC(125) Y: Young Generation 2610M(64%)->10M(0%) 0.001s
[2026-01-06T22:09:15.937+0800][58.518s][info][gc,phases   ] GC(125) O: Old Generation
[2026-01-06T22:09:15.938+0800][58.520s][info][gc,phases   ] GC(125) O: Concurrent Mark 1.605ms
[2026-01-06T22:09:15.938+0800][58.520s][info][gc,phases   ] GC(125) O: Pause Mark End 0.004ms
[2026-01-06T22:09:15.938+0800][58.520s][info][gc,phases   ] GC(125) O: Concurrent Mark Free 0.000ms
[2026-01-06T22:09:15.939+0800][58.520s][info][gc,phases   ] GC(125) O: Concurrent Process Non-Strong 0.225ms
[2026-01-06T22:09:15.939+0800][58.520s][info][gc,phases   ] GC(125) O: Concurrent Reset Relocation Set 0.000ms
[2026-01-06T22:09:15.939+0800][58.520s][info][gc,phases   ] GC(125) O: Concurrent Select Relocation Set 0.021ms
[2026-01-06T22:09:15.939+0800][58.520s][info][gc,task     ] GC(125) O: Using 2 Workers for Old Generation
[2026-01-06T22:09:15.939+0800][58.520s][info][gc,task     ] GC(125) O: Using 1 Workers for Old Generation
[2026-01-06T22:09:15.939+0800][58.520s][info][gc,phases   ] GC(125) O: Concurrent Remap Roots 0.092ms
[2026-01-06T22:09:15.939+0800][58.520s][info][gc,phases   ] GC(125) O: Pause Relocate Start 0.002ms
[2026-01-06T22:09:15.939+0800][58.521s][info][gc,phases   ] GC(125) O: Concurrent Relocate 0.695ms
[2026-01-06T22:09:15.940+0800][58.521s][info][gc,alloc    ] GC(125) O:                         Mark Start        Mark End      Relocate Start    Relocate End   
[2026-01-06T22:09:15.940+0800][58.521s][info][gc,alloc    ] GC(125) O: Allocation Stalls:          0                0                0                0         
[2026-01-06T22:09:15.940+0800][58.521s][info][gc,load     ] GC(125) O: Load: 2.48 (25%) / 2.01 (20%) / 2.06 (21%)
[2026-01-06T22:09:15.940+0800][58.521s][info][gc,mmu      ] GC(125) O: MMU: 2ms/0.0%, 5ms/19.3%, 10ms/59.6%, 20ms/79.8%, 50ms/91.9%, 100ms/96.0%
[2026-01-06T22:09:15.940+0800][58.521s][info][gc,marking  ] GC(125) O: Mark: 1 stripe(s), 2 proactive flush(es), 1 terminate flush(es), 0 completion(s), 0 continuation(s) 
[2026-01-06T22:09:15.940+0800][58.521s][info][gc,nmethod  ] GC(125) O: NMethods: 50 registered, 36 unregistered
[2026-01-06T22:09:15.940+0800][58.521s][info][gc,metaspace] GC(125) O: Metaspace: 0M used, 0M committed, 1088M reserved
[2026-01-06T22:09:15.940+0800][58.521s][info][gc,ref      ] GC(125) O:                       Encountered   Discovered     Enqueued 
[2026-01-06T22:09:15.940+0800][58.521s][info][gc,ref      ] GC(125) O: Soft References:                1            0            0 
[2026-01-06T22:09:15.940+0800][58.521s][info][gc,ref      ] GC(125) O: Weak References:                6            0            0 
[2026-01-06T22:09:15.940+0800][58.521s][info][gc,ref      ] GC(125) O: Final References:               0            0            0 
[2026-01-06T22:09:15.940+0800][58.521s][info][gc,ref      ] GC(125) O: Phantom References:             1            1            0 
[2026-01-06T22:09:15.940+0800][58.521s][info][gc,reloc    ] GC(125) O:                        Candidates     Selected     In-Place         Size        Empty    Relocated 
[2026-01-06T22:09:15.940+0800][58.521s][info][gc,reloc    ] GC(125) O: Small Pages:                    2            1            0           4M           0M           1M 
[2026-01-06T22:09:15.940+0800][58.521s][info][gc,reloc    ] GC(125) O: Medium Pages:                   0            0            0           0M           0M           0M 
[2026-01-06T22:09:15.940+0800][58.521s][info][gc,reloc    ] GC(125) O: Large Pages:                    0            0            0           0M           0M           0M 
[2026-01-06T22:09:15.940+0800][58.521s][info][gc,reloc    ] GC(125) O: Forwarding Usage: 0M
[2026-01-06T22:09:15.940+0800][58.521s][info][gc,heap     ] GC(125) O: Min Capacity: 8M(0%)
[2026-01-06T22:09:15.940+0800][58.521s][info][gc,heap     ] GC(125) O: Max Capacity: 4096M(100%)
[2026-01-06T22:09:15.940+0800][58.521s][info][gc,heap     ] GC(125) O: Soft Max Capacity: 3686M(90%)
[2026-01-06T22:09:15.940+0800][58.521s][info][gc,heap     ] GC(125) O: Heap Statistics:
[2026-01-06T22:09:15.940+0800][58.521s][info][gc,heap     ] GC(125) O:                Mark Start          Mark End        Relocate Start      Relocate End           High               Low         
[2026-01-06T22:09:15.940+0800][58.521s][info][gc,heap     ] GC(125) O:  Capacity:     3498M (85%)        3498M (85%)        3498M (85%)        3498M (85%)        3498M (85%)        3498M (85%)    
[2026-01-06T22:09:15.940+0800][58.521s][info][gc,heap     ] GC(125) O:      Free:     1486M (36%)        4054M (99%)        4048M (99%)        4034M (98%)        4088M (100%)       1484M (36%)    
[2026-01-06T22:09:15.940+0800][58.521s][info][gc,heap     ] GC(125) O:      Used:     2610M (64%)          42M (1%)           48M (1%)           62M (2%)         2612M (64%)           8M (0%)     
[2026-01-06T22:09:15.940+0800][58.521s][info][gc,heap     ] GC(125) O: Old Generation Statistics:
[2026-01-06T22:09:15.940+0800][58.521s][info][gc,heap     ] GC(125) O:                Mark Start          Mark End        Relocate Start      Relocate End    
[2026-01-06T22:09:15.940+0800][58.521s][info][gc,heap     ] GC(125) O:      Used:        4M (0%)            4M (0%)            4M (0%)            4M (0%)     
[2026-01-06T22:09:15.940+0800][58.521s][info][gc,heap     ] GC(125) O:      Live:         -                 1M (0%)            1M (0%)            1M (0%)     
[2026-01-06T22:09:15.940+0800][58.521s][info][gc,heap     ] GC(125) O:   Garbage:         -                 2M (0%)            2M (0%)            0M (0%)     
[2026-01-06T22:09:15.940+0800][58.521s][info][gc,heap     ] GC(125) O: Allocated:         -                 0M (0%)            0M (0%)            2M (0%)     
[2026-01-06T22:09:15.940+0800][58.521s][info][gc,heap     ] GC(125) O: Reclaimed:         -                  -                 0M (0%)            2M (0%)     
[2026-01-06T22:09:15.940+0800][58.521s][info][gc,heap     ] GC(125) O: Compacted:         -                  -                  -                 1M (0%)     
[2026-01-06T22:09:15.940+0800][58.521s][info][gc,phases   ] GC(125) O: Old Generation 12M(0%)->62M(2%) 0.003s
[2026-01-06T22:09:15.940+0800][58.521s][info][gc          ] GC(125) Major Collection (Proactive) 2610M(64%)->64M(2%) 0.004s
[2026-01-06T22:09:16.165+0800][58.747s][info][gc          ] GC(126) Major Collection (Proactive)
[2026-01-06T22:09:16.165+0800][58.747s][info][gc,task     ] GC(126) Using 1 Workers for Young Generation
[2026-01-06T22:09:16.165+0800][58.747s][info][gc,task     ] GC(126) Using 1 Workers for Old Generation
[2026-01-06T22:09:16.165+0800][58.747s][info][gc,phases   ] GC(126) Y: Young Generation
[2026-01-06T22:09:16.165+0800][58.747s][info][gc,phases   ] GC(126) Y: Pause Mark Start (Major) 0.008ms
[2026-01-06T22:09:16.168+0800][58.750s][info][gc,phases   ] GC(126) Y: Concurrent Mark 2.678ms
[2026-01-06T22:09:16.168+0800][58.750s][info][gc,phases   ] GC(126) Y: Pause Mark End 0.004ms
[2026-01-06T22:09:16.168+0800][58.750s][info][gc,phases   ] GC(126) Y: Concurrent Mark Free 0.002ms
[2026-01-06T22:09:16.168+0800][58.750s][info][gc,phases   ] GC(126) Y: Concurrent Reset Relocation Set 0.000ms
[2026-01-06T22:09:16.169+0800][58.750s][info][gc,reloc    ] GC(126) Y: Using tenuring threshold: 1 (Computed)
[2026-01-06T22:09:16.169+0800][58.751s][info][gc,phases   ] GC(126) Y: Concurrent Select Relocation Set 0.819ms
[2026-01-06T22:09:16.169+0800][58.751s][info][gc,phases   ] GC(126) Y: Pause Relocate Start 0.001ms
[2026-01-06T22:09:16.169+0800][58.751s][info][gc,phases   ] GC(126) Y: Concurrent Relocate 0.012ms
[2026-01-06T22:09:16.169+0800][58.751s][info][gc,alloc    ] GC(126) Y:                         Mark Start        Mark End      Relocate Start    Relocate End   
[2026-01-06T22:09:16.169+0800][58.751s][info][gc,alloc    ] GC(126) Y: Allocation Stalls:          0                0                0                0         
[2026-01-06T22:09:16.169+0800][58.751s][info][gc,load     ] GC(126) Y: Load: 2.48 (25%) / 2.01 (20%) / 2.06 (21%)
[2026-01-06T22:09:16.169+0800][58.751s][info][gc,mmu      ] GC(126) Y: MMU: 2ms/0.0%, 5ms/19.3%, 10ms/59.6%, 20ms/79.8%, 50ms/91.9%, 100ms/96.0%
[2026-01-06T22:09:16.169+0800][58.751s][info][gc,marking  ] GC(126) Y: Mark: 1 stripe(s), 2 proactive flush(es), 1 terminate flush(es), 0 completion(s), 0 continuation(s) 
[2026-01-06T22:09:16.169+0800][58.751s][info][gc,nmethod  ] GC(126) Y: NMethods: 50 registered, 36 unregistered
[2026-01-06T22:09:16.169+0800][58.751s][info][gc,metaspace] GC(126) Y: Metaspace: 0M used, 0M committed, 1088M reserved
[2026-01-06T22:09:16.169+0800][58.751s][info][gc,reloc    ] GC(126) Y:                        Candidates     Selected     In-Place         Size        Empty    Relocated 
[2026-01-06T22:09:16.169+0800][58.751s][info][gc,reloc    ] GC(126) Y: Small Pages:                 1397            0            0        2794M        2792M           0M 
[2026-01-06T22:09:16.169+0800][58.751s][info][gc,reloc    ] GC(126) Y: Medium Pages:                   0            0            0           0M           0M           0M 
[2026-01-06T22:09:16.169+0800][58.751s][info][gc,reloc    ] GC(126) Y: Large Pages:                    0            0            0           0M           0M           0M 
[2026-01-06T22:09:16.169+0800][58.751s][info][gc,reloc    ] GC(126) Y: Forwarding Usage: 0M
[2026-01-06T22:09:16.169+0800][58.751s][info][gc,reloc    ] GC(126) Y: Age Table:
[2026-01-06T22:09:16.169+0800][58.751s][info][gc,reloc    ] GC(126) Y:                    Live             Garbage             Small              Medium             Large        
[2026-01-06T22:09:16.169+0800][58.751s][info][gc,reloc    ] GC(126) Y: Eden               0M (0%)         2791M (68%)       1396 / 0              0 / 0              0 / 0        
[2026-01-06T22:09:16.169+0800][58.751s][info][gc,reloc    ] GC(126) Y: Survivor 1          -                 2M (0%)           1 / 0              0 / 0              0 / 0        
[2026-01-06T22:09:16.169+0800][58.751s][info][gc,heap     ] GC(126) Y: Min Capacity: 8M(0%)
[2026-01-06T22:09:16.169+0800][58.751s][info][gc,heap     ] GC(126) Y: Max Capacity: 4096M(100%)
[2026-01-06T22:09:16.169+0800][58.751s][info][gc,heap     ] GC(126) Y: Soft Max Capacity: 3686M(90%)
[2026-01-06T22:09:16.169+0800][58.751s][info][gc,heap     ] GC(126) Y: Heap Statistics:
[2026-01-06T22:09:16.169+0800][58.751s][info][gc,heap     ] GC(126) Y:                Mark Start          Mark End        Relocate Start      Relocate End           High               Low         
[2026-01-06T22:09:16.169+0800][58.751s][info][gc,heap     ] GC(126) Y:  Capacity:     3498M (85%)        3498M (85%)        3498M (85%)        3498M (85%)        3498M (85%)        3498M (85%)    
[2026-01-06T22:09:16.169+0800][58.751s][info][gc,heap     ] GC(126) Y:      Free:     1298M (32%)        1290M (31%)        4080M (100%)       4080M (100%)       4080M (100%)       1290M (31%)    
[2026-01-06T22:09:16.169+0800][58.751s][info][gc,heap     ] GC(126) Y:      Used:     2798M (68%)        2806M (69%)          16M (0%)           16M (0%)         2806M (69%)          16M (0%)     
[2026-01-06T22:09:16.169+0800][58.751s][info][gc,heap     ] GC(126) Y: Young Generation Statistics:
[2026-01-06T22:09:16.169+0800][58.751s][info][gc,heap     ] GC(126) Y:                Mark Start          Mark End        Relocate Start      Relocate End    
[2026-01-06T22:09:16.169+0800][58.751s][info][gc,heap     ] GC(126) Y:      Used:     2794M (68%)        2802M (68%)          12M (0%)           12M (0%)     
[2026-01-06T22:09:16.169+0800][58.751s][info][gc,heap     ] GC(126) Y:      Live:         -                 0M (0%)            0M (0%)            0M (0%)     
[2026-01-06T22:09:16.169+0800][58.751s][info][gc,heap     ] GC(126) Y:   Garbage:         -              2793M (68%)           1M (0%)            1M (0%)     
[2026-01-06T22:09:16.169+0800][58.751s][info][gc,heap     ] GC(126) Y: Allocated:         -                 8M (0%)           10M (0%)           10M (0%)     
[2026-01-06T22:09:16.169+0800][58.751s][info][gc,heap     ] GC(126) Y: Reclaimed:         -                  -              2792M (68%)        2792M (68%)    
[2026-01-06T22:09:16.169+0800][58.751s][info][gc,heap     ] GC(126) Y:  Promoted:         -                  -                 0M (0%)            0M (0%)     
[2026-01-06T22:09:16.169+0800][58.751s][info][gc,heap     ] GC(126) Y: Compacted:         -                  -                  -                 0M (0%)     
[2026-01-06T22:09:16.169+0800][58.751s][info][gc,phases   ] GC(126) Y: Young Generation 2798M(68%)->16M(0%) 0.004s
[2026-01-06T22:09:16.169+0800][58.751s][info][gc,phases   ] GC(126) O: Old Generation
[2026-01-06T22:09:16.171+0800][58.752s][info][gc,phases   ] GC(126) O: Concurrent Mark 1.590ms
[2026-01-06T22:09:16.171+0800][58.752s][info][gc,phases   ] GC(126) O: Pause Mark End 0.003ms
[2026-01-06T22:09:16.171+0800][58.752s][info][gc,phases   ] GC(126) O: Concurrent Mark Free 0.000ms
[2026-01-06T22:09:16.171+0800][58.753s][info][gc,phases   ] GC(126) O: Concurrent Process Non-Strong 0.252ms
[2026-01-06T22:09:16.171+0800][58.753s][info][gc,phases   ] GC(126) O: Concurrent Reset Relocation Set 0.001ms
[2026-01-06T22:09:16.171+0800][58.753s][info][gc,phases   ] GC(126) O: Concurrent Select Relocation Set 0.018ms
[2026-01-06T22:09:16.171+0800][58.753s][info][gc,task     ] GC(126) O: Using 2 Workers for Old Generation
[2026-01-06T22:09:16.171+0800][58.753s][info][gc,task     ] GC(126) O: Using 1 Workers for Old Generation
[2026-01-06T22:09:16.171+0800][58.753s][info][gc,phases   ] GC(126) O: Concurrent Remap Roots 0.074ms
[2026-01-06T22:09:16.171+0800][58.753s][info][gc,phases   ] GC(126) O: Pause Relocate Start 0.001ms
[2026-01-06T22:09:16.172+0800][58.753s][info][gc,phases   ] GC(126) O: Concurrent Relocate 0.629ms
[2026-01-06T22:09:16.172+0800][58.753s][info][gc,alloc    ] GC(126) O:                         Mark Start        Mark End      Relocate Start    Relocate End   
[2026-01-06T22:09:16.172+0800][58.753s][info][gc,alloc    ] GC(126) O: Allocation Stalls:          0                0                0                0         
[2026-01-06T22:09:16.172+0800][58.753s][info][gc,load     ] GC(126) O: Load: 2.48 (25%) / 2.01 (20%) / 2.06 (21%)
[2026-01-06T22:09:16.172+0800][58.753s][info][gc,mmu      ] GC(126) O: MMU: 2ms/0.0%, 5ms/19.3%, 10ms/59.6%, 20ms/79.8%, 50ms/91.9%, 100ms/96.0%
[2026-01-06T22:09:16.172+0800][58.753s][info][gc,marking  ] GC(126) O: Mark: 1 stripe(s), 2 proactive flush(es), 1 terminate flush(es), 0 completion(s), 0 continuation(s) 
[2026-01-06T22:09:16.172+0800][58.753s][info][gc,nmethod  ] GC(126) O: NMethods: 50 registered, 36 unregistered
[2026-01-06T22:09:16.172+0800][58.753s][info][gc,metaspace] GC(126) O: Metaspace: 0M used, 0M committed, 1088M reserved
[2026-01-06T22:09:16.172+0800][58.753s][info][gc,ref      ] GC(126) O:                       Encountered   Discovered     Enqueued 
[2026-01-06T22:09:16.172+0800][58.753s][info][gc,ref      ] GC(126) O: Soft References:                1            0            0 
[2026-01-06T22:09:16.172+0800][58.753s][info][gc,ref      ] GC(126) O: Weak References:                6            0            0 
[2026-01-06T22:09:16.172+0800][58.753s][info][gc,ref      ] GC(126) O: Final References:               0            0            0 
[2026-01-06T22:09:16.172+0800][58.753s][info][gc,ref      ] GC(126) O: Phantom References:             1            1            0 
[2026-01-06T22:09:16.172+0800][58.753s][info][gc,reloc    ] GC(126) O:                        Candidates     Selected     In-Place         Size        Empty    Relocated 
[2026-01-06T22:09:16.172+0800][58.753s][info][gc,reloc    ] GC(126) O: Small Pages:                    2            1            0           4M           0M           1M 
[2026-01-06T22:09:16.172+0800][58.753s][info][gc,reloc    ] GC(126) O: Medium Pages:                   0            0            0           0M           0M           0M 
[2026-01-06T22:09:16.172+0800][58.753s][info][gc,reloc    ] GC(126) O: Large Pages:                    0            0            0           0M           0M           0M 
[2026-01-06T22:09:16.172+0800][58.753s][info][gc,reloc    ] GC(126) O: Forwarding Usage: 0M
[2026-01-06T22:09:16.172+0800][58.753s][info][gc,heap     ] GC(126) O: Min Capacity: 8M(0%)
[2026-01-06T22:09:16.172+0800][58.753s][info][gc,heap     ] GC(126) O: Max Capacity: 4096M(100%)
[2026-01-06T22:09:16.172+0800][58.753s][info][gc,heap     ] GC(126) O: Soft Max Capacity: 3686M(90%)
[2026-01-06T22:09:16.172+0800][58.753s][info][gc,heap     ] GC(126) O: Heap Statistics:
[2026-01-06T22:09:16.172+0800][58.753s][info][gc,heap     ] GC(126) O:                Mark Start          Mark End        Relocate Start      Relocate End           High               Low         
[2026-01-06T22:09:16.172+0800][58.753s][info][gc,heap     ] GC(126) O:  Capacity:     3498M (85%)        3498M (85%)        3498M (85%)        3498M (85%)        3498M (85%)        3498M (85%)    
[2026-01-06T22:09:16.172+0800][58.753s][info][gc,heap     ] GC(126) O:      Free:     1298M (32%)        4064M (99%)        4062M (99%)        4054M (99%)        4080M (100%)       1290M (31%)    
[2026-01-06T22:09:16.172+0800][58.753s][info][gc,heap     ] GC(126) O:      Used:     2798M (68%)          32M (1%)           34M (1%)           42M (1%)         2806M (69%)          16M (0%)     
[2026-01-06T22:09:16.172+0800][58.753s][info][gc,heap     ] GC(126) O: Old Generation Statistics:
[2026-01-06T22:09:16.172+0800][58.753s][info][gc,heap     ] GC(126) O:                Mark Start          Mark End        Relocate Start      Relocate End    
[2026-01-06T22:09:16.172+0800][58.753s][info][gc,heap     ] GC(126) O:      Used:        4M (0%)            4M (0%)            4M (0%)            4M (0%)     
[2026-01-06T22:09:16.172+0800][58.753s][info][gc,heap     ] GC(126) O:      Live:         -                 1M (0%)            1M (0%)            1M (0%)     
[2026-01-06T22:09:16.172+0800][58.753s][info][gc,heap     ] GC(126) O:   Garbage:         -                 2M (0%)            2M (0%)            0M (0%)     
[2026-01-06T22:09:16.172+0800][58.753s][info][gc,heap     ] GC(126) O: Allocated:         -                 0M (0%)            0M (0%)            2M (0%)     
[2026-01-06T22:09:16.172+0800][58.753s][info][gc,heap     ] GC(126) O: Reclaimed:         -                  -                 0M (0%)            2M (0%)     
[2026-01-06T22:09:16.172+0800][58.753s][info][gc,heap     ] GC(126) O: Compacted:         -                  -                  -                 1M (0%)     
[2026-01-06T22:09:16.172+0800][58.753s][info][gc,phases   ] GC(126) O: Old Generation 16M(0%)->42M(1%) 0.003s
[2026-01-06T22:09:16.172+0800][58.753s][info][gc          ] GC(126) Major Collection (Proactive) 2798M(68%)->42M(1%) 0.007s
[2026-01-06T22:09:16.665+0800][59.247s][info][gc          ] GC(127) Major Collection (Proactive)
[2026-01-06T22:09:16.665+0800][59.247s][info][gc,task     ] GC(127) Using 1 Workers for Young Generation
[2026-01-06T22:09:16.665+0800][59.247s][info][gc,task     ] GC(127) Using 1 Workers for Old Generation
[2026-01-06T22:09:16.665+0800][59.247s][info][gc,phases   ] GC(127) Y: Young Generation
[2026-01-06T22:09:16.665+0800][59.247s][info][gc,phases   ] GC(127) Y: Pause Mark Start (Major) 0.005ms
[2026-01-06T22:09:16.666+0800][59.248s][info][gc,phases   ] GC(127) Y: Concurrent Mark 0.386ms
[2026-01-06T22:09:16.666+0800][59.248s][info][gc,phases   ] GC(127) Y: Pause Mark End 0.003ms
[2026-01-06T22:09:16.666+0800][59.248s][info][gc,phases   ] GC(127) Y: Concurrent Mark Free 0.001ms
[2026-01-06T22:09:16.666+0800][59.248s][info][gc,phases   ] GC(127) Y: Concurrent Reset Relocation Set 0.000ms
[2026-01-06T22:09:16.666+0800][59.248s][info][gc,reloc    ] GC(127) Y: Using tenuring threshold: 1 (Computed)
[2026-01-06T22:09:16.666+0800][59.248s][info][gc,phases   ] GC(127) Y: Concurrent Select Relocation Set 0.471ms
[2026-01-06T22:09:16.666+0800][59.248s][info][gc,phases   ] GC(127) Y: Pause Relocate Start 0.001ms
[2026-01-06T22:09:16.666+0800][59.248s][info][gc,phases   ] GC(127) Y: Concurrent Relocate 0.010ms
[2026-01-06T22:09:16.666+0800][59.248s][info][gc,alloc    ] GC(127) Y:                         Mark Start        Mark End      Relocate Start    Relocate End   
[2026-01-06T22:09:16.667+0800][59.248s][info][gc,alloc    ] GC(127) Y: Allocation Stalls:          0                0                0                0         
[2026-01-06T22:09:16.667+0800][59.248s][info][gc,load     ] GC(127) Y: Load: 2.48 (25%) / 2.01 (20%) / 2.06 (21%)
[2026-01-06T22:09:16.667+0800][59.248s][info][gc,mmu      ] GC(127) Y: MMU: 2ms/0.0%, 5ms/19.3%, 10ms/59.6%, 20ms/79.8%, 50ms/91.9%, 100ms/96.0%
[2026-01-06T22:09:16.667+0800][59.248s][info][gc,marking  ] GC(127) Y: Mark: 1 stripe(s), 2 proactive flush(es), 1 terminate flush(es), 0 completion(s), 0 continuation(s) 
[2026-01-06T22:09:16.667+0800][59.248s][info][gc,nmethod  ] GC(127) Y: NMethods: 50 registered, 36 unregistered
[2026-01-06T22:09:16.667+0800][59.248s][info][gc,metaspace] GC(127) Y: Metaspace: 0M used, 0M committed, 1088M reserved
[2026-01-06T22:09:16.667+0800][59.248s][info][gc,reloc    ] GC(127) Y:                        Candidates     Selected     In-Place         Size        Empty    Relocated 
[2026-01-06T22:09:16.667+0800][59.248s][info][gc,reloc    ] GC(127) Y: Small Pages:                 1620            0            0        3240M        3238M           0M 
[2026-01-06T22:09:16.667+0800][59.248s][info][gc,reloc    ] GC(127) Y: Medium Pages:                   0            0            0           0M           0M           0M 
[2026-01-06T22:09:16.667+0800][59.248s][info][gc,reloc    ] GC(127) Y: Large Pages:                    0            0            0           0M           0M           0M 
[2026-01-06T22:09:16.667+0800][59.248s][info][gc,reloc    ] GC(127) Y: Forwarding Usage: 0M
[2026-01-06T22:09:16.667+0800][59.248s][info][gc,reloc    ] GC(127) Y: Age Table:
[2026-01-06T22:09:16.667+0800][59.248s][info][gc,reloc    ] GC(127) Y:                    Live             Garbage             Small              Medium             Large        
[2026-01-06T22:09:16.667+0800][59.248s][info][gc,reloc    ] GC(127) Y: Eden               0M (0%)         3237M (79%)       1619 / 0              0 / 0              0 / 0        
[2026-01-06T22:09:16.667+0800][59.248s][info][gc,reloc    ] GC(127) Y: Survivor 1          -                 2M (0%)           1 / 0              0 / 0              0 / 0        
[2026-01-06T22:09:16.667+0800][59.248s][info][gc,heap     ] GC(127) Y: Min Capacity: 8M(0%)
[2026-01-06T22:09:16.667+0800][59.248s][info][gc,heap     ] GC(127) Y: Max Capacity: 4096M(100%)
[2026-01-06T22:09:16.667+0800][59.248s][info][gc,heap     ] GC(127) Y: Soft Max Capacity: 3686M(90%)
[2026-01-06T22:09:16.667+0800][59.248s][info][gc,heap     ] GC(127) Y: Heap Statistics:
[2026-01-06T22:09:16.667+0800][59.248s][info][gc,heap     ] GC(127) Y:                Mark Start          Mark End        Relocate Start      Relocate End           High               Low         
[2026-01-06T22:09:16.667+0800][59.248s][info][gc,heap     ] GC(127) Y:  Capacity:     3498M (85%)        3498M (85%)        3498M (85%)        3498M (85%)        3498M (85%)        3498M (85%)    
[2026-01-06T22:09:16.667+0800][59.248s][info][gc,heap     ] GC(127) Y:      Free:      852M (21%)         850M (21%)        4086M (100%)       4086M (100%)       4086M (100%)        850M (21%)    
[2026-01-06T22:09:16.667+0800][59.248s][info][gc,heap     ] GC(127) Y:      Used:     3244M (79%)        3246M (79%)          10M (0%)           10M (0%)         3246M (79%)          10M (0%)     
[2026-01-06T22:09:16.667+0800][59.248s][info][gc,heap     ] GC(127) Y: Young Generation Statistics:
[2026-01-06T22:09:16.667+0800][59.248s][info][gc,heap     ] GC(127) Y:                Mark Start          Mark End        Relocate Start      Relocate End    
[2026-01-06T22:09:16.667+0800][59.248s][info][gc,heap     ] GC(127) Y:      Used:     3240M (79%)        3242M (79%)           6M (0%)            6M (0%)     
[2026-01-06T22:09:16.667+0800][59.248s][info][gc,heap     ] GC(127) Y:      Live:         -                 0M (0%)            0M (0%)            0M (0%)     
[2026-01-06T22:09:16.667+0800][59.248s][info][gc,heap     ] GC(127) Y:   Garbage:         -              3239M (79%)           1M (0%)            1M (0%)     
[2026-01-06T22:09:16.667+0800][59.248s][info][gc,heap     ] GC(127) Y: Allocated:         -                 2M (0%)            4M (0%)            4M (0%)     
[2026-01-06T22:09:16.667+0800][59.248s][info][gc,heap     ] GC(127) Y: Reclaimed:         -                  -              3238M (79%)        3238M (79%)    
[2026-01-06T22:09:16.667+0800][59.248s][info][gc,heap     ] GC(127) Y:  Promoted:         -                  -                 0M (0%)            0M (0%)     
[2026-01-06T22:09:16.667+0800][59.248s][info][gc,heap     ] GC(127) Y: Compacted:         -                  -                  -                 0M (0%)     
[2026-01-06T22:09:16.667+0800][59.248s][info][gc,phases   ] GC(127) Y: Young Generation 3244M(79%)->10M(0%) 0.001s
[2026-01-06T22:09:16.667+0800][59.248s][info][gc,phases   ] GC(127) O: Old Generation
[2026-01-06T22:09:16.669+0800][59.251s][info][gc,phases   ] GC(127) O: Concurrent Mark 2.184ms
[2026-01-06T22:09:16.669+0800][59.251s][info][gc,phases   ] GC(127) O: Pause Mark End 0.003ms
[2026-01-06T22:09:16.669+0800][59.251s][info][gc,phases   ] GC(127) O: Concurrent Mark Free 0.000ms
[2026-01-06T22:09:16.669+0800][59.251s][info][gc,phases   ] GC(127) O: Concurrent Process Non-Strong 0.237ms
[2026-01-06T22:09:16.669+0800][59.251s][info][gc,phases   ] GC(127) O: Concurrent Reset Relocation Set 0.000ms
[2026-01-06T22:09:16.669+0800][59.251s][info][gc,phases   ] GC(127) O: Concurrent Select Relocation Set 0.019ms
[2026-01-06T22:09:16.669+0800][59.251s][info][gc,task     ] GC(127) O: Using 2 Workers for Old Generation
[2026-01-06T22:09:16.669+0800][59.251s][info][gc,task     ] GC(127) O: Using 1 Workers for Old Generation
[2026-01-06T22:09:16.669+0800][59.251s][info][gc,phases   ] GC(127) O: Concurrent Remap Roots 0.070ms
[2026-01-06T22:09:16.669+0800][59.251s][info][gc,phases   ] GC(127) O: Pause Relocate Start 0.001ms
[2026-01-06T22:09:16.670+0800][59.252s][info][gc,phases   ] GC(127) O: Concurrent Relocate 0.612ms
[2026-01-06T22:09:16.670+0800][59.252s][info][gc,alloc    ] GC(127) O:                         Mark Start        Mark End      Relocate Start    Relocate End   
[2026-01-06T22:09:16.670+0800][59.252s][info][gc,alloc    ] GC(127) O: Allocation Stalls:          0                0                0                0         
[2026-01-06T22:09:16.670+0800][59.252s][info][gc,load     ] GC(127) O: Load: 2.48 (25%) / 2.01 (20%) / 2.06 (21%)
[2026-01-06T22:09:16.670+0800][59.252s][info][gc,mmu      ] GC(127) O: MMU: 2ms/0.0%, 5ms/19.3%, 10ms/59.6%, 20ms/79.8%, 50ms/91.9%, 100ms/96.0%
[2026-01-06T22:09:16.670+0800][59.252s][info][gc,marking  ] GC(127) O: Mark: 1 stripe(s), 2 proactive flush(es), 1 terminate flush(es), 0 completion(s), 0 continuation(s) 
[2026-01-06T22:09:16.670+0800][59.252s][info][gc,nmethod  ] GC(127) O: NMethods: 50 registered, 36 unregistered
[2026-01-06T22:09:16.670+0800][59.252s][info][gc,metaspace] GC(127) O: Metaspace: 0M used, 0M committed, 1088M reserved
[2026-01-06T22:09:16.670+0800][59.252s][info][gc,ref      ] GC(127) O:                       Encountered   Discovered     Enqueued 
[2026-01-06T22:09:16.670+0800][59.252s][info][gc,ref      ] GC(127) O: Soft References:                1            0            0 
[2026-01-06T22:09:16.670+0800][59.252s][info][gc,ref      ] GC(127) O: Weak References:                6            0            0 
[2026-01-06T22:09:16.670+0800][59.252s][info][gc,ref      ] GC(127) O: Final References:               0            0            0 
[2026-01-06T22:09:16.670+0800][59.252s][info][gc,ref      ] GC(127) O: Phantom References:             1            1            0 
[2026-01-06T22:09:16.670+0800][59.252s][info][gc,reloc    ] GC(127) O:                        Candidates     Selected     In-Place         Size        Empty    Relocated 
[2026-01-06T22:09:16.670+0800][59.252s][info][gc,reloc    ] GC(127) O: Small Pages:                    2            1            0           4M           0M           1M 
[2026-01-06T22:09:16.670+0800][59.252s][info][gc,reloc    ] GC(127) O: Medium Pages:                   0            0            0           0M           0M           0M 
[2026-01-06T22:09:16.670+0800][59.252s][info][gc,reloc    ] GC(127) O: Large Pages:                    0            0            0           0M           0M           0M 
[2026-01-06T22:09:16.670+0800][59.252s][info][gc,reloc    ] GC(127) O: Forwarding Usage: 0M
[2026-01-06T22:09:16.670+0800][59.252s][info][gc,heap     ] GC(127) O: Min Capacity: 8M(0%)
[2026-01-06T22:09:16.670+0800][59.252s][info][gc,heap     ] GC(127) O: Max Capacity: 4096M(100%)
[2026-01-06T22:09:16.670+0800][59.252s][info][gc,heap     ] GC(127) O: Soft Max Capacity: 3686M(90%)
[2026-01-06T22:09:16.670+0800][59.252s][info][gc,heap     ] GC(127) O: Heap Statistics:
[2026-01-06T22:09:16.670+0800][59.252s][info][gc,heap     ] GC(127) O:                Mark Start          Mark End        Relocate Start      Relocate End           High               Low         
[2026-01-06T22:09:16.670+0800][59.252s][info][gc,heap     ] GC(127) O:  Capacity:     3498M (85%)        3498M (85%)        3498M (85%)        3498M (85%)        3498M (85%)        3498M (85%)    
[2026-01-06T22:09:16.670+0800][59.252s][info][gc,heap     ] GC(127) O:      Free:      852M (21%)        4046M (99%)        4040M (99%)        4032M (98%)        4086M (100%)        850M (21%)    
[2026-01-06T22:09:16.670+0800][59.252s][info][gc,heap     ] GC(127) O:      Used:     3244M (79%)          50M (1%)           56M (1%)           64M (2%)         3246M (79%)          10M (0%)     
[2026-01-06T22:09:16.670+0800][59.252s][info][gc,heap     ] GC(127) O: Old Generation Statistics:
[2026-01-06T22:09:16.670+0800][59.252s][info][gc,heap     ] GC(127) O:                Mark Start          Mark End        Relocate Start      Relocate End    
[2026-01-06T22:09:16.670+0800][59.252s][info][gc,heap     ] GC(127) O:      Used:        4M (0%)            4M (0%)            4M (0%)            4M (0%)     
[2026-01-06T22:09:16.670+0800][59.252s][info][gc,heap     ] GC(127) O:      Live:         -                 1M (0%)            1M (0%)            1M (0%)     
[2026-01-06T22:09:16.670+0800][59.252s][info][gc,heap     ] GC(127) O:   Garbage:         -                 2M (0%)            2M (0%)            0M (0%)     
[2026-01-06T22:09:16.670+0800][59.252s][info][gc,heap     ] GC(127) O: Allocated:         -                 0M (0%)            0M (0%)            2M (0%)     
[2026-01-06T22:09:16.670+0800][59.252s][info][gc,heap     ] GC(127) O: Reclaimed:         -                  -                 0M (0%)            2M (0%)     
[2026-01-06T22:09:16.670+0800][59.252s][info][gc,heap     ] GC(127) O: Compacted:         -                  -                  -                 1M (0%)     
[2026-01-06T22:09:16.670+0800][59.252s][info][gc,phases   ] GC(127) O: Old Generation 12M(0%)->64M(2%) 0.003s
[2026-01-06T22:09:16.670+0800][59.252s][info][gc          ] GC(127) Major Collection (Proactive) 3244M(79%)->66M(2%) 0.005s
[2026-01-06T22:09:17.119+0800][59.701s][info][gc          ] GC(128) Major Collection (Proactive)
[2026-01-06T22:09:17.119+0800][59.701s][info][gc,task     ] GC(128) Using 1 Workers for Young Generation
[2026-01-06T22:09:17.119+0800][59.701s][info][gc,task     ] GC(128) Using 1 Workers for Old Generation
[2026-01-06T22:09:17.119+0800][59.701s][info][gc,phases   ] GC(128) Y: Young Generation
[2026-01-06T22:09:17.119+0800][59.701s][info][gc,phases   ] GC(128) Y: Pause Mark Start (Major) 0.012ms
[2026-01-06T22:09:17.120+0800][59.701s][info][gc,phases   ] GC(128) Y: Concurrent Mark 0.494ms
[2026-01-06T22:09:17.120+0800][59.701s][info][gc,phases   ] GC(128) Y: Pause Mark End 0.003ms
[2026-01-06T22:09:17.120+0800][59.701s][info][gc,phases   ] GC(128) Y: Concurrent Mark Free 0.003ms
[2026-01-06T22:09:17.120+0800][59.701s][info][gc,phases   ] GC(128) Y: Concurrent Reset Relocation Set 0.000ms
[2026-01-06T22:09:17.122+0800][59.703s][info][gc,reloc    ] GC(128) Y: Using tenuring threshold: 1 (Computed)
[2026-01-06T22:09:17.122+0800][59.703s][info][gc,phases   ] GC(128) Y: Concurrent Select Relocation Set 2.118ms
[2026-01-06T22:09:17.122+0800][59.703s][info][gc,phases   ] GC(128) Y: Pause Relocate Start 0.001ms
[2026-01-06T22:09:17.122+0800][59.703s][info][gc,phases   ] GC(128) Y: Concurrent Relocate 0.008ms
[2026-01-06T22:09:17.122+0800][59.703s][info][gc,alloc    ] GC(128) Y:                         Mark Start        Mark End      Relocate Start    Relocate End   
[2026-01-06T22:09:17.122+0800][59.703s][info][gc,alloc    ] GC(128) Y: Allocation Stalls:          0                0                0                0         
[2026-01-06T22:09:17.122+0800][59.703s][info][gc,load     ] GC(128) Y: Load: 2.52 (25%) / 2.03 (20%) / 2.07 (21%)
[2026-01-06T22:09:17.122+0800][59.703s][info][gc,mmu      ] GC(128) Y: MMU: 2ms/0.0%, 5ms/19.3%, 10ms/59.6%, 20ms/79.8%, 50ms/91.9%, 100ms/96.0%
[2026-01-06T22:09:17.122+0800][59.703s][info][gc,marking  ] GC(128) Y: Mark: 1 stripe(s), 2 proactive flush(es), 1 terminate flush(es), 0 completion(s), 0 continuation(s) 
[2026-01-06T22:09:17.122+0800][59.703s][info][gc,nmethod  ] GC(128) Y: NMethods: 50 registered, 36 unregistered
[2026-01-06T22:09:17.122+0800][59.703s][info][gc,metaspace] GC(128) Y: Metaspace: 0M used, 0M committed, 1088M reserved
[2026-01-06T22:09:17.122+0800][59.703s][info][gc,reloc    ] GC(128) Y:                        Candidates     Selected     In-Place         Size        Empty    Relocated 
[2026-01-06T22:09:17.122+0800][59.703s][info][gc,reloc    ] GC(128) Y: Small Pages:                  960            0            0        1920M        1918M           0M 
[2026-01-06T22:09:17.122+0800][59.703s][info][gc,reloc    ] GC(128) Y: Medium Pages:                   0            0            0           0M           0M           0M 
[2026-01-06T22:09:17.122+0800][59.703s][info][gc,reloc    ] GC(128) Y: Large Pages:                    0            0            0           0M           0M           0M 
[2026-01-06T22:09:17.122+0800][59.703s][info][gc,reloc    ] GC(128) Y: Forwarding Usage: 0M
[2026-01-06T22:09:17.122+0800][59.703s][info][gc,reloc    ] GC(128) Y: Age Table:
[2026-01-06T22:09:17.122+0800][59.703s][info][gc,reloc    ] GC(128) Y:                    Live             Garbage             Small              Medium             Large        
[2026-01-06T22:09:17.122+0800][59.703s][info][gc,reloc    ] GC(128) Y: Eden               0M (0%)         1917M (47%)        959 / 0              0 / 0              0 / 0        
[2026-01-06T22:09:17.122+0800][59.704s][info][gc,reloc    ] GC(128) Y: Survivor 1          -                 2M (0%)           1 / 0              0 / 0              0 / 0        
[2026-01-06T22:09:17.122+0800][59.704s][info][gc,heap     ] GC(128) Y: Min Capacity: 8M(0%)
[2026-01-06T22:09:17.122+0800][59.704s][info][gc,heap     ] GC(128) Y: Max Capacity: 4096M(100%)
[2026-01-06T22:09:17.122+0800][59.704s][info][gc,heap     ] GC(128) Y: Soft Max Capacity: 3686M(90%)
[2026-01-06T22:09:17.122+0800][59.704s][info][gc,heap     ] GC(128) Y: Heap Statistics:
[2026-01-06T22:09:17.122+0800][59.704s][info][gc,heap     ] GC(128) Y:                Mark Start          Mark End        Relocate Start      Relocate End           High               Low         
[2026-01-06T22:09:17.122+0800][59.704s][info][gc,heap     ] GC(128) Y:  Capacity:     3498M (85%)        3498M (85%)        3498M (85%)        3498M (85%)        3498M (85%)        3498M (85%)    
[2026-01-06T22:09:17.122+0800][59.704s][info][gc,heap     ] GC(128) Y:      Free:     2172M (53%)        2168M (53%)        4082M (100%)       4082M (100%)       4082M (100%)       2168M (53%)    
[2026-01-06T22:09:17.122+0800][59.704s][info][gc,heap     ] GC(128) Y:      Used:     1924M (47%)        1928M (47%)          14M (0%)           14M (0%)         1928M (47%)          14M (0%)     
[2026-01-06T22:09:17.122+0800][59.704s][info][gc,heap     ] GC(128) Y: Young Generation Statistics:
[2026-01-06T22:09:17.122+0800][59.704s][info][gc,heap     ] GC(128) Y:                Mark Start          Mark End        Relocate Start      Relocate End    
[2026-01-06T22:09:17.122+0800][59.704s][info][gc,heap     ] GC(128) Y:      Used:     1920M (47%)        1924M (47%)          10M (0%)           10M (0%)     
[2026-01-06T22:09:17.122+0800][59.704s][info][gc,heap     ] GC(128) Y:      Live:         -                 0M (0%)            0M (0%)            0M (0%)     
[2026-01-06T22:09:17.122+0800][59.704s][info][gc,heap     ] GC(128) Y:   Garbage:         -              1919M (47%)           1M (0%)            1M (0%)     
[2026-01-06T22:09:17.122+0800][59.704s][info][gc,heap     ] GC(128) Y: Allocated:         -                 4M (0%)            8M (0%)            8M (0%)     
[2026-01-06T22:09:17.122+0800][59.704s][info][gc,heap     ] GC(128) Y: Reclaimed:         -                  -              1918M (47%)        1918M (47%)    
[2026-01-06T22:09:17.122+0800][59.704s][info][gc,heap     ] GC(128) Y:  Promoted:         -                  -                 0M (0%)            0M (0%)     
[2026-01-06T22:09:17.122+0800][59.704s][info][gc,heap     ] GC(128) Y: Compacted:         -                  -                  -                 0M (0%)     
[2026-01-06T22:09:17.122+0800][59.704s][info][gc,phases   ] GC(128) Y: Young Generation 1924M(47%)->14M(0%) 0.003s
[2026-01-06T22:09:17.122+0800][59.704s][info][gc,phases   ] GC(128) O: Old Generation
[2026-01-06T22:09:17.124+0800][59.706s][info][gc,phases   ] GC(128) O: Concurrent Mark 2.131ms
[2026-01-06T22:09:17.124+0800][59.706s][info][gc,phases   ] GC(128) O: Pause Mark End 0.003ms
[2026-01-06T22:09:17.124+0800][59.706s][info][gc,phases   ] GC(128) O: Concurrent Mark Free 0.000ms
[2026-01-06T22:09:17.124+0800][59.706s][info][gc,phases   ] GC(128) O: Concurrent Process Non-Strong 0.252ms
[2026-01-06T22:09:17.124+0800][59.706s][info][gc,phases   ] GC(128) O: Concurrent Reset Relocation Set 0.005ms
[2026-01-06T22:09:17.124+0800][59.706s][info][gc,phases   ] GC(128) O: Concurrent Select Relocation Set 0.030ms
[2026-01-06T22:09:17.124+0800][59.706s][info][gc,task     ] GC(128) O: Using 2 Workers for Old Generation
[2026-01-06T22:09:17.124+0800][59.706s][info][gc,task     ] GC(128) O: Using 1 Workers for Old Generation
[2026-01-06T22:09:17.124+0800][59.706s][info][gc,phases   ] GC(128) O: Concurrent Remap Roots 0.066ms
[2026-01-06T22:09:17.124+0800][59.706s][info][gc,phases   ] GC(128) O: Pause Relocate Start 0.001ms
[2026-01-06T22:09:17.125+0800][59.707s][info][gc,phases   ] GC(128) O: Concurrent Relocate 0.683ms
[2026-01-06T22:09:17.125+0800][59.707s][info][gc,alloc    ] GC(128) O:                         Mark Start        Mark End      Relocate Start    Relocate End   
[2026-01-06T22:09:17.125+0800][59.707s][info][gc,alloc    ] GC(128) O: Allocation Stalls:          0                0                0                0         
[2026-01-06T22:09:17.125+0800][59.707s][info][gc,load     ] GC(128) O: Load: 2.52 (25%) / 2.03 (20%) / 2.07 (21%)
[2026-01-06T22:09:17.125+0800][59.707s][info][gc,mmu      ] GC(128) O: MMU: 2ms/0.0%, 5ms/19.3%, 10ms/59.6%, 20ms/79.8%, 50ms/91.9%, 100ms/96.0%
[2026-01-06T22:09:17.125+0800][59.707s][info][gc,marking  ] GC(128) O: Mark: 1 stripe(s), 2 proactive flush(es), 1 terminate flush(es), 0 completion(s), 0 continuation(s) 
[2026-01-06T22:09:17.125+0800][59.707s][info][gc,nmethod  ] GC(128) O: NMethods: 50 registered, 36 unregistered
[2026-01-06T22:09:17.125+0800][59.707s][info][gc,metaspace] GC(128) O: Metaspace: 0M used, 0M committed, 1088M reserved
[2026-01-06T22:09:17.125+0800][59.707s][info][gc,ref      ] GC(128) O:                       Encountered   Discovered     Enqueued 
[2026-01-06T22:09:17.125+0800][59.707s][info][gc,ref      ] GC(128) O: Soft References:                1            0            0 
[2026-01-06T22:09:17.125+0800][59.707s][info][gc,ref      ] GC(128) O: Weak References:                6            0            0 
[2026-01-06T22:09:17.125+0800][59.707s][info][gc,ref      ] GC(128) O: Final References:               0            0            0 
[2026-01-06T22:09:17.125+0800][59.707s][info][gc,ref      ] GC(128) O: Phantom References:             1            1            0 
[2026-01-06T22:09:17.125+0800][59.707s][info][gc,reloc    ] GC(128) O:                        Candidates     Selected     In-Place         Size        Empty    Relocated 
[2026-01-06T22:09:17.125+0800][59.707s][info][gc,reloc    ] GC(128) O: Small Pages:                    2            1            0           4M           0M           1M 
[2026-01-06T22:09:17.125+0800][59.707s][info][gc,reloc    ] GC(128) O: Medium Pages:                   0            0            0           0M           0M           0M 
[2026-01-06T22:09:17.125+0800][59.707s][info][gc,reloc    ] GC(128) O: Large Pages:                    0            0            0           0M           0M           0M 
[2026-01-06T22:09:17.125+0800][59.707s][info][gc,reloc    ] GC(128) O: Forwarding Usage: 0M
[2026-01-06T22:09:17.125+0800][59.707s][info][gc,heap     ] GC(128) O: Min Capacity: 8M(0%)
[2026-01-06T22:09:17.125+0800][59.707s][info][gc,heap     ] GC(128) O: Max Capacity: 4096M(100%)
[2026-01-06T22:09:17.125+0800][59.707s][info][gc,heap     ] GC(128) O: Soft Max Capacity: 3686M(90%)
[2026-01-06T22:09:17.125+0800][59.707s][info][gc,heap     ] GC(128) O: Heap Statistics:
[2026-01-06T22:09:17.125+0800][59.707s][info][gc,heap     ] GC(128) O:                Mark Start          Mark End        Relocate Start      Relocate End           High               Low         
[2026-01-06T22:09:17.125+0800][59.707s][info][gc,heap     ] GC(128) O:  Capacity:     3498M (85%)        3498M (85%)        3498M (85%)        3498M (85%)        3498M (85%)        3498M (85%)    
[2026-01-06T22:09:17.125+0800][59.707s][info][gc,heap     ] GC(128) O:      Free:     2172M (53%)        4068M (99%)        4066M (99%)        4060M (99%)        4082M (100%)       2168M (53%)    
[2026-01-06T22:09:17.125+0800][59.707s][info][gc,heap     ] GC(128) O:      Used:     1924M (47%)          28M (1%)           30M (1%)           36M (1%)         1928M (47%)          14M (0%)     
[2026-01-06T22:09:17.125+0800][59.707s][info][gc,heap     ] GC(128) O: Old Generation Statistics:
[2026-01-06T22:09:17.125+0800][59.707s][info][gc,heap     ] GC(128) O:                Mark Start          Mark End        Relocate Start      Relocate End    
[2026-01-06T22:09:17.125+0800][59.707s][info][gc,heap     ] GC(128) O:      Used:        4M (0%)            4M (0%)            4M (0%)            4M (0%)     
[2026-01-06T22:09:17.125+0800][59.707s][info][gc,heap     ] GC(128) O:      Live:         -                 1M (0%)            1M (0%)            1M (0%)     
[2026-01-06T22:09:17.125+0800][59.707s][info][gc,heap     ] GC(128) O:   Garbage:         -                 2M (0%)            2M (0%)            0M (0%)     
[2026-01-06T22:09:17.125+0800][59.707s][info][gc,heap     ] GC(128) O: Allocated:         -                 0M (0%)            0M (0%)            2M (0%)     
[2026-01-06T22:09:17.125+0800][59.707s][info][gc,heap     ] GC(128) O: Reclaimed:         -                  -                 0M (0%)            2M (0%)     
[2026-01-06T22:09:17.125+0800][59.707s][info][gc,heap     ] GC(128) O: Compacted:         -                  -                  -                 1M (0%)     
[2026-01-06T22:09:17.125+0800][59.707s][info][gc,phases   ] GC(128) O: Old Generation 14M(0%)->36M(1%) 0.003s
[2026-01-06T22:09:17.125+0800][59.707s][info][gc          ] GC(128) Major Collection (Proactive) 1924M(47%)->38M(1%) 0.006s
[2026-01-06T22:09:17.576+0800][60.158s][info][gc          ] GC(129) Minor Collection (High Usage)
[2026-01-06T22:09:17.576+0800][60.158s][info][gc,task     ] GC(129) Using 1 Workers for Young Generation
[2026-01-06T22:09:17.576+0800][60.158s][info][gc,phases   ] GC(129) y: Young Generation
[2026-01-06T22:09:17.577+0800][60.158s][info][gc,phases   ] GC(129) y: Pause Mark Start 0.005ms
[2026-01-06T22:09:17.577+0800][60.158s][info][gc,phases   ] GC(129) y: Concurrent Mark 0.302ms
[2026-01-06T22:09:17.577+0800][60.159s][info][gc,phases   ] GC(129) y: Pause Mark End 0.003ms
[2026-01-06T22:09:17.577+0800][60.159s][info][gc,phases   ] GC(129) y: Concurrent Mark Free 0.001ms
[2026-01-06T22:09:17.577+0800][60.159s][info][gc,phases   ] GC(129) y: Concurrent Reset Relocation Set 0.000ms
[2026-01-06T22:09:17.579+0800][60.161s][info][gc,reloc    ] GC(129) y: Using tenuring threshold: 1 (Computed)
[2026-01-06T22:09:17.579+0800][60.161s][info][gc,phases   ] GC(129) y: Concurrent Select Relocation Set 2.348ms
[2026-01-06T22:09:17.579+0800][60.161s][info][gc,phases   ] GC(129) y: Pause Relocate Start 0.001ms
[2026-01-06T22:09:17.579+0800][60.161s][info][gc,phases   ] GC(129) y: Concurrent Relocate 0.010ms
[2026-01-06T22:09:17.579+0800][60.161s][info][gc,alloc    ] GC(129) y:                         Mark Start        Mark End      Relocate Start    Relocate End   
[2026-01-06T22:09:17.579+0800][60.161s][info][gc,alloc    ] GC(129) y: Allocation Stalls:          0                0                0                0         
[2026-01-06T22:09:17.579+0800][60.161s][info][gc,load     ] GC(129) y: Load: 2.52 (25%) / 2.03 (20%) / 2.07 (21%)
[2026-01-06T22:09:17.579+0800][60.161s][info][gc,mmu      ] GC(129) y: MMU: 2ms/0.0%, 5ms/19.3%, 10ms/59.6%, 20ms/79.8%, 50ms/91.9%, 100ms/96.0%
[2026-01-06T22:09:17.579+0800][60.161s][info][gc,marking  ] GC(129) y: Mark: 1 stripe(s), 2 proactive flush(es), 1 terminate flush(es), 0 completion(s), 0 continuation(s) 
[2026-01-06T22:09:17.579+0800][60.161s][info][gc,nmethod  ] GC(129) y: NMethods: 50 registered, 36 unregistered
[2026-01-06T22:09:17.579+0800][60.161s][info][gc,metaspace] GC(129) y: Metaspace: 0M used, 0M committed, 1088M reserved
[2026-01-06T22:09:17.579+0800][60.161s][info][gc,reloc    ] GC(129) y:                        Candidates     Selected     In-Place         Size        Empty    Relocated 
[2026-01-06T22:09:17.579+0800][60.161s][info][gc,reloc    ] GC(129) y: Small Pages:                 1740            0            0        3480M        3478M           0M 
[2026-01-06T22:09:17.579+0800][60.161s][info][gc,reloc    ] GC(129) y: Medium Pages:                   0            0            0           0M           0M           0M 
[2026-01-06T22:09:17.579+0800][60.161s][info][gc,reloc    ] GC(129) y: Large Pages:                    0            0            0           0M           0M           0M 
[2026-01-06T22:09:17.579+0800][60.161s][info][gc,reloc    ] GC(129) y: Forwarding Usage: 0M
[2026-01-06T22:09:17.579+0800][60.161s][info][gc,reloc    ] GC(129) y: Age Table:
[2026-01-06T22:09:17.579+0800][60.161s][info][gc,reloc    ] GC(129) y:                    Live             Garbage             Small              Medium             Large        
[2026-01-06T22:09:17.579+0800][60.161s][info][gc,reloc    ] GC(129) y: Eden               0M (0%)         3477M (85%)       1739 / 0              0 / 0              0 / 0        
[2026-01-06T22:09:17.579+0800][60.161s][info][gc,reloc    ] GC(129) y: Survivor 1          -                 2M (0%)           1 / 0              0 / 0              0 / 0        
[2026-01-06T22:09:17.579+0800][60.161s][info][gc,heap     ] GC(129) y: Min Capacity: 8M(0%)
[2026-01-06T22:09:17.579+0800][60.161s][info][gc,heap     ] GC(129) y: Max Capacity: 4096M(100%)
[2026-01-06T22:09:17.579+0800][60.161s][info][gc,heap     ] GC(129) y: Soft Max Capacity: 3686M(90%)
[2026-01-06T22:09:17.579+0800][60.161s][info][gc,heap     ] GC(129) y: Heap Statistics:
[2026-01-06T22:09:17.579+0800][60.161s][info][gc,heap     ] GC(129) y:                Mark Start          Mark End        Relocate Start      Relocate End           High               Low         
[2026-01-06T22:09:17.579+0800][60.161s][info][gc,heap     ] GC(129) y:  Capacity:     3498M (85%)        3498M (85%)        3498M (85%)        3498M (85%)        3498M (85%)        3498M (85%)    
[2026-01-06T22:09:17.579+0800][60.161s][info][gc,heap     ] GC(129) y:      Free:      612M (15%)         608M (15%)        4078M (100%)       4078M (100%)       4078M (100%)        608M (15%)    
[2026-01-06T22:09:17.579+0800][60.161s][info][gc,heap     ] GC(129) y:      Used:     3484M (85%)        3488M (85%)          18M (0%)           18M (0%)         3488M (85%)          18M (0%)     
[2026-01-06T22:09:17.579+0800][60.161s][info][gc,heap     ] GC(129) y: Young Generation Statistics:
[2026-01-06T22:09:17.579+0800][60.161s][info][gc,heap     ] GC(129) y:                Mark Start          Mark End        Relocate Start      Relocate End    
[2026-01-06T22:09:17.579+0800][60.161s][info][gc,heap     ] GC(129) y:      Used:     3480M (85%)        3484M (85%)          14M (0%)           14M (0%)     
[2026-01-06T22:09:17.579+0800][60.161s][info][gc,heap     ] GC(129) y:      Live:         -                 0M (0%)            0M (0%)            0M (0%)     
[2026-01-06T22:09:17.579+0800][60.161s][info][gc,heap     ] GC(129) y:   Garbage:         -              3479M (85%)           1M (0%)            1M (0%)     
[2026-01-06T22:09:17.579+0800][60.161s][info][gc,heap     ] GC(129) y: Allocated:         -                 4M (0%)           12M (0%)           12M (0%)     
[2026-01-06T22:09:17.579+0800][60.161s][info][gc,heap     ] GC(129) y: Reclaimed:         -                  -              3478M (85%)        3478M (85%)    
[2026-01-06T22:09:17.579+0800][60.161s][info][gc,heap     ] GC(129) y:  Promoted:         -                  -                 0M (0%)            0M (0%)     
[2026-01-06T22:09:17.579+0800][60.161s][info][gc,heap     ] GC(129) y: Compacted:         -                  -                  -                 0M (0%)     
[2026-01-06T22:09:17.579+0800][60.161s][info][gc,phases   ] GC(129) y: Young Generation 3484M(85%)->18M(0%) 0.003s
[2026-01-06T22:09:17.579+0800][60.161s][info][gc          ] GC(129) Minor Collection (High Usage) 3484M(85%)->20M(0%) 0.003s
[2026-01-06T22:09:17.634+0800][60.216s][info][gc          ] GC(130) Major Collection (Proactive)
[2026-01-06T22:09:17.634+0800][60.216s][info][gc,task     ] GC(130) Using 1 Workers for Young Generation
[2026-01-06T22:09:17.634+0800][60.216s][info][gc,task     ] GC(130) Using 1 Workers for Old Generation
[2026-01-06T22:09:17.634+0800][60.216s][info][gc,phases   ] GC(130) Y: Young Generation
[2026-01-06T22:09:17.634+0800][60.216s][info][gc,phases   ] GC(130) Y: Pause Mark Start (Major) 0.008ms
[2026-01-06T22:09:17.634+0800][60.216s][info][gc,phases   ] GC(130) Y: Concurrent Mark 0.261ms
[2026-01-06T22:09:17.634+0800][60.216s][info][gc,phases   ] GC(130) Y: Pause Mark End 0.002ms
[2026-01-06T22:09:17.634+0800][60.216s][info][gc,phases   ] GC(130) Y: Concurrent Mark Free 0.002ms
[2026-01-06T22:09:17.634+0800][60.216s][info][gc,phases   ] GC(130) Y: Concurrent Reset Relocation Set 0.001ms
[2026-01-06T22:09:17.634+0800][60.216s][info][gc,reloc    ] GC(130) Y: Using tenuring threshold: 1 (Computed)
[2026-01-06T22:09:17.634+0800][60.216s][info][gc,phases   ] GC(130) Y: Concurrent Select Relocation Set 0.183ms
[2026-01-06T22:09:17.634+0800][60.216s][info][gc,phases   ] GC(130) Y: Pause Relocate Start 0.001ms
[2026-01-06T22:09:17.635+0800][60.216s][info][gc,phases   ] GC(130) Y: Concurrent Relocate 0.011ms
[2026-01-06T22:09:17.635+0800][60.216s][info][gc,alloc    ] GC(130) Y:                         Mark Start        Mark End      Relocate Start    Relocate End   
[2026-01-06T22:09:17.635+0800][60.216s][info][gc,alloc    ] GC(130) Y: Allocation Stalls:          0                0                0                0         
[2026-01-06T22:09:17.635+0800][60.216s][info][gc,load     ] GC(130) Y: Load: 2.52 (25%) / 2.03 (20%) / 2.07 (21%)
[2026-01-06T22:09:17.635+0800][60.216s][info][gc,mmu      ] GC(130) Y: MMU: 2ms/0.0%, 5ms/19.3%, 10ms/59.6%, 20ms/79.8%, 50ms/91.9%, 100ms/96.0%
[2026-01-06T22:09:17.635+0800][60.216s][info][gc,marking  ] GC(130) Y: Mark: 1 stripe(s), 2 proactive flush(es), 1 terminate flush(es), 0 completion(s), 0 continuation(s) 
[2026-01-06T22:09:17.635+0800][60.216s][info][gc,nmethod  ] GC(130) Y: NMethods: 50 registered, 36 unregistered
[2026-01-06T22:09:17.635+0800][60.216s][info][gc,metaspace] GC(130) Y: Metaspace: 0M used, 0M committed, 1088M reserved
[2026-01-06T22:09:17.635+0800][60.216s][info][gc,reloc    ] GC(130) Y:                        Candidates     Selected     In-Place         Size        Empty    Relocated 
[2026-01-06T22:09:17.635+0800][60.216s][info][gc,reloc    ] GC(130) Y: Small Pages:                  211            0            0         422M         420M           0M 
[2026-01-06T22:09:17.635+0800][60.216s][info][gc,reloc    ] GC(130) Y: Medium Pages:                   0            0            0           0M           0M           0M 
[2026-01-06T22:09:17.635+0800][60.216s][info][gc,reloc    ] GC(130) Y: Large Pages:                    0            0            0           0M           0M           0M 
[2026-01-06T22:09:17.635+0800][60.216s][info][gc,reloc    ] GC(130) Y: Forwarding Usage: 0M
[2026-01-06T22:09:17.635+0800][60.216s][info][gc,reloc    ] GC(130) Y: Age Table:
[2026-01-06T22:09:17.635+0800][60.216s][info][gc,reloc    ] GC(130) Y:                    Live             Garbage             Small              Medium             Large        
[2026-01-06T22:09:17.635+0800][60.216s][info][gc,reloc    ] GC(130) Y: Eden               0M (0%)          419M (10%)        210 / 0              0 / 0              0 / 0        
[2026-01-06T22:09:17.635+0800][60.216s][info][gc,reloc    ] GC(130) Y: Survivor 1          -                 2M (0%)           1 / 0              0 / 0              0 / 0        
[2026-01-06T22:09:17.635+0800][60.216s][info][gc,heap     ] GC(130) Y: Min Capacity: 8M(0%)
[2026-01-06T22:09:17.635+0800][60.216s][info][gc,heap     ] GC(130) Y: Max Capacity: 4096M(100%)
[2026-01-06T22:09:17.635+0800][60.216s][info][gc,heap     ] GC(130) Y: Soft Max Capacity: 3686M(90%)
[2026-01-06T22:09:17.635+0800][60.216s][info][gc,heap     ] GC(130) Y: Heap Statistics:
[2026-01-06T22:09:17.635+0800][60.216s][info][gc,heap     ] GC(130) Y:                Mark Start          Mark End        Relocate Start      Relocate End           High               Low         
[2026-01-06T22:09:17.635+0800][60.216s][info][gc,heap     ] GC(130) Y:  Capacity:     3498M (85%)        3498M (85%)        3498M (85%)        3498M (85%)        3498M (85%)        3498M (85%)    
[2026-01-06T22:09:17.635+0800][60.216s][info][gc,heap     ] GC(130) Y:      Free:     3670M (90%)        3666M (90%)        4084M (100%)       4084M (100%)       4086M (100%)       3666M (90%)    
[2026-01-06T22:09:17.635+0800][60.216s][info][gc,heap     ] GC(130) Y:      Used:      426M (10%)         430M (10%)          12M (0%)           12M (0%)          430M (10%)          10M (0%)     
[2026-01-06T22:09:17.635+0800][60.216s][info][gc,heap     ] GC(130) Y: Young Generation Statistics:
[2026-01-06T22:09:17.635+0800][60.216s][info][gc,heap     ] GC(130) Y:                Mark Start          Mark End        Relocate Start      Relocate End    
[2026-01-06T22:09:17.635+0800][60.216s][info][gc,heap     ] GC(130) Y:      Used:      422M (10%)         426M (10%)           8M (0%)            8M (0%)     
[2026-01-06T22:09:17.635+0800][60.216s][info][gc,heap     ] GC(130) Y:      Live:         -                 0M (0%)            0M (0%)            0M (0%)     
[2026-01-06T22:09:17.635+0800][60.216s][info][gc,heap     ] GC(130) Y:   Garbage:         -               421M (10%)           1M (0%)            1M (0%)     
[2026-01-06T22:09:17.635+0800][60.216s][info][gc,heap     ] GC(130) Y: Allocated:         -                 4M (0%)            6M (0%)            6M (0%)     
[2026-01-06T22:09:17.635+0800][60.216s][info][gc,heap     ] GC(130) Y: Reclaimed:         -                  -               420M (10%)         420M (10%)    
[2026-01-06T22:09:17.635+0800][60.216s][info][gc,heap     ] GC(130) Y:  Promoted:         -                  -                 0M (0%)            0M (0%)     
[2026-01-06T22:09:17.635+0800][60.216s][info][gc,heap     ] GC(130) Y: Compacted:         -                  -                  -                 0M (0%)     
[2026-01-06T22:09:17.635+0800][60.216s][info][gc,phases   ] GC(130) Y: Young Generation 426M(10%)->12M(0%) 0.001s
[2026-01-06T22:09:17.635+0800][60.216s][info][gc,phases   ] GC(130) O: Old Generation
[2026-01-06T22:09:17.637+0800][60.218s][info][gc,phases   ] GC(130) O: Concurrent Mark 1.906ms
[2026-01-06T22:09:17.637+0800][60.218s][info][gc,phases   ] GC(130) O: Pause Mark End 0.003ms
[2026-01-06T22:09:17.637+0800][60.218s][info][gc,phases   ] GC(130) O: Concurrent Mark Free 0.000ms
[2026-01-06T22:09:17.637+0800][60.219s][info][gc,phases   ] GC(130) O: Concurrent Process Non-Strong 0.237ms
[2026-01-06T22:09:17.637+0800][60.219s][info][gc,phases   ] GC(130) O: Concurrent Reset Relocation Set 0.001ms
[2026-01-06T22:09:17.637+0800][60.219s][info][gc,phases   ] GC(130) O: Concurrent Select Relocation Set 0.021ms
[2026-01-06T22:09:17.637+0800][60.219s][info][gc,task     ] GC(130) O: Using 2 Workers for Old Generation
[2026-01-06T22:09:17.637+0800][60.219s][info][gc,task     ] GC(130) O: Using 1 Workers for Old Generation
[2026-01-06T22:09:17.637+0800][60.219s][info][gc,phases   ] GC(130) O: Concurrent Remap Roots 0.071ms
[2026-01-06T22:09:17.637+0800][60.219s][info][gc,phases   ] GC(130) O: Pause Relocate Start 0.001ms
[2026-01-06T22:09:17.638+0800][60.219s][info][gc,phases   ] GC(130) O: Concurrent Relocate 0.705ms
[2026-01-06T22:09:17.638+0800][60.219s][info][gc,alloc    ] GC(130) O:                         Mark Start        Mark End      Relocate Start    Relocate End   
[2026-01-06T22:09:17.638+0800][60.219s][info][gc,alloc    ] GC(130) O: Allocation Stalls:          0                0                0                0         
[2026-01-06T22:09:17.638+0800][60.219s][info][gc,load     ] GC(130) O: Load: 2.52 (25%) / 2.03 (20%) / 2.07 (21%)
[2026-01-06T22:09:17.638+0800][60.219s][info][gc,mmu      ] GC(130) O: MMU: 2ms/0.0%, 5ms/19.3%, 10ms/59.6%, 20ms/79.8%, 50ms/91.9%, 100ms/96.0%
[2026-01-06T22:09:17.638+0800][60.219s][info][gc,marking  ] GC(130) O: Mark: 1 stripe(s), 2 proactive flush(es), 1 terminate flush(es), 0 completion(s), 0 continuation(s) 
[2026-01-06T22:09:17.638+0800][60.219s][info][gc,nmethod  ] GC(130) O: NMethods: 50 registered, 36 unregistered
[2026-01-06T22:09:17.638+0800][60.219s][info][gc,metaspace] GC(130) O: Metaspace: 0M used, 0M committed, 1088M reserved
[2026-01-06T22:09:17.638+0800][60.219s][info][gc,ref      ] GC(130) O:                       Encountered   Discovered     Enqueued 
[2026-01-06T22:09:17.638+0800][60.219s][info][gc,ref      ] GC(130) O: Soft References:                1            0            0 
[2026-01-06T22:09:17.638+0800][60.219s][info][gc,ref      ] GC(130) O: Weak References:                6            0            0 
[2026-01-06T22:09:17.638+0800][60.219s][info][gc,ref      ] GC(130) O: Final References:               0            0            0 
[2026-01-06T22:09:17.638+0800][60.219s][info][gc,ref      ] GC(130) O: Phantom References:             1            1            0 
[2026-01-06T22:09:17.638+0800][60.219s][info][gc,reloc    ] GC(130) O:                        Candidates     Selected     In-Place         Size        Empty    Relocated 
[2026-01-06T22:09:17.638+0800][60.219s][info][gc,reloc    ] GC(130) O: Small Pages:                    2            1            0           4M           0M           1M 
[2026-01-06T22:09:17.638+0800][60.219s][info][gc,reloc    ] GC(130) O: Medium Pages:                   0            0            0           0M           0M           0M 
[2026-01-06T22:09:17.638+0800][60.219s][info][gc,reloc    ] GC(130) O: Large Pages:                    0            0            0           0M           0M           0M 
[2026-01-06T22:09:17.638+0800][60.219s][info][gc,reloc    ] GC(130) O: Forwarding Usage: 0M
[2026-01-06T22:09:17.638+0800][60.219s][info][gc,heap     ] GC(130) O: Min Capacity: 8M(0%)
[2026-01-06T22:09:17.638+0800][60.219s][info][gc,heap     ] GC(130) O: Max Capacity: 4096M(100%)
[2026-01-06T22:09:17.638+0800][60.219s][info][gc,heap     ] GC(130) O: Soft Max Capacity: 3686M(90%)
[2026-01-06T22:09:17.638+0800][60.219s][info][gc,heap     ] GC(130) O: Heap Statistics:
[2026-01-06T22:09:17.638+0800][60.219s][info][gc,heap     ] GC(130) O:                Mark Start          Mark End        Relocate Start      Relocate End           High               Low         
[2026-01-06T22:09:17.638+0800][60.219s][info][gc,heap     ] GC(130) O:  Capacity:     3498M (85%)        3498M (85%)        3498M (85%)        3498M (85%)        3498M (85%)        3498M (85%)    
[2026-01-06T22:09:17.638+0800][60.219s][info][gc,heap     ] GC(130) O:      Free:     3670M (90%)        4066M (99%)        4062M (99%)        4056M (99%)        4086M (100%)       3666M (90%)    
[2026-01-06T22:09:17.638+0800][60.219s][info][gc,heap     ] GC(130) O:      Used:      426M (10%)          30M (1%)           34M (1%)           40M (1%)          430M (10%)          10M (0%)     
[2026-01-06T22:09:17.638+0800][60.219s][info][gc,heap     ] GC(130) O: Old Generation Statistics:
[2026-01-06T22:09:17.638+0800][60.219s][info][gc,heap     ] GC(130) O:                Mark Start          Mark End        Relocate Start      Relocate End    
[2026-01-06T22:09:17.638+0800][60.219s][info][gc,heap     ] GC(130) O:      Used:        4M (0%)            4M (0%)            4M (0%)            4M (0%)     
[2026-01-06T22:09:17.638+0800][60.219s][info][gc,heap     ] GC(130) O:      Live:         -                 1M (0%)            1M (0%)            1M (0%)     
[2026-01-06T22:09:17.638+0800][60.219s][info][gc,heap     ] GC(130) O:   Garbage:         -                 2M (0%)            2M (0%)            0M (0%)     
[2026-01-06T22:09:17.638+0800][60.219s][info][gc,heap     ] GC(130) O: Allocated:         -                 0M (0%)            0M (0%)            2M (0%)     
[2026-01-06T22:09:17.638+0800][60.219s][info][gc,heap     ] GC(130) O: Reclaimed:         -                  -                 0M (0%)            2M (0%)     
[2026-01-06T22:09:17.638+0800][60.219s][info][gc,heap     ] GC(130) O: Compacted:         -                  -                  -                 1M (0%)     
[2026-01-06T22:09:17.638+0800][60.220s][info][gc,phases   ] GC(130) O: Old Generation 12M(0%)->40M(1%) 0.003s
[2026-01-06T22:09:17.638+0800][60.220s][info][gc          ] GC(130) Major Collection (Proactive) 426M(10%)->42M(1%) 0.004s
[2026-01-06T22:09:18.059+0800][60.641s][info][gc          ] GC(131) Major Collection (Proactive)
[2026-01-06T22:09:18.059+0800][60.641s][info][gc,task     ] GC(131) Using 1 Workers for Young Generation
[2026-01-06T22:09:18.059+0800][60.641s][info][gc,task     ] GC(131) Using 1 Workers for Old Generation
[2026-01-06T22:09:18.059+0800][60.641s][info][gc,phases   ] GC(131) Y: Young Generation
[2026-01-06T22:09:18.059+0800][60.641s][info][gc,phases   ] GC(131) Y: Pause Mark Start (Major) 0.005ms
[2026-01-06T22:09:18.059+0800][60.641s][info][gc,phases   ] GC(131) Y: Concurrent Mark 0.306ms
[2026-01-06T22:09:18.059+0800][60.641s][info][gc,phases   ] GC(131) Y: Pause Mark End 0.003ms
[2026-01-06T22:09:18.059+0800][60.641s][info][gc,phases   ] GC(131) Y: Concurrent Mark Free 0.000ms
[2026-01-06T22:09:18.059+0800][60.641s][info][gc,phases   ] GC(131) Y: Concurrent Reset Relocation Set 0.000ms
[2026-01-06T22:09:18.060+0800][60.641s][info][gc,reloc    ] GC(131) Y: Using tenuring threshold: 1 (Computed)
[2026-01-06T22:09:18.060+0800][60.641s][info][gc,phases   ] GC(131) Y: Concurrent Select Relocation Set 0.305ms
[2026-01-06T22:09:18.060+0800][60.641s][info][gc,phases   ] GC(131) Y: Pause Relocate Start 0.001ms
[2026-01-06T22:09:18.060+0800][60.641s][info][gc,phases   ] GC(131) Y: Concurrent Relocate 0.010ms
[2026-01-06T22:09:18.060+0800][60.641s][info][gc,alloc    ] GC(131) Y:                         Mark Start        Mark End      Relocate Start    Relocate End   
[2026-01-06T22:09:18.060+0800][60.641s][info][gc,alloc    ] GC(131) Y: Allocation Stalls:          0                0                0                0         
[2026-01-06T22:09:18.060+0800][60.642s][info][gc,load     ] GC(131) Y: Load: 2.52 (25%) / 2.03 (20%) / 2.07 (21%)
[2026-01-06T22:09:18.060+0800][60.642s][info][gc,mmu      ] GC(131) Y: MMU: 2ms/0.0%, 5ms/19.3%, 10ms/59.6%, 20ms/79.8%, 50ms/91.9%, 100ms/96.0%
[2026-01-06T22:09:18.060+0800][60.642s][info][gc,marking  ] GC(131) Y: Mark: 1 stripe(s), 2 proactive flush(es), 1 terminate flush(es), 0 completion(s), 0 continuation(s) 
[2026-01-06T22:09:18.060+0800][60.642s][info][gc,nmethod  ] GC(131) Y: NMethods: 50 registered, 36 unregistered
[2026-01-06T22:09:18.060+0800][60.642s][info][gc,metaspace] GC(131) Y: Metaspace: 0M used, 0M committed, 1088M reserved
[2026-01-06T22:09:18.060+0800][60.642s][info][gc,reloc    ] GC(131) Y:                        Candidates     Selected     In-Place         Size        Empty    Relocated 
[2026-01-06T22:09:18.060+0800][60.642s][info][gc,reloc    ] GC(131) Y: Small Pages:                 1095            0            0        2190M        2188M           0M 
[2026-01-06T22:09:18.060+0800][60.642s][info][gc,reloc    ] GC(131) Y: Medium Pages:                   0            0            0           0M           0M           0M 
[2026-01-06T22:09:18.060+0800][60.642s][info][gc,reloc    ] GC(131) Y: Large Pages:                    0            0            0           0M           0M           0M 
[2026-01-06T22:09:18.060+0800][60.642s][info][gc,reloc    ] GC(131) Y: Forwarding Usage: 0M
[2026-01-06T22:09:18.060+0800][60.642s][info][gc,reloc    ] GC(131) Y: Age Table:
[2026-01-06T22:09:18.060+0800][60.642s][info][gc,reloc    ] GC(131) Y:                    Live             Garbage             Small              Medium             Large        
[2026-01-06T22:09:18.060+0800][60.642s][info][gc,reloc    ] GC(131) Y: Eden               0M (0%)         2187M (53%)       1094 / 0              0 / 0              0 / 0        
[2026-01-06T22:09:18.060+0800][60.642s][info][gc,reloc    ] GC(131) Y: Survivor 1          -                 2M (0%)           1 / 0              0 / 0              0 / 0        
[2026-01-06T22:09:18.060+0800][60.642s][info][gc,heap     ] GC(131) Y: Min Capacity: 8M(0%)
[2026-01-06T22:09:18.060+0800][60.642s][info][gc,heap     ] GC(131) Y: Max Capacity: 4096M(100%)
[2026-01-06T22:09:18.060+0800][60.642s][info][gc,heap     ] GC(131) Y: Soft Max Capacity: 3686M(90%)
[2026-01-06T22:09:18.060+0800][60.642s][info][gc,heap     ] GC(131) Y: Heap Statistics:
[2026-01-06T22:09:18.060+0800][60.642s][info][gc,heap     ] GC(131) Y:                Mark Start          Mark End        Relocate Start      Relocate End           High               Low         
[2026-01-06T22:09:18.060+0800][60.642s][info][gc,heap     ] GC(131) Y:  Capacity:     3498M (85%)        3498M (85%)        3498M (85%)        3498M (85%)        3498M (85%)        3498M (85%)    
[2026-01-06T22:09:18.060+0800][60.642s][info][gc,heap     ] GC(131) Y:      Free:     1902M (46%)        1898M (46%)        4084M (100%)       4084M (100%)       4084M (100%)       1898M (46%)    
[2026-01-06T22:09:18.060+0800][60.642s][info][gc,heap     ] GC(131) Y:      Used:     2194M (54%)        2198M (54%)          12M (0%)           12M (0%)         2198M (54%)          12M (0%)     
[2026-01-06T22:09:18.060+0800][60.642s][info][gc,heap     ] GC(131) Y: Young Generation Statistics:
[2026-01-06T22:09:18.060+0800][60.642s][info][gc,heap     ] GC(131) Y:                Mark Start          Mark End        Relocate Start      Relocate End    
[2026-01-06T22:09:18.060+0800][60.642s][info][gc,heap     ] GC(131) Y:      Used:     2190M (53%)        2194M (54%)           8M (0%)            8M (0%)     
[2026-01-06T22:09:18.060+0800][60.642s][info][gc,heap     ] GC(131) Y:      Live:         -                 0M (0%)            0M (0%)            0M (0%)     
[2026-01-06T22:09:18.060+0800][60.642s][info][gc,heap     ] GC(131) Y:   Garbage:         -              2189M (53%)           1M (0%)            1M (0%)     
[2026-01-06T22:09:18.060+0800][60.642s][info][gc,heap     ] GC(131) Y: Allocated:         -                 4M (0%)            6M (0%)            6M (0%)     
[2026-01-06T22:09:18.060+0800][60.642s][info][gc,heap     ] GC(131) Y: Reclaimed:         -                  -              2188M (53%)        2188M (53%)    
[2026-01-06T22:09:18.060+0800][60.642s][info][gc,heap     ] GC(131) Y:  Promoted:         -                  -                 0M (0%)            0M (0%)     
[2026-01-06T22:09:18.060+0800][60.642s][info][gc,heap     ] GC(131) Y: Compacted:         -                  -                  -                 0M (0%)     
[2026-01-06T22:09:18.060+0800][60.642s][info][gc,phases   ] GC(131) Y: Young Generation 2194M(54%)->12M(0%) 0.001s
[2026-01-06T22:09:18.060+0800][60.642s][info][gc,phases   ] GC(131) O: Old Generation
[2026-01-06T22:09:18.061+0800][60.643s][info][gc,phases   ] GC(131) O: Concurrent Mark 1.463ms
[2026-01-06T22:09:18.061+0800][60.643s][info][gc,phases   ] GC(131) O: Pause Mark End 0.003ms
[2026-01-06T22:09:18.061+0800][60.643s][info][gc,phases   ] GC(131) O: Concurrent Mark Free 0.000ms
[2026-01-06T22:09:18.062+0800][60.643s][info][gc,phases   ] GC(131) O: Concurrent Process Non-Strong 0.226ms
[2026-01-06T22:09:18.062+0800][60.643s][info][gc,phases   ] GC(131) O: Concurrent Reset Relocation Set 0.000ms
[2026-01-06T22:09:18.062+0800][60.643s][info][gc,phases   ] GC(131) O: Concurrent Select Relocation Set 0.023ms
[2026-01-06T22:09:18.062+0800][60.643s][info][gc,task     ] GC(131) O: Using 2 Workers for Old Generation
[2026-01-06T22:09:18.062+0800][60.643s][info][gc,task     ] GC(131) O: Using 1 Workers for Old Generation
[2026-01-06T22:09:18.062+0800][60.643s][info][gc,phases   ] GC(131) O: Concurrent Remap Roots 0.069ms
[2026-01-06T22:09:18.062+0800][60.643s][info][gc,phases   ] GC(131) O: Pause Relocate Start 0.001ms
[2026-01-06T22:09:18.063+0800][60.644s][info][gc,phases   ] GC(131) O: Concurrent Relocate 0.816ms
[2026-01-06T22:09:18.063+0800][60.644s][info][gc,alloc    ] GC(131) O:                         Mark Start        Mark End      Relocate Start    Relocate End   
[2026-01-06T22:09:18.063+0800][60.644s][info][gc,alloc    ] GC(131) O: Allocation Stalls:          0                0                0                0         
[2026-01-06T22:09:18.063+0800][60.644s][info][gc,load     ] GC(131) O: Load: 2.52 (25%) / 2.03 (20%) / 2.07 (21%)
[2026-01-06T22:09:18.063+0800][60.644s][info][gc,mmu      ] GC(131) O: MMU: 2ms/0.0%, 5ms/19.3%, 10ms/59.6%, 20ms/79.8%, 50ms/91.9%, 100ms/96.0%
[2026-01-06T22:09:18.063+0800][60.644s][info][gc,marking  ] GC(131) O: Mark: 1 stripe(s), 2 proactive flush(es), 1 terminate flush(es), 0 completion(s), 0 continuation(s) 
[2026-01-06T22:09:18.063+0800][60.644s][info][gc,nmethod  ] GC(131) O: NMethods: 50 registered, 36 unregistered
[2026-01-06T22:09:18.063+0800][60.644s][info][gc,metaspace] GC(131) O: Metaspace: 0M used, 0M committed, 1088M reserved
[2026-01-06T22:09:18.063+0800][60.644s][info][gc,ref      ] GC(131) O:                       Encountered   Discovered     Enqueued 
[2026-01-06T22:09:18.063+0800][60.644s][info][gc,ref      ] GC(131) O: Soft References:                1            0            0 
[2026-01-06T22:09:18.063+0800][60.644s][info][gc,ref      ] GC(131) O: Weak References:                6            0            0 
[2026-01-06T22:09:18.063+0800][60.644s][info][gc,ref      ] GC(131) O: Final References:               0            0            0 
[2026-01-06T22:09:18.063+0800][60.644s][info][gc,ref      ] GC(131) O: Phantom References:             1            1            0 
[2026-01-06T22:09:18.063+0800][60.644s][info][gc,reloc    ] GC(131) O:                        Candidates     Selected     In-Place         Size        Empty    Relocated 
[2026-01-06T22:09:18.063+0800][60.644s][info][gc,reloc    ] GC(131) O: Small Pages:                    2            1            0           4M           0M           1M 
[2026-01-06T22:09:18.063+0800][60.644s][info][gc,reloc    ] GC(131) O: Medium Pages:                   0            0            0           0M           0M           0M 
[2026-01-06T22:09:18.063+0800][60.644s][info][gc,reloc    ] GC(131) O: Large Pages:                    0            0            0           0M           0M           0M 
[2026-01-06T22:09:18.063+0800][60.644s][info][gc,reloc    ] GC(131) O: Forwarding Usage: 0M
[2026-01-06T22:09:18.063+0800][60.644s][info][gc,heap     ] GC(131) O: Min Capacity: 8M(0%)
[2026-01-06T22:09:18.063+0800][60.644s][info][gc,heap     ] GC(131) O: Max Capacity: 4096M(100%)
[2026-01-06T22:09:18.063+0800][60.644s][info][gc,heap     ] GC(131) O: Soft Max Capacity: 3686M(90%)
[2026-01-06T22:09:18.063+0800][60.644s][info][gc,heap     ] GC(131) O: Heap Statistics:
[2026-01-06T22:09:18.063+0800][60.644s][info][gc,heap     ] GC(131) O:                Mark Start          Mark End        Relocate Start      Relocate End           High               Low         
[2026-01-06T22:09:18.063+0800][60.644s][info][gc,heap     ] GC(131) O:  Capacity:     3498M (85%)        3498M (85%)        3498M (85%)        3498M (85%)        3498M (85%)        3498M (85%)    
[2026-01-06T22:09:18.063+0800][60.644s][info][gc,heap     ] GC(131) O:      Free:     1902M (46%)        4054M (99%)        4048M (99%)        4032M (98%)        4084M (100%)       1898M (46%)    
[2026-01-06T22:09:18.063+0800][60.644s][info][gc,heap     ] GC(131) O:      Used:     2194M (54%)          42M (1%)           48M (1%)           64M (2%)         2198M (54%)          12M (0%)     
[2026-01-06T22:09:18.063+0800][60.644s][info][gc,heap     ] GC(131) O: Old Generation Statistics:
[2026-01-06T22:09:18.063+0800][60.644s][info][gc,heap     ] GC(131) O:                Mark Start          Mark End        Relocate Start      Relocate End    
[2026-01-06T22:09:18.063+0800][60.644s][info][gc,heap     ] GC(131) O:      Used:        4M (0%)            4M (0%)            4M (0%)            4M (0%)     
[2026-01-06T22:09:18.063+0800][60.644s][info][gc,heap     ] GC(131) O:      Live:         -                 1M (0%)            1M (0%)            1M (0%)     
[2026-01-06T22:09:18.063+0800][60.644s][info][gc,heap     ] GC(131) O:   Garbage:         -                 2M (0%)            2M (0%)            0M (0%)     
[2026-01-06T22:09:18.063+0800][60.644s][info][gc,heap     ] GC(131) O: Allocated:         -                 0M (0%)            0M (0%)            2M (0%)     
[2026-01-06T22:09:18.063+0800][60.644s][info][gc,heap     ] GC(131) O: Reclaimed:         -                  -                 0M (0%)            2M (0%)     
[2026-01-06T22:09:18.063+0800][60.644s][info][gc,heap     ] GC(131) O: Compacted:         -                  -                  -                 1M (0%)     
[2026-01-06T22:09:18.063+0800][60.644s][info][gc,phases   ] GC(131) O: Old Generation 14M(0%)->64M(2%) 0.003s
[2026-01-06T22:09:18.063+0800][60.644s][info][gc          ] GC(131) Major Collection (Proactive) 2194M(54%)->66M(2%) 0.004s
[2026-01-06T22:09:18.389+0800][60.971s][info][gc          ] GC(132) Major Collection (Proactive)
[2026-01-06T22:09:18.389+0800][60.971s][info][gc,task     ] GC(132) Using 1 Workers for Young Generation
[2026-01-06T22:09:18.389+0800][60.971s][info][gc,task     ] GC(132) Using 1 Workers for Old Generation
[2026-01-06T22:09:18.389+0800][60.971s][info][gc,phases   ] GC(132) Y: Young Generation
[2026-01-06T22:09:18.390+0800][60.972s][info][gc,phases   ] GC(132) Y: Pause Mark Start (Major) 0.024ms
[2026-01-06T22:09:18.390+0800][60.972s][info][gc,phases   ] GC(132) Y: Concurrent Mark 0.419ms
[2026-01-06T22:09:18.390+0800][60.972s][info][gc,phases   ] GC(132) Y: Pause Mark End 0.003ms
[2026-01-06T22:09:18.390+0800][60.972s][info][gc,phases   ] GC(132) Y: Concurrent Mark Free 0.001ms
[2026-01-06T22:09:18.390+0800][60.972s][info][gc,phases   ] GC(132) Y: Concurrent Reset Relocation Set 0.000ms
[2026-01-06T22:09:18.391+0800][60.973s][info][gc,reloc    ] GC(132) Y: Using tenuring threshold: 1 (Computed)
[2026-01-06T22:09:18.391+0800][60.973s][info][gc,phases   ] GC(132) Y: Concurrent Select Relocation Set 0.643ms
[2026-01-06T22:09:18.391+0800][60.973s][info][gc,phases   ] GC(132) Y: Pause Relocate Start 0.001ms
[2026-01-06T22:09:18.391+0800][60.973s][info][gc,phases   ] GC(132) Y: Concurrent Relocate 0.010ms
[2026-01-06T22:09:18.391+0800][60.973s][info][gc,alloc    ] GC(132) Y:                         Mark Start        Mark End      Relocate Start    Relocate End   
[2026-01-06T22:09:18.391+0800][60.973s][info][gc,alloc    ] GC(132) Y: Allocation Stalls:          0                0                0                0         
[2026-01-06T22:09:18.391+0800][60.973s][info][gc,load     ] GC(132) Y: Load: 2.52 (25%) / 2.03 (20%) / 2.07 (21%)
[2026-01-06T22:09:18.391+0800][60.973s][info][gc,mmu      ] GC(132) Y: MMU: 2ms/0.0%, 5ms/19.3%, 10ms/59.6%, 20ms/79.8%, 50ms/91.9%, 100ms/96.0%
[2026-01-06T22:09:18.391+0800][60.973s][info][gc,marking  ] GC(132) Y: Mark: 1 stripe(s), 2 proactive flush(es), 1 terminate flush(es), 0 completion(s), 0 continuation(s) 
[2026-01-06T22:09:18.391+0800][60.973s][info][gc,nmethod  ] GC(132) Y: NMethods: 50 registered, 36 unregistered
[2026-01-06T22:09:18.391+0800][60.973s][info][gc,metaspace] GC(132) Y: Metaspace: 0M used, 0M committed, 1088M reserved
[2026-01-06T22:09:18.391+0800][60.973s][info][gc,reloc    ] GC(132) Y:                        Candidates     Selected     In-Place         Size        Empty    Relocated 
[2026-01-06T22:09:18.391+0800][60.973s][info][gc,reloc    ] GC(132) Y: Small Pages:                 1358            0            0        2716M        2714M           0M 
[2026-01-06T22:09:18.391+0800][60.973s][info][gc,reloc    ] GC(132) Y: Medium Pages:                   0            0            0           0M           0M           0M 
[2026-01-06T22:09:18.391+0800][60.973s][info][gc,reloc    ] GC(132) Y: Large Pages:                    0            0            0           0M           0M           0M 
[2026-01-06T22:09:18.391+0800][60.973s][info][gc,reloc    ] GC(132) Y: Forwarding Usage: 0M
[2026-01-06T22:09:18.391+0800][60.973s][info][gc,reloc    ] GC(132) Y: Age Table:
[2026-01-06T22:09:18.391+0800][60.973s][info][gc,reloc    ] GC(132) Y:                    Live             Garbage             Small              Medium             Large        
[2026-01-06T22:09:18.391+0800][60.973s][info][gc,reloc    ] GC(132) Y: Eden               0M (0%)         2713M (66%)       1357 / 0              0 / 0              0 / 0        
[2026-01-06T22:09:18.391+0800][60.973s][info][gc,reloc    ] GC(132) Y: Survivor 1          -                 2M (0%)           1 / 0              0 / 0              0 / 0        
[2026-01-06T22:09:18.391+0800][60.973s][info][gc,heap     ] GC(132) Y: Min Capacity: 8M(0%)
[2026-01-06T22:09:18.391+0800][60.973s][info][gc,heap     ] GC(132) Y: Max Capacity: 4096M(100%)
[2026-01-06T22:09:18.391+0800][60.973s][info][gc,heap     ] GC(132) Y: Soft Max Capacity: 3686M(90%)
[2026-01-06T22:09:18.391+0800][60.973s][info][gc,heap     ] GC(132) Y: Heap Statistics:
[2026-01-06T22:09:18.391+0800][60.973s][info][gc,heap     ] GC(132) Y:                Mark Start          Mark End        Relocate Start      Relocate End           High               Low         
[2026-01-06T22:09:18.391+0800][60.973s][info][gc,heap     ] GC(132) Y:  Capacity:     3498M (85%)        3498M (85%)        3498M (85%)        3498M (85%)        3498M (85%)        3498M (85%)    
[2026-01-06T22:09:18.391+0800][60.973s][info][gc,heap     ] GC(132) Y:      Free:     1376M (34%)        1374M (34%)        4082M (100%)       4082M (100%)       4082M (100%)       1372M (33%)    
[2026-01-06T22:09:18.391+0800][60.973s][info][gc,heap     ] GC(132) Y:      Used:     2720M (66%)        2722M (66%)          14M (0%)           14M (0%)         2724M (67%)          14M (0%)     
[2026-01-06T22:09:18.391+0800][60.973s][info][gc,heap     ] GC(132) Y: Young Generation Statistics:
[2026-01-06T22:09:18.391+0800][60.973s][info][gc,heap     ] GC(132) Y:                Mark Start          Mark End        Relocate Start      Relocate End    
[2026-01-06T22:09:18.391+0800][60.973s][info][gc,heap     ] GC(132) Y:      Used:     2716M (66%)        2718M (66%)          10M (0%)           10M (0%)     
[2026-01-06T22:09:18.391+0800][60.973s][info][gc,heap     ] GC(132) Y:      Live:         -                 0M (0%)            0M (0%)            0M (0%)     
[2026-01-06T22:09:18.391+0800][60.973s][info][gc,heap     ] GC(132) Y:   Garbage:         -              2715M (66%)           1M (0%)            1M (0%)     
[2026-01-06T22:09:18.391+0800][60.973s][info][gc,heap     ] GC(132) Y: Allocated:         -                 2M (0%)            8M (0%)            8M (0%)     
[2026-01-06T22:09:18.391+0800][60.973s][info][gc,heap     ] GC(132) Y: Reclaimed:         -                  -              2714M (66%)        2714M (66%)    
[2026-01-06T22:09:18.391+0800][60.973s][info][gc,heap     ] GC(132) Y:  Promoted:         -                  -                 0M (0%)            0M (0%)     
[2026-01-06T22:09:18.391+0800][60.973s][info][gc,heap     ] GC(132) Y: Compacted:         -                  -                  -                 0M (0%)     
[2026-01-06T22:09:18.391+0800][60.973s][info][gc,phases   ] GC(132) Y: Young Generation 2720M(66%)->14M(0%) 0.002s
[2026-01-06T22:09:18.391+0800][60.973s][info][gc,phases   ] GC(132) O: Old Generation
[2026-01-06T22:09:18.393+0800][60.974s][info][gc,phases   ] GC(132) O: Concurrent Mark 1.510ms
[2026-01-06T22:09:18.393+0800][60.974s][info][gc,phases   ] GC(132) O: Pause Mark End 0.003ms
[2026-01-06T22:09:18.393+0800][60.974s][info][gc,phases   ] GC(132) O: Concurrent Mark Free 0.001ms
[2026-01-06T22:09:18.393+0800][60.975s][info][gc,phases   ] GC(132) O: Concurrent Process Non-Strong 0.230ms
[2026-01-06T22:09:18.393+0800][60.975s][info][gc,phases   ] GC(132) O: Concurrent Reset Relocation Set 0.000ms
[2026-01-06T22:09:18.393+0800][60.975s][info][gc,phases   ] GC(132) O: Concurrent Select Relocation Set 0.019ms
[2026-01-06T22:09:18.393+0800][60.975s][info][gc,task     ] GC(132) O: Using 2 Workers for Old Generation
[2026-01-06T22:09:18.393+0800][60.975s][info][gc,task     ] GC(132) O: Using 1 Workers for Old Generation
[2026-01-06T22:09:18.393+0800][60.975s][info][gc,phases   ] GC(132) O: Concurrent Remap Roots 0.072ms
[2026-01-06T22:09:18.393+0800][60.975s][info][gc,phases   ] GC(132) O: Pause Relocate Start 0.001ms
[2026-01-06T22:09:18.394+0800][60.975s][info][gc,phases   ] GC(132) O: Concurrent Relocate 0.661ms
[2026-01-06T22:09:18.394+0800][60.975s][info][gc,alloc    ] GC(132) O:                         Mark Start        Mark End      Relocate Start    Relocate End   
[2026-01-06T22:09:18.394+0800][60.975s][info][gc,alloc    ] GC(132) O: Allocation Stalls:          0                0                0                0         
[2026-01-06T22:09:18.394+0800][60.975s][info][gc,load     ] GC(132) O: Load: 2.52 (25%) / 2.03 (20%) / 2.07 (21%)
[2026-01-06T22:09:18.394+0800][60.975s][info][gc,mmu      ] GC(132) O: MMU: 2ms/0.0%, 5ms/19.3%, 10ms/59.6%, 20ms/79.8%, 50ms/91.9%, 100ms/96.0%
[2026-01-06T22:09:18.394+0800][60.975s][info][gc,marking  ] GC(132) O: Mark: 1 stripe(s), 2 proactive flush(es), 1 terminate flush(es), 0 completion(s), 0 continuation(s) 
[2026-01-06T22:09:18.394+0800][60.975s][info][gc,nmethod  ] GC(132) O: NMethods: 50 registered, 36 unregistered
[2026-01-06T22:09:18.394+0800][60.975s][info][gc,metaspace] GC(132) O: Metaspace: 0M used, 0M committed, 1088M reserved
[2026-01-06T22:09:18.394+0800][60.976s][info][gc,ref      ] GC(132) O:                       Encountered   Discovered     Enqueued 
[2026-01-06T22:09:18.394+0800][60.976s][info][gc,ref      ] GC(132) O: Soft References:                1            0            0 
[2026-01-06T22:09:18.394+0800][60.976s][info][gc,ref      ] GC(132) O: Weak References:                6            0            0 
[2026-01-06T22:09:18.394+0800][60.976s][info][gc,ref      ] GC(132) O: Final References:               0            0            0 
[2026-01-06T22:09:18.394+0800][60.976s][info][gc,ref      ] GC(132) O: Phantom References:             1            1            0 
[2026-01-06T22:09:18.394+0800][60.976s][info][gc,reloc    ] GC(132) O:                        Candidates     Selected     In-Place         Size        Empty    Relocated 
[2026-01-06T22:09:18.394+0800][60.976s][info][gc,reloc    ] GC(132) O: Small Pages:                    2            1            0           4M           0M           1M 
[2026-01-06T22:09:18.394+0800][60.976s][info][gc,reloc    ] GC(132) O: Medium Pages:                   0            0            0           0M           0M           0M 
[2026-01-06T22:09:18.394+0800][60.976s][info][gc,reloc    ] GC(132) O: Large Pages:                    0            0            0           0M           0M           0M 
[2026-01-06T22:09:18.394+0800][60.976s][info][gc,reloc    ] GC(132) O: Forwarding Usage: 0M
[2026-01-06T22:09:18.394+0800][60.976s][info][gc,heap     ] GC(132) O: Min Capacity: 8M(0%)
[2026-01-06T22:09:18.394+0800][60.976s][info][gc,heap     ] GC(132) O: Max Capacity: 4096M(100%)
[2026-01-06T22:09:18.394+0800][60.976s][info][gc,heap     ] GC(132) O: Soft Max Capacity: 3686M(90%)
[2026-01-06T22:09:18.394+0800][60.976s][info][gc,heap     ] GC(132) O: Heap Statistics:
[2026-01-06T22:09:18.394+0800][60.976s][info][gc,heap     ] GC(132) O:                Mark Start          Mark End        Relocate Start      Relocate End           High               Low         
[2026-01-06T22:09:18.394+0800][60.976s][info][gc,heap     ] GC(132) O:  Capacity:     3498M (85%)        3498M (85%)        3498M (85%)        3498M (85%)        3498M (85%)        3498M (85%)    
[2026-01-06T22:09:18.394+0800][60.976s][info][gc,heap     ] GC(132) O:      Free:     1376M (34%)        4056M (99%)        4050M (99%)        4038M (99%)        4082M (100%)       1372M (33%)    
[2026-01-06T22:09:18.394+0800][60.976s][info][gc,heap     ] GC(132) O:      Used:     2720M (66%)          40M (1%)           46M (1%)           58M (1%)         2724M (67%)          14M (0%)     
[2026-01-06T22:09:18.394+0800][60.976s][info][gc,heap     ] GC(132) O: Old Generation Statistics:
[2026-01-06T22:09:18.394+0800][60.976s][info][gc,heap     ] GC(132) O:                Mark Start          Mark End        Relocate Start      Relocate End    
[2026-01-06T22:09:18.394+0800][60.976s][info][gc,heap     ] GC(132) O:      Used:        4M (0%)            4M (0%)            4M (0%)            4M (0%)     
[2026-01-06T22:09:18.394+0800][60.976s][info][gc,heap     ] GC(132) O:      Live:         -                 1M (0%)            1M (0%)            1M (0%)     
[2026-01-06T22:09:18.394+0800][60.976s][info][gc,heap     ] GC(132) O:   Garbage:         -                 2M (0%)            2M (0%)            0M (0%)     
[2026-01-06T22:09:18.394+0800][60.976s][info][gc,heap     ] GC(132) O: Allocated:         -                 0M (0%)            0M (0%)            2M (0%)     
[2026-01-06T22:09:18.394+0800][60.976s][info][gc,heap     ] GC(132) O: Reclaimed:         -                  -                 0M (0%)            2M (0%)     
[2026-01-06T22:09:18.394+0800][60.976s][info][gc,heap     ] GC(132) O: Compacted:         -                  -                  -                 1M (0%)     
[2026-01-06T22:09:18.394+0800][60.976s][info][gc,phases   ] GC(132) O: Old Generation 16M(0%)->58M(1%) 0.003s
[2026-01-06T22:09:18.394+0800][60.976s][info][gc          ] GC(132) Major Collection (Proactive) 2720M(66%)->60M(1%) 0.005s
[2026-01-06T22:09:18.704+0800][61.286s][info][gc          ] GC(133) Major Collection (Proactive)
[2026-01-06T22:09:18.704+0800][61.286s][info][gc,task     ] GC(133) Using 1 Workers for Young Generation
[2026-01-06T22:09:18.704+0800][61.286s][info][gc,task     ] GC(133) Using 1 Workers for Old Generation
[2026-01-06T22:09:18.705+0800][61.286s][info][gc,phases   ] GC(133) Y: Young Generation
[2026-01-06T22:09:18.705+0800][61.286s][info][gc,phases   ] GC(133) Y: Pause Mark Start (Major) 0.005ms
[2026-01-06T22:09:18.705+0800][61.287s][info][gc,phases   ] GC(133) Y: Concurrent Mark 0.389ms
[2026-01-06T22:09:18.705+0800][61.287s][info][gc,phases   ] GC(133) Y: Pause Mark End 0.005ms
[2026-01-06T22:09:18.705+0800][61.287s][info][gc,phases   ] GC(133) Y: Concurrent Mark Free 0.000ms
[2026-01-06T22:09:18.705+0800][61.287s][info][gc,phases   ] GC(133) Y: Concurrent Reset Relocation Set 0.001ms
[2026-01-06T22:09:18.705+0800][61.287s][info][gc,reloc    ] GC(133) Y: Using tenuring threshold: 1 (Computed)
[2026-01-06T22:09:18.705+0800][61.287s][info][gc,phases   ] GC(133) Y: Concurrent Select Relocation Set 0.203ms
[2026-01-06T22:09:18.705+0800][61.287s][info][gc,phases   ] GC(133) Y: Pause Relocate Start 0.001ms
[2026-01-06T22:09:18.705+0800][61.287s][info][gc,phases   ] GC(133) Y: Concurrent Relocate 0.075ms
[2026-01-06T22:09:18.705+0800][61.287s][info][gc,alloc    ] GC(133) Y:                         Mark Start        Mark End      Relocate Start    Relocate End   
[2026-01-06T22:09:18.705+0800][61.287s][info][gc,alloc    ] GC(133) Y: Allocation Stalls:          0                0                0                0         
[2026-01-06T22:09:18.705+0800][61.287s][info][gc,load     ] GC(133) Y: Load: 2.52 (25%) / 2.03 (20%) / 2.07 (21%)
[2026-01-06T22:09:18.705+0800][61.287s][info][gc,mmu      ] GC(133) Y: MMU: 2ms/0.0%, 5ms/19.3%, 10ms/59.6%, 20ms/79.8%, 50ms/91.9%, 100ms/96.0%
[2026-01-06T22:09:18.705+0800][61.287s][info][gc,marking  ] GC(133) Y: Mark: 1 stripe(s), 2 proactive flush(es), 1 terminate flush(es), 0 completion(s), 0 continuation(s) 
[2026-01-06T22:09:18.705+0800][61.287s][info][gc,nmethod  ] GC(133) Y: NMethods: 50 registered, 36 unregistered
[2026-01-06T22:09:18.705+0800][61.287s][info][gc,metaspace] GC(133) Y: Metaspace: 0M used, 0M committed, 1088M reserved
[2026-01-06T22:09:18.706+0800][61.287s][info][gc,reloc    ] GC(133) Y:                        Candidates     Selected     In-Place         Size        Empty    Relocated 
[2026-01-06T22:09:18.706+0800][61.287s][info][gc,reloc    ] GC(133) Y: Small Pages:                  757            0            0        1514M        1512M           0M 
[2026-01-06T22:09:18.706+0800][61.287s][info][gc,reloc    ] GC(133) Y: Medium Pages:                   0            0            0           0M           0M           0M 
[2026-01-06T22:09:18.706+0800][61.287s][info][gc,reloc    ] GC(133) Y: Large Pages:                    0            0            0           0M           0M           0M 
[2026-01-06T22:09:18.706+0800][61.287s][info][gc,reloc    ] GC(133) Y: Forwarding Usage: 0M
[2026-01-06T22:09:18.706+0800][61.287s][info][gc,reloc    ] GC(133) Y: Age Table:
[2026-01-06T22:09:18.706+0800][61.287s][info][gc,reloc    ] GC(133) Y:                    Live             Garbage             Small              Medium             Large        
[2026-01-06T22:09:18.706+0800][61.287s][info][gc,reloc    ] GC(133) Y: Eden               0M (0%)         1511M (37%)        756 / 0              0 / 0              0 / 0        
[2026-01-06T22:09:18.706+0800][61.287s][info][gc,reloc    ] GC(133) Y: Survivor 1          -                 2M (0%)           1 / 0              0 / 0              0 / 0        
[2026-01-06T22:09:18.706+0800][61.287s][info][gc,heap     ] GC(133) Y: Min Capacity: 8M(0%)
[2026-01-06T22:09:18.706+0800][61.287s][info][gc,heap     ] GC(133) Y: Max Capacity: 4096M(100%)
[2026-01-06T22:09:18.706+0800][61.287s][info][gc,heap     ] GC(133) Y: Soft Max Capacity: 3686M(90%)
[2026-01-06T22:09:18.706+0800][61.287s][info][gc,heap     ] GC(133) Y: Heap Statistics:
[2026-01-06T22:09:18.706+0800][61.287s][info][gc,heap     ] GC(133) Y:                Mark Start          Mark End        Relocate Start      Relocate End           High               Low         
[2026-01-06T22:09:18.706+0800][61.287s][info][gc,heap     ] GC(133) Y:  Capacity:     3498M (85%)        3498M (85%)        3498M (85%)        3498M (85%)        3498M (85%)        3498M (85%)    
[2026-01-06T22:09:18.706+0800][61.287s][info][gc,heap     ] GC(133) Y:      Free:     2578M (63%)        2574M (63%)        4084M (100%)       4084M (100%)       4084M (100%)       2574M (63%)    
[2026-01-06T22:09:18.706+0800][61.287s][info][gc,heap     ] GC(133) Y:      Used:     1518M (37%)        1522M (37%)          12M (0%)           12M (0%)         1522M (37%)          12M (0%)     
[2026-01-06T22:09:18.706+0800][61.287s][info][gc,heap     ] GC(133) Y: Young Generation Statistics:
[2026-01-06T22:09:18.706+0800][61.287s][info][gc,heap     ] GC(133) Y:                Mark Start          Mark End        Relocate Start      Relocate End    
[2026-01-06T22:09:18.706+0800][61.287s][info][gc,heap     ] GC(133) Y:      Used:     1514M (37%)        1518M (37%)           8M (0%)            8M (0%)     
[2026-01-06T22:09:18.706+0800][61.287s][info][gc,heap     ] GC(133) Y:      Live:         -                 0M (0%)            0M (0%)            0M (0%)     
[2026-01-06T22:09:18.706+0800][61.287s][info][gc,heap     ] GC(133) Y:   Garbage:         -              1513M (37%)           1M (0%)            1M (0%)     
[2026-01-06T22:09:18.706+0800][61.287s][info][gc,heap     ] GC(133) Y: Allocated:         -                 4M (0%)            6M (0%)            6M (0%)     
[2026-01-06T22:09:18.706+0800][61.287s][info][gc,heap     ] GC(133) Y: Reclaimed:         -                  -              1512M (37%)        1512M (37%)    
[2026-01-06T22:09:18.706+0800][61.287s][info][gc,heap     ] GC(133) Y:  Promoted:         -                  -                 0M (0%)            0M (0%)     
[2026-01-06T22:09:18.706+0800][61.287s][info][gc,heap     ] GC(133) Y: Compacted:         -                  -                  -                 0M (0%)     
[2026-01-06T22:09:18.706+0800][61.287s][info][gc,phases   ] GC(133) Y: Young Generation 1518M(37%)->12M(0%) 0.001s
[2026-01-06T22:09:18.706+0800][61.287s][info][gc,phases   ] GC(133) O: Old Generation
[2026-01-06T22:09:18.710+0800][61.292s][info][gc,phases   ] GC(133) O: Concurrent Mark 4.351ms
[2026-01-06T22:09:18.710+0800][61.292s][info][gc,phases   ] GC(133) O: Pause Mark End 0.004ms
[2026-01-06T22:09:18.710+0800][61.292s][info][gc,phases   ] GC(133) O: Concurrent Mark Free 0.000ms
[2026-01-06T22:09:18.711+0800][61.292s][info][gc,phases   ] GC(133) O: Concurrent Process Non-Strong 0.443ms
[2026-01-06T22:09:18.711+0800][61.292s][info][gc,phases   ] GC(133) O: Concurrent Reset Relocation Set 0.004ms
[2026-01-06T22:09:18.711+0800][61.292s][info][gc,phases   ] GC(133) O: Concurrent Select Relocation Set 0.021ms
[2026-01-06T22:09:18.711+0800][61.292s][info][gc,task     ] GC(133) O: Using 2 Workers for Old Generation
[2026-01-06T22:09:18.711+0800][61.292s][info][gc,task     ] GC(133) O: Using 1 Workers for Old Generation
[2026-01-06T22:09:18.711+0800][61.292s][info][gc,phases   ] GC(133) O: Concurrent Remap Roots 0.085ms
[2026-01-06T22:09:18.711+0800][61.292s][info][gc,phases   ] GC(133) O: Pause Relocate Start 0.001ms
[2026-01-06T22:09:18.713+0800][61.295s][info][gc,phases   ] GC(133) O: Concurrent Relocate 2.370ms
[2026-01-06T22:09:18.713+0800][61.295s][info][gc,alloc    ] GC(133) O:                         Mark Start        Mark End      Relocate Start    Relocate End   
[2026-01-06T22:09:18.713+0800][61.295s][info][gc,alloc    ] GC(133) O: Allocation Stalls:          0                0                0                0         
[2026-01-06T22:09:18.713+0800][61.295s][info][gc,load     ] GC(133) O: Load: 2.52 (25%) / 2.03 (20%) / 2.07 (21%)
[2026-01-06T22:09:18.713+0800][61.295s][info][gc,mmu      ] GC(133) O: MMU: 2ms/0.0%, 5ms/19.3%, 10ms/59.6%, 20ms/79.8%, 50ms/91.9%, 100ms/96.0%
[2026-01-06T22:09:18.713+0800][61.295s][info][gc,marking  ] GC(133) O: Mark: 1 stripe(s), 2 proactive flush(es), 1 terminate flush(es), 0 completion(s), 0 continuation(s) 
[2026-01-06T22:09:18.713+0800][61.295s][info][gc,nmethod  ] GC(133) O: NMethods: 50 registered, 36 unregistered
[2026-01-06T22:09:18.713+0800][61.295s][info][gc,metaspace] GC(133) O: Metaspace: 0M used, 0M committed, 1088M reserved
[2026-01-06T22:09:18.713+0800][61.295s][info][gc,ref      ] GC(133) O:                       Encountered   Discovered     Enqueued 
[2026-01-06T22:09:18.713+0800][61.295s][info][gc,ref      ] GC(133) O: Soft References:                1            0            0 
[2026-01-06T22:09:18.713+0800][61.295s][info][gc,ref      ] GC(133) O: Weak References:                6            0            0 
[2026-01-06T22:09:18.713+0800][61.295s][info][gc,ref      ] GC(133) O: Final References:               0            0            0 
[2026-01-06T22:09:18.713+0800][61.295s][info][gc,ref      ] GC(133) O: Phantom References:             1            1            0 
[2026-01-06T22:09:18.713+0800][61.295s][info][gc,reloc    ] GC(133) O:                        Candidates     Selected     In-Place         Size        Empty    Relocated 
[2026-01-06T22:09:18.713+0800][61.295s][info][gc,reloc    ] GC(133) O: Small Pages:                    2            1            0           4M           0M           1M 
[2026-01-06T22:09:18.713+0800][61.295s][info][gc,reloc    ] GC(133) O: Medium Pages:                   0            0            0           0M           0M           0M 
[2026-01-06T22:09:18.713+0800][61.295s][info][gc,reloc    ] GC(133) O: Large Pages:                    0            0            0           0M           0M           0M 
[2026-01-06T22:09:18.713+0800][61.295s][info][gc,reloc    ] GC(133) O: Forwarding Usage: 0M
[2026-01-06T22:09:18.713+0800][61.295s][info][gc,heap     ] GC(133) O: Min Capacity: 8M(0%)
[2026-01-06T22:09:18.713+0800][61.295s][info][gc,heap     ] GC(133) O: Max Capacity: 4096M(100%)
[2026-01-06T22:09:18.713+0800][61.295s][info][gc,heap     ] GC(133) O: Soft Max Capacity: 3686M(90%)
[2026-01-06T22:09:18.713+0800][61.295s][info][gc,heap     ] GC(133) O: Heap Statistics:
[2026-01-06T22:09:18.713+0800][61.295s][info][gc,heap     ] GC(133) O:                Mark Start          Mark End        Relocate Start      Relocate End           High               Low         
[2026-01-06T22:09:18.713+0800][61.295s][info][gc,heap     ] GC(133) O:  Capacity:     3498M (85%)        3498M (85%)        3498M (85%)        3498M (85%)        3498M (85%)        3498M (85%)    
[2026-01-06T22:09:18.713+0800][61.295s][info][gc,heap     ] GC(133) O:      Free:     2578M (63%)        4070M (99%)        4070M (99%)        4058M (99%)        4084M (100%)       2574M (63%)    
[2026-01-06T22:09:18.713+0800][61.295s][info][gc,heap     ] GC(133) O:      Used:     1518M (37%)          26M (1%)           26M (1%)           38M (1%)         1522M (37%)          12M (0%)     
[2026-01-06T22:09:18.713+0800][61.295s][info][gc,heap     ] GC(133) O: Old Generation Statistics:
[2026-01-06T22:09:18.713+0800][61.295s][info][gc,heap     ] GC(133) O:                Mark Start          Mark End        Relocate Start      Relocate End    
[2026-01-06T22:09:18.713+0800][61.295s][info][gc,heap     ] GC(133) O:      Used:        4M (0%)            4M (0%)            4M (0%)            4M (0%)     
[2026-01-06T22:09:18.713+0800][61.295s][info][gc,heap     ] GC(133) O:      Live:         -                 1M (0%)            1M (0%)            1M (0%)     
[2026-01-06T22:09:18.713+0800][61.295s][info][gc,heap     ] GC(133) O:   Garbage:         -                 2M (0%)            2M (0%)            0M (0%)     
[2026-01-06T22:09:18.713+0800][61.295s][info][gc,heap     ] GC(133) O: Allocated:         -                 0M (0%)            0M (0%)            2M (0%)     
[2026-01-06T22:09:18.713+0800][61.295s][info][gc,heap     ] GC(133) O: Reclaimed:         -                  -                 0M (0%)            2M (0%)     
[2026-01-06T22:09:18.713+0800][61.295s][info][gc,heap     ] GC(133) O: Compacted:         -                  -                  -                 1M (0%)     
[2026-01-06T22:09:18.713+0800][61.295s][info][gc,phases   ] GC(133) O: Old Generation 16M(0%)->38M(1%) 0.007s
[2026-01-06T22:09:18.713+0800][61.295s][info][gc          ] GC(133) Major Collection (Proactive) 1518M(37%)->38M(1%) 0.009s
[2026-01-06T22:09:19.425+0800][62.007s][info][gc          ] GC(134) Minor Collection (High Usage)
[2026-01-06T22:09:19.425+0800][62.007s][info][gc,task     ] GC(134) Using 1 Workers for Young Generation
[2026-01-06T22:09:19.425+0800][62.007s][info][gc,phases   ] GC(134) y: Young Generation
[2026-01-06T22:09:19.426+0800][62.007s][info][gc,phases   ] GC(134) y: Pause Mark Start 0.022ms
[2026-01-06T22:09:19.427+0800][62.008s][info][gc,phases   ] GC(134) y: Concurrent Mark 1.216ms
[2026-01-06T22:09:19.427+0800][62.008s][info][gc,phases   ] GC(134) y: Pause Mark End 0.008ms
[2026-01-06T22:09:19.427+0800][62.009s][info][gc,phases   ] GC(134) y: Concurrent Mark Free 0.003ms
[2026-01-06T22:09:19.427+0800][62.009s][info][gc,phases   ] GC(134) y: Concurrent Reset Relocation Set 0.000ms
[2026-01-06T22:09:19.434+0800][62.015s][info][gc,reloc    ] GC(134) y: Using tenuring threshold: 1 (Computed)
[2026-01-06T22:09:19.434+0800][62.015s][info][gc,phases   ] GC(134) y: Concurrent Select Relocation Set 6.936ms
[2026-01-06T22:09:19.434+0800][62.016s][info][gc,phases   ] GC(134) y: Pause Relocate Start 0.005ms
[2026-01-06T22:09:19.434+0800][62.016s][info][gc,phases   ] GC(134) y: Concurrent Relocate 0.027ms
[2026-01-06T22:09:19.434+0800][62.016s][info][gc,alloc    ] GC(134) y:                         Mark Start        Mark End      Relocate Start    Relocate End   
[2026-01-06T22:09:19.434+0800][62.016s][info][gc,alloc    ] GC(134) y: Allocation Stalls:          0                0                0                0         
[2026-01-06T22:09:19.434+0800][62.016s][info][gc,load     ] GC(134) y: Load: 2.52 (25%) / 2.03 (20%) / 2.07 (21%)
[2026-01-06T22:09:19.434+0800][62.016s][info][gc,mmu      ] GC(134) y: MMU: 2ms/0.0%, 5ms/19.3%, 10ms/59.6%, 20ms/79.8%, 50ms/91.9%, 100ms/96.0%
[2026-01-06T22:09:19.434+0800][62.016s][info][gc,marking  ] GC(134) y: Mark: 1 stripe(s), 2 proactive flush(es), 1 terminate flush(es), 0 completion(s), 0 continuation(s) 
[2026-01-06T22:09:19.434+0800][62.016s][info][gc,nmethod  ] GC(134) y: NMethods: 50 registered, 36 unregistered
[2026-01-06T22:09:19.434+0800][62.016s][info][gc,metaspace] GC(134) y: Metaspace: 0M used, 0M committed, 1088M reserved
[2026-01-06T22:09:19.434+0800][62.016s][info][gc,reloc    ] GC(134) y:                        Candidates     Selected     In-Place         Size        Empty    Relocated 
[2026-01-06T22:09:19.434+0800][62.016s][info][gc,reloc    ] GC(134) y: Small Pages:                 1740            0            0        3480M        3478M           0M 
[2026-01-06T22:09:19.434+0800][62.016s][info][gc,reloc    ] GC(134) y: Medium Pages:                   0            0            0           0M           0M           0M 
[2026-01-06T22:09:19.434+0800][62.016s][info][gc,reloc    ] GC(134) y: Large Pages:                    0            0            0           0M           0M           0M 
[2026-01-06T22:09:19.434+0800][62.016s][info][gc,reloc    ] GC(134) y: Forwarding Usage: 0M
[2026-01-06T22:09:19.434+0800][62.016s][info][gc,reloc    ] GC(134) y: Age Table:
[2026-01-06T22:09:19.434+0800][62.016s][info][gc,reloc    ] GC(134) y:                    Live             Garbage             Small              Medium             Large        
[2026-01-06T22:09:19.434+0800][62.016s][info][gc,reloc    ] GC(134) y: Eden               0M (0%)         3477M (85%)       1739 / 0              0 / 0              0 / 0        
[2026-01-06T22:09:19.434+0800][62.016s][info][gc,reloc    ] GC(134) y: Survivor 1          -                 2M (0%)           1 / 0              0 / 0              0 / 0        
[2026-01-06T22:09:19.434+0800][62.016s][info][gc,heap     ] GC(134) y: Min Capacity: 8M(0%)
[2026-01-06T22:09:19.434+0800][62.016s][info][gc,heap     ] GC(134) y: Max Capacity: 4096M(100%)
[2026-01-06T22:09:19.434+0800][62.016s][info][gc,heap     ] GC(134) y: Soft Max Capacity: 3686M(90%)
[2026-01-06T22:09:19.434+0800][62.016s][info][gc,heap     ] GC(134) y: Heap Statistics:
[2026-01-06T22:09:19.434+0800][62.016s][info][gc,heap     ] GC(134) y:                Mark Start          Mark End        Relocate Start      Relocate End           High               Low         
[2026-01-06T22:09:19.434+0800][62.016s][info][gc,heap     ] GC(134) y:  Capacity:     3498M (85%)        3498M (85%)        3498M (85%)        3498M (85%)        3498M (85%)        3498M (85%)    
[2026-01-06T22:09:19.434+0800][62.016s][info][gc,heap     ] GC(134) y:      Free:      612M (15%)         606M (15%)        4074M (99%)        4074M (99%)        4076M (100%)        606M (15%)    
[2026-01-06T22:09:19.434+0800][62.016s][info][gc,heap     ] GC(134) y:      Used:     3484M (85%)        3490M (85%)          22M (1%)           22M (1%)         3490M (85%)          20M (0%)     
[2026-01-06T22:09:19.434+0800][62.016s][info][gc,heap     ] GC(134) y: Young Generation Statistics:
[2026-01-06T22:09:19.434+0800][62.016s][info][gc,heap     ] GC(134) y:                Mark Start          Mark End        Relocate Start      Relocate End    
[2026-01-06T22:09:19.434+0800][62.016s][info][gc,heap     ] GC(134) y:      Used:     3480M (85%)        3486M (85%)          18M (0%)           18M (0%)     
[2026-01-06T22:09:19.434+0800][62.016s][info][gc,heap     ] GC(134) y:      Live:         -                 0M (0%)            0M (0%)            0M (0%)     
[2026-01-06T22:09:19.434+0800][62.016s][info][gc,heap     ] GC(134) y:   Garbage:         -              3479M (85%)           1M (0%)            1M (0%)     
[2026-01-06T22:09:19.434+0800][62.016s][info][gc,heap     ] GC(134) y: Allocated:         -                 6M (0%)           16M (0%)           16M (0%)     
[2026-01-06T22:09:19.434+0800][62.016s][info][gc,heap     ] GC(134) y: Reclaimed:         -                  -              3478M (85%)        3478M (85%)    
[2026-01-06T22:09:19.434+0800][62.016s][info][gc,heap     ] GC(134) y:  Promoted:         -                  -                 0M (0%)            0M (0%)     
[2026-01-06T22:09:19.434+0800][62.016s][info][gc,heap     ] GC(134) y: Compacted:         -                  -                  -                 0M (0%)     
[2026-01-06T22:09:19.434+0800][62.016s][info][gc,phases   ] GC(134) y: Young Generation 3484M(85%)->22M(1%) 0.009s
[2026-01-06T22:09:19.434+0800][62.016s][info][gc          ] GC(134) Minor Collection (High Usage) 3484M(85%)->22M(1%) 0.009s
[2026-01-06T22:09:20.225+0800][62.807s][info][gc          ] GC(135) Major Collection (Proactive)
[2026-01-06T22:09:20.225+0800][62.807s][info][gc,task     ] GC(135) Using 1 Workers for Young Generation
[2026-01-06T22:09:20.225+0800][62.807s][info][gc,task     ] GC(135) Using 1 Workers for Old Generation
[2026-01-06T22:09:20.225+0800][62.807s][info][gc,phases   ] GC(135) Y: Young Generation
[2026-01-06T22:09:20.225+0800][62.807s][info][gc,phases   ] GC(135) Y: Pause Mark Start (Major) 0.020ms
[2026-01-06T22:09:20.226+0800][62.808s][info][gc,phases   ] GC(135) Y: Concurrent Mark 0.490ms
[2026-01-06T22:09:20.226+0800][62.808s][info][gc,phases   ] GC(135) Y: Pause Mark End 0.003ms
[2026-01-06T22:09:20.226+0800][62.808s][info][gc,phases   ] GC(135) Y: Concurrent Mark Free 0.004ms
[2026-01-06T22:09:20.226+0800][62.808s][info][gc,phases   ] GC(135) Y: Concurrent Reset Relocation Set 0.000ms
[2026-01-06T22:09:20.230+0800][62.811s][info][gc,reloc    ] GC(135) Y: Using tenuring threshold: 1 (Computed)
[2026-01-06T22:09:20.230+0800][62.811s][info][gc,phases   ] GC(135) Y: Concurrent Select Relocation Set 3.651ms
[2026-01-06T22:09:20.230+0800][62.811s][info][gc,phases   ] GC(135) Y: Pause Relocate Start 0.002ms
[2026-01-06T22:09:20.230+0800][62.811s][info][gc,phases   ] GC(135) Y: Concurrent Relocate 0.009ms
[2026-01-06T22:09:20.230+0800][62.811s][info][gc,alloc    ] GC(135) Y:                         Mark Start        Mark End      Relocate Start    Relocate End   
[2026-01-06T22:09:20.230+0800][62.811s][info][gc,alloc    ] GC(135) Y: Allocation Stalls:          0                0                0                0         
[2026-01-06T22:09:20.230+0800][62.811s][info][gc,load     ] GC(135) Y: Load: 2.52 (25%) / 2.03 (20%) / 2.07 (21%)
[2026-01-06T22:09:20.230+0800][62.811s][info][gc,mmu      ] GC(135) Y: MMU: 2ms/0.0%, 5ms/19.3%, 10ms/59.6%, 20ms/79.8%, 50ms/91.9%, 100ms/96.0%
[2026-01-06T22:09:20.230+0800][62.811s][info][gc,marking  ] GC(135) Y: Mark: 1 stripe(s), 2 proactive flush(es), 1 terminate flush(es), 0 completion(s), 0 continuation(s) 
[2026-01-06T22:09:20.230+0800][62.811s][info][gc,nmethod  ] GC(135) Y: NMethods: 50 registered, 36 unregistered
[2026-01-06T22:09:20.230+0800][62.811s][info][gc,metaspace] GC(135) Y: Metaspace: 0M used, 0M committed, 1088M reserved
[2026-01-06T22:09:20.230+0800][62.811s][info][gc,reloc    ] GC(135) Y:                        Candidates     Selected     In-Place         Size        Empty    Relocated 
[2026-01-06T22:09:20.230+0800][62.811s][info][gc,reloc    ] GC(135) Y: Small Pages:                 1666            0            0        3332M        3330M           0M 
[2026-01-06T22:09:20.230+0800][62.811s][info][gc,reloc    ] GC(135) Y: Medium Pages:                   0            0            0           0M           0M           0M 
[2026-01-06T22:09:20.230+0800][62.811s][info][gc,reloc    ] GC(135) Y: Large Pages:                    0            0            0           0M           0M           0M 
[2026-01-06T22:09:20.230+0800][62.811s][info][gc,reloc    ] GC(135) Y: Forwarding Usage: 0M
[2026-01-06T22:09:20.230+0800][62.811s][info][gc,reloc    ] GC(135) Y: Age Table:
[2026-01-06T22:09:20.230+0800][62.811s][info][gc,reloc    ] GC(135) Y:                    Live             Garbage             Small              Medium             Large        
[2026-01-06T22:09:20.230+0800][62.812s][info][gc,reloc    ] GC(135) Y: Eden               0M (0%)         3329M (81%)       1665 / 0              0 / 0              0 / 0        
[2026-01-06T22:09:20.230+0800][62.812s][info][gc,reloc    ] GC(135) Y: Survivor 1          -                 2M (0%)           1 / 0              0 / 0              0 / 0        
[2026-01-06T22:09:20.230+0800][62.812s][info][gc,heap     ] GC(135) Y: Min Capacity: 8M(0%)
[2026-01-06T22:09:20.230+0800][62.812s][info][gc,heap     ] GC(135) Y: Max Capacity: 4096M(100%)
[2026-01-06T22:09:20.230+0800][62.812s][info][gc,heap     ] GC(135) Y: Soft Max Capacity: 3686M(90%)
[2026-01-06T22:09:20.230+0800][62.812s][info][gc,heap     ] GC(135) Y: Heap Statistics:
[2026-01-06T22:09:20.230+0800][62.812s][info][gc,heap     ] GC(135) Y:                Mark Start          Mark End        Relocate Start      Relocate End           High               Low         
[2026-01-06T22:09:20.230+0800][62.812s][info][gc,heap     ] GC(135) Y:  Capacity:     3498M (85%)        3498M (85%)        3498M (85%)        3498M (85%)        3498M (85%)        3498M (85%)    
[2026-01-06T22:09:20.230+0800][62.812s][info][gc,heap     ] GC(135) Y:      Free:      760M (19%)         756M (18%)        4074M (99%)        4074M (99%)        4074M (99%)         756M (18%)    
[2026-01-06T22:09:20.230+0800][62.812s][info][gc,heap     ] GC(135) Y:      Used:     3336M (81%)        3340M (82%)          22M (1%)           22M (1%)         3340M (82%)          22M (1%)     
[2026-01-06T22:09:20.230+0800][62.812s][info][gc,heap     ] GC(135) Y: Young Generation Statistics:
[2026-01-06T22:09:20.230+0800][62.812s][info][gc,heap     ] GC(135) Y:                Mark Start          Mark End        Relocate Start      Relocate End    
[2026-01-06T22:09:20.230+0800][62.812s][info][gc,heap     ] GC(135) Y:      Used:     3332M (81%)        3336M (81%)          18M (0%)           18M (0%)     
[2026-01-06T22:09:20.230+0800][62.812s][info][gc,heap     ] GC(135) Y:      Live:         -                 0M (0%)            0M (0%)            0M (0%)     
[2026-01-06T22:09:20.230+0800][62.812s][info][gc,heap     ] GC(135) Y:   Garbage:         -              3331M (81%)           1M (0%)            1M (0%)     
[2026-01-06T22:09:20.230+0800][62.812s][info][gc,heap     ] GC(135) Y: Allocated:         -                 4M (0%)           16M (0%)           16M (0%)     
[2026-01-06T22:09:20.230+0800][62.812s][info][gc,heap     ] GC(135) Y: Reclaimed:         -                  -              3330M (81%)        3330M (81%)    
[2026-01-06T22:09:20.230+0800][62.812s][info][gc,heap     ] GC(135) Y:  Promoted:         -                  -                 0M (0%)            0M (0%)     
[2026-01-06T22:09:20.230+0800][62.812s][info][gc,heap     ] GC(135) Y: Compacted:         -                  -                  -                 0M (0%)     
[2026-01-06T22:09:20.230+0800][62.812s][info][gc,phases   ] GC(135) Y: Young Generation 3336M(81%)->22M(1%) 0.004s
[2026-01-06T22:09:20.230+0800][62.812s][info][gc,phases   ] GC(135) O: Old Generation
[2026-01-06T22:09:20.232+0800][62.814s][info][gc,phases   ] GC(135) O: Concurrent Mark 2.240ms
[2026-01-06T22:09:20.232+0800][62.814s][info][gc,phases   ] GC(135) O: Pause Mark End 0.004ms
[2026-01-06T22:09:20.232+0800][62.814s][info][gc,phases   ] GC(135) O: Concurrent Mark Free 0.000ms
[2026-01-06T22:09:20.233+0800][62.815s][info][gc,phases   ] GC(135) O: Concurrent Process Non-Strong 0.743ms
[2026-01-06T22:09:20.234+0800][62.815s][info][gc,phases   ] GC(135) O: Concurrent Reset Relocation Set 0.782ms
[2026-01-06T22:09:20.234+0800][62.815s][info][gc,phases   ] GC(135) O: Concurrent Select Relocation Set 0.073ms
[2026-01-06T22:09:20.234+0800][62.815s][info][gc,task     ] GC(135) O: Using 2 Workers for Old Generation
[2026-01-06T22:09:20.234+0800][62.816s][info][gc,task     ] GC(135) O: Using 1 Workers for Old Generation
[2026-01-06T22:09:20.234+0800][62.816s][info][gc,phases   ] GC(135) O: Concurrent Remap Roots 0.063ms
[2026-01-06T22:09:20.234+0800][62.816s][info][gc,phases   ] GC(135) O: Pause Relocate Start 0.002ms
[2026-01-06T22:09:20.235+0800][62.816s][info][gc,phases   ] GC(135) O: Concurrent Relocate 0.910ms
[2026-01-06T22:09:20.235+0800][62.817s][info][gc,alloc    ] GC(135) O:                         Mark Start        Mark End      Relocate Start    Relocate End   
[2026-01-06T22:09:20.235+0800][62.817s][info][gc,alloc    ] GC(135) O: Allocation Stalls:          0                0                0                0         
[2026-01-06T22:09:20.235+0800][62.817s][info][gc,load     ] GC(135) O: Load: 2.52 (25%) / 2.03 (20%) / 2.07 (21%)
[2026-01-06T22:09:20.235+0800][62.817s][info][gc,mmu      ] GC(135) O: MMU: 2ms/0.0%, 5ms/19.3%, 10ms/59.6%, 20ms/79.8%, 50ms/91.9%, 100ms/96.0%
[2026-01-06T22:09:20.235+0800][62.817s][info][gc,marking  ] GC(135) O: Mark: 1 stripe(s), 2 proactive flush(es), 1 terminate flush(es), 0 completion(s), 0 continuation(s) 
[2026-01-06T22:09:20.235+0800][62.817s][info][gc,nmethod  ] GC(135) O: NMethods: 50 registered, 36 unregistered
[2026-01-06T22:09:20.235+0800][62.817s][info][gc,metaspace] GC(135) O: Metaspace: 0M used, 0M committed, 1088M reserved
[2026-01-06T22:09:20.235+0800][62.817s][info][gc,ref      ] GC(135) O:                       Encountered   Discovered     Enqueued 
[2026-01-06T22:09:20.235+0800][62.817s][info][gc,ref      ] GC(135) O: Soft References:                1            0            0 
[2026-01-06T22:09:20.235+0800][62.817s][info][gc,ref      ] GC(135) O: Weak References:                6            0            0 
[2026-01-06T22:09:20.235+0800][62.817s][info][gc,ref      ] GC(135) O: Final References:               0            0            0 
[2026-01-06T22:09:20.235+0800][62.817s][info][gc,ref      ] GC(135) O: Phantom References:             1            1            0 
[2026-01-06T22:09:20.235+0800][62.817s][info][gc,reloc    ] GC(135) O:                        Candidates     Selected     In-Place         Size        Empty    Relocated 
[2026-01-06T22:09:20.235+0800][62.817s][info][gc,reloc    ] GC(135) O: Small Pages:                    2            1            0           4M           0M           1M 
[2026-01-06T22:09:20.235+0800][62.817s][info][gc,reloc    ] GC(135) O: Medium Pages:                   0            0            0           0M           0M           0M 
[2026-01-06T22:09:20.235+0800][62.817s][info][gc,reloc    ] GC(135) O: Large Pages:                    0            0            0           0M           0M           0M 
[2026-01-06T22:09:20.235+0800][62.817s][info][gc,reloc    ] GC(135) O: Forwarding Usage: 0M
[2026-01-06T22:09:20.235+0800][62.817s][info][gc,heap     ] GC(135) O: Min Capacity: 8M(0%)
[2026-01-06T22:09:20.235+0800][62.817s][info][gc,heap     ] GC(135) O: Max Capacity: 4096M(100%)
[2026-01-06T22:09:20.235+0800][62.817s][info][gc,heap     ] GC(135) O: Soft Max Capacity: 3686M(90%)
[2026-01-06T22:09:20.235+0800][62.817s][info][gc,heap     ] GC(135) O: Heap Statistics:
[2026-01-06T22:09:20.235+0800][62.817s][info][gc,heap     ] GC(135) O:                Mark Start          Mark End        Relocate Start      Relocate End           High               Low         
[2026-01-06T22:09:20.235+0800][62.817s][info][gc,heap     ] GC(135) O:  Capacity:     3498M (85%)        3498M (85%)        3498M (85%)        3498M (85%)        3498M (85%)        3498M (85%)    
[2026-01-06T22:09:20.235+0800][62.817s][info][gc,heap     ] GC(135) O:      Free:      760M (19%)        4058M (99%)        4054M (99%)        4050M (99%)        4074M (99%)         756M (18%)    
[2026-01-06T22:09:20.235+0800][62.817s][info][gc,heap     ] GC(135) O:      Used:     3336M (81%)          38M (1%)           42M (1%)           46M (1%)         3340M (82%)          22M (1%)     
[2026-01-06T22:09:20.235+0800][62.817s][info][gc,heap     ] GC(135) O: Old Generation Statistics:
[2026-01-06T22:09:20.235+0800][62.817s][info][gc,heap     ] GC(135) O:                Mark Start          Mark End        Relocate Start      Relocate End    
[2026-01-06T22:09:20.235+0800][62.817s][info][gc,heap     ] GC(135) O:      Used:        4M (0%)            4M (0%)            4M (0%)            4M (0%)     
[2026-01-06T22:09:20.235+0800][62.817s][info][gc,heap     ] GC(135) O:      Live:         -                 1M (0%)            1M (0%)            1M (0%)     
[2026-01-06T22:09:20.235+0800][62.817s][info][gc,heap     ] GC(135) O:   Garbage:         -                 2M (0%)            2M (0%)            0M (0%)     
[2026-01-06T22:09:20.235+0800][62.817s][info][gc,heap     ] GC(135) O: Allocated:         -                 0M (0%)            0M (0%)            2M (0%)     
[2026-01-06T22:09:20.235+0800][62.817s][info][gc,heap     ] GC(135) O: Reclaimed:         -                  -                 0M (0%)            2M (0%)     
[2026-01-06T22:09:20.235+0800][62.817s][info][gc,heap     ] GC(135) O: Compacted:         -                  -                  -                 1M (0%)     
[2026-01-06T22:09:20.235+0800][62.817s][info][gc,phases   ] GC(135) O: Old Generation 22M(1%)->46M(1%) 0.005s
[2026-01-06T22:09:20.235+0800][62.817s][info][gc          ] GC(135) Major Collection (Proactive) 3336M(81%)->46M(1%) 0.010s
[2026-01-06T22:09:21.277+0800][63.858s][info][gc          ] GC(136) Minor Collection (High Usage)
[2026-01-06T22:09:21.277+0800][63.859s][info][gc,task     ] GC(136) Using 1 Workers for Young Generation
[2026-01-06T22:09:21.277+0800][63.859s][info][gc,phases   ] GC(136) y: Young Generation
[2026-01-06T22:09:21.277+0800][63.859s][info][gc,phases   ] GC(136) y: Pause Mark Start 0.035ms
[2026-01-06T22:09:21.278+0800][63.860s][info][gc,phases   ] GC(136) y: Concurrent Mark 0.860ms
[2026-01-06T22:09:21.278+0800][63.860s][info][gc,phases   ] GC(136) y: Pause Mark End 0.005ms
[2026-01-06T22:09:21.278+0800][63.860s][info][gc,phases   ] GC(136) y: Concurrent Mark Free 0.004ms
[2026-01-06T22:09:21.278+0800][63.860s][info][gc,phases   ] GC(136) y: Concurrent Reset Relocation Set 0.000ms
[2026-01-06T22:09:21.283+0800][63.864s][info][gc,reloc    ] GC(136) y: Using tenuring threshold: 1 (Computed)
[2026-01-06T22:09:21.283+0800][63.864s][info][gc,phases   ] GC(136) y: Concurrent Select Relocation Set 4.702ms
[2026-01-06T22:09:21.283+0800][63.864s][info][gc,phases   ] GC(136) y: Pause Relocate Start 0.002ms
[2026-01-06T22:09:21.283+0800][63.864s][info][gc,phases   ] GC(136) y: Concurrent Relocate 0.016ms
[2026-01-06T22:09:21.283+0800][63.864s][info][gc,alloc    ] GC(136) y:                         Mark Start        Mark End      Relocate Start    Relocate End   
[2026-01-06T22:09:21.283+0800][63.864s][info][gc,alloc    ] GC(136) y: Allocation Stalls:          0                0                0                0         
[2026-01-06T22:09:21.283+0800][63.864s][info][gc,load     ] GC(136) y: Load: 2.52 (25%) / 2.03 (20%) / 2.07 (21%)
[2026-01-06T22:09:21.283+0800][63.865s][info][gc,mmu      ] GC(136) y: MMU: 2ms/0.0%, 5ms/19.3%, 10ms/59.6%, 20ms/79.8%, 50ms/91.9%, 100ms/96.0%
[2026-01-06T22:09:21.283+0800][63.865s][info][gc,marking  ] GC(136) y: Mark: 1 stripe(s), 2 proactive flush(es), 1 terminate flush(es), 0 completion(s), 0 continuation(s) 
[2026-01-06T22:09:21.283+0800][63.865s][info][gc,nmethod  ] GC(136) y: NMethods: 50 registered, 36 unregistered
[2026-01-06T22:09:21.283+0800][63.865s][info][gc,metaspace] GC(136) y: Metaspace: 0M used, 0M committed, 1088M reserved
[2026-01-06T22:09:21.283+0800][63.865s][info][gc,reloc    ] GC(136) y:                        Candidates     Selected     In-Place         Size        Empty    Relocated 
[2026-01-06T22:09:21.283+0800][63.865s][info][gc,reloc    ] GC(136) y: Small Pages:                 1738            0            0        3476M        3474M           0M 
[2026-01-06T22:09:21.283+0800][63.865s][info][gc,reloc    ] GC(136) y: Medium Pages:                   0            0            0           0M           0M           0M 
[2026-01-06T22:09:21.283+0800][63.865s][info][gc,reloc    ] GC(136) y: Large Pages:                    0            0            0           0M           0M           0M 
[2026-01-06T22:09:21.283+0800][63.865s][info][gc,reloc    ] GC(136) y: Forwarding Usage: 0M
[2026-01-06T22:09:21.283+0800][63.865s][info][gc,reloc    ] GC(136) y: Age Table:
[2026-01-06T22:09:21.283+0800][63.865s][info][gc,reloc    ] GC(136) y:                    Live             Garbage             Small              Medium             Large        
[2026-01-06T22:09:21.283+0800][63.865s][info][gc,reloc    ] GC(136) y: Eden               0M (0%)         3473M (85%)       1737 / 0              0 / 0              0 / 0        
[2026-01-06T22:09:21.283+0800][63.865s][info][gc,reloc    ] GC(136) y: Survivor 1          -                 2M (0%)           1 / 0              0 / 0              0 / 0        
[2026-01-06T22:09:21.283+0800][63.865s][info][gc,heap     ] GC(136) y: Min Capacity: 8M(0%)
[2026-01-06T22:09:21.283+0800][63.865s][info][gc,heap     ] GC(136) y: Max Capacity: 4096M(100%)
[2026-01-06T22:09:21.283+0800][63.865s][info][gc,heap     ] GC(136) y: Soft Max Capacity: 3686M(90%)
[2026-01-06T22:09:21.283+0800][63.865s][info][gc,heap     ] GC(136) y: Heap Statistics:
[2026-01-06T22:09:21.283+0800][63.865s][info][gc,heap     ] GC(136) y:                Mark Start          Mark End        Relocate Start      Relocate End           High               Low         
[2026-01-06T22:09:21.283+0800][63.865s][info][gc,heap     ] GC(136) y:  Capacity:     3498M (85%)        3498M (85%)        3498M (85%)        3498M (85%)        3498M (85%)        3498M (85%)    
[2026-01-06T22:09:21.283+0800][63.865s][info][gc,heap     ] GC(136) y:      Free:      616M (15%)         612M (15%)        4074M (99%)        4074M (99%)        4076M (100%)        612M (15%)    
[2026-01-06T22:09:21.283+0800][63.865s][info][gc,heap     ] GC(136) y:      Used:     3480M (85%)        3484M (85%)          22M (1%)           22M (1%)         3484M (85%)          20M (0%)     
[2026-01-06T22:09:21.283+0800][63.865s][info][gc,heap     ] GC(136) y: Young Generation Statistics:
[2026-01-06T22:09:21.283+0800][63.865s][info][gc,heap     ] GC(136) y:                Mark Start          Mark End        Relocate Start      Relocate End    
[2026-01-06T22:09:21.283+0800][63.865s][info][gc,heap     ] GC(136) y:      Used:     3476M (85%)        3480M (85%)          18M (0%)           18M (0%)     
[2026-01-06T22:09:21.283+0800][63.865s][info][gc,heap     ] GC(136) y:      Live:         -                 0M (0%)            0M (0%)            0M (0%)     
[2026-01-06T22:09:21.283+0800][63.865s][info][gc,heap     ] GC(136) y:   Garbage:         -              3475M (85%)           1M (0%)            1M (0%)     
[2026-01-06T22:09:21.283+0800][63.865s][info][gc,heap     ] GC(136) y: Allocated:         -                 4M (0%)           16M (0%)           16M (0%)     
[2026-01-06T22:09:21.283+0800][63.865s][info][gc,heap     ] GC(136) y: Reclaimed:         -                  -              3474M (85%)        3474M (85%)    
[2026-01-06T22:09:21.283+0800][63.865s][info][gc,heap     ] GC(136) y:  Promoted:         -                  -                 0M (0%)            0M (0%)     
[2026-01-06T22:09:21.283+0800][63.865s][info][gc,heap     ] GC(136) y: Compacted:         -                  -                  -                 0M (0%)     
[2026-01-06T22:09:21.283+0800][63.865s][info][gc,phases   ] GC(136) y: Young Generation 3480M(85%)->22M(1%) 0.006s
[2026-01-06T22:09:21.283+0800][63.865s][info][gc          ] GC(136) Minor Collection (High Usage) 3480M(85%)->22M(1%) 0.006s
[2026-01-06T22:09:21.421+0800][64.002s][info][gc          ] GC(137) Major Collection (Proactive)
[2026-01-06T22:09:21.421+0800][64.002s][info][gc,task     ] GC(137) Using 1 Workers for Young Generation
[2026-01-06T22:09:21.421+0800][64.002s][info][gc,task     ] GC(137) Using 1 Workers for Old Generation
[2026-01-06T22:09:21.421+0800][64.002s][info][gc,phases   ] GC(137) Y: Young Generation
[2026-01-06T22:09:21.421+0800][64.002s][info][gc,phases   ] GC(137) Y: Pause Mark Start (Major) 0.010ms
[2026-01-06T22:09:21.421+0800][64.003s][info][gc,phases   ] GC(137) Y: Concurrent Mark 0.249ms
[2026-01-06T22:09:21.421+0800][64.003s][info][gc,phases   ] GC(137) Y: Pause Mark End 0.004ms
[2026-01-06T22:09:21.421+0800][64.003s][info][gc,phases   ] GC(137) Y: Concurrent Mark Free 0.000ms
[2026-01-06T22:09:21.421+0800][64.003s][info][gc,phases   ] GC(137) Y: Concurrent Reset Relocation Set 0.000ms
[2026-01-06T22:09:21.421+0800][64.003s][info][gc,reloc    ] GC(137) Y: Using tenuring threshold: 1 (Computed)
[2026-01-06T22:09:21.421+0800][64.003s][info][gc,phases   ] GC(137) Y: Concurrent Select Relocation Set 0.095ms
[2026-01-06T22:09:21.421+0800][64.003s][info][gc,phases   ] GC(137) Y: Pause Relocate Start 0.002ms
[2026-01-06T22:09:21.421+0800][64.003s][info][gc,phases   ] GC(137) Y: Concurrent Relocate 0.010ms
[2026-01-06T22:09:21.421+0800][64.003s][info][gc,alloc    ] GC(137) Y:                         Mark Start        Mark End      Relocate Start    Relocate End   
[2026-01-06T22:09:21.421+0800][64.003s][info][gc,alloc    ] GC(137) Y: Allocation Stalls:          0                0                0                0         
[2026-01-06T22:09:21.421+0800][64.003s][info][gc,load     ] GC(137) Y: Load: 2.52 (25%) / 2.03 (20%) / 2.07 (21%)
[2026-01-06T22:09:21.421+0800][64.003s][info][gc,mmu      ] GC(137) Y: MMU: 2ms/0.0%, 5ms/19.3%, 10ms/59.6%, 20ms/79.8%, 50ms/91.9%, 100ms/96.0%
[2026-01-06T22:09:21.421+0800][64.003s][info][gc,marking  ] GC(137) Y: Mark: 1 stripe(s), 2 proactive flush(es), 1 terminate flush(es), 0 completion(s), 0 continuation(s) 
[2026-01-06T22:09:21.421+0800][64.003s][info][gc,nmethod  ] GC(137) Y: NMethods: 50 registered, 36 unregistered
[2026-01-06T22:09:21.421+0800][64.003s][info][gc,metaspace] GC(137) Y: Metaspace: 0M used, 0M committed, 1088M reserved
[2026-01-06T22:09:21.421+0800][64.003s][info][gc,reloc    ] GC(137) Y:                        Candidates     Selected     In-Place         Size        Empty    Relocated 
[2026-01-06T22:09:21.421+0800][64.003s][info][gc,reloc    ] GC(137) Y: Small Pages:                  213            0            0         426M         424M           0M 
[2026-01-06T22:09:21.421+0800][64.003s][info][gc,reloc    ] GC(137) Y: Medium Pages:                   0            0            0           0M           0M           0M 
[2026-01-06T22:09:21.421+0800][64.003s][info][gc,reloc    ] GC(137) Y: Large Pages:                    0            0            0           0M           0M           0M 
[2026-01-06T22:09:21.421+0800][64.003s][info][gc,reloc    ] GC(137) Y: Forwarding Usage: 0M
[2026-01-06T22:09:21.421+0800][64.003s][info][gc,reloc    ] GC(137) Y: Age Table:
[2026-01-06T22:09:21.421+0800][64.003s][info][gc,reloc    ] GC(137) Y:                    Live             Garbage             Small              Medium             Large        
[2026-01-06T22:09:21.421+0800][64.003s][info][gc,reloc    ] GC(137) Y: Eden               0M (0%)          423M (10%)        212 / 0              0 / 0              0 / 0        
[2026-01-06T22:09:21.421+0800][64.003s][info][gc,reloc    ] GC(137) Y: Survivor 1          -                 2M (0%)           1 / 0              0 / 0              0 / 0        
[2026-01-06T22:09:21.421+0800][64.003s][info][gc,heap     ] GC(137) Y: Min Capacity: 8M(0%)
[2026-01-06T22:09:21.421+0800][64.003s][info][gc,heap     ] GC(137) Y: Max Capacity: 4096M(100%)
[2026-01-06T22:09:21.421+0800][64.003s][info][gc,heap     ] GC(137) Y: Soft Max Capacity: 3686M(90%)
[2026-01-06T22:09:21.421+0800][64.003s][info][gc,heap     ] GC(137) Y: Heap Statistics:
[2026-01-06T22:09:21.421+0800][64.003s][info][gc,heap     ] GC(137) Y:                Mark Start          Mark End        Relocate Start      Relocate End           High               Low         
[2026-01-06T22:09:21.421+0800][64.003s][info][gc,heap     ] GC(137) Y:  Capacity:     3498M (85%)        3498M (85%)        3498M (85%)        3498M (85%)        3498M (85%)        3498M (85%)    
[2026-01-06T22:09:21.421+0800][64.003s][info][gc,heap     ] GC(137) Y:      Free:     3666M (90%)        3664M (89%)        4086M (100%)       4086M (100%)       4088M (100%)       3664M (89%)    
[2026-01-06T22:09:21.421+0800][64.003s][info][gc,heap     ] GC(137) Y:      Used:      430M (10%)         432M (11%)          10M (0%)           10M (0%)          432M (11%)           8M (0%)     
[2026-01-06T22:09:21.421+0800][64.003s][info][gc,heap     ] GC(137) Y: Young Generation Statistics:
[2026-01-06T22:09:21.421+0800][64.003s][info][gc,heap     ] GC(137) Y:                Mark Start          Mark End        Relocate Start      Relocate End    
[2026-01-06T22:09:21.421+0800][64.003s][info][gc,heap     ] GC(137) Y:      Used:      426M (10%)         428M (10%)           6M (0%)            6M (0%)     
[2026-01-06T22:09:21.421+0800][64.003s][info][gc,heap     ] GC(137) Y:      Live:         -                 0M (0%)            0M (0%)            0M (0%)     
[2026-01-06T22:09:21.421+0800][64.003s][info][gc,heap     ] GC(137) Y:   Garbage:         -               425M (10%)           1M (0%)            1M (0%)     
[2026-01-06T22:09:21.421+0800][64.003s][info][gc,heap     ] GC(137) Y: Allocated:         -                 2M (0%)            4M (0%)            4M (0%)     
[2026-01-06T22:09:21.421+0800][64.003s][info][gc,heap     ] GC(137) Y: Reclaimed:         -                  -               424M (10%)         424M (10%)    
[2026-01-06T22:09:21.421+0800][64.003s][info][gc,heap     ] GC(137) Y:  Promoted:         -                  -                 0M (0%)            0M (0%)     
[2026-01-06T22:09:21.421+0800][64.003s][info][gc,heap     ] GC(137) Y: Compacted:         -                  -                  -                 0M (0%)     
[2026-01-06T22:09:21.421+0800][64.003s][info][gc,phases   ] GC(137) Y: Young Generation 430M(10%)->10M(0%) 0.001s
[2026-01-06T22:09:21.421+0800][64.003s][info][gc,phases   ] GC(137) O: Old Generation
[2026-01-06T22:09:21.426+0800][64.008s][info][gc,phases   ] GC(137) O: Concurrent Mark 5.132ms
[2026-01-06T22:09:21.426+0800][64.008s][info][gc,phases   ] GC(137) O: Pause Mark End 0.004ms
[2026-01-06T22:09:21.426+0800][64.008s][info][gc,phases   ] GC(137) O: Concurrent Mark Free 0.000ms
[2026-01-06T22:09:21.427+0800][64.008s][info][gc,phases   ] GC(137) O: Concurrent Process Non-Strong 0.302ms
[2026-01-06T22:09:21.427+0800][64.008s][info][gc,phases   ] GC(137) O: Concurrent Reset Relocation Set 0.004ms
[2026-01-06T22:09:21.427+0800][64.009s][info][gc,phases   ] GC(137) O: Concurrent Select Relocation Set 0.056ms
[2026-01-06T22:09:21.427+0800][64.009s][info][gc,task     ] GC(137) O: Using 2 Workers for Old Generation
[2026-01-06T22:09:21.427+0800][64.009s][info][gc,task     ] GC(137) O: Using 1 Workers for Old Generation
[2026-01-06T22:09:21.427+0800][64.009s][info][gc,phases   ] GC(137) O: Concurrent Remap Roots 0.069ms
[2026-01-06T22:09:21.427+0800][64.009s][info][gc,phases   ] GC(137) O: Pause Relocate Start 0.001ms
[2026-01-06T22:09:21.428+0800][64.009s][info][gc,phases   ] GC(137) O: Concurrent Relocate 0.757ms
[2026-01-06T22:09:21.428+0800][64.009s][info][gc,alloc    ] GC(137) O:                         Mark Start        Mark End      Relocate Start    Relocate End   
[2026-01-06T22:09:21.428+0800][64.009s][info][gc,alloc    ] GC(137) O: Allocation Stalls:          0                0                0                0         
[2026-01-06T22:09:21.428+0800][64.009s][info][gc,load     ] GC(137) O: Load: 2.52 (25%) / 2.03 (20%) / 2.07 (21%)
[2026-01-06T22:09:21.428+0800][64.009s][info][gc,mmu      ] GC(137) O: MMU: 2ms/0.0%, 5ms/19.3%, 10ms/59.6%, 20ms/79.8%, 50ms/91.9%, 100ms/96.0%
[2026-01-06T22:09:21.428+0800][64.009s][info][gc,marking  ] GC(137) O: Mark: 1 stripe(s), 2 proactive flush(es), 1 terminate flush(es), 0 completion(s), 0 continuation(s) 
[2026-01-06T22:09:21.428+0800][64.009s][info][gc,nmethod  ] GC(137) O: NMethods: 50 registered, 36 unregistered
[2026-01-06T22:09:21.428+0800][64.009s][info][gc,metaspace] GC(137) O: Metaspace: 0M used, 0M committed, 1088M reserved
[2026-01-06T22:09:21.428+0800][64.009s][info][gc,ref      ] GC(137) O:                       Encountered   Discovered     Enqueued 
[2026-01-06T22:09:21.428+0800][64.009s][info][gc,ref      ] GC(137) O: Soft References:                1            0            0 
[2026-01-06T22:09:21.428+0800][64.009s][info][gc,ref      ] GC(137) O: Weak References:                6            0            0 
[2026-01-06T22:09:21.428+0800][64.009s][info][gc,ref      ] GC(137) O: Final References:               0            0            0 
[2026-01-06T22:09:21.428+0800][64.009s][info][gc,ref      ] GC(137) O: Phantom References:             1            1            0 
[2026-01-06T22:09:21.428+0800][64.009s][info][gc,reloc    ] GC(137) O:                        Candidates     Selected     In-Place         Size        Empty    Relocated 
[2026-01-06T22:09:21.428+0800][64.009s][info][gc,reloc    ] GC(137) O: Small Pages:                    2            1            0           4M           0M           1M 
[2026-01-06T22:09:21.428+0800][64.009s][info][gc,reloc    ] GC(137) O: Medium Pages:                   0            0            0           0M           0M           0M 
[2026-01-06T22:09:21.428+0800][64.009s][info][gc,reloc    ] GC(137) O: Large Pages:                    0            0            0           0M           0M           0M 
[2026-01-06T22:09:21.428+0800][64.009s][info][gc,reloc    ] GC(137) O: Forwarding Usage: 0M
[2026-01-06T22:09:21.428+0800][64.009s][info][gc,heap     ] GC(137) O: Min Capacity: 8M(0%)
[2026-01-06T22:09:21.428+0800][64.009s][info][gc,heap     ] GC(137) O: Max Capacity: 4096M(100%)
[2026-01-06T22:09:21.428+0800][64.009s][info][gc,heap     ] GC(137) O: Soft Max Capacity: 3686M(90%)
[2026-01-06T22:09:21.428+0800][64.009s][info][gc,heap     ] GC(137) O: Heap Statistics:
[2026-01-06T22:09:21.428+0800][64.009s][info][gc,heap     ] GC(137) O:                Mark Start          Mark End        Relocate Start      Relocate End           High               Low         
[2026-01-06T22:09:21.428+0800][64.009s][info][gc,heap     ] GC(137) O:  Capacity:     3498M (85%)        3498M (85%)        3498M (85%)        3498M (85%)        3498M (85%)        3498M (85%)    
[2026-01-06T22:09:21.428+0800][64.009s][info][gc,heap     ] GC(137) O:      Free:     3666M (90%)        4002M (98%)        3994M (98%)        3986M (97%)        4088M (100%)       3664M (89%)    
[2026-01-06T22:09:21.428+0800][64.009s][info][gc,heap     ] GC(137) O:      Used:      430M (10%)          94M (2%)          102M (2%)          110M (3%)          432M (11%)           8M (0%)     
[2026-01-06T22:09:21.428+0800][64.009s][info][gc,heap     ] GC(137) O: Old Generation Statistics:
[2026-01-06T22:09:21.428+0800][64.009s][info][gc,heap     ] GC(137) O:                Mark Start          Mark End        Relocate Start      Relocate End    
[2026-01-06T22:09:21.428+0800][64.009s][info][gc,heap     ] GC(137) O:      Used:        4M (0%)            4M (0%)            4M (0%)            4M (0%)     
[2026-01-06T22:09:21.428+0800][64.009s][info][gc,heap     ] GC(137) O:      Live:         -                 1M (0%)            1M (0%)            1M (0%)     
[2026-01-06T22:09:21.428+0800][64.009s][info][gc,heap     ] GC(137) O:   Garbage:         -                 2M (0%)            2M (0%)            0M (0%)     
[2026-01-06T22:09:21.428+0800][64.009s][info][gc,heap     ] GC(137) O: Allocated:         -                 0M (0%)            0M (0%)            2M (0%)     
[2026-01-06T22:09:21.428+0800][64.009s][info][gc,heap     ] GC(137) O: Reclaimed:         -                  -                 0M (0%)            2M (0%)     
[2026-01-06T22:09:21.428+0800][64.010s][info][gc,heap     ] GC(137) O: Compacted:         -                  -                  -                 1M (0%)     
[2026-01-06T22:09:21.428+0800][64.010s][info][gc,phases   ] GC(137) O: Old Generation 12M(0%)->110M(3%) 0.006s
[2026-01-06T22:09:21.428+0800][64.010s][info][gc          ] GC(137) Major Collection (Proactive) 430M(10%)->112M(3%) 0.007s
[2026-01-06T22:09:22.309+0800][64.890s][info][gc          ] GC(138) Minor Collection (High Usage)
[2026-01-06T22:09:22.309+0800][64.890s][info][gc,task     ] GC(138) Using 1 Workers for Young Generation
[2026-01-06T22:09:22.309+0800][64.890s][info][gc,phases   ] GC(138) y: Young Generation
[2026-01-06T22:09:22.309+0800][64.890s][info][gc,phases   ] GC(138) y: Pause Mark Start 0.012ms
[2026-01-06T22:09:22.311+0800][64.893s][info][gc,phases   ] GC(138) y: Concurrent Mark 2.150ms
[2026-01-06T22:09:22.311+0800][64.893s][info][gc,phases   ] GC(138) y: Pause Mark End 0.004ms
[2026-01-06T22:09:22.311+0800][64.893s][info][gc,phases   ] GC(138) y: Concurrent Mark Free 0.004ms
[2026-01-06T22:09:22.311+0800][64.893s][info][gc,phases   ] GC(138) y: Concurrent Reset Relocation Set 0.000ms
[2026-01-06T22:09:22.315+0800][64.897s][info][gc,reloc    ] GC(138) y: Using tenuring threshold: 1 (Computed)
[2026-01-06T22:09:22.315+0800][64.897s][info][gc,phases   ] GC(138) y: Concurrent Select Relocation Set 3.975ms
[2026-01-06T22:09:22.315+0800][64.897s][info][gc,phases   ] GC(138) y: Pause Relocate Start 0.003ms
[2026-01-06T22:09:22.315+0800][64.897s][info][gc,phases   ] GC(138) y: Concurrent Relocate 0.009ms
[2026-01-06T22:09:22.315+0800][64.897s][info][gc,alloc    ] GC(138) y:                         Mark Start        Mark End      Relocate Start    Relocate End   
[2026-01-06T22:09:22.315+0800][64.897s][info][gc,alloc    ] GC(138) y: Allocation Stalls:          0                0                0                0         
[2026-01-06T22:09:22.315+0800][64.897s][info][gc,load     ] GC(138) y: Load: 2.80 (28%) / 2.09 (21%) / 2.09 (21%)
[2026-01-06T22:09:22.315+0800][64.897s][info][gc,mmu      ] GC(138) y: MMU: 2ms/0.0%, 5ms/19.3%, 10ms/59.6%, 20ms/79.8%, 50ms/91.9%, 100ms/96.0%
[2026-01-06T22:09:22.315+0800][64.897s][info][gc,marking  ] GC(138) y: Mark: 1 stripe(s), 2 proactive flush(es), 1 terminate flush(es), 0 completion(s), 0 continuation(s) 
[2026-01-06T22:09:22.315+0800][64.897s][info][gc,nmethod  ] GC(138) y: NMethods: 50 registered, 36 unregistered
[2026-01-06T22:09:22.315+0800][64.897s][info][gc,metaspace] GC(138) y: Metaspace: 0M used, 0M committed, 1088M reserved
[2026-01-06T22:09:22.315+0800][64.897s][info][gc,reloc    ] GC(138) y:                        Candidates     Selected     In-Place         Size        Empty    Relocated 
[2026-01-06T22:09:22.315+0800][64.897s][info][gc,reloc    ] GC(138) y: Small Pages:                 1740            0            0        3480M        3478M           0M 
[2026-01-06T22:09:22.315+0800][64.897s][info][gc,reloc    ] GC(138) y: Medium Pages:                   0            0            0           0M           0M           0M 
[2026-01-06T22:09:22.315+0800][64.897s][info][gc,reloc    ] GC(138) y: Large Pages:                    0            0            0           0M           0M           0M 
[2026-01-06T22:09:22.315+0800][64.897s][info][gc,reloc    ] GC(138) y: Forwarding Usage: 0M
[2026-01-06T22:09:22.315+0800][64.897s][info][gc,reloc    ] GC(138) y: Age Table:
[2026-01-06T22:09:22.315+0800][64.897s][info][gc,reloc    ] GC(138) y:                    Live             Garbage             Small              Medium             Large        
[2026-01-06T22:09:22.315+0800][64.897s][info][gc,reloc    ] GC(138) y: Eden               0M (0%)         3477M (85%)       1739 / 0              0 / 0              0 / 0        
[2026-01-06T22:09:22.315+0800][64.897s][info][gc,reloc    ] GC(138) y: Survivor 1          -                 2M (0%)           1 / 0              0 / 0              0 / 0        
[2026-01-06T22:09:22.315+0800][64.897s][info][gc,heap     ] GC(138) y: Min Capacity: 8M(0%)
[2026-01-06T22:09:22.315+0800][64.897s][info][gc,heap     ] GC(138) y: Max Capacity: 4096M(100%)
[2026-01-06T22:09:22.315+0800][64.897s][info][gc,heap     ] GC(138) y: Soft Max Capacity: 3686M(90%)
[2026-01-06T22:09:22.315+0800][64.897s][info][gc,heap     ] GC(138) y: Heap Statistics:
[2026-01-06T22:09:22.315+0800][64.897s][info][gc,heap     ] GC(138) y:                Mark Start          Mark End        Relocate Start      Relocate End           High               Low         
[2026-01-06T22:09:22.315+0800][64.897s][info][gc,heap     ] GC(138) y:  Capacity:     3498M (85%)        3498M (85%)        3498M (85%)        3498M (85%)        3498M (85%)        3498M (85%)    
[2026-01-06T22:09:22.315+0800][64.897s][info][gc,heap     ] GC(138) y:      Free:      612M (15%)         608M (15%)        4074M (99%)        4074M (99%)        4074M (99%)         608M (15%)    
[2026-01-06T22:09:22.315+0800][64.897s][info][gc,heap     ] GC(138) y:      Used:     3484M (85%)        3488M (85%)          22M (1%)           22M (1%)         3488M (85%)          22M (1%)     
[2026-01-06T22:09:22.315+0800][64.897s][info][gc,heap     ] GC(138) y: Young Generation Statistics:
[2026-01-06T22:09:22.315+0800][64.897s][info][gc,heap     ] GC(138) y:                Mark Start          Mark End        Relocate Start      Relocate End    
[2026-01-06T22:09:22.315+0800][64.897s][info][gc,heap     ] GC(138) y:      Used:     3480M (85%)        3484M (85%)          18M (0%)           18M (0%)     
[2026-01-06T22:09:22.315+0800][64.897s][info][gc,heap     ] GC(138) y:      Live:         -                 0M (0%)            0M (0%)            0M (0%)     
[2026-01-06T22:09:22.315+0800][64.897s][info][gc,heap     ] GC(138) y:   Garbage:         -              3479M (85%)           1M (0%)            1M (0%)     
[2026-01-06T22:09:22.315+0800][64.897s][info][gc,heap     ] GC(138) y: Allocated:         -                 4M (0%)           16M (0%)           16M (0%)     
[2026-01-06T22:09:22.315+0800][64.897s][info][gc,heap     ] GC(138) y: Reclaimed:         -                  -              3478M (85%)        3478M (85%)    
[2026-01-06T22:09:22.315+0800][64.897s][info][gc,heap     ] GC(138) y:  Promoted:         -                  -                 0M (0%)            0M (0%)     
[2026-01-06T22:09:22.315+0800][64.897s][info][gc,heap     ] GC(138) y: Compacted:         -                  -                  -                 0M (0%)     
[2026-01-06T22:09:22.315+0800][64.897s][info][gc,phases   ] GC(138) y: Young Generation 3484M(85%)->22M(1%) 0.006s
[2026-01-06T22:09:22.315+0800][64.897s][info][gc          ] GC(138) Minor Collection (High Usage) 3484M(85%)->22M(1%) 0.007s
[2026-01-06T22:09:22.618+0800][65.200s][info][gc          ] GC(139) Major Collection (Proactive)
[2026-01-06T22:09:22.618+0800][65.200s][info][gc,task     ] GC(139) Using 1 Workers for Young Generation
[2026-01-06T22:09:22.618+0800][65.200s][info][gc,task     ] GC(139) Using 1 Workers for Old Generation
[2026-01-06T22:09:22.618+0800][65.200s][info][gc,phases   ] GC(139) Y: Young Generation
[2026-01-06T22:09:22.618+0800][65.200s][info][gc,phases   ] GC(139) Y: Pause Mark Start (Major) 0.008ms
[2026-01-06T22:09:22.618+0800][65.200s][info][gc,phases   ] GC(139) Y: Concurrent Mark 0.267ms
[2026-01-06T22:09:22.618+0800][65.200s][info][gc,phases   ] GC(139) Y: Pause Mark End 0.003ms
[2026-01-06T22:09:22.618+0800][65.200s][info][gc,phases   ] GC(139) Y: Concurrent Mark Free 0.000ms
[2026-01-06T22:09:22.618+0800][65.200s][info][gc,phases   ] GC(139) Y: Concurrent Reset Relocation Set 0.000ms
[2026-01-06T22:09:22.618+0800][65.200s][info][gc,reloc    ] GC(139) Y: Using tenuring threshold: 1 (Computed)
[2026-01-06T22:09:22.618+0800][65.200s][info][gc,phases   ] GC(139) Y: Concurrent Select Relocation Set 0.197ms
[2026-01-06T22:09:22.618+0800][65.200s][info][gc,phases   ] GC(139) Y: Pause Relocate Start 0.001ms
[2026-01-06T22:09:22.618+0800][65.200s][info][gc,phases   ] GC(139) Y: Concurrent Relocate 0.008ms
[2026-01-06T22:09:22.618+0800][65.200s][info][gc,alloc    ] GC(139) Y:                         Mark Start        Mark End      Relocate Start    Relocate End   
[2026-01-06T22:09:22.618+0800][65.200s][info][gc,alloc    ] GC(139) Y: Allocation Stalls:          0                0                0                0         
[2026-01-06T22:09:22.619+0800][65.200s][info][gc,load     ] GC(139) Y: Load: 2.80 (28%) / 2.09 (21%) / 2.09 (21%)
[2026-01-06T22:09:22.619+0800][65.200s][info][gc,mmu      ] GC(139) Y: MMU: 2ms/0.0%, 5ms/19.3%, 10ms/59.6%, 20ms/79.8%, 50ms/91.9%, 100ms/96.0%
[2026-01-06T22:09:22.619+0800][65.200s][info][gc,marking  ] GC(139) Y: Mark: 1 stripe(s), 2 proactive flush(es), 1 terminate flush(es), 0 completion(s), 0 continuation(s) 
[2026-01-06T22:09:22.619+0800][65.200s][info][gc,nmethod  ] GC(139) Y: NMethods: 50 registered, 36 unregistered
[2026-01-06T22:09:22.619+0800][65.200s][info][gc,metaspace] GC(139) Y: Metaspace: 0M used, 0M committed, 1088M reserved
[2026-01-06T22:09:22.619+0800][65.200s][info][gc,reloc    ] GC(139) Y:                        Candidates     Selected     In-Place         Size        Empty    Relocated 
[2026-01-06T22:09:22.619+0800][65.200s][info][gc,reloc    ] GC(139) Y: Small Pages:                  736            0            0        1472M        1470M           0M 
[2026-01-06T22:09:22.619+0800][65.200s][info][gc,reloc    ] GC(139) Y: Medium Pages:                   0            0            0           0M           0M           0M 
[2026-01-06T22:09:22.619+0800][65.200s][info][gc,reloc    ] GC(139) Y: Large Pages:                    0            0            0           0M           0M           0M 
[2026-01-06T22:09:22.619+0800][65.200s][info][gc,reloc    ] GC(139) Y: Forwarding Usage: 0M
[2026-01-06T22:09:22.619+0800][65.200s][info][gc,reloc    ] GC(139) Y: Age Table:
[2026-01-06T22:09:22.619+0800][65.200s][info][gc,reloc    ] GC(139) Y:                    Live             Garbage             Small              Medium             Large        
[2026-01-06T22:09:22.619+0800][65.200s][info][gc,reloc    ] GC(139) Y: Eden               0M (0%)         1469M (36%)        735 / 0              0 / 0              0 / 0        
[2026-01-06T22:09:22.619+0800][65.200s][info][gc,reloc    ] GC(139) Y: Survivor 1          -                 2M (0%)           1 / 0              0 / 0              0 / 0        
[2026-01-06T22:09:22.619+0800][65.200s][info][gc,heap     ] GC(139) Y: Min Capacity: 8M(0%)
[2026-01-06T22:09:22.619+0800][65.200s][info][gc,heap     ] GC(139) Y: Max Capacity: 4096M(100%)
[2026-01-06T22:09:22.619+0800][65.200s][info][gc,heap     ] GC(139) Y: Soft Max Capacity: 3686M(90%)
[2026-01-06T22:09:22.619+0800][65.200s][info][gc,heap     ] GC(139) Y: Heap Statistics:
[2026-01-06T22:09:22.619+0800][65.200s][info][gc,heap     ] GC(139) Y:                Mark Start          Mark End        Relocate Start      Relocate End           High               Low         
[2026-01-06T22:09:22.619+0800][65.200s][info][gc,heap     ] GC(139) Y:  Capacity:     3498M (85%)        3498M (85%)        3498M (85%)        3498M (85%)        3498M (85%)        3498M (85%)    
[2026-01-06T22:09:22.619+0800][65.200s][info][gc,heap     ] GC(139) Y:      Free:     2620M (64%)        2618M (64%)        4084M (100%)       4084M (100%)       4086M (100%)       2618M (64%)    
[2026-01-06T22:09:22.619+0800][65.200s][info][gc,heap     ] GC(139) Y:      Used:     1476M (36%)        1478M (36%)          12M (0%)           12M (0%)         1478M (36%)          10M (0%)     
[2026-01-06T22:09:22.619+0800][65.200s][info][gc,heap     ] GC(139) Y: Young Generation Statistics:
[2026-01-06T22:09:22.619+0800][65.200s][info][gc,heap     ] GC(139) Y:                Mark Start          Mark End        Relocate Start      Relocate End    
[2026-01-06T22:09:22.619+0800][65.200s][info][gc,heap     ] GC(139) Y:      Used:     1472M (36%)        1474M (36%)           8M (0%)            8M (0%)     
[2026-01-06T22:09:22.619+0800][65.200s][info][gc,heap     ] GC(139) Y:      Live:         -                 0M (0%)            0M (0%)            0M (0%)     
[2026-01-06T22:09:22.619+0800][65.200s][info][gc,heap     ] GC(139) Y:   Garbage:         -              1471M (36%)           1M (0%)            1M (0%)     
[2026-01-06T22:09:22.619+0800][65.200s][info][gc,heap     ] GC(139) Y: Allocated:         -                 2M (0%)            6M (0%)            6M (0%)     
[2026-01-06T22:09:22.619+0800][65.200s][info][gc,heap     ] GC(139) Y: Reclaimed:         -                  -              1470M (36%)        1470M (36%)    
[2026-01-06T22:09:22.619+0800][65.200s][info][gc,heap     ] GC(139) Y:  Promoted:         -                  -                 0M (0%)            0M (0%)     
[2026-01-06T22:09:22.619+0800][65.200s][info][gc,heap     ] GC(139) Y: Compacted:         -                  -                  -                 0M (0%)     
[2026-01-06T22:09:22.619+0800][65.200s][info][gc,phases   ] GC(139) Y: Young Generation 1476M(36%)->12M(0%) 0.001s
[2026-01-06T22:09:22.619+0800][65.200s][info][gc,phases   ] GC(139) O: Old Generation
[2026-01-06T22:09:22.621+0800][65.203s][info][gc,phases   ] GC(139) O: Concurrent Mark 2.468ms
[2026-01-06T22:09:22.621+0800][65.203s][info][gc,phases   ] GC(139) O: Pause Mark End 0.003ms
[2026-01-06T22:09:22.621+0800][65.203s][info][gc,phases   ] GC(139) O: Concurrent Mark Free 0.000ms
[2026-01-06T22:09:22.621+0800][65.203s][info][gc,phases   ] GC(139) O: Concurrent Process Non-Strong 0.264ms
[2026-01-06T22:09:22.621+0800][65.203s][info][gc,phases   ] GC(139) O: Concurrent Reset Relocation Set 0.005ms
[2026-01-06T22:09:22.621+0800][65.203s][info][gc,phases   ] GC(139) O: Concurrent Select Relocation Set 0.045ms
[2026-01-06T22:09:22.621+0800][65.203s][info][gc,task     ] GC(139) O: Using 2 Workers for Old Generation
[2026-01-06T22:09:22.622+0800][65.203s][info][gc,task     ] GC(139) O: Using 1 Workers for Old Generation
[2026-01-06T22:09:22.622+0800][65.203s][info][gc,phases   ] GC(139) O: Concurrent Remap Roots 0.067ms
[2026-01-06T22:09:22.622+0800][65.203s][info][gc,phases   ] GC(139) O: Pause Relocate Start 0.001ms
[2026-01-06T22:09:22.622+0800][65.204s][info][gc,phases   ] GC(139) O: Concurrent Relocate 0.683ms
[2026-01-06T22:09:22.622+0800][65.204s][info][gc,alloc    ] GC(139) O:                         Mark Start        Mark End      Relocate Start    Relocate End   
[2026-01-06T22:09:22.622+0800][65.204s][info][gc,alloc    ] GC(139) O: Allocation Stalls:          0                0                0                0         
[2026-01-06T22:09:22.622+0800][65.204s][info][gc,load     ] GC(139) O: Load: 2.80 (28%) / 2.09 (21%) / 2.09 (21%)
[2026-01-06T22:09:22.622+0800][65.204s][info][gc,mmu      ] GC(139) O: MMU: 2ms/0.0%, 5ms/19.3%, 10ms/59.6%, 20ms/79.8%, 50ms/91.9%, 100ms/96.0%
[2026-01-06T22:09:22.622+0800][65.204s][info][gc,marking  ] GC(139) O: Mark: 1 stripe(s), 2 proactive flush(es), 1 terminate flush(es), 0 completion(s), 0 continuation(s) 
[2026-01-06T22:09:22.622+0800][65.204s][info][gc,nmethod  ] GC(139) O: NMethods: 50 registered, 36 unregistered
[2026-01-06T22:09:22.622+0800][65.204s][info][gc,metaspace] GC(139) O: Metaspace: 0M used, 0M committed, 1088M reserved
[2026-01-06T22:09:22.622+0800][65.204s][info][gc,ref      ] GC(139) O:                       Encountered   Discovered     Enqueued 
[2026-01-06T22:09:22.622+0800][65.204s][info][gc,ref      ] GC(139) O: Soft References:                1            0            0 
[2026-01-06T22:09:22.622+0800][65.204s][info][gc,ref      ] GC(139) O: Weak References:                6            0            0 
[2026-01-06T22:09:22.622+0800][65.204s][info][gc,ref      ] GC(139) O: Final References:               0            0            0 
[2026-01-06T22:09:22.622+0800][65.204s][info][gc,ref      ] GC(139) O: Phantom References:             1            1            0 
[2026-01-06T22:09:22.622+0800][65.204s][info][gc,reloc    ] GC(139) O:                        Candidates     Selected     In-Place         Size        Empty    Relocated 
[2026-01-06T22:09:22.622+0800][65.204s][info][gc,reloc    ] GC(139) O: Small Pages:                    2            1            0           4M           0M           1M 
[2026-01-06T22:09:22.622+0800][65.204s][info][gc,reloc    ] GC(139) O: Medium Pages:                   0            0            0           0M           0M           0M 
[2026-01-06T22:09:22.622+0800][65.204s][info][gc,reloc    ] GC(139) O: Large Pages:                    0            0            0           0M           0M           0M 
[2026-01-06T22:09:22.622+0800][65.204s][info][gc,reloc    ] GC(139) O: Forwarding Usage: 0M
[2026-01-06T22:09:22.622+0800][65.204s][info][gc,heap     ] GC(139) O: Min Capacity: 8M(0%)
[2026-01-06T22:09:22.622+0800][65.204s][info][gc,heap     ] GC(139) O: Max Capacity: 4096M(100%)
[2026-01-06T22:09:22.622+0800][65.204s][info][gc,heap     ] GC(139) O: Soft Max Capacity: 3686M(90%)
[2026-01-06T22:09:22.622+0800][65.204s][info][gc,heap     ] GC(139) O: Heap Statistics:
[2026-01-06T22:09:22.622+0800][65.204s][info][gc,heap     ] GC(139) O:                Mark Start          Mark End        Relocate Start      Relocate End           High               Low         
[2026-01-06T22:09:22.622+0800][65.204s][info][gc,heap     ] GC(139) O:  Capacity:     3498M (85%)        3498M (85%)        3498M (85%)        3498M (85%)        3498M (85%)        3498M (85%)    
[2026-01-06T22:09:22.622+0800][65.204s][info][gc,heap     ] GC(139) O:      Free:     2620M (64%)        4036M (99%)        4028M (98%)        4014M (98%)        4086M (100%)       2618M (64%)    
[2026-01-06T22:09:22.622+0800][65.204s][info][gc,heap     ] GC(139) O:      Used:     1476M (36%)          60M (1%)           68M (2%)           82M (2%)         1478M (36%)          10M (0%)     
[2026-01-06T22:09:22.622+0800][65.204s][info][gc,heap     ] GC(139) O: Old Generation Statistics:
[2026-01-06T22:09:22.622+0800][65.204s][info][gc,heap     ] GC(139) O:                Mark Start          Mark End        Relocate Start      Relocate End    
[2026-01-06T22:09:22.622+0800][65.204s][info][gc,heap     ] GC(139) O:      Used:        4M (0%)            4M (0%)            4M (0%)            4M (0%)     
[2026-01-06T22:09:22.622+0800][65.204s][info][gc,heap     ] GC(139) O:      Live:         -                 1M (0%)            1M (0%)            1M (0%)     
[2026-01-06T22:09:22.622+0800][65.204s][info][gc,heap     ] GC(139) O:   Garbage:         -                 2M (0%)            2M (0%)            0M (0%)     
[2026-01-06T22:09:22.622+0800][65.204s][info][gc,heap     ] GC(139) O: Allocated:         -                 0M (0%)            0M (0%)            2M (0%)     
[2026-01-06T22:09:22.622+0800][65.204s][info][gc,heap     ] GC(139) O: Reclaimed:         -                  -                 0M (0%)            2M (0%)     
[2026-01-06T22:09:22.622+0800][65.204s][info][gc,heap     ] GC(139) O: Compacted:         -                  -                  -                 1M (0%)     
[2026-01-06T22:09:22.622+0800][65.204s][info][gc,phases   ] GC(139) O: Old Generation 14M(0%)->82M(2%) 0.004s
[2026-01-06T22:09:22.622+0800][65.204s][info][gc          ] GC(139) Major Collection (Proactive) 1476M(36%)->84M(2%) 0.005s
[2026-01-06T22:09:23.162+0800][65.744s][info][gc          ] GC(140) Minor Collection (High Usage)
[2026-01-06T22:09:23.162+0800][65.744s][info][gc,task     ] GC(140) Using 1 Workers for Young Generation
[2026-01-06T22:09:23.162+0800][65.744s][info][gc,phases   ] GC(140) y: Young Generation
[2026-01-06T22:09:23.162+0800][65.744s][info][gc,phases   ] GC(140) y: Pause Mark Start 0.015ms
[2026-01-06T22:09:23.163+0800][65.745s][info][gc,phases   ] GC(140) y: Concurrent Mark 0.646ms
[2026-01-06T22:09:23.163+0800][65.745s][info][gc,phases   ] GC(140) y: Pause Mark End 0.004ms
[2026-01-06T22:09:23.163+0800][65.745s][info][gc,phases   ] GC(140) y: Concurrent Mark Free 0.003ms
[2026-01-06T22:09:23.163+0800][65.745s][info][gc,phases   ] GC(140) y: Concurrent Reset Relocation Set 0.000ms
[2026-01-06T22:09:23.167+0800][65.748s][info][gc,reloc    ] GC(140) y: Using tenuring threshold: 1 (Computed)
[2026-01-06T22:09:23.167+0800][65.748s][info][gc,phases   ] GC(140) y: Concurrent Select Relocation Set 3.548ms
[2026-01-06T22:09:23.167+0800][65.748s][info][gc,phases   ] GC(140) y: Pause Relocate Start 0.003ms
[2026-01-06T22:09:23.167+0800][65.748s][info][gc,phases   ] GC(140) y: Concurrent Relocate 0.009ms
[2026-01-06T22:09:23.167+0800][65.748s][info][gc,alloc    ] GC(140) y:                         Mark Start        Mark End      Relocate Start    Relocate End   
[2026-01-06T22:09:23.167+0800][65.748s][info][gc,alloc    ] GC(140) y: Allocation Stalls:          0                0                0                0         
[2026-01-06T22:09:23.167+0800][65.748s][info][gc,load     ] GC(140) y: Load: 2.80 (28%) / 2.09 (21%) / 2.09 (21%)
[2026-01-06T22:09:23.167+0800][65.748s][info][gc,mmu      ] GC(140) y: MMU: 2ms/0.0%, 5ms/19.3%, 10ms/59.6%, 20ms/79.8%, 50ms/91.9%, 100ms/96.0%
[2026-01-06T22:09:23.167+0800][65.748s][info][gc,marking  ] GC(140) y: Mark: 1 stripe(s), 2 proactive flush(es), 1 terminate flush(es), 0 completion(s), 0 continuation(s) 
[2026-01-06T22:09:23.167+0800][65.748s][info][gc,nmethod  ] GC(140) y: NMethods: 50 registered, 36 unregistered
[2026-01-06T22:09:23.167+0800][65.748s][info][gc,metaspace] GC(140) y: Metaspace: 0M used, 0M committed, 1088M reserved
[2026-01-06T22:09:23.167+0800][65.748s][info][gc,reloc    ] GC(140) y:                        Candidates     Selected     In-Place         Size        Empty    Relocated 
[2026-01-06T22:09:23.167+0800][65.748s][info][gc,reloc    ] GC(140) y: Small Pages:                 1740            0            0        3480M        3478M           0M 
[2026-01-06T22:09:23.167+0800][65.748s][info][gc,reloc    ] GC(140) y: Medium Pages:                   0            0            0           0M           0M           0M 
[2026-01-06T22:09:23.167+0800][65.748s][info][gc,reloc    ] GC(140) y: Large Pages:                    0            0            0           0M           0M           0M 
[2026-01-06T22:09:23.167+0800][65.748s][info][gc,reloc    ] GC(140) y: Forwarding Usage: 0M
[2026-01-06T22:09:23.167+0800][65.748s][info][gc,reloc    ] GC(140) y: Age Table:
[2026-01-06T22:09:23.167+0800][65.748s][info][gc,reloc    ] GC(140) y:                    Live             Garbage             Small              Medium             Large        
[2026-01-06T22:09:23.167+0800][65.748s][info][gc,reloc    ] GC(140) y: Eden               0M (0%)         3477M (85%)       1739 / 0              0 / 0              0 / 0        
[2026-01-06T22:09:23.167+0800][65.748s][info][gc,reloc    ] GC(140) y: Survivor 1          -                 2M (0%)           1 / 0              0 / 0              0 / 0        
[2026-01-06T22:09:23.167+0800][65.748s][info][gc,heap     ] GC(140) y: Min Capacity: 8M(0%)
[2026-01-06T22:09:23.167+0800][65.748s][info][gc,heap     ] GC(140) y: Max Capacity: 4096M(100%)
[2026-01-06T22:09:23.167+0800][65.748s][info][gc,heap     ] GC(140) y: Soft Max Capacity: 3686M(90%)
[2026-01-06T22:09:23.167+0800][65.748s][info][gc,heap     ] GC(140) y: Heap Statistics:
[2026-01-06T22:09:23.167+0800][65.748s][info][gc,heap     ] GC(140) y:                Mark Start          Mark End        Relocate Start      Relocate End           High               Low         
[2026-01-06T22:09:23.167+0800][65.748s][info][gc,heap     ] GC(140) y:  Capacity:     3498M (85%)        3498M (85%)        3498M (85%)        3498M (85%)        3498M (85%)        3498M (85%)    
[2026-01-06T22:09:23.167+0800][65.748s][info][gc,heap     ] GC(140) y:      Free:      612M (15%)         608M (15%)        4074M (99%)        4074M (99%)        4074M (99%)         608M (15%)    
[2026-01-06T22:09:23.167+0800][65.748s][info][gc,heap     ] GC(140) y:      Used:     3484M (85%)        3488M (85%)          22M (1%)           22M (1%)         3488M (85%)          22M (1%)     
[2026-01-06T22:09:23.167+0800][65.748s][info][gc,heap     ] GC(140) y: Young Generation Statistics:
[2026-01-06T22:09:23.167+0800][65.748s][info][gc,heap     ] GC(140) y:                Mark Start          Mark End        Relocate Start      Relocate End    
[2026-01-06T22:09:23.167+0800][65.748s][info][gc,heap     ] GC(140) y:      Used:     3480M (85%)        3484M (85%)          18M (0%)           18M (0%)     
[2026-01-06T22:09:23.167+0800][65.748s][info][gc,heap     ] GC(140) y:      Live:         -                 0M (0%)            0M (0%)            0M (0%)     
[2026-01-06T22:09:23.167+0800][65.748s][info][gc,heap     ] GC(140) y:   Garbage:         -              3479M (85%)           1M (0%)            1M (0%)     
[2026-01-06T22:09:23.167+0800][65.748s][info][gc,heap     ] GC(140) y: Allocated:         -                 4M (0%)           16M (0%)           16M (0%)     
[2026-01-06T22:09:23.167+0800][65.748s][info][gc,heap     ] GC(140) y: Reclaimed:         -                  -              3478M (85%)        3478M (85%)    
[2026-01-06T22:09:23.167+0800][65.748s][info][gc,heap     ] GC(140) y:  Promoted:         -                  -                 0M (0%)            0M (0%)     
[2026-01-06T22:09:23.167+0800][65.748s][info][gc,heap     ] GC(140) y: Compacted:         -                  -                  -                 0M (0%)     
[2026-01-06T22:09:23.167+0800][65.748s][info][gc,phases   ] GC(140) y: Young Generation 3484M(85%)->22M(1%) 0.004s
[2026-01-06T22:09:23.167+0800][65.748s][info][gc          ] GC(140) Minor Collection (High Usage) 3484M(85%)->22M(1%) 0.005s
[2026-01-06T22:09:23.554+0800][66.135s][info][gc          ] GC(141) Major Collection (Proactive)
[2026-01-06T22:09:23.554+0800][66.135s][info][gc,task     ] GC(141) Using 1 Workers for Young Generation
[2026-01-06T22:09:23.554+0800][66.135s][info][gc,task     ] GC(141) Using 1 Workers for Old Generation
[2026-01-06T22:09:23.554+0800][66.135s][info][gc,phases   ] GC(141) Y: Young Generation
[2026-01-06T22:09:23.554+0800][66.135s][info][gc,phases   ] GC(141) Y: Pause Mark Start (Major) 0.009ms
[2026-01-06T22:09:23.554+0800][66.136s][info][gc,phases   ] GC(141) Y: Concurrent Mark 0.232ms
[2026-01-06T22:09:23.554+0800][66.136s][info][gc,phases   ] GC(141) Y: Pause Mark End 0.003ms
[2026-01-06T22:09:23.554+0800][66.136s][info][gc,phases   ] GC(141) Y: Concurrent Mark Free 0.000ms
[2026-01-06T22:09:23.554+0800][66.136s][info][gc,phases   ] GC(141) Y: Concurrent Reset Relocation Set 0.000ms
[2026-01-06T22:09:23.554+0800][66.136s][info][gc,reloc    ] GC(141) Y: Using tenuring threshold: 1 (Computed)
[2026-01-06T22:09:23.554+0800][66.136s][info][gc,phases   ] GC(141) Y: Concurrent Select Relocation Set 0.208ms
[2026-01-06T22:09:23.554+0800][66.136s][info][gc,phases   ] GC(141) Y: Pause Relocate Start 0.001ms
[2026-01-06T22:09:23.554+0800][66.136s][info][gc,phases   ] GC(141) Y: Concurrent Relocate 0.010ms
[2026-01-06T22:09:23.554+0800][66.136s][info][gc,alloc    ] GC(141) Y:                         Mark Start        Mark End      Relocate Start    Relocate End   
[2026-01-06T22:09:23.554+0800][66.136s][info][gc,alloc    ] GC(141) Y: Allocation Stalls:          0                0                0                0         
[2026-01-06T22:09:23.554+0800][66.136s][info][gc,load     ] GC(141) Y: Load: 2.80 (28%) / 2.09 (21%) / 2.09 (21%)
[2026-01-06T22:09:23.554+0800][66.136s][info][gc,mmu      ] GC(141) Y: MMU: 2ms/0.0%, 5ms/19.3%, 10ms/59.6%, 20ms/79.8%, 50ms/91.9%, 100ms/96.0%
[2026-01-06T22:09:23.554+0800][66.136s][info][gc,marking  ] GC(141) Y: Mark: 1 stripe(s), 2 proactive flush(es), 1 terminate flush(es), 0 completion(s), 0 continuation(s) 
[2026-01-06T22:09:23.554+0800][66.136s][info][gc,nmethod  ] GC(141) Y: NMethods: 50 registered, 36 unregistered
[2026-01-06T22:09:23.554+0800][66.136s][info][gc,metaspace] GC(141) Y: Metaspace: 0M used, 0M committed, 1088M reserved
[2026-01-06T22:09:23.554+0800][66.136s][info][gc,reloc    ] GC(141) Y:                        Candidates     Selected     In-Place         Size        Empty    Relocated 
[2026-01-06T22:09:23.554+0800][66.136s][info][gc,reloc    ] GC(141) Y: Small Pages:                  916            0            0        1832M        1830M           0M 
[2026-01-06T22:09:23.554+0800][66.136s][info][gc,reloc    ] GC(141) Y: Medium Pages:                   0            0            0           0M           0M           0M 
[2026-01-06T22:09:23.554+0800][66.136s][info][gc,reloc    ] GC(141) Y: Large Pages:                    0            0            0           0M           0M           0M 
[2026-01-06T22:09:23.554+0800][66.136s][info][gc,reloc    ] GC(141) Y: Forwarding Usage: 0M
[2026-01-06T22:09:23.554+0800][66.136s][info][gc,reloc    ] GC(141) Y: Age Table:
[2026-01-06T22:09:23.554+0800][66.136s][info][gc,reloc    ] GC(141) Y:                    Live             Garbage             Small              Medium             Large        
[2026-01-06T22:09:23.554+0800][66.136s][info][gc,reloc    ] GC(141) Y: Eden               0M (0%)         1829M (45%)        915 / 0              0 / 0              0 / 0        
[2026-01-06T22:09:23.554+0800][66.136s][info][gc,reloc    ] GC(141) Y: Survivor 1          -                 2M (0%)           1 / 0              0 / 0              0 / 0        
[2026-01-06T22:09:23.554+0800][66.136s][info][gc,heap     ] GC(141) Y: Min Capacity: 8M(0%)
[2026-01-06T22:09:23.554+0800][66.136s][info][gc,heap     ] GC(141) Y: Max Capacity: 4096M(100%)
[2026-01-06T22:09:23.554+0800][66.136s][info][gc,heap     ] GC(141) Y: Soft Max Capacity: 3686M(90%)
[2026-01-06T22:09:23.554+0800][66.136s][info][gc,heap     ] GC(141) Y: Heap Statistics:
[2026-01-06T22:09:23.554+0800][66.136s][info][gc,heap     ] GC(141) Y:                Mark Start          Mark End        Relocate Start      Relocate End           High               Low         
[2026-01-06T22:09:23.554+0800][66.136s][info][gc,heap     ] GC(141) Y:  Capacity:     3498M (85%)        3498M (85%)        3498M (85%)        3498M (85%)        3498M (85%)        3498M (85%)    
[2026-01-06T22:09:23.554+0800][66.136s][info][gc,heap     ] GC(141) Y:      Free:     2260M (55%)        2258M (55%)        4084M (100%)       4084M (100%)       4084M (100%)       2258M (55%)    
[2026-01-06T22:09:23.554+0800][66.136s][info][gc,heap     ] GC(141) Y:      Used:     1836M (45%)        1838M (45%)          12M (0%)           12M (0%)         1838M (45%)          12M (0%)     
[2026-01-06T22:09:23.554+0800][66.136s][info][gc,heap     ] GC(141) Y: Young Generation Statistics:
[2026-01-06T22:09:23.554+0800][66.136s][info][gc,heap     ] GC(141) Y:                Mark Start          Mark End        Relocate Start      Relocate End    
[2026-01-06T22:09:23.554+0800][66.136s][info][gc,heap     ] GC(141) Y:      Used:     1832M (45%)        1834M (45%)           8M (0%)            8M (0%)     
[2026-01-06T22:09:23.554+0800][66.136s][info][gc,heap     ] GC(141) Y:      Live:         -                 0M (0%)            0M (0%)            0M (0%)     
[2026-01-06T22:09:23.554+0800][66.136s][info][gc,heap     ] GC(141) Y:   Garbage:         -              1831M (45%)           1M (0%)            1M (0%)     
[2026-01-06T22:09:23.554+0800][66.136s][info][gc,heap     ] GC(141) Y: Allocated:         -                 2M (0%)            6M (0%)            6M (0%)     
[2026-01-06T22:09:23.554+0800][66.136s][info][gc,heap     ] GC(141) Y: Reclaimed:         -                  -              1830M (45%)        1830M (45%)    
[2026-01-06T22:09:23.554+0800][66.136s][info][gc,heap     ] GC(141) Y:  Promoted:         -                  -                 0M (0%)            0M (0%)     
[2026-01-06T22:09:23.554+0800][66.136s][info][gc,heap     ] GC(141) Y: Compacted:         -                  -                  -                 0M (0%)     
[2026-01-06T22:09:23.554+0800][66.136s][info][gc,phases   ] GC(141) Y: Young Generation 1836M(45%)->12M(0%) 0.001s
[2026-01-06T22:09:23.554+0800][66.136s][info][gc,phases   ] GC(141) O: Old Generation
[2026-01-06T22:09:23.557+0800][66.139s][info][gc,phases   ] GC(141) O: Concurrent Mark 2.511ms
[2026-01-06T22:09:23.557+0800][66.139s][info][gc,phases   ] GC(141) O: Pause Mark End 0.003ms
[2026-01-06T22:09:23.557+0800][66.139s][info][gc,phases   ] GC(141) O: Concurrent Mark Free 0.001ms
[2026-01-06T22:09:23.557+0800][66.139s][info][gc,phases   ] GC(141) O: Concurrent Process Non-Strong 0.252ms
[2026-01-06T22:09:23.557+0800][66.139s][info][gc,phases   ] GC(141) O: Concurrent Reset Relocation Set 0.007ms
[2026-01-06T22:09:23.557+0800][66.139s][info][gc,phases   ] GC(141) O: Concurrent Select Relocation Set 0.051ms
[2026-01-06T22:09:23.557+0800][66.139s][info][gc,task     ] GC(141) O: Using 2 Workers for Old Generation
[2026-01-06T22:09:23.557+0800][66.139s][info][gc,task     ] GC(141) O: Using 1 Workers for Old Generation
[2026-01-06T22:09:23.557+0800][66.139s][info][gc,phases   ] GC(141) O: Concurrent Remap Roots 0.061ms
[2026-01-06T22:09:23.557+0800][66.139s][info][gc,phases   ] GC(141) O: Pause Relocate Start 0.002ms
[2026-01-06T22:09:23.558+0800][66.140s][info][gc,phases   ] GC(141) O: Concurrent Relocate 0.689ms
[2026-01-06T22:09:23.558+0800][66.140s][info][gc,alloc    ] GC(141) O:                         Mark Start        Mark End      Relocate Start    Relocate End   
[2026-01-06T22:09:23.558+0800][66.140s][info][gc,alloc    ] GC(141) O: Allocation Stalls:          0                0                0                0         
[2026-01-06T22:09:23.558+0800][66.140s][info][gc,load     ] GC(141) O: Load: 2.80 (28%) / 2.09 (21%) / 2.09 (21%)
[2026-01-06T22:09:23.558+0800][66.140s][info][gc,mmu      ] GC(141) O: MMU: 2ms/0.0%, 5ms/19.3%, 10ms/59.6%, 20ms/79.8%, 50ms/91.9%, 100ms/96.0%
[2026-01-06T22:09:23.558+0800][66.140s][info][gc,marking  ] GC(141) O: Mark: 1 stripe(s), 2 proactive flush(es), 1 terminate flush(es), 0 completion(s), 0 continuation(s) 
[2026-01-06T22:09:23.558+0800][66.140s][info][gc,nmethod  ] GC(141) O: NMethods: 50 registered, 36 unregistered
[2026-01-06T22:09:23.558+0800][66.140s][info][gc,metaspace] GC(141) O: Metaspace: 0M used, 0M committed, 1088M reserved
[2026-01-06T22:09:23.558+0800][66.140s][info][gc,ref      ] GC(141) O:                       Encountered   Discovered     Enqueued 
[2026-01-06T22:09:23.558+0800][66.140s][info][gc,ref      ] GC(141) O: Soft References:                1            0            0 
[2026-01-06T22:09:23.558+0800][66.140s][info][gc,ref      ] GC(141) O: Weak References:                6            0            0 
[2026-01-06T22:09:23.558+0800][66.140s][info][gc,ref      ] GC(141) O: Final References:               0            0            0 
[2026-01-06T22:09:23.558+0800][66.140s][info][gc,ref      ] GC(141) O: Phantom References:             1            1            0 
[2026-01-06T22:09:23.558+0800][66.140s][info][gc,reloc    ] GC(141) O:                        Candidates     Selected     In-Place         Size        Empty    Relocated 
[2026-01-06T22:09:23.558+0800][66.140s][info][gc,reloc    ] GC(141) O: Small Pages:                    2            1            0           4M           0M           1M 
[2026-01-06T22:09:23.558+0800][66.140s][info][gc,reloc    ] GC(141) O: Medium Pages:                   0            0            0           0M           0M           0M 
[2026-01-06T22:09:23.558+0800][66.140s][info][gc,reloc    ] GC(141) O: Large Pages:                    0            0            0           0M           0M           0M 
[2026-01-06T22:09:23.558+0800][66.140s][info][gc,reloc    ] GC(141) O: Forwarding Usage: 0M
[2026-01-06T22:09:23.558+0800][66.140s][info][gc,heap     ] GC(141) O: Min Capacity: 8M(0%)
[2026-01-06T22:09:23.558+0800][66.140s][info][gc,heap     ] GC(141) O: Max Capacity: 4096M(100%)
[2026-01-06T22:09:23.558+0800][66.140s][info][gc,heap     ] GC(141) O: Soft Max Capacity: 3686M(90%)
[2026-01-06T22:09:23.558+0800][66.140s][info][gc,heap     ] GC(141) O: Heap Statistics:
[2026-01-06T22:09:23.558+0800][66.140s][info][gc,heap     ] GC(141) O:                Mark Start          Mark End        Relocate Start      Relocate End           High               Low         
[2026-01-06T22:09:23.558+0800][66.140s][info][gc,heap     ] GC(141) O:  Capacity:     3498M (85%)        3498M (85%)        3498M (85%)        3498M (85%)        3498M (85%)        3498M (85%)    
[2026-01-06T22:09:23.558+0800][66.140s][info][gc,heap     ] GC(141) O:      Free:     2260M (55%)        4036M (99%)        4028M (98%)        4020M (98%)        4084M (100%)       2258M (55%)    
[2026-01-06T22:09:23.558+0800][66.140s][info][gc,heap     ] GC(141) O:      Used:     1836M (45%)          60M (1%)           68M (2%)           76M (2%)         1838M (45%)          12M (0%)     
[2026-01-06T22:09:23.558+0800][66.140s][info][gc,heap     ] GC(141) O: Old Generation Statistics:
[2026-01-06T22:09:23.558+0800][66.140s][info][gc,heap     ] GC(141) O:                Mark Start          Mark End        Relocate Start      Relocate End    
[2026-01-06T22:09:23.558+0800][66.140s][info][gc,heap     ] GC(141) O:      Used:        4M (0%)            4M (0%)            4M (0%)            4M (0%)     
[2026-01-06T22:09:23.558+0800][66.140s][info][gc,heap     ] GC(141) O:      Live:         -                 1M (0%)            1M (0%)            1M (0%)     
[2026-01-06T22:09:23.558+0800][66.140s][info][gc,heap     ] GC(141) O:   Garbage:         -                 2M (0%)            2M (0%)            0M (0%)     
[2026-01-06T22:09:23.558+0800][66.140s][info][gc,heap     ] GC(141) O: Allocated:         -                 0M (0%)            0M (0%)            2M (0%)     
[2026-01-06T22:09:23.558+0800][66.140s][info][gc,heap     ] GC(141) O: Reclaimed:         -                  -                 0M (0%)            2M (0%)     
[2026-01-06T22:09:23.558+0800][66.140s][info][gc,heap     ] GC(141) O: Compacted:         -                  -                  -                 1M (0%)     
[2026-01-06T22:09:23.558+0800][66.140s][info][gc,phases   ] GC(141) O: Old Generation 14M(0%)->76M(2%) 0.004s
[2026-01-06T22:09:23.558+0800][66.140s][info][gc          ] GC(141) Major Collection (Proactive) 1836M(45%)->78M(2%) 0.005s
[2026-01-06T22:09:24.006+0800][66.588s][info][gc          ] GC(142) Minor Collection (High Usage)
[2026-01-06T22:09:24.007+0800][66.588s][info][gc,task     ] GC(142) Using 1 Workers for Young Generation
[2026-01-06T22:09:24.007+0800][66.588s][info][gc,phases   ] GC(142) y: Young Generation
[2026-01-06T22:09:24.007+0800][66.588s][info][gc,phases   ] GC(142) y: Pause Mark Start 0.057ms
[2026-01-06T22:09:24.009+0800][66.590s][info][gc,phases   ] GC(142) y: Concurrent Mark 1.989ms
[2026-01-06T22:09:24.009+0800][66.590s][info][gc,phases   ] GC(142) y: Pause Mark End 0.004ms
[2026-01-06T22:09:24.009+0800][66.590s][info][gc,phases   ] GC(142) y: Concurrent Mark Free 0.003ms
[2026-01-06T22:09:24.009+0800][66.590s][info][gc,phases   ] GC(142) y: Concurrent Reset Relocation Set 0.000ms
[2026-01-06T22:09:24.012+0800][66.594s][info][gc,reloc    ] GC(142) y: Using tenuring threshold: 1 (Computed)
[2026-01-06T22:09:24.012+0800][66.594s][info][gc,phases   ] GC(142) y: Concurrent Select Relocation Set 3.479ms
[2026-01-06T22:09:24.012+0800][66.594s][info][gc,phases   ] GC(142) y: Pause Relocate Start 0.002ms
[2026-01-06T22:09:24.012+0800][66.594s][info][gc,phases   ] GC(142) y: Concurrent Relocate 0.012ms
[2026-01-06T22:09:24.012+0800][66.594s][info][gc,alloc    ] GC(142) y:                         Mark Start        Mark End      Relocate Start    Relocate End   
[2026-01-06T22:09:24.012+0800][66.594s][info][gc,alloc    ] GC(142) y: Allocation Stalls:          0                0                0                0         
[2026-01-06T22:09:24.012+0800][66.594s][info][gc,load     ] GC(142) y: Load: 2.80 (28%) / 2.09 (21%) / 2.09 (21%)
[2026-01-06T22:09:24.012+0800][66.594s][info][gc,mmu      ] GC(142) y: MMU: 2ms/0.0%, 5ms/19.3%, 10ms/59.6%, 20ms/79.8%, 50ms/91.9%, 100ms/96.0%
[2026-01-06T22:09:24.012+0800][66.594s][info][gc,marking  ] GC(142) y: Mark: 1 stripe(s), 2 proactive flush(es), 1 terminate flush(es), 0 completion(s), 0 continuation(s) 
[2026-01-06T22:09:24.012+0800][66.594s][info][gc,nmethod  ] GC(142) y: NMethods: 50 registered, 36 unregistered
[2026-01-06T22:09:24.012+0800][66.594s][info][gc,metaspace] GC(142) y: Metaspace: 0M used, 0M committed, 1088M reserved
[2026-01-06T22:09:24.012+0800][66.594s][info][gc,reloc    ] GC(142) y:                        Candidates     Selected     In-Place         Size        Empty    Relocated 
[2026-01-06T22:09:24.012+0800][66.594s][info][gc,reloc    ] GC(142) y: Small Pages:                 1740            0            0        3480M        3478M           0M 
[2026-01-06T22:09:24.012+0800][66.594s][info][gc,reloc    ] GC(142) y: Medium Pages:                   0            0            0           0M           0M           0M 
[2026-01-06T22:09:24.012+0800][66.594s][info][gc,reloc    ] GC(142) y: Large Pages:                    0            0            0           0M           0M           0M 
[2026-01-06T22:09:24.012+0800][66.594s][info][gc,reloc    ] GC(142) y: Forwarding Usage: 0M
[2026-01-06T22:09:24.012+0800][66.594s][info][gc,reloc    ] GC(142) y: Age Table:
[2026-01-06T22:09:24.012+0800][66.594s][info][gc,reloc    ] GC(142) y:                    Live             Garbage             Small              Medium             Large        
[2026-01-06T22:09:24.012+0800][66.594s][info][gc,reloc    ] GC(142) y: Eden               0M (0%)         3477M (85%)       1739 / 0              0 / 0              0 / 0        
[2026-01-06T22:09:24.012+0800][66.594s][info][gc,reloc    ] GC(142) y: Survivor 1          -                 2M (0%)           1 / 0              0 / 0              0 / 0        
[2026-01-06T22:09:24.012+0800][66.594s][info][gc,heap     ] GC(142) y: Min Capacity: 8M(0%)
[2026-01-06T22:09:24.012+0800][66.594s][info][gc,heap     ] GC(142) y: Max Capacity: 4096M(100%)
[2026-01-06T22:09:24.012+0800][66.594s][info][gc,heap     ] GC(142) y: Soft Max Capacity: 3686M(90%)
[2026-01-06T22:09:24.012+0800][66.594s][info][gc,heap     ] GC(142) y: Heap Statistics:
[2026-01-06T22:09:24.012+0800][66.594s][info][gc,heap     ] GC(142) y:                Mark Start          Mark End        Relocate Start      Relocate End           High               Low         
[2026-01-06T22:09:24.012+0800][66.594s][info][gc,heap     ] GC(142) y:  Capacity:     3498M (85%)        3498M (85%)        3498M (85%)        3498M (85%)        3498M (85%)        3498M (85%)    
[2026-01-06T22:09:24.012+0800][66.594s][info][gc,heap     ] GC(142) y:      Free:      612M (15%)         608M (15%)        4074M (99%)        4074M (99%)        4074M (99%)         608M (15%)    
[2026-01-06T22:09:24.012+0800][66.594s][info][gc,heap     ] GC(142) y:      Used:     3484M (85%)        3488M (85%)          22M (1%)           22M (1%)         3488M (85%)          22M (1%)     
[2026-01-06T22:09:24.012+0800][66.594s][info][gc,heap     ] GC(142) y: Young Generation Statistics:
[2026-01-06T22:09:24.012+0800][66.594s][info][gc,heap     ] GC(142) y:                Mark Start          Mark End        Relocate Start      Relocate End    
[2026-01-06T22:09:24.012+0800][66.594s][info][gc,heap     ] GC(142) y:      Used:     3480M (85%)        3484M (85%)          18M (0%)           18M (0%)     
[2026-01-06T22:09:24.012+0800][66.594s][info][gc,heap     ] GC(142) y:      Live:         -                 0M (0%)            0M (0%)            0M (0%)     
[2026-01-06T22:09:24.012+0800][66.594s][info][gc,heap     ] GC(142) y:   Garbage:         -              3479M (85%)           1M (0%)            1M (0%)     
[2026-01-06T22:09:24.012+0800][66.594s][info][gc,heap     ] GC(142) y: Allocated:         -                 4M (0%)           16M (0%)           16M (0%)     
[2026-01-06T22:09:24.012+0800][66.594s][info][gc,heap     ] GC(142) y: Reclaimed:         -                  -              3478M (85%)        3478M (85%)    
[2026-01-06T22:09:24.012+0800][66.594s][info][gc,heap     ] GC(142) y:  Promoted:         -                  -                 0M (0%)            0M (0%)     
[2026-01-06T22:09:24.012+0800][66.594s][info][gc,heap     ] GC(142) y: Compacted:         -                  -                  -                 0M (0%)     
[2026-01-06T22:09:24.012+0800][66.594s][info][gc,phases   ] GC(142) y: Young Generation 3484M(85%)->22M(1%) 0.006s
[2026-01-06T22:09:24.012+0800][66.594s][info][gc          ] GC(142) Minor Collection (High Usage) 3484M(85%)->24M(1%) 0.006s
[2026-01-06T22:09:24.468+0800][67.050s][info][gc          ] GC(143) Major Collection (Proactive)
[2026-01-06T22:09:24.468+0800][67.050s][info][gc,task     ] GC(143) Using 1 Workers for Young Generation
[2026-01-06T22:09:24.468+0800][67.050s][info][gc,task     ] GC(143) Using 1 Workers for Old Generation
[2026-01-06T22:09:24.468+0800][67.050s][info][gc,phases   ] GC(143) Y: Young Generation
[2026-01-06T22:09:24.468+0800][67.050s][info][gc,phases   ] GC(143) Y: Pause Mark Start (Major) 0.013ms
[2026-01-06T22:09:24.468+0800][67.050s][info][gc,phases   ] GC(143) Y: Concurrent Mark 0.276ms
[2026-01-06T22:09:24.468+0800][67.050s][info][gc,phases   ] GC(143) Y: Pause Mark End 0.004ms
[2026-01-06T22:09:24.468+0800][67.050s][info][gc,phases   ] GC(143) Y: Concurrent Mark Free 0.002ms
[2026-01-06T22:09:24.468+0800][67.050s][info][gc,phases   ] GC(143) Y: Concurrent Reset Relocation Set 0.000ms
[2026-01-06T22:09:24.469+0800][67.051s][info][gc,reloc    ] GC(143) Y: Using tenuring threshold: 1 (Computed)
[2026-01-06T22:09:24.469+0800][67.051s][info][gc,phases   ] GC(143) Y: Concurrent Select Relocation Set 1.059ms
[2026-01-06T22:09:24.469+0800][67.051s][info][gc,phases   ] GC(143) Y: Pause Relocate Start 0.002ms
[2026-01-06T22:09:24.469+0800][67.051s][info][gc,phases   ] GC(143) Y: Concurrent Relocate 0.010ms
[2026-01-06T22:09:24.469+0800][67.051s][info][gc,alloc    ] GC(143) Y:                         Mark Start        Mark End      Relocate Start    Relocate End   
[2026-01-06T22:09:24.469+0800][67.051s][info][gc,alloc    ] GC(143) Y: Allocation Stalls:          0                0                0                0         
[2026-01-06T22:09:24.469+0800][67.051s][info][gc,load     ] GC(143) Y: Load: 2.80 (28%) / 2.09 (21%) / 2.09 (21%)
[2026-01-06T22:09:24.469+0800][67.051s][info][gc,mmu      ] GC(143) Y: MMU: 2ms/0.0%, 5ms/19.3%, 10ms/59.6%, 20ms/79.8%, 50ms/91.9%, 100ms/96.0%
[2026-01-06T22:09:24.469+0800][67.051s][info][gc,marking  ] GC(143) Y: Mark: 1 stripe(s), 2 proactive flush(es), 1 terminate flush(es), 0 completion(s), 0 continuation(s) 
[2026-01-06T22:09:24.469+0800][67.051s][info][gc,nmethod  ] GC(143) Y: NMethods: 50 registered, 36 unregistered
[2026-01-06T22:09:24.469+0800][67.051s][info][gc,metaspace] GC(143) Y: Metaspace: 0M used, 0M committed, 1088M reserved
[2026-01-06T22:09:24.470+0800][67.051s][info][gc,reloc    ] GC(143) Y:                        Candidates     Selected     In-Place         Size        Empty    Relocated 
[2026-01-06T22:09:24.470+0800][67.051s][info][gc,reloc    ] GC(143) Y: Small Pages:                 1096            0            0        2192M        2190M           0M 
[2026-01-06T22:09:24.470+0800][67.051s][info][gc,reloc    ] GC(143) Y: Medium Pages:                   0            0            0           0M           0M           0M 
[2026-01-06T22:09:24.470+0800][67.051s][info][gc,reloc    ] GC(143) Y: Large Pages:                    0            0            0           0M           0M           0M 
[2026-01-06T22:09:24.470+0800][67.051s][info][gc,reloc    ] GC(143) Y: Forwarding Usage: 0M
[2026-01-06T22:09:24.470+0800][67.051s][info][gc,reloc    ] GC(143) Y: Age Table:
[2026-01-06T22:09:24.470+0800][67.051s][info][gc,reloc    ] GC(143) Y:                    Live             Garbage             Small              Medium             Large        
[2026-01-06T22:09:24.470+0800][67.051s][info][gc,reloc    ] GC(143) Y: Eden               0M (0%)         2189M (53%)       1095 / 0              0 / 0              0 / 0        
[2026-01-06T22:09:24.470+0800][67.051s][info][gc,reloc    ] GC(143) Y: Survivor 1          -                 2M (0%)           1 / 0              0 / 0              0 / 0        
[2026-01-06T22:09:24.470+0800][67.051s][info][gc,heap     ] GC(143) Y: Min Capacity: 8M(0%)
[2026-01-06T22:09:24.470+0800][67.051s][info][gc,heap     ] GC(143) Y: Max Capacity: 4096M(100%)
[2026-01-06T22:09:24.470+0800][67.051s][info][gc,heap     ] GC(143) Y: Soft Max Capacity: 3686M(90%)
[2026-01-06T22:09:24.470+0800][67.051s][info][gc,heap     ] GC(143) Y: Heap Statistics:
[2026-01-06T22:09:24.470+0800][67.051s][info][gc,heap     ] GC(143) Y:                Mark Start          Mark End        Relocate Start      Relocate End           High               Low         
[2026-01-06T22:09:24.470+0800][67.051s][info][gc,heap     ] GC(143) Y:  Capacity:     3498M (85%)        3498M (85%)        3498M (85%)        3498M (85%)        3498M (85%)        3498M (85%)    
[2026-01-06T22:09:24.470+0800][67.051s][info][gc,heap     ] GC(143) Y:      Free:     1900M (46%)        1898M (46%)        4080M (100%)       4080M (100%)       4080M (100%)       1898M (46%)    
[2026-01-06T22:09:24.470+0800][67.051s][info][gc,heap     ] GC(143) Y:      Used:     2196M (54%)        2198M (54%)          16M (0%)           16M (0%)         2198M (54%)          16M (0%)     
[2026-01-06T22:09:24.470+0800][67.051s][info][gc,heap     ] GC(143) Y: Young Generation Statistics:
[2026-01-06T22:09:24.470+0800][67.051s][info][gc,heap     ] GC(143) Y:                Mark Start          Mark End        Relocate Start      Relocate End    
[2026-01-06T22:09:24.470+0800][67.051s][info][gc,heap     ] GC(143) Y:      Used:     2192M (54%)        2194M (54%)          12M (0%)           12M (0%)     
[2026-01-06T22:09:24.470+0800][67.051s][info][gc,heap     ] GC(143) Y:      Live:         -                 0M (0%)            0M (0%)            0M (0%)     
[2026-01-06T22:09:24.470+0800][67.051s][info][gc,heap     ] GC(143) Y:   Garbage:         -              2191M (54%)           1M (0%)            1M (0%)     
[2026-01-06T22:09:24.470+0800][67.051s][info][gc,heap     ] GC(143) Y: Allocated:         -                 2M (0%)           10M (0%)           10M (0%)     
[2026-01-06T22:09:24.470+0800][67.051s][info][gc,heap     ] GC(143) Y: Reclaimed:         -                  -              2190M (53%)        2190M (53%)    
[2026-01-06T22:09:24.470+0800][67.051s][info][gc,heap     ] GC(143) Y:  Promoted:         -                  -                 0M (0%)            0M (0%)     
[2026-01-06T22:09:24.470+0800][67.051s][info][gc,heap     ] GC(143) Y: Compacted:         -                  -                  -                 0M (0%)     
[2026-01-06T22:09:24.470+0800][67.051s][info][gc,phases   ] GC(143) Y: Young Generation 2196M(54%)->16M(0%) 0.002s
[2026-01-06T22:09:24.470+0800][67.051s][info][gc,phases   ] GC(143) O: Old Generation
[2026-01-06T22:09:24.472+0800][67.053s][info][gc,phases   ] GC(143) O: Concurrent Mark 2.203ms
[2026-01-06T22:09:24.472+0800][67.054s][info][gc,phases   ] GC(143) O: Pause Mark End 0.004ms
[2026-01-06T22:09:24.472+0800][67.054s][info][gc,phases   ] GC(143) O: Concurrent Mark Free 0.000ms
[2026-01-06T22:09:24.472+0800][67.054s][info][gc,phases   ] GC(143) O: Concurrent Process Non-Strong 0.259ms
[2026-01-06T22:09:24.472+0800][67.054s][info][gc,phases   ] GC(143) O: Concurrent Reset Relocation Set 0.004ms
[2026-01-06T22:09:24.472+0800][67.054s][info][gc,phases   ] GC(143) O: Concurrent Select Relocation Set 0.050ms
[2026-01-06T22:09:24.472+0800][67.054s][info][gc,task     ] GC(143) O: Using 2 Workers for Old Generation
[2026-01-06T22:09:24.472+0800][67.054s][info][gc,task     ] GC(143) O: Using 1 Workers for Old Generation
[2026-01-06T22:09:24.472+0800][67.054s][info][gc,phases   ] GC(143) O: Concurrent Remap Roots 0.067ms
[2026-01-06T22:09:24.472+0800][67.054s][info][gc,phases   ] GC(143) O: Pause Relocate Start 0.002ms
[2026-01-06T22:09:24.473+0800][67.055s][info][gc,phases   ] GC(143) O: Concurrent Relocate 0.767ms
[2026-01-06T22:09:24.473+0800][67.055s][info][gc,alloc    ] GC(143) O:                         Mark Start        Mark End      Relocate Start    Relocate End   
[2026-01-06T22:09:24.473+0800][67.055s][info][gc,alloc    ] GC(143) O: Allocation Stalls:          0                0                0                0         
[2026-01-06T22:09:24.473+0800][67.055s][info][gc,load     ] GC(143) O: Load: 2.80 (28%) / 2.09 (21%) / 2.09 (21%)
[2026-01-06T22:09:24.473+0800][67.055s][info][gc,mmu      ] GC(143) O: MMU: 2ms/0.0%, 5ms/19.3%, 10ms/59.6%, 20ms/79.8%, 50ms/91.9%, 100ms/96.0%
[2026-01-06T22:09:24.473+0800][67.055s][info][gc,marking  ] GC(143) O: Mark: 1 stripe(s), 2 proactive flush(es), 1 terminate flush(es), 0 completion(s), 0 continuation(s) 
[2026-01-06T22:09:24.473+0800][67.055s][info][gc,nmethod  ] GC(143) O: NMethods: 50 registered, 36 unregistered
[2026-01-06T22:09:24.473+0800][67.055s][info][gc,metaspace] GC(143) O: Metaspace: 0M used, 0M committed, 1088M reserved
[2026-01-06T22:09:24.473+0800][67.055s][info][gc,ref      ] GC(143) O:                       Encountered   Discovered     Enqueued 
[2026-01-06T22:09:24.473+0800][67.055s][info][gc,ref      ] GC(143) O: Soft References:                1            0            0 
[2026-01-06T22:09:24.473+0800][67.055s][info][gc,ref      ] GC(143) O: Weak References:                6            0            0 
[2026-01-06T22:09:24.473+0800][67.055s][info][gc,ref      ] GC(143) O: Final References:               0            0            0 
[2026-01-06T22:09:24.473+0800][67.055s][info][gc,ref      ] GC(143) O: Phantom References:             1            1            0 
[2026-01-06T22:09:24.473+0800][67.055s][info][gc,reloc    ] GC(143) O:                        Candidates     Selected     In-Place         Size        Empty    Relocated 
[2026-01-06T22:09:24.473+0800][67.055s][info][gc,reloc    ] GC(143) O: Small Pages:                    2            1            0           4M           0M           1M 
[2026-01-06T22:09:24.473+0800][67.055s][info][gc,reloc    ] GC(143) O: Medium Pages:                   0            0            0           0M           0M           0M 
[2026-01-06T22:09:24.473+0800][67.055s][info][gc,reloc    ] GC(143) O: Large Pages:                    0            0            0           0M           0M           0M 
[2026-01-06T22:09:24.473+0800][67.055s][info][gc,reloc    ] GC(143) O: Forwarding Usage: 0M
[2026-01-06T22:09:24.473+0800][67.055s][info][gc,heap     ] GC(143) O: Min Capacity: 8M(0%)
[2026-01-06T22:09:24.473+0800][67.055s][info][gc,heap     ] GC(143) O: Max Capacity: 4096M(100%)
[2026-01-06T22:09:24.473+0800][67.055s][info][gc,heap     ] GC(143) O: Soft Max Capacity: 3686M(90%)
[2026-01-06T22:09:24.473+0800][67.055s][info][gc,heap     ] GC(143) O: Heap Statistics:
[2026-01-06T22:09:24.473+0800][67.055s][info][gc,heap     ] GC(143) O:                Mark Start          Mark End        Relocate Start      Relocate End           High               Low         
[2026-01-06T22:09:24.473+0800][67.055s][info][gc,heap     ] GC(143) O:  Capacity:     3498M (85%)        3498M (85%)        3498M (85%)        3498M (85%)        3498M (85%)        3498M (85%)    
[2026-01-06T22:09:24.473+0800][67.055s][info][gc,heap     ] GC(143) O:      Free:     1900M (46%)        4060M (99%)        4056M (99%)        4050M (99%)        4080M (100%)       1898M (46%)    
[2026-01-06T22:09:24.473+0800][67.055s][info][gc,heap     ] GC(143) O:      Used:     2196M (54%)          36M (1%)           40M (1%)           46M (1%)         2198M (54%)          16M (0%)     
[2026-01-06T22:09:24.473+0800][67.055s][info][gc,heap     ] GC(143) O: Old Generation Statistics:
[2026-01-06T22:09:24.473+0800][67.055s][info][gc,heap     ] GC(143) O:                Mark Start          Mark End        Relocate Start      Relocate End    
[2026-01-06T22:09:24.473+0800][67.055s][info][gc,heap     ] GC(143) O:      Used:        4M (0%)            4M (0%)            4M (0%)            4M (0%)     
[2026-01-06T22:09:24.473+0800][67.055s][info][gc,heap     ] GC(143) O:      Live:         -                 1M (0%)            1M (0%)            1M (0%)     
[2026-01-06T22:09:24.473+0800][67.055s][info][gc,heap     ] GC(143) O:   Garbage:         -                 2M (0%)            2M (0%)            0M (0%)     
[2026-01-06T22:09:24.473+0800][67.055s][info][gc,heap     ] GC(143) O: Allocated:         -                 0M (0%)            0M (0%)            2M (0%)     
[2026-01-06T22:09:24.473+0800][67.055s][info][gc,heap     ] GC(143) O: Reclaimed:         -                  -                 0M (0%)            2M (0%)     
[2026-01-06T22:09:24.473+0800][67.055s][info][gc,heap     ] GC(143) O: Compacted:         -                  -                  -                 1M (0%)     
[2026-01-06T22:09:24.473+0800][67.055s][info][gc,phases   ] GC(143) O: Old Generation 18M(0%)->46M(1%) 0.003s
[2026-01-06T22:09:24.473+0800][67.055s][info][gc          ] GC(143) Major Collection (Proactive) 2196M(54%)->48M(1%) 0.005s
[2026-01-06T22:09:24.878+0800][67.460s][info][gc          ] GC(144) Minor Collection (High Usage)
[2026-01-06T22:09:24.878+0800][67.460s][info][gc,task     ] GC(144) Using 1 Workers for Young Generation
[2026-01-06T22:09:24.878+0800][67.460s][info][gc,phases   ] GC(144) y: Young Generation
[2026-01-06T22:09:24.878+0800][67.460s][info][gc,phases   ] GC(144) y: Pause Mark Start 0.003ms
[2026-01-06T22:09:24.878+0800][67.460s][info][gc,phases   ] GC(144) y: Concurrent Mark 0.299ms
[2026-01-06T22:09:24.878+0800][67.460s][info][gc,phases   ] GC(144) y: Pause Mark End 0.003ms
[2026-01-06T22:09:24.878+0800][67.460s][info][gc,phases   ] GC(144) y: Concurrent Mark Free 0.000ms
[2026-01-06T22:09:24.878+0800][67.460s][info][gc,phases   ] GC(144) y: Concurrent Reset Relocation Set 0.000ms
[2026-01-06T22:09:24.879+0800][67.460s][info][gc,reloc    ] GC(144) y: Using tenuring threshold: 1 (Computed)
[2026-01-06T22:09:24.879+0800][67.460s][info][gc,phases   ] GC(144) y: Concurrent Select Relocation Set 0.309ms
[2026-01-06T22:09:24.879+0800][67.460s][info][gc,phases   ] GC(144) y: Pause Relocate Start 0.008ms
[2026-01-06T22:09:24.879+0800][67.460s][info][gc,phases   ] GC(144) y: Concurrent Relocate 0.008ms
[2026-01-06T22:09:24.879+0800][67.460s][info][gc,alloc    ] GC(144) y:                         Mark Start        Mark End      Relocate Start    Relocate End   
[2026-01-06T22:09:24.879+0800][67.460s][info][gc,alloc    ] GC(144) y: Allocation Stalls:          0                0                0                0         
[2026-01-06T22:09:24.879+0800][67.460s][info][gc,load     ] GC(144) y: Load: 2.80 (28%) / 2.09 (21%) / 2.09 (21%)
[2026-01-06T22:09:24.879+0800][67.460s][info][gc,mmu      ] GC(144) y: MMU: 2ms/0.0%, 5ms/19.3%, 10ms/59.6%, 20ms/79.8%, 50ms/91.9%, 100ms/96.0%
[2026-01-06T22:09:24.879+0800][67.460s][info][gc,marking  ] GC(144) y: Mark: 1 stripe(s), 2 proactive flush(es), 1 terminate flush(es), 0 completion(s), 0 continuation(s) 
[2026-01-06T22:09:24.879+0800][67.460s][info][gc,nmethod  ] GC(144) y: NMethods: 50 registered, 36 unregistered
[2026-01-06T22:09:24.879+0800][67.460s][info][gc,metaspace] GC(144) y: Metaspace: 0M used, 0M committed, 1088M reserved
[2026-01-06T22:09:24.879+0800][67.460s][info][gc,reloc    ] GC(144) y:                        Candidates     Selected     In-Place         Size        Empty    Relocated 
[2026-01-06T22:09:24.879+0800][67.460s][info][gc,reloc    ] GC(144) y: Small Pages:                 1740            0            0        3480M        3478M           0M 
[2026-01-06T22:09:24.879+0800][67.460s][info][gc,reloc    ] GC(144) y: Medium Pages:                   0            0            0           0M           0M           0M 
[2026-01-06T22:09:24.879+0800][67.460s][info][gc,reloc    ] GC(144) y: Large Pages:                    0            0            0           0M           0M           0M 
[2026-01-06T22:09:24.879+0800][67.460s][info][gc,reloc    ] GC(144) y: Forwarding Usage: 0M
[2026-01-06T22:09:24.879+0800][67.460s][info][gc,reloc    ] GC(144) y: Age Table:
[2026-01-06T22:09:24.879+0800][67.460s][info][gc,reloc    ] GC(144) y:                    Live             Garbage             Small              Medium             Large        
[2026-01-06T22:09:24.879+0800][67.460s][info][gc,reloc    ] GC(144) y: Eden               0M (0%)         3477M (85%)       1739 / 0              0 / 0              0 / 0        
[2026-01-06T22:09:24.879+0800][67.460s][info][gc,reloc    ] GC(144) y: Survivor 1          -                 2M (0%)           1 / 0              0 / 0              0 / 0        
[2026-01-06T22:09:24.879+0800][67.460s][info][gc,heap     ] GC(144) y: Min Capacity: 8M(0%)
[2026-01-06T22:09:24.879+0800][67.460s][info][gc,heap     ] GC(144) y: Max Capacity: 4096M(100%)
[2026-01-06T22:09:24.879+0800][67.460s][info][gc,heap     ] GC(144) y: Soft Max Capacity: 3686M(90%)
[2026-01-06T22:09:24.879+0800][67.460s][info][gc,heap     ] GC(144) y: Heap Statistics:
[2026-01-06T22:09:24.879+0800][67.460s][info][gc,heap     ] GC(144) y:                Mark Start          Mark End        Relocate Start      Relocate End           High               Low         
[2026-01-06T22:09:24.879+0800][67.460s][info][gc,heap     ] GC(144) y:  Capacity:     3498M (85%)        3498M (85%)        3498M (85%)        3498M (85%)        3498M (85%)        3498M (85%)    
[2026-01-06T22:09:24.879+0800][67.460s][info][gc,heap     ] GC(144) y:      Free:      612M (15%)         608M (15%)        4084M (100%)       4084M (100%)       4084M (100%)        608M (15%)    
[2026-01-06T22:09:24.879+0800][67.460s][info][gc,heap     ] GC(144) y:      Used:     3484M (85%)        3488M (85%)          12M (0%)           12M (0%)         3488M (85%)          12M (0%)     
[2026-01-06T22:09:24.879+0800][67.460s][info][gc,heap     ] GC(144) y: Young Generation Statistics:
[2026-01-06T22:09:24.879+0800][67.460s][info][gc,heap     ] GC(144) y:                Mark Start          Mark End        Relocate Start      Relocate End    
[2026-01-06T22:09:24.879+0800][67.460s][info][gc,heap     ] GC(144) y:      Used:     3480M (85%)        3484M (85%)           8M (0%)            8M (0%)     
[2026-01-06T22:09:24.879+0800][67.460s][info][gc,heap     ] GC(144) y:      Live:         -                 0M (0%)            0M (0%)            0M (0%)     
[2026-01-06T22:09:24.879+0800][67.460s][info][gc,heap     ] GC(144) y:   Garbage:         -              3479M (85%)           1M (0%)            1M (0%)     
[2026-01-06T22:09:24.879+0800][67.460s][info][gc,heap     ] GC(144) y: Allocated:         -                 4M (0%)            6M (0%)            6M (0%)     
[2026-01-06T22:09:24.879+0800][67.460s][info][gc,heap     ] GC(144) y: Reclaimed:         -                  -              3478M (85%)        3478M (85%)    
[2026-01-06T22:09:24.879+0800][67.460s][info][gc,heap     ] GC(144) y:  Promoted:         -                  -                 0M (0%)            0M (0%)     
[2026-01-06T22:09:24.879+0800][67.460s][info][gc,heap     ] GC(144) y: Compacted:         -                  -                  -                 0M (0%)     
[2026-01-06T22:09:24.879+0800][67.460s][info][gc,phases   ] GC(144) y: Young Generation 3484M(85%)->12M(0%) 0.001s
[2026-01-06T22:09:24.879+0800][67.460s][info][gc          ] GC(144) Minor Collection (High Usage) 3484M(85%)->14M(0%) 0.001s
[2026-01-06T22:09:25.006+0800][67.588s][info][gc          ] GC(145) Major Collection (Proactive)
[2026-01-06T22:09:25.006+0800][67.588s][info][gc,task     ] GC(145) Using 1 Workers for Young Generation
[2026-01-06T22:09:25.006+0800][67.588s][info][gc,task     ] GC(145) Using 1 Workers for Old Generation
[2026-01-06T22:09:25.006+0800][67.588s][info][gc,phases   ] GC(145) Y: Young Generation
[2026-01-06T22:09:25.006+0800][67.588s][info][gc,phases   ] GC(145) Y: Pause Mark Start (Major) 0.005ms
[2026-01-06T22:09:25.006+0800][67.588s][info][gc,phases   ] GC(145) Y: Concurrent Mark 0.221ms
[2026-01-06T22:09:25.006+0800][67.588s][info][gc,phases   ] GC(145) Y: Pause Mark End 0.003ms
[2026-01-06T22:09:25.006+0800][67.588s][info][gc,phases   ] GC(145) Y: Concurrent Mark Free 0.000ms
[2026-01-06T22:09:25.006+0800][67.588s][info][gc,phases   ] GC(145) Y: Concurrent Reset Relocation Set 0.000ms
[2026-01-06T22:09:25.006+0800][67.588s][info][gc,reloc    ] GC(145) Y: Using tenuring threshold: 1 (Computed)
[2026-01-06T22:09:25.006+0800][67.588s][info][gc,phases   ] GC(145) Y: Concurrent Select Relocation Set 0.118ms
[2026-01-06T22:09:25.006+0800][67.588s][info][gc,phases   ] GC(145) Y: Pause Relocate Start 0.002ms
[2026-01-06T22:09:25.006+0800][67.588s][info][gc,phases   ] GC(145) Y: Concurrent Relocate 0.009ms
[2026-01-06T22:09:25.007+0800][67.588s][info][gc,alloc    ] GC(145) Y:                         Mark Start        Mark End      Relocate Start    Relocate End   
[2026-01-06T22:09:25.007+0800][67.588s][info][gc,alloc    ] GC(145) Y: Allocation Stalls:          0                0                0                0         
[2026-01-06T22:09:25.007+0800][67.588s][info][gc,load     ] GC(145) Y: Load: 2.80 (28%) / 2.09 (21%) / 2.09 (21%)
[2026-01-06T22:09:25.007+0800][67.588s][info][gc,mmu      ] GC(145) Y: MMU: 2ms/0.0%, 5ms/19.3%, 10ms/59.6%, 20ms/79.8%, 50ms/91.9%, 100ms/96.0%
[2026-01-06T22:09:25.007+0800][67.588s][info][gc,marking  ] GC(145) Y: Mark: 1 stripe(s), 2 proactive flush(es), 1 terminate flush(es), 0 completion(s), 0 continuation(s) 
[2026-01-06T22:09:25.007+0800][67.588s][info][gc,nmethod  ] GC(145) Y: NMethods: 50 registered, 36 unregistered
[2026-01-06T22:09:25.007+0800][67.588s][info][gc,metaspace] GC(145) Y: Metaspace: 0M used, 0M committed, 1088M reserved
[2026-01-06T22:09:25.007+0800][67.588s][info][gc,reloc    ] GC(145) Y:                        Candidates     Selected     In-Place         Size        Empty    Relocated 
[2026-01-06T22:09:25.007+0800][67.588s][info][gc,reloc    ] GC(145) Y: Small Pages:                  376            0            0         752M         750M           0M 
[2026-01-06T22:09:25.007+0800][67.588s][info][gc,reloc    ] GC(145) Y: Medium Pages:                   0            0            0           0M           0M           0M 
[2026-01-06T22:09:25.007+0800][67.588s][info][gc,reloc    ] GC(145) Y: Large Pages:                    0            0            0           0M           0M           0M 
[2026-01-06T22:09:25.007+0800][67.588s][info][gc,reloc    ] GC(145) Y: Forwarding Usage: 0M
[2026-01-06T22:09:25.007+0800][67.588s][info][gc,reloc    ] GC(145) Y: Age Table:
[2026-01-06T22:09:25.007+0800][67.588s][info][gc,reloc    ] GC(145) Y:                    Live             Garbage             Small              Medium             Large        
[2026-01-06T22:09:25.007+0800][67.588s][info][gc,reloc    ] GC(145) Y: Eden               0M (0%)          749M (18%)        375 / 0              0 / 0              0 / 0        
[2026-01-06T22:09:25.007+0800][67.588s][info][gc,reloc    ] GC(145) Y: Survivor 1          -                 2M (0%)           1 / 0              0 / 0              0 / 0        
[2026-01-06T22:09:25.007+0800][67.588s][info][gc,heap     ] GC(145) Y: Min Capacity: 8M(0%)
[2026-01-06T22:09:25.007+0800][67.588s][info][gc,heap     ] GC(145) Y: Max Capacity: 4096M(100%)
[2026-01-06T22:09:25.007+0800][67.588s][info][gc,heap     ] GC(145) Y: Soft Max Capacity: 3686M(90%)
[2026-01-06T22:09:25.007+0800][67.588s][info][gc,heap     ] GC(145) Y: Heap Statistics:
[2026-01-06T22:09:25.007+0800][67.588s][info][gc,heap     ] GC(145) Y:                Mark Start          Mark End        Relocate Start      Relocate End           High               Low         
[2026-01-06T22:09:25.007+0800][67.588s][info][gc,heap     ] GC(145) Y:  Capacity:     3498M (85%)        3498M (85%)        3498M (85%)        3498M (85%)        3498M (85%)        3498M (85%)    
[2026-01-06T22:09:25.007+0800][67.588s][info][gc,heap     ] GC(145) Y:      Free:     3340M (82%)        3338M (81%)        4086M (100%)       4086M (100%)       4086M (100%)       3338M (81%)    
[2026-01-06T22:09:25.007+0800][67.588s][info][gc,heap     ] GC(145) Y:      Used:      756M (18%)         758M (19%)          10M (0%)           10M (0%)          758M (19%)          10M (0%)     
[2026-01-06T22:09:25.007+0800][67.588s][info][gc,heap     ] GC(145) Y: Young Generation Statistics:
[2026-01-06T22:09:25.007+0800][67.588s][info][gc,heap     ] GC(145) Y:                Mark Start          Mark End        Relocate Start      Relocate End    
[2026-01-06T22:09:25.007+0800][67.588s][info][gc,heap     ] GC(145) Y:      Used:      752M (18%)         754M (18%)           6M (0%)            6M (0%)     
[2026-01-06T22:09:25.007+0800][67.588s][info][gc,heap     ] GC(145) Y:      Live:         -                 0M (0%)            0M (0%)            0M (0%)     
[2026-01-06T22:09:25.007+0800][67.588s][info][gc,heap     ] GC(145) Y:   Garbage:         -               751M (18%)           1M (0%)            1M (0%)     
[2026-01-06T22:09:25.007+0800][67.588s][info][gc,heap     ] GC(145) Y: Allocated:         -                 2M (0%)            4M (0%)            4M (0%)     
[2026-01-06T22:09:25.007+0800][67.588s][info][gc,heap     ] GC(145) Y: Reclaimed:         -                  -               750M (18%)         750M (18%)    
[2026-01-06T22:09:25.007+0800][67.588s][info][gc,heap     ] GC(145) Y:  Promoted:         -                  -                 0M (0%)            0M (0%)     
[2026-01-06T22:09:25.007+0800][67.588s][info][gc,heap     ] GC(145) Y: Compacted:         -                  -                  -                 0M (0%)     
[2026-01-06T22:09:25.007+0800][67.588s][info][gc,phases   ] GC(145) Y: Young Generation 756M(18%)->10M(0%) 0.000s
[2026-01-06T22:09:25.007+0800][67.588s][info][gc,phases   ] GC(145) O: Old Generation
[2026-01-06T22:09:25.009+0800][67.590s][info][gc,phases   ] GC(145) O: Concurrent Mark 2.008ms
[2026-01-06T22:09:25.009+0800][67.590s][info][gc,phases   ] GC(145) O: Pause Mark End 0.003ms
[2026-01-06T22:09:25.009+0800][67.590s][info][gc,phases   ] GC(145) O: Concurrent Mark Free 0.000ms
[2026-01-06T22:09:25.009+0800][67.591s][info][gc,phases   ] GC(145) O: Concurrent Process Non-Strong 0.227ms
[2026-01-06T22:09:25.009+0800][67.591s][info][gc,phases   ] GC(145) O: Concurrent Reset Relocation Set 0.001ms
[2026-01-06T22:09:25.009+0800][67.591s][info][gc,phases   ] GC(145) O: Concurrent Select Relocation Set 0.019ms
[2026-01-06T22:09:25.009+0800][67.591s][info][gc,task     ] GC(145) O: Using 2 Workers for Old Generation
[2026-01-06T22:09:25.009+0800][67.591s][info][gc,task     ] GC(145) O: Using 1 Workers for Old Generation
[2026-01-06T22:09:25.009+0800][67.591s][info][gc,phases   ] GC(145) O: Concurrent Remap Roots 0.061ms
[2026-01-06T22:09:25.009+0800][67.591s][info][gc,phases   ] GC(145) O: Pause Relocate Start 0.001ms
[2026-01-06T22:09:25.010+0800][67.591s][info][gc,phases   ] GC(145) O: Concurrent Relocate 0.672ms
[2026-01-06T22:09:25.010+0800][67.591s][info][gc,alloc    ] GC(145) O:                         Mark Start        Mark End      Relocate Start    Relocate End   
[2026-01-06T22:09:25.010+0800][67.591s][info][gc,alloc    ] GC(145) O: Allocation Stalls:          0                0                0                0         
[2026-01-06T22:09:25.010+0800][67.591s][info][gc,load     ] GC(145) O: Load: 2.80 (28%) / 2.09 (21%) / 2.09 (21%)
[2026-01-06T22:09:25.010+0800][67.591s][info][gc,mmu      ] GC(145) O: MMU: 2ms/0.0%, 5ms/19.3%, 10ms/59.6%, 20ms/79.8%, 50ms/91.9%, 100ms/96.0%
[2026-01-06T22:09:25.010+0800][67.591s][info][gc,marking  ] GC(145) O: Mark: 1 stripe(s), 2 proactive flush(es), 1 terminate flush(es), 0 completion(s), 0 continuation(s) 
[2026-01-06T22:09:25.010+0800][67.591s][info][gc,nmethod  ] GC(145) O: NMethods: 50 registered, 36 unregistered
[2026-01-06T22:09:25.010+0800][67.591s][info][gc,metaspace] GC(145) O: Metaspace: 0M used, 0M committed, 1088M reserved
[2026-01-06T22:09:25.010+0800][67.591s][info][gc,ref      ] GC(145) O:                       Encountered   Discovered     Enqueued 
[2026-01-06T22:09:25.010+0800][67.591s][info][gc,ref      ] GC(145) O: Soft References:                1            0            0 
[2026-01-06T22:09:25.010+0800][67.591s][info][gc,ref      ] GC(145) O: Weak References:                6            0            0 
[2026-01-06T22:09:25.010+0800][67.591s][info][gc,ref      ] GC(145) O: Final References:               0            0            0 
[2026-01-06T22:09:25.010+0800][67.591s][info][gc,ref      ] GC(145) O: Phantom References:             1            1            0 
[2026-01-06T22:09:25.010+0800][67.591s][info][gc,reloc    ] GC(145) O:                        Candidates     Selected     In-Place         Size        Empty    Relocated 
[2026-01-06T22:09:25.010+0800][67.591s][info][gc,reloc    ] GC(145) O: Small Pages:                    2            1            0           4M           0M           1M 
[2026-01-06T22:09:25.010+0800][67.591s][info][gc,reloc    ] GC(145) O: Medium Pages:                   0            0            0           0M           0M           0M 
[2026-01-06T22:09:25.010+0800][67.591s][info][gc,reloc    ] GC(145) O: Large Pages:                    0            0            0           0M           0M           0M 
[2026-01-06T22:09:25.010+0800][67.591s][info][gc,reloc    ] GC(145) O: Forwarding Usage: 0M
[2026-01-06T22:09:25.010+0800][67.591s][info][gc,heap     ] GC(145) O: Min Capacity: 8M(0%)
[2026-01-06T22:09:25.010+0800][67.591s][info][gc,heap     ] GC(145) O: Max Capacity: 4096M(100%)
[2026-01-06T22:09:25.010+0800][67.591s][info][gc,heap     ] GC(145) O: Soft Max Capacity: 3686M(90%)
[2026-01-06T22:09:25.010+0800][67.591s][info][gc,heap     ] GC(145) O: Heap Statistics:
[2026-01-06T22:09:25.010+0800][67.591s][info][gc,heap     ] GC(145) O:                Mark Start          Mark End        Relocate Start      Relocate End           High               Low         
[2026-01-06T22:09:25.010+0800][67.591s][info][gc,heap     ] GC(145) O:  Capacity:     3498M (85%)        3498M (85%)        3498M (85%)        3498M (85%)        3498M (85%)        3498M (85%)    
[2026-01-06T22:09:25.010+0800][67.591s][info][gc,heap     ] GC(145) O:      Free:     3340M (82%)        4048M (99%)        4042M (99%)        4032M (98%)        4086M (100%)       3338M (81%)    
[2026-01-06T22:09:25.010+0800][67.591s][info][gc,heap     ] GC(145) O:      Used:      756M (18%)          48M (1%)           54M (1%)           64M (2%)          758M (19%)          10M (0%)     
[2026-01-06T22:09:25.010+0800][67.591s][info][gc,heap     ] GC(145) O: Old Generation Statistics:
[2026-01-06T22:09:25.010+0800][67.592s][info][gc,heap     ] GC(145) O:                Mark Start          Mark End        Relocate Start      Relocate End    
[2026-01-06T22:09:25.010+0800][67.592s][info][gc,heap     ] GC(145) O:      Used:        4M (0%)            4M (0%)            4M (0%)            4M (0%)     
[2026-01-06T22:09:25.010+0800][67.592s][info][gc,heap     ] GC(145) O:      Live:         -                 1M (0%)            1M (0%)            1M (0%)     
[2026-01-06T22:09:25.010+0800][67.592s][info][gc,heap     ] GC(145) O:   Garbage:         -                 2M (0%)            2M (0%)            0M (0%)     
[2026-01-06T22:09:25.010+0800][67.592s][info][gc,heap     ] GC(145) O: Allocated:         -                 0M (0%)            0M (0%)            2M (0%)     
[2026-01-06T22:09:25.010+0800][67.592s][info][gc,heap     ] GC(145) O: Reclaimed:         -                  -                 0M (0%)            2M (0%)     
[2026-01-06T22:09:25.010+0800][67.592s][info][gc,heap     ] GC(145) O: Compacted:         -                  -                  -                 1M (0%)     
[2026-01-06T22:09:25.010+0800][67.592s][info][gc,phases   ] GC(145) O: Old Generation 12M(0%)->64M(2%) 0.003s
[2026-01-06T22:09:25.010+0800][67.592s][info][gc          ] GC(145) Major Collection (Proactive) 756M(18%)->64M(2%) 0.004s
[2026-01-06T22:09:25.394+0800][67.975s][info][gc          ] GC(146) Major Collection (Proactive)
[2026-01-06T22:09:25.394+0800][67.975s][info][gc,task     ] GC(146) Using 1 Workers for Young Generation
[2026-01-06T22:09:25.394+0800][67.976s][info][gc,task     ] GC(146) Using 1 Workers for Old Generation
[2026-01-06T22:09:25.394+0800][67.976s][info][gc,phases   ] GC(146) Y: Young Generation
[2026-01-06T22:09:25.394+0800][67.976s][info][gc,phases   ] GC(146) Y: Pause Mark Start (Major) 0.011ms
[2026-01-06T22:09:25.394+0800][67.976s][info][gc,phases   ] GC(146) Y: Concurrent Mark 0.564ms
[2026-01-06T22:09:25.394+0800][67.976s][info][gc,phases   ] GC(146) Y: Pause Mark End 0.004ms
[2026-01-06T22:09:25.395+0800][67.976s][info][gc,phases   ] GC(146) Y: Concurrent Mark Free 0.002ms
[2026-01-06T22:09:25.395+0800][67.976s][info][gc,phases   ] GC(146) Y: Concurrent Reset Relocation Set 0.000ms
[2026-01-06T22:09:25.396+0800][67.977s][info][gc,reloc    ] GC(146) Y: Using tenuring threshold: 1 (Computed)
[2026-01-06T22:09:25.396+0800][67.977s][info][gc,phases   ] GC(146) Y: Concurrent Select Relocation Set 1.142ms
[2026-01-06T22:09:25.396+0800][67.977s][info][gc,phases   ] GC(146) Y: Pause Relocate Start 0.001ms
[2026-01-06T22:09:25.396+0800][67.977s][info][gc,phases   ] GC(146) Y: Concurrent Relocate 0.008ms
[2026-01-06T22:09:25.396+0800][67.977s][info][gc,alloc    ] GC(146) Y:                         Mark Start        Mark End      Relocate Start    Relocate End   
[2026-01-06T22:09:25.396+0800][67.977s][info][gc,alloc    ] GC(146) Y: Allocation Stalls:          0                0                0                0         
[2026-01-06T22:09:25.396+0800][67.977s][info][gc,load     ] GC(146) Y: Load: 2.80 (28%) / 2.09 (21%) / 2.09 (21%)
[2026-01-06T22:09:25.396+0800][67.977s][info][gc,mmu      ] GC(146) Y: MMU: 2ms/0.0%, 5ms/19.3%, 10ms/59.6%, 20ms/79.8%, 50ms/91.9%, 100ms/96.0%
[2026-01-06T22:09:25.396+0800][67.977s][info][gc,marking  ] GC(146) Y: Mark: 1 stripe(s), 2 proactive flush(es), 1 terminate flush(es), 0 completion(s), 0 continuation(s) 
[2026-01-06T22:09:25.396+0800][67.977s][info][gc,nmethod  ] GC(146) Y: NMethods: 50 registered, 36 unregistered
[2026-01-06T22:09:25.396+0800][67.977s][info][gc,metaspace] GC(146) Y: Metaspace: 0M used, 0M committed, 1088M reserved
[2026-01-06T22:09:25.396+0800][67.977s][info][gc,reloc    ] GC(146) Y:                        Candidates     Selected     In-Place         Size        Empty    Relocated 
[2026-01-06T22:09:25.396+0800][67.977s][info][gc,reloc    ] GC(146) Y: Small Pages:                 1005            0            0        2010M        2008M           0M 
[2026-01-06T22:09:25.396+0800][67.977s][info][gc,reloc    ] GC(146) Y: Medium Pages:                   0            0            0           0M           0M           0M 
[2026-01-06T22:09:25.396+0800][67.977s][info][gc,reloc    ] GC(146) Y: Large Pages:                    0            0            0           0M           0M           0M 
[2026-01-06T22:09:25.396+0800][67.977s][info][gc,reloc    ] GC(146) Y: Forwarding Usage: 0M
[2026-01-06T22:09:25.396+0800][67.977s][info][gc,reloc    ] GC(146) Y: Age Table:
[2026-01-06T22:09:25.396+0800][67.977s][info][gc,reloc    ] GC(146) Y:                    Live             Garbage             Small              Medium             Large        
[2026-01-06T22:09:25.396+0800][67.977s][info][gc,reloc    ] GC(146) Y: Eden               0M (0%)         2007M (49%)       1004 / 0              0 / 0              0 / 0        
[2026-01-06T22:09:25.396+0800][67.977s][info][gc,reloc    ] GC(146) Y: Survivor 1          -                 2M (0%)           1 / 0              0 / 0              0 / 0        
[2026-01-06T22:09:25.396+0800][67.977s][info][gc,heap     ] GC(146) Y: Min Capacity: 8M(0%)
[2026-01-06T22:09:25.396+0800][67.977s][info][gc,heap     ] GC(146) Y: Max Capacity: 4096M(100%)
[2026-01-06T22:09:25.396+0800][67.977s][info][gc,heap     ] GC(146) Y: Soft Max Capacity: 3686M(90%)
[2026-01-06T22:09:25.396+0800][67.977s][info][gc,heap     ] GC(146) Y: Heap Statistics:
[2026-01-06T22:09:25.396+0800][67.977s][info][gc,heap     ] GC(146) Y:                Mark Start          Mark End        Relocate Start      Relocate End           High               Low         
[2026-01-06T22:09:25.396+0800][67.977s][info][gc,heap     ] GC(146) Y:  Capacity:     3498M (85%)        3498M (85%)        3498M (85%)        3498M (85%)        3498M (85%)        3498M (85%)    
[2026-01-06T22:09:25.396+0800][67.977s][info][gc,heap     ] GC(146) Y:      Free:     2082M (51%)        2078M (51%)        4080M (100%)       4080M (100%)       4080M (100%)       2078M (51%)    
[2026-01-06T22:09:25.396+0800][67.977s][info][gc,heap     ] GC(146) Y:      Used:     2014M (49%)        2018M (49%)          16M (0%)           16M (0%)         2018M (49%)          16M (0%)     
[2026-01-06T22:09:25.396+0800][67.978s][info][gc,heap     ] GC(146) Y: Young Generation Statistics:
[2026-01-06T22:09:25.396+0800][67.978s][info][gc,heap     ] GC(146) Y:                Mark Start          Mark End        Relocate Start      Relocate End    
[2026-01-06T22:09:25.396+0800][67.978s][info][gc,heap     ] GC(146) Y:      Used:     2010M (49%)        2014M (49%)          12M (0%)           12M (0%)     
[2026-01-06T22:09:25.396+0800][67.978s][info][gc,heap     ] GC(146) Y:      Live:         -                 0M (0%)            0M (0%)            0M (0%)     
[2026-01-06T22:09:25.396+0800][67.978s][info][gc,heap     ] GC(146) Y:   Garbage:         -              2009M (49%)           1M (0%)            1M (0%)     
[2026-01-06T22:09:25.396+0800][67.978s][info][gc,heap     ] GC(146) Y: Allocated:         -                 4M (0%)           10M (0%)           10M (0%)     
[2026-01-06T22:09:25.396+0800][67.978s][info][gc,heap     ] GC(146) Y: Reclaimed:         -                  -              2008M (49%)        2008M (49%)    
[2026-01-06T22:09:25.396+0800][67.978s][info][gc,heap     ] GC(146) Y:  Promoted:         -                  -                 0M (0%)            0M (0%)     
[2026-01-06T22:09:25.396+0800][67.978s][info][gc,heap     ] GC(146) Y: Compacted:         -                  -                  -                 0M (0%)     
[2026-01-06T22:09:25.396+0800][67.978s][info][gc,phases   ] GC(146) Y: Young Generation 2014M(49%)->16M(0%) 0.002s
[2026-01-06T22:09:25.396+0800][67.978s][info][gc,phases   ] GC(146) O: Old Generation
[2026-01-06T22:09:25.403+0800][67.984s][info][gc,phases   ] GC(146) O: Concurrent Mark 6.924ms
[2026-01-06T22:09:25.403+0800][67.984s][info][gc,phases   ] GC(146) O: Pause Mark End 0.004ms
[2026-01-06T22:09:25.403+0800][67.985s][info][gc,phases   ] GC(146) O: Concurrent Mark Free 0.000ms
[2026-01-06T22:09:25.403+0800][67.985s][info][gc,phases   ] GC(146) O: Concurrent Process Non-Strong 0.271ms
[2026-01-06T22:09:25.403+0800][67.985s][info][gc,phases   ] GC(146) O: Concurrent Reset Relocation Set 0.003ms
[2026-01-06T22:09:25.403+0800][67.985s][info][gc,phases   ] GC(146) O: Concurrent Select Relocation Set 0.104ms
[2026-01-06T22:09:25.403+0800][67.985s][info][gc,task     ] GC(146) O: Using 2 Workers for Old Generation
[2026-01-06T22:09:25.403+0800][67.985s][info][gc,task     ] GC(146) O: Using 1 Workers for Old Generation
[2026-01-06T22:09:25.403+0800][67.985s][info][gc,phases   ] GC(146) O: Concurrent Remap Roots 0.114ms
[2026-01-06T22:09:25.403+0800][67.985s][info][gc,phases   ] GC(146) O: Pause Relocate Start 0.002ms
[2026-01-06T22:09:25.407+0800][67.989s][info][gc,phases   ] GC(146) O: Concurrent Relocate 3.911ms
[2026-01-06T22:09:25.407+0800][67.989s][info][gc,alloc    ] GC(146) O:                         Mark Start        Mark End      Relocate Start    Relocate End   
[2026-01-06T22:09:25.407+0800][67.989s][info][gc,alloc    ] GC(146) O: Allocation Stalls:          0                0                0                0         
[2026-01-06T22:09:25.407+0800][67.989s][info][gc,load     ] GC(146) O: Load: 2.80 (28%) / 2.09 (21%) / 2.09 (21%)
[2026-01-06T22:09:25.407+0800][67.989s][info][gc,mmu      ] GC(146) O: MMU: 2ms/0.0%, 5ms/19.3%, 10ms/59.6%, 20ms/79.8%, 50ms/91.9%, 100ms/96.0%
[2026-01-06T22:09:25.407+0800][67.989s][info][gc,marking  ] GC(146) O: Mark: 1 stripe(s), 2 proactive flush(es), 1 terminate flush(es), 0 completion(s), 0 continuation(s) 
[2026-01-06T22:09:25.407+0800][67.989s][info][gc,nmethod  ] GC(146) O: NMethods: 50 registered, 36 unregistered
[2026-01-06T22:09:25.407+0800][67.989s][info][gc,metaspace] GC(146) O: Metaspace: 0M used, 0M committed, 1088M reserved
[2026-01-06T22:09:25.407+0800][67.989s][info][gc,ref      ] GC(146) O:                       Encountered   Discovered     Enqueued 
[2026-01-06T22:09:25.407+0800][67.989s][info][gc,ref      ] GC(146) O: Soft References:                1            0            0 
[2026-01-06T22:09:25.407+0800][67.989s][info][gc,ref      ] GC(146) O: Weak References:                6            0            0 
[2026-01-06T22:09:25.407+0800][67.989s][info][gc,ref      ] GC(146) O: Final References:               0            0            0 
[2026-01-06T22:09:25.407+0800][67.989s][info][gc,ref      ] GC(146) O: Phantom References:             1            1            0 
[2026-01-06T22:09:25.407+0800][67.989s][info][gc,reloc    ] GC(146) O:                        Candidates     Selected     In-Place         Size        Empty    Relocated 
[2026-01-06T22:09:25.407+0800][67.989s][info][gc,reloc    ] GC(146) O: Small Pages:                    2            1            0           4M           0M           1M 
[2026-01-06T22:09:25.407+0800][67.989s][info][gc,reloc    ] GC(146) O: Medium Pages:                   0            0            0           0M           0M           0M 
[2026-01-06T22:09:25.407+0800][67.989s][info][gc,reloc    ] GC(146) O: Large Pages:                    0            0            0           0M           0M           0M 
[2026-01-06T22:09:25.407+0800][67.989s][info][gc,reloc    ] GC(146) O: Forwarding Usage: 0M
[2026-01-06T22:09:25.407+0800][67.989s][info][gc,heap     ] GC(146) O: Min Capacity: 8M(0%)
[2026-01-06T22:09:25.407+0800][67.989s][info][gc,heap     ] GC(146) O: Max Capacity: 4096M(100%)
[2026-01-06T22:09:25.407+0800][67.989s][info][gc,heap     ] GC(146) O: Soft Max Capacity: 3686M(90%)
[2026-01-06T22:09:25.407+0800][67.989s][info][gc,heap     ] GC(146) O: Heap Statistics:
[2026-01-06T22:09:25.407+0800][67.989s][info][gc,heap     ] GC(146) O:                Mark Start          Mark End        Relocate Start      Relocate End           High               Low         
[2026-01-06T22:09:25.407+0800][67.989s][info][gc,heap     ] GC(146) O:  Capacity:     3498M (85%)        3498M (85%)        3498M (85%)        3498M (85%)        3498M (85%)        3498M (85%)    
[2026-01-06T22:09:25.407+0800][67.989s][info][gc,heap     ] GC(146) O:      Free:     2082M (51%)        4066M (99%)        4062M (99%)        4058M (99%)        4080M (100%)       2078M (51%)    
[2026-01-06T22:09:25.407+0800][67.989s][info][gc,heap     ] GC(146) O:      Used:     2014M (49%)          30M (1%)           34M (1%)           38M (1%)         2018M (49%)          16M (0%)     
[2026-01-06T22:09:25.407+0800][67.989s][info][gc,heap     ] GC(146) O: Old Generation Statistics:
[2026-01-06T22:09:25.407+0800][67.989s][info][gc,heap     ] GC(146) O:                Mark Start          Mark End        Relocate Start      Relocate End    
[2026-01-06T22:09:25.407+0800][67.989s][info][gc,heap     ] GC(146) O:      Used:        4M (0%)            4M (0%)            4M (0%)            4M (0%)     
[2026-01-06T22:09:25.407+0800][67.989s][info][gc,heap     ] GC(146) O:      Live:         -                 1M (0%)            1M (0%)            1M (0%)     
[2026-01-06T22:09:25.407+0800][67.989s][info][gc,heap     ] GC(146) O:   Garbage:         -                 2M (0%)            2M (0%)            0M (0%)     
[2026-01-06T22:09:25.407+0800][67.989s][info][gc,heap     ] GC(146) O: Allocated:         -                 0M (0%)            0M (0%)            2M (0%)     
[2026-01-06T22:09:25.407+0800][67.989s][info][gc,heap     ] GC(146) O: Reclaimed:         -                  -                 0M (0%)            2M (0%)     
[2026-01-06T22:09:25.407+0800][67.989s][info][gc,heap     ] GC(146) O: Compacted:         -                  -                  -                 1M (0%)     
[2026-01-06T22:09:25.407+0800][67.989s][info][gc,phases   ] GC(146) O: Old Generation 18M(0%)->38M(1%) 0.011s
[2026-01-06T22:09:25.407+0800][67.989s][info][gc          ] GC(146) Major Collection (Proactive) 2014M(49%)->38M(1%) 0.014s
[2026-01-06T22:09:25.884+0800][68.466s][info][gc          ] GC(147) Minor Collection (High Usage)
[2026-01-06T22:09:25.884+0800][68.466s][info][gc,task     ] GC(147) Using 1 Workers for Young Generation
[2026-01-06T22:09:25.884+0800][68.466s][info][gc,phases   ] GC(147) y: Young Generation
[2026-01-06T22:09:25.884+0800][68.466s][info][gc,phases   ] GC(147) y: Pause Mark Start 0.008ms
[2026-01-06T22:09:25.884+0800][68.466s][info][gc,phases   ] GC(147) y: Concurrent Mark 0.332ms
[2026-01-06T22:09:25.884+0800][68.466s][info][gc,phases   ] GC(147) y: Pause Mark End 0.003ms
[2026-01-06T22:09:25.885+0800][68.466s][info][gc,phases   ] GC(147) y: Concurrent Mark Free 0.000ms
[2026-01-06T22:09:25.885+0800][68.466s][info][gc,phases   ] GC(147) y: Concurrent Reset Relocation Set 0.000ms
[2026-01-06T22:09:25.885+0800][68.467s][info][gc,reloc    ] GC(147) y: Using tenuring threshold: 1 (Computed)
[2026-01-06T22:09:25.885+0800][68.467s][info][gc,phases   ] GC(147) y: Concurrent Select Relocation Set 0.730ms
[2026-01-06T22:09:25.885+0800][68.467s][info][gc,phases   ] GC(147) y: Pause Relocate Start 0.001ms
[2026-01-06T22:09:25.885+0800][68.467s][info][gc,phases   ] GC(147) y: Concurrent Relocate 0.010ms
[2026-01-06T22:09:25.885+0800][68.467s][info][gc,alloc    ] GC(147) y:                         Mark Start        Mark End      Relocate Start    Relocate End   
[2026-01-06T22:09:25.885+0800][68.467s][info][gc,alloc    ] GC(147) y: Allocation Stalls:          0                0                0                0         
[2026-01-06T22:09:25.885+0800][68.467s][info][gc,load     ] GC(147) y: Load: 2.80 (28%) / 2.09 (21%) / 2.09 (21%)
[2026-01-06T22:09:25.885+0800][68.467s][info][gc,mmu      ] GC(147) y: MMU: 2ms/0.0%, 5ms/19.3%, 10ms/59.6%, 20ms/79.8%, 50ms/91.9%, 100ms/96.0%
[2026-01-06T22:09:25.885+0800][68.467s][info][gc,marking  ] GC(147) y: Mark: 1 stripe(s), 2 proactive flush(es), 1 terminate flush(es), 0 completion(s), 0 continuation(s) 
[2026-01-06T22:09:25.885+0800][68.467s][info][gc,nmethod  ] GC(147) y: NMethods: 50 registered, 36 unregistered
[2026-01-06T22:09:25.885+0800][68.467s][info][gc,metaspace] GC(147) y: Metaspace: 0M used, 0M committed, 1088M reserved
[2026-01-06T22:09:25.885+0800][68.467s][info][gc,reloc    ] GC(147) y:                        Candidates     Selected     In-Place         Size        Empty    Relocated 
[2026-01-06T22:09:25.885+0800][68.467s][info][gc,reloc    ] GC(147) y: Small Pages:                 1740            0            0        3480M        3478M           0M 
[2026-01-06T22:09:25.885+0800][68.467s][info][gc,reloc    ] GC(147) y: Medium Pages:                   0            0            0           0M           0M           0M 
[2026-01-06T22:09:25.885+0800][68.467s][info][gc,reloc    ] GC(147) y: Large Pages:                    0            0            0           0M           0M           0M 
[2026-01-06T22:09:25.885+0800][68.467s][info][gc,reloc    ] GC(147) y: Forwarding Usage: 0M
[2026-01-06T22:09:25.885+0800][68.467s][info][gc,reloc    ] GC(147) y: Age Table:
[2026-01-06T22:09:25.885+0800][68.467s][info][gc,reloc    ] GC(147) y:                    Live             Garbage             Small              Medium             Large        
[2026-01-06T22:09:25.885+0800][68.467s][info][gc,reloc    ] GC(147) y: Eden               0M (0%)         3477M (85%)       1739 / 0              0 / 0              0 / 0        
[2026-01-06T22:09:25.885+0800][68.467s][info][gc,reloc    ] GC(147) y: Survivor 1          -                 2M (0%)           1 / 0              0 / 0              0 / 0        
[2026-01-06T22:09:25.885+0800][68.467s][info][gc,heap     ] GC(147) y: Min Capacity: 8M(0%)
[2026-01-06T22:09:25.885+0800][68.467s][info][gc,heap     ] GC(147) y: Max Capacity: 4096M(100%)
[2026-01-06T22:09:25.885+0800][68.467s][info][gc,heap     ] GC(147) y: Soft Max Capacity: 3686M(90%)
[2026-01-06T22:09:25.885+0800][68.467s][info][gc,heap     ] GC(147) y: Heap Statistics:
[2026-01-06T22:09:25.885+0800][68.467s][info][gc,heap     ] GC(147) y:                Mark Start          Mark End        Relocate Start      Relocate End           High               Low         
[2026-01-06T22:09:25.885+0800][68.467s][info][gc,heap     ] GC(147) y:  Capacity:     3498M (85%)        3498M (85%)        3498M (85%)        3498M (85%)        3498M (85%)        3498M (85%)    
[2026-01-06T22:09:25.885+0800][68.467s][info][gc,heap     ] GC(147) y:      Free:      612M (15%)         608M (15%)        4078M (100%)       4078M (100%)       4078M (100%)        608M (15%)    
[2026-01-06T22:09:25.885+0800][68.467s][info][gc,heap     ] GC(147) y:      Used:     3484M (85%)        3488M (85%)          18M (0%)           18M (0%)         3488M (85%)          18M (0%)     
[2026-01-06T22:09:25.885+0800][68.467s][info][gc,heap     ] GC(147) y: Young Generation Statistics:
[2026-01-06T22:09:25.885+0800][68.467s][info][gc,heap     ] GC(147) y:                Mark Start          Mark End        Relocate Start      Relocate End    
[2026-01-06T22:09:25.885+0800][68.467s][info][gc,heap     ] GC(147) y:      Used:     3480M (85%)        3484M (85%)          14M (0%)           14M (0%)     
[2026-01-06T22:09:25.885+0800][68.467s][info][gc,heap     ] GC(147) y:      Live:         -                 0M (0%)            0M (0%)            0M (0%)     
[2026-01-06T22:09:25.885+0800][68.467s][info][gc,heap     ] GC(147) y:   Garbage:         -              3479M (85%)           1M (0%)            1M (0%)     
[2026-01-06T22:09:25.885+0800][68.467s][info][gc,heap     ] GC(147) y: Allocated:         -                 4M (0%)           12M (0%)           12M (0%)     
[2026-01-06T22:09:25.885+0800][68.467s][info][gc,heap     ] GC(147) y: Reclaimed:         -                  -              3478M (85%)        3478M (85%)    
[2026-01-06T22:09:25.885+0800][68.467s][info][gc,heap     ] GC(147) y:  Promoted:         -                  -                 0M (0%)            0M (0%)     
[2026-01-06T22:09:25.885+0800][68.467s][info][gc,heap     ] GC(147) y: Compacted:         -                  -                  -                 0M (0%)     
[2026-01-06T22:09:25.885+0800][68.467s][info][gc,phases   ] GC(147) y: Young Generation 3484M(85%)->18M(0%) 0.001s
[2026-01-06T22:09:25.885+0800][68.467s][info][gc          ] GC(147) Minor Collection (High Usage) 3484M(85%)->20M(0%) 0.001s
[2026-01-06T22:09:26.352+0800][68.934s][info][gc,exit     ] Stopping ZGC
[2026-01-06T22:09:26.352+0800][68.934s][info][gc,stats    ] === Garbage Collection Statistics =======================================================================================================================
[2026-01-06T22:09:26.352+0800][68.934s][info][gc,stats    ]                                                              Last 10s              Last 10m              Last 10h                Total
[2026-01-06T22:09:26.352+0800][68.934s][info][gc,stats    ]                                                              Avg / Max             Avg / Max             Avg / Max             Avg / Max
[2026-01-06T22:09:26.352+0800][68.934s][info][gc,stats    ]        Contention: Mark Segment Reset Contention                     0 / 0                 0 / 43                0 / 43                0 / 43          ops/s
[2026-01-06T22:09:26.352+0800][68.934s][info][gc,stats    ]        Contention: Mark SeqNum Reset Contention                      0 / 0                 0 / 2                 0 / 2                 0 / 2           ops/s
[2026-01-06T22:09:26.352+0800][68.934s][info][gc,stats    ]          Critical: Allocation Stall                                  0 / 0                 0 / 0                 0 / 0                 0 / 0           ops/s
[2026-01-06T22:09:26.352+0800][68.934s][info][gc,stats    ]          Critical: Allocation Stall                              0.000 / 0.000         0.000 / 0.000         0.000 / 0.000         0.000 / 0.000       ms
[2026-01-06T22:09:26.352+0800][68.934s][info][gc,stats    ]          Critical: JNI Critical Stall                                0 / 0                 0 / 0                 0 / 0                 0 / 0           ops/s
[2026-01-06T22:09:26.352+0800][68.934s][info][gc,stats    ]          Critical: JNI Critical Stall                            0.000 / 0.000         0.000 / 0.000         0.000 / 0.000         0.000 / 0.000       ms
[2026-01-06T22:09:26.352+0800][68.934s][info][gc,stats    ]          Critical: Relocation Stall                                  0 / 0                 0 / 0                 0 / 0                 0 / 0           ops/s
[2026-01-06T22:09:26.352+0800][68.934s][info][gc,stats    ]          Critical: Relocation Stall                              0.000 / 0.000         0.000 / 0.000         0.000 / 0.000         0.000 / 0.000       ms
[2026-01-06T22:09:26.352+0800][68.934s][info][gc,stats    ]  Major Collection: Major Collection                              5.826 / 13.736        6.455 / 17.375        6.455 / 17.375        6.455 / 17.375      ms
[2026-01-06T22:09:26.352+0800][68.934s][info][gc,stats    ]            Memory: Allocation Rate                                5678 / 10282          5220 / 10466          5220 / 10466          5220 / 10466       MB/s
[2026-01-06T22:09:26.352+0800][68.934s][info][gc,stats    ]            Memory: Defragment                                        0 / 0                 0 / 0                 0 / 0                 0 / 0           ops/s
[2026-01-06T22:09:26.352+0800][68.934s][info][gc,stats    ]            Memory: Mapped Cache Harvest                              0 / 0                 0 / 0                 0 / 0                 0 / 0           MB/s
[2026-01-06T22:09:26.352+0800][68.934s][info][gc,stats    ]            Memory: Out Of Memory                                     0 / 0                 0 / 0                 0 / 0                 0 / 0           ops/s
[2026-01-06T22:09:26.352+0800][68.934s][info][gc,stats    ]            Memory: Uncommit                                          0 / 0                 0 / 0                 0 / 0                 0 / 0           MB/s
[2026-01-06T22:09:26.352+0800][68.934s][info][gc,stats    ]            Memory: Undo Object Allocation Failed                     0 / 0                 0 / 0                 0 / 0                 0 / 0           ops/s
[2026-01-06T22:09:26.352+0800][68.934s][info][gc,stats    ]            Memory: Undo Object Allocation Succeeded                  0 / 1                 0 / 7                 0 / 7                 0 / 7           ops/s
[2026-01-06T22:09:26.352+0800][68.934s][info][gc,stats    ]            Memory: Undo Page Allocation                              0 / 0                 0 / 0                 0 / 0                 0 / 0           ops/s
[2026-01-06T22:09:26.352+0800][68.934s][info][gc,stats    ]  Minor Collection: Minor Collection                              5.199 / 9.005         4.333 / 9.005         4.333 / 9.005         4.333 / 9.005       ms
[2026-01-06T22:09:26.352+0800][68.934s][info][gc,stats    ]    Old Generation: Old Generation                                4.082 / 11.444        4.126 / 11.444        4.126 / 11.444        4.126 / 11.444      ms
[2026-01-06T22:09:26.352+0800][68.934s][info][gc,stats    ]         Old Pause: Pause Mark End                                0.003 / 0.004         0.004 / 0.016         0.004 / 0.016         0.004 / 0.016       ms
[2026-01-06T22:09:26.352+0800][68.934s][info][gc,stats    ]         Old Pause: Pause Relocate Start                          0.001 / 0.002         0.001 / 0.005         0.001 / 0.005         0.001 / 0.005       ms
[2026-01-06T22:09:26.352+0800][68.934s][info][gc,stats    ]         Old Phase: Concurrent Mark                               2.534 / 6.924         2.790 / 8.077         2.790 / 8.077         2.790 / 8.077       ms
[2026-01-06T22:09:26.352+0800][68.934s][info][gc,stats    ]         Old Phase: Concurrent Mark Continue                      0.000 / 0.000         0.000 / 0.000         0.000 / 0.000         0.000 / 0.000       ms
[2026-01-06T22:09:26.352+0800][68.934s][info][gc,stats    ]         Old Phase: Concurrent Mark Free                          0.000 / 0.001         0.000 / 0.001         0.000 / 0.001         0.000 / 0.001       ms
[2026-01-06T22:09:26.352+0800][68.934s][info][gc,stats    ]         Old Phase: Concurrent Process Non-Strong                 0.287 / 0.743         0.295 / 3.794         0.295 / 3.794         0.295 / 3.794       ms
[2026-01-06T22:09:26.352+0800][68.934s][info][gc,stats    ]         Old Phase: Concurrent Relocate                           0.988 / 3.911         0.825 / 5.168         0.825 / 5.168         0.825 / 5.168       ms
[2026-01-06T22:09:26.352+0800][68.934s][info][gc,stats    ]         Old Phase: Concurrent Remap Roots                        0.073 / 0.114         0.059 / 0.192         0.059 / 0.192         0.059 / 0.192       ms
[2026-01-06T22:09:26.352+0800][68.934s][info][gc,stats    ]         Old Phase: Concurrent Reset Relocation Set               0.048 / 0.782         0.010 / 0.782         0.010 / 0.782         0.010 / 0.782       ms
[2026-01-06T22:09:26.352+0800][68.934s][info][gc,stats    ]         Old Phase: Concurrent Select Relocation Set              0.036 / 0.104         0.031 / 0.104         0.031 / 0.104         0.031 / 0.104       ms
[2026-01-06T22:09:26.352+0800][68.934s][info][gc,stats    ]      Old Subphase: Concurrent Classes Purge                      0.003 / 0.003         0.005 / 0.198         0.005 / 0.198         0.005 / 0.198       ms
[2026-01-06T22:09:26.352+0800][68.934s][info][gc,stats    ]      Old Subphase: Concurrent Classes Unlink                     0.172 / 0.509         0.188 / 3.689         0.188 / 3.689         0.188 / 3.689       ms
[2026-01-06T22:09:26.352+0800][68.934s][info][gc,stats    ]      Old Subphase: Concurrent Mark Follow                        2.517 / 6.911         2.752 / 8.053         2.752 / 8.053         2.752 / 8.053       ms
[2026-01-06T22:09:26.352+0800][68.934s][info][gc,stats    ]      Old Subphase: Concurrent Mark Root Colored                  0.002 / 0.003         0.002 / 0.003         0.002 / 0.003         0.002 / 0.003       ms
[2026-01-06T22:09:26.352+0800][68.934s][info][gc,stats    ]      Old Subphase: Concurrent Mark Root Uncolored                0.007 / 0.009         0.007 / 0.012         0.007 / 0.012         0.007 / 0.012       ms
[2026-01-06T22:09:26.352+0800][68.934s][info][gc,stats    ]      Old Subphase: Concurrent Mark Roots                         0.016 / 0.026         0.037 / 1.989         0.037 / 1.989         0.037 / 1.989       ms
[2026-01-06T22:09:26.352+0800][68.934s][info][gc,stats    ]      Old Subphase: Concurrent References Enqueue                 0.000 / 0.000         0.000 / 0.000         0.000 / 0.000         0.000 / 0.000       ms
[2026-01-06T22:09:26.352+0800][68.934s][info][gc,stats    ]      Old Subphase: Concurrent References Process                 0.010 / 0.050         0.009 / 0.050         0.009 / 0.050         0.009 / 0.050       ms
[2026-01-06T22:09:26.352+0800][68.934s][info][gc,stats    ]      Old Subphase: Concurrent Remap Remembered                   0.004 / 0.032         0.005 / 0.154         0.005 / 0.154         0.005 / 0.154       ms
[2026-01-06T22:09:26.352+0800][68.934s][info][gc,stats    ]      Old Subphase: Concurrent Remap Roots Colored                0.021 / 0.033         0.020 / 0.033         0.020 / 0.033         0.020 / 0.033       ms
[2026-01-06T22:09:26.352+0800][68.934s][info][gc,stats    ]      Old Subphase: Concurrent Remap Roots Uncolored              0.028 / 0.062         0.015 / 0.062         0.015 / 0.062         0.015 / 0.062       ms
[2026-01-06T22:09:26.352+0800][68.934s][info][gc,stats    ]      Old Subphase: Concurrent Roots ClassLoaderDataGraph         0.004 / 0.025         0.003 / 0.025         0.003 / 0.025         0.003 / 0.025       ms
[2026-01-06T22:09:26.352+0800][68.934s][info][gc,stats    ]      Old Subphase: Concurrent Roots CodeCache                    0.027 / 0.061         0.015 / 0.061         0.015 / 0.061         0.015 / 0.061       ms
[2026-01-06T22:09:26.352+0800][68.934s][info][gc,stats    ]      Old Subphase: Concurrent Roots JavaThreads                  0.002 / 0.009         0.002 / 0.012         0.002 / 0.012         0.002 / 0.012       ms
[2026-01-06T22:09:26.352+0800][68.934s][info][gc,stats    ]      Old Subphase: Concurrent Roots OopStorageSet                0.001 / 0.002         0.001 / 0.002         0.001 / 0.002         0.001 / 0.002       ms
[2026-01-06T22:09:26.352+0800][68.934s][info][gc,stats    ]      Old Subphase: Concurrent Weak Roots OopStorageSet           0.033 / 0.081         0.033 / 0.083         0.033 / 0.083         0.033 / 0.083       ms
[2026-01-06T22:09:26.352+0800][68.934s][info][gc,stats    ]            System: Java Threads                                     10 / 10               10 / 11               10 / 11               10 / 11          threads
[2026-01-06T22:09:26.352+0800][68.934s][info][gc,stats    ]  Young Generation: Young Generation                              1.419 / 4.363         1.952 / 9.660         1.952 / 9.660         1.952 / 9.660       ms
[2026-01-06T22:09:26.352+0800][68.934s][info][gc,stats    ]  Young Generation: Young Generation                              4.943 / 8.579         4.096 / 8.579         4.096 / 8.579         4.096 / 8.579       ms
[2026-01-06T22:09:26.352+0800][68.934s][info][gc,stats    ]  Young Generation: Young Generation (Collect Roots)              0.000 / 0.000         0.000 / 0.000         0.000 / 0.000         0.000 / 0.000       ms
[2026-01-06T22:09:26.352+0800][68.934s][info][gc,stats    ]  Young Generation: Young Generation (Promote All)                0.000 / 0.000         0.000 / 0.000         0.000 / 0.000         0.000 / 0.000       ms
[2026-01-06T22:09:26.352+0800][68.934s][info][gc,stats    ]       Young Pause: Pause Mark End                                0.004 / 0.008         0.031 / 4.025         0.031 / 4.025         0.031 / 4.025       ms
[2026-01-06T22:09:26.352+0800][68.934s][info][gc,stats    ]       Young Pause: Pause Mark Start                              0.021 / 0.057         0.012 / 0.057         0.012 / 0.057         0.012 / 0.057       ms
[2026-01-06T22:09:26.352+0800][68.934s][info][gc,stats    ]       Young Pause: Pause Mark Start (Major)                      0.009 / 0.024         0.012 / 0.155         0.012 / 0.155         0.012 / 0.155       ms
[2026-01-06T22:09:26.352+0800][68.934s][info][gc,stats    ]       Young Pause: Pause Relocate Start                          0.002 / 0.008         0.002 / 0.008         0.002 / 0.008         0.002 / 0.008       ms
[2026-01-06T22:09:26.352+0800][68.934s][info][gc,stats    ]       Young Phase: Concurrent Mark                               0.654 / 2.678         0.524 / 5.239         0.524 / 5.239         0.524 / 5.239       ms
[2026-01-06T22:09:26.352+0800][68.934s][info][gc,stats    ]       Young Phase: Concurrent Mark Continue                      0.000 / 0.000         0.000 / 0.000         0.000 / 0.000         0.000 / 0.000       ms
[2026-01-06T22:09:26.352+0800][68.934s][info][gc,stats    ]       Young Phase: Concurrent Mark Free                          0.001 / 0.004         0.002 / 0.020         0.002 / 0.020         0.002 / 0.020       ms
[2026-01-06T22:09:26.352+0800][68.934s][info][gc,stats    ]       Young Phase: Concurrent Relocate                           0.013 / 0.075         0.018 / 0.473         0.018 / 0.473         0.018 / 0.473       ms
[2026-01-06T22:09:26.352+0800][68.934s][info][gc,stats    ]       Young Phase: Concurrent Reset Relocation Set               0.000 / 0.001         0.001 / 0.011         0.001 / 0.011         0.001 / 0.011       ms
[2026-01-06T22:09:26.352+0800][68.934s][info][gc,stats    ]       Young Phase: Concurrent Select Relocation Set              1.556 / 6.936         1.796 / 8.944         1.796 / 8.944         1.796 / 8.944       ms
[2026-01-06T22:09:26.352+0800][68.934s][info][gc,stats    ]    Young Subphase: Concurrent Mark Follow                        0.194 / 2.385         0.180 / 4.519         0.180 / 4.519         0.180 / 4.519       ms
[2026-01-06T22:09:26.352+0800][68.934s][info][gc,stats    ]    Young Subphase: Concurrent Mark Root Colored                  0.306 / 1.748         0.175 / 1.748         0.175 / 1.748         0.175 / 1.748       ms
[2026-01-06T22:09:26.352+0800][68.934s][info][gc,stats    ]    Young Subphase: Concurrent Mark Root Uncolored                0.132 / 0.296         0.141 / 3.391         0.141 / 3.391         0.141 / 3.391       ms
[2026-01-06T22:09:26.352+0800][68.934s][info][gc,stats    ]    Young Subphase: Concurrent Mark Roots                         0.460 / 2.024         0.344 / 3.756         0.344 / 3.756         0.344 / 3.756       ms
[2026-01-06T22:09:26.352+0800][68.934s][info][gc,stats    ]    Young Subphase: Concurrent Relocate Remset FP                 0.003 / 0.006         0.006 / 0.447         0.006 / 0.447         0.006 / 0.447       ms
[2026-01-06T22:09:26.352+0800][68.934s][info][gc,stats    ]    Young Subphase: Concurrent Roots ClassLoaderDataGraph         0.011 / 0.033         0.011 / 0.040         0.011 / 0.040         0.011 / 0.040       ms
[2026-01-06T22:09:26.352+0800][68.934s][info][gc,stats    ]    Young Subphase: Concurrent Roots CodeCache                    0.081 / 0.139         0.049 / 0.186         0.049 / 0.186         0.049 / 0.186       ms
[2026-01-06T22:09:26.352+0800][68.934s][info][gc,stats    ]    Young Subphase: Concurrent Roots JavaThreads                  0.026 / 0.157         0.046 / 3.275         0.046 / 3.275         0.046 / 3.275       ms
[2026-01-06T22:09:26.352+0800][68.934s][info][gc,stats    ]    Young Subphase: Concurrent Roots OopStorageSet                0.096 / 1.529         0.031 / 1.529         0.031 / 1.529         0.031 / 1.529       ms
[2026-01-06T22:09:26.352+0800][68.934s][info][gc,stats    ]    Young Subphase: Concurrent Weak Roots OopStorageSet           0.199 / 1.357         0.133 / 1.357         0.133 / 1.357         0.133 / 1.357       ms
[2026-01-06T22:09:26.352+0800][68.934s][info][gc,stats    ] =========================================================================================================================================================
[2026-01-06T22:09:26.352+0800][68.934s][info][gc,exit     ] Heap
[2026-01-06T22:09:26.352+0800][68.934s][info][gc,exit     ]  ZHeap           used 1750M, capacity 3498M, max capacity 4096M
[2026-01-06T22:09:26.352+0800][68.934s][info][gc,exit     ]   Cache          1748M (2)
[2026-01-06T22:09:26.352+0800][68.934s][info][gc,exit     ]    size classes  8M (1), 1G (1)
[2026-01-06T22:09:26.352+0800][68.934s][info][gc,exit     ]  Metaspace       used 157K, committed 320K, reserved 1114112K
[2026-01-06T22:09:26.352+0800][68.934s][info][gc,exit     ]   class space    used 18K, committed 128K, reserved 1048576K
