[2025-12-16T20:44:47.630+0800][0.003s][info][gc,init] CardTable entry size: 512
[2025-12-16T20:44:47.630+0800][0.003s][info][gc     ] Using G1
[2025-12-16T20:44:47.631+0800][0.004s][info][gc,init] Version: 26-ea+25-2529 (release)
[2025-12-16T20:44:47.631+0800][0.004s][info][gc,init] CPUs: 10 total, 10 available
[2025-12-16T20:44:47.631+0800][0.004s][info][gc,init] Memory: 16384M
[2025-12-16T20:44:47.631+0800][0.004s][info][gc,init] Large Page Support: Disabled
[2025-12-16T20:44:47.631+0800][0.004s][info][gc,init] NUMA Support: Disabled
[2025-12-16T20:44:47.631+0800][0.004s][info][gc,init] Compressed Oops: Enabled (Zero based)
[2025-12-16T20:44:47.631+0800][0.004s][info][gc,init] Heap Region Size: 2M
[2025-12-16T20:44:47.631+0800][0.004s][info][gc,init] Heap Min Capacity: 8M
[2025-12-16T20:44:47.631+0800][0.004s][info][gc,init] Heap Initial Capacity: 40M
[2025-12-16T20:44:47.631+0800][0.004s][info][gc,init] Heap Max Capacity: 4G
[2025-12-16T20:44:47.631+0800][0.004s][info][gc,init] Pre-touch: Disabled
[2025-12-16T20:44:47.631+0800][0.004s][info][gc,init] Parallel Workers: 9
[2025-12-16T20:44:47.631+0800][0.004s][info][gc,init] Concurrent Workers: 2
[2025-12-16T20:44:47.631+0800][0.004s][info][gc,init] Concurrent Refinement Workers: 9
[2025-12-16T20:44:47.631+0800][0.004s][info][gc,init] Periodic GC: Disabled
[2025-12-16T20:44:47.632+0800][0.005s][info][gc,metaspace] CDS archive(s) mapped at: [0x000001ff00000000-0x000001ff00da8000-0x000001ff00da8000), size 14319616, SharedBaseAddress: 0x000001ff00000000, ArchiveRelocationMode: 1.
[2025-12-16T20:44:47.632+0800][0.005s][info][gc,metaspace] Compressed class space mapped at: 0x000001ff01000000-0x000001ff41000000, reserved size: 1073741824
[2025-12-16T20:44:47.632+0800][0.005s][info][gc,metaspace] UseCompressedClassPointers 1, UseCompactObjectHeaders 0
[2025-12-16T20:44:47.632+0800][0.005s][info][gc,metaspace] Narrow klass pointer bits 32, Max shift 3
[2025-12-16T20:44:47.632+0800][0.005s][info][gc,metaspace] Narrow klass base: 0x000001ff00000000, Narrow klass shift: 0
[2025-12-16T20:44:47.632+0800][0.005s][info][gc,metaspace] Encoding Range: [0x000001ff00000000 - 0x0000020000000000), (4294967296 bytes)
[2025-12-16T20:44:47.632+0800][0.005s][info][gc,metaspace] Klass Range:    [0x000001ff00000000 - 0x000001ff41000000), (1090519040 bytes)
[2025-12-16T20:44:47.632+0800][0.005s][info][gc,metaspace] Klass ID Range:  [8 - 1090519033) (1090519025)
[2025-12-16T20:44:47.632+0800][0.005s][info][gc,metaspace] Protection zone: [0x000001ff00000000 - 0x000001ff00004000), (16384 bytes)
[2025-12-16T20:44:47.646+0800][0.019s][info][gc,start    ] GC(0) Pause Young (Normal) (G1 Evacuation Pause)
[2025-12-16T20:44:47.646+0800][0.019s][info][gc,task     ] GC(0) Using 2 workers of 9 for evacuation
[2025-12-16T20:44:47.646+0800][0.019s][info][gc,phases   ] GC(0)   Pre Evacuate Collection Set: 0.02ms
[2025-12-16T20:44:47.646+0800][0.019s][info][gc,phases   ] GC(0)   Merge Heap Roots: 0.02ms
[2025-12-16T20:44:47.646+0800][0.019s][info][gc,phases   ] GC(0)   Evacuate Collection Set: 0.11ms
[2025-12-16T20:44:47.646+0800][0.019s][info][gc,phases   ] GC(0)   Post Evacuate Collection Set: 0.03ms
[2025-12-16T20:44:47.646+0800][0.019s][info][gc,phases   ] GC(0)   Other: 0.06ms
[2025-12-16T20:44:47.646+0800][0.019s][info][gc,heap     ] GC(0) Eden regions: 10->0(9)
[2025-12-16T20:44:47.646+0800][0.019s][info][gc,heap     ] GC(0) Survivor regions: 0->1(2)
[2025-12-16T20:44:47.646+0800][0.019s][info][gc,heap     ] GC(0) Old regions: 1->1
[2025-12-16T20:44:47.646+0800][0.019s][info][gc,heap     ] GC(0) Humongous regions: 0->0
[2025-12-16T20:44:47.646+0800][0.019s][info][gc,metaspace] GC(0) Metaspace: 91K(320K)->91K(320K) NonClass: 82K(192K)->82K(192K) Class: 8K(128K)->8K(128K)
[2025-12-16T20:44:47.646+0800][0.019s][info][gc          ] GC(0) Pause Young (Normal) (G1 Evacuation Pause) 21M->1M(42M) 0.327ms
[2025-12-16T20:44:47.646+0800][0.019s][info][gc,cpu      ] GC(0) User=0.00s Sys=0.00s Real=0.00s
[2025-12-16T20:44:47.652+0800][0.025s][info][gc,start    ] GC(1) Pause Young (Normal) (G1 Evacuation Pause)
[2025-12-16T20:44:47.652+0800][0.025s][info][gc,task     ] GC(1) Using 2 workers of 9 for evacuation
[2025-12-16T20:44:47.652+0800][0.026s][info][gc,phases   ] GC(1)   Pre Evacuate Collection Set: 0.02ms
[2025-12-16T20:44:47.653+0800][0.026s][info][gc,phases   ] GC(1)   Merge Heap Roots: 0.01ms
[2025-12-16T20:44:47.653+0800][0.026s][info][gc,phases   ] GC(1)   Evacuate Collection Set: 0.05ms
[2025-12-16T20:44:47.653+0800][0.026s][info][gc,phases   ] GC(1)   Post Evacuate Collection Set: 0.03ms
[2025-12-16T20:44:47.653+0800][0.026s][info][gc,phases   ] GC(1)   Other: 0.04ms
[2025-12-16T20:44:47.653+0800][0.026s][info][gc,heap     ] GC(1) Eden regions: 9->0(11)
[2025-12-16T20:44:47.653+0800][0.026s][info][gc,heap     ] GC(1) Survivor regions: 1->1(2)
[2025-12-16T20:44:47.653+0800][0.026s][info][gc,heap     ] GC(1) Old regions: 1->1
[2025-12-16T20:44:47.653+0800][0.026s][info][gc,heap     ] GC(1) Humongous regions: 0->0
[2025-12-16T20:44:47.653+0800][0.026s][info][gc,metaspace] GC(1) Metaspace: 91K(320K)->91K(320K) NonClass: 83K(192K)->83K(192K) Class: 8K(128K)->8K(128K)
[2025-12-16T20:44:47.653+0800][0.026s][info][gc          ] GC(1) Pause Young (Normal) (G1 Evacuation Pause) 19M->1M(42M) 0.200ms
[2025-12-16T20:44:47.653+0800][0.026s][info][gc,cpu      ] GC(1) User=0.00s Sys=0.00s Real=0.00s
[2025-12-16T20:44:47.660+0800][0.033s][info][gc,start    ] GC(2) Pause Young (Normal) (G1 Evacuation Pause)
[2025-12-16T20:44:47.660+0800][0.033s][info][gc,task     ] GC(2) Using 2 workers of 9 for evacuation
[2025-12-16T20:44:47.660+0800][0.033s][info][gc,phases   ] GC(2)   Pre Evacuate Collection Set: 0.01ms
[2025-12-16T20:44:47.660+0800][0.033s][info][gc,phases   ] GC(2)   Merge Heap Roots: 0.01ms
[2025-12-16T20:44:47.660+0800][0.033s][info][gc,phases   ] GC(2)   Evacuate Collection Set: 0.04ms
[2025-12-16T20:44:47.660+0800][0.033s][info][gc,phases   ] GC(2)   Post Evacuate Collection Set: 0.05ms
[2025-12-16T20:44:47.660+0800][0.033s][info][gc,phases   ] GC(2)   Other: 0.02ms
[2025-12-16T20:44:47.660+0800][0.033s][info][gc,heap     ] GC(2) Eden regions: 11->0(15)
[2025-12-16T20:44:47.660+0800][0.033s][info][gc,heap     ] GC(2) Survivor regions: 1->1(2)
[2025-12-16T20:44:47.660+0800][0.033s][info][gc,heap     ] GC(2) Old regions: 1->1
[2025-12-16T20:44:47.660+0800][0.033s][info][gc,heap     ] GC(2) Humongous regions: 0->0
[2025-12-16T20:44:47.660+0800][0.033s][info][gc,metaspace] GC(2) Metaspace: 91K(320K)->91K(320K) NonClass: 83K(192K)->83K(192K) Class: 8K(128K)->8K(128K)
[2025-12-16T20:44:47.660+0800][0.033s][info][gc          ] GC(2) Pause Young (Normal) (G1 Evacuation Pause) 23M->1M(56M) 0.184ms
[2025-12-16T20:44:47.660+0800][0.033s][info][gc,cpu      ] GC(2) User=0.00s Sys=0.00s Real=0.00s
[2025-12-16T20:44:47.671+0800][0.044s][info][gc,start    ] GC(3) Pause Young (Normal) (G1 Evacuation Pause)
[2025-12-16T20:44:47.671+0800][0.044s][info][gc,task     ] GC(3) Using 2 workers of 9 for evacuation
[2025-12-16T20:44:47.671+0800][0.044s][info][gc,phases   ] GC(3)   Pre Evacuate Collection Set: 0.01ms
[2025-12-16T20:44:47.671+0800][0.044s][info][gc,phases   ] GC(3)   Merge Heap Roots: 0.01ms
[2025-12-16T20:44:47.671+0800][0.044s][info][gc,phases   ] GC(3)   Evacuate Collection Set: 0.04ms
[2025-12-16T20:44:47.671+0800][0.044s][info][gc,phases   ] GC(3)   Post Evacuate Collection Set: 0.03ms
[2025-12-16T20:44:47.671+0800][0.044s][info][gc,phases   ] GC(3)   Other: 0.02ms
[2025-12-16T20:44:47.671+0800][0.044s][info][gc,heap     ] GC(3) Eden regions: 15->0(15)
[2025-12-16T20:44:47.671+0800][0.044s][info][gc,heap     ] GC(3) Survivor regions: 1->1(2)
[2025-12-16T20:44:47.671+0800][0.044s][info][gc,heap     ] GC(3) Old regions: 1->1
[2025-12-16T20:44:47.671+0800][0.044s][info][gc,heap     ] GC(3) Humongous regions: 0->0
[2025-12-16T20:44:47.671+0800][0.044s][info][gc,metaspace] GC(3) Metaspace: 91K(320K)->91K(320K) NonClass: 83K(192K)->83K(192K) Class: 8K(128K)->8K(128K)
[2025-12-16T20:44:47.671+0800][0.044s][info][gc          ] GC(3) Pause Young (Normal) (G1 Evacuation Pause) 31M->1M(56M) 0.163ms
[2025-12-16T20:44:47.671+0800][0.044s][info][gc,cpu      ] GC(3) User=0.00s Sys=0.00s Real=0.00s
[2025-12-16T20:44:47.681+0800][0.054s][info][gc,start    ] GC(4) Pause Young (Normal) (G1 Evacuation Pause)
[2025-12-16T20:44:47.681+0800][0.054s][info][gc,task     ] GC(4) Using 2 workers of 9 for evacuation
[2025-12-16T20:44:47.681+0800][0.054s][info][gc,phases   ] GC(4)   Pre Evacuate Collection Set: 0.01ms
[2025-12-16T20:44:47.681+0800][0.054s][info][gc,phases   ] GC(4)   Merge Heap Roots: 0.01ms
[2025-12-16T20:44:47.681+0800][0.054s][info][gc,phases   ] GC(4)   Evacuate Collection Set: 0.05ms
[2025-12-16T20:44:47.681+0800][0.054s][info][gc,phases   ] GC(4)   Post Evacuate Collection Set: 0.03ms
[2025-12-16T20:44:47.681+0800][0.054s][info][gc,phases   ] GC(4)   Other: 0.02ms
[2025-12-16T20:44:47.681+0800][0.054s][info][gc,heap     ] GC(4) Eden regions: 15->0(15)
[2025-12-16T20:44:47.681+0800][0.054s][info][gc,heap     ] GC(4) Survivor regions: 1->1(2)
[2025-12-16T20:44:47.681+0800][0.054s][info][gc,heap     ] GC(4) Old regions: 1->1
[2025-12-16T20:44:47.681+0800][0.054s][info][gc,heap     ] GC(4) Humongous regions: 0->0
[2025-12-16T20:44:47.681+0800][0.054s][info][gc,metaspace] GC(4) Metaspace: 91K(320K)->91K(320K) NonClass: 83K(192K)->83K(192K) Class: 8K(128K)->8K(128K)
[2025-12-16T20:44:47.681+0800][0.054s][info][gc          ] GC(4) Pause Young (Normal) (G1 Evacuation Pause) 31M->1M(56M) 0.167ms
[2025-12-16T20:44:47.681+0800][0.054s][info][gc,cpu      ] GC(4) User=0.00s Sys=0.00s Real=0.00s
[2025-12-16T20:44:47.691+0800][0.064s][info][gc,start    ] GC(5) Pause Young (Normal) (G1 Evacuation Pause)
[2025-12-16T20:44:47.691+0800][0.064s][info][gc,task     ] GC(5) Using 2 workers of 9 for evacuation
[2025-12-16T20:44:47.691+0800][0.064s][info][gc,phases   ] GC(5)   Pre Evacuate Collection Set: 0.01ms
[2025-12-16T20:44:47.691+0800][0.064s][info][gc,phases   ] GC(5)   Merge Heap Roots: 0.00ms
[2025-12-16T20:44:47.691+0800][0.064s][info][gc,phases   ] GC(5)   Evacuate Collection Set: 0.04ms
[2025-12-16T20:44:47.691+0800][0.064s][info][gc,phases   ] GC(5)   Post Evacuate Collection Set: 0.03ms
[2025-12-16T20:44:47.691+0800][0.064s][info][gc,phases   ] GC(5)   Other: 0.02ms
[2025-12-16T20:44:47.691+0800][0.064s][info][gc,heap     ] GC(5) Eden regions: 15->0(15)
[2025-12-16T20:44:47.691+0800][0.064s][info][gc,heap     ] GC(5) Survivor regions: 1->1(2)
[2025-12-16T20:44:47.691+0800][0.064s][info][gc,heap     ] GC(5) Old regions: 1->1
[2025-12-16T20:44:47.691+0800][0.064s][info][gc,heap     ] GC(5) Humongous regions: 0->0
[2025-12-16T20:44:47.691+0800][0.064s][info][gc,metaspace] GC(5) Metaspace: 91K(320K)->91K(320K) NonClass: 83K(192K)->83K(192K) Class: 8K(128K)->8K(128K)
[2025-12-16T20:44:47.691+0800][0.064s][info][gc          ] GC(5) Pause Young (Normal) (G1 Evacuation Pause) 31M->1M(56M) 0.139ms
[2025-12-16T20:44:47.691+0800][0.064s][info][gc,cpu      ] GC(5) User=0.00s Sys=0.00s Real=0.00s
[2025-12-16T20:44:47.701+0800][0.074s][info][gc,start    ] GC(6) Pause Young (Normal) (G1 Evacuation Pause)
[2025-12-16T20:44:47.701+0800][0.074s][info][gc,task     ] GC(6) Using 2 workers of 9 for evacuation
[2025-12-16T20:44:47.701+0800][0.074s][info][gc,phases   ] GC(6)   Pre Evacuate Collection Set: 0.01ms
[2025-12-16T20:44:47.701+0800][0.074s][info][gc,phases   ] GC(6)   Merge Heap Roots: 0.01ms
[2025-12-16T20:44:47.701+0800][0.074s][info][gc,phases   ] GC(6)   Evacuate Collection Set: 0.05ms
[2025-12-16T20:44:47.701+0800][0.074s][info][gc,phases   ] GC(6)   Post Evacuate Collection Set: 0.03ms
[2025-12-16T20:44:47.701+0800][0.074s][info][gc,phases   ] GC(6)   Other: 0.02ms
[2025-12-16T20:44:47.701+0800][0.074s][info][gc,heap     ] GC(6) Eden regions: 15->0(15)
[2025-12-16T20:44:47.701+0800][0.074s][info][gc,heap     ] GC(6) Survivor regions: 1->1(2)
[2025-12-16T20:44:47.701+0800][0.074s][info][gc,heap     ] GC(6) Old regions: 1->1
[2025-12-16T20:44:47.701+0800][0.074s][info][gc,heap     ] GC(6) Humongous regions: 0->0
[2025-12-16T20:44:47.701+0800][0.074s][info][gc,metaspace] GC(6) Metaspace: 91K(320K)->91K(320K) NonClass: 83K(192K)->83K(192K) Class: 8K(128K)->8K(128K)
[2025-12-16T20:44:47.701+0800][0.074s][info][gc          ] GC(6) Pause Young (Normal) (G1 Evacuation Pause) 31M->1M(56M) 0.158ms
[2025-12-16T20:44:47.701+0800][0.074s][info][gc,cpu      ] GC(6) User=0.00s Sys=0.00s Real=0.00s
[2025-12-16T20:44:47.711+0800][0.084s][info][gc,start    ] GC(7) Pause Young (Normal) (G1 Evacuation Pause)
[2025-12-16T20:44:47.711+0800][0.084s][info][gc,task     ] GC(7) Using 2 workers of 9 for evacuation
[2025-12-16T20:44:47.711+0800][0.084s][info][gc,phases   ] GC(7)   Pre Evacuate Collection Set: 0.01ms
[2025-12-16T20:44:47.711+0800][0.084s][info][gc,phases   ] GC(7)   Merge Heap Roots: 0.00ms
[2025-12-16T20:44:47.711+0800][0.084s][info][gc,phases   ] GC(7)   Evacuate Collection Set: 0.04ms
[2025-12-16T20:44:47.711+0800][0.084s][info][gc,phases   ] GC(7)   Post Evacuate Collection Set: 0.03ms
[2025-12-16T20:44:47.711+0800][0.084s][info][gc,phases   ] GC(7)   Other: 0.02ms
[2025-12-16T20:44:47.711+0800][0.084s][info][gc,heap     ] GC(7) Eden regions: 15->0(15)
[2025-12-16T20:44:47.711+0800][0.084s][info][gc,heap     ] GC(7) Survivor regions: 1->1(2)
[2025-12-16T20:44:47.711+0800][0.084s][info][gc,heap     ] GC(7) Old regions: 1->1
[2025-12-16T20:44:47.711+0800][0.084s][info][gc,heap     ] GC(7) Humongous regions: 0->0
[2025-12-16T20:44:47.711+0800][0.084s][info][gc,metaspace] GC(7) Metaspace: 91K(320K)->91K(320K) NonClass: 83K(192K)->83K(192K) Class: 8K(128K)->8K(128K)
[2025-12-16T20:44:47.711+0800][0.084s][info][gc          ] GC(7) Pause Young (Normal) (G1 Evacuation Pause) 31M->1M(56M) 0.144ms
[2025-12-16T20:44:47.711+0800][0.084s][info][gc,cpu      ] GC(7) User=0.00s Sys=0.00s Real=0.00s
[2025-12-16T20:44:47.721+0800][0.094s][info][gc,start    ] GC(8) Pause Young (Normal) (G1 Evacuation Pause)
[2025-12-16T20:44:47.721+0800][0.094s][info][gc,task     ] GC(8) Using 2 workers of 9 for evacuation
[2025-12-16T20:44:47.721+0800][0.094s][info][gc,phases   ] GC(8)   Pre Evacuate Collection Set: 0.01ms
[2025-12-16T20:44:47.721+0800][0.094s][info][gc,phases   ] GC(8)   Merge Heap Roots: 0.00ms
[2025-12-16T20:44:47.721+0800][0.094s][info][gc,phases   ] GC(8)   Evacuate Collection Set: 0.03ms
[2025-12-16T20:44:47.721+0800][0.094s][info][gc,phases   ] GC(8)   Post Evacuate Collection Set: 0.03ms
[2025-12-16T20:44:47.721+0800][0.094s][info][gc,phases   ] GC(8)   Other: 0.02ms
[2025-12-16T20:44:47.721+0800][0.094s][info][gc,heap     ] GC(8) Eden regions: 15->0(15)
[2025-12-16T20:44:47.721+0800][0.094s][info][gc,heap     ] GC(8) Survivor regions: 1->1(2)
[2025-12-16T20:44:47.721+0800][0.094s][info][gc,heap     ] GC(8) Old regions: 1->1
[2025-12-16T20:44:47.721+0800][0.094s][info][gc,heap     ] GC(8) Humongous regions: 0->0
[2025-12-16T20:44:47.721+0800][0.094s][info][gc,metaspace] GC(8) Metaspace: 91K(320K)->91K(320K) NonClass: 83K(192K)->83K(192K) Class: 8K(128K)->8K(128K)
[2025-12-16T20:44:47.721+0800][0.094s][info][gc          ] GC(8) Pause Young (Normal) (G1 Evacuation Pause) 31M->1M(56M) 0.142ms
[2025-12-16T20:44:47.721+0800][0.094s][info][gc,cpu      ] GC(8) User=0.00s Sys=0.00s Real=0.00s
[2025-12-16T20:44:47.731+0800][0.104s][info][gc,start    ] GC(9) Pause Young (Normal) (G1 Evacuation Pause)
[2025-12-16T20:44:47.731+0800][0.104s][info][gc,task     ] GC(9) Using 2 workers of 9 for evacuation
[2025-12-16T20:44:47.731+0800][0.104s][info][gc,phases   ] GC(9)   Pre Evacuate Collection Set: 0.01ms
[2025-12-16T20:44:47.731+0800][0.104s][info][gc,phases   ] GC(9)   Merge Heap Roots: 0.00ms
[2025-12-16T20:44:47.731+0800][0.104s][info][gc,phases   ] GC(9)   Evacuate Collection Set: 0.03ms
[2025-12-16T20:44:47.731+0800][0.104s][info][gc,phases   ] GC(9)   Post Evacuate Collection Set: 0.02ms
[2025-12-16T20:44:47.731+0800][0.104s][info][gc,phases   ] GC(9)   Other: 0.02ms
[2025-12-16T20:44:47.731+0800][0.104s][info][gc,heap     ] GC(9) Eden regions: 15->0(15)
[2025-12-16T20:44:47.731+0800][0.104s][info][gc,heap     ] GC(9) Survivor regions: 1->1(2)
[2025-12-16T20:44:47.731+0800][0.104s][info][gc,heap     ] GC(9) Old regions: 1->1
[2025-12-16T20:44:47.731+0800][0.104s][info][gc,heap     ] GC(9) Humongous regions: 0->0
[2025-12-16T20:44:47.731+0800][0.104s][info][gc,metaspace] GC(9) Metaspace: 91K(320K)->91K(320K) NonClass: 83K(192K)->83K(192K) Class: 8K(128K)->8K(128K)
[2025-12-16T20:44:47.731+0800][0.104s][info][gc          ] GC(9) Pause Young (Normal) (G1 Evacuation Pause) 31M->1M(56M) 0.139ms
[2025-12-16T20:44:47.731+0800][0.104s][info][gc,cpu      ] GC(9) User=0.00s Sys=0.00s Real=0.00s
[2025-12-16T20:44:47.740+0800][0.113s][info][gc,start    ] GC(10) Pause Young (Normal) (G1 Evacuation Pause)
[2025-12-16T20:44:47.740+0800][0.113s][info][gc,task     ] GC(10) Using 2 workers of 9 for evacuation
[2025-12-16T20:44:47.740+0800][0.113s][info][gc,phases   ] GC(10)   Pre Evacuate Collection Set: 0.01ms
[2025-12-16T20:44:47.740+0800][0.113s][info][gc,phases   ] GC(10)   Merge Heap Roots: 0.00ms
[2025-12-16T20:44:47.740+0800][0.113s][info][gc,phases   ] GC(10)   Evacuate Collection Set: 0.04ms
[2025-12-16T20:44:47.740+0800][0.113s][info][gc,phases   ] GC(10)   Post Evacuate Collection Set: 0.03ms
[2025-12-16T20:44:47.740+0800][0.113s][info][gc,phases   ] GC(10)   Other: 0.02ms
[2025-12-16T20:44:47.740+0800][0.113s][info][gc,heap     ] GC(10) Eden regions: 15->0(15)
[2025-12-16T20:44:47.740+0800][0.113s][info][gc,heap     ] GC(10) Survivor regions: 1->1(2)
[2025-12-16T20:44:47.740+0800][0.113s][info][gc,heap     ] GC(10) Old regions: 1->1
[2025-12-16T20:44:47.740+0800][0.114s][info][gc,heap     ] GC(10) Humongous regions: 0->0
[2025-12-16T20:44:47.740+0800][0.114s][info][gc,metaspace] GC(10) Metaspace: 91K(320K)->91K(320K) NonClass: 83K(192K)->83K(192K) Class: 8K(128K)->8K(128K)
[2025-12-16T20:44:47.740+0800][0.114s][info][gc          ] GC(10) Pause Young (Normal) (G1 Evacuation Pause) 31M->1M(56M) 0.153ms
[2025-12-16T20:44:47.740+0800][0.114s][info][gc,cpu      ] GC(10) User=0.00s Sys=0.00s Real=0.00s
[2025-12-16T20:44:47.750+0800][0.123s][info][gc,start    ] GC(11) Pause Young (Normal) (G1 Evacuation Pause)
[2025-12-16T20:44:47.750+0800][0.123s][info][gc,task     ] GC(11) Using 2 workers of 9 for evacuation
[2025-12-16T20:44:47.750+0800][0.123s][info][gc,phases   ] GC(11)   Pre Evacuate Collection Set: 0.01ms
[2025-12-16T20:44:47.750+0800][0.123s][info][gc,phases   ] GC(11)   Merge Heap Roots: 0.00ms
[2025-12-16T20:44:47.750+0800][0.123s][info][gc,phases   ] GC(11)   Evacuate Collection Set: 0.04ms
[2025-12-16T20:44:47.750+0800][0.123s][info][gc,phases   ] GC(11)   Post Evacuate Collection Set: 0.02ms
[2025-12-16T20:44:47.750+0800][0.123s][info][gc,phases   ] GC(11)   Other: 0.02ms
[2025-12-16T20:44:47.750+0800][0.123s][info][gc,heap     ] GC(11) Eden regions: 15->0(15)
[2025-12-16T20:44:47.750+0800][0.123s][info][gc,heap     ] GC(11) Survivor regions: 1->1(2)
[2025-12-16T20:44:47.750+0800][0.123s][info][gc,heap     ] GC(11) Old regions: 1->1
[2025-12-16T20:44:47.750+0800][0.123s][info][gc,heap     ] GC(11) Humongous regions: 0->0
[2025-12-16T20:44:47.750+0800][0.123s][info][gc,metaspace] GC(11) Metaspace: 91K(320K)->91K(320K) NonClass: 83K(192K)->83K(192K) Class: 8K(128K)->8K(128K)
[2025-12-16T20:44:47.750+0800][0.123s][info][gc          ] GC(11) Pause Young (Normal) (G1 Evacuation Pause) 31M->1M(56M) 0.136ms
[2025-12-16T20:44:47.750+0800][0.123s][info][gc,cpu      ] GC(11) User=0.00s Sys=0.00s Real=0.00s
[2025-12-16T20:44:47.760+0800][0.133s][info][gc,start    ] GC(12) Pause Young (Normal) (G1 Evacuation Pause)
[2025-12-16T20:44:47.760+0800][0.133s][info][gc,task     ] GC(12) Using 2 workers of 9 for evacuation
[2025-12-16T20:44:47.760+0800][0.133s][info][gc,phases   ] GC(12)   Pre Evacuate Collection Set: 0.01ms
[2025-12-16T20:44:47.760+0800][0.133s][info][gc,phases   ] GC(12)   Merge Heap Roots: 0.00ms
[2025-12-16T20:44:47.760+0800][0.133s][info][gc,phases   ] GC(12)   Evacuate Collection Set: 0.03ms
[2025-12-16T20:44:47.760+0800][0.133s][info][gc,phases   ] GC(12)   Post Evacuate Collection Set: 0.03ms
[2025-12-16T20:44:47.760+0800][0.133s][info][gc,phases   ] GC(12)   Other: 0.02ms
[2025-12-16T20:44:47.760+0800][0.133s][info][gc,heap     ] GC(12) Eden regions: 15->0(15)
[2025-12-16T20:44:47.760+0800][0.133s][info][gc,heap     ] GC(12) Survivor regions: 1->1(2)
[2025-12-16T20:44:47.760+0800][0.133s][info][gc,heap     ] GC(12) Old regions: 1->1
[2025-12-16T20:44:47.760+0800][0.133s][info][gc,heap     ] GC(12) Humongous regions: 0->0
[2025-12-16T20:44:47.760+0800][0.133s][info][gc,metaspace] GC(12) Metaspace: 91K(320K)->91K(320K) NonClass: 83K(192K)->83K(192K) Class: 8K(128K)->8K(128K)
[2025-12-16T20:44:47.760+0800][0.133s][info][gc          ] GC(12) Pause Young (Normal) (G1 Evacuation Pause) 31M->1M(56M) 0.143ms
[2025-12-16T20:44:47.760+0800][0.133s][info][gc,cpu      ] GC(12) User=0.00s Sys=0.00s Real=0.00s
[2025-12-16T20:44:47.769+0800][0.143s][info][gc,start    ] GC(13) Pause Young (Normal) (G1 Evacuation Pause)
[2025-12-16T20:44:47.770+0800][0.143s][info][gc,task     ] GC(13) Using 2 workers of 9 for evacuation
[2025-12-16T20:44:47.770+0800][0.143s][info][gc,phases   ] GC(13)   Pre Evacuate Collection Set: 0.01ms
[2025-12-16T20:44:47.770+0800][0.143s][info][gc,phases   ] GC(13)   Merge Heap Roots: 0.00ms
[2025-12-16T20:44:47.770+0800][0.143s][info][gc,phases   ] GC(13)   Evacuate Collection Set: 0.03ms
[2025-12-16T20:44:47.770+0800][0.143s][info][gc,phases   ] GC(13)   Post Evacuate Collection Set: 0.02ms
[2025-12-16T20:44:47.770+0800][0.143s][info][gc,phases   ] GC(13)   Other: 0.02ms
[2025-12-16T20:44:47.770+0800][0.143s][info][gc,heap     ] GC(13) Eden regions: 15->0(15)
[2025-12-16T20:44:47.770+0800][0.143s][info][gc,heap     ] GC(13) Survivor regions: 1->1(2)
[2025-12-16T20:44:47.770+0800][0.143s][info][gc,heap     ] GC(13) Old regions: 1->1
[2025-12-16T20:44:47.770+0800][0.143s][info][gc,heap     ] GC(13) Humongous regions: 0->0
[2025-12-16T20:44:47.770+0800][0.143s][info][gc,metaspace] GC(13) Metaspace: 91K(320K)->91K(320K) NonClass: 83K(192K)->83K(192K) Class: 8K(128K)->8K(128K)
[2025-12-16T20:44:47.770+0800][0.143s][info][gc          ] GC(13) Pause Young (Normal) (G1 Evacuation Pause) 31M->1M(56M) 0.133ms
[2025-12-16T20:44:47.770+0800][0.143s][info][gc,cpu      ] GC(13) User=0.00s Sys=0.00s Real=0.01s
[2025-12-16T20:44:47.779+0800][0.152s][info][gc,start    ] GC(14) Pause Young (Normal) (G1 Evacuation Pause)
[2025-12-16T20:44:47.779+0800][0.152s][info][gc,task     ] GC(14) Using 2 workers of 9 for evacuation
[2025-12-16T20:44:47.779+0800][0.152s][info][gc,phases   ] GC(14)   Pre Evacuate Collection Set: 0.02ms
[2025-12-16T20:44:47.779+0800][0.152s][info][gc,phases   ] GC(14)   Merge Heap Roots: 0.01ms
[2025-12-16T20:44:47.779+0800][0.152s][info][gc,phases   ] GC(14)   Evacuate Collection Set: 0.04ms
[2025-12-16T20:44:47.779+0800][0.152s][info][gc,phases   ] GC(14)   Post Evacuate Collection Set: 0.03ms
[2025-12-16T20:44:47.779+0800][0.152s][info][gc,phases   ] GC(14)   Other: 0.02ms
[2025-12-16T20:44:47.779+0800][0.152s][info][gc,heap     ] GC(14) Eden regions: 15->0(15)
[2025-12-16T20:44:47.779+0800][0.152s][info][gc,heap     ] GC(14) Survivor regions: 1->1(2)
[2025-12-16T20:44:47.779+0800][0.152s][info][gc,heap     ] GC(14) Old regions: 1->1
[2025-12-16T20:44:47.779+0800][0.152s][info][gc,heap     ] GC(14) Humongous regions: 0->0
[2025-12-16T20:44:47.779+0800][0.152s][info][gc,metaspace] GC(14) Metaspace: 91K(320K)->91K(320K) NonClass: 83K(192K)->83K(192K) Class: 8K(128K)->8K(128K)
[2025-12-16T20:44:47.779+0800][0.152s][info][gc          ] GC(14) Pause Young (Normal) (G1 Evacuation Pause) 31M->1M(56M) 0.151ms
[2025-12-16T20:44:47.779+0800][0.152s][info][gc,cpu      ] GC(14) User=0.00s Sys=0.00s Real=0.00s
[2025-12-16T20:44:47.789+0800][0.162s][info][gc,start    ] GC(15) Pause Young (Normal) (G1 Evacuation Pause)
[2025-12-16T20:44:47.789+0800][0.162s][info][gc,task     ] GC(15) Using 2 workers of 9 for evacuation
[2025-12-16T20:44:47.789+0800][0.162s][info][gc,phases   ] GC(15)   Pre Evacuate Collection Set: 0.01ms
[2025-12-16T20:44:47.789+0800][0.162s][info][gc,phases   ] GC(15)   Merge Heap Roots: 0.00ms
[2025-12-16T20:44:47.789+0800][0.162s][info][gc,phases   ] GC(15)   Evacuate Collection Set: 0.05ms
[2025-12-16T20:44:47.789+0800][0.162s][info][gc,phases   ] GC(15)   Post Evacuate Collection Set: 0.03ms
[2025-12-16T20:44:47.789+0800][0.162s][info][gc,phases   ] GC(15)   Other: 0.02ms
[2025-12-16T20:44:47.789+0800][0.162s][info][gc,heap     ] GC(15) Eden regions: 15->0(15)
[2025-12-16T20:44:47.789+0800][0.162s][info][gc,heap     ] GC(15) Survivor regions: 1->1(2)
[2025-12-16T20:44:47.789+0800][0.162s][info][gc,heap     ] GC(15) Old regions: 1->2
[2025-12-16T20:44:47.789+0800][0.162s][info][gc,heap     ] GC(15) Humongous regions: 0->0
[2025-12-16T20:44:47.789+0800][0.162s][info][gc,metaspace] GC(15) Metaspace: 91K(320K)->91K(320K) NonClass: 83K(192K)->83K(192K) Class: 8K(128K)->8K(128K)
[2025-12-16T20:44:47.789+0800][0.162s][info][gc          ] GC(15) Pause Young (Normal) (G1 Evacuation Pause) 31M->1M(56M) 0.151ms
[2025-12-16T20:44:47.789+0800][0.162s][info][gc,cpu      ] GC(15) User=0.00s Sys=0.00s Real=0.00s
[2025-12-16T20:44:47.799+0800][0.172s][info][gc,start    ] GC(16) Pause Young (Normal) (G1 Evacuation Pause)
[2025-12-16T20:44:47.799+0800][0.172s][info][gc,task     ] GC(16) Using 2 workers of 9 for evacuation
[2025-12-16T20:44:47.799+0800][0.172s][info][gc,phases   ] GC(16)   Pre Evacuate Collection Set: 0.01ms
[2025-12-16T20:44:47.799+0800][0.172s][info][gc,phases   ] GC(16)   Merge Heap Roots: 0.01ms
[2025-12-16T20:44:47.799+0800][0.172s][info][gc,phases   ] GC(16)   Evacuate Collection Set: 0.01ms
[2025-12-16T20:44:47.799+0800][0.172s][info][gc,phases   ] GC(16)   Post Evacuate Collection Set: 0.03ms
[2025-12-16T20:44:47.799+0800][0.172s][info][gc,phases   ] GC(16)   Other: 0.02ms
[2025-12-16T20:44:47.799+0800][0.172s][info][gc,heap     ] GC(16) Eden regions: 15->0(15)
[2025-12-16T20:44:47.799+0800][0.172s][info][gc,heap     ] GC(16) Survivor regions: 1->1(2)
[2025-12-16T20:44:47.799+0800][0.172s][info][gc,heap     ] GC(16) Old regions: 2->2
[2025-12-16T20:44:47.799+0800][0.172s][info][gc,heap     ] GC(16) Humongous regions: 0->0
[2025-12-16T20:44:47.799+0800][0.172s][info][gc,metaspace] GC(16) Metaspace: 91K(320K)->91K(320K) NonClass: 83K(192K)->83K(192K) Class: 8K(128K)->8K(128K)
[2025-12-16T20:44:47.799+0800][0.172s][info][gc          ] GC(16) Pause Young (Normal) (G1 Evacuation Pause) 31M->1M(56M) 0.118ms
[2025-12-16T20:44:47.799+0800][0.172s][info][gc,cpu      ] GC(16) User=0.00s Sys=0.00s Real=0.00s
[2025-12-16T20:44:47.809+0800][0.182s][info][gc,start    ] GC(17) Pause Young (Normal) (G1 Evacuation Pause)
[2025-12-16T20:44:47.809+0800][0.182s][info][gc,task     ] GC(17) Using 2 workers of 9 for evacuation
[2025-12-16T20:44:47.809+0800][0.182s][info][gc,phases   ] GC(17)   Pre Evacuate Collection Set: 0.02ms
[2025-12-16T20:44:47.809+0800][0.182s][info][gc,phases   ] GC(17)   Merge Heap Roots: 0.01ms
[2025-12-16T20:44:47.809+0800][0.182s][info][gc,phases   ] GC(17)   Evacuate Collection Set: 0.03ms
[2025-12-16T20:44:47.809+0800][0.182s][info][gc,phases   ] GC(17)   Post Evacuate Collection Set: 0.03ms
[2025-12-16T20:44:47.809+0800][0.182s][info][gc,phases   ] GC(17)   Other: 0.03ms
[2025-12-16T20:44:47.809+0800][0.182s][info][gc,heap     ] GC(17) Eden regions: 15->0(15)
[2025-12-16T20:44:47.809+0800][0.182s][info][gc,heap     ] GC(17) Survivor regions: 1->1(2)
[2025-12-16T20:44:47.809+0800][0.182s][info][gc,heap     ] GC(17) Old regions: 2->2
[2025-12-16T20:44:47.809+0800][0.182s][info][gc,heap     ] GC(17) Humongous regions: 0->0
[2025-12-16T20:44:47.809+0800][0.182s][info][gc,metaspace] GC(17) Metaspace: 91K(320K)->91K(320K) NonClass: 83K(192K)->83K(192K) Class: 8K(128K)->8K(128K)
[2025-12-16T20:44:47.809+0800][0.182s][info][gc          ] GC(17) Pause Young (Normal) (G1 Evacuation Pause) 31M->1M(56M) 0.180ms
[2025-12-16T20:44:47.809+0800][0.182s][info][gc,cpu      ] GC(17) User=0.00s Sys=0.00s Real=0.00s
[2025-12-16T20:44:47.819+0800][0.192s][info][gc,start    ] GC(18) Pause Young (Normal) (G1 Evacuation Pause)
[2025-12-16T20:44:47.819+0800][0.192s][info][gc,task     ] GC(18) Using 2 workers of 9 for evacuation
[2025-12-16T20:44:47.819+0800][0.192s][info][gc,phases   ] GC(18)   Pre Evacuate Collection Set: 0.02ms
[2025-12-16T20:44:47.819+0800][0.192s][info][gc,phases   ] GC(18)   Merge Heap Roots: 0.01ms
[2025-12-16T20:44:47.819+0800][0.192s][info][gc,phases   ] GC(18)   Evacuate Collection Set: 0.02ms
[2025-12-16T20:44:47.819+0800][0.192s][info][gc,phases   ] GC(18)   Post Evacuate Collection Set: 0.03ms
[2025-12-16T20:44:47.819+0800][0.192s][info][gc,phases   ] GC(18)   Other: 0.02ms
[2025-12-16T20:44:47.819+0800][0.192s][info][gc,heap     ] GC(18) Eden regions: 15->0(15)
[2025-12-16T20:44:47.819+0800][0.192s][info][gc,heap     ] GC(18) Survivor regions: 1->1(2)
[2025-12-16T20:44:47.819+0800][0.192s][info][gc,heap     ] GC(18) Old regions: 2->2
[2025-12-16T20:44:47.819+0800][0.192s][info][gc,heap     ] GC(18) Humongous regions: 0->0
[2025-12-16T20:44:47.819+0800][0.192s][info][gc,metaspace] GC(18) Metaspace: 91K(320K)->91K(320K) NonClass: 83K(192K)->83K(192K) Class: 8K(128K)->8K(128K)
[2025-12-16T20:44:47.819+0800][0.192s][info][gc          ] GC(18) Pause Young (Normal) (G1 Evacuation Pause) 31M->1M(56M) 0.153ms
[2025-12-16T20:44:47.819+0800][0.192s][info][gc,cpu      ] GC(18) User=0.00s Sys=0.00s Real=0.00s
[2025-12-16T20:44:47.829+0800][0.202s][info][gc,start    ] GC(19) Pause Young (Normal) (G1 Evacuation Pause)
[2025-12-16T20:44:47.829+0800][0.202s][info][gc,task     ] GC(19) Using 2 workers of 9 for evacuation
[2025-12-16T20:44:47.829+0800][0.202s][info][gc,phases   ] GC(19)   Pre Evacuate Collection Set: 0.02ms
[2025-12-16T20:44:47.829+0800][0.202s][info][gc,phases   ] GC(19)   Merge Heap Roots: 0.01ms
[2025-12-16T20:44:47.829+0800][0.202s][info][gc,phases   ] GC(19)   Evacuate Collection Set: 0.03ms
[2025-12-16T20:44:47.829+0800][0.202s][info][gc,phases   ] GC(19)   Post Evacuate Collection Set: 0.03ms
[2025-12-16T20:44:47.829+0800][0.202s][info][gc,phases   ] GC(19)   Other: 0.03ms
[2025-12-16T20:44:47.829+0800][0.202s][info][gc,heap     ] GC(19) Eden regions: 15->0(15)
[2025-12-16T20:44:47.829+0800][0.202s][info][gc,heap     ] GC(19) Survivor regions: 1->1(2)
[2025-12-16T20:44:47.829+0800][0.202s][info][gc,heap     ] GC(19) Old regions: 2->2
[2025-12-16T20:44:47.829+0800][0.202s][info][gc,heap     ] GC(19) Humongous regions: 0->0
[2025-12-16T20:44:47.829+0800][0.202s][info][gc,metaspace] GC(19) Metaspace: 91K(320K)->91K(320K) NonClass: 83K(192K)->83K(192K) Class: 8K(128K)->8K(128K)
[2025-12-16T20:44:47.829+0800][0.202s][info][gc          ] GC(19) Pause Young (Normal) (G1 Evacuation Pause) 31M->1M(56M) 0.181ms
[2025-12-16T20:44:47.829+0800][0.202s][info][gc,cpu      ] GC(19) User=0.00s Sys=0.00s Real=0.00s
[2025-12-16T20:44:47.839+0800][0.212s][info][gc,start    ] GC(20) Pause Young (Normal) (G1 Evacuation Pause)
[2025-12-16T20:44:47.839+0800][0.212s][info][gc,task     ] GC(20) Using 2 workers of 9 for evacuation
[2025-12-16T20:44:47.839+0800][0.212s][info][gc,phases   ] GC(20)   Pre Evacuate Collection Set: 0.02ms
[2025-12-16T20:44:47.839+0800][0.212s][info][gc,phases   ] GC(20)   Merge Heap Roots: 0.01ms
[2025-12-16T20:44:47.839+0800][0.212s][info][gc,phases   ] GC(20)   Evacuate Collection Set: 0.03ms
[2025-12-16T20:44:47.839+0800][0.212s][info][gc,phases   ] GC(20)   Post Evacuate Collection Set: 0.03ms
[2025-12-16T20:44:47.839+0800][0.212s][info][gc,phases   ] GC(20)   Other: 0.03ms
[2025-12-16T20:44:47.839+0800][0.212s][info][gc,heap     ] GC(20) Eden regions: 15->0(15)
[2025-12-16T20:44:47.839+0800][0.212s][info][gc,heap     ] GC(20) Survivor regions: 1->1(2)
[2025-12-16T20:44:47.839+0800][0.212s][info][gc,heap     ] GC(20) Old regions: 2->2
[2025-12-16T20:44:47.839+0800][0.212s][info][gc,heap     ] GC(20) Humongous regions: 0->0
[2025-12-16T20:44:47.839+0800][0.212s][info][gc,metaspace] GC(20) Metaspace: 91K(320K)->91K(320K) NonClass: 83K(192K)->83K(192K) Class: 8K(128K)->8K(128K)
[2025-12-16T20:44:47.839+0800][0.212s][info][gc          ] GC(20) Pause Young (Normal) (G1 Evacuation Pause) 31M->1M(56M) 0.184ms
[2025-12-16T20:44:47.839+0800][0.212s][info][gc,cpu      ] GC(20) User=0.00s Sys=0.00s Real=0.00s
[2025-12-16T20:44:47.849+0800][0.222s][info][gc,start    ] GC(21) Pause Young (Normal) (G1 Evacuation Pause)
[2025-12-16T20:44:47.849+0800][0.222s][info][gc,task     ] GC(21) Using 2 workers of 9 for evacuation
[2025-12-16T20:44:47.849+0800][0.222s][info][gc,phases   ] GC(21)   Pre Evacuate Collection Set: 0.02ms
[2025-12-16T20:44:47.849+0800][0.222s][info][gc,phases   ] GC(21)   Merge Heap Roots: 0.01ms
[2025-12-16T20:44:47.849+0800][0.222s][info][gc,phases   ] GC(21)   Evacuate Collection Set: 0.02ms
[2025-12-16T20:44:47.849+0800][0.222s][info][gc,phases   ] GC(21)   Post Evacuate Collection Set: 0.03ms
[2025-12-16T20:44:47.849+0800][0.222s][info][gc,phases   ] GC(21)   Other: 0.02ms
[2025-12-16T20:44:47.849+0800][0.222s][info][gc,heap     ] GC(21) Eden regions: 15->0(15)
[2025-12-16T20:44:47.849+0800][0.222s][info][gc,heap     ] GC(21) Survivor regions: 1->1(2)
[2025-12-16T20:44:47.849+0800][0.222s][info][gc,heap     ] GC(21) Old regions: 2->2
[2025-12-16T20:44:47.849+0800][0.222s][info][gc,heap     ] GC(21) Humongous regions: 0->0
[2025-12-16T20:44:47.849+0800][0.222s][info][gc,metaspace] GC(21) Metaspace: 91K(320K)->91K(320K) NonClass: 83K(192K)->83K(192K) Class: 8K(128K)->8K(128K)
[2025-12-16T20:44:47.849+0800][0.222s][info][gc          ] GC(21) Pause Young (Normal) (G1 Evacuation Pause) 31M->1M(56M) 0.163ms
[2025-12-16T20:44:47.849+0800][0.222s][info][gc,cpu      ] GC(21) User=0.00s Sys=0.00s Real=0.00s
[2025-12-16T20:44:47.859+0800][0.232s][info][gc,start    ] GC(22) Pause Young (Normal) (G1 Evacuation Pause)
[2025-12-16T20:44:47.859+0800][0.232s][info][gc,task     ] GC(22) Using 2 workers of 9 for evacuation
[2025-12-16T20:44:47.859+0800][0.232s][info][gc,phases   ] GC(22)   Pre Evacuate Collection Set: 0.01ms
[2025-12-16T20:44:47.859+0800][0.232s][info][gc,phases   ] GC(22)   Merge Heap Roots: 0.01ms
[2025-12-16T20:44:47.859+0800][0.232s][info][gc,phases   ] GC(22)   Evacuate Collection Set: 0.02ms
[2025-12-16T20:44:47.859+0800][0.232s][info][gc,phases   ] GC(22)   Post Evacuate Collection Set: 0.03ms
[2025-12-16T20:44:47.859+0800][0.232s][info][gc,phases   ] GC(22)   Other: 0.02ms
[2025-12-16T20:44:47.859+0800][0.232s][info][gc,heap     ] GC(22) Eden regions: 15->0(15)
[2025-12-16T20:44:47.859+0800][0.232s][info][gc,heap     ] GC(22) Survivor regions: 1->1(2)
[2025-12-16T20:44:47.859+0800][0.232s][info][gc,heap     ] GC(22) Old regions: 2->2
[2025-12-16T20:44:47.859+0800][0.232s][info][gc,heap     ] GC(22) Humongous regions: 0->0
[2025-12-16T20:44:47.859+0800][0.232s][info][gc,metaspace] GC(22) Metaspace: 91K(320K)->91K(320K) NonClass: 83K(192K)->83K(192K) Class: 8K(128K)->8K(128K)
[2025-12-16T20:44:47.859+0800][0.232s][info][gc          ] GC(22) Pause Young (Normal) (G1 Evacuation Pause) 31M->1M(56M) 0.131ms
[2025-12-16T20:44:47.859+0800][0.232s][info][gc,cpu      ] GC(22) User=0.00s Sys=0.00s Real=0.00s
[2025-12-16T20:44:47.868+0800][0.241s][info][gc,start    ] GC(23) Pause Young (Normal) (G1 Evacuation Pause)
[2025-12-16T20:44:47.868+0800][0.241s][info][gc,task     ] GC(23) Using 2 workers of 9 for evacuation
[2025-12-16T20:44:47.868+0800][0.241s][info][gc,phases   ] GC(23)   Pre Evacuate Collection Set: 0.01ms
[2025-12-16T20:44:47.868+0800][0.241s][info][gc,phases   ] GC(23)   Merge Heap Roots: 0.01ms
[2025-12-16T20:44:47.868+0800][0.241s][info][gc,phases   ] GC(23)   Evacuate Collection Set: 0.01ms
[2025-12-16T20:44:47.868+0800][0.242s][info][gc,phases   ] GC(23)   Post Evacuate Collection Set: 0.03ms
[2025-12-16T20:44:47.868+0800][0.242s][info][gc,phases   ] GC(23)   Other: 0.02ms
[2025-12-16T20:44:47.869+0800][0.242s][info][gc,heap     ] GC(23) Eden regions: 15->0(15)
[2025-12-16T20:44:47.869+0800][0.242s][info][gc,heap     ] GC(23) Survivor regions: 1->1(2)
[2025-12-16T20:44:47.869+0800][0.242s][info][gc,heap     ] GC(23) Old regions: 2->2
[2025-12-16T20:44:47.869+0800][0.242s][info][gc,heap     ] GC(23) Humongous regions: 0->0
[2025-12-16T20:44:47.869+0800][0.242s][info][gc,metaspace] GC(23) Metaspace: 91K(320K)->91K(320K) NonClass: 83K(192K)->83K(192K) Class: 8K(128K)->8K(128K)
[2025-12-16T20:44:47.869+0800][0.242s][info][gc          ] GC(23) Pause Young (Normal) (G1 Evacuation Pause) 31M->1M(56M) 0.131ms
[2025-12-16T20:44:47.869+0800][0.242s][info][gc,cpu      ] GC(23) User=0.00s Sys=0.00s Real=0.00s
[2025-12-16T20:44:47.878+0800][0.251s][info][gc,start    ] GC(24) Pause Young (Normal) (G1 Evacuation Pause)
[2025-12-16T20:44:47.878+0800][0.251s][info][gc,task     ] GC(24) Using 2 workers of 9 for evacuation
[2025-12-16T20:44:47.878+0800][0.251s][info][gc,phases   ] GC(24)   Pre Evacuate Collection Set: 0.01ms
[2025-12-16T20:44:47.878+0800][0.251s][info][gc,phases   ] GC(24)   Merge Heap Roots: 0.01ms
[2025-12-16T20:44:47.878+0800][0.251s][info][gc,phases   ] GC(24)   Evacuate Collection Set: 0.01ms
[2025-12-16T20:44:47.878+0800][0.251s][info][gc,phases   ] GC(24)   Post Evacuate Collection Set: 0.03ms
[2025-12-16T20:44:47.878+0800][0.251s][info][gc,phases   ] GC(24)   Other: 0.02ms
[2025-12-16T20:44:47.878+0800][0.251s][info][gc,heap     ] GC(24) Eden regions: 15->0(15)
[2025-12-16T20:44:47.878+0800][0.251s][info][gc,heap     ] GC(24) Survivor regions: 1->1(2)
[2025-12-16T20:44:47.878+0800][0.251s][info][gc,heap     ] GC(24) Old regions: 2->2
[2025-12-16T20:44:47.878+0800][0.251s][info][gc,heap     ] GC(24) Humongous regions: 0->0
[2025-12-16T20:44:47.878+0800][0.251s][info][gc,metaspace] GC(24) Metaspace: 91K(320K)->91K(320K) NonClass: 83K(192K)->83K(192K) Class: 8K(128K)->8K(128K)
[2025-12-16T20:44:47.878+0800][0.251s][info][gc          ] GC(24) Pause Young (Normal) (G1 Evacuation Pause) 31M->1M(56M) 0.123ms
[2025-12-16T20:44:47.878+0800][0.251s][info][gc,cpu      ] GC(24) User=0.00s Sys=0.00s Real=0.00s
[2025-12-16T20:44:47.888+0800][0.261s][info][gc,start    ] GC(25) Pause Young (Normal) (G1 Evacuation Pause)
[2025-12-16T20:44:47.888+0800][0.261s][info][gc,task     ] GC(25) Using 2 workers of 9 for evacuation
[2025-12-16T20:44:47.888+0800][0.261s][info][gc,phases   ] GC(25)   Pre Evacuate Collection Set: 0.01ms
[2025-12-16T20:44:47.888+0800][0.261s][info][gc,phases   ] GC(25)   Merge Heap Roots: 0.00ms
[2025-12-16T20:44:47.888+0800][0.261s][info][gc,phases   ] GC(25)   Evacuate Collection Set: 0.01ms
[2025-12-16T20:44:47.888+0800][0.261s][info][gc,phases   ] GC(25)   Post Evacuate Collection Set: 0.02ms
[2025-12-16T20:44:47.888+0800][0.261s][info][gc,phases   ] GC(25)   Other: 0.02ms
[2025-12-16T20:44:47.888+0800][0.261s][info][gc,heap     ] GC(25) Eden regions: 15->0(15)
[2025-12-16T20:44:47.888+0800][0.261s][info][gc,heap     ] GC(25) Survivor regions: 1->1(2)
[2025-12-16T20:44:47.888+0800][0.261s][info][gc,heap     ] GC(25) Old regions: 2->2
[2025-12-16T20:44:47.888+0800][0.261s][info][gc,heap     ] GC(25) Humongous regions: 0->0
[2025-12-16T20:44:47.888+0800][0.261s][info][gc,metaspace] GC(25) Metaspace: 91K(320K)->91K(320K) NonClass: 83K(192K)->83K(192K) Class: 8K(128K)->8K(128K)
[2025-12-16T20:44:47.888+0800][0.261s][info][gc          ] GC(25) Pause Young (Normal) (G1 Evacuation Pause) 31M->1M(56M) 0.109ms
[2025-12-16T20:44:47.888+0800][0.261s][info][gc,cpu      ] GC(25) User=0.00s Sys=0.00s Real=0.00s
[2025-12-16T20:44:47.897+0800][0.270s][info][gc,start    ] GC(26) Pause Young (Normal) (G1 Evacuation Pause)
[2025-12-16T20:44:47.897+0800][0.271s][info][gc,task     ] GC(26) Using 2 workers of 9 for evacuation
[2025-12-16T20:44:47.898+0800][0.271s][info][gc,phases   ] GC(26)   Pre Evacuate Collection Set: 0.01ms
[2025-12-16T20:44:47.898+0800][0.271s][info][gc,phases   ] GC(26)   Merge Heap Roots: 0.01ms
[2025-12-16T20:44:47.898+0800][0.271s][info][gc,phases   ] GC(26)   Evacuate Collection Set: 0.01ms
[2025-12-16T20:44:47.898+0800][0.271s][info][gc,phases   ] GC(26)   Post Evacuate Collection Set: 0.02ms
[2025-12-16T20:44:47.898+0800][0.271s][info][gc,phases   ] GC(26)   Other: 0.02ms
[2025-12-16T20:44:47.898+0800][0.271s][info][gc,heap     ] GC(26) Eden regions: 15->0(15)
[2025-12-16T20:44:47.898+0800][0.271s][info][gc,heap     ] GC(26) Survivor regions: 1->1(2)
[2025-12-16T20:44:47.898+0800][0.271s][info][gc,heap     ] GC(26) Old regions: 2->2
[2025-12-16T20:44:47.898+0800][0.271s][info][gc,heap     ] GC(26) Humongous regions: 0->0
[2025-12-16T20:44:47.898+0800][0.271s][info][gc,metaspace] GC(26) Metaspace: 91K(320K)->91K(320K) NonClass: 83K(192K)->83K(192K) Class: 8K(128K)->8K(128K)
[2025-12-16T20:44:47.898+0800][0.271s][info][gc          ] GC(26) Pause Young (Normal) (G1 Evacuation Pause) 31M->1M(56M) 0.115ms
[2025-12-16T20:44:47.898+0800][0.271s][info][gc,cpu      ] GC(26) User=0.00s Sys=0.00s Real=0.00s
[2025-12-16T20:44:47.907+0800][0.280s][info][gc,start    ] GC(27) Pause Young (Normal) (G1 Evacuation Pause)
[2025-12-16T20:44:47.907+0800][0.280s][info][gc,task     ] GC(27) Using 2 workers of 9 for evacuation
[2025-12-16T20:44:47.907+0800][0.280s][info][gc,phases   ] GC(27)   Pre Evacuate Collection Set: 0.01ms
[2025-12-16T20:44:47.907+0800][0.280s][info][gc,phases   ] GC(27)   Merge Heap Roots: 0.00ms
[2025-12-16T20:44:47.907+0800][0.280s][info][gc,phases   ] GC(27)   Evacuate Collection Set: 0.01ms
[2025-12-16T20:44:47.907+0800][0.280s][info][gc,phases   ] GC(27)   Post Evacuate Collection Set: 0.02ms
[2025-12-16T20:44:47.907+0800][0.280s][info][gc,phases   ] GC(27)   Other: 0.02ms
[2025-12-16T20:44:47.907+0800][0.280s][info][gc,heap     ] GC(27) Eden regions: 15->0(15)
[2025-12-16T20:44:47.907+0800][0.280s][info][gc,heap     ] GC(27) Survivor regions: 1->1(2)
[2025-12-16T20:44:47.907+0800][0.280s][info][gc,heap     ] GC(27) Old regions: 2->2
[2025-12-16T20:44:47.907+0800][0.280s][info][gc,heap     ] GC(27) Humongous regions: 0->0
[2025-12-16T20:44:47.907+0800][0.280s][info][gc,metaspace] GC(27) Metaspace: 91K(320K)->91K(320K) NonClass: 83K(192K)->83K(192K) Class: 8K(128K)->8K(128K)
[2025-12-16T20:44:47.907+0800][0.280s][info][gc          ] GC(27) Pause Young (Normal) (G1 Evacuation Pause) 31M->1M(56M) 0.109ms
[2025-12-16T20:44:47.907+0800][0.280s][info][gc,cpu      ] GC(27) User=0.00s Sys=0.00s Real=0.00s
[2025-12-16T20:44:47.917+0800][0.290s][info][gc,start    ] GC(28) Pause Young (Normal) (G1 Evacuation Pause)
[2025-12-16T20:44:47.917+0800][0.290s][info][gc,task     ] GC(28) Using 2 workers of 9 for evacuation
[2025-12-16T20:44:47.917+0800][0.290s][info][gc,phases   ] GC(28)   Pre Evacuate Collection Set: 0.01ms
[2025-12-16T20:44:47.917+0800][0.290s][info][gc,phases   ] GC(28)   Merge Heap Roots: 0.01ms
[2025-12-16T20:44:47.917+0800][0.290s][info][gc,phases   ] GC(28)   Evacuate Collection Set: 0.01ms
[2025-12-16T20:44:47.917+0800][0.290s][info][gc,phases   ] GC(28)   Post Evacuate Collection Set: 0.02ms
[2025-12-16T20:44:47.917+0800][0.290s][info][gc,phases   ] GC(28)   Other: 0.02ms
[2025-12-16T20:44:47.917+0800][0.290s][info][gc,heap     ] GC(28) Eden regions: 15->0(15)
[2025-12-16T20:44:47.917+0800][0.290s][info][gc,heap     ] GC(28) Survivor regions: 1->1(2)
[2025-12-16T20:44:47.917+0800][0.290s][info][gc,heap     ] GC(28) Old regions: 2->2
[2025-12-16T20:44:47.917+0800][0.290s][info][gc,heap     ] GC(28) Humongous regions: 0->0
[2025-12-16T20:44:47.917+0800][0.290s][info][gc,metaspace] GC(28) Metaspace: 91K(320K)->91K(320K) NonClass: 83K(192K)->83K(192K) Class: 8K(128K)->8K(128K)
[2025-12-16T20:44:47.917+0800][0.290s][info][gc          ] GC(28) Pause Young (Normal) (G1 Evacuation Pause) 31M->1M(56M) 0.113ms
[2025-12-16T20:44:47.917+0800][0.290s][info][gc,cpu      ] GC(28) User=0.00s Sys=0.00s Real=0.00s
[2025-12-16T20:44:47.927+0800][0.300s][info][gc,start    ] GC(29) Pause Young (Normal) (G1 Evacuation Pause)
[2025-12-16T20:44:47.927+0800][0.300s][info][gc,task     ] GC(29) Using 2 workers of 9 for evacuation
[2025-12-16T20:44:47.927+0800][0.300s][info][gc,phases   ] GC(29)   Pre Evacuate Collection Set: 0.01ms
[2025-12-16T20:44:47.927+0800][0.300s][info][gc,phases   ] GC(29)   Merge Heap Roots: 0.00ms
[2025-12-16T20:44:47.927+0800][0.300s][info][gc,phases   ] GC(29)   Evacuate Collection Set: 0.01ms
[2025-12-16T20:44:47.927+0800][0.300s][info][gc,phases   ] GC(29)   Post Evacuate Collection Set: 0.02ms
[2025-12-16T20:44:47.927+0800][0.300s][info][gc,phases   ] GC(29)   Other: 0.02ms
[2025-12-16T20:44:47.927+0800][0.300s][info][gc,heap     ] GC(29) Eden regions: 15->0(15)
[2025-12-16T20:44:47.927+0800][0.300s][info][gc,heap     ] GC(29) Survivor regions: 1->1(2)
[2025-12-16T20:44:47.927+0800][0.300s][info][gc,heap     ] GC(29) Old regions: 2->2
[2025-12-16T20:44:47.927+0800][0.300s][info][gc,heap     ] GC(29) Humongous regions: 0->0
[2025-12-16T20:44:47.927+0800][0.300s][info][gc,metaspace] GC(29) Metaspace: 91K(320K)->91K(320K) NonClass: 83K(192K)->83K(192K) Class: 8K(128K)->8K(128K)
[2025-12-16T20:44:47.927+0800][0.300s][info][gc          ] GC(29) Pause Young (Normal) (G1 Evacuation Pause) 31M->1M(56M) 0.114ms
[2025-12-16T20:44:47.927+0800][0.300s][info][gc,cpu      ] GC(29) User=0.00s Sys=0.00s Real=0.00s
[2025-12-16T20:44:47.936+0800][0.309s][info][gc,start    ] GC(30) Pause Young (Normal) (G1 Evacuation Pause)
[2025-12-16T20:44:47.936+0800][0.309s][info][gc,task     ] GC(30) Using 2 workers of 9 for evacuation
[2025-12-16T20:44:47.936+0800][0.309s][info][gc,phases   ] GC(30)   Pre Evacuate Collection Set: 0.01ms
[2025-12-16T20:44:47.936+0800][0.309s][info][gc,phases   ] GC(30)   Merge Heap Roots: 0.00ms
[2025-12-16T20:44:47.936+0800][0.309s][info][gc,phases   ] GC(30)   Evacuate Collection Set: 0.01ms
[2025-12-16T20:44:47.936+0800][0.309s][info][gc,phases   ] GC(30)   Post Evacuate Collection Set: 0.02ms
[2025-12-16T20:44:47.936+0800][0.309s][info][gc,phases   ] GC(30)   Other: 0.02ms
[2025-12-16T20:44:47.936+0800][0.309s][info][gc,heap     ] GC(30) Eden regions: 15->0(15)
[2025-12-16T20:44:47.936+0800][0.309s][info][gc,heap     ] GC(30) Survivor regions: 1->1(2)
[2025-12-16T20:44:47.936+0800][0.309s][info][gc,heap     ] GC(30) Old regions: 2->2
[2025-12-16T20:44:47.936+0800][0.309s][info][gc,heap     ] GC(30) Humongous regions: 0->0
[2025-12-16T20:44:47.936+0800][0.309s][info][gc,metaspace] GC(30) Metaspace: 91K(320K)->91K(320K) NonClass: 83K(192K)->83K(192K) Class: 8K(128K)->8K(128K)
[2025-12-16T20:44:47.936+0800][0.309s][info][gc          ] GC(30) Pause Young (Normal) (G1 Evacuation Pause) 31M->1M(56M) 0.108ms
[2025-12-16T20:44:47.936+0800][0.309s][info][gc,cpu      ] GC(30) User=0.00s Sys=0.00s Real=0.00s
[2025-12-16T20:44:47.946+0800][0.319s][info][gc,start    ] GC(31) Pause Young (Normal) (G1 Evacuation Pause)
[2025-12-16T20:44:47.946+0800][0.319s][info][gc,task     ] GC(31) Using 2 workers of 9 for evacuation
[2025-12-16T20:44:47.946+0800][0.319s][info][gc,phases   ] GC(31)   Pre Evacuate Collection Set: 0.01ms
[2025-12-16T20:44:47.946+0800][0.319s][info][gc,phases   ] GC(31)   Merge Heap Roots: 0.01ms
[2025-12-16T20:44:47.946+0800][0.319s][info][gc,phases   ] GC(31)   Evacuate Collection Set: 0.01ms
[2025-12-16T20:44:47.946+0800][0.319s][info][gc,phases   ] GC(31)   Post Evacuate Collection Set: 0.02ms
[2025-12-16T20:44:47.946+0800][0.319s][info][gc,phases   ] GC(31)   Other: 0.02ms
[2025-12-16T20:44:47.946+0800][0.319s][info][gc,heap     ] GC(31) Eden regions: 15->0(15)
[2025-12-16T20:44:47.946+0800][0.319s][info][gc,heap     ] GC(31) Survivor regions: 1->1(2)
[2025-12-16T20:44:47.946+0800][0.319s][info][gc,heap     ] GC(31) Old regions: 2->2
[2025-12-16T20:44:47.946+0800][0.319s][info][gc,heap     ] GC(31) Humongous regions: 0->0
[2025-12-16T20:44:47.946+0800][0.319s][info][gc,metaspace] GC(31) Metaspace: 91K(320K)->91K(320K) NonClass: 83K(192K)->83K(192K) Class: 8K(128K)->8K(128K)
[2025-12-16T20:44:47.946+0800][0.319s][info][gc          ] GC(31) Pause Young (Normal) (G1 Evacuation Pause) 31M->1M(56M) 0.114ms
[2025-12-16T20:44:47.946+0800][0.319s][info][gc,cpu      ] GC(31) User=0.00s Sys=0.00s Real=0.00s
[2025-12-16T20:44:47.956+0800][0.329s][info][gc,start    ] GC(32) Pause Young (Normal) (G1 Evacuation Pause)
[2025-12-16T20:44:47.956+0800][0.329s][info][gc,task     ] GC(32) Using 2 workers of 9 for evacuation
[2025-12-16T20:44:47.956+0800][0.329s][info][gc,phases   ] GC(32)   Pre Evacuate Collection Set: 0.01ms
[2025-12-16T20:44:47.956+0800][0.329s][info][gc,phases   ] GC(32)   Merge Heap Roots: 0.00ms
[2025-12-16T20:44:47.956+0800][0.329s][info][gc,phases   ] GC(32)   Evacuate Collection Set: 0.01ms
[2025-12-16T20:44:47.956+0800][0.329s][info][gc,phases   ] GC(32)   Post Evacuate Collection Set: 0.02ms
[2025-12-16T20:44:47.956+0800][0.329s][info][gc,phases   ] GC(32)   Other: 0.02ms
[2025-12-16T20:44:47.956+0800][0.329s][info][gc,heap     ] GC(32) Eden regions: 15->0(15)
[2025-12-16T20:44:47.956+0800][0.329s][info][gc,heap     ] GC(32) Survivor regions: 1->1(2)
[2025-12-16T20:44:47.956+0800][0.329s][info][gc,heap     ] GC(32) Old regions: 2->2
[2025-12-16T20:44:47.956+0800][0.329s][info][gc,heap     ] GC(32) Humongous regions: 0->0
[2025-12-16T20:44:47.956+0800][0.329s][info][gc,metaspace] GC(32) Metaspace: 91K(320K)->91K(320K) NonClass: 83K(192K)->83K(192K) Class: 8K(128K)->8K(128K)
[2025-12-16T20:44:47.956+0800][0.329s][info][gc          ] GC(32) Pause Young (Normal) (G1 Evacuation Pause) 31M->1M(56M) 0.108ms
[2025-12-16T20:44:47.956+0800][0.329s][info][gc,cpu      ] GC(32) User=0.00s Sys=0.00s Real=0.00s
[2025-12-16T20:44:47.965+0800][0.338s][info][gc,start    ] GC(33) Pause Young (Normal) (G1 Evacuation Pause)
[2025-12-16T20:44:47.965+0800][0.338s][info][gc,task     ] GC(33) Using 2 workers of 9 for evacuation
[2025-12-16T20:44:47.965+0800][0.338s][info][gc,phases   ] GC(33)   Pre Evacuate Collection Set: 0.01ms
[2025-12-16T20:44:47.965+0800][0.338s][info][gc,phases   ] GC(33)   Merge Heap Roots: 0.00ms
[2025-12-16T20:44:47.965+0800][0.338s][info][gc,phases   ] GC(33)   Evacuate Collection Set: 0.01ms
[2025-12-16T20:44:47.965+0800][0.338s][info][gc,phases   ] GC(33)   Post Evacuate Collection Set: 0.02ms
[2025-12-16T20:44:47.965+0800][0.338s][info][gc,phases   ] GC(33)   Other: 0.02ms
[2025-12-16T20:44:47.965+0800][0.338s][info][gc,heap     ] GC(33) Eden regions: 15->0(15)
[2025-12-16T20:44:47.965+0800][0.338s][info][gc,heap     ] GC(33) Survivor regions: 1->1(2)
[2025-12-16T20:44:47.965+0800][0.338s][info][gc,heap     ] GC(33) Old regions: 2->2
[2025-12-16T20:44:47.965+0800][0.338s][info][gc,heap     ] GC(33) Humongous regions: 0->0
[2025-12-16T20:44:47.965+0800][0.338s][info][gc,metaspace] GC(33) Metaspace: 91K(320K)->91K(320K) NonClass: 83K(192K)->83K(192K) Class: 8K(128K)->8K(128K)
[2025-12-16T20:44:47.965+0800][0.338s][info][gc          ] GC(33) Pause Young (Normal) (G1 Evacuation Pause) 31M->1M(56M) 0.108ms
[2025-12-16T20:44:47.965+0800][0.338s][info][gc,cpu      ] GC(33) User=0.00s Sys=0.00s Real=0.00s
[2025-12-16T20:44:47.975+0800][0.348s][info][gc,start    ] GC(34) Pause Young (Normal) (G1 Evacuation Pause)
[2025-12-16T20:44:47.975+0800][0.348s][info][gc,task     ] GC(34) Using 2 workers of 9 for evacuation
[2025-12-16T20:44:47.975+0800][0.348s][info][gc,phases   ] GC(34)   Pre Evacuate Collection Set: 0.01ms
[2025-12-16T20:44:47.975+0800][0.348s][info][gc,phases   ] GC(34)   Merge Heap Roots: 0.01ms
[2025-12-16T20:44:47.975+0800][0.348s][info][gc,phases   ] GC(34)   Evacuate Collection Set: 0.02ms
[2025-12-16T20:44:47.975+0800][0.348s][info][gc,phases   ] GC(34)   Post Evacuate Collection Set: 0.02ms
[2025-12-16T20:44:47.975+0800][0.348s][info][gc,phases   ] GC(34)   Other: 0.02ms
[2025-12-16T20:44:47.975+0800][0.348s][info][gc,heap     ] GC(34) Eden regions: 15->0(15)
[2025-12-16T20:44:47.975+0800][0.348s][info][gc,heap     ] GC(34) Survivor regions: 1->1(2)
[2025-12-16T20:44:47.975+0800][0.348s][info][gc,heap     ] GC(34) Old regions: 2->2
[2025-12-16T20:44:47.975+0800][0.348s][info][gc,heap     ] GC(34) Humongous regions: 0->0
[2025-12-16T20:44:47.975+0800][0.348s][info][gc,metaspace] GC(34) Metaspace: 91K(320K)->91K(320K) NonClass: 83K(192K)->83K(192K) Class: 8K(128K)->8K(128K)
[2025-12-16T20:44:47.975+0800][0.348s][info][gc          ] GC(34) Pause Young (Normal) (G1 Evacuation Pause) 31M->1M(56M) 0.109ms
[2025-12-16T20:44:47.975+0800][0.348s][info][gc,cpu      ] GC(34) User=0.00s Sys=0.00s Real=0.00s
[2025-12-16T20:44:47.985+0800][0.358s][info][gc,start    ] GC(35) Pause Young (Normal) (G1 Evacuation Pause)
[2025-12-16T20:44:47.985+0800][0.358s][info][gc,task     ] GC(35) Using 2 workers of 9 for evacuation
[2025-12-16T20:44:47.985+0800][0.358s][info][gc,phases   ] GC(35)   Pre Evacuate Collection Set: 0.01ms
[2025-12-16T20:44:47.985+0800][0.358s][info][gc,phases   ] GC(35)   Merge Heap Roots: 0.01ms
[2025-12-16T20:44:47.985+0800][0.358s][info][gc,phases   ] GC(35)   Evacuate Collection Set: 0.01ms
[2025-12-16T20:44:47.985+0800][0.358s][info][gc,phases   ] GC(35)   Post Evacuate Collection Set: 0.02ms
[2025-12-16T20:44:47.985+0800][0.358s][info][gc,phases   ] GC(35)   Other: 0.02ms
[2025-12-16T20:44:47.985+0800][0.358s][info][gc,heap     ] GC(35) Eden regions: 15->0(15)
[2025-12-16T20:44:47.985+0800][0.358s][info][gc,heap     ] GC(35) Survivor regions: 1->1(2)
[2025-12-16T20:44:47.985+0800][0.358s][info][gc,heap     ] GC(35) Old regions: 2->2
[2025-12-16T20:44:47.985+0800][0.358s][info][gc,heap     ] GC(35) Humongous regions: 0->0
[2025-12-16T20:44:47.985+0800][0.358s][info][gc,metaspace] GC(35) Metaspace: 91K(320K)->91K(320K) NonClass: 83K(192K)->83K(192K) Class: 8K(128K)->8K(128K)
[2025-12-16T20:44:47.985+0800][0.358s][info][gc          ] GC(35) Pause Young (Normal) (G1 Evacuation Pause) 31M->1M(56M) 0.109ms
[2025-12-16T20:44:47.985+0800][0.358s][info][gc,cpu      ] GC(35) User=0.00s Sys=0.00s Real=0.00s
[2025-12-16T20:44:47.994+0800][0.367s][info][gc,start    ] GC(36) Pause Young (Normal) (G1 Evacuation Pause)
[2025-12-16T20:44:47.994+0800][0.367s][info][gc,task     ] GC(36) Using 2 workers of 9 for evacuation
[2025-12-16T20:44:47.994+0800][0.367s][info][gc,phases   ] GC(36)   Pre Evacuate Collection Set: 0.01ms
[2025-12-16T20:44:47.994+0800][0.367s][info][gc,phases   ] GC(36)   Merge Heap Roots: 0.01ms
[2025-12-16T20:44:47.994+0800][0.367s][info][gc,phases   ] GC(36)   Evacuate Collection Set: 0.01ms
[2025-12-16T20:44:47.994+0800][0.367s][info][gc,phases   ] GC(36)   Post Evacuate Collection Set: 0.02ms
[2025-12-16T20:44:47.994+0800][0.367s][info][gc,phases   ] GC(36)   Other: 0.02ms
[2025-12-16T20:44:47.994+0800][0.367s][info][gc,heap     ] GC(36) Eden regions: 15->0(15)
[2025-12-16T20:44:47.994+0800][0.367s][info][gc,heap     ] GC(36) Survivor regions: 1->1(2)
[2025-12-16T20:44:47.994+0800][0.367s][info][gc,heap     ] GC(36) Old regions: 2->2
[2025-12-16T20:44:47.994+0800][0.367s][info][gc,heap     ] GC(36) Humongous regions: 0->0
[2025-12-16T20:44:47.994+0800][0.367s][info][gc,metaspace] GC(36) Metaspace: 91K(320K)->91K(320K) NonClass: 83K(192K)->83K(192K) Class: 8K(128K)->8K(128K)
[2025-12-16T20:44:47.994+0800][0.367s][info][gc          ] GC(36) Pause Young (Normal) (G1 Evacuation Pause) 31M->1M(56M) 0.114ms
[2025-12-16T20:44:47.994+0800][0.367s][info][gc,cpu      ] GC(36) User=0.01s Sys=0.00s Real=0.00s
[2025-12-16T20:44:48.004+0800][0.377s][info][gc,start    ] GC(37) Pause Young (Normal) (G1 Evacuation Pause)
[2025-12-16T20:44:48.004+0800][0.377s][info][gc,task     ] GC(37) Using 2 workers of 9 for evacuation
[2025-12-16T20:44:48.004+0800][0.377s][info][gc,phases   ] GC(37)   Pre Evacuate Collection Set: 0.01ms
[2025-12-16T20:44:48.004+0800][0.377s][info][gc,phases   ] GC(37)   Merge Heap Roots: 0.00ms
[2025-12-16T20:44:48.004+0800][0.377s][info][gc,phases   ] GC(37)   Evacuate Collection Set: 0.01ms
[2025-12-16T20:44:48.004+0800][0.377s][info][gc,phases   ] GC(37)   Post Evacuate Collection Set: 0.02ms
[2025-12-16T20:44:48.004+0800][0.377s][info][gc,phases   ] GC(37)   Other: 0.02ms
[2025-12-16T20:44:48.004+0800][0.377s][info][gc,heap     ] GC(37) Eden regions: 15->0(15)
[2025-12-16T20:44:48.004+0800][0.377s][info][gc,heap     ] GC(37) Survivor regions: 1->1(2)
[2025-12-16T20:44:48.004+0800][0.377s][info][gc,heap     ] GC(37) Old regions: 2->2
[2025-12-16T20:44:48.004+0800][0.377s][info][gc,heap     ] GC(37) Humongous regions: 0->0
[2025-12-16T20:44:48.004+0800][0.377s][info][gc,metaspace] GC(37) Metaspace: 91K(320K)->91K(320K) NonClass: 83K(192K)->83K(192K) Class: 8K(128K)->8K(128K)
[2025-12-16T20:44:48.004+0800][0.377s][info][gc          ] GC(37) Pause Young (Normal) (G1 Evacuation Pause) 31M->1M(56M) 0.105ms
[2025-12-16T20:44:48.004+0800][0.377s][info][gc,cpu      ] GC(37) User=0.00s Sys=0.00s Real=0.00s
[2025-12-16T20:44:48.014+0800][0.387s][info][gc,start    ] GC(38) Pause Young (Normal) (G1 Evacuation Pause)
[2025-12-16T20:44:48.014+0800][0.387s][info][gc,task     ] GC(38) Using 2 workers of 9 for evacuation
[2025-12-16T20:44:48.014+0800][0.387s][info][gc,phases   ] GC(38)   Pre Evacuate Collection Set: 0.01ms
[2025-12-16T20:44:48.014+0800][0.387s][info][gc,phases   ] GC(38)   Merge Heap Roots: 0.00ms
[2025-12-16T20:44:48.014+0800][0.387s][info][gc,phases   ] GC(38)   Evacuate Collection Set: 0.01ms
[2025-12-16T20:44:48.014+0800][0.387s][info][gc,phases   ] GC(38)   Post Evacuate Collection Set: 0.02ms
[2025-12-16T20:44:48.014+0800][0.387s][info][gc,phases   ] GC(38)   Other: 0.02ms
[2025-12-16T20:44:48.014+0800][0.387s][info][gc,heap     ] GC(38) Eden regions: 15->0(15)
[2025-12-16T20:44:48.014+0800][0.387s][info][gc,heap     ] GC(38) Survivor regions: 1->1(2)
[2025-12-16T20:44:48.014+0800][0.387s][info][gc,heap     ] GC(38) Old regions: 2->2
[2025-12-16T20:44:48.014+0800][0.387s][info][gc,heap     ] GC(38) Humongous regions: 0->0
[2025-12-16T20:44:48.014+0800][0.387s][info][gc,metaspace] GC(38) Metaspace: 91K(320K)->91K(320K) NonClass: 83K(192K)->83K(192K) Class: 8K(128K)->8K(128K)
[2025-12-16T20:44:48.014+0800][0.387s][info][gc          ] GC(38) Pause Young (Normal) (G1 Evacuation Pause) 31M->1M(56M) 0.113ms
[2025-12-16T20:44:48.014+0800][0.387s][info][gc,cpu      ] GC(38) User=0.00s Sys=0.00s Real=0.00s
[2025-12-16T20:44:48.023+0800][0.396s][info][gc,start    ] GC(39) Pause Young (Normal) (G1 Evacuation Pause)
[2025-12-16T20:44:48.024+0800][0.397s][info][gc,task     ] GC(39) Using 2 workers of 9 for evacuation
[2025-12-16T20:44:48.024+0800][0.397s][info][gc,phases   ] GC(39)   Pre Evacuate Collection Set: 0.01ms
[2025-12-16T20:44:48.024+0800][0.397s][info][gc,phases   ] GC(39)   Merge Heap Roots: 0.01ms
[2025-12-16T20:44:48.024+0800][0.397s][info][gc,phases   ] GC(39)   Evacuate Collection Set: 0.01ms
[2025-12-16T20:44:48.024+0800][0.397s][info][gc,phases   ] GC(39)   Post Evacuate Collection Set: 0.02ms
[2025-12-16T20:44:48.024+0800][0.397s][info][gc,phases   ] GC(39)   Other: 0.02ms
[2025-12-16T20:44:48.024+0800][0.397s][info][gc,heap     ] GC(39) Eden regions: 15->0(15)
[2025-12-16T20:44:48.024+0800][0.397s][info][gc,heap     ] GC(39) Survivor regions: 1->1(2)
[2025-12-16T20:44:48.024+0800][0.397s][info][gc,heap     ] GC(39) Old regions: 2->2
[2025-12-16T20:44:48.024+0800][0.397s][info][gc,heap     ] GC(39) Humongous regions: 0->0
[2025-12-16T20:44:48.024+0800][0.397s][info][gc,metaspace] GC(39) Metaspace: 91K(320K)->91K(320K) NonClass: 83K(192K)->83K(192K) Class: 8K(128K)->8K(128K)
[2025-12-16T20:44:48.024+0800][0.397s][info][gc          ] GC(39) Pause Young (Normal) (G1 Evacuation Pause) 31M->1M(56M) 0.106ms
[2025-12-16T20:44:48.024+0800][0.397s][info][gc,cpu      ] GC(39) User=0.00s Sys=0.00s Real=0.00s
[2025-12-16T20:44:48.033+0800][0.406s][info][gc,start    ] GC(40) Pause Young (Normal) (G1 Evacuation Pause)
[2025-12-16T20:44:48.033+0800][0.406s][info][gc,task     ] GC(40) Using 2 workers of 9 for evacuation
[2025-12-16T20:44:48.033+0800][0.406s][info][gc,phases   ] GC(40)   Pre Evacuate Collection Set: 0.01ms
[2025-12-16T20:44:48.033+0800][0.406s][info][gc,phases   ] GC(40)   Merge Heap Roots: 0.01ms
[2025-12-16T20:44:48.033+0800][0.406s][info][gc,phases   ] GC(40)   Evacuate Collection Set: 0.02ms
[2025-12-16T20:44:48.033+0800][0.406s][info][gc,phases   ] GC(40)   Post Evacuate Collection Set: 0.03ms
[2025-12-16T20:44:48.033+0800][0.406s][info][gc,phases   ] GC(40)   Other: 0.02ms
[2025-12-16T20:44:48.033+0800][0.406s][info][gc,heap     ] GC(40) Eden regions: 15->0(15)
[2025-12-16T20:44:48.033+0800][0.406s][info][gc,heap     ] GC(40) Survivor regions: 1->1(2)
[2025-12-16T20:44:48.033+0800][0.406s][info][gc,heap     ] GC(40) Old regions: 2->2
[2025-12-16T20:44:48.033+0800][0.406s][info][gc,heap     ] GC(40) Humongous regions: 0->0
[2025-12-16T20:44:48.033+0800][0.406s][info][gc,metaspace] GC(40) Metaspace: 91K(320K)->91K(320K) NonClass: 83K(192K)->83K(192K) Class: 8K(128K)->8K(128K)
[2025-12-16T20:44:48.033+0800][0.406s][info][gc          ] GC(40) Pause Young (Normal) (G1 Evacuation Pause) 31M->1M(56M) 0.120ms
[2025-12-16T20:44:48.033+0800][0.406s][info][gc,cpu      ] GC(40) User=0.00s Sys=0.00s Real=0.00s
[2025-12-16T20:44:48.043+0800][0.416s][info][gc,start    ] GC(41) Pause Young (Normal) (G1 Evacuation Pause)
[2025-12-16T20:44:48.043+0800][0.416s][info][gc,task     ] GC(41) Using 2 workers of 9 for evacuation
[2025-12-16T20:44:48.043+0800][0.416s][info][gc,phases   ] GC(41)   Pre Evacuate Collection Set: 0.01ms
[2025-12-16T20:44:48.043+0800][0.416s][info][gc,phases   ] GC(41)   Merge Heap Roots: 0.00ms
[2025-12-16T20:44:48.043+0800][0.416s][info][gc,phases   ] GC(41)   Evacuate Collection Set: 0.01ms
[2025-12-16T20:44:48.043+0800][0.416s][info][gc,phases   ] GC(41)   Post Evacuate Collection Set: 0.02ms
[2025-12-16T20:44:48.043+0800][0.416s][info][gc,phases   ] GC(41)   Other: 0.02ms
[2025-12-16T20:44:48.043+0800][0.416s][info][gc,heap     ] GC(41) Eden regions: 15->0(15)
[2025-12-16T20:44:48.043+0800][0.416s][info][gc,heap     ] GC(41) Survivor regions: 1->1(2)
[2025-12-16T20:44:48.043+0800][0.416s][info][gc,heap     ] GC(41) Old regions: 2->2
[2025-12-16T20:44:48.043+0800][0.416s][info][gc,heap     ] GC(41) Humongous regions: 0->0
[2025-12-16T20:44:48.043+0800][0.416s][info][gc,metaspace] GC(41) Metaspace: 91K(320K)->91K(320K) NonClass: 83K(192K)->83K(192K) Class: 8K(128K)->8K(128K)
[2025-12-16T20:44:48.043+0800][0.416s][info][gc          ] GC(41) Pause Young (Normal) (G1 Evacuation Pause) 31M->1M(56M) 0.111ms
[2025-12-16T20:44:48.043+0800][0.416s][info][gc,cpu      ] GC(41) User=0.00s Sys=0.00s Real=0.00s
[2025-12-16T20:44:48.053+0800][0.426s][info][gc,start    ] GC(42) Pause Young (Normal) (G1 Evacuation Pause)
[2025-12-16T20:44:48.053+0800][0.426s][info][gc,task     ] GC(42) Using 2 workers of 9 for evacuation
[2025-12-16T20:44:48.053+0800][0.426s][info][gc,phases   ] GC(42)   Pre Evacuate Collection Set: 0.02ms
[2025-12-16T20:44:48.053+0800][0.426s][info][gc,phases   ] GC(42)   Merge Heap Roots: 0.00ms
[2025-12-16T20:44:48.053+0800][0.426s][info][gc,phases   ] GC(42)   Evacuate Collection Set: 0.01ms
[2025-12-16T20:44:48.053+0800][0.426s][info][gc,phases   ] GC(42)   Post Evacuate Collection Set: 0.02ms
[2025-12-16T20:44:48.053+0800][0.426s][info][gc,phases   ] GC(42)   Other: 0.02ms
[2025-12-16T20:44:48.053+0800][0.426s][info][gc,heap     ] GC(42) Eden regions: 15->0(15)
[2025-12-16T20:44:48.053+0800][0.426s][info][gc,heap     ] GC(42) Survivor regions: 1->1(2)
[2025-12-16T20:44:48.053+0800][0.426s][info][gc,heap     ] GC(42) Old regions: 2->2
[2025-12-16T20:44:48.053+0800][0.426s][info][gc,heap     ] GC(42) Humongous regions: 0->0
[2025-12-16T20:44:48.053+0800][0.426s][info][gc,metaspace] GC(42) Metaspace: 91K(320K)->91K(320K) NonClass: 83K(192K)->83K(192K) Class: 8K(128K)->8K(128K)
[2025-12-16T20:44:48.053+0800][0.426s][info][gc          ] GC(42) Pause Young (Normal) (G1 Evacuation Pause) 31M->1M(56M) 0.111ms
[2025-12-16T20:44:48.053+0800][0.426s][info][gc,cpu      ] GC(42) User=0.00s Sys=0.00s Real=0.00s
[2025-12-16T20:44:48.062+0800][0.435s][info][gc,start    ] GC(43) Pause Young (Normal) (G1 Evacuation Pause)
[2025-12-16T20:44:48.062+0800][0.435s][info][gc,task     ] GC(43) Using 2 workers of 9 for evacuation
[2025-12-16T20:44:48.062+0800][0.435s][info][gc,phases   ] GC(43)   Pre Evacuate Collection Set: 0.01ms
[2025-12-16T20:44:48.062+0800][0.435s][info][gc,phases   ] GC(43)   Merge Heap Roots: 0.00ms
[2025-12-16T20:44:48.062+0800][0.435s][info][gc,phases   ] GC(43)   Evacuate Collection Set: 0.01ms
[2025-12-16T20:44:48.062+0800][0.435s][info][gc,phases   ] GC(43)   Post Evacuate Collection Set: 0.02ms
[2025-12-16T20:44:48.062+0800][0.435s][info][gc,phases   ] GC(43)   Other: 0.02ms
[2025-12-16T20:44:48.062+0800][0.435s][info][gc,heap     ] GC(43) Eden regions: 15->0(15)
[2025-12-16T20:44:48.062+0800][0.435s][info][gc,heap     ] GC(43) Survivor regions: 1->1(2)
[2025-12-16T20:44:48.062+0800][0.435s][info][gc,heap     ] GC(43) Old regions: 2->2
[2025-12-16T20:44:48.062+0800][0.435s][info][gc,heap     ] GC(43) Humongous regions: 0->0
[2025-12-16T20:44:48.062+0800][0.435s][info][gc,metaspace] GC(43) Metaspace: 91K(320K)->91K(320K) NonClass: 83K(192K)->83K(192K) Class: 8K(128K)->8K(128K)
[2025-12-16T20:44:48.062+0800][0.435s][info][gc          ] GC(43) Pause Young (Normal) (G1 Evacuation Pause) 31M->1M(56M) 0.107ms
[2025-12-16T20:44:48.062+0800][0.435s][info][gc,cpu      ] GC(43) User=0.00s Sys=0.00s Real=0.00s
[2025-12-16T20:44:48.072+0800][0.445s][info][gc,start    ] GC(44) Pause Young (Normal) (G1 Evacuation Pause)
[2025-12-16T20:44:48.072+0800][0.445s][info][gc,task     ] GC(44) Using 2 workers of 9 for evacuation
[2025-12-16T20:44:48.072+0800][0.445s][info][gc,phases   ] GC(44)   Pre Evacuate Collection Set: 0.01ms
[2025-12-16T20:44:48.072+0800][0.445s][info][gc,phases   ] GC(44)   Merge Heap Roots: 0.00ms
[2025-12-16T20:44:48.072+0800][0.445s][info][gc,phases   ] GC(44)   Evacuate Collection Set: 0.01ms
[2025-12-16T20:44:48.072+0800][0.445s][info][gc,phases   ] GC(44)   Post Evacuate Collection Set: 0.02ms
[2025-12-16T20:44:48.072+0800][0.445s][info][gc,phases   ] GC(44)   Other: 0.02ms
[2025-12-16T20:44:48.072+0800][0.445s][info][gc,heap     ] GC(44) Eden regions: 15->0(15)
[2025-12-16T20:44:48.072+0800][0.445s][info][gc,heap     ] GC(44) Survivor regions: 1->1(2)
[2025-12-16T20:44:48.072+0800][0.445s][info][gc,heap     ] GC(44) Old regions: 2->2
[2025-12-16T20:44:48.072+0800][0.445s][info][gc,heap     ] GC(44) Humongous regions: 0->0
[2025-12-16T20:44:48.072+0800][0.445s][info][gc,metaspace] GC(44) Metaspace: 91K(320K)->91K(320K) NonClass: 83K(192K)->83K(192K) Class: 8K(128K)->8K(128K)
[2025-12-16T20:44:48.072+0800][0.445s][info][gc          ] GC(44) Pause Young (Normal) (G1 Evacuation Pause) 31M->1M(56M) 0.121ms
[2025-12-16T20:44:48.072+0800][0.445s][info][gc,cpu      ] GC(44) User=0.00s Sys=0.00s Real=0.00s
[2025-12-16T20:44:48.082+0800][0.455s][info][gc,start    ] GC(45) Pause Young (Normal) (G1 Evacuation Pause)
[2025-12-16T20:44:48.082+0800][0.455s][info][gc,task     ] GC(45) Using 2 workers of 9 for evacuation
[2025-12-16T20:44:48.082+0800][0.455s][info][gc,phases   ] GC(45)   Pre Evacuate Collection Set: 0.01ms
[2025-12-16T20:44:48.082+0800][0.455s][info][gc,phases   ] GC(45)   Merge Heap Roots: 0.00ms
[2025-12-16T20:44:48.082+0800][0.455s][info][gc,phases   ] GC(45)   Evacuate Collection Set: 0.01ms
[2025-12-16T20:44:48.082+0800][0.455s][info][gc,phases   ] GC(45)   Post Evacuate Collection Set: 0.03ms
[2025-12-16T20:44:48.082+0800][0.455s][info][gc,phases   ] GC(45)   Other: 0.02ms
[2025-12-16T20:44:48.082+0800][0.455s][info][gc,heap     ] GC(45) Eden regions: 15->0(15)
[2025-12-16T20:44:48.082+0800][0.455s][info][gc,heap     ] GC(45) Survivor regions: 1->1(2)
[2025-12-16T20:44:48.082+0800][0.455s][info][gc,heap     ] GC(45) Old regions: 2->2
[2025-12-16T20:44:48.082+0800][0.455s][info][gc,heap     ] GC(45) Humongous regions: 0->0
[2025-12-16T20:44:48.082+0800][0.455s][info][gc,metaspace] GC(45) Metaspace: 91K(320K)->91K(320K) NonClass: 83K(192K)->83K(192K) Class: 8K(128K)->8K(128K)
[2025-12-16T20:44:48.082+0800][0.455s][info][gc          ] GC(45) Pause Young (Normal) (G1 Evacuation Pause) 31M->1M(56M) 0.105ms
[2025-12-16T20:44:48.082+0800][0.455s][info][gc,cpu      ] GC(45) User=0.00s Sys=0.00s Real=0.00s
[2025-12-16T20:44:48.091+0800][0.464s][info][gc,start    ] GC(46) Pause Young (Normal) (G1 Evacuation Pause)
[2025-12-16T20:44:48.091+0800][0.464s][info][gc,task     ] GC(46) Using 2 workers of 9 for evacuation
[2025-12-16T20:44:48.091+0800][0.464s][info][gc,phases   ] GC(46)   Pre Evacuate Collection Set: 0.01ms
[2025-12-16T20:44:48.091+0800][0.464s][info][gc,phases   ] GC(46)   Merge Heap Roots: 0.01ms
[2025-12-16T20:44:48.091+0800][0.464s][info][gc,phases   ] GC(46)   Evacuate Collection Set: 0.01ms
[2025-12-16T20:44:48.091+0800][0.464s][info][gc,phases   ] GC(46)   Post Evacuate Collection Set: 0.03ms
[2025-12-16T20:44:48.091+0800][0.464s][info][gc,phases   ] GC(46)   Other: 0.02ms
[2025-12-16T20:44:48.091+0800][0.464s][info][gc,heap     ] GC(46) Eden regions: 15->0(15)
[2025-12-16T20:44:48.091+0800][0.464s][info][gc,heap     ] GC(46) Survivor regions: 1->1(2)
[2025-12-16T20:44:48.091+0800][0.464s][info][gc,heap     ] GC(46) Old regions: 2->2
[2025-12-16T20:44:48.091+0800][0.464s][info][gc,heap     ] GC(46) Humongous regions: 0->0
[2025-12-16T20:44:48.091+0800][0.464s][info][gc,metaspace] GC(46) Metaspace: 91K(320K)->91K(320K) NonClass: 83K(192K)->83K(192K) Class: 8K(128K)->8K(128K)
[2025-12-16T20:44:48.091+0800][0.464s][info][gc          ] GC(46) Pause Young (Normal) (G1 Evacuation Pause) 31M->1M(56M) 0.113ms
[2025-12-16T20:44:48.091+0800][0.464s][info][gc,cpu      ] GC(46) User=0.00s Sys=0.00s Real=0.00s
[2025-12-16T20:44:48.101+0800][0.474s][info][gc,start    ] GC(47) Pause Young (Normal) (G1 Evacuation Pause)
[2025-12-16T20:44:48.101+0800][0.474s][info][gc,task     ] GC(47) Using 2 workers of 9 for evacuation
[2025-12-16T20:44:48.101+0800][0.474s][info][gc,phases   ] GC(47)   Pre Evacuate Collection Set: 0.01ms
[2025-12-16T20:44:48.101+0800][0.474s][info][gc,phases   ] GC(47)   Merge Heap Roots: 0.01ms
[2025-12-16T20:44:48.101+0800][0.474s][info][gc,phases   ] GC(47)   Evacuate Collection Set: 0.01ms
[2025-12-16T20:44:48.101+0800][0.474s][info][gc,phases   ] GC(47)   Post Evacuate Collection Set: 0.03ms
[2025-12-16T20:44:48.101+0800][0.474s][info][gc,phases   ] GC(47)   Other: 0.02ms
[2025-12-16T20:44:48.101+0800][0.474s][info][gc,heap     ] GC(47) Eden regions: 15->0(15)
[2025-12-16T20:44:48.101+0800][0.474s][info][gc,heap     ] GC(47) Survivor regions: 1->1(2)
[2025-12-16T20:44:48.101+0800][0.474s][info][gc,heap     ] GC(47) Old regions: 2->2
[2025-12-16T20:44:48.101+0800][0.474s][info][gc,heap     ] GC(47) Humongous regions: 0->0
[2025-12-16T20:44:48.101+0800][0.474s][info][gc,metaspace] GC(47) Metaspace: 91K(320K)->91K(320K) NonClass: 83K(192K)->83K(192K) Class: 8K(128K)->8K(128K)
[2025-12-16T20:44:48.101+0800][0.474s][info][gc          ] GC(47) Pause Young (Normal) (G1 Evacuation Pause) 31M->1M(56M) 0.111ms
[2025-12-16T20:44:48.101+0800][0.474s][info][gc,cpu      ] GC(47) User=0.00s Sys=0.00s Real=0.00s
[2025-12-16T20:44:48.111+0800][0.484s][info][gc,start    ] GC(48) Pause Young (Normal) (G1 Evacuation Pause)
[2025-12-16T20:44:48.111+0800][0.484s][info][gc,task     ] GC(48) Using 2 workers of 9 for evacuation
[2025-12-16T20:44:48.111+0800][0.484s][info][gc,phases   ] GC(48)   Pre Evacuate Collection Set: 0.01ms
[2025-12-16T20:44:48.111+0800][0.484s][info][gc,phases   ] GC(48)   Merge Heap Roots: 0.00ms
[2025-12-16T20:44:48.111+0800][0.484s][info][gc,phases   ] GC(48)   Evacuate Collection Set: 0.01ms
[2025-12-16T20:44:48.111+0800][0.484s][info][gc,phases   ] GC(48)   Post Evacuate Collection Set: 0.02ms
[2025-12-16T20:44:48.111+0800][0.484s][info][gc,phases   ] GC(48)   Other: 0.02ms
[2025-12-16T20:44:48.111+0800][0.484s][info][gc,heap     ] GC(48) Eden regions: 15->0(15)
[2025-12-16T20:44:48.111+0800][0.484s][info][gc,heap     ] GC(48) Survivor regions: 1->1(2)
[2025-12-16T20:44:48.111+0800][0.484s][info][gc,heap     ] GC(48) Old regions: 2->2
[2025-12-16T20:44:48.111+0800][0.484s][info][gc,heap     ] GC(48) Humongous regions: 0->0
[2025-12-16T20:44:48.111+0800][0.484s][info][gc,metaspace] GC(48) Metaspace: 91K(320K)->91K(320K) NonClass: 83K(192K)->83K(192K) Class: 8K(128K)->8K(128K)
[2025-12-16T20:44:48.111+0800][0.484s][info][gc          ] GC(48) Pause Young (Normal) (G1 Evacuation Pause) 31M->1M(56M) 0.106ms
[2025-12-16T20:44:48.111+0800][0.484s][info][gc,cpu      ] GC(48) User=0.00s Sys=0.00s Real=0.00s
[2025-12-16T20:44:48.121+0800][0.494s][info][gc,start    ] GC(49) Pause Young (Normal) (G1 Evacuation Pause)
[2025-12-16T20:44:48.121+0800][0.494s][info][gc,task     ] GC(49) Using 2 workers of 9 for evacuation
[2025-12-16T20:44:48.121+0800][0.494s][info][gc,phases   ] GC(49)   Pre Evacuate Collection Set: 0.01ms
[2025-12-16T20:44:48.121+0800][0.494s][info][gc,phases   ] GC(49)   Merge Heap Roots: 0.00ms
[2025-12-16T20:44:48.121+0800][0.494s][info][gc,phases   ] GC(49)   Evacuate Collection Set: 0.01ms
[2025-12-16T20:44:48.121+0800][0.494s][info][gc,phases   ] GC(49)   Post Evacuate Collection Set: 0.02ms
[2025-12-16T20:44:48.121+0800][0.494s][info][gc,phases   ] GC(49)   Other: 0.02ms
[2025-12-16T20:44:48.121+0800][0.494s][info][gc,heap     ] GC(49) Eden regions: 15->0(15)
[2025-12-16T20:44:48.121+0800][0.494s][info][gc,heap     ] GC(49) Survivor regions: 1->1(2)
[2025-12-16T20:44:48.121+0800][0.494s][info][gc,heap     ] GC(49) Old regions: 2->2
[2025-12-16T20:44:48.121+0800][0.494s][info][gc,heap     ] GC(49) Humongous regions: 0->0
[2025-12-16T20:44:48.121+0800][0.494s][info][gc,metaspace] GC(49) Metaspace: 91K(320K)->91K(320K) NonClass: 83K(192K)->83K(192K) Class: 8K(128K)->8K(128K)
[2025-12-16T20:44:48.121+0800][0.494s][info][gc          ] GC(49) Pause Young (Normal) (G1 Evacuation Pause) 31M->1M(56M) 0.111ms
[2025-12-16T20:44:48.121+0800][0.494s][info][gc,cpu      ] GC(49) User=0.00s Sys=0.00s Real=0.00s
[2025-12-16T20:44:48.130+0800][0.503s][info][gc,start    ] GC(50) Pause Young (Normal) (G1 Evacuation Pause)
[2025-12-16T20:44:48.130+0800][0.503s][info][gc,task     ] GC(50) Using 2 workers of 9 for evacuation
[2025-12-16T20:44:48.130+0800][0.503s][info][gc,phases   ] GC(50)   Pre Evacuate Collection Set: 0.01ms
[2025-12-16T20:44:48.130+0800][0.503s][info][gc,phases   ] GC(50)   Merge Heap Roots: 0.01ms
[2025-12-16T20:44:48.130+0800][0.503s][info][gc,phases   ] GC(50)   Evacuate Collection Set: 0.01ms
[2025-12-16T20:44:48.130+0800][0.503s][info][gc,phases   ] GC(50)   Post Evacuate Collection Set: 0.03ms
[2025-12-16T20:44:48.130+0800][0.503s][info][gc,phases   ] GC(50)   Other: 0.02ms
[2025-12-16T20:44:48.130+0800][0.503s][info][gc,heap     ] GC(50) Eden regions: 15->0(15)
[2025-12-16T20:44:48.130+0800][0.503s][info][gc,heap     ] GC(50) Survivor regions: 1->1(2)
[2025-12-16T20:44:48.130+0800][0.503s][info][gc,heap     ] GC(50) Old regions: 2->2
[2025-12-16T20:44:48.130+0800][0.503s][info][gc,heap     ] GC(50) Humongous regions: 0->0
[2025-12-16T20:44:48.130+0800][0.503s][info][gc,metaspace] GC(50) Metaspace: 91K(320K)->91K(320K) NonClass: 83K(192K)->83K(192K) Class: 8K(128K)->8K(128K)
[2025-12-16T20:44:48.130+0800][0.503s][info][gc          ] GC(50) Pause Young (Normal) (G1 Evacuation Pause) 31M->1M(56M) 0.112ms
[2025-12-16T20:44:48.130+0800][0.503s][info][gc,cpu      ] GC(50) User=0.00s Sys=0.00s Real=0.00s
[2025-12-16T20:44:48.140+0800][0.513s][info][gc,start    ] GC(51) Pause Young (Normal) (G1 Evacuation Pause)
[2025-12-16T20:44:48.140+0800][0.513s][info][gc,task     ] GC(51) Using 2 workers of 9 for evacuation
[2025-12-16T20:44:48.140+0800][0.513s][info][gc,phases   ] GC(51)   Pre Evacuate Collection Set: 0.01ms
[2025-12-16T20:44:48.140+0800][0.513s][info][gc,phases   ] GC(51)   Merge Heap Roots: 0.01ms
[2025-12-16T20:44:48.140+0800][0.513s][info][gc,phases   ] GC(51)   Evacuate Collection Set: 0.01ms
[2025-12-16T20:44:48.140+0800][0.513s][info][gc,phases   ] GC(51)   Post Evacuate Collection Set: 0.02ms
[2025-12-16T20:44:48.140+0800][0.513s][info][gc,phases   ] GC(51)   Other: 0.02ms
[2025-12-16T20:44:48.140+0800][0.513s][info][gc,heap     ] GC(51) Eden regions: 15->0(15)
[2025-12-16T20:44:48.140+0800][0.513s][info][gc,heap     ] GC(51) Survivor regions: 1->1(2)
[2025-12-16T20:44:48.140+0800][0.513s][info][gc,heap     ] GC(51) Old regions: 2->2
[2025-12-16T20:44:48.140+0800][0.513s][info][gc,heap     ] GC(51) Humongous regions: 0->0
[2025-12-16T20:44:48.140+0800][0.513s][info][gc,metaspace] GC(51) Metaspace: 91K(320K)->91K(320K) NonClass: 83K(192K)->83K(192K) Class: 8K(128K)->8K(128K)
[2025-12-16T20:44:48.140+0800][0.513s][info][gc          ] GC(51) Pause Young (Normal) (G1 Evacuation Pause) 31M->1M(56M) 0.109ms
[2025-12-16T20:44:48.140+0800][0.513s][info][gc,cpu      ] GC(51) User=0.00s Sys=0.00s Real=0.00s
[2025-12-16T20:44:48.150+0800][0.523s][info][gc,start    ] GC(52) Pause Young (Normal) (G1 Evacuation Pause)
[2025-12-16T20:44:48.150+0800][0.523s][info][gc,task     ] GC(52) Using 2 workers of 9 for evacuation
[2025-12-16T20:44:48.150+0800][0.523s][info][gc,phases   ] GC(52)   Pre Evacuate Collection Set: 0.01ms
[2025-12-16T20:44:48.150+0800][0.523s][info][gc,phases   ] GC(52)   Merge Heap Roots: 0.01ms
[2025-12-16T20:44:48.150+0800][0.523s][info][gc,phases   ] GC(52)   Evacuate Collection Set: 0.02ms
[2025-12-16T20:44:48.150+0800][0.523s][info][gc,phases   ] GC(52)   Post Evacuate Collection Set: 0.03ms
[2025-12-16T20:44:48.150+0800][0.523s][info][gc,phases   ] GC(52)   Other: 0.02ms
[2025-12-16T20:44:48.150+0800][0.523s][info][gc,heap     ] GC(52) Eden regions: 15->0(15)
[2025-12-16T20:44:48.150+0800][0.523s][info][gc,heap     ] GC(52) Survivor regions: 1->1(2)
[2025-12-16T20:44:48.150+0800][0.523s][info][gc,heap     ] GC(52) Old regions: 2->2
[2025-12-16T20:44:48.150+0800][0.523s][info][gc,heap     ] GC(52) Humongous regions: 0->0
[2025-12-16T20:44:48.150+0800][0.523s][info][gc,metaspace] GC(52) Metaspace: 91K(320K)->91K(320K) NonClass: 83K(192K)->83K(192K) Class: 8K(128K)->8K(128K)
[2025-12-16T20:44:48.150+0800][0.523s][info][gc          ] GC(52) Pause Young (Normal) (G1 Evacuation Pause) 31M->1M(56M) 0.122ms
[2025-12-16T20:44:48.150+0800][0.523s][info][gc,cpu      ] GC(52) User=0.00s Sys=0.00s Real=0.00s
[2025-12-16T20:44:48.160+0800][0.533s][info][gc,start    ] GC(53) Pause Young (Normal) (G1 Evacuation Pause)
[2025-12-16T20:44:48.160+0800][0.533s][info][gc,task     ] GC(53) Using 2 workers of 9 for evacuation
[2025-12-16T20:44:48.160+0800][0.533s][info][gc,phases   ] GC(53)   Pre Evacuate Collection Set: 0.01ms
[2025-12-16T20:44:48.160+0800][0.533s][info][gc,phases   ] GC(53)   Merge Heap Roots: 0.01ms
[2025-12-16T20:44:48.160+0800][0.533s][info][gc,phases   ] GC(53)   Evacuate Collection Set: 0.01ms
[2025-12-16T20:44:48.160+0800][0.533s][info][gc,phases   ] GC(53)   Post Evacuate Collection Set: 0.02ms
[2025-12-16T20:44:48.160+0800][0.533s][info][gc,phases   ] GC(53)   Other: 0.02ms
[2025-12-16T20:44:48.160+0800][0.533s][info][gc,heap     ] GC(53) Eden regions: 15->0(15)
[2025-12-16T20:44:48.160+0800][0.533s][info][gc,heap     ] GC(53) Survivor regions: 1->1(2)
[2025-12-16T20:44:48.160+0800][0.533s][info][gc,heap     ] GC(53) Old regions: 2->2
[2025-12-16T20:44:48.160+0800][0.533s][info][gc,heap     ] GC(53) Humongous regions: 0->0
[2025-12-16T20:44:48.160+0800][0.533s][info][gc,metaspace] GC(53) Metaspace: 91K(320K)->91K(320K) NonClass: 83K(192K)->83K(192K) Class: 8K(128K)->8K(128K)
[2025-12-16T20:44:48.160+0800][0.533s][info][gc          ] GC(53) Pause Young (Normal) (G1 Evacuation Pause) 31M->1M(56M) 0.108ms
[2025-12-16T20:44:48.160+0800][0.533s][info][gc,cpu      ] GC(53) User=0.00s Sys=0.00s Real=0.00s
[2025-12-16T20:44:48.170+0800][0.543s][info][gc,start    ] GC(54) Pause Young (Normal) (G1 Evacuation Pause)
[2025-12-16T20:44:48.170+0800][0.543s][info][gc,task     ] GC(54) Using 2 workers of 9 for evacuation
[2025-12-16T20:44:48.170+0800][0.543s][info][gc,phases   ] GC(54)   Pre Evacuate Collection Set: 0.01ms
[2025-12-16T20:44:48.170+0800][0.543s][info][gc,phases   ] GC(54)   Merge Heap Roots: 0.00ms
[2025-12-16T20:44:48.170+0800][0.543s][info][gc,phases   ] GC(54)   Evacuate Collection Set: 0.01ms
[2025-12-16T20:44:48.170+0800][0.543s][info][gc,phases   ] GC(54)   Post Evacuate Collection Set: 0.02ms
[2025-12-16T20:44:48.170+0800][0.543s][info][gc,phases   ] GC(54)   Other: 0.02ms
[2025-12-16T20:44:48.170+0800][0.543s][info][gc,heap     ] GC(54) Eden regions: 15->0(15)
[2025-12-16T20:44:48.170+0800][0.543s][info][gc,heap     ] GC(54) Survivor regions: 1->1(2)
[2025-12-16T20:44:48.170+0800][0.543s][info][gc,heap     ] GC(54) Old regions: 2->2
[2025-12-16T20:44:48.170+0800][0.543s][info][gc,heap     ] GC(54) Humongous regions: 0->0
[2025-12-16T20:44:48.170+0800][0.543s][info][gc,metaspace] GC(54) Metaspace: 91K(320K)->91K(320K) NonClass: 83K(192K)->83K(192K) Class: 8K(128K)->8K(128K)
[2025-12-16T20:44:48.170+0800][0.543s][info][gc          ] GC(54) Pause Young (Normal) (G1 Evacuation Pause) 31M->1M(56M) 0.107ms
[2025-12-16T20:44:48.170+0800][0.543s][info][gc,cpu      ] GC(54) User=0.00s Sys=0.00s Real=0.00s
[2025-12-16T20:44:48.179+0800][0.552s][info][gc,start    ] GC(55) Pause Young (Normal) (G1 Evacuation Pause)
[2025-12-16T20:44:48.179+0800][0.552s][info][gc,task     ] GC(55) Using 2 workers of 9 for evacuation
[2025-12-16T20:44:48.179+0800][0.552s][info][gc,phases   ] GC(55)   Pre Evacuate Collection Set: 0.02ms
[2025-12-16T20:44:48.179+0800][0.552s][info][gc,phases   ] GC(55)   Merge Heap Roots: 0.01ms
[2025-12-16T20:44:48.179+0800][0.552s][info][gc,phases   ] GC(55)   Evacuate Collection Set: 0.01ms
[2025-12-16T20:44:48.179+0800][0.552s][info][gc,phases   ] GC(55)   Post Evacuate Collection Set: 0.03ms
[2025-12-16T20:44:48.179+0800][0.552s][info][gc,phases   ] GC(55)   Other: 0.02ms
[2025-12-16T20:44:48.179+0800][0.552s][info][gc,heap     ] GC(55) Eden regions: 15->0(15)
[2025-12-16T20:44:48.179+0800][0.552s][info][gc,heap     ] GC(55) Survivor regions: 1->1(2)
[2025-12-16T20:44:48.179+0800][0.552s][info][gc,heap     ] GC(55) Old regions: 2->2
[2025-12-16T20:44:48.179+0800][0.552s][info][gc,heap     ] GC(55) Humongous regions: 0->0
[2025-12-16T20:44:48.179+0800][0.552s][info][gc,metaspace] GC(55) Metaspace: 91K(320K)->91K(320K) NonClass: 83K(192K)->83K(192K) Class: 8K(128K)->8K(128K)
[2025-12-16T20:44:48.179+0800][0.552s][info][gc          ] GC(55) Pause Young (Normal) (G1 Evacuation Pause) 31M->1M(56M) 0.128ms
[2025-12-16T20:44:48.179+0800][0.552s][info][gc,cpu      ] GC(55) User=0.00s Sys=0.00s Real=0.00s
[2025-12-16T20:44:48.189+0800][0.562s][info][gc,start    ] GC(56) Pause Young (Normal) (G1 Evacuation Pause)
[2025-12-16T20:44:48.189+0800][0.562s][info][gc,task     ] GC(56) Using 2 workers of 9 for evacuation
[2025-12-16T20:44:48.189+0800][0.562s][info][gc,phases   ] GC(56)   Pre Evacuate Collection Set: 0.01ms
[2025-12-16T20:44:48.189+0800][0.562s][info][gc,phases   ] GC(56)   Merge Heap Roots: 0.01ms
[2025-12-16T20:44:48.189+0800][0.562s][info][gc,phases   ] GC(56)   Evacuate Collection Set: 0.01ms
[2025-12-16T20:44:48.189+0800][0.562s][info][gc,phases   ] GC(56)   Post Evacuate Collection Set: 0.02ms
[2025-12-16T20:44:48.189+0800][0.562s][info][gc,phases   ] GC(56)   Other: 0.02ms
[2025-12-16T20:44:48.189+0800][0.562s][info][gc,heap     ] GC(56) Eden regions: 15->0(15)
[2025-12-16T20:44:48.189+0800][0.562s][info][gc,heap     ] GC(56) Survivor regions: 1->1(2)
[2025-12-16T20:44:48.189+0800][0.562s][info][gc,heap     ] GC(56) Old regions: 2->2
[2025-12-16T20:44:48.189+0800][0.562s][info][gc,heap     ] GC(56) Humongous regions: 0->0
[2025-12-16T20:44:48.189+0800][0.562s][info][gc,metaspace] GC(56) Metaspace: 91K(320K)->91K(320K) NonClass: 83K(192K)->83K(192K) Class: 8K(128K)->8K(128K)
[2025-12-16T20:44:48.189+0800][0.562s][info][gc          ] GC(56) Pause Young (Normal) (G1 Evacuation Pause) 31M->1M(56M) 0.112ms
[2025-12-16T20:44:48.189+0800][0.562s][info][gc,cpu      ] GC(56) User=0.00s Sys=0.00s Real=0.00s
[2025-12-16T20:44:48.199+0800][0.572s][info][gc,start    ] GC(57) Pause Young (Normal) (G1 Evacuation Pause)
[2025-12-16T20:44:48.199+0800][0.572s][info][gc,task     ] GC(57) Using 2 workers of 9 for evacuation
[2025-12-16T20:44:48.199+0800][0.572s][info][gc,phases   ] GC(57)   Pre Evacuate Collection Set: 0.01ms
[2025-12-16T20:44:48.199+0800][0.572s][info][gc,phases   ] GC(57)   Merge Heap Roots: 0.01ms
[2025-12-16T20:44:48.199+0800][0.572s][info][gc,phases   ] GC(57)   Evacuate Collection Set: 0.01ms
[2025-12-16T20:44:48.199+0800][0.572s][info][gc,phases   ] GC(57)   Post Evacuate Collection Set: 0.03ms
[2025-12-16T20:44:48.199+0800][0.572s][info][gc,phases   ] GC(57)   Other: 0.02ms
[2025-12-16T20:44:48.199+0800][0.572s][info][gc,heap     ] GC(57) Eden regions: 15->0(15)
[2025-12-16T20:44:48.199+0800][0.572s][info][gc,heap     ] GC(57) Survivor regions: 1->1(2)
[2025-12-16T20:44:48.199+0800][0.572s][info][gc,heap     ] GC(57) Old regions: 2->2
[2025-12-16T20:44:48.199+0800][0.572s][info][gc,heap     ] GC(57) Humongous regions: 0->0
[2025-12-16T20:44:48.199+0800][0.572s][info][gc,metaspace] GC(57) Metaspace: 91K(320K)->91K(320K) NonClass: 83K(192K)->83K(192K) Class: 8K(128K)->8K(128K)
[2025-12-16T20:44:48.199+0800][0.572s][info][gc          ] GC(57) Pause Young (Normal) (G1 Evacuation Pause) 31M->1M(56M) 0.112ms
[2025-12-16T20:44:48.199+0800][0.572s][info][gc,cpu      ] GC(57) User=0.00s Sys=0.00s Real=0.00s
[2025-12-16T20:44:48.208+0800][0.581s][info][gc,start    ] GC(58) Pause Young (Normal) (G1 Evacuation Pause)
[2025-12-16T20:44:48.208+0800][0.581s][info][gc,task     ] GC(58) Using 2 workers of 9 for evacuation
[2025-12-16T20:44:48.208+0800][0.581s][info][gc,phases   ] GC(58)   Pre Evacuate Collection Set: 0.01ms
[2025-12-16T20:44:48.208+0800][0.581s][info][gc,phases   ] GC(58)   Merge Heap Roots: 0.01ms
[2025-12-16T20:44:48.208+0800][0.581s][info][gc,phases   ] GC(58)   Evacuate Collection Set: 0.01ms
[2025-12-16T20:44:48.208+0800][0.581s][info][gc,phases   ] GC(58)   Post Evacuate Collection Set: 0.02ms
[2025-12-16T20:44:48.208+0800][0.581s][info][gc,phases   ] GC(58)   Other: 0.02ms
[2025-12-16T20:44:48.208+0800][0.581s][info][gc,heap     ] GC(58) Eden regions: 15->0(15)
[2025-12-16T20:44:48.208+0800][0.581s][info][gc,heap     ] GC(58) Survivor regions: 1->1(2)
[2025-12-16T20:44:48.208+0800][0.581s][info][gc,heap     ] GC(58) Old regions: 2->2
[2025-12-16T20:44:48.208+0800][0.581s][info][gc,heap     ] GC(58) Humongous regions: 0->0
[2025-12-16T20:44:48.208+0800][0.581s][info][gc,metaspace] GC(58) Metaspace: 91K(320K)->91K(320K) NonClass: 83K(192K)->83K(192K) Class: 8K(128K)->8K(128K)
[2025-12-16T20:44:48.208+0800][0.581s][info][gc          ] GC(58) Pause Young (Normal) (G1 Evacuation Pause) 31M->1M(56M) 0.110ms
[2025-12-16T20:44:48.208+0800][0.581s][info][gc,cpu      ] GC(58) User=0.00s Sys=0.00s Real=0.00s
[2025-12-16T20:44:48.218+0800][0.591s][info][gc,start    ] GC(59) Pause Young (Normal) (G1 Evacuation Pause)
[2025-12-16T20:44:48.218+0800][0.591s][info][gc,task     ] GC(59) Using 2 workers of 9 for evacuation
[2025-12-16T20:44:48.218+0800][0.591s][info][gc,phases   ] GC(59)   Pre Evacuate Collection Set: 0.01ms
[2025-12-16T20:44:48.218+0800][0.591s][info][gc,phases   ] GC(59)   Merge Heap Roots: 0.00ms
[2025-12-16T20:44:48.218+0800][0.591s][info][gc,phases   ] GC(59)   Evacuate Collection Set: 0.01ms
[2025-12-16T20:44:48.218+0800][0.591s][info][gc,phases   ] GC(59)   Post Evacuate Collection Set: 0.02ms
[2025-12-16T20:44:48.218+0800][0.591s][info][gc,phases   ] GC(59)   Other: 0.02ms
[2025-12-16T20:44:48.218+0800][0.591s][info][gc,heap     ] GC(59) Eden regions: 15->0(15)
[2025-12-16T20:44:48.218+0800][0.591s][info][gc,heap     ] GC(59) Survivor regions: 1->1(2)
[2025-12-16T20:44:48.218+0800][0.591s][info][gc,heap     ] GC(59) Old regions: 2->2
[2025-12-16T20:44:48.218+0800][0.591s][info][gc,heap     ] GC(59) Humongous regions: 0->0
[2025-12-16T20:44:48.218+0800][0.591s][info][gc,metaspace] GC(59) Metaspace: 91K(320K)->91K(320K) NonClass: 83K(192K)->83K(192K) Class: 8K(128K)->8K(128K)
[2025-12-16T20:44:48.218+0800][0.591s][info][gc          ] GC(59) Pause Young (Normal) (G1 Evacuation Pause) 31M->1M(56M) 0.107ms
[2025-12-16T20:44:48.218+0800][0.591s][info][gc,cpu      ] GC(59) User=0.00s Sys=0.00s Real=0.00s
[2025-12-16T20:44:48.228+0800][0.601s][info][gc,start    ] GC(60) Pause Young (Normal) (G1 Evacuation Pause)
[2025-12-16T20:44:48.228+0800][0.601s][info][gc,task     ] GC(60) Using 2 workers of 9 for evacuation
[2025-12-16T20:44:48.228+0800][0.601s][info][gc,phases   ] GC(60)   Pre Evacuate Collection Set: 0.01ms
[2025-12-16T20:44:48.228+0800][0.601s][info][gc,phases   ] GC(60)   Merge Heap Roots: 0.00ms
[2025-12-16T20:44:48.228+0800][0.601s][info][gc,phases   ] GC(60)   Evacuate Collection Set: 0.01ms
[2025-12-16T20:44:48.228+0800][0.601s][info][gc,phases   ] GC(60)   Post Evacuate Collection Set: 0.02ms
[2025-12-16T20:44:48.228+0800][0.601s][info][gc,phases   ] GC(60)   Other: 0.02ms
[2025-12-16T20:44:48.228+0800][0.601s][info][gc,heap     ] GC(60) Eden regions: 15->0(15)
[2025-12-16T20:44:48.228+0800][0.601s][info][gc,heap     ] GC(60) Survivor regions: 1->1(2)
[2025-12-16T20:44:48.228+0800][0.601s][info][gc,heap     ] GC(60) Old regions: 2->2
[2025-12-16T20:44:48.228+0800][0.601s][info][gc,heap     ] GC(60) Humongous regions: 0->0
[2025-12-16T20:44:48.228+0800][0.601s][info][gc,metaspace] GC(60) Metaspace: 91K(320K)->91K(320K) NonClass: 83K(192K)->83K(192K) Class: 8K(128K)->8K(128K)
[2025-12-16T20:44:48.228+0800][0.601s][info][gc          ] GC(60) Pause Young (Normal) (G1 Evacuation Pause) 31M->1M(56M) 0.105ms
[2025-12-16T20:44:48.228+0800][0.601s][info][gc,cpu      ] GC(60) User=0.00s Sys=0.00s Real=0.00s
[2025-12-16T20:44:48.237+0800][0.610s][info][gc,start    ] GC(61) Pause Young (Normal) (G1 Evacuation Pause)
[2025-12-16T20:44:48.238+0800][0.610s][info][gc,task     ] GC(61) Using 2 workers of 9 for evacuation
[2025-12-16T20:44:48.238+0800][0.611s][info][gc,phases   ] GC(61)   Pre Evacuate Collection Set: 0.01ms
[2025-12-16T20:44:48.238+0800][0.611s][info][gc,phases   ] GC(61)   Merge Heap Roots: 0.00ms
[2025-12-16T20:44:48.238+0800][0.611s][info][gc,phases   ] GC(61)   Evacuate Collection Set: 0.01ms
[2025-12-16T20:44:48.238+0800][0.611s][info][gc,phases   ] GC(61)   Post Evacuate Collection Set: 0.02ms
[2025-12-16T20:44:48.238+0800][0.611s][info][gc,phases   ] GC(61)   Other: 0.02ms
[2025-12-16T20:44:48.238+0800][0.611s][info][gc,heap     ] GC(61) Eden regions: 15->0(15)
[2025-12-16T20:44:48.238+0800][0.611s][info][gc,heap     ] GC(61) Survivor regions: 1->1(2)
[2025-12-16T20:44:48.238+0800][0.611s][info][gc,heap     ] GC(61) Old regions: 2->2
[2025-12-16T20:44:48.238+0800][0.611s][info][gc,heap     ] GC(61) Humongous regions: 0->0
[2025-12-16T20:44:48.238+0800][0.611s][info][gc,metaspace] GC(61) Metaspace: 91K(320K)->91K(320K) NonClass: 83K(192K)->83K(192K) Class: 8K(128K)->8K(128K)
[2025-12-16T20:44:48.238+0800][0.611s][info][gc          ] GC(61) Pause Young (Normal) (G1 Evacuation Pause) 31M->1M(56M) 0.111ms
[2025-12-16T20:44:48.238+0800][0.611s][info][gc,cpu      ] GC(61) User=0.00s Sys=0.00s Real=0.00s
[2025-12-16T20:44:48.247+0800][0.620s][info][gc,start    ] GC(62) Pause Young (Normal) (G1 Evacuation Pause)
[2025-12-16T20:44:48.247+0800][0.620s][info][gc,task     ] GC(62) Using 2 workers of 9 for evacuation
[2025-12-16T20:44:48.247+0800][0.620s][info][gc,phases   ] GC(62)   Pre Evacuate Collection Set: 0.01ms
[2025-12-16T20:44:48.247+0800][0.620s][info][gc,phases   ] GC(62)   Merge Heap Roots: 0.00ms
[2025-12-16T20:44:48.247+0800][0.620s][info][gc,phases   ] GC(62)   Evacuate Collection Set: 0.01ms
[2025-12-16T20:44:48.247+0800][0.620s][info][gc,phases   ] GC(62)   Post Evacuate Collection Set: 0.02ms
[2025-12-16T20:44:48.247+0800][0.620s][info][gc,phases   ] GC(62)   Other: 0.02ms
[2025-12-16T20:44:48.247+0800][0.620s][info][gc,heap     ] GC(62) Eden regions: 15->0(15)
[2025-12-16T20:44:48.247+0800][0.620s][info][gc,heap     ] GC(62) Survivor regions: 1->1(2)
[2025-12-16T20:44:48.247+0800][0.620s][info][gc,heap     ] GC(62) Old regions: 2->2
[2025-12-16T20:44:48.247+0800][0.620s][info][gc,heap     ] GC(62) Humongous regions: 0->0
[2025-12-16T20:44:48.247+0800][0.620s][info][gc,metaspace] GC(62) Metaspace: 91K(320K)->91K(320K) NonClass: 83K(192K)->83K(192K) Class: 8K(128K)->8K(128K)
[2025-12-16T20:44:48.247+0800][0.620s][info][gc          ] GC(62) Pause Young (Normal) (G1 Evacuation Pause) 31M->1M(56M) 0.109ms
[2025-12-16T20:44:48.247+0800][0.620s][info][gc,cpu      ] GC(62) User=0.00s Sys=0.00s Real=0.00s
[2025-12-16T20:44:48.257+0800][0.630s][info][gc,start    ] GC(63) Pause Young (Normal) (G1 Evacuation Pause)
[2025-12-16T20:44:48.257+0800][0.630s][info][gc,task     ] GC(63) Using 2 workers of 9 for evacuation
[2025-12-16T20:44:48.257+0800][0.630s][info][gc,phases   ] GC(63)   Pre Evacuate Collection Set: 0.01ms
[2025-12-16T20:44:48.257+0800][0.630s][info][gc,phases   ] GC(63)   Merge Heap Roots: 0.00ms
[2025-12-16T20:44:48.257+0800][0.630s][info][gc,phases   ] GC(63)   Evacuate Collection Set: 0.01ms
[2025-12-16T20:44:48.257+0800][0.630s][info][gc,phases   ] GC(63)   Post Evacuate Collection Set: 0.02ms
[2025-12-16T20:44:48.257+0800][0.630s][info][gc,phases   ] GC(63)   Other: 0.02ms
[2025-12-16T20:44:48.257+0800][0.630s][info][gc,heap     ] GC(63) Eden regions: 15->0(15)
[2025-12-16T20:44:48.257+0800][0.630s][info][gc,heap     ] GC(63) Survivor regions: 1->1(2)
[2025-12-16T20:44:48.257+0800][0.630s][info][gc,heap     ] GC(63) Old regions: 2->2
[2025-12-16T20:44:48.257+0800][0.630s][info][gc,heap     ] GC(63) Humongous regions: 0->0
[2025-12-16T20:44:48.257+0800][0.630s][info][gc,metaspace] GC(63) Metaspace: 91K(320K)->91K(320K) NonClass: 83K(192K)->83K(192K) Class: 8K(128K)->8K(128K)
[2025-12-16T20:44:48.257+0800][0.630s][info][gc          ] GC(63) Pause Young (Normal) (G1 Evacuation Pause) 31M->1M(56M) 0.102ms
[2025-12-16T20:44:48.257+0800][0.630s][info][gc,cpu      ] GC(63) User=0.00s Sys=0.00s Real=0.00s
[2025-12-16T20:44:48.267+0800][0.640s][info][gc,start    ] GC(64) Pause Young (Normal) (G1 Evacuation Pause)
[2025-12-16T20:44:48.267+0800][0.640s][info][gc,task     ] GC(64) Using 2 workers of 9 for evacuation
[2025-12-16T20:44:48.267+0800][0.640s][info][gc,phases   ] GC(64)   Pre Evacuate Collection Set: 0.01ms
[2025-12-16T20:44:48.267+0800][0.640s][info][gc,phases   ] GC(64)   Merge Heap Roots: 0.00ms
[2025-12-16T20:44:48.267+0800][0.640s][info][gc,phases   ] GC(64)   Evacuate Collection Set: 0.01ms
[2025-12-16T20:44:48.267+0800][0.640s][info][gc,phases   ] GC(64)   Post Evacuate Collection Set: 0.02ms
[2025-12-16T20:44:48.267+0800][0.640s][info][gc,phases   ] GC(64)   Other: 0.02ms
[2025-12-16T20:44:48.267+0800][0.640s][info][gc,heap     ] GC(64) Eden regions: 15->0(15)
[2025-12-16T20:44:48.267+0800][0.640s][info][gc,heap     ] GC(64) Survivor regions: 1->1(2)
[2025-12-16T20:44:48.267+0800][0.640s][info][gc,heap     ] GC(64) Old regions: 2->2
[2025-12-16T20:44:48.267+0800][0.640s][info][gc,heap     ] GC(64) Humongous regions: 0->0
[2025-12-16T20:44:48.267+0800][0.640s][info][gc,metaspace] GC(64) Metaspace: 91K(320K)->91K(320K) NonClass: 83K(192K)->83K(192K) Class: 8K(128K)->8K(128K)
[2025-12-16T20:44:48.267+0800][0.640s][info][gc          ] GC(64) Pause Young (Normal) (G1 Evacuation Pause) 31M->1M(56M) 0.113ms
[2025-12-16T20:44:48.267+0800][0.640s][info][gc,cpu      ] GC(64) User=0.00s Sys=0.00s Real=0.00s
[2025-12-16T20:44:48.276+0800][0.649s][info][gc,start    ] GC(65) Pause Young (Normal) (G1 Evacuation Pause)
[2025-12-16T20:44:48.276+0800][0.649s][info][gc,task     ] GC(65) Using 2 workers of 9 for evacuation
[2025-12-16T20:44:48.276+0800][0.649s][info][gc,phases   ] GC(65)   Pre Evacuate Collection Set: 0.01ms
[2025-12-16T20:44:48.276+0800][0.649s][info][gc,phases   ] GC(65)   Merge Heap Roots: 0.00ms
[2025-12-16T20:44:48.276+0800][0.649s][info][gc,phases   ] GC(65)   Evacuate Collection Set: 0.01ms
[2025-12-16T20:44:48.276+0800][0.649s][info][gc,phases   ] GC(65)   Post Evacuate Collection Set: 0.02ms
[2025-12-16T20:44:48.276+0800][0.649s][info][gc,phases   ] GC(65)   Other: 0.02ms
[2025-12-16T20:44:48.276+0800][0.649s][info][gc,heap     ] GC(65) Eden regions: 15->0(15)
[2025-12-16T20:44:48.276+0800][0.649s][info][gc,heap     ] GC(65) Survivor regions: 1->1(2)
[2025-12-16T20:44:48.276+0800][0.649s][info][gc,heap     ] GC(65) Old regions: 2->2
[2025-12-16T20:44:48.276+0800][0.649s][info][gc,heap     ] GC(65) Humongous regions: 0->0
[2025-12-16T20:44:48.276+0800][0.649s][info][gc,metaspace] GC(65) Metaspace: 91K(320K)->91K(320K) NonClass: 83K(192K)->83K(192K) Class: 8K(128K)->8K(128K)
[2025-12-16T20:44:48.276+0800][0.649s][info][gc          ] GC(65) Pause Young (Normal) (G1 Evacuation Pause) 31M->1M(56M) 0.105ms
[2025-12-16T20:44:48.276+0800][0.649s][info][gc,cpu      ] GC(65) User=0.00s Sys=0.00s Real=0.00s
[2025-12-16T20:44:48.286+0800][0.659s][info][gc,start    ] GC(66) Pause Young (Normal) (G1 Evacuation Pause)
[2025-12-16T20:44:48.286+0800][0.659s][info][gc,task     ] GC(66) Using 2 workers of 9 for evacuation
[2025-12-16T20:44:48.286+0800][0.659s][info][gc,phases   ] GC(66)   Pre Evacuate Collection Set: 0.01ms
[2025-12-16T20:44:48.286+0800][0.659s][info][gc,phases   ] GC(66)   Merge Heap Roots: 0.01ms
[2025-12-16T20:44:48.286+0800][0.659s][info][gc,phases   ] GC(66)   Evacuate Collection Set: 0.01ms
[2025-12-16T20:44:48.286+0800][0.659s][info][gc,phases   ] GC(66)   Post Evacuate Collection Set: 0.02ms
[2025-12-16T20:44:48.286+0800][0.659s][info][gc,phases   ] GC(66)   Other: 0.02ms
[2025-12-16T20:44:48.286+0800][0.659s][info][gc,heap     ] GC(66) Eden regions: 15->0(15)
[2025-12-16T20:44:48.286+0800][0.659s][info][gc,heap     ] GC(66) Survivor regions: 1->1(2)
[2025-12-16T20:44:48.286+0800][0.659s][info][gc,heap     ] GC(66) Old regions: 2->2
[2025-12-16T20:44:48.286+0800][0.659s][info][gc,heap     ] GC(66) Humongous regions: 0->0
[2025-12-16T20:44:48.286+0800][0.659s][info][gc,metaspace] GC(66) Metaspace: 91K(320K)->91K(320K) NonClass: 83K(192K)->83K(192K) Class: 8K(128K)->8K(128K)
[2025-12-16T20:44:48.286+0800][0.659s][info][gc          ] GC(66) Pause Young (Normal) (G1 Evacuation Pause) 31M->1M(56M) 0.110ms
[2025-12-16T20:44:48.286+0800][0.659s][info][gc,cpu      ] GC(66) User=0.00s Sys=0.00s Real=0.00s
[2025-12-16T20:44:48.296+0800][0.669s][info][gc,start    ] GC(67) Pause Young (Normal) (G1 Evacuation Pause)
[2025-12-16T20:44:48.296+0800][0.669s][info][gc,task     ] GC(67) Using 2 workers of 9 for evacuation
[2025-12-16T20:44:48.296+0800][0.669s][info][gc,phases   ] GC(67)   Pre Evacuate Collection Set: 0.01ms
[2025-12-16T20:44:48.296+0800][0.669s][info][gc,phases   ] GC(67)   Merge Heap Roots: 0.00ms
[2025-12-16T20:44:48.296+0800][0.669s][info][gc,phases   ] GC(67)   Evacuate Collection Set: 0.01ms
[2025-12-16T20:44:48.296+0800][0.669s][info][gc,phases   ] GC(67)   Post Evacuate Collection Set: 0.02ms
[2025-12-16T20:44:48.296+0800][0.669s][info][gc,phases   ] GC(67)   Other: 0.02ms
[2025-12-16T20:44:48.296+0800][0.669s][info][gc,heap     ] GC(67) Eden regions: 15->0(15)
[2025-12-16T20:44:48.296+0800][0.669s][info][gc,heap     ] GC(67) Survivor regions: 1->1(2)
[2025-12-16T20:44:48.296+0800][0.669s][info][gc,heap     ] GC(67) Old regions: 2->2
[2025-12-16T20:44:48.296+0800][0.669s][info][gc,heap     ] GC(67) Humongous regions: 0->0
[2025-12-16T20:44:48.296+0800][0.669s][info][gc,metaspace] GC(67) Metaspace: 91K(320K)->91K(320K) NonClass: 83K(192K)->83K(192K) Class: 8K(128K)->8K(128K)
[2025-12-16T20:44:48.296+0800][0.669s][info][gc          ] GC(67) Pause Young (Normal) (G1 Evacuation Pause) 31M->1M(56M) 0.104ms
[2025-12-16T20:44:48.296+0800][0.669s][info][gc,cpu      ] GC(67) User=0.00s Sys=0.00s Real=0.00s
[2025-12-16T20:44:48.305+0800][0.678s][info][gc,start    ] GC(68) Pause Young (Normal) (G1 Evacuation Pause)
[2025-12-16T20:44:48.305+0800][0.678s][info][gc,task     ] GC(68) Using 2 workers of 9 for evacuation
[2025-12-16T20:44:48.305+0800][0.678s][info][gc,phases   ] GC(68)   Pre Evacuate Collection Set: 0.01ms
[2025-12-16T20:44:48.305+0800][0.678s][info][gc,phases   ] GC(68)   Merge Heap Roots: 0.00ms
[2025-12-16T20:44:48.305+0800][0.678s][info][gc,phases   ] GC(68)   Evacuate Collection Set: 0.01ms
[2025-12-16T20:44:48.305+0800][0.678s][info][gc,phases   ] GC(68)   Post Evacuate Collection Set: 0.02ms
[2025-12-16T20:44:48.305+0800][0.678s][info][gc,phases   ] GC(68)   Other: 0.02ms
[2025-12-16T20:44:48.305+0800][0.678s][info][gc,heap     ] GC(68) Eden regions: 15->0(15)
[2025-12-16T20:44:48.305+0800][0.678s][info][gc,heap     ] GC(68) Survivor regions: 1->1(2)
[2025-12-16T20:44:48.305+0800][0.678s][info][gc,heap     ] GC(68) Old regions: 2->2
[2025-12-16T20:44:48.305+0800][0.678s][info][gc,heap     ] GC(68) Humongous regions: 0->0
[2025-12-16T20:44:48.305+0800][0.678s][info][gc,metaspace] GC(68) Metaspace: 91K(320K)->91K(320K) NonClass: 83K(192K)->83K(192K) Class: 8K(128K)->8K(128K)
[2025-12-16T20:44:48.305+0800][0.678s][info][gc          ] GC(68) Pause Young (Normal) (G1 Evacuation Pause) 31M->1M(56M) 0.105ms
[2025-12-16T20:44:48.305+0800][0.678s][info][gc,cpu      ] GC(68) User=0.00s Sys=0.00s Real=0.00s
[2025-12-16T20:44:48.315+0800][0.688s][info][gc,start    ] GC(69) Pause Young (Normal) (G1 Evacuation Pause)
[2025-12-16T20:44:48.315+0800][0.688s][info][gc,task     ] GC(69) Using 2 workers of 9 for evacuation
[2025-12-16T20:44:48.315+0800][0.688s][info][gc,phases   ] GC(69)   Pre Evacuate Collection Set: 0.01ms
[2025-12-16T20:44:48.315+0800][0.688s][info][gc,phases   ] GC(69)   Merge Heap Roots: 0.00ms
[2025-12-16T20:44:48.315+0800][0.688s][info][gc,phases   ] GC(69)   Evacuate Collection Set: 0.02ms
[2025-12-16T20:44:48.315+0800][0.688s][info][gc,phases   ] GC(69)   Post Evacuate Collection Set: 0.02ms
[2025-12-16T20:44:48.315+0800][0.688s][info][gc,phases   ] GC(69)   Other: 0.02ms
[2025-12-16T20:44:48.315+0800][0.688s][info][gc,heap     ] GC(69) Eden regions: 15->0(15)
[2025-12-16T20:44:48.315+0800][0.688s][info][gc,heap     ] GC(69) Survivor regions: 1->1(2)
[2025-12-16T20:44:48.315+0800][0.688s][info][gc,heap     ] GC(69) Old regions: 2->2
[2025-12-16T20:44:48.315+0800][0.688s][info][gc,heap     ] GC(69) Humongous regions: 0->0
[2025-12-16T20:44:48.315+0800][0.688s][info][gc,metaspace] GC(69) Metaspace: 91K(320K)->91K(320K) NonClass: 83K(192K)->83K(192K) Class: 8K(128K)->8K(128K)
[2025-12-16T20:44:48.315+0800][0.688s][info][gc          ] GC(69) Pause Young (Normal) (G1 Evacuation Pause) 31M->1M(56M) 0.109ms
[2025-12-16T20:44:48.315+0800][0.688s][info][gc,cpu      ] GC(69) User=0.00s Sys=0.00s Real=0.00s
[2025-12-16T20:44:48.325+0800][0.698s][info][gc,start    ] GC(70) Pause Young (Normal) (G1 Evacuation Pause)
[2025-12-16T20:44:48.325+0800][0.698s][info][gc,task     ] GC(70) Using 2 workers of 9 for evacuation
[2025-12-16T20:44:48.325+0800][0.698s][info][gc,phases   ] GC(70)   Pre Evacuate Collection Set: 0.01ms
[2025-12-16T20:44:48.325+0800][0.698s][info][gc,phases   ] GC(70)   Merge Heap Roots: 0.00ms
[2025-12-16T20:44:48.325+0800][0.698s][info][gc,phases   ] GC(70)   Evacuate Collection Set: 0.02ms
[2025-12-16T20:44:48.325+0800][0.698s][info][gc,phases   ] GC(70)   Post Evacuate Collection Set: 0.03ms
[2025-12-16T20:44:48.325+0800][0.698s][info][gc,phases   ] GC(70)   Other: 0.02ms
[2025-12-16T20:44:48.325+0800][0.698s][info][gc,heap     ] GC(70) Eden regions: 15->0(15)
[2025-12-16T20:44:48.325+0800][0.698s][info][gc,heap     ] GC(70) Survivor regions: 1->1(2)
[2025-12-16T20:44:48.325+0800][0.698s][info][gc,heap     ] GC(70) Old regions: 2->2
[2025-12-16T20:44:48.325+0800][0.698s][info][gc,heap     ] GC(70) Humongous regions: 0->0
[2025-12-16T20:44:48.325+0800][0.698s][info][gc,metaspace] GC(70) Metaspace: 91K(320K)->91K(320K) NonClass: 83K(192K)->83K(192K) Class: 8K(128K)->8K(128K)
[2025-12-16T20:44:48.325+0800][0.698s][info][gc          ] GC(70) Pause Young (Normal) (G1 Evacuation Pause) 31M->1M(56M) 0.120ms
[2025-12-16T20:44:48.325+0800][0.698s][info][gc,cpu      ] GC(70) User=0.00s Sys=0.00s Real=0.00s
[2025-12-16T20:44:48.334+0800][0.707s][info][gc,start    ] GC(71) Pause Young (Normal) (G1 Evacuation Pause)
[2025-12-16T20:44:48.334+0800][0.707s][info][gc,task     ] GC(71) Using 2 workers of 9 for evacuation
[2025-12-16T20:44:48.334+0800][0.707s][info][gc,phases   ] GC(71)   Pre Evacuate Collection Set: 0.01ms
[2025-12-16T20:44:48.334+0800][0.707s][info][gc,phases   ] GC(71)   Merge Heap Roots: 0.01ms
[2025-12-16T20:44:48.334+0800][0.707s][info][gc,phases   ] GC(71)   Evacuate Collection Set: 0.01ms
[2025-12-16T20:44:48.334+0800][0.707s][info][gc,phases   ] GC(71)   Post Evacuate Collection Set: 0.03ms
[2025-12-16T20:44:48.334+0800][0.707s][info][gc,phases   ] GC(71)   Other: 0.02ms
[2025-12-16T20:44:48.334+0800][0.707s][info][gc,heap     ] GC(71) Eden regions: 15->0(15)
[2025-12-16T20:44:48.334+0800][0.707s][info][gc,heap     ] GC(71) Survivor regions: 1->1(2)
[2025-12-16T20:44:48.334+0800][0.707s][info][gc,heap     ] GC(71) Old regions: 2->2
[2025-12-16T20:44:48.334+0800][0.707s][info][gc,heap     ] GC(71) Humongous regions: 0->0
[2025-12-16T20:44:48.334+0800][0.707s][info][gc,metaspace] GC(71) Metaspace: 91K(320K)->91K(320K) NonClass: 83K(192K)->83K(192K) Class: 8K(128K)->8K(128K)
[2025-12-16T20:44:48.334+0800][0.707s][info][gc          ] GC(71) Pause Young (Normal) (G1 Evacuation Pause) 31M->1M(56M) 0.110ms
[2025-12-16T20:44:48.334+0800][0.707s][info][gc,cpu      ] GC(71) User=0.00s Sys=0.00s Real=0.00s
[2025-12-16T20:44:48.344+0800][0.717s][info][gc,start    ] GC(72) Pause Young (Normal) (G1 Evacuation Pause)
[2025-12-16T20:44:48.344+0800][0.717s][info][gc,task     ] GC(72) Using 2 workers of 9 for evacuation
[2025-12-16T20:44:48.344+0800][0.717s][info][gc,phases   ] GC(72)   Pre Evacuate Collection Set: 0.01ms
[2025-12-16T20:44:48.344+0800][0.717s][info][gc,phases   ] GC(72)   Merge Heap Roots: 0.00ms
[2025-12-16T20:44:48.344+0800][0.717s][info][gc,phases   ] GC(72)   Evacuate Collection Set: 0.01ms
[2025-12-16T20:44:48.344+0800][0.717s][info][gc,phases   ] GC(72)   Post Evacuate Collection Set: 0.03ms
[2025-12-16T20:44:48.344+0800][0.717s][info][gc,phases   ] GC(72)   Other: 0.02ms
[2025-12-16T20:44:48.344+0800][0.717s][info][gc,heap     ] GC(72) Eden regions: 15->0(15)
[2025-12-16T20:44:48.344+0800][0.717s][info][gc,heap     ] GC(72) Survivor regions: 1->1(2)
[2025-12-16T20:44:48.344+0800][0.717s][info][gc,heap     ] GC(72) Old regions: 2->2
[2025-12-16T20:44:48.344+0800][0.717s][info][gc,heap     ] GC(72) Humongous regions: 0->0
[2025-12-16T20:44:48.344+0800][0.717s][info][gc,metaspace] GC(72) Metaspace: 91K(320K)->91K(320K) NonClass: 83K(192K)->83K(192K) Class: 8K(128K)->8K(128K)
[2025-12-16T20:44:48.344+0800][0.717s][info][gc          ] GC(72) Pause Young (Normal) (G1 Evacuation Pause) 31M->1M(56M) 0.116ms
[2025-12-16T20:44:48.344+0800][0.717s][info][gc,cpu      ] GC(72) User=0.00s Sys=0.00s Real=0.00s
[2025-12-16T20:44:48.354+0800][0.727s][info][gc,start    ] GC(73) Pause Young (Normal) (G1 Evacuation Pause)
[2025-12-16T20:44:48.354+0800][0.727s][info][gc,task     ] GC(73) Using 2 workers of 9 for evacuation
[2025-12-16T20:44:48.354+0800][0.727s][info][gc,phases   ] GC(73)   Pre Evacuate Collection Set: 0.01ms
[2025-12-16T20:44:48.354+0800][0.727s][info][gc,phases   ] GC(73)   Merge Heap Roots: 0.00ms
[2025-12-16T20:44:48.354+0800][0.727s][info][gc,phases   ] GC(73)   Evacuate Collection Set: 0.01ms
[2025-12-16T20:44:48.354+0800][0.727s][info][gc,phases   ] GC(73)   Post Evacuate Collection Set: 0.03ms
[2025-12-16T20:44:48.354+0800][0.727s][info][gc,phases   ] GC(73)   Other: 0.02ms
[2025-12-16T20:44:48.354+0800][0.727s][info][gc,heap     ] GC(73) Eden regions: 15->0(15)
[2025-12-16T20:44:48.354+0800][0.727s][info][gc,heap     ] GC(73) Survivor regions: 1->1(2)
[2025-12-16T20:44:48.354+0800][0.727s][info][gc,heap     ] GC(73) Old regions: 2->2
[2025-12-16T20:44:48.354+0800][0.727s][info][gc,heap     ] GC(73) Humongous regions: 0->0
[2025-12-16T20:44:48.354+0800][0.727s][info][gc,metaspace] GC(73) Metaspace: 91K(320K)->91K(320K) NonClass: 83K(192K)->83K(192K) Class: 8K(128K)->8K(128K)
[2025-12-16T20:44:48.354+0800][0.727s][info][gc          ] GC(73) Pause Young (Normal) (G1 Evacuation Pause) 31M->1M(56M) 0.107ms
[2025-12-16T20:44:48.354+0800][0.727s][info][gc,cpu      ] GC(73) User=0.00s Sys=0.00s Real=0.00s
[2025-12-16T20:44:48.363+0800][0.736s][info][gc,start    ] GC(74) Pause Young (Normal) (G1 Evacuation Pause)
[2025-12-16T20:44:48.363+0800][0.736s][info][gc,task     ] GC(74) Using 2 workers of 9 for evacuation
[2025-12-16T20:44:48.363+0800][0.736s][info][gc,phases   ] GC(74)   Pre Evacuate Collection Set: 0.01ms
[2025-12-16T20:44:48.363+0800][0.736s][info][gc,phases   ] GC(74)   Merge Heap Roots: 0.00ms
[2025-12-16T20:44:48.363+0800][0.736s][info][gc,phases   ] GC(74)   Evacuate Collection Set: 0.01ms
[2025-12-16T20:44:48.363+0800][0.736s][info][gc,phases   ] GC(74)   Post Evacuate Collection Set: 0.02ms
[2025-12-16T20:44:48.363+0800][0.736s][info][gc,phases   ] GC(74)   Other: 0.02ms
[2025-12-16T20:44:48.363+0800][0.736s][info][gc,heap     ] GC(74) Eden regions: 15->0(15)
[2025-12-16T20:44:48.363+0800][0.736s][info][gc,heap     ] GC(74) Survivor regions: 1->1(2)
[2025-12-16T20:44:48.363+0800][0.736s][info][gc,heap     ] GC(74) Old regions: 2->2
[2025-12-16T20:44:48.363+0800][0.736s][info][gc,heap     ] GC(74) Humongous regions: 0->0
[2025-12-16T20:44:48.363+0800][0.736s][info][gc,metaspace] GC(74) Metaspace: 91K(320K)->91K(320K) NonClass: 83K(192K)->83K(192K) Class: 8K(128K)->8K(128K)
[2025-12-16T20:44:48.363+0800][0.736s][info][gc          ] GC(74) Pause Young (Normal) (G1 Evacuation Pause) 31M->1M(56M) 0.103ms
[2025-12-16T20:44:48.363+0800][0.736s][info][gc,cpu      ] GC(74) User=0.00s Sys=0.00s Real=0.00s
[2025-12-16T20:44:48.373+0800][0.746s][info][gc,start    ] GC(75) Pause Young (Normal) (G1 Evacuation Pause)
[2025-12-16T20:44:48.373+0800][0.746s][info][gc,task     ] GC(75) Using 2 workers of 9 for evacuation
[2025-12-16T20:44:48.373+0800][0.746s][info][gc,phases   ] GC(75)   Pre Evacuate Collection Set: 0.01ms
[2025-12-16T20:44:48.373+0800][0.746s][info][gc,phases   ] GC(75)   Merge Heap Roots: 0.00ms
[2025-12-16T20:44:48.373+0800][0.746s][info][gc,phases   ] GC(75)   Evacuate Collection Set: 0.01ms
[2025-12-16T20:44:48.373+0800][0.746s][info][gc,phases   ] GC(75)   Post Evacuate Collection Set: 0.02ms
[2025-12-16T20:44:48.373+0800][0.746s][info][gc,phases   ] GC(75)   Other: 0.02ms
[2025-12-16T20:44:48.373+0800][0.746s][info][gc,heap     ] GC(75) Eden regions: 15->0(15)
[2025-12-16T20:44:48.373+0800][0.746s][info][gc,heap     ] GC(75) Survivor regions: 1->1(2)
[2025-12-16T20:44:48.373+0800][0.746s][info][gc,heap     ] GC(75) Old regions: 2->2
[2025-12-16T20:44:48.373+0800][0.746s][info][gc,heap     ] GC(75) Humongous regions: 0->0
[2025-12-16T20:44:48.373+0800][0.746s][info][gc,metaspace] GC(75) Metaspace: 91K(320K)->91K(320K) NonClass: 83K(192K)->83K(192K) Class: 8K(128K)->8K(128K)
[2025-12-16T20:44:48.373+0800][0.746s][info][gc          ] GC(75) Pause Young (Normal) (G1 Evacuation Pause) 31M->1M(56M) 0.109ms
[2025-12-16T20:44:48.373+0800][0.746s][info][gc,cpu      ] GC(75) User=0.00s Sys=0.00s Real=0.00s
[2025-12-16T20:44:48.383+0800][0.756s][info][gc,start    ] GC(76) Pause Young (Normal) (G1 Evacuation Pause)
[2025-12-16T20:44:48.383+0800][0.756s][info][gc,task     ] GC(76) Using 2 workers of 9 for evacuation
[2025-12-16T20:44:48.383+0800][0.756s][info][gc,phases   ] GC(76)   Pre Evacuate Collection Set: 0.01ms
[2025-12-16T20:44:48.383+0800][0.756s][info][gc,phases   ] GC(76)   Merge Heap Roots: 0.00ms
[2025-12-16T20:44:48.383+0800][0.756s][info][gc,phases   ] GC(76)   Evacuate Collection Set: 0.01ms
[2025-12-16T20:44:48.383+0800][0.756s][info][gc,phases   ] GC(76)   Post Evacuate Collection Set: 0.02ms
[2025-12-16T20:44:48.383+0800][0.756s][info][gc,phases   ] GC(76)   Other: 0.02ms
[2025-12-16T20:44:48.383+0800][0.756s][info][gc,heap     ] GC(76) Eden regions: 15->0(15)
[2025-12-16T20:44:48.383+0800][0.756s][info][gc,heap     ] GC(76) Survivor regions: 1->1(2)
[2025-12-16T20:44:48.383+0800][0.756s][info][gc,heap     ] GC(76) Old regions: 2->2
[2025-12-16T20:44:48.383+0800][0.756s][info][gc,heap     ] GC(76) Humongous regions: 0->0
[2025-12-16T20:44:48.383+0800][0.756s][info][gc,metaspace] GC(76) Metaspace: 91K(320K)->91K(320K) NonClass: 83K(192K)->83K(192K) Class: 8K(128K)->8K(128K)
[2025-12-16T20:44:48.383+0800][0.756s][info][gc          ] GC(76) Pause Young (Normal) (G1 Evacuation Pause) 31M->1M(56M) 0.110ms
[2025-12-16T20:44:48.383+0800][0.756s][info][gc,cpu      ] GC(76) User=0.00s Sys=0.00s Real=0.00s
[2025-12-16T20:44:48.392+0800][0.765s][info][gc,start    ] GC(77) Pause Young (Normal) (G1 Evacuation Pause)
[2025-12-16T20:44:48.392+0800][0.765s][info][gc,task     ] GC(77) Using 2 workers of 9 for evacuation
[2025-12-16T20:44:48.392+0800][0.765s][info][gc,phases   ] GC(77)   Pre Evacuate Collection Set: 0.01ms
[2025-12-16T20:44:48.392+0800][0.765s][info][gc,phases   ] GC(77)   Merge Heap Roots: 0.01ms
[2025-12-16T20:44:48.392+0800][0.765s][info][gc,phases   ] GC(77)   Evacuate Collection Set: 0.01ms
[2025-12-16T20:44:48.392+0800][0.765s][info][gc,phases   ] GC(77)   Post Evacuate Collection Set: 0.02ms
[2025-12-16T20:44:48.392+0800][0.765s][info][gc,phases   ] GC(77)   Other: 0.02ms
[2025-12-16T20:44:48.392+0800][0.765s][info][gc,heap     ] GC(77) Eden regions: 15->0(15)
[2025-12-16T20:44:48.392+0800][0.765s][info][gc,heap     ] GC(77) Survivor regions: 1->1(2)
[2025-12-16T20:44:48.392+0800][0.765s][info][gc,heap     ] GC(77) Old regions: 2->2
[2025-12-16T20:44:48.392+0800][0.765s][info][gc,heap     ] GC(77) Humongous regions: 0->0
[2025-12-16T20:44:48.392+0800][0.765s][info][gc,metaspace] GC(77) Metaspace: 91K(320K)->91K(320K) NonClass: 83K(192K)->83K(192K) Class: 8K(128K)->8K(128K)
[2025-12-16T20:44:48.392+0800][0.765s][info][gc          ] GC(77) Pause Young (Normal) (G1 Evacuation Pause) 31M->1M(56M) 0.113ms
[2025-12-16T20:44:48.392+0800][0.765s][info][gc,cpu      ] GC(77) User=0.00s Sys=0.01s Real=0.00s
[2025-12-16T20:44:48.402+0800][0.775s][info][gc,start    ] GC(78) Pause Young (Normal) (G1 Evacuation Pause)
[2025-12-16T20:44:48.402+0800][0.775s][info][gc,task     ] GC(78) Using 2 workers of 9 for evacuation
[2025-12-16T20:44:48.402+0800][0.775s][info][gc,phases   ] GC(78)   Pre Evacuate Collection Set: 0.01ms
[2025-12-16T20:44:48.402+0800][0.775s][info][gc,phases   ] GC(78)   Merge Heap Roots: 0.00ms
[2025-12-16T20:44:48.402+0800][0.775s][info][gc,phases   ] GC(78)   Evacuate Collection Set: 0.01ms
[2025-12-16T20:44:48.402+0800][0.775s][info][gc,phases   ] GC(78)   Post Evacuate Collection Set: 0.03ms
[2025-12-16T20:44:48.402+0800][0.775s][info][gc,phases   ] GC(78)   Other: 0.02ms
[2025-12-16T20:44:48.402+0800][0.775s][info][gc,heap     ] GC(78) Eden regions: 15->0(15)
[2025-12-16T20:44:48.402+0800][0.775s][info][gc,heap     ] GC(78) Survivor regions: 1->1(2)
[2025-12-16T20:44:48.402+0800][0.775s][info][gc,heap     ] GC(78) Old regions: 2->2
[2025-12-16T20:44:48.402+0800][0.775s][info][gc,heap     ] GC(78) Humongous regions: 0->0
[2025-12-16T20:44:48.402+0800][0.775s][info][gc,metaspace] GC(78) Metaspace: 91K(320K)->91K(320K) NonClass: 83K(192K)->83K(192K) Class: 8K(128K)->8K(128K)
[2025-12-16T20:44:48.402+0800][0.775s][info][gc          ] GC(78) Pause Young (Normal) (G1 Evacuation Pause) 31M->1M(56M) 0.113ms
[2025-12-16T20:44:48.402+0800][0.775s][info][gc,cpu      ] GC(78) User=0.00s Sys=0.00s Real=0.00s
[2025-12-16T20:44:48.412+0800][0.785s][info][gc,start    ] GC(79) Pause Young (Normal) (G1 Evacuation Pause)
[2025-12-16T20:44:48.412+0800][0.785s][info][gc,task     ] GC(79) Using 2 workers of 9 for evacuation
[2025-12-16T20:44:48.412+0800][0.785s][info][gc,phases   ] GC(79)   Pre Evacuate Collection Set: 0.01ms
[2025-12-16T20:44:48.412+0800][0.785s][info][gc,phases   ] GC(79)   Merge Heap Roots: 0.00ms
[2025-12-16T20:44:48.412+0800][0.785s][info][gc,phases   ] GC(79)   Evacuate Collection Set: 0.01ms
[2025-12-16T20:44:48.412+0800][0.785s][info][gc,phases   ] GC(79)   Post Evacuate Collection Set: 0.02ms
[2025-12-16T20:44:48.412+0800][0.785s][info][gc,phases   ] GC(79)   Other: 0.02ms
[2025-12-16T20:44:48.412+0800][0.785s][info][gc,heap     ] GC(79) Eden regions: 15->0(15)
[2025-12-16T20:44:48.412+0800][0.785s][info][gc,heap     ] GC(79) Survivor regions: 1->1(2)
[2025-12-16T20:44:48.412+0800][0.785s][info][gc,heap     ] GC(79) Old regions: 2->2
[2025-12-16T20:44:48.412+0800][0.785s][info][gc,heap     ] GC(79) Humongous regions: 0->0
[2025-12-16T20:44:48.412+0800][0.785s][info][gc,metaspace] GC(79) Metaspace: 91K(320K)->91K(320K) NonClass: 83K(192K)->83K(192K) Class: 8K(128K)->8K(128K)
[2025-12-16T20:44:48.412+0800][0.785s][info][gc          ] GC(79) Pause Young (Normal) (G1 Evacuation Pause) 31M->1M(56M) 0.107ms
[2025-12-16T20:44:48.412+0800][0.785s][info][gc,cpu      ] GC(79) User=0.00s Sys=0.00s Real=0.00s
[2025-12-16T20:44:48.421+0800][0.794s][info][gc,start    ] GC(80) Pause Young (Normal) (G1 Evacuation Pause)
[2025-12-16T20:44:48.421+0800][0.794s][info][gc,task     ] GC(80) Using 2 workers of 9 for evacuation
[2025-12-16T20:44:48.421+0800][0.794s][info][gc,phases   ] GC(80)   Pre Evacuate Collection Set: 0.01ms
[2025-12-16T20:44:48.421+0800][0.794s][info][gc,phases   ] GC(80)   Merge Heap Roots: 0.00ms
[2025-12-16T20:44:48.422+0800][0.794s][info][gc,phases   ] GC(80)   Evacuate Collection Set: 0.01ms
[2025-12-16T20:44:48.422+0800][0.794s][info][gc,phases   ] GC(80)   Post Evacuate Collection Set: 0.02ms
[2025-12-16T20:44:48.422+0800][0.794s][info][gc,phases   ] GC(80)   Other: 0.02ms
[2025-12-16T20:44:48.422+0800][0.794s][info][gc,heap     ] GC(80) Eden regions: 15->0(15)
[2025-12-16T20:44:48.422+0800][0.794s][info][gc,heap     ] GC(80) Survivor regions: 1->1(2)
[2025-12-16T20:44:48.422+0800][0.794s][info][gc,heap     ] GC(80) Old regions: 2->2
[2025-12-16T20:44:48.422+0800][0.794s][info][gc,heap     ] GC(80) Humongous regions: 0->0
[2025-12-16T20:44:48.422+0800][0.795s][info][gc,metaspace] GC(80) Metaspace: 91K(320K)->91K(320K) NonClass: 83K(192K)->83K(192K) Class: 8K(128K)->8K(128K)
[2025-12-16T20:44:48.422+0800][0.795s][info][gc          ] GC(80) Pause Young (Normal) (G1 Evacuation Pause) 31M->1M(56M) 0.110ms
[2025-12-16T20:44:48.422+0800][0.795s][info][gc,cpu      ] GC(80) User=0.00s Sys=0.00s Real=0.00s
[2025-12-16T20:44:48.431+0800][0.804s][info][gc,start    ] GC(81) Pause Young (Normal) (G1 Evacuation Pause)
[2025-12-16T20:44:48.431+0800][0.804s][info][gc,task     ] GC(81) Using 2 workers of 9 for evacuation
[2025-12-16T20:44:48.431+0800][0.804s][info][gc,phases   ] GC(81)   Pre Evacuate Collection Set: 0.02ms
[2025-12-16T20:44:48.431+0800][0.804s][info][gc,phases   ] GC(81)   Merge Heap Roots: 0.01ms
[2025-12-16T20:44:48.431+0800][0.804s][info][gc,phases   ] GC(81)   Evacuate Collection Set: 0.01ms
[2025-12-16T20:44:48.431+0800][0.804s][info][gc,phases   ] GC(81)   Post Evacuate Collection Set: 0.02ms
[2025-12-16T20:44:48.431+0800][0.804s][info][gc,phases   ] GC(81)   Other: 0.02ms
[2025-12-16T20:44:48.431+0800][0.804s][info][gc,heap     ] GC(81) Eden regions: 15->0(15)
[2025-12-16T20:44:48.431+0800][0.804s][info][gc,heap     ] GC(81) Survivor regions: 1->1(2)
[2025-12-16T20:44:48.431+0800][0.804s][info][gc,heap     ] GC(81) Old regions: 2->2
[2025-12-16T20:44:48.431+0800][0.804s][info][gc,heap     ] GC(81) Humongous regions: 0->0
[2025-12-16T20:44:48.431+0800][0.804s][info][gc,metaspace] GC(81) Metaspace: 91K(320K)->91K(320K) NonClass: 83K(192K)->83K(192K) Class: 8K(128K)->8K(128K)
[2025-12-16T20:44:48.431+0800][0.804s][info][gc          ] GC(81) Pause Young (Normal) (G1 Evacuation Pause) 31M->1M(56M) 0.125ms
[2025-12-16T20:44:48.431+0800][0.804s][info][gc,cpu      ] GC(81) User=0.00s Sys=0.00s Real=0.00s
[2025-12-16T20:44:48.441+0800][0.814s][info][gc,start    ] GC(82) Pause Young (Normal) (G1 Evacuation Pause)
[2025-12-16T20:44:48.441+0800][0.814s][info][gc,task     ] GC(82) Using 2 workers of 9 for evacuation
[2025-12-16T20:44:48.441+0800][0.814s][info][gc,phases   ] GC(82)   Pre Evacuate Collection Set: 0.01ms
[2025-12-16T20:44:48.441+0800][0.814s][info][gc,phases   ] GC(82)   Merge Heap Roots: 0.01ms
[2025-12-16T20:44:48.441+0800][0.814s][info][gc,phases   ] GC(82)   Evacuate Collection Set: 0.01ms
[2025-12-16T20:44:48.441+0800][0.814s][info][gc,phases   ] GC(82)   Post Evacuate Collection Set: 0.02ms
[2025-12-16T20:44:48.441+0800][0.814s][info][gc,phases   ] GC(82)   Other: 0.02ms
[2025-12-16T20:44:48.441+0800][0.814s][info][gc,heap     ] GC(82) Eden regions: 15->0(15)
[2025-12-16T20:44:48.441+0800][0.814s][info][gc,heap     ] GC(82) Survivor regions: 1->1(2)
[2025-12-16T20:44:48.441+0800][0.814s][info][gc,heap     ] GC(82) Old regions: 2->2
[2025-12-16T20:44:48.441+0800][0.814s][info][gc,heap     ] GC(82) Humongous regions: 0->0
[2025-12-16T20:44:48.441+0800][0.814s][info][gc,metaspace] GC(82) Metaspace: 91K(320K)->91K(320K) NonClass: 83K(192K)->83K(192K) Class: 8K(128K)->8K(128K)
[2025-12-16T20:44:48.441+0800][0.814s][info][gc          ] GC(82) Pause Young (Normal) (G1 Evacuation Pause) 31M->1M(56M) 0.109ms
[2025-12-16T20:44:48.441+0800][0.814s][info][gc,cpu      ] GC(82) User=0.00s Sys=0.00s Real=0.00s
[2025-12-16T20:44:48.451+0800][0.823s][info][gc,start    ] GC(83) Pause Young (Normal) (G1 Evacuation Pause)
[2025-12-16T20:44:48.451+0800][0.823s][info][gc,task     ] GC(83) Using 2 workers of 9 for evacuation
[2025-12-16T20:44:48.451+0800][0.824s][info][gc,phases   ] GC(83)   Pre Evacuate Collection Set: 0.01ms
[2025-12-16T20:44:48.451+0800][0.824s][info][gc,phases   ] GC(83)   Merge Heap Roots: 0.00ms
[2025-12-16T20:44:48.451+0800][0.824s][info][gc,phases   ] GC(83)   Evacuate Collection Set: 0.01ms
[2025-12-16T20:44:48.451+0800][0.824s][info][gc,phases   ] GC(83)   Post Evacuate Collection Set: 0.02ms
[2025-12-16T20:44:48.451+0800][0.824s][info][gc,phases   ] GC(83)   Other: 0.02ms
[2025-12-16T20:44:48.451+0800][0.824s][info][gc,heap     ] GC(83) Eden regions: 15->0(15)
[2025-12-16T20:44:48.451+0800][0.824s][info][gc,heap     ] GC(83) Survivor regions: 1->1(2)
[2025-12-16T20:44:48.451+0800][0.824s][info][gc,heap     ] GC(83) Old regions: 2->2
[2025-12-16T20:44:48.451+0800][0.824s][info][gc,heap     ] GC(83) Humongous regions: 0->0
[2025-12-16T20:44:48.451+0800][0.824s][info][gc,metaspace] GC(83) Metaspace: 91K(320K)->91K(320K) NonClass: 83K(192K)->83K(192K) Class: 8K(128K)->8K(128K)
[2025-12-16T20:44:48.451+0800][0.824s][info][gc          ] GC(83) Pause Young (Normal) (G1 Evacuation Pause) 31M->1M(56M) 0.105ms
[2025-12-16T20:44:48.451+0800][0.824s][info][gc,cpu      ] GC(83) User=0.00s Sys=0.00s Real=0.00s
[2025-12-16T20:44:48.460+0800][0.833s][info][gc,start    ] GC(84) Pause Young (Normal) (G1 Evacuation Pause)
[2025-12-16T20:44:48.460+0800][0.833s][info][gc,task     ] GC(84) Using 2 workers of 9 for evacuation
[2025-12-16T20:44:48.460+0800][0.833s][info][gc,phases   ] GC(84)   Pre Evacuate Collection Set: 0.01ms
[2025-12-16T20:44:48.460+0800][0.833s][info][gc,phases   ] GC(84)   Merge Heap Roots: 0.01ms
[2025-12-16T20:44:48.460+0800][0.833s][info][gc,phases   ] GC(84)   Evacuate Collection Set: 0.02ms
[2025-12-16T20:44:48.460+0800][0.833s][info][gc,phases   ] GC(84)   Post Evacuate Collection Set: 0.03ms
[2025-12-16T20:44:48.460+0800][0.833s][info][gc,phases   ] GC(84)   Other: 0.02ms
[2025-12-16T20:44:48.460+0800][0.833s][info][gc,heap     ] GC(84) Eden regions: 15->0(15)
[2025-12-16T20:44:48.460+0800][0.833s][info][gc,heap     ] GC(84) Survivor regions: 1->1(2)
[2025-12-16T20:44:48.460+0800][0.833s][info][gc,heap     ] GC(84) Old regions: 2->2
[2025-12-16T20:44:48.460+0800][0.833s][info][gc,heap     ] GC(84) Humongous regions: 0->0
[2025-12-16T20:44:48.460+0800][0.833s][info][gc,metaspace] GC(84) Metaspace: 91K(320K)->91K(320K) NonClass: 83K(192K)->83K(192K) Class: 8K(128K)->8K(128K)
[2025-12-16T20:44:48.460+0800][0.833s][info][gc          ] GC(84) Pause Young (Normal) (G1 Evacuation Pause) 31M->1M(56M) 0.119ms
[2025-12-16T20:44:48.460+0800][0.833s][info][gc,cpu      ] GC(84) User=0.00s Sys=0.00s Real=0.00s
[2025-12-16T20:44:48.470+0800][0.843s][info][gc,start    ] GC(85) Pause Young (Normal) (G1 Evacuation Pause)
[2025-12-16T20:44:48.470+0800][0.843s][info][gc,task     ] GC(85) Using 2 workers of 9 for evacuation
[2025-12-16T20:44:48.470+0800][0.843s][info][gc,phases   ] GC(85)   Pre Evacuate Collection Set: 0.01ms
[2025-12-16T20:44:48.470+0800][0.843s][info][gc,phases   ] GC(85)   Merge Heap Roots: 0.00ms
[2025-12-16T20:44:48.470+0800][0.843s][info][gc,phases   ] GC(85)   Evacuate Collection Set: 0.01ms
[2025-12-16T20:44:48.470+0800][0.843s][info][gc,phases   ] GC(85)   Post Evacuate Collection Set: 0.02ms
[2025-12-16T20:44:48.470+0800][0.843s][info][gc,phases   ] GC(85)   Other: 0.02ms
[2025-12-16T20:44:48.470+0800][0.843s][info][gc,heap     ] GC(85) Eden regions: 15->0(15)
[2025-12-16T20:44:48.470+0800][0.843s][info][gc,heap     ] GC(85) Survivor regions: 1->1(2)
[2025-12-16T20:44:48.470+0800][0.843s][info][gc,heap     ] GC(85) Old regions: 2->2
[2025-12-16T20:44:48.470+0800][0.843s][info][gc,heap     ] GC(85) Humongous regions: 0->0
[2025-12-16T20:44:48.470+0800][0.843s][info][gc,metaspace] GC(85) Metaspace: 91K(320K)->91K(320K) NonClass: 83K(192K)->83K(192K) Class: 8K(128K)->8K(128K)
[2025-12-16T20:44:48.470+0800][0.843s][info][gc          ] GC(85) Pause Young (Normal) (G1 Evacuation Pause) 31M->1M(56M) 0.103ms
[2025-12-16T20:44:48.470+0800][0.843s][info][gc,cpu      ] GC(85) User=0.00s Sys=0.00s Real=0.00s
[2025-12-16T20:44:48.479+0800][0.852s][info][gc,start    ] GC(86) Pause Young (Normal) (G1 Evacuation Pause)
[2025-12-16T20:44:48.479+0800][0.852s][info][gc,task     ] GC(86) Using 2 workers of 9 for evacuation
[2025-12-16T20:44:48.479+0800][0.852s][info][gc,phases   ] GC(86)   Pre Evacuate Collection Set: 0.01ms
[2025-12-16T20:44:48.479+0800][0.852s][info][gc,phases   ] GC(86)   Merge Heap Roots: 0.00ms
[2025-12-16T20:44:48.479+0800][0.852s][info][gc,phases   ] GC(86)   Evacuate Collection Set: 0.01ms
[2025-12-16T20:44:48.479+0800][0.852s][info][gc,phases   ] GC(86)   Post Evacuate Collection Set: 0.02ms
[2025-12-16T20:44:48.479+0800][0.852s][info][gc,phases   ] GC(86)   Other: 0.02ms
[2025-12-16T20:44:48.479+0800][0.852s][info][gc,heap     ] GC(86) Eden regions: 15->0(15)
[2025-12-16T20:44:48.479+0800][0.852s][info][gc,heap     ] GC(86) Survivor regions: 1->1(2)
[2025-12-16T20:44:48.479+0800][0.852s][info][gc,heap     ] GC(86) Old regions: 2->2
[2025-12-16T20:44:48.479+0800][0.852s][info][gc,heap     ] GC(86) Humongous regions: 0->0
[2025-12-16T20:44:48.480+0800][0.852s][info][gc,metaspace] GC(86) Metaspace: 91K(320K)->91K(320K) NonClass: 83K(192K)->83K(192K) Class: 8K(128K)->8K(128K)
[2025-12-16T20:44:48.480+0800][0.852s][info][gc          ] GC(86) Pause Young (Normal) (G1 Evacuation Pause) 31M->1M(56M) 0.108ms
[2025-12-16T20:44:48.480+0800][0.852s][info][gc,cpu      ] GC(86) User=0.00s Sys=0.00s Real=0.01s
[2025-12-16T20:44:48.489+0800][0.862s][info][gc,start    ] GC(87) Pause Young (Normal) (G1 Evacuation Pause)
[2025-12-16T20:44:48.489+0800][0.862s][info][gc,task     ] GC(87) Using 2 workers of 9 for evacuation
[2025-12-16T20:44:48.489+0800][0.862s][info][gc,phases   ] GC(87)   Pre Evacuate Collection Set: 0.01ms
[2025-12-16T20:44:48.489+0800][0.862s][info][gc,phases   ] GC(87)   Merge Heap Roots: 0.00ms
[2025-12-16T20:44:48.489+0800][0.862s][info][gc,phases   ] GC(87)   Evacuate Collection Set: 0.01ms
[2025-12-16T20:44:48.489+0800][0.862s][info][gc,phases   ] GC(87)   Post Evacuate Collection Set: 0.02ms
[2025-12-16T20:44:48.489+0800][0.862s][info][gc,phases   ] GC(87)   Other: 0.02ms
[2025-12-16T20:44:48.489+0800][0.862s][info][gc,heap     ] GC(87) Eden regions: 15->0(15)
[2025-12-16T20:44:48.489+0800][0.862s][info][gc,heap     ] GC(87) Survivor regions: 1->1(2)
[2025-12-16T20:44:48.489+0800][0.862s][info][gc,heap     ] GC(87) Old regions: 2->2
[2025-12-16T20:44:48.489+0800][0.862s][info][gc,heap     ] GC(87) Humongous regions: 0->0
[2025-12-16T20:44:48.489+0800][0.862s][info][gc,metaspace] GC(87) Metaspace: 91K(320K)->91K(320K) NonClass: 83K(192K)->83K(192K) Class: 8K(128K)->8K(128K)
[2025-12-16T20:44:48.489+0800][0.862s][info][gc          ] GC(87) Pause Young (Normal) (G1 Evacuation Pause) 31M->1M(56M) 0.107ms
[2025-12-16T20:44:48.489+0800][0.862s][info][gc,cpu      ] GC(87) User=0.00s Sys=0.00s Real=0.00s
[2025-12-16T20:44:48.499+0800][0.872s][info][gc,start    ] GC(88) Pause Young (Normal) (G1 Evacuation Pause)
[2025-12-16T20:44:48.499+0800][0.872s][info][gc,task     ] GC(88) Using 2 workers of 9 for evacuation
[2025-12-16T20:44:48.499+0800][0.872s][info][gc,phases   ] GC(88)   Pre Evacuate Collection Set: 0.01ms
[2025-12-16T20:44:48.499+0800][0.872s][info][gc,phases   ] GC(88)   Merge Heap Roots: 0.00ms
[2025-12-16T20:44:48.499+0800][0.872s][info][gc,phases   ] GC(88)   Evacuate Collection Set: 0.02ms
[2025-12-16T20:44:48.499+0800][0.872s][info][gc,phases   ] GC(88)   Post Evacuate Collection Set: 0.03ms
[2025-12-16T20:44:48.499+0800][0.872s][info][gc,phases   ] GC(88)   Other: 0.02ms
[2025-12-16T20:44:48.499+0800][0.872s][info][gc,heap     ] GC(88) Eden regions: 15->0(15)
[2025-12-16T20:44:48.499+0800][0.872s][info][gc,heap     ] GC(88) Survivor regions: 1->1(2)
[2025-12-16T20:44:48.499+0800][0.872s][info][gc,heap     ] GC(88) Old regions: 2->2
[2025-12-16T20:44:48.499+0800][0.872s][info][gc,heap     ] GC(88) Humongous regions: 0->0
[2025-12-16T20:44:48.499+0800][0.872s][info][gc,metaspace] GC(88) Metaspace: 91K(320K)->91K(320K) NonClass: 83K(192K)->83K(192K) Class: 8K(128K)->8K(128K)
[2025-12-16T20:44:48.499+0800][0.872s][info][gc          ] GC(88) Pause Young (Normal) (G1 Evacuation Pause) 31M->1M(56M) 0.120ms
[2025-12-16T20:44:48.499+0800][0.872s][info][gc,cpu      ] GC(88) User=0.00s Sys=0.00s Real=0.00s
[2025-12-16T20:44:48.508+0800][0.881s][info][gc,start    ] GC(89) Pause Young (Normal) (G1 Evacuation Pause)
[2025-12-16T20:44:48.508+0800][0.881s][info][gc,task     ] GC(89) Using 2 workers of 9 for evacuation
[2025-12-16T20:44:48.508+0800][0.881s][info][gc,phases   ] GC(89)   Pre Evacuate Collection Set: 0.01ms
[2025-12-16T20:44:48.508+0800][0.881s][info][gc,phases   ] GC(89)   Merge Heap Roots: 0.00ms
[2025-12-16T20:44:48.508+0800][0.881s][info][gc,phases   ] GC(89)   Evacuate Collection Set: 0.01ms
[2025-12-16T20:44:48.508+0800][0.881s][info][gc,phases   ] GC(89)   Post Evacuate Collection Set: 0.02ms
[2025-12-16T20:44:48.508+0800][0.881s][info][gc,phases   ] GC(89)   Other: 0.02ms
[2025-12-16T20:44:48.508+0800][0.881s][info][gc,heap     ] GC(89) Eden regions: 15->0(15)
[2025-12-16T20:44:48.508+0800][0.881s][info][gc,heap     ] GC(89) Survivor regions: 1->1(2)
[2025-12-16T20:44:48.508+0800][0.881s][info][gc,heap     ] GC(89) Old regions: 2->2
[2025-12-16T20:44:48.508+0800][0.881s][info][gc,heap     ] GC(89) Humongous regions: 0->0
[2025-12-16T20:44:48.508+0800][0.881s][info][gc,metaspace] GC(89) Metaspace: 91K(320K)->91K(320K) NonClass: 83K(192K)->83K(192K) Class: 8K(128K)->8K(128K)
[2025-12-16T20:44:48.508+0800][0.881s][info][gc          ] GC(89) Pause Young (Normal) (G1 Evacuation Pause) 31M->1M(56M) 0.117ms
[2025-12-16T20:44:48.508+0800][0.881s][info][gc,cpu      ] GC(89) User=0.00s Sys=0.00s Real=0.00s
[2025-12-16T20:44:48.518+0800][0.891s][info][gc,start    ] GC(90) Pause Young (Normal) (G1 Evacuation Pause)
[2025-12-16T20:44:48.518+0800][0.891s][info][gc,task     ] GC(90) Using 2 workers of 9 for evacuation
[2025-12-16T20:44:48.518+0800][0.891s][info][gc,phases   ] GC(90)   Pre Evacuate Collection Set: 0.01ms
[2025-12-16T20:44:48.518+0800][0.891s][info][gc,phases   ] GC(90)   Merge Heap Roots: 0.00ms
[2025-12-16T20:44:48.518+0800][0.891s][info][gc,phases   ] GC(90)   Evacuate Collection Set: 0.01ms
[2025-12-16T20:44:48.518+0800][0.891s][info][gc,phases   ] GC(90)   Post Evacuate Collection Set: 0.03ms
[2025-12-16T20:44:48.518+0800][0.891s][info][gc,phases   ] GC(90)   Other: 0.02ms
[2025-12-16T20:44:48.518+0800][0.891s][info][gc,heap     ] GC(90) Eden regions: 15->0(15)
[2025-12-16T20:44:48.518+0800][0.891s][info][gc,heap     ] GC(90) Survivor regions: 1->1(2)
[2025-12-16T20:44:48.518+0800][0.891s][info][gc,heap     ] GC(90) Old regions: 2->2
[2025-12-16T20:44:48.518+0800][0.891s][info][gc,heap     ] GC(90) Humongous regions: 0->0
[2025-12-16T20:44:48.518+0800][0.891s][info][gc,metaspace] GC(90) Metaspace: 91K(320K)->91K(320K) NonClass: 83K(192K)->83K(192K) Class: 8K(128K)->8K(128K)
[2025-12-16T20:44:48.518+0800][0.891s][info][gc          ] GC(90) Pause Young (Normal) (G1 Evacuation Pause) 31M->1M(56M) 0.112ms
[2025-12-16T20:44:48.518+0800][0.891s][info][gc,cpu      ] GC(90) User=0.00s Sys=0.00s Real=0.00s
[2025-12-16T20:44:48.528+0800][0.901s][info][gc,start    ] GC(91) Pause Young (Normal) (G1 Evacuation Pause)
[2025-12-16T20:44:48.528+0800][0.901s][info][gc,task     ] GC(91) Using 2 workers of 9 for evacuation
[2025-12-16T20:44:48.528+0800][0.901s][info][gc,phases   ] GC(91)   Pre Evacuate Collection Set: 0.01ms
[2025-12-16T20:44:48.528+0800][0.901s][info][gc,phases   ] GC(91)   Merge Heap Roots: 0.01ms
[2025-12-16T20:44:48.528+0800][0.901s][info][gc,phases   ] GC(91)   Evacuate Collection Set: 0.02ms
[2025-12-16T20:44:48.528+0800][0.901s][info][gc,phases   ] GC(91)   Post Evacuate Collection Set: 0.02ms
[2025-12-16T20:44:48.528+0800][0.901s][info][gc,phases   ] GC(91)   Other: 0.02ms
[2025-12-16T20:44:48.528+0800][0.901s][info][gc,heap     ] GC(91) Eden regions: 15->0(15)
[2025-12-16T20:44:48.528+0800][0.901s][info][gc,heap     ] GC(91) Survivor regions: 1->1(2)
[2025-12-16T20:44:48.528+0800][0.901s][info][gc,heap     ] GC(91) Old regions: 2->2
[2025-12-16T20:44:48.528+0800][0.901s][info][gc,heap     ] GC(91) Humongous regions: 0->0
[2025-12-16T20:44:48.528+0800][0.901s][info][gc,metaspace] GC(91) Metaspace: 91K(320K)->91K(320K) NonClass: 83K(192K)->83K(192K) Class: 8K(128K)->8K(128K)
[2025-12-16T20:44:48.528+0800][0.901s][info][gc          ] GC(91) Pause Young (Normal) (G1 Evacuation Pause) 31M->1M(56M) 0.120ms
[2025-12-16T20:44:48.528+0800][0.901s][info][gc,cpu      ] GC(91) User=0.00s Sys=0.00s Real=0.00s
[2025-12-16T20:44:48.537+0800][0.910s][info][gc,start    ] GC(92) Pause Young (Normal) (G1 Evacuation Pause)
[2025-12-16T20:44:48.537+0800][0.910s][info][gc,task     ] GC(92) Using 2 workers of 9 for evacuation
[2025-12-16T20:44:48.537+0800][0.910s][info][gc,phases   ] GC(92)   Pre Evacuate Collection Set: 0.01ms
[2025-12-16T20:44:48.537+0800][0.910s][info][gc,phases   ] GC(92)   Merge Heap Roots: 0.00ms
[2025-12-16T20:44:48.537+0800][0.910s][info][gc,phases   ] GC(92)   Evacuate Collection Set: 0.01ms
[2025-12-16T20:44:48.537+0800][0.910s][info][gc,phases   ] GC(92)   Post Evacuate Collection Set: 0.02ms
[2025-12-16T20:44:48.538+0800][0.910s][info][gc,phases   ] GC(92)   Other: 0.02ms
[2025-12-16T20:44:48.538+0800][0.910s][info][gc,heap     ] GC(92) Eden regions: 15->0(15)
[2025-12-16T20:44:48.538+0800][0.910s][info][gc,heap     ] GC(92) Survivor regions: 1->1(2)
[2025-12-16T20:44:48.538+0800][0.910s][info][gc,heap     ] GC(92) Old regions: 2->2
[2025-12-16T20:44:48.538+0800][0.910s][info][gc,heap     ] GC(92) Humongous regions: 0->0
[2025-12-16T20:44:48.538+0800][0.910s][info][gc,metaspace] GC(92) Metaspace: 91K(320K)->91K(320K) NonClass: 83K(192K)->83K(192K) Class: 8K(128K)->8K(128K)
[2025-12-16T20:44:48.538+0800][0.910s][info][gc          ] GC(92) Pause Young (Normal) (G1 Evacuation Pause) 31M->1M(56M) 0.111ms
[2025-12-16T20:44:48.538+0800][0.911s][info][gc,cpu      ] GC(92) User=0.00s Sys=0.00s Real=0.00s
[2025-12-16T20:44:48.547+0800][0.920s][info][gc,start    ] GC(93) Pause Young (Normal) (G1 Evacuation Pause)
[2025-12-16T20:44:48.547+0800][0.920s][info][gc,task     ] GC(93) Using 2 workers of 9 for evacuation
[2025-12-16T20:44:48.547+0800][0.920s][info][gc,phases   ] GC(93)   Pre Evacuate Collection Set: 0.01ms
[2025-12-16T20:44:48.547+0800][0.920s][info][gc,phases   ] GC(93)   Merge Heap Roots: 0.00ms
[2025-12-16T20:44:48.547+0800][0.920s][info][gc,phases   ] GC(93)   Evacuate Collection Set: 0.01ms
[2025-12-16T20:44:48.547+0800][0.920s][info][gc,phases   ] GC(93)   Post Evacuate Collection Set: 0.02ms
[2025-12-16T20:44:48.547+0800][0.920s][info][gc,phases   ] GC(93)   Other: 0.02ms
[2025-12-16T20:44:48.547+0800][0.920s][info][gc,heap     ] GC(93) Eden regions: 15->0(15)
[2025-12-16T20:44:48.547+0800][0.920s][info][gc,heap     ] GC(93) Survivor regions: 1->1(2)
[2025-12-16T20:44:48.547+0800][0.920s][info][gc,heap     ] GC(93) Old regions: 2->2
[2025-12-16T20:44:48.547+0800][0.920s][info][gc,heap     ] GC(93) Humongous regions: 0->0
[2025-12-16T20:44:48.547+0800][0.920s][info][gc,metaspace] GC(93) Metaspace: 91K(320K)->91K(320K) NonClass: 83K(192K)->83K(192K) Class: 8K(128K)->8K(128K)
[2025-12-16T20:44:48.547+0800][0.920s][info][gc          ] GC(93) Pause Young (Normal) (G1 Evacuation Pause) 31M->1M(56M) 0.102ms
[2025-12-16T20:44:48.547+0800][0.920s][info][gc,cpu      ] GC(93) User=0.00s Sys=0.00s Real=0.00s
[2025-12-16T20:44:48.557+0800][0.930s][info][gc,start    ] GC(94) Pause Young (Normal) (G1 Evacuation Pause)
[2025-12-16T20:44:48.557+0800][0.930s][info][gc,task     ] GC(94) Using 2 workers of 9 for evacuation
[2025-12-16T20:44:48.557+0800][0.930s][info][gc,phases   ] GC(94)   Pre Evacuate Collection Set: 0.01ms
[2025-12-16T20:44:48.557+0800][0.930s][info][gc,phases   ] GC(94)   Merge Heap Roots: 0.01ms
[2025-12-16T20:44:48.557+0800][0.930s][info][gc,phases   ] GC(94)   Evacuate Collection Set: 0.01ms
[2025-12-16T20:44:48.557+0800][0.930s][info][gc,phases   ] GC(94)   Post Evacuate Collection Set: 0.02ms
[2025-12-16T20:44:48.557+0800][0.930s][info][gc,phases   ] GC(94)   Other: 0.02ms
[2025-12-16T20:44:48.557+0800][0.930s][info][gc,heap     ] GC(94) Eden regions: 15->0(15)
[2025-12-16T20:44:48.557+0800][0.930s][info][gc,heap     ] GC(94) Survivor regions: 1->1(2)
[2025-12-16T20:44:48.557+0800][0.930s][info][gc,heap     ] GC(94) Old regions: 2->2
[2025-12-16T20:44:48.557+0800][0.930s][info][gc,heap     ] GC(94) Humongous regions: 0->0
[2025-12-16T20:44:48.557+0800][0.930s][info][gc,metaspace] GC(94) Metaspace: 91K(320K)->91K(320K) NonClass: 83K(192K)->83K(192K) Class: 8K(128K)->8K(128K)
[2025-12-16T20:44:48.557+0800][0.930s][info][gc          ] GC(94) Pause Young (Normal) (G1 Evacuation Pause) 31M->1M(56M) 0.108ms
[2025-12-16T20:44:48.557+0800][0.930s][info][gc,cpu      ] GC(94) User=0.00s Sys=0.00s Real=0.00s
[2025-12-16T20:44:48.567+0800][0.940s][info][gc,start    ] GC(95) Pause Young (Normal) (G1 Evacuation Pause)
[2025-12-16T20:44:48.567+0800][0.940s][info][gc,task     ] GC(95) Using 2 workers of 9 for evacuation
[2025-12-16T20:44:48.567+0800][0.940s][info][gc,phases   ] GC(95)   Pre Evacuate Collection Set: 0.01ms
[2025-12-16T20:44:48.567+0800][0.940s][info][gc,phases   ] GC(95)   Merge Heap Roots: 0.00ms
[2025-12-16T20:44:48.567+0800][0.940s][info][gc,phases   ] GC(95)   Evacuate Collection Set: 0.01ms
[2025-12-16T20:44:48.567+0800][0.940s][info][gc,phases   ] GC(95)   Post Evacuate Collection Set: 0.02ms
[2025-12-16T20:44:48.567+0800][0.940s][info][gc,phases   ] GC(95)   Other: 0.02ms
[2025-12-16T20:44:48.567+0800][0.940s][info][gc,heap     ] GC(95) Eden regions: 15->0(15)
[2025-12-16T20:44:48.567+0800][0.940s][info][gc,heap     ] GC(95) Survivor regions: 1->1(2)
[2025-12-16T20:44:48.567+0800][0.940s][info][gc,heap     ] GC(95) Old regions: 2->2
[2025-12-16T20:44:48.567+0800][0.940s][info][gc,heap     ] GC(95) Humongous regions: 0->0
[2025-12-16T20:44:48.567+0800][0.940s][info][gc,metaspace] GC(95) Metaspace: 91K(320K)->91K(320K) NonClass: 83K(192K)->83K(192K) Class: 8K(128K)->8K(128K)
[2025-12-16T20:44:48.567+0800][0.940s][info][gc          ] GC(95) Pause Young (Normal) (G1 Evacuation Pause) 31M->1M(56M) 0.108ms
[2025-12-16T20:44:48.567+0800][0.940s][info][gc,cpu      ] GC(95) User=0.00s Sys=0.00s Real=0.00s
[2025-12-16T20:44:48.576+0800][0.949s][info][gc,start    ] GC(96) Pause Young (Normal) (G1 Evacuation Pause)
[2025-12-16T20:44:48.576+0800][0.949s][info][gc,task     ] GC(96) Using 2 workers of 9 for evacuation
[2025-12-16T20:44:48.576+0800][0.949s][info][gc,phases   ] GC(96)   Pre Evacuate Collection Set: 0.01ms
[2025-12-16T20:44:48.576+0800][0.949s][info][gc,phases   ] GC(96)   Merge Heap Roots: 0.00ms
[2025-12-16T20:44:48.576+0800][0.949s][info][gc,phases   ] GC(96)   Evacuate Collection Set: 0.01ms
[2025-12-16T20:44:48.576+0800][0.949s][info][gc,phases   ] GC(96)   Post Evacuate Collection Set: 0.02ms
[2025-12-16T20:44:48.576+0800][0.949s][info][gc,phases   ] GC(96)   Other: 0.02ms
[2025-12-16T20:44:48.576+0800][0.949s][info][gc,heap     ] GC(96) Eden regions: 15->0(15)
[2025-12-16T20:44:48.576+0800][0.949s][info][gc,heap     ] GC(96) Survivor regions: 1->1(2)
[2025-12-16T20:44:48.576+0800][0.949s][info][gc,heap     ] GC(96) Old regions: 2->2
[2025-12-16T20:44:48.576+0800][0.949s][info][gc,heap     ] GC(96) Humongous regions: 0->0
[2025-12-16T20:44:48.576+0800][0.949s][info][gc,metaspace] GC(96) Metaspace: 91K(320K)->91K(320K) NonClass: 83K(192K)->83K(192K) Class: 8K(128K)->8K(128K)
[2025-12-16T20:44:48.576+0800][0.949s][info][gc          ] GC(96) Pause Young (Normal) (G1 Evacuation Pause) 31M->1M(56M) 0.105ms
[2025-12-16T20:44:48.576+0800][0.949s][info][gc,cpu      ] GC(96) User=0.00s Sys=0.00s Real=0.00s
[2025-12-16T20:44:48.586+0800][0.959s][info][gc,start    ] GC(97) Pause Young (Normal) (G1 Evacuation Pause)
[2025-12-16T20:44:48.586+0800][0.959s][info][gc,task     ] GC(97) Using 2 workers of 9 for evacuation
[2025-12-16T20:44:48.586+0800][0.959s][info][gc,phases   ] GC(97)   Pre Evacuate Collection Set: 0.01ms
[2025-12-16T20:44:48.586+0800][0.959s][info][gc,phases   ] GC(97)   Merge Heap Roots: 0.00ms
[2025-12-16T20:44:48.586+0800][0.959s][info][gc,phases   ] GC(97)   Evacuate Collection Set: 0.01ms
[2025-12-16T20:44:48.586+0800][0.959s][info][gc,phases   ] GC(97)   Post Evacuate Collection Set: 0.03ms
[2025-12-16T20:44:48.586+0800][0.959s][info][gc,phases   ] GC(97)   Other: 0.02ms
[2025-12-16T20:44:48.586+0800][0.959s][info][gc,heap     ] GC(97) Eden regions: 15->0(15)
[2025-12-16T20:44:48.586+0800][0.959s][info][gc,heap     ] GC(97) Survivor regions: 1->1(2)
[2025-12-16T20:44:48.586+0800][0.959s][info][gc,heap     ] GC(97) Old regions: 2->2
[2025-12-16T20:44:48.586+0800][0.959s][info][gc,heap     ] GC(97) Humongous regions: 0->0
[2025-12-16T20:44:48.586+0800][0.959s][info][gc,metaspace] GC(97) Metaspace: 91K(320K)->91K(320K) NonClass: 83K(192K)->83K(192K) Class: 8K(128K)->8K(128K)
[2025-12-16T20:44:48.586+0800][0.959s][info][gc          ] GC(97) Pause Young (Normal) (G1 Evacuation Pause) 31M->1M(56M) 0.115ms
[2025-12-16T20:44:48.586+0800][0.959s][info][gc,cpu      ] GC(97) User=0.00s Sys=0.00s Real=0.00s
[2025-12-16T20:44:48.596+0800][0.969s][info][gc,start    ] GC(98) Pause Young (Normal) (G1 Evacuation Pause)
[2025-12-16T20:44:48.596+0800][0.969s][info][gc,task     ] GC(98) Using 2 workers of 9 for evacuation
[2025-12-16T20:44:48.596+0800][0.969s][info][gc,phases   ] GC(98)   Pre Evacuate Collection Set: 0.02ms
[2025-12-16T20:44:48.596+0800][0.969s][info][gc,phases   ] GC(98)   Merge Heap Roots: 0.01ms
[2025-12-16T20:44:48.596+0800][0.969s][info][gc,phases   ] GC(98)   Evacuate Collection Set: 0.01ms
[2025-12-16T20:44:48.596+0800][0.969s][info][gc,phases   ] GC(98)   Post Evacuate Collection Set: 0.02ms
[2025-12-16T20:44:48.596+0800][0.969s][info][gc,phases   ] GC(98)   Other: 0.02ms
[2025-12-16T20:44:48.596+0800][0.969s][info][gc,heap     ] GC(98) Eden regions: 15->0(15)
[2025-12-16T20:44:48.596+0800][0.969s][info][gc,heap     ] GC(98) Survivor regions: 1->1(2)
[2025-12-16T20:44:48.596+0800][0.969s][info][gc,heap     ] GC(98) Old regions: 2->2
[2025-12-16T20:44:48.596+0800][0.969s][info][gc,heap     ] GC(98) Humongous regions: 0->0
[2025-12-16T20:44:48.596+0800][0.969s][info][gc,metaspace] GC(98) Metaspace: 91K(320K)->91K(320K) NonClass: 83K(192K)->83K(192K) Class: 8K(128K)->8K(128K)
[2025-12-16T20:44:48.596+0800][0.969s][info][gc          ] GC(98) Pause Young (Normal) (G1 Evacuation Pause) 31M->1M(56M) 0.127ms
[2025-12-16T20:44:48.596+0800][0.969s][info][gc,cpu      ] GC(98) User=0.00s Sys=0.00s Real=0.00s
[2025-12-16T20:44:48.605+0800][0.978s][info][gc,start    ] GC(99) Pause Young (Normal) (G1 Evacuation Pause)
[2025-12-16T20:44:48.605+0800][0.978s][info][gc,task     ] GC(99) Using 2 workers of 9 for evacuation
[2025-12-16T20:44:48.605+0800][0.978s][info][gc,phases   ] GC(99)   Pre Evacuate Collection Set: 0.01ms
[2025-12-16T20:44:48.605+0800][0.978s][info][gc,phases   ] GC(99)   Merge Heap Roots: 0.00ms
[2025-12-16T20:44:48.605+0800][0.978s][info][gc,phases   ] GC(99)   Evacuate Collection Set: 0.01ms
[2025-12-16T20:44:48.605+0800][0.978s][info][gc,phases   ] GC(99)   Post Evacuate Collection Set: 0.03ms
[2025-12-16T20:44:48.605+0800][0.978s][info][gc,phases   ] GC(99)   Other: 0.02ms
[2025-12-16T20:44:48.605+0800][0.978s][info][gc,heap     ] GC(99) Eden regions: 15->0(15)
[2025-12-16T20:44:48.605+0800][0.978s][info][gc,heap     ] GC(99) Survivor regions: 1->1(2)
[2025-12-16T20:44:48.605+0800][0.978s][info][gc,heap     ] GC(99) Old regions: 2->2
[2025-12-16T20:44:48.605+0800][0.978s][info][gc,heap     ] GC(99) Humongous regions: 0->0
[2025-12-16T20:44:48.605+0800][0.978s][info][gc,metaspace] GC(99) Metaspace: 91K(320K)->91K(320K) NonClass: 83K(192K)->83K(192K) Class: 8K(128K)->8K(128K)
[2025-12-16T20:44:48.605+0800][0.978s][info][gc          ] GC(99) Pause Young (Normal) (G1 Evacuation Pause) 31M->1M(56M) 0.113ms
[2025-12-16T20:44:48.605+0800][0.978s][info][gc,cpu      ] GC(99) User=0.00s Sys=0.00s Real=0.00s
[2025-12-16T20:44:48.615+0800][0.988s][info][gc,start    ] GC(100) Pause Young (Normal) (G1 Evacuation Pause)
[2025-12-16T20:44:48.615+0800][0.988s][info][gc,task     ] GC(100) Using 2 workers of 9 for evacuation
[2025-12-16T20:44:48.615+0800][0.988s][info][gc,phases   ] GC(100)   Pre Evacuate Collection Set: 0.01ms
[2025-12-16T20:44:48.615+0800][0.988s][info][gc,phases   ] GC(100)   Merge Heap Roots: 0.00ms
[2025-12-16T20:44:48.615+0800][0.988s][info][gc,phases   ] GC(100)   Evacuate Collection Set: 0.01ms
[2025-12-16T20:44:48.615+0800][0.988s][info][gc,phases   ] GC(100)   Post Evacuate Collection Set: 0.02ms
[2025-12-16T20:44:48.615+0800][0.988s][info][gc,phases   ] GC(100)   Other: 0.02ms
[2025-12-16T20:44:48.615+0800][0.988s][info][gc,heap     ] GC(100) Eden regions: 15->0(15)
[2025-12-16T20:44:48.615+0800][0.988s][info][gc,heap     ] GC(100) Survivor regions: 1->1(2)
[2025-12-16T20:44:48.615+0800][0.988s][info][gc,heap     ] GC(100) Old regions: 2->2
[2025-12-16T20:44:48.615+0800][0.988s][info][gc,heap     ] GC(100) Humongous regions: 0->0
[2025-12-16T20:44:48.615+0800][0.988s][info][gc,metaspace] GC(100) Metaspace: 91K(320K)->91K(320K) NonClass: 83K(192K)->83K(192K) Class: 8K(128K)->8K(128K)
[2025-12-16T20:44:48.615+0800][0.988s][info][gc          ] GC(100) Pause Young (Normal) (G1 Evacuation Pause) 31M->1M(56M) 0.111ms
[2025-12-16T20:44:48.615+0800][0.988s][info][gc,cpu      ] GC(100) User=0.00s Sys=0.00s Real=0.00s
[2025-12-16T20:44:48.625+0800][0.998s][info][gc,start    ] GC(101) Pause Young (Normal) (G1 Evacuation Pause)
[2025-12-16T20:44:48.625+0800][0.998s][info][gc,task     ] GC(101) Using 2 workers of 9 for evacuation
[2025-12-16T20:44:48.625+0800][0.998s][info][gc,phases   ] GC(101)   Pre Evacuate Collection Set: 0.01ms
[2025-12-16T20:44:48.625+0800][0.998s][info][gc,phases   ] GC(101)   Merge Heap Roots: 0.00ms
[2025-12-16T20:44:48.625+0800][0.998s][info][gc,phases   ] GC(101)   Evacuate Collection Set: 0.01ms
[2025-12-16T20:44:48.625+0800][0.998s][info][gc,phases   ] GC(101)   Post Evacuate Collection Set: 0.02ms
[2025-12-16T20:44:48.625+0800][0.998s][info][gc,phases   ] GC(101)   Other: 0.02ms
[2025-12-16T20:44:48.625+0800][0.998s][info][gc,heap     ] GC(101) Eden regions: 15->0(15)
[2025-12-16T20:44:48.625+0800][0.998s][info][gc,heap     ] GC(101) Survivor regions: 1->1(2)
[2025-12-16T20:44:48.625+0800][0.998s][info][gc,heap     ] GC(101) Old regions: 2->2
[2025-12-16T20:44:48.625+0800][0.998s][info][gc,heap     ] GC(101) Humongous regions: 0->0
[2025-12-16T20:44:48.625+0800][0.998s][info][gc,metaspace] GC(101) Metaspace: 91K(320K)->91K(320K) NonClass: 83K(192K)->83K(192K) Class: 8K(128K)->8K(128K)
[2025-12-16T20:44:48.625+0800][0.998s][info][gc          ] GC(101) Pause Young (Normal) (G1 Evacuation Pause) 31M->1M(56M) 0.110ms
[2025-12-16T20:44:48.625+0800][0.998s][info][gc,cpu      ] GC(101) User=0.00s Sys=0.00s Real=0.00s
[2025-12-16T20:44:48.634+0800][1.007s][info][gc,start    ] GC(102) Pause Young (Normal) (G1 Evacuation Pause)
[2025-12-16T20:44:48.634+0800][1.007s][info][gc,task     ] GC(102) Using 2 workers of 9 for evacuation
[2025-12-16T20:44:48.634+0800][1.007s][info][gc,phases   ] GC(102)   Pre Evacuate Collection Set: 0.01ms
[2025-12-16T20:44:48.634+0800][1.007s][info][gc,phases   ] GC(102)   Merge Heap Roots: 0.00ms
[2025-12-16T20:44:48.634+0800][1.007s][info][gc,phases   ] GC(102)   Evacuate Collection Set: 0.02ms
[2025-12-16T20:44:48.634+0800][1.007s][info][gc,phases   ] GC(102)   Post Evacuate Collection Set: 0.03ms
[2025-12-16T20:44:48.634+0800][1.007s][info][gc,phases   ] GC(102)   Other: 0.02ms
[2025-12-16T20:44:48.634+0800][1.007s][info][gc,heap     ] GC(102) Eden regions: 15->0(15)
[2025-12-16T20:44:48.635+0800][1.007s][info][gc,heap     ] GC(102) Survivor regions: 1->1(2)
[2025-12-16T20:44:48.635+0800][1.007s][info][gc,heap     ] GC(102) Old regions: 2->2
[2025-12-16T20:44:48.635+0800][1.007s][info][gc,heap     ] GC(102) Humongous regions: 0->0
[2025-12-16T20:44:48.635+0800][1.007s][info][gc,metaspace] GC(102) Metaspace: 91K(320K)->91K(320K) NonClass: 83K(192K)->83K(192K) Class: 8K(128K)->8K(128K)
[2025-12-16T20:44:48.635+0800][1.007s][info][gc          ] GC(102) Pause Young (Normal) (G1 Evacuation Pause) 31M->1M(56M) 0.120ms
[2025-12-16T20:44:48.635+0800][1.007s][info][gc,cpu      ] GC(102) User=0.00s Sys=0.00s Real=0.00s
[2025-12-16T20:44:48.644+0800][1.017s][info][gc,start    ] GC(103) Pause Young (Normal) (G1 Evacuation Pause)
[2025-12-16T20:44:48.644+0800][1.017s][info][gc,task     ] GC(103) Using 2 workers of 9 for evacuation
[2025-12-16T20:44:48.644+0800][1.017s][info][gc,phases   ] GC(103)   Pre Evacuate Collection Set: 0.01ms
[2025-12-16T20:44:48.644+0800][1.017s][info][gc,phases   ] GC(103)   Merge Heap Roots: 0.01ms
[2025-12-16T20:44:48.644+0800][1.017s][info][gc,phases   ] GC(103)   Evacuate Collection Set: 0.01ms
[2025-12-16T20:44:48.644+0800][1.017s][info][gc,phases   ] GC(103)   Post Evacuate Collection Set: 0.03ms
[2025-12-16T20:44:48.644+0800][1.017s][info][gc,phases   ] GC(103)   Other: 0.02ms
[2025-12-16T20:44:48.644+0800][1.017s][info][gc,heap     ] GC(103) Eden regions: 15->0(15)
[2025-12-16T20:44:48.644+0800][1.017s][info][gc,heap     ] GC(103) Survivor regions: 1->1(2)
[2025-12-16T20:44:48.644+0800][1.017s][info][gc,heap     ] GC(103) Old regions: 2->2
[2025-12-16T20:44:48.644+0800][1.017s][info][gc,heap     ] GC(103) Humongous regions: 0->0
[2025-12-16T20:44:48.644+0800][1.017s][info][gc,metaspace] GC(103) Metaspace: 91K(320K)->91K(320K) NonClass: 83K(192K)->83K(192K) Class: 8K(128K)->8K(128K)
[2025-12-16T20:44:48.644+0800][1.017s][info][gc          ] GC(103) Pause Young (Normal) (G1 Evacuation Pause) 31M->1M(56M) 0.114ms
[2025-12-16T20:44:48.644+0800][1.017s][info][gc,cpu      ] GC(103) User=0.00s Sys=0.00s Real=0.00s
[2025-12-16T20:44:48.654+0800][1.027s][info][gc,start    ] GC(104) Pause Young (Normal) (G1 Evacuation Pause)
[2025-12-16T20:44:48.654+0800][1.027s][info][gc,task     ] GC(104) Using 2 workers of 9 for evacuation
[2025-12-16T20:44:48.654+0800][1.027s][info][gc,phases   ] GC(104)   Pre Evacuate Collection Set: 0.01ms
[2025-12-16T20:44:48.654+0800][1.027s][info][gc,phases   ] GC(104)   Merge Heap Roots: 0.01ms
[2025-12-16T20:44:48.654+0800][1.027s][info][gc,phases   ] GC(104)   Evacuate Collection Set: 0.01ms
[2025-12-16T20:44:48.654+0800][1.027s][info][gc,phases   ] GC(104)   Post Evacuate Collection Set: 0.02ms
[2025-12-16T20:44:48.654+0800][1.027s][info][gc,phases   ] GC(104)   Other: 0.02ms
[2025-12-16T20:44:48.654+0800][1.027s][info][gc,heap     ] GC(104) Eden regions: 15->0(15)
[2025-12-16T20:44:48.654+0800][1.027s][info][gc,heap     ] GC(104) Survivor regions: 1->1(2)
[2025-12-16T20:44:48.654+0800][1.027s][info][gc,heap     ] GC(104) Old regions: 2->2
[2025-12-16T20:44:48.654+0800][1.027s][info][gc,heap     ] GC(104) Humongous regions: 0->0
[2025-12-16T20:44:48.654+0800][1.027s][info][gc,metaspace] GC(104) Metaspace: 91K(320K)->91K(320K) NonClass: 83K(192K)->83K(192K) Class: 8K(128K)->8K(128K)
[2025-12-16T20:44:48.654+0800][1.027s][info][gc          ] GC(104) Pause Young (Normal) (G1 Evacuation Pause) 31M->1M(56M) 0.112ms
[2025-12-16T20:44:48.654+0800][1.027s][info][gc,cpu      ] GC(104) User=0.00s Sys=0.00s Real=0.00s
[2025-12-16T20:44:48.663+0800][1.036s][info][gc,start    ] GC(105) Pause Young (Normal) (G1 Evacuation Pause)
[2025-12-16T20:44:48.663+0800][1.036s][info][gc,task     ] GC(105) Using 2 workers of 9 for evacuation
[2025-12-16T20:44:48.663+0800][1.036s][info][gc,phases   ] GC(105)   Pre Evacuate Collection Set: 0.01ms
[2025-12-16T20:44:48.663+0800][1.036s][info][gc,phases   ] GC(105)   Merge Heap Roots: 0.00ms
[2025-12-16T20:44:48.663+0800][1.036s][info][gc,phases   ] GC(105)   Evacuate Collection Set: 0.01ms
[2025-12-16T20:44:48.663+0800][1.036s][info][gc,phases   ] GC(105)   Post Evacuate Collection Set: 0.02ms
[2025-12-16T20:44:48.663+0800][1.036s][info][gc,phases   ] GC(105)   Other: 0.02ms
[2025-12-16T20:44:48.663+0800][1.036s][info][gc,heap     ] GC(105) Eden regions: 15->0(15)
[2025-12-16T20:44:48.663+0800][1.036s][info][gc,heap     ] GC(105) Survivor regions: 1->1(2)
[2025-12-16T20:44:48.663+0800][1.036s][info][gc,heap     ] GC(105) Old regions: 2->2
[2025-12-16T20:44:48.663+0800][1.036s][info][gc,heap     ] GC(105) Humongous regions: 0->0
[2025-12-16T20:44:48.664+0800][1.036s][info][gc,metaspace] GC(105) Metaspace: 91K(320K)->91K(320K) NonClass: 83K(192K)->83K(192K) Class: 8K(128K)->8K(128K)
[2025-12-16T20:44:48.664+0800][1.036s][info][gc          ] GC(105) Pause Young (Normal) (G1 Evacuation Pause) 31M->1M(56M) 0.104ms
[2025-12-16T20:44:48.664+0800][1.036s][info][gc,cpu      ] GC(105) User=0.00s Sys=0.00s Real=0.00s
[2025-12-16T20:44:48.673+0800][1.046s][info][gc,start    ] GC(106) Pause Young (Normal) (G1 Evacuation Pause)
[2025-12-16T20:44:48.673+0800][1.046s][info][gc,task     ] GC(106) Using 2 workers of 9 for evacuation
[2025-12-16T20:44:48.673+0800][1.046s][info][gc,phases   ] GC(106)   Pre Evacuate Collection Set: 0.01ms
[2025-12-16T20:44:48.673+0800][1.046s][info][gc,phases   ] GC(106)   Merge Heap Roots: 0.01ms
[2025-12-16T20:44:48.673+0800][1.046s][info][gc,phases   ] GC(106)   Evacuate Collection Set: 0.01ms
[2025-12-16T20:44:48.673+0800][1.046s][info][gc,phases   ] GC(106)   Post Evacuate Collection Set: 0.02ms
[2025-12-16T20:44:48.673+0800][1.046s][info][gc,phases   ] GC(106)   Other: 0.02ms
[2025-12-16T20:44:48.673+0800][1.046s][info][gc,heap     ] GC(106) Eden regions: 15->0(15)
[2025-12-16T20:44:48.673+0800][1.046s][info][gc,heap     ] GC(106) Survivor regions: 1->1(2)
[2025-12-16T20:44:48.673+0800][1.046s][info][gc,heap     ] GC(106) Old regions: 2->2
[2025-12-16T20:44:48.673+0800][1.046s][info][gc,heap     ] GC(106) Humongous regions: 0->0
[2025-12-16T20:44:48.673+0800][1.046s][info][gc,metaspace] GC(106) Metaspace: 91K(320K)->91K(320K) NonClass: 83K(192K)->83K(192K) Class: 8K(128K)->8K(128K)
[2025-12-16T20:44:48.673+0800][1.046s][info][gc          ] GC(106) Pause Young (Normal) (G1 Evacuation Pause) 31M->1M(56M) 0.110ms
[2025-12-16T20:44:48.673+0800][1.046s][info][gc,cpu      ] GC(106) User=0.00s Sys=0.00s Real=0.00s
[2025-12-16T20:44:48.683+0800][1.056s][info][gc,start    ] GC(107) Pause Young (Normal) (G1 Evacuation Pause)
[2025-12-16T20:44:48.683+0800][1.056s][info][gc,task     ] GC(107) Using 2 workers of 9 for evacuation
[2025-12-16T20:44:48.683+0800][1.056s][info][gc,phases   ] GC(107)   Pre Evacuate Collection Set: 0.02ms
[2025-12-16T20:44:48.683+0800][1.056s][info][gc,phases   ] GC(107)   Merge Heap Roots: 0.01ms
[2025-12-16T20:44:48.683+0800][1.056s][info][gc,phases   ] GC(107)   Evacuate Collection Set: 0.01ms
[2025-12-16T20:44:48.683+0800][1.056s][info][gc,phases   ] GC(107)   Post Evacuate Collection Set: 0.02ms
[2025-12-16T20:44:48.683+0800][1.056s][info][gc,phases   ] GC(107)   Other: 0.02ms
[2025-12-16T20:44:48.683+0800][1.056s][info][gc,heap     ] GC(107) Eden regions: 15->0(15)
[2025-12-16T20:44:48.683+0800][1.056s][info][gc,heap     ] GC(107) Survivor regions: 1->1(2)
[2025-12-16T20:44:48.683+0800][1.056s][info][gc,heap     ] GC(107) Old regions: 2->2
[2025-12-16T20:44:48.683+0800][1.056s][info][gc,heap     ] GC(107) Humongous regions: 0->0
[2025-12-16T20:44:48.683+0800][1.056s][info][gc,metaspace] GC(107) Metaspace: 91K(320K)->91K(320K) NonClass: 83K(192K)->83K(192K) Class: 8K(128K)->8K(128K)
[2025-12-16T20:44:48.683+0800][1.056s][info][gc          ] GC(107) Pause Young (Normal) (G1 Evacuation Pause) 31M->1M(56M) 0.112ms
[2025-12-16T20:44:48.683+0800][1.056s][info][gc,cpu      ] GC(107) User=0.00s Sys=0.00s Real=0.00s
[2025-12-16T20:44:48.693+0800][1.066s][info][gc,start    ] GC(108) Pause Young (Normal) (G1 Evacuation Pause)
[2025-12-16T20:44:48.693+0800][1.066s][info][gc,task     ] GC(108) Using 2 workers of 9 for evacuation
[2025-12-16T20:44:48.693+0800][1.066s][info][gc,phases   ] GC(108)   Pre Evacuate Collection Set: 0.01ms
[2025-12-16T20:44:48.693+0800][1.066s][info][gc,phases   ] GC(108)   Merge Heap Roots: 0.00ms
[2025-12-16T20:44:48.693+0800][1.066s][info][gc,phases   ] GC(108)   Evacuate Collection Set: 0.01ms
[2025-12-16T20:44:48.693+0800][1.066s][info][gc,phases   ] GC(108)   Post Evacuate Collection Set: 0.02ms
[2025-12-16T20:44:48.693+0800][1.066s][info][gc,phases   ] GC(108)   Other: 0.02ms
[2025-12-16T20:44:48.693+0800][1.066s][info][gc,heap     ] GC(108) Eden regions: 15->0(15)
[2025-12-16T20:44:48.693+0800][1.066s][info][gc,heap     ] GC(108) Survivor regions: 1->1(2)
[2025-12-16T20:44:48.693+0800][1.066s][info][gc,heap     ] GC(108) Old regions: 2->2
[2025-12-16T20:44:48.693+0800][1.066s][info][gc,heap     ] GC(108) Humongous regions: 0->0
[2025-12-16T20:44:48.693+0800][1.066s][info][gc,metaspace] GC(108) Metaspace: 91K(320K)->91K(320K) NonClass: 83K(192K)->83K(192K) Class: 8K(128K)->8K(128K)
[2025-12-16T20:44:48.693+0800][1.066s][info][gc          ] GC(108) Pause Young (Normal) (G1 Evacuation Pause) 31M->1M(56M) 0.106ms
[2025-12-16T20:44:48.693+0800][1.066s][info][gc,cpu      ] GC(108) User=0.00s Sys=0.00s Real=0.00s
[2025-12-16T20:44:48.702+0800][1.075s][info][gc,start    ] GC(109) Pause Young (Normal) (G1 Evacuation Pause)
[2025-12-16T20:44:48.702+0800][1.075s][info][gc,task     ] GC(109) Using 2 workers of 9 for evacuation
[2025-12-16T20:44:48.702+0800][1.075s][info][gc,phases   ] GC(109)   Pre Evacuate Collection Set: 0.01ms
[2025-12-16T20:44:48.702+0800][1.075s][info][gc,phases   ] GC(109)   Merge Heap Roots: 0.00ms
[2025-12-16T20:44:48.702+0800][1.075s][info][gc,phases   ] GC(109)   Evacuate Collection Set: 0.01ms
[2025-12-16T20:44:48.702+0800][1.075s][info][gc,phases   ] GC(109)   Post Evacuate Collection Set: 0.02ms
[2025-12-16T20:44:48.702+0800][1.075s][info][gc,phases   ] GC(109)   Other: 0.02ms
[2025-12-16T20:44:48.702+0800][1.075s][info][gc,heap     ] GC(109) Eden regions: 15->0(15)
[2025-12-16T20:44:48.702+0800][1.075s][info][gc,heap     ] GC(109) Survivor regions: 1->1(2)
[2025-12-16T20:44:48.702+0800][1.075s][info][gc,heap     ] GC(109) Old regions: 2->2
[2025-12-16T20:44:48.702+0800][1.075s][info][gc,heap     ] GC(109) Humongous regions: 0->0
[2025-12-16T20:44:48.702+0800][1.075s][info][gc,metaspace] GC(109) Metaspace: 91K(320K)->91K(320K) NonClass: 83K(192K)->83K(192K) Class: 8K(128K)->8K(128K)
[2025-12-16T20:44:48.702+0800][1.075s][info][gc          ] GC(109) Pause Young (Normal) (G1 Evacuation Pause) 31M->1M(56M) 0.107ms
[2025-12-16T20:44:48.702+0800][1.075s][info][gc,cpu      ] GC(109) User=0.00s Sys=0.00s Real=0.00s
[2025-12-16T20:44:48.712+0800][1.085s][info][gc,start    ] GC(110) Pause Young (Normal) (G1 Evacuation Pause)
[2025-12-16T20:44:48.712+0800][1.085s][info][gc,task     ] GC(110) Using 2 workers of 9 for evacuation
[2025-12-16T20:44:48.712+0800][1.085s][info][gc,phases   ] GC(110)   Pre Evacuate Collection Set: 0.01ms
[2025-12-16T20:44:48.712+0800][1.085s][info][gc,phases   ] GC(110)   Merge Heap Roots: 0.00ms
[2025-12-16T20:44:48.712+0800][1.085s][info][gc,phases   ] GC(110)   Evacuate Collection Set: 0.01ms
[2025-12-16T20:44:48.712+0800][1.085s][info][gc,phases   ] GC(110)   Post Evacuate Collection Set: 0.02ms
[2025-12-16T20:44:48.712+0800][1.085s][info][gc,phases   ] GC(110)   Other: 0.02ms
[2025-12-16T20:44:48.712+0800][1.085s][info][gc,heap     ] GC(110) Eden regions: 15->0(15)
[2025-12-16T20:44:48.712+0800][1.085s][info][gc,heap     ] GC(110) Survivor regions: 1->1(2)
[2025-12-16T20:44:48.712+0800][1.085s][info][gc,heap     ] GC(110) Old regions: 2->2
[2025-12-16T20:44:48.712+0800][1.085s][info][gc,heap     ] GC(110) Humongous regions: 0->0
[2025-12-16T20:44:48.712+0800][1.085s][info][gc,metaspace] GC(110) Metaspace: 91K(320K)->91K(320K) NonClass: 83K(192K)->83K(192K) Class: 8K(128K)->8K(128K)
[2025-12-16T20:44:48.712+0800][1.085s][info][gc          ] GC(110) Pause Young (Normal) (G1 Evacuation Pause) 31M->1M(56M) 0.107ms
[2025-12-16T20:44:48.712+0800][1.085s][info][gc,cpu      ] GC(110) User=0.00s Sys=0.00s Real=0.00s
[2025-12-16T20:44:48.722+0800][1.095s][info][gc,start    ] GC(111) Pause Young (Normal) (G1 Evacuation Pause)
[2025-12-16T20:44:48.722+0800][1.095s][info][gc,task     ] GC(111) Using 2 workers of 9 for evacuation
[2025-12-16T20:44:48.722+0800][1.095s][info][gc,phases   ] GC(111)   Pre Evacuate Collection Set: 0.01ms
[2025-12-16T20:44:48.722+0800][1.095s][info][gc,phases   ] GC(111)   Merge Heap Roots: 0.00ms
[2025-12-16T20:44:48.722+0800][1.095s][info][gc,phases   ] GC(111)   Evacuate Collection Set: 0.01ms
[2025-12-16T20:44:48.722+0800][1.095s][info][gc,phases   ] GC(111)   Post Evacuate Collection Set: 0.02ms
[2025-12-16T20:44:48.722+0800][1.095s][info][gc,phases   ] GC(111)   Other: 0.02ms
[2025-12-16T20:44:48.722+0800][1.095s][info][gc,heap     ] GC(111) Eden regions: 15->0(15)
[2025-12-16T20:44:48.722+0800][1.095s][info][gc,heap     ] GC(111) Survivor regions: 1->1(2)
[2025-12-16T20:44:48.722+0800][1.095s][info][gc,heap     ] GC(111) Old regions: 2->2
[2025-12-16T20:44:48.722+0800][1.095s][info][gc,heap     ] GC(111) Humongous regions: 0->0
[2025-12-16T20:44:48.722+0800][1.095s][info][gc,metaspace] GC(111) Metaspace: 91K(320K)->91K(320K) NonClass: 83K(192K)->83K(192K) Class: 8K(128K)->8K(128K)
[2025-12-16T20:44:48.722+0800][1.095s][info][gc          ] GC(111) Pause Young (Normal) (G1 Evacuation Pause) 31M->1M(56M) 0.104ms
[2025-12-16T20:44:48.722+0800][1.095s][info][gc,cpu      ] GC(111) User=0.00s Sys=0.00s Real=0.00s
[2025-12-16T20:44:48.732+0800][1.105s][info][gc,start    ] GC(112) Pause Young (Normal) (G1 Evacuation Pause)
[2025-12-16T20:44:48.732+0800][1.105s][info][gc,task     ] GC(112) Using 2 workers of 9 for evacuation
[2025-12-16T20:44:48.732+0800][1.105s][info][gc,phases   ] GC(112)   Pre Evacuate Collection Set: 0.01ms
[2025-12-16T20:44:48.732+0800][1.105s][info][gc,phases   ] GC(112)   Merge Heap Roots: 0.00ms
[2025-12-16T20:44:48.732+0800][1.105s][info][gc,phases   ] GC(112)   Evacuate Collection Set: 0.01ms
[2025-12-16T20:44:48.732+0800][1.105s][info][gc,phases   ] GC(112)   Post Evacuate Collection Set: 0.02ms
[2025-12-16T20:44:48.732+0800][1.105s][info][gc,phases   ] GC(112)   Other: 0.02ms
[2025-12-16T20:44:48.732+0800][1.105s][info][gc,heap     ] GC(112) Eden regions: 15->0(15)
[2025-12-16T20:44:48.732+0800][1.105s][info][gc,heap     ] GC(112) Survivor regions: 1->1(2)
[2025-12-16T20:44:48.732+0800][1.105s][info][gc,heap     ] GC(112) Old regions: 2->2
[2025-12-16T20:44:48.732+0800][1.105s][info][gc,heap     ] GC(112) Humongous regions: 0->0
[2025-12-16T20:44:48.732+0800][1.105s][info][gc,metaspace] GC(112) Metaspace: 91K(320K)->91K(320K) NonClass: 83K(192K)->83K(192K) Class: 8K(128K)->8K(128K)
[2025-12-16T20:44:48.732+0800][1.105s][info][gc          ] GC(112) Pause Young (Normal) (G1 Evacuation Pause) 31M->1M(56M) 0.111ms
[2025-12-16T20:44:48.732+0800][1.105s][info][gc,cpu      ] GC(112) User=0.00s Sys=0.00s Real=0.00s
[2025-12-16T20:44:48.741+0800][1.114s][info][gc,start    ] GC(113) Pause Young (Normal) (G1 Evacuation Pause)
[2025-12-16T20:44:48.741+0800][1.114s][info][gc,task     ] GC(113) Using 2 workers of 9 for evacuation
[2025-12-16T20:44:48.741+0800][1.114s][info][gc,phases   ] GC(113)   Pre Evacuate Collection Set: 0.01ms
[2025-12-16T20:44:48.741+0800][1.114s][info][gc,phases   ] GC(113)   Merge Heap Roots: 0.00ms
[2025-12-16T20:44:48.741+0800][1.114s][info][gc,phases   ] GC(113)   Evacuate Collection Set: 0.01ms
[2025-12-16T20:44:48.742+0800][1.114s][info][gc,phases   ] GC(113)   Post Evacuate Collection Set: 0.02ms
[2025-12-16T20:44:48.742+0800][1.114s][info][gc,phases   ] GC(113)   Other: 0.02ms
[2025-12-16T20:44:48.742+0800][1.114s][info][gc,heap     ] GC(113) Eden regions: 15->0(15)
[2025-12-16T20:44:48.742+0800][1.114s][info][gc,heap     ] GC(113) Survivor regions: 1->1(2)
[2025-12-16T20:44:48.742+0800][1.114s][info][gc,heap     ] GC(113) Old regions: 2->2
[2025-12-16T20:44:48.742+0800][1.114s][info][gc,heap     ] GC(113) Humongous regions: 0->0
[2025-12-16T20:44:48.742+0800][1.114s][info][gc,metaspace] GC(113) Metaspace: 91K(320K)->91K(320K) NonClass: 83K(192K)->83K(192K) Class: 8K(128K)->8K(128K)
[2025-12-16T20:44:48.742+0800][1.114s][info][gc          ] GC(113) Pause Young (Normal) (G1 Evacuation Pause) 31M->1M(56M) 0.105ms
[2025-12-16T20:44:48.742+0800][1.114s][info][gc,cpu      ] GC(113) User=0.00s Sys=0.00s Real=0.00s
[2025-12-16T20:44:48.751+0800][1.124s][info][gc,start    ] GC(114) Pause Young (Normal) (G1 Evacuation Pause)
[2025-12-16T20:44:48.751+0800][1.124s][info][gc,task     ] GC(114) Using 2 workers of 9 for evacuation
[2025-12-16T20:44:48.751+0800][1.124s][info][gc,phases   ] GC(114)   Pre Evacuate Collection Set: 0.01ms
[2025-12-16T20:44:48.751+0800][1.124s][info][gc,phases   ] GC(114)   Merge Heap Roots: 0.01ms
[2025-12-16T20:44:48.751+0800][1.124s][info][gc,phases   ] GC(114)   Evacuate Collection Set: 0.01ms
[2025-12-16T20:44:48.751+0800][1.124s][info][gc,phases   ] GC(114)   Post Evacuate Collection Set: 0.03ms
[2025-12-16T20:44:48.751+0800][1.124s][info][gc,phases   ] GC(114)   Other: 0.02ms
[2025-12-16T20:44:48.751+0800][1.124s][info][gc,heap     ] GC(114) Eden regions: 15->0(15)
[2025-12-16T20:44:48.751+0800][1.124s][info][gc,heap     ] GC(114) Survivor regions: 1->1(2)
[2025-12-16T20:44:48.751+0800][1.124s][info][gc,heap     ] GC(114) Old regions: 2->2
[2025-12-16T20:44:48.751+0800][1.124s][info][gc,heap     ] GC(114) Humongous regions: 0->0
[2025-12-16T20:44:48.751+0800][1.124s][info][gc,metaspace] GC(114) Metaspace: 91K(320K)->91K(320K) NonClass: 83K(192K)->83K(192K) Class: 8K(128K)->8K(128K)
[2025-12-16T20:44:48.751+0800][1.124s][info][gc          ] GC(114) Pause Young (Normal) (G1 Evacuation Pause) 31M->1M(56M) 0.109ms
[2025-12-16T20:44:48.751+0800][1.124s][info][gc,cpu      ] GC(114) User=0.00s Sys=0.00s Real=0.00s
[2025-12-16T20:44:48.761+0800][1.134s][info][gc,start    ] GC(115) Pause Young (Normal) (G1 Evacuation Pause)
[2025-12-16T20:44:48.761+0800][1.134s][info][gc,task     ] GC(115) Using 2 workers of 9 for evacuation
[2025-12-16T20:44:48.761+0800][1.134s][info][gc,phases   ] GC(115)   Pre Evacuate Collection Set: 0.01ms
[2025-12-16T20:44:48.761+0800][1.134s][info][gc,phases   ] GC(115)   Merge Heap Roots: 0.01ms
[2025-12-16T20:44:48.761+0800][1.134s][info][gc,phases   ] GC(115)   Evacuate Collection Set: 0.01ms
[2025-12-16T20:44:48.761+0800][1.134s][info][gc,phases   ] GC(115)   Post Evacuate Collection Set: 0.02ms
[2025-12-16T20:44:48.761+0800][1.134s][info][gc,phases   ] GC(115)   Other: 0.02ms
[2025-12-16T20:44:48.761+0800][1.134s][info][gc,heap     ] GC(115) Eden regions: 15->0(15)
[2025-12-16T20:44:48.761+0800][1.134s][info][gc,heap     ] GC(115) Survivor regions: 1->1(2)
[2025-12-16T20:44:48.761+0800][1.134s][info][gc,heap     ] GC(115) Old regions: 2->2
[2025-12-16T20:44:48.761+0800][1.134s][info][gc,heap     ] GC(115) Humongous regions: 0->0
[2025-12-16T20:44:48.761+0800][1.134s][info][gc,metaspace] GC(115) Metaspace: 91K(320K)->91K(320K) NonClass: 83K(192K)->83K(192K) Class: 8K(128K)->8K(128K)
[2025-12-16T20:44:48.761+0800][1.134s][info][gc          ] GC(115) Pause Young (Normal) (G1 Evacuation Pause) 31M->1M(56M) 0.107ms
[2025-12-16T20:44:48.761+0800][1.134s][info][gc,cpu      ] GC(115) User=0.00s Sys=0.00s Real=0.00s
[2025-12-16T20:44:48.770+0800][1.143s][info][gc,start    ] GC(116) Pause Young (Normal) (G1 Evacuation Pause)
[2025-12-16T20:44:48.770+0800][1.143s][info][gc,task     ] GC(116) Using 2 workers of 9 for evacuation
[2025-12-16T20:44:48.771+0800][1.143s][info][gc,phases   ] GC(116)   Pre Evacuate Collection Set: 0.01ms
[2025-12-16T20:44:48.771+0800][1.143s][info][gc,phases   ] GC(116)   Merge Heap Roots: 0.01ms
[2025-12-16T20:44:48.771+0800][1.143s][info][gc,phases   ] GC(116)   Evacuate Collection Set: 0.01ms
[2025-12-16T20:44:48.771+0800][1.143s][info][gc,phases   ] GC(116)   Post Evacuate Collection Set: 0.02ms
[2025-12-16T20:44:48.771+0800][1.143s][info][gc,phases   ] GC(116)   Other: 0.02ms
[2025-12-16T20:44:48.771+0800][1.143s][info][gc,heap     ] GC(116) Eden regions: 15->0(15)
[2025-12-16T20:44:48.771+0800][1.143s][info][gc,heap     ] GC(116) Survivor regions: 1->1(2)
[2025-12-16T20:44:48.771+0800][1.143s][info][gc,heap     ] GC(116) Old regions: 2->2
[2025-12-16T20:44:48.771+0800][1.144s][info][gc,heap     ] GC(116) Humongous regions: 0->0
[2025-12-16T20:44:48.771+0800][1.144s][info][gc,metaspace] GC(116) Metaspace: 91K(320K)->91K(320K) NonClass: 83K(192K)->83K(192K) Class: 8K(128K)->8K(128K)
[2025-12-16T20:44:48.771+0800][1.144s][info][gc          ] GC(116) Pause Young (Normal) (G1 Evacuation Pause) 31M->1M(56M) 0.107ms
[2025-12-16T20:44:48.771+0800][1.144s][info][gc,cpu      ] GC(116) User=0.00s Sys=0.00s Real=0.00s
[2025-12-16T20:44:48.780+0800][1.153s][info][gc,start    ] GC(117) Pause Young (Normal) (G1 Evacuation Pause)
[2025-12-16T20:44:48.780+0800][1.153s][info][gc,task     ] GC(117) Using 2 workers of 9 for evacuation
[2025-12-16T20:44:48.780+0800][1.153s][info][gc,phases   ] GC(117)   Pre Evacuate Collection Set: 0.01ms
[2025-12-16T20:44:48.780+0800][1.153s][info][gc,phases   ] GC(117)   Merge Heap Roots: 0.01ms
[2025-12-16T20:44:48.780+0800][1.153s][info][gc,phases   ] GC(117)   Evacuate Collection Set: 0.01ms
[2025-12-16T20:44:48.780+0800][1.153s][info][gc,phases   ] GC(117)   Post Evacuate Collection Set: 0.02ms
[2025-12-16T20:44:48.780+0800][1.153s][info][gc,phases   ] GC(117)   Other: 0.02ms
[2025-12-16T20:44:48.780+0800][1.153s][info][gc,heap     ] GC(117) Eden regions: 15->0(15)
[2025-12-16T20:44:48.780+0800][1.153s][info][gc,heap     ] GC(117) Survivor regions: 1->1(2)
[2025-12-16T20:44:48.780+0800][1.153s][info][gc,heap     ] GC(117) Old regions: 2->2
[2025-12-16T20:44:48.780+0800][1.153s][info][gc,heap     ] GC(117) Humongous regions: 0->0
[2025-12-16T20:44:48.780+0800][1.153s][info][gc,metaspace] GC(117) Metaspace: 91K(320K)->91K(320K) NonClass: 83K(192K)->83K(192K) Class: 8K(128K)->8K(128K)
[2025-12-16T20:44:48.780+0800][1.153s][info][gc          ] GC(117) Pause Young (Normal) (G1 Evacuation Pause) 31M->1M(56M) 0.103ms
[2025-12-16T20:44:48.780+0800][1.153s][info][gc,cpu      ] GC(117) User=0.00s Sys=0.00s Real=0.00s
[2025-12-16T20:44:48.790+0800][1.163s][info][gc,start    ] GC(118) Pause Young (Normal) (G1 Evacuation Pause)
[2025-12-16T20:44:48.790+0800][1.163s][info][gc,task     ] GC(118) Using 2 workers of 9 for evacuation
[2025-12-16T20:44:48.790+0800][1.163s][info][gc,phases   ] GC(118)   Pre Evacuate Collection Set: 0.01ms
[2025-12-16T20:44:48.790+0800][1.163s][info][gc,phases   ] GC(118)   Merge Heap Roots: 0.00ms
[2025-12-16T20:44:48.790+0800][1.163s][info][gc,phases   ] GC(118)   Evacuate Collection Set: 0.01ms
[2025-12-16T20:44:48.790+0800][1.163s][info][gc,phases   ] GC(118)   Post Evacuate Collection Set: 0.02ms
[2025-12-16T20:44:48.790+0800][1.163s][info][gc,phases   ] GC(118)   Other: 0.02ms
[2025-12-16T20:44:48.790+0800][1.163s][info][gc,heap     ] GC(118) Eden regions: 15->0(15)
[2025-12-16T20:44:48.790+0800][1.163s][info][gc,heap     ] GC(118) Survivor regions: 1->1(2)
[2025-12-16T20:44:48.790+0800][1.163s][info][gc,heap     ] GC(118) Old regions: 2->2
[2025-12-16T20:44:48.790+0800][1.163s][info][gc,heap     ] GC(118) Humongous regions: 0->0
[2025-12-16T20:44:48.790+0800][1.163s][info][gc,metaspace] GC(118) Metaspace: 91K(320K)->91K(320K) NonClass: 83K(192K)->83K(192K) Class: 8K(128K)->8K(128K)
[2025-12-16T20:44:48.790+0800][1.163s][info][gc          ] GC(118) Pause Young (Normal) (G1 Evacuation Pause) 31M->1M(56M) 0.107ms
[2025-12-16T20:44:48.790+0800][1.163s][info][gc,cpu      ] GC(118) User=0.00s Sys=0.00s Real=0.00s
[2025-12-16T20:44:48.799+0800][1.172s][info][gc,start    ] GC(119) Pause Young (Normal) (G1 Evacuation Pause)
[2025-12-16T20:44:48.799+0800][1.172s][info][gc,task     ] GC(119) Using 2 workers of 9 for evacuation
[2025-12-16T20:44:48.799+0800][1.172s][info][gc,phases   ] GC(119)   Pre Evacuate Collection Set: 0.01ms
[2025-12-16T20:44:48.799+0800][1.172s][info][gc,phases   ] GC(119)   Merge Heap Roots: 0.00ms
[2025-12-16T20:44:48.799+0800][1.172s][info][gc,phases   ] GC(119)   Evacuate Collection Set: 0.02ms
[2025-12-16T20:44:48.799+0800][1.172s][info][gc,phases   ] GC(119)   Post Evacuate Collection Set: 0.02ms
[2025-12-16T20:44:48.799+0800][1.172s][info][gc,phases   ] GC(119)   Other: 0.02ms
[2025-12-16T20:44:48.799+0800][1.172s][info][gc,heap     ] GC(119) Eden regions: 15->0(15)
[2025-12-16T20:44:48.799+0800][1.172s][info][gc,heap     ] GC(119) Survivor regions: 1->1(2)
[2025-12-16T20:44:48.799+0800][1.172s][info][gc,heap     ] GC(119) Old regions: 2->2
[2025-12-16T20:44:48.799+0800][1.172s][info][gc,heap     ] GC(119) Humongous regions: 0->0
[2025-12-16T20:44:48.799+0800][1.172s][info][gc,metaspace] GC(119) Metaspace: 91K(320K)->91K(320K) NonClass: 83K(192K)->83K(192K) Class: 8K(128K)->8K(128K)
[2025-12-16T20:44:48.799+0800][1.172s][info][gc          ] GC(119) Pause Young (Normal) (G1 Evacuation Pause) 31M->1M(56M) 0.108ms
[2025-12-16T20:44:48.799+0800][1.172s][info][gc,cpu      ] GC(119) User=0.00s Sys=0.00s Real=0.00s
[2025-12-16T20:44:48.809+0800][1.182s][info][gc,start    ] GC(120) Pause Young (Normal) (G1 Evacuation Pause)
[2025-12-16T20:44:48.809+0800][1.182s][info][gc,task     ] GC(120) Using 2 workers of 9 for evacuation
[2025-12-16T20:44:48.809+0800][1.182s][info][gc,phases   ] GC(120)   Pre Evacuate Collection Set: 0.02ms
[2025-12-16T20:44:48.809+0800][1.182s][info][gc,phases   ] GC(120)   Merge Heap Roots: 0.01ms
[2025-12-16T20:44:48.809+0800][1.182s][info][gc,phases   ] GC(120)   Evacuate Collection Set: 0.01ms
[2025-12-16T20:44:48.809+0800][1.182s][info][gc,phases   ] GC(120)   Post Evacuate Collection Set: 0.03ms
[2025-12-16T20:44:48.809+0800][1.182s][info][gc,phases   ] GC(120)   Other: 0.02ms
[2025-12-16T20:44:48.809+0800][1.182s][info][gc,heap     ] GC(120) Eden regions: 15->0(15)
[2025-12-16T20:44:48.809+0800][1.182s][info][gc,heap     ] GC(120) Survivor regions: 1->1(2)
[2025-12-16T20:44:48.809+0800][1.182s][info][gc,heap     ] GC(120) Old regions: 2->2
[2025-12-16T20:44:48.809+0800][1.182s][info][gc,heap     ] GC(120) Humongous regions: 0->0
[2025-12-16T20:44:48.809+0800][1.182s][info][gc,metaspace] GC(120) Metaspace: 91K(320K)->91K(320K) NonClass: 83K(192K)->83K(192K) Class: 8K(128K)->8K(128K)
[2025-12-16T20:44:48.809+0800][1.182s][info][gc          ] GC(120) Pause Young (Normal) (G1 Evacuation Pause) 31M->1M(56M) 0.120ms
[2025-12-16T20:44:48.809+0800][1.182s][info][gc,cpu      ] GC(120) User=0.00s Sys=0.00s Real=0.00s
[2025-12-16T20:44:48.819+0800][1.192s][info][gc,start    ] GC(121) Pause Young (Normal) (G1 Evacuation Pause)
[2025-12-16T20:44:48.819+0800][1.192s][info][gc,task     ] GC(121) Using 2 workers of 9 for evacuation
[2025-12-16T20:44:48.819+0800][1.192s][info][gc,phases   ] GC(121)   Pre Evacuate Collection Set: 0.01ms
[2025-12-16T20:44:48.819+0800][1.192s][info][gc,phases   ] GC(121)   Merge Heap Roots: 0.00ms
[2025-12-16T20:44:48.819+0800][1.192s][info][gc,phases   ] GC(121)   Evacuate Collection Set: 0.01ms
[2025-12-16T20:44:48.819+0800][1.192s][info][gc,phases   ] GC(121)   Post Evacuate Collection Set: 0.02ms
[2025-12-16T20:44:48.819+0800][1.192s][info][gc,phases   ] GC(121)   Other: 0.02ms
[2025-12-16T20:44:48.819+0800][1.192s][info][gc,heap     ] GC(121) Eden regions: 15->0(15)
[2025-12-16T20:44:48.819+0800][1.192s][info][gc,heap     ] GC(121) Survivor regions: 1->1(2)
[2025-12-16T20:44:48.819+0800][1.192s][info][gc,heap     ] GC(121) Old regions: 2->2
[2025-12-16T20:44:48.819+0800][1.192s][info][gc,heap     ] GC(121) Humongous regions: 0->0
[2025-12-16T20:44:48.819+0800][1.192s][info][gc,metaspace] GC(121) Metaspace: 91K(320K)->91K(320K) NonClass: 83K(192K)->83K(192K) Class: 8K(128K)->8K(128K)
[2025-12-16T20:44:48.819+0800][1.192s][info][gc          ] GC(121) Pause Young (Normal) (G1 Evacuation Pause) 31M->1M(56M) 0.111ms
[2025-12-16T20:44:48.819+0800][1.192s][info][gc,cpu      ] GC(121) User=0.00s Sys=0.00s Real=0.00s
[2025-12-16T20:44:48.828+0800][1.201s][info][gc,start    ] GC(122) Pause Young (Normal) (G1 Evacuation Pause)
[2025-12-16T20:44:48.828+0800][1.201s][info][gc,task     ] GC(122) Using 2 workers of 9 for evacuation
[2025-12-16T20:44:48.828+0800][1.201s][info][gc,phases   ] GC(122)   Pre Evacuate Collection Set: 0.01ms
[2025-12-16T20:44:48.828+0800][1.201s][info][gc,phases   ] GC(122)   Merge Heap Roots: 0.01ms
[2025-12-16T20:44:48.828+0800][1.201s][info][gc,phases   ] GC(122)   Evacuate Collection Set: 0.03ms
[2025-12-16T20:44:48.828+0800][1.201s][info][gc,phases   ] GC(122)   Post Evacuate Collection Set: 0.03ms
[2025-12-16T20:44:48.829+0800][1.201s][info][gc,phases   ] GC(122)   Other: 0.02ms
[2025-12-16T20:44:48.829+0800][1.201s][info][gc,heap     ] GC(122) Eden regions: 15->0(15)
[2025-12-16T20:44:48.829+0800][1.201s][info][gc,heap     ] GC(122) Survivor regions: 1->1(2)
[2025-12-16T20:44:48.829+0800][1.201s][info][gc,heap     ] GC(122) Old regions: 2->2
[2025-12-16T20:44:48.829+0800][1.201s][info][gc,heap     ] GC(122) Humongous regions: 0->0
[2025-12-16T20:44:48.829+0800][1.201s][info][gc,metaspace] GC(122) Metaspace: 91K(320K)->91K(320K) NonClass: 83K(192K)->83K(192K) Class: 8K(128K)->8K(128K)
[2025-12-16T20:44:48.829+0800][1.201s][info][gc          ] GC(122) Pause Young (Normal) (G1 Evacuation Pause) 31M->1M(56M) 0.140ms
[2025-12-16T20:44:48.829+0800][1.201s][info][gc,cpu      ] GC(122) User=0.00s Sys=0.00s Real=0.00s
[2025-12-16T20:44:48.838+0800][1.211s][info][gc,start    ] GC(123) Pause Young (Normal) (G1 Evacuation Pause)
[2025-12-16T20:44:48.838+0800][1.211s][info][gc,task     ] GC(123) Using 2 workers of 9 for evacuation
[2025-12-16T20:44:48.838+0800][1.211s][info][gc,phases   ] GC(123)   Pre Evacuate Collection Set: 0.01ms
[2025-12-16T20:44:48.838+0800][1.211s][info][gc,phases   ] GC(123)   Merge Heap Roots: 0.00ms
[2025-12-16T20:44:48.838+0800][1.211s][info][gc,phases   ] GC(123)   Evacuate Collection Set: 0.01ms
[2025-12-16T20:44:48.838+0800][1.211s][info][gc,phases   ] GC(123)   Post Evacuate Collection Set: 0.03ms
[2025-12-16T20:44:48.838+0800][1.211s][info][gc,phases   ] GC(123)   Other: 0.02ms
[2025-12-16T20:44:48.838+0800][1.211s][info][gc,heap     ] GC(123) Eden regions: 15->0(15)
[2025-12-16T20:44:48.838+0800][1.211s][info][gc,heap     ] GC(123) Survivor regions: 1->1(2)
[2025-12-16T20:44:48.838+0800][1.211s][info][gc,heap     ] GC(123) Old regions: 2->2
[2025-12-16T20:44:48.838+0800][1.211s][info][gc,heap     ] GC(123) Humongous regions: 0->0
[2025-12-16T20:44:48.838+0800][1.211s][info][gc,metaspace] GC(123) Metaspace: 91K(320K)->91K(320K) NonClass: 83K(192K)->83K(192K) Class: 8K(128K)->8K(128K)
[2025-12-16T20:44:48.838+0800][1.211s][info][gc          ] GC(123) Pause Young (Normal) (G1 Evacuation Pause) 31M->1M(56M) 0.110ms
[2025-12-16T20:44:48.838+0800][1.211s][info][gc,cpu      ] GC(123) User=0.00s Sys=0.00s Real=0.00s
[2025-12-16T20:44:48.848+0800][1.221s][info][gc,start    ] GC(124) Pause Young (Normal) (G1 Evacuation Pause)
[2025-12-16T20:44:48.848+0800][1.221s][info][gc,task     ] GC(124) Using 2 workers of 9 for evacuation
[2025-12-16T20:44:48.849+0800][1.221s][info][gc,phases   ] GC(124)   Pre Evacuate Collection Set: 0.01ms
[2025-12-16T20:44:48.849+0800][1.221s][info][gc,phases   ] GC(124)   Merge Heap Roots: 0.00ms
[2025-12-16T20:44:48.849+0800][1.221s][info][gc,phases   ] GC(124)   Evacuate Collection Set: 0.01ms
[2025-12-16T20:44:48.849+0800][1.221s][info][gc,phases   ] GC(124)   Post Evacuate Collection Set: 0.02ms
[2025-12-16T20:44:48.849+0800][1.221s][info][gc,phases   ] GC(124)   Other: 0.02ms
[2025-12-16T20:44:48.849+0800][1.221s][info][gc,heap     ] GC(124) Eden regions: 15->0(15)
[2025-12-16T20:44:48.849+0800][1.221s][info][gc,heap     ] GC(124) Survivor regions: 1->1(2)
[2025-12-16T20:44:48.849+0800][1.221s][info][gc,heap     ] GC(124) Old regions: 2->2
[2025-12-16T20:44:48.849+0800][1.221s][info][gc,heap     ] GC(124) Humongous regions: 0->0
[2025-12-16T20:44:48.849+0800][1.221s][info][gc,metaspace] GC(124) Metaspace: 91K(320K)->91K(320K) NonClass: 83K(192K)->83K(192K) Class: 8K(128K)->8K(128K)
[2025-12-16T20:44:48.849+0800][1.222s][info][gc          ] GC(124) Pause Young (Normal) (G1 Evacuation Pause) 31M->1M(56M) 0.111ms
[2025-12-16T20:44:48.849+0800][1.222s][info][gc,cpu      ] GC(124) User=0.00s Sys=0.00s Real=0.00s
[2025-12-16T20:44:48.858+0800][1.231s][info][gc,start    ] GC(125) Pause Young (Normal) (G1 Evacuation Pause)
[2025-12-16T20:44:48.858+0800][1.231s][info][gc,task     ] GC(125) Using 2 workers of 9 for evacuation
[2025-12-16T20:44:48.858+0800][1.231s][info][gc,phases   ] GC(125)   Pre Evacuate Collection Set: 0.02ms
[2025-12-16T20:44:48.858+0800][1.231s][info][gc,phases   ] GC(125)   Merge Heap Roots: 0.01ms
[2025-12-16T20:44:48.858+0800][1.231s][info][gc,phases   ] GC(125)   Evacuate Collection Set: 0.02ms
[2025-12-16T20:44:48.858+0800][1.231s][info][gc,phases   ] GC(125)   Post Evacuate Collection Set: 0.03ms
[2025-12-16T20:44:48.858+0800][1.231s][info][gc,phases   ] GC(125)   Other: 0.02ms
[2025-12-16T20:44:48.858+0800][1.231s][info][gc,heap     ] GC(125) Eden regions: 15->0(15)
[2025-12-16T20:44:48.858+0800][1.231s][info][gc,heap     ] GC(125) Survivor regions: 1->1(2)
[2025-12-16T20:44:48.858+0800][1.231s][info][gc,heap     ] GC(125) Old regions: 2->2
[2025-12-16T20:44:48.858+0800][1.231s][info][gc,heap     ] GC(125) Humongous regions: 0->0
[2025-12-16T20:44:48.858+0800][1.231s][info][gc,metaspace] GC(125) Metaspace: 91K(320K)->91K(320K) NonClass: 83K(192K)->83K(192K) Class: 8K(128K)->8K(128K)
[2025-12-16T20:44:48.858+0800][1.231s][info][gc          ] GC(125) Pause Young (Normal) (G1 Evacuation Pause) 31M->1M(56M) 0.144ms
[2025-12-16T20:44:48.858+0800][1.231s][info][gc,cpu      ] GC(125) User=0.00s Sys=0.00s Real=0.00s
[2025-12-16T20:44:48.868+0800][1.241s][info][gc,start    ] GC(126) Pause Young (Normal) (G1 Evacuation Pause)
[2025-12-16T20:44:48.868+0800][1.241s][info][gc,task     ] GC(126) Using 2 workers of 9 for evacuation
[2025-12-16T20:44:48.868+0800][1.241s][info][gc,phases   ] GC(126)   Pre Evacuate Collection Set: 0.01ms
[2025-12-16T20:44:48.868+0800][1.241s][info][gc,phases   ] GC(126)   Merge Heap Roots: 0.01ms
[2025-12-16T20:44:48.868+0800][1.241s][info][gc,phases   ] GC(126)   Evacuate Collection Set: 0.02ms
[2025-12-16T20:44:48.868+0800][1.241s][info][gc,phases   ] GC(126)   Post Evacuate Collection Set: 0.08ms
[2025-12-16T20:44:48.868+0800][1.241s][info][gc,phases   ] GC(126)   Other: 0.02ms
[2025-12-16T20:44:48.868+0800][1.241s][info][gc,heap     ] GC(126) Eden regions: 15->0(15)
[2025-12-16T20:44:48.868+0800][1.241s][info][gc,heap     ] GC(126) Survivor regions: 1->1(2)
[2025-12-16T20:44:48.868+0800][1.241s][info][gc,heap     ] GC(126) Old regions: 2->2
[2025-12-16T20:44:48.868+0800][1.241s][info][gc,heap     ] GC(126) Humongous regions: 0->0
[2025-12-16T20:44:48.868+0800][1.241s][info][gc,metaspace] GC(126) Metaspace: 91K(320K)->91K(320K) NonClass: 83K(192K)->83K(192K) Class: 8K(128K)->8K(128K)
[2025-12-16T20:44:48.868+0800][1.241s][info][gc          ] GC(126) Pause Young (Normal) (G1 Evacuation Pause) 31M->1M(56M) 0.188ms
[2025-12-16T20:44:48.868+0800][1.241s][info][gc,cpu      ] GC(126) User=0.00s Sys=0.00s Real=0.00s
[2025-12-16T20:44:48.878+0800][1.251s][info][gc,start    ] GC(127) Pause Young (Normal) (G1 Evacuation Pause)
[2025-12-16T20:44:48.878+0800][1.251s][info][gc,task     ] GC(127) Using 2 workers of 9 for evacuation
[2025-12-16T20:44:48.878+0800][1.251s][info][gc,phases   ] GC(127)   Pre Evacuate Collection Set: 0.02ms
[2025-12-16T20:44:48.878+0800][1.251s][info][gc,phases   ] GC(127)   Merge Heap Roots: 0.00ms
[2025-12-16T20:44:48.878+0800][1.251s][info][gc,phases   ] GC(127)   Evacuate Collection Set: 0.03ms
[2025-12-16T20:44:48.878+0800][1.251s][info][gc,phases   ] GC(127)   Post Evacuate Collection Set: 0.05ms
[2025-12-16T20:44:48.878+0800][1.251s][info][gc,phases   ] GC(127)   Other: 0.03ms
[2025-12-16T20:44:48.878+0800][1.251s][info][gc,heap     ] GC(127) Eden regions: 15->0(15)
[2025-12-16T20:44:48.878+0800][1.251s][info][gc,heap     ] GC(127) Survivor regions: 1->1(2)
[2025-12-16T20:44:48.878+0800][1.251s][info][gc,heap     ] GC(127) Old regions: 2->2
[2025-12-16T20:44:48.879+0800][1.251s][info][gc,heap     ] GC(127) Humongous regions: 0->0
[2025-12-16T20:44:48.879+0800][1.251s][info][gc,metaspace] GC(127) Metaspace: 91K(320K)->91K(320K) NonClass: 83K(192K)->83K(192K) Class: 8K(128K)->8K(128K)
[2025-12-16T20:44:48.879+0800][1.251s][info][gc          ] GC(127) Pause Young (Normal) (G1 Evacuation Pause) 31M->1M(56M) 0.174ms
[2025-12-16T20:44:48.879+0800][1.251s][info][gc,cpu      ] GC(127) User=0.00s Sys=0.00s Real=0.00s
[2025-12-16T20:44:48.888+0800][1.261s][info][gc,start    ] GC(128) Pause Young (Normal) (G1 Evacuation Pause)
[2025-12-16T20:44:48.888+0800][1.261s][info][gc,task     ] GC(128) Using 2 workers of 9 for evacuation
[2025-12-16T20:44:48.889+0800][1.262s][info][gc,phases   ] GC(128)   Pre Evacuate Collection Set: 0.02ms
[2025-12-16T20:44:48.889+0800][1.262s][info][gc,phases   ] GC(128)   Merge Heap Roots: 0.02ms
[2025-12-16T20:44:48.889+0800][1.262s][info][gc,phases   ] GC(128)   Evacuate Collection Set: 0.02ms
[2025-12-16T20:44:48.889+0800][1.262s][info][gc,phases   ] GC(128)   Post Evacuate Collection Set: 0.04ms
[2025-12-16T20:44:48.889+0800][1.262s][info][gc,phases   ] GC(128)   Other: 0.03ms
[2025-12-16T20:44:48.889+0800][1.262s][info][gc,heap     ] GC(128) Eden regions: 15->0(15)
[2025-12-16T20:44:48.889+0800][1.262s][info][gc,heap     ] GC(128) Survivor regions: 1->1(2)
[2025-12-16T20:44:48.889+0800][1.262s][info][gc,heap     ] GC(128) Old regions: 2->2
[2025-12-16T20:44:48.889+0800][1.262s][info][gc,heap     ] GC(128) Humongous regions: 0->0
[2025-12-16T20:44:48.889+0800][1.262s][info][gc,metaspace] GC(128) Metaspace: 91K(320K)->91K(320K) NonClass: 83K(192K)->83K(192K) Class: 8K(128K)->8K(128K)
[2025-12-16T20:44:48.889+0800][1.262s][info][gc          ] GC(128) Pause Young (Normal) (G1 Evacuation Pause) 31M->1M(56M) 0.174ms
[2025-12-16T20:44:48.889+0800][1.262s][info][gc,cpu      ] GC(128) User=0.00s Sys=0.00s Real=0.00s
[2025-12-16T20:44:48.898+0800][1.271s][info][gc,start    ] GC(129) Pause Young (Normal) (G1 Evacuation Pause)
[2025-12-16T20:44:48.898+0800][1.271s][info][gc,task     ] GC(129) Using 2 workers of 9 for evacuation
[2025-12-16T20:44:48.899+0800][1.272s][info][gc,phases   ] GC(129)   Pre Evacuate Collection Set: 0.02ms
[2025-12-16T20:44:48.899+0800][1.272s][info][gc,phases   ] GC(129)   Merge Heap Roots: 0.00ms
[2025-12-16T20:44:48.899+0800][1.272s][info][gc,phases   ] GC(129)   Evacuate Collection Set: 0.02ms
[2025-12-16T20:44:48.899+0800][1.272s][info][gc,phases   ] GC(129)   Post Evacuate Collection Set: 0.03ms
[2025-12-16T20:44:48.899+0800][1.272s][info][gc,phases   ] GC(129)   Other: 0.02ms
[2025-12-16T20:44:48.899+0800][1.272s][info][gc,heap     ] GC(129) Eden regions: 15->0(15)
[2025-12-16T20:44:48.899+0800][1.272s][info][gc,heap     ] GC(129) Survivor regions: 1->1(2)
[2025-12-16T20:44:48.899+0800][1.272s][info][gc,heap     ] GC(129) Old regions: 2->2
[2025-12-16T20:44:48.899+0800][1.272s][info][gc,heap     ] GC(129) Humongous regions: 0->0
[2025-12-16T20:44:48.899+0800][1.272s][info][gc,metaspace] GC(129) Metaspace: 91K(320K)->91K(320K) NonClass: 83K(192K)->83K(192K) Class: 8K(128K)->8K(128K)
[2025-12-16T20:44:48.899+0800][1.272s][info][gc          ] GC(129) Pause Young (Normal) (G1 Evacuation Pause) 31M->1M(56M) 0.134ms
[2025-12-16T20:44:48.899+0800][1.272s][info][gc,cpu      ] GC(129) User=0.00s Sys=0.00s Real=0.00s
[2025-12-16T20:44:48.908+0800][1.281s][info][gc,start    ] GC(130) Pause Young (Normal) (G1 Evacuation Pause)
[2025-12-16T20:44:48.908+0800][1.281s][info][gc,task     ] GC(130) Using 2 workers of 9 for evacuation
[2025-12-16T20:44:48.908+0800][1.281s][info][gc,phases   ] GC(130)   Pre Evacuate Collection Set: 0.01ms
[2025-12-16T20:44:48.908+0800][1.281s][info][gc,phases   ] GC(130)   Merge Heap Roots: 0.01ms
[2025-12-16T20:44:48.908+0800][1.281s][info][gc,phases   ] GC(130)   Evacuate Collection Set: 0.01ms
[2025-12-16T20:44:48.908+0800][1.281s][info][gc,phases   ] GC(130)   Post Evacuate Collection Set: 0.03ms
[2025-12-16T20:44:48.908+0800][1.281s][info][gc,phases   ] GC(130)   Other: 0.02ms
[2025-12-16T20:44:48.908+0800][1.281s][info][gc,heap     ] GC(130) Eden regions: 15->0(15)
[2025-12-16T20:44:48.908+0800][1.281s][info][gc,heap     ] GC(130) Survivor regions: 1->1(2)
[2025-12-16T20:44:48.908+0800][1.281s][info][gc,heap     ] GC(130) Old regions: 2->2
[2025-12-16T20:44:48.908+0800][1.281s][info][gc,heap     ] GC(130) Humongous regions: 0->0
[2025-12-16T20:44:48.908+0800][1.281s][info][gc,metaspace] GC(130) Metaspace: 91K(320K)->91K(320K) NonClass: 83K(192K)->83K(192K) Class: 8K(128K)->8K(128K)
[2025-12-16T20:44:48.908+0800][1.281s][info][gc          ] GC(130) Pause Young (Normal) (G1 Evacuation Pause) 31M->1M(56M) 0.124ms
[2025-12-16T20:44:48.908+0800][1.281s][info][gc,cpu      ] GC(130) User=0.00s Sys=0.00s Real=0.00s
[2025-12-16T20:44:48.918+0800][1.291s][info][gc,start    ] GC(131) Pause Young (Normal) (G1 Evacuation Pause)
[2025-12-16T20:44:48.918+0800][1.291s][info][gc,task     ] GC(131) Using 2 workers of 9 for evacuation
[2025-12-16T20:44:48.918+0800][1.291s][info][gc,phases   ] GC(131)   Pre Evacuate Collection Set: 0.01ms
[2025-12-16T20:44:48.918+0800][1.291s][info][gc,phases   ] GC(131)   Merge Heap Roots: 0.01ms
[2025-12-16T20:44:48.918+0800][1.291s][info][gc,phases   ] GC(131)   Evacuate Collection Set: 0.01ms
[2025-12-16T20:44:48.918+0800][1.291s][info][gc,phases   ] GC(131)   Post Evacuate Collection Set: 0.03ms
[2025-12-16T20:44:48.918+0800][1.291s][info][gc,phases   ] GC(131)   Other: 0.02ms
[2025-12-16T20:44:48.918+0800][1.291s][info][gc,heap     ] GC(131) Eden regions: 15->0(15)
[2025-12-16T20:44:48.918+0800][1.291s][info][gc,heap     ] GC(131) Survivor regions: 1->1(2)
[2025-12-16T20:44:48.918+0800][1.291s][info][gc,heap     ] GC(131) Old regions: 2->2
[2025-12-16T20:44:48.918+0800][1.291s][info][gc,heap     ] GC(131) Humongous regions: 0->0
[2025-12-16T20:44:48.918+0800][1.291s][info][gc,metaspace] GC(131) Metaspace: 91K(320K)->91K(320K) NonClass: 83K(192K)->83K(192K) Class: 8K(128K)->8K(128K)
[2025-12-16T20:44:48.918+0800][1.291s][info][gc          ] GC(131) Pause Young (Normal) (G1 Evacuation Pause) 31M->1M(56M) 0.129ms
[2025-12-16T20:44:48.918+0800][1.291s][info][gc,cpu      ] GC(131) User=0.00s Sys=0.00s Real=0.00s
[2025-12-16T20:44:48.928+0800][1.300s][info][gc,start    ] GC(132) Pause Young (Normal) (G1 Evacuation Pause)
[2025-12-16T20:44:48.928+0800][1.300s][info][gc,task     ] GC(132) Using 2 workers of 9 for evacuation
[2025-12-16T20:44:48.928+0800][1.301s][info][gc,phases   ] GC(132)   Pre Evacuate Collection Set: 0.01ms
[2025-12-16T20:44:48.928+0800][1.301s][info][gc,phases   ] GC(132)   Merge Heap Roots: 0.00ms
[2025-12-16T20:44:48.928+0800][1.301s][info][gc,phases   ] GC(132)   Evacuate Collection Set: 0.01ms
[2025-12-16T20:44:48.928+0800][1.301s][info][gc,phases   ] GC(132)   Post Evacuate Collection Set: 0.03ms
[2025-12-16T20:44:48.928+0800][1.301s][info][gc,phases   ] GC(132)   Other: 0.02ms
[2025-12-16T20:44:48.928+0800][1.301s][info][gc,heap     ] GC(132) Eden regions: 15->0(15)
[2025-12-16T20:44:48.928+0800][1.301s][info][gc,heap     ] GC(132) Survivor regions: 1->1(2)
[2025-12-16T20:44:48.928+0800][1.301s][info][gc,heap     ] GC(132) Old regions: 2->2
[2025-12-16T20:44:48.928+0800][1.301s][info][gc,heap     ] GC(132) Humongous regions: 0->0
[2025-12-16T20:44:48.928+0800][1.301s][info][gc,metaspace] GC(132) Metaspace: 91K(320K)->91K(320K) NonClass: 83K(192K)->83K(192K) Class: 8K(128K)->8K(128K)
[2025-12-16T20:44:48.928+0800][1.301s][info][gc          ] GC(132) Pause Young (Normal) (G1 Evacuation Pause) 31M->1M(56M) 0.115ms
[2025-12-16T20:44:48.928+0800][1.301s][info][gc,cpu      ] GC(132) User=0.00s Sys=0.00s Real=0.00s
[2025-12-16T20:44:48.937+0800][1.310s][info][gc,start    ] GC(133) Pause Young (Normal) (G1 Evacuation Pause)
[2025-12-16T20:44:48.937+0800][1.310s][info][gc,task     ] GC(133) Using 2 workers of 9 for evacuation
[2025-12-16T20:44:48.937+0800][1.310s][info][gc,phases   ] GC(133)   Pre Evacuate Collection Set: 0.01ms
[2025-12-16T20:44:48.937+0800][1.310s][info][gc,phases   ] GC(133)   Merge Heap Roots: 0.01ms
[2025-12-16T20:44:48.937+0800][1.310s][info][gc,phases   ] GC(133)   Evacuate Collection Set: 0.01ms
[2025-12-16T20:44:48.937+0800][1.310s][info][gc,phases   ] GC(133)   Post Evacuate Collection Set: 0.02ms
[2025-12-16T20:44:48.937+0800][1.310s][info][gc,phases   ] GC(133)   Other: 0.02ms
[2025-12-16T20:44:48.937+0800][1.310s][info][gc,heap     ] GC(133) Eden regions: 15->0(15)
[2025-12-16T20:44:48.937+0800][1.310s][info][gc,heap     ] GC(133) Survivor regions: 1->1(2)
[2025-12-16T20:44:48.937+0800][1.310s][info][gc,heap     ] GC(133) Old regions: 2->2
[2025-12-16T20:44:48.937+0800][1.310s][info][gc,heap     ] GC(133) Humongous regions: 0->0
[2025-12-16T20:44:48.937+0800][1.310s][info][gc,metaspace] GC(133) Metaspace: 91K(320K)->91K(320K) NonClass: 83K(192K)->83K(192K) Class: 8K(128K)->8K(128K)
[2025-12-16T20:44:48.937+0800][1.310s][info][gc          ] GC(133) Pause Young (Normal) (G1 Evacuation Pause) 31M->1M(56M) 0.109ms
[2025-12-16T20:44:48.937+0800][1.310s][info][gc,cpu      ] GC(133) User=0.00s Sys=0.00s Real=0.00s
[2025-12-16T20:44:48.947+0800][1.320s][info][gc,start    ] GC(134) Pause Young (Normal) (G1 Evacuation Pause)
[2025-12-16T20:44:48.947+0800][1.320s][info][gc,task     ] GC(134) Using 2 workers of 9 for evacuation
[2025-12-16T20:44:48.947+0800][1.320s][info][gc,phases   ] GC(134)   Pre Evacuate Collection Set: 0.01ms
[2025-12-16T20:44:48.947+0800][1.320s][info][gc,phases   ] GC(134)   Merge Heap Roots: 0.00ms
[2025-12-16T20:44:48.947+0800][1.320s][info][gc,phases   ] GC(134)   Evacuate Collection Set: 0.01ms
[2025-12-16T20:44:48.947+0800][1.320s][info][gc,phases   ] GC(134)   Post Evacuate Collection Set: 0.02ms
[2025-12-16T20:44:48.947+0800][1.320s][info][gc,phases   ] GC(134)   Other: 0.02ms
[2025-12-16T20:44:48.947+0800][1.320s][info][gc,heap     ] GC(134) Eden regions: 15->0(15)
[2025-12-16T20:44:48.947+0800][1.320s][info][gc,heap     ] GC(134) Survivor regions: 1->1(2)
[2025-12-16T20:44:48.947+0800][1.320s][info][gc,heap     ] GC(134) Old regions: 2->2
[2025-12-16T20:44:48.947+0800][1.320s][info][gc,heap     ] GC(134) Humongous regions: 0->0
[2025-12-16T20:44:48.947+0800][1.320s][info][gc,metaspace] GC(134) Metaspace: 91K(320K)->91K(320K) NonClass: 83K(192K)->83K(192K) Class: 8K(128K)->8K(128K)
[2025-12-16T20:44:48.947+0800][1.320s][info][gc          ] GC(134) Pause Young (Normal) (G1 Evacuation Pause) 31M->1M(56M) 0.115ms
[2025-12-16T20:44:48.947+0800][1.320s][info][gc,cpu      ] GC(134) User=0.00s Sys=0.00s Real=0.00s
[2025-12-16T20:44:48.957+0800][1.329s][info][gc,start    ] GC(135) Pause Young (Normal) (G1 Evacuation Pause)
[2025-12-16T20:44:48.957+0800][1.329s][info][gc,task     ] GC(135) Using 2 workers of 9 for evacuation
[2025-12-16T20:44:48.957+0800][1.330s][info][gc,phases   ] GC(135)   Pre Evacuate Collection Set: 0.01ms
[2025-12-16T20:44:48.957+0800][1.330s][info][gc,phases   ] GC(135)   Merge Heap Roots: 0.00ms
[2025-12-16T20:44:48.957+0800][1.330s][info][gc,phases   ] GC(135)   Evacuate Collection Set: 0.01ms
[2025-12-16T20:44:48.957+0800][1.330s][info][gc,phases   ] GC(135)   Post Evacuate Collection Set: 0.02ms
[2025-12-16T20:44:48.957+0800][1.330s][info][gc,phases   ] GC(135)   Other: 0.02ms
[2025-12-16T20:44:48.957+0800][1.330s][info][gc,heap     ] GC(135) Eden regions: 15->0(15)
[2025-12-16T20:44:48.957+0800][1.330s][info][gc,heap     ] GC(135) Survivor regions: 1->1(2)
[2025-12-16T20:44:48.957+0800][1.330s][info][gc,heap     ] GC(135) Old regions: 2->2
[2025-12-16T20:44:48.957+0800][1.330s][info][gc,heap     ] GC(135) Humongous regions: 0->0
[2025-12-16T20:44:48.957+0800][1.330s][info][gc,metaspace] GC(135) Metaspace: 91K(320K)->91K(320K) NonClass: 83K(192K)->83K(192K) Class: 8K(128K)->8K(128K)
[2025-12-16T20:44:48.957+0800][1.330s][info][gc          ] GC(135) Pause Young (Normal) (G1 Evacuation Pause) 31M->1M(56M) 0.111ms
[2025-12-16T20:44:48.957+0800][1.330s][info][gc,cpu      ] GC(135) User=0.00s Sys=0.00s Real=0.00s
[2025-12-16T20:44:48.966+0800][1.339s][info][gc,start    ] GC(136) Pause Young (Normal) (G1 Evacuation Pause)
[2025-12-16T20:44:48.966+0800][1.339s][info][gc,task     ] GC(136) Using 2 workers of 9 for evacuation
[2025-12-16T20:44:48.966+0800][1.339s][info][gc,phases   ] GC(136)   Pre Evacuate Collection Set: 0.01ms
[2025-12-16T20:44:48.966+0800][1.339s][info][gc,phases   ] GC(136)   Merge Heap Roots: 0.01ms
[2025-12-16T20:44:48.966+0800][1.339s][info][gc,phases   ] GC(136)   Evacuate Collection Set: 0.01ms
[2025-12-16T20:44:48.966+0800][1.339s][info][gc,phases   ] GC(136)   Post Evacuate Collection Set: 0.02ms
[2025-12-16T20:44:48.966+0800][1.339s][info][gc,phases   ] GC(136)   Other: 0.02ms
[2025-12-16T20:44:48.966+0800][1.339s][info][gc,heap     ] GC(136) Eden regions: 15->0(15)
[2025-12-16T20:44:48.966+0800][1.339s][info][gc,heap     ] GC(136) Survivor regions: 1->1(2)
[2025-12-16T20:44:48.966+0800][1.339s][info][gc,heap     ] GC(136) Old regions: 2->2
[2025-12-16T20:44:48.966+0800][1.339s][info][gc,heap     ] GC(136) Humongous regions: 0->0
[2025-12-16T20:44:48.966+0800][1.339s][info][gc,metaspace] GC(136) Metaspace: 91K(320K)->91K(320K) NonClass: 83K(192K)->83K(192K) Class: 8K(128K)->8K(128K)
[2025-12-16T20:44:48.966+0800][1.339s][info][gc          ] GC(136) Pause Young (Normal) (G1 Evacuation Pause) 31M->1M(56M) 0.108ms
[2025-12-16T20:44:48.966+0800][1.339s][info][gc,cpu      ] GC(136) User=0.00s Sys=0.00s Real=0.00s
[2025-12-16T20:44:48.976+0800][1.349s][info][gc,start    ] GC(137) Pause Young (Normal) (G1 Evacuation Pause)
[2025-12-16T20:44:48.976+0800][1.349s][info][gc,task     ] GC(137) Using 2 workers of 9 for evacuation
[2025-12-16T20:44:48.976+0800][1.349s][info][gc,phases   ] GC(137)   Pre Evacuate Collection Set: 0.02ms
[2025-12-16T20:44:48.976+0800][1.349s][info][gc,phases   ] GC(137)   Merge Heap Roots: 0.01ms
[2025-12-16T20:44:48.976+0800][1.349s][info][gc,phases   ] GC(137)   Evacuate Collection Set: 0.01ms
[2025-12-16T20:44:48.976+0800][1.349s][info][gc,phases   ] GC(137)   Post Evacuate Collection Set: 0.02ms
[2025-12-16T20:44:48.976+0800][1.349s][info][gc,phases   ] GC(137)   Other: 0.02ms
[2025-12-16T20:44:48.976+0800][1.349s][info][gc,heap     ] GC(137) Eden regions: 15->0(15)
[2025-12-16T20:44:48.976+0800][1.349s][info][gc,heap     ] GC(137) Survivor regions: 1->1(2)
[2025-12-16T20:44:48.976+0800][1.349s][info][gc,heap     ] GC(137) Old regions: 2->2
[2025-12-16T20:44:48.976+0800][1.349s][info][gc,heap     ] GC(137) Humongous regions: 0->0
[2025-12-16T20:44:48.976+0800][1.349s][info][gc,metaspace] GC(137) Metaspace: 91K(320K)->91K(320K) NonClass: 83K(192K)->83K(192K) Class: 8K(128K)->8K(128K)
[2025-12-16T20:44:48.976+0800][1.349s][info][gc          ] GC(137) Pause Young (Normal) (G1 Evacuation Pause) 31M->1M(56M) 0.112ms
[2025-12-16T20:44:48.976+0800][1.349s][info][gc,cpu      ] GC(137) User=0.00s Sys=0.00s Real=0.00s
[2025-12-16T20:44:48.986+0800][1.359s][info][gc,start    ] GC(138) Pause Young (Normal) (G1 Evacuation Pause)
[2025-12-16T20:44:48.986+0800][1.359s][info][gc,task     ] GC(138) Using 2 workers of 9 for evacuation
[2025-12-16T20:44:48.986+0800][1.359s][info][gc,phases   ] GC(138)   Pre Evacuate Collection Set: 0.01ms
[2025-12-16T20:44:48.986+0800][1.359s][info][gc,phases   ] GC(138)   Merge Heap Roots: 0.00ms
[2025-12-16T20:44:48.986+0800][1.359s][info][gc,phases   ] GC(138)   Evacuate Collection Set: 0.02ms
[2025-12-16T20:44:48.986+0800][1.359s][info][gc,phases   ] GC(138)   Post Evacuate Collection Set: 0.02ms
[2025-12-16T20:44:48.986+0800][1.359s][info][gc,phases   ] GC(138)   Other: 0.02ms
[2025-12-16T20:44:48.986+0800][1.359s][info][gc,heap     ] GC(138) Eden regions: 15->0(15)
[2025-12-16T20:44:48.986+0800][1.359s][info][gc,heap     ] GC(138) Survivor regions: 1->1(2)
[2025-12-16T20:44:48.986+0800][1.359s][info][gc,heap     ] GC(138) Old regions: 2->2
[2025-12-16T20:44:48.986+0800][1.359s][info][gc,heap     ] GC(138) Humongous regions: 0->0
[2025-12-16T20:44:48.986+0800][1.359s][info][gc,metaspace] GC(138) Metaspace: 91K(320K)->91K(320K) NonClass: 83K(192K)->83K(192K) Class: 8K(128K)->8K(128K)
[2025-12-16T20:44:48.986+0800][1.359s][info][gc          ] GC(138) Pause Young (Normal) (G1 Evacuation Pause) 31M->1M(56M) 0.111ms
[2025-12-16T20:44:48.986+0800][1.359s][info][gc,cpu      ] GC(138) User=0.00s Sys=0.00s Real=0.00s
[2025-12-16T20:44:48.995+0800][1.368s][info][gc,start    ] GC(139) Pause Young (Normal) (G1 Evacuation Pause)
[2025-12-16T20:44:48.995+0800][1.368s][info][gc,task     ] GC(139) Using 2 workers of 9 for evacuation
[2025-12-16T20:44:48.995+0800][1.368s][info][gc,phases   ] GC(139)   Pre Evacuate Collection Set: 0.01ms
[2025-12-16T20:44:48.995+0800][1.368s][info][gc,phases   ] GC(139)   Merge Heap Roots: 0.00ms
[2025-12-16T20:44:48.995+0800][1.368s][info][gc,phases   ] GC(139)   Evacuate Collection Set: 0.02ms
[2025-12-16T20:44:48.995+0800][1.368s][info][gc,phases   ] GC(139)   Post Evacuate Collection Set: 0.02ms
[2025-12-16T20:44:48.995+0800][1.368s][info][gc,phases   ] GC(139)   Other: 0.02ms
[2025-12-16T20:44:48.995+0800][1.368s][info][gc,heap     ] GC(139) Eden regions: 15->0(15)
[2025-12-16T20:44:48.995+0800][1.368s][info][gc,heap     ] GC(139) Survivor regions: 1->1(2)
[2025-12-16T20:44:48.995+0800][1.368s][info][gc,heap     ] GC(139) Old regions: 2->2
[2025-12-16T20:44:48.995+0800][1.368s][info][gc,heap     ] GC(139) Humongous regions: 0->0
[2025-12-16T20:44:48.995+0800][1.368s][info][gc,metaspace] GC(139) Metaspace: 91K(320K)->91K(320K) NonClass: 83K(192K)->83K(192K) Class: 8K(128K)->8K(128K)
[2025-12-16T20:44:48.995+0800][1.368s][info][gc          ] GC(139) Pause Young (Normal) (G1 Evacuation Pause) 31M->1M(56M) 0.120ms
[2025-12-16T20:44:48.995+0800][1.368s][info][gc,cpu      ] GC(139) User=0.00s Sys=0.00s Real=0.00s
[2025-12-16T20:44:49.005+0800][1.378s][info][gc,start    ] GC(140) Pause Young (Normal) (G1 Evacuation Pause)
[2025-12-16T20:44:49.005+0800][1.378s][info][gc,task     ] GC(140) Using 2 workers of 9 for evacuation
[2025-12-16T20:44:49.005+0800][1.378s][info][gc,phases   ] GC(140)   Pre Evacuate Collection Set: 0.01ms
[2025-12-16T20:44:49.005+0800][1.378s][info][gc,phases   ] GC(140)   Merge Heap Roots: 0.00ms
[2025-12-16T20:44:49.005+0800][1.378s][info][gc,phases   ] GC(140)   Evacuate Collection Set: 0.02ms
[2025-12-16T20:44:49.005+0800][1.378s][info][gc,phases   ] GC(140)   Post Evacuate Collection Set: 0.02ms
[2025-12-16T20:44:49.005+0800][1.378s][info][gc,phases   ] GC(140)   Other: 0.02ms
[2025-12-16T20:44:49.005+0800][1.378s][info][gc,heap     ] GC(140) Eden regions: 15->0(15)
[2025-12-16T20:44:49.005+0800][1.378s][info][gc,heap     ] GC(140) Survivor regions: 1->1(2)
[2025-12-16T20:44:49.005+0800][1.378s][info][gc,heap     ] GC(140) Old regions: 2->2
[2025-12-16T20:44:49.005+0800][1.378s][info][gc,heap     ] GC(140) Humongous regions: 0->0
[2025-12-16T20:44:49.005+0800][1.378s][info][gc,metaspace] GC(140) Metaspace: 91K(320K)->91K(320K) NonClass: 83K(192K)->83K(192K) Class: 8K(128K)->8K(128K)
[2025-12-16T20:44:49.005+0800][1.378s][info][gc          ] GC(140) Pause Young (Normal) (G1 Evacuation Pause) 31M->1M(56M) 0.109ms
[2025-12-16T20:44:49.005+0800][1.378s][info][gc,cpu      ] GC(140) User=0.00s Sys=0.00s Real=0.00s
[2025-12-16T20:44:49.015+0800][1.388s][info][gc,start    ] GC(141) Pause Young (Normal) (G1 Evacuation Pause)
[2025-12-16T20:44:49.015+0800][1.388s][info][gc,task     ] GC(141) Using 2 workers of 9 for evacuation
[2025-12-16T20:44:49.015+0800][1.388s][info][gc,phases   ] GC(141)   Pre Evacuate Collection Set: 0.01ms
[2025-12-16T20:44:49.015+0800][1.388s][info][gc,phases   ] GC(141)   Merge Heap Roots: 0.00ms
[2025-12-16T20:44:49.015+0800][1.388s][info][gc,phases   ] GC(141)   Evacuate Collection Set: 0.02ms
[2025-12-16T20:44:49.015+0800][1.388s][info][gc,phases   ] GC(141)   Post Evacuate Collection Set: 0.02ms
[2025-12-16T20:44:49.015+0800][1.388s][info][gc,phases   ] GC(141)   Other: 0.02ms
[2025-12-16T20:44:49.015+0800][1.388s][info][gc,heap     ] GC(141) Eden regions: 15->0(15)
[2025-12-16T20:44:49.015+0800][1.388s][info][gc,heap     ] GC(141) Survivor regions: 1->1(2)
[2025-12-16T20:44:49.015+0800][1.388s][info][gc,heap     ] GC(141) Old regions: 2->2
[2025-12-16T20:44:49.015+0800][1.388s][info][gc,heap     ] GC(141) Humongous regions: 0->0
[2025-12-16T20:44:49.015+0800][1.388s][info][gc,metaspace] GC(141) Metaspace: 91K(320K)->91K(320K) NonClass: 83K(192K)->83K(192K) Class: 8K(128K)->8K(128K)
[2025-12-16T20:44:49.015+0800][1.388s][info][gc          ] GC(141) Pause Young (Normal) (G1 Evacuation Pause) 31M->1M(56M) 0.107ms
[2025-12-16T20:44:49.015+0800][1.388s][info][gc,cpu      ] GC(141) User=0.00s Sys=0.00s Real=0.00s
[2025-12-16T20:44:49.024+0800][1.397s][info][gc,start    ] GC(142) Pause Young (Normal) (G1 Evacuation Pause)
[2025-12-16T20:44:49.024+0800][1.397s][info][gc,task     ] GC(142) Using 2 workers of 9 for evacuation
[2025-12-16T20:44:49.024+0800][1.397s][info][gc,phases   ] GC(142)   Pre Evacuate Collection Set: 0.01ms
[2025-12-16T20:44:49.024+0800][1.397s][info][gc,phases   ] GC(142)   Merge Heap Roots: 0.00ms
[2025-12-16T20:44:49.024+0800][1.397s][info][gc,phases   ] GC(142)   Evacuate Collection Set: 0.01ms
[2025-12-16T20:44:49.024+0800][1.397s][info][gc,phases   ] GC(142)   Post Evacuate Collection Set: 0.02ms
[2025-12-16T20:44:49.024+0800][1.397s][info][gc,phases   ] GC(142)   Other: 0.02ms
[2025-12-16T20:44:49.024+0800][1.397s][info][gc,heap     ] GC(142) Eden regions: 15->0(15)
[2025-12-16T20:44:49.024+0800][1.397s][info][gc,heap     ] GC(142) Survivor regions: 1->1(2)
[2025-12-16T20:44:49.024+0800][1.397s][info][gc,heap     ] GC(142) Old regions: 2->2
[2025-12-16T20:44:49.024+0800][1.397s][info][gc,heap     ] GC(142) Humongous regions: 0->0
[2025-12-16T20:44:49.024+0800][1.397s][info][gc,metaspace] GC(142) Metaspace: 91K(320K)->91K(320K) NonClass: 83K(192K)->83K(192K) Class: 8K(128K)->8K(128K)
[2025-12-16T20:44:49.024+0800][1.397s][info][gc          ] GC(142) Pause Young (Normal) (G1 Evacuation Pause) 31M->1M(56M) 0.107ms
[2025-12-16T20:44:49.024+0800][1.397s][info][gc,cpu      ] GC(142) User=0.00s Sys=0.00s Real=0.00s
[2025-12-16T20:44:49.034+0800][1.407s][info][gc,start    ] GC(143) Pause Young (Normal) (G1 Evacuation Pause)
[2025-12-16T20:44:49.034+0800][1.407s][info][gc,task     ] GC(143) Using 2 workers of 9 for evacuation
[2025-12-16T20:44:49.034+0800][1.407s][info][gc,phases   ] GC(143)   Pre Evacuate Collection Set: 0.01ms
[2025-12-16T20:44:49.034+0800][1.407s][info][gc,phases   ] GC(143)   Merge Heap Roots: 0.01ms
[2025-12-16T20:44:49.034+0800][1.407s][info][gc,phases   ] GC(143)   Evacuate Collection Set: 0.01ms
[2025-12-16T20:44:49.034+0800][1.407s][info][gc,phases   ] GC(143)   Post Evacuate Collection Set: 0.03ms
[2025-12-16T20:44:49.034+0800][1.407s][info][gc,phases   ] GC(143)   Other: 0.02ms
[2025-12-16T20:44:49.034+0800][1.407s][info][gc,heap     ] GC(143) Eden regions: 15->0(15)
[2025-12-16T20:44:49.034+0800][1.407s][info][gc,heap     ] GC(143) Survivor regions: 1->1(2)
[2025-12-16T20:44:49.034+0800][1.407s][info][gc,heap     ] GC(143) Old regions: 2->2
[2025-12-16T20:44:49.034+0800][1.407s][info][gc,heap     ] GC(143) Humongous regions: 0->0
[2025-12-16T20:44:49.034+0800][1.407s][info][gc,metaspace] GC(143) Metaspace: 91K(320K)->91K(320K) NonClass: 83K(192K)->83K(192K) Class: 8K(128K)->8K(128K)
[2025-12-16T20:44:49.034+0800][1.407s][info][gc          ] GC(143) Pause Young (Normal) (G1 Evacuation Pause) 31M->1M(56M) 0.110ms
[2025-12-16T20:44:49.034+0800][1.407s][info][gc,cpu      ] GC(143) User=0.00s Sys=0.00s Real=0.00s
[2025-12-16T20:44:49.044+0800][1.417s][info][gc,start    ] GC(144) Pause Young (Normal) (G1 Evacuation Pause)
[2025-12-16T20:44:49.044+0800][1.417s][info][gc,task     ] GC(144) Using 2 workers of 9 for evacuation
[2025-12-16T20:44:49.044+0800][1.417s][info][gc,phases   ] GC(144)   Pre Evacuate Collection Set: 0.01ms
[2025-12-16T20:44:49.044+0800][1.417s][info][gc,phases   ] GC(144)   Merge Heap Roots: 0.01ms
[2025-12-16T20:44:49.044+0800][1.417s][info][gc,phases   ] GC(144)   Evacuate Collection Set: 0.01ms
[2025-12-16T20:44:49.044+0800][1.417s][info][gc,phases   ] GC(144)   Post Evacuate Collection Set: 0.03ms
[2025-12-16T20:44:49.044+0800][1.417s][info][gc,phases   ] GC(144)   Other: 0.02ms
[2025-12-16T20:44:49.044+0800][1.417s][info][gc,heap     ] GC(144) Eden regions: 15->0(15)
[2025-12-16T20:44:49.044+0800][1.417s][info][gc,heap     ] GC(144) Survivor regions: 1->1(2)
[2025-12-16T20:44:49.044+0800][1.417s][info][gc,heap     ] GC(144) Old regions: 2->2
[2025-12-16T20:44:49.044+0800][1.417s][info][gc,heap     ] GC(144) Humongous regions: 0->0
[2025-12-16T20:44:49.044+0800][1.417s][info][gc,metaspace] GC(144) Metaspace: 91K(320K)->91K(320K) NonClass: 83K(192K)->83K(192K) Class: 8K(128K)->8K(128K)
[2025-12-16T20:44:49.044+0800][1.417s][info][gc          ] GC(144) Pause Young (Normal) (G1 Evacuation Pause) 31M->1M(56M) 0.114ms
[2025-12-16T20:44:49.044+0800][1.417s][info][gc,cpu      ] GC(144) User=0.00s Sys=0.00s Real=0.00s
[2025-12-16T20:44:49.053+0800][1.426s][info][gc,start    ] GC(145) Pause Young (Normal) (G1 Evacuation Pause)
[2025-12-16T20:44:49.053+0800][1.426s][info][gc,task     ] GC(145) Using 2 workers of 9 for evacuation
[2025-12-16T20:44:49.053+0800][1.426s][info][gc,phases   ] GC(145)   Pre Evacuate Collection Set: 0.02ms
[2025-12-16T20:44:49.053+0800][1.426s][info][gc,phases   ] GC(145)   Merge Heap Roots: 0.00ms
[2025-12-16T20:44:49.053+0800][1.426s][info][gc,phases   ] GC(145)   Evacuate Collection Set: 0.01ms
[2025-12-16T20:44:49.053+0800][1.426s][info][gc,phases   ] GC(145)   Post Evacuate Collection Set: 0.02ms
[2025-12-16T20:44:49.053+0800][1.426s][info][gc,phases   ] GC(145)   Other: 0.02ms
[2025-12-16T20:44:49.053+0800][1.426s][info][gc,heap     ] GC(145) Eden regions: 15->0(15)
[2025-12-16T20:44:49.053+0800][1.426s][info][gc,heap     ] GC(145) Survivor regions: 1->1(2)
[2025-12-16T20:44:49.053+0800][1.426s][info][gc,heap     ] GC(145) Old regions: 2->2
[2025-12-16T20:44:49.053+0800][1.426s][info][gc,heap     ] GC(145) Humongous regions: 0->0
[2025-12-16T20:44:49.053+0800][1.426s][info][gc,metaspace] GC(145) Metaspace: 91K(320K)->91K(320K) NonClass: 83K(192K)->83K(192K) Class: 8K(128K)->8K(128K)
[2025-12-16T20:44:49.053+0800][1.426s][info][gc          ] GC(145) Pause Young (Normal) (G1 Evacuation Pause) 31M->1M(56M) 0.115ms
[2025-12-16T20:44:49.053+0800][1.426s][info][gc,cpu      ] GC(145) User=0.00s Sys=0.00s Real=0.00s
[2025-12-16T20:44:49.063+0800][1.436s][info][gc,start    ] GC(146) Pause Young (Normal) (G1 Evacuation Pause)
[2025-12-16T20:44:49.063+0800][1.436s][info][gc,task     ] GC(146) Using 2 workers of 9 for evacuation
[2025-12-16T20:44:49.063+0800][1.436s][info][gc,phases   ] GC(146)   Pre Evacuate Collection Set: 0.01ms
[2025-12-16T20:44:49.063+0800][1.436s][info][gc,phases   ] GC(146)   Merge Heap Roots: 0.01ms
[2025-12-16T20:44:49.063+0800][1.436s][info][gc,phases   ] GC(146)   Evacuate Collection Set: 0.01ms
[2025-12-16T20:44:49.063+0800][1.436s][info][gc,phases   ] GC(146)   Post Evacuate Collection Set: 0.02ms
[2025-12-16T20:44:49.063+0800][1.436s][info][gc,phases   ] GC(146)   Other: 0.02ms
[2025-12-16T20:44:49.063+0800][1.436s][info][gc,heap     ] GC(146) Eden regions: 15->0(15)
[2025-12-16T20:44:49.063+0800][1.436s][info][gc,heap     ] GC(146) Survivor regions: 1->1(2)
[2025-12-16T20:44:49.063+0800][1.436s][info][gc,heap     ] GC(146) Old regions: 2->2
[2025-12-16T20:44:49.063+0800][1.436s][info][gc,heap     ] GC(146) Humongous regions: 0->0
[2025-12-16T20:44:49.063+0800][1.436s][info][gc,metaspace] GC(146) Metaspace: 91K(320K)->91K(320K) NonClass: 83K(192K)->83K(192K) Class: 8K(128K)->8K(128K)
[2025-12-16T20:44:49.063+0800][1.436s][info][gc          ] GC(146) Pause Young (Normal) (G1 Evacuation Pause) 31M->1M(56M) 0.112ms
[2025-12-16T20:44:49.063+0800][1.436s][info][gc,cpu      ] GC(146) User=0.00s Sys=0.00s Real=0.00s
[2025-12-16T20:44:49.073+0800][1.446s][info][gc,start    ] GC(147) Pause Young (Normal) (G1 Evacuation Pause)
[2025-12-16T20:44:49.073+0800][1.446s][info][gc,task     ] GC(147) Using 2 workers of 9 for evacuation
[2025-12-16T20:44:49.073+0800][1.446s][info][gc,phases   ] GC(147)   Pre Evacuate Collection Set: 0.02ms
[2025-12-16T20:44:49.073+0800][1.446s][info][gc,phases   ] GC(147)   Merge Heap Roots: 0.01ms
[2025-12-16T20:44:49.073+0800][1.446s][info][gc,phases   ] GC(147)   Evacuate Collection Set: 0.01ms
[2025-12-16T20:44:49.073+0800][1.446s][info][gc,phases   ] GC(147)   Post Evacuate Collection Set: 0.02ms
[2025-12-16T20:44:49.073+0800][1.446s][info][gc,phases   ] GC(147)   Other: 0.02ms
[2025-12-16T20:44:49.073+0800][1.446s][info][gc,heap     ] GC(147) Eden regions: 15->0(15)
[2025-12-16T20:44:49.073+0800][1.446s][info][gc,heap     ] GC(147) Survivor regions: 1->1(2)
[2025-12-16T20:44:49.073+0800][1.446s][info][gc,heap     ] GC(147) Old regions: 2->2
[2025-12-16T20:44:49.073+0800][1.446s][info][gc,heap     ] GC(147) Humongous regions: 0->0
[2025-12-16T20:44:49.073+0800][1.446s][info][gc,metaspace] GC(147) Metaspace: 91K(320K)->91K(320K) NonClass: 83K(192K)->83K(192K) Class: 8K(128K)->8K(128K)
[2025-12-16T20:44:49.073+0800][1.446s][info][gc          ] GC(147) Pause Young (Normal) (G1 Evacuation Pause) 31M->1M(56M) 0.114ms
[2025-12-16T20:44:49.073+0800][1.446s][info][gc,cpu      ] GC(147) User=0.00s Sys=0.00s Real=0.00s
[2025-12-16T20:44:49.083+0800][1.455s][info][gc,start    ] GC(148) Pause Young (Normal) (G1 Evacuation Pause)
[2025-12-16T20:44:49.083+0800][1.455s][info][gc,task     ] GC(148) Using 2 workers of 9 for evacuation
[2025-12-16T20:44:49.083+0800][1.456s][info][gc,phases   ] GC(148)   Pre Evacuate Collection Set: 0.01ms
[2025-12-16T20:44:49.083+0800][1.456s][info][gc,phases   ] GC(148)   Merge Heap Roots: 0.00ms
[2025-12-16T20:44:49.083+0800][1.456s][info][gc,phases   ] GC(148)   Evacuate Collection Set: 0.01ms
[2025-12-16T20:44:49.083+0800][1.456s][info][gc,phases   ] GC(148)   Post Evacuate Collection Set: 0.02ms
[2025-12-16T20:44:49.083+0800][1.456s][info][gc,phases   ] GC(148)   Other: 0.02ms
[2025-12-16T20:44:49.083+0800][1.456s][info][gc,heap     ] GC(148) Eden regions: 15->0(15)
[2025-12-16T20:44:49.083+0800][1.456s][info][gc,heap     ] GC(148) Survivor regions: 1->1(2)
[2025-12-16T20:44:49.083+0800][1.456s][info][gc,heap     ] GC(148) Old regions: 2->2
[2025-12-16T20:44:49.083+0800][1.456s][info][gc,heap     ] GC(148) Humongous regions: 0->0
[2025-12-16T20:44:49.083+0800][1.456s][info][gc,metaspace] GC(148) Metaspace: 91K(320K)->91K(320K) NonClass: 83K(192K)->83K(192K) Class: 8K(128K)->8K(128K)
[2025-12-16T20:44:49.083+0800][1.456s][info][gc          ] GC(148) Pause Young (Normal) (G1 Evacuation Pause) 31M->1M(56M) 0.105ms
[2025-12-16T20:44:49.083+0800][1.456s][info][gc,cpu      ] GC(148) User=0.00s Sys=0.00s Real=0.00s
[2025-12-16T20:44:49.092+0800][1.465s][info][gc,start    ] GC(149) Pause Young (Normal) (G1 Evacuation Pause)
[2025-12-16T20:44:49.092+0800][1.465s][info][gc,task     ] GC(149) Using 2 workers of 9 for evacuation
[2025-12-16T20:44:49.092+0800][1.465s][info][gc,phases   ] GC(149)   Pre Evacuate Collection Set: 0.01ms
[2025-12-16T20:44:49.092+0800][1.465s][info][gc,phases   ] GC(149)   Merge Heap Roots: 0.00ms
[2025-12-16T20:44:49.092+0800][1.465s][info][gc,phases   ] GC(149)   Evacuate Collection Set: 0.01ms
[2025-12-16T20:44:49.092+0800][1.465s][info][gc,phases   ] GC(149)   Post Evacuate Collection Set: 0.02ms
[2025-12-16T20:44:49.092+0800][1.465s][info][gc,phases   ] GC(149)   Other: 0.02ms
[2025-12-16T20:44:49.092+0800][1.465s][info][gc,heap     ] GC(149) Eden regions: 15->0(15)
[2025-12-16T20:44:49.092+0800][1.465s][info][gc,heap     ] GC(149) Survivor regions: 1->1(2)
[2025-12-16T20:44:49.092+0800][1.465s][info][gc,heap     ] GC(149) Old regions: 2->2
[2025-12-16T20:44:49.092+0800][1.465s][info][gc,heap     ] GC(149) Humongous regions: 0->0
[2025-12-16T20:44:49.092+0800][1.465s][info][gc,metaspace] GC(149) Metaspace: 91K(320K)->91K(320K) NonClass: 83K(192K)->83K(192K) Class: 8K(128K)->8K(128K)
[2025-12-16T20:44:49.092+0800][1.465s][info][gc          ] GC(149) Pause Young (Normal) (G1 Evacuation Pause) 31M->1M(56M) 0.123ms
[2025-12-16T20:44:49.092+0800][1.465s][info][gc,cpu      ] GC(149) User=0.00s Sys=0.00s Real=0.00s
[2025-12-16T20:44:49.102+0800][1.475s][info][gc,start    ] GC(150) Pause Young (Normal) (G1 Evacuation Pause)
[2025-12-16T20:44:49.102+0800][1.475s][info][gc,task     ] GC(150) Using 2 workers of 9 for evacuation
[2025-12-16T20:44:49.102+0800][1.475s][info][gc,phases   ] GC(150)   Pre Evacuate Collection Set: 0.01ms
[2025-12-16T20:44:49.102+0800][1.475s][info][gc,phases   ] GC(150)   Merge Heap Roots: 0.01ms
[2025-12-16T20:44:49.102+0800][1.475s][info][gc,phases   ] GC(150)   Evacuate Collection Set: 0.01ms
[2025-12-16T20:44:49.102+0800][1.475s][info][gc,phases   ] GC(150)   Post Evacuate Collection Set: 0.02ms
[2025-12-16T20:44:49.102+0800][1.475s][info][gc,phases   ] GC(150)   Other: 0.02ms
[2025-12-16T20:44:49.102+0800][1.475s][info][gc,heap     ] GC(150) Eden regions: 15->0(15)
[2025-12-16T20:44:49.102+0800][1.475s][info][gc,heap     ] GC(150) Survivor regions: 1->1(2)
[2025-12-16T20:44:49.102+0800][1.475s][info][gc,heap     ] GC(150) Old regions: 2->2
[2025-12-16T20:44:49.102+0800][1.475s][info][gc,heap     ] GC(150) Humongous regions: 0->0
[2025-12-16T20:44:49.102+0800][1.475s][info][gc,metaspace] GC(150) Metaspace: 91K(320K)->91K(320K) NonClass: 83K(192K)->83K(192K) Class: 8K(128K)->8K(128K)
[2025-12-16T20:44:49.102+0800][1.475s][info][gc          ] GC(150) Pause Young (Normal) (G1 Evacuation Pause) 31M->1M(56M) 0.114ms
[2025-12-16T20:44:49.102+0800][1.475s][info][gc,cpu      ] GC(150) User=0.00s Sys=0.00s Real=0.00s
[2025-12-16T20:44:49.112+0800][1.484s][info][gc,start    ] GC(151) Pause Young (Normal) (G1 Evacuation Pause)
[2025-12-16T20:44:49.112+0800][1.484s][info][gc,task     ] GC(151) Using 2 workers of 9 for evacuation
[2025-12-16T20:44:49.112+0800][1.485s][info][gc,phases   ] GC(151)   Pre Evacuate Collection Set: 0.01ms
[2025-12-16T20:44:49.112+0800][1.485s][info][gc,phases   ] GC(151)   Merge Heap Roots: 0.00ms
[2025-12-16T20:44:49.112+0800][1.485s][info][gc,phases   ] GC(151)   Evacuate Collection Set: 0.01ms
[2025-12-16T20:44:49.112+0800][1.485s][info][gc,phases   ] GC(151)   Post Evacuate Collection Set: 0.03ms
[2025-12-16T20:44:49.112+0800][1.485s][info][gc,phases   ] GC(151)   Other: 0.02ms
[2025-12-16T20:44:49.112+0800][1.485s][info][gc,heap     ] GC(151) Eden regions: 15->0(15)
[2025-12-16T20:44:49.112+0800][1.485s][info][gc,heap     ] GC(151) Survivor regions: 1->1(2)
[2025-12-16T20:44:49.112+0800][1.485s][info][gc,heap     ] GC(151) Old regions: 2->2
[2025-12-16T20:44:49.112+0800][1.485s][info][gc,heap     ] GC(151) Humongous regions: 0->0
[2025-12-16T20:44:49.112+0800][1.485s][info][gc,metaspace] GC(151) Metaspace: 91K(320K)->91K(320K) NonClass: 83K(192K)->83K(192K) Class: 8K(128K)->8K(128K)
[2025-12-16T20:44:49.112+0800][1.485s][info][gc          ] GC(151) Pause Young (Normal) (G1 Evacuation Pause) 31M->1M(56M) 0.121ms
[2025-12-16T20:44:49.112+0800][1.485s][info][gc,cpu      ] GC(151) User=0.00s Sys=0.00s Real=0.00s
[2025-12-16T20:44:49.121+0800][1.494s][info][gc,start    ] GC(152) Pause Young (Normal) (G1 Evacuation Pause)
[2025-12-16T20:44:49.121+0800][1.494s][info][gc,task     ] GC(152) Using 2 workers of 9 for evacuation
[2025-12-16T20:44:49.121+0800][1.494s][info][gc,phases   ] GC(152)   Pre Evacuate Collection Set: 0.01ms
[2025-12-16T20:44:49.121+0800][1.494s][info][gc,phases   ] GC(152)   Merge Heap Roots: 0.00ms
[2025-12-16T20:44:49.121+0800][1.494s][info][gc,phases   ] GC(152)   Evacuate Collection Set: 0.01ms
[2025-12-16T20:44:49.121+0800][1.494s][info][gc,phases   ] GC(152)   Post Evacuate Collection Set: 0.03ms
[2025-12-16T20:44:49.121+0800][1.494s][info][gc,phases   ] GC(152)   Other: 0.02ms
[2025-12-16T20:44:49.121+0800][1.494s][info][gc,heap     ] GC(152) Eden regions: 15->0(15)
[2025-12-16T20:44:49.121+0800][1.494s][info][gc,heap     ] GC(152) Survivor regions: 1->1(2)
[2025-12-16T20:44:49.121+0800][1.494s][info][gc,heap     ] GC(152) Old regions: 2->2
[2025-12-16T20:44:49.121+0800][1.494s][info][gc,heap     ] GC(152) Humongous regions: 0->0
[2025-12-16T20:44:49.121+0800][1.494s][info][gc,metaspace] GC(152) Metaspace: 91K(320K)->91K(320K) NonClass: 83K(192K)->83K(192K) Class: 8K(128K)->8K(128K)
[2025-12-16T20:44:49.121+0800][1.494s][info][gc          ] GC(152) Pause Young (Normal) (G1 Evacuation Pause) 31M->1M(56M) 0.109ms
[2025-12-16T20:44:49.121+0800][1.494s][info][gc,cpu      ] GC(152) User=0.00s Sys=0.00s Real=0.00s
[2025-12-16T20:44:49.131+0800][1.504s][info][gc,start    ] GC(153) Pause Young (Normal) (G1 Evacuation Pause)
[2025-12-16T20:44:49.131+0800][1.504s][info][gc,task     ] GC(153) Using 2 workers of 9 for evacuation
[2025-12-16T20:44:49.131+0800][1.504s][info][gc,phases   ] GC(153)   Pre Evacuate Collection Set: 0.01ms
[2025-12-16T20:44:49.131+0800][1.504s][info][gc,phases   ] GC(153)   Merge Heap Roots: 0.00ms
[2025-12-16T20:44:49.131+0800][1.504s][info][gc,phases   ] GC(153)   Evacuate Collection Set: 0.01ms
[2025-12-16T20:44:49.131+0800][1.504s][info][gc,phases   ] GC(153)   Post Evacuate Collection Set: 0.03ms
[2025-12-16T20:44:49.131+0800][1.504s][info][gc,phases   ] GC(153)   Other: 0.02ms
[2025-12-16T20:44:49.131+0800][1.504s][info][gc,heap     ] GC(153) Eden regions: 15->0(15)
[2025-12-16T20:44:49.131+0800][1.504s][info][gc,heap     ] GC(153) Survivor regions: 1->1(2)
[2025-12-16T20:44:49.131+0800][1.504s][info][gc,heap     ] GC(153) Old regions: 2->2
[2025-12-16T20:44:49.131+0800][1.504s][info][gc,heap     ] GC(153) Humongous regions: 0->0
[2025-12-16T20:44:49.131+0800][1.504s][info][gc,metaspace] GC(153) Metaspace: 91K(320K)->91K(320K) NonClass: 83K(192K)->83K(192K) Class: 8K(128K)->8K(128K)
[2025-12-16T20:44:49.131+0800][1.504s][info][gc          ] GC(153) Pause Young (Normal) (G1 Evacuation Pause) 31M->1M(56M) 0.115ms
[2025-12-16T20:44:49.131+0800][1.504s][info][gc,cpu      ] GC(153) User=0.00s Sys=0.00s Real=0.00s
[2025-12-16T20:44:49.141+0800][1.514s][info][gc,start    ] GC(154) Pause Young (Normal) (G1 Evacuation Pause)
[2025-12-16T20:44:49.141+0800][1.514s][info][gc,task     ] GC(154) Using 2 workers of 9 for evacuation
[2025-12-16T20:44:49.141+0800][1.514s][info][gc,phases   ] GC(154)   Pre Evacuate Collection Set: 0.01ms
[2025-12-16T20:44:49.141+0800][1.514s][info][gc,phases   ] GC(154)   Merge Heap Roots: 0.00ms
[2025-12-16T20:44:49.141+0800][1.514s][info][gc,phases   ] GC(154)   Evacuate Collection Set: 0.01ms
[2025-12-16T20:44:49.141+0800][1.514s][info][gc,phases   ] GC(154)   Post Evacuate Collection Set: 0.02ms
[2025-12-16T20:44:49.141+0800][1.514s][info][gc,phases   ] GC(154)   Other: 0.02ms
[2025-12-16T20:44:49.141+0800][1.514s][info][gc,heap     ] GC(154) Eden regions: 15->0(15)
[2025-12-16T20:44:49.141+0800][1.514s][info][gc,heap     ] GC(154) Survivor regions: 1->1(2)
[2025-12-16T20:44:49.141+0800][1.514s][info][gc,heap     ] GC(154) Old regions: 2->2
[2025-12-16T20:44:49.141+0800][1.514s][info][gc,heap     ] GC(154) Humongous regions: 0->0
[2025-12-16T20:44:49.141+0800][1.514s][info][gc,metaspace] GC(154) Metaspace: 91K(320K)->91K(320K) NonClass: 83K(192K)->83K(192K) Class: 8K(128K)->8K(128K)
[2025-12-16T20:44:49.141+0800][1.514s][info][gc          ] GC(154) Pause Young (Normal) (G1 Evacuation Pause) 31M->1M(56M) 0.106ms
[2025-12-16T20:44:49.141+0800][1.514s][info][gc,cpu      ] GC(154) User=0.00s Sys=0.00s Real=0.00s
[2025-12-16T20:44:49.150+0800][1.523s][info][gc,start    ] GC(155) Pause Young (Normal) (G1 Evacuation Pause)
[2025-12-16T20:44:49.150+0800][1.523s][info][gc,task     ] GC(155) Using 2 workers of 9 for evacuation
[2025-12-16T20:44:49.150+0800][1.523s][info][gc,phases   ] GC(155)   Pre Evacuate Collection Set: 0.01ms
[2025-12-16T20:44:49.150+0800][1.523s][info][gc,phases   ] GC(155)   Merge Heap Roots: 0.00ms
[2025-12-16T20:44:49.150+0800][1.523s][info][gc,phases   ] GC(155)   Evacuate Collection Set: 0.01ms
[2025-12-16T20:44:49.150+0800][1.523s][info][gc,phases   ] GC(155)   Post Evacuate Collection Set: 0.02ms
[2025-12-16T20:44:49.150+0800][1.523s][info][gc,phases   ] GC(155)   Other: 0.02ms
[2025-12-16T20:44:49.150+0800][1.523s][info][gc,heap     ] GC(155) Eden regions: 15->0(15)
[2025-12-16T20:44:49.150+0800][1.523s][info][gc,heap     ] GC(155) Survivor regions: 1->1(2)
[2025-12-16T20:44:49.150+0800][1.523s][info][gc,heap     ] GC(155) Old regions: 2->2
[2025-12-16T20:44:49.150+0800][1.523s][info][gc,heap     ] GC(155) Humongous regions: 0->0
[2025-12-16T20:44:49.150+0800][1.523s][info][gc,metaspace] GC(155) Metaspace: 91K(320K)->91K(320K) NonClass: 83K(192K)->83K(192K) Class: 8K(128K)->8K(128K)
[2025-12-16T20:44:49.151+0800][1.523s][info][gc          ] GC(155) Pause Young (Normal) (G1 Evacuation Pause) 31M->1M(56M) 0.109ms
[2025-12-16T20:44:49.151+0800][1.523s][info][gc,cpu      ] GC(155) User=0.00s Sys=0.00s Real=0.00s
[2025-12-16T20:44:49.160+0800][1.533s][info][gc,start    ] GC(156) Pause Young (Normal) (G1 Evacuation Pause)
[2025-12-16T20:44:49.160+0800][1.533s][info][gc,task     ] GC(156) Using 2 workers of 9 for evacuation
[2025-12-16T20:44:49.160+0800][1.533s][info][gc,phases   ] GC(156)   Pre Evacuate Collection Set: 0.01ms
[2025-12-16T20:44:49.160+0800][1.533s][info][gc,phases   ] GC(156)   Merge Heap Roots: 0.00ms
[2025-12-16T20:44:49.160+0800][1.533s][info][gc,phases   ] GC(156)   Evacuate Collection Set: 0.01ms
[2025-12-16T20:44:49.160+0800][1.533s][info][gc,phases   ] GC(156)   Post Evacuate Collection Set: 0.02ms
[2025-12-16T20:44:49.160+0800][1.533s][info][gc,phases   ] GC(156)   Other: 0.02ms
[2025-12-16T20:44:49.160+0800][1.533s][info][gc,heap     ] GC(156) Eden regions: 15->0(15)
[2025-12-16T20:44:49.160+0800][1.533s][info][gc,heap     ] GC(156) Survivor regions: 1->1(2)
[2025-12-16T20:44:49.160+0800][1.533s][info][gc,heap     ] GC(156) Old regions: 2->2
[2025-12-16T20:44:49.160+0800][1.533s][info][gc,heap     ] GC(156) Humongous regions: 0->0
[2025-12-16T20:44:49.160+0800][1.533s][info][gc,metaspace] GC(156) Metaspace: 91K(320K)->91K(320K) NonClass: 83K(192K)->83K(192K) Class: 8K(128K)->8K(128K)
[2025-12-16T20:44:49.160+0800][1.533s][info][gc          ] GC(156) Pause Young (Normal) (G1 Evacuation Pause) 31M->1M(56M) 0.106ms
[2025-12-16T20:44:49.160+0800][1.533s][info][gc,cpu      ] GC(156) User=0.00s Sys=0.00s Real=0.00s
[2025-12-16T20:44:49.170+0800][1.543s][info][gc,start    ] GC(157) Pause Young (Normal) (G1 Evacuation Pause)
[2025-12-16T20:44:49.170+0800][1.543s][info][gc,task     ] GC(157) Using 2 workers of 9 for evacuation
[2025-12-16T20:44:49.170+0800][1.543s][info][gc,phases   ] GC(157)   Pre Evacuate Collection Set: 0.01ms
[2025-12-16T20:44:49.170+0800][1.543s][info][gc,phases   ] GC(157)   Merge Heap Roots: 0.00ms
[2025-12-16T20:44:49.170+0800][1.543s][info][gc,phases   ] GC(157)   Evacuate Collection Set: 0.01ms
[2025-12-16T20:44:49.170+0800][1.543s][info][gc,phases   ] GC(157)   Post Evacuate Collection Set: 0.02ms
[2025-12-16T20:44:49.170+0800][1.543s][info][gc,phases   ] GC(157)   Other: 0.02ms
[2025-12-16T20:44:49.170+0800][1.543s][info][gc,heap     ] GC(157) Eden regions: 15->0(15)
[2025-12-16T20:44:49.170+0800][1.543s][info][gc,heap     ] GC(157) Survivor regions: 1->1(2)
[2025-12-16T20:44:49.170+0800][1.543s][info][gc,heap     ] GC(157) Old regions: 2->2
[2025-12-16T20:44:49.170+0800][1.543s][info][gc,heap     ] GC(157) Humongous regions: 0->0
[2025-12-16T20:44:49.170+0800][1.543s][info][gc,metaspace] GC(157) Metaspace: 91K(320K)->91K(320K) NonClass: 83K(192K)->83K(192K) Class: 8K(128K)->8K(128K)
[2025-12-16T20:44:49.170+0800][1.543s][info][gc          ] GC(157) Pause Young (Normal) (G1 Evacuation Pause) 31M->1M(56M) 0.111ms
[2025-12-16T20:44:49.170+0800][1.543s][info][gc,cpu      ] GC(157) User=0.00s Sys=0.00s Real=0.00s
[2025-12-16T20:44:49.180+0800][1.552s][info][gc,start    ] GC(158) Pause Young (Normal) (G1 Evacuation Pause)
[2025-12-16T20:44:49.180+0800][1.552s][info][gc,task     ] GC(158) Using 2 workers of 9 for evacuation
[2025-12-16T20:44:49.180+0800][1.553s][info][gc,phases   ] GC(158)   Pre Evacuate Collection Set: 0.01ms
[2025-12-16T20:44:49.180+0800][1.553s][info][gc,phases   ] GC(158)   Merge Heap Roots: 0.00ms
[2025-12-16T20:44:49.180+0800][1.553s][info][gc,phases   ] GC(158)   Evacuate Collection Set: 0.01ms
[2025-12-16T20:44:49.180+0800][1.553s][info][gc,phases   ] GC(158)   Post Evacuate Collection Set: 0.02ms
[2025-12-16T20:44:49.180+0800][1.553s][info][gc,phases   ] GC(158)   Other: 0.02ms
[2025-12-16T20:44:49.180+0800][1.553s][info][gc,heap     ] GC(158) Eden regions: 15->0(15)
[2025-12-16T20:44:49.180+0800][1.553s][info][gc,heap     ] GC(158) Survivor regions: 1->1(2)
[2025-12-16T20:44:49.180+0800][1.553s][info][gc,heap     ] GC(158) Old regions: 2->2
[2025-12-16T20:44:49.180+0800][1.553s][info][gc,heap     ] GC(158) Humongous regions: 0->0
[2025-12-16T20:44:49.180+0800][1.553s][info][gc,metaspace] GC(158) Metaspace: 91K(320K)->91K(320K) NonClass: 83K(192K)->83K(192K) Class: 8K(128K)->8K(128K)
[2025-12-16T20:44:49.180+0800][1.553s][info][gc          ] GC(158) Pause Young (Normal) (G1 Evacuation Pause) 31M->1M(56M) 0.109ms
[2025-12-16T20:44:49.180+0800][1.553s][info][gc,cpu      ] GC(158) User=0.00s Sys=0.00s Real=0.00s
[2025-12-16T20:44:49.189+0800][1.562s][info][gc,start    ] GC(159) Pause Young (Normal) (G1 Evacuation Pause)
[2025-12-16T20:44:49.189+0800][1.562s][info][gc,task     ] GC(159) Using 2 workers of 9 for evacuation
[2025-12-16T20:44:49.189+0800][1.562s][info][gc,phases   ] GC(159)   Pre Evacuate Collection Set: 0.01ms
[2025-12-16T20:44:49.189+0800][1.562s][info][gc,phases   ] GC(159)   Merge Heap Roots: 0.01ms
[2025-12-16T20:44:49.189+0800][1.562s][info][gc,phases   ] GC(159)   Evacuate Collection Set: 0.01ms
[2025-12-16T20:44:49.189+0800][1.562s][info][gc,phases   ] GC(159)   Post Evacuate Collection Set: 0.02ms
[2025-12-16T20:44:49.189+0800][1.562s][info][gc,phases   ] GC(159)   Other: 0.02ms
[2025-12-16T20:44:49.189+0800][1.562s][info][gc,heap     ] GC(159) Eden regions: 15->0(15)
[2025-12-16T20:44:49.189+0800][1.562s][info][gc,heap     ] GC(159) Survivor regions: 1->1(2)
[2025-12-16T20:44:49.189+0800][1.562s][info][gc,heap     ] GC(159) Old regions: 2->2
[2025-12-16T20:44:49.189+0800][1.562s][info][gc,heap     ] GC(159) Humongous regions: 0->0
[2025-12-16T20:44:49.189+0800][1.562s][info][gc,metaspace] GC(159) Metaspace: 91K(320K)->91K(320K) NonClass: 83K(192K)->83K(192K) Class: 8K(128K)->8K(128K)
[2025-12-16T20:44:49.189+0800][1.562s][info][gc          ] GC(159) Pause Young (Normal) (G1 Evacuation Pause) 31M->1M(56M) 0.112ms
[2025-12-16T20:44:49.189+0800][1.562s][info][gc,cpu      ] GC(159) User=0.00s Sys=0.00s Real=0.00s
[2025-12-16T20:44:49.199+0800][1.572s][info][gc,start    ] GC(160) Pause Young (Normal) (G1 Evacuation Pause)
[2025-12-16T20:44:49.199+0800][1.572s][info][gc,task     ] GC(160) Using 2 workers of 9 for evacuation
[2025-12-16T20:44:49.199+0800][1.572s][info][gc,phases   ] GC(160)   Pre Evacuate Collection Set: 0.01ms
[2025-12-16T20:44:49.199+0800][1.572s][info][gc,phases   ] GC(160)   Merge Heap Roots: 0.00ms
[2025-12-16T20:44:49.199+0800][1.572s][info][gc,phases   ] GC(160)   Evacuate Collection Set: 0.01ms
[2025-12-16T20:44:49.199+0800][1.572s][info][gc,phases   ] GC(160)   Post Evacuate Collection Set: 0.03ms
[2025-12-16T20:44:49.199+0800][1.572s][info][gc,phases   ] GC(160)   Other: 0.02ms
[2025-12-16T20:44:49.199+0800][1.572s][info][gc,heap     ] GC(160) Eden regions: 15->0(15)
[2025-12-16T20:44:49.199+0800][1.572s][info][gc,heap     ] GC(160) Survivor regions: 1->1(2)
[2025-12-16T20:44:49.199+0800][1.572s][info][gc,heap     ] GC(160) Old regions: 2->2
[2025-12-16T20:44:49.199+0800][1.572s][info][gc,heap     ] GC(160) Humongous regions: 0->0
[2025-12-16T20:44:49.199+0800][1.572s][info][gc,metaspace] GC(160) Metaspace: 91K(320K)->91K(320K) NonClass: 83K(192K)->83K(192K) Class: 8K(128K)->8K(128K)
[2025-12-16T20:44:49.199+0800][1.572s][info][gc          ] GC(160) Pause Young (Normal) (G1 Evacuation Pause) 31M->1M(56M) 0.111ms
[2025-12-16T20:44:49.199+0800][1.572s][info][gc,cpu      ] GC(160) User=0.00s Sys=0.00s Real=0.00s
[2025-12-16T20:44:49.209+0800][1.582s][info][gc,start    ] GC(161) Pause Young (Normal) (G1 Evacuation Pause)
[2025-12-16T20:44:49.209+0800][1.582s][info][gc,task     ] GC(161) Using 2 workers of 9 for evacuation
[2025-12-16T20:44:49.209+0800][1.582s][info][gc,phases   ] GC(161)   Pre Evacuate Collection Set: 0.01ms
[2025-12-16T20:44:49.209+0800][1.582s][info][gc,phases   ] GC(161)   Merge Heap Roots: 0.01ms
[2025-12-16T20:44:49.209+0800][1.582s][info][gc,phases   ] GC(161)   Evacuate Collection Set: 0.02ms
[2025-12-16T20:44:49.209+0800][1.582s][info][gc,phases   ] GC(161)   Post Evacuate Collection Set: 0.03ms
[2025-12-16T20:44:49.209+0800][1.582s][info][gc,phases   ] GC(161)   Other: 0.02ms
[2025-12-16T20:44:49.209+0800][1.582s][info][gc,heap     ] GC(161) Eden regions: 15->0(15)
[2025-12-16T20:44:49.209+0800][1.582s][info][gc,heap     ] GC(161) Survivor regions: 1->1(2)
[2025-12-16T20:44:49.209+0800][1.582s][info][gc,heap     ] GC(161) Old regions: 2->2
[2025-12-16T20:44:49.209+0800][1.582s][info][gc,heap     ] GC(161) Humongous regions: 0->0
[2025-12-16T20:44:49.209+0800][1.582s][info][gc,metaspace] GC(161) Metaspace: 91K(320K)->91K(320K) NonClass: 83K(192K)->83K(192K) Class: 8K(128K)->8K(128K)
[2025-12-16T20:44:49.209+0800][1.582s][info][gc          ] GC(161) Pause Young (Normal) (G1 Evacuation Pause) 31M->1M(56M) 0.141ms
[2025-12-16T20:44:49.209+0800][1.582s][info][gc,cpu      ] GC(161) User=0.00s Sys=0.00s Real=0.00s
[2025-12-16T20:44:49.219+0800][1.592s][info][gc,start    ] GC(162) Pause Young (Normal) (G1 Evacuation Pause)
[2025-12-16T20:44:49.219+0800][1.592s][info][gc,task     ] GC(162) Using 2 workers of 9 for evacuation
[2025-12-16T20:44:49.219+0800][1.592s][info][gc,phases   ] GC(162)   Pre Evacuate Collection Set: 0.01ms
[2025-12-16T20:44:49.219+0800][1.592s][info][gc,phases   ] GC(162)   Merge Heap Roots: 0.01ms
[2025-12-16T20:44:49.219+0800][1.592s][info][gc,phases   ] GC(162)   Evacuate Collection Set: 0.02ms
[2025-12-16T20:44:49.219+0800][1.592s][info][gc,phases   ] GC(162)   Post Evacuate Collection Set: 0.03ms
[2025-12-16T20:44:49.219+0800][1.592s][info][gc,phases   ] GC(162)   Other: 0.02ms
[2025-12-16T20:44:49.219+0800][1.592s][info][gc,heap     ] GC(162) Eden regions: 15->0(15)
[2025-12-16T20:44:49.219+0800][1.592s][info][gc,heap     ] GC(162) Survivor regions: 1->1(2)
[2025-12-16T20:44:49.219+0800][1.592s][info][gc,heap     ] GC(162) Old regions: 2->2
[2025-12-16T20:44:49.219+0800][1.592s][info][gc,heap     ] GC(162) Humongous regions: 0->0
[2025-12-16T20:44:49.219+0800][1.592s][info][gc,metaspace] GC(162) Metaspace: 91K(320K)->91K(320K) NonClass: 83K(192K)->83K(192K) Class: 8K(128K)->8K(128K)
[2025-12-16T20:44:49.219+0800][1.592s][info][gc          ] GC(162) Pause Young (Normal) (G1 Evacuation Pause) 31M->1M(56M) 0.127ms
[2025-12-16T20:44:49.219+0800][1.592s][info][gc,cpu      ] GC(162) User=0.00s Sys=0.00s Real=0.00s
[2025-12-16T20:44:49.228+0800][1.601s][info][gc,start    ] GC(163) Pause Young (Normal) (G1 Evacuation Pause)
[2025-12-16T20:44:49.228+0800][1.601s][info][gc,task     ] GC(163) Using 2 workers of 9 for evacuation
[2025-12-16T20:44:49.228+0800][1.601s][info][gc,phases   ] GC(163)   Pre Evacuate Collection Set: 0.01ms
[2025-12-16T20:44:49.228+0800][1.601s][info][gc,phases   ] GC(163)   Merge Heap Roots: 0.00ms
[2025-12-16T20:44:49.228+0800][1.601s][info][gc,phases   ] GC(163)   Evacuate Collection Set: 0.01ms
[2025-12-16T20:44:49.228+0800][1.601s][info][gc,phases   ] GC(163)   Post Evacuate Collection Set: 0.02ms
[2025-12-16T20:44:49.228+0800][1.601s][info][gc,phases   ] GC(163)   Other: 0.02ms
[2025-12-16T20:44:49.228+0800][1.601s][info][gc,heap     ] GC(163) Eden regions: 15->0(15)
[2025-12-16T20:44:49.228+0800][1.601s][info][gc,heap     ] GC(163) Survivor regions: 1->1(2)
[2025-12-16T20:44:49.228+0800][1.601s][info][gc,heap     ] GC(163) Old regions: 2->2
[2025-12-16T20:44:49.228+0800][1.601s][info][gc,heap     ] GC(163) Humongous regions: 0->0
[2025-12-16T20:44:49.228+0800][1.601s][info][gc,metaspace] GC(163) Metaspace: 91K(320K)->91K(320K) NonClass: 83K(192K)->83K(192K) Class: 8K(128K)->8K(128K)
[2025-12-16T20:44:49.228+0800][1.601s][info][gc          ] GC(163) Pause Young (Normal) (G1 Evacuation Pause) 31M->1M(56M) 0.107ms
[2025-12-16T20:44:49.228+0800][1.601s][info][gc,cpu      ] GC(163) User=0.00s Sys=0.00s Real=0.00s
[2025-12-16T20:44:49.238+0800][1.611s][info][gc,start    ] GC(164) Pause Young (Normal) (G1 Evacuation Pause)
[2025-12-16T20:44:49.238+0800][1.611s][info][gc,task     ] GC(164) Using 2 workers of 9 for evacuation
[2025-12-16T20:44:49.238+0800][1.611s][info][gc,phases   ] GC(164)   Pre Evacuate Collection Set: 0.01ms
[2025-12-16T20:44:49.238+0800][1.611s][info][gc,phases   ] GC(164)   Merge Heap Roots: 0.01ms
[2025-12-16T20:44:49.238+0800][1.611s][info][gc,phases   ] GC(164)   Evacuate Collection Set: 0.01ms
[2025-12-16T20:44:49.238+0800][1.611s][info][gc,phases   ] GC(164)   Post Evacuate Collection Set: 0.03ms
[2025-12-16T20:44:49.238+0800][1.611s][info][gc,phases   ] GC(164)   Other: 0.02ms
[2025-12-16T20:44:49.238+0800][1.611s][info][gc,heap     ] GC(164) Eden regions: 15->0(15)
[2025-12-16T20:44:49.238+0800][1.611s][info][gc,heap     ] GC(164) Survivor regions: 1->1(2)
[2025-12-16T20:44:49.238+0800][1.611s][info][gc,heap     ] GC(164) Old regions: 2->2
[2025-12-16T20:44:49.238+0800][1.611s][info][gc,heap     ] GC(164) Humongous regions: 0->0
[2025-12-16T20:44:49.238+0800][1.611s][info][gc,metaspace] GC(164) Metaspace: 91K(320K)->91K(320K) NonClass: 83K(192K)->83K(192K) Class: 8K(128K)->8K(128K)
[2025-12-16T20:44:49.238+0800][1.611s][info][gc          ] GC(164) Pause Young (Normal) (G1 Evacuation Pause) 31M->1M(56M) 0.122ms
[2025-12-16T20:44:49.238+0800][1.611s][info][gc,cpu      ] GC(164) User=0.00s Sys=0.00s Real=0.00s
[2025-12-16T20:44:49.248+0800][1.621s][info][gc,start    ] GC(165) Pause Young (Normal) (G1 Evacuation Pause)
[2025-12-16T20:44:49.248+0800][1.621s][info][gc,task     ] GC(165) Using 2 workers of 9 for evacuation
[2025-12-16T20:44:49.248+0800][1.621s][info][gc,phases   ] GC(165)   Pre Evacuate Collection Set: 0.02ms
[2025-12-16T20:44:49.248+0800][1.621s][info][gc,phases   ] GC(165)   Merge Heap Roots: 0.01ms
[2025-12-16T20:44:49.248+0800][1.621s][info][gc,phases   ] GC(165)   Evacuate Collection Set: 0.02ms
[2025-12-16T20:44:49.248+0800][1.621s][info][gc,phases   ] GC(165)   Post Evacuate Collection Set: 0.03ms
[2025-12-16T20:44:49.248+0800][1.621s][info][gc,phases   ] GC(165)   Other: 0.03ms
[2025-12-16T20:44:49.248+0800][1.621s][info][gc,heap     ] GC(165) Eden regions: 15->0(15)
[2025-12-16T20:44:49.248+0800][1.621s][info][gc,heap     ] GC(165) Survivor regions: 1->1(2)
[2025-12-16T20:44:49.248+0800][1.621s][info][gc,heap     ] GC(165) Old regions: 2->2
[2025-12-16T20:44:49.248+0800][1.621s][info][gc,heap     ] GC(165) Humongous regions: 0->0
[2025-12-16T20:44:49.248+0800][1.621s][info][gc,metaspace] GC(165) Metaspace: 91K(320K)->91K(320K) NonClass: 83K(192K)->83K(192K) Class: 8K(128K)->8K(128K)
[2025-12-16T20:44:49.248+0800][1.621s][info][gc          ] GC(165) Pause Young (Normal) (G1 Evacuation Pause) 31M->1M(56M) 0.147ms
[2025-12-16T20:44:49.248+0800][1.621s][info][gc,cpu      ] GC(165) User=0.00s Sys=0.00s Real=0.00s
[2025-12-16T20:44:49.258+0800][1.631s][info][gc,start    ] GC(166) Pause Young (Normal) (G1 Evacuation Pause)
[2025-12-16T20:44:49.258+0800][1.631s][info][gc,task     ] GC(166) Using 2 workers of 9 for evacuation
[2025-12-16T20:44:49.258+0800][1.631s][info][gc,phases   ] GC(166)   Pre Evacuate Collection Set: 0.01ms
[2025-12-16T20:44:49.258+0800][1.631s][info][gc,phases   ] GC(166)   Merge Heap Roots: 0.01ms
[2025-12-16T20:44:49.258+0800][1.631s][info][gc,phases   ] GC(166)   Evacuate Collection Set: 0.02ms
[2025-12-16T20:44:49.258+0800][1.631s][info][gc,phases   ] GC(166)   Post Evacuate Collection Set: 0.04ms
[2025-12-16T20:44:49.258+0800][1.631s][info][gc,phases   ] GC(166)   Other: 0.02ms
[2025-12-16T20:44:49.258+0800][1.631s][info][gc,heap     ] GC(166) Eden regions: 15->0(15)
[2025-12-16T20:44:49.258+0800][1.631s][info][gc,heap     ] GC(166) Survivor regions: 1->1(2)
[2025-12-16T20:44:49.258+0800][1.631s][info][gc,heap     ] GC(166) Old regions: 2->2
[2025-12-16T20:44:49.258+0800][1.631s][info][gc,heap     ] GC(166) Humongous regions: 0->0
[2025-12-16T20:44:49.258+0800][1.631s][info][gc,metaspace] GC(166) Metaspace: 91K(320K)->91K(320K) NonClass: 83K(192K)->83K(192K) Class: 8K(128K)->8K(128K)
[2025-12-16T20:44:49.258+0800][1.631s][info][gc          ] GC(166) Pause Young (Normal) (G1 Evacuation Pause) 31M->1M(56M) 0.146ms
[2025-12-16T20:44:49.258+0800][1.631s][info][gc,cpu      ] GC(166) User=0.00s Sys=0.00s Real=0.00s
[2025-12-16T20:44:49.268+0800][1.641s][info][gc,start    ] GC(167) Pause Young (Normal) (G1 Evacuation Pause)
[2025-12-16T20:44:49.268+0800][1.641s][info][gc,task     ] GC(167) Using 2 workers of 9 for evacuation
[2025-12-16T20:44:49.268+0800][1.641s][info][gc,phases   ] GC(167)   Pre Evacuate Collection Set: 0.01ms
[2025-12-16T20:44:49.268+0800][1.641s][info][gc,phases   ] GC(167)   Merge Heap Roots: 0.00ms
[2025-12-16T20:44:49.268+0800][1.641s][info][gc,phases   ] GC(167)   Evacuate Collection Set: 0.01ms
[2025-12-16T20:44:49.268+0800][1.641s][info][gc,phases   ] GC(167)   Post Evacuate Collection Set: 0.03ms
[2025-12-16T20:44:49.268+0800][1.641s][info][gc,phases   ] GC(167)   Other: 0.02ms
[2025-12-16T20:44:49.268+0800][1.641s][info][gc,heap     ] GC(167) Eden regions: 15->0(15)
[2025-12-16T20:44:49.268+0800][1.641s][info][gc,heap     ] GC(167) Survivor regions: 1->1(2)
[2025-12-16T20:44:49.268+0800][1.641s][info][gc,heap     ] GC(167) Old regions: 2->2
[2025-12-16T20:44:49.268+0800][1.641s][info][gc,heap     ] GC(167) Humongous regions: 0->0
[2025-12-16T20:44:49.268+0800][1.641s][info][gc,metaspace] GC(167) Metaspace: 91K(320K)->91K(320K) NonClass: 83K(192K)->83K(192K) Class: 8K(128K)->8K(128K)
[2025-12-16T20:44:49.268+0800][1.641s][info][gc          ] GC(167) Pause Young (Normal) (G1 Evacuation Pause) 31M->1M(56M) 0.121ms
[2025-12-16T20:44:49.268+0800][1.641s][info][gc,cpu      ] GC(167) User=0.00s Sys=0.00s Real=0.00s
[2025-12-16T20:44:49.278+0800][1.650s][info][gc,start    ] GC(168) Pause Young (Normal) (G1 Evacuation Pause)
[2025-12-16T20:44:49.278+0800][1.650s][info][gc,task     ] GC(168) Using 2 workers of 9 for evacuation
[2025-12-16T20:44:49.278+0800][1.651s][info][gc,phases   ] GC(168)   Pre Evacuate Collection Set: 0.01ms
[2025-12-16T20:44:49.278+0800][1.651s][info][gc,phases   ] GC(168)   Merge Heap Roots: 0.00ms
[2025-12-16T20:44:49.278+0800][1.651s][info][gc,phases   ] GC(168)   Evacuate Collection Set: 0.01ms
[2025-12-16T20:44:49.278+0800][1.651s][info][gc,phases   ] GC(168)   Post Evacuate Collection Set: 0.03ms
[2025-12-16T20:44:49.278+0800][1.651s][info][gc,phases   ] GC(168)   Other: 0.02ms
[2025-12-16T20:44:49.278+0800][1.651s][info][gc,heap     ] GC(168) Eden regions: 15->0(15)
[2025-12-16T20:44:49.278+0800][1.651s][info][gc,heap     ] GC(168) Survivor regions: 1->1(2)
[2025-12-16T20:44:49.278+0800][1.651s][info][gc,heap     ] GC(168) Old regions: 2->2
[2025-12-16T20:44:49.278+0800][1.651s][info][gc,heap     ] GC(168) Humongous regions: 0->0
[2025-12-16T20:44:49.278+0800][1.651s][info][gc,metaspace] GC(168) Metaspace: 91K(320K)->91K(320K) NonClass: 83K(192K)->83K(192K) Class: 8K(128K)->8K(128K)
[2025-12-16T20:44:49.278+0800][1.651s][info][gc          ] GC(168) Pause Young (Normal) (G1 Evacuation Pause) 31M->1M(56M) 0.114ms
[2025-12-16T20:44:49.278+0800][1.651s][info][gc,cpu      ] GC(168) User=0.00s Sys=0.00s Real=0.00s
[2025-12-16T20:44:49.287+0800][1.660s][info][gc,start    ] GC(169) Pause Young (Normal) (G1 Evacuation Pause)
[2025-12-16T20:44:49.287+0800][1.660s][info][gc,task     ] GC(169) Using 2 workers of 9 for evacuation
[2025-12-16T20:44:49.287+0800][1.660s][info][gc,phases   ] GC(169)   Pre Evacuate Collection Set: 0.01ms
[2025-12-16T20:44:49.287+0800][1.660s][info][gc,phases   ] GC(169)   Merge Heap Roots: 0.01ms
[2025-12-16T20:44:49.287+0800][1.660s][info][gc,phases   ] GC(169)   Evacuate Collection Set: 0.01ms
[2025-12-16T20:44:49.287+0800][1.660s][info][gc,phases   ] GC(169)   Post Evacuate Collection Set: 0.02ms
[2025-12-16T20:44:49.287+0800][1.660s][info][gc,phases   ] GC(169)   Other: 0.02ms
[2025-12-16T20:44:49.287+0800][1.660s][info][gc,heap     ] GC(169) Eden regions: 15->0(15)
[2025-12-16T20:44:49.287+0800][1.660s][info][gc,heap     ] GC(169) Survivor regions: 1->1(2)
[2025-12-16T20:44:49.287+0800][1.660s][info][gc,heap     ] GC(169) Old regions: 2->2
[2025-12-16T20:44:49.287+0800][1.660s][info][gc,heap     ] GC(169) Humongous regions: 0->0
[2025-12-16T20:44:49.287+0800][1.660s][info][gc,metaspace] GC(169) Metaspace: 91K(320K)->91K(320K) NonClass: 83K(192K)->83K(192K) Class: 8K(128K)->8K(128K)
[2025-12-16T20:44:49.287+0800][1.660s][info][gc          ] GC(169) Pause Young (Normal) (G1 Evacuation Pause) 31M->1M(56M) 0.114ms
[2025-12-16T20:44:49.287+0800][1.660s][info][gc,cpu      ] GC(169) User=0.00s Sys=0.00s Real=0.00s
[2025-12-16T20:44:49.297+0800][1.670s][info][gc,start    ] GC(170) Pause Young (Normal) (G1 Evacuation Pause)
[2025-12-16T20:44:49.297+0800][1.670s][info][gc,task     ] GC(170) Using 2 workers of 9 for evacuation
[2025-12-16T20:44:49.297+0800][1.670s][info][gc,phases   ] GC(170)   Pre Evacuate Collection Set: 0.01ms
[2025-12-16T20:44:49.297+0800][1.670s][info][gc,phases   ] GC(170)   Merge Heap Roots: 0.00ms
[2025-12-16T20:44:49.297+0800][1.670s][info][gc,phases   ] GC(170)   Evacuate Collection Set: 0.01ms
[2025-12-16T20:44:49.297+0800][1.670s][info][gc,phases   ] GC(170)   Post Evacuate Collection Set: 0.03ms
[2025-12-16T20:44:49.297+0800][1.670s][info][gc,phases   ] GC(170)   Other: 0.02ms
[2025-12-16T20:44:49.297+0800][1.670s][info][gc,heap     ] GC(170) Eden regions: 15->0(15)
[2025-12-16T20:44:49.297+0800][1.670s][info][gc,heap     ] GC(170) Survivor regions: 1->1(2)
[2025-12-16T20:44:49.297+0800][1.670s][info][gc,heap     ] GC(170) Old regions: 2->2
[2025-12-16T20:44:49.297+0800][1.670s][info][gc,heap     ] GC(170) Humongous regions: 0->0
[2025-12-16T20:44:49.297+0800][1.670s][info][gc,metaspace] GC(170) Metaspace: 91K(320K)->91K(320K) NonClass: 83K(192K)->83K(192K) Class: 8K(128K)->8K(128K)
[2025-12-16T20:44:49.297+0800][1.670s][info][gc          ] GC(170) Pause Young (Normal) (G1 Evacuation Pause) 31M->1M(56M) 0.108ms
[2025-12-16T20:44:49.297+0800][1.670s][info][gc,cpu      ] GC(170) User=0.00s Sys=0.00s Real=0.00s
[2025-12-16T20:44:49.307+0800][1.679s][info][gc,start    ] GC(171) Pause Young (Normal) (G1 Evacuation Pause)
[2025-12-16T20:44:49.307+0800][1.679s][info][gc,task     ] GC(171) Using 2 workers of 9 for evacuation
[2025-12-16T20:44:49.307+0800][1.680s][info][gc,phases   ] GC(171)   Pre Evacuate Collection Set: 0.01ms
[2025-12-16T20:44:49.307+0800][1.680s][info][gc,phases   ] GC(171)   Merge Heap Roots: 0.00ms
[2025-12-16T20:44:49.307+0800][1.680s][info][gc,phases   ] GC(171)   Evacuate Collection Set: 0.01ms
[2025-12-16T20:44:49.307+0800][1.680s][info][gc,phases   ] GC(171)   Post Evacuate Collection Set: 0.02ms
[2025-12-16T20:44:49.307+0800][1.680s][info][gc,phases   ] GC(171)   Other: 0.02ms
[2025-12-16T20:44:49.307+0800][1.680s][info][gc,heap     ] GC(171) Eden regions: 15->0(15)
[2025-12-16T20:44:49.307+0800][1.680s][info][gc,heap     ] GC(171) Survivor regions: 1->1(2)
[2025-12-16T20:44:49.307+0800][1.680s][info][gc,heap     ] GC(171) Old regions: 2->2
[2025-12-16T20:44:49.307+0800][1.680s][info][gc,heap     ] GC(171) Humongous regions: 0->0
[2025-12-16T20:44:49.307+0800][1.680s][info][gc,metaspace] GC(171) Metaspace: 91K(320K)->91K(320K) NonClass: 83K(192K)->83K(192K) Class: 8K(128K)->8K(128K)
[2025-12-16T20:44:49.307+0800][1.680s][info][gc          ] GC(171) Pause Young (Normal) (G1 Evacuation Pause) 31M->1M(56M) 0.115ms
[2025-12-16T20:44:49.307+0800][1.680s][info][gc,cpu      ] GC(171) User=0.00s Sys=0.00s Real=0.00s
[2025-12-16T20:44:49.316+0800][1.689s][info][gc,start    ] GC(172) Pause Young (Normal) (G1 Evacuation Pause)
[2025-12-16T20:44:49.316+0800][1.689s][info][gc,task     ] GC(172) Using 2 workers of 9 for evacuation
[2025-12-16T20:44:49.316+0800][1.689s][info][gc,phases   ] GC(172)   Pre Evacuate Collection Set: 0.01ms
[2025-12-16T20:44:49.316+0800][1.689s][info][gc,phases   ] GC(172)   Merge Heap Roots: 0.01ms
[2025-12-16T20:44:49.316+0800][1.689s][info][gc,phases   ] GC(172)   Evacuate Collection Set: 0.01ms
[2025-12-16T20:44:49.316+0800][1.689s][info][gc,phases   ] GC(172)   Post Evacuate Collection Set: 0.02ms
[2025-12-16T20:44:49.316+0800][1.689s][info][gc,phases   ] GC(172)   Other: 0.02ms
[2025-12-16T20:44:49.316+0800][1.689s][info][gc,heap     ] GC(172) Eden regions: 15->0(15)
[2025-12-16T20:44:49.316+0800][1.689s][info][gc,heap     ] GC(172) Survivor regions: 1->1(2)
[2025-12-16T20:44:49.316+0800][1.689s][info][gc,heap     ] GC(172) Old regions: 2->2
[2025-12-16T20:44:49.316+0800][1.689s][info][gc,heap     ] GC(172) Humongous regions: 0->0
[2025-12-16T20:44:49.316+0800][1.689s][info][gc,metaspace] GC(172) Metaspace: 91K(320K)->91K(320K) NonClass: 83K(192K)->83K(192K) Class: 8K(128K)->8K(128K)
[2025-12-16T20:44:49.316+0800][1.689s][info][gc          ] GC(172) Pause Young (Normal) (G1 Evacuation Pause) 31M->1M(56M) 0.110ms
[2025-12-16T20:44:49.316+0800][1.689s][info][gc,cpu      ] GC(172) User=0.00s Sys=0.00s Real=0.00s
[2025-12-16T20:44:49.326+0800][1.699s][info][gc,start    ] GC(173) Pause Young (Normal) (G1 Evacuation Pause)
[2025-12-16T20:44:49.326+0800][1.699s][info][gc,task     ] GC(173) Using 2 workers of 9 for evacuation
[2025-12-16T20:44:49.326+0800][1.699s][info][gc,phases   ] GC(173)   Pre Evacuate Collection Set: 0.01ms
[2025-12-16T20:44:49.326+0800][1.699s][info][gc,phases   ] GC(173)   Merge Heap Roots: 0.00ms
[2025-12-16T20:44:49.326+0800][1.699s][info][gc,phases   ] GC(173)   Evacuate Collection Set: 0.01ms
[2025-12-16T20:44:49.326+0800][1.699s][info][gc,phases   ] GC(173)   Post Evacuate Collection Set: 0.02ms
[2025-12-16T20:44:49.326+0800][1.699s][info][gc,phases   ] GC(173)   Other: 0.02ms
[2025-12-16T20:44:49.326+0800][1.699s][info][gc,heap     ] GC(173) Eden regions: 15->0(15)
[2025-12-16T20:44:49.326+0800][1.699s][info][gc,heap     ] GC(173) Survivor regions: 1->1(2)
[2025-12-16T20:44:49.326+0800][1.699s][info][gc,heap     ] GC(173) Old regions: 2->2
[2025-12-16T20:44:49.326+0800][1.699s][info][gc,heap     ] GC(173) Humongous regions: 0->0
[2025-12-16T20:44:49.326+0800][1.699s][info][gc,metaspace] GC(173) Metaspace: 91K(320K)->91K(320K) NonClass: 83K(192K)->83K(192K) Class: 8K(128K)->8K(128K)
[2025-12-16T20:44:49.326+0800][1.699s][info][gc          ] GC(173) Pause Young (Normal) (G1 Evacuation Pause) 31M->1M(56M) 0.105ms
[2025-12-16T20:44:49.326+0800][1.699s][info][gc,cpu      ] GC(173) User=0.00s Sys=0.00s Real=0.00s
[2025-12-16T20:44:49.336+0800][1.709s][info][gc,start    ] GC(174) Pause Young (Normal) (G1 Evacuation Pause)
[2025-12-16T20:44:49.336+0800][1.709s][info][gc,task     ] GC(174) Using 2 workers of 9 for evacuation
[2025-12-16T20:44:49.336+0800][1.709s][info][gc,phases   ] GC(174)   Pre Evacuate Collection Set: 0.01ms
[2025-12-16T20:44:49.336+0800][1.709s][info][gc,phases   ] GC(174)   Merge Heap Roots: 0.00ms
[2025-12-16T20:44:49.336+0800][1.709s][info][gc,phases   ] GC(174)   Evacuate Collection Set: 0.01ms
[2025-12-16T20:44:49.336+0800][1.709s][info][gc,phases   ] GC(174)   Post Evacuate Collection Set: 0.02ms
[2025-12-16T20:44:49.336+0800][1.709s][info][gc,phases   ] GC(174)   Other: 0.02ms
[2025-12-16T20:44:49.336+0800][1.709s][info][gc,heap     ] GC(174) Eden regions: 15->0(15)
[2025-12-16T20:44:49.336+0800][1.709s][info][gc,heap     ] GC(174) Survivor regions: 1->1(2)
[2025-12-16T20:44:49.336+0800][1.709s][info][gc,heap     ] GC(174) Old regions: 2->2
[2025-12-16T20:44:49.336+0800][1.709s][info][gc,heap     ] GC(174) Humongous regions: 0->0
[2025-12-16T20:44:49.336+0800][1.709s][info][gc,metaspace] GC(174) Metaspace: 91K(320K)->91K(320K) NonClass: 83K(192K)->83K(192K) Class: 8K(128K)->8K(128K)
[2025-12-16T20:44:49.336+0800][1.709s][info][gc          ] GC(174) Pause Young (Normal) (G1 Evacuation Pause) 31M->1M(56M) 0.106ms
[2025-12-16T20:44:49.336+0800][1.709s][info][gc,cpu      ] GC(174) User=0.00s Sys=0.00s Real=0.00s
[2025-12-16T20:44:49.345+0800][1.718s][info][gc,start    ] GC(175) Pause Young (Normal) (G1 Evacuation Pause)
[2025-12-16T20:44:49.345+0800][1.718s][info][gc,task     ] GC(175) Using 2 workers of 9 for evacuation
[2025-12-16T20:44:49.345+0800][1.718s][info][gc,phases   ] GC(175)   Pre Evacuate Collection Set: 0.01ms
[2025-12-16T20:44:49.345+0800][1.718s][info][gc,phases   ] GC(175)   Merge Heap Roots: 0.01ms
[2025-12-16T20:44:49.345+0800][1.718s][info][gc,phases   ] GC(175)   Evacuate Collection Set: 0.01ms
[2025-12-16T20:44:49.345+0800][1.718s][info][gc,phases   ] GC(175)   Post Evacuate Collection Set: 0.02ms
[2025-12-16T20:44:49.345+0800][1.718s][info][gc,phases   ] GC(175)   Other: 0.02ms
[2025-12-16T20:44:49.345+0800][1.718s][info][gc,heap     ] GC(175) Eden regions: 15->0(15)
[2025-12-16T20:44:49.345+0800][1.718s][info][gc,heap     ] GC(175) Survivor regions: 1->1(2)
[2025-12-16T20:44:49.345+0800][1.718s][info][gc,heap     ] GC(175) Old regions: 2->2
[2025-12-16T20:44:49.345+0800][1.718s][info][gc,heap     ] GC(175) Humongous regions: 0->0
[2025-12-16T20:44:49.345+0800][1.718s][info][gc,metaspace] GC(175) Metaspace: 91K(320K)->91K(320K) NonClass: 83K(192K)->83K(192K) Class: 8K(128K)->8K(128K)
[2025-12-16T20:44:49.345+0800][1.718s][info][gc          ] GC(175) Pause Young (Normal) (G1 Evacuation Pause) 31M->1M(56M) 0.109ms
[2025-12-16T20:44:49.345+0800][1.718s][info][gc,cpu      ] GC(175) User=0.00s Sys=0.00s Real=0.00s
[2025-12-16T20:44:49.355+0800][1.728s][info][gc,start    ] GC(176) Pause Young (Normal) (G1 Evacuation Pause)
[2025-12-16T20:44:49.355+0800][1.728s][info][gc,task     ] GC(176) Using 2 workers of 9 for evacuation
[2025-12-16T20:44:49.355+0800][1.728s][info][gc,phases   ] GC(176)   Pre Evacuate Collection Set: 0.01ms
[2025-12-16T20:44:49.355+0800][1.728s][info][gc,phases   ] GC(176)   Merge Heap Roots: 0.00ms
[2025-12-16T20:44:49.355+0800][1.728s][info][gc,phases   ] GC(176)   Evacuate Collection Set: 0.01ms
[2025-12-16T20:44:49.355+0800][1.728s][info][gc,phases   ] GC(176)   Post Evacuate Collection Set: 0.02ms
[2025-12-16T20:44:49.355+0800][1.728s][info][gc,phases   ] GC(176)   Other: 0.02ms
[2025-12-16T20:44:49.355+0800][1.728s][info][gc,heap     ] GC(176) Eden regions: 15->0(15)
[2025-12-16T20:44:49.355+0800][1.728s][info][gc,heap     ] GC(176) Survivor regions: 1->1(2)
[2025-12-16T20:44:49.355+0800][1.728s][info][gc,heap     ] GC(176) Old regions: 2->2
[2025-12-16T20:44:49.355+0800][1.728s][info][gc,heap     ] GC(176) Humongous regions: 0->0
[2025-12-16T20:44:49.355+0800][1.728s][info][gc,metaspace] GC(176) Metaspace: 91K(320K)->91K(320K) NonClass: 83K(192K)->83K(192K) Class: 8K(128K)->8K(128K)
[2025-12-16T20:44:49.355+0800][1.728s][info][gc          ] GC(176) Pause Young (Normal) (G1 Evacuation Pause) 31M->1M(56M) 0.108ms
[2025-12-16T20:44:49.355+0800][1.728s][info][gc,cpu      ] GC(176) User=0.00s Sys=0.00s Real=0.00s
[2025-12-16T20:44:49.365+0800][1.738s][info][gc,start    ] GC(177) Pause Young (Normal) (G1 Evacuation Pause)
[2025-12-16T20:44:49.365+0800][1.738s][info][gc,task     ] GC(177) Using 2 workers of 9 for evacuation
[2025-12-16T20:44:49.365+0800][1.738s][info][gc,phases   ] GC(177)   Pre Evacuate Collection Set: 0.01ms
[2025-12-16T20:44:49.365+0800][1.738s][info][gc,phases   ] GC(177)   Merge Heap Roots: 0.01ms
[2025-12-16T20:44:49.365+0800][1.738s][info][gc,phases   ] GC(177)   Evacuate Collection Set: 0.01ms
[2025-12-16T20:44:49.365+0800][1.738s][info][gc,phases   ] GC(177)   Post Evacuate Collection Set: 0.02ms
[2025-12-16T20:44:49.365+0800][1.738s][info][gc,phases   ] GC(177)   Other: 0.02ms
[2025-12-16T20:44:49.365+0800][1.738s][info][gc,heap     ] GC(177) Eden regions: 15->0(15)
[2025-12-16T20:44:49.365+0800][1.738s][info][gc,heap     ] GC(177) Survivor regions: 1->1(2)
[2025-12-16T20:44:49.365+0800][1.738s][info][gc,heap     ] GC(177) Old regions: 2->2
[2025-12-16T20:44:49.365+0800][1.738s][info][gc,heap     ] GC(177) Humongous regions: 0->0
[2025-12-16T20:44:49.365+0800][1.738s][info][gc,metaspace] GC(177) Metaspace: 91K(320K)->91K(320K) NonClass: 83K(192K)->83K(192K) Class: 8K(128K)->8K(128K)
[2025-12-16T20:44:49.365+0800][1.738s][info][gc          ] GC(177) Pause Young (Normal) (G1 Evacuation Pause) 31M->1M(56M) 0.106ms
[2025-12-16T20:44:49.365+0800][1.738s][info][gc,cpu      ] GC(177) User=0.00s Sys=0.00s Real=0.00s
[2025-12-16T20:44:49.374+0800][1.747s][info][gc,start    ] GC(178) Pause Young (Normal) (G1 Evacuation Pause)
[2025-12-16T20:44:49.374+0800][1.747s][info][gc,task     ] GC(178) Using 2 workers of 9 for evacuation
[2025-12-16T20:44:49.374+0800][1.747s][info][gc,phases   ] GC(178)   Pre Evacuate Collection Set: 0.01ms
[2025-12-16T20:44:49.374+0800][1.747s][info][gc,phases   ] GC(178)   Merge Heap Roots: 0.00ms
[2025-12-16T20:44:49.374+0800][1.747s][info][gc,phases   ] GC(178)   Evacuate Collection Set: 0.02ms
[2025-12-16T20:44:49.374+0800][1.747s][info][gc,phases   ] GC(178)   Post Evacuate Collection Set: 0.02ms
[2025-12-16T20:44:49.374+0800][1.747s][info][gc,phases   ] GC(178)   Other: 0.02ms
[2025-12-16T20:44:49.374+0800][1.747s][info][gc,heap     ] GC(178) Eden regions: 15->0(15)
[2025-12-16T20:44:49.374+0800][1.747s][info][gc,heap     ] GC(178) Survivor regions: 1->1(2)
[2025-12-16T20:44:49.374+0800][1.747s][info][gc,heap     ] GC(178) Old regions: 2->2
[2025-12-16T20:44:49.374+0800][1.747s][info][gc,heap     ] GC(178) Humongous regions: 0->0
[2025-12-16T20:44:49.374+0800][1.747s][info][gc,metaspace] GC(178) Metaspace: 91K(320K)->91K(320K) NonClass: 83K(192K)->83K(192K) Class: 8K(128K)->8K(128K)
[2025-12-16T20:44:49.374+0800][1.747s][info][gc          ] GC(178) Pause Young (Normal) (G1 Evacuation Pause) 31M->1M(56M) 0.110ms
[2025-12-16T20:44:49.374+0800][1.747s][info][gc,cpu      ] GC(178) User=0.00s Sys=0.00s Real=0.00s
[2025-12-16T20:44:49.384+0800][1.757s][info][gc,start    ] GC(179) Pause Young (Normal) (G1 Evacuation Pause)
[2025-12-16T20:44:49.384+0800][1.757s][info][gc,task     ] GC(179) Using 2 workers of 9 for evacuation
[2025-12-16T20:44:49.384+0800][1.757s][info][gc,phases   ] GC(179)   Pre Evacuate Collection Set: 0.01ms
[2025-12-16T20:44:49.384+0800][1.757s][info][gc,phases   ] GC(179)   Merge Heap Roots: 0.00ms
[2025-12-16T20:44:49.384+0800][1.757s][info][gc,phases   ] GC(179)   Evacuate Collection Set: 0.01ms
[2025-12-16T20:44:49.384+0800][1.757s][info][gc,phases   ] GC(179)   Post Evacuate Collection Set: 0.02ms
[2025-12-16T20:44:49.384+0800][1.757s][info][gc,phases   ] GC(179)   Other: 0.02ms
[2025-12-16T20:44:49.384+0800][1.757s][info][gc,heap     ] GC(179) Eden regions: 15->0(15)
[2025-12-16T20:44:49.384+0800][1.757s][info][gc,heap     ] GC(179) Survivor regions: 1->1(2)
[2025-12-16T20:44:49.384+0800][1.757s][info][gc,heap     ] GC(179) Old regions: 2->2
[2025-12-16T20:44:49.384+0800][1.757s][info][gc,heap     ] GC(179) Humongous regions: 0->0
[2025-12-16T20:44:49.384+0800][1.757s][info][gc,metaspace] GC(179) Metaspace: 91K(320K)->91K(320K) NonClass: 83K(192K)->83K(192K) Class: 8K(128K)->8K(128K)
[2025-12-16T20:44:49.384+0800][1.757s][info][gc          ] GC(179) Pause Young (Normal) (G1 Evacuation Pause) 31M->1M(56M) 0.104ms
[2025-12-16T20:44:49.384+0800][1.757s][info][gc,cpu      ] GC(179) User=0.00s Sys=0.00s Real=0.00s
[2025-12-16T20:44:49.394+0800][1.767s][info][gc,start    ] GC(180) Pause Young (Normal) (G1 Evacuation Pause)
[2025-12-16T20:44:49.394+0800][1.767s][info][gc,task     ] GC(180) Using 2 workers of 9 for evacuation
[2025-12-16T20:44:49.394+0800][1.767s][info][gc,phases   ] GC(180)   Pre Evacuate Collection Set: 0.01ms
[2025-12-16T20:44:49.394+0800][1.767s][info][gc,phases   ] GC(180)   Merge Heap Roots: 0.01ms
[2025-12-16T20:44:49.394+0800][1.767s][info][gc,phases   ] GC(180)   Evacuate Collection Set: 0.01ms
[2025-12-16T20:44:49.394+0800][1.767s][info][gc,phases   ] GC(180)   Post Evacuate Collection Set: 0.02ms
[2025-12-16T20:44:49.394+0800][1.767s][info][gc,phases   ] GC(180)   Other: 0.02ms
[2025-12-16T20:44:49.394+0800][1.767s][info][gc,heap     ] GC(180) Eden regions: 15->0(15)
[2025-12-16T20:44:49.394+0800][1.767s][info][gc,heap     ] GC(180) Survivor regions: 1->1(2)
[2025-12-16T20:44:49.394+0800][1.767s][info][gc,heap     ] GC(180) Old regions: 2->2
[2025-12-16T20:44:49.394+0800][1.767s][info][gc,heap     ] GC(180) Humongous regions: 0->0
[2025-12-16T20:44:49.394+0800][1.767s][info][gc,metaspace] GC(180) Metaspace: 91K(320K)->91K(320K) NonClass: 83K(192K)->83K(192K) Class: 8K(128K)->8K(128K)
[2025-12-16T20:44:49.394+0800][1.767s][info][gc          ] GC(180) Pause Young (Normal) (G1 Evacuation Pause) 31M->1M(56M) 0.111ms
[2025-12-16T20:44:49.394+0800][1.767s][info][gc,cpu      ] GC(180) User=0.00s Sys=0.00s Real=0.00s
[2025-12-16T20:44:49.403+0800][1.776s][info][gc,start    ] GC(181) Pause Young (Normal) (G1 Evacuation Pause)
[2025-12-16T20:44:49.403+0800][1.776s][info][gc,task     ] GC(181) Using 2 workers of 9 for evacuation
[2025-12-16T20:44:49.403+0800][1.776s][info][gc,phases   ] GC(181)   Pre Evacuate Collection Set: 0.01ms
[2025-12-16T20:44:49.403+0800][1.776s][info][gc,phases   ] GC(181)   Merge Heap Roots: 0.01ms
[2025-12-16T20:44:49.403+0800][1.776s][info][gc,phases   ] GC(181)   Evacuate Collection Set: 0.01ms
[2025-12-16T20:44:49.403+0800][1.776s][info][gc,phases   ] GC(181)   Post Evacuate Collection Set: 0.02ms
[2025-12-16T20:44:49.403+0800][1.776s][info][gc,phases   ] GC(181)   Other: 0.02ms
[2025-12-16T20:44:49.403+0800][1.776s][info][gc,heap     ] GC(181) Eden regions: 15->0(15)
[2025-12-16T20:44:49.403+0800][1.776s][info][gc,heap     ] GC(181) Survivor regions: 1->1(2)
[2025-12-16T20:44:49.403+0800][1.776s][info][gc,heap     ] GC(181) Old regions: 2->2
[2025-12-16T20:44:49.403+0800][1.776s][info][gc,heap     ] GC(181) Humongous regions: 0->0
[2025-12-16T20:44:49.403+0800][1.776s][info][gc,metaspace] GC(181) Metaspace: 91K(320K)->91K(320K) NonClass: 83K(192K)->83K(192K) Class: 8K(128K)->8K(128K)
[2025-12-16T20:44:49.403+0800][1.776s][info][gc          ] GC(181) Pause Young (Normal) (G1 Evacuation Pause) 31M->1M(56M) 0.108ms
[2025-12-16T20:44:49.403+0800][1.776s][info][gc,cpu      ] GC(181) User=0.00s Sys=0.00s Real=0.00s
[2025-12-16T20:44:49.413+0800][1.786s][info][gc,start    ] GC(182) Pause Young (Normal) (G1 Evacuation Pause)
[2025-12-16T20:44:49.413+0800][1.786s][info][gc,task     ] GC(182) Using 2 workers of 9 for evacuation
[2025-12-16T20:44:49.413+0800][1.786s][info][gc,phases   ] GC(182)   Pre Evacuate Collection Set: 0.01ms
[2025-12-16T20:44:49.413+0800][1.786s][info][gc,phases   ] GC(182)   Merge Heap Roots: 0.01ms
[2025-12-16T20:44:49.413+0800][1.786s][info][gc,phases   ] GC(182)   Evacuate Collection Set: 0.01ms
[2025-12-16T20:44:49.413+0800][1.786s][info][gc,phases   ] GC(182)   Post Evacuate Collection Set: 0.02ms
[2025-12-16T20:44:49.413+0800][1.786s][info][gc,phases   ] GC(182)   Other: 0.02ms
[2025-12-16T20:44:49.413+0800][1.786s][info][gc,heap     ] GC(182) Eden regions: 15->0(15)
[2025-12-16T20:44:49.413+0800][1.786s][info][gc,heap     ] GC(182) Survivor regions: 1->1(2)
[2025-12-16T20:44:49.413+0800][1.786s][info][gc,heap     ] GC(182) Old regions: 2->2
[2025-12-16T20:44:49.413+0800][1.786s][info][gc,heap     ] GC(182) Humongous regions: 0->0
[2025-12-16T20:44:49.413+0800][1.786s][info][gc,metaspace] GC(182) Metaspace: 91K(320K)->91K(320K) NonClass: 83K(192K)->83K(192K) Class: 8K(128K)->8K(128K)
[2025-12-16T20:44:49.413+0800][1.786s][info][gc          ] GC(182) Pause Young (Normal) (G1 Evacuation Pause) 31M->1M(56M) 0.107ms
[2025-12-16T20:44:49.413+0800][1.786s][info][gc,cpu      ] GC(182) User=0.00s Sys=0.00s Real=0.00s
[2025-12-16T20:44:49.423+0800][1.796s][info][gc,start    ] GC(183) Pause Young (Normal) (G1 Evacuation Pause)
[2025-12-16T20:44:49.423+0800][1.796s][info][gc,task     ] GC(183) Using 2 workers of 9 for evacuation
[2025-12-16T20:44:49.423+0800][1.796s][info][gc,phases   ] GC(183)   Pre Evacuate Collection Set: 0.01ms
[2025-12-16T20:44:49.423+0800][1.796s][info][gc,phases   ] GC(183)   Merge Heap Roots: 0.00ms
[2025-12-16T20:44:49.423+0800][1.796s][info][gc,phases   ] GC(183)   Evacuate Collection Set: 0.01ms
[2025-12-16T20:44:49.423+0800][1.796s][info][gc,phases   ] GC(183)   Post Evacuate Collection Set: 0.02ms
[2025-12-16T20:44:49.423+0800][1.796s][info][gc,phases   ] GC(183)   Other: 0.02ms
[2025-12-16T20:44:49.423+0800][1.796s][info][gc,heap     ] GC(183) Eden regions: 15->0(15)
[2025-12-16T20:44:49.423+0800][1.796s][info][gc,heap     ] GC(183) Survivor regions: 1->1(2)
[2025-12-16T20:44:49.423+0800][1.796s][info][gc,heap     ] GC(183) Old regions: 2->2
[2025-12-16T20:44:49.423+0800][1.796s][info][gc,heap     ] GC(183) Humongous regions: 0->0
[2025-12-16T20:44:49.423+0800][1.796s][info][gc,metaspace] GC(183) Metaspace: 91K(320K)->91K(320K) NonClass: 83K(192K)->83K(192K) Class: 8K(128K)->8K(128K)
[2025-12-16T20:44:49.423+0800][1.796s][info][gc          ] GC(183) Pause Young (Normal) (G1 Evacuation Pause) 31M->1M(56M) 0.108ms
[2025-12-16T20:44:49.423+0800][1.796s][info][gc,cpu      ] GC(183) User=0.00s Sys=0.00s Real=0.00s
[2025-12-16T20:44:49.432+0800][1.805s][info][gc,start    ] GC(184) Pause Young (Normal) (G1 Evacuation Pause)
[2025-12-16T20:44:49.432+0800][1.805s][info][gc,task     ] GC(184) Using 2 workers of 9 for evacuation
[2025-12-16T20:44:49.432+0800][1.805s][info][gc,phases   ] GC(184)   Pre Evacuate Collection Set: 0.01ms
[2025-12-16T20:44:49.432+0800][1.805s][info][gc,phases   ] GC(184)   Merge Heap Roots: 0.00ms
[2025-12-16T20:44:49.432+0800][1.805s][info][gc,phases   ] GC(184)   Evacuate Collection Set: 0.01ms
[2025-12-16T20:44:49.432+0800][1.805s][info][gc,phases   ] GC(184)   Post Evacuate Collection Set: 0.02ms
[2025-12-16T20:44:49.432+0800][1.805s][info][gc,phases   ] GC(184)   Other: 0.02ms
[2025-12-16T20:44:49.432+0800][1.805s][info][gc,heap     ] GC(184) Eden regions: 15->0(15)
[2025-12-16T20:44:49.432+0800][1.805s][info][gc,heap     ] GC(184) Survivor regions: 1->1(2)
[2025-12-16T20:44:49.432+0800][1.805s][info][gc,heap     ] GC(184) Old regions: 2->2
[2025-12-16T20:44:49.432+0800][1.805s][info][gc,heap     ] GC(184) Humongous regions: 0->0
[2025-12-16T20:44:49.432+0800][1.805s][info][gc,metaspace] GC(184) Metaspace: 91K(320K)->91K(320K) NonClass: 83K(192K)->83K(192K) Class: 8K(128K)->8K(128K)
[2025-12-16T20:44:49.432+0800][1.805s][info][gc          ] GC(184) Pause Young (Normal) (G1 Evacuation Pause) 31M->1M(56M) 0.107ms
[2025-12-16T20:44:49.432+0800][1.805s][info][gc,cpu      ] GC(184) User=0.00s Sys=0.00s Real=0.00s
[2025-12-16T20:44:49.442+0800][1.815s][info][gc,start    ] GC(185) Pause Young (Normal) (G1 Evacuation Pause)
[2025-12-16T20:44:49.442+0800][1.815s][info][gc,task     ] GC(185) Using 2 workers of 9 for evacuation
[2025-12-16T20:44:49.442+0800][1.815s][info][gc,phases   ] GC(185)   Pre Evacuate Collection Set: 0.01ms
[2025-12-16T20:44:49.442+0800][1.815s][info][gc,phases   ] GC(185)   Merge Heap Roots: 0.00ms
[2025-12-16T20:44:49.442+0800][1.815s][info][gc,phases   ] GC(185)   Evacuate Collection Set: 0.02ms
[2025-12-16T20:44:49.442+0800][1.815s][info][gc,phases   ] GC(185)   Post Evacuate Collection Set: 0.02ms
[2025-12-16T20:44:49.442+0800][1.815s][info][gc,phases   ] GC(185)   Other: 0.02ms
[2025-12-16T20:44:49.442+0800][1.815s][info][gc,heap     ] GC(185) Eden regions: 15->0(15)
[2025-12-16T20:44:49.442+0800][1.815s][info][gc,heap     ] GC(185) Survivor regions: 1->1(2)
[2025-12-16T20:44:49.442+0800][1.815s][info][gc,heap     ] GC(185) Old regions: 2->2
[2025-12-16T20:44:49.442+0800][1.815s][info][gc,heap     ] GC(185) Humongous regions: 0->0
[2025-12-16T20:44:49.442+0800][1.815s][info][gc,metaspace] GC(185) Metaspace: 91K(320K)->91K(320K) NonClass: 83K(192K)->83K(192K) Class: 8K(128K)->8K(128K)
[2025-12-16T20:44:49.442+0800][1.815s][info][gc          ] GC(185) Pause Young (Normal) (G1 Evacuation Pause) 31M->1M(56M) 0.113ms
[2025-12-16T20:44:49.442+0800][1.815s][info][gc,cpu      ] GC(185) User=0.00s Sys=0.00s Real=0.00s
[2025-12-16T20:44:49.452+0800][1.825s][info][gc,start    ] GC(186) Pause Young (Normal) (G1 Evacuation Pause)
[2025-12-16T20:44:49.452+0800][1.825s][info][gc,task     ] GC(186) Using 2 workers of 9 for evacuation
[2025-12-16T20:44:49.452+0800][1.825s][info][gc,phases   ] GC(186)   Pre Evacuate Collection Set: 0.01ms
[2025-12-16T20:44:49.452+0800][1.825s][info][gc,phases   ] GC(186)   Merge Heap Roots: 0.01ms
[2025-12-16T20:44:49.452+0800][1.825s][info][gc,phases   ] GC(186)   Evacuate Collection Set: 0.01ms
[2025-12-16T20:44:49.452+0800][1.825s][info][gc,phases   ] GC(186)   Post Evacuate Collection Set: 0.02ms
[2025-12-16T20:44:49.452+0800][1.825s][info][gc,phases   ] GC(186)   Other: 0.02ms
[2025-12-16T20:44:49.452+0800][1.825s][info][gc,heap     ] GC(186) Eden regions: 15->0(15)
[2025-12-16T20:44:49.452+0800][1.825s][info][gc,heap     ] GC(186) Survivor regions: 1->1(2)
[2025-12-16T20:44:49.452+0800][1.825s][info][gc,heap     ] GC(186) Old regions: 2->2
[2025-12-16T20:44:49.452+0800][1.825s][info][gc,heap     ] GC(186) Humongous regions: 0->0
[2025-12-16T20:44:49.452+0800][1.825s][info][gc,metaspace] GC(186) Metaspace: 91K(320K)->91K(320K) NonClass: 83K(192K)->83K(192K) Class: 8K(128K)->8K(128K)
[2025-12-16T20:44:49.452+0800][1.825s][info][gc          ] GC(186) Pause Young (Normal) (G1 Evacuation Pause) 31M->1M(56M) 0.111ms
[2025-12-16T20:44:49.452+0800][1.825s][info][gc,cpu      ] GC(186) User=0.00s Sys=0.00s Real=0.00s
[2025-12-16T20:44:49.461+0800][1.834s][info][gc,start    ] GC(187) Pause Young (Normal) (G1 Evacuation Pause)
[2025-12-16T20:44:49.461+0800][1.834s][info][gc,task     ] GC(187) Using 2 workers of 9 for evacuation
[2025-12-16T20:44:49.461+0800][1.834s][info][gc,phases   ] GC(187)   Pre Evacuate Collection Set: 0.01ms
[2025-12-16T20:44:49.461+0800][1.834s][info][gc,phases   ] GC(187)   Merge Heap Roots: 0.01ms
[2025-12-16T20:44:49.461+0800][1.834s][info][gc,phases   ] GC(187)   Evacuate Collection Set: 0.01ms
[2025-12-16T20:44:49.461+0800][1.834s][info][gc,phases   ] GC(187)   Post Evacuate Collection Set: 0.02ms
[2025-12-16T20:44:49.462+0800][1.834s][info][gc,phases   ] GC(187)   Other: 0.02ms
[2025-12-16T20:44:49.462+0800][1.834s][info][gc,heap     ] GC(187) Eden regions: 15->0(15)
[2025-12-16T20:44:49.462+0800][1.834s][info][gc,heap     ] GC(187) Survivor regions: 1->1(2)
[2025-12-16T20:44:49.462+0800][1.834s][info][gc,heap     ] GC(187) Old regions: 2->2
[2025-12-16T20:44:49.462+0800][1.834s][info][gc,heap     ] GC(187) Humongous regions: 0->0
[2025-12-16T20:44:49.462+0800][1.834s][info][gc,metaspace] GC(187) Metaspace: 91K(320K)->91K(320K) NonClass: 83K(192K)->83K(192K) Class: 8K(128K)->8K(128K)
[2025-12-16T20:44:49.462+0800][1.834s][info][gc          ] GC(187) Pause Young (Normal) (G1 Evacuation Pause) 31M->1M(56M) 0.109ms
[2025-12-16T20:44:49.462+0800][1.834s][info][gc,cpu      ] GC(187) User=0.00s Sys=0.00s Real=0.00s
[2025-12-16T20:44:49.471+0800][1.844s][info][gc,start    ] GC(188) Pause Young (Normal) (G1 Evacuation Pause)
[2025-12-16T20:44:49.471+0800][1.844s][info][gc,task     ] GC(188) Using 2 workers of 9 for evacuation
[2025-12-16T20:44:49.471+0800][1.844s][info][gc,phases   ] GC(188)   Pre Evacuate Collection Set: 0.01ms
[2025-12-16T20:44:49.471+0800][1.844s][info][gc,phases   ] GC(188)   Merge Heap Roots: 0.01ms
[2025-12-16T20:44:49.471+0800][1.844s][info][gc,phases   ] GC(188)   Evacuate Collection Set: 0.02ms
[2025-12-16T20:44:49.471+0800][1.844s][info][gc,phases   ] GC(188)   Post Evacuate Collection Set: 0.02ms
[2025-12-16T20:44:49.471+0800][1.844s][info][gc,phases   ] GC(188)   Other: 0.02ms
[2025-12-16T20:44:49.471+0800][1.844s][info][gc,heap     ] GC(188) Eden regions: 15->0(15)
[2025-12-16T20:44:49.471+0800][1.844s][info][gc,heap     ] GC(188) Survivor regions: 1->1(2)
[2025-12-16T20:44:49.471+0800][1.844s][info][gc,heap     ] GC(188) Old regions: 2->2
[2025-12-16T20:44:49.471+0800][1.844s][info][gc,heap     ] GC(188) Humongous regions: 0->0
[2025-12-16T20:44:49.471+0800][1.844s][info][gc,metaspace] GC(188) Metaspace: 91K(320K)->91K(320K) NonClass: 83K(192K)->83K(192K) Class: 8K(128K)->8K(128K)
[2025-12-16T20:44:49.471+0800][1.844s][info][gc          ] GC(188) Pause Young (Normal) (G1 Evacuation Pause) 31M->1M(56M) 0.115ms
[2025-12-16T20:44:49.471+0800][1.844s][info][gc,cpu      ] GC(188) User=0.00s Sys=0.00s Real=0.00s
[2025-12-16T20:44:49.481+0800][1.854s][info][gc,start    ] GC(189) Pause Young (Normal) (G1 Evacuation Pause)
[2025-12-16T20:44:49.481+0800][1.854s][info][gc,task     ] GC(189) Using 2 workers of 9 for evacuation
[2025-12-16T20:44:49.481+0800][1.854s][info][gc,phases   ] GC(189)   Pre Evacuate Collection Set: 0.01ms
[2025-12-16T20:44:49.481+0800][1.854s][info][gc,phases   ] GC(189)   Merge Heap Roots: 0.00ms
[2025-12-16T20:44:49.481+0800][1.854s][info][gc,phases   ] GC(189)   Evacuate Collection Set: 0.02ms
[2025-12-16T20:44:49.481+0800][1.854s][info][gc,phases   ] GC(189)   Post Evacuate Collection Set: 0.02ms
[2025-12-16T20:44:49.481+0800][1.854s][info][gc,phases   ] GC(189)   Other: 0.02ms
[2025-12-16T20:44:49.481+0800][1.854s][info][gc,heap     ] GC(189) Eden regions: 15->0(15)
[2025-12-16T20:44:49.481+0800][1.854s][info][gc,heap     ] GC(189) Survivor regions: 1->1(2)
[2025-12-16T20:44:49.481+0800][1.854s][info][gc,heap     ] GC(189) Old regions: 2->2
[2025-12-16T20:44:49.481+0800][1.854s][info][gc,heap     ] GC(189) Humongous regions: 0->0
[2025-12-16T20:44:49.481+0800][1.854s][info][gc,metaspace] GC(189) Metaspace: 91K(320K)->91K(320K) NonClass: 83K(192K)->83K(192K) Class: 8K(128K)->8K(128K)
[2025-12-16T20:44:49.481+0800][1.854s][info][gc          ] GC(189) Pause Young (Normal) (G1 Evacuation Pause) 31M->1M(56M) 0.106ms
[2025-12-16T20:44:49.481+0800][1.854s][info][gc,cpu      ] GC(189) User=0.00s Sys=0.00s Real=0.00s
[2025-12-16T20:44:49.490+0800][1.863s][info][gc,start    ] GC(190) Pause Young (Normal) (G1 Evacuation Pause)
[2025-12-16T20:44:49.490+0800][1.863s][info][gc,task     ] GC(190) Using 2 workers of 9 for evacuation
[2025-12-16T20:44:49.490+0800][1.863s][info][gc,phases   ] GC(190)   Pre Evacuate Collection Set: 0.01ms
[2025-12-16T20:44:49.490+0800][1.863s][info][gc,phases   ] GC(190)   Merge Heap Roots: 0.00ms
[2025-12-16T20:44:49.490+0800][1.863s][info][gc,phases   ] GC(190)   Evacuate Collection Set: 0.02ms
[2025-12-16T20:44:49.490+0800][1.863s][info][gc,phases   ] GC(190)   Post Evacuate Collection Set: 0.02ms
[2025-12-16T20:44:49.490+0800][1.863s][info][gc,phases   ] GC(190)   Other: 0.02ms
[2025-12-16T20:44:49.490+0800][1.863s][info][gc,heap     ] GC(190) Eden regions: 15->0(15)
[2025-12-16T20:44:49.490+0800][1.863s][info][gc,heap     ] GC(190) Survivor regions: 1->1(2)
[2025-12-16T20:44:49.490+0800][1.863s][info][gc,heap     ] GC(190) Old regions: 2->2
[2025-12-16T20:44:49.490+0800][1.863s][info][gc,heap     ] GC(190) Humongous regions: 0->0
[2025-12-16T20:44:49.490+0800][1.863s][info][gc,metaspace] GC(190) Metaspace: 91K(320K)->91K(320K) NonClass: 83K(192K)->83K(192K) Class: 8K(128K)->8K(128K)
[2025-12-16T20:44:49.490+0800][1.863s][info][gc          ] GC(190) Pause Young (Normal) (G1 Evacuation Pause) 31M->1M(56M) 0.111ms
[2025-12-16T20:44:49.490+0800][1.863s][info][gc,cpu      ] GC(190) User=0.00s Sys=0.00s Real=0.00s
[2025-12-16T20:44:49.500+0800][1.873s][info][gc,start    ] GC(191) Pause Young (Normal) (G1 Evacuation Pause)
[2025-12-16T20:44:49.500+0800][1.873s][info][gc,task     ] GC(191) Using 2 workers of 9 for evacuation
[2025-12-16T20:44:49.500+0800][1.873s][info][gc,phases   ] GC(191)   Pre Evacuate Collection Set: 0.01ms
[2025-12-16T20:44:49.500+0800][1.873s][info][gc,phases   ] GC(191)   Merge Heap Roots: 0.00ms
[2025-12-16T20:44:49.500+0800][1.873s][info][gc,phases   ] GC(191)   Evacuate Collection Set: 0.01ms
[2025-12-16T20:44:49.500+0800][1.873s][info][gc,phases   ] GC(191)   Post Evacuate Collection Set: 0.03ms
[2025-12-16T20:44:49.500+0800][1.873s][info][gc,phases   ] GC(191)   Other: 0.02ms
[2025-12-16T20:44:49.500+0800][1.873s][info][gc,heap     ] GC(191) Eden regions: 15->0(15)
[2025-12-16T20:44:49.500+0800][1.873s][info][gc,heap     ] GC(191) Survivor regions: 1->1(2)
[2025-12-16T20:44:49.500+0800][1.873s][info][gc,heap     ] GC(191) Old regions: 2->2
[2025-12-16T20:44:49.500+0800][1.873s][info][gc,heap     ] GC(191) Humongous regions: 0->0
[2025-12-16T20:44:49.500+0800][1.873s][info][gc,metaspace] GC(191) Metaspace: 91K(320K)->91K(320K) NonClass: 83K(192K)->83K(192K) Class: 8K(128K)->8K(128K)
[2025-12-16T20:44:49.500+0800][1.873s][info][gc          ] GC(191) Pause Young (Normal) (G1 Evacuation Pause) 31M->1M(56M) 0.114ms
[2025-12-16T20:44:49.500+0800][1.873s][info][gc,cpu      ] GC(191) User=0.00s Sys=0.00s Real=0.00s
[2025-12-16T20:44:49.510+0800][1.883s][info][gc,start    ] GC(192) Pause Young (Normal) (G1 Evacuation Pause)
[2025-12-16T20:44:49.510+0800][1.883s][info][gc,task     ] GC(192) Using 2 workers of 9 for evacuation
[2025-12-16T20:44:49.510+0800][1.883s][info][gc,phases   ] GC(192)   Pre Evacuate Collection Set: 0.01ms
[2025-12-16T20:44:49.510+0800][1.883s][info][gc,phases   ] GC(192)   Merge Heap Roots: 0.00ms
[2025-12-16T20:44:49.510+0800][1.883s][info][gc,phases   ] GC(192)   Evacuate Collection Set: 0.01ms
[2025-12-16T20:44:49.510+0800][1.883s][info][gc,phases   ] GC(192)   Post Evacuate Collection Set: 0.02ms
[2025-12-16T20:44:49.510+0800][1.883s][info][gc,phases   ] GC(192)   Other: 0.02ms
[2025-12-16T20:44:49.510+0800][1.883s][info][gc,heap     ] GC(192) Eden regions: 15->0(15)
[2025-12-16T20:44:49.510+0800][1.883s][info][gc,heap     ] GC(192) Survivor regions: 1->1(2)
[2025-12-16T20:44:49.510+0800][1.883s][info][gc,heap     ] GC(192) Old regions: 2->2
[2025-12-16T20:44:49.510+0800][1.883s][info][gc,heap     ] GC(192) Humongous regions: 0->0
[2025-12-16T20:44:49.510+0800][1.883s][info][gc,metaspace] GC(192) Metaspace: 91K(320K)->91K(320K) NonClass: 83K(192K)->83K(192K) Class: 8K(128K)->8K(128K)
[2025-12-16T20:44:49.510+0800][1.883s][info][gc          ] GC(192) Pause Young (Normal) (G1 Evacuation Pause) 31M->1M(56M) 0.108ms
[2025-12-16T20:44:49.510+0800][1.883s][info][gc,cpu      ] GC(192) User=0.00s Sys=0.00s Real=0.00s
[2025-12-16T20:44:49.519+0800][1.892s][info][gc,start    ] GC(193) Pause Young (Normal) (G1 Evacuation Pause)
[2025-12-16T20:44:49.519+0800][1.892s][info][gc,task     ] GC(193) Using 2 workers of 9 for evacuation
[2025-12-16T20:44:49.519+0800][1.892s][info][gc,phases   ] GC(193)   Pre Evacuate Collection Set: 0.01ms
[2025-12-16T20:44:49.519+0800][1.892s][info][gc,phases   ] GC(193)   Merge Heap Roots: 0.00ms
[2025-12-16T20:44:49.519+0800][1.892s][info][gc,phases   ] GC(193)   Evacuate Collection Set: 0.01ms
[2025-12-16T20:44:49.519+0800][1.892s][info][gc,phases   ] GC(193)   Post Evacuate Collection Set: 0.03ms
[2025-12-16T20:44:49.519+0800][1.892s][info][gc,phases   ] GC(193)   Other: 0.02ms
[2025-12-16T20:44:49.519+0800][1.892s][info][gc,heap     ] GC(193) Eden regions: 15->0(15)
[2025-12-16T20:44:49.519+0800][1.892s][info][gc,heap     ] GC(193) Survivor regions: 1->1(2)
[2025-12-16T20:44:49.519+0800][1.892s][info][gc,heap     ] GC(193) Old regions: 2->2
[2025-12-16T20:44:49.519+0800][1.892s][info][gc,heap     ] GC(193) Humongous regions: 0->0
[2025-12-16T20:44:49.519+0800][1.892s][info][gc,metaspace] GC(193) Metaspace: 91K(320K)->91K(320K) NonClass: 83K(192K)->83K(192K) Class: 8K(128K)->8K(128K)
[2025-12-16T20:44:49.519+0800][1.892s][info][gc          ] GC(193) Pause Young (Normal) (G1 Evacuation Pause) 31M->1M(56M) 0.112ms
[2025-12-16T20:44:49.519+0800][1.892s][info][gc,cpu      ] GC(193) User=0.00s Sys=0.00s Real=0.00s
[2025-12-16T20:44:49.529+0800][1.902s][info][gc,start    ] GC(194) Pause Young (Normal) (G1 Evacuation Pause)
[2025-12-16T20:44:49.529+0800][1.902s][info][gc,task     ] GC(194) Using 2 workers of 9 for evacuation
[2025-12-16T20:44:49.529+0800][1.902s][info][gc,phases   ] GC(194)   Pre Evacuate Collection Set: 0.01ms
[2025-12-16T20:44:49.529+0800][1.902s][info][gc,phases   ] GC(194)   Merge Heap Roots: 0.01ms
[2025-12-16T20:44:49.529+0800][1.902s][info][gc,phases   ] GC(194)   Evacuate Collection Set: 0.02ms
[2025-12-16T20:44:49.529+0800][1.902s][info][gc,phases   ] GC(194)   Post Evacuate Collection Set: 0.02ms
[2025-12-16T20:44:49.529+0800][1.902s][info][gc,phases   ] GC(194)   Other: 0.02ms
[2025-12-16T20:44:49.529+0800][1.902s][info][gc,heap     ] GC(194) Eden regions: 15->0(15)
[2025-12-16T20:44:49.529+0800][1.902s][info][gc,heap     ] GC(194) Survivor regions: 1->1(2)
[2025-12-16T20:44:49.529+0800][1.902s][info][gc,heap     ] GC(194) Old regions: 2->2
[2025-12-16T20:44:49.529+0800][1.902s][info][gc,heap     ] GC(194) Humongous regions: 0->0
[2025-12-16T20:44:49.529+0800][1.902s][info][gc,metaspace] GC(194) Metaspace: 91K(320K)->91K(320K) NonClass: 83K(192K)->83K(192K) Class: 8K(128K)->8K(128K)
[2025-12-16T20:44:49.529+0800][1.902s][info][gc          ] GC(194) Pause Young (Normal) (G1 Evacuation Pause) 31M->1M(56M) 0.129ms
[2025-12-16T20:44:49.529+0800][1.902s][info][gc,cpu      ] GC(194) User=0.00s Sys=0.00s Real=0.00s
[2025-12-16T20:44:49.539+0800][1.912s][info][gc,start    ] GC(195) Pause Young (Normal) (G1 Evacuation Pause)
[2025-12-16T20:44:49.539+0800][1.912s][info][gc,task     ] GC(195) Using 2 workers of 9 for evacuation
[2025-12-16T20:44:49.539+0800][1.912s][info][gc,phases   ] GC(195)   Pre Evacuate Collection Set: 0.01ms
[2025-12-16T20:44:49.539+0800][1.912s][info][gc,phases   ] GC(195)   Merge Heap Roots: 0.00ms
[2025-12-16T20:44:49.539+0800][1.912s][info][gc,phases   ] GC(195)   Evacuate Collection Set: 0.01ms
[2025-12-16T20:44:49.539+0800][1.912s][info][gc,phases   ] GC(195)   Post Evacuate Collection Set: 0.02ms
[2025-12-16T20:44:49.539+0800][1.912s][info][gc,phases   ] GC(195)   Other: 0.02ms
[2025-12-16T20:44:49.539+0800][1.912s][info][gc,heap     ] GC(195) Eden regions: 15->0(15)
[2025-12-16T20:44:49.539+0800][1.912s][info][gc,heap     ] GC(195) Survivor regions: 1->1(2)
[2025-12-16T20:44:49.539+0800][1.912s][info][gc,heap     ] GC(195) Old regions: 2->2
[2025-12-16T20:44:49.539+0800][1.912s][info][gc,heap     ] GC(195) Humongous regions: 0->0
[2025-12-16T20:44:49.539+0800][1.912s][info][gc,metaspace] GC(195) Metaspace: 91K(320K)->91K(320K) NonClass: 83K(192K)->83K(192K) Class: 8K(128K)->8K(128K)
[2025-12-16T20:44:49.539+0800][1.912s][info][gc          ] GC(195) Pause Young (Normal) (G1 Evacuation Pause) 31M->1M(56M) 0.107ms
[2025-12-16T20:44:49.539+0800][1.912s][info][gc,cpu      ] GC(195) User=0.00s Sys=0.00s Real=0.00s
[2025-12-16T20:44:49.548+0800][1.921s][info][gc,start    ] GC(196) Pause Young (Normal) (G1 Evacuation Pause)
[2025-12-16T20:44:49.548+0800][1.921s][info][gc,task     ] GC(196) Using 2 workers of 9 for evacuation
[2025-12-16T20:44:49.549+0800][1.921s][info][gc,phases   ] GC(196)   Pre Evacuate Collection Set: 0.01ms
[2025-12-16T20:44:49.549+0800][1.921s][info][gc,phases   ] GC(196)   Merge Heap Roots: 0.00ms
[2025-12-16T20:44:49.549+0800][1.921s][info][gc,phases   ] GC(196)   Evacuate Collection Set: 0.01ms
[2025-12-16T20:44:49.549+0800][1.921s][info][gc,phases   ] GC(196)   Post Evacuate Collection Set: 0.02ms
[2025-12-16T20:44:49.549+0800][1.921s][info][gc,phases   ] GC(196)   Other: 0.02ms
[2025-12-16T20:44:49.549+0800][1.921s][info][gc,heap     ] GC(196) Eden regions: 15->0(15)
[2025-12-16T20:44:49.549+0800][1.921s][info][gc,heap     ] GC(196) Survivor regions: 1->1(2)
[2025-12-16T20:44:49.549+0800][1.921s][info][gc,heap     ] GC(196) Old regions: 2->2
[2025-12-16T20:44:49.549+0800][1.921s][info][gc,heap     ] GC(196) Humongous regions: 0->0
[2025-12-16T20:44:49.549+0800][1.921s][info][gc,metaspace] GC(196) Metaspace: 91K(320K)->91K(320K) NonClass: 83K(192K)->83K(192K) Class: 8K(128K)->8K(128K)
[2025-12-16T20:44:49.549+0800][1.921s][info][gc          ] GC(196) Pause Young (Normal) (G1 Evacuation Pause) 31M->1M(56M) 0.105ms
[2025-12-16T20:44:49.549+0800][1.921s][info][gc,cpu      ] GC(196) User=0.00s Sys=0.00s Real=0.00s
[2025-12-16T20:44:49.558+0800][1.931s][info][gc,start    ] GC(197) Pause Young (Normal) (G1 Evacuation Pause)
[2025-12-16T20:44:49.558+0800][1.931s][info][gc,task     ] GC(197) Using 2 workers of 9 for evacuation
[2025-12-16T20:44:49.558+0800][1.931s][info][gc,phases   ] GC(197)   Pre Evacuate Collection Set: 0.01ms
[2025-12-16T20:44:49.558+0800][1.931s][info][gc,phases   ] GC(197)   Merge Heap Roots: 0.00ms
[2025-12-16T20:44:49.558+0800][1.931s][info][gc,phases   ] GC(197)   Evacuate Collection Set: 0.01ms
[2025-12-16T20:44:49.558+0800][1.931s][info][gc,phases   ] GC(197)   Post Evacuate Collection Set: 0.02ms
[2025-12-16T20:44:49.558+0800][1.931s][info][gc,phases   ] GC(197)   Other: 0.02ms
[2025-12-16T20:44:49.558+0800][1.931s][info][gc,heap     ] GC(197) Eden regions: 15->0(15)
[2025-12-16T20:44:49.558+0800][1.931s][info][gc,heap     ] GC(197) Survivor regions: 1->1(2)
[2025-12-16T20:44:49.558+0800][1.931s][info][gc,heap     ] GC(197) Old regions: 2->2
[2025-12-16T20:44:49.558+0800][1.931s][info][gc,heap     ] GC(197) Humongous regions: 0->0
[2025-12-16T20:44:49.558+0800][1.931s][info][gc,metaspace] GC(197) Metaspace: 91K(320K)->91K(320K) NonClass: 83K(192K)->83K(192K) Class: 8K(128K)->8K(128K)
[2025-12-16T20:44:49.558+0800][1.931s][info][gc          ] GC(197) Pause Young (Normal) (G1 Evacuation Pause) 31M->1M(56M) 0.103ms
[2025-12-16T20:44:49.558+0800][1.931s][info][gc,cpu      ] GC(197) User=0.00s Sys=0.00s Real=0.00s
[2025-12-16T20:44:49.568+0800][1.941s][info][gc,start    ] GC(198) Pause Young (Normal) (G1 Evacuation Pause)
[2025-12-16T20:44:49.568+0800][1.941s][info][gc,task     ] GC(198) Using 2 workers of 9 for evacuation
[2025-12-16T20:44:49.568+0800][1.941s][info][gc,phases   ] GC(198)   Pre Evacuate Collection Set: 0.01ms
[2025-12-16T20:44:49.568+0800][1.941s][info][gc,phases   ] GC(198)   Merge Heap Roots: 0.00ms
[2025-12-16T20:44:49.568+0800][1.941s][info][gc,phases   ] GC(198)   Evacuate Collection Set: 0.01ms
[2025-12-16T20:44:49.568+0800][1.941s][info][gc,phases   ] GC(198)   Post Evacuate Collection Set: 0.02ms
[2025-12-16T20:44:49.568+0800][1.941s][info][gc,phases   ] GC(198)   Other: 0.02ms
[2025-12-16T20:44:49.568+0800][1.941s][info][gc,heap     ] GC(198) Eden regions: 15->0(15)
[2025-12-16T20:44:49.568+0800][1.941s][info][gc,heap     ] GC(198) Survivor regions: 1->1(2)
[2025-12-16T20:44:49.568+0800][1.941s][info][gc,heap     ] GC(198) Old regions: 2->2
[2025-12-16T20:44:49.568+0800][1.941s][info][gc,heap     ] GC(198) Humongous regions: 0->0
[2025-12-16T20:44:49.568+0800][1.941s][info][gc,metaspace] GC(198) Metaspace: 91K(320K)->91K(320K) NonClass: 83K(192K)->83K(192K) Class: 8K(128K)->8K(128K)
[2025-12-16T20:44:49.568+0800][1.941s][info][gc          ] GC(198) Pause Young (Normal) (G1 Evacuation Pause) 31M->1M(56M) 0.107ms
[2025-12-16T20:44:49.568+0800][1.941s][info][gc,cpu      ] GC(198) User=0.00s Sys=0.00s Real=0.00s
[2025-12-16T20:44:49.577+0800][1.950s][info][gc,start    ] GC(199) Pause Young (Normal) (G1 Evacuation Pause)
[2025-12-16T20:44:49.577+0800][1.950s][info][gc,task     ] GC(199) Using 2 workers of 9 for evacuation
[2025-12-16T20:44:49.577+0800][1.950s][info][gc,phases   ] GC(199)   Pre Evacuate Collection Set: 0.01ms
[2025-12-16T20:44:49.577+0800][1.950s][info][gc,phases   ] GC(199)   Merge Heap Roots: 0.00ms
[2025-12-16T20:44:49.577+0800][1.950s][info][gc,phases   ] GC(199)   Evacuate Collection Set: 0.02ms
[2025-12-16T20:44:49.577+0800][1.950s][info][gc,phases   ] GC(199)   Post Evacuate Collection Set: 0.02ms
[2025-12-16T20:44:49.577+0800][1.950s][info][gc,phases   ] GC(199)   Other: 0.02ms
[2025-12-16T20:44:49.577+0800][1.950s][info][gc,heap     ] GC(199) Eden regions: 15->0(15)
[2025-12-16T20:44:49.577+0800][1.950s][info][gc,heap     ] GC(199) Survivor regions: 1->1(2)
[2025-12-16T20:44:49.577+0800][1.950s][info][gc,heap     ] GC(199) Old regions: 2->2
[2025-12-16T20:44:49.577+0800][1.950s][info][gc,heap     ] GC(199) Humongous regions: 0->0
[2025-12-16T20:44:49.577+0800][1.950s][info][gc,metaspace] GC(199) Metaspace: 91K(320K)->91K(320K) NonClass: 83K(192K)->83K(192K) Class: 8K(128K)->8K(128K)
[2025-12-16T20:44:49.577+0800][1.950s][info][gc          ] GC(199) Pause Young (Normal) (G1 Evacuation Pause) 31M->1M(56M) 0.113ms
[2025-12-16T20:44:49.577+0800][1.950s][info][gc,cpu      ] GC(199) User=0.00s Sys=0.00s Real=0.00s
[2025-12-16T20:44:49.587+0800][1.960s][info][gc,start    ] GC(200) Pause Young (Normal) (G1 Evacuation Pause)
[2025-12-16T20:44:49.587+0800][1.960s][info][gc,task     ] GC(200) Using 2 workers of 9 for evacuation
[2025-12-16T20:44:49.587+0800][1.960s][info][gc,phases   ] GC(200)   Pre Evacuate Collection Set: 0.01ms
[2025-12-16T20:44:49.587+0800][1.960s][info][gc,phases   ] GC(200)   Merge Heap Roots: 0.00ms
[2025-12-16T20:44:49.587+0800][1.960s][info][gc,phases   ] GC(200)   Evacuate Collection Set: 0.02ms
[2025-12-16T20:44:49.587+0800][1.960s][info][gc,phases   ] GC(200)   Post Evacuate Collection Set: 0.03ms
[2025-12-16T20:44:49.587+0800][1.960s][info][gc,phases   ] GC(200)   Other: 0.02ms
[2025-12-16T20:44:49.587+0800][1.960s][info][gc,heap     ] GC(200) Eden regions: 15->0(15)
[2025-12-16T20:44:49.587+0800][1.960s][info][gc,heap     ] GC(200) Survivor regions: 1->1(2)
[2025-12-16T20:44:49.587+0800][1.960s][info][gc,heap     ] GC(200) Old regions: 2->2
[2025-12-16T20:44:49.587+0800][1.960s][info][gc,heap     ] GC(200) Humongous regions: 0->0
[2025-12-16T20:44:49.587+0800][1.960s][info][gc,metaspace] GC(200) Metaspace: 91K(320K)->91K(320K) NonClass: 83K(192K)->83K(192K) Class: 8K(128K)->8K(128K)
[2025-12-16T20:44:49.587+0800][1.960s][info][gc          ] GC(200) Pause Young (Normal) (G1 Evacuation Pause) 31M->1M(56M) 0.118ms
[2025-12-16T20:44:49.587+0800][1.960s][info][gc,cpu      ] GC(200) User=0.00s Sys=0.00s Real=0.00s
[2025-12-16T20:44:49.597+0800][1.970s][info][gc,start    ] GC(201) Pause Young (Normal) (G1 Evacuation Pause)
[2025-12-16T20:44:49.597+0800][1.970s][info][gc,task     ] GC(201) Using 2 workers of 9 for evacuation
[2025-12-16T20:44:49.597+0800][1.970s][info][gc,phases   ] GC(201)   Pre Evacuate Collection Set: 0.01ms
[2025-12-16T20:44:49.597+0800][1.970s][info][gc,phases   ] GC(201)   Merge Heap Roots: 0.00ms
[2025-12-16T20:44:49.597+0800][1.970s][info][gc,phases   ] GC(201)   Evacuate Collection Set: 0.01ms
[2025-12-16T20:44:49.597+0800][1.970s][info][gc,phases   ] GC(201)   Post Evacuate Collection Set: 0.02ms
[2025-12-16T20:44:49.597+0800][1.970s][info][gc,phases   ] GC(201)   Other: 0.02ms
[2025-12-16T20:44:49.597+0800][1.970s][info][gc,heap     ] GC(201) Eden regions: 15->0(15)
[2025-12-16T20:44:49.597+0800][1.970s][info][gc,heap     ] GC(201) Survivor regions: 1->1(2)
[2025-12-16T20:44:49.597+0800][1.970s][info][gc,heap     ] GC(201) Old regions: 2->2
[2025-12-16T20:44:49.597+0800][1.970s][info][gc,heap     ] GC(201) Humongous regions: 0->0
[2025-12-16T20:44:49.597+0800][1.970s][info][gc,metaspace] GC(201) Metaspace: 91K(320K)->91K(320K) NonClass: 83K(192K)->83K(192K) Class: 8K(128K)->8K(128K)
[2025-12-16T20:44:49.597+0800][1.970s][info][gc          ] GC(201) Pause Young (Normal) (G1 Evacuation Pause) 31M->1M(56M) 0.106ms
[2025-12-16T20:44:49.597+0800][1.970s][info][gc,cpu      ] GC(201) User=0.00s Sys=0.00s Real=0.00s
[2025-12-16T20:44:49.606+0800][1.979s][info][gc,start    ] GC(202) Pause Young (Normal) (G1 Evacuation Pause)
[2025-12-16T20:44:49.606+0800][1.979s][info][gc,task     ] GC(202) Using 2 workers of 9 for evacuation
[2025-12-16T20:44:49.606+0800][1.979s][info][gc,phases   ] GC(202)   Pre Evacuate Collection Set: 0.01ms
[2025-12-16T20:44:49.606+0800][1.979s][info][gc,phases   ] GC(202)   Merge Heap Roots: 0.00ms
[2025-12-16T20:44:49.606+0800][1.979s][info][gc,phases   ] GC(202)   Evacuate Collection Set: 0.01ms
[2025-12-16T20:44:49.606+0800][1.979s][info][gc,phases   ] GC(202)   Post Evacuate Collection Set: 0.02ms
[2025-12-16T20:44:49.606+0800][1.979s][info][gc,phases   ] GC(202)   Other: 0.02ms
[2025-12-16T20:44:49.606+0800][1.979s][info][gc,heap     ] GC(202) Eden regions: 15->0(15)
[2025-12-16T20:44:49.606+0800][1.979s][info][gc,heap     ] GC(202) Survivor regions: 1->1(2)
[2025-12-16T20:44:49.606+0800][1.979s][info][gc,heap     ] GC(202) Old regions: 2->2
[2025-12-16T20:44:49.606+0800][1.979s][info][gc,heap     ] GC(202) Humongous regions: 0->0
[2025-12-16T20:44:49.606+0800][1.979s][info][gc,metaspace] GC(202) Metaspace: 91K(320K)->91K(320K) NonClass: 83K(192K)->83K(192K) Class: 8K(128K)->8K(128K)
[2025-12-16T20:44:49.606+0800][1.979s][info][gc          ] GC(202) Pause Young (Normal) (G1 Evacuation Pause) 31M->1M(56M) 0.107ms
[2025-12-16T20:44:49.606+0800][1.979s][info][gc,cpu      ] GC(202) User=0.00s Sys=0.00s Real=0.00s
[2025-12-16T20:44:49.616+0800][1.989s][info][gc,start    ] GC(203) Pause Young (Normal) (G1 Evacuation Pause)
[2025-12-16T20:44:49.616+0800][1.989s][info][gc,task     ] GC(203) Using 2 workers of 9 for evacuation
[2025-12-16T20:44:49.616+0800][1.989s][info][gc,phases   ] GC(203)   Pre Evacuate Collection Set: 0.01ms
[2025-12-16T20:44:49.616+0800][1.989s][info][gc,phases   ] GC(203)   Merge Heap Roots: 0.00ms
[2025-12-16T20:44:49.616+0800][1.989s][info][gc,phases   ] GC(203)   Evacuate Collection Set: 0.01ms
[2025-12-16T20:44:49.616+0800][1.989s][info][gc,phases   ] GC(203)   Post Evacuate Collection Set: 0.02ms
[2025-12-16T20:44:49.616+0800][1.989s][info][gc,phases   ] GC(203)   Other: 0.02ms
[2025-12-16T20:44:49.616+0800][1.989s][info][gc,heap     ] GC(203) Eden regions: 15->0(15)
[2025-12-16T20:44:49.616+0800][1.989s][info][gc,heap     ] GC(203) Survivor regions: 1->1(2)
[2025-12-16T20:44:49.616+0800][1.989s][info][gc,heap     ] GC(203) Old regions: 2->2
[2025-12-16T20:44:49.616+0800][1.989s][info][gc,heap     ] GC(203) Humongous regions: 0->0
[2025-12-16T20:44:49.616+0800][1.989s][info][gc,metaspace] GC(203) Metaspace: 91K(320K)->91K(320K) NonClass: 83K(192K)->83K(192K) Class: 8K(128K)->8K(128K)
[2025-12-16T20:44:49.616+0800][1.989s][info][gc          ] GC(203) Pause Young (Normal) (G1 Evacuation Pause) 31M->1M(56M) 0.105ms
[2025-12-16T20:44:49.616+0800][1.989s][info][gc,cpu      ] GC(203) User=0.00s Sys=0.00s Real=0.00s
[2025-12-16T20:44:49.626+0800][1.999s][info][gc,start    ] GC(204) Pause Young (Normal) (G1 Evacuation Pause)
[2025-12-16T20:44:49.626+0800][1.999s][info][gc,task     ] GC(204) Using 2 workers of 9 for evacuation
[2025-12-16T20:44:49.626+0800][1.999s][info][gc,phases   ] GC(204)   Pre Evacuate Collection Set: 0.01ms
[2025-12-16T20:44:49.626+0800][1.999s][info][gc,phases   ] GC(204)   Merge Heap Roots: 0.00ms
[2025-12-16T20:44:49.626+0800][1.999s][info][gc,phases   ] GC(204)   Evacuate Collection Set: 0.01ms
[2025-12-16T20:44:49.626+0800][1.999s][info][gc,phases   ] GC(204)   Post Evacuate Collection Set: 0.02ms
[2025-12-16T20:44:49.626+0800][1.999s][info][gc,phases   ] GC(204)   Other: 0.02ms
[2025-12-16T20:44:49.626+0800][1.999s][info][gc,heap     ] GC(204) Eden regions: 15->0(15)
[2025-12-16T20:44:49.626+0800][1.999s][info][gc,heap     ] GC(204) Survivor regions: 1->1(2)
[2025-12-16T20:44:49.626+0800][1.999s][info][gc,heap     ] GC(204) Old regions: 2->2
[2025-12-16T20:44:49.626+0800][1.999s][info][gc,heap     ] GC(204) Humongous regions: 0->0
[2025-12-16T20:44:49.626+0800][1.999s][info][gc,metaspace] GC(204) Metaspace: 91K(320K)->91K(320K) NonClass: 83K(192K)->83K(192K) Class: 8K(128K)->8K(128K)
[2025-12-16T20:44:49.626+0800][1.999s][info][gc          ] GC(204) Pause Young (Normal) (G1 Evacuation Pause) 31M->1M(56M) 0.108ms
[2025-12-16T20:44:49.626+0800][1.999s][info][gc,cpu      ] GC(204) User=0.00s Sys=0.01s Real=0.00s
[2025-12-16T20:44:49.635+0800][2.008s][info][gc,start    ] GC(205) Pause Young (Normal) (G1 Evacuation Pause)
[2025-12-16T20:44:49.635+0800][2.008s][info][gc,task     ] GC(205) Using 2 workers of 9 for evacuation
[2025-12-16T20:44:49.636+0800][2.008s][info][gc,phases   ] GC(205)   Pre Evacuate Collection Set: 0.01ms
[2025-12-16T20:44:49.636+0800][2.008s][info][gc,phases   ] GC(205)   Merge Heap Roots: 0.00ms
[2025-12-16T20:44:49.636+0800][2.008s][info][gc,phases   ] GC(205)   Evacuate Collection Set: 0.01ms
[2025-12-16T20:44:49.636+0800][2.008s][info][gc,phases   ] GC(205)   Post Evacuate Collection Set: 0.03ms
[2025-12-16T20:44:49.636+0800][2.008s][info][gc,phases   ] GC(205)   Other: 0.02ms
[2025-12-16T20:44:49.636+0800][2.008s][info][gc,heap     ] GC(205) Eden regions: 15->0(15)
[2025-12-16T20:44:49.636+0800][2.008s][info][gc,heap     ] GC(205) Survivor regions: 1->1(2)
[2025-12-16T20:44:49.636+0800][2.008s][info][gc,heap     ] GC(205) Old regions: 2->2
[2025-12-16T20:44:49.636+0800][2.008s][info][gc,heap     ] GC(205) Humongous regions: 0->0
[2025-12-16T20:44:49.636+0800][2.008s][info][gc,metaspace] GC(205) Metaspace: 91K(320K)->91K(320K) NonClass: 83K(192K)->83K(192K) Class: 8K(128K)->8K(128K)
[2025-12-16T20:44:49.636+0800][2.008s][info][gc          ] GC(205) Pause Young (Normal) (G1 Evacuation Pause) 31M->1M(56M) 0.113ms
[2025-12-16T20:44:49.636+0800][2.009s][info][gc,cpu      ] GC(205) User=0.00s Sys=0.00s Real=0.00s
[2025-12-16T20:44:49.645+0800][2.018s][info][gc,start    ] GC(206) Pause Young (Normal) (G1 Evacuation Pause)
[2025-12-16T20:44:49.645+0800][2.018s][info][gc,task     ] GC(206) Using 2 workers of 9 for evacuation
[2025-12-16T20:44:49.645+0800][2.018s][info][gc,phases   ] GC(206)   Pre Evacuate Collection Set: 0.01ms
[2025-12-16T20:44:49.645+0800][2.018s][info][gc,phases   ] GC(206)   Merge Heap Roots: 0.01ms
[2025-12-16T20:44:49.645+0800][2.018s][info][gc,phases   ] GC(206)   Evacuate Collection Set: 0.01ms
[2025-12-16T20:44:49.645+0800][2.018s][info][gc,phases   ] GC(206)   Post Evacuate Collection Set: 0.03ms
[2025-12-16T20:44:49.645+0800][2.018s][info][gc,phases   ] GC(206)   Other: 0.02ms
[2025-12-16T20:44:49.645+0800][2.018s][info][gc,heap     ] GC(206) Eden regions: 15->0(15)
[2025-12-16T20:44:49.645+0800][2.018s][info][gc,heap     ] GC(206) Survivor regions: 1->1(2)
[2025-12-16T20:44:49.645+0800][2.018s][info][gc,heap     ] GC(206) Old regions: 2->2
[2025-12-16T20:44:49.645+0800][2.018s][info][gc,heap     ] GC(206) Humongous regions: 0->0
[2025-12-16T20:44:49.645+0800][2.018s][info][gc,metaspace] GC(206) Metaspace: 91K(320K)->91K(320K) NonClass: 83K(192K)->83K(192K) Class: 8K(128K)->8K(128K)
[2025-12-16T20:44:49.645+0800][2.018s][info][gc          ] GC(206) Pause Young (Normal) (G1 Evacuation Pause) 31M->1M(56M) 0.122ms
[2025-12-16T20:44:49.645+0800][2.018s][info][gc,cpu      ] GC(206) User=0.00s Sys=0.00s Real=0.00s
[2025-12-16T20:44:49.655+0800][2.028s][info][gc,start    ] GC(207) Pause Young (Normal) (G1 Evacuation Pause)
[2025-12-16T20:44:49.655+0800][2.028s][info][gc,task     ] GC(207) Using 2 workers of 9 for evacuation
[2025-12-16T20:44:49.655+0800][2.028s][info][gc,phases   ] GC(207)   Pre Evacuate Collection Set: 0.01ms
[2025-12-16T20:44:49.655+0800][2.028s][info][gc,phases   ] GC(207)   Merge Heap Roots: 0.00ms
[2025-12-16T20:44:49.655+0800][2.028s][info][gc,phases   ] GC(207)   Evacuate Collection Set: 0.01ms
[2025-12-16T20:44:49.655+0800][2.028s][info][gc,phases   ] GC(207)   Post Evacuate Collection Set: 0.02ms
[2025-12-16T20:44:49.655+0800][2.028s][info][gc,phases   ] GC(207)   Other: 0.02ms
[2025-12-16T20:44:49.655+0800][2.028s][info][gc,heap     ] GC(207) Eden regions: 15->0(15)
[2025-12-16T20:44:49.655+0800][2.028s][info][gc,heap     ] GC(207) Survivor regions: 1->1(2)
[2025-12-16T20:44:49.655+0800][2.028s][info][gc,heap     ] GC(207) Old regions: 2->2
[2025-12-16T20:44:49.655+0800][2.028s][info][gc,heap     ] GC(207) Humongous regions: 0->0
[2025-12-16T20:44:49.655+0800][2.028s][info][gc,metaspace] GC(207) Metaspace: 91K(320K)->91K(320K) NonClass: 83K(192K)->83K(192K) Class: 8K(128K)->8K(128K)
[2025-12-16T20:44:49.655+0800][2.028s][info][gc          ] GC(207) Pause Young (Normal) (G1 Evacuation Pause) 31M->1M(56M) 0.105ms
[2025-12-16T20:44:49.655+0800][2.028s][info][gc,cpu      ] GC(207) User=0.00s Sys=0.00s Real=0.00s
[2025-12-16T20:44:49.664+0800][2.037s][info][gc,start    ] GC(208) Pause Young (Normal) (G1 Evacuation Pause)
[2025-12-16T20:44:49.664+0800][2.037s][info][gc,task     ] GC(208) Using 2 workers of 9 for evacuation
[2025-12-16T20:44:49.665+0800][2.037s][info][gc,phases   ] GC(208)   Pre Evacuate Collection Set: 0.01ms
[2025-12-16T20:44:49.665+0800][2.037s][info][gc,phases   ] GC(208)   Merge Heap Roots: 0.01ms
[2025-12-16T20:44:49.665+0800][2.037s][info][gc,phases   ] GC(208)   Evacuate Collection Set: 0.02ms
[2025-12-16T20:44:49.665+0800][2.037s][info][gc,phases   ] GC(208)   Post Evacuate Collection Set: 0.02ms
[2025-12-16T20:44:49.665+0800][2.037s][info][gc,phases   ] GC(208)   Other: 0.02ms
[2025-12-16T20:44:49.665+0800][2.037s][info][gc,heap     ] GC(208) Eden regions: 15->0(15)
[2025-12-16T20:44:49.665+0800][2.037s][info][gc,heap     ] GC(208) Survivor regions: 1->1(2)
[2025-12-16T20:44:49.665+0800][2.037s][info][gc,heap     ] GC(208) Old regions: 2->2
[2025-12-16T20:44:49.665+0800][2.037s][info][gc,heap     ] GC(208) Humongous regions: 0->0
[2025-12-16T20:44:49.665+0800][2.037s][info][gc,metaspace] GC(208) Metaspace: 91K(320K)->91K(320K) NonClass: 83K(192K)->83K(192K) Class: 8K(128K)->8K(128K)
[2025-12-16T20:44:49.665+0800][2.037s][info][gc          ] GC(208) Pause Young (Normal) (G1 Evacuation Pause) 31M->1M(56M) 0.108ms
[2025-12-16T20:44:49.665+0800][2.037s][info][gc,cpu      ] GC(208) User=0.00s Sys=0.00s Real=0.00s
[2025-12-16T20:44:49.674+0800][2.047s][info][gc,start    ] GC(209) Pause Young (Normal) (G1 Evacuation Pause)
[2025-12-16T20:44:49.674+0800][2.047s][info][gc,task     ] GC(209) Using 2 workers of 9 for evacuation
[2025-12-16T20:44:49.674+0800][2.047s][info][gc,phases   ] GC(209)   Pre Evacuate Collection Set: 0.01ms
[2025-12-16T20:44:49.674+0800][2.047s][info][gc,phases   ] GC(209)   Merge Heap Roots: 0.00ms
[2025-12-16T20:44:49.674+0800][2.047s][info][gc,phases   ] GC(209)   Evacuate Collection Set: 0.01ms
[2025-12-16T20:44:49.674+0800][2.047s][info][gc,phases   ] GC(209)   Post Evacuate Collection Set: 0.02ms
[2025-12-16T20:44:49.674+0800][2.047s][info][gc,phases   ] GC(209)   Other: 0.02ms
[2025-12-16T20:44:49.674+0800][2.047s][info][gc,heap     ] GC(209) Eden regions: 15->0(15)
[2025-12-16T20:44:49.674+0800][2.047s][info][gc,heap     ] GC(209) Survivor regions: 1->1(2)
[2025-12-16T20:44:49.674+0800][2.047s][info][gc,heap     ] GC(209) Old regions: 2->2
[2025-12-16T20:44:49.674+0800][2.047s][info][gc,heap     ] GC(209) Humongous regions: 0->0
[2025-12-16T20:44:49.674+0800][2.047s][info][gc,metaspace] GC(209) Metaspace: 91K(320K)->91K(320K) NonClass: 83K(192K)->83K(192K) Class: 8K(128K)->8K(128K)
[2025-12-16T20:44:49.674+0800][2.047s][info][gc          ] GC(209) Pause Young (Normal) (G1 Evacuation Pause) 31M->1M(56M) 0.107ms
[2025-12-16T20:44:49.674+0800][2.047s][info][gc,cpu      ] GC(209) User=0.00s Sys=0.00s Real=0.00s
[2025-12-16T20:44:49.684+0800][2.057s][info][gc,start    ] GC(210) Pause Young (Normal) (G1 Evacuation Pause)
[2025-12-16T20:44:49.684+0800][2.057s][info][gc,task     ] GC(210) Using 2 workers of 9 for evacuation
[2025-12-16T20:44:49.684+0800][2.057s][info][gc,phases   ] GC(210)   Pre Evacuate Collection Set: 0.01ms
[2025-12-16T20:44:49.684+0800][2.057s][info][gc,phases   ] GC(210)   Merge Heap Roots: 0.00ms
[2025-12-16T20:44:49.684+0800][2.057s][info][gc,phases   ] GC(210)   Evacuate Collection Set: 0.01ms
[2025-12-16T20:44:49.684+0800][2.057s][info][gc,phases   ] GC(210)   Post Evacuate Collection Set: 0.03ms
[2025-12-16T20:44:49.684+0800][2.057s][info][gc,phases   ] GC(210)   Other: 0.02ms
[2025-12-16T20:44:49.684+0800][2.057s][info][gc,heap     ] GC(210) Eden regions: 15->0(15)
[2025-12-16T20:44:49.684+0800][2.057s][info][gc,heap     ] GC(210) Survivor regions: 1->1(2)
[2025-12-16T20:44:49.684+0800][2.057s][info][gc,heap     ] GC(210) Old regions: 2->2
[2025-12-16T20:44:49.684+0800][2.057s][info][gc,heap     ] GC(210) Humongous regions: 0->0
[2025-12-16T20:44:49.684+0800][2.057s][info][gc,metaspace] GC(210) Metaspace: 91K(320K)->91K(320K) NonClass: 83K(192K)->83K(192K) Class: 8K(128K)->8K(128K)
[2025-12-16T20:44:49.684+0800][2.057s][info][gc          ] GC(210) Pause Young (Normal) (G1 Evacuation Pause) 31M->1M(56M) 0.113ms
[2025-12-16T20:44:49.684+0800][2.057s][info][gc,cpu      ] GC(210) User=0.00s Sys=0.00s Real=0.00s
[2025-12-16T20:44:49.693+0800][2.066s][info][gc,start    ] GC(211) Pause Young (Normal) (G1 Evacuation Pause)
[2025-12-16T20:44:49.693+0800][2.066s][info][gc,task     ] GC(211) Using 2 workers of 9 for evacuation
[2025-12-16T20:44:49.694+0800][2.066s][info][gc,phases   ] GC(211)   Pre Evacuate Collection Set: 0.01ms
[2025-12-16T20:44:49.694+0800][2.066s][info][gc,phases   ] GC(211)   Merge Heap Roots: 0.00ms
[2025-12-16T20:44:49.694+0800][2.067s][info][gc,phases   ] GC(211)   Evacuate Collection Set: 0.01ms
[2025-12-16T20:44:49.694+0800][2.067s][info][gc,phases   ] GC(211)   Post Evacuate Collection Set: 0.03ms
[2025-12-16T20:44:49.694+0800][2.067s][info][gc,phases   ] GC(211)   Other: 0.02ms
[2025-12-16T20:44:49.694+0800][2.067s][info][gc,heap     ] GC(211) Eden regions: 15->0(15)
[2025-12-16T20:44:49.694+0800][2.067s][info][gc,heap     ] GC(211) Survivor regions: 1->1(2)
[2025-12-16T20:44:49.694+0800][2.067s][info][gc,heap     ] GC(211) Old regions: 2->2
[2025-12-16T20:44:49.694+0800][2.067s][info][gc,heap     ] GC(211) Humongous regions: 0->0
[2025-12-16T20:44:49.694+0800][2.067s][info][gc,metaspace] GC(211) Metaspace: 91K(320K)->91K(320K) NonClass: 83K(192K)->83K(192K) Class: 8K(128K)->8K(128K)
[2025-12-16T20:44:49.694+0800][2.067s][info][gc          ] GC(211) Pause Young (Normal) (G1 Evacuation Pause) 31M->1M(56M) 0.111ms
[2025-12-16T20:44:49.694+0800][2.067s][info][gc,cpu      ] GC(211) User=0.00s Sys=0.00s Real=0.00s
[2025-12-16T20:44:49.703+0800][2.076s][info][gc,start    ] GC(212) Pause Young (Normal) (G1 Evacuation Pause)
[2025-12-16T20:44:49.703+0800][2.076s][info][gc,task     ] GC(212) Using 2 workers of 9 for evacuation
[2025-12-16T20:44:49.703+0800][2.076s][info][gc,phases   ] GC(212)   Pre Evacuate Collection Set: 0.01ms
[2025-12-16T20:44:49.703+0800][2.076s][info][gc,phases   ] GC(212)   Merge Heap Roots: 0.00ms
[2025-12-16T20:44:49.703+0800][2.076s][info][gc,phases   ] GC(212)   Evacuate Collection Set: 0.01ms
[2025-12-16T20:44:49.703+0800][2.076s][info][gc,phases   ] GC(212)   Post Evacuate Collection Set: 0.02ms
[2025-12-16T20:44:49.703+0800][2.076s][info][gc,phases   ] GC(212)   Other: 0.02ms
[2025-12-16T20:44:49.703+0800][2.076s][info][gc,heap     ] GC(212) Eden regions: 15->0(15)
[2025-12-16T20:44:49.703+0800][2.076s][info][gc,heap     ] GC(212) Survivor regions: 1->1(2)
[2025-12-16T20:44:49.703+0800][2.076s][info][gc,heap     ] GC(212) Old regions: 2->2
[2025-12-16T20:44:49.703+0800][2.076s][info][gc,heap     ] GC(212) Humongous regions: 0->0
[2025-12-16T20:44:49.703+0800][2.076s][info][gc,metaspace] GC(212) Metaspace: 91K(320K)->91K(320K) NonClass: 83K(192K)->83K(192K) Class: 8K(128K)->8K(128K)
[2025-12-16T20:44:49.703+0800][2.076s][info][gc          ] GC(212) Pause Young (Normal) (G1 Evacuation Pause) 31M->1M(56M) 0.108ms
[2025-12-16T20:44:49.703+0800][2.076s][info][gc,cpu      ] GC(212) User=0.00s Sys=0.00s Real=0.00s
[2025-12-16T20:44:49.713+0800][2.086s][info][gc,start    ] GC(213) Pause Young (Normal) (G1 Evacuation Pause)
[2025-12-16T20:44:49.713+0800][2.086s][info][gc,task     ] GC(213) Using 2 workers of 9 for evacuation
[2025-12-16T20:44:49.713+0800][2.086s][info][gc,phases   ] GC(213)   Pre Evacuate Collection Set: 0.01ms
[2025-12-16T20:44:49.713+0800][2.086s][info][gc,phases   ] GC(213)   Merge Heap Roots: 0.00ms
[2025-12-16T20:44:49.713+0800][2.086s][info][gc,phases   ] GC(213)   Evacuate Collection Set: 0.01ms
[2025-12-16T20:44:49.713+0800][2.086s][info][gc,phases   ] GC(213)   Post Evacuate Collection Set: 0.02ms
[2025-12-16T20:44:49.713+0800][2.086s][info][gc,phases   ] GC(213)   Other: 0.02ms
[2025-12-16T20:44:49.713+0800][2.086s][info][gc,heap     ] GC(213) Eden regions: 15->0(15)
[2025-12-16T20:44:49.713+0800][2.086s][info][gc,heap     ] GC(213) Survivor regions: 1->1(2)
[2025-12-16T20:44:49.713+0800][2.086s][info][gc,heap     ] GC(213) Old regions: 2->2
[2025-12-16T20:44:49.713+0800][2.086s][info][gc,heap     ] GC(213) Humongous regions: 0->0
[2025-12-16T20:44:49.713+0800][2.086s][info][gc,metaspace] GC(213) Metaspace: 91K(320K)->91K(320K) NonClass: 83K(192K)->83K(192K) Class: 8K(128K)->8K(128K)
[2025-12-16T20:44:49.713+0800][2.086s][info][gc          ] GC(213) Pause Young (Normal) (G1 Evacuation Pause) 31M->1M(56M) 0.103ms
[2025-12-16T20:44:49.713+0800][2.086s][info][gc,cpu      ] GC(213) User=0.00s Sys=0.00s Real=0.00s
[2025-12-16T20:44:49.723+0800][2.095s][info][gc,start    ] GC(214) Pause Young (Normal) (G1 Evacuation Pause)
[2025-12-16T20:44:49.723+0800][2.095s][info][gc,task     ] GC(214) Using 2 workers of 9 for evacuation
[2025-12-16T20:44:49.723+0800][2.096s][info][gc,phases   ] GC(214)   Pre Evacuate Collection Set: 0.01ms
[2025-12-16T20:44:49.723+0800][2.096s][info][gc,phases   ] GC(214)   Merge Heap Roots: 0.00ms
[2025-12-16T20:44:49.723+0800][2.096s][info][gc,phases   ] GC(214)   Evacuate Collection Set: 0.01ms
[2025-12-16T20:44:49.723+0800][2.096s][info][gc,phases   ] GC(214)   Post Evacuate Collection Set: 0.03ms
[2025-12-16T20:44:49.723+0800][2.096s][info][gc,phases   ] GC(214)   Other: 0.02ms
[2025-12-16T20:44:49.723+0800][2.096s][info][gc,heap     ] GC(214) Eden regions: 15->0(15)
[2025-12-16T20:44:49.723+0800][2.096s][info][gc,heap     ] GC(214) Survivor regions: 1->1(2)
[2025-12-16T20:44:49.723+0800][2.096s][info][gc,heap     ] GC(214) Old regions: 2->2
[2025-12-16T20:44:49.723+0800][2.096s][info][gc,heap     ] GC(214) Humongous regions: 0->0
[2025-12-16T20:44:49.723+0800][2.096s][info][gc,metaspace] GC(214) Metaspace: 91K(320K)->91K(320K) NonClass: 83K(192K)->83K(192K) Class: 8K(128K)->8K(128K)
[2025-12-16T20:44:49.723+0800][2.096s][info][gc          ] GC(214) Pause Young (Normal) (G1 Evacuation Pause) 31M->1M(56M) 0.110ms
[2025-12-16T20:44:49.723+0800][2.096s][info][gc,cpu      ] GC(214) User=0.00s Sys=0.00s Real=0.00s
[2025-12-16T20:44:49.732+0800][2.105s][info][gc,start    ] GC(215) Pause Young (Normal) (G1 Evacuation Pause)
[2025-12-16T20:44:49.732+0800][2.105s][info][gc,task     ] GC(215) Using 2 workers of 9 for evacuation
[2025-12-16T20:44:49.732+0800][2.105s][info][gc,phases   ] GC(215)   Pre Evacuate Collection Set: 0.01ms
[2025-12-16T20:44:49.732+0800][2.105s][info][gc,phases   ] GC(215)   Merge Heap Roots: 0.00ms
[2025-12-16T20:44:49.732+0800][2.105s][info][gc,phases   ] GC(215)   Evacuate Collection Set: 0.01ms
[2025-12-16T20:44:49.732+0800][2.105s][info][gc,phases   ] GC(215)   Post Evacuate Collection Set: 0.02ms
[2025-12-16T20:44:49.732+0800][2.105s][info][gc,phases   ] GC(215)   Other: 0.02ms
[2025-12-16T20:44:49.732+0800][2.105s][info][gc,heap     ] GC(215) Eden regions: 15->0(15)
[2025-12-16T20:44:49.732+0800][2.105s][info][gc,heap     ] GC(215) Survivor regions: 1->1(2)
[2025-12-16T20:44:49.732+0800][2.105s][info][gc,heap     ] GC(215) Old regions: 2->2
[2025-12-16T20:44:49.732+0800][2.105s][info][gc,heap     ] GC(215) Humongous regions: 0->0
[2025-12-16T20:44:49.732+0800][2.105s][info][gc,metaspace] GC(215) Metaspace: 91K(320K)->91K(320K) NonClass: 83K(192K)->83K(192K) Class: 8K(128K)->8K(128K)
[2025-12-16T20:44:49.732+0800][2.105s][info][gc          ] GC(215) Pause Young (Normal) (G1 Evacuation Pause) 31M->1M(56M) 0.103ms
[2025-12-16T20:44:49.732+0800][2.105s][info][gc,cpu      ] GC(215) User=0.00s Sys=0.00s Real=0.00s
[2025-12-16T20:44:49.742+0800][2.115s][info][gc,start    ] GC(216) Pause Young (Normal) (G1 Evacuation Pause)
[2025-12-16T20:44:49.742+0800][2.115s][info][gc,task     ] GC(216) Using 2 workers of 9 for evacuation
[2025-12-16T20:44:49.742+0800][2.115s][info][gc,phases   ] GC(216)   Pre Evacuate Collection Set: 0.01ms
[2025-12-16T20:44:49.742+0800][2.115s][info][gc,phases   ] GC(216)   Merge Heap Roots: 0.00ms
[2025-12-16T20:44:49.742+0800][2.115s][info][gc,phases   ] GC(216)   Evacuate Collection Set: 0.01ms
[2025-12-16T20:44:49.742+0800][2.115s][info][gc,phases   ] GC(216)   Post Evacuate Collection Set: 0.03ms
[2025-12-16T20:44:49.742+0800][2.115s][info][gc,phases   ] GC(216)   Other: 0.02ms
[2025-12-16T20:44:49.742+0800][2.115s][info][gc,heap     ] GC(216) Eden regions: 15->0(15)
[2025-12-16T20:44:49.742+0800][2.115s][info][gc,heap     ] GC(216) Survivor regions: 1->1(2)
[2025-12-16T20:44:49.742+0800][2.115s][info][gc,heap     ] GC(216) Old regions: 2->2
[2025-12-16T20:44:49.742+0800][2.115s][info][gc,heap     ] GC(216) Humongous regions: 0->0
[2025-12-16T20:44:49.742+0800][2.115s][info][gc,metaspace] GC(216) Metaspace: 91K(320K)->91K(320K) NonClass: 83K(192K)->83K(192K) Class: 8K(128K)->8K(128K)
[2025-12-16T20:44:49.742+0800][2.115s][info][gc          ] GC(216) Pause Young (Normal) (G1 Evacuation Pause) 31M->1M(56M) 0.112ms
[2025-12-16T20:44:49.742+0800][2.115s][info][gc,cpu      ] GC(216) User=0.00s Sys=0.00s Real=0.00s
[2025-12-16T20:44:49.752+0800][2.124s][info][gc,start    ] GC(217) Pause Young (Normal) (G1 Evacuation Pause)
[2025-12-16T20:44:49.752+0800][2.124s][info][gc,task     ] GC(217) Using 2 workers of 9 for evacuation
[2025-12-16T20:44:49.752+0800][2.125s][info][gc,phases   ] GC(217)   Pre Evacuate Collection Set: 0.01ms
[2025-12-16T20:44:49.752+0800][2.125s][info][gc,phases   ] GC(217)   Merge Heap Roots: 0.00ms
[2025-12-16T20:44:49.752+0800][2.125s][info][gc,phases   ] GC(217)   Evacuate Collection Set: 0.02ms
[2025-12-16T20:44:49.752+0800][2.125s][info][gc,phases   ] GC(217)   Post Evacuate Collection Set: 0.02ms
[2025-12-16T20:44:49.752+0800][2.125s][info][gc,phases   ] GC(217)   Other: 0.02ms
[2025-12-16T20:44:49.752+0800][2.125s][info][gc,heap     ] GC(217) Eden regions: 15->0(15)
[2025-12-16T20:44:49.752+0800][2.125s][info][gc,heap     ] GC(217) Survivor regions: 1->1(2)
[2025-12-16T20:44:49.752+0800][2.125s][info][gc,heap     ] GC(217) Old regions: 2->2
[2025-12-16T20:44:49.752+0800][2.125s][info][gc,heap     ] GC(217) Humongous regions: 0->0
[2025-12-16T20:44:49.752+0800][2.125s][info][gc,metaspace] GC(217) Metaspace: 91K(320K)->91K(320K) NonClass: 83K(192K)->83K(192K) Class: 8K(128K)->8K(128K)
[2025-12-16T20:44:49.752+0800][2.125s][info][gc          ] GC(217) Pause Young (Normal) (G1 Evacuation Pause) 31M->1M(56M) 0.113ms
[2025-12-16T20:44:49.752+0800][2.125s][info][gc,cpu      ] GC(217) User=0.00s Sys=0.00s Real=0.00s
[2025-12-16T20:44:49.761+0800][2.134s][info][gc,start    ] GC(218) Pause Young (Normal) (G1 Evacuation Pause)
[2025-12-16T20:44:49.761+0800][2.134s][info][gc,task     ] GC(218) Using 2 workers of 9 for evacuation
[2025-12-16T20:44:49.761+0800][2.134s][info][gc,phases   ] GC(218)   Pre Evacuate Collection Set: 0.01ms
[2025-12-16T20:44:49.761+0800][2.134s][info][gc,phases   ] GC(218)   Merge Heap Roots: 0.00ms
[2025-12-16T20:44:49.761+0800][2.134s][info][gc,phases   ] GC(218)   Evacuate Collection Set: 0.01ms
[2025-12-16T20:44:49.761+0800][2.134s][info][gc,phases   ] GC(218)   Post Evacuate Collection Set: 0.02ms
[2025-12-16T20:44:49.761+0800][2.134s][info][gc,phases   ] GC(218)   Other: 0.02ms
[2025-12-16T20:44:49.761+0800][2.134s][info][gc,heap     ] GC(218) Eden regions: 15->0(15)
[2025-12-16T20:44:49.761+0800][2.134s][info][gc,heap     ] GC(218) Survivor regions: 1->1(2)
[2025-12-16T20:44:49.761+0800][2.134s][info][gc,heap     ] GC(218) Old regions: 2->2
[2025-12-16T20:44:49.761+0800][2.134s][info][gc,heap     ] GC(218) Humongous regions: 0->0
[2025-12-16T20:44:49.761+0800][2.134s][info][gc,metaspace] GC(218) Metaspace: 91K(320K)->91K(320K) NonClass: 83K(192K)->83K(192K) Class: 8K(128K)->8K(128K)
[2025-12-16T20:44:49.761+0800][2.134s][info][gc          ] GC(218) Pause Young (Normal) (G1 Evacuation Pause) 31M->1M(56M) 0.104ms
[2025-12-16T20:44:49.761+0800][2.134s][info][gc,cpu      ] GC(218) User=0.00s Sys=0.00s Real=0.00s
[2025-12-16T20:44:49.771+0800][2.144s][info][gc,start    ] GC(219) Pause Young (Normal) (G1 Evacuation Pause)
[2025-12-16T20:44:49.771+0800][2.144s][info][gc,task     ] GC(219) Using 2 workers of 9 for evacuation
[2025-12-16T20:44:49.771+0800][2.144s][info][gc,phases   ] GC(219)   Pre Evacuate Collection Set: 0.01ms
[2025-12-16T20:44:49.771+0800][2.144s][info][gc,phases   ] GC(219)   Merge Heap Roots: 0.01ms
[2025-12-16T20:44:49.771+0800][2.144s][info][gc,phases   ] GC(219)   Evacuate Collection Set: 0.01ms
[2025-12-16T20:44:49.771+0800][2.144s][info][gc,phases   ] GC(219)   Post Evacuate Collection Set: 0.03ms
[2025-12-16T20:44:49.771+0800][2.144s][info][gc,phases   ] GC(219)   Other: 0.02ms
[2025-12-16T20:44:49.771+0800][2.144s][info][gc,heap     ] GC(219) Eden regions: 15->0(15)
[2025-12-16T20:44:49.771+0800][2.144s][info][gc,heap     ] GC(219) Survivor regions: 1->1(2)
[2025-12-16T20:44:49.771+0800][2.144s][info][gc,heap     ] GC(219) Old regions: 2->2
[2025-12-16T20:44:49.771+0800][2.144s][info][gc,heap     ] GC(219) Humongous regions: 0->0
[2025-12-16T20:44:49.771+0800][2.144s][info][gc,metaspace] GC(219) Metaspace: 91K(320K)->91K(320K) NonClass: 83K(192K)->83K(192K) Class: 8K(128K)->8K(128K)
[2025-12-16T20:44:49.771+0800][2.144s][info][gc          ] GC(219) Pause Young (Normal) (G1 Evacuation Pause) 31M->1M(56M) 0.114ms
[2025-12-16T20:44:49.771+0800][2.144s][info][gc,cpu      ] GC(219) User=0.00s Sys=0.00s Real=0.00s
[2025-12-16T20:44:49.780+0800][2.153s][info][gc,start    ] GC(220) Pause Young (Normal) (G1 Evacuation Pause)
[2025-12-16T20:44:49.780+0800][2.153s][info][gc,task     ] GC(220) Using 2 workers of 9 for evacuation
[2025-12-16T20:44:49.781+0800][2.153s][info][gc,phases   ] GC(220)   Pre Evacuate Collection Set: 0.01ms
[2025-12-16T20:44:49.781+0800][2.153s][info][gc,phases   ] GC(220)   Merge Heap Roots: 0.00ms
[2025-12-16T20:44:49.781+0800][2.153s][info][gc,phases   ] GC(220)   Evacuate Collection Set: 0.01ms
[2025-12-16T20:44:49.781+0800][2.153s][info][gc,phases   ] GC(220)   Post Evacuate Collection Set: 0.02ms
[2025-12-16T20:44:49.781+0800][2.153s][info][gc,phases   ] GC(220)   Other: 0.02ms
[2025-12-16T20:44:49.781+0800][2.153s][info][gc,heap     ] GC(220) Eden regions: 15->0(15)
[2025-12-16T20:44:49.781+0800][2.153s][info][gc,heap     ] GC(220) Survivor regions: 1->1(2)
[2025-12-16T20:44:49.781+0800][2.153s][info][gc,heap     ] GC(220) Old regions: 2->2
[2025-12-16T20:44:49.781+0800][2.153s][info][gc,heap     ] GC(220) Humongous regions: 0->0
[2025-12-16T20:44:49.781+0800][2.153s][info][gc,metaspace] GC(220) Metaspace: 91K(320K)->91K(320K) NonClass: 83K(192K)->83K(192K) Class: 8K(128K)->8K(128K)
[2025-12-16T20:44:49.781+0800][2.153s][info][gc          ] GC(220) Pause Young (Normal) (G1 Evacuation Pause) 31M->1M(56M) 0.104ms
[2025-12-16T20:44:49.781+0800][2.153s][info][gc,cpu      ] GC(220) User=0.00s Sys=0.00s Real=0.00s
[2025-12-16T20:44:49.790+0800][2.163s][info][gc,start    ] GC(221) Pause Young (Normal) (G1 Evacuation Pause)
[2025-12-16T20:44:49.790+0800][2.163s][info][gc,task     ] GC(221) Using 2 workers of 9 for evacuation
[2025-12-16T20:44:49.790+0800][2.163s][info][gc,phases   ] GC(221)   Pre Evacuate Collection Set: 0.01ms
[2025-12-16T20:44:49.790+0800][2.163s][info][gc,phases   ] GC(221)   Merge Heap Roots: 0.01ms
[2025-12-16T20:44:49.790+0800][2.163s][info][gc,phases   ] GC(221)   Evacuate Collection Set: 0.01ms
[2025-12-16T20:44:49.790+0800][2.163s][info][gc,phases   ] GC(221)   Post Evacuate Collection Set: 0.03ms
[2025-12-16T20:44:49.790+0800][2.163s][info][gc,phases   ] GC(221)   Other: 0.02ms
[2025-12-16T20:44:49.790+0800][2.163s][info][gc,heap     ] GC(221) Eden regions: 15->0(15)
[2025-12-16T20:44:49.790+0800][2.163s][info][gc,heap     ] GC(221) Survivor regions: 1->1(2)
[2025-12-16T20:44:49.790+0800][2.163s][info][gc,heap     ] GC(221) Old regions: 2->2
[2025-12-16T20:44:49.790+0800][2.163s][info][gc,heap     ] GC(221) Humongous regions: 0->0
[2025-12-16T20:44:49.790+0800][2.163s][info][gc,metaspace] GC(221) Metaspace: 91K(320K)->91K(320K) NonClass: 83K(192K)->83K(192K) Class: 8K(128K)->8K(128K)
[2025-12-16T20:44:49.790+0800][2.163s][info][gc          ] GC(221) Pause Young (Normal) (G1 Evacuation Pause) 31M->1M(56M) 0.112ms
[2025-12-16T20:44:49.790+0800][2.163s][info][gc,cpu      ] GC(221) User=0.00s Sys=0.00s Real=0.00s
[2025-12-16T20:44:49.800+0800][2.173s][info][gc,start    ] GC(222) Pause Young (Normal) (G1 Evacuation Pause)
[2025-12-16T20:44:49.800+0800][2.173s][info][gc,task     ] GC(222) Using 2 workers of 9 for evacuation
[2025-12-16T20:44:49.800+0800][2.173s][info][gc,phases   ] GC(222)   Pre Evacuate Collection Set: 0.01ms
[2025-12-16T20:44:49.800+0800][2.173s][info][gc,phases   ] GC(222)   Merge Heap Roots: 0.00ms
[2025-12-16T20:44:49.800+0800][2.173s][info][gc,phases   ] GC(222)   Evacuate Collection Set: 0.01ms
[2025-12-16T20:44:49.800+0800][2.173s][info][gc,phases   ] GC(222)   Post Evacuate Collection Set: 0.02ms
[2025-12-16T20:44:49.800+0800][2.173s][info][gc,phases   ] GC(222)   Other: 0.02ms
[2025-12-16T20:44:49.800+0800][2.173s][info][gc,heap     ] GC(222) Eden regions: 15->0(15)
[2025-12-16T20:44:49.800+0800][2.173s][info][gc,heap     ] GC(222) Survivor regions: 1->1(2)
[2025-12-16T20:44:49.800+0800][2.173s][info][gc,heap     ] GC(222) Old regions: 2->2
[2025-12-16T20:44:49.800+0800][2.173s][info][gc,heap     ] GC(222) Humongous regions: 0->0
[2025-12-16T20:44:49.800+0800][2.173s][info][gc,metaspace] GC(222) Metaspace: 91K(320K)->91K(320K) NonClass: 83K(192K)->83K(192K) Class: 8K(128K)->8K(128K)
[2025-12-16T20:44:49.800+0800][2.173s][info][gc          ] GC(222) Pause Young (Normal) (G1 Evacuation Pause) 31M->1M(56M) 0.105ms
[2025-12-16T20:44:49.800+0800][2.173s][info][gc,cpu      ] GC(222) User=0.00s Sys=0.00s Real=0.00s
[2025-12-16T20:44:49.809+0800][2.182s][info][gc,start    ] GC(223) Pause Young (Normal) (G1 Evacuation Pause)
[2025-12-16T20:44:49.810+0800][2.182s][info][gc,task     ] GC(223) Using 2 workers of 9 for evacuation
[2025-12-16T20:44:49.810+0800][2.182s][info][gc,phases   ] GC(223)   Pre Evacuate Collection Set: 0.01ms
[2025-12-16T20:44:49.810+0800][2.182s][info][gc,phases   ] GC(223)   Merge Heap Roots: 0.00ms
[2025-12-16T20:44:49.810+0800][2.182s][info][gc,phases   ] GC(223)   Evacuate Collection Set: 0.01ms
[2025-12-16T20:44:49.810+0800][2.182s][info][gc,phases   ] GC(223)   Post Evacuate Collection Set: 0.02ms
[2025-12-16T20:44:49.810+0800][2.182s][info][gc,phases   ] GC(223)   Other: 0.02ms
[2025-12-16T20:44:49.810+0800][2.183s][info][gc,heap     ] GC(223) Eden regions: 15->0(15)
[2025-12-16T20:44:49.810+0800][2.183s][info][gc,heap     ] GC(223) Survivor regions: 1->1(2)
[2025-12-16T20:44:49.810+0800][2.183s][info][gc,heap     ] GC(223) Old regions: 2->2
[2025-12-16T20:44:49.810+0800][2.183s][info][gc,heap     ] GC(223) Humongous regions: 0->0
[2025-12-16T20:44:49.810+0800][2.183s][info][gc,metaspace] GC(223) Metaspace: 91K(320K)->91K(320K) NonClass: 83K(192K)->83K(192K) Class: 8K(128K)->8K(128K)
[2025-12-16T20:44:49.810+0800][2.183s][info][gc          ] GC(223) Pause Young (Normal) (G1 Evacuation Pause) 31M->1M(56M) 0.104ms
[2025-12-16T20:44:49.810+0800][2.183s][info][gc,cpu      ] GC(223) User=0.00s Sys=0.00s Real=0.01s
[2025-12-16T20:44:49.819+0800][2.192s][info][gc,start    ] GC(224) Pause Young (Normal) (G1 Evacuation Pause)
[2025-12-16T20:44:49.819+0800][2.192s][info][gc,task     ] GC(224) Using 2 workers of 9 for evacuation
[2025-12-16T20:44:49.819+0800][2.192s][info][gc,phases   ] GC(224)   Pre Evacuate Collection Set: 0.01ms
[2025-12-16T20:44:49.819+0800][2.192s][info][gc,phases   ] GC(224)   Merge Heap Roots: 0.00ms
[2025-12-16T20:44:49.819+0800][2.192s][info][gc,phases   ] GC(224)   Evacuate Collection Set: 0.01ms
[2025-12-16T20:44:49.819+0800][2.192s][info][gc,phases   ] GC(224)   Post Evacuate Collection Set: 0.02ms
[2025-12-16T20:44:49.819+0800][2.192s][info][gc,phases   ] GC(224)   Other: 0.02ms
[2025-12-16T20:44:49.819+0800][2.192s][info][gc,heap     ] GC(224) Eden regions: 15->0(15)
[2025-12-16T20:44:49.819+0800][2.192s][info][gc,heap     ] GC(224) Survivor regions: 1->1(2)
[2025-12-16T20:44:49.819+0800][2.192s][info][gc,heap     ] GC(224) Old regions: 2->2
[2025-12-16T20:44:49.819+0800][2.192s][info][gc,heap     ] GC(224) Humongous regions: 0->0
[2025-12-16T20:44:49.819+0800][2.192s][info][gc,metaspace] GC(224) Metaspace: 91K(320K)->91K(320K) NonClass: 83K(192K)->83K(192K) Class: 8K(128K)->8K(128K)
[2025-12-16T20:44:49.819+0800][2.192s][info][gc          ] GC(224) Pause Young (Normal) (G1 Evacuation Pause) 31M->1M(56M) 0.104ms
[2025-12-16T20:44:49.819+0800][2.192s][info][gc,cpu      ] GC(224) User=0.00s Sys=0.00s Real=0.00s
[2025-12-16T20:44:49.829+0800][2.202s][info][gc,start    ] GC(225) Pause Young (Normal) (G1 Evacuation Pause)
[2025-12-16T20:44:49.829+0800][2.202s][info][gc,task     ] GC(225) Using 2 workers of 9 for evacuation
[2025-12-16T20:44:49.829+0800][2.202s][info][gc,phases   ] GC(225)   Pre Evacuate Collection Set: 0.01ms
[2025-12-16T20:44:49.829+0800][2.202s][info][gc,phases   ] GC(225)   Merge Heap Roots: 0.01ms
[2025-12-16T20:44:49.829+0800][2.202s][info][gc,phases   ] GC(225)   Evacuate Collection Set: 0.01ms
[2025-12-16T20:44:49.829+0800][2.202s][info][gc,phases   ] GC(225)   Post Evacuate Collection Set: 0.03ms
[2025-12-16T20:44:49.829+0800][2.202s][info][gc,phases   ] GC(225)   Other: 0.02ms
[2025-12-16T20:44:49.829+0800][2.202s][info][gc,heap     ] GC(225) Eden regions: 15->0(15)
[2025-12-16T20:44:49.829+0800][2.202s][info][gc,heap     ] GC(225) Survivor regions: 1->1(2)
[2025-12-16T20:44:49.829+0800][2.202s][info][gc,heap     ] GC(225) Old regions: 2->2
[2025-12-16T20:44:49.829+0800][2.202s][info][gc,heap     ] GC(225) Humongous regions: 0->0
[2025-12-16T20:44:49.829+0800][2.202s][info][gc,metaspace] GC(225) Metaspace: 91K(320K)->91K(320K) NonClass: 83K(192K)->83K(192K) Class: 8K(128K)->8K(128K)
[2025-12-16T20:44:49.829+0800][2.202s][info][gc          ] GC(225) Pause Young (Normal) (G1 Evacuation Pause) 31M->1M(56M) 0.117ms
[2025-12-16T20:44:49.829+0800][2.202s][info][gc,cpu      ] GC(225) User=0.00s Sys=0.00s Real=0.00s
[2025-12-16T20:44:49.839+0800][2.211s][info][gc,start    ] GC(226) Pause Young (Normal) (G1 Evacuation Pause)
[2025-12-16T20:44:49.839+0800][2.211s][info][gc,task     ] GC(226) Using 2 workers of 9 for evacuation
[2025-12-16T20:44:49.839+0800][2.212s][info][gc,phases   ] GC(226)   Pre Evacuate Collection Set: 0.01ms
[2025-12-16T20:44:49.839+0800][2.212s][info][gc,phases   ] GC(226)   Merge Heap Roots: 0.00ms
[2025-12-16T20:44:49.839+0800][2.212s][info][gc,phases   ] GC(226)   Evacuate Collection Set: 0.01ms
[2025-12-16T20:44:49.839+0800][2.212s][info][gc,phases   ] GC(226)   Post Evacuate Collection Set: 0.02ms
[2025-12-16T20:44:49.839+0800][2.212s][info][gc,phases   ] GC(226)   Other: 0.02ms
[2025-12-16T20:44:49.839+0800][2.212s][info][gc,heap     ] GC(226) Eden regions: 15->0(15)
[2025-12-16T20:44:49.839+0800][2.212s][info][gc,heap     ] GC(226) Survivor regions: 1->1(2)
[2025-12-16T20:44:49.839+0800][2.212s][info][gc,heap     ] GC(226) Old regions: 2->2
[2025-12-16T20:44:49.839+0800][2.212s][info][gc,heap     ] GC(226) Humongous regions: 0->0
[2025-12-16T20:44:49.839+0800][2.212s][info][gc,metaspace] GC(226) Metaspace: 91K(320K)->91K(320K) NonClass: 83K(192K)->83K(192K) Class: 8K(128K)->8K(128K)
[2025-12-16T20:44:49.839+0800][2.212s][info][gc          ] GC(226) Pause Young (Normal) (G1 Evacuation Pause) 31M->1M(56M) 0.110ms
[2025-12-16T20:44:49.839+0800][2.212s][info][gc,cpu      ] GC(226) User=0.00s Sys=0.00s Real=0.00s
[2025-12-16T20:44:49.845+0800][2.218s][info][gc,exit     ] Heap
[2025-12-16T20:44:49.845+0800][2.218s][info][gc,exit     ]  garbage-first heap   total reserved 4194304K, committed 57344K, used 21732K [0x00000003c0000000, 0x00000004c0000000)
[2025-12-16T20:44:49.845+0800][2.218s][info][gc,exit     ]   region size 2M, 10 eden (20M), 1 survivor (2M), 2 old (4M), 0 humongous (0M), 15 free (30M)
[2025-12-16T20:44:49.845+0800][2.218s][info][gc,exit     ]  Metaspace       used 93K, committed 320K, reserved 1114112K
[2025-12-16T20:44:49.845+0800][2.218s][info][gc,exit     ]   class space    used 8K, committed 128K, reserved 1048576K
