[2025-12-16T20:44:43.186+0800][0.008s][info][gc,init] CardTable entry size: 512
[2025-12-16T20:44:43.186+0800][0.008s][info][gc     ] Using Serial
[2025-12-16T20:44:43.186+0800][0.008s][info][gc,init] Version: 26-ea+25-2529 (release)
[2025-12-16T20:44:43.186+0800][0.008s][info][gc,init] CPUs: 10 total, 10 available
[2025-12-16T20:44:43.186+0800][0.008s][info][gc,init] Memory: 16384M
[2025-12-16T20:44:43.186+0800][0.008s][info][gc,init] Large Page Support: Disabled
[2025-12-16T20:44:43.186+0800][0.008s][info][gc,init] NUMA Support: Disabled
[2025-12-16T20:44:43.186+0800][0.008s][info][gc,init] Compressed Oops: Enabled (Zero based)
[2025-12-16T20:44:43.186+0800][0.008s][info][gc,init] Heap Min Capacity: 8M
[2025-12-16T20:44:43.186+0800][0.008s][info][gc,init] Heap Initial Capacity: 40M
[2025-12-16T20:44:43.186+0800][0.008s][info][gc,init] Heap Max Capacity: 4G
[2025-12-16T20:44:43.186+0800][0.008s][info][gc,init] Pre-touch: Disabled
[2025-12-16T20:44:43.197+0800][0.018s][info][gc,metaspace] CDS archive(s) mapped at: [0x00007fe000000000-0x00007fe000da8000-0x00007fe000da8000), size 14319616, SharedBaseAddress: 0x00007fe000000000, ArchiveRelocationMode: 1.
[2025-12-16T20:44:43.197+0800][0.018s][info][gc,metaspace] Compressed class space mapped at: 0x00007fe001000000-0x00007fe041000000, reserved size: 1073741824
[2025-12-16T20:44:43.197+0800][0.018s][info][gc,metaspace] UseCompressedClassPointers 1, UseCompactObjectHeaders 0
[2025-12-16T20:44:43.197+0800][0.018s][info][gc,metaspace] Narrow klass pointer bits 32, Max shift 3
[2025-12-16T20:44:43.197+0800][0.018s][info][gc,metaspace] Narrow klass base: 0x00007fe000000000, Narrow klass shift: 0
[2025-12-16T20:44:43.197+0800][0.018s][info][gc,metaspace] Encoding Range: [0x00007fe000000000 - 0x00007fe100000000), (4294967296 bytes)
[2025-12-16T20:44:43.197+0800][0.018s][info][gc,metaspace] Klass Range:    [0x00007fe000000000 - 0x00007fe041000000), (1090519040 bytes)
[2025-12-16T20:44:43.197+0800][0.018s][info][gc,metaspace] Klass ID Range:  [8 - 1090519033) (1090519025)
[2025-12-16T20:44:43.197+0800][0.018s][info][gc,metaspace] Protection zone: [0x00007fe000000000 - 0x00007fe000004000), (16384 bytes)
[2025-12-16T20:44:43.215+0800][0.036s][info][gc,start    ] GC(0) Pause Young (Allocation Failure)
[2025-12-16T20:44:43.215+0800][0.036s][info][gc,heap     ] GC(0) DefNew: 10944K(12288K)->86K(12288K) Eden: 10944K(10944K)->0K(10944K) From: 0K(1344K)->86K(1344K)
[2025-12-16T20:44:43.215+0800][0.036s][info][gc,heap     ] GC(0) Tenured: 1163K(27328K)->1163K(27328K)
[2025-12-16T20:44:43.215+0800][0.036s][info][gc,metaspace] GC(0) Metaspace: 89K(320K)->89K(320K) NonClass: 81K(192K)->81K(192K) Class: 8K(128K)->8K(128K)
[2025-12-16T20:44:43.215+0800][0.036s][info][gc          ] GC(0) Pause Young (Allocation Failure) 11M->1M(38M) 0.284ms
[2025-12-16T20:44:43.215+0800][0.036s][info][gc,cpu      ] GC(0) User=0.00s Sys=0.00s Real=0.00s
[2025-12-16T20:44:43.219+0800][0.040s][info][gc,start    ] GC(1) Pause Young (Allocation Failure)
[2025-12-16T20:44:43.219+0800][0.040s][info][gc,heap     ] GC(1) DefNew: 11030K(12288K)->85K(12352K) Eden: 10944K(10944K)->0K(11008K) From: 86K(1344K)->85K(1344K)
[2025-12-16T20:44:43.219+0800][0.040s][info][gc,heap     ] GC(1) Tenured: 1163K(27328K)->1163K(27328K)
[2025-12-16T20:44:43.219+0800][0.040s][info][gc,metaspace] GC(1) Metaspace: 90K(320K)->90K(320K) NonClass: 82K(192K)->82K(192K) Class: 8K(128K)->8K(128K)
[2025-12-16T20:44:43.219+0800][0.040s][info][gc          ] GC(1) Pause Young (Allocation Failure) 11M->1M(38M) 0.105ms
[2025-12-16T20:44:43.219+0800][0.040s][info][gc,cpu      ] GC(1) User=0.00s Sys=0.00s Real=0.00s
[2025-12-16T20:44:43.222+0800][0.044s][info][gc,start    ] GC(2) Pause Young (Allocation Failure)
[2025-12-16T20:44:43.222+0800][0.044s][info][gc,heap     ] GC(2) DefNew: 11093K(12352K)->84K(12352K) Eden: 11008K(11008K)->0K(11008K) From: 85K(1344K)->84K(1344K)
[2025-12-16T20:44:43.222+0800][0.044s][info][gc,heap     ] GC(2) Tenured: 1163K(27328K)->1163K(27328K)
[2025-12-16T20:44:43.222+0800][0.044s][info][gc,metaspace] GC(2) Metaspace: 91K(320K)->91K(320K) NonClass: 82K(192K)->82K(192K) Class: 8K(128K)->8K(128K)
[2025-12-16T20:44:43.222+0800][0.044s][info][gc          ] GC(2) Pause Young (Allocation Failure) 11M->1M(38M) 0.081ms
[2025-12-16T20:44:43.222+0800][0.044s][info][gc,cpu      ] GC(2) User=0.00s Sys=0.00s Real=0.00s
[2025-12-16T20:44:43.226+0800][0.047s][info][gc,start    ] GC(3) Pause Young (Allocation Failure)
[2025-12-16T20:44:43.226+0800][0.047s][info][gc,heap     ] GC(3) DefNew: 11092K(12352K)->84K(12352K) Eden: 11008K(11008K)->0K(11008K) From: 84K(1344K)->84K(1344K)
[2025-12-16T20:44:43.226+0800][0.047s][info][gc,heap     ] GC(3) Tenured: 1163K(27328K)->1163K(27328K)
[2025-12-16T20:44:43.226+0800][0.047s][info][gc,metaspace] GC(3) Metaspace: 91K(320K)->91K(320K) NonClass: 82K(192K)->82K(192K) Class: 8K(128K)->8K(128K)
[2025-12-16T20:44:43.226+0800][0.047s][info][gc          ] GC(3) Pause Young (Allocation Failure) 11M->1M(38M) 0.060ms
[2025-12-16T20:44:43.226+0800][0.047s][info][gc,cpu      ] GC(3) User=0.00s Sys=0.00s Real=0.00s
[2025-12-16T20:44:43.230+0800][0.051s][info][gc,start    ] GC(4) Pause Young (Allocation Failure)
[2025-12-16T20:44:43.230+0800][0.051s][info][gc,heap     ] GC(4) DefNew: 11092K(12352K)->84K(12352K) Eden: 11008K(11008K)->0K(11008K) From: 84K(1344K)->84K(1344K)
[2025-12-16T20:44:43.230+0800][0.051s][info][gc,heap     ] GC(4) Tenured: 1163K(27328K)->1163K(27328K)
[2025-12-16T20:44:43.230+0800][0.051s][info][gc,metaspace] GC(4) Metaspace: 91K(320K)->91K(320K) NonClass: 82K(192K)->82K(192K) Class: 8K(128K)->8K(128K)
[2025-12-16T20:44:43.230+0800][0.051s][info][gc          ] GC(4) Pause Young (Allocation Failure) 11M->1M(38M) 0.052ms
[2025-12-16T20:44:43.230+0800][0.051s][info][gc,cpu      ] GC(4) User=0.00s Sys=0.00s Real=0.00s
[2025-12-16T20:44:43.233+0800][0.055s][info][gc,start    ] GC(5) Pause Young (Allocation Failure)
[2025-12-16T20:44:43.233+0800][0.055s][info][gc,heap     ] GC(5) DefNew: 11092K(12352K)->85K(12352K) Eden: 11008K(11008K)->0K(11008K) From: 84K(1344K)->85K(1344K)
[2025-12-16T20:44:43.233+0800][0.055s][info][gc,heap     ] GC(5) Tenured: 1163K(27328K)->1163K(27328K)
[2025-12-16T20:44:43.233+0800][0.055s][info][gc,metaspace] GC(5) Metaspace: 91K(320K)->91K(320K) NonClass: 82K(192K)->82K(192K) Class: 8K(128K)->8K(128K)
[2025-12-16T20:44:43.233+0800][0.055s][info][gc          ] GC(5) Pause Young (Allocation Failure) 11M->1M(38M) 0.050ms
[2025-12-16T20:44:43.233+0800][0.055s][info][gc,cpu      ] GC(5) User=0.00s Sys=0.00s Real=0.00s
[2025-12-16T20:44:43.237+0800][0.058s][info][gc,start    ] GC(6) Pause Young (Allocation Failure)
[2025-12-16T20:44:43.237+0800][0.058s][info][gc,heap     ] GC(6) DefNew: 11093K(12352K)->84K(12352K) Eden: 11008K(11008K)->0K(11008K) From: 85K(1344K)->84K(1344K)
[2025-12-16T20:44:43.237+0800][0.058s][info][gc,heap     ] GC(6) Tenured: 1163K(27328K)->1163K(27328K)
[2025-12-16T20:44:43.237+0800][0.058s][info][gc,metaspace] GC(6) Metaspace: 91K(320K)->91K(320K) NonClass: 82K(192K)->82K(192K) Class: 8K(128K)->8K(128K)
[2025-12-16T20:44:43.237+0800][0.058s][info][gc          ] GC(6) Pause Young (Allocation Failure) 11M->1M(38M) 0.048ms
[2025-12-16T20:44:43.237+0800][0.058s][info][gc,cpu      ] GC(6) User=0.00s Sys=0.00s Real=0.00s
[2025-12-16T20:44:43.240+0800][0.062s][info][gc,start    ] GC(7) Pause Young (Allocation Failure)
[2025-12-16T20:44:43.240+0800][0.062s][info][gc,heap     ] GC(7) DefNew: 11092K(12352K)->84K(12352K) Eden: 11008K(11008K)->0K(11008K) From: 84K(1344K)->84K(1344K)
[2025-12-16T20:44:43.240+0800][0.062s][info][gc,heap     ] GC(7) Tenured: 1163K(27328K)->1163K(27328K)
[2025-12-16T20:44:43.240+0800][0.062s][info][gc,metaspace] GC(7) Metaspace: 91K(320K)->91K(320K) NonClass: 82K(192K)->82K(192K) Class: 8K(128K)->8K(128K)
[2025-12-16T20:44:43.240+0800][0.062s][info][gc          ] GC(7) Pause Young (Allocation Failure) 11M->1M(38M) 0.080ms
[2025-12-16T20:44:43.240+0800][0.062s][info][gc,cpu      ] GC(7) User=0.00s Sys=0.00s Real=0.00s
[2025-12-16T20:44:43.244+0800][0.066s][info][gc,start    ] GC(8) Pause Young (Allocation Failure)
[2025-12-16T20:44:43.244+0800][0.066s][info][gc,heap     ] GC(8) DefNew: 11092K(12352K)->85K(12352K) Eden: 11008K(11008K)->0K(11008K) From: 84K(1344K)->85K(1344K)
[2025-12-16T20:44:43.244+0800][0.066s][info][gc,heap     ] GC(8) Tenured: 1163K(27328K)->1163K(27328K)
[2025-12-16T20:44:43.244+0800][0.066s][info][gc,metaspace] GC(8) Metaspace: 91K(320K)->91K(320K) NonClass: 83K(192K)->83K(192K) Class: 8K(128K)->8K(128K)
[2025-12-16T20:44:43.244+0800][0.066s][info][gc          ] GC(8) Pause Young (Allocation Failure) 11M->1M(38M) 0.069ms
[2025-12-16T20:44:43.244+0800][0.066s][info][gc,cpu      ] GC(8) User=0.00s Sys=0.00s Real=0.00s
[2025-12-16T20:44:43.248+0800][0.069s][info][gc,start    ] GC(9) Pause Young (Allocation Failure)
[2025-12-16T20:44:43.248+0800][0.069s][info][gc,heap     ] GC(9) DefNew: 11093K(12352K)->84K(12352K) Eden: 11008K(11008K)->0K(11008K) From: 85K(1344K)->84K(1344K)
[2025-12-16T20:44:43.248+0800][0.069s][info][gc,heap     ] GC(9) Tenured: 1163K(27328K)->1163K(27328K)
[2025-12-16T20:44:43.248+0800][0.069s][info][gc,metaspace] GC(9) Metaspace: 91K(320K)->91K(320K) NonClass: 83K(192K)->83K(192K) Class: 8K(128K)->8K(128K)
[2025-12-16T20:44:43.248+0800][0.069s][info][gc          ] GC(9) Pause Young (Allocation Failure) 11M->1M(38M) 0.064ms
[2025-12-16T20:44:43.248+0800][0.069s][info][gc,cpu      ] GC(9) User=0.00s Sys=0.00s Real=0.00s
[2025-12-16T20:44:43.251+0800][0.073s][info][gc,start    ] GC(10) Pause Young (Allocation Failure)
[2025-12-16T20:44:43.251+0800][0.073s][info][gc,heap     ] GC(10) DefNew: 11092K(12352K)->84K(12352K) Eden: 11008K(11008K)->0K(11008K) From: 84K(1344K)->84K(1344K)
[2025-12-16T20:44:43.251+0800][0.073s][info][gc,heap     ] GC(10) Tenured: 1163K(27328K)->1163K(27328K)
[2025-12-16T20:44:43.251+0800][0.073s][info][gc,metaspace] GC(10) Metaspace: 91K(320K)->91K(320K) NonClass: 83K(192K)->83K(192K) Class: 8K(128K)->8K(128K)
[2025-12-16T20:44:43.251+0800][0.073s][info][gc          ] GC(10) Pause Young (Allocation Failure) 11M->1M(38M) 0.054ms
[2025-12-16T20:44:43.251+0800][0.073s][info][gc,cpu      ] GC(10) User=0.00s Sys=0.00s Real=0.00s
[2025-12-16T20:44:43.255+0800][0.076s][info][gc,start    ] GC(11) Pause Young (Allocation Failure)
[2025-12-16T20:44:43.255+0800][0.076s][info][gc,heap     ] GC(11) DefNew: 11092K(12352K)->85K(12352K) Eden: 11008K(11008K)->0K(11008K) From: 84K(1344K)->85K(1344K)
[2025-12-16T20:44:43.255+0800][0.076s][info][gc,heap     ] GC(11) Tenured: 1163K(27328K)->1163K(27328K)
[2025-12-16T20:44:43.255+0800][0.076s][info][gc,metaspace] GC(11) Metaspace: 91K(320K)->91K(320K) NonClass: 83K(192K)->83K(192K) Class: 8K(128K)->8K(128K)
[2025-12-16T20:44:43.255+0800][0.076s][info][gc          ] GC(11) Pause Young (Allocation Failure) 11M->1M(38M) 0.061ms
[2025-12-16T20:44:43.255+0800][0.076s][info][gc,cpu      ] GC(11) User=0.00s Sys=0.00s Real=0.00s
[2025-12-16T20:44:43.258+0800][0.080s][info][gc,start    ] GC(12) Pause Young (Allocation Failure)
[2025-12-16T20:44:43.258+0800][0.080s][info][gc,heap     ] GC(12) DefNew: 11093K(12352K)->86K(12352K) Eden: 11008K(11008K)->0K(11008K) From: 85K(1344K)->86K(1344K)
[2025-12-16T20:44:43.258+0800][0.080s][info][gc,heap     ] GC(12) Tenured: 1163K(27328K)->1163K(27328K)
[2025-12-16T20:44:43.258+0800][0.080s][info][gc,metaspace] GC(12) Metaspace: 91K(320K)->91K(320K) NonClass: 83K(192K)->83K(192K) Class: 8K(128K)->8K(128K)
[2025-12-16T20:44:43.258+0800][0.080s][info][gc          ] GC(12) Pause Young (Allocation Failure) 11M->1M(38M) 0.056ms
[2025-12-16T20:44:43.258+0800][0.080s][info][gc,cpu      ] GC(12) User=0.00s Sys=0.00s Real=0.00s
[2025-12-16T20:44:43.262+0800][0.083s][info][gc,start    ] GC(13) Pause Young (Allocation Failure)
[2025-12-16T20:44:43.262+0800][0.083s][info][gc,heap     ] GC(13) DefNew: 11094K(12352K)->86K(12352K) Eden: 11008K(11008K)->0K(11008K) From: 86K(1344K)->86K(1344K)
[2025-12-16T20:44:43.262+0800][0.083s][info][gc,heap     ] GC(13) Tenured: 1163K(27328K)->1163K(27328K)
[2025-12-16T20:44:43.262+0800][0.083s][info][gc,metaspace] GC(13) Metaspace: 91K(320K)->91K(320K) NonClass: 83K(192K)->83K(192K) Class: 8K(128K)->8K(128K)
[2025-12-16T20:44:43.262+0800][0.083s][info][gc          ] GC(13) Pause Young (Allocation Failure) 11M->1M(38M) 0.053ms
[2025-12-16T20:44:43.262+0800][0.083s][info][gc,cpu      ] GC(13) User=0.00s Sys=0.00s Real=0.00s
[2025-12-16T20:44:43.265+0800][0.087s][info][gc,start    ] GC(14) Pause Young (Allocation Failure)
[2025-12-16T20:44:43.265+0800][0.087s][info][gc,heap     ] GC(14) DefNew: 11094K(12352K)->84K(12352K) Eden: 11008K(11008K)->0K(11008K) From: 86K(1344K)->84K(1344K)
[2025-12-16T20:44:43.265+0800][0.087s][info][gc,heap     ] GC(14) Tenured: 1163K(27328K)->1163K(27328K)
[2025-12-16T20:44:43.265+0800][0.087s][info][gc,metaspace] GC(14) Metaspace: 91K(320K)->91K(320K) NonClass: 83K(192K)->83K(192K) Class: 8K(128K)->8K(128K)
[2025-12-16T20:44:43.265+0800][0.087s][info][gc          ] GC(14) Pause Young (Allocation Failure) 11M->1M(38M) 0.047ms
[2025-12-16T20:44:43.265+0800][0.087s][info][gc,cpu      ] GC(14) User=0.00s Sys=0.00s Real=0.00s
[2025-12-16T20:44:43.269+0800][0.090s][info][gc,start    ] GC(15) Pause Young (Allocation Failure)
[2025-12-16T20:44:43.269+0800][0.090s][info][gc,heap     ] GC(15) DefNew: 11092K(12352K)->2K(12352K) Eden: 11008K(11008K)->0K(11008K) From: 84K(1344K)->2K(1344K)
[2025-12-16T20:44:43.269+0800][0.090s][info][gc,heap     ] GC(15) Tenured: 1163K(27328K)->1245K(27328K)
[2025-12-16T20:44:43.269+0800][0.090s][info][gc,metaspace] GC(15) Metaspace: 91K(320K)->91K(320K) NonClass: 83K(192K)->83K(192K) Class: 8K(128K)->8K(128K)
[2025-12-16T20:44:43.269+0800][0.090s][info][gc          ] GC(15) Pause Young (Allocation Failure) 11M->1M(38M) 0.106ms
[2025-12-16T20:44:43.269+0800][0.090s][info][gc,cpu      ] GC(15) User=0.00s Sys=0.00s Real=0.00s
[2025-12-16T20:44:43.272+0800][0.094s][info][gc,start    ] GC(16) Pause Young (Allocation Failure)
[2025-12-16T20:44:43.272+0800][0.094s][info][gc,heap     ] GC(16) DefNew: 11010K(12352K)->2K(12352K) Eden: 11008K(11008K)->0K(11008K) From: 2K(1344K)->2K(1344K)
[2025-12-16T20:44:43.272+0800][0.094s][info][gc,heap     ] GC(16) Tenured: 1245K(27328K)->1245K(27328K)
[2025-12-16T20:44:43.272+0800][0.094s][info][gc,metaspace] GC(16) Metaspace: 91K(320K)->91K(320K) NonClass: 83K(192K)->83K(192K) Class: 8K(128K)->8K(128K)
[2025-12-16T20:44:43.272+0800][0.094s][info][gc          ] GC(16) Pause Young (Allocation Failure) 11M->1M(38M) 0.030ms
[2025-12-16T20:44:43.272+0800][0.094s][info][gc,cpu      ] GC(16) User=0.00s Sys=0.00s Real=0.00s
[2025-12-16T20:44:43.276+0800][0.097s][info][gc,start    ] GC(17) Pause Young (Allocation Failure)
[2025-12-16T20:44:43.276+0800][0.097s][info][gc,heap     ] GC(17) DefNew: 11010K(12352K)->2K(12352K) Eden: 11008K(11008K)->0K(11008K) From: 2K(1344K)->2K(1344K)
[2025-12-16T20:44:43.276+0800][0.097s][info][gc,heap     ] GC(17) Tenured: 1245K(27328K)->1245K(27328K)
[2025-12-16T20:44:43.276+0800][0.097s][info][gc,metaspace] GC(17) Metaspace: 91K(320K)->91K(320K) NonClass: 83K(192K)->83K(192K) Class: 8K(128K)->8K(128K)
[2025-12-16T20:44:43.276+0800][0.097s][info][gc          ] GC(17) Pause Young (Allocation Failure) 11M->1M(38M) 0.031ms
[2025-12-16T20:44:43.276+0800][0.097s][info][gc,cpu      ] GC(17) User=0.00s Sys=0.00s Real=0.00s
[2025-12-16T20:44:43.279+0800][0.101s][info][gc,start    ] GC(18) Pause Young (Allocation Failure)
[2025-12-16T20:44:43.279+0800][0.101s][info][gc,heap     ] GC(18) DefNew: 11010K(12352K)->1K(12352K) Eden: 11008K(11008K)->0K(11008K) From: 2K(1344K)->1K(1344K)
[2025-12-16T20:44:43.279+0800][0.101s][info][gc,heap     ] GC(18) Tenured: 1245K(27328K)->1245K(27328K)
[2025-12-16T20:44:43.279+0800][0.101s][info][gc,metaspace] GC(18) Metaspace: 91K(320K)->91K(320K) NonClass: 83K(192K)->83K(192K) Class: 8K(128K)->8K(128K)
[2025-12-16T20:44:43.279+0800][0.101s][info][gc          ] GC(18) Pause Young (Allocation Failure) 11M->1M(38M) 0.026ms
[2025-12-16T20:44:43.279+0800][0.101s][info][gc,cpu      ] GC(18) User=0.00s Sys=0.00s Real=0.00s
[2025-12-16T20:44:43.282+0800][0.104s][info][gc,start    ] GC(19) Pause Young (Allocation Failure)
[2025-12-16T20:44:43.283+0800][0.104s][info][gc,heap     ] GC(19) DefNew: 11009K(12352K)->3K(12352K) Eden: 11008K(11008K)->0K(11008K) From: 1K(1344K)->3K(1344K)
[2025-12-16T20:44:43.283+0800][0.104s][info][gc,heap     ] GC(19) Tenured: 1245K(27328K)->1245K(27328K)
[2025-12-16T20:44:43.283+0800][0.104s][info][gc,metaspace] GC(19) Metaspace: 91K(320K)->91K(320K) NonClass: 83K(192K)->83K(192K) Class: 8K(128K)->8K(128K)
[2025-12-16T20:44:43.283+0800][0.104s][info][gc          ] GC(19) Pause Young (Allocation Failure) 11M->1M(38M) 0.031ms
[2025-12-16T20:44:43.283+0800][0.104s][info][gc,cpu      ] GC(19) User=0.00s Sys=0.00s Real=0.00s
[2025-12-16T20:44:43.286+0800][0.107s][info][gc,start    ] GC(20) Pause Young (Allocation Failure)
[2025-12-16T20:44:43.286+0800][0.107s][info][gc,heap     ] GC(20) DefNew: 11011K(12352K)->2K(12352K) Eden: 11008K(11008K)->0K(11008K) From: 3K(1344K)->2K(1344K)
[2025-12-16T20:44:43.286+0800][0.107s][info][gc,heap     ] GC(20) Tenured: 1245K(27328K)->1245K(27328K)
[2025-12-16T20:44:43.286+0800][0.107s][info][gc,metaspace] GC(20) Metaspace: 91K(320K)->91K(320K) NonClass: 83K(192K)->83K(192K) Class: 8K(128K)->8K(128K)
[2025-12-16T20:44:43.286+0800][0.107s][info][gc          ] GC(20) Pause Young (Allocation Failure) 11M->1M(38M) 0.024ms
[2025-12-16T20:44:43.286+0800][0.107s][info][gc,cpu      ] GC(20) User=0.00s Sys=0.00s Real=0.00s
[2025-12-16T20:44:43.289+0800][0.111s][info][gc,start    ] GC(21) Pause Young (Allocation Failure)
[2025-12-16T20:44:43.289+0800][0.111s][info][gc,heap     ] GC(21) DefNew: 11010K(12352K)->2K(12352K) Eden: 11008K(11008K)->0K(11008K) From: 2K(1344K)->2K(1344K)
[2025-12-16T20:44:43.289+0800][0.111s][info][gc,heap     ] GC(21) Tenured: 1245K(27328K)->1245K(27328K)
[2025-12-16T20:44:43.289+0800][0.111s][info][gc,metaspace] GC(21) Metaspace: 91K(320K)->91K(320K) NonClass: 83K(192K)->83K(192K) Class: 8K(128K)->8K(128K)
[2025-12-16T20:44:43.289+0800][0.111s][info][gc          ] GC(21) Pause Young (Allocation Failure) 11M->1M(38M) 0.046ms
[2025-12-16T20:44:43.289+0800][0.111s][info][gc,cpu      ] GC(21) User=0.00s Sys=0.00s Real=0.00s
[2025-12-16T20:44:43.293+0800][0.114s][info][gc,start    ] GC(22) Pause Young (Allocation Failure)
[2025-12-16T20:44:43.293+0800][0.114s][info][gc,heap     ] GC(22) DefNew: 11010K(12352K)->2K(12352K) Eden: 11008K(11008K)->0K(11008K) From: 2K(1344K)->2K(1344K)
[2025-12-16T20:44:43.293+0800][0.114s][info][gc,heap     ] GC(22) Tenured: 1245K(27328K)->1245K(27328K)
[2025-12-16T20:44:43.293+0800][0.114s][info][gc,metaspace] GC(22) Metaspace: 91K(320K)->91K(320K) NonClass: 83K(192K)->83K(192K) Class: 8K(128K)->8K(128K)
[2025-12-16T20:44:43.293+0800][0.114s][info][gc          ] GC(22) Pause Young (Allocation Failure) 11M->1M(38M) 0.032ms
[2025-12-16T20:44:43.293+0800][0.114s][info][gc,cpu      ] GC(22) User=0.00s Sys=0.00s Real=0.00s
[2025-12-16T20:44:43.296+0800][0.118s][info][gc,start    ] GC(23) Pause Young (Allocation Failure)
[2025-12-16T20:44:43.296+0800][0.118s][info][gc,heap     ] GC(23) DefNew: 11010K(12352K)->3K(12352K) Eden: 11008K(11008K)->0K(11008K) From: 2K(1344K)->3K(1344K)
[2025-12-16T20:44:43.296+0800][0.118s][info][gc,heap     ] GC(23) Tenured: 1245K(27328K)->1245K(27328K)
[2025-12-16T20:44:43.296+0800][0.118s][info][gc,metaspace] GC(23) Metaspace: 91K(320K)->91K(320K) NonClass: 83K(192K)->83K(192K) Class: 8K(128K)->8K(128K)
[2025-12-16T20:44:43.296+0800][0.118s][info][gc          ] GC(23) Pause Young (Allocation Failure) 11M->1M(38M) 0.027ms
[2025-12-16T20:44:43.296+0800][0.118s][info][gc,cpu      ] GC(23) User=0.00s Sys=0.00s Real=0.00s
[2025-12-16T20:44:43.300+0800][0.121s][info][gc,start    ] GC(24) Pause Young (Allocation Failure)
[2025-12-16T20:44:43.300+0800][0.121s][info][gc,heap     ] GC(24) DefNew: 11011K(12352K)->1K(12352K) Eden: 11008K(11008K)->0K(11008K) From: 3K(1344K)->1K(1344K)
[2025-12-16T20:44:43.300+0800][0.121s][info][gc,heap     ] GC(24) Tenured: 1245K(27328K)->1245K(27328K)
[2025-12-16T20:44:43.300+0800][0.121s][info][gc,metaspace] GC(24) Metaspace: 91K(320K)->91K(320K) NonClass: 83K(192K)->83K(192K) Class: 8K(128K)->8K(128K)
[2025-12-16T20:44:43.300+0800][0.121s][info][gc          ] GC(24) Pause Young (Allocation Failure) 11M->1M(38M) 0.025ms
[2025-12-16T20:44:43.300+0800][0.121s][info][gc,cpu      ] GC(24) User=0.00s Sys=0.00s Real=0.00s
[2025-12-16T20:44:43.303+0800][0.124s][info][gc,start    ] GC(25) Pause Young (Allocation Failure)
[2025-12-16T20:44:43.303+0800][0.124s][info][gc,heap     ] GC(25) DefNew: 11009K(12352K)->2K(12352K) Eden: 11008K(11008K)->0K(11008K) From: 1K(1344K)->2K(1344K)
[2025-12-16T20:44:43.303+0800][0.124s][info][gc,heap     ] GC(25) Tenured: 1245K(27328K)->1245K(27328K)
[2025-12-16T20:44:43.303+0800][0.124s][info][gc,metaspace] GC(25) Metaspace: 91K(320K)->91K(320K) NonClass: 83K(192K)->83K(192K) Class: 8K(128K)->8K(128K)
[2025-12-16T20:44:43.303+0800][0.124s][info][gc          ] GC(25) Pause Young (Allocation Failure) 11M->1M(38M) 0.025ms
[2025-12-16T20:44:43.303+0800][0.124s][info][gc,cpu      ] GC(25) User=0.00s Sys=0.00s Real=0.00s
[2025-12-16T20:44:43.306+0800][0.128s][info][gc,start    ] GC(26) Pause Young (Allocation Failure)
[2025-12-16T20:44:43.306+0800][0.128s][info][gc,heap     ] GC(26) DefNew: 11010K(12352K)->2K(12352K) Eden: 11008K(11008K)->0K(11008K) From: 2K(1344K)->2K(1344K)
[2025-12-16T20:44:43.306+0800][0.128s][info][gc,heap     ] GC(26) Tenured: 1245K(27328K)->1245K(27328K)
[2025-12-16T20:44:43.306+0800][0.128s][info][gc,metaspace] GC(26) Metaspace: 91K(320K)->91K(320K) NonClass: 83K(192K)->83K(192K) Class: 8K(128K)->8K(128K)
[2025-12-16T20:44:43.306+0800][0.128s][info][gc          ] GC(26) Pause Young (Allocation Failure) 11M->1M(38M) 0.025ms
[2025-12-16T20:44:43.306+0800][0.128s][info][gc,cpu      ] GC(26) User=0.00s Sys=0.00s Real=0.00s
[2025-12-16T20:44:43.310+0800][0.131s][info][gc,start    ] GC(27) Pause Young (Allocation Failure)
[2025-12-16T20:44:43.310+0800][0.131s][info][gc,heap     ] GC(27) DefNew: 11010K(12352K)->2K(12352K) Eden: 11008K(11008K)->0K(11008K) From: 2K(1344K)->2K(1344K)
[2025-12-16T20:44:43.310+0800][0.131s][info][gc,heap     ] GC(27) Tenured: 1245K(27328K)->1245K(27328K)
[2025-12-16T20:44:43.310+0800][0.131s][info][gc,metaspace] GC(27) Metaspace: 91K(320K)->91K(320K) NonClass: 83K(192K)->83K(192K) Class: 8K(128K)->8K(128K)
[2025-12-16T20:44:43.310+0800][0.131s][info][gc          ] GC(27) Pause Young (Allocation Failure) 11M->1M(38M) 0.024ms
[2025-12-16T20:44:43.310+0800][0.131s][info][gc,cpu      ] GC(27) User=0.00s Sys=0.00s Real=0.00s
[2025-12-16T20:44:43.313+0800][0.135s][info][gc,start    ] GC(28) Pause Young (Allocation Failure)
[2025-12-16T20:44:43.313+0800][0.135s][info][gc,heap     ] GC(28) DefNew: 11010K(12352K)->2K(12352K) Eden: 11008K(11008K)->0K(11008K) From: 2K(1344K)->2K(1344K)
[2025-12-16T20:44:43.313+0800][0.135s][info][gc,heap     ] GC(28) Tenured: 1245K(27328K)->1245K(27328K)
[2025-12-16T20:44:43.313+0800][0.135s][info][gc,metaspace] GC(28) Metaspace: 91K(320K)->91K(320K) NonClass: 83K(192K)->83K(192K) Class: 8K(128K)->8K(128K)
[2025-12-16T20:44:43.313+0800][0.135s][info][gc          ] GC(28) Pause Young (Allocation Failure) 11M->1M(38M) 0.025ms
[2025-12-16T20:44:43.313+0800][0.135s][info][gc,cpu      ] GC(28) User=0.00s Sys=0.00s Real=0.00s
[2025-12-16T20:44:43.317+0800][0.138s][info][gc,start    ] GC(29) Pause Young (Allocation Failure)
[2025-12-16T20:44:43.317+0800][0.138s][info][gc,heap     ] GC(29) DefNew: 11010K(12352K)->2K(12352K) Eden: 11008K(11008K)->0K(11008K) From: 2K(1344K)->2K(1344K)
[2025-12-16T20:44:43.317+0800][0.138s][info][gc,heap     ] GC(29) Tenured: 1245K(27328K)->1245K(27328K)
[2025-12-16T20:44:43.317+0800][0.138s][info][gc,metaspace] GC(29) Metaspace: 91K(320K)->91K(320K) NonClass: 83K(192K)->83K(192K) Class: 8K(128K)->8K(128K)
[2025-12-16T20:44:43.317+0800][0.138s][info][gc          ] GC(29) Pause Young (Allocation Failure) 11M->1M(38M) 0.022ms
[2025-12-16T20:44:43.317+0800][0.138s][info][gc,cpu      ] GC(29) User=0.00s Sys=0.00s Real=0.00s
[2025-12-16T20:44:43.320+0800][0.141s][info][gc,start    ] GC(30) Pause Young (Allocation Failure)
[2025-12-16T20:44:43.320+0800][0.141s][info][gc,heap     ] GC(30) DefNew: 11010K(12352K)->2K(12352K) Eden: 11008K(11008K)->0K(11008K) From: 2K(1344K)->2K(1344K)
[2025-12-16T20:44:43.320+0800][0.141s][info][gc,heap     ] GC(30) Tenured: 1245K(27328K)->1245K(27328K)
[2025-12-16T20:44:43.320+0800][0.141s][info][gc,metaspace] GC(30) Metaspace: 91K(320K)->91K(320K) NonClass: 83K(192K)->83K(192K) Class: 8K(128K)->8K(128K)
[2025-12-16T20:44:43.320+0800][0.141s][info][gc          ] GC(30) Pause Young (Allocation Failure) 11M->1M(38M) 0.029ms
[2025-12-16T20:44:43.320+0800][0.141s][info][gc,cpu      ] GC(30) User=0.00s Sys=0.00s Real=0.00s
[2025-12-16T20:44:43.323+0800][0.145s][info][gc,start    ] GC(31) Pause Young (Allocation Failure)
[2025-12-16T20:44:43.323+0800][0.145s][info][gc,heap     ] GC(31) DefNew: 11010K(12352K)->3K(12352K) Eden: 11008K(11008K)->0K(11008K) From: 2K(1344K)->3K(1344K)
[2025-12-16T20:44:43.323+0800][0.145s][info][gc,heap     ] GC(31) Tenured: 1245K(27328K)->1245K(27328K)
[2025-12-16T20:44:43.323+0800][0.145s][info][gc,metaspace] GC(31) Metaspace: 91K(320K)->91K(320K) NonClass: 83K(192K)->83K(192K) Class: 8K(128K)->8K(128K)
[2025-12-16T20:44:43.323+0800][0.145s][info][gc          ] GC(31) Pause Young (Allocation Failure) 11M->1M(38M) 0.030ms
[2025-12-16T20:44:43.323+0800][0.145s][info][gc,cpu      ] GC(31) User=0.00s Sys=0.00s Real=0.00s
[2025-12-16T20:44:43.327+0800][0.148s][info][gc,start    ] GC(32) Pause Young (Allocation Failure)
[2025-12-16T20:44:43.327+0800][0.148s][info][gc,heap     ] GC(32) DefNew: 11011K(12352K)->2K(12352K) Eden: 11008K(11008K)->0K(11008K) From: 3K(1344K)->2K(1344K)
[2025-12-16T20:44:43.327+0800][0.148s][info][gc,heap     ] GC(32) Tenured: 1245K(27328K)->1245K(27328K)
[2025-12-16T20:44:43.327+0800][0.148s][info][gc,metaspace] GC(32) Metaspace: 91K(320K)->91K(320K) NonClass: 83K(192K)->83K(192K) Class: 8K(128K)->8K(128K)
[2025-12-16T20:44:43.327+0800][0.148s][info][gc          ] GC(32) Pause Young (Allocation Failure) 11M->1M(38M) 0.025ms
[2025-12-16T20:44:43.327+0800][0.148s][info][gc,cpu      ] GC(32) User=0.00s Sys=0.00s Real=0.00s
[2025-12-16T20:44:43.330+0800][0.152s][info][gc,start    ] GC(33) Pause Young (Allocation Failure)
[2025-12-16T20:44:43.330+0800][0.152s][info][gc,heap     ] GC(33) DefNew: 11010K(12352K)->2K(12352K) Eden: 11008K(11008K)->0K(11008K) From: 2K(1344K)->2K(1344K)
[2025-12-16T20:44:43.330+0800][0.152s][info][gc,heap     ] GC(33) Tenured: 1245K(27328K)->1245K(27328K)
[2025-12-16T20:44:43.330+0800][0.152s][info][gc,metaspace] GC(33) Metaspace: 91K(320K)->91K(320K) NonClass: 83K(192K)->83K(192K) Class: 8K(128K)->8K(128K)
[2025-12-16T20:44:43.330+0800][0.152s][info][gc          ] GC(33) Pause Young (Allocation Failure) 11M->1M(38M) 0.025ms
[2025-12-16T20:44:43.330+0800][0.152s][info][gc,cpu      ] GC(33) User=0.00s Sys=0.00s Real=0.00s
[2025-12-16T20:44:43.334+0800][0.155s][info][gc,start    ] GC(34) Pause Young (Allocation Failure)
[2025-12-16T20:44:43.334+0800][0.155s][info][gc,heap     ] GC(34) DefNew: 11010K(12352K)->2K(12352K) Eden: 11008K(11008K)->0K(11008K) From: 2K(1344K)->2K(1344K)
[2025-12-16T20:44:43.334+0800][0.155s][info][gc,heap     ] GC(34) Tenured: 1245K(27328K)->1245K(27328K)
[2025-12-16T20:44:43.334+0800][0.155s][info][gc,metaspace] GC(34) Metaspace: 91K(320K)->91K(320K) NonClass: 83K(192K)->83K(192K) Class: 8K(128K)->8K(128K)
[2025-12-16T20:44:43.334+0800][0.155s][info][gc          ] GC(34) Pause Young (Allocation Failure) 11M->1M(38M) 0.024ms
[2025-12-16T20:44:43.334+0800][0.155s][info][gc,cpu      ] GC(34) User=0.00s Sys=0.00s Real=0.00s
[2025-12-16T20:44:43.337+0800][0.158s][info][gc,start    ] GC(35) Pause Young (Allocation Failure)
[2025-12-16T20:44:43.337+0800][0.158s][info][gc,heap     ] GC(35) DefNew: 11010K(12352K)->3K(12352K) Eden: 11008K(11008K)->0K(11008K) From: 2K(1344K)->3K(1344K)
[2025-12-16T20:44:43.337+0800][0.158s][info][gc,heap     ] GC(35) Tenured: 1245K(27328K)->1245K(27328K)
[2025-12-16T20:44:43.337+0800][0.158s][info][gc,metaspace] GC(35) Metaspace: 91K(320K)->91K(320K) NonClass: 83K(192K)->83K(192K) Class: 8K(128K)->8K(128K)
[2025-12-16T20:44:43.337+0800][0.158s][info][gc          ] GC(35) Pause Young (Allocation Failure) 11M->1M(38M) 0.024ms
[2025-12-16T20:44:43.337+0800][0.158s][info][gc,cpu      ] GC(35) User=0.00s Sys=0.00s Real=0.00s
[2025-12-16T20:44:43.340+0800][0.162s][info][gc,start    ] GC(36) Pause Young (Allocation Failure)
[2025-12-16T20:44:43.340+0800][0.162s][info][gc,heap     ] GC(36) DefNew: 11011K(12352K)->1K(12352K) Eden: 11008K(11008K)->0K(11008K) From: 3K(1344K)->1K(1344K)
[2025-12-16T20:44:43.340+0800][0.162s][info][gc,heap     ] GC(36) Tenured: 1245K(27328K)->1245K(27328K)
[2025-12-16T20:44:43.340+0800][0.162s][info][gc,metaspace] GC(36) Metaspace: 91K(320K)->91K(320K) NonClass: 83K(192K)->83K(192K) Class: 8K(128K)->8K(128K)
[2025-12-16T20:44:43.340+0800][0.162s][info][gc          ] GC(36) Pause Young (Allocation Failure) 11M->1M(38M) 0.025ms
[2025-12-16T20:44:43.340+0800][0.162s][info][gc,cpu      ] GC(36) User=0.00s Sys=0.00s Real=0.00s
[2025-12-16T20:44:43.344+0800][0.165s][info][gc,start    ] GC(37) Pause Young (Allocation Failure)
[2025-12-16T20:44:43.344+0800][0.165s][info][gc,heap     ] GC(37) DefNew: 11009K(12352K)->2K(12352K) Eden: 11008K(11008K)->0K(11008K) From: 1K(1344K)->2K(1344K)
[2025-12-16T20:44:43.344+0800][0.165s][info][gc,heap     ] GC(37) Tenured: 1245K(27328K)->1245K(27328K)
[2025-12-16T20:44:43.344+0800][0.165s][info][gc,metaspace] GC(37) Metaspace: 91K(320K)->91K(320K) NonClass: 83K(192K)->83K(192K) Class: 8K(128K)->8K(128K)
[2025-12-16T20:44:43.344+0800][0.165s][info][gc          ] GC(37) Pause Young (Allocation Failure) 11M->1M(38M) 0.024ms
[2025-12-16T20:44:43.344+0800][0.165s][info][gc,cpu      ] GC(37) User=0.00s Sys=0.00s Real=0.00s
[2025-12-16T20:44:43.347+0800][0.169s][info][gc,start    ] GC(38) Pause Young (Allocation Failure)
[2025-12-16T20:44:43.347+0800][0.169s][info][gc,heap     ] GC(38) DefNew: 11010K(12352K)->2K(12352K) Eden: 11008K(11008K)->0K(11008K) From: 2K(1344K)->2K(1344K)
[2025-12-16T20:44:43.347+0800][0.169s][info][gc,heap     ] GC(38) Tenured: 1245K(27328K)->1245K(27328K)
[2025-12-16T20:44:43.347+0800][0.169s][info][gc,metaspace] GC(38) Metaspace: 91K(320K)->91K(320K) NonClass: 83K(192K)->83K(192K) Class: 8K(128K)->8K(128K)
[2025-12-16T20:44:43.347+0800][0.169s][info][gc          ] GC(38) Pause Young (Allocation Failure) 11M->1M(38M) 0.024ms
[2025-12-16T20:44:43.347+0800][0.169s][info][gc,cpu      ] GC(38) User=0.00s Sys=0.00s Real=0.00s
[2025-12-16T20:44:43.350+0800][0.172s][info][gc,start    ] GC(39) Pause Young (Allocation Failure)
[2025-12-16T20:44:43.351+0800][0.172s][info][gc,heap     ] GC(39) DefNew: 11010K(12352K)->1K(12352K) Eden: 11008K(11008K)->0K(11008K) From: 2K(1344K)->1K(1344K)
[2025-12-16T20:44:43.351+0800][0.172s][info][gc,heap     ] GC(39) Tenured: 1245K(27328K)->1245K(27328K)
[2025-12-16T20:44:43.351+0800][0.172s][info][gc,metaspace] GC(39) Metaspace: 91K(320K)->91K(320K) NonClass: 83K(192K)->83K(192K) Class: 8K(128K)->8K(128K)
[2025-12-16T20:44:43.351+0800][0.172s][info][gc          ] GC(39) Pause Young (Allocation Failure) 11M->1M(38M) 0.024ms
[2025-12-16T20:44:43.351+0800][0.172s][info][gc,cpu      ] GC(39) User=0.00s Sys=0.00s Real=0.00s
[2025-12-16T20:44:43.354+0800][0.175s][info][gc,start    ] GC(40) Pause Young (Allocation Failure)
[2025-12-16T20:44:43.354+0800][0.175s][info][gc,heap     ] GC(40) DefNew: 11009K(12352K)->1K(12352K) Eden: 11008K(11008K)->0K(11008K) From: 1K(1344K)->1K(1344K)
[2025-12-16T20:44:43.354+0800][0.175s][info][gc,heap     ] GC(40) Tenured: 1245K(27328K)->1245K(27328K)
[2025-12-16T20:44:43.354+0800][0.175s][info][gc,metaspace] GC(40) Metaspace: 91K(320K)->91K(320K) NonClass: 83K(192K)->83K(192K) Class: 8K(128K)->8K(128K)
[2025-12-16T20:44:43.354+0800][0.175s][info][gc          ] GC(40) Pause Young (Allocation Failure) 11M->1M(38M) 0.027ms
[2025-12-16T20:44:43.354+0800][0.175s][info][gc,cpu      ] GC(40) User=0.00s Sys=0.00s Real=0.00s
[2025-12-16T20:44:43.357+0800][0.179s][info][gc,start    ] GC(41) Pause Young (Allocation Failure)
[2025-12-16T20:44:43.357+0800][0.179s][info][gc,heap     ] GC(41) DefNew: 11009K(12352K)->2K(12352K) Eden: 11008K(11008K)->0K(11008K) From: 1K(1344K)->2K(1344K)
[2025-12-16T20:44:43.357+0800][0.179s][info][gc,heap     ] GC(41) Tenured: 1245K(27328K)->1245K(27328K)
[2025-12-16T20:44:43.357+0800][0.179s][info][gc,metaspace] GC(41) Metaspace: 91K(320K)->91K(320K) NonClass: 83K(192K)->83K(192K) Class: 8K(128K)->8K(128K)
[2025-12-16T20:44:43.357+0800][0.179s][info][gc          ] GC(41) Pause Young (Allocation Failure) 11M->1M(38M) 0.029ms
[2025-12-16T20:44:43.357+0800][0.179s][info][gc,cpu      ] GC(41) User=0.00s Sys=0.00s Real=0.00s
[2025-12-16T20:44:43.361+0800][0.182s][info][gc,start    ] GC(42) Pause Young (Allocation Failure)
[2025-12-16T20:44:43.361+0800][0.182s][info][gc,heap     ] GC(42) DefNew: 11010K(12352K)->2K(12352K) Eden: 11008K(11008K)->0K(11008K) From: 2K(1344K)->2K(1344K)
[2025-12-16T20:44:43.361+0800][0.182s][info][gc,heap     ] GC(42) Tenured: 1245K(27328K)->1245K(27328K)
[2025-12-16T20:44:43.361+0800][0.182s][info][gc,metaspace] GC(42) Metaspace: 91K(320K)->91K(320K) NonClass: 83K(192K)->83K(192K) Class: 8K(128K)->8K(128K)
[2025-12-16T20:44:43.361+0800][0.182s][info][gc          ] GC(42) Pause Young (Allocation Failure) 11M->1M(38M) 0.024ms
[2025-12-16T20:44:43.361+0800][0.182s][info][gc,cpu      ] GC(42) User=0.00s Sys=0.00s Real=0.00s
[2025-12-16T20:44:43.364+0800][0.185s][info][gc,start    ] GC(43) Pause Young (Allocation Failure)
[2025-12-16T20:44:43.364+0800][0.185s][info][gc,heap     ] GC(43) DefNew: 11010K(12352K)->2K(12352K) Eden: 11008K(11008K)->0K(11008K) From: 2K(1344K)->2K(1344K)
[2025-12-16T20:44:43.364+0800][0.185s][info][gc,heap     ] GC(43) Tenured: 1245K(27328K)->1245K(27328K)
[2025-12-16T20:44:43.364+0800][0.185s][info][gc,metaspace] GC(43) Metaspace: 91K(320K)->91K(320K) NonClass: 83K(192K)->83K(192K) Class: 8K(128K)->8K(128K)
[2025-12-16T20:44:43.364+0800][0.185s][info][gc          ] GC(43) Pause Young (Allocation Failure) 11M->1M(38M) 0.024ms
[2025-12-16T20:44:43.364+0800][0.185s][info][gc,cpu      ] GC(43) User=0.00s Sys=0.00s Real=0.00s
[2025-12-16T20:44:43.367+0800][0.189s][info][gc,start    ] GC(44) Pause Young (Allocation Failure)
[2025-12-16T20:44:43.367+0800][0.189s][info][gc,heap     ] GC(44) DefNew: 11010K(12352K)->1K(12352K) Eden: 11008K(11008K)->0K(11008K) From: 2K(1344K)->1K(1344K)
[2025-12-16T20:44:43.367+0800][0.189s][info][gc,heap     ] GC(44) Tenured: 1245K(27328K)->1245K(27328K)
[2025-12-16T20:44:43.367+0800][0.189s][info][gc,metaspace] GC(44) Metaspace: 91K(320K)->91K(320K) NonClass: 83K(192K)->83K(192K) Class: 8K(128K)->8K(128K)
[2025-12-16T20:44:43.367+0800][0.189s][info][gc          ] GC(44) Pause Young (Allocation Failure) 11M->1M(38M) 0.024ms
[2025-12-16T20:44:43.367+0800][0.189s][info][gc,cpu      ] GC(44) User=0.00s Sys=0.00s Real=0.00s
[2025-12-16T20:44:43.371+0800][0.192s][info][gc,start    ] GC(45) Pause Young (Allocation Failure)
[2025-12-16T20:44:43.371+0800][0.192s][info][gc,heap     ] GC(45) DefNew: 11009K(12352K)->2K(12352K) Eden: 11008K(11008K)->0K(11008K) From: 1K(1344K)->2K(1344K)
[2025-12-16T20:44:43.371+0800][0.192s][info][gc,heap     ] GC(45) Tenured: 1245K(27328K)->1245K(27328K)
[2025-12-16T20:44:43.371+0800][0.192s][info][gc,metaspace] GC(45) Metaspace: 91K(320K)->91K(320K) NonClass: 83K(192K)->83K(192K) Class: 8K(128K)->8K(128K)
[2025-12-16T20:44:43.371+0800][0.192s][info][gc          ] GC(45) Pause Young (Allocation Failure) 11M->1M(38M) 0.034ms
[2025-12-16T20:44:43.371+0800][0.192s][info][gc,cpu      ] GC(45) User=0.00s Sys=0.00s Real=0.00s
[2025-12-16T20:44:43.374+0800][0.196s][info][gc,start    ] GC(46) Pause Young (Allocation Failure)
[2025-12-16T20:44:43.374+0800][0.196s][info][gc,heap     ] GC(46) DefNew: 11010K(12352K)->2K(12352K) Eden: 11008K(11008K)->0K(11008K) From: 2K(1344K)->2K(1344K)
[2025-12-16T20:44:43.374+0800][0.196s][info][gc,heap     ] GC(46) Tenured: 1245K(27328K)->1245K(27328K)
[2025-12-16T20:44:43.374+0800][0.196s][info][gc,metaspace] GC(46) Metaspace: 91K(320K)->91K(320K) NonClass: 83K(192K)->83K(192K) Class: 8K(128K)->8K(128K)
[2025-12-16T20:44:43.374+0800][0.196s][info][gc          ] GC(46) Pause Young (Allocation Failure) 11M->1M(38M) 0.027ms
[2025-12-16T20:44:43.374+0800][0.196s][info][gc,cpu      ] GC(46) User=0.00s Sys=0.00s Real=0.00s
[2025-12-16T20:44:43.377+0800][0.199s][info][gc,start    ] GC(47) Pause Young (Allocation Failure)
[2025-12-16T20:44:43.378+0800][0.199s][info][gc,heap     ] GC(47) DefNew: 11010K(12352K)->1K(12352K) Eden: 11008K(11008K)->0K(11008K) From: 2K(1344K)->1K(1344K)
[2025-12-16T20:44:43.378+0800][0.199s][info][gc,heap     ] GC(47) Tenured: 1245K(27328K)->1245K(27328K)
[2025-12-16T20:44:43.378+0800][0.199s][info][gc,metaspace] GC(47) Metaspace: 91K(320K)->91K(320K) NonClass: 83K(192K)->83K(192K) Class: 8K(128K)->8K(128K)
[2025-12-16T20:44:43.378+0800][0.199s][info][gc          ] GC(47) Pause Young (Allocation Failure) 11M->1M(38M) 0.029ms
[2025-12-16T20:44:43.378+0800][0.199s][info][gc,cpu      ] GC(47) User=0.00s Sys=0.00s Real=0.00s
[2025-12-16T20:44:43.381+0800][0.202s][info][gc,start    ] GC(48) Pause Young (Allocation Failure)
[2025-12-16T20:44:43.381+0800][0.202s][info][gc,heap     ] GC(48) DefNew: 11009K(12352K)->2K(12352K) Eden: 11008K(11008K)->0K(11008K) From: 1K(1344K)->2K(1344K)
[2025-12-16T20:44:43.381+0800][0.202s][info][gc,heap     ] GC(48) Tenured: 1245K(27328K)->1245K(27328K)
[2025-12-16T20:44:43.381+0800][0.202s][info][gc,metaspace] GC(48) Metaspace: 91K(320K)->91K(320K) NonClass: 83K(192K)->83K(192K) Class: 8K(128K)->8K(128K)
[2025-12-16T20:44:43.381+0800][0.202s][info][gc          ] GC(48) Pause Young (Allocation Failure) 11M->1M(38M) 0.024ms
[2025-12-16T20:44:43.381+0800][0.202s][info][gc,cpu      ] GC(48) User=0.00s Sys=0.00s Real=0.00s
[2025-12-16T20:44:43.384+0800][0.206s][info][gc,start    ] GC(49) Pause Young (Allocation Failure)
[2025-12-16T20:44:43.384+0800][0.206s][info][gc,heap     ] GC(49) DefNew: 11010K(12352K)->2K(12352K) Eden: 11008K(11008K)->0K(11008K) From: 2K(1344K)->2K(1344K)
[2025-12-16T20:44:43.384+0800][0.206s][info][gc,heap     ] GC(49) Tenured: 1245K(27328K)->1245K(27328K)
[2025-12-16T20:44:43.384+0800][0.206s][info][gc,metaspace] GC(49) Metaspace: 91K(320K)->91K(320K) NonClass: 83K(192K)->83K(192K) Class: 8K(128K)->8K(128K)
[2025-12-16T20:44:43.384+0800][0.206s][info][gc          ] GC(49) Pause Young (Allocation Failure) 11M->1M(38M) 0.026ms
[2025-12-16T20:44:43.384+0800][0.206s][info][gc,cpu      ] GC(49) User=0.00s Sys=0.00s Real=0.00s
[2025-12-16T20:44:43.388+0800][0.209s][info][gc,start    ] GC(50) Pause Young (Allocation Failure)
[2025-12-16T20:44:43.388+0800][0.209s][info][gc,heap     ] GC(50) DefNew: 11010K(12352K)->2K(12352K) Eden: 11008K(11008K)->0K(11008K) From: 2K(1344K)->2K(1344K)
[2025-12-16T20:44:43.388+0800][0.209s][info][gc,heap     ] GC(50) Tenured: 1245K(27328K)->1245K(27328K)
[2025-12-16T20:44:43.388+0800][0.209s][info][gc,metaspace] GC(50) Metaspace: 91K(320K)->91K(320K) NonClass: 83K(192K)->83K(192K) Class: 8K(128K)->8K(128K)
[2025-12-16T20:44:43.388+0800][0.209s][info][gc          ] GC(50) Pause Young (Allocation Failure) 11M->1M(38M) 0.024ms
[2025-12-16T20:44:43.388+0800][0.209s][info][gc,cpu      ] GC(50) User=0.00s Sys=0.00s Real=0.00s
[2025-12-16T20:44:43.391+0800][0.212s][info][gc,start    ] GC(51) Pause Young (Allocation Failure)
[2025-12-16T20:44:43.391+0800][0.212s][info][gc,heap     ] GC(51) DefNew: 11010K(12352K)->2K(12352K) Eden: 11008K(11008K)->0K(11008K) From: 2K(1344K)->2K(1344K)
[2025-12-16T20:44:43.391+0800][0.212s][info][gc,heap     ] GC(51) Tenured: 1245K(27328K)->1245K(27328K)
[2025-12-16T20:44:43.391+0800][0.212s][info][gc,metaspace] GC(51) Metaspace: 91K(320K)->91K(320K) NonClass: 83K(192K)->83K(192K) Class: 8K(128K)->8K(128K)
[2025-12-16T20:44:43.391+0800][0.212s][info][gc          ] GC(51) Pause Young (Allocation Failure) 11M->1M(38M) 0.024ms
[2025-12-16T20:44:43.391+0800][0.212s][info][gc,cpu      ] GC(51) User=0.00s Sys=0.00s Real=0.00s
[2025-12-16T20:44:43.394+0800][0.216s][info][gc,start    ] GC(52) Pause Young (Allocation Failure)
[2025-12-16T20:44:43.394+0800][0.216s][info][gc,heap     ] GC(52) DefNew: 11010K(12352K)->2K(12352K) Eden: 11008K(11008K)->0K(11008K) From: 2K(1344K)->2K(1344K)
[2025-12-16T20:44:43.394+0800][0.216s][info][gc,heap     ] GC(52) Tenured: 1245K(27328K)->1245K(27328K)
[2025-12-16T20:44:43.394+0800][0.216s][info][gc,metaspace] GC(52) Metaspace: 91K(320K)->91K(320K) NonClass: 83K(192K)->83K(192K) Class: 8K(128K)->8K(128K)
[2025-12-16T20:44:43.394+0800][0.216s][info][gc          ] GC(52) Pause Young (Allocation Failure) 11M->1M(38M) 0.027ms
[2025-12-16T20:44:43.394+0800][0.216s][info][gc,cpu      ] GC(52) User=0.00s Sys=0.00s Real=0.00s
[2025-12-16T20:44:43.398+0800][0.219s][info][gc,start    ] GC(53) Pause Young (Allocation Failure)
[2025-12-16T20:44:43.398+0800][0.219s][info][gc,heap     ] GC(53) DefNew: 11010K(12352K)->3K(12352K) Eden: 11008K(11008K)->0K(11008K) From: 2K(1344K)->3K(1344K)
[2025-12-16T20:44:43.398+0800][0.219s][info][gc,heap     ] GC(53) Tenured: 1245K(27328K)->1245K(27328K)
[2025-12-16T20:44:43.398+0800][0.219s][info][gc,metaspace] GC(53) Metaspace: 91K(320K)->91K(320K) NonClass: 83K(192K)->83K(192K) Class: 8K(128K)->8K(128K)
[2025-12-16T20:44:43.398+0800][0.219s][info][gc          ] GC(53) Pause Young (Allocation Failure) 11M->1M(38M) 0.024ms
[2025-12-16T20:44:43.398+0800][0.219s][info][gc,cpu      ] GC(53) User=0.00s Sys=0.00s Real=0.00s
[2025-12-16T20:44:43.401+0800][0.223s][info][gc,start    ] GC(54) Pause Young (Allocation Failure)
[2025-12-16T20:44:43.401+0800][0.223s][info][gc,heap     ] GC(54) DefNew: 11011K(12352K)->1K(12352K) Eden: 11008K(11008K)->0K(11008K) From: 3K(1344K)->1K(1344K)
[2025-12-16T20:44:43.401+0800][0.223s][info][gc,heap     ] GC(54) Tenured: 1245K(27328K)->1245K(27328K)
[2025-12-16T20:44:43.401+0800][0.223s][info][gc,metaspace] GC(54) Metaspace: 91K(320K)->91K(320K) NonClass: 83K(192K)->83K(192K) Class: 8K(128K)->8K(128K)
[2025-12-16T20:44:43.401+0800][0.223s][info][gc          ] GC(54) Pause Young (Allocation Failure) 11M->1M(38M) 0.024ms
[2025-12-16T20:44:43.401+0800][0.223s][info][gc,cpu      ] GC(54) User=0.00s Sys=0.00s Real=0.00s
[2025-12-16T20:44:43.404+0800][0.226s][info][gc,start    ] GC(55) Pause Young (Allocation Failure)
[2025-12-16T20:44:43.404+0800][0.226s][info][gc,heap     ] GC(55) DefNew: 11009K(12352K)->2K(12352K) Eden: 11008K(11008K)->0K(11008K) From: 1K(1344K)->2K(1344K)
[2025-12-16T20:44:43.404+0800][0.226s][info][gc,heap     ] GC(55) Tenured: 1245K(27328K)->1245K(27328K)
[2025-12-16T20:44:43.405+0800][0.226s][info][gc,metaspace] GC(55) Metaspace: 91K(320K)->91K(320K) NonClass: 83K(192K)->83K(192K) Class: 8K(128K)->8K(128K)
[2025-12-16T20:44:43.405+0800][0.226s][info][gc          ] GC(55) Pause Young (Allocation Failure) 11M->1M(38M) 0.024ms
[2025-12-16T20:44:43.405+0800][0.226s][info][gc,cpu      ] GC(55) User=0.00s Sys=0.00s Real=0.00s
[2025-12-16T20:44:43.408+0800][0.229s][info][gc,start    ] GC(56) Pause Young (Allocation Failure)
[2025-12-16T20:44:43.408+0800][0.229s][info][gc,heap     ] GC(56) DefNew: 11010K(12352K)->2K(12352K) Eden: 11008K(11008K)->0K(11008K) From: 2K(1344K)->2K(1344K)
[2025-12-16T20:44:43.408+0800][0.229s][info][gc,heap     ] GC(56) Tenured: 1245K(27328K)->1245K(27328K)
[2025-12-16T20:44:43.408+0800][0.229s][info][gc,metaspace] GC(56) Metaspace: 91K(320K)->91K(320K) NonClass: 83K(192K)->83K(192K) Class: 8K(128K)->8K(128K)
[2025-12-16T20:44:43.408+0800][0.229s][info][gc          ] GC(56) Pause Young (Allocation Failure) 11M->1M(38M) 0.024ms
[2025-12-16T20:44:43.408+0800][0.229s][info][gc,cpu      ] GC(56) User=0.00s Sys=0.00s Real=0.00s
[2025-12-16T20:44:43.411+0800][0.233s][info][gc,start    ] GC(57) Pause Young (Allocation Failure)
[2025-12-16T20:44:43.411+0800][0.233s][info][gc,heap     ] GC(57) DefNew: 11010K(12352K)->1K(12352K) Eden: 11008K(11008K)->0K(11008K) From: 2K(1344K)->1K(1344K)
[2025-12-16T20:44:43.411+0800][0.233s][info][gc,heap     ] GC(57) Tenured: 1245K(27328K)->1245K(27328K)
[2025-12-16T20:44:43.411+0800][0.233s][info][gc,metaspace] GC(57) Metaspace: 91K(320K)->91K(320K) NonClass: 83K(192K)->83K(192K) Class: 8K(128K)->8K(128K)
[2025-12-16T20:44:43.411+0800][0.233s][info][gc          ] GC(57) Pause Young (Allocation Failure) 11M->1M(38M) 0.023ms
[2025-12-16T20:44:43.411+0800][0.233s][info][gc,cpu      ] GC(57) User=0.00s Sys=0.00s Real=0.00s
[2025-12-16T20:44:43.415+0800][0.236s][info][gc,start    ] GC(58) Pause Young (Allocation Failure)
[2025-12-16T20:44:43.415+0800][0.236s][info][gc,heap     ] GC(58) DefNew: 11009K(12352K)->2K(12352K) Eden: 11008K(11008K)->0K(11008K) From: 1K(1344K)->2K(1344K)
[2025-12-16T20:44:43.415+0800][0.236s][info][gc,heap     ] GC(58) Tenured: 1245K(27328K)->1245K(27328K)
[2025-12-16T20:44:43.415+0800][0.236s][info][gc,metaspace] GC(58) Metaspace: 91K(320K)->91K(320K) NonClass: 83K(192K)->83K(192K) Class: 8K(128K)->8K(128K)
[2025-12-16T20:44:43.415+0800][0.236s][info][gc          ] GC(58) Pause Young (Allocation Failure) 11M->1M(38M) 0.026ms
[2025-12-16T20:44:43.415+0800][0.236s][info][gc,cpu      ] GC(58) User=0.00s Sys=0.00s Real=0.00s
[2025-12-16T20:44:43.418+0800][0.239s][info][gc,start    ] GC(59) Pause Young (Allocation Failure)
[2025-12-16T20:44:43.418+0800][0.239s][info][gc,heap     ] GC(59) DefNew: 11010K(12352K)->2K(12352K) Eden: 11008K(11008K)->0K(11008K) From: 2K(1344K)->2K(1344K)
[2025-12-16T20:44:43.418+0800][0.239s][info][gc,heap     ] GC(59) Tenured: 1245K(27328K)->1245K(27328K)
[2025-12-16T20:44:43.418+0800][0.239s][info][gc,metaspace] GC(59) Metaspace: 91K(320K)->91K(320K) NonClass: 83K(192K)->83K(192K) Class: 8K(128K)->8K(128K)
[2025-12-16T20:44:43.418+0800][0.239s][info][gc          ] GC(59) Pause Young (Allocation Failure) 11M->1M(38M) 0.024ms
[2025-12-16T20:44:43.418+0800][0.239s][info][gc,cpu      ] GC(59) User=0.00s Sys=0.00s Real=0.00s
[2025-12-16T20:44:43.421+0800][0.243s][info][gc,start    ] GC(60) Pause Young (Allocation Failure)
[2025-12-16T20:44:43.421+0800][0.243s][info][gc,heap     ] GC(60) DefNew: 11010K(12352K)->2K(12352K) Eden: 11008K(11008K)->0K(11008K) From: 2K(1344K)->2K(1344K)
[2025-12-16T20:44:43.421+0800][0.243s][info][gc,heap     ] GC(60) Tenured: 1245K(27328K)->1245K(27328K)
[2025-12-16T20:44:43.421+0800][0.243s][info][gc,metaspace] GC(60) Metaspace: 91K(320K)->91K(320K) NonClass: 83K(192K)->83K(192K) Class: 8K(128K)->8K(128K)
[2025-12-16T20:44:43.421+0800][0.243s][info][gc          ] GC(60) Pause Young (Allocation Failure) 11M->1M(38M) 0.024ms
[2025-12-16T20:44:43.421+0800][0.243s][info][gc,cpu      ] GC(60) User=0.00s Sys=0.00s Real=0.00s
[2025-12-16T20:44:43.425+0800][0.246s][info][gc,start    ] GC(61) Pause Young (Allocation Failure)
[2025-12-16T20:44:43.425+0800][0.246s][info][gc,heap     ] GC(61) DefNew: 11010K(12352K)->2K(12352K) Eden: 11008K(11008K)->0K(11008K) From: 2K(1344K)->2K(1344K)
[2025-12-16T20:44:43.425+0800][0.246s][info][gc,heap     ] GC(61) Tenured: 1245K(27328K)->1245K(27328K)
[2025-12-16T20:44:43.425+0800][0.246s][info][gc,metaspace] GC(61) Metaspace: 91K(320K)->91K(320K) NonClass: 83K(192K)->83K(192K) Class: 8K(128K)->8K(128K)
[2025-12-16T20:44:43.425+0800][0.246s][info][gc          ] GC(61) Pause Young (Allocation Failure) 11M->1M(38M) 0.023ms
[2025-12-16T20:44:43.425+0800][0.246s][info][gc,cpu      ] GC(61) User=0.00s Sys=0.00s Real=0.00s
[2025-12-16T20:44:43.428+0800][0.250s][info][gc,start    ] GC(62) Pause Young (Allocation Failure)
[2025-12-16T20:44:43.428+0800][0.250s][info][gc,heap     ] GC(62) DefNew: 11010K(12352K)->2K(12352K) Eden: 11008K(11008K)->0K(11008K) From: 2K(1344K)->2K(1344K)
[2025-12-16T20:44:43.428+0800][0.250s][info][gc,heap     ] GC(62) Tenured: 1245K(27328K)->1245K(27328K)
[2025-12-16T20:44:43.428+0800][0.250s][info][gc,metaspace] GC(62) Metaspace: 91K(320K)->91K(320K) NonClass: 83K(192K)->83K(192K) Class: 8K(128K)->8K(128K)
[2025-12-16T20:44:43.428+0800][0.250s][info][gc          ] GC(62) Pause Young (Allocation Failure) 11M->1M(38M) 0.024ms
[2025-12-16T20:44:43.428+0800][0.250s][info][gc,cpu      ] GC(62) User=0.00s Sys=0.00s Real=0.00s
[2025-12-16T20:44:43.431+0800][0.253s][info][gc,start    ] GC(63) Pause Young (Allocation Failure)
[2025-12-16T20:44:43.431+0800][0.253s][info][gc,heap     ] GC(63) DefNew: 11010K(12352K)->3K(12352K) Eden: 11008K(11008K)->0K(11008K) From: 2K(1344K)->3K(1344K)
[2025-12-16T20:44:43.431+0800][0.253s][info][gc,heap     ] GC(63) Tenured: 1245K(27328K)->1245K(27328K)
[2025-12-16T20:44:43.431+0800][0.253s][info][gc,metaspace] GC(63) Metaspace: 91K(320K)->91K(320K) NonClass: 83K(192K)->83K(192K) Class: 8K(128K)->8K(128K)
[2025-12-16T20:44:43.431+0800][0.253s][info][gc          ] GC(63) Pause Young (Allocation Failure) 11M->1M(38M) 0.024ms
[2025-12-16T20:44:43.431+0800][0.253s][info][gc,cpu      ] GC(63) User=0.00s Sys=0.00s Real=0.00s
[2025-12-16T20:44:43.435+0800][0.256s][info][gc,start    ] GC(64) Pause Young (Allocation Failure)
[2025-12-16T20:44:43.435+0800][0.256s][info][gc,heap     ] GC(64) DefNew: 11011K(12352K)->1K(12352K) Eden: 11008K(11008K)->0K(11008K) From: 3K(1344K)->1K(1344K)
[2025-12-16T20:44:43.435+0800][0.256s][info][gc,heap     ] GC(64) Tenured: 1245K(27328K)->1245K(27328K)
[2025-12-16T20:44:43.435+0800][0.256s][info][gc,metaspace] GC(64) Metaspace: 91K(320K)->91K(320K) NonClass: 83K(192K)->83K(192K) Class: 8K(128K)->8K(128K)
[2025-12-16T20:44:43.435+0800][0.256s][info][gc          ] GC(64) Pause Young (Allocation Failure) 11M->1M(38M) 0.023ms
[2025-12-16T20:44:43.435+0800][0.256s][info][gc,cpu      ] GC(64) User=0.00s Sys=0.00s Real=0.00s
[2025-12-16T20:44:43.438+0800][0.260s][info][gc,start    ] GC(65) Pause Young (Allocation Failure)
[2025-12-16T20:44:43.438+0800][0.260s][info][gc,heap     ] GC(65) DefNew: 11009K(12352K)->2K(12352K) Eden: 11008K(11008K)->0K(11008K) From: 1K(1344K)->2K(1344K)
[2025-12-16T20:44:43.438+0800][0.260s][info][gc,heap     ] GC(65) Tenured: 1245K(27328K)->1245K(27328K)
[2025-12-16T20:44:43.438+0800][0.260s][info][gc,metaspace] GC(65) Metaspace: 91K(320K)->91K(320K) NonClass: 83K(192K)->83K(192K) Class: 8K(128K)->8K(128K)
[2025-12-16T20:44:43.438+0800][0.260s][info][gc          ] GC(65) Pause Young (Allocation Failure) 11M->1M(38M) 0.024ms
[2025-12-16T20:44:43.438+0800][0.260s][info][gc,cpu      ] GC(65) User=0.00s Sys=0.00s Real=0.00s
[2025-12-16T20:44:43.442+0800][0.263s][info][gc,start    ] GC(66) Pause Young (Allocation Failure)
[2025-12-16T20:44:43.442+0800][0.263s][info][gc,heap     ] GC(66) DefNew: 11010K(12352K)->2K(12352K) Eden: 11008K(11008K)->0K(11008K) From: 2K(1344K)->2K(1344K)
[2025-12-16T20:44:43.442+0800][0.263s][info][gc,heap     ] GC(66) Tenured: 1245K(27328K)->1245K(27328K)
[2025-12-16T20:44:43.442+0800][0.263s][info][gc,metaspace] GC(66) Metaspace: 91K(320K)->91K(320K) NonClass: 83K(192K)->83K(192K) Class: 8K(128K)->8K(128K)
[2025-12-16T20:44:43.442+0800][0.263s][info][gc          ] GC(66) Pause Young (Allocation Failure) 11M->1M(38M) 0.023ms
[2025-12-16T20:44:43.442+0800][0.263s][info][gc,cpu      ] GC(66) User=0.00s Sys=0.00s Real=0.00s
[2025-12-16T20:44:43.445+0800][0.266s][info][gc,start    ] GC(67) Pause Young (Allocation Failure)
[2025-12-16T20:44:43.445+0800][0.266s][info][gc,heap     ] GC(67) DefNew: 11010K(12352K)->1K(12352K) Eden: 11008K(11008K)->0K(11008K) From: 2K(1344K)->1K(1344K)
[2025-12-16T20:44:43.445+0800][0.266s][info][gc,heap     ] GC(67) Tenured: 1245K(27328K)->1245K(27328K)
[2025-12-16T20:44:43.445+0800][0.266s][info][gc,metaspace] GC(67) Metaspace: 91K(320K)->91K(320K) NonClass: 83K(192K)->83K(192K) Class: 8K(128K)->8K(128K)
[2025-12-16T20:44:43.445+0800][0.266s][info][gc          ] GC(67) Pause Young (Allocation Failure) 11M->1M(38M) 0.023ms
[2025-12-16T20:44:43.445+0800][0.266s][info][gc,cpu      ] GC(67) User=0.00s Sys=0.00s Real=0.00s
[2025-12-16T20:44:43.448+0800][0.270s][info][gc,start    ] GC(68) Pause Young (Allocation Failure)
[2025-12-16T20:44:43.448+0800][0.270s][info][gc,heap     ] GC(68) DefNew: 11009K(12352K)->2K(12352K) Eden: 11008K(11008K)->0K(11008K) From: 1K(1344K)->2K(1344K)
[2025-12-16T20:44:43.448+0800][0.270s][info][gc,heap     ] GC(68) Tenured: 1245K(27328K)->1245K(27328K)
[2025-12-16T20:44:43.448+0800][0.270s][info][gc,metaspace] GC(68) Metaspace: 91K(320K)->91K(320K) NonClass: 83K(192K)->83K(192K) Class: 8K(128K)->8K(128K)
[2025-12-16T20:44:43.448+0800][0.270s][info][gc          ] GC(68) Pause Young (Allocation Failure) 11M->1M(38M) 0.024ms
[2025-12-16T20:44:43.448+0800][0.270s][info][gc,cpu      ] GC(68) User=0.00s Sys=0.00s Real=0.00s
[2025-12-16T20:44:43.452+0800][0.273s][info][gc,start    ] GC(69) Pause Young (Allocation Failure)
[2025-12-16T20:44:43.452+0800][0.273s][info][gc,heap     ] GC(69) DefNew: 11010K(12352K)->2K(12352K) Eden: 11008K(11008K)->0K(11008K) From: 2K(1344K)->2K(1344K)
[2025-12-16T20:44:43.452+0800][0.273s][info][gc,heap     ] GC(69) Tenured: 1245K(27328K)->1245K(27328K)
[2025-12-16T20:44:43.452+0800][0.273s][info][gc,metaspace] GC(69) Metaspace: 91K(320K)->91K(320K) NonClass: 83K(192K)->83K(192K) Class: 8K(128K)->8K(128K)
[2025-12-16T20:44:43.452+0800][0.273s][info][gc          ] GC(69) Pause Young (Allocation Failure) 11M->1M(38M) 0.025ms
[2025-12-16T20:44:43.452+0800][0.273s][info][gc,cpu      ] GC(69) User=0.00s Sys=0.00s Real=0.00s
[2025-12-16T20:44:43.455+0800][0.276s][info][gc,start    ] GC(70) Pause Young (Allocation Failure)
[2025-12-16T20:44:43.455+0800][0.276s][info][gc,heap     ] GC(70) DefNew: 11010K(12352K)->2K(12352K) Eden: 11008K(11008K)->0K(11008K) From: 2K(1344K)->2K(1344K)
[2025-12-16T20:44:43.455+0800][0.276s][info][gc,heap     ] GC(70) Tenured: 1245K(27328K)->1245K(27328K)
[2025-12-16T20:44:43.455+0800][0.276s][info][gc,metaspace] GC(70) Metaspace: 91K(320K)->91K(320K) NonClass: 83K(192K)->83K(192K) Class: 8K(128K)->8K(128K)
[2025-12-16T20:44:43.455+0800][0.276s][info][gc          ] GC(70) Pause Young (Allocation Failure) 11M->1M(38M) 0.023ms
[2025-12-16T20:44:43.455+0800][0.276s][info][gc,cpu      ] GC(70) User=0.00s Sys=0.00s Real=0.00s
[2025-12-16T20:44:43.458+0800][0.280s][info][gc,start    ] GC(71) Pause Young (Allocation Failure)
[2025-12-16T20:44:43.458+0800][0.280s][info][gc,heap     ] GC(71) DefNew: 11010K(12352K)->2K(12352K) Eden: 11008K(11008K)->0K(11008K) From: 2K(1344K)->2K(1344K)
[2025-12-16T20:44:43.458+0800][0.280s][info][gc,heap     ] GC(71) Tenured: 1245K(27328K)->1245K(27328K)
[2025-12-16T20:44:43.458+0800][0.280s][info][gc,metaspace] GC(71) Metaspace: 91K(320K)->91K(320K) NonClass: 83K(192K)->83K(192K) Class: 8K(128K)->8K(128K)
[2025-12-16T20:44:43.458+0800][0.280s][info][gc          ] GC(71) Pause Young (Allocation Failure) 11M->1M(38M) 0.023ms
[2025-12-16T20:44:43.458+0800][0.280s][info][gc,cpu      ] GC(71) User=0.00s Sys=0.00s Real=0.00s
[2025-12-16T20:44:43.462+0800][0.283s][info][gc,start    ] GC(72) Pause Young (Allocation Failure)
[2025-12-16T20:44:43.462+0800][0.283s][info][gc,heap     ] GC(72) DefNew: 11010K(12352K)->2K(12352K) Eden: 11008K(11008K)->0K(11008K) From: 2K(1344K)->2K(1344K)
[2025-12-16T20:44:43.462+0800][0.283s][info][gc,heap     ] GC(72) Tenured: 1245K(27328K)->1245K(27328K)
[2025-12-16T20:44:43.462+0800][0.283s][info][gc,metaspace] GC(72) Metaspace: 91K(320K)->91K(320K) NonClass: 83K(192K)->83K(192K) Class: 8K(128K)->8K(128K)
[2025-12-16T20:44:43.462+0800][0.283s][info][gc          ] GC(72) Pause Young (Allocation Failure) 11M->1M(38M) 0.023ms
[2025-12-16T20:44:43.462+0800][0.283s][info][gc,cpu      ] GC(72) User=0.00s Sys=0.00s Real=0.00s
[2025-12-16T20:44:43.465+0800][0.287s][info][gc,start    ] GC(73) Pause Young (Allocation Failure)
[2025-12-16T20:44:43.465+0800][0.287s][info][gc,heap     ] GC(73) DefNew: 11010K(12352K)->3K(12352K) Eden: 11008K(11008K)->0K(11008K) From: 2K(1344K)->3K(1344K)
[2025-12-16T20:44:43.465+0800][0.287s][info][gc,heap     ] GC(73) Tenured: 1245K(27328K)->1245K(27328K)
[2025-12-16T20:44:43.465+0800][0.287s][info][gc,metaspace] GC(73) Metaspace: 91K(320K)->91K(320K) NonClass: 83K(192K)->83K(192K) Class: 8K(128K)->8K(128K)
[2025-12-16T20:44:43.465+0800][0.287s][info][gc          ] GC(73) Pause Young (Allocation Failure) 11M->1M(38M) 0.023ms
[2025-12-16T20:44:43.465+0800][0.287s][info][gc,cpu      ] GC(73) User=0.00s Sys=0.00s Real=0.00s
[2025-12-16T20:44:43.468+0800][0.290s][info][gc,start    ] GC(74) Pause Young (Allocation Failure)
[2025-12-16T20:44:43.468+0800][0.290s][info][gc,heap     ] GC(74) DefNew: 11011K(12352K)->1K(12352K) Eden: 11008K(11008K)->0K(11008K) From: 3K(1344K)->1K(1344K)
[2025-12-16T20:44:43.468+0800][0.290s][info][gc,heap     ] GC(74) Tenured: 1245K(27328K)->1245K(27328K)
[2025-12-16T20:44:43.468+0800][0.290s][info][gc,metaspace] GC(74) Metaspace: 91K(320K)->91K(320K) NonClass: 83K(192K)->83K(192K) Class: 8K(128K)->8K(128K)
[2025-12-16T20:44:43.468+0800][0.290s][info][gc          ] GC(74) Pause Young (Allocation Failure) 11M->1M(38M) 0.023ms
[2025-12-16T20:44:43.468+0800][0.290s][info][gc,cpu      ] GC(74) User=0.00s Sys=0.00s Real=0.00s
[2025-12-16T20:44:43.472+0800][0.293s][info][gc,start    ] GC(75) Pause Young (Allocation Failure)
[2025-12-16T20:44:43.472+0800][0.293s][info][gc,heap     ] GC(75) DefNew: 11009K(12352K)->2K(12352K) Eden: 11008K(11008K)->0K(11008K) From: 1K(1344K)->2K(1344K)
[2025-12-16T20:44:43.472+0800][0.293s][info][gc,heap     ] GC(75) Tenured: 1245K(27328K)->1245K(27328K)
[2025-12-16T20:44:43.472+0800][0.293s][info][gc,metaspace] GC(75) Metaspace: 91K(320K)->91K(320K) NonClass: 83K(192K)->83K(192K) Class: 8K(128K)->8K(128K)
[2025-12-16T20:44:43.472+0800][0.293s][info][gc          ] GC(75) Pause Young (Allocation Failure) 11M->1M(38M) 0.023ms
[2025-12-16T20:44:43.472+0800][0.293s][info][gc,cpu      ] GC(75) User=0.00s Sys=0.00s Real=0.00s
[2025-12-16T20:44:43.475+0800][0.297s][info][gc,start    ] GC(76) Pause Young (Allocation Failure)
[2025-12-16T20:44:43.475+0800][0.297s][info][gc,heap     ] GC(76) DefNew: 11010K(12352K)->2K(12352K) Eden: 11008K(11008K)->0K(11008K) From: 2K(1344K)->2K(1344K)
[2025-12-16T20:44:43.475+0800][0.297s][info][gc,heap     ] GC(76) Tenured: 1245K(27328K)->1245K(27328K)
[2025-12-16T20:44:43.475+0800][0.297s][info][gc,metaspace] GC(76) Metaspace: 91K(320K)->91K(320K) NonClass: 83K(192K)->83K(192K) Class: 8K(128K)->8K(128K)
[2025-12-16T20:44:43.475+0800][0.297s][info][gc          ] GC(76) Pause Young (Allocation Failure) 11M->1M(38M) 0.023ms
[2025-12-16T20:44:43.475+0800][0.297s][info][gc,cpu      ] GC(76) User=0.00s Sys=0.00s Real=0.00s
[2025-12-16T20:44:43.479+0800][0.300s][info][gc,start    ] GC(77) Pause Young (Allocation Failure)
[2025-12-16T20:44:43.479+0800][0.300s][info][gc,heap     ] GC(77) DefNew: 11010K(12352K)->1K(12352K) Eden: 11008K(11008K)->0K(11008K) From: 2K(1344K)->1K(1344K)
[2025-12-16T20:44:43.479+0800][0.300s][info][gc,heap     ] GC(77) Tenured: 1245K(27328K)->1245K(27328K)
[2025-12-16T20:44:43.479+0800][0.300s][info][gc,metaspace] GC(77) Metaspace: 91K(320K)->91K(320K) NonClass: 83K(192K)->83K(192K) Class: 8K(128K)->8K(128K)
[2025-12-16T20:44:43.479+0800][0.300s][info][gc          ] GC(77) Pause Young (Allocation Failure) 11M->1M(38M) 0.024ms
[2025-12-16T20:44:43.479+0800][0.300s][info][gc,cpu      ] GC(77) User=0.00s Sys=0.00s Real=0.00s
[2025-12-16T20:44:43.482+0800][0.303s][info][gc,start    ] GC(78) Pause Young (Allocation Failure)
[2025-12-16T20:44:43.482+0800][0.303s][info][gc,heap     ] GC(78) DefNew: 11009K(12352K)->2K(12352K) Eden: 11008K(11008K)->0K(11008K) From: 1K(1344K)->2K(1344K)
[2025-12-16T20:44:43.482+0800][0.303s][info][gc,heap     ] GC(78) Tenured: 1245K(27328K)->1245K(27328K)
[2025-12-16T20:44:43.482+0800][0.303s][info][gc,metaspace] GC(78) Metaspace: 91K(320K)->91K(320K) NonClass: 83K(192K)->83K(192K) Class: 8K(128K)->8K(128K)
[2025-12-16T20:44:43.482+0800][0.303s][info][gc          ] GC(78) Pause Young (Allocation Failure) 11M->1M(38M) 0.023ms
[2025-12-16T20:44:43.482+0800][0.303s][info][gc,cpu      ] GC(78) User=0.00s Sys=0.00s Real=0.00s
[2025-12-16T20:44:43.485+0800][0.307s][info][gc,start    ] GC(79) Pause Young (Allocation Failure)
[2025-12-16T20:44:43.485+0800][0.307s][info][gc,heap     ] GC(79) DefNew: 11010K(12352K)->2K(12352K) Eden: 11008K(11008K)->0K(11008K) From: 2K(1344K)->2K(1344K)
[2025-12-16T20:44:43.485+0800][0.307s][info][gc,heap     ] GC(79) Tenured: 1245K(27328K)->1245K(27328K)
[2025-12-16T20:44:43.485+0800][0.307s][info][gc,metaspace] GC(79) Metaspace: 91K(320K)->91K(320K) NonClass: 83K(192K)->83K(192K) Class: 8K(128K)->8K(128K)
[2025-12-16T20:44:43.485+0800][0.307s][info][gc          ] GC(79) Pause Young (Allocation Failure) 11M->1M(38M) 0.023ms
[2025-12-16T20:44:43.485+0800][0.307s][info][gc,cpu      ] GC(79) User=0.00s Sys=0.00s Real=0.00s
[2025-12-16T20:44:43.489+0800][0.310s][info][gc,start    ] GC(80) Pause Young (Allocation Failure)
[2025-12-16T20:44:43.489+0800][0.310s][info][gc,heap     ] GC(80) DefNew: 11010K(12352K)->2K(12352K) Eden: 11008K(11008K)->0K(11008K) From: 2K(1344K)->2K(1344K)
[2025-12-16T20:44:43.489+0800][0.310s][info][gc,heap     ] GC(80) Tenured: 1245K(27328K)->1245K(27328K)
[2025-12-16T20:44:43.489+0800][0.310s][info][gc,metaspace] GC(80) Metaspace: 91K(320K)->91K(320K) NonClass: 83K(192K)->83K(192K) Class: 8K(128K)->8K(128K)
[2025-12-16T20:44:43.489+0800][0.310s][info][gc          ] GC(80) Pause Young (Allocation Failure) 11M->1M(38M) 0.026ms
[2025-12-16T20:44:43.489+0800][0.310s][info][gc,cpu      ] GC(80) User=0.00s Sys=0.00s Real=0.00s
[2025-12-16T20:44:43.492+0800][0.314s][info][gc,start    ] GC(81) Pause Young (Allocation Failure)
[2025-12-16T20:44:43.492+0800][0.314s][info][gc,heap     ] GC(81) DefNew: 11010K(12352K)->2K(12352K) Eden: 11008K(11008K)->0K(11008K) From: 2K(1344K)->2K(1344K)
[2025-12-16T20:44:43.492+0800][0.314s][info][gc,heap     ] GC(81) Tenured: 1245K(27328K)->1245K(27328K)
[2025-12-16T20:44:43.492+0800][0.314s][info][gc,metaspace] GC(81) Metaspace: 91K(320K)->91K(320K) NonClass: 83K(192K)->83K(192K) Class: 8K(128K)->8K(128K)
[2025-12-16T20:44:43.492+0800][0.314s][info][gc          ] GC(81) Pause Young (Allocation Failure) 11M->1M(38M) 0.023ms
[2025-12-16T20:44:43.492+0800][0.314s][info][gc,cpu      ] GC(81) User=0.00s Sys=0.00s Real=0.00s
[2025-12-16T20:44:43.495+0800][0.317s][info][gc,start    ] GC(82) Pause Young (Allocation Failure)
[2025-12-16T20:44:43.495+0800][0.317s][info][gc,heap     ] GC(82) DefNew: 11010K(12352K)->2K(12352K) Eden: 11008K(11008K)->0K(11008K) From: 2K(1344K)->2K(1344K)
[2025-12-16T20:44:43.495+0800][0.317s][info][gc,heap     ] GC(82) Tenured: 1245K(27328K)->1245K(27328K)
[2025-12-16T20:44:43.495+0800][0.317s][info][gc,metaspace] GC(82) Metaspace: 91K(320K)->91K(320K) NonClass: 83K(192K)->83K(192K) Class: 8K(128K)->8K(128K)
[2025-12-16T20:44:43.495+0800][0.317s][info][gc          ] GC(82) Pause Young (Allocation Failure) 11M->1M(38M) 0.024ms
[2025-12-16T20:44:43.495+0800][0.317s][info][gc,cpu      ] GC(82) User=0.00s Sys=0.00s Real=0.00s
[2025-12-16T20:44:43.499+0800][0.320s][info][gc,start    ] GC(83) Pause Young (Allocation Failure)
[2025-12-16T20:44:43.499+0800][0.320s][info][gc,heap     ] GC(83) DefNew: 11010K(12352K)->3K(12352K) Eden: 11008K(11008K)->0K(11008K) From: 2K(1344K)->3K(1344K)
[2025-12-16T20:44:43.499+0800][0.320s][info][gc,heap     ] GC(83) Tenured: 1245K(27328K)->1245K(27328K)
[2025-12-16T20:44:43.499+0800][0.320s][info][gc,metaspace] GC(83) Metaspace: 91K(320K)->91K(320K) NonClass: 83K(192K)->83K(192K) Class: 8K(128K)->8K(128K)
[2025-12-16T20:44:43.499+0800][0.320s][info][gc          ] GC(83) Pause Young (Allocation Failure) 11M->1M(38M) 0.023ms
[2025-12-16T20:44:43.499+0800][0.320s][info][gc,cpu      ] GC(83) User=0.00s Sys=0.00s Real=0.00s
[2025-12-16T20:44:43.502+0800][0.324s][info][gc,start    ] GC(84) Pause Young (Allocation Failure)
[2025-12-16T20:44:43.502+0800][0.324s][info][gc,heap     ] GC(84) DefNew: 11011K(12352K)->1K(12352K) Eden: 11008K(11008K)->0K(11008K) From: 3K(1344K)->1K(1344K)
[2025-12-16T20:44:43.502+0800][0.324s][info][gc,heap     ] GC(84) Tenured: 1245K(27328K)->1245K(27328K)
[2025-12-16T20:44:43.502+0800][0.324s][info][gc,metaspace] GC(84) Metaspace: 91K(320K)->91K(320K) NonClass: 83K(192K)->83K(192K) Class: 8K(128K)->8K(128K)
[2025-12-16T20:44:43.502+0800][0.324s][info][gc          ] GC(84) Pause Young (Allocation Failure) 11M->1M(38M) 0.023ms
[2025-12-16T20:44:43.502+0800][0.324s][info][gc,cpu      ] GC(84) User=0.00s Sys=0.00s Real=0.00s
[2025-12-16T20:44:43.506+0800][0.327s][info][gc,start    ] GC(85) Pause Young (Allocation Failure)
[2025-12-16T20:44:43.506+0800][0.327s][info][gc,heap     ] GC(85) DefNew: 11009K(12352K)->2K(12352K) Eden: 11008K(11008K)->0K(11008K) From: 1K(1344K)->2K(1344K)
[2025-12-16T20:44:43.506+0800][0.327s][info][gc,heap     ] GC(85) Tenured: 1245K(27328K)->1245K(27328K)
[2025-12-16T20:44:43.506+0800][0.327s][info][gc,metaspace] GC(85) Metaspace: 91K(320K)->91K(320K) NonClass: 83K(192K)->83K(192K) Class: 8K(128K)->8K(128K)
[2025-12-16T20:44:43.506+0800][0.327s][info][gc          ] GC(85) Pause Young (Allocation Failure) 11M->1M(38M) 0.023ms
[2025-12-16T20:44:43.506+0800][0.327s][info][gc,cpu      ] GC(85) User=0.00s Sys=0.00s Real=0.00s
[2025-12-16T20:44:43.509+0800][0.330s][info][gc,start    ] GC(86) Pause Young (Allocation Failure)
[2025-12-16T20:44:43.509+0800][0.330s][info][gc,heap     ] GC(86) DefNew: 11010K(12352K)->2K(12352K) Eden: 11008K(11008K)->0K(11008K) From: 2K(1344K)->2K(1344K)
[2025-12-16T20:44:43.509+0800][0.330s][info][gc,heap     ] GC(86) Tenured: 1245K(27328K)->1245K(27328K)
[2025-12-16T20:44:43.509+0800][0.330s][info][gc,metaspace] GC(86) Metaspace: 91K(320K)->91K(320K) NonClass: 83K(192K)->83K(192K) Class: 8K(128K)->8K(128K)
[2025-12-16T20:44:43.509+0800][0.330s][info][gc          ] GC(86) Pause Young (Allocation Failure) 11M->1M(38M) 0.023ms
[2025-12-16T20:44:43.509+0800][0.330s][info][gc,cpu      ] GC(86) User=0.00s Sys=0.00s Real=0.00s
[2025-12-16T20:44:43.512+0800][0.334s][info][gc,start    ] GC(87) Pause Young (Allocation Failure)
[2025-12-16T20:44:43.512+0800][0.334s][info][gc,heap     ] GC(87) DefNew: 11010K(12352K)->1K(12352K) Eden: 11008K(11008K)->0K(11008K) From: 2K(1344K)->1K(1344K)
[2025-12-16T20:44:43.512+0800][0.334s][info][gc,heap     ] GC(87) Tenured: 1245K(27328K)->1245K(27328K)
[2025-12-16T20:44:43.512+0800][0.334s][info][gc,metaspace] GC(87) Metaspace: 91K(320K)->91K(320K) NonClass: 83K(192K)->83K(192K) Class: 8K(128K)->8K(128K)
[2025-12-16T20:44:43.512+0800][0.334s][info][gc          ] GC(87) Pause Young (Allocation Failure) 11M->1M(38M) 0.023ms
[2025-12-16T20:44:43.512+0800][0.334s][info][gc,cpu      ] GC(87) User=0.00s Sys=0.00s Real=0.00s
[2025-12-16T20:44:43.516+0800][0.337s][info][gc,start    ] GC(88) Pause Young (Allocation Failure)
[2025-12-16T20:44:43.516+0800][0.337s][info][gc,heap     ] GC(88) DefNew: 11009K(12352K)->2K(12352K) Eden: 11008K(11008K)->0K(11008K) From: 1K(1344K)->2K(1344K)
[2025-12-16T20:44:43.516+0800][0.337s][info][gc,heap     ] GC(88) Tenured: 1245K(27328K)->1245K(27328K)
[2025-12-16T20:44:43.516+0800][0.337s][info][gc,metaspace] GC(88) Metaspace: 91K(320K)->91K(320K) NonClass: 83K(192K)->83K(192K) Class: 8K(128K)->8K(128K)
[2025-12-16T20:44:43.516+0800][0.337s][info][gc          ] GC(88) Pause Young (Allocation Failure) 11M->1M(38M) 0.023ms
[2025-12-16T20:44:43.516+0800][0.337s][info][gc,cpu      ] GC(88) User=0.00s Sys=0.00s Real=0.00s
[2025-12-16T20:44:43.519+0800][0.340s][info][gc,start    ] GC(89) Pause Young (Allocation Failure)
[2025-12-16T20:44:43.519+0800][0.341s][info][gc,heap     ] GC(89) DefNew: 11010K(12352K)->2K(12352K) Eden: 11008K(11008K)->0K(11008K) From: 2K(1344K)->2K(1344K)
[2025-12-16T20:44:43.519+0800][0.341s][info][gc,heap     ] GC(89) Tenured: 1245K(27328K)->1245K(27328K)
[2025-12-16T20:44:43.519+0800][0.341s][info][gc,metaspace] GC(89) Metaspace: 91K(320K)->91K(320K) NonClass: 83K(192K)->83K(192K) Class: 8K(128K)->8K(128K)
[2025-12-16T20:44:43.519+0800][0.341s][info][gc          ] GC(89) Pause Young (Allocation Failure) 11M->1M(38M) 0.023ms
[2025-12-16T20:44:43.519+0800][0.341s][info][gc,cpu      ] GC(89) User=0.00s Sys=0.00s Real=0.00s
[2025-12-16T20:44:43.522+0800][0.344s][info][gc,start    ] GC(90) Pause Young (Allocation Failure)
[2025-12-16T20:44:43.522+0800][0.344s][info][gc,heap     ] GC(90) DefNew: 11010K(12352K)->2K(12352K) Eden: 11008K(11008K)->0K(11008K) From: 2K(1344K)->2K(1344K)
[2025-12-16T20:44:43.522+0800][0.344s][info][gc,heap     ] GC(90) Tenured: 1245K(27328K)->1245K(27328K)
[2025-12-16T20:44:43.522+0800][0.344s][info][gc,metaspace] GC(90) Metaspace: 91K(320K)->91K(320K) NonClass: 83K(192K)->83K(192K) Class: 8K(128K)->8K(128K)
[2025-12-16T20:44:43.522+0800][0.344s][info][gc          ] GC(90) Pause Young (Allocation Failure) 11M->1M(38M) 0.023ms
[2025-12-16T20:44:43.522+0800][0.344s][info][gc,cpu      ] GC(90) User=0.00s Sys=0.00s Real=0.00s
[2025-12-16T20:44:43.526+0800][0.347s][info][gc,start    ] GC(91) Pause Young (Allocation Failure)
[2025-12-16T20:44:43.526+0800][0.347s][info][gc,heap     ] GC(91) DefNew: 11010K(12352K)->2K(12352K) Eden: 11008K(11008K)->0K(11008K) From: 2K(1344K)->2K(1344K)
[2025-12-16T20:44:43.526+0800][0.347s][info][gc,heap     ] GC(91) Tenured: 1245K(27328K)->1245K(27328K)
[2025-12-16T20:44:43.526+0800][0.347s][info][gc,metaspace] GC(91) Metaspace: 91K(320K)->91K(320K) NonClass: 83K(192K)->83K(192K) Class: 8K(128K)->8K(128K)
[2025-12-16T20:44:43.526+0800][0.347s][info][gc          ] GC(91) Pause Young (Allocation Failure) 11M->1M(38M) 0.025ms
[2025-12-16T20:44:43.526+0800][0.347s][info][gc,cpu      ] GC(91) User=0.00s Sys=0.00s Real=0.00s
[2025-12-16T20:44:43.529+0800][0.351s][info][gc,start    ] GC(92) Pause Young (Allocation Failure)
[2025-12-16T20:44:43.529+0800][0.351s][info][gc,heap     ] GC(92) DefNew: 11010K(12352K)->2K(12352K) Eden: 11008K(11008K)->0K(11008K) From: 2K(1344K)->2K(1344K)
[2025-12-16T20:44:43.529+0800][0.351s][info][gc,heap     ] GC(92) Tenured: 1245K(27328K)->1245K(27328K)
[2025-12-16T20:44:43.529+0800][0.351s][info][gc,metaspace] GC(92) Metaspace: 91K(320K)->91K(320K) NonClass: 83K(192K)->83K(192K) Class: 8K(128K)->8K(128K)
[2025-12-16T20:44:43.529+0800][0.351s][info][gc          ] GC(92) Pause Young (Allocation Failure) 11M->1M(38M) 0.024ms
[2025-12-16T20:44:43.529+0800][0.351s][info][gc,cpu      ] GC(92) User=0.00s Sys=0.00s Real=0.00s
[2025-12-16T20:44:43.533+0800][0.354s][info][gc,start    ] GC(93) Pause Young (Allocation Failure)
[2025-12-16T20:44:43.533+0800][0.354s][info][gc,heap     ] GC(93) DefNew: 11010K(12352K)->3K(12352K) Eden: 11008K(11008K)->0K(11008K) From: 2K(1344K)->3K(1344K)
[2025-12-16T20:44:43.533+0800][0.354s][info][gc,heap     ] GC(93) Tenured: 1245K(27328K)->1245K(27328K)
[2025-12-16T20:44:43.533+0800][0.354s][info][gc,metaspace] GC(93) Metaspace: 91K(320K)->91K(320K) NonClass: 83K(192K)->83K(192K) Class: 8K(128K)->8K(128K)
[2025-12-16T20:44:43.533+0800][0.354s][info][gc          ] GC(93) Pause Young (Allocation Failure) 11M->1M(38M) 0.023ms
[2025-12-16T20:44:43.533+0800][0.354s][info][gc,cpu      ] GC(93) User=0.00s Sys=0.00s Real=0.00s
[2025-12-16T20:44:43.536+0800][0.357s][info][gc,start    ] GC(94) Pause Young (Allocation Failure)
[2025-12-16T20:44:43.536+0800][0.357s][info][gc,heap     ] GC(94) DefNew: 11011K(12352K)->1K(12352K) Eden: 11008K(11008K)->0K(11008K) From: 3K(1344K)->1K(1344K)
[2025-12-16T20:44:43.536+0800][0.357s][info][gc,heap     ] GC(94) Tenured: 1245K(27328K)->1245K(27328K)
[2025-12-16T20:44:43.536+0800][0.357s][info][gc,metaspace] GC(94) Metaspace: 91K(320K)->91K(320K) NonClass: 83K(192K)->83K(192K) Class: 8K(128K)->8K(128K)
[2025-12-16T20:44:43.536+0800][0.357s][info][gc          ] GC(94) Pause Young (Allocation Failure) 11M->1M(38M) 0.023ms
[2025-12-16T20:44:43.536+0800][0.357s][info][gc,cpu      ] GC(94) User=0.00s Sys=0.00s Real=0.00s
[2025-12-16T20:44:43.539+0800][0.361s][info][gc,start    ] GC(95) Pause Young (Allocation Failure)
[2025-12-16T20:44:43.539+0800][0.361s][info][gc,heap     ] GC(95) DefNew: 11009K(12352K)->2K(12352K) Eden: 11008K(11008K)->0K(11008K) From: 1K(1344K)->2K(1344K)
[2025-12-16T20:44:43.539+0800][0.361s][info][gc,heap     ] GC(95) Tenured: 1245K(27328K)->1245K(27328K)
[2025-12-16T20:44:43.539+0800][0.361s][info][gc,metaspace] GC(95) Metaspace: 91K(320K)->91K(320K) NonClass: 83K(192K)->83K(192K) Class: 8K(128K)->8K(128K)
[2025-12-16T20:44:43.539+0800][0.361s][info][gc          ] GC(95) Pause Young (Allocation Failure) 11M->1M(38M) 0.023ms
[2025-12-16T20:44:43.539+0800][0.361s][info][gc,cpu      ] GC(95) User=0.00s Sys=0.00s Real=0.00s
[2025-12-16T20:44:43.543+0800][0.364s][info][gc,start    ] GC(96) Pause Young (Allocation Failure)
[2025-12-16T20:44:43.543+0800][0.364s][info][gc,heap     ] GC(96) DefNew: 11010K(12352K)->2K(12352K) Eden: 11008K(11008K)->0K(11008K) From: 2K(1344K)->2K(1344K)
[2025-12-16T20:44:43.543+0800][0.364s][info][gc,heap     ] GC(96) Tenured: 1245K(27328K)->1245K(27328K)
[2025-12-16T20:44:43.543+0800][0.364s][info][gc,metaspace] GC(96) Metaspace: 91K(320K)->91K(320K) NonClass: 83K(192K)->83K(192K) Class: 8K(128K)->8K(128K)
[2025-12-16T20:44:43.543+0800][0.364s][info][gc          ] GC(96) Pause Young (Allocation Failure) 11M->1M(38M) 0.027ms
[2025-12-16T20:44:43.543+0800][0.364s][info][gc,cpu      ] GC(96) User=0.00s Sys=0.00s Real=0.00s
[2025-12-16T20:44:43.546+0800][0.368s][info][gc,start    ] GC(97) Pause Young (Allocation Failure)
[2025-12-16T20:44:43.546+0800][0.368s][info][gc,heap     ] GC(97) DefNew: 11010K(12352K)->1K(12352K) Eden: 11008K(11008K)->0K(11008K) From: 2K(1344K)->1K(1344K)
[2025-12-16T20:44:43.546+0800][0.368s][info][gc,heap     ] GC(97) Tenured: 1245K(27328K)->1245K(27328K)
[2025-12-16T20:44:43.546+0800][0.368s][info][gc,metaspace] GC(97) Metaspace: 91K(320K)->91K(320K) NonClass: 83K(192K)->83K(192K) Class: 8K(128K)->8K(128K)
[2025-12-16T20:44:43.546+0800][0.368s][info][gc          ] GC(97) Pause Young (Allocation Failure) 11M->1M(38M) 0.027ms
[2025-12-16T20:44:43.546+0800][0.368s][info][gc,cpu      ] GC(97) User=0.00s Sys=0.00s Real=0.00s
[2025-12-16T20:44:43.549+0800][0.371s][info][gc,start    ] GC(98) Pause Young (Allocation Failure)
[2025-12-16T20:44:43.549+0800][0.371s][info][gc,heap     ] GC(98) DefNew: 11009K(12352K)->2K(12352K) Eden: 11008K(11008K)->0K(11008K) From: 1K(1344K)->2K(1344K)
[2025-12-16T20:44:43.549+0800][0.371s][info][gc,heap     ] GC(98) Tenured: 1245K(27328K)->1245K(27328K)
[2025-12-16T20:44:43.549+0800][0.371s][info][gc,metaspace] GC(98) Metaspace: 91K(320K)->91K(320K) NonClass: 83K(192K)->83K(192K) Class: 8K(128K)->8K(128K)
[2025-12-16T20:44:43.549+0800][0.371s][info][gc          ] GC(98) Pause Young (Allocation Failure) 11M->1M(38M) 0.024ms
[2025-12-16T20:44:43.549+0800][0.371s][info][gc,cpu      ] GC(98) User=0.00s Sys=0.00s Real=0.00s
[2025-12-16T20:44:43.553+0800][0.374s][info][gc,start    ] GC(99) Pause Young (Allocation Failure)
[2025-12-16T20:44:43.553+0800][0.374s][info][gc,heap     ] GC(99) DefNew: 11010K(12352K)->2K(12352K) Eden: 11008K(11008K)->0K(11008K) From: 2K(1344K)->2K(1344K)
[2025-12-16T20:44:43.553+0800][0.374s][info][gc,heap     ] GC(99) Tenured: 1245K(27328K)->1245K(27328K)
[2025-12-16T20:44:43.553+0800][0.374s][info][gc,metaspace] GC(99) Metaspace: 91K(320K)->91K(320K) NonClass: 83K(192K)->83K(192K) Class: 8K(128K)->8K(128K)
[2025-12-16T20:44:43.553+0800][0.374s][info][gc          ] GC(99) Pause Young (Allocation Failure) 11M->1M(38M) 0.025ms
[2025-12-16T20:44:43.553+0800][0.374s][info][gc,cpu      ] GC(99) User=0.00s Sys=0.00s Real=0.00s
[2025-12-16T20:44:43.556+0800][0.378s][info][gc,start    ] GC(100) Pause Young (Allocation Failure)
[2025-12-16T20:44:43.556+0800][0.378s][info][gc,heap     ] GC(100) DefNew: 11010K(12352K)->2K(12352K) Eden: 11008K(11008K)->0K(11008K) From: 2K(1344K)->2K(1344K)
[2025-12-16T20:44:43.556+0800][0.378s][info][gc,heap     ] GC(100) Tenured: 1245K(27328K)->1245K(27328K)
[2025-12-16T20:44:43.556+0800][0.378s][info][gc,metaspace] GC(100) Metaspace: 91K(320K)->91K(320K) NonClass: 83K(192K)->83K(192K) Class: 8K(128K)->8K(128K)
[2025-12-16T20:44:43.556+0800][0.378s][info][gc          ] GC(100) Pause Young (Allocation Failure) 11M->1M(38M) 0.025ms
[2025-12-16T20:44:43.556+0800][0.378s][info][gc,cpu      ] GC(100) User=0.00s Sys=0.00s Real=0.00s
[2025-12-16T20:44:43.560+0800][0.381s][info][gc,start    ] GC(101) Pause Young (Allocation Failure)
[2025-12-16T20:44:43.560+0800][0.381s][info][gc,heap     ] GC(101) DefNew: 11010K(12352K)->2K(12352K) Eden: 11008K(11008K)->0K(11008K) From: 2K(1344K)->2K(1344K)
[2025-12-16T20:44:43.560+0800][0.381s][info][gc,heap     ] GC(101) Tenured: 1245K(27328K)->1245K(27328K)
[2025-12-16T20:44:43.560+0800][0.381s][info][gc,metaspace] GC(101) Metaspace: 91K(320K)->91K(320K) NonClass: 83K(192K)->83K(192K) Class: 8K(128K)->8K(128K)
[2025-12-16T20:44:43.560+0800][0.381s][info][gc          ] GC(101) Pause Young (Allocation Failure) 11M->1M(38M) 0.023ms
[2025-12-16T20:44:43.560+0800][0.381s][info][gc,cpu      ] GC(101) User=0.00s Sys=0.00s Real=0.00s
[2025-12-16T20:44:43.563+0800][0.384s][info][gc,start    ] GC(102) Pause Young (Allocation Failure)
[2025-12-16T20:44:43.563+0800][0.384s][info][gc,heap     ] GC(102) DefNew: 11010K(12352K)->2K(12352K) Eden: 11008K(11008K)->0K(11008K) From: 2K(1344K)->2K(1344K)
[2025-12-16T20:44:43.563+0800][0.384s][info][gc,heap     ] GC(102) Tenured: 1245K(27328K)->1245K(27328K)
[2025-12-16T20:44:43.563+0800][0.384s][info][gc,metaspace] GC(102) Metaspace: 91K(320K)->91K(320K) NonClass: 83K(192K)->83K(192K) Class: 8K(128K)->8K(128K)
[2025-12-16T20:44:43.563+0800][0.384s][info][gc          ] GC(102) Pause Young (Allocation Failure) 11M->1M(38M) 0.029ms
[2025-12-16T20:44:43.563+0800][0.384s][info][gc,cpu      ] GC(102) User=0.00s Sys=0.00s Real=0.00s
[2025-12-16T20:44:43.566+0800][0.388s][info][gc,start    ] GC(103) Pause Young (Allocation Failure)
[2025-12-16T20:44:43.566+0800][0.388s][info][gc,heap     ] GC(103) DefNew: 11010K(12352K)->3K(12352K) Eden: 11008K(11008K)->0K(11008K) From: 2K(1344K)->3K(1344K)
[2025-12-16T20:44:43.566+0800][0.388s][info][gc,heap     ] GC(103) Tenured: 1245K(27328K)->1245K(27328K)
[2025-12-16T20:44:43.566+0800][0.388s][info][gc,metaspace] GC(103) Metaspace: 91K(320K)->91K(320K) NonClass: 83K(192K)->83K(192K) Class: 8K(128K)->8K(128K)
[2025-12-16T20:44:43.566+0800][0.388s][info][gc          ] GC(103) Pause Young (Allocation Failure) 11M->1M(38M) 0.023ms
[2025-12-16T20:44:43.566+0800][0.388s][info][gc,cpu      ] GC(103) User=0.00s Sys=0.00s Real=0.00s
[2025-12-16T20:44:43.570+0800][0.391s][info][gc,start    ] GC(104) Pause Young (Allocation Failure)
[2025-12-16T20:44:43.570+0800][0.391s][info][gc,heap     ] GC(104) DefNew: 11011K(12352K)->1K(12352K) Eden: 11008K(11008K)->0K(11008K) From: 3K(1344K)->1K(1344K)
[2025-12-16T20:44:43.570+0800][0.391s][info][gc,heap     ] GC(104) Tenured: 1245K(27328K)->1245K(27328K)
[2025-12-16T20:44:43.570+0800][0.391s][info][gc,metaspace] GC(104) Metaspace: 91K(320K)->91K(320K) NonClass: 83K(192K)->83K(192K) Class: 8K(128K)->8K(128K)
[2025-12-16T20:44:43.570+0800][0.391s][info][gc          ] GC(104) Pause Young (Allocation Failure) 11M->1M(38M) 0.023ms
[2025-12-16T20:44:43.570+0800][0.391s][info][gc,cpu      ] GC(104) User=0.00s Sys=0.00s Real=0.00s
[2025-12-16T20:44:43.573+0800][0.394s][info][gc,start    ] GC(105) Pause Young (Allocation Failure)
[2025-12-16T20:44:43.573+0800][0.394s][info][gc,heap     ] GC(105) DefNew: 11009K(12352K)->2K(12352K) Eden: 11008K(11008K)->0K(11008K) From: 1K(1344K)->2K(1344K)
[2025-12-16T20:44:43.573+0800][0.394s][info][gc,heap     ] GC(105) Tenured: 1245K(27328K)->1245K(27328K)
[2025-12-16T20:44:43.573+0800][0.394s][info][gc,metaspace] GC(105) Metaspace: 91K(320K)->91K(320K) NonClass: 83K(192K)->83K(192K) Class: 8K(128K)->8K(128K)
[2025-12-16T20:44:43.573+0800][0.394s][info][gc          ] GC(105) Pause Young (Allocation Failure) 11M->1M(38M) 0.023ms
[2025-12-16T20:44:43.573+0800][0.394s][info][gc,cpu      ] GC(105) User=0.00s Sys=0.00s Real=0.00s
[2025-12-16T20:44:43.576+0800][0.398s][info][gc,start    ] GC(106) Pause Young (Allocation Failure)
[2025-12-16T20:44:43.576+0800][0.398s][info][gc,heap     ] GC(106) DefNew: 11010K(12352K)->2K(12352K) Eden: 11008K(11008K)->0K(11008K) From: 2K(1344K)->2K(1344K)
[2025-12-16T20:44:43.576+0800][0.398s][info][gc,heap     ] GC(106) Tenured: 1245K(27328K)->1245K(27328K)
[2025-12-16T20:44:43.576+0800][0.398s][info][gc,metaspace] GC(106) Metaspace: 91K(320K)->91K(320K) NonClass: 83K(192K)->83K(192K) Class: 8K(128K)->8K(128K)
[2025-12-16T20:44:43.576+0800][0.398s][info][gc          ] GC(106) Pause Young (Allocation Failure) 11M->1M(38M) 0.023ms
[2025-12-16T20:44:43.576+0800][0.398s][info][gc,cpu      ] GC(106) User=0.00s Sys=0.00s Real=0.00s
[2025-12-16T20:44:43.580+0800][0.401s][info][gc,start    ] GC(107) Pause Young (Allocation Failure)
[2025-12-16T20:44:43.580+0800][0.401s][info][gc,heap     ] GC(107) DefNew: 11010K(12352K)->1K(12352K) Eden: 11008K(11008K)->0K(11008K) From: 2K(1344K)->1K(1344K)
[2025-12-16T20:44:43.580+0800][0.401s][info][gc,heap     ] GC(107) Tenured: 1245K(27328K)->1245K(27328K)
[2025-12-16T20:44:43.580+0800][0.401s][info][gc,metaspace] GC(107) Metaspace: 91K(320K)->91K(320K) NonClass: 83K(192K)->83K(192K) Class: 8K(128K)->8K(128K)
[2025-12-16T20:44:43.580+0800][0.401s][info][gc          ] GC(107) Pause Young (Allocation Failure) 11M->1M(38M) 0.024ms
[2025-12-16T20:44:43.580+0800][0.401s][info][gc,cpu      ] GC(107) User=0.00s Sys=0.00s Real=0.00s
[2025-12-16T20:44:43.583+0800][0.405s][info][gc,start    ] GC(108) Pause Young (Allocation Failure)
[2025-12-16T20:44:43.583+0800][0.405s][info][gc,heap     ] GC(108) DefNew: 11009K(12352K)->2K(12352K) Eden: 11008K(11008K)->0K(11008K) From: 1K(1344K)->2K(1344K)
[2025-12-16T20:44:43.583+0800][0.405s][info][gc,heap     ] GC(108) Tenured: 1245K(27328K)->1245K(27328K)
[2025-12-16T20:44:43.583+0800][0.405s][info][gc,metaspace] GC(108) Metaspace: 91K(320K)->91K(320K) NonClass: 83K(192K)->83K(192K) Class: 8K(128K)->8K(128K)
[2025-12-16T20:44:43.583+0800][0.405s][info][gc          ] GC(108) Pause Young (Allocation Failure) 11M->1M(38M) 0.025ms
[2025-12-16T20:44:43.583+0800][0.405s][info][gc,cpu      ] GC(108) User=0.00s Sys=0.00s Real=0.00s
[2025-12-16T20:44:43.587+0800][0.408s][info][gc,start    ] GC(109) Pause Young (Allocation Failure)
[2025-12-16T20:44:43.587+0800][0.408s][info][gc,heap     ] GC(109) DefNew: 11010K(12352K)->2K(12352K) Eden: 11008K(11008K)->0K(11008K) From: 2K(1344K)->2K(1344K)
[2025-12-16T20:44:43.587+0800][0.408s][info][gc,heap     ] GC(109) Tenured: 1245K(27328K)->1245K(27328K)
[2025-12-16T20:44:43.587+0800][0.408s][info][gc,metaspace] GC(109) Metaspace: 91K(320K)->91K(320K) NonClass: 83K(192K)->83K(192K) Class: 8K(128K)->8K(128K)
[2025-12-16T20:44:43.587+0800][0.408s][info][gc          ] GC(109) Pause Young (Allocation Failure) 11M->1M(38M) 0.040ms
[2025-12-16T20:44:43.587+0800][0.408s][info][gc,cpu      ] GC(109) User=0.00s Sys=0.00s Real=0.00s
[2025-12-16T20:44:43.590+0800][0.412s][info][gc,start    ] GC(110) Pause Young (Allocation Failure)
[2025-12-16T20:44:43.590+0800][0.412s][info][gc,heap     ] GC(110) DefNew: 11010K(12352K)->2K(12352K) Eden: 11008K(11008K)->0K(11008K) From: 2K(1344K)->2K(1344K)
[2025-12-16T20:44:43.590+0800][0.412s][info][gc,heap     ] GC(110) Tenured: 1245K(27328K)->1245K(27328K)
[2025-12-16T20:44:43.590+0800][0.412s][info][gc,metaspace] GC(110) Metaspace: 91K(320K)->91K(320K) NonClass: 83K(192K)->83K(192K) Class: 8K(128K)->8K(128K)
[2025-12-16T20:44:43.590+0800][0.412s][info][gc          ] GC(110) Pause Young (Allocation Failure) 11M->1M(38M) 0.026ms
[2025-12-16T20:44:43.590+0800][0.412s][info][gc,cpu      ] GC(110) User=0.00s Sys=0.00s Real=0.00s
[2025-12-16T20:44:43.594+0800][0.415s][info][gc,start    ] GC(111) Pause Young (Allocation Failure)
[2025-12-16T20:44:43.594+0800][0.415s][info][gc,heap     ] GC(111) DefNew: 11010K(12352K)->2K(12352K) Eden: 11008K(11008K)->0K(11008K) From: 2K(1344K)->2K(1344K)
[2025-12-16T20:44:43.594+0800][0.415s][info][gc,heap     ] GC(111) Tenured: 1245K(27328K)->1245K(27328K)
[2025-12-16T20:44:43.594+0800][0.415s][info][gc,metaspace] GC(111) Metaspace: 91K(320K)->91K(320K) NonClass: 83K(192K)->83K(192K) Class: 8K(128K)->8K(128K)
[2025-12-16T20:44:43.594+0800][0.415s][info][gc          ] GC(111) Pause Young (Allocation Failure) 11M->1M(38M) 0.037ms
[2025-12-16T20:44:43.594+0800][0.415s][info][gc,cpu      ] GC(111) User=0.00s Sys=0.00s Real=0.00s
[2025-12-16T20:44:43.597+0800][0.419s][info][gc,start    ] GC(112) Pause Young (Allocation Failure)
[2025-12-16T20:44:43.597+0800][0.419s][info][gc,heap     ] GC(112) DefNew: 11010K(12352K)->2K(12352K) Eden: 11008K(11008K)->0K(11008K) From: 2K(1344K)->2K(1344K)
[2025-12-16T20:44:43.597+0800][0.419s][info][gc,heap     ] GC(112) Tenured: 1245K(27328K)->1245K(27328K)
[2025-12-16T20:44:43.597+0800][0.419s][info][gc,metaspace] GC(112) Metaspace: 91K(320K)->91K(320K) NonClass: 83K(192K)->83K(192K) Class: 8K(128K)->8K(128K)
[2025-12-16T20:44:43.597+0800][0.419s][info][gc          ] GC(112) Pause Young (Allocation Failure) 11M->1M(38M) 0.026ms
[2025-12-16T20:44:43.597+0800][0.419s][info][gc,cpu      ] GC(112) User=0.00s Sys=0.00s Real=0.00s
[2025-12-16T20:44:43.601+0800][0.422s][info][gc,start    ] GC(113) Pause Young (Allocation Failure)
[2025-12-16T20:44:43.601+0800][0.422s][info][gc,heap     ] GC(113) DefNew: 11010K(12352K)->3K(12352K) Eden: 11008K(11008K)->0K(11008K) From: 2K(1344K)->3K(1344K)
[2025-12-16T20:44:43.601+0800][0.422s][info][gc,heap     ] GC(113) Tenured: 1245K(27328K)->1245K(27328K)
[2025-12-16T20:44:43.601+0800][0.422s][info][gc,metaspace] GC(113) Metaspace: 91K(320K)->91K(320K) NonClass: 83K(192K)->83K(192K) Class: 8K(128K)->8K(128K)
[2025-12-16T20:44:43.601+0800][0.422s][info][gc          ] GC(113) Pause Young (Allocation Failure) 11M->1M(38M) 0.035ms
[2025-12-16T20:44:43.601+0800][0.422s][info][gc,cpu      ] GC(113) User=0.00s Sys=0.00s Real=0.00s
[2025-12-16T20:44:43.604+0800][0.426s][info][gc,start    ] GC(114) Pause Young (Allocation Failure)
[2025-12-16T20:44:43.604+0800][0.426s][info][gc,heap     ] GC(114) DefNew: 11011K(12352K)->1K(12352K) Eden: 11008K(11008K)->0K(11008K) From: 3K(1344K)->1K(1344K)
[2025-12-16T20:44:43.604+0800][0.426s][info][gc,heap     ] GC(114) Tenured: 1245K(27328K)->1245K(27328K)
[2025-12-16T20:44:43.604+0800][0.426s][info][gc,metaspace] GC(114) Metaspace: 91K(320K)->91K(320K) NonClass: 83K(192K)->83K(192K) Class: 8K(128K)->8K(128K)
[2025-12-16T20:44:43.604+0800][0.426s][info][gc          ] GC(114) Pause Young (Allocation Failure) 11M->1M(38M) 0.032ms
[2025-12-16T20:44:43.604+0800][0.426s][info][gc,cpu      ] GC(114) User=0.00s Sys=0.00s Real=0.00s
[2025-12-16T20:44:43.608+0800][0.429s][info][gc,start    ] GC(115) Pause Young (Allocation Failure)
[2025-12-16T20:44:43.608+0800][0.429s][info][gc,heap     ] GC(115) DefNew: 11009K(12352K)->2K(12352K) Eden: 11008K(11008K)->0K(11008K) From: 1K(1344K)->2K(1344K)
[2025-12-16T20:44:43.608+0800][0.429s][info][gc,heap     ] GC(115) Tenured: 1245K(27328K)->1245K(27328K)
[2025-12-16T20:44:43.608+0800][0.429s][info][gc,metaspace] GC(115) Metaspace: 91K(320K)->91K(320K) NonClass: 83K(192K)->83K(192K) Class: 8K(128K)->8K(128K)
[2025-12-16T20:44:43.608+0800][0.429s][info][gc          ] GC(115) Pause Young (Allocation Failure) 11M->1M(38M) 0.026ms
[2025-12-16T20:44:43.608+0800][0.429s][info][gc,cpu      ] GC(115) User=0.00s Sys=0.00s Real=0.00s
[2025-12-16T20:44:43.611+0800][0.433s][info][gc,start    ] GC(116) Pause Young (Allocation Failure)
[2025-12-16T20:44:43.611+0800][0.433s][info][gc,heap     ] GC(116) DefNew: 11010K(12352K)->2K(12352K) Eden: 11008K(11008K)->0K(11008K) From: 2K(1344K)->2K(1344K)
[2025-12-16T20:44:43.611+0800][0.433s][info][gc,heap     ] GC(116) Tenured: 1245K(27328K)->1245K(27328K)
[2025-12-16T20:44:43.611+0800][0.433s][info][gc,metaspace] GC(116) Metaspace: 91K(320K)->91K(320K) NonClass: 83K(192K)->83K(192K) Class: 8K(128K)->8K(128K)
[2025-12-16T20:44:43.611+0800][0.433s][info][gc          ] GC(116) Pause Young (Allocation Failure) 11M->1M(38M) 0.025ms
[2025-12-16T20:44:43.611+0800][0.433s][info][gc,cpu      ] GC(116) User=0.00s Sys=0.00s Real=0.00s
[2025-12-16T20:44:43.615+0800][0.436s][info][gc,start    ] GC(117) Pause Young (Allocation Failure)
[2025-12-16T20:44:43.615+0800][0.436s][info][gc,heap     ] GC(117) DefNew: 11010K(12352K)->1K(12352K) Eden: 11008K(11008K)->0K(11008K) From: 2K(1344K)->1K(1344K)
[2025-12-16T20:44:43.615+0800][0.436s][info][gc,heap     ] GC(117) Tenured: 1245K(27328K)->1245K(27328K)
[2025-12-16T20:44:43.615+0800][0.436s][info][gc,metaspace] GC(117) Metaspace: 91K(320K)->91K(320K) NonClass: 83K(192K)->83K(192K) Class: 8K(128K)->8K(128K)
[2025-12-16T20:44:43.615+0800][0.436s][info][gc          ] GC(117) Pause Young (Allocation Failure) 11M->1M(38M) 0.112ms
[2025-12-16T20:44:43.615+0800][0.436s][info][gc,cpu      ] GC(117) User=0.00s Sys=0.00s Real=0.00s
[2025-12-16T20:44:43.618+0800][0.440s][info][gc,start    ] GC(118) Pause Young (Allocation Failure)
[2025-12-16T20:44:43.618+0800][0.440s][info][gc,heap     ] GC(118) DefNew: 11009K(12352K)->2K(12352K) Eden: 11008K(11008K)->0K(11008K) From: 1K(1344K)->2K(1344K)
[2025-12-16T20:44:43.618+0800][0.440s][info][gc,heap     ] GC(118) Tenured: 1245K(27328K)->1245K(27328K)
[2025-12-16T20:44:43.618+0800][0.440s][info][gc,metaspace] GC(118) Metaspace: 91K(320K)->91K(320K) NonClass: 83K(192K)->83K(192K) Class: 8K(128K)->8K(128K)
[2025-12-16T20:44:43.618+0800][0.440s][info][gc          ] GC(118) Pause Young (Allocation Failure) 11M->1M(38M) 0.055ms
[2025-12-16T20:44:43.618+0800][0.440s][info][gc,cpu      ] GC(118) User=0.00s Sys=0.00s Real=0.00s
[2025-12-16T20:44:43.622+0800][0.443s][info][gc,start    ] GC(119) Pause Young (Allocation Failure)
[2025-12-16T20:44:43.622+0800][0.443s][info][gc,heap     ] GC(119) DefNew: 11010K(12352K)->2K(12352K) Eden: 11008K(11008K)->0K(11008K) From: 2K(1344K)->2K(1344K)
[2025-12-16T20:44:43.622+0800][0.443s][info][gc,heap     ] GC(119) Tenured: 1245K(27328K)->1245K(27328K)
[2025-12-16T20:44:43.622+0800][0.443s][info][gc,metaspace] GC(119) Metaspace: 91K(320K)->91K(320K) NonClass: 83K(192K)->83K(192K) Class: 8K(128K)->8K(128K)
[2025-12-16T20:44:43.622+0800][0.443s][info][gc          ] GC(119) Pause Young (Allocation Failure) 11M->1M(38M) 0.039ms
[2025-12-16T20:44:43.622+0800][0.443s][info][gc,cpu      ] GC(119) User=0.00s Sys=0.00s Real=0.00s
[2025-12-16T20:44:43.625+0800][0.447s][info][gc,start    ] GC(120) Pause Young (Allocation Failure)
[2025-12-16T20:44:43.625+0800][0.447s][info][gc,heap     ] GC(120) DefNew: 11010K(12352K)->2K(12352K) Eden: 11008K(11008K)->0K(11008K) From: 2K(1344K)->2K(1344K)
[2025-12-16T20:44:43.625+0800][0.447s][info][gc,heap     ] GC(120) Tenured: 1245K(27328K)->1245K(27328K)
[2025-12-16T20:44:43.625+0800][0.447s][info][gc,metaspace] GC(120) Metaspace: 91K(320K)->91K(320K) NonClass: 83K(192K)->83K(192K) Class: 8K(128K)->8K(128K)
[2025-12-16T20:44:43.625+0800][0.447s][info][gc          ] GC(120) Pause Young (Allocation Failure) 11M->1M(38M) 0.027ms
[2025-12-16T20:44:43.625+0800][0.447s][info][gc,cpu      ] GC(120) User=0.00s Sys=0.00s Real=0.00s
[2025-12-16T20:44:43.629+0800][0.450s][info][gc,start    ] GC(121) Pause Young (Allocation Failure)
[2025-12-16T20:44:43.629+0800][0.450s][info][gc,heap     ] GC(121) DefNew: 11010K(12352K)->2K(12352K) Eden: 11008K(11008K)->0K(11008K) From: 2K(1344K)->2K(1344K)
[2025-12-16T20:44:43.629+0800][0.450s][info][gc,heap     ] GC(121) Tenured: 1245K(27328K)->1245K(27328K)
[2025-12-16T20:44:43.629+0800][0.450s][info][gc,metaspace] GC(121) Metaspace: 91K(320K)->91K(320K) NonClass: 83K(192K)->83K(192K) Class: 8K(128K)->8K(128K)
[2025-12-16T20:44:43.629+0800][0.450s][info][gc          ] GC(121) Pause Young (Allocation Failure) 11M->1M(38M) 0.026ms
[2025-12-16T20:44:43.629+0800][0.450s][info][gc,cpu      ] GC(121) User=0.00s Sys=0.00s Real=0.00s
[2025-12-16T20:44:43.633+0800][0.454s][info][gc,start    ] GC(122) Pause Young (Allocation Failure)
[2025-12-16T20:44:43.633+0800][0.454s][info][gc,heap     ] GC(122) DefNew: 11010K(12352K)->2K(12352K) Eden: 11008K(11008K)->0K(11008K) From: 2K(1344K)->2K(1344K)
[2025-12-16T20:44:43.633+0800][0.454s][info][gc,heap     ] GC(122) Tenured: 1245K(27328K)->1245K(27328K)
[2025-12-16T20:44:43.633+0800][0.454s][info][gc,metaspace] GC(122) Metaspace: 91K(320K)->91K(320K) NonClass: 83K(192K)->83K(192K) Class: 8K(128K)->8K(128K)
[2025-12-16T20:44:43.633+0800][0.454s][info][gc          ] GC(122) Pause Young (Allocation Failure) 11M->1M(38M) 0.047ms
[2025-12-16T20:44:43.633+0800][0.454s][info][gc,cpu      ] GC(122) User=0.00s Sys=0.00s Real=0.00s
[2025-12-16T20:44:43.636+0800][0.457s][info][gc,start    ] GC(123) Pause Young (Allocation Failure)
[2025-12-16T20:44:43.636+0800][0.457s][info][gc,heap     ] GC(123) DefNew: 11010K(12352K)->3K(12352K) Eden: 11008K(11008K)->0K(11008K) From: 2K(1344K)->3K(1344K)
[2025-12-16T20:44:43.636+0800][0.457s][info][gc,heap     ] GC(123) Tenured: 1245K(27328K)->1245K(27328K)
[2025-12-16T20:44:43.636+0800][0.457s][info][gc,metaspace] GC(123) Metaspace: 91K(320K)->91K(320K) NonClass: 83K(192K)->83K(192K) Class: 8K(128K)->8K(128K)
[2025-12-16T20:44:43.636+0800][0.457s][info][gc          ] GC(123) Pause Young (Allocation Failure) 11M->1M(38M) 0.029ms
[2025-12-16T20:44:43.636+0800][0.457s][info][gc,cpu      ] GC(123) User=0.00s Sys=0.00s Real=0.00s
[2025-12-16T20:44:43.639+0800][0.461s][info][gc,start    ] GC(124) Pause Young (Allocation Failure)
[2025-12-16T20:44:43.639+0800][0.461s][info][gc,heap     ] GC(124) DefNew: 11011K(12352K)->1K(12352K) Eden: 11008K(11008K)->0K(11008K) From: 3K(1344K)->1K(1344K)
[2025-12-16T20:44:43.639+0800][0.461s][info][gc,heap     ] GC(124) Tenured: 1245K(27328K)->1245K(27328K)
[2025-12-16T20:44:43.639+0800][0.461s][info][gc,metaspace] GC(124) Metaspace: 91K(320K)->91K(320K) NonClass: 83K(192K)->83K(192K) Class: 8K(128K)->8K(128K)
[2025-12-16T20:44:43.639+0800][0.461s][info][gc          ] GC(124) Pause Young (Allocation Failure) 11M->1M(38M) 0.032ms
[2025-12-16T20:44:43.639+0800][0.461s][info][gc,cpu      ] GC(124) User=0.00s Sys=0.00s Real=0.00s
[2025-12-16T20:44:43.643+0800][0.464s][info][gc,start    ] GC(125) Pause Young (Allocation Failure)
[2025-12-16T20:44:43.643+0800][0.464s][info][gc,heap     ] GC(125) DefNew: 11009K(12352K)->2K(12352K) Eden: 11008K(11008K)->0K(11008K) From: 1K(1344K)->2K(1344K)
[2025-12-16T20:44:43.643+0800][0.464s][info][gc,heap     ] GC(125) Tenured: 1245K(27328K)->1245K(27328K)
[2025-12-16T20:44:43.643+0800][0.464s][info][gc,metaspace] GC(125) Metaspace: 91K(320K)->91K(320K) NonClass: 83K(192K)->83K(192K) Class: 8K(128K)->8K(128K)
[2025-12-16T20:44:43.643+0800][0.464s][info][gc          ] GC(125) Pause Young (Allocation Failure) 11M->1M(38M) 0.025ms
[2025-12-16T20:44:43.643+0800][0.464s][info][gc,cpu      ] GC(125) User=0.00s Sys=0.00s Real=0.00s
[2025-12-16T20:44:43.646+0800][0.467s][info][gc,start    ] GC(126) Pause Young (Allocation Failure)
[2025-12-16T20:44:43.646+0800][0.467s][info][gc,heap     ] GC(126) DefNew: 11010K(12352K)->2K(12352K) Eden: 11008K(11008K)->0K(11008K) From: 2K(1344K)->2K(1344K)
[2025-12-16T20:44:43.646+0800][0.467s][info][gc,heap     ] GC(126) Tenured: 1245K(27328K)->1245K(27328K)
[2025-12-16T20:44:43.646+0800][0.467s][info][gc,metaspace] GC(126) Metaspace: 91K(320K)->91K(320K) NonClass: 83K(192K)->83K(192K) Class: 8K(128K)->8K(128K)
[2025-12-16T20:44:43.646+0800][0.467s][info][gc          ] GC(126) Pause Young (Allocation Failure) 11M->1M(38M) 0.024ms
[2025-12-16T20:44:43.646+0800][0.467s][info][gc,cpu      ] GC(126) User=0.00s Sys=0.00s Real=0.00s
[2025-12-16T20:44:43.649+0800][0.471s][info][gc,start    ] GC(127) Pause Young (Allocation Failure)
[2025-12-16T20:44:43.649+0800][0.471s][info][gc,heap     ] GC(127) DefNew: 11010K(12352K)->1K(12352K) Eden: 11008K(11008K)->0K(11008K) From: 2K(1344K)->1K(1344K)
[2025-12-16T20:44:43.649+0800][0.471s][info][gc,heap     ] GC(127) Tenured: 1245K(27328K)->1245K(27328K)
[2025-12-16T20:44:43.649+0800][0.471s][info][gc,metaspace] GC(127) Metaspace: 91K(320K)->91K(320K) NonClass: 83K(192K)->83K(192K) Class: 8K(128K)->8K(128K)
[2025-12-16T20:44:43.649+0800][0.471s][info][gc          ] GC(127) Pause Young (Allocation Failure) 11M->1M(38M) 0.024ms
[2025-12-16T20:44:43.649+0800][0.471s][info][gc,cpu      ] GC(127) User=0.00s Sys=0.00s Real=0.00s
[2025-12-16T20:44:43.653+0800][0.474s][info][gc,start    ] GC(128) Pause Young (Allocation Failure)
[2025-12-16T20:44:43.653+0800][0.474s][info][gc,heap     ] GC(128) DefNew: 11009K(12352K)->2K(12352K) Eden: 11008K(11008K)->0K(11008K) From: 1K(1344K)->2K(1344K)
[2025-12-16T20:44:43.653+0800][0.474s][info][gc,heap     ] GC(128) Tenured: 1245K(27328K)->1245K(27328K)
[2025-12-16T20:44:43.653+0800][0.474s][info][gc,metaspace] GC(128) Metaspace: 91K(320K)->91K(320K) NonClass: 83K(192K)->83K(192K) Class: 8K(128K)->8K(128K)
[2025-12-16T20:44:43.653+0800][0.474s][info][gc          ] GC(128) Pause Young (Allocation Failure) 11M->1M(38M) 0.023ms
[2025-12-16T20:44:43.653+0800][0.474s][info][gc,cpu      ] GC(128) User=0.00s Sys=0.00s Real=0.00s
[2025-12-16T20:44:43.656+0800][0.478s][info][gc,start    ] GC(129) Pause Young (Allocation Failure)
[2025-12-16T20:44:43.656+0800][0.478s][info][gc,heap     ] GC(129) DefNew: 11010K(12352K)->2K(12352K) Eden: 11008K(11008K)->0K(11008K) From: 2K(1344K)->2K(1344K)
[2025-12-16T20:44:43.656+0800][0.478s][info][gc,heap     ] GC(129) Tenured: 1245K(27328K)->1245K(27328K)
[2025-12-16T20:44:43.656+0800][0.478s][info][gc,metaspace] GC(129) Metaspace: 91K(320K)->91K(320K) NonClass: 83K(192K)->83K(192K) Class: 8K(128K)->8K(128K)
[2025-12-16T20:44:43.656+0800][0.478s][info][gc          ] GC(129) Pause Young (Allocation Failure) 11M->1M(38M) 0.024ms
[2025-12-16T20:44:43.656+0800][0.478s][info][gc,cpu      ] GC(129) User=0.00s Sys=0.00s Real=0.00s
[2025-12-16T20:44:43.659+0800][0.481s][info][gc,start    ] GC(130) Pause Young (Allocation Failure)
[2025-12-16T20:44:43.659+0800][0.481s][info][gc,heap     ] GC(130) DefNew: 11010K(12352K)->2K(12352K) Eden: 11008K(11008K)->0K(11008K) From: 2K(1344K)->2K(1344K)
[2025-12-16T20:44:43.659+0800][0.481s][info][gc,heap     ] GC(130) Tenured: 1245K(27328K)->1245K(27328K)
[2025-12-16T20:44:43.659+0800][0.481s][info][gc,metaspace] GC(130) Metaspace: 91K(320K)->91K(320K) NonClass: 83K(192K)->83K(192K) Class: 8K(128K)->8K(128K)
[2025-12-16T20:44:43.659+0800][0.481s][info][gc          ] GC(130) Pause Young (Allocation Failure) 11M->1M(38M) 0.029ms
[2025-12-16T20:44:43.660+0800][0.481s][info][gc,cpu      ] GC(130) User=0.00s Sys=0.00s Real=0.01s
[2025-12-16T20:44:43.663+0800][0.484s][info][gc,start    ] GC(131) Pause Young (Allocation Failure)
[2025-12-16T20:44:43.663+0800][0.484s][info][gc,heap     ] GC(131) DefNew: 11010K(12352K)->2K(12352K) Eden: 11008K(11008K)->0K(11008K) From: 2K(1344K)->2K(1344K)
[2025-12-16T20:44:43.663+0800][0.484s][info][gc,heap     ] GC(131) Tenured: 1245K(27328K)->1245K(27328K)
[2025-12-16T20:44:43.663+0800][0.484s][info][gc,metaspace] GC(131) Metaspace: 91K(320K)->91K(320K) NonClass: 83K(192K)->83K(192K) Class: 8K(128K)->8K(128K)
[2025-12-16T20:44:43.663+0800][0.484s][info][gc          ] GC(131) Pause Young (Allocation Failure) 11M->1M(38M) 0.025ms
[2025-12-16T20:44:43.663+0800][0.484s][info][gc,cpu      ] GC(131) User=0.00s Sys=0.00s Real=0.00s
[2025-12-16T20:44:43.666+0800][0.488s][info][gc,start    ] GC(132) Pause Young (Allocation Failure)
[2025-12-16T20:44:43.666+0800][0.488s][info][gc,heap     ] GC(132) DefNew: 11010K(12352K)->2K(12352K) Eden: 11008K(11008K)->0K(11008K) From: 2K(1344K)->2K(1344K)
[2025-12-16T20:44:43.666+0800][0.488s][info][gc,heap     ] GC(132) Tenured: 1245K(27328K)->1245K(27328K)
[2025-12-16T20:44:43.666+0800][0.488s][info][gc,metaspace] GC(132) Metaspace: 91K(320K)->91K(320K) NonClass: 83K(192K)->83K(192K) Class: 8K(128K)->8K(128K)
[2025-12-16T20:44:43.666+0800][0.488s][info][gc          ] GC(132) Pause Young (Allocation Failure) 11M->1M(38M) 0.023ms
[2025-12-16T20:44:43.666+0800][0.488s][info][gc,cpu      ] GC(132) User=0.00s Sys=0.00s Real=0.00s
[2025-12-16T20:44:43.670+0800][0.491s][info][gc,start    ] GC(133) Pause Young (Allocation Failure)
[2025-12-16T20:44:43.670+0800][0.491s][info][gc,heap     ] GC(133) DefNew: 11010K(12352K)->3K(12352K) Eden: 11008K(11008K)->0K(11008K) From: 2K(1344K)->3K(1344K)
[2025-12-16T20:44:43.670+0800][0.491s][info][gc,heap     ] GC(133) Tenured: 1245K(27328K)->1245K(27328K)
[2025-12-16T20:44:43.670+0800][0.491s][info][gc,metaspace] GC(133) Metaspace: 91K(320K)->91K(320K) NonClass: 83K(192K)->83K(192K) Class: 8K(128K)->8K(128K)
[2025-12-16T20:44:43.670+0800][0.491s][info][gc          ] GC(133) Pause Young (Allocation Failure) 11M->1M(38M) 0.024ms
[2025-12-16T20:44:43.670+0800][0.491s][info][gc,cpu      ] GC(133) User=0.00s Sys=0.00s Real=0.00s
[2025-12-16T20:44:43.673+0800][0.494s][info][gc,start    ] GC(134) Pause Young (Allocation Failure)
[2025-12-16T20:44:43.673+0800][0.494s][info][gc,heap     ] GC(134) DefNew: 11011K(12352K)->1K(12352K) Eden: 11008K(11008K)->0K(11008K) From: 3K(1344K)->1K(1344K)
[2025-12-16T20:44:43.673+0800][0.494s][info][gc,heap     ] GC(134) Tenured: 1245K(27328K)->1245K(27328K)
[2025-12-16T20:44:43.673+0800][0.494s][info][gc,metaspace] GC(134) Metaspace: 91K(320K)->91K(320K) NonClass: 83K(192K)->83K(192K) Class: 8K(128K)->8K(128K)
[2025-12-16T20:44:43.673+0800][0.494s][info][gc          ] GC(134) Pause Young (Allocation Failure) 11M->1M(38M) 0.033ms
[2025-12-16T20:44:43.673+0800][0.494s][info][gc,cpu      ] GC(134) User=0.00s Sys=0.00s Real=0.00s
[2025-12-16T20:44:43.676+0800][0.498s][info][gc,start    ] GC(135) Pause Young (Allocation Failure)
[2025-12-16T20:44:43.676+0800][0.498s][info][gc,heap     ] GC(135) DefNew: 11009K(12352K)->2K(12352K) Eden: 11008K(11008K)->0K(11008K) From: 1K(1344K)->2K(1344K)
[2025-12-16T20:44:43.676+0800][0.498s][info][gc,heap     ] GC(135) Tenured: 1245K(27328K)->1245K(27328K)
[2025-12-16T20:44:43.676+0800][0.498s][info][gc,metaspace] GC(135) Metaspace: 91K(320K)->91K(320K) NonClass: 83K(192K)->83K(192K) Class: 8K(128K)->8K(128K)
[2025-12-16T20:44:43.676+0800][0.498s][info][gc          ] GC(135) Pause Young (Allocation Failure) 11M->1M(38M) 0.026ms
[2025-12-16T20:44:43.676+0800][0.498s][info][gc,cpu      ] GC(135) User=0.00s Sys=0.00s Real=0.00s
[2025-12-16T20:44:43.680+0800][0.501s][info][gc,start    ] GC(136) Pause Young (Allocation Failure)
[2025-12-16T20:44:43.680+0800][0.501s][info][gc,heap     ] GC(136) DefNew: 11010K(12352K)->2K(12352K) Eden: 11008K(11008K)->0K(11008K) From: 2K(1344K)->2K(1344K)
[2025-12-16T20:44:43.680+0800][0.501s][info][gc,heap     ] GC(136) Tenured: 1245K(27328K)->1245K(27328K)
[2025-12-16T20:44:43.680+0800][0.501s][info][gc,metaspace] GC(136) Metaspace: 91K(320K)->91K(320K) NonClass: 83K(192K)->83K(192K) Class: 8K(128K)->8K(128K)
[2025-12-16T20:44:43.680+0800][0.501s][info][gc          ] GC(136) Pause Young (Allocation Failure) 11M->1M(38M) 0.025ms
[2025-12-16T20:44:43.680+0800][0.501s][info][gc,cpu      ] GC(136) User=0.00s Sys=0.00s Real=0.00s
[2025-12-16T20:44:43.683+0800][0.505s][info][gc,start    ] GC(137) Pause Young (Allocation Failure)
[2025-12-16T20:44:43.683+0800][0.505s][info][gc,heap     ] GC(137) DefNew: 11010K(12352K)->1K(12352K) Eden: 11008K(11008K)->0K(11008K) From: 2K(1344K)->1K(1344K)
[2025-12-16T20:44:43.683+0800][0.505s][info][gc,heap     ] GC(137) Tenured: 1245K(27328K)->1245K(27328K)
[2025-12-16T20:44:43.683+0800][0.505s][info][gc,metaspace] GC(137) Metaspace: 91K(320K)->91K(320K) NonClass: 83K(192K)->83K(192K) Class: 8K(128K)->8K(128K)
[2025-12-16T20:44:43.683+0800][0.505s][info][gc          ] GC(137) Pause Young (Allocation Failure) 11M->1M(38M) 0.024ms
[2025-12-16T20:44:43.683+0800][0.505s][info][gc,cpu      ] GC(137) User=0.00s Sys=0.00s Real=0.00s
[2025-12-16T20:44:43.687+0800][0.508s][info][gc,start    ] GC(138) Pause Young (Allocation Failure)
[2025-12-16T20:44:43.687+0800][0.508s][info][gc,heap     ] GC(138) DefNew: 11009K(12352K)->2K(12352K) Eden: 11008K(11008K)->0K(11008K) From: 1K(1344K)->2K(1344K)
[2025-12-16T20:44:43.687+0800][0.508s][info][gc,heap     ] GC(138) Tenured: 1245K(27328K)->1245K(27328K)
[2025-12-16T20:44:43.687+0800][0.508s][info][gc,metaspace] GC(138) Metaspace: 91K(320K)->91K(320K) NonClass: 83K(192K)->83K(192K) Class: 8K(128K)->8K(128K)
[2025-12-16T20:44:43.687+0800][0.508s][info][gc          ] GC(138) Pause Young (Allocation Failure) 11M->1M(38M) 0.024ms
[2025-12-16T20:44:43.687+0800][0.508s][info][gc,cpu      ] GC(138) User=0.00s Sys=0.00s Real=0.00s
[2025-12-16T20:44:43.690+0800][0.511s][info][gc,start    ] GC(139) Pause Young (Allocation Failure)
[2025-12-16T20:44:43.690+0800][0.511s][info][gc,heap     ] GC(139) DefNew: 11010K(12352K)->2K(12352K) Eden: 11008K(11008K)->0K(11008K) From: 2K(1344K)->2K(1344K)
[2025-12-16T20:44:43.690+0800][0.511s][info][gc,heap     ] GC(139) Tenured: 1245K(27328K)->1245K(27328K)
[2025-12-16T20:44:43.690+0800][0.511s][info][gc,metaspace] GC(139) Metaspace: 91K(320K)->91K(320K) NonClass: 83K(192K)->83K(192K) Class: 8K(128K)->8K(128K)
[2025-12-16T20:44:43.690+0800][0.511s][info][gc          ] GC(139) Pause Young (Allocation Failure) 11M->1M(38M) 0.024ms
[2025-12-16T20:44:43.690+0800][0.511s][info][gc,cpu      ] GC(139) User=0.00s Sys=0.00s Real=0.00s
[2025-12-16T20:44:43.693+0800][0.515s][info][gc,start    ] GC(140) Pause Young (Allocation Failure)
[2025-12-16T20:44:43.693+0800][0.515s][info][gc,heap     ] GC(140) DefNew: 11010K(12352K)->2K(12352K) Eden: 11008K(11008K)->0K(11008K) From: 2K(1344K)->2K(1344K)
[2025-12-16T20:44:43.693+0800][0.515s][info][gc,heap     ] GC(140) Tenured: 1245K(27328K)->1245K(27328K)
[2025-12-16T20:44:43.693+0800][0.515s][info][gc,metaspace] GC(140) Metaspace: 91K(320K)->91K(320K) NonClass: 83K(192K)->83K(192K) Class: 8K(128K)->8K(128K)
[2025-12-16T20:44:43.693+0800][0.515s][info][gc          ] GC(140) Pause Young (Allocation Failure) 11M->1M(38M) 0.024ms
[2025-12-16T20:44:43.693+0800][0.515s][info][gc,cpu      ] GC(140) User=0.00s Sys=0.00s Real=0.00s
[2025-12-16T20:44:43.697+0800][0.518s][info][gc,start    ] GC(141) Pause Young (Allocation Failure)
[2025-12-16T20:44:43.697+0800][0.518s][info][gc,heap     ] GC(141) DefNew: 11010K(12352K)->2K(12352K) Eden: 11008K(11008K)->0K(11008K) From: 2K(1344K)->2K(1344K)
[2025-12-16T20:44:43.697+0800][0.518s][info][gc,heap     ] GC(141) Tenured: 1245K(27328K)->1245K(27328K)
[2025-12-16T20:44:43.697+0800][0.518s][info][gc,metaspace] GC(141) Metaspace: 91K(320K)->91K(320K) NonClass: 83K(192K)->83K(192K) Class: 8K(128K)->8K(128K)
[2025-12-16T20:44:43.697+0800][0.518s][info][gc          ] GC(141) Pause Young (Allocation Failure) 11M->1M(38M) 0.027ms
[2025-12-16T20:44:43.697+0800][0.518s][info][gc,cpu      ] GC(141) User=0.00s Sys=0.00s Real=0.00s
[2025-12-16T20:44:43.700+0800][0.522s][info][gc,start    ] GC(142) Pause Young (Allocation Failure)
[2025-12-16T20:44:43.700+0800][0.522s][info][gc,heap     ] GC(142) DefNew: 11010K(12352K)->2K(12352K) Eden: 11008K(11008K)->0K(11008K) From: 2K(1344K)->2K(1344K)
[2025-12-16T20:44:43.700+0800][0.522s][info][gc,heap     ] GC(142) Tenured: 1245K(27328K)->1245K(27328K)
[2025-12-16T20:44:43.700+0800][0.522s][info][gc,metaspace] GC(142) Metaspace: 91K(320K)->91K(320K) NonClass: 83K(192K)->83K(192K) Class: 8K(128K)->8K(128K)
[2025-12-16T20:44:43.700+0800][0.522s][info][gc          ] GC(142) Pause Young (Allocation Failure) 11M->1M(38M) 0.024ms
[2025-12-16T20:44:43.700+0800][0.522s][info][gc,cpu      ] GC(142) User=0.00s Sys=0.00s Real=0.00s
[2025-12-16T20:44:43.703+0800][0.525s][info][gc,start    ] GC(143) Pause Young (Allocation Failure)
[2025-12-16T20:44:43.703+0800][0.525s][info][gc,heap     ] GC(143) DefNew: 11010K(12352K)->3K(12352K) Eden: 11008K(11008K)->0K(11008K) From: 2K(1344K)->3K(1344K)
[2025-12-16T20:44:43.703+0800][0.525s][info][gc,heap     ] GC(143) Tenured: 1245K(27328K)->1245K(27328K)
[2025-12-16T20:44:43.703+0800][0.525s][info][gc,metaspace] GC(143) Metaspace: 91K(320K)->91K(320K) NonClass: 83K(192K)->83K(192K) Class: 8K(128K)->8K(128K)
[2025-12-16T20:44:43.704+0800][0.525s][info][gc          ] GC(143) Pause Young (Allocation Failure) 11M->1M(38M) 0.024ms
[2025-12-16T20:44:43.704+0800][0.525s][info][gc,cpu      ] GC(143) User=0.00s Sys=0.00s Real=0.00s
[2025-12-16T20:44:43.707+0800][0.528s][info][gc,start    ] GC(144) Pause Young (Allocation Failure)
[2025-12-16T20:44:43.707+0800][0.528s][info][gc,heap     ] GC(144) DefNew: 11011K(12352K)->1K(12352K) Eden: 11008K(11008K)->0K(11008K) From: 3K(1344K)->1K(1344K)
[2025-12-16T20:44:43.707+0800][0.528s][info][gc,heap     ] GC(144) Tenured: 1245K(27328K)->1245K(27328K)
[2025-12-16T20:44:43.707+0800][0.528s][info][gc,metaspace] GC(144) Metaspace: 91K(320K)->91K(320K) NonClass: 83K(192K)->83K(192K) Class: 8K(128K)->8K(128K)
[2025-12-16T20:44:43.707+0800][0.528s][info][gc          ] GC(144) Pause Young (Allocation Failure) 11M->1M(38M) 0.024ms
[2025-12-16T20:44:43.707+0800][0.528s][info][gc,cpu      ] GC(144) User=0.00s Sys=0.00s Real=0.00s
[2025-12-16T20:44:43.710+0800][0.532s][info][gc,start    ] GC(145) Pause Young (Allocation Failure)
[2025-12-16T20:44:43.710+0800][0.532s][info][gc,heap     ] GC(145) DefNew: 11009K(12352K)->2K(12352K) Eden: 11008K(11008K)->0K(11008K) From: 1K(1344K)->2K(1344K)
[2025-12-16T20:44:43.710+0800][0.532s][info][gc,heap     ] GC(145) Tenured: 1245K(27328K)->1245K(27328K)
[2025-12-16T20:44:43.710+0800][0.532s][info][gc,metaspace] GC(145) Metaspace: 91K(320K)->91K(320K) NonClass: 83K(192K)->83K(192K) Class: 8K(128K)->8K(128K)
[2025-12-16T20:44:43.710+0800][0.532s][info][gc          ] GC(145) Pause Young (Allocation Failure) 11M->1M(38M) 0.023ms
[2025-12-16T20:44:43.710+0800][0.532s][info][gc,cpu      ] GC(145) User=0.00s Sys=0.00s Real=0.00s
[2025-12-16T20:44:43.714+0800][0.535s][info][gc,start    ] GC(146) Pause Young (Allocation Failure)
[2025-12-16T20:44:43.714+0800][0.535s][info][gc,heap     ] GC(146) DefNew: 11010K(12352K)->2K(12352K) Eden: 11008K(11008K)->0K(11008K) From: 2K(1344K)->2K(1344K)
[2025-12-16T20:44:43.714+0800][0.535s][info][gc,heap     ] GC(146) Tenured: 1245K(27328K)->1245K(27328K)
[2025-12-16T20:44:43.714+0800][0.535s][info][gc,metaspace] GC(146) Metaspace: 91K(320K)->91K(320K) NonClass: 83K(192K)->83K(192K) Class: 8K(128K)->8K(128K)
[2025-12-16T20:44:43.714+0800][0.535s][info][gc          ] GC(146) Pause Young (Allocation Failure) 11M->1M(38M) 0.023ms
[2025-12-16T20:44:43.714+0800][0.535s][info][gc,cpu      ] GC(146) User=0.00s Sys=0.00s Real=0.00s
[2025-12-16T20:44:43.717+0800][0.538s][info][gc,start    ] GC(147) Pause Young (Allocation Failure)
[2025-12-16T20:44:43.717+0800][0.538s][info][gc,heap     ] GC(147) DefNew: 11010K(12352K)->1K(12352K) Eden: 11008K(11008K)->0K(11008K) From: 2K(1344K)->1K(1344K)
[2025-12-16T20:44:43.717+0800][0.538s][info][gc,heap     ] GC(147) Tenured: 1245K(27328K)->1245K(27328K)
[2025-12-16T20:44:43.717+0800][0.538s][info][gc,metaspace] GC(147) Metaspace: 91K(320K)->91K(320K) NonClass: 83K(192K)->83K(192K) Class: 8K(128K)->8K(128K)
[2025-12-16T20:44:43.717+0800][0.538s][info][gc          ] GC(147) Pause Young (Allocation Failure) 11M->1M(38M) 0.023ms
[2025-12-16T20:44:43.717+0800][0.538s][info][gc,cpu      ] GC(147) User=0.00s Sys=0.00s Real=0.00s
[2025-12-16T20:44:43.720+0800][0.542s][info][gc,start    ] GC(148) Pause Young (Allocation Failure)
[2025-12-16T20:44:43.720+0800][0.542s][info][gc,heap     ] GC(148) DefNew: 11009K(12352K)->2K(12352K) Eden: 11008K(11008K)->0K(11008K) From: 1K(1344K)->2K(1344K)
[2025-12-16T20:44:43.720+0800][0.542s][info][gc,heap     ] GC(148) Tenured: 1245K(27328K)->1245K(27328K)
[2025-12-16T20:44:43.720+0800][0.542s][info][gc,metaspace] GC(148) Metaspace: 91K(320K)->91K(320K) NonClass: 83K(192K)->83K(192K) Class: 8K(128K)->8K(128K)
[2025-12-16T20:44:43.720+0800][0.542s][info][gc          ] GC(148) Pause Young (Allocation Failure) 11M->1M(38M) 0.020ms
[2025-12-16T20:44:43.720+0800][0.542s][info][gc,cpu      ] GC(148) User=0.00s Sys=0.00s Real=0.00s
[2025-12-16T20:44:43.724+0800][0.545s][info][gc,start    ] GC(149) Pause Young (Allocation Failure)
[2025-12-16T20:44:43.724+0800][0.545s][info][gc,heap     ] GC(149) DefNew: 11010K(12352K)->2K(12352K) Eden: 11008K(11008K)->0K(11008K) From: 2K(1344K)->2K(1344K)
[2025-12-16T20:44:43.724+0800][0.545s][info][gc,heap     ] GC(149) Tenured: 1245K(27328K)->1245K(27328K)
[2025-12-16T20:44:43.724+0800][0.545s][info][gc,metaspace] GC(149) Metaspace: 91K(320K)->91K(320K) NonClass: 83K(192K)->83K(192K) Class: 8K(128K)->8K(128K)
[2025-12-16T20:44:43.724+0800][0.545s][info][gc          ] GC(149) Pause Young (Allocation Failure) 11M->1M(38M) 0.024ms
[2025-12-16T20:44:43.724+0800][0.545s][info][gc,cpu      ] GC(149) User=0.00s Sys=0.00s Real=0.00s
[2025-12-16T20:44:43.727+0800][0.549s][info][gc,start    ] GC(150) Pause Young (Allocation Failure)
[2025-12-16T20:44:43.727+0800][0.549s][info][gc,heap     ] GC(150) DefNew: 11010K(12352K)->2K(12352K) Eden: 11008K(11008K)->0K(11008K) From: 2K(1344K)->2K(1344K)
[2025-12-16T20:44:43.727+0800][0.549s][info][gc,heap     ] GC(150) Tenured: 1245K(27328K)->1245K(27328K)
[2025-12-16T20:44:43.727+0800][0.549s][info][gc,metaspace] GC(150) Metaspace: 91K(320K)->91K(320K) NonClass: 83K(192K)->83K(192K) Class: 8K(128K)->8K(128K)
[2025-12-16T20:44:43.727+0800][0.549s][info][gc          ] GC(150) Pause Young (Allocation Failure) 11M->1M(38M) 0.023ms
[2025-12-16T20:44:43.727+0800][0.549s][info][gc,cpu      ] GC(150) User=0.00s Sys=0.00s Real=0.00s
[2025-12-16T20:44:43.731+0800][0.552s][info][gc,start    ] GC(151) Pause Young (Allocation Failure)
[2025-12-16T20:44:43.731+0800][0.552s][info][gc,heap     ] GC(151) DefNew: 11010K(12352K)->2K(12352K) Eden: 11008K(11008K)->0K(11008K) From: 2K(1344K)->2K(1344K)
[2025-12-16T20:44:43.731+0800][0.552s][info][gc,heap     ] GC(151) Tenured: 1245K(27328K)->1245K(27328K)
[2025-12-16T20:44:43.731+0800][0.552s][info][gc,metaspace] GC(151) Metaspace: 91K(320K)->91K(320K) NonClass: 83K(192K)->83K(192K) Class: 8K(128K)->8K(128K)
[2025-12-16T20:44:43.731+0800][0.552s][info][gc          ] GC(151) Pause Young (Allocation Failure) 11M->1M(38M) 0.023ms
[2025-12-16T20:44:43.731+0800][0.552s][info][gc,cpu      ] GC(151) User=0.00s Sys=0.00s Real=0.00s
[2025-12-16T20:44:43.734+0800][0.555s][info][gc,start    ] GC(152) Pause Young (Allocation Failure)
[2025-12-16T20:44:43.734+0800][0.555s][info][gc,heap     ] GC(152) DefNew: 11010K(12352K)->2K(12352K) Eden: 11008K(11008K)->0K(11008K) From: 2K(1344K)->2K(1344K)
[2025-12-16T20:44:43.734+0800][0.555s][info][gc,heap     ] GC(152) Tenured: 1245K(27328K)->1245K(27328K)
[2025-12-16T20:44:43.734+0800][0.555s][info][gc,metaspace] GC(152) Metaspace: 91K(320K)->91K(320K) NonClass: 83K(192K)->83K(192K) Class: 8K(128K)->8K(128K)
[2025-12-16T20:44:43.734+0800][0.555s][info][gc          ] GC(152) Pause Young (Allocation Failure) 11M->1M(38M) 0.030ms
[2025-12-16T20:44:43.734+0800][0.555s][info][gc,cpu      ] GC(152) User=0.00s Sys=0.00s Real=0.00s
[2025-12-16T20:44:43.737+0800][0.559s][info][gc,start    ] GC(153) Pause Young (Allocation Failure)
[2025-12-16T20:44:43.737+0800][0.559s][info][gc,heap     ] GC(153) DefNew: 11010K(12352K)->3K(12352K) Eden: 11008K(11008K)->0K(11008K) From: 2K(1344K)->3K(1344K)
[2025-12-16T20:44:43.737+0800][0.559s][info][gc,heap     ] GC(153) Tenured: 1245K(27328K)->1245K(27328K)
[2025-12-16T20:44:43.737+0800][0.559s][info][gc,metaspace] GC(153) Metaspace: 91K(320K)->91K(320K) NonClass: 83K(192K)->83K(192K) Class: 8K(128K)->8K(128K)
[2025-12-16T20:44:43.737+0800][0.559s][info][gc          ] GC(153) Pause Young (Allocation Failure) 11M->1M(38M) 0.024ms
[2025-12-16T20:44:43.737+0800][0.559s][info][gc,cpu      ] GC(153) User=0.00s Sys=0.00s Real=0.00s
[2025-12-16T20:44:43.741+0800][0.562s][info][gc,start    ] GC(154) Pause Young (Allocation Failure)
[2025-12-16T20:44:43.741+0800][0.562s][info][gc,heap     ] GC(154) DefNew: 11011K(12352K)->1K(12352K) Eden: 11008K(11008K)->0K(11008K) From: 3K(1344K)->1K(1344K)
[2025-12-16T20:44:43.741+0800][0.562s][info][gc,heap     ] GC(154) Tenured: 1245K(27328K)->1245K(27328K)
[2025-12-16T20:44:43.741+0800][0.562s][info][gc,metaspace] GC(154) Metaspace: 91K(320K)->91K(320K) NonClass: 83K(192K)->83K(192K) Class: 8K(128K)->8K(128K)
[2025-12-16T20:44:43.741+0800][0.562s][info][gc          ] GC(154) Pause Young (Allocation Failure) 11M->1M(38M) 0.023ms
[2025-12-16T20:44:43.741+0800][0.562s][info][gc,cpu      ] GC(154) User=0.00s Sys=0.00s Real=0.00s
[2025-12-16T20:44:43.744+0800][0.566s][info][gc,start    ] GC(155) Pause Young (Allocation Failure)
[2025-12-16T20:44:43.744+0800][0.566s][info][gc,heap     ] GC(155) DefNew: 11009K(12352K)->2K(12352K) Eden: 11008K(11008K)->0K(11008K) From: 1K(1344K)->2K(1344K)
[2025-12-16T20:44:43.744+0800][0.566s][info][gc,heap     ] GC(155) Tenured: 1245K(27328K)->1245K(27328K)
[2025-12-16T20:44:43.744+0800][0.566s][info][gc,metaspace] GC(155) Metaspace: 91K(320K)->91K(320K) NonClass: 83K(192K)->83K(192K) Class: 8K(128K)->8K(128K)
[2025-12-16T20:44:43.744+0800][0.566s][info][gc          ] GC(155) Pause Young (Allocation Failure) 11M->1M(38M) 0.023ms
[2025-12-16T20:44:43.744+0800][0.566s][info][gc,cpu      ] GC(155) User=0.00s Sys=0.00s Real=0.00s
[2025-12-16T20:44:43.747+0800][0.569s][info][gc,start    ] GC(156) Pause Young (Allocation Failure)
[2025-12-16T20:44:43.748+0800][0.569s][info][gc,heap     ] GC(156) DefNew: 11010K(12352K)->2K(12352K) Eden: 11008K(11008K)->0K(11008K) From: 2K(1344K)->2K(1344K)
[2025-12-16T20:44:43.748+0800][0.569s][info][gc,heap     ] GC(156) Tenured: 1245K(27328K)->1245K(27328K)
[2025-12-16T20:44:43.748+0800][0.569s][info][gc,metaspace] GC(156) Metaspace: 91K(320K)->91K(320K) NonClass: 83K(192K)->83K(192K) Class: 8K(128K)->8K(128K)
[2025-12-16T20:44:43.748+0800][0.569s][info][gc          ] GC(156) Pause Young (Allocation Failure) 11M->1M(38M) 0.023ms
[2025-12-16T20:44:43.748+0800][0.569s][info][gc,cpu      ] GC(156) User=0.00s Sys=0.00s Real=0.00s
[2025-12-16T20:44:43.751+0800][0.572s][info][gc,start    ] GC(157) Pause Young (Allocation Failure)
[2025-12-16T20:44:43.751+0800][0.572s][info][gc,heap     ] GC(157) DefNew: 11010K(12352K)->1K(12352K) Eden: 11008K(11008K)->0K(11008K) From: 2K(1344K)->1K(1344K)
[2025-12-16T20:44:43.751+0800][0.572s][info][gc,heap     ] GC(157) Tenured: 1245K(27328K)->1245K(27328K)
[2025-12-16T20:44:43.751+0800][0.572s][info][gc,metaspace] GC(157) Metaspace: 91K(320K)->91K(320K) NonClass: 83K(192K)->83K(192K) Class: 8K(128K)->8K(128K)
[2025-12-16T20:44:43.751+0800][0.572s][info][gc          ] GC(157) Pause Young (Allocation Failure) 11M->1M(38M) 0.024ms
[2025-12-16T20:44:43.751+0800][0.572s][info][gc,cpu      ] GC(157) User=0.00s Sys=0.00s Real=0.00s
[2025-12-16T20:44:43.754+0800][0.576s][info][gc,start    ] GC(158) Pause Young (Allocation Failure)
[2025-12-16T20:44:43.754+0800][0.576s][info][gc,heap     ] GC(158) DefNew: 11009K(12352K)->2K(12352K) Eden: 11008K(11008K)->0K(11008K) From: 1K(1344K)->2K(1344K)
[2025-12-16T20:44:43.754+0800][0.576s][info][gc,heap     ] GC(158) Tenured: 1245K(27328K)->1245K(27328K)
[2025-12-16T20:44:43.754+0800][0.576s][info][gc,metaspace] GC(158) Metaspace: 91K(320K)->91K(320K) NonClass: 83K(192K)->83K(192K) Class: 8K(128K)->8K(128K)
[2025-12-16T20:44:43.754+0800][0.576s][info][gc          ] GC(158) Pause Young (Allocation Failure) 11M->1M(38M) 0.023ms
[2025-12-16T20:44:43.754+0800][0.576s][info][gc,cpu      ] GC(158) User=0.00s Sys=0.00s Real=0.00s
[2025-12-16T20:44:43.758+0800][0.579s][info][gc,start    ] GC(159) Pause Young (Allocation Failure)
[2025-12-16T20:44:43.758+0800][0.579s][info][gc,heap     ] GC(159) DefNew: 11010K(12352K)->2K(12352K) Eden: 11008K(11008K)->0K(11008K) From: 2K(1344K)->2K(1344K)
[2025-12-16T20:44:43.758+0800][0.579s][info][gc,heap     ] GC(159) Tenured: 1245K(27328K)->1245K(27328K)
[2025-12-16T20:44:43.758+0800][0.579s][info][gc,metaspace] GC(159) Metaspace: 91K(320K)->91K(320K) NonClass: 83K(192K)->83K(192K) Class: 8K(128K)->8K(128K)
[2025-12-16T20:44:43.758+0800][0.579s][info][gc          ] GC(159) Pause Young (Allocation Failure) 11M->1M(38M) 0.023ms
[2025-12-16T20:44:43.758+0800][0.579s][info][gc,cpu      ] GC(159) User=0.00s Sys=0.00s Real=0.00s
[2025-12-16T20:44:43.761+0800][0.582s][info][gc,start    ] GC(160) Pause Young (Allocation Failure)
[2025-12-16T20:44:43.761+0800][0.582s][info][gc,heap     ] GC(160) DefNew: 11010K(12352K)->2K(12352K) Eden: 11008K(11008K)->0K(11008K) From: 2K(1344K)->2K(1344K)
[2025-12-16T20:44:43.761+0800][0.583s][info][gc,heap     ] GC(160) Tenured: 1245K(27328K)->1245K(27328K)
[2025-12-16T20:44:43.761+0800][0.583s][info][gc,metaspace] GC(160) Metaspace: 91K(320K)->91K(320K) NonClass: 83K(192K)->83K(192K) Class: 8K(128K)->8K(128K)
[2025-12-16T20:44:43.761+0800][0.583s][info][gc          ] GC(160) Pause Young (Allocation Failure) 11M->1M(38M) 0.023ms
[2025-12-16T20:44:43.761+0800][0.583s][info][gc,cpu      ] GC(160) User=0.00s Sys=0.00s Real=0.00s
[2025-12-16T20:44:43.764+0800][0.586s][info][gc,start    ] GC(161) Pause Young (Allocation Failure)
[2025-12-16T20:44:43.764+0800][0.586s][info][gc,heap     ] GC(161) DefNew: 11010K(12352K)->2K(12352K) Eden: 11008K(11008K)->0K(11008K) From: 2K(1344K)->2K(1344K)
[2025-12-16T20:44:43.764+0800][0.586s][info][gc,heap     ] GC(161) Tenured: 1245K(27328K)->1245K(27328K)
[2025-12-16T20:44:43.764+0800][0.586s][info][gc,metaspace] GC(161) Metaspace: 91K(320K)->91K(320K) NonClass: 83K(192K)->83K(192K) Class: 8K(128K)->8K(128K)
[2025-12-16T20:44:43.764+0800][0.586s][info][gc          ] GC(161) Pause Young (Allocation Failure) 11M->1M(38M) 0.023ms
[2025-12-16T20:44:43.764+0800][0.586s][info][gc,cpu      ] GC(161) User=0.00s Sys=0.00s Real=0.00s
[2025-12-16T20:44:43.768+0800][0.589s][info][gc,start    ] GC(162) Pause Young (Allocation Failure)
[2025-12-16T20:44:43.768+0800][0.589s][info][gc,heap     ] GC(162) DefNew: 11010K(12352K)->2K(12352K) Eden: 11008K(11008K)->0K(11008K) From: 2K(1344K)->2K(1344K)
[2025-12-16T20:44:43.768+0800][0.589s][info][gc,heap     ] GC(162) Tenured: 1245K(27328K)->1245K(27328K)
[2025-12-16T20:44:43.768+0800][0.589s][info][gc,metaspace] GC(162) Metaspace: 91K(320K)->91K(320K) NonClass: 83K(192K)->83K(192K) Class: 8K(128K)->8K(128K)
[2025-12-16T20:44:43.768+0800][0.589s][info][gc          ] GC(162) Pause Young (Allocation Failure) 11M->1M(38M) 0.024ms
[2025-12-16T20:44:43.768+0800][0.589s][info][gc,cpu      ] GC(162) User=0.00s Sys=0.00s Real=0.00s
[2025-12-16T20:44:43.771+0800][0.593s][info][gc,start    ] GC(163) Pause Young (Allocation Failure)
[2025-12-16T20:44:43.771+0800][0.593s][info][gc,heap     ] GC(163) DefNew: 11010K(12352K)->3K(12352K) Eden: 11008K(11008K)->0K(11008K) From: 2K(1344K)->3K(1344K)
[2025-12-16T20:44:43.771+0800][0.593s][info][gc,heap     ] GC(163) Tenured: 1245K(27328K)->1245K(27328K)
[2025-12-16T20:44:43.771+0800][0.593s][info][gc,metaspace] GC(163) Metaspace: 91K(320K)->91K(320K) NonClass: 83K(192K)->83K(192K) Class: 8K(128K)->8K(128K)
[2025-12-16T20:44:43.771+0800][0.593s][info][gc          ] GC(163) Pause Young (Allocation Failure) 11M->1M(38M) 0.026ms
[2025-12-16T20:44:43.771+0800][0.593s][info][gc,cpu      ] GC(163) User=0.00s Sys=0.00s Real=0.00s
[2025-12-16T20:44:43.775+0800][0.596s][info][gc,start    ] GC(164) Pause Young (Allocation Failure)
[2025-12-16T20:44:43.775+0800][0.596s][info][gc,heap     ] GC(164) DefNew: 11011K(12352K)->1K(12352K) Eden: 11008K(11008K)->0K(11008K) From: 3K(1344K)->1K(1344K)
[2025-12-16T20:44:43.775+0800][0.596s][info][gc,heap     ] GC(164) Tenured: 1245K(27328K)->1245K(27328K)
[2025-12-16T20:44:43.775+0800][0.596s][info][gc,metaspace] GC(164) Metaspace: 91K(320K)->91K(320K) NonClass: 83K(192K)->83K(192K) Class: 8K(128K)->8K(128K)
[2025-12-16T20:44:43.775+0800][0.596s][info][gc          ] GC(164) Pause Young (Allocation Failure) 11M->1M(38M) 0.024ms
[2025-12-16T20:44:43.775+0800][0.596s][info][gc,cpu      ] GC(164) User=0.00s Sys=0.00s Real=0.00s
[2025-12-16T20:44:43.778+0800][0.599s][info][gc,start    ] GC(165) Pause Young (Allocation Failure)
[2025-12-16T20:44:43.778+0800][0.599s][info][gc,heap     ] GC(165) DefNew: 11009K(12352K)->2K(12352K) Eden: 11008K(11008K)->0K(11008K) From: 1K(1344K)->2K(1344K)
[2025-12-16T20:44:43.778+0800][0.599s][info][gc,heap     ] GC(165) Tenured: 1245K(27328K)->1245K(27328K)
[2025-12-16T20:44:43.778+0800][0.599s][info][gc,metaspace] GC(165) Metaspace: 91K(320K)->91K(320K) NonClass: 83K(192K)->83K(192K) Class: 8K(128K)->8K(128K)
[2025-12-16T20:44:43.778+0800][0.599s][info][gc          ] GC(165) Pause Young (Allocation Failure) 11M->1M(38M) 0.023ms
[2025-12-16T20:44:43.778+0800][0.599s][info][gc,cpu      ] GC(165) User=0.00s Sys=0.00s Real=0.00s
[2025-12-16T20:44:43.781+0800][0.603s][info][gc,start    ] GC(166) Pause Young (Allocation Failure)
[2025-12-16T20:44:43.781+0800][0.603s][info][gc,heap     ] GC(166) DefNew: 11010K(12352K)->2K(12352K) Eden: 11008K(11008K)->0K(11008K) From: 2K(1344K)->2K(1344K)
[2025-12-16T20:44:43.781+0800][0.603s][info][gc,heap     ] GC(166) Tenured: 1245K(27328K)->1245K(27328K)
[2025-12-16T20:44:43.781+0800][0.603s][info][gc,metaspace] GC(166) Metaspace: 91K(320K)->91K(320K) NonClass: 83K(192K)->83K(192K) Class: 8K(128K)->8K(128K)
[2025-12-16T20:44:43.781+0800][0.603s][info][gc          ] GC(166) Pause Young (Allocation Failure) 11M->1M(38M) 0.024ms
[2025-12-16T20:44:43.781+0800][0.603s][info][gc,cpu      ] GC(166) User=0.00s Sys=0.00s Real=0.00s
[2025-12-16T20:44:43.785+0800][0.606s][info][gc,start    ] GC(167) Pause Young (Allocation Failure)
[2025-12-16T20:44:43.785+0800][0.606s][info][gc,heap     ] GC(167) DefNew: 11010K(12352K)->1K(12352K) Eden: 11008K(11008K)->0K(11008K) From: 2K(1344K)->1K(1344K)
[2025-12-16T20:44:43.785+0800][0.606s][info][gc,heap     ] GC(167) Tenured: 1245K(27328K)->1245K(27328K)
[2025-12-16T20:44:43.785+0800][0.606s][info][gc,metaspace] GC(167) Metaspace: 91K(320K)->91K(320K) NonClass: 83K(192K)->83K(192K) Class: 8K(128K)->8K(128K)
[2025-12-16T20:44:43.785+0800][0.606s][info][gc          ] GC(167) Pause Young (Allocation Failure) 11M->1M(38M) 0.023ms
[2025-12-16T20:44:43.785+0800][0.606s][info][gc,cpu      ] GC(167) User=0.00s Sys=0.00s Real=0.00s
[2025-12-16T20:44:43.788+0800][0.610s][info][gc,start    ] GC(168) Pause Young (Allocation Failure)
[2025-12-16T20:44:43.788+0800][0.610s][info][gc,heap     ] GC(168) DefNew: 11009K(12352K)->2K(12352K) Eden: 11008K(11008K)->0K(11008K) From: 1K(1344K)->2K(1344K)
[2025-12-16T20:44:43.788+0800][0.610s][info][gc,heap     ] GC(168) Tenured: 1245K(27328K)->1245K(27328K)
[2025-12-16T20:44:43.788+0800][0.610s][info][gc,metaspace] GC(168) Metaspace: 91K(320K)->91K(320K) NonClass: 83K(192K)->83K(192K) Class: 8K(128K)->8K(128K)
[2025-12-16T20:44:43.788+0800][0.610s][info][gc          ] GC(168) Pause Young (Allocation Failure) 11M->1M(38M) 0.024ms
[2025-12-16T20:44:43.788+0800][0.610s][info][gc,cpu      ] GC(168) User=0.00s Sys=0.00s Real=0.00s
[2025-12-16T20:44:43.792+0800][0.613s][info][gc,start    ] GC(169) Pause Young (Allocation Failure)
[2025-12-16T20:44:43.792+0800][0.613s][info][gc,heap     ] GC(169) DefNew: 11010K(12352K)->2K(12352K) Eden: 11008K(11008K)->0K(11008K) From: 2K(1344K)->2K(1344K)
[2025-12-16T20:44:43.792+0800][0.613s][info][gc,heap     ] GC(169) Tenured: 1245K(27328K)->1245K(27328K)
[2025-12-16T20:44:43.792+0800][0.613s][info][gc,metaspace] GC(169) Metaspace: 91K(320K)->91K(320K) NonClass: 83K(192K)->83K(192K) Class: 8K(128K)->8K(128K)
[2025-12-16T20:44:43.792+0800][0.613s][info][gc          ] GC(169) Pause Young (Allocation Failure) 11M->1M(38M) 0.024ms
[2025-12-16T20:44:43.792+0800][0.613s][info][gc,cpu      ] GC(169) User=0.00s Sys=0.00s Real=0.00s
[2025-12-16T20:44:43.795+0800][0.616s][info][gc,start    ] GC(170) Pause Young (Allocation Failure)
[2025-12-16T20:44:43.795+0800][0.616s][info][gc,heap     ] GC(170) DefNew: 11010K(12352K)->2K(12352K) Eden: 11008K(11008K)->0K(11008K) From: 2K(1344K)->2K(1344K)
[2025-12-16T20:44:43.795+0800][0.616s][info][gc,heap     ] GC(170) Tenured: 1245K(27328K)->1245K(27328K)
[2025-12-16T20:44:43.795+0800][0.616s][info][gc,metaspace] GC(170) Metaspace: 91K(320K)->91K(320K) NonClass: 83K(192K)->83K(192K) Class: 8K(128K)->8K(128K)
[2025-12-16T20:44:43.795+0800][0.616s][info][gc          ] GC(170) Pause Young (Allocation Failure) 11M->1M(38M) 0.023ms
[2025-12-16T20:44:43.795+0800][0.616s][info][gc,cpu      ] GC(170) User=0.00s Sys=0.00s Real=0.00s
[2025-12-16T20:44:43.798+0800][0.620s][info][gc,start    ] GC(171) Pause Young (Allocation Failure)
[2025-12-16T20:44:43.798+0800][0.620s][info][gc,heap     ] GC(171) DefNew: 11010K(12352K)->2K(12352K) Eden: 11008K(11008K)->0K(11008K) From: 2K(1344K)->2K(1344K)
[2025-12-16T20:44:43.798+0800][0.620s][info][gc,heap     ] GC(171) Tenured: 1245K(27328K)->1245K(27328K)
[2025-12-16T20:44:43.798+0800][0.620s][info][gc,metaspace] GC(171) Metaspace: 91K(320K)->91K(320K) NonClass: 83K(192K)->83K(192K) Class: 8K(128K)->8K(128K)
[2025-12-16T20:44:43.798+0800][0.620s][info][gc          ] GC(171) Pause Young (Allocation Failure) 11M->1M(38M) 0.026ms
[2025-12-16T20:44:43.798+0800][0.620s][info][gc,cpu      ] GC(171) User=0.00s Sys=0.00s Real=0.00s
[2025-12-16T20:44:43.802+0800][0.623s][info][gc,start    ] GC(172) Pause Young (Allocation Failure)
[2025-12-16T20:44:43.802+0800][0.623s][info][gc,heap     ] GC(172) DefNew: 11010K(12352K)->2K(12352K) Eden: 11008K(11008K)->0K(11008K) From: 2K(1344K)->2K(1344K)
[2025-12-16T20:44:43.802+0800][0.623s][info][gc,heap     ] GC(172) Tenured: 1245K(27328K)->1245K(27328K)
[2025-12-16T20:44:43.802+0800][0.623s][info][gc,metaspace] GC(172) Metaspace: 91K(320K)->91K(320K) NonClass: 83K(192K)->83K(192K) Class: 8K(128K)->8K(128K)
[2025-12-16T20:44:43.802+0800][0.623s][info][gc          ] GC(172) Pause Young (Allocation Failure) 11M->1M(38M) 0.023ms
[2025-12-16T20:44:43.802+0800][0.623s][info][gc,cpu      ] GC(172) User=0.00s Sys=0.00s Real=0.00s
[2025-12-16T20:44:43.805+0800][0.627s][info][gc,start    ] GC(173) Pause Young (Allocation Failure)
[2025-12-16T20:44:43.805+0800][0.627s][info][gc,heap     ] GC(173) DefNew: 11010K(12352K)->3K(12352K) Eden: 11008K(11008K)->0K(11008K) From: 2K(1344K)->3K(1344K)
[2025-12-16T20:44:43.805+0800][0.627s][info][gc,heap     ] GC(173) Tenured: 1245K(27328K)->1245K(27328K)
[2025-12-16T20:44:43.805+0800][0.627s][info][gc,metaspace] GC(173) Metaspace: 91K(320K)->91K(320K) NonClass: 83K(192K)->83K(192K) Class: 8K(128K)->8K(128K)
[2025-12-16T20:44:43.805+0800][0.627s][info][gc          ] GC(173) Pause Young (Allocation Failure) 11M->1M(38M) 0.024ms
[2025-12-16T20:44:43.805+0800][0.627s][info][gc,cpu      ] GC(173) User=0.00s Sys=0.00s Real=0.00s
[2025-12-16T20:44:43.809+0800][0.630s][info][gc,start    ] GC(174) Pause Young (Allocation Failure)
[2025-12-16T20:44:43.809+0800][0.630s][info][gc,heap     ] GC(174) DefNew: 11011K(12352K)->1K(12352K) Eden: 11008K(11008K)->0K(11008K) From: 3K(1344K)->1K(1344K)
[2025-12-16T20:44:43.809+0800][0.630s][info][gc,heap     ] GC(174) Tenured: 1245K(27328K)->1245K(27328K)
[2025-12-16T20:44:43.809+0800][0.630s][info][gc,metaspace] GC(174) Metaspace: 91K(320K)->91K(320K) NonClass: 83K(192K)->83K(192K) Class: 8K(128K)->8K(128K)
[2025-12-16T20:44:43.809+0800][0.630s][info][gc          ] GC(174) Pause Young (Allocation Failure) 11M->1M(38M) 0.029ms
[2025-12-16T20:44:43.809+0800][0.630s][info][gc,cpu      ] GC(174) User=0.00s Sys=0.00s Real=0.00s
[2025-12-16T20:44:43.812+0800][0.633s][info][gc,start    ] GC(175) Pause Young (Allocation Failure)
[2025-12-16T20:44:43.812+0800][0.633s][info][gc,heap     ] GC(175) DefNew: 11009K(12352K)->2K(12352K) Eden: 11008K(11008K)->0K(11008K) From: 1K(1344K)->2K(1344K)
[2025-12-16T20:44:43.812+0800][0.633s][info][gc,heap     ] GC(175) Tenured: 1245K(27328K)->1245K(27328K)
[2025-12-16T20:44:43.812+0800][0.633s][info][gc,metaspace] GC(175) Metaspace: 91K(320K)->91K(320K) NonClass: 83K(192K)->83K(192K) Class: 8K(128K)->8K(128K)
[2025-12-16T20:44:43.812+0800][0.633s][info][gc          ] GC(175) Pause Young (Allocation Failure) 11M->1M(38M) 0.023ms
[2025-12-16T20:44:43.812+0800][0.633s][info][gc,cpu      ] GC(175) User=0.00s Sys=0.00s Real=0.00s
[2025-12-16T20:44:43.815+0800][0.637s][info][gc,start    ] GC(176) Pause Young (Allocation Failure)
[2025-12-16T20:44:43.815+0800][0.637s][info][gc,heap     ] GC(176) DefNew: 11010K(12352K)->2K(12352K) Eden: 11008K(11008K)->0K(11008K) From: 2K(1344K)->2K(1344K)
[2025-12-16T20:44:43.815+0800][0.637s][info][gc,heap     ] GC(176) Tenured: 1245K(27328K)->1245K(27328K)
[2025-12-16T20:44:43.815+0800][0.637s][info][gc,metaspace] GC(176) Metaspace: 91K(320K)->91K(320K) NonClass: 83K(192K)->83K(192K) Class: 8K(128K)->8K(128K)
[2025-12-16T20:44:43.815+0800][0.637s][info][gc          ] GC(176) Pause Young (Allocation Failure) 11M->1M(38M) 0.023ms
[2025-12-16T20:44:43.815+0800][0.637s][info][gc,cpu      ] GC(176) User=0.00s Sys=0.00s Real=0.00s
[2025-12-16T20:44:43.819+0800][0.640s][info][gc,start    ] GC(177) Pause Young (Allocation Failure)
[2025-12-16T20:44:43.819+0800][0.640s][info][gc,heap     ] GC(177) DefNew: 11010K(12352K)->1K(12352K) Eden: 11008K(11008K)->0K(11008K) From: 2K(1344K)->1K(1344K)
[2025-12-16T20:44:43.819+0800][0.640s][info][gc,heap     ] GC(177) Tenured: 1245K(27328K)->1245K(27328K)
[2025-12-16T20:44:43.819+0800][0.640s][info][gc,metaspace] GC(177) Metaspace: 91K(320K)->91K(320K) NonClass: 83K(192K)->83K(192K) Class: 8K(128K)->8K(128K)
[2025-12-16T20:44:43.819+0800][0.640s][info][gc          ] GC(177) Pause Young (Allocation Failure) 11M->1M(38M) 0.023ms
[2025-12-16T20:44:43.819+0800][0.640s][info][gc,cpu      ] GC(177) User=0.00s Sys=0.00s Real=0.00s
[2025-12-16T20:44:43.822+0800][0.644s][info][gc,start    ] GC(178) Pause Young (Allocation Failure)
[2025-12-16T20:44:43.822+0800][0.644s][info][gc,heap     ] GC(178) DefNew: 11009K(12352K)->2K(12352K) Eden: 11008K(11008K)->0K(11008K) From: 1K(1344K)->2K(1344K)
[2025-12-16T20:44:43.822+0800][0.644s][info][gc,heap     ] GC(178) Tenured: 1245K(27328K)->1245K(27328K)
[2025-12-16T20:44:43.822+0800][0.644s][info][gc,metaspace] GC(178) Metaspace: 91K(320K)->91K(320K) NonClass: 83K(192K)->83K(192K) Class: 8K(128K)->8K(128K)
[2025-12-16T20:44:43.822+0800][0.644s][info][gc          ] GC(178) Pause Young (Allocation Failure) 11M->1M(38M) 0.024ms
[2025-12-16T20:44:43.822+0800][0.644s][info][gc,cpu      ] GC(178) User=0.00s Sys=0.00s Real=0.00s
[2025-12-16T20:44:43.825+0800][0.647s][info][gc,start    ] GC(179) Pause Young (Allocation Failure)
[2025-12-16T20:44:43.825+0800][0.647s][info][gc,heap     ] GC(179) DefNew: 11010K(12352K)->2K(12352K) Eden: 11008K(11008K)->0K(11008K) From: 2K(1344K)->2K(1344K)
[2025-12-16T20:44:43.825+0800][0.647s][info][gc,heap     ] GC(179) Tenured: 1245K(27328K)->1245K(27328K)
[2025-12-16T20:44:43.825+0800][0.647s][info][gc,metaspace] GC(179) Metaspace: 91K(320K)->91K(320K) NonClass: 83K(192K)->83K(192K) Class: 8K(128K)->8K(128K)
[2025-12-16T20:44:43.825+0800][0.647s][info][gc          ] GC(179) Pause Young (Allocation Failure) 11M->1M(38M) 0.024ms
[2025-12-16T20:44:43.825+0800][0.647s][info][gc,cpu      ] GC(179) User=0.00s Sys=0.00s Real=0.00s
[2025-12-16T20:44:43.829+0800][0.650s][info][gc,start    ] GC(180) Pause Young (Allocation Failure)
[2025-12-16T20:44:43.829+0800][0.650s][info][gc,heap     ] GC(180) DefNew: 11010K(12352K)->2K(12352K) Eden: 11008K(11008K)->0K(11008K) From: 2K(1344K)->2K(1344K)
[2025-12-16T20:44:43.829+0800][0.650s][info][gc,heap     ] GC(180) Tenured: 1245K(27328K)->1245K(27328K)
[2025-12-16T20:44:43.829+0800][0.650s][info][gc,metaspace] GC(180) Metaspace: 91K(320K)->91K(320K) NonClass: 83K(192K)->83K(192K) Class: 8K(128K)->8K(128K)
[2025-12-16T20:44:43.829+0800][0.650s][info][gc          ] GC(180) Pause Young (Allocation Failure) 11M->1M(38M) 0.024ms
[2025-12-16T20:44:43.829+0800][0.650s][info][gc,cpu      ] GC(180) User=0.00s Sys=0.00s Real=0.00s
[2025-12-16T20:44:43.832+0800][0.654s][info][gc,start    ] GC(181) Pause Young (Allocation Failure)
[2025-12-16T20:44:43.832+0800][0.654s][info][gc,heap     ] GC(181) DefNew: 11010K(12352K)->2K(12352K) Eden: 11008K(11008K)->0K(11008K) From: 2K(1344K)->2K(1344K)
[2025-12-16T20:44:43.832+0800][0.654s][info][gc,heap     ] GC(181) Tenured: 1245K(27328K)->1245K(27328K)
[2025-12-16T20:44:43.832+0800][0.654s][info][gc,metaspace] GC(181) Metaspace: 91K(320K)->91K(320K) NonClass: 83K(192K)->83K(192K) Class: 8K(128K)->8K(128K)
[2025-12-16T20:44:43.832+0800][0.654s][info][gc          ] GC(181) Pause Young (Allocation Failure) 11M->1M(38M) 0.023ms
[2025-12-16T20:44:43.832+0800][0.654s][info][gc,cpu      ] GC(181) User=0.00s Sys=0.00s Real=0.00s
[2025-12-16T20:44:43.836+0800][0.657s][info][gc,start    ] GC(182) Pause Young (Allocation Failure)
[2025-12-16T20:44:43.836+0800][0.657s][info][gc,heap     ] GC(182) DefNew: 11010K(12352K)->2K(12352K) Eden: 11008K(11008K)->0K(11008K) From: 2K(1344K)->2K(1344K)
[2025-12-16T20:44:43.836+0800][0.657s][info][gc,heap     ] GC(182) Tenured: 1245K(27328K)->1245K(27328K)
[2025-12-16T20:44:43.836+0800][0.657s][info][gc,metaspace] GC(182) Metaspace: 91K(320K)->91K(320K) NonClass: 83K(192K)->83K(192K) Class: 8K(128K)->8K(128K)
[2025-12-16T20:44:43.836+0800][0.657s][info][gc          ] GC(182) Pause Young (Allocation Failure) 11M->1M(38M) 0.023ms
[2025-12-16T20:44:43.836+0800][0.657s][info][gc,cpu      ] GC(182) User=0.00s Sys=0.00s Real=0.00s
[2025-12-16T20:44:43.839+0800][0.660s][info][gc,start    ] GC(183) Pause Young (Allocation Failure)
[2025-12-16T20:44:43.839+0800][0.660s][info][gc,heap     ] GC(183) DefNew: 11010K(12352K)->3K(12352K) Eden: 11008K(11008K)->0K(11008K) From: 2K(1344K)->3K(1344K)
[2025-12-16T20:44:43.839+0800][0.660s][info][gc,heap     ] GC(183) Tenured: 1245K(27328K)->1245K(27328K)
[2025-12-16T20:44:43.839+0800][0.660s][info][gc,metaspace] GC(183) Metaspace: 91K(320K)->91K(320K) NonClass: 83K(192K)->83K(192K) Class: 8K(128K)->8K(128K)
[2025-12-16T20:44:43.839+0800][0.661s][info][gc          ] GC(183) Pause Young (Allocation Failure) 11M->1M(38M) 0.023ms
[2025-12-16T20:44:43.839+0800][0.661s][info][gc,cpu      ] GC(183) User=0.00s Sys=0.00s Real=0.00s
[2025-12-16T20:44:43.842+0800][0.664s][info][gc,start    ] GC(184) Pause Young (Allocation Failure)
[2025-12-16T20:44:43.842+0800][0.664s][info][gc,heap     ] GC(184) DefNew: 11011K(12352K)->1K(12352K) Eden: 11008K(11008K)->0K(11008K) From: 3K(1344K)->1K(1344K)
[2025-12-16T20:44:43.842+0800][0.664s][info][gc,heap     ] GC(184) Tenured: 1245K(27328K)->1245K(27328K)
[2025-12-16T20:44:43.842+0800][0.664s][info][gc,metaspace] GC(184) Metaspace: 91K(320K)->91K(320K) NonClass: 83K(192K)->83K(192K) Class: 8K(128K)->8K(128K)
[2025-12-16T20:44:43.842+0800][0.664s][info][gc          ] GC(184) Pause Young (Allocation Failure) 11M->1M(38M) 0.023ms
[2025-12-16T20:44:43.842+0800][0.664s][info][gc,cpu      ] GC(184) User=0.00s Sys=0.00s Real=0.00s
[2025-12-16T20:44:43.846+0800][0.667s][info][gc,start    ] GC(185) Pause Young (Allocation Failure)
[2025-12-16T20:44:43.846+0800][0.667s][info][gc,heap     ] GC(185) DefNew: 11009K(12352K)->2K(12352K) Eden: 11008K(11008K)->0K(11008K) From: 1K(1344K)->2K(1344K)
[2025-12-16T20:44:43.846+0800][0.667s][info][gc,heap     ] GC(185) Tenured: 1245K(27328K)->1245K(27328K)
[2025-12-16T20:44:43.846+0800][0.667s][info][gc,metaspace] GC(185) Metaspace: 91K(320K)->91K(320K) NonClass: 83K(192K)->83K(192K) Class: 8K(128K)->8K(128K)
[2025-12-16T20:44:43.846+0800][0.667s][info][gc          ] GC(185) Pause Young (Allocation Failure) 11M->1M(38M) 0.025ms
[2025-12-16T20:44:43.846+0800][0.667s][info][gc,cpu      ] GC(185) User=0.00s Sys=0.00s Real=0.00s
[2025-12-16T20:44:43.849+0800][0.671s][info][gc,start    ] GC(186) Pause Young (Allocation Failure)
[2025-12-16T20:44:43.849+0800][0.671s][info][gc,heap     ] GC(186) DefNew: 11010K(12352K)->2K(12352K) Eden: 11008K(11008K)->0K(11008K) From: 2K(1344K)->2K(1344K)
[2025-12-16T20:44:43.849+0800][0.671s][info][gc,heap     ] GC(186) Tenured: 1245K(27328K)->1245K(27328K)
[2025-12-16T20:44:43.849+0800][0.671s][info][gc,metaspace] GC(186) Metaspace: 91K(320K)->91K(320K) NonClass: 83K(192K)->83K(192K) Class: 8K(128K)->8K(128K)
[2025-12-16T20:44:43.849+0800][0.671s][info][gc          ] GC(186) Pause Young (Allocation Failure) 11M->1M(38M) 0.023ms
[2025-12-16T20:44:43.849+0800][0.671s][info][gc,cpu      ] GC(186) User=0.00s Sys=0.00s Real=0.00s
[2025-12-16T20:44:43.853+0800][0.674s][info][gc,start    ] GC(187) Pause Young (Allocation Failure)
[2025-12-16T20:44:43.853+0800][0.674s][info][gc,heap     ] GC(187) DefNew: 11010K(12352K)->1K(12352K) Eden: 11008K(11008K)->0K(11008K) From: 2K(1344K)->1K(1344K)
[2025-12-16T20:44:43.853+0800][0.674s][info][gc,heap     ] GC(187) Tenured: 1245K(27328K)->1245K(27328K)
[2025-12-16T20:44:43.853+0800][0.674s][info][gc,metaspace] GC(187) Metaspace: 91K(320K)->91K(320K) NonClass: 83K(192K)->83K(192K) Class: 8K(128K)->8K(128K)
[2025-12-16T20:44:43.853+0800][0.674s][info][gc          ] GC(187) Pause Young (Allocation Failure) 11M->1M(38M) 0.023ms
[2025-12-16T20:44:43.853+0800][0.674s][info][gc,cpu      ] GC(187) User=0.00s Sys=0.00s Real=0.00s
[2025-12-16T20:44:43.856+0800][0.677s][info][gc,start    ] GC(188) Pause Young (Allocation Failure)
[2025-12-16T20:44:43.856+0800][0.677s][info][gc,heap     ] GC(188) DefNew: 11009K(12352K)->2K(12352K) Eden: 11008K(11008K)->0K(11008K) From: 1K(1344K)->2K(1344K)
[2025-12-16T20:44:43.856+0800][0.677s][info][gc,heap     ] GC(188) Tenured: 1245K(27328K)->1245K(27328K)
[2025-12-16T20:44:43.856+0800][0.677s][info][gc,metaspace] GC(188) Metaspace: 91K(320K)->91K(320K) NonClass: 83K(192K)->83K(192K) Class: 8K(128K)->8K(128K)
[2025-12-16T20:44:43.856+0800][0.677s][info][gc          ] GC(188) Pause Young (Allocation Failure) 11M->1M(38M) 0.023ms
[2025-12-16T20:44:43.856+0800][0.677s][info][gc,cpu      ] GC(188) User=0.00s Sys=0.00s Real=0.00s
[2025-12-16T20:44:43.859+0800][0.681s][info][gc,start    ] GC(189) Pause Young (Allocation Failure)
[2025-12-16T20:44:43.859+0800][0.681s][info][gc,heap     ] GC(189) DefNew: 11010K(12352K)->2K(12352K) Eden: 11008K(11008K)->0K(11008K) From: 2K(1344K)->2K(1344K)
[2025-12-16T20:44:43.859+0800][0.681s][info][gc,heap     ] GC(189) Tenured: 1245K(27328K)->1245K(27328K)
[2025-12-16T20:44:43.859+0800][0.681s][info][gc,metaspace] GC(189) Metaspace: 91K(320K)->91K(320K) NonClass: 83K(192K)->83K(192K) Class: 8K(128K)->8K(128K)
[2025-12-16T20:44:43.859+0800][0.681s][info][gc          ] GC(189) Pause Young (Allocation Failure) 11M->1M(38M) 0.024ms
[2025-12-16T20:44:43.859+0800][0.681s][info][gc,cpu      ] GC(189) User=0.00s Sys=0.00s Real=0.00s
[2025-12-16T20:44:43.863+0800][0.684s][info][gc,start    ] GC(190) Pause Young (Allocation Failure)
[2025-12-16T20:44:43.863+0800][0.684s][info][gc,heap     ] GC(190) DefNew: 11010K(12352K)->2K(12352K) Eden: 11008K(11008K)->0K(11008K) From: 2K(1344K)->2K(1344K)
[2025-12-16T20:44:43.863+0800][0.684s][info][gc,heap     ] GC(190) Tenured: 1245K(27328K)->1245K(27328K)
[2025-12-16T20:44:43.863+0800][0.684s][info][gc,metaspace] GC(190) Metaspace: 91K(320K)->91K(320K) NonClass: 83K(192K)->83K(192K) Class: 8K(128K)->8K(128K)
[2025-12-16T20:44:43.863+0800][0.684s][info][gc          ] GC(190) Pause Young (Allocation Failure) 11M->1M(38M) 0.023ms
[2025-12-16T20:44:43.863+0800][0.684s][info][gc,cpu      ] GC(190) User=0.00s Sys=0.00s Real=0.00s
[2025-12-16T20:44:43.866+0800][0.688s][info][gc,start    ] GC(191) Pause Young (Allocation Failure)
[2025-12-16T20:44:43.866+0800][0.688s][info][gc,heap     ] GC(191) DefNew: 11010K(12352K)->2K(12352K) Eden: 11008K(11008K)->0K(11008K) From: 2K(1344K)->2K(1344K)
[2025-12-16T20:44:43.866+0800][0.688s][info][gc,heap     ] GC(191) Tenured: 1245K(27328K)->1245K(27328K)
[2025-12-16T20:44:43.866+0800][0.688s][info][gc,metaspace] GC(191) Metaspace: 91K(320K)->91K(320K) NonClass: 83K(192K)->83K(192K) Class: 8K(128K)->8K(128K)
[2025-12-16T20:44:43.866+0800][0.688s][info][gc          ] GC(191) Pause Young (Allocation Failure) 11M->1M(38M) 0.025ms
[2025-12-16T20:44:43.866+0800][0.688s][info][gc,cpu      ] GC(191) User=0.00s Sys=0.00s Real=0.00s
[2025-12-16T20:44:43.870+0800][0.691s][info][gc,start    ] GC(192) Pause Young (Allocation Failure)
[2025-12-16T20:44:43.870+0800][0.691s][info][gc,heap     ] GC(192) DefNew: 11010K(12352K)->2K(12352K) Eden: 11008K(11008K)->0K(11008K) From: 2K(1344K)->2K(1344K)
[2025-12-16T20:44:43.870+0800][0.691s][info][gc,heap     ] GC(192) Tenured: 1245K(27328K)->1245K(27328K)
[2025-12-16T20:44:43.870+0800][0.691s][info][gc,metaspace] GC(192) Metaspace: 91K(320K)->91K(320K) NonClass: 83K(192K)->83K(192K) Class: 8K(128K)->8K(128K)
[2025-12-16T20:44:43.870+0800][0.691s][info][gc          ] GC(192) Pause Young (Allocation Failure) 11M->1M(38M) 0.024ms
[2025-12-16T20:44:43.870+0800][0.691s][info][gc,cpu      ] GC(192) User=0.00s Sys=0.00s Real=0.00s
[2025-12-16T20:44:43.873+0800][0.694s][info][gc,start    ] GC(193) Pause Young (Allocation Failure)
[2025-12-16T20:44:43.873+0800][0.694s][info][gc,heap     ] GC(193) DefNew: 11010K(12352K)->3K(12352K) Eden: 11008K(11008K)->0K(11008K) From: 2K(1344K)->3K(1344K)
[2025-12-16T20:44:43.873+0800][0.694s][info][gc,heap     ] GC(193) Tenured: 1245K(27328K)->1245K(27328K)
[2025-12-16T20:44:43.873+0800][0.694s][info][gc,metaspace] GC(193) Metaspace: 91K(320K)->91K(320K) NonClass: 83K(192K)->83K(192K) Class: 8K(128K)->8K(128K)
[2025-12-16T20:44:43.873+0800][0.694s][info][gc          ] GC(193) Pause Young (Allocation Failure) 11M->1M(38M) 0.026ms
[2025-12-16T20:44:43.873+0800][0.694s][info][gc,cpu      ] GC(193) User=0.00s Sys=0.00s Real=0.00s
[2025-12-16T20:44:43.876+0800][0.698s][info][gc,start    ] GC(194) Pause Young (Allocation Failure)
[2025-12-16T20:44:43.876+0800][0.698s][info][gc,heap     ] GC(194) DefNew: 11011K(12352K)->1K(12352K) Eden: 11008K(11008K)->0K(11008K) From: 3K(1344K)->1K(1344K)
[2025-12-16T20:44:43.876+0800][0.698s][info][gc,heap     ] GC(194) Tenured: 1245K(27328K)->1245K(27328K)
[2025-12-16T20:44:43.876+0800][0.698s][info][gc,metaspace] GC(194) Metaspace: 91K(320K)->91K(320K) NonClass: 83K(192K)->83K(192K) Class: 8K(128K)->8K(128K)
[2025-12-16T20:44:43.876+0800][0.698s][info][gc          ] GC(194) Pause Young (Allocation Failure) 11M->1M(38M) 0.023ms
[2025-12-16T20:44:43.876+0800][0.698s][info][gc,cpu      ] GC(194) User=0.00s Sys=0.00s Real=0.00s
[2025-12-16T20:44:43.880+0800][0.701s][info][gc,start    ] GC(195) Pause Young (Allocation Failure)
[2025-12-16T20:44:43.880+0800][0.701s][info][gc,heap     ] GC(195) DefNew: 11009K(12352K)->2K(12352K) Eden: 11008K(11008K)->0K(11008K) From: 1K(1344K)->2K(1344K)
[2025-12-16T20:44:43.880+0800][0.701s][info][gc,heap     ] GC(195) Tenured: 1245K(27328K)->1245K(27328K)
[2025-12-16T20:44:43.880+0800][0.701s][info][gc,metaspace] GC(195) Metaspace: 91K(320K)->91K(320K) NonClass: 83K(192K)->83K(192K) Class: 8K(128K)->8K(128K)
[2025-12-16T20:44:43.880+0800][0.701s][info][gc          ] GC(195) Pause Young (Allocation Failure) 11M->1M(38M) 0.024ms
[2025-12-16T20:44:43.880+0800][0.701s][info][gc,cpu      ] GC(195) User=0.00s Sys=0.00s Real=0.00s
[2025-12-16T20:44:43.883+0800][0.705s][info][gc,start    ] GC(196) Pause Young (Allocation Failure)
[2025-12-16T20:44:43.883+0800][0.705s][info][gc,heap     ] GC(196) DefNew: 11010K(12352K)->2K(12352K) Eden: 11008K(11008K)->0K(11008K) From: 2K(1344K)->2K(1344K)
[2025-12-16T20:44:43.883+0800][0.705s][info][gc,heap     ] GC(196) Tenured: 1245K(27328K)->1245K(27328K)
[2025-12-16T20:44:43.883+0800][0.705s][info][gc,metaspace] GC(196) Metaspace: 91K(320K)->91K(320K) NonClass: 83K(192K)->83K(192K) Class: 8K(128K)->8K(128K)
[2025-12-16T20:44:43.883+0800][0.705s][info][gc          ] GC(196) Pause Young (Allocation Failure) 11M->1M(38M) 0.028ms
[2025-12-16T20:44:43.883+0800][0.705s][info][gc,cpu      ] GC(196) User=0.00s Sys=0.00s Real=0.00s
[2025-12-16T20:44:43.886+0800][0.708s][info][gc,start    ] GC(197) Pause Young (Allocation Failure)
[2025-12-16T20:44:43.886+0800][0.708s][info][gc,heap     ] GC(197) DefNew: 11010K(12352K)->1K(12352K) Eden: 11008K(11008K)->0K(11008K) From: 2K(1344K)->1K(1344K)
[2025-12-16T20:44:43.886+0800][0.708s][info][gc,heap     ] GC(197) Tenured: 1245K(27328K)->1245K(27328K)
[2025-12-16T20:44:43.886+0800][0.708s][info][gc,metaspace] GC(197) Metaspace: 91K(320K)->91K(320K) NonClass: 83K(192K)->83K(192K) Class: 8K(128K)->8K(128K)
[2025-12-16T20:44:43.886+0800][0.708s][info][gc          ] GC(197) Pause Young (Allocation Failure) 11M->1M(38M) 0.024ms
[2025-12-16T20:44:43.887+0800][0.708s][info][gc,cpu      ] GC(197) User=0.00s Sys=0.00s Real=0.00s
[2025-12-16T20:44:43.890+0800][0.711s][info][gc,start    ] GC(198) Pause Young (Allocation Failure)
[2025-12-16T20:44:43.890+0800][0.711s][info][gc,heap     ] GC(198) DefNew: 11009K(12352K)->2K(12352K) Eden: 11008K(11008K)->0K(11008K) From: 1K(1344K)->2K(1344K)
[2025-12-16T20:44:43.890+0800][0.711s][info][gc,heap     ] GC(198) Tenured: 1245K(27328K)->1245K(27328K)
[2025-12-16T20:44:43.890+0800][0.711s][info][gc,metaspace] GC(198) Metaspace: 91K(320K)->91K(320K) NonClass: 83K(192K)->83K(192K) Class: 8K(128K)->8K(128K)
[2025-12-16T20:44:43.890+0800][0.711s][info][gc          ] GC(198) Pause Young (Allocation Failure) 11M->1M(38M) 0.025ms
[2025-12-16T20:44:43.890+0800][0.711s][info][gc,cpu      ] GC(198) User=0.00s Sys=0.00s Real=0.00s
[2025-12-16T20:44:43.893+0800][0.715s][info][gc,start    ] GC(199) Pause Young (Allocation Failure)
[2025-12-16T20:44:43.893+0800][0.715s][info][gc,heap     ] GC(199) DefNew: 11010K(12352K)->2K(12352K) Eden: 11008K(11008K)->0K(11008K) From: 2K(1344K)->2K(1344K)
[2025-12-16T20:44:43.893+0800][0.715s][info][gc,heap     ] GC(199) Tenured: 1245K(27328K)->1245K(27328K)
[2025-12-16T20:44:43.893+0800][0.715s][info][gc,metaspace] GC(199) Metaspace: 91K(320K)->91K(320K) NonClass: 83K(192K)->83K(192K) Class: 8K(128K)->8K(128K)
[2025-12-16T20:44:43.893+0800][0.715s][info][gc          ] GC(199) Pause Young (Allocation Failure) 11M->1M(38M) 0.025ms
[2025-12-16T20:44:43.893+0800][0.715s][info][gc,cpu      ] GC(199) User=0.00s Sys=0.00s Real=0.00s
[2025-12-16T20:44:43.897+0800][0.718s][info][gc,start    ] GC(200) Pause Young (Allocation Failure)
[2025-12-16T20:44:43.897+0800][0.718s][info][gc,heap     ] GC(200) DefNew: 11010K(12352K)->2K(12352K) Eden: 11008K(11008K)->0K(11008K) From: 2K(1344K)->2K(1344K)
[2025-12-16T20:44:43.897+0800][0.718s][info][gc,heap     ] GC(200) Tenured: 1245K(27328K)->1245K(27328K)
[2025-12-16T20:44:43.897+0800][0.718s][info][gc,metaspace] GC(200) Metaspace: 91K(320K)->91K(320K) NonClass: 83K(192K)->83K(192K) Class: 8K(128K)->8K(128K)
[2025-12-16T20:44:43.897+0800][0.718s][info][gc          ] GC(200) Pause Young (Allocation Failure) 11M->1M(38M) 0.023ms
[2025-12-16T20:44:43.897+0800][0.718s][info][gc,cpu      ] GC(200) User=0.00s Sys=0.00s Real=0.00s
[2025-12-16T20:44:43.900+0800][0.721s][info][gc,start    ] GC(201) Pause Young (Allocation Failure)
[2025-12-16T20:44:43.900+0800][0.721s][info][gc,heap     ] GC(201) DefNew: 11010K(12352K)->2K(12352K) Eden: 11008K(11008K)->0K(11008K) From: 2K(1344K)->2K(1344K)
[2025-12-16T20:44:43.900+0800][0.721s][info][gc,heap     ] GC(201) Tenured: 1245K(27328K)->1245K(27328K)
[2025-12-16T20:44:43.900+0800][0.721s][info][gc,metaspace] GC(201) Metaspace: 91K(320K)->91K(320K) NonClass: 83K(192K)->83K(192K) Class: 8K(128K)->8K(128K)
[2025-12-16T20:44:43.900+0800][0.721s][info][gc          ] GC(201) Pause Young (Allocation Failure) 11M->1M(38M) 0.024ms
[2025-12-16T20:44:43.900+0800][0.721s][info][gc,cpu      ] GC(201) User=0.00s Sys=0.00s Real=0.00s
[2025-12-16T20:44:43.903+0800][0.725s][info][gc,start    ] GC(202) Pause Young (Allocation Failure)
[2025-12-16T20:44:43.903+0800][0.725s][info][gc,heap     ] GC(202) DefNew: 11010K(12352K)->2K(12352K) Eden: 11008K(11008K)->0K(11008K) From: 2K(1344K)->2K(1344K)
[2025-12-16T20:44:43.903+0800][0.725s][info][gc,heap     ] GC(202) Tenured: 1245K(27328K)->1245K(27328K)
[2025-12-16T20:44:43.903+0800][0.725s][info][gc,metaspace] GC(202) Metaspace: 91K(320K)->91K(320K) NonClass: 83K(192K)->83K(192K) Class: 8K(128K)->8K(128K)
[2025-12-16T20:44:43.903+0800][0.725s][info][gc          ] GC(202) Pause Young (Allocation Failure) 11M->1M(38M) 0.024ms
[2025-12-16T20:44:43.903+0800][0.725s][info][gc,cpu      ] GC(202) User=0.00s Sys=0.00s Real=0.00s
[2025-12-16T20:44:43.907+0800][0.728s][info][gc,start    ] GC(203) Pause Young (Allocation Failure)
[2025-12-16T20:44:43.907+0800][0.728s][info][gc,heap     ] GC(203) DefNew: 11010K(12352K)->3K(12352K) Eden: 11008K(11008K)->0K(11008K) From: 2K(1344K)->3K(1344K)
[2025-12-16T20:44:43.907+0800][0.728s][info][gc,heap     ] GC(203) Tenured: 1245K(27328K)->1245K(27328K)
[2025-12-16T20:44:43.907+0800][0.728s][info][gc,metaspace] GC(203) Metaspace: 91K(320K)->91K(320K) NonClass: 83K(192K)->83K(192K) Class: 8K(128K)->8K(128K)
[2025-12-16T20:44:43.907+0800][0.728s][info][gc          ] GC(203) Pause Young (Allocation Failure) 11M->1M(38M) 0.025ms
[2025-12-16T20:44:43.907+0800][0.728s][info][gc,cpu      ] GC(203) User=0.00s Sys=0.00s Real=0.00s
[2025-12-16T20:44:43.910+0800][0.732s][info][gc,start    ] GC(204) Pause Young (Allocation Failure)
[2025-12-16T20:44:43.910+0800][0.732s][info][gc,heap     ] GC(204) DefNew: 11011K(12352K)->1K(12352K) Eden: 11008K(11008K)->0K(11008K) From: 3K(1344K)->1K(1344K)
[2025-12-16T20:44:43.910+0800][0.732s][info][gc,heap     ] GC(204) Tenured: 1245K(27328K)->1245K(27328K)
[2025-12-16T20:44:43.910+0800][0.732s][info][gc,metaspace] GC(204) Metaspace: 91K(320K)->91K(320K) NonClass: 83K(192K)->83K(192K) Class: 8K(128K)->8K(128K)
[2025-12-16T20:44:43.910+0800][0.732s][info][gc          ] GC(204) Pause Young (Allocation Failure) 11M->1M(38M) 0.024ms
[2025-12-16T20:44:43.910+0800][0.732s][info][gc,cpu      ] GC(204) User=0.00s Sys=0.00s Real=0.00s
[2025-12-16T20:44:43.914+0800][0.735s][info][gc,start    ] GC(205) Pause Young (Allocation Failure)
[2025-12-16T20:44:43.914+0800][0.735s][info][gc,heap     ] GC(205) DefNew: 11009K(12352K)->2K(12352K) Eden: 11008K(11008K)->0K(11008K) From: 1K(1344K)->2K(1344K)
[2025-12-16T20:44:43.914+0800][0.735s][info][gc,heap     ] GC(205) Tenured: 1245K(27328K)->1245K(27328K)
[2025-12-16T20:44:43.914+0800][0.735s][info][gc,metaspace] GC(205) Metaspace: 91K(320K)->91K(320K) NonClass: 83K(192K)->83K(192K) Class: 8K(128K)->8K(128K)
[2025-12-16T20:44:43.914+0800][0.735s][info][gc          ] GC(205) Pause Young (Allocation Failure) 11M->1M(38M) 0.024ms
[2025-12-16T20:44:43.914+0800][0.735s][info][gc,cpu      ] GC(205) User=0.00s Sys=0.00s Real=0.00s
[2025-12-16T20:44:43.917+0800][0.738s][info][gc,start    ] GC(206) Pause Young (Allocation Failure)
[2025-12-16T20:44:43.917+0800][0.738s][info][gc,heap     ] GC(206) DefNew: 11010K(12352K)->2K(12352K) Eden: 11008K(11008K)->0K(11008K) From: 2K(1344K)->2K(1344K)
[2025-12-16T20:44:43.917+0800][0.738s][info][gc,heap     ] GC(206) Tenured: 1245K(27328K)->1245K(27328K)
[2025-12-16T20:44:43.917+0800][0.738s][info][gc,metaspace] GC(206) Metaspace: 91K(320K)->91K(320K) NonClass: 83K(192K)->83K(192K) Class: 8K(128K)->8K(128K)
[2025-12-16T20:44:43.917+0800][0.738s][info][gc          ] GC(206) Pause Young (Allocation Failure) 11M->1M(38M) 0.024ms
[2025-12-16T20:44:43.917+0800][0.738s][info][gc,cpu      ] GC(206) User=0.00s Sys=0.00s Real=0.00s
[2025-12-16T20:44:43.920+0800][0.742s][info][gc,start    ] GC(207) Pause Young (Allocation Failure)
[2025-12-16T20:44:43.920+0800][0.742s][info][gc,heap     ] GC(207) DefNew: 11010K(12352K)->1K(12352K) Eden: 11008K(11008K)->0K(11008K) From: 2K(1344K)->1K(1344K)
[2025-12-16T20:44:43.920+0800][0.742s][info][gc,heap     ] GC(207) Tenured: 1245K(27328K)->1245K(27328K)
[2025-12-16T20:44:43.920+0800][0.742s][info][gc,metaspace] GC(207) Metaspace: 91K(320K)->91K(320K) NonClass: 83K(192K)->83K(192K) Class: 8K(128K)->8K(128K)
[2025-12-16T20:44:43.920+0800][0.742s][info][gc          ] GC(207) Pause Young (Allocation Failure) 11M->1M(38M) 0.026ms
[2025-12-16T20:44:43.920+0800][0.742s][info][gc,cpu      ] GC(207) User=0.00s Sys=0.00s Real=0.00s
[2025-12-16T20:44:43.924+0800][0.745s][info][gc,start    ] GC(208) Pause Young (Allocation Failure)
[2025-12-16T20:44:43.924+0800][0.745s][info][gc,heap     ] GC(208) DefNew: 11009K(12352K)->2K(12352K) Eden: 11008K(11008K)->0K(11008K) From: 1K(1344K)->2K(1344K)
[2025-12-16T20:44:43.924+0800][0.745s][info][gc,heap     ] GC(208) Tenured: 1245K(27328K)->1245K(27328K)
[2025-12-16T20:44:43.924+0800][0.745s][info][gc,metaspace] GC(208) Metaspace: 91K(320K)->91K(320K) NonClass: 83K(192K)->83K(192K) Class: 8K(128K)->8K(128K)
[2025-12-16T20:44:43.924+0800][0.745s][info][gc          ] GC(208) Pause Young (Allocation Failure) 11M->1M(38M) 0.024ms
[2025-12-16T20:44:43.924+0800][0.745s][info][gc,cpu      ] GC(208) User=0.00s Sys=0.00s Real=0.00s
[2025-12-16T20:44:43.927+0800][0.748s][info][gc,start    ] GC(209) Pause Young (Allocation Failure)
[2025-12-16T20:44:43.927+0800][0.748s][info][gc,heap     ] GC(209) DefNew: 11010K(12352K)->2K(12352K) Eden: 11008K(11008K)->0K(11008K) From: 2K(1344K)->2K(1344K)
[2025-12-16T20:44:43.927+0800][0.748s][info][gc,heap     ] GC(209) Tenured: 1245K(27328K)->1245K(27328K)
[2025-12-16T20:44:43.927+0800][0.748s][info][gc,metaspace] GC(209) Metaspace: 91K(320K)->91K(320K) NonClass: 83K(192K)->83K(192K) Class: 8K(128K)->8K(128K)
[2025-12-16T20:44:43.927+0800][0.748s][info][gc          ] GC(209) Pause Young (Allocation Failure) 11M->1M(38M) 0.023ms
[2025-12-16T20:44:43.927+0800][0.748s][info][gc,cpu      ] GC(209) User=0.00s Sys=0.00s Real=0.00s
[2025-12-16T20:44:43.930+0800][0.752s][info][gc,start    ] GC(210) Pause Young (Allocation Failure)
[2025-12-16T20:44:43.930+0800][0.752s][info][gc,heap     ] GC(210) DefNew: 11010K(12352K)->2K(12352K) Eden: 11008K(11008K)->0K(11008K) From: 2K(1344K)->2K(1344K)
[2025-12-16T20:44:43.930+0800][0.752s][info][gc,heap     ] GC(210) Tenured: 1245K(27328K)->1245K(27328K)
[2025-12-16T20:44:43.930+0800][0.752s][info][gc,metaspace] GC(210) Metaspace: 91K(320K)->91K(320K) NonClass: 83K(192K)->83K(192K) Class: 8K(128K)->8K(128K)
[2025-12-16T20:44:43.930+0800][0.752s][info][gc          ] GC(210) Pause Young (Allocation Failure) 11M->1M(38M) 0.024ms
[2025-12-16T20:44:43.930+0800][0.752s][info][gc,cpu      ] GC(210) User=0.00s Sys=0.00s Real=0.00s
[2025-12-16T20:44:43.934+0800][0.755s][info][gc,start    ] GC(211) Pause Young (Allocation Failure)
[2025-12-16T20:44:43.934+0800][0.755s][info][gc,heap     ] GC(211) DefNew: 11010K(12352K)->2K(12352K) Eden: 11008K(11008K)->0K(11008K) From: 2K(1344K)->2K(1344K)
[2025-12-16T20:44:43.934+0800][0.755s][info][gc,heap     ] GC(211) Tenured: 1245K(27328K)->1245K(27328K)
[2025-12-16T20:44:43.934+0800][0.755s][info][gc,metaspace] GC(211) Metaspace: 91K(320K)->91K(320K) NonClass: 83K(192K)->83K(192K) Class: 8K(128K)->8K(128K)
[2025-12-16T20:44:43.934+0800][0.755s][info][gc          ] GC(211) Pause Young (Allocation Failure) 11M->1M(38M) 0.024ms
[2025-12-16T20:44:43.934+0800][0.755s][info][gc,cpu      ] GC(211) User=0.00s Sys=0.00s Real=0.00s
[2025-12-16T20:44:43.937+0800][0.759s][info][gc,start    ] GC(212) Pause Young (Allocation Failure)
[2025-12-16T20:44:43.937+0800][0.759s][info][gc,heap     ] GC(212) DefNew: 11010K(12352K)->2K(12352K) Eden: 11008K(11008K)->0K(11008K) From: 2K(1344K)->2K(1344K)
[2025-12-16T20:44:43.937+0800][0.759s][info][gc,heap     ] GC(212) Tenured: 1245K(27328K)->1245K(27328K)
[2025-12-16T20:44:43.937+0800][0.759s][info][gc,metaspace] GC(212) Metaspace: 91K(320K)->91K(320K) NonClass: 83K(192K)->83K(192K) Class: 8K(128K)->8K(128K)
[2025-12-16T20:44:43.937+0800][0.759s][info][gc          ] GC(212) Pause Young (Allocation Failure) 11M->1M(38M) 0.025ms
[2025-12-16T20:44:43.937+0800][0.759s][info][gc,cpu      ] GC(212) User=0.00s Sys=0.00s Real=0.00s
[2025-12-16T20:44:43.941+0800][0.762s][info][gc,start    ] GC(213) Pause Young (Allocation Failure)
[2025-12-16T20:44:43.941+0800][0.762s][info][gc,heap     ] GC(213) DefNew: 11010K(12352K)->3K(12352K) Eden: 11008K(11008K)->0K(11008K) From: 2K(1344K)->3K(1344K)
[2025-12-16T20:44:43.941+0800][0.762s][info][gc,heap     ] GC(213) Tenured: 1245K(27328K)->1245K(27328K)
[2025-12-16T20:44:43.941+0800][0.762s][info][gc,metaspace] GC(213) Metaspace: 91K(320K)->91K(320K) NonClass: 83K(192K)->83K(192K) Class: 8K(128K)->8K(128K)
[2025-12-16T20:44:43.941+0800][0.762s][info][gc          ] GC(213) Pause Young (Allocation Failure) 11M->1M(38M) 0.024ms
[2025-12-16T20:44:43.941+0800][0.762s][info][gc,cpu      ] GC(213) User=0.00s Sys=0.00s Real=0.00s
[2025-12-16T20:44:43.944+0800][0.765s][info][gc,start    ] GC(214) Pause Young (Allocation Failure)
[2025-12-16T20:44:43.944+0800][0.765s][info][gc,heap     ] GC(214) DefNew: 11011K(12352K)->1K(12352K) Eden: 11008K(11008K)->0K(11008K) From: 3K(1344K)->1K(1344K)
[2025-12-16T20:44:43.944+0800][0.765s][info][gc,heap     ] GC(214) Tenured: 1245K(27328K)->1245K(27328K)
[2025-12-16T20:44:43.944+0800][0.765s][info][gc,metaspace] GC(214) Metaspace: 91K(320K)->91K(320K) NonClass: 83K(192K)->83K(192K) Class: 8K(128K)->8K(128K)
[2025-12-16T20:44:43.944+0800][0.765s][info][gc          ] GC(214) Pause Young (Allocation Failure) 11M->1M(38M) 0.024ms
[2025-12-16T20:44:43.944+0800][0.765s][info][gc,cpu      ] GC(214) User=0.00s Sys=0.00s Real=0.00s
[2025-12-16T20:44:43.947+0800][0.769s][info][gc,start    ] GC(215) Pause Young (Allocation Failure)
[2025-12-16T20:44:43.947+0800][0.769s][info][gc,heap     ] GC(215) DefNew: 11009K(12352K)->2K(12352K) Eden: 11008K(11008K)->0K(11008K) From: 1K(1344K)->2K(1344K)
[2025-12-16T20:44:43.947+0800][0.769s][info][gc,heap     ] GC(215) Tenured: 1245K(27328K)->1245K(27328K)
[2025-12-16T20:44:43.947+0800][0.769s][info][gc,metaspace] GC(215) Metaspace: 91K(320K)->91K(320K) NonClass: 83K(192K)->83K(192K) Class: 8K(128K)->8K(128K)
[2025-12-16T20:44:43.947+0800][0.769s][info][gc          ] GC(215) Pause Young (Allocation Failure) 11M->1M(38M) 0.024ms
[2025-12-16T20:44:43.947+0800][0.769s][info][gc,cpu      ] GC(215) User=0.00s Sys=0.00s Real=0.00s
[2025-12-16T20:44:43.951+0800][0.772s][info][gc,start    ] GC(216) Pause Young (Allocation Failure)
[2025-12-16T20:44:43.951+0800][0.772s][info][gc,heap     ] GC(216) DefNew: 11010K(12352K)->2K(12352K) Eden: 11008K(11008K)->0K(11008K) From: 2K(1344K)->2K(1344K)
[2025-12-16T20:44:43.951+0800][0.772s][info][gc,heap     ] GC(216) Tenured: 1245K(27328K)->1245K(27328K)
[2025-12-16T20:44:43.951+0800][0.772s][info][gc,metaspace] GC(216) Metaspace: 91K(320K)->91K(320K) NonClass: 83K(192K)->83K(192K) Class: 8K(128K)->8K(128K)
[2025-12-16T20:44:43.951+0800][0.772s][info][gc          ] GC(216) Pause Young (Allocation Failure) 11M->1M(38M) 0.023ms
[2025-12-16T20:44:43.951+0800][0.772s][info][gc,cpu      ] GC(216) User=0.00s Sys=0.00s Real=0.00s
[2025-12-16T20:44:43.954+0800][0.776s][info][gc,start    ] GC(217) Pause Young (Allocation Failure)
[2025-12-16T20:44:43.954+0800][0.776s][info][gc,heap     ] GC(217) DefNew: 11010K(12352K)->1K(12352K) Eden: 11008K(11008K)->0K(11008K) From: 2K(1344K)->1K(1344K)
[2025-12-16T20:44:43.954+0800][0.776s][info][gc,heap     ] GC(217) Tenured: 1245K(27328K)->1245K(27328K)
[2025-12-16T20:44:43.954+0800][0.776s][info][gc,metaspace] GC(217) Metaspace: 91K(320K)->91K(320K) NonClass: 83K(192K)->83K(192K) Class: 8K(128K)->8K(128K)
[2025-12-16T20:44:43.954+0800][0.776s][info][gc          ] GC(217) Pause Young (Allocation Failure) 11M->1M(38M) 0.023ms
[2025-12-16T20:44:43.954+0800][0.776s][info][gc,cpu      ] GC(217) User=0.00s Sys=0.00s Real=0.00s
[2025-12-16T20:44:43.957+0800][0.779s][info][gc,start    ] GC(218) Pause Young (Allocation Failure)
[2025-12-16T20:44:43.958+0800][0.779s][info][gc,heap     ] GC(218) DefNew: 11009K(12352K)->2K(12352K) Eden: 11008K(11008K)->0K(11008K) From: 1K(1344K)->2K(1344K)
[2025-12-16T20:44:43.958+0800][0.779s][info][gc,heap     ] GC(218) Tenured: 1245K(27328K)->1245K(27328K)
[2025-12-16T20:44:43.958+0800][0.779s][info][gc,metaspace] GC(218) Metaspace: 91K(320K)->91K(320K) NonClass: 83K(192K)->83K(192K) Class: 8K(128K)->8K(128K)
[2025-12-16T20:44:43.958+0800][0.779s][info][gc          ] GC(218) Pause Young (Allocation Failure) 11M->1M(38M) 0.027ms
[2025-12-16T20:44:43.958+0800][0.779s][info][gc,cpu      ] GC(218) User=0.00s Sys=0.00s Real=0.00s
[2025-12-16T20:44:43.961+0800][0.782s][info][gc,start    ] GC(219) Pause Young (Allocation Failure)
[2025-12-16T20:44:43.961+0800][0.782s][info][gc,heap     ] GC(219) DefNew: 11010K(12352K)->2K(12352K) Eden: 11008K(11008K)->0K(11008K) From: 2K(1344K)->2K(1344K)
[2025-12-16T20:44:43.961+0800][0.782s][info][gc,heap     ] GC(219) Tenured: 1245K(27328K)->1245K(27328K)
[2025-12-16T20:44:43.961+0800][0.782s][info][gc,metaspace] GC(219) Metaspace: 91K(320K)->91K(320K) NonClass: 83K(192K)->83K(192K) Class: 8K(128K)->8K(128K)
[2025-12-16T20:44:43.961+0800][0.782s][info][gc          ] GC(219) Pause Young (Allocation Failure) 11M->1M(38M) 0.024ms
[2025-12-16T20:44:43.961+0800][0.782s][info][gc,cpu      ] GC(219) User=0.00s Sys=0.00s Real=0.00s
[2025-12-16T20:44:43.964+0800][0.786s][info][gc,start    ] GC(220) Pause Young (Allocation Failure)
[2025-12-16T20:44:43.964+0800][0.786s][info][gc,heap     ] GC(220) DefNew: 11010K(12352K)->2K(12352K) Eden: 11008K(11008K)->0K(11008K) From: 2K(1344K)->2K(1344K)
[2025-12-16T20:44:43.964+0800][0.786s][info][gc,heap     ] GC(220) Tenured: 1245K(27328K)->1245K(27328K)
[2025-12-16T20:44:43.964+0800][0.786s][info][gc,metaspace] GC(220) Metaspace: 91K(320K)->91K(320K) NonClass: 83K(192K)->83K(192K) Class: 8K(128K)->8K(128K)
[2025-12-16T20:44:43.964+0800][0.786s][info][gc          ] GC(220) Pause Young (Allocation Failure) 11M->1M(38M) 0.024ms
[2025-12-16T20:44:43.964+0800][0.786s][info][gc,cpu      ] GC(220) User=0.00s Sys=0.00s Real=0.00s
[2025-12-16T20:44:43.968+0800][0.789s][info][gc,start    ] GC(221) Pause Young (Allocation Failure)
[2025-12-16T20:44:43.968+0800][0.789s][info][gc,heap     ] GC(221) DefNew: 11010K(12352K)->2K(12352K) Eden: 11008K(11008K)->0K(11008K) From: 2K(1344K)->2K(1344K)
[2025-12-16T20:44:43.968+0800][0.789s][info][gc,heap     ] GC(221) Tenured: 1245K(27328K)->1245K(27328K)
[2025-12-16T20:44:43.968+0800][0.789s][info][gc,metaspace] GC(221) Metaspace: 91K(320K)->91K(320K) NonClass: 83K(192K)->83K(192K) Class: 8K(128K)->8K(128K)
[2025-12-16T20:44:43.968+0800][0.789s][info][gc          ] GC(221) Pause Young (Allocation Failure) 11M->1M(38M) 0.023ms
[2025-12-16T20:44:43.968+0800][0.789s][info][gc,cpu      ] GC(221) User=0.00s Sys=0.00s Real=0.00s
[2025-12-16T20:44:43.971+0800][0.792s][info][gc,start    ] GC(222) Pause Young (Allocation Failure)
[2025-12-16T20:44:43.971+0800][0.792s][info][gc,heap     ] GC(222) DefNew: 11010K(12352K)->2K(12352K) Eden: 11008K(11008K)->0K(11008K) From: 2K(1344K)->2K(1344K)
[2025-12-16T20:44:43.971+0800][0.792s][info][gc,heap     ] GC(222) Tenured: 1245K(27328K)->1245K(27328K)
[2025-12-16T20:44:43.971+0800][0.792s][info][gc,metaspace] GC(222) Metaspace: 91K(320K)->91K(320K) NonClass: 83K(192K)->83K(192K) Class: 8K(128K)->8K(128K)
[2025-12-16T20:44:43.971+0800][0.792s][info][gc          ] GC(222) Pause Young (Allocation Failure) 11M->1M(38M) 0.023ms
[2025-12-16T20:44:43.971+0800][0.792s][info][gc,cpu      ] GC(222) User=0.00s Sys=0.00s Real=0.00s
[2025-12-16T20:44:43.974+0800][0.796s][info][gc,start    ] GC(223) Pause Young (Allocation Failure)
[2025-12-16T20:44:43.974+0800][0.796s][info][gc,heap     ] GC(223) DefNew: 11010K(12352K)->3K(12352K) Eden: 11008K(11008K)->0K(11008K) From: 2K(1344K)->3K(1344K)
[2025-12-16T20:44:43.974+0800][0.796s][info][gc,heap     ] GC(223) Tenured: 1245K(27328K)->1245K(27328K)
[2025-12-16T20:44:43.974+0800][0.796s][info][gc,metaspace] GC(223) Metaspace: 91K(320K)->91K(320K) NonClass: 83K(192K)->83K(192K) Class: 8K(128K)->8K(128K)
[2025-12-16T20:44:43.974+0800][0.796s][info][gc          ] GC(223) Pause Young (Allocation Failure) 11M->1M(38M) 0.024ms
[2025-12-16T20:44:43.974+0800][0.796s][info][gc,cpu      ] GC(223) User=0.00s Sys=0.00s Real=0.00s
[2025-12-16T20:44:43.978+0800][0.799s][info][gc,start    ] GC(224) Pause Young (Allocation Failure)
[2025-12-16T20:44:43.978+0800][0.799s][info][gc,heap     ] GC(224) DefNew: 11011K(12352K)->1K(12352K) Eden: 11008K(11008K)->0K(11008K) From: 3K(1344K)->1K(1344K)
[2025-12-16T20:44:43.978+0800][0.799s][info][gc,heap     ] GC(224) Tenured: 1245K(27328K)->1245K(27328K)
[2025-12-16T20:44:43.978+0800][0.799s][info][gc,metaspace] GC(224) Metaspace: 91K(320K)->91K(320K) NonClass: 83K(192K)->83K(192K) Class: 8K(128K)->8K(128K)
[2025-12-16T20:44:43.978+0800][0.799s][info][gc          ] GC(224) Pause Young (Allocation Failure) 11M->1M(38M) 0.023ms
[2025-12-16T20:44:43.978+0800][0.799s][info][gc,cpu      ] GC(224) User=0.00s Sys=0.00s Real=0.00s
[2025-12-16T20:44:43.981+0800][0.803s][info][gc,start    ] GC(225) Pause Young (Allocation Failure)
[2025-12-16T20:44:43.981+0800][0.803s][info][gc,heap     ] GC(225) DefNew: 11009K(12352K)->2K(12352K) Eden: 11008K(11008K)->0K(11008K) From: 1K(1344K)->2K(1344K)
[2025-12-16T20:44:43.981+0800][0.803s][info][gc,heap     ] GC(225) Tenured: 1245K(27328K)->1245K(27328K)
[2025-12-16T20:44:43.981+0800][0.803s][info][gc,metaspace] GC(225) Metaspace: 91K(320K)->91K(320K) NonClass: 83K(192K)->83K(192K) Class: 8K(128K)->8K(128K)
[2025-12-16T20:44:43.981+0800][0.803s][info][gc          ] GC(225) Pause Young (Allocation Failure) 11M->1M(38M) 0.023ms
[2025-12-16T20:44:43.981+0800][0.803s][info][gc,cpu      ] GC(225) User=0.00s Sys=0.00s Real=0.00s
[2025-12-16T20:44:43.985+0800][0.806s][info][gc,start    ] GC(226) Pause Young (Allocation Failure)
[2025-12-16T20:44:43.985+0800][0.806s][info][gc,heap     ] GC(226) DefNew: 11010K(12352K)->2K(12352K) Eden: 11008K(11008K)->0K(11008K) From: 2K(1344K)->2K(1344K)
[2025-12-16T20:44:43.985+0800][0.806s][info][gc,heap     ] GC(226) Tenured: 1245K(27328K)->1245K(27328K)
[2025-12-16T20:44:43.985+0800][0.806s][info][gc,metaspace] GC(226) Metaspace: 91K(320K)->91K(320K) NonClass: 83K(192K)->83K(192K) Class: 8K(128K)->8K(128K)
[2025-12-16T20:44:43.985+0800][0.806s][info][gc          ] GC(226) Pause Young (Allocation Failure) 11M->1M(38M) 0.024ms
[2025-12-16T20:44:43.985+0800][0.806s][info][gc,cpu      ] GC(226) User=0.00s Sys=0.00s Real=0.00s
[2025-12-16T20:44:43.988+0800][0.809s][info][gc,start    ] GC(227) Pause Young (Allocation Failure)
[2025-12-16T20:44:43.988+0800][0.809s][info][gc,heap     ] GC(227) DefNew: 11010K(12352K)->1K(12352K) Eden: 11008K(11008K)->0K(11008K) From: 2K(1344K)->1K(1344K)
[2025-12-16T20:44:43.988+0800][0.809s][info][gc,heap     ] GC(227) Tenured: 1245K(27328K)->1245K(27328K)
[2025-12-16T20:44:43.988+0800][0.809s][info][gc,metaspace] GC(227) Metaspace: 91K(320K)->91K(320K) NonClass: 83K(192K)->83K(192K) Class: 8K(128K)->8K(128K)
[2025-12-16T20:44:43.988+0800][0.809s][info][gc          ] GC(227) Pause Young (Allocation Failure) 11M->1M(38M) 0.023ms
[2025-12-16T20:44:43.988+0800][0.809s][info][gc,cpu      ] GC(227) User=0.00s Sys=0.00s Real=0.00s
[2025-12-16T20:44:43.991+0800][0.813s][info][gc,start    ] GC(228) Pause Young (Allocation Failure)
[2025-12-16T20:44:43.991+0800][0.813s][info][gc,heap     ] GC(228) DefNew: 11009K(12352K)->2K(12352K) Eden: 11008K(11008K)->0K(11008K) From: 1K(1344K)->2K(1344K)
[2025-12-16T20:44:43.991+0800][0.813s][info][gc,heap     ] GC(228) Tenured: 1245K(27328K)->1245K(27328K)
[2025-12-16T20:44:43.991+0800][0.813s][info][gc,metaspace] GC(228) Metaspace: 91K(320K)->91K(320K) NonClass: 83K(192K)->83K(192K) Class: 8K(128K)->8K(128K)
[2025-12-16T20:44:43.991+0800][0.813s][info][gc          ] GC(228) Pause Young (Allocation Failure) 11M->1M(38M) 0.023ms
[2025-12-16T20:44:43.991+0800][0.813s][info][gc,cpu      ] GC(228) User=0.00s Sys=0.00s Real=0.00s
[2025-12-16T20:44:43.995+0800][0.816s][info][gc,start    ] GC(229) Pause Young (Allocation Failure)
[2025-12-16T20:44:43.995+0800][0.816s][info][gc,heap     ] GC(229) DefNew: 11010K(12352K)->2K(12352K) Eden: 11008K(11008K)->0K(11008K) From: 2K(1344K)->2K(1344K)
[2025-12-16T20:44:43.995+0800][0.816s][info][gc,heap     ] GC(229) Tenured: 1245K(27328K)->1245K(27328K)
[2025-12-16T20:44:43.995+0800][0.816s][info][gc,metaspace] GC(229) Metaspace: 91K(320K)->91K(320K) NonClass: 83K(192K)->83K(192K) Class: 8K(128K)->8K(128K)
[2025-12-16T20:44:43.995+0800][0.816s][info][gc          ] GC(229) Pause Young (Allocation Failure) 11M->1M(38M) 0.025ms
[2025-12-16T20:44:43.995+0800][0.816s][info][gc,cpu      ] GC(229) User=0.00s Sys=0.00s Real=0.00s
[2025-12-16T20:44:43.998+0800][0.820s][info][gc,start    ] GC(230) Pause Young (Allocation Failure)
[2025-12-16T20:44:43.998+0800][0.820s][info][gc,heap     ] GC(230) DefNew: 11010K(12352K)->2K(12352K) Eden: 11008K(11008K)->0K(11008K) From: 2K(1344K)->2K(1344K)
[2025-12-16T20:44:43.998+0800][0.820s][info][gc,heap     ] GC(230) Tenured: 1245K(27328K)->1245K(27328K)
[2025-12-16T20:44:43.998+0800][0.820s][info][gc,metaspace] GC(230) Metaspace: 91K(320K)->91K(320K) NonClass: 83K(192K)->83K(192K) Class: 8K(128K)->8K(128K)
[2025-12-16T20:44:43.998+0800][0.820s][info][gc          ] GC(230) Pause Young (Allocation Failure) 11M->1M(38M) 0.024ms
[2025-12-16T20:44:43.998+0800][0.820s][info][gc,cpu      ] GC(230) User=0.00s Sys=0.00s Real=0.00s
[2025-12-16T20:44:44.001+0800][0.823s][info][gc,start    ] GC(231) Pause Young (Allocation Failure)
[2025-12-16T20:44:44.001+0800][0.823s][info][gc,heap     ] GC(231) DefNew: 11010K(12352K)->2K(12352K) Eden: 11008K(11008K)->0K(11008K) From: 2K(1344K)->2K(1344K)
[2025-12-16T20:44:44.001+0800][0.823s][info][gc,heap     ] GC(231) Tenured: 1245K(27328K)->1245K(27328K)
[2025-12-16T20:44:44.002+0800][0.823s][info][gc,metaspace] GC(231) Metaspace: 91K(320K)->91K(320K) NonClass: 83K(192K)->83K(192K) Class: 8K(128K)->8K(128K)
[2025-12-16T20:44:44.002+0800][0.823s][info][gc          ] GC(231) Pause Young (Allocation Failure) 11M->1M(38M) 0.023ms
[2025-12-16T20:44:44.002+0800][0.823s][info][gc,cpu      ] GC(231) User=0.00s Sys=0.00s Real=0.00s
[2025-12-16T20:44:44.005+0800][0.826s][info][gc,start    ] GC(232) Pause Young (Allocation Failure)
[2025-12-16T20:44:44.005+0800][0.826s][info][gc,heap     ] GC(232) DefNew: 11010K(12352K)->2K(12352K) Eden: 11008K(11008K)->0K(11008K) From: 2K(1344K)->2K(1344K)
[2025-12-16T20:44:44.005+0800][0.826s][info][gc,heap     ] GC(232) Tenured: 1245K(27328K)->1245K(27328K)
[2025-12-16T20:44:44.005+0800][0.826s][info][gc,metaspace] GC(232) Metaspace: 91K(320K)->91K(320K) NonClass: 83K(192K)->83K(192K) Class: 8K(128K)->8K(128K)
[2025-12-16T20:44:44.005+0800][0.826s][info][gc          ] GC(232) Pause Young (Allocation Failure) 11M->1M(38M) 0.023ms
[2025-12-16T20:44:44.005+0800][0.826s][info][gc,cpu      ] GC(232) User=0.00s Sys=0.00s Real=0.00s
[2025-12-16T20:44:44.008+0800][0.830s][info][gc,start    ] GC(233) Pause Young (Allocation Failure)
[2025-12-16T20:44:44.008+0800][0.830s][info][gc,heap     ] GC(233) DefNew: 11010K(12352K)->3K(12352K) Eden: 11008K(11008K)->0K(11008K) From: 2K(1344K)->3K(1344K)
[2025-12-16T20:44:44.008+0800][0.830s][info][gc,heap     ] GC(233) Tenured: 1245K(27328K)->1245K(27328K)
[2025-12-16T20:44:44.008+0800][0.830s][info][gc,metaspace] GC(233) Metaspace: 91K(320K)->91K(320K) NonClass: 83K(192K)->83K(192K) Class: 8K(128K)->8K(128K)
[2025-12-16T20:44:44.008+0800][0.830s][info][gc          ] GC(233) Pause Young (Allocation Failure) 11M->1M(38M) 0.023ms
[2025-12-16T20:44:44.008+0800][0.830s][info][gc,cpu      ] GC(233) User=0.00s Sys=0.00s Real=0.00s
[2025-12-16T20:44:44.012+0800][0.833s][info][gc,start    ] GC(234) Pause Young (Allocation Failure)
[2025-12-16T20:44:44.012+0800][0.833s][info][gc,heap     ] GC(234) DefNew: 11011K(12352K)->1K(12352K) Eden: 11008K(11008K)->0K(11008K) From: 3K(1344K)->1K(1344K)
[2025-12-16T20:44:44.012+0800][0.833s][info][gc,heap     ] GC(234) Tenured: 1245K(27328K)->1245K(27328K)
[2025-12-16T20:44:44.012+0800][0.833s][info][gc,metaspace] GC(234) Metaspace: 91K(320K)->91K(320K) NonClass: 83K(192K)->83K(192K) Class: 8K(128K)->8K(128K)
[2025-12-16T20:44:44.012+0800][0.833s][info][gc          ] GC(234) Pause Young (Allocation Failure) 11M->1M(38M) 0.023ms
[2025-12-16T20:44:44.012+0800][0.833s][info][gc,cpu      ] GC(234) User=0.00s Sys=0.00s Real=0.00s
[2025-12-16T20:44:44.015+0800][0.836s][info][gc,start    ] GC(235) Pause Young (Allocation Failure)
[2025-12-16T20:44:44.015+0800][0.836s][info][gc,heap     ] GC(235) DefNew: 11009K(12352K)->2K(12352K) Eden: 11008K(11008K)->0K(11008K) From: 1K(1344K)->2K(1344K)
[2025-12-16T20:44:44.015+0800][0.836s][info][gc,heap     ] GC(235) Tenured: 1245K(27328K)->1245K(27328K)
[2025-12-16T20:44:44.015+0800][0.836s][info][gc,metaspace] GC(235) Metaspace: 91K(320K)->91K(320K) NonClass: 83K(192K)->83K(192K) Class: 8K(128K)->8K(128K)
[2025-12-16T20:44:44.015+0800][0.836s][info][gc          ] GC(235) Pause Young (Allocation Failure) 11M->1M(38M) 0.024ms
[2025-12-16T20:44:44.015+0800][0.837s][info][gc,cpu      ] GC(235) User=0.00s Sys=0.00s Real=0.00s
[2025-12-16T20:44:44.018+0800][0.840s][info][gc,start    ] GC(236) Pause Young (Allocation Failure)
[2025-12-16T20:44:44.018+0800][0.840s][info][gc,heap     ] GC(236) DefNew: 11010K(12352K)->2K(12352K) Eden: 11008K(11008K)->0K(11008K) From: 2K(1344K)->2K(1344K)
[2025-12-16T20:44:44.018+0800][0.840s][info][gc,heap     ] GC(236) Tenured: 1245K(27328K)->1245K(27328K)
[2025-12-16T20:44:44.018+0800][0.840s][info][gc,metaspace] GC(236) Metaspace: 91K(320K)->91K(320K) NonClass: 83K(192K)->83K(192K) Class: 8K(128K)->8K(128K)
[2025-12-16T20:44:44.018+0800][0.840s][info][gc          ] GC(236) Pause Young (Allocation Failure) 11M->1M(38M) 0.023ms
[2025-12-16T20:44:44.018+0800][0.840s][info][gc,cpu      ] GC(236) User=0.00s Sys=0.00s Real=0.00s
[2025-12-16T20:44:44.022+0800][0.843s][info][gc,start    ] GC(237) Pause Young (Allocation Failure)
[2025-12-16T20:44:44.022+0800][0.843s][info][gc,heap     ] GC(237) DefNew: 11010K(12352K)->1K(12352K) Eden: 11008K(11008K)->0K(11008K) From: 2K(1344K)->1K(1344K)
[2025-12-16T20:44:44.022+0800][0.843s][info][gc,heap     ] GC(237) Tenured: 1245K(27328K)->1245K(27328K)
[2025-12-16T20:44:44.022+0800][0.843s][info][gc,metaspace] GC(237) Metaspace: 91K(320K)->91K(320K) NonClass: 83K(192K)->83K(192K) Class: 8K(128K)->8K(128K)
[2025-12-16T20:44:44.022+0800][0.843s][info][gc          ] GC(237) Pause Young (Allocation Failure) 11M->1M(38M) 0.023ms
[2025-12-16T20:44:44.022+0800][0.843s][info][gc,cpu      ] GC(237) User=0.00s Sys=0.00s Real=0.00s
[2025-12-16T20:44:44.025+0800][0.847s][info][gc,start    ] GC(238) Pause Young (Allocation Failure)
[2025-12-16T20:44:44.025+0800][0.847s][info][gc,heap     ] GC(238) DefNew: 11009K(12352K)->2K(12352K) Eden: 11008K(11008K)->0K(11008K) From: 1K(1344K)->2K(1344K)
[2025-12-16T20:44:44.025+0800][0.847s][info][gc,heap     ] GC(238) Tenured: 1245K(27328K)->1245K(27328K)
[2025-12-16T20:44:44.025+0800][0.847s][info][gc,metaspace] GC(238) Metaspace: 91K(320K)->91K(320K) NonClass: 83K(192K)->83K(192K) Class: 8K(128K)->8K(128K)
[2025-12-16T20:44:44.025+0800][0.847s][info][gc          ] GC(238) Pause Young (Allocation Failure) 11M->1M(38M) 0.023ms
[2025-12-16T20:44:44.025+0800][0.847s][info][gc,cpu      ] GC(238) User=0.00s Sys=0.00s Real=0.00s
[2025-12-16T20:44:44.029+0800][0.850s][info][gc,start    ] GC(239) Pause Young (Allocation Failure)
[2025-12-16T20:44:44.029+0800][0.850s][info][gc,heap     ] GC(239) DefNew: 11010K(12352K)->2K(12352K) Eden: 11008K(11008K)->0K(11008K) From: 2K(1344K)->2K(1344K)
[2025-12-16T20:44:44.029+0800][0.850s][info][gc,heap     ] GC(239) Tenured: 1245K(27328K)->1245K(27328K)
[2025-12-16T20:44:44.029+0800][0.850s][info][gc,metaspace] GC(239) Metaspace: 91K(320K)->91K(320K) NonClass: 83K(192K)->83K(192K) Class: 8K(128K)->8K(128K)
[2025-12-16T20:44:44.029+0800][0.850s][info][gc          ] GC(239) Pause Young (Allocation Failure) 11M->1M(38M) 0.023ms
[2025-12-16T20:44:44.029+0800][0.850s][info][gc,cpu      ] GC(239) User=0.00s Sys=0.00s Real=0.00s
[2025-12-16T20:44:44.032+0800][0.853s][info][gc,start    ] GC(240) Pause Young (Allocation Failure)
[2025-12-16T20:44:44.032+0800][0.853s][info][gc,heap     ] GC(240) DefNew: 11010K(12352K)->2K(12352K) Eden: 11008K(11008K)->0K(11008K) From: 2K(1344K)->2K(1344K)
[2025-12-16T20:44:44.032+0800][0.853s][info][gc,heap     ] GC(240) Tenured: 1245K(27328K)->1245K(27328K)
[2025-12-16T20:44:44.032+0800][0.853s][info][gc,metaspace] GC(240) Metaspace: 91K(320K)->91K(320K) NonClass: 83K(192K)->83K(192K) Class: 8K(128K)->8K(128K)
[2025-12-16T20:44:44.032+0800][0.853s][info][gc          ] GC(240) Pause Young (Allocation Failure) 11M->1M(38M) 0.030ms
[2025-12-16T20:44:44.032+0800][0.853s][info][gc,cpu      ] GC(240) User=0.00s Sys=0.00s Real=0.00s
[2025-12-16T20:44:44.035+0800][0.857s][info][gc,start    ] GC(241) Pause Young (Allocation Failure)
[2025-12-16T20:44:44.035+0800][0.857s][info][gc,heap     ] GC(241) DefNew: 11010K(12352K)->2K(12352K) Eden: 11008K(11008K)->0K(11008K) From: 2K(1344K)->2K(1344K)
[2025-12-16T20:44:44.035+0800][0.857s][info][gc,heap     ] GC(241) Tenured: 1245K(27328K)->1245K(27328K)
[2025-12-16T20:44:44.035+0800][0.857s][info][gc,metaspace] GC(241) Metaspace: 91K(320K)->91K(320K) NonClass: 83K(192K)->83K(192K) Class: 8K(128K)->8K(128K)
[2025-12-16T20:44:44.035+0800][0.857s][info][gc          ] GC(241) Pause Young (Allocation Failure) 11M->1M(38M) 0.025ms
[2025-12-16T20:44:44.035+0800][0.857s][info][gc,cpu      ] GC(241) User=0.00s Sys=0.00s Real=0.00s
[2025-12-16T20:44:44.039+0800][0.860s][info][gc,start    ] GC(242) Pause Young (Allocation Failure)
[2025-12-16T20:44:44.039+0800][0.860s][info][gc,heap     ] GC(242) DefNew: 11010K(12352K)->2K(12352K) Eden: 11008K(11008K)->0K(11008K) From: 2K(1344K)->2K(1344K)
[2025-12-16T20:44:44.039+0800][0.860s][info][gc,heap     ] GC(242) Tenured: 1245K(27328K)->1245K(27328K)
[2025-12-16T20:44:44.039+0800][0.860s][info][gc,metaspace] GC(242) Metaspace: 91K(320K)->91K(320K) NonClass: 83K(192K)->83K(192K) Class: 8K(128K)->8K(128K)
[2025-12-16T20:44:44.039+0800][0.860s][info][gc          ] GC(242) Pause Young (Allocation Failure) 11M->1M(38M) 0.031ms
[2025-12-16T20:44:44.039+0800][0.860s][info][gc,cpu      ] GC(242) User=0.00s Sys=0.00s Real=0.00s
[2025-12-16T20:44:44.043+0800][0.864s][info][gc,start    ] GC(243) Pause Young (Allocation Failure)
[2025-12-16T20:44:44.043+0800][0.864s][info][gc,heap     ] GC(243) DefNew: 11010K(12352K)->3K(12352K) Eden: 11008K(11008K)->0K(11008K) From: 2K(1344K)->3K(1344K)
[2025-12-16T20:44:44.043+0800][0.864s][info][gc,heap     ] GC(243) Tenured: 1245K(27328K)->1245K(27328K)
[2025-12-16T20:44:44.043+0800][0.864s][info][gc,metaspace] GC(243) Metaspace: 91K(320K)->91K(320K) NonClass: 83K(192K)->83K(192K) Class: 8K(128K)->8K(128K)
[2025-12-16T20:44:44.043+0800][0.864s][info][gc          ] GC(243) Pause Young (Allocation Failure) 11M->1M(38M) 0.047ms
[2025-12-16T20:44:44.043+0800][0.864s][info][gc,cpu      ] GC(243) User=0.00s Sys=0.00s Real=0.00s
[2025-12-16T20:44:44.046+0800][0.867s][info][gc,start    ] GC(244) Pause Young (Allocation Failure)
[2025-12-16T20:44:44.046+0800][0.867s][info][gc,heap     ] GC(244) DefNew: 11011K(12352K)->1K(12352K) Eden: 11008K(11008K)->0K(11008K) From: 3K(1344K)->1K(1344K)
[2025-12-16T20:44:44.046+0800][0.867s][info][gc,heap     ] GC(244) Tenured: 1245K(27328K)->1245K(27328K)
[2025-12-16T20:44:44.046+0800][0.867s][info][gc,metaspace] GC(244) Metaspace: 91K(320K)->91K(320K) NonClass: 83K(192K)->83K(192K) Class: 8K(128K)->8K(128K)
[2025-12-16T20:44:44.046+0800][0.867s][info][gc          ] GC(244) Pause Young (Allocation Failure) 11M->1M(38M) 0.029ms
[2025-12-16T20:44:44.046+0800][0.867s][info][gc,cpu      ] GC(244) User=0.00s Sys=0.00s Real=0.00s
[2025-12-16T20:44:44.049+0800][0.871s][info][gc,start    ] GC(245) Pause Young (Allocation Failure)
[2025-12-16T20:44:44.049+0800][0.871s][info][gc,heap     ] GC(245) DefNew: 11009K(12352K)->2K(12352K) Eden: 11008K(11008K)->0K(11008K) From: 1K(1344K)->2K(1344K)
[2025-12-16T20:44:44.049+0800][0.871s][info][gc,heap     ] GC(245) Tenured: 1245K(27328K)->1245K(27328K)
[2025-12-16T20:44:44.049+0800][0.871s][info][gc,metaspace] GC(245) Metaspace: 91K(320K)->91K(320K) NonClass: 83K(192K)->83K(192K) Class: 8K(128K)->8K(128K)
[2025-12-16T20:44:44.049+0800][0.871s][info][gc          ] GC(245) Pause Young (Allocation Failure) 11M->1M(38M) 0.025ms
[2025-12-16T20:44:44.049+0800][0.871s][info][gc,cpu      ] GC(245) User=0.00s Sys=0.00s Real=0.00s
[2025-12-16T20:44:44.053+0800][0.874s][info][gc,start    ] GC(246) Pause Young (Allocation Failure)
[2025-12-16T20:44:44.053+0800][0.874s][info][gc,heap     ] GC(246) DefNew: 11010K(12352K)->2K(12352K) Eden: 11008K(11008K)->0K(11008K) From: 2K(1344K)->2K(1344K)
[2025-12-16T20:44:44.053+0800][0.874s][info][gc,heap     ] GC(246) Tenured: 1245K(27328K)->1245K(27328K)
[2025-12-16T20:44:44.053+0800][0.874s][info][gc,metaspace] GC(246) Metaspace: 91K(320K)->91K(320K) NonClass: 83K(192K)->83K(192K) Class: 8K(128K)->8K(128K)
[2025-12-16T20:44:44.053+0800][0.874s][info][gc          ] GC(246) Pause Young (Allocation Failure) 11M->1M(38M) 0.025ms
[2025-12-16T20:44:44.053+0800][0.874s][info][gc,cpu      ] GC(246) User=0.00s Sys=0.00s Real=0.00s
[2025-12-16T20:44:44.056+0800][0.877s][info][gc,start    ] GC(247) Pause Young (Allocation Failure)
[2025-12-16T20:44:44.056+0800][0.877s][info][gc,heap     ] GC(247) DefNew: 11010K(12352K)->1K(12352K) Eden: 11008K(11008K)->0K(11008K) From: 2K(1344K)->1K(1344K)
[2025-12-16T20:44:44.056+0800][0.877s][info][gc,heap     ] GC(247) Tenured: 1245K(27328K)->1245K(27328K)
[2025-12-16T20:44:44.056+0800][0.877s][info][gc,metaspace] GC(247) Metaspace: 91K(320K)->91K(320K) NonClass: 83K(192K)->83K(192K) Class: 8K(128K)->8K(128K)
[2025-12-16T20:44:44.056+0800][0.877s][info][gc          ] GC(247) Pause Young (Allocation Failure) 11M->1M(38M) 0.024ms
[2025-12-16T20:44:44.056+0800][0.877s][info][gc,cpu      ] GC(247) User=0.00s Sys=0.00s Real=0.00s
[2025-12-16T20:44:44.059+0800][0.881s][info][gc,start    ] GC(248) Pause Young (Allocation Failure)
[2025-12-16T20:44:44.059+0800][0.881s][info][gc,heap     ] GC(248) DefNew: 11009K(12352K)->2K(12352K) Eden: 11008K(11008K)->0K(11008K) From: 1K(1344K)->2K(1344K)
[2025-12-16T20:44:44.059+0800][0.881s][info][gc,heap     ] GC(248) Tenured: 1245K(27328K)->1245K(27328K)
[2025-12-16T20:44:44.059+0800][0.881s][info][gc,metaspace] GC(248) Metaspace: 91K(320K)->91K(320K) NonClass: 83K(192K)->83K(192K) Class: 8K(128K)->8K(128K)
[2025-12-16T20:44:44.059+0800][0.881s][info][gc          ] GC(248) Pause Young (Allocation Failure) 11M->1M(38M) 0.024ms
[2025-12-16T20:44:44.059+0800][0.881s][info][gc,cpu      ] GC(248) User=0.00s Sys=0.00s Real=0.00s
[2025-12-16T20:44:44.063+0800][0.884s][info][gc,start    ] GC(249) Pause Young (Allocation Failure)
[2025-12-16T20:44:44.063+0800][0.884s][info][gc,heap     ] GC(249) DefNew: 11010K(12352K)->2K(12352K) Eden: 11008K(11008K)->0K(11008K) From: 2K(1344K)->2K(1344K)
[2025-12-16T20:44:44.063+0800][0.884s][info][gc,heap     ] GC(249) Tenured: 1245K(27328K)->1245K(27328K)
[2025-12-16T20:44:44.063+0800][0.884s][info][gc,metaspace] GC(249) Metaspace: 91K(320K)->91K(320K) NonClass: 83K(192K)->83K(192K) Class: 8K(128K)->8K(128K)
[2025-12-16T20:44:44.063+0800][0.884s][info][gc          ] GC(249) Pause Young (Allocation Failure) 11M->1M(38M) 0.023ms
[2025-12-16T20:44:44.063+0800][0.884s][info][gc,cpu      ] GC(249) User=0.00s Sys=0.00s Real=0.00s
[2025-12-16T20:44:44.066+0800][0.888s][info][gc,start    ] GC(250) Pause Young (Allocation Failure)
[2025-12-16T20:44:44.066+0800][0.888s][info][gc,heap     ] GC(250) DefNew: 11010K(12352K)->2K(12352K) Eden: 11008K(11008K)->0K(11008K) From: 2K(1344K)->2K(1344K)
[2025-12-16T20:44:44.066+0800][0.888s][info][gc,heap     ] GC(250) Tenured: 1245K(27328K)->1245K(27328K)
[2025-12-16T20:44:44.066+0800][0.888s][info][gc,metaspace] GC(250) Metaspace: 91K(320K)->91K(320K) NonClass: 83K(192K)->83K(192K) Class: 8K(128K)->8K(128K)
[2025-12-16T20:44:44.066+0800][0.888s][info][gc          ] GC(250) Pause Young (Allocation Failure) 11M->1M(38M) 0.038ms
[2025-12-16T20:44:44.066+0800][0.888s][info][gc,cpu      ] GC(250) User=0.00s Sys=0.00s Real=0.00s
[2025-12-16T20:44:44.070+0800][0.891s][info][gc,start    ] GC(251) Pause Young (Allocation Failure)
[2025-12-16T20:44:44.070+0800][0.891s][info][gc,heap     ] GC(251) DefNew: 11010K(12352K)->2K(12352K) Eden: 11008K(11008K)->0K(11008K) From: 2K(1344K)->2K(1344K)
[2025-12-16T20:44:44.070+0800][0.891s][info][gc,heap     ] GC(251) Tenured: 1245K(27328K)->1245K(27328K)
[2025-12-16T20:44:44.070+0800][0.891s][info][gc,metaspace] GC(251) Metaspace: 91K(320K)->91K(320K) NonClass: 83K(192K)->83K(192K) Class: 8K(128K)->8K(128K)
[2025-12-16T20:44:44.070+0800][0.891s][info][gc          ] GC(251) Pause Young (Allocation Failure) 11M->1M(38M) 0.034ms
[2025-12-16T20:44:44.070+0800][0.891s][info][gc,cpu      ] GC(251) User=0.00s Sys=0.00s Real=0.00s
[2025-12-16T20:44:44.073+0800][0.895s][info][gc,start    ] GC(252) Pause Young (Allocation Failure)
[2025-12-16T20:44:44.073+0800][0.895s][info][gc,heap     ] GC(252) DefNew: 11010K(12352K)->2K(12352K) Eden: 11008K(11008K)->0K(11008K) From: 2K(1344K)->2K(1344K)
[2025-12-16T20:44:44.073+0800][0.895s][info][gc,heap     ] GC(252) Tenured: 1245K(27328K)->1245K(27328K)
[2025-12-16T20:44:44.073+0800][0.895s][info][gc,metaspace] GC(252) Metaspace: 91K(320K)->91K(320K) NonClass: 83K(192K)->83K(192K) Class: 8K(128K)->8K(128K)
[2025-12-16T20:44:44.073+0800][0.895s][info][gc          ] GC(252) Pause Young (Allocation Failure) 11M->1M(38M) 0.026ms
[2025-12-16T20:44:44.073+0800][0.895s][info][gc,cpu      ] GC(252) User=0.00s Sys=0.00s Real=0.00s
[2025-12-16T20:44:44.076+0800][0.898s][info][gc,start    ] GC(253) Pause Young (Allocation Failure)
[2025-12-16T20:44:44.076+0800][0.898s][info][gc,heap     ] GC(253) DefNew: 11010K(12352K)->3K(12352K) Eden: 11008K(11008K)->0K(11008K) From: 2K(1344K)->3K(1344K)
[2025-12-16T20:44:44.076+0800][0.898s][info][gc,heap     ] GC(253) Tenured: 1245K(27328K)->1245K(27328K)
[2025-12-16T20:44:44.076+0800][0.898s][info][gc,metaspace] GC(253) Metaspace: 91K(320K)->91K(320K) NonClass: 83K(192K)->83K(192K) Class: 8K(128K)->8K(128K)
[2025-12-16T20:44:44.077+0800][0.898s][info][gc          ] GC(253) Pause Young (Allocation Failure) 11M->1M(38M) 0.024ms
[2025-12-16T20:44:44.077+0800][0.898s][info][gc,cpu      ] GC(253) User=0.00s Sys=0.00s Real=0.00s
[2025-12-16T20:44:44.080+0800][0.901s][info][gc,start    ] GC(254) Pause Young (Allocation Failure)
[2025-12-16T20:44:44.080+0800][0.901s][info][gc,heap     ] GC(254) DefNew: 11011K(12352K)->1K(12352K) Eden: 11008K(11008K)->0K(11008K) From: 3K(1344K)->1K(1344K)
[2025-12-16T20:44:44.080+0800][0.901s][info][gc,heap     ] GC(254) Tenured: 1245K(27328K)->1245K(27328K)
[2025-12-16T20:44:44.080+0800][0.901s][info][gc,metaspace] GC(254) Metaspace: 91K(320K)->91K(320K) NonClass: 83K(192K)->83K(192K) Class: 8K(128K)->8K(128K)
[2025-12-16T20:44:44.080+0800][0.901s][info][gc          ] GC(254) Pause Young (Allocation Failure) 11M->1M(38M) 0.024ms
[2025-12-16T20:44:44.080+0800][0.901s][info][gc,cpu      ] GC(254) User=0.00s Sys=0.00s Real=0.00s
[2025-12-16T20:44:44.083+0800][0.905s][info][gc,start    ] GC(255) Pause Young (Allocation Failure)
[2025-12-16T20:44:44.083+0800][0.905s][info][gc,heap     ] GC(255) DefNew: 11009K(12352K)->2K(12352K) Eden: 11008K(11008K)->0K(11008K) From: 1K(1344K)->2K(1344K)
[2025-12-16T20:44:44.083+0800][0.905s][info][gc,heap     ] GC(255) Tenured: 1245K(27328K)->1245K(27328K)
[2025-12-16T20:44:44.083+0800][0.905s][info][gc,metaspace] GC(255) Metaspace: 91K(320K)->91K(320K) NonClass: 83K(192K)->83K(192K) Class: 8K(128K)->8K(128K)
[2025-12-16T20:44:44.083+0800][0.905s][info][gc          ] GC(255) Pause Young (Allocation Failure) 11M->1M(38M) 0.024ms
[2025-12-16T20:44:44.083+0800][0.905s][info][gc,cpu      ] GC(255) User=0.00s Sys=0.00s Real=0.00s
[2025-12-16T20:44:44.087+0800][0.908s][info][gc,start    ] GC(256) Pause Young (Allocation Failure)
[2025-12-16T20:44:44.087+0800][0.908s][info][gc,heap     ] GC(256) DefNew: 11010K(12352K)->2K(12352K) Eden: 11008K(11008K)->0K(11008K) From: 2K(1344K)->2K(1344K)
[2025-12-16T20:44:44.087+0800][0.908s][info][gc,heap     ] GC(256) Tenured: 1245K(27328K)->1245K(27328K)
[2025-12-16T20:44:44.087+0800][0.908s][info][gc,metaspace] GC(256) Metaspace: 91K(320K)->91K(320K) NonClass: 83K(192K)->83K(192K) Class: 8K(128K)->8K(128K)
[2025-12-16T20:44:44.087+0800][0.908s][info][gc          ] GC(256) Pause Young (Allocation Failure) 11M->1M(38M) 0.024ms
[2025-12-16T20:44:44.087+0800][0.908s][info][gc,cpu      ] GC(256) User=0.00s Sys=0.00s Real=0.00s
[2025-12-16T20:44:44.090+0800][0.911s][info][gc,start    ] GC(257) Pause Young (Allocation Failure)
[2025-12-16T20:44:44.090+0800][0.911s][info][gc,heap     ] GC(257) DefNew: 11010K(12352K)->1K(12352K) Eden: 11008K(11008K)->0K(11008K) From: 2K(1344K)->1K(1344K)
[2025-12-16T20:44:44.090+0800][0.911s][info][gc,heap     ] GC(257) Tenured: 1245K(27328K)->1245K(27328K)
[2025-12-16T20:44:44.090+0800][0.911s][info][gc,metaspace] GC(257) Metaspace: 91K(320K)->91K(320K) NonClass: 83K(192K)->83K(192K) Class: 8K(128K)->8K(128K)
[2025-12-16T20:44:44.090+0800][0.911s][info][gc          ] GC(257) Pause Young (Allocation Failure) 11M->1M(38M) 0.024ms
[2025-12-16T20:44:44.090+0800][0.911s][info][gc,cpu      ] GC(257) User=0.01s Sys=0.00s Real=0.00s
[2025-12-16T20:44:44.093+0800][0.915s][info][gc,start    ] GC(258) Pause Young (Allocation Failure)
[2025-12-16T20:44:44.093+0800][0.915s][info][gc,heap     ] GC(258) DefNew: 11009K(12352K)->2K(12352K) Eden: 11008K(11008K)->0K(11008K) From: 1K(1344K)->2K(1344K)
[2025-12-16T20:44:44.093+0800][0.915s][info][gc,heap     ] GC(258) Tenured: 1245K(27328K)->1245K(27328K)
[2025-12-16T20:44:44.093+0800][0.915s][info][gc,metaspace] GC(258) Metaspace: 91K(320K)->91K(320K) NonClass: 83K(192K)->83K(192K) Class: 8K(128K)->8K(128K)
[2025-12-16T20:44:44.093+0800][0.915s][info][gc          ] GC(258) Pause Young (Allocation Failure) 11M->1M(38M) 0.024ms
[2025-12-16T20:44:44.093+0800][0.915s][info][gc,cpu      ] GC(258) User=0.00s Sys=0.00s Real=0.00s
[2025-12-16T20:44:44.097+0800][0.918s][info][gc,start    ] GC(259) Pause Young (Allocation Failure)
[2025-12-16T20:44:44.097+0800][0.918s][info][gc,heap     ] GC(259) DefNew: 11010K(12352K)->2K(12352K) Eden: 11008K(11008K)->0K(11008K) From: 2K(1344K)->2K(1344K)
[2025-12-16T20:44:44.097+0800][0.918s][info][gc,heap     ] GC(259) Tenured: 1245K(27328K)->1245K(27328K)
[2025-12-16T20:44:44.097+0800][0.918s][info][gc,metaspace] GC(259) Metaspace: 91K(320K)->91K(320K) NonClass: 83K(192K)->83K(192K) Class: 8K(128K)->8K(128K)
[2025-12-16T20:44:44.097+0800][0.918s][info][gc          ] GC(259) Pause Young (Allocation Failure) 11M->1M(38M) 0.024ms
[2025-12-16T20:44:44.097+0800][0.918s][info][gc,cpu      ] GC(259) User=0.00s Sys=0.00s Real=0.00s
[2025-12-16T20:44:44.100+0800][0.922s][info][gc,start    ] GC(260) Pause Young (Allocation Failure)
[2025-12-16T20:44:44.100+0800][0.922s][info][gc,heap     ] GC(260) DefNew: 11010K(12352K)->2K(12352K) Eden: 11008K(11008K)->0K(11008K) From: 2K(1344K)->2K(1344K)
[2025-12-16T20:44:44.100+0800][0.922s][info][gc,heap     ] GC(260) Tenured: 1245K(27328K)->1245K(27328K)
[2025-12-16T20:44:44.100+0800][0.922s][info][gc,metaspace] GC(260) Metaspace: 91K(320K)->91K(320K) NonClass: 83K(192K)->83K(192K) Class: 8K(128K)->8K(128K)
[2025-12-16T20:44:44.100+0800][0.922s][info][gc          ] GC(260) Pause Young (Allocation Failure) 11M->1M(38M) 0.024ms
[2025-12-16T20:44:44.100+0800][0.922s][info][gc,cpu      ] GC(260) User=0.00s Sys=0.00s Real=0.00s
[2025-12-16T20:44:44.104+0800][0.925s][info][gc,start    ] GC(261) Pause Young (Allocation Failure)
[2025-12-16T20:44:44.104+0800][0.925s][info][gc,heap     ] GC(261) DefNew: 11010K(12352K)->2K(12352K) Eden: 11008K(11008K)->0K(11008K) From: 2K(1344K)->2K(1344K)
[2025-12-16T20:44:44.104+0800][0.925s][info][gc,heap     ] GC(261) Tenured: 1245K(27328K)->1245K(27328K)
[2025-12-16T20:44:44.104+0800][0.925s][info][gc,metaspace] GC(261) Metaspace: 91K(320K)->91K(320K) NonClass: 83K(192K)->83K(192K) Class: 8K(128K)->8K(128K)
[2025-12-16T20:44:44.104+0800][0.925s][info][gc          ] GC(261) Pause Young (Allocation Failure) 11M->1M(38M) 0.024ms
[2025-12-16T20:44:44.104+0800][0.925s][info][gc,cpu      ] GC(261) User=0.00s Sys=0.00s Real=0.00s
[2025-12-16T20:44:44.107+0800][0.928s][info][gc,start    ] GC(262) Pause Young (Allocation Failure)
[2025-12-16T20:44:44.107+0800][0.928s][info][gc,heap     ] GC(262) DefNew: 11010K(12352K)->2K(12352K) Eden: 11008K(11008K)->0K(11008K) From: 2K(1344K)->2K(1344K)
[2025-12-16T20:44:44.107+0800][0.928s][info][gc,heap     ] GC(262) Tenured: 1245K(27328K)->1245K(27328K)
[2025-12-16T20:44:44.107+0800][0.928s][info][gc,metaspace] GC(262) Metaspace: 91K(320K)->91K(320K) NonClass: 83K(192K)->83K(192K) Class: 8K(128K)->8K(128K)
[2025-12-16T20:44:44.107+0800][0.928s][info][gc          ] GC(262) Pause Young (Allocation Failure) 11M->1M(38M) 0.031ms
[2025-12-16T20:44:44.107+0800][0.928s][info][gc,cpu      ] GC(262) User=0.00s Sys=0.00s Real=0.00s
[2025-12-16T20:44:44.110+0800][0.932s][info][gc,start    ] GC(263) Pause Young (Allocation Failure)
[2025-12-16T20:44:44.110+0800][0.932s][info][gc,heap     ] GC(263) DefNew: 11010K(12352K)->3K(12352K) Eden: 11008K(11008K)->0K(11008K) From: 2K(1344K)->3K(1344K)
[2025-12-16T20:44:44.110+0800][0.932s][info][gc,heap     ] GC(263) Tenured: 1245K(27328K)->1245K(27328K)
[2025-12-16T20:44:44.110+0800][0.932s][info][gc,metaspace] GC(263) Metaspace: 91K(320K)->91K(320K) NonClass: 83K(192K)->83K(192K) Class: 8K(128K)->8K(128K)
[2025-12-16T20:44:44.110+0800][0.932s][info][gc          ] GC(263) Pause Young (Allocation Failure) 11M->1M(38M) 0.024ms
[2025-12-16T20:44:44.110+0800][0.932s][info][gc,cpu      ] GC(263) User=0.00s Sys=0.00s Real=0.00s
[2025-12-16T20:44:44.114+0800][0.935s][info][gc,start    ] GC(264) Pause Young (Allocation Failure)
[2025-12-16T20:44:44.114+0800][0.935s][info][gc,heap     ] GC(264) DefNew: 11011K(12352K)->1K(12352K) Eden: 11008K(11008K)->0K(11008K) From: 3K(1344K)->1K(1344K)
[2025-12-16T20:44:44.114+0800][0.935s][info][gc,heap     ] GC(264) Tenured: 1245K(27328K)->1245K(27328K)
[2025-12-16T20:44:44.114+0800][0.935s][info][gc,metaspace] GC(264) Metaspace: 91K(320K)->91K(320K) NonClass: 83K(192K)->83K(192K) Class: 8K(128K)->8K(128K)
[2025-12-16T20:44:44.114+0800][0.935s][info][gc          ] GC(264) Pause Young (Allocation Failure) 11M->1M(38M) 0.023ms
[2025-12-16T20:44:44.114+0800][0.935s][info][gc,cpu      ] GC(264) User=0.00s Sys=0.00s Real=0.00s
[2025-12-16T20:44:44.117+0800][0.939s][info][gc,start    ] GC(265) Pause Young (Allocation Failure)
[2025-12-16T20:44:44.117+0800][0.939s][info][gc,heap     ] GC(265) DefNew: 11009K(12352K)->2K(12352K) Eden: 11008K(11008K)->0K(11008K) From: 1K(1344K)->2K(1344K)
[2025-12-16T20:44:44.117+0800][0.939s][info][gc,heap     ] GC(265) Tenured: 1245K(27328K)->1245K(27328K)
[2025-12-16T20:44:44.117+0800][0.939s][info][gc,metaspace] GC(265) Metaspace: 91K(320K)->91K(320K) NonClass: 83K(192K)->83K(192K) Class: 8K(128K)->8K(128K)
[2025-12-16T20:44:44.117+0800][0.939s][info][gc          ] GC(265) Pause Young (Allocation Failure) 11M->1M(38M) 0.023ms
[2025-12-16T20:44:44.117+0800][0.939s][info][gc,cpu      ] GC(265) User=0.00s Sys=0.00s Real=0.00s
[2025-12-16T20:44:44.121+0800][0.942s][info][gc,start    ] GC(266) Pause Young (Allocation Failure)
[2025-12-16T20:44:44.121+0800][0.942s][info][gc,heap     ] GC(266) DefNew: 11010K(12352K)->2K(12352K) Eden: 11008K(11008K)->0K(11008K) From: 2K(1344K)->2K(1344K)
[2025-12-16T20:44:44.121+0800][0.942s][info][gc,heap     ] GC(266) Tenured: 1245K(27328K)->1245K(27328K)
[2025-12-16T20:44:44.121+0800][0.942s][info][gc,metaspace] GC(266) Metaspace: 91K(320K)->91K(320K) NonClass: 83K(192K)->83K(192K) Class: 8K(128K)->8K(128K)
[2025-12-16T20:44:44.121+0800][0.942s][info][gc          ] GC(266) Pause Young (Allocation Failure) 11M->1M(38M) 0.024ms
[2025-12-16T20:44:44.121+0800][0.942s][info][gc,cpu      ] GC(266) User=0.00s Sys=0.00s Real=0.00s
[2025-12-16T20:44:44.124+0800][0.945s][info][gc,start    ] GC(267) Pause Young (Allocation Failure)
[2025-12-16T20:44:44.124+0800][0.945s][info][gc,heap     ] GC(267) DefNew: 11010K(12352K)->1K(12352K) Eden: 11008K(11008K)->0K(11008K) From: 2K(1344K)->1K(1344K)
[2025-12-16T20:44:44.124+0800][0.945s][info][gc,heap     ] GC(267) Tenured: 1245K(27328K)->1245K(27328K)
[2025-12-16T20:44:44.124+0800][0.945s][info][gc,metaspace] GC(267) Metaspace: 91K(320K)->91K(320K) NonClass: 83K(192K)->83K(192K) Class: 8K(128K)->8K(128K)
[2025-12-16T20:44:44.124+0800][0.945s][info][gc          ] GC(267) Pause Young (Allocation Failure) 11M->1M(38M) 0.025ms
[2025-12-16T20:44:44.124+0800][0.945s][info][gc,cpu      ] GC(267) User=0.00s Sys=0.00s Real=0.00s
[2025-12-16T20:44:44.127+0800][0.949s][info][gc,start    ] GC(268) Pause Young (Allocation Failure)
[2025-12-16T20:44:44.127+0800][0.949s][info][gc,heap     ] GC(268) DefNew: 11009K(12352K)->2K(12352K) Eden: 11008K(11008K)->0K(11008K) From: 1K(1344K)->2K(1344K)
[2025-12-16T20:44:44.127+0800][0.949s][info][gc,heap     ] GC(268) Tenured: 1245K(27328K)->1245K(27328K)
[2025-12-16T20:44:44.127+0800][0.949s][info][gc,metaspace] GC(268) Metaspace: 91K(320K)->91K(320K) NonClass: 83K(192K)->83K(192K) Class: 8K(128K)->8K(128K)
[2025-12-16T20:44:44.127+0800][0.949s][info][gc          ] GC(268) Pause Young (Allocation Failure) 11M->1M(38M) 0.026ms
[2025-12-16T20:44:44.127+0800][0.949s][info][gc,cpu      ] GC(268) User=0.00s Sys=0.00s Real=0.00s
[2025-12-16T20:44:44.131+0800][0.952s][info][gc,start    ] GC(269) Pause Young (Allocation Failure)
[2025-12-16T20:44:44.131+0800][0.952s][info][gc,heap     ] GC(269) DefNew: 11010K(12352K)->2K(12352K) Eden: 11008K(11008K)->0K(11008K) From: 2K(1344K)->2K(1344K)
[2025-12-16T20:44:44.131+0800][0.952s][info][gc,heap     ] GC(269) Tenured: 1245K(27328K)->1245K(27328K)
[2025-12-16T20:44:44.131+0800][0.952s][info][gc,metaspace] GC(269) Metaspace: 91K(320K)->91K(320K) NonClass: 83K(192K)->83K(192K) Class: 8K(128K)->8K(128K)
[2025-12-16T20:44:44.131+0800][0.952s][info][gc          ] GC(269) Pause Young (Allocation Failure) 11M->1M(38M) 0.024ms
[2025-12-16T20:44:44.131+0800][0.952s][info][gc,cpu      ] GC(269) User=0.00s Sys=0.00s Real=0.00s
[2025-12-16T20:44:44.134+0800][0.956s][info][gc,start    ] GC(270) Pause Young (Allocation Failure)
[2025-12-16T20:44:44.134+0800][0.956s][info][gc,heap     ] GC(270) DefNew: 11010K(12352K)->2K(12352K) Eden: 11008K(11008K)->0K(11008K) From: 2K(1344K)->2K(1344K)
[2025-12-16T20:44:44.134+0800][0.956s][info][gc,heap     ] GC(270) Tenured: 1245K(27328K)->1245K(27328K)
[2025-12-16T20:44:44.134+0800][0.956s][info][gc,metaspace] GC(270) Metaspace: 91K(320K)->91K(320K) NonClass: 83K(192K)->83K(192K) Class: 8K(128K)->8K(128K)
[2025-12-16T20:44:44.134+0800][0.956s][info][gc          ] GC(270) Pause Young (Allocation Failure) 11M->1M(38M) 0.022ms
[2025-12-16T20:44:44.134+0800][0.956s][info][gc,cpu      ] GC(270) User=0.00s Sys=0.00s Real=0.00s
[2025-12-16T20:44:44.138+0800][0.959s][info][gc,start    ] GC(271) Pause Young (Allocation Failure)
[2025-12-16T20:44:44.138+0800][0.959s][info][gc,heap     ] GC(271) DefNew: 11010K(12352K)->2K(12352K) Eden: 11008K(11008K)->0K(11008K) From: 2K(1344K)->2K(1344K)
[2025-12-16T20:44:44.138+0800][0.959s][info][gc,heap     ] GC(271) Tenured: 1245K(27328K)->1245K(27328K)
[2025-12-16T20:44:44.138+0800][0.959s][info][gc,metaspace] GC(271) Metaspace: 91K(320K)->91K(320K) NonClass: 83K(192K)->83K(192K) Class: 8K(128K)->8K(128K)
[2025-12-16T20:44:44.138+0800][0.959s][info][gc          ] GC(271) Pause Young (Allocation Failure) 11M->1M(38M) 0.024ms
[2025-12-16T20:44:44.138+0800][0.959s][info][gc,cpu      ] GC(271) User=0.00s Sys=0.00s Real=0.00s
[2025-12-16T20:44:44.141+0800][0.962s][info][gc,start    ] GC(272) Pause Young (Allocation Failure)
[2025-12-16T20:44:44.141+0800][0.962s][info][gc,heap     ] GC(272) DefNew: 11010K(12352K)->2K(12352K) Eden: 11008K(11008K)->0K(11008K) From: 2K(1344K)->2K(1344K)
[2025-12-16T20:44:44.141+0800][0.962s][info][gc,heap     ] GC(272) Tenured: 1245K(27328K)->1245K(27328K)
[2025-12-16T20:44:44.141+0800][0.962s][info][gc,metaspace] GC(272) Metaspace: 91K(320K)->91K(320K) NonClass: 83K(192K)->83K(192K) Class: 8K(128K)->8K(128K)
[2025-12-16T20:44:44.141+0800][0.962s][info][gc          ] GC(272) Pause Young (Allocation Failure) 11M->1M(38M) 0.024ms
[2025-12-16T20:44:44.141+0800][0.962s][info][gc,cpu      ] GC(272) User=0.00s Sys=0.00s Real=0.00s
[2025-12-16T20:44:44.144+0800][0.966s][info][gc,start    ] GC(273) Pause Young (Allocation Failure)
[2025-12-16T20:44:44.144+0800][0.966s][info][gc,heap     ] GC(273) DefNew: 11010K(12352K)->3K(12352K) Eden: 11008K(11008K)->0K(11008K) From: 2K(1344K)->3K(1344K)
[2025-12-16T20:44:44.144+0800][0.966s][info][gc,heap     ] GC(273) Tenured: 1245K(27328K)->1245K(27328K)
[2025-12-16T20:44:44.144+0800][0.966s][info][gc,metaspace] GC(273) Metaspace: 91K(320K)->91K(320K) NonClass: 83K(192K)->83K(192K) Class: 8K(128K)->8K(128K)
[2025-12-16T20:44:44.144+0800][0.966s][info][gc          ] GC(273) Pause Young (Allocation Failure) 11M->1M(38M) 0.026ms
[2025-12-16T20:44:44.144+0800][0.966s][info][gc,cpu      ] GC(273) User=0.00s Sys=0.00s Real=0.00s
[2025-12-16T20:44:44.148+0800][0.969s][info][gc,start    ] GC(274) Pause Young (Allocation Failure)
[2025-12-16T20:44:44.148+0800][0.969s][info][gc,heap     ] GC(274) DefNew: 11011K(12352K)->1K(12352K) Eden: 11008K(11008K)->0K(11008K) From: 3K(1344K)->1K(1344K)
[2025-12-16T20:44:44.148+0800][0.969s][info][gc,heap     ] GC(274) Tenured: 1245K(27328K)->1245K(27328K)
[2025-12-16T20:44:44.148+0800][0.969s][info][gc,metaspace] GC(274) Metaspace: 91K(320K)->91K(320K) NonClass: 83K(192K)->83K(192K) Class: 8K(128K)->8K(128K)
[2025-12-16T20:44:44.148+0800][0.969s][info][gc          ] GC(274) Pause Young (Allocation Failure) 11M->1M(38M) 0.024ms
[2025-12-16T20:44:44.148+0800][0.969s][info][gc,cpu      ] GC(274) User=0.00s Sys=0.00s Real=0.00s
[2025-12-16T20:44:44.151+0800][0.973s][info][gc,start    ] GC(275) Pause Young (Allocation Failure)
[2025-12-16T20:44:44.151+0800][0.973s][info][gc,heap     ] GC(275) DefNew: 11009K(12352K)->2K(12352K) Eden: 11008K(11008K)->0K(11008K) From: 1K(1344K)->2K(1344K)
[2025-12-16T20:44:44.151+0800][0.973s][info][gc,heap     ] GC(275) Tenured: 1245K(27328K)->1245K(27328K)
[2025-12-16T20:44:44.151+0800][0.973s][info][gc,metaspace] GC(275) Metaspace: 91K(320K)->91K(320K) NonClass: 83K(192K)->83K(192K) Class: 8K(128K)->8K(128K)
[2025-12-16T20:44:44.151+0800][0.973s][info][gc          ] GC(275) Pause Young (Allocation Failure) 11M->1M(38M) 0.023ms
[2025-12-16T20:44:44.151+0800][0.973s][info][gc,cpu      ] GC(275) User=0.00s Sys=0.00s Real=0.00s
[2025-12-16T20:44:44.155+0800][0.976s][info][gc,start    ] GC(276) Pause Young (Allocation Failure)
[2025-12-16T20:44:44.155+0800][0.976s][info][gc,heap     ] GC(276) DefNew: 11010K(12352K)->2K(12352K) Eden: 11008K(11008K)->0K(11008K) From: 2K(1344K)->2K(1344K)
[2025-12-16T20:44:44.155+0800][0.976s][info][gc,heap     ] GC(276) Tenured: 1245K(27328K)->1245K(27328K)
[2025-12-16T20:44:44.155+0800][0.976s][info][gc,metaspace] GC(276) Metaspace: 91K(320K)->91K(320K) NonClass: 83K(192K)->83K(192K) Class: 8K(128K)->8K(128K)
[2025-12-16T20:44:44.155+0800][0.976s][info][gc          ] GC(276) Pause Young (Allocation Failure) 11M->1M(38M) 0.023ms
[2025-12-16T20:44:44.155+0800][0.976s][info][gc,cpu      ] GC(276) User=0.00s Sys=0.00s Real=0.00s
[2025-12-16T20:44:44.158+0800][0.979s][info][gc,start    ] GC(277) Pause Young (Allocation Failure)
[2025-12-16T20:44:44.158+0800][0.979s][info][gc,heap     ] GC(277) DefNew: 11010K(12352K)->1K(12352K) Eden: 11008K(11008K)->0K(11008K) From: 2K(1344K)->1K(1344K)
[2025-12-16T20:44:44.158+0800][0.979s][info][gc,heap     ] GC(277) Tenured: 1245K(27328K)->1245K(27328K)
[2025-12-16T20:44:44.158+0800][0.979s][info][gc,metaspace] GC(277) Metaspace: 91K(320K)->91K(320K) NonClass: 83K(192K)->83K(192K) Class: 8K(128K)->8K(128K)
[2025-12-16T20:44:44.158+0800][0.979s][info][gc          ] GC(277) Pause Young (Allocation Failure) 11M->1M(38M) 0.023ms
[2025-12-16T20:44:44.158+0800][0.979s][info][gc,cpu      ] GC(277) User=0.00s Sys=0.00s Real=0.00s
[2025-12-16T20:44:44.161+0800][0.983s][info][gc,start    ] GC(278) Pause Young (Allocation Failure)
[2025-12-16T20:44:44.161+0800][0.983s][info][gc,heap     ] GC(278) DefNew: 11009K(12352K)->2K(12352K) Eden: 11008K(11008K)->0K(11008K) From: 1K(1344K)->2K(1344K)
[2025-12-16T20:44:44.161+0800][0.983s][info][gc,heap     ] GC(278) Tenured: 1245K(27328K)->1245K(27328K)
[2025-12-16T20:44:44.161+0800][0.983s][info][gc,metaspace] GC(278) Metaspace: 91K(320K)->91K(320K) NonClass: 83K(192K)->83K(192K) Class: 8K(128K)->8K(128K)
[2025-12-16T20:44:44.161+0800][0.983s][info][gc          ] GC(278) Pause Young (Allocation Failure) 11M->1M(38M) 0.023ms
[2025-12-16T20:44:44.161+0800][0.983s][info][gc,cpu      ] GC(278) User=0.00s Sys=0.00s Real=0.00s
[2025-12-16T20:44:44.165+0800][0.986s][info][gc,start    ] GC(279) Pause Young (Allocation Failure)
[2025-12-16T20:44:44.165+0800][0.986s][info][gc,heap     ] GC(279) DefNew: 11010K(12352K)->2K(12352K) Eden: 11008K(11008K)->0K(11008K) From: 2K(1344K)->2K(1344K)
[2025-12-16T20:44:44.165+0800][0.986s][info][gc,heap     ] GC(279) Tenured: 1245K(27328K)->1245K(27328K)
[2025-12-16T20:44:44.165+0800][0.986s][info][gc,metaspace] GC(279) Metaspace: 91K(320K)->91K(320K) NonClass: 83K(192K)->83K(192K) Class: 8K(128K)->8K(128K)
[2025-12-16T20:44:44.165+0800][0.986s][info][gc          ] GC(279) Pause Young (Allocation Failure) 11M->1M(38M) 0.026ms
[2025-12-16T20:44:44.165+0800][0.986s][info][gc,cpu      ] GC(279) User=0.00s Sys=0.00s Real=0.00s
[2025-12-16T20:44:44.168+0800][0.989s][info][gc,start    ] GC(280) Pause Young (Allocation Failure)
[2025-12-16T20:44:44.168+0800][0.989s][info][gc,heap     ] GC(280) DefNew: 11010K(12352K)->2K(12352K) Eden: 11008K(11008K)->0K(11008K) From: 2K(1344K)->2K(1344K)
[2025-12-16T20:44:44.168+0800][0.989s][info][gc,heap     ] GC(280) Tenured: 1245K(27328K)->1245K(27328K)
[2025-12-16T20:44:44.168+0800][0.989s][info][gc,metaspace] GC(280) Metaspace: 91K(320K)->91K(320K) NonClass: 83K(192K)->83K(192K) Class: 8K(128K)->8K(128K)
[2025-12-16T20:44:44.168+0800][0.989s][info][gc          ] GC(280) Pause Young (Allocation Failure) 11M->1M(38M) 0.024ms
[2025-12-16T20:44:44.168+0800][0.990s][info][gc,cpu      ] GC(280) User=0.00s Sys=0.00s Real=0.00s
[2025-12-16T20:44:44.171+0800][0.993s][info][gc,start    ] GC(281) Pause Young (Allocation Failure)
[2025-12-16T20:44:44.171+0800][0.993s][info][gc,heap     ] GC(281) DefNew: 11010K(12352K)->2K(12352K) Eden: 11008K(11008K)->0K(11008K) From: 2K(1344K)->2K(1344K)
[2025-12-16T20:44:44.171+0800][0.993s][info][gc,heap     ] GC(281) Tenured: 1245K(27328K)->1245K(27328K)
[2025-12-16T20:44:44.171+0800][0.993s][info][gc,metaspace] GC(281) Metaspace: 91K(320K)->91K(320K) NonClass: 83K(192K)->83K(192K) Class: 8K(128K)->8K(128K)
[2025-12-16T20:44:44.171+0800][0.993s][info][gc          ] GC(281) Pause Young (Allocation Failure) 11M->1M(38M) 0.024ms
[2025-12-16T20:44:44.171+0800][0.993s][info][gc,cpu      ] GC(281) User=0.00s Sys=0.00s Real=0.00s
[2025-12-16T20:44:44.175+0800][0.996s][info][gc,start    ] GC(282) Pause Young (Allocation Failure)
[2025-12-16T20:44:44.175+0800][0.996s][info][gc,heap     ] GC(282) DefNew: 11010K(12352K)->2K(12352K) Eden: 11008K(11008K)->0K(11008K) From: 2K(1344K)->2K(1344K)
[2025-12-16T20:44:44.175+0800][0.996s][info][gc,heap     ] GC(282) Tenured: 1245K(27328K)->1245K(27328K)
[2025-12-16T20:44:44.175+0800][0.996s][info][gc,metaspace] GC(282) Metaspace: 91K(320K)->91K(320K) NonClass: 83K(192K)->83K(192K) Class: 8K(128K)->8K(128K)
[2025-12-16T20:44:44.175+0800][0.996s][info][gc          ] GC(282) Pause Young (Allocation Failure) 11M->1M(38M) 0.024ms
[2025-12-16T20:44:44.175+0800][0.996s][info][gc,cpu      ] GC(282) User=0.00s Sys=0.00s Real=0.00s
[2025-12-16T20:44:44.178+0800][1.000s][info][gc,start    ] GC(283) Pause Young (Allocation Failure)
[2025-12-16T20:44:44.178+0800][1.000s][info][gc,heap     ] GC(283) DefNew: 11010K(12352K)->3K(12352K) Eden: 11008K(11008K)->0K(11008K) From: 2K(1344K)->3K(1344K)
[2025-12-16T20:44:44.178+0800][1.000s][info][gc,heap     ] GC(283) Tenured: 1245K(27328K)->1245K(27328K)
[2025-12-16T20:44:44.178+0800][1.000s][info][gc,metaspace] GC(283) Metaspace: 91K(320K)->91K(320K) NonClass: 83K(192K)->83K(192K) Class: 8K(128K)->8K(128K)
[2025-12-16T20:44:44.178+0800][1.000s][info][gc          ] GC(283) Pause Young (Allocation Failure) 11M->1M(38M) 0.024ms
[2025-12-16T20:44:44.178+0800][1.000s][info][gc,cpu      ] GC(283) User=0.00s Sys=0.00s Real=0.00s
[2025-12-16T20:44:44.182+0800][1.003s][info][gc,start    ] GC(284) Pause Young (Allocation Failure)
[2025-12-16T20:44:44.182+0800][1.003s][info][gc,heap     ] GC(284) DefNew: 11011K(12352K)->1K(12352K) Eden: 11008K(11008K)->0K(11008K) From: 3K(1344K)->1K(1344K)
[2025-12-16T20:44:44.182+0800][1.003s][info][gc,heap     ] GC(284) Tenured: 1245K(27328K)->1245K(27328K)
[2025-12-16T20:44:44.182+0800][1.003s][info][gc,metaspace] GC(284) Metaspace: 91K(320K)->91K(320K) NonClass: 83K(192K)->83K(192K) Class: 8K(128K)->8K(128K)
[2025-12-16T20:44:44.182+0800][1.003s][info][gc          ] GC(284) Pause Young (Allocation Failure) 11M->1M(38M) 0.029ms
[2025-12-16T20:44:44.182+0800][1.003s][info][gc,cpu      ] GC(284) User=0.00s Sys=0.00s Real=0.00s
[2025-12-16T20:44:44.185+0800][1.006s][info][gc,start    ] GC(285) Pause Young (Allocation Failure)
[2025-12-16T20:44:44.185+0800][1.006s][info][gc,heap     ] GC(285) DefNew: 11009K(12352K)->2K(12352K) Eden: 11008K(11008K)->0K(11008K) From: 1K(1344K)->2K(1344K)
[2025-12-16T20:44:44.185+0800][1.006s][info][gc,heap     ] GC(285) Tenured: 1245K(27328K)->1245K(27328K)
[2025-12-16T20:44:44.185+0800][1.006s][info][gc,metaspace] GC(285) Metaspace: 91K(320K)->91K(320K) NonClass: 83K(192K)->83K(192K) Class: 8K(128K)->8K(128K)
[2025-12-16T20:44:44.185+0800][1.006s][info][gc          ] GC(285) Pause Young (Allocation Failure) 11M->1M(38M) 0.023ms
[2025-12-16T20:44:44.185+0800][1.006s][info][gc,cpu      ] GC(285) User=0.00s Sys=0.00s Real=0.00s
[2025-12-16T20:44:44.188+0800][1.010s][info][gc,start    ] GC(286) Pause Young (Allocation Failure)
[2025-12-16T20:44:44.188+0800][1.010s][info][gc,heap     ] GC(286) DefNew: 11010K(12352K)->2K(12352K) Eden: 11008K(11008K)->0K(11008K) From: 2K(1344K)->2K(1344K)
[2025-12-16T20:44:44.188+0800][1.010s][info][gc,heap     ] GC(286) Tenured: 1245K(27328K)->1245K(27328K)
[2025-12-16T20:44:44.188+0800][1.010s][info][gc,metaspace] GC(286) Metaspace: 91K(320K)->91K(320K) NonClass: 83K(192K)->83K(192K) Class: 8K(128K)->8K(128K)
[2025-12-16T20:44:44.188+0800][1.010s][info][gc          ] GC(286) Pause Young (Allocation Failure) 11M->1M(38M) 0.023ms
[2025-12-16T20:44:44.188+0800][1.010s][info][gc,cpu      ] GC(286) User=0.00s Sys=0.00s Real=0.00s
[2025-12-16T20:44:44.192+0800][1.013s][info][gc,start    ] GC(287) Pause Young (Allocation Failure)
[2025-12-16T20:44:44.192+0800][1.013s][info][gc,heap     ] GC(287) DefNew: 11010K(12352K)->1K(12352K) Eden: 11008K(11008K)->0K(11008K) From: 2K(1344K)->1K(1344K)
[2025-12-16T20:44:44.192+0800][1.013s][info][gc,heap     ] GC(287) Tenured: 1245K(27328K)->1245K(27328K)
[2025-12-16T20:44:44.192+0800][1.013s][info][gc,metaspace] GC(287) Metaspace: 91K(320K)->91K(320K) NonClass: 83K(192K)->83K(192K) Class: 8K(128K)->8K(128K)
[2025-12-16T20:44:44.192+0800][1.013s][info][gc          ] GC(287) Pause Young (Allocation Failure) 11M->1M(38M) 0.023ms
[2025-12-16T20:44:44.192+0800][1.013s][info][gc,cpu      ] GC(287) User=0.00s Sys=0.00s Real=0.00s
[2025-12-16T20:44:44.195+0800][1.017s][info][gc,start    ] GC(288) Pause Young (Allocation Failure)
[2025-12-16T20:44:44.195+0800][1.017s][info][gc,heap     ] GC(288) DefNew: 11009K(12352K)->2K(12352K) Eden: 11008K(11008K)->0K(11008K) From: 1K(1344K)->2K(1344K)
[2025-12-16T20:44:44.195+0800][1.017s][info][gc,heap     ] GC(288) Tenured: 1245K(27328K)->1245K(27328K)
[2025-12-16T20:44:44.195+0800][1.017s][info][gc,metaspace] GC(288) Metaspace: 91K(320K)->91K(320K) NonClass: 83K(192K)->83K(192K) Class: 8K(128K)->8K(128K)
[2025-12-16T20:44:44.195+0800][1.017s][info][gc          ] GC(288) Pause Young (Allocation Failure) 11M->1M(38M) 0.023ms
[2025-12-16T20:44:44.195+0800][1.017s][info][gc,cpu      ] GC(288) User=0.00s Sys=0.00s Real=0.00s
[2025-12-16T20:44:44.199+0800][1.020s][info][gc,start    ] GC(289) Pause Young (Allocation Failure)
[2025-12-16T20:44:44.199+0800][1.020s][info][gc,heap     ] GC(289) DefNew: 11010K(12352K)->2K(12352K) Eden: 11008K(11008K)->0K(11008K) From: 2K(1344K)->2K(1344K)
[2025-12-16T20:44:44.199+0800][1.020s][info][gc,heap     ] GC(289) Tenured: 1245K(27328K)->1245K(27328K)
[2025-12-16T20:44:44.199+0800][1.020s][info][gc,metaspace] GC(289) Metaspace: 91K(320K)->91K(320K) NonClass: 83K(192K)->83K(192K) Class: 8K(128K)->8K(128K)
[2025-12-16T20:44:44.199+0800][1.020s][info][gc          ] GC(289) Pause Young (Allocation Failure) 11M->1M(38M) 0.024ms
[2025-12-16T20:44:44.199+0800][1.020s][info][gc,cpu      ] GC(289) User=0.00s Sys=0.00s Real=0.00s
[2025-12-16T20:44:44.202+0800][1.023s][info][gc,start    ] GC(290) Pause Young (Allocation Failure)
[2025-12-16T20:44:44.202+0800][1.023s][info][gc,heap     ] GC(290) DefNew: 11010K(12352K)->2K(12352K) Eden: 11008K(11008K)->0K(11008K) From: 2K(1344K)->2K(1344K)
[2025-12-16T20:44:44.202+0800][1.023s][info][gc,heap     ] GC(290) Tenured: 1245K(27328K)->1245K(27328K)
[2025-12-16T20:44:44.202+0800][1.023s][info][gc,metaspace] GC(290) Metaspace: 91K(320K)->91K(320K) NonClass: 83K(192K)->83K(192K) Class: 8K(128K)->8K(128K)
[2025-12-16T20:44:44.202+0800][1.023s][info][gc          ] GC(290) Pause Young (Allocation Failure) 11M->1M(38M) 0.026ms
[2025-12-16T20:44:44.202+0800][1.023s][info][gc,cpu      ] GC(290) User=0.00s Sys=0.00s Real=0.00s
[2025-12-16T20:44:44.205+0800][1.027s][info][gc,start    ] GC(291) Pause Young (Allocation Failure)
[2025-12-16T20:44:44.205+0800][1.027s][info][gc,heap     ] GC(291) DefNew: 11010K(12352K)->2K(12352K) Eden: 11008K(11008K)->0K(11008K) From: 2K(1344K)->2K(1344K)
[2025-12-16T20:44:44.205+0800][1.027s][info][gc,heap     ] GC(291) Tenured: 1245K(27328K)->1245K(27328K)
[2025-12-16T20:44:44.205+0800][1.027s][info][gc,metaspace] GC(291) Metaspace: 91K(320K)->91K(320K) NonClass: 83K(192K)->83K(192K) Class: 8K(128K)->8K(128K)
[2025-12-16T20:44:44.205+0800][1.027s][info][gc          ] GC(291) Pause Young (Allocation Failure) 11M->1M(38M) 0.024ms
[2025-12-16T20:44:44.205+0800][1.027s][info][gc,cpu      ] GC(291) User=0.00s Sys=0.00s Real=0.00s
[2025-12-16T20:44:44.209+0800][1.030s][info][gc,start    ] GC(292) Pause Young (Allocation Failure)
[2025-12-16T20:44:44.209+0800][1.030s][info][gc,heap     ] GC(292) DefNew: 11010K(12352K)->2K(12352K) Eden: 11008K(11008K)->0K(11008K) From: 2K(1344K)->2K(1344K)
[2025-12-16T20:44:44.209+0800][1.030s][info][gc,heap     ] GC(292) Tenured: 1245K(27328K)->1245K(27328K)
[2025-12-16T20:44:44.209+0800][1.030s][info][gc,metaspace] GC(292) Metaspace: 91K(320K)->91K(320K) NonClass: 83K(192K)->83K(192K) Class: 8K(128K)->8K(128K)
[2025-12-16T20:44:44.209+0800][1.030s][info][gc          ] GC(292) Pause Young (Allocation Failure) 11M->1M(38M) 0.024ms
[2025-12-16T20:44:44.209+0800][1.030s][info][gc,cpu      ] GC(292) User=0.00s Sys=0.00s Real=0.00s
[2025-12-16T20:44:44.212+0800][1.034s][info][gc,start    ] GC(293) Pause Young (Allocation Failure)
[2025-12-16T20:44:44.212+0800][1.034s][info][gc,heap     ] GC(293) DefNew: 11010K(12352K)->3K(12352K) Eden: 11008K(11008K)->0K(11008K) From: 2K(1344K)->3K(1344K)
[2025-12-16T20:44:44.212+0800][1.034s][info][gc,heap     ] GC(293) Tenured: 1245K(27328K)->1245K(27328K)
[2025-12-16T20:44:44.212+0800][1.034s][info][gc,metaspace] GC(293) Metaspace: 91K(320K)->91K(320K) NonClass: 83K(192K)->83K(192K) Class: 8K(128K)->8K(128K)
[2025-12-16T20:44:44.212+0800][1.034s][info][gc          ] GC(293) Pause Young (Allocation Failure) 11M->1M(38M) 0.024ms
[2025-12-16T20:44:44.212+0800][1.034s][info][gc,cpu      ] GC(293) User=0.00s Sys=0.00s Real=0.00s
[2025-12-16T20:44:44.216+0800][1.037s][info][gc,start    ] GC(294) Pause Young (Allocation Failure)
[2025-12-16T20:44:44.216+0800][1.037s][info][gc,heap     ] GC(294) DefNew: 11011K(12352K)->1K(12352K) Eden: 11008K(11008K)->0K(11008K) From: 3K(1344K)->1K(1344K)
[2025-12-16T20:44:44.216+0800][1.037s][info][gc,heap     ] GC(294) Tenured: 1245K(27328K)->1245K(27328K)
[2025-12-16T20:44:44.216+0800][1.037s][info][gc,metaspace] GC(294) Metaspace: 91K(320K)->91K(320K) NonClass: 83K(192K)->83K(192K) Class: 8K(128K)->8K(128K)
[2025-12-16T20:44:44.216+0800][1.037s][info][gc          ] GC(294) Pause Young (Allocation Failure) 11M->1M(38M) 0.023ms
[2025-12-16T20:44:44.216+0800][1.037s][info][gc,cpu      ] GC(294) User=0.00s Sys=0.00s Real=0.00s
[2025-12-16T20:44:44.219+0800][1.040s][info][gc,start    ] GC(295) Pause Young (Allocation Failure)
[2025-12-16T20:44:44.219+0800][1.040s][info][gc,heap     ] GC(295) DefNew: 11009K(12352K)->2K(12352K) Eden: 11008K(11008K)->0K(11008K) From: 1K(1344K)->2K(1344K)
[2025-12-16T20:44:44.219+0800][1.040s][info][gc,heap     ] GC(295) Tenured: 1245K(27328K)->1245K(27328K)
[2025-12-16T20:44:44.219+0800][1.040s][info][gc,metaspace] GC(295) Metaspace: 91K(320K)->91K(320K) NonClass: 83K(192K)->83K(192K) Class: 8K(128K)->8K(128K)
[2025-12-16T20:44:44.219+0800][1.040s][info][gc          ] GC(295) Pause Young (Allocation Failure) 11M->1M(38M) 0.024ms
[2025-12-16T20:44:44.219+0800][1.040s][info][gc,cpu      ] GC(295) User=0.00s Sys=0.00s Real=0.00s
[2025-12-16T20:44:44.222+0800][1.044s][info][gc,start    ] GC(296) Pause Young (Allocation Failure)
[2025-12-16T20:44:44.222+0800][1.044s][info][gc,heap     ] GC(296) DefNew: 11010K(12352K)->2K(12352K) Eden: 11008K(11008K)->0K(11008K) From: 2K(1344K)->2K(1344K)
[2025-12-16T20:44:44.222+0800][1.044s][info][gc,heap     ] GC(296) Tenured: 1245K(27328K)->1245K(27328K)
[2025-12-16T20:44:44.222+0800][1.044s][info][gc,metaspace] GC(296) Metaspace: 91K(320K)->91K(320K) NonClass: 83K(192K)->83K(192K) Class: 8K(128K)->8K(128K)
[2025-12-16T20:44:44.222+0800][1.044s][info][gc          ] GC(296) Pause Young (Allocation Failure) 11M->1M(38M) 0.023ms
[2025-12-16T20:44:44.222+0800][1.044s][info][gc,cpu      ] GC(296) User=0.00s Sys=0.00s Real=0.00s
[2025-12-16T20:44:44.226+0800][1.047s][info][gc,start    ] GC(297) Pause Young (Allocation Failure)
[2025-12-16T20:44:44.226+0800][1.047s][info][gc,heap     ] GC(297) DefNew: 11010K(12352K)->1K(12352K) Eden: 11008K(11008K)->0K(11008K) From: 2K(1344K)->1K(1344K)
[2025-12-16T20:44:44.226+0800][1.047s][info][gc,heap     ] GC(297) Tenured: 1245K(27328K)->1245K(27328K)
[2025-12-16T20:44:44.226+0800][1.047s][info][gc,metaspace] GC(297) Metaspace: 91K(320K)->91K(320K) NonClass: 83K(192K)->83K(192K) Class: 8K(128K)->8K(128K)
[2025-12-16T20:44:44.226+0800][1.047s][info][gc          ] GC(297) Pause Young (Allocation Failure) 11M->1M(38M) 0.023ms
[2025-12-16T20:44:44.226+0800][1.047s][info][gc,cpu      ] GC(297) User=0.00s Sys=0.00s Real=0.00s
[2025-12-16T20:44:44.229+0800][1.051s][info][gc,start    ] GC(298) Pause Young (Allocation Failure)
[2025-12-16T20:44:44.229+0800][1.051s][info][gc,heap     ] GC(298) DefNew: 11009K(12352K)->2K(12352K) Eden: 11008K(11008K)->0K(11008K) From: 1K(1344K)->2K(1344K)
[2025-12-16T20:44:44.229+0800][1.051s][info][gc,heap     ] GC(298) Tenured: 1245K(27328K)->1245K(27328K)
[2025-12-16T20:44:44.229+0800][1.051s][info][gc,metaspace] GC(298) Metaspace: 91K(320K)->91K(320K) NonClass: 83K(192K)->83K(192K) Class: 8K(128K)->8K(128K)
[2025-12-16T20:44:44.229+0800][1.051s][info][gc          ] GC(298) Pause Young (Allocation Failure) 11M->1M(38M) 0.025ms
[2025-12-16T20:44:44.229+0800][1.051s][info][gc,cpu      ] GC(298) User=0.00s Sys=0.00s Real=0.00s
[2025-12-16T20:44:44.233+0800][1.054s][info][gc,start    ] GC(299) Pause Young (Allocation Failure)
[2025-12-16T20:44:44.233+0800][1.054s][info][gc,heap     ] GC(299) DefNew: 11010K(12352K)->2K(12352K) Eden: 11008K(11008K)->0K(11008K) From: 2K(1344K)->2K(1344K)
[2025-12-16T20:44:44.233+0800][1.054s][info][gc,heap     ] GC(299) Tenured: 1245K(27328K)->1245K(27328K)
[2025-12-16T20:44:44.233+0800][1.054s][info][gc,metaspace] GC(299) Metaspace: 91K(320K)->91K(320K) NonClass: 83K(192K)->83K(192K) Class: 8K(128K)->8K(128K)
[2025-12-16T20:44:44.233+0800][1.054s][info][gc          ] GC(299) Pause Young (Allocation Failure) 11M->1M(38M) 0.029ms
[2025-12-16T20:44:44.233+0800][1.054s][info][gc,cpu      ] GC(299) User=0.00s Sys=0.00s Real=0.00s
[2025-12-16T20:44:44.236+0800][1.058s][info][gc,start    ] GC(300) Pause Young (Allocation Failure)
[2025-12-16T20:44:44.236+0800][1.058s][info][gc,heap     ] GC(300) DefNew: 11010K(12352K)->2K(12352K) Eden: 11008K(11008K)->0K(11008K) From: 2K(1344K)->2K(1344K)
[2025-12-16T20:44:44.236+0800][1.058s][info][gc,heap     ] GC(300) Tenured: 1245K(27328K)->1245K(27328K)
[2025-12-16T20:44:44.236+0800][1.058s][info][gc,metaspace] GC(300) Metaspace: 91K(320K)->91K(320K) NonClass: 83K(192K)->83K(192K) Class: 8K(128K)->8K(128K)
[2025-12-16T20:44:44.236+0800][1.058s][info][gc          ] GC(300) Pause Young (Allocation Failure) 11M->1M(38M) 0.034ms
[2025-12-16T20:44:44.236+0800][1.058s][info][gc,cpu      ] GC(300) User=0.00s Sys=0.00s Real=0.00s
[2025-12-16T20:44:44.240+0800][1.061s][info][gc,start    ] GC(301) Pause Young (Allocation Failure)
[2025-12-16T20:44:44.240+0800][1.061s][info][gc,heap     ] GC(301) DefNew: 11010K(12352K)->2K(12352K) Eden: 11008K(11008K)->0K(11008K) From: 2K(1344K)->2K(1344K)
[2025-12-16T20:44:44.240+0800][1.061s][info][gc,heap     ] GC(301) Tenured: 1245K(27328K)->1245K(27328K)
[2025-12-16T20:44:44.240+0800][1.061s][info][gc,metaspace] GC(301) Metaspace: 91K(320K)->91K(320K) NonClass: 83K(192K)->83K(192K) Class: 8K(128K)->8K(128K)
[2025-12-16T20:44:44.240+0800][1.061s][info][gc          ] GC(301) Pause Young (Allocation Failure) 11M->1M(38M) 0.037ms
[2025-12-16T20:44:44.240+0800][1.061s][info][gc,cpu      ] GC(301) User=0.00s Sys=0.00s Real=0.00s
[2025-12-16T20:44:44.243+0800][1.064s][info][gc,start    ] GC(302) Pause Young (Allocation Failure)
[2025-12-16T20:44:44.243+0800][1.064s][info][gc,heap     ] GC(302) DefNew: 11010K(12352K)->2K(12352K) Eden: 11008K(11008K)->0K(11008K) From: 2K(1344K)->2K(1344K)
[2025-12-16T20:44:44.243+0800][1.064s][info][gc,heap     ] GC(302) Tenured: 1245K(27328K)->1245K(27328K)
[2025-12-16T20:44:44.243+0800][1.064s][info][gc,metaspace] GC(302) Metaspace: 91K(320K)->91K(320K) NonClass: 83K(192K)->83K(192K) Class: 8K(128K)->8K(128K)
[2025-12-16T20:44:44.243+0800][1.064s][info][gc          ] GC(302) Pause Young (Allocation Failure) 11M->1M(38M) 0.028ms
[2025-12-16T20:44:44.243+0800][1.064s][info][gc,cpu      ] GC(302) User=0.00s Sys=0.00s Real=0.00s
[2025-12-16T20:44:44.246+0800][1.068s][info][gc,start    ] GC(303) Pause Young (Allocation Failure)
[2025-12-16T20:44:44.246+0800][1.068s][info][gc,heap     ] GC(303) DefNew: 11010K(12352K)->3K(12352K) Eden: 11008K(11008K)->0K(11008K) From: 2K(1344K)->3K(1344K)
[2025-12-16T20:44:44.246+0800][1.068s][info][gc,heap     ] GC(303) Tenured: 1245K(27328K)->1245K(27328K)
[2025-12-16T20:44:44.246+0800][1.068s][info][gc,metaspace] GC(303) Metaspace: 91K(320K)->91K(320K) NonClass: 83K(192K)->83K(192K) Class: 8K(128K)->8K(128K)
[2025-12-16T20:44:44.246+0800][1.068s][info][gc          ] GC(303) Pause Young (Allocation Failure) 11M->1M(38M) 0.025ms
[2025-12-16T20:44:44.246+0800][1.068s][info][gc,cpu      ] GC(303) User=0.00s Sys=0.00s Real=0.00s
[2025-12-16T20:44:44.250+0800][1.071s][info][gc,start    ] GC(304) Pause Young (Allocation Failure)
[2025-12-16T20:44:44.250+0800][1.071s][info][gc,heap     ] GC(304) DefNew: 11011K(12352K)->1K(12352K) Eden: 11008K(11008K)->0K(11008K) From: 3K(1344K)->1K(1344K)
[2025-12-16T20:44:44.250+0800][1.071s][info][gc,heap     ] GC(304) Tenured: 1245K(27328K)->1245K(27328K)
[2025-12-16T20:44:44.250+0800][1.071s][info][gc,metaspace] GC(304) Metaspace: 91K(320K)->91K(320K) NonClass: 83K(192K)->83K(192K) Class: 8K(128K)->8K(128K)
[2025-12-16T20:44:44.250+0800][1.071s][info][gc          ] GC(304) Pause Young (Allocation Failure) 11M->1M(38M) 0.025ms
[2025-12-16T20:44:44.250+0800][1.071s][info][gc,cpu      ] GC(304) User=0.00s Sys=0.00s Real=0.00s
[2025-12-16T20:44:44.253+0800][1.075s][info][gc,start    ] GC(305) Pause Young (Allocation Failure)
[2025-12-16T20:44:44.253+0800][1.075s][info][gc,heap     ] GC(305) DefNew: 11009K(12352K)->2K(12352K) Eden: 11008K(11008K)->0K(11008K) From: 1K(1344K)->2K(1344K)
[2025-12-16T20:44:44.253+0800][1.075s][info][gc,heap     ] GC(305) Tenured: 1245K(27328K)->1245K(27328K)
[2025-12-16T20:44:44.253+0800][1.075s][info][gc,metaspace] GC(305) Metaspace: 91K(320K)->91K(320K) NonClass: 83K(192K)->83K(192K) Class: 8K(128K)->8K(128K)
[2025-12-16T20:44:44.253+0800][1.075s][info][gc          ] GC(305) Pause Young (Allocation Failure) 11M->1M(38M) 0.027ms
[2025-12-16T20:44:44.253+0800][1.075s][info][gc,cpu      ] GC(305) User=0.00s Sys=0.00s Real=0.00s
[2025-12-16T20:44:44.257+0800][1.078s][info][gc,start    ] GC(306) Pause Young (Allocation Failure)
[2025-12-16T20:44:44.257+0800][1.078s][info][gc,heap     ] GC(306) DefNew: 11010K(12352K)->2K(12352K) Eden: 11008K(11008K)->0K(11008K) From: 2K(1344K)->2K(1344K)
[2025-12-16T20:44:44.257+0800][1.078s][info][gc,heap     ] GC(306) Tenured: 1245K(27328K)->1245K(27328K)
[2025-12-16T20:44:44.257+0800][1.078s][info][gc,metaspace] GC(306) Metaspace: 91K(320K)->91K(320K) NonClass: 83K(192K)->83K(192K) Class: 8K(128K)->8K(128K)
[2025-12-16T20:44:44.257+0800][1.078s][info][gc          ] GC(306) Pause Young (Allocation Failure) 11M->1M(38M) 0.027ms
[2025-12-16T20:44:44.257+0800][1.078s][info][gc,cpu      ] GC(306) User=0.00s Sys=0.00s Real=0.00s
[2025-12-16T20:44:44.260+0800][1.082s][info][gc,start    ] GC(307) Pause Young (Allocation Failure)
[2025-12-16T20:44:44.260+0800][1.082s][info][gc,heap     ] GC(307) DefNew: 11010K(12352K)->1K(12352K) Eden: 11008K(11008K)->0K(11008K) From: 2K(1344K)->1K(1344K)
[2025-12-16T20:44:44.260+0800][1.082s][info][gc,heap     ] GC(307) Tenured: 1245K(27328K)->1245K(27328K)
[2025-12-16T20:44:44.260+0800][1.082s][info][gc,metaspace] GC(307) Metaspace: 91K(320K)->91K(320K) NonClass: 83K(192K)->83K(192K) Class: 8K(128K)->8K(128K)
[2025-12-16T20:44:44.260+0800][1.082s][info][gc          ] GC(307) Pause Young (Allocation Failure) 11M->1M(38M) 0.023ms
[2025-12-16T20:44:44.260+0800][1.082s][info][gc,cpu      ] GC(307) User=0.00s Sys=0.00s Real=0.00s
[2025-12-16T20:44:44.263+0800][1.085s][info][gc,start    ] GC(308) Pause Young (Allocation Failure)
[2025-12-16T20:44:44.263+0800][1.085s][info][gc,heap     ] GC(308) DefNew: 11009K(12352K)->2K(12352K) Eden: 11008K(11008K)->0K(11008K) From: 1K(1344K)->2K(1344K)
[2025-12-16T20:44:44.263+0800][1.085s][info][gc,heap     ] GC(308) Tenured: 1245K(27328K)->1245K(27328K)
[2025-12-16T20:44:44.263+0800][1.085s][info][gc,metaspace] GC(308) Metaspace: 91K(320K)->91K(320K) NonClass: 83K(192K)->83K(192K) Class: 8K(128K)->8K(128K)
[2025-12-16T20:44:44.264+0800][1.085s][info][gc          ] GC(308) Pause Young (Allocation Failure) 11M->1M(38M) 0.024ms
[2025-12-16T20:44:44.264+0800][1.085s][info][gc,cpu      ] GC(308) User=0.00s Sys=0.00s Real=0.00s
[2025-12-16T20:44:44.267+0800][1.088s][info][gc,start    ] GC(309) Pause Young (Allocation Failure)
[2025-12-16T20:44:44.267+0800][1.088s][info][gc,heap     ] GC(309) DefNew: 11010K(12352K)->2K(12352K) Eden: 11008K(11008K)->0K(11008K) From: 2K(1344K)->2K(1344K)
[2025-12-16T20:44:44.267+0800][1.088s][info][gc,heap     ] GC(309) Tenured: 1245K(27328K)->1245K(27328K)
[2025-12-16T20:44:44.267+0800][1.088s][info][gc,metaspace] GC(309) Metaspace: 91K(320K)->91K(320K) NonClass: 83K(192K)->83K(192K) Class: 8K(128K)->8K(128K)
[2025-12-16T20:44:44.267+0800][1.088s][info][gc          ] GC(309) Pause Young (Allocation Failure) 11M->1M(38M) 0.023ms
[2025-12-16T20:44:44.267+0800][1.088s][info][gc,cpu      ] GC(309) User=0.00s Sys=0.00s Real=0.00s
[2025-12-16T20:44:44.270+0800][1.092s][info][gc,start    ] GC(310) Pause Young (Allocation Failure)
[2025-12-16T20:44:44.270+0800][1.092s][info][gc,heap     ] GC(310) DefNew: 11010K(12352K)->2K(12352K) Eden: 11008K(11008K)->0K(11008K) From: 2K(1344K)->2K(1344K)
[2025-12-16T20:44:44.270+0800][1.092s][info][gc,heap     ] GC(310) Tenured: 1245K(27328K)->1245K(27328K)
[2025-12-16T20:44:44.270+0800][1.092s][info][gc,metaspace] GC(310) Metaspace: 91K(320K)->91K(320K) NonClass: 83K(192K)->83K(192K) Class: 8K(128K)->8K(128K)
[2025-12-16T20:44:44.270+0800][1.092s][info][gc          ] GC(310) Pause Young (Allocation Failure) 11M->1M(38M) 0.023ms
[2025-12-16T20:44:44.270+0800][1.092s][info][gc,cpu      ] GC(310) User=0.00s Sys=0.00s Real=0.00s
[2025-12-16T20:44:44.274+0800][1.095s][info][gc,start    ] GC(311) Pause Young (Allocation Failure)
[2025-12-16T20:44:44.274+0800][1.095s][info][gc,heap     ] GC(311) DefNew: 11010K(12352K)->2K(12352K) Eden: 11008K(11008K)->0K(11008K) From: 2K(1344K)->2K(1344K)
[2025-12-16T20:44:44.274+0800][1.095s][info][gc,heap     ] GC(311) Tenured: 1245K(27328K)->1245K(27328K)
[2025-12-16T20:44:44.274+0800][1.095s][info][gc,metaspace] GC(311) Metaspace: 91K(320K)->91K(320K) NonClass: 83K(192K)->83K(192K) Class: 8K(128K)->8K(128K)
[2025-12-16T20:44:44.274+0800][1.095s][info][gc          ] GC(311) Pause Young (Allocation Failure) 11M->1M(38M) 0.023ms
[2025-12-16T20:44:44.274+0800][1.095s][info][gc,cpu      ] GC(311) User=0.00s Sys=0.00s Real=0.00s
[2025-12-16T20:44:44.277+0800][1.098s][info][gc,start    ] GC(312) Pause Young (Allocation Failure)
[2025-12-16T20:44:44.277+0800][1.098s][info][gc,heap     ] GC(312) DefNew: 11010K(12352K)->2K(12352K) Eden: 11008K(11008K)->0K(11008K) From: 2K(1344K)->2K(1344K)
[2025-12-16T20:44:44.277+0800][1.098s][info][gc,heap     ] GC(312) Tenured: 1245K(27328K)->1245K(27328K)
[2025-12-16T20:44:44.277+0800][1.098s][info][gc,metaspace] GC(312) Metaspace: 91K(320K)->91K(320K) NonClass: 83K(192K)->83K(192K) Class: 8K(128K)->8K(128K)
[2025-12-16T20:44:44.277+0800][1.098s][info][gc          ] GC(312) Pause Young (Allocation Failure) 11M->1M(38M) 0.025ms
[2025-12-16T20:44:44.277+0800][1.098s][info][gc,cpu      ] GC(312) User=0.00s Sys=0.00s Real=0.00s
[2025-12-16T20:44:44.280+0800][1.102s][info][gc,start    ] GC(313) Pause Young (Allocation Failure)
[2025-12-16T20:44:44.280+0800][1.102s][info][gc,heap     ] GC(313) DefNew: 11010K(12352K)->3K(12352K) Eden: 11008K(11008K)->0K(11008K) From: 2K(1344K)->3K(1344K)
[2025-12-16T20:44:44.280+0800][1.102s][info][gc,heap     ] GC(313) Tenured: 1245K(27328K)->1245K(27328K)
[2025-12-16T20:44:44.280+0800][1.102s][info][gc,metaspace] GC(313) Metaspace: 91K(320K)->91K(320K) NonClass: 83K(192K)->83K(192K) Class: 8K(128K)->8K(128K)
[2025-12-16T20:44:44.280+0800][1.102s][info][gc          ] GC(313) Pause Young (Allocation Failure) 11M->1M(38M) 0.023ms
[2025-12-16T20:44:44.280+0800][1.102s][info][gc,cpu      ] GC(313) User=0.00s Sys=0.00s Real=0.00s
[2025-12-16T20:44:44.284+0800][1.105s][info][gc,start    ] GC(314) Pause Young (Allocation Failure)
[2025-12-16T20:44:44.284+0800][1.105s][info][gc,heap     ] GC(314) DefNew: 11011K(12352K)->1K(12352K) Eden: 11008K(11008K)->0K(11008K) From: 3K(1344K)->1K(1344K)
[2025-12-16T20:44:44.284+0800][1.105s][info][gc,heap     ] GC(314) Tenured: 1245K(27328K)->1245K(27328K)
[2025-12-16T20:44:44.284+0800][1.105s][info][gc,metaspace] GC(314) Metaspace: 91K(320K)->91K(320K) NonClass: 83K(192K)->83K(192K) Class: 8K(128K)->8K(128K)
[2025-12-16T20:44:44.284+0800][1.105s][info][gc          ] GC(314) Pause Young (Allocation Failure) 11M->1M(38M) 0.023ms
[2025-12-16T20:44:44.284+0800][1.105s][info][gc,cpu      ] GC(314) User=0.00s Sys=0.00s Real=0.00s
[2025-12-16T20:44:44.287+0800][1.108s][info][gc,start    ] GC(315) Pause Young (Allocation Failure)
[2025-12-16T20:44:44.287+0800][1.108s][info][gc,heap     ] GC(315) DefNew: 11009K(12352K)->2K(12352K) Eden: 11008K(11008K)->0K(11008K) From: 1K(1344K)->2K(1344K)
[2025-12-16T20:44:44.287+0800][1.108s][info][gc,heap     ] GC(315) Tenured: 1245K(27328K)->1245K(27328K)
[2025-12-16T20:44:44.287+0800][1.108s][info][gc,metaspace] GC(315) Metaspace: 91K(320K)->91K(320K) NonClass: 83K(192K)->83K(192K) Class: 8K(128K)->8K(128K)
[2025-12-16T20:44:44.287+0800][1.108s][info][gc          ] GC(315) Pause Young (Allocation Failure) 11M->1M(38M) 0.023ms
[2025-12-16T20:44:44.287+0800][1.108s][info][gc,cpu      ] GC(315) User=0.00s Sys=0.00s Real=0.00s
[2025-12-16T20:44:44.290+0800][1.112s][info][gc,start    ] GC(316) Pause Young (Allocation Failure)
[2025-12-16T20:44:44.290+0800][1.112s][info][gc,heap     ] GC(316) DefNew: 11010K(12352K)->2K(12352K) Eden: 11008K(11008K)->0K(11008K) From: 2K(1344K)->2K(1344K)
[2025-12-16T20:44:44.290+0800][1.112s][info][gc,heap     ] GC(316) Tenured: 1245K(27328K)->1245K(27328K)
[2025-12-16T20:44:44.290+0800][1.112s][info][gc,metaspace] GC(316) Metaspace: 91K(320K)->91K(320K) NonClass: 83K(192K)->83K(192K) Class: 8K(128K)->8K(128K)
[2025-12-16T20:44:44.290+0800][1.112s][info][gc          ] GC(316) Pause Young (Allocation Failure) 11M->1M(38M) 0.023ms
[2025-12-16T20:44:44.290+0800][1.112s][info][gc,cpu      ] GC(316) User=0.00s Sys=0.00s Real=0.00s
[2025-12-16T20:44:44.294+0800][1.115s][info][gc,start    ] GC(317) Pause Young (Allocation Failure)
[2025-12-16T20:44:44.294+0800][1.115s][info][gc,heap     ] GC(317) DefNew: 11010K(12352K)->1K(12352K) Eden: 11008K(11008K)->0K(11008K) From: 2K(1344K)->1K(1344K)
[2025-12-16T20:44:44.294+0800][1.115s][info][gc,heap     ] GC(317) Tenured: 1245K(27328K)->1245K(27328K)
[2025-12-16T20:44:44.294+0800][1.115s][info][gc,metaspace] GC(317) Metaspace: 91K(320K)->91K(320K) NonClass: 83K(192K)->83K(192K) Class: 8K(128K)->8K(128K)
[2025-12-16T20:44:44.294+0800][1.115s][info][gc          ] GC(317) Pause Young (Allocation Failure) 11M->1M(38M) 0.023ms
[2025-12-16T20:44:44.294+0800][1.115s][info][gc,cpu      ] GC(317) User=0.00s Sys=0.00s Real=0.00s
[2025-12-16T20:44:44.297+0800][1.119s][info][gc,start    ] GC(318) Pause Young (Allocation Failure)
[2025-12-16T20:44:44.297+0800][1.119s][info][gc,heap     ] GC(318) DefNew: 11009K(12352K)->2K(12352K) Eden: 11008K(11008K)->0K(11008K) From: 1K(1344K)->2K(1344K)
[2025-12-16T20:44:44.297+0800][1.119s][info][gc,heap     ] GC(318) Tenured: 1245K(27328K)->1245K(27328K)
[2025-12-16T20:44:44.297+0800][1.119s][info][gc,metaspace] GC(318) Metaspace: 91K(320K)->91K(320K) NonClass: 83K(192K)->83K(192K) Class: 8K(128K)->8K(128K)
[2025-12-16T20:44:44.297+0800][1.119s][info][gc          ] GC(318) Pause Young (Allocation Failure) 11M->1M(38M) 0.023ms
[2025-12-16T20:44:44.297+0800][1.119s][info][gc,cpu      ] GC(318) User=0.00s Sys=0.00s Real=0.00s
[2025-12-16T20:44:44.300+0800][1.122s][info][gc,start    ] GC(319) Pause Young (Allocation Failure)
[2025-12-16T20:44:44.300+0800][1.122s][info][gc,heap     ] GC(319) DefNew: 11010K(12352K)->2K(12352K) Eden: 11008K(11008K)->0K(11008K) From: 2K(1344K)->2K(1344K)
[2025-12-16T20:44:44.300+0800][1.122s][info][gc,heap     ] GC(319) Tenured: 1245K(27328K)->1245K(27328K)
[2025-12-16T20:44:44.300+0800][1.122s][info][gc,metaspace] GC(319) Metaspace: 91K(320K)->91K(320K) NonClass: 83K(192K)->83K(192K) Class: 8K(128K)->8K(128K)
[2025-12-16T20:44:44.300+0800][1.122s][info][gc          ] GC(319) Pause Young (Allocation Failure) 11M->1M(38M) 0.023ms
[2025-12-16T20:44:44.301+0800][1.122s][info][gc,cpu      ] GC(319) User=0.00s Sys=0.00s Real=0.00s
[2025-12-16T20:44:44.304+0800][1.125s][info][gc,start    ] GC(320) Pause Young (Allocation Failure)
[2025-12-16T20:44:44.304+0800][1.125s][info][gc,heap     ] GC(320) DefNew: 11010K(12352K)->2K(12352K) Eden: 11008K(11008K)->0K(11008K) From: 2K(1344K)->2K(1344K)
[2025-12-16T20:44:44.304+0800][1.125s][info][gc,heap     ] GC(320) Tenured: 1245K(27328K)->1245K(27328K)
[2025-12-16T20:44:44.304+0800][1.125s][info][gc,metaspace] GC(320) Metaspace: 91K(320K)->91K(320K) NonClass: 83K(192K)->83K(192K) Class: 8K(128K)->8K(128K)
[2025-12-16T20:44:44.304+0800][1.125s][info][gc          ] GC(320) Pause Young (Allocation Failure) 11M->1M(38M) 0.025ms
[2025-12-16T20:44:44.304+0800][1.125s][info][gc,cpu      ] GC(320) User=0.00s Sys=0.00s Real=0.00s
[2025-12-16T20:44:44.307+0800][1.129s][info][gc,start    ] GC(321) Pause Young (Allocation Failure)
[2025-12-16T20:44:44.307+0800][1.129s][info][gc,heap     ] GC(321) DefNew: 11010K(12352K)->2K(12352K) Eden: 11008K(11008K)->0K(11008K) From: 2K(1344K)->2K(1344K)
[2025-12-16T20:44:44.307+0800][1.129s][info][gc,heap     ] GC(321) Tenured: 1245K(27328K)->1245K(27328K)
[2025-12-16T20:44:44.307+0800][1.129s][info][gc,metaspace] GC(321) Metaspace: 91K(320K)->91K(320K) NonClass: 83K(192K)->83K(192K) Class: 8K(128K)->8K(128K)
[2025-12-16T20:44:44.307+0800][1.129s][info][gc          ] GC(321) Pause Young (Allocation Failure) 11M->1M(38M) 0.023ms
[2025-12-16T20:44:44.307+0800][1.129s][info][gc,cpu      ] GC(321) User=0.00s Sys=0.00s Real=0.00s
[2025-12-16T20:44:44.311+0800][1.132s][info][gc,start    ] GC(322) Pause Young (Allocation Failure)
[2025-12-16T20:44:44.311+0800][1.132s][info][gc,heap     ] GC(322) DefNew: 11010K(12352K)->2K(12352K) Eden: 11008K(11008K)->0K(11008K) From: 2K(1344K)->2K(1344K)
[2025-12-16T20:44:44.311+0800][1.132s][info][gc,heap     ] GC(322) Tenured: 1245K(27328K)->1245K(27328K)
[2025-12-16T20:44:44.311+0800][1.132s][info][gc,metaspace] GC(322) Metaspace: 91K(320K)->91K(320K) NonClass: 83K(192K)->83K(192K) Class: 8K(128K)->8K(128K)
[2025-12-16T20:44:44.311+0800][1.132s][info][gc          ] GC(322) Pause Young (Allocation Failure) 11M->1M(38M) 0.023ms
[2025-12-16T20:44:44.311+0800][1.132s][info][gc,cpu      ] GC(322) User=0.00s Sys=0.00s Real=0.00s
[2025-12-16T20:44:44.314+0800][1.135s][info][gc,start    ] GC(323) Pause Young (Allocation Failure)
[2025-12-16T20:44:44.314+0800][1.135s][info][gc,heap     ] GC(323) DefNew: 11010K(12352K)->3K(12352K) Eden: 11008K(11008K)->0K(11008K) From: 2K(1344K)->3K(1344K)
[2025-12-16T20:44:44.314+0800][1.135s][info][gc,heap     ] GC(323) Tenured: 1245K(27328K)->1245K(27328K)
[2025-12-16T20:44:44.314+0800][1.135s][info][gc,metaspace] GC(323) Metaspace: 91K(320K)->91K(320K) NonClass: 83K(192K)->83K(192K) Class: 8K(128K)->8K(128K)
[2025-12-16T20:44:44.314+0800][1.135s][info][gc          ] GC(323) Pause Young (Allocation Failure) 11M->1M(38M) 0.023ms
[2025-12-16T20:44:44.314+0800][1.135s][info][gc,cpu      ] GC(323) User=0.00s Sys=0.00s Real=0.00s
[2025-12-16T20:44:44.317+0800][1.139s][info][gc,start    ] GC(324) Pause Young (Allocation Failure)
[2025-12-16T20:44:44.317+0800][1.139s][info][gc,heap     ] GC(324) DefNew: 11011K(12352K)->1K(12352K) Eden: 11008K(11008K)->0K(11008K) From: 3K(1344K)->1K(1344K)
[2025-12-16T20:44:44.317+0800][1.139s][info][gc,heap     ] GC(324) Tenured: 1245K(27328K)->1245K(27328K)
[2025-12-16T20:44:44.317+0800][1.139s][info][gc,metaspace] GC(324) Metaspace: 91K(320K)->91K(320K) NonClass: 83K(192K)->83K(192K) Class: 8K(128K)->8K(128K)
[2025-12-16T20:44:44.317+0800][1.139s][info][gc          ] GC(324) Pause Young (Allocation Failure) 11M->1M(38M) 0.023ms
[2025-12-16T20:44:44.317+0800][1.139s][info][gc,cpu      ] GC(324) User=0.00s Sys=0.00s Real=0.00s
[2025-12-16T20:44:44.321+0800][1.142s][info][gc,start    ] GC(325) Pause Young (Allocation Failure)
[2025-12-16T20:44:44.321+0800][1.142s][info][gc,heap     ] GC(325) DefNew: 11009K(12352K)->2K(12352K) Eden: 11008K(11008K)->0K(11008K) From: 1K(1344K)->2K(1344K)
[2025-12-16T20:44:44.321+0800][1.142s][info][gc,heap     ] GC(325) Tenured: 1245K(27328K)->1245K(27328K)
[2025-12-16T20:44:44.321+0800][1.142s][info][gc,metaspace] GC(325) Metaspace: 91K(320K)->91K(320K) NonClass: 83K(192K)->83K(192K) Class: 8K(128K)->8K(128K)
[2025-12-16T20:44:44.321+0800][1.142s][info][gc          ] GC(325) Pause Young (Allocation Failure) 11M->1M(38M) 0.022ms
[2025-12-16T20:44:44.321+0800][1.142s][info][gc,cpu      ] GC(325) User=0.00s Sys=0.00s Real=0.00s
[2025-12-16T20:44:44.324+0800][1.145s][info][gc,start    ] GC(326) Pause Young (Allocation Failure)
[2025-12-16T20:44:44.324+0800][1.145s][info][gc,heap     ] GC(326) DefNew: 11010K(12352K)->2K(12352K) Eden: 11008K(11008K)->0K(11008K) From: 2K(1344K)->2K(1344K)
[2025-12-16T20:44:44.324+0800][1.145s][info][gc,heap     ] GC(326) Tenured: 1245K(27328K)->1245K(27328K)
[2025-12-16T20:44:44.324+0800][1.145s][info][gc,metaspace] GC(326) Metaspace: 91K(320K)->91K(320K) NonClass: 83K(192K)->83K(192K) Class: 8K(128K)->8K(128K)
[2025-12-16T20:44:44.324+0800][1.145s][info][gc          ] GC(326) Pause Young (Allocation Failure) 11M->1M(38M) 0.023ms
[2025-12-16T20:44:44.324+0800][1.145s][info][gc,cpu      ] GC(326) User=0.00s Sys=0.00s Real=0.00s
[2025-12-16T20:44:44.327+0800][1.149s][info][gc,start    ] GC(327) Pause Young (Allocation Failure)
[2025-12-16T20:44:44.327+0800][1.149s][info][gc,heap     ] GC(327) DefNew: 11010K(12352K)->1K(12352K) Eden: 11008K(11008K)->0K(11008K) From: 2K(1344K)->1K(1344K)
[2025-12-16T20:44:44.327+0800][1.149s][info][gc,heap     ] GC(327) Tenured: 1245K(27328K)->1245K(27328K)
[2025-12-16T20:44:44.327+0800][1.149s][info][gc,metaspace] GC(327) Metaspace: 91K(320K)->91K(320K) NonClass: 83K(192K)->83K(192K) Class: 8K(128K)->8K(128K)
[2025-12-16T20:44:44.327+0800][1.149s][info][gc          ] GC(327) Pause Young (Allocation Failure) 11M->1M(38M) 0.022ms
[2025-12-16T20:44:44.327+0800][1.149s][info][gc,cpu      ] GC(327) User=0.00s Sys=0.00s Real=0.00s
[2025-12-16T20:44:44.331+0800][1.152s][info][gc,start    ] GC(328) Pause Young (Allocation Failure)
[2025-12-16T20:44:44.331+0800][1.152s][info][gc,heap     ] GC(328) DefNew: 11009K(12352K)->2K(12352K) Eden: 11008K(11008K)->0K(11008K) From: 1K(1344K)->2K(1344K)
[2025-12-16T20:44:44.331+0800][1.152s][info][gc,heap     ] GC(328) Tenured: 1245K(27328K)->1245K(27328K)
[2025-12-16T20:44:44.331+0800][1.152s][info][gc,metaspace] GC(328) Metaspace: 91K(320K)->91K(320K) NonClass: 83K(192K)->83K(192K) Class: 8K(128K)->8K(128K)
[2025-12-16T20:44:44.331+0800][1.152s][info][gc          ] GC(328) Pause Young (Allocation Failure) 11M->1M(38M) 0.027ms
[2025-12-16T20:44:44.331+0800][1.152s][info][gc,cpu      ] GC(328) User=0.00s Sys=0.00s Real=0.00s
[2025-12-16T20:44:44.334+0800][1.156s][info][gc,start    ] GC(329) Pause Young (Allocation Failure)
[2025-12-16T20:44:44.334+0800][1.156s][info][gc,heap     ] GC(329) DefNew: 11010K(12352K)->2K(12352K) Eden: 11008K(11008K)->0K(11008K) From: 2K(1344K)->2K(1344K)
[2025-12-16T20:44:44.334+0800][1.156s][info][gc,heap     ] GC(329) Tenured: 1245K(27328K)->1245K(27328K)
[2025-12-16T20:44:44.334+0800][1.156s][info][gc,metaspace] GC(329) Metaspace: 91K(320K)->91K(320K) NonClass: 83K(192K)->83K(192K) Class: 8K(128K)->8K(128K)
[2025-12-16T20:44:44.334+0800][1.156s][info][gc          ] GC(329) Pause Young (Allocation Failure) 11M->1M(38M) 0.023ms
[2025-12-16T20:44:44.334+0800][1.156s][info][gc,cpu      ] GC(329) User=0.00s Sys=0.00s Real=0.00s
[2025-12-16T20:44:44.337+0800][1.159s][info][gc,start    ] GC(330) Pause Young (Allocation Failure)
[2025-12-16T20:44:44.337+0800][1.159s][info][gc,heap     ] GC(330) DefNew: 11010K(12352K)->2K(12352K) Eden: 11008K(11008K)->0K(11008K) From: 2K(1344K)->2K(1344K)
[2025-12-16T20:44:44.338+0800][1.159s][info][gc,heap     ] GC(330) Tenured: 1245K(27328K)->1245K(27328K)
[2025-12-16T20:44:44.338+0800][1.159s][info][gc,metaspace] GC(330) Metaspace: 91K(320K)->91K(320K) NonClass: 83K(192K)->83K(192K) Class: 8K(128K)->8K(128K)
[2025-12-16T20:44:44.338+0800][1.159s][info][gc          ] GC(330) Pause Young (Allocation Failure) 11M->1M(38M) 0.023ms
[2025-12-16T20:44:44.338+0800][1.159s][info][gc,cpu      ] GC(330) User=0.00s Sys=0.00s Real=0.00s
[2025-12-16T20:44:44.341+0800][1.162s][info][gc,start    ] GC(331) Pause Young (Allocation Failure)
[2025-12-16T20:44:44.341+0800][1.162s][info][gc,heap     ] GC(331) DefNew: 11010K(12352K)->2K(12352K) Eden: 11008K(11008K)->0K(11008K) From: 2K(1344K)->2K(1344K)
[2025-12-16T20:44:44.341+0800][1.162s][info][gc,heap     ] GC(331) Tenured: 1245K(27328K)->1245K(27328K)
[2025-12-16T20:44:44.341+0800][1.162s][info][gc,metaspace] GC(331) Metaspace: 91K(320K)->91K(320K) NonClass: 83K(192K)->83K(192K) Class: 8K(128K)->8K(128K)
[2025-12-16T20:44:44.341+0800][1.162s][info][gc          ] GC(331) Pause Young (Allocation Failure) 11M->1M(38M) 0.023ms
[2025-12-16T20:44:44.341+0800][1.162s][info][gc,cpu      ] GC(331) User=0.00s Sys=0.00s Real=0.00s
[2025-12-16T20:44:44.344+0800][1.166s][info][gc,start    ] GC(332) Pause Young (Allocation Failure)
[2025-12-16T20:44:44.344+0800][1.166s][info][gc,heap     ] GC(332) DefNew: 11010K(12352K)->2K(12352K) Eden: 11008K(11008K)->0K(11008K) From: 2K(1344K)->2K(1344K)
[2025-12-16T20:44:44.344+0800][1.166s][info][gc,heap     ] GC(332) Tenured: 1245K(27328K)->1245K(27328K)
[2025-12-16T20:44:44.344+0800][1.166s][info][gc,metaspace] GC(332) Metaspace: 91K(320K)->91K(320K) NonClass: 83K(192K)->83K(192K) Class: 8K(128K)->8K(128K)
[2025-12-16T20:44:44.344+0800][1.166s][info][gc          ] GC(332) Pause Young (Allocation Failure) 11M->1M(38M) 0.023ms
[2025-12-16T20:44:44.344+0800][1.166s][info][gc,cpu      ] GC(332) User=0.00s Sys=0.00s Real=0.00s
[2025-12-16T20:44:44.348+0800][1.169s][info][gc,start    ] GC(333) Pause Young (Allocation Failure)
[2025-12-16T20:44:44.348+0800][1.169s][info][gc,heap     ] GC(333) DefNew: 11010K(12352K)->3K(12352K) Eden: 11008K(11008K)->0K(11008K) From: 2K(1344K)->3K(1344K)
[2025-12-16T20:44:44.348+0800][1.169s][info][gc,heap     ] GC(333) Tenured: 1245K(27328K)->1245K(27328K)
[2025-12-16T20:44:44.348+0800][1.169s][info][gc,metaspace] GC(333) Metaspace: 91K(320K)->91K(320K) NonClass: 83K(192K)->83K(192K) Class: 8K(128K)->8K(128K)
[2025-12-16T20:44:44.348+0800][1.169s][info][gc          ] GC(333) Pause Young (Allocation Failure) 11M->1M(38M) 0.023ms
[2025-12-16T20:44:44.348+0800][1.169s][info][gc,cpu      ] GC(333) User=0.00s Sys=0.00s Real=0.00s
[2025-12-16T20:44:44.351+0800][1.172s][info][gc,start    ] GC(334) Pause Young (Allocation Failure)
[2025-12-16T20:44:44.351+0800][1.172s][info][gc,heap     ] GC(334) DefNew: 11011K(12352K)->1K(12352K) Eden: 11008K(11008K)->0K(11008K) From: 3K(1344K)->1K(1344K)
[2025-12-16T20:44:44.351+0800][1.172s][info][gc,heap     ] GC(334) Tenured: 1245K(27328K)->1245K(27328K)
[2025-12-16T20:44:44.351+0800][1.172s][info][gc,metaspace] GC(334) Metaspace: 91K(320K)->91K(320K) NonClass: 83K(192K)->83K(192K) Class: 8K(128K)->8K(128K)
[2025-12-16T20:44:44.351+0800][1.172s][info][gc          ] GC(334) Pause Young (Allocation Failure) 11M->1M(38M) 0.023ms
[2025-12-16T20:44:44.351+0800][1.172s][info][gc,cpu      ] GC(334) User=0.00s Sys=0.00s Real=0.00s
[2025-12-16T20:44:44.354+0800][1.176s][info][gc,start    ] GC(335) Pause Young (Allocation Failure)
[2025-12-16T20:44:44.354+0800][1.176s][info][gc,heap     ] GC(335) DefNew: 11009K(12352K)->2K(12352K) Eden: 11008K(11008K)->0K(11008K) From: 1K(1344K)->2K(1344K)
[2025-12-16T20:44:44.354+0800][1.176s][info][gc,heap     ] GC(335) Tenured: 1245K(27328K)->1245K(27328K)
[2025-12-16T20:44:44.354+0800][1.176s][info][gc,metaspace] GC(335) Metaspace: 91K(320K)->91K(320K) NonClass: 83K(192K)->83K(192K) Class: 8K(128K)->8K(128K)
[2025-12-16T20:44:44.354+0800][1.176s][info][gc          ] GC(335) Pause Young (Allocation Failure) 11M->1M(38M) 0.023ms
[2025-12-16T20:44:44.354+0800][1.176s][info][gc,cpu      ] GC(335) User=0.00s Sys=0.00s Real=0.00s
[2025-12-16T20:44:44.358+0800][1.179s][info][gc,start    ] GC(336) Pause Young (Allocation Failure)
[2025-12-16T20:44:44.358+0800][1.179s][info][gc,heap     ] GC(336) DefNew: 11010K(12352K)->2K(12352K) Eden: 11008K(11008K)->0K(11008K) From: 2K(1344K)->2K(1344K)
[2025-12-16T20:44:44.358+0800][1.179s][info][gc,heap     ] GC(336) Tenured: 1245K(27328K)->1245K(27328K)
[2025-12-16T20:44:44.358+0800][1.179s][info][gc,metaspace] GC(336) Metaspace: 91K(320K)->91K(320K) NonClass: 83K(192K)->83K(192K) Class: 8K(128K)->8K(128K)
[2025-12-16T20:44:44.358+0800][1.179s][info][gc          ] GC(336) Pause Young (Allocation Failure) 11M->1M(38M) 0.023ms
[2025-12-16T20:44:44.358+0800][1.179s][info][gc,cpu      ] GC(336) User=0.00s Sys=0.00s Real=0.00s
[2025-12-16T20:44:44.361+0800][1.182s][info][gc,start    ] GC(337) Pause Young (Allocation Failure)
[2025-12-16T20:44:44.361+0800][1.182s][info][gc,heap     ] GC(337) DefNew: 11010K(12352K)->1K(12352K) Eden: 11008K(11008K)->0K(11008K) From: 2K(1344K)->1K(1344K)
[2025-12-16T20:44:44.361+0800][1.182s][info][gc,heap     ] GC(337) Tenured: 1245K(27328K)->1245K(27328K)
[2025-12-16T20:44:44.361+0800][1.182s][info][gc,metaspace] GC(337) Metaspace: 91K(320K)->91K(320K) NonClass: 83K(192K)->83K(192K) Class: 8K(128K)->8K(128K)
[2025-12-16T20:44:44.361+0800][1.182s][info][gc          ] GC(337) Pause Young (Allocation Failure) 11M->1M(38M) 0.023ms
[2025-12-16T20:44:44.361+0800][1.182s][info][gc,cpu      ] GC(337) User=0.00s Sys=0.00s Real=0.00s
[2025-12-16T20:44:44.364+0800][1.186s][info][gc,start    ] GC(338) Pause Young (Allocation Failure)
[2025-12-16T20:44:44.364+0800][1.186s][info][gc,heap     ] GC(338) DefNew: 11009K(12352K)->2K(12352K) Eden: 11008K(11008K)->0K(11008K) From: 1K(1344K)->2K(1344K)
[2025-12-16T20:44:44.364+0800][1.186s][info][gc,heap     ] GC(338) Tenured: 1245K(27328K)->1245K(27328K)
[2025-12-16T20:44:44.364+0800][1.186s][info][gc,metaspace] GC(338) Metaspace: 91K(320K)->91K(320K) NonClass: 83K(192K)->83K(192K) Class: 8K(128K)->8K(128K)
[2025-12-16T20:44:44.364+0800][1.186s][info][gc          ] GC(338) Pause Young (Allocation Failure) 11M->1M(38M) 0.023ms
[2025-12-16T20:44:44.364+0800][1.186s][info][gc,cpu      ] GC(338) User=0.00s Sys=0.00s Real=0.00s
[2025-12-16T20:44:44.368+0800][1.189s][info][gc,start    ] GC(339) Pause Young (Allocation Failure)
[2025-12-16T20:44:44.368+0800][1.189s][info][gc,heap     ] GC(339) DefNew: 11010K(12352K)->2K(12352K) Eden: 11008K(11008K)->0K(11008K) From: 2K(1344K)->2K(1344K)
[2025-12-16T20:44:44.368+0800][1.189s][info][gc,heap     ] GC(339) Tenured: 1245K(27328K)->1245K(27328K)
[2025-12-16T20:44:44.368+0800][1.189s][info][gc,metaspace] GC(339) Metaspace: 91K(320K)->91K(320K) NonClass: 83K(192K)->83K(192K) Class: 8K(128K)->8K(128K)
[2025-12-16T20:44:44.368+0800][1.189s][info][gc          ] GC(339) Pause Young (Allocation Failure) 11M->1M(38M) 0.023ms
[2025-12-16T20:44:44.368+0800][1.189s][info][gc,cpu      ] GC(339) User=0.00s Sys=0.00s Real=0.00s
[2025-12-16T20:44:44.371+0800][1.193s][info][gc,start    ] GC(340) Pause Young (Allocation Failure)
[2025-12-16T20:44:44.371+0800][1.193s][info][gc,heap     ] GC(340) DefNew: 11010K(12352K)->2K(12352K) Eden: 11008K(11008K)->0K(11008K) From: 2K(1344K)->2K(1344K)
[2025-12-16T20:44:44.371+0800][1.193s][info][gc,heap     ] GC(340) Tenured: 1245K(27328K)->1245K(27328K)
[2025-12-16T20:44:44.371+0800][1.193s][info][gc,metaspace] GC(340) Metaspace: 91K(320K)->91K(320K) NonClass: 83K(192K)->83K(192K) Class: 8K(128K)->8K(128K)
[2025-12-16T20:44:44.371+0800][1.193s][info][gc          ] GC(340) Pause Young (Allocation Failure) 11M->1M(38M) 0.023ms
[2025-12-16T20:44:44.371+0800][1.193s][info][gc,cpu      ] GC(340) User=0.00s Sys=0.00s Real=0.00s
[2025-12-16T20:44:44.374+0800][1.196s][info][gc,start    ] GC(341) Pause Young (Allocation Failure)
[2025-12-16T20:44:44.375+0800][1.196s][info][gc,heap     ] GC(341) DefNew: 11010K(12352K)->2K(12352K) Eden: 11008K(11008K)->0K(11008K) From: 2K(1344K)->2K(1344K)
[2025-12-16T20:44:44.375+0800][1.196s][info][gc,heap     ] GC(341) Tenured: 1245K(27328K)->1245K(27328K)
[2025-12-16T20:44:44.375+0800][1.196s][info][gc,metaspace] GC(341) Metaspace: 91K(320K)->91K(320K) NonClass: 83K(192K)->83K(192K) Class: 8K(128K)->8K(128K)
[2025-12-16T20:44:44.375+0800][1.196s][info][gc          ] GC(341) Pause Young (Allocation Failure) 11M->1M(38M) 0.024ms
[2025-12-16T20:44:44.375+0800][1.196s][info][gc,cpu      ] GC(341) User=0.00s Sys=0.00s Real=0.00s
[2025-12-16T20:44:44.378+0800][1.199s][info][gc,start    ] GC(342) Pause Young (Allocation Failure)
[2025-12-16T20:44:44.378+0800][1.199s][info][gc,heap     ] GC(342) DefNew: 11010K(12352K)->2K(12352K) Eden: 11008K(11008K)->0K(11008K) From: 2K(1344K)->2K(1344K)
[2025-12-16T20:44:44.378+0800][1.199s][info][gc,heap     ] GC(342) Tenured: 1245K(27328K)->1245K(27328K)
[2025-12-16T20:44:44.378+0800][1.199s][info][gc,metaspace] GC(342) Metaspace: 91K(320K)->91K(320K) NonClass: 83K(192K)->83K(192K) Class: 8K(128K)->8K(128K)
[2025-12-16T20:44:44.378+0800][1.199s][info][gc          ] GC(342) Pause Young (Allocation Failure) 11M->1M(38M) 0.024ms
[2025-12-16T20:44:44.378+0800][1.199s][info][gc,cpu      ] GC(342) User=0.00s Sys=0.00s Real=0.00s
[2025-12-16T20:44:44.381+0800][1.203s][info][gc,start    ] GC(343) Pause Young (Allocation Failure)
[2025-12-16T20:44:44.381+0800][1.203s][info][gc,heap     ] GC(343) DefNew: 11010K(12352K)->3K(12352K) Eden: 11008K(11008K)->0K(11008K) From: 2K(1344K)->3K(1344K)
[2025-12-16T20:44:44.381+0800][1.203s][info][gc,heap     ] GC(343) Tenured: 1245K(27328K)->1245K(27328K)
[2025-12-16T20:44:44.381+0800][1.203s][info][gc,metaspace] GC(343) Metaspace: 91K(320K)->91K(320K) NonClass: 83K(192K)->83K(192K) Class: 8K(128K)->8K(128K)
[2025-12-16T20:44:44.381+0800][1.203s][info][gc          ] GC(343) Pause Young (Allocation Failure) 11M->1M(38M) 0.023ms
[2025-12-16T20:44:44.381+0800][1.203s][info][gc,cpu      ] GC(343) User=0.00s Sys=0.00s Real=0.00s
[2025-12-16T20:44:44.385+0800][1.206s][info][gc,start    ] GC(344) Pause Young (Allocation Failure)
[2025-12-16T20:44:44.385+0800][1.206s][info][gc,heap     ] GC(344) DefNew: 11011K(12352K)->1K(12352K) Eden: 11008K(11008K)->0K(11008K) From: 3K(1344K)->1K(1344K)
[2025-12-16T20:44:44.385+0800][1.206s][info][gc,heap     ] GC(344) Tenured: 1245K(27328K)->1245K(27328K)
[2025-12-16T20:44:44.385+0800][1.206s][info][gc,metaspace] GC(344) Metaspace: 91K(320K)->91K(320K) NonClass: 83K(192K)->83K(192K) Class: 8K(128K)->8K(128K)
[2025-12-16T20:44:44.385+0800][1.206s][info][gc          ] GC(344) Pause Young (Allocation Failure) 11M->1M(38M) 0.023ms
[2025-12-16T20:44:44.385+0800][1.206s][info][gc,cpu      ] GC(344) User=0.00s Sys=0.00s Real=0.00s
[2025-12-16T20:44:44.388+0800][1.209s][info][gc,start    ] GC(345) Pause Young (Allocation Failure)
[2025-12-16T20:44:44.388+0800][1.209s][info][gc,heap     ] GC(345) DefNew: 11009K(12352K)->2K(12352K) Eden: 11008K(11008K)->0K(11008K) From: 1K(1344K)->2K(1344K)
[2025-12-16T20:44:44.388+0800][1.209s][info][gc,heap     ] GC(345) Tenured: 1245K(27328K)->1245K(27328K)
[2025-12-16T20:44:44.388+0800][1.209s][info][gc,metaspace] GC(345) Metaspace: 91K(320K)->91K(320K) NonClass: 83K(192K)->83K(192K) Class: 8K(128K)->8K(128K)
[2025-12-16T20:44:44.388+0800][1.209s][info][gc          ] GC(345) Pause Young (Allocation Failure) 11M->1M(38M) 0.024ms
[2025-12-16T20:44:44.388+0800][1.209s][info][gc,cpu      ] GC(345) User=0.00s Sys=0.00s Real=0.00s
[2025-12-16T20:44:44.391+0800][1.213s][info][gc,start    ] GC(346) Pause Young (Allocation Failure)
[2025-12-16T20:44:44.391+0800][1.213s][info][gc,heap     ] GC(346) DefNew: 11010K(12352K)->2K(12352K) Eden: 11008K(11008K)->0K(11008K) From: 2K(1344K)->2K(1344K)
[2025-12-16T20:44:44.391+0800][1.213s][info][gc,heap     ] GC(346) Tenured: 1245K(27328K)->1245K(27328K)
[2025-12-16T20:44:44.391+0800][1.213s][info][gc,metaspace] GC(346) Metaspace: 91K(320K)->91K(320K) NonClass: 83K(192K)->83K(192K) Class: 8K(128K)->8K(128K)
[2025-12-16T20:44:44.391+0800][1.213s][info][gc          ] GC(346) Pause Young (Allocation Failure) 11M->1M(38M) 0.023ms
[2025-12-16T20:44:44.391+0800][1.213s][info][gc,cpu      ] GC(346) User=0.00s Sys=0.00s Real=0.00s
[2025-12-16T20:44:44.395+0800][1.216s][info][gc,start    ] GC(347) Pause Young (Allocation Failure)
[2025-12-16T20:44:44.395+0800][1.216s][info][gc,heap     ] GC(347) DefNew: 11010K(12352K)->1K(12352K) Eden: 11008K(11008K)->0K(11008K) From: 2K(1344K)->1K(1344K)
[2025-12-16T20:44:44.395+0800][1.216s][info][gc,heap     ] GC(347) Tenured: 1245K(27328K)->1245K(27328K)
[2025-12-16T20:44:44.395+0800][1.216s][info][gc,metaspace] GC(347) Metaspace: 91K(320K)->91K(320K) NonClass: 83K(192K)->83K(192K) Class: 8K(128K)->8K(128K)
[2025-12-16T20:44:44.395+0800][1.216s][info][gc          ] GC(347) Pause Young (Allocation Failure) 11M->1M(38M) 0.027ms
[2025-12-16T20:44:44.395+0800][1.216s][info][gc,cpu      ] GC(347) User=0.00s Sys=0.00s Real=0.00s
[2025-12-16T20:44:44.398+0800][1.219s][info][gc,start    ] GC(348) Pause Young (Allocation Failure)
[2025-12-16T20:44:44.398+0800][1.219s][info][gc,heap     ] GC(348) DefNew: 11009K(12352K)->2K(12352K) Eden: 11008K(11008K)->0K(11008K) From: 1K(1344K)->2K(1344K)
[2025-12-16T20:44:44.398+0800][1.219s][info][gc,heap     ] GC(348) Tenured: 1245K(27328K)->1245K(27328K)
[2025-12-16T20:44:44.398+0800][1.219s][info][gc,metaspace] GC(348) Metaspace: 91K(320K)->91K(320K) NonClass: 83K(192K)->83K(192K) Class: 8K(128K)->8K(128K)
[2025-12-16T20:44:44.398+0800][1.219s][info][gc          ] GC(348) Pause Young (Allocation Failure) 11M->1M(38M) 0.024ms
[2025-12-16T20:44:44.398+0800][1.219s][info][gc,cpu      ] GC(348) User=0.00s Sys=0.00s Real=0.00s
[2025-12-16T20:44:44.401+0800][1.223s][info][gc,start    ] GC(349) Pause Young (Allocation Failure)
[2025-12-16T20:44:44.401+0800][1.223s][info][gc,heap     ] GC(349) DefNew: 11010K(12352K)->2K(12352K) Eden: 11008K(11008K)->0K(11008K) From: 2K(1344K)->2K(1344K)
[2025-12-16T20:44:44.401+0800][1.223s][info][gc,heap     ] GC(349) Tenured: 1245K(27328K)->1245K(27328K)
[2025-12-16T20:44:44.401+0800][1.223s][info][gc,metaspace] GC(349) Metaspace: 91K(320K)->91K(320K) NonClass: 83K(192K)->83K(192K) Class: 8K(128K)->8K(128K)
[2025-12-16T20:44:44.401+0800][1.223s][info][gc          ] GC(349) Pause Young (Allocation Failure) 11M->1M(38M) 0.024ms
[2025-12-16T20:44:44.401+0800][1.223s][info][gc,cpu      ] GC(349) User=0.00s Sys=0.00s Real=0.00s
[2025-12-16T20:44:44.405+0800][1.226s][info][gc,start    ] GC(350) Pause Young (Allocation Failure)
[2025-12-16T20:44:44.405+0800][1.226s][info][gc,heap     ] GC(350) DefNew: 11010K(12352K)->2K(12352K) Eden: 11008K(11008K)->0K(11008K) From: 2K(1344K)->2K(1344K)
[2025-12-16T20:44:44.405+0800][1.226s][info][gc,heap     ] GC(350) Tenured: 1245K(27328K)->1245K(27328K)
[2025-12-16T20:44:44.405+0800][1.226s][info][gc,metaspace] GC(350) Metaspace: 91K(320K)->91K(320K) NonClass: 83K(192K)->83K(192K) Class: 8K(128K)->8K(128K)
[2025-12-16T20:44:44.405+0800][1.226s][info][gc          ] GC(350) Pause Young (Allocation Failure) 11M->1M(38M) 0.023ms
[2025-12-16T20:44:44.405+0800][1.226s][info][gc,cpu      ] GC(350) User=0.00s Sys=0.00s Real=0.00s
[2025-12-16T20:44:44.408+0800][1.230s][info][gc,start    ] GC(351) Pause Young (Allocation Failure)
[2025-12-16T20:44:44.408+0800][1.230s][info][gc,heap     ] GC(351) DefNew: 11010K(12352K)->2K(12352K) Eden: 11008K(11008K)->0K(11008K) From: 2K(1344K)->2K(1344K)
[2025-12-16T20:44:44.408+0800][1.230s][info][gc,heap     ] GC(351) Tenured: 1245K(27328K)->1245K(27328K)
[2025-12-16T20:44:44.408+0800][1.230s][info][gc,metaspace] GC(351) Metaspace: 91K(320K)->91K(320K) NonClass: 83K(192K)->83K(192K) Class: 8K(128K)->8K(128K)
[2025-12-16T20:44:44.408+0800][1.230s][info][gc          ] GC(351) Pause Young (Allocation Failure) 11M->1M(38M) 0.024ms
[2025-12-16T20:44:44.408+0800][1.230s][info][gc,cpu      ] GC(351) User=0.00s Sys=0.00s Real=0.00s
[2025-12-16T20:44:44.412+0800][1.233s][info][gc,start    ] GC(352) Pause Young (Allocation Failure)
[2025-12-16T20:44:44.412+0800][1.233s][info][gc,heap     ] GC(352) DefNew: 11010K(12352K)->2K(12352K) Eden: 11008K(11008K)->0K(11008K) From: 2K(1344K)->2K(1344K)
[2025-12-16T20:44:44.412+0800][1.233s][info][gc,heap     ] GC(352) Tenured: 1245K(27328K)->1245K(27328K)
[2025-12-16T20:44:44.412+0800][1.233s][info][gc,metaspace] GC(352) Metaspace: 91K(320K)->91K(320K) NonClass: 83K(192K)->83K(192K) Class: 8K(128K)->8K(128K)
[2025-12-16T20:44:44.412+0800][1.233s][info][gc          ] GC(352) Pause Young (Allocation Failure) 11M->1M(38M) 0.024ms
[2025-12-16T20:44:44.412+0800][1.233s][info][gc,cpu      ] GC(352) User=0.00s Sys=0.00s Real=0.00s
[2025-12-16T20:44:44.415+0800][1.236s][info][gc,start    ] GC(353) Pause Young (Allocation Failure)
[2025-12-16T20:44:44.415+0800][1.236s][info][gc,heap     ] GC(353) DefNew: 11010K(12352K)->3K(12352K) Eden: 11008K(11008K)->0K(11008K) From: 2K(1344K)->3K(1344K)
[2025-12-16T20:44:44.415+0800][1.236s][info][gc,heap     ] GC(353) Tenured: 1245K(27328K)->1245K(27328K)
[2025-12-16T20:44:44.415+0800][1.236s][info][gc,metaspace] GC(353) Metaspace: 91K(320K)->91K(320K) NonClass: 83K(192K)->83K(192K) Class: 8K(128K)->8K(128K)
[2025-12-16T20:44:44.415+0800][1.236s][info][gc          ] GC(353) Pause Young (Allocation Failure) 11M->1M(38M) 0.024ms
[2025-12-16T20:44:44.415+0800][1.236s][info][gc,cpu      ] GC(353) User=0.00s Sys=0.00s Real=0.00s
[2025-12-16T20:44:44.418+0800][1.240s][info][gc,start    ] GC(354) Pause Young (Allocation Failure)
[2025-12-16T20:44:44.418+0800][1.240s][info][gc,heap     ] GC(354) DefNew: 11011K(12352K)->1K(12352K) Eden: 11008K(11008K)->0K(11008K) From: 3K(1344K)->1K(1344K)
[2025-12-16T20:44:44.418+0800][1.240s][info][gc,heap     ] GC(354) Tenured: 1245K(27328K)->1245K(27328K)
[2025-12-16T20:44:44.418+0800][1.240s][info][gc,metaspace] GC(354) Metaspace: 91K(320K)->91K(320K) NonClass: 83K(192K)->83K(192K) Class: 8K(128K)->8K(128K)
[2025-12-16T20:44:44.418+0800][1.240s][info][gc          ] GC(354) Pause Young (Allocation Failure) 11M->1M(38M) 0.025ms
[2025-12-16T20:44:44.418+0800][1.240s][info][gc,cpu      ] GC(354) User=0.00s Sys=0.00s Real=0.00s
[2025-12-16T20:44:44.422+0800][1.243s][info][gc,start    ] GC(355) Pause Young (Allocation Failure)
[2025-12-16T20:44:44.422+0800][1.243s][info][gc,heap     ] GC(355) DefNew: 11009K(12352K)->2K(12352K) Eden: 11008K(11008K)->0K(11008K) From: 1K(1344K)->2K(1344K)
[2025-12-16T20:44:44.422+0800][1.243s][info][gc,heap     ] GC(355) Tenured: 1245K(27328K)->1245K(27328K)
[2025-12-16T20:44:44.422+0800][1.243s][info][gc,metaspace] GC(355) Metaspace: 91K(320K)->91K(320K) NonClass: 83K(192K)->83K(192K) Class: 8K(128K)->8K(128K)
[2025-12-16T20:44:44.422+0800][1.243s][info][gc          ] GC(355) Pause Young (Allocation Failure) 11M->1M(38M) 0.025ms
[2025-12-16T20:44:44.422+0800][1.243s][info][gc,cpu      ] GC(355) User=0.00s Sys=0.00s Real=0.00s
[2025-12-16T20:44:44.425+0800][1.246s][info][gc,start    ] GC(356) Pause Young (Allocation Failure)
[2025-12-16T20:44:44.425+0800][1.246s][info][gc,heap     ] GC(356) DefNew: 11010K(12352K)->2K(12352K) Eden: 11008K(11008K)->0K(11008K) From: 2K(1344K)->2K(1344K)
[2025-12-16T20:44:44.425+0800][1.246s][info][gc,heap     ] GC(356) Tenured: 1245K(27328K)->1245K(27328K)
[2025-12-16T20:44:44.425+0800][1.246s][info][gc,metaspace] GC(356) Metaspace: 91K(320K)->91K(320K) NonClass: 83K(192K)->83K(192K) Class: 8K(128K)->8K(128K)
[2025-12-16T20:44:44.425+0800][1.246s][info][gc          ] GC(356) Pause Young (Allocation Failure) 11M->1M(38M) 0.024ms
[2025-12-16T20:44:44.425+0800][1.246s][info][gc,cpu      ] GC(356) User=0.00s Sys=0.00s Real=0.00s
[2025-12-16T20:44:44.428+0800][1.250s][info][gc,start    ] GC(357) Pause Young (Allocation Failure)
[2025-12-16T20:44:44.428+0800][1.250s][info][gc,heap     ] GC(357) DefNew: 11010K(12352K)->1K(12352K) Eden: 11008K(11008K)->0K(11008K) From: 2K(1344K)->1K(1344K)
[2025-12-16T20:44:44.428+0800][1.250s][info][gc,heap     ] GC(357) Tenured: 1245K(27328K)->1245K(27328K)
[2025-12-16T20:44:44.428+0800][1.250s][info][gc,metaspace] GC(357) Metaspace: 91K(320K)->91K(320K) NonClass: 83K(192K)->83K(192K) Class: 8K(128K)->8K(128K)
[2025-12-16T20:44:44.428+0800][1.250s][info][gc          ] GC(357) Pause Young (Allocation Failure) 11M->1M(38M) 0.023ms
[2025-12-16T20:44:44.428+0800][1.250s][info][gc,cpu      ] GC(357) User=0.00s Sys=0.00s Real=0.00s
[2025-12-16T20:44:44.432+0800][1.253s][info][gc,start    ] GC(358) Pause Young (Allocation Failure)
[2025-12-16T20:44:44.432+0800][1.253s][info][gc,heap     ] GC(358) DefNew: 11009K(12352K)->2K(12352K) Eden: 11008K(11008K)->0K(11008K) From: 1K(1344K)->2K(1344K)
[2025-12-16T20:44:44.432+0800][1.253s][info][gc,heap     ] GC(358) Tenured: 1245K(27328K)->1245K(27328K)
[2025-12-16T20:44:44.432+0800][1.253s][info][gc,metaspace] GC(358) Metaspace: 91K(320K)->91K(320K) NonClass: 83K(192K)->83K(192K) Class: 8K(128K)->8K(128K)
[2025-12-16T20:44:44.432+0800][1.253s][info][gc          ] GC(358) Pause Young (Allocation Failure) 11M->1M(38M) 0.023ms
[2025-12-16T20:44:44.432+0800][1.253s][info][gc,cpu      ] GC(358) User=0.00s Sys=0.00s Real=0.00s
[2025-12-16T20:44:44.435+0800][1.256s][info][gc,start    ] GC(359) Pause Young (Allocation Failure)
[2025-12-16T20:44:44.435+0800][1.257s][info][gc,heap     ] GC(359) DefNew: 11010K(12352K)->2K(12352K) Eden: 11008K(11008K)->0K(11008K) From: 2K(1344K)->2K(1344K)
[2025-12-16T20:44:44.435+0800][1.257s][info][gc,heap     ] GC(359) Tenured: 1245K(27328K)->1245K(27328K)
[2025-12-16T20:44:44.435+0800][1.257s][info][gc,metaspace] GC(359) Metaspace: 91K(320K)->91K(320K) NonClass: 83K(192K)->83K(192K) Class: 8K(128K)->8K(128K)
[2025-12-16T20:44:44.435+0800][1.257s][info][gc          ] GC(359) Pause Young (Allocation Failure) 11M->1M(38M) 0.033ms
[2025-12-16T20:44:44.435+0800][1.257s][info][gc,cpu      ] GC(359) User=0.00s Sys=0.00s Real=0.00s
[2025-12-16T20:44:44.438+0800][1.260s][info][gc,start    ] GC(360) Pause Young (Allocation Failure)
[2025-12-16T20:44:44.439+0800][1.260s][info][gc,heap     ] GC(360) DefNew: 11010K(12352K)->2K(12352K) Eden: 11008K(11008K)->0K(11008K) From: 2K(1344K)->2K(1344K)
[2025-12-16T20:44:44.439+0800][1.260s][info][gc,heap     ] GC(360) Tenured: 1245K(27328K)->1245K(27328K)
[2025-12-16T20:44:44.439+0800][1.260s][info][gc,metaspace] GC(360) Metaspace: 91K(320K)->91K(320K) NonClass: 83K(192K)->83K(192K) Class: 8K(128K)->8K(128K)
[2025-12-16T20:44:44.439+0800][1.260s][info][gc          ] GC(360) Pause Young (Allocation Failure) 11M->1M(38M) 0.026ms
[2025-12-16T20:44:44.439+0800][1.260s][info][gc,cpu      ] GC(360) User=0.00s Sys=0.00s Real=0.00s
[2025-12-16T20:44:44.442+0800][1.263s][info][gc,start    ] GC(361) Pause Young (Allocation Failure)
[2025-12-16T20:44:44.442+0800][1.263s][info][gc,heap     ] GC(361) DefNew: 11010K(12352K)->2K(12352K) Eden: 11008K(11008K)->0K(11008K) From: 2K(1344K)->2K(1344K)
[2025-12-16T20:44:44.442+0800][1.263s][info][gc,heap     ] GC(361) Tenured: 1245K(27328K)->1245K(27328K)
[2025-12-16T20:44:44.442+0800][1.263s][info][gc,metaspace] GC(361) Metaspace: 91K(320K)->91K(320K) NonClass: 83K(192K)->83K(192K) Class: 8K(128K)->8K(128K)
[2025-12-16T20:44:44.442+0800][1.263s][info][gc          ] GC(361) Pause Young (Allocation Failure) 11M->1M(38M) 0.024ms
[2025-12-16T20:44:44.442+0800][1.263s][info][gc,cpu      ] GC(361) User=0.00s Sys=0.00s Real=0.00s
[2025-12-16T20:44:44.445+0800][1.267s][info][gc,start    ] GC(362) Pause Young (Allocation Failure)
[2025-12-16T20:44:44.445+0800][1.267s][info][gc,heap     ] GC(362) DefNew: 11010K(12352K)->2K(12352K) Eden: 11008K(11008K)->0K(11008K) From: 2K(1344K)->2K(1344K)
[2025-12-16T20:44:44.445+0800][1.267s][info][gc,heap     ] GC(362) Tenured: 1245K(27328K)->1245K(27328K)
[2025-12-16T20:44:44.445+0800][1.267s][info][gc,metaspace] GC(362) Metaspace: 91K(320K)->91K(320K) NonClass: 83K(192K)->83K(192K) Class: 8K(128K)->8K(128K)
[2025-12-16T20:44:44.445+0800][1.267s][info][gc          ] GC(362) Pause Young (Allocation Failure) 11M->1M(38M) 0.025ms
[2025-12-16T20:44:44.445+0800][1.267s][info][gc,cpu      ] GC(362) User=0.00s Sys=0.00s Real=0.00s
[2025-12-16T20:44:44.449+0800][1.270s][info][gc,start    ] GC(363) Pause Young (Allocation Failure)
[2025-12-16T20:44:44.449+0800][1.270s][info][gc,heap     ] GC(363) DefNew: 11010K(12352K)->3K(12352K) Eden: 11008K(11008K)->0K(11008K) From: 2K(1344K)->3K(1344K)
[2025-12-16T20:44:44.449+0800][1.270s][info][gc,heap     ] GC(363) Tenured: 1245K(27328K)->1245K(27328K)
[2025-12-16T20:44:44.449+0800][1.270s][info][gc,metaspace] GC(363) Metaspace: 91K(320K)->91K(320K) NonClass: 83K(192K)->83K(192K) Class: 8K(128K)->8K(128K)
[2025-12-16T20:44:44.449+0800][1.270s][info][gc          ] GC(363) Pause Young (Allocation Failure) 11M->1M(38M) 0.024ms
[2025-12-16T20:44:44.449+0800][1.270s][info][gc,cpu      ] GC(363) User=0.00s Sys=0.00s Real=0.00s
[2025-12-16T20:44:44.452+0800][1.273s][info][gc,start    ] GC(364) Pause Young (Allocation Failure)
[2025-12-16T20:44:44.452+0800][1.273s][info][gc,heap     ] GC(364) DefNew: 11011K(12352K)->1K(12352K) Eden: 11008K(11008K)->0K(11008K) From: 3K(1344K)->1K(1344K)
[2025-12-16T20:44:44.452+0800][1.273s][info][gc,heap     ] GC(364) Tenured: 1245K(27328K)->1245K(27328K)
[2025-12-16T20:44:44.452+0800][1.274s][info][gc,metaspace] GC(364) Metaspace: 91K(320K)->91K(320K) NonClass: 83K(192K)->83K(192K) Class: 8K(128K)->8K(128K)
[2025-12-16T20:44:44.452+0800][1.274s][info][gc          ] GC(364) Pause Young (Allocation Failure) 11M->1M(38M) 0.025ms
[2025-12-16T20:44:44.452+0800][1.274s][info][gc,cpu      ] GC(364) User=0.00s Sys=0.00s Real=0.00s
[2025-12-16T20:44:44.455+0800][1.277s][info][gc,start    ] GC(365) Pause Young (Allocation Failure)
[2025-12-16T20:44:44.455+0800][1.277s][info][gc,heap     ] GC(365) DefNew: 11009K(12352K)->2K(12352K) Eden: 11008K(11008K)->0K(11008K) From: 1K(1344K)->2K(1344K)
[2025-12-16T20:44:44.455+0800][1.277s][info][gc,heap     ] GC(365) Tenured: 1245K(27328K)->1245K(27328K)
[2025-12-16T20:44:44.455+0800][1.277s][info][gc,metaspace] GC(365) Metaspace: 91K(320K)->91K(320K) NonClass: 83K(192K)->83K(192K) Class: 8K(128K)->8K(128K)
[2025-12-16T20:44:44.455+0800][1.277s][info][gc          ] GC(365) Pause Young (Allocation Failure) 11M->1M(38M) 0.024ms
[2025-12-16T20:44:44.455+0800][1.277s][info][gc,cpu      ] GC(365) User=0.00s Sys=0.00s Real=0.00s
[2025-12-16T20:44:44.459+0800][1.280s][info][gc,start    ] GC(366) Pause Young (Allocation Failure)
[2025-12-16T20:44:44.459+0800][1.280s][info][gc,heap     ] GC(366) DefNew: 11010K(12352K)->2K(12352K) Eden: 11008K(11008K)->0K(11008K) From: 2K(1344K)->2K(1344K)
[2025-12-16T20:44:44.459+0800][1.280s][info][gc,heap     ] GC(366) Tenured: 1245K(27328K)->1245K(27328K)
[2025-12-16T20:44:44.459+0800][1.280s][info][gc,metaspace] GC(366) Metaspace: 91K(320K)->91K(320K) NonClass: 83K(192K)->83K(192K) Class: 8K(128K)->8K(128K)
[2025-12-16T20:44:44.459+0800][1.280s][info][gc          ] GC(366) Pause Young (Allocation Failure) 11M->1M(38M) 0.024ms
[2025-12-16T20:44:44.459+0800][1.280s][info][gc,cpu      ] GC(366) User=0.00s Sys=0.00s Real=0.00s
[2025-12-16T20:44:44.462+0800][1.284s][info][gc,start    ] GC(367) Pause Young (Allocation Failure)
[2025-12-16T20:44:44.462+0800][1.284s][info][gc,heap     ] GC(367) DefNew: 11010K(12352K)->1K(12352K) Eden: 11008K(11008K)->0K(11008K) From: 2K(1344K)->1K(1344K)
[2025-12-16T20:44:44.462+0800][1.284s][info][gc,heap     ] GC(367) Tenured: 1245K(27328K)->1245K(27328K)
[2025-12-16T20:44:44.462+0800][1.284s][info][gc,metaspace] GC(367) Metaspace: 91K(320K)->91K(320K) NonClass: 83K(192K)->83K(192K) Class: 8K(128K)->8K(128K)
[2025-12-16T20:44:44.462+0800][1.284s][info][gc          ] GC(367) Pause Young (Allocation Failure) 11M->1M(38M) 0.023ms
[2025-12-16T20:44:44.462+0800][1.284s][info][gc,cpu      ] GC(367) User=0.00s Sys=0.00s Real=0.00s
[2025-12-16T20:44:44.466+0800][1.287s][info][gc,start    ] GC(368) Pause Young (Allocation Failure)
[2025-12-16T20:44:44.466+0800][1.287s][info][gc,heap     ] GC(368) DefNew: 11009K(12352K)->2K(12352K) Eden: 11008K(11008K)->0K(11008K) From: 1K(1344K)->2K(1344K)
[2025-12-16T20:44:44.466+0800][1.287s][info][gc,heap     ] GC(368) Tenured: 1245K(27328K)->1245K(27328K)
[2025-12-16T20:44:44.466+0800][1.287s][info][gc,metaspace] GC(368) Metaspace: 91K(320K)->91K(320K) NonClass: 83K(192K)->83K(192K) Class: 8K(128K)->8K(128K)
[2025-12-16T20:44:44.466+0800][1.287s][info][gc          ] GC(368) Pause Young (Allocation Failure) 11M->1M(38M) 0.023ms
[2025-12-16T20:44:44.466+0800][1.287s][info][gc,cpu      ] GC(368) User=0.00s Sys=0.00s Real=0.00s
[2025-12-16T20:44:44.469+0800][1.290s][info][gc,start    ] GC(369) Pause Young (Allocation Failure)
[2025-12-16T20:44:44.469+0800][1.290s][info][gc,heap     ] GC(369) DefNew: 11010K(12352K)->2K(12352K) Eden: 11008K(11008K)->0K(11008K) From: 2K(1344K)->2K(1344K)
[2025-12-16T20:44:44.469+0800][1.290s][info][gc,heap     ] GC(369) Tenured: 1245K(27328K)->1245K(27328K)
[2025-12-16T20:44:44.469+0800][1.290s][info][gc,metaspace] GC(369) Metaspace: 91K(320K)->91K(320K) NonClass: 83K(192K)->83K(192K) Class: 8K(128K)->8K(128K)
[2025-12-16T20:44:44.469+0800][1.290s][info][gc          ] GC(369) Pause Young (Allocation Failure) 11M->1M(38M) 0.023ms
[2025-12-16T20:44:44.469+0800][1.290s][info][gc,cpu      ] GC(369) User=0.00s Sys=0.00s Real=0.00s
[2025-12-16T20:44:44.472+0800][1.294s][info][gc,start    ] GC(370) Pause Young (Allocation Failure)
[2025-12-16T20:44:44.472+0800][1.294s][info][gc,heap     ] GC(370) DefNew: 11010K(12352K)->2K(12352K) Eden: 11008K(11008K)->0K(11008K) From: 2K(1344K)->2K(1344K)
[2025-12-16T20:44:44.472+0800][1.294s][info][gc,heap     ] GC(370) Tenured: 1245K(27328K)->1245K(27328K)
[2025-12-16T20:44:44.472+0800][1.294s][info][gc,metaspace] GC(370) Metaspace: 91K(320K)->91K(320K) NonClass: 83K(192K)->83K(192K) Class: 8K(128K)->8K(128K)
[2025-12-16T20:44:44.472+0800][1.294s][info][gc          ] GC(370) Pause Young (Allocation Failure) 11M->1M(38M) 0.024ms
[2025-12-16T20:44:44.472+0800][1.294s][info][gc,cpu      ] GC(370) User=0.00s Sys=0.00s Real=0.00s
[2025-12-16T20:44:44.476+0800][1.297s][info][gc,start    ] GC(371) Pause Young (Allocation Failure)
[2025-12-16T20:44:44.476+0800][1.297s][info][gc,heap     ] GC(371) DefNew: 11010K(12352K)->2K(12352K) Eden: 11008K(11008K)->0K(11008K) From: 2K(1344K)->2K(1344K)
[2025-12-16T20:44:44.476+0800][1.297s][info][gc,heap     ] GC(371) Tenured: 1245K(27328K)->1245K(27328K)
[2025-12-16T20:44:44.476+0800][1.297s][info][gc,metaspace] GC(371) Metaspace: 91K(320K)->91K(320K) NonClass: 83K(192K)->83K(192K) Class: 8K(128K)->8K(128K)
[2025-12-16T20:44:44.476+0800][1.297s][info][gc          ] GC(371) Pause Young (Allocation Failure) 11M->1M(38M) 0.024ms
[2025-12-16T20:44:44.476+0800][1.297s][info][gc,cpu      ] GC(371) User=0.00s Sys=0.00s Real=0.00s
[2025-12-16T20:44:44.479+0800][1.301s][info][gc,start    ] GC(372) Pause Young (Allocation Failure)
[2025-12-16T20:44:44.479+0800][1.301s][info][gc,heap     ] GC(372) DefNew: 11010K(12352K)->2K(12352K) Eden: 11008K(11008K)->0K(11008K) From: 2K(1344K)->2K(1344K)
[2025-12-16T20:44:44.479+0800][1.301s][info][gc,heap     ] GC(372) Tenured: 1245K(27328K)->1245K(27328K)
[2025-12-16T20:44:44.479+0800][1.301s][info][gc,metaspace] GC(372) Metaspace: 91K(320K)->91K(320K) NonClass: 83K(192K)->83K(192K) Class: 8K(128K)->8K(128K)
[2025-12-16T20:44:44.479+0800][1.301s][info][gc          ] GC(372) Pause Young (Allocation Failure) 11M->1M(38M) 0.024ms
[2025-12-16T20:44:44.479+0800][1.301s][info][gc,cpu      ] GC(372) User=0.00s Sys=0.00s Real=0.00s
[2025-12-16T20:44:44.483+0800][1.304s][info][gc,start    ] GC(373) Pause Young (Allocation Failure)
[2025-12-16T20:44:44.483+0800][1.304s][info][gc,heap     ] GC(373) DefNew: 11010K(12352K)->3K(12352K) Eden: 11008K(11008K)->0K(11008K) From: 2K(1344K)->3K(1344K)
[2025-12-16T20:44:44.483+0800][1.304s][info][gc,heap     ] GC(373) Tenured: 1245K(27328K)->1245K(27328K)
[2025-12-16T20:44:44.483+0800][1.304s][info][gc,metaspace] GC(373) Metaspace: 91K(320K)->91K(320K) NonClass: 83K(192K)->83K(192K) Class: 8K(128K)->8K(128K)
[2025-12-16T20:44:44.483+0800][1.304s][info][gc          ] GC(373) Pause Young (Allocation Failure) 11M->1M(38M) 0.024ms
[2025-12-16T20:44:44.483+0800][1.304s][info][gc,cpu      ] GC(373) User=0.00s Sys=0.00s Real=0.00s
[2025-12-16T20:44:44.486+0800][1.307s][info][gc,start    ] GC(374) Pause Young (Allocation Failure)
[2025-12-16T20:44:44.486+0800][1.307s][info][gc,heap     ] GC(374) DefNew: 11011K(12352K)->1K(12352K) Eden: 11008K(11008K)->0K(11008K) From: 3K(1344K)->1K(1344K)
[2025-12-16T20:44:44.486+0800][1.307s][info][gc,heap     ] GC(374) Tenured: 1245K(27328K)->1245K(27328K)
[2025-12-16T20:44:44.486+0800][1.307s][info][gc,metaspace] GC(374) Metaspace: 91K(320K)->91K(320K) NonClass: 83K(192K)->83K(192K) Class: 8K(128K)->8K(128K)
[2025-12-16T20:44:44.486+0800][1.307s][info][gc          ] GC(374) Pause Young (Allocation Failure) 11M->1M(38M) 0.023ms
[2025-12-16T20:44:44.486+0800][1.307s][info][gc,cpu      ] GC(374) User=0.00s Sys=0.00s Real=0.00s
[2025-12-16T20:44:44.489+0800][1.311s][info][gc,start    ] GC(375) Pause Young (Allocation Failure)
[2025-12-16T20:44:44.489+0800][1.311s][info][gc,heap     ] GC(375) DefNew: 11009K(12352K)->2K(12352K) Eden: 11008K(11008K)->0K(11008K) From: 1K(1344K)->2K(1344K)
[2025-12-16T20:44:44.489+0800][1.311s][info][gc,heap     ] GC(375) Tenured: 1245K(27328K)->1245K(27328K)
[2025-12-16T20:44:44.489+0800][1.311s][info][gc,metaspace] GC(375) Metaspace: 91K(320K)->91K(320K) NonClass: 83K(192K)->83K(192K) Class: 8K(128K)->8K(128K)
[2025-12-16T20:44:44.489+0800][1.311s][info][gc          ] GC(375) Pause Young (Allocation Failure) 11M->1M(38M) 0.023ms
[2025-12-16T20:44:44.489+0800][1.311s][info][gc,cpu      ] GC(375) User=0.00s Sys=0.00s Real=0.00s
[2025-12-16T20:44:44.493+0800][1.314s][info][gc,start    ] GC(376) Pause Young (Allocation Failure)
[2025-12-16T20:44:44.493+0800][1.314s][info][gc,heap     ] GC(376) DefNew: 11010K(12352K)->2K(12352K) Eden: 11008K(11008K)->0K(11008K) From: 2K(1344K)->2K(1344K)
[2025-12-16T20:44:44.493+0800][1.314s][info][gc,heap     ] GC(376) Tenured: 1245K(27328K)->1245K(27328K)
[2025-12-16T20:44:44.493+0800][1.314s][info][gc,metaspace] GC(376) Metaspace: 91K(320K)->91K(320K) NonClass: 83K(192K)->83K(192K) Class: 8K(128K)->8K(128K)
[2025-12-16T20:44:44.493+0800][1.314s][info][gc          ] GC(376) Pause Young (Allocation Failure) 11M->1M(38M) 0.024ms
[2025-12-16T20:44:44.493+0800][1.314s][info][gc,cpu      ] GC(376) User=0.00s Sys=0.00s Real=0.00s
[2025-12-16T20:44:44.496+0800][1.317s][info][gc,start    ] GC(377) Pause Young (Allocation Failure)
[2025-12-16T20:44:44.496+0800][1.317s][info][gc,heap     ] GC(377) DefNew: 11010K(12352K)->1K(12352K) Eden: 11008K(11008K)->0K(11008K) From: 2K(1344K)->1K(1344K)
[2025-12-16T20:44:44.496+0800][1.317s][info][gc,heap     ] GC(377) Tenured: 1245K(27328K)->1245K(27328K)
[2025-12-16T20:44:44.496+0800][1.317s][info][gc,metaspace] GC(377) Metaspace: 91K(320K)->91K(320K) NonClass: 83K(192K)->83K(192K) Class: 8K(128K)->8K(128K)
[2025-12-16T20:44:44.496+0800][1.318s][info][gc          ] GC(377) Pause Young (Allocation Failure) 11M->1M(38M) 0.023ms
[2025-12-16T20:44:44.496+0800][1.318s][info][gc,cpu      ] GC(377) User=0.00s Sys=0.00s Real=0.00s
[2025-12-16T20:44:44.499+0800][1.321s][info][gc,start    ] GC(378) Pause Young (Allocation Failure)
[2025-12-16T20:44:44.499+0800][1.321s][info][gc,heap     ] GC(378) DefNew: 11009K(12352K)->2K(12352K) Eden: 11008K(11008K)->0K(11008K) From: 1K(1344K)->2K(1344K)
[2025-12-16T20:44:44.499+0800][1.321s][info][gc,heap     ] GC(378) Tenured: 1245K(27328K)->1245K(27328K)
[2025-12-16T20:44:44.499+0800][1.321s][info][gc,metaspace] GC(378) Metaspace: 91K(320K)->91K(320K) NonClass: 83K(192K)->83K(192K) Class: 8K(128K)->8K(128K)
[2025-12-16T20:44:44.499+0800][1.321s][info][gc          ] GC(378) Pause Young (Allocation Failure) 11M->1M(38M) 0.031ms
[2025-12-16T20:44:44.499+0800][1.321s][info][gc,cpu      ] GC(378) User=0.00s Sys=0.00s Real=0.00s
[2025-12-16T20:44:44.503+0800][1.324s][info][gc,start    ] GC(379) Pause Young (Allocation Failure)
[2025-12-16T20:44:44.503+0800][1.324s][info][gc,heap     ] GC(379) DefNew: 11010K(12352K)->2K(12352K) Eden: 11008K(11008K)->0K(11008K) From: 2K(1344K)->2K(1344K)
[2025-12-16T20:44:44.503+0800][1.324s][info][gc,heap     ] GC(379) Tenured: 1245K(27328K)->1245K(27328K)
[2025-12-16T20:44:44.503+0800][1.324s][info][gc,metaspace] GC(379) Metaspace: 91K(320K)->91K(320K) NonClass: 83K(192K)->83K(192K) Class: 8K(128K)->8K(128K)
[2025-12-16T20:44:44.503+0800][1.324s][info][gc          ] GC(379) Pause Young (Allocation Failure) 11M->1M(38M) 0.023ms
[2025-12-16T20:44:44.503+0800][1.324s][info][gc,cpu      ] GC(379) User=0.00s Sys=0.00s Real=0.00s
[2025-12-16T20:44:44.506+0800][1.328s][info][gc,start    ] GC(380) Pause Young (Allocation Failure)
[2025-12-16T20:44:44.506+0800][1.328s][info][gc,heap     ] GC(380) DefNew: 11010K(12352K)->2K(12352K) Eden: 11008K(11008K)->0K(11008K) From: 2K(1344K)->2K(1344K)
[2025-12-16T20:44:44.506+0800][1.328s][info][gc,heap     ] GC(380) Tenured: 1245K(27328K)->1245K(27328K)
[2025-12-16T20:44:44.506+0800][1.328s][info][gc,metaspace] GC(380) Metaspace: 91K(320K)->91K(320K) NonClass: 83K(192K)->83K(192K) Class: 8K(128K)->8K(128K)
[2025-12-16T20:44:44.506+0800][1.328s][info][gc          ] GC(380) Pause Young (Allocation Failure) 11M->1M(38M) 0.024ms
[2025-12-16T20:44:44.506+0800][1.328s][info][gc,cpu      ] GC(380) User=0.00s Sys=0.00s Real=0.00s
[2025-12-16T20:44:44.510+0800][1.331s][info][gc,start    ] GC(381) Pause Young (Allocation Failure)
[2025-12-16T20:44:44.510+0800][1.331s][info][gc,heap     ] GC(381) DefNew: 11010K(12352K)->2K(12352K) Eden: 11008K(11008K)->0K(11008K) From: 2K(1344K)->2K(1344K)
[2025-12-16T20:44:44.510+0800][1.331s][info][gc,heap     ] GC(381) Tenured: 1245K(27328K)->1245K(27328K)
[2025-12-16T20:44:44.510+0800][1.331s][info][gc,metaspace] GC(381) Metaspace: 91K(320K)->91K(320K) NonClass: 83K(192K)->83K(192K) Class: 8K(128K)->8K(128K)
[2025-12-16T20:44:44.510+0800][1.331s][info][gc          ] GC(381) Pause Young (Allocation Failure) 11M->1M(38M) 0.023ms
[2025-12-16T20:44:44.510+0800][1.331s][info][gc,cpu      ] GC(381) User=0.00s Sys=0.00s Real=0.00s
[2025-12-16T20:44:44.513+0800][1.334s][info][gc,start    ] GC(382) Pause Young (Allocation Failure)
[2025-12-16T20:44:44.513+0800][1.334s][info][gc,heap     ] GC(382) DefNew: 11010K(12352K)->2K(12352K) Eden: 11008K(11008K)->0K(11008K) From: 2K(1344K)->2K(1344K)
[2025-12-16T20:44:44.513+0800][1.334s][info][gc,heap     ] GC(382) Tenured: 1245K(27328K)->1245K(27328K)
[2025-12-16T20:44:44.513+0800][1.334s][info][gc,metaspace] GC(382) Metaspace: 91K(320K)->91K(320K) NonClass: 83K(192K)->83K(192K) Class: 8K(128K)->8K(128K)
[2025-12-16T20:44:44.513+0800][1.334s][info][gc          ] GC(382) Pause Young (Allocation Failure) 11M->1M(38M) 0.023ms
[2025-12-16T20:44:44.513+0800][1.334s][info][gc,cpu      ] GC(382) User=0.00s Sys=0.00s Real=0.00s
[2025-12-16T20:44:44.516+0800][1.338s][info][gc,start    ] GC(383) Pause Young (Allocation Failure)
[2025-12-16T20:44:44.516+0800][1.338s][info][gc,heap     ] GC(383) DefNew: 11010K(12352K)->3K(12352K) Eden: 11008K(11008K)->0K(11008K) From: 2K(1344K)->3K(1344K)
[2025-12-16T20:44:44.516+0800][1.338s][info][gc,heap     ] GC(383) Tenured: 1245K(27328K)->1245K(27328K)
[2025-12-16T20:44:44.516+0800][1.338s][info][gc,metaspace] GC(383) Metaspace: 91K(320K)->91K(320K) NonClass: 83K(192K)->83K(192K) Class: 8K(128K)->8K(128K)
[2025-12-16T20:44:44.516+0800][1.338s][info][gc          ] GC(383) Pause Young (Allocation Failure) 11M->1M(38M) 0.024ms
[2025-12-16T20:44:44.516+0800][1.338s][info][gc,cpu      ] GC(383) User=0.00s Sys=0.00s Real=0.00s
[2025-12-16T20:44:44.520+0800][1.341s][info][gc,start    ] GC(384) Pause Young (Allocation Failure)
[2025-12-16T20:44:44.520+0800][1.341s][info][gc,heap     ] GC(384) DefNew: 11011K(12352K)->1K(12352K) Eden: 11008K(11008K)->0K(11008K) From: 3K(1344K)->1K(1344K)
[2025-12-16T20:44:44.520+0800][1.341s][info][gc,heap     ] GC(384) Tenured: 1245K(27328K)->1245K(27328K)
[2025-12-16T20:44:44.520+0800][1.341s][info][gc,metaspace] GC(384) Metaspace: 91K(320K)->91K(320K) NonClass: 83K(192K)->83K(192K) Class: 8K(128K)->8K(128K)
[2025-12-16T20:44:44.520+0800][1.341s][info][gc          ] GC(384) Pause Young (Allocation Failure) 11M->1M(38M) 0.023ms
[2025-12-16T20:44:44.520+0800][1.341s][info][gc,cpu      ] GC(384) User=0.00s Sys=0.00s Real=0.00s
[2025-12-16T20:44:44.523+0800][1.345s][info][gc,start    ] GC(385) Pause Young (Allocation Failure)
[2025-12-16T20:44:44.523+0800][1.345s][info][gc,heap     ] GC(385) DefNew: 11009K(12352K)->2K(12352K) Eden: 11008K(11008K)->0K(11008K) From: 1K(1344K)->2K(1344K)
[2025-12-16T20:44:44.523+0800][1.345s][info][gc,heap     ] GC(385) Tenured: 1245K(27328K)->1245K(27328K)
[2025-12-16T20:44:44.523+0800][1.345s][info][gc,metaspace] GC(385) Metaspace: 91K(320K)->91K(320K) NonClass: 83K(192K)->83K(192K) Class: 8K(128K)->8K(128K)
[2025-12-16T20:44:44.523+0800][1.345s][info][gc          ] GC(385) Pause Young (Allocation Failure) 11M->1M(38M) 0.024ms
[2025-12-16T20:44:44.523+0800][1.345s][info][gc,cpu      ] GC(385) User=0.00s Sys=0.00s Real=0.00s
[2025-12-16T20:44:44.527+0800][1.348s][info][gc,start    ] GC(386) Pause Young (Allocation Failure)
[2025-12-16T20:44:44.527+0800][1.348s][info][gc,heap     ] GC(386) DefNew: 11010K(12352K)->2K(12352K) Eden: 11008K(11008K)->0K(11008K) From: 2K(1344K)->2K(1344K)
[2025-12-16T20:44:44.527+0800][1.348s][info][gc,heap     ] GC(386) Tenured: 1245K(27328K)->1245K(27328K)
[2025-12-16T20:44:44.527+0800][1.348s][info][gc,metaspace] GC(386) Metaspace: 91K(320K)->91K(320K) NonClass: 83K(192K)->83K(192K) Class: 8K(128K)->8K(128K)
[2025-12-16T20:44:44.527+0800][1.348s][info][gc          ] GC(386) Pause Young (Allocation Failure) 11M->1M(38M) 0.023ms
[2025-12-16T20:44:44.527+0800][1.348s][info][gc,cpu      ] GC(386) User=0.00s Sys=0.00s Real=0.00s
[2025-12-16T20:44:44.530+0800][1.351s][info][gc,start    ] GC(387) Pause Young (Allocation Failure)
[2025-12-16T20:44:44.530+0800][1.351s][info][gc,heap     ] GC(387) DefNew: 11010K(12352K)->1K(12352K) Eden: 11008K(11008K)->0K(11008K) From: 2K(1344K)->1K(1344K)
[2025-12-16T20:44:44.530+0800][1.351s][info][gc,heap     ] GC(387) Tenured: 1245K(27328K)->1245K(27328K)
[2025-12-16T20:44:44.530+0800][1.351s][info][gc,metaspace] GC(387) Metaspace: 91K(320K)->91K(320K) NonClass: 83K(192K)->83K(192K) Class: 8K(128K)->8K(128K)
[2025-12-16T20:44:44.530+0800][1.351s][info][gc          ] GC(387) Pause Young (Allocation Failure) 11M->1M(38M) 0.023ms
[2025-12-16T20:44:44.530+0800][1.351s][info][gc,cpu      ] GC(387) User=0.00s Sys=0.00s Real=0.00s
[2025-12-16T20:44:44.533+0800][1.355s][info][gc,start    ] GC(388) Pause Young (Allocation Failure)
[2025-12-16T20:44:44.533+0800][1.355s][info][gc,heap     ] GC(388) DefNew: 11009K(12352K)->2K(12352K) Eden: 11008K(11008K)->0K(11008K) From: 1K(1344K)->2K(1344K)
[2025-12-16T20:44:44.533+0800][1.355s][info][gc,heap     ] GC(388) Tenured: 1245K(27328K)->1245K(27328K)
[2025-12-16T20:44:44.533+0800][1.355s][info][gc,metaspace] GC(388) Metaspace: 91K(320K)->91K(320K) NonClass: 83K(192K)->83K(192K) Class: 8K(128K)->8K(128K)
[2025-12-16T20:44:44.533+0800][1.355s][info][gc          ] GC(388) Pause Young (Allocation Failure) 11M->1M(38M) 0.023ms
[2025-12-16T20:44:44.533+0800][1.355s][info][gc,cpu      ] GC(388) User=0.00s Sys=0.00s Real=0.00s
[2025-12-16T20:44:44.537+0800][1.358s][info][gc,start    ] GC(389) Pause Young (Allocation Failure)
[2025-12-16T20:44:44.537+0800][1.358s][info][gc,heap     ] GC(389) DefNew: 11010K(12352K)->2K(12352K) Eden: 11008K(11008K)->0K(11008K) From: 2K(1344K)->2K(1344K)
[2025-12-16T20:44:44.537+0800][1.358s][info][gc,heap     ] GC(389) Tenured: 1245K(27328K)->1245K(27328K)
[2025-12-16T20:44:44.537+0800][1.358s][info][gc,metaspace] GC(389) Metaspace: 91K(320K)->91K(320K) NonClass: 83K(192K)->83K(192K) Class: 8K(128K)->8K(128K)
[2025-12-16T20:44:44.537+0800][1.358s][info][gc          ] GC(389) Pause Young (Allocation Failure) 11M->1M(38M) 0.023ms
[2025-12-16T20:44:44.537+0800][1.358s][info][gc,cpu      ] GC(389) User=0.00s Sys=0.00s Real=0.00s
[2025-12-16T20:44:44.540+0800][1.362s][info][gc,start    ] GC(390) Pause Young (Allocation Failure)
[2025-12-16T20:44:44.540+0800][1.362s][info][gc,heap     ] GC(390) DefNew: 11010K(12352K)->2K(12352K) Eden: 11008K(11008K)->0K(11008K) From: 2K(1344K)->2K(1344K)
[2025-12-16T20:44:44.540+0800][1.362s][info][gc,heap     ] GC(390) Tenured: 1245K(27328K)->1245K(27328K)
[2025-12-16T20:44:44.540+0800][1.362s][info][gc,metaspace] GC(390) Metaspace: 91K(320K)->91K(320K) NonClass: 83K(192K)->83K(192K) Class: 8K(128K)->8K(128K)
[2025-12-16T20:44:44.540+0800][1.362s][info][gc          ] GC(390) Pause Young (Allocation Failure) 11M->1M(38M) 0.023ms
[2025-12-16T20:44:44.540+0800][1.362s][info][gc,cpu      ] GC(390) User=0.00s Sys=0.00s Real=0.00s
[2025-12-16T20:44:44.544+0800][1.365s][info][gc,start    ] GC(391) Pause Young (Allocation Failure)
[2025-12-16T20:44:44.544+0800][1.365s][info][gc,heap     ] GC(391) DefNew: 11010K(12352K)->2K(12352K) Eden: 11008K(11008K)->0K(11008K) From: 2K(1344K)->2K(1344K)
[2025-12-16T20:44:44.544+0800][1.365s][info][gc,heap     ] GC(391) Tenured: 1245K(27328K)->1245K(27328K)
[2025-12-16T20:44:44.544+0800][1.365s][info][gc,metaspace] GC(391) Metaspace: 91K(320K)->91K(320K) NonClass: 83K(192K)->83K(192K) Class: 8K(128K)->8K(128K)
[2025-12-16T20:44:44.544+0800][1.365s][info][gc          ] GC(391) Pause Young (Allocation Failure) 11M->1M(38M) 0.023ms
[2025-12-16T20:44:44.544+0800][1.365s][info][gc,cpu      ] GC(391) User=0.00s Sys=0.00s Real=0.00s
[2025-12-16T20:44:44.547+0800][1.368s][info][gc,start    ] GC(392) Pause Young (Allocation Failure)
[2025-12-16T20:44:44.547+0800][1.368s][info][gc,heap     ] GC(392) DefNew: 11010K(12352K)->2K(12352K) Eden: 11008K(11008K)->0K(11008K) From: 2K(1344K)->2K(1344K)
[2025-12-16T20:44:44.547+0800][1.368s][info][gc,heap     ] GC(392) Tenured: 1245K(27328K)->1245K(27328K)
[2025-12-16T20:44:44.547+0800][1.368s][info][gc,metaspace] GC(392) Metaspace: 91K(320K)->91K(320K) NonClass: 83K(192K)->83K(192K) Class: 8K(128K)->8K(128K)
[2025-12-16T20:44:44.547+0800][1.368s][info][gc          ] GC(392) Pause Young (Allocation Failure) 11M->1M(38M) 0.023ms
[2025-12-16T20:44:44.547+0800][1.368s][info][gc,cpu      ] GC(392) User=0.00s Sys=0.00s Real=0.00s
[2025-12-16T20:44:44.550+0800][1.372s][info][gc,start    ] GC(393) Pause Young (Allocation Failure)
[2025-12-16T20:44:44.550+0800][1.372s][info][gc,heap     ] GC(393) DefNew: 11010K(12352K)->3K(12352K) Eden: 11008K(11008K)->0K(11008K) From: 2K(1344K)->3K(1344K)
[2025-12-16T20:44:44.550+0800][1.372s][info][gc,heap     ] GC(393) Tenured: 1245K(27328K)->1245K(27328K)
[2025-12-16T20:44:44.550+0800][1.372s][info][gc,metaspace] GC(393) Metaspace: 91K(320K)->91K(320K) NonClass: 83K(192K)->83K(192K) Class: 8K(128K)->8K(128K)
[2025-12-16T20:44:44.550+0800][1.372s][info][gc          ] GC(393) Pause Young (Allocation Failure) 11M->1M(38M) 0.023ms
[2025-12-16T20:44:44.550+0800][1.372s][info][gc,cpu      ] GC(393) User=0.00s Sys=0.00s Real=0.00s
[2025-12-16T20:44:44.554+0800][1.375s][info][gc,start    ] GC(394) Pause Young (Allocation Failure)
[2025-12-16T20:44:44.554+0800][1.375s][info][gc,heap     ] GC(394) DefNew: 11011K(12352K)->1K(12352K) Eden: 11008K(11008K)->0K(11008K) From: 3K(1344K)->1K(1344K)
[2025-12-16T20:44:44.554+0800][1.375s][info][gc,heap     ] GC(394) Tenured: 1245K(27328K)->1245K(27328K)
[2025-12-16T20:44:44.554+0800][1.375s][info][gc,metaspace] GC(394) Metaspace: 91K(320K)->91K(320K) NonClass: 83K(192K)->83K(192K) Class: 8K(128K)->8K(128K)
[2025-12-16T20:44:44.554+0800][1.375s][info][gc          ] GC(394) Pause Young (Allocation Failure) 11M->1M(38M) 0.023ms
[2025-12-16T20:44:44.554+0800][1.375s][info][gc,cpu      ] GC(394) User=0.00s Sys=0.00s Real=0.00s
[2025-12-16T20:44:44.557+0800][1.378s][info][gc,start    ] GC(395) Pause Young (Allocation Failure)
[2025-12-16T20:44:44.557+0800][1.378s][info][gc,heap     ] GC(395) DefNew: 11009K(12352K)->2K(12352K) Eden: 11008K(11008K)->0K(11008K) From: 1K(1344K)->2K(1344K)
[2025-12-16T20:44:44.557+0800][1.378s][info][gc,heap     ] GC(395) Tenured: 1245K(27328K)->1245K(27328K)
[2025-12-16T20:44:44.557+0800][1.378s][info][gc,metaspace] GC(395) Metaspace: 91K(320K)->91K(320K) NonClass: 83K(192K)->83K(192K) Class: 8K(128K)->8K(128K)
[2025-12-16T20:44:44.557+0800][1.378s][info][gc          ] GC(395) Pause Young (Allocation Failure) 11M->1M(38M) 0.023ms
[2025-12-16T20:44:44.557+0800][1.378s][info][gc,cpu      ] GC(395) User=0.00s Sys=0.00s Real=0.00s
[2025-12-16T20:44:44.560+0800][1.382s][info][gc,start    ] GC(396) Pause Young (Allocation Failure)
[2025-12-16T20:44:44.560+0800][1.382s][info][gc,heap     ] GC(396) DefNew: 11010K(12352K)->2K(12352K) Eden: 11008K(11008K)->0K(11008K) From: 2K(1344K)->2K(1344K)
[2025-12-16T20:44:44.560+0800][1.382s][info][gc,heap     ] GC(396) Tenured: 1245K(27328K)->1245K(27328K)
[2025-12-16T20:44:44.560+0800][1.382s][info][gc,metaspace] GC(396) Metaspace: 91K(320K)->91K(320K) NonClass: 83K(192K)->83K(192K) Class: 8K(128K)->8K(128K)
[2025-12-16T20:44:44.560+0800][1.382s][info][gc          ] GC(396) Pause Young (Allocation Failure) 11M->1M(38M) 0.023ms
[2025-12-16T20:44:44.560+0800][1.382s][info][gc,cpu      ] GC(396) User=0.00s Sys=0.00s Real=0.00s
[2025-12-16T20:44:44.564+0800][1.385s][info][gc,start    ] GC(397) Pause Young (Allocation Failure)
[2025-12-16T20:44:44.564+0800][1.385s][info][gc,heap     ] GC(397) DefNew: 11010K(12352K)->1K(12352K) Eden: 11008K(11008K)->0K(11008K) From: 2K(1344K)->1K(1344K)
[2025-12-16T20:44:44.564+0800][1.385s][info][gc,heap     ] GC(397) Tenured: 1245K(27328K)->1245K(27328K)
[2025-12-16T20:44:44.564+0800][1.385s][info][gc,metaspace] GC(397) Metaspace: 91K(320K)->91K(320K) NonClass: 83K(192K)->83K(192K) Class: 8K(128K)->8K(128K)
[2025-12-16T20:44:44.564+0800][1.385s][info][gc          ] GC(397) Pause Young (Allocation Failure) 11M->1M(38M) 0.023ms
[2025-12-16T20:44:44.564+0800][1.385s][info][gc,cpu      ] GC(397) User=0.00s Sys=0.00s Real=0.00s
[2025-12-16T20:44:44.567+0800][1.389s][info][gc,start    ] GC(398) Pause Young (Allocation Failure)
[2025-12-16T20:44:44.567+0800][1.389s][info][gc,heap     ] GC(398) DefNew: 11009K(12352K)->2K(12352K) Eden: 11008K(11008K)->0K(11008K) From: 1K(1344K)->2K(1344K)
[2025-12-16T20:44:44.567+0800][1.389s][info][gc,heap     ] GC(398) Tenured: 1245K(27328K)->1245K(27328K)
[2025-12-16T20:44:44.567+0800][1.389s][info][gc,metaspace] GC(398) Metaspace: 91K(320K)->91K(320K) NonClass: 83K(192K)->83K(192K) Class: 8K(128K)->8K(128K)
[2025-12-16T20:44:44.567+0800][1.389s][info][gc          ] GC(398) Pause Young (Allocation Failure) 11M->1M(38M) 0.023ms
[2025-12-16T20:44:44.567+0800][1.389s][info][gc,cpu      ] GC(398) User=0.00s Sys=0.00s Real=0.00s
[2025-12-16T20:44:44.571+0800][1.392s][info][gc,start    ] GC(399) Pause Young (Allocation Failure)
[2025-12-16T20:44:44.571+0800][1.392s][info][gc,heap     ] GC(399) DefNew: 11010K(12352K)->2K(12352K) Eden: 11008K(11008K)->0K(11008K) From: 2K(1344K)->2K(1344K)
[2025-12-16T20:44:44.571+0800][1.392s][info][gc,heap     ] GC(399) Tenured: 1245K(27328K)->1245K(27328K)
[2025-12-16T20:44:44.571+0800][1.392s][info][gc,metaspace] GC(399) Metaspace: 91K(320K)->91K(320K) NonClass: 83K(192K)->83K(192K) Class: 8K(128K)->8K(128K)
[2025-12-16T20:44:44.571+0800][1.392s][info][gc          ] GC(399) Pause Young (Allocation Failure) 11M->1M(38M) 0.023ms
[2025-12-16T20:44:44.571+0800][1.392s][info][gc,cpu      ] GC(399) User=0.00s Sys=0.00s Real=0.00s
[2025-12-16T20:44:44.574+0800][1.395s][info][gc,start    ] GC(400) Pause Young (Allocation Failure)
[2025-12-16T20:44:44.574+0800][1.395s][info][gc,heap     ] GC(400) DefNew: 11010K(12352K)->2K(12352K) Eden: 11008K(11008K)->0K(11008K) From: 2K(1344K)->2K(1344K)
[2025-12-16T20:44:44.574+0800][1.395s][info][gc,heap     ] GC(400) Tenured: 1245K(27328K)->1245K(27328K)
[2025-12-16T20:44:44.574+0800][1.395s][info][gc,metaspace] GC(400) Metaspace: 91K(320K)->91K(320K) NonClass: 83K(192K)->83K(192K) Class: 8K(128K)->8K(128K)
[2025-12-16T20:44:44.574+0800][1.395s][info][gc          ] GC(400) Pause Young (Allocation Failure) 11M->1M(38M) 0.023ms
[2025-12-16T20:44:44.574+0800][1.395s][info][gc,cpu      ] GC(400) User=0.00s Sys=0.00s Real=0.00s
[2025-12-16T20:44:44.577+0800][1.399s][info][gc,start    ] GC(401) Pause Young (Allocation Failure)
[2025-12-16T20:44:44.577+0800][1.399s][info][gc,heap     ] GC(401) DefNew: 11010K(12352K)->2K(12352K) Eden: 11008K(11008K)->0K(11008K) From: 2K(1344K)->2K(1344K)
[2025-12-16T20:44:44.577+0800][1.399s][info][gc,heap     ] GC(401) Tenured: 1245K(27328K)->1245K(27328K)
[2025-12-16T20:44:44.577+0800][1.399s][info][gc,metaspace] GC(401) Metaspace: 91K(320K)->91K(320K) NonClass: 83K(192K)->83K(192K) Class: 8K(128K)->8K(128K)
[2025-12-16T20:44:44.577+0800][1.399s][info][gc          ] GC(401) Pause Young (Allocation Failure) 11M->1M(38M) 0.023ms
[2025-12-16T20:44:44.577+0800][1.399s][info][gc,cpu      ] GC(401) User=0.00s Sys=0.00s Real=0.00s
[2025-12-16T20:44:44.581+0800][1.402s][info][gc,start    ] GC(402) Pause Young (Allocation Failure)
[2025-12-16T20:44:44.581+0800][1.402s][info][gc,heap     ] GC(402) DefNew: 11010K(12352K)->2K(12352K) Eden: 11008K(11008K)->0K(11008K) From: 2K(1344K)->2K(1344K)
[2025-12-16T20:44:44.581+0800][1.402s][info][gc,heap     ] GC(402) Tenured: 1245K(27328K)->1245K(27328K)
[2025-12-16T20:44:44.581+0800][1.402s][info][gc,metaspace] GC(402) Metaspace: 91K(320K)->91K(320K) NonClass: 83K(192K)->83K(192K) Class: 8K(128K)->8K(128K)
[2025-12-16T20:44:44.581+0800][1.402s][info][gc          ] GC(402) Pause Young (Allocation Failure) 11M->1M(38M) 0.024ms
[2025-12-16T20:44:44.581+0800][1.402s][info][gc,cpu      ] GC(402) User=0.00s Sys=0.00s Real=0.00s
[2025-12-16T20:44:44.584+0800][1.405s][info][gc,start    ] GC(403) Pause Young (Allocation Failure)
[2025-12-16T20:44:44.584+0800][1.405s][info][gc,heap     ] GC(403) DefNew: 11010K(12352K)->3K(12352K) Eden: 11008K(11008K)->0K(11008K) From: 2K(1344K)->3K(1344K)
[2025-12-16T20:44:44.584+0800][1.405s][info][gc,heap     ] GC(403) Tenured: 1245K(27328K)->1245K(27328K)
[2025-12-16T20:44:44.584+0800][1.405s][info][gc,metaspace] GC(403) Metaspace: 91K(320K)->91K(320K) NonClass: 83K(192K)->83K(192K) Class: 8K(128K)->8K(128K)
[2025-12-16T20:44:44.584+0800][1.406s][info][gc          ] GC(403) Pause Young (Allocation Failure) 11M->1M(38M) 0.024ms
[2025-12-16T20:44:44.584+0800][1.406s][info][gc,cpu      ] GC(403) User=0.00s Sys=0.00s Real=0.00s
[2025-12-16T20:44:44.587+0800][1.409s][info][gc,start    ] GC(404) Pause Young (Allocation Failure)
[2025-12-16T20:44:44.587+0800][1.409s][info][gc,heap     ] GC(404) DefNew: 11011K(12352K)->1K(12352K) Eden: 11008K(11008K)->0K(11008K) From: 3K(1344K)->1K(1344K)
[2025-12-16T20:44:44.587+0800][1.409s][info][gc,heap     ] GC(404) Tenured: 1245K(27328K)->1245K(27328K)
[2025-12-16T20:44:44.587+0800][1.409s][info][gc,metaspace] GC(404) Metaspace: 91K(320K)->91K(320K) NonClass: 83K(192K)->83K(192K) Class: 8K(128K)->8K(128K)
[2025-12-16T20:44:44.587+0800][1.409s][info][gc          ] GC(404) Pause Young (Allocation Failure) 11M->1M(38M) 0.023ms
[2025-12-16T20:44:44.587+0800][1.409s][info][gc,cpu      ] GC(404) User=0.00s Sys=0.00s Real=0.00s
[2025-12-16T20:44:44.591+0800][1.412s][info][gc,start    ] GC(405) Pause Young (Allocation Failure)
[2025-12-16T20:44:44.591+0800][1.412s][info][gc,heap     ] GC(405) DefNew: 11009K(12352K)->2K(12352K) Eden: 11008K(11008K)->0K(11008K) From: 1K(1344K)->2K(1344K)
[2025-12-16T20:44:44.591+0800][1.412s][info][gc,heap     ] GC(405) Tenured: 1245K(27328K)->1245K(27328K)
[2025-12-16T20:44:44.591+0800][1.412s][info][gc,metaspace] GC(405) Metaspace: 91K(320K)->91K(320K) NonClass: 83K(192K)->83K(192K) Class: 8K(128K)->8K(128K)
[2025-12-16T20:44:44.591+0800][1.412s][info][gc          ] GC(405) Pause Young (Allocation Failure) 11M->1M(38M) 0.023ms
[2025-12-16T20:44:44.591+0800][1.412s][info][gc,cpu      ] GC(405) User=0.00s Sys=0.00s Real=0.00s
[2025-12-16T20:44:44.594+0800][1.416s][info][gc,start    ] GC(406) Pause Young (Allocation Failure)
[2025-12-16T20:44:44.594+0800][1.416s][info][gc,heap     ] GC(406) DefNew: 11010K(12352K)->2K(12352K) Eden: 11008K(11008K)->0K(11008K) From: 2K(1344K)->2K(1344K)
[2025-12-16T20:44:44.594+0800][1.416s][info][gc,heap     ] GC(406) Tenured: 1245K(27328K)->1245K(27328K)
[2025-12-16T20:44:44.594+0800][1.416s][info][gc,metaspace] GC(406) Metaspace: 91K(320K)->91K(320K) NonClass: 83K(192K)->83K(192K) Class: 8K(128K)->8K(128K)
[2025-12-16T20:44:44.594+0800][1.416s][info][gc          ] GC(406) Pause Young (Allocation Failure) 11M->1M(38M) 0.023ms
[2025-12-16T20:44:44.594+0800][1.416s][info][gc,cpu      ] GC(406) User=0.00s Sys=0.00s Real=0.00s
[2025-12-16T20:44:44.598+0800][1.419s][info][gc,start    ] GC(407) Pause Young (Allocation Failure)
[2025-12-16T20:44:44.598+0800][1.419s][info][gc,heap     ] GC(407) DefNew: 11010K(12352K)->1K(12352K) Eden: 11008K(11008K)->0K(11008K) From: 2K(1344K)->1K(1344K)
[2025-12-16T20:44:44.598+0800][1.419s][info][gc,heap     ] GC(407) Tenured: 1245K(27328K)->1245K(27328K)
[2025-12-16T20:44:44.598+0800][1.419s][info][gc,metaspace] GC(407) Metaspace: 91K(320K)->91K(320K) NonClass: 83K(192K)->83K(192K) Class: 8K(128K)->8K(128K)
[2025-12-16T20:44:44.598+0800][1.419s][info][gc          ] GC(407) Pause Young (Allocation Failure) 11M->1M(38M) 0.023ms
[2025-12-16T20:44:44.598+0800][1.419s][info][gc,cpu      ] GC(407) User=0.00s Sys=0.00s Real=0.00s
[2025-12-16T20:44:44.601+0800][1.422s][info][gc,start    ] GC(408) Pause Young (Allocation Failure)
[2025-12-16T20:44:44.601+0800][1.422s][info][gc,heap     ] GC(408) DefNew: 11009K(12352K)->2K(12352K) Eden: 11008K(11008K)->0K(11008K) From: 1K(1344K)->2K(1344K)
[2025-12-16T20:44:44.601+0800][1.422s][info][gc,heap     ] GC(408) Tenured: 1245K(27328K)->1245K(27328K)
[2025-12-16T20:44:44.601+0800][1.422s][info][gc,metaspace] GC(408) Metaspace: 91K(320K)->91K(320K) NonClass: 83K(192K)->83K(192K) Class: 8K(128K)->8K(128K)
[2025-12-16T20:44:44.601+0800][1.422s][info][gc          ] GC(408) Pause Young (Allocation Failure) 11M->1M(38M) 0.026ms
[2025-12-16T20:44:44.601+0800][1.422s][info][gc,cpu      ] GC(408) User=0.00s Sys=0.00s Real=0.00s
[2025-12-16T20:44:44.604+0800][1.426s][info][gc,start    ] GC(409) Pause Young (Allocation Failure)
[2025-12-16T20:44:44.604+0800][1.426s][info][gc,heap     ] GC(409) DefNew: 11010K(12352K)->2K(12352K) Eden: 11008K(11008K)->0K(11008K) From: 2K(1344K)->2K(1344K)
[2025-12-16T20:44:44.604+0800][1.426s][info][gc,heap     ] GC(409) Tenured: 1245K(27328K)->1245K(27328K)
[2025-12-16T20:44:44.604+0800][1.426s][info][gc,metaspace] GC(409) Metaspace: 91K(320K)->91K(320K) NonClass: 83K(192K)->83K(192K) Class: 8K(128K)->8K(128K)
[2025-12-16T20:44:44.604+0800][1.426s][info][gc          ] GC(409) Pause Young (Allocation Failure) 11M->1M(38M) 0.024ms
[2025-12-16T20:44:44.604+0800][1.426s][info][gc,cpu      ] GC(409) User=0.00s Sys=0.00s Real=0.00s
[2025-12-16T20:44:44.608+0800][1.429s][info][gc,start    ] GC(410) Pause Young (Allocation Failure)
[2025-12-16T20:44:44.608+0800][1.429s][info][gc,heap     ] GC(410) DefNew: 11010K(12352K)->2K(12352K) Eden: 11008K(11008K)->0K(11008K) From: 2K(1344K)->2K(1344K)
[2025-12-16T20:44:44.608+0800][1.429s][info][gc,heap     ] GC(410) Tenured: 1245K(27328K)->1245K(27328K)
[2025-12-16T20:44:44.608+0800][1.429s][info][gc,metaspace] GC(410) Metaspace: 91K(320K)->91K(320K) NonClass: 83K(192K)->83K(192K) Class: 8K(128K)->8K(128K)
[2025-12-16T20:44:44.608+0800][1.429s][info][gc          ] GC(410) Pause Young (Allocation Failure) 11M->1M(38M) 0.023ms
[2025-12-16T20:44:44.608+0800][1.429s][info][gc,cpu      ] GC(410) User=0.00s Sys=0.00s Real=0.00s
[2025-12-16T20:44:44.611+0800][1.433s][info][gc,start    ] GC(411) Pause Young (Allocation Failure)
[2025-12-16T20:44:44.611+0800][1.433s][info][gc,heap     ] GC(411) DefNew: 11010K(12352K)->2K(12352K) Eden: 11008K(11008K)->0K(11008K) From: 2K(1344K)->2K(1344K)
[2025-12-16T20:44:44.611+0800][1.433s][info][gc,heap     ] GC(411) Tenured: 1245K(27328K)->1245K(27328K)
[2025-12-16T20:44:44.611+0800][1.433s][info][gc,metaspace] GC(411) Metaspace: 91K(320K)->91K(320K) NonClass: 83K(192K)->83K(192K) Class: 8K(128K)->8K(128K)
[2025-12-16T20:44:44.611+0800][1.433s][info][gc          ] GC(411) Pause Young (Allocation Failure) 11M->1M(38M) 0.023ms
[2025-12-16T20:44:44.611+0800][1.433s][info][gc,cpu      ] GC(411) User=0.00s Sys=0.00s Real=0.00s
[2025-12-16T20:44:44.615+0800][1.436s][info][gc,start    ] GC(412) Pause Young (Allocation Failure)
[2025-12-16T20:44:44.615+0800][1.436s][info][gc,heap     ] GC(412) DefNew: 11010K(12352K)->2K(12352K) Eden: 11008K(11008K)->0K(11008K) From: 2K(1344K)->2K(1344K)
[2025-12-16T20:44:44.615+0800][1.436s][info][gc,heap     ] GC(412) Tenured: 1245K(27328K)->1245K(27328K)
[2025-12-16T20:44:44.615+0800][1.436s][info][gc,metaspace] GC(412) Metaspace: 91K(320K)->91K(320K) NonClass: 83K(192K)->83K(192K) Class: 8K(128K)->8K(128K)
[2025-12-16T20:44:44.615+0800][1.436s][info][gc          ] GC(412) Pause Young (Allocation Failure) 11M->1M(38M) 0.023ms
[2025-12-16T20:44:44.615+0800][1.436s][info][gc,cpu      ] GC(412) User=0.00s Sys=0.00s Real=0.00s
[2025-12-16T20:44:44.618+0800][1.439s][info][gc,start    ] GC(413) Pause Young (Allocation Failure)
[2025-12-16T20:44:44.618+0800][1.439s][info][gc,heap     ] GC(413) DefNew: 11010K(12352K)->3K(12352K) Eden: 11008K(11008K)->0K(11008K) From: 2K(1344K)->3K(1344K)
[2025-12-16T20:44:44.618+0800][1.439s][info][gc,heap     ] GC(413) Tenured: 1245K(27328K)->1245K(27328K)
[2025-12-16T20:44:44.618+0800][1.439s][info][gc,metaspace] GC(413) Metaspace: 91K(320K)->91K(320K) NonClass: 83K(192K)->83K(192K) Class: 8K(128K)->8K(128K)
[2025-12-16T20:44:44.618+0800][1.439s][info][gc          ] GC(413) Pause Young (Allocation Failure) 11M->1M(38M) 0.023ms
[2025-12-16T20:44:44.618+0800][1.439s][info][gc,cpu      ] GC(413) User=0.00s Sys=0.00s Real=0.00s
[2025-12-16T20:44:44.621+0800][1.443s][info][gc,start    ] GC(414) Pause Young (Allocation Failure)
[2025-12-16T20:44:44.621+0800][1.443s][info][gc,heap     ] GC(414) DefNew: 11011K(12352K)->1K(12352K) Eden: 11008K(11008K)->0K(11008K) From: 3K(1344K)->1K(1344K)
[2025-12-16T20:44:44.621+0800][1.443s][info][gc,heap     ] GC(414) Tenured: 1245K(27328K)->1245K(27328K)
[2025-12-16T20:44:44.621+0800][1.443s][info][gc,metaspace] GC(414) Metaspace: 91K(320K)->91K(320K) NonClass: 83K(192K)->83K(192K) Class: 8K(128K)->8K(128K)
[2025-12-16T20:44:44.621+0800][1.443s][info][gc          ] GC(414) Pause Young (Allocation Failure) 11M->1M(38M) 0.024ms
[2025-12-16T20:44:44.621+0800][1.443s][info][gc,cpu      ] GC(414) User=0.00s Sys=0.00s Real=0.00s
[2025-12-16T20:44:44.625+0800][1.446s][info][gc,start    ] GC(415) Pause Young (Allocation Failure)
[2025-12-16T20:44:44.625+0800][1.446s][info][gc,heap     ] GC(415) DefNew: 11009K(12352K)->2K(12352K) Eden: 11008K(11008K)->0K(11008K) From: 1K(1344K)->2K(1344K)
[2025-12-16T20:44:44.625+0800][1.446s][info][gc,heap     ] GC(415) Tenured: 1245K(27328K)->1245K(27328K)
[2025-12-16T20:44:44.625+0800][1.446s][info][gc,metaspace] GC(415) Metaspace: 91K(320K)->91K(320K) NonClass: 83K(192K)->83K(192K) Class: 8K(128K)->8K(128K)
[2025-12-16T20:44:44.625+0800][1.446s][info][gc          ] GC(415) Pause Young (Allocation Failure) 11M->1M(38M) 0.023ms
[2025-12-16T20:44:44.625+0800][1.446s][info][gc,cpu      ] GC(415) User=0.00s Sys=0.00s Real=0.00s
[2025-12-16T20:44:44.628+0800][1.449s][info][gc,start    ] GC(416) Pause Young (Allocation Failure)
[2025-12-16T20:44:44.628+0800][1.449s][info][gc,heap     ] GC(416) DefNew: 11010K(12352K)->2K(12352K) Eden: 11008K(11008K)->0K(11008K) From: 2K(1344K)->2K(1344K)
[2025-12-16T20:44:44.628+0800][1.449s][info][gc,heap     ] GC(416) Tenured: 1245K(27328K)->1245K(27328K)
[2025-12-16T20:44:44.628+0800][1.449s][info][gc,metaspace] GC(416) Metaspace: 91K(320K)->91K(320K) NonClass: 83K(192K)->83K(192K) Class: 8K(128K)->8K(128K)
[2025-12-16T20:44:44.628+0800][1.449s][info][gc          ] GC(416) Pause Young (Allocation Failure) 11M->1M(38M) 0.024ms
[2025-12-16T20:44:44.628+0800][1.449s][info][gc,cpu      ] GC(416) User=0.00s Sys=0.00s Real=0.00s
[2025-12-16T20:44:44.631+0800][1.453s][info][gc,start    ] GC(417) Pause Young (Allocation Failure)
[2025-12-16T20:44:44.632+0800][1.453s][info][gc,heap     ] GC(417) DefNew: 11010K(12352K)->1K(12352K) Eden: 11008K(11008K)->0K(11008K) From: 2K(1344K)->1K(1344K)
[2025-12-16T20:44:44.632+0800][1.453s][info][gc,heap     ] GC(417) Tenured: 1245K(27328K)->1245K(27328K)
[2025-12-16T20:44:44.632+0800][1.453s][info][gc,metaspace] GC(417) Metaspace: 91K(320K)->91K(320K) NonClass: 83K(192K)->83K(192K) Class: 8K(128K)->8K(128K)
[2025-12-16T20:44:44.632+0800][1.453s][info][gc          ] GC(417) Pause Young (Allocation Failure) 11M->1M(38M) 0.043ms
[2025-12-16T20:44:44.632+0800][1.453s][info][gc,cpu      ] GC(417) User=0.00s Sys=0.00s Real=0.00s
[2025-12-16T20:44:44.635+0800][1.456s][info][gc,start    ] GC(418) Pause Young (Allocation Failure)
[2025-12-16T20:44:44.635+0800][1.456s][info][gc,heap     ] GC(418) DefNew: 11009K(12352K)->2K(12352K) Eden: 11008K(11008K)->0K(11008K) From: 1K(1344K)->2K(1344K)
[2025-12-16T20:44:44.635+0800][1.456s][info][gc,heap     ] GC(418) Tenured: 1245K(27328K)->1245K(27328K)
[2025-12-16T20:44:44.635+0800][1.456s][info][gc,metaspace] GC(418) Metaspace: 91K(320K)->91K(320K) NonClass: 83K(192K)->83K(192K) Class: 8K(128K)->8K(128K)
[2025-12-16T20:44:44.635+0800][1.456s][info][gc          ] GC(418) Pause Young (Allocation Failure) 11M->1M(38M) 0.031ms
[2025-12-16T20:44:44.635+0800][1.456s][info][gc,cpu      ] GC(418) User=0.00s Sys=0.00s Real=0.00s
[2025-12-16T20:44:44.638+0800][1.460s][info][gc,start    ] GC(419) Pause Young (Allocation Failure)
[2025-12-16T20:44:44.638+0800][1.460s][info][gc,heap     ] GC(419) DefNew: 11010K(12352K)->2K(12352K) Eden: 11008K(11008K)->0K(11008K) From: 2K(1344K)->2K(1344K)
[2025-12-16T20:44:44.638+0800][1.460s][info][gc,heap     ] GC(419) Tenured: 1245K(27328K)->1245K(27328K)
[2025-12-16T20:44:44.638+0800][1.460s][info][gc,metaspace] GC(419) Metaspace: 91K(320K)->91K(320K) NonClass: 83K(192K)->83K(192K) Class: 8K(128K)->8K(128K)
[2025-12-16T20:44:44.638+0800][1.460s][info][gc          ] GC(419) Pause Young (Allocation Failure) 11M->1M(38M) 0.026ms
[2025-12-16T20:44:44.638+0800][1.460s][info][gc,cpu      ] GC(419) User=0.00s Sys=0.00s Real=0.00s
[2025-12-16T20:44:44.642+0800][1.463s][info][gc,start    ] GC(420) Pause Young (Allocation Failure)
[2025-12-16T20:44:44.642+0800][1.463s][info][gc,heap     ] GC(420) DefNew: 11010K(12352K)->2K(12352K) Eden: 11008K(11008K)->0K(11008K) From: 2K(1344K)->2K(1344K)
[2025-12-16T20:44:44.642+0800][1.463s][info][gc,heap     ] GC(420) Tenured: 1245K(27328K)->1245K(27328K)
[2025-12-16T20:44:44.642+0800][1.463s][info][gc,metaspace] GC(420) Metaspace: 91K(320K)->91K(320K) NonClass: 83K(192K)->83K(192K) Class: 8K(128K)->8K(128K)
[2025-12-16T20:44:44.642+0800][1.463s][info][gc          ] GC(420) Pause Young (Allocation Failure) 11M->1M(38M) 0.026ms
[2025-12-16T20:44:44.642+0800][1.463s][info][gc,cpu      ] GC(420) User=0.00s Sys=0.00s Real=0.00s
[2025-12-16T20:44:44.645+0800][1.467s][info][gc,start    ] GC(421) Pause Young (Allocation Failure)
[2025-12-16T20:44:44.645+0800][1.467s][info][gc,heap     ] GC(421) DefNew: 11010K(12352K)->2K(12352K) Eden: 11008K(11008K)->0K(11008K) From: 2K(1344K)->2K(1344K)
[2025-12-16T20:44:44.645+0800][1.467s][info][gc,heap     ] GC(421) Tenured: 1245K(27328K)->1245K(27328K)
[2025-12-16T20:44:44.645+0800][1.467s][info][gc,metaspace] GC(421) Metaspace: 91K(320K)->91K(320K) NonClass: 83K(192K)->83K(192K) Class: 8K(128K)->8K(128K)
[2025-12-16T20:44:44.645+0800][1.467s][info][gc          ] GC(421) Pause Young (Allocation Failure) 11M->1M(38M) 0.026ms
[2025-12-16T20:44:44.645+0800][1.467s][info][gc,cpu      ] GC(421) User=0.00s Sys=0.00s Real=0.00s
[2025-12-16T20:44:44.649+0800][1.470s][info][gc,start    ] GC(422) Pause Young (Allocation Failure)
[2025-12-16T20:44:44.649+0800][1.470s][info][gc,heap     ] GC(422) DefNew: 11010K(12352K)->2K(12352K) Eden: 11008K(11008K)->0K(11008K) From: 2K(1344K)->2K(1344K)
[2025-12-16T20:44:44.649+0800][1.470s][info][gc,heap     ] GC(422) Tenured: 1245K(27328K)->1245K(27328K)
[2025-12-16T20:44:44.649+0800][1.470s][info][gc,metaspace] GC(422) Metaspace: 91K(320K)->91K(320K) NonClass: 83K(192K)->83K(192K) Class: 8K(128K)->8K(128K)
[2025-12-16T20:44:44.649+0800][1.470s][info][gc          ] GC(422) Pause Young (Allocation Failure) 11M->1M(38M) 0.025ms
[2025-12-16T20:44:44.649+0800][1.470s][info][gc,cpu      ] GC(422) User=0.00s Sys=0.00s Real=0.00s
[2025-12-16T20:44:44.652+0800][1.474s][info][gc,start    ] GC(423) Pause Young (Allocation Failure)
[2025-12-16T20:44:44.652+0800][1.474s][info][gc,heap     ] GC(423) DefNew: 11010K(12352K)->3K(12352K) Eden: 11008K(11008K)->0K(11008K) From: 2K(1344K)->3K(1344K)
[2025-12-16T20:44:44.652+0800][1.474s][info][gc,heap     ] GC(423) Tenured: 1245K(27328K)->1245K(27328K)
[2025-12-16T20:44:44.652+0800][1.474s][info][gc,metaspace] GC(423) Metaspace: 91K(320K)->91K(320K) NonClass: 83K(192K)->83K(192K) Class: 8K(128K)->8K(128K)
[2025-12-16T20:44:44.652+0800][1.474s][info][gc          ] GC(423) Pause Young (Allocation Failure) 11M->1M(38M) 0.023ms
[2025-12-16T20:44:44.652+0800][1.474s][info][gc,cpu      ] GC(423) User=0.00s Sys=0.00s Real=0.00s
[2025-12-16T20:44:44.656+0800][1.477s][info][gc,start    ] GC(424) Pause Young (Allocation Failure)
[2025-12-16T20:44:44.656+0800][1.477s][info][gc,heap     ] GC(424) DefNew: 11011K(12352K)->1K(12352K) Eden: 11008K(11008K)->0K(11008K) From: 3K(1344K)->1K(1344K)
[2025-12-16T20:44:44.656+0800][1.477s][info][gc,heap     ] GC(424) Tenured: 1245K(27328K)->1245K(27328K)
[2025-12-16T20:44:44.656+0800][1.477s][info][gc,metaspace] GC(424) Metaspace: 91K(320K)->91K(320K) NonClass: 83K(192K)->83K(192K) Class: 8K(128K)->8K(128K)
[2025-12-16T20:44:44.656+0800][1.477s][info][gc          ] GC(424) Pause Young (Allocation Failure) 11M->1M(38M) 0.037ms
[2025-12-16T20:44:44.656+0800][1.477s][info][gc,cpu      ] GC(424) User=0.00s Sys=0.00s Real=0.00s
[2025-12-16T20:44:44.659+0800][1.481s][info][gc,start    ] GC(425) Pause Young (Allocation Failure)
[2025-12-16T20:44:44.659+0800][1.481s][info][gc,heap     ] GC(425) DefNew: 11009K(12352K)->2K(12352K) Eden: 11008K(11008K)->0K(11008K) From: 1K(1344K)->2K(1344K)
[2025-12-16T20:44:44.659+0800][1.481s][info][gc,heap     ] GC(425) Tenured: 1245K(27328K)->1245K(27328K)
[2025-12-16T20:44:44.659+0800][1.481s][info][gc,metaspace] GC(425) Metaspace: 91K(320K)->91K(320K) NonClass: 83K(192K)->83K(192K) Class: 8K(128K)->8K(128K)
[2025-12-16T20:44:44.659+0800][1.481s][info][gc          ] GC(425) Pause Young (Allocation Failure) 11M->1M(38M) 0.028ms
[2025-12-16T20:44:44.659+0800][1.481s][info][gc,cpu      ] GC(425) User=0.00s Sys=0.00s Real=0.00s
[2025-12-16T20:44:44.663+0800][1.484s][info][gc,start    ] GC(426) Pause Young (Allocation Failure)
[2025-12-16T20:44:44.663+0800][1.484s][info][gc,heap     ] GC(426) DefNew: 11010K(12352K)->2K(12352K) Eden: 11008K(11008K)->0K(11008K) From: 2K(1344K)->2K(1344K)
[2025-12-16T20:44:44.663+0800][1.484s][info][gc,heap     ] GC(426) Tenured: 1245K(27328K)->1245K(27328K)
[2025-12-16T20:44:44.663+0800][1.484s][info][gc,metaspace] GC(426) Metaspace: 91K(320K)->91K(320K) NonClass: 83K(192K)->83K(192K) Class: 8K(128K)->8K(128K)
[2025-12-16T20:44:44.663+0800][1.484s][info][gc          ] GC(426) Pause Young (Allocation Failure) 11M->1M(38M) 0.026ms
[2025-12-16T20:44:44.663+0800][1.484s][info][gc,cpu      ] GC(426) User=0.00s Sys=0.00s Real=0.00s
[2025-12-16T20:44:44.666+0800][1.487s][info][gc,start    ] GC(427) Pause Young (Allocation Failure)
[2025-12-16T20:44:44.666+0800][1.487s][info][gc,heap     ] GC(427) DefNew: 11010K(12352K)->1K(12352K) Eden: 11008K(11008K)->0K(11008K) From: 2K(1344K)->1K(1344K)
[2025-12-16T20:44:44.666+0800][1.487s][info][gc,heap     ] GC(427) Tenured: 1245K(27328K)->1245K(27328K)
[2025-12-16T20:44:44.666+0800][1.487s][info][gc,metaspace] GC(427) Metaspace: 91K(320K)->91K(320K) NonClass: 83K(192K)->83K(192K) Class: 8K(128K)->8K(128K)
[2025-12-16T20:44:44.666+0800][1.487s][info][gc          ] GC(427) Pause Young (Allocation Failure) 11M->1M(38M) 0.025ms
[2025-12-16T20:44:44.666+0800][1.488s][info][gc,cpu      ] GC(427) User=0.00s Sys=0.00s Real=0.00s
[2025-12-16T20:44:44.670+0800][1.491s][info][gc,start    ] GC(428) Pause Young (Allocation Failure)
[2025-12-16T20:44:44.670+0800][1.491s][info][gc,heap     ] GC(428) DefNew: 11009K(12352K)->2K(12352K) Eden: 11008K(11008K)->0K(11008K) From: 1K(1344K)->2K(1344K)
[2025-12-16T20:44:44.670+0800][1.491s][info][gc,heap     ] GC(428) Tenured: 1245K(27328K)->1245K(27328K)
[2025-12-16T20:44:44.670+0800][1.491s][info][gc,metaspace] GC(428) Metaspace: 91K(320K)->91K(320K) NonClass: 83K(192K)->83K(192K) Class: 8K(128K)->8K(128K)
[2025-12-16T20:44:44.670+0800][1.491s][info][gc          ] GC(428) Pause Young (Allocation Failure) 11M->1M(38M) 0.023ms
[2025-12-16T20:44:44.670+0800][1.491s][info][gc,cpu      ] GC(428) User=0.00s Sys=0.00s Real=0.00s
[2025-12-16T20:44:44.673+0800][1.494s][info][gc,start    ] GC(429) Pause Young (Allocation Failure)
[2025-12-16T20:44:44.673+0800][1.495s][info][gc,heap     ] GC(429) DefNew: 11010K(12352K)->2K(12352K) Eden: 11008K(11008K)->0K(11008K) From: 2K(1344K)->2K(1344K)
[2025-12-16T20:44:44.673+0800][1.495s][info][gc,heap     ] GC(429) Tenured: 1245K(27328K)->1245K(27328K)
[2025-12-16T20:44:44.673+0800][1.495s][info][gc,metaspace] GC(429) Metaspace: 91K(320K)->91K(320K) NonClass: 83K(192K)->83K(192K) Class: 8K(128K)->8K(128K)
[2025-12-16T20:44:44.673+0800][1.495s][info][gc          ] GC(429) Pause Young (Allocation Failure) 11M->1M(38M) 0.040ms
[2025-12-16T20:44:44.673+0800][1.495s][info][gc,cpu      ] GC(429) User=0.00s Sys=0.00s Real=0.00s
[2025-12-16T20:44:44.677+0800][1.498s][info][gc,start    ] GC(430) Pause Young (Allocation Failure)
[2025-12-16T20:44:44.677+0800][1.498s][info][gc,heap     ] GC(430) DefNew: 11010K(12352K)->2K(12352K) Eden: 11008K(11008K)->0K(11008K) From: 2K(1344K)->2K(1344K)
[2025-12-16T20:44:44.677+0800][1.498s][info][gc,heap     ] GC(430) Tenured: 1245K(27328K)->1245K(27328K)
[2025-12-16T20:44:44.677+0800][1.498s][info][gc,metaspace] GC(430) Metaspace: 91K(320K)->91K(320K) NonClass: 83K(192K)->83K(192K) Class: 8K(128K)->8K(128K)
[2025-12-16T20:44:44.677+0800][1.498s][info][gc          ] GC(430) Pause Young (Allocation Failure) 11M->1M(38M) 0.031ms
[2025-12-16T20:44:44.677+0800][1.498s][info][gc,cpu      ] GC(430) User=0.00s Sys=0.00s Real=0.00s
[2025-12-16T20:44:44.680+0800][1.501s][info][gc,start    ] GC(431) Pause Young (Allocation Failure)
[2025-12-16T20:44:44.680+0800][1.501s][info][gc,heap     ] GC(431) DefNew: 11010K(12352K)->2K(12352K) Eden: 11008K(11008K)->0K(11008K) From: 2K(1344K)->2K(1344K)
[2025-12-16T20:44:44.680+0800][1.501s][info][gc,heap     ] GC(431) Tenured: 1245K(27328K)->1245K(27328K)
[2025-12-16T20:44:44.680+0800][1.501s][info][gc,metaspace] GC(431) Metaspace: 91K(320K)->91K(320K) NonClass: 83K(192K)->83K(192K) Class: 8K(128K)->8K(128K)
[2025-12-16T20:44:44.680+0800][1.501s][info][gc          ] GC(431) Pause Young (Allocation Failure) 11M->1M(38M) 0.026ms
[2025-12-16T20:44:44.680+0800][1.501s][info][gc,cpu      ] GC(431) User=0.00s Sys=0.00s Real=0.00s
[2025-12-16T20:44:44.684+0800][1.505s][info][gc,start    ] GC(432) Pause Young (Allocation Failure)
[2025-12-16T20:44:44.684+0800][1.505s][info][gc,heap     ] GC(432) DefNew: 11010K(12352K)->2K(12352K) Eden: 11008K(11008K)->0K(11008K) From: 2K(1344K)->2K(1344K)
[2025-12-16T20:44:44.684+0800][1.505s][info][gc,heap     ] GC(432) Tenured: 1245K(27328K)->1245K(27328K)
[2025-12-16T20:44:44.684+0800][1.505s][info][gc,metaspace] GC(432) Metaspace: 91K(320K)->91K(320K) NonClass: 83K(192K)->83K(192K) Class: 8K(128K)->8K(128K)
[2025-12-16T20:44:44.684+0800][1.505s][info][gc          ] GC(432) Pause Young (Allocation Failure) 11M->1M(38M) 0.025ms
[2025-12-16T20:44:44.684+0800][1.505s][info][gc,cpu      ] GC(432) User=0.00s Sys=0.00s Real=0.00s
[2025-12-16T20:44:44.687+0800][1.508s][info][gc,start    ] GC(433) Pause Young (Allocation Failure)
[2025-12-16T20:44:44.687+0800][1.508s][info][gc,heap     ] GC(433) DefNew: 11010K(12352K)->3K(12352K) Eden: 11008K(11008K)->0K(11008K) From: 2K(1344K)->3K(1344K)
[2025-12-16T20:44:44.687+0800][1.508s][info][gc,heap     ] GC(433) Tenured: 1245K(27328K)->1245K(27328K)
[2025-12-16T20:44:44.687+0800][1.508s][info][gc,metaspace] GC(433) Metaspace: 91K(320K)->91K(320K) NonClass: 83K(192K)->83K(192K) Class: 8K(128K)->8K(128K)
[2025-12-16T20:44:44.687+0800][1.508s][info][gc          ] GC(433) Pause Young (Allocation Failure) 11M->1M(38M) 0.026ms
[2025-12-16T20:44:44.687+0800][1.508s][info][gc,cpu      ] GC(433) User=0.00s Sys=0.00s Real=0.00s
[2025-12-16T20:44:44.690+0800][1.512s][info][gc,start    ] GC(434) Pause Young (Allocation Failure)
[2025-12-16T20:44:44.690+0800][1.512s][info][gc,heap     ] GC(434) DefNew: 11011K(12352K)->1K(12352K) Eden: 11008K(11008K)->0K(11008K) From: 3K(1344K)->1K(1344K)
[2025-12-16T20:44:44.690+0800][1.512s][info][gc,heap     ] GC(434) Tenured: 1245K(27328K)->1245K(27328K)
[2025-12-16T20:44:44.690+0800][1.512s][info][gc,metaspace] GC(434) Metaspace: 91K(320K)->91K(320K) NonClass: 83K(192K)->83K(192K) Class: 8K(128K)->8K(128K)
[2025-12-16T20:44:44.690+0800][1.512s][info][gc          ] GC(434) Pause Young (Allocation Failure) 11M->1M(38M) 0.025ms
[2025-12-16T20:44:44.690+0800][1.512s][info][gc,cpu      ] GC(434) User=0.00s Sys=0.00s Real=0.00s
[2025-12-16T20:44:44.694+0800][1.515s][info][gc,start    ] GC(435) Pause Young (Allocation Failure)
[2025-12-16T20:44:44.694+0800][1.515s][info][gc,heap     ] GC(435) DefNew: 11009K(12352K)->2K(12352K) Eden: 11008K(11008K)->0K(11008K) From: 1K(1344K)->2K(1344K)
[2025-12-16T20:44:44.694+0800][1.515s][info][gc,heap     ] GC(435) Tenured: 1245K(27328K)->1245K(27328K)
[2025-12-16T20:44:44.694+0800][1.515s][info][gc,metaspace] GC(435) Metaspace: 91K(320K)->91K(320K) NonClass: 83K(192K)->83K(192K) Class: 8K(128K)->8K(128K)
[2025-12-16T20:44:44.694+0800][1.515s][info][gc          ] GC(435) Pause Young (Allocation Failure) 11M->1M(38M) 0.024ms
[2025-12-16T20:44:44.694+0800][1.515s][info][gc,cpu      ] GC(435) User=0.00s Sys=0.00s Real=0.00s
[2025-12-16T20:44:44.697+0800][1.518s][info][gc,start    ] GC(436) Pause Young (Allocation Failure)
[2025-12-16T20:44:44.697+0800][1.518s][info][gc,heap     ] GC(436) DefNew: 11010K(12352K)->2K(12352K) Eden: 11008K(11008K)->0K(11008K) From: 2K(1344K)->2K(1344K)
[2025-12-16T20:44:44.697+0800][1.518s][info][gc,heap     ] GC(436) Tenured: 1245K(27328K)->1245K(27328K)
[2025-12-16T20:44:44.697+0800][1.519s][info][gc,metaspace] GC(436) Metaspace: 91K(320K)->91K(320K) NonClass: 83K(192K)->83K(192K) Class: 8K(128K)->8K(128K)
[2025-12-16T20:44:44.697+0800][1.519s][info][gc          ] GC(436) Pause Young (Allocation Failure) 11M->1M(38M) 0.024ms
[2025-12-16T20:44:44.697+0800][1.519s][info][gc,cpu      ] GC(436) User=0.00s Sys=0.00s Real=0.00s
[2025-12-16T20:44:44.700+0800][1.522s][info][gc,start    ] GC(437) Pause Young (Allocation Failure)
[2025-12-16T20:44:44.700+0800][1.522s][info][gc,heap     ] GC(437) DefNew: 11010K(12352K)->1K(12352K) Eden: 11008K(11008K)->0K(11008K) From: 2K(1344K)->1K(1344K)
[2025-12-16T20:44:44.700+0800][1.522s][info][gc,heap     ] GC(437) Tenured: 1245K(27328K)->1245K(27328K)
[2025-12-16T20:44:44.700+0800][1.522s][info][gc,metaspace] GC(437) Metaspace: 91K(320K)->91K(320K) NonClass: 83K(192K)->83K(192K) Class: 8K(128K)->8K(128K)
[2025-12-16T20:44:44.700+0800][1.522s][info][gc          ] GC(437) Pause Young (Allocation Failure) 11M->1M(38M) 0.023ms
[2025-12-16T20:44:44.700+0800][1.522s][info][gc,cpu      ] GC(437) User=0.00s Sys=0.00s Real=0.00s
[2025-12-16T20:44:44.704+0800][1.525s][info][gc,start    ] GC(438) Pause Young (Allocation Failure)
[2025-12-16T20:44:44.704+0800][1.525s][info][gc,heap     ] GC(438) DefNew: 11009K(12352K)->2K(12352K) Eden: 11008K(11008K)->0K(11008K) From: 1K(1344K)->2K(1344K)
[2025-12-16T20:44:44.704+0800][1.525s][info][gc,heap     ] GC(438) Tenured: 1245K(27328K)->1245K(27328K)
[2025-12-16T20:44:44.704+0800][1.525s][info][gc,metaspace] GC(438) Metaspace: 91K(320K)->91K(320K) NonClass: 83K(192K)->83K(192K) Class: 8K(128K)->8K(128K)
[2025-12-16T20:44:44.704+0800][1.525s][info][gc          ] GC(438) Pause Young (Allocation Failure) 11M->1M(38M) 0.026ms
[2025-12-16T20:44:44.704+0800][1.525s][info][gc,cpu      ] GC(438) User=0.00s Sys=0.00s Real=0.00s
[2025-12-16T20:44:44.707+0800][1.529s][info][gc,start    ] GC(439) Pause Young (Allocation Failure)
[2025-12-16T20:44:44.707+0800][1.529s][info][gc,heap     ] GC(439) DefNew: 11010K(12352K)->2K(12352K) Eden: 11008K(11008K)->0K(11008K) From: 2K(1344K)->2K(1344K)
[2025-12-16T20:44:44.707+0800][1.529s][info][gc,heap     ] GC(439) Tenured: 1245K(27328K)->1245K(27328K)
[2025-12-16T20:44:44.707+0800][1.529s][info][gc,metaspace] GC(439) Metaspace: 91K(320K)->91K(320K) NonClass: 83K(192K)->83K(192K) Class: 8K(128K)->8K(128K)
[2025-12-16T20:44:44.707+0800][1.529s][info][gc          ] GC(439) Pause Young (Allocation Failure) 11M->1M(38M) 0.024ms
[2025-12-16T20:44:44.707+0800][1.529s][info][gc,cpu      ] GC(439) User=0.00s Sys=0.00s Real=0.00s
[2025-12-16T20:44:44.711+0800][1.532s][info][gc,start    ] GC(440) Pause Young (Allocation Failure)
[2025-12-16T20:44:44.711+0800][1.532s][info][gc,heap     ] GC(440) DefNew: 11010K(12352K)->2K(12352K) Eden: 11008K(11008K)->0K(11008K) From: 2K(1344K)->2K(1344K)
[2025-12-16T20:44:44.711+0800][1.532s][info][gc,heap     ] GC(440) Tenured: 1245K(27328K)->1245K(27328K)
[2025-12-16T20:44:44.711+0800][1.532s][info][gc,metaspace] GC(440) Metaspace: 91K(320K)->91K(320K) NonClass: 83K(192K)->83K(192K) Class: 8K(128K)->8K(128K)
[2025-12-16T20:44:44.711+0800][1.532s][info][gc          ] GC(440) Pause Young (Allocation Failure) 11M->1M(38M) 0.024ms
[2025-12-16T20:44:44.711+0800][1.532s][info][gc,cpu      ] GC(440) User=0.00s Sys=0.00s Real=0.00s
[2025-12-16T20:44:44.714+0800][1.535s][info][gc,start    ] GC(441) Pause Young (Allocation Failure)
[2025-12-16T20:44:44.714+0800][1.535s][info][gc,heap     ] GC(441) DefNew: 11010K(12352K)->2K(12352K) Eden: 11008K(11008K)->0K(11008K) From: 2K(1344K)->2K(1344K)
[2025-12-16T20:44:44.714+0800][1.535s][info][gc,heap     ] GC(441) Tenured: 1245K(27328K)->1245K(27328K)
[2025-12-16T20:44:44.714+0800][1.535s][info][gc,metaspace] GC(441) Metaspace: 91K(320K)->91K(320K) NonClass: 83K(192K)->83K(192K) Class: 8K(128K)->8K(128K)
[2025-12-16T20:44:44.714+0800][1.535s][info][gc          ] GC(441) Pause Young (Allocation Failure) 11M->1M(38M) 0.024ms
[2025-12-16T20:44:44.714+0800][1.535s][info][gc,cpu      ] GC(441) User=0.00s Sys=0.00s Real=0.00s
[2025-12-16T20:44:44.717+0800][1.539s][info][gc,start    ] GC(442) Pause Young (Allocation Failure)
[2025-12-16T20:44:44.717+0800][1.539s][info][gc,heap     ] GC(442) DefNew: 11010K(12352K)->2K(12352K) Eden: 11008K(11008K)->0K(11008K) From: 2K(1344K)->2K(1344K)
[2025-12-16T20:44:44.717+0800][1.539s][info][gc,heap     ] GC(442) Tenured: 1245K(27328K)->1245K(27328K)
[2025-12-16T20:44:44.717+0800][1.539s][info][gc,metaspace] GC(442) Metaspace: 91K(320K)->91K(320K) NonClass: 83K(192K)->83K(192K) Class: 8K(128K)->8K(128K)
[2025-12-16T20:44:44.717+0800][1.539s][info][gc          ] GC(442) Pause Young (Allocation Failure) 11M->1M(38M) 0.024ms
[2025-12-16T20:44:44.717+0800][1.539s][info][gc,cpu      ] GC(442) User=0.00s Sys=0.00s Real=0.00s
[2025-12-16T20:44:44.721+0800][1.542s][info][gc,start    ] GC(443) Pause Young (Allocation Failure)
[2025-12-16T20:44:44.721+0800][1.542s][info][gc,heap     ] GC(443) DefNew: 11010K(12352K)->3K(12352K) Eden: 11008K(11008K)->0K(11008K) From: 2K(1344K)->3K(1344K)
[2025-12-16T20:44:44.721+0800][1.542s][info][gc,heap     ] GC(443) Tenured: 1245K(27328K)->1245K(27328K)
[2025-12-16T20:44:44.721+0800][1.542s][info][gc,metaspace] GC(443) Metaspace: 91K(320K)->91K(320K) NonClass: 83K(192K)->83K(192K) Class: 8K(128K)->8K(128K)
[2025-12-16T20:44:44.721+0800][1.542s][info][gc          ] GC(443) Pause Young (Allocation Failure) 11M->1M(38M) 0.024ms
[2025-12-16T20:44:44.721+0800][1.542s][info][gc,cpu      ] GC(443) User=0.00s Sys=0.00s Real=0.00s
[2025-12-16T20:44:44.724+0800][1.545s][info][gc,start    ] GC(444) Pause Young (Allocation Failure)
[2025-12-16T20:44:44.724+0800][1.545s][info][gc,heap     ] GC(444) DefNew: 11011K(12352K)->1K(12352K) Eden: 11008K(11008K)->0K(11008K) From: 3K(1344K)->1K(1344K)
[2025-12-16T20:44:44.724+0800][1.545s][info][gc,heap     ] GC(444) Tenured: 1245K(27328K)->1245K(27328K)
[2025-12-16T20:44:44.724+0800][1.545s][info][gc,metaspace] GC(444) Metaspace: 91K(320K)->91K(320K) NonClass: 83K(192K)->83K(192K) Class: 8K(128K)->8K(128K)
[2025-12-16T20:44:44.724+0800][1.545s][info][gc          ] GC(444) Pause Young (Allocation Failure) 11M->1M(38M) 0.024ms
[2025-12-16T20:44:44.724+0800][1.545s][info][gc,cpu      ] GC(444) User=0.00s Sys=0.00s Real=0.00s
[2025-12-16T20:44:44.727+0800][1.549s][info][gc,start    ] GC(445) Pause Young (Allocation Failure)
[2025-12-16T20:44:44.727+0800][1.549s][info][gc,heap     ] GC(445) DefNew: 11009K(12352K)->2K(12352K) Eden: 11008K(11008K)->0K(11008K) From: 1K(1344K)->2K(1344K)
[2025-12-16T20:44:44.727+0800][1.549s][info][gc,heap     ] GC(445) Tenured: 1245K(27328K)->1245K(27328K)
[2025-12-16T20:44:44.727+0800][1.549s][info][gc,metaspace] GC(445) Metaspace: 91K(320K)->91K(320K) NonClass: 83K(192K)->83K(192K) Class: 8K(128K)->8K(128K)
[2025-12-16T20:44:44.727+0800][1.549s][info][gc          ] GC(445) Pause Young (Allocation Failure) 11M->1M(38M) 0.024ms
[2025-12-16T20:44:44.727+0800][1.549s][info][gc,cpu      ] GC(445) User=0.00s Sys=0.00s Real=0.00s
[2025-12-16T20:44:44.731+0800][1.552s][info][gc,start    ] GC(446) Pause Young (Allocation Failure)
[2025-12-16T20:44:44.731+0800][1.552s][info][gc,heap     ] GC(446) DefNew: 11010K(12352K)->2K(12352K) Eden: 11008K(11008K)->0K(11008K) From: 2K(1344K)->2K(1344K)
[2025-12-16T20:44:44.731+0800][1.552s][info][gc,heap     ] GC(446) Tenured: 1245K(27328K)->1245K(27328K)
[2025-12-16T20:44:44.731+0800][1.552s][info][gc,metaspace] GC(446) Metaspace: 91K(320K)->91K(320K) NonClass: 83K(192K)->83K(192K) Class: 8K(128K)->8K(128K)
[2025-12-16T20:44:44.731+0800][1.552s][info][gc          ] GC(446) Pause Young (Allocation Failure) 11M->1M(38M) 0.023ms
[2025-12-16T20:44:44.731+0800][1.552s][info][gc,cpu      ] GC(446) User=0.00s Sys=0.00s Real=0.00s
[2025-12-16T20:44:44.734+0800][1.555s][info][gc,start    ] GC(447) Pause Young (Allocation Failure)
[2025-12-16T20:44:44.734+0800][1.555s][info][gc,heap     ] GC(447) DefNew: 11010K(12352K)->1K(12352K) Eden: 11008K(11008K)->0K(11008K) From: 2K(1344K)->1K(1344K)
[2025-12-16T20:44:44.734+0800][1.555s][info][gc,heap     ] GC(447) Tenured: 1245K(27328K)->1245K(27328K)
[2025-12-16T20:44:44.734+0800][1.555s][info][gc,metaspace] GC(447) Metaspace: 91K(320K)->91K(320K) NonClass: 83K(192K)->83K(192K) Class: 8K(128K)->8K(128K)
[2025-12-16T20:44:44.734+0800][1.555s][info][gc          ] GC(447) Pause Young (Allocation Failure) 11M->1M(38M) 0.025ms
[2025-12-16T20:44:44.734+0800][1.556s][info][gc,cpu      ] GC(447) User=0.00s Sys=0.00s Real=0.00s
[2025-12-16T20:44:44.737+0800][1.559s][info][gc,start    ] GC(448) Pause Young (Allocation Failure)
[2025-12-16T20:44:44.737+0800][1.559s][info][gc,heap     ] GC(448) DefNew: 11009K(12352K)->2K(12352K) Eden: 11008K(11008K)->0K(11008K) From: 1K(1344K)->2K(1344K)
[2025-12-16T20:44:44.737+0800][1.559s][info][gc,heap     ] GC(448) Tenured: 1245K(27328K)->1245K(27328K)
[2025-12-16T20:44:44.737+0800][1.559s][info][gc,metaspace] GC(448) Metaspace: 91K(320K)->91K(320K) NonClass: 83K(192K)->83K(192K) Class: 8K(128K)->8K(128K)
[2025-12-16T20:44:44.737+0800][1.559s][info][gc          ] GC(448) Pause Young (Allocation Failure) 11M->1M(38M) 0.024ms
[2025-12-16T20:44:44.737+0800][1.559s][info][gc,cpu      ] GC(448) User=0.00s Sys=0.00s Real=0.00s
[2025-12-16T20:44:44.741+0800][1.562s][info][gc,start    ] GC(449) Pause Young (Allocation Failure)
[2025-12-16T20:44:44.741+0800][1.562s][info][gc,heap     ] GC(449) DefNew: 11010K(12352K)->2K(12352K) Eden: 11008K(11008K)->0K(11008K) From: 2K(1344K)->2K(1344K)
[2025-12-16T20:44:44.741+0800][1.562s][info][gc,heap     ] GC(449) Tenured: 1245K(27328K)->1245K(27328K)
[2025-12-16T20:44:44.741+0800][1.562s][info][gc,metaspace] GC(449) Metaspace: 91K(320K)->91K(320K) NonClass: 83K(192K)->83K(192K) Class: 8K(128K)->8K(128K)
[2025-12-16T20:44:44.741+0800][1.562s][info][gc          ] GC(449) Pause Young (Allocation Failure) 11M->1M(38M) 0.024ms
[2025-12-16T20:44:44.741+0800][1.562s][info][gc,cpu      ] GC(449) User=0.00s Sys=0.00s Real=0.00s
[2025-12-16T20:44:44.744+0800][1.566s][info][gc,start    ] GC(450) Pause Young (Allocation Failure)
[2025-12-16T20:44:44.744+0800][1.566s][info][gc,heap     ] GC(450) DefNew: 11010K(12352K)->2K(12352K) Eden: 11008K(11008K)->0K(11008K) From: 2K(1344K)->2K(1344K)
[2025-12-16T20:44:44.744+0800][1.566s][info][gc,heap     ] GC(450) Tenured: 1245K(27328K)->1245K(27328K)
[2025-12-16T20:44:44.744+0800][1.566s][info][gc,metaspace] GC(450) Metaspace: 91K(320K)->91K(320K) NonClass: 83K(192K)->83K(192K) Class: 8K(128K)->8K(128K)
[2025-12-16T20:44:44.744+0800][1.566s][info][gc          ] GC(450) Pause Young (Allocation Failure) 11M->1M(38M) 0.023ms
[2025-12-16T20:44:44.744+0800][1.566s][info][gc,cpu      ] GC(450) User=0.00s Sys=0.00s Real=0.00s
[2025-12-16T20:44:44.748+0800][1.569s][info][gc,start    ] GC(451) Pause Young (Allocation Failure)
[2025-12-16T20:44:44.748+0800][1.569s][info][gc,heap     ] GC(451) DefNew: 11010K(12352K)->2K(12352K) Eden: 11008K(11008K)->0K(11008K) From: 2K(1344K)->2K(1344K)
[2025-12-16T20:44:44.748+0800][1.569s][info][gc,heap     ] GC(451) Tenured: 1245K(27328K)->1245K(27328K)
[2025-12-16T20:44:44.748+0800][1.569s][info][gc,metaspace] GC(451) Metaspace: 91K(320K)->91K(320K) NonClass: 83K(192K)->83K(192K) Class: 8K(128K)->8K(128K)
[2025-12-16T20:44:44.748+0800][1.569s][info][gc          ] GC(451) Pause Young (Allocation Failure) 11M->1M(38M) 0.024ms
[2025-12-16T20:44:44.748+0800][1.569s][info][gc,cpu      ] GC(451) User=0.00s Sys=0.00s Real=0.00s
[2025-12-16T20:44:44.751+0800][1.572s][info][gc,start    ] GC(452) Pause Young (Allocation Failure)
[2025-12-16T20:44:44.751+0800][1.572s][info][gc,heap     ] GC(452) DefNew: 11010K(12352K)->2K(12352K) Eden: 11008K(11008K)->0K(11008K) From: 2K(1344K)->2K(1344K)
[2025-12-16T20:44:44.751+0800][1.572s][info][gc,heap     ] GC(452) Tenured: 1245K(27328K)->1245K(27328K)
[2025-12-16T20:44:44.751+0800][1.572s][info][gc,metaspace] GC(452) Metaspace: 91K(320K)->91K(320K) NonClass: 83K(192K)->83K(192K) Class: 8K(128K)->8K(128K)
[2025-12-16T20:44:44.751+0800][1.572s][info][gc          ] GC(452) Pause Young (Allocation Failure) 11M->1M(38M) 0.024ms
[2025-12-16T20:44:44.751+0800][1.572s][info][gc,cpu      ] GC(452) User=0.00s Sys=0.00s Real=0.00s
[2025-12-16T20:44:44.754+0800][1.576s][info][gc,start    ] GC(453) Pause Young (Allocation Failure)
[2025-12-16T20:44:44.754+0800][1.576s][info][gc,heap     ] GC(453) DefNew: 11010K(12352K)->3K(12352K) Eden: 11008K(11008K)->0K(11008K) From: 2K(1344K)->3K(1344K)
[2025-12-16T20:44:44.754+0800][1.576s][info][gc,heap     ] GC(453) Tenured: 1245K(27328K)->1245K(27328K)
[2025-12-16T20:44:44.754+0800][1.576s][info][gc,metaspace] GC(453) Metaspace: 91K(320K)->91K(320K) NonClass: 83K(192K)->83K(192K) Class: 8K(128K)->8K(128K)
[2025-12-16T20:44:44.754+0800][1.576s][info][gc          ] GC(453) Pause Young (Allocation Failure) 11M->1M(38M) 0.024ms
[2025-12-16T20:44:44.754+0800][1.576s][info][gc,cpu      ] GC(453) User=0.00s Sys=0.00s Real=0.00s
[2025-12-16T20:44:44.758+0800][1.579s][info][gc,start    ] GC(454) Pause Young (Allocation Failure)
[2025-12-16T20:44:44.758+0800][1.579s][info][gc,heap     ] GC(454) DefNew: 11011K(12352K)->1K(12352K) Eden: 11008K(11008K)->0K(11008K) From: 3K(1344K)->1K(1344K)
[2025-12-16T20:44:44.758+0800][1.579s][info][gc,heap     ] GC(454) Tenured: 1245K(27328K)->1245K(27328K)
[2025-12-16T20:44:44.758+0800][1.579s][info][gc,metaspace] GC(454) Metaspace: 91K(320K)->91K(320K) NonClass: 83K(192K)->83K(192K) Class: 8K(128K)->8K(128K)
[2025-12-16T20:44:44.758+0800][1.579s][info][gc          ] GC(454) Pause Young (Allocation Failure) 11M->1M(38M) 0.024ms
[2025-12-16T20:44:44.758+0800][1.579s][info][gc,cpu      ] GC(454) User=0.00s Sys=0.00s Real=0.00s
[2025-12-16T20:44:44.761+0800][1.582s][info][gc,start    ] GC(455) Pause Young (Allocation Failure)
[2025-12-16T20:44:44.761+0800][1.582s][info][gc,heap     ] GC(455) DefNew: 11009K(12352K)->2K(12352K) Eden: 11008K(11008K)->0K(11008K) From: 1K(1344K)->2K(1344K)
[2025-12-16T20:44:44.761+0800][1.582s][info][gc,heap     ] GC(455) Tenured: 1245K(27328K)->1245K(27328K)
[2025-12-16T20:44:44.761+0800][1.582s][info][gc,metaspace] GC(455) Metaspace: 91K(320K)->91K(320K) NonClass: 83K(192K)->83K(192K) Class: 8K(128K)->8K(128K)
[2025-12-16T20:44:44.761+0800][1.582s][info][gc          ] GC(455) Pause Young (Allocation Failure) 11M->1M(38M) 0.024ms
[2025-12-16T20:44:44.761+0800][1.582s][info][gc,cpu      ] GC(455) User=0.00s Sys=0.00s Real=0.00s
[2025-12-16T20:44:44.764+0800][1.586s][info][gc,start    ] GC(456) Pause Young (Allocation Failure)
[2025-12-16T20:44:44.764+0800][1.586s][info][gc,heap     ] GC(456) DefNew: 11010K(12352K)->2K(12352K) Eden: 11008K(11008K)->0K(11008K) From: 2K(1344K)->2K(1344K)
[2025-12-16T20:44:44.764+0800][1.586s][info][gc,heap     ] GC(456) Tenured: 1245K(27328K)->1245K(27328K)
[2025-12-16T20:44:44.764+0800][1.586s][info][gc,metaspace] GC(456) Metaspace: 91K(320K)->91K(320K) NonClass: 83K(192K)->83K(192K) Class: 8K(128K)->8K(128K)
[2025-12-16T20:44:44.764+0800][1.586s][info][gc          ] GC(456) Pause Young (Allocation Failure) 11M->1M(38M) 0.024ms
[2025-12-16T20:44:44.764+0800][1.586s][info][gc,cpu      ] GC(456) User=0.00s Sys=0.00s Real=0.00s
[2025-12-16T20:44:44.768+0800][1.589s][info][gc,start    ] GC(457) Pause Young (Allocation Failure)
[2025-12-16T20:44:44.768+0800][1.589s][info][gc,heap     ] GC(457) DefNew: 11010K(12352K)->1K(12352K) Eden: 11008K(11008K)->0K(11008K) From: 2K(1344K)->1K(1344K)
[2025-12-16T20:44:44.768+0800][1.589s][info][gc,heap     ] GC(457) Tenured: 1245K(27328K)->1245K(27328K)
[2025-12-16T20:44:44.768+0800][1.589s][info][gc,metaspace] GC(457) Metaspace: 91K(320K)->91K(320K) NonClass: 83K(192K)->83K(192K) Class: 8K(128K)->8K(128K)
[2025-12-16T20:44:44.768+0800][1.589s][info][gc          ] GC(457) Pause Young (Allocation Failure) 11M->1M(38M) 0.023ms
[2025-12-16T20:44:44.768+0800][1.589s][info][gc,cpu      ] GC(457) User=0.00s Sys=0.00s Real=0.00s
[2025-12-16T20:44:44.771+0800][1.593s][info][gc,start    ] GC(458) Pause Young (Allocation Failure)
[2025-12-16T20:44:44.771+0800][1.593s][info][gc,heap     ] GC(458) DefNew: 11009K(12352K)->2K(12352K) Eden: 11008K(11008K)->0K(11008K) From: 1K(1344K)->2K(1344K)
[2025-12-16T20:44:44.771+0800][1.593s][info][gc,heap     ] GC(458) Tenured: 1245K(27328K)->1245K(27328K)
[2025-12-16T20:44:44.771+0800][1.593s][info][gc,metaspace] GC(458) Metaspace: 91K(320K)->91K(320K) NonClass: 83K(192K)->83K(192K) Class: 8K(128K)->8K(128K)
[2025-12-16T20:44:44.771+0800][1.593s][info][gc          ] GC(458) Pause Young (Allocation Failure) 11M->1M(38M) 0.024ms
[2025-12-16T20:44:44.771+0800][1.593s][info][gc,cpu      ] GC(458) User=0.00s Sys=0.00s Real=0.00s
[2025-12-16T20:44:44.774+0800][1.596s][info][gc,start    ] GC(459) Pause Young (Allocation Failure)
[2025-12-16T20:44:44.774+0800][1.596s][info][gc,heap     ] GC(459) DefNew: 11010K(12352K)->2K(12352K) Eden: 11008K(11008K)->0K(11008K) From: 2K(1344K)->2K(1344K)
[2025-12-16T20:44:44.774+0800][1.596s][info][gc,heap     ] GC(459) Tenured: 1245K(27328K)->1245K(27328K)
[2025-12-16T20:44:44.775+0800][1.596s][info][gc,metaspace] GC(459) Metaspace: 91K(320K)->91K(320K) NonClass: 83K(192K)->83K(192K) Class: 8K(128K)->8K(128K)
[2025-12-16T20:44:44.775+0800][1.596s][info][gc          ] GC(459) Pause Young (Allocation Failure) 11M->1M(38M) 0.023ms
[2025-12-16T20:44:44.775+0800][1.596s][info][gc,cpu      ] GC(459) User=0.00s Sys=0.00s Real=0.00s
[2025-12-16T20:44:44.778+0800][1.599s][info][gc,start    ] GC(460) Pause Young (Allocation Failure)
[2025-12-16T20:44:44.778+0800][1.599s][info][gc,heap     ] GC(460) DefNew: 11010K(12352K)->2K(12352K) Eden: 11008K(11008K)->0K(11008K) From: 2K(1344K)->2K(1344K)
[2025-12-16T20:44:44.778+0800][1.599s][info][gc,heap     ] GC(460) Tenured: 1245K(27328K)->1245K(27328K)
[2025-12-16T20:44:44.778+0800][1.599s][info][gc,metaspace] GC(460) Metaspace: 91K(320K)->91K(320K) NonClass: 83K(192K)->83K(192K) Class: 8K(128K)->8K(128K)
[2025-12-16T20:44:44.778+0800][1.599s][info][gc          ] GC(460) Pause Young (Allocation Failure) 11M->1M(38M) 0.024ms
[2025-12-16T20:44:44.778+0800][1.599s][info][gc,cpu      ] GC(460) User=0.00s Sys=0.00s Real=0.00s
[2025-12-16T20:44:44.781+0800][1.603s][info][gc,start    ] GC(461) Pause Young (Allocation Failure)
[2025-12-16T20:44:44.781+0800][1.603s][info][gc,heap     ] GC(461) DefNew: 11010K(12352K)->2K(12352K) Eden: 11008K(11008K)->0K(11008K) From: 2K(1344K)->2K(1344K)
[2025-12-16T20:44:44.781+0800][1.603s][info][gc,heap     ] GC(461) Tenured: 1245K(27328K)->1245K(27328K)
[2025-12-16T20:44:44.781+0800][1.603s][info][gc,metaspace] GC(461) Metaspace: 91K(320K)->91K(320K) NonClass: 83K(192K)->83K(192K) Class: 8K(128K)->8K(128K)
[2025-12-16T20:44:44.781+0800][1.603s][info][gc          ] GC(461) Pause Young (Allocation Failure) 11M->1M(38M) 0.024ms
[2025-12-16T20:44:44.781+0800][1.603s][info][gc,cpu      ] GC(461) User=0.00s Sys=0.00s Real=0.00s
[2025-12-16T20:44:44.785+0800][1.606s][info][gc,start    ] GC(462) Pause Young (Allocation Failure)
[2025-12-16T20:44:44.785+0800][1.606s][info][gc,heap     ] GC(462) DefNew: 11010K(12352K)->2K(12352K) Eden: 11008K(11008K)->0K(11008K) From: 2K(1344K)->2K(1344K)
[2025-12-16T20:44:44.785+0800][1.606s][info][gc,heap     ] GC(462) Tenured: 1245K(27328K)->1245K(27328K)
[2025-12-16T20:44:44.785+0800][1.606s][info][gc,metaspace] GC(462) Metaspace: 91K(320K)->91K(320K) NonClass: 83K(192K)->83K(192K) Class: 8K(128K)->8K(128K)
[2025-12-16T20:44:44.785+0800][1.606s][info][gc          ] GC(462) Pause Young (Allocation Failure) 11M->1M(38M) 0.024ms
[2025-12-16T20:44:44.785+0800][1.606s][info][gc,cpu      ] GC(462) User=0.00s Sys=0.00s Real=0.00s
[2025-12-16T20:44:44.788+0800][1.609s][info][gc,start    ] GC(463) Pause Young (Allocation Failure)
[2025-12-16T20:44:44.788+0800][1.609s][info][gc,heap     ] GC(463) DefNew: 11010K(12352K)->3K(12352K) Eden: 11008K(11008K)->0K(11008K) From: 2K(1344K)->3K(1344K)
[2025-12-16T20:44:44.788+0800][1.609s][info][gc,heap     ] GC(463) Tenured: 1245K(27328K)->1245K(27328K)
[2025-12-16T20:44:44.788+0800][1.609s][info][gc,metaspace] GC(463) Metaspace: 91K(320K)->91K(320K) NonClass: 83K(192K)->83K(192K) Class: 8K(128K)->8K(128K)
[2025-12-16T20:44:44.788+0800][1.609s][info][gc          ] GC(463) Pause Young (Allocation Failure) 11M->1M(38M) 0.024ms
[2025-12-16T20:44:44.788+0800][1.609s][info][gc,cpu      ] GC(463) User=0.00s Sys=0.00s Real=0.00s
[2025-12-16T20:44:44.791+0800][1.613s][info][gc,start    ] GC(464) Pause Young (Allocation Failure)
[2025-12-16T20:44:44.791+0800][1.613s][info][gc,heap     ] GC(464) DefNew: 11011K(12352K)->1K(12352K) Eden: 11008K(11008K)->0K(11008K) From: 3K(1344K)->1K(1344K)
[2025-12-16T20:44:44.791+0800][1.613s][info][gc,heap     ] GC(464) Tenured: 1245K(27328K)->1245K(27328K)
[2025-12-16T20:44:44.791+0800][1.613s][info][gc,metaspace] GC(464) Metaspace: 91K(320K)->91K(320K) NonClass: 83K(192K)->83K(192K) Class: 8K(128K)->8K(128K)
[2025-12-16T20:44:44.791+0800][1.613s][info][gc          ] GC(464) Pause Young (Allocation Failure) 11M->1M(38M) 0.024ms
[2025-12-16T20:44:44.791+0800][1.613s][info][gc,cpu      ] GC(464) User=0.00s Sys=0.00s Real=0.00s
[2025-12-16T20:44:44.795+0800][1.616s][info][gc,start    ] GC(465) Pause Young (Allocation Failure)
[2025-12-16T20:44:44.795+0800][1.616s][info][gc,heap     ] GC(465) DefNew: 11009K(12352K)->2K(12352K) Eden: 11008K(11008K)->0K(11008K) From: 1K(1344K)->2K(1344K)
[2025-12-16T20:44:44.795+0800][1.616s][info][gc,heap     ] GC(465) Tenured: 1245K(27328K)->1245K(27328K)
[2025-12-16T20:44:44.795+0800][1.616s][info][gc,metaspace] GC(465) Metaspace: 91K(320K)->91K(320K) NonClass: 83K(192K)->83K(192K) Class: 8K(128K)->8K(128K)
[2025-12-16T20:44:44.795+0800][1.616s][info][gc          ] GC(465) Pause Young (Allocation Failure) 11M->1M(38M) 0.023ms
[2025-12-16T20:44:44.795+0800][1.616s][info][gc,cpu      ] GC(465) User=0.00s Sys=0.00s Real=0.00s
[2025-12-16T20:44:44.798+0800][1.619s][info][gc,start    ] GC(466) Pause Young (Allocation Failure)
[2025-12-16T20:44:44.798+0800][1.619s][info][gc,heap     ] GC(466) DefNew: 11010K(12352K)->2K(12352K) Eden: 11008K(11008K)->0K(11008K) From: 2K(1344K)->2K(1344K)
[2025-12-16T20:44:44.798+0800][1.619s][info][gc,heap     ] GC(466) Tenured: 1245K(27328K)->1245K(27328K)
[2025-12-16T20:44:44.798+0800][1.619s][info][gc,metaspace] GC(466) Metaspace: 91K(320K)->91K(320K) NonClass: 83K(192K)->83K(192K) Class: 8K(128K)->8K(128K)
[2025-12-16T20:44:44.798+0800][1.619s][info][gc          ] GC(466) Pause Young (Allocation Failure) 11M->1M(38M) 0.034ms
[2025-12-16T20:44:44.798+0800][1.619s][info][gc,cpu      ] GC(466) User=0.00s Sys=0.00s Real=0.00s
[2025-12-16T20:44:44.801+0800][1.623s][info][gc,start    ] GC(467) Pause Young (Allocation Failure)
[2025-12-16T20:44:44.801+0800][1.623s][info][gc,heap     ] GC(467) DefNew: 11010K(12352K)->1K(12352K) Eden: 11008K(11008K)->0K(11008K) From: 2K(1344K)->1K(1344K)
[2025-12-16T20:44:44.801+0800][1.623s][info][gc,heap     ] GC(467) Tenured: 1245K(27328K)->1245K(27328K)
[2025-12-16T20:44:44.801+0800][1.623s][info][gc,metaspace] GC(467) Metaspace: 91K(320K)->91K(320K) NonClass: 83K(192K)->83K(192K) Class: 8K(128K)->8K(128K)
[2025-12-16T20:44:44.801+0800][1.623s][info][gc          ] GC(467) Pause Young (Allocation Failure) 11M->1M(38M) 0.025ms
[2025-12-16T20:44:44.801+0800][1.623s][info][gc,cpu      ] GC(467) User=0.00s Sys=0.00s Real=0.00s
[2025-12-16T20:44:44.805+0800][1.626s][info][gc,start    ] GC(468) Pause Young (Allocation Failure)
[2025-12-16T20:44:44.805+0800][1.626s][info][gc,heap     ] GC(468) DefNew: 11009K(12352K)->2K(12352K) Eden: 11008K(11008K)->0K(11008K) From: 1K(1344K)->2K(1344K)
[2025-12-16T20:44:44.805+0800][1.626s][info][gc,heap     ] GC(468) Tenured: 1245K(27328K)->1245K(27328K)
[2025-12-16T20:44:44.805+0800][1.626s][info][gc,metaspace] GC(468) Metaspace: 91K(320K)->91K(320K) NonClass: 83K(192K)->83K(192K) Class: 8K(128K)->8K(128K)
[2025-12-16T20:44:44.805+0800][1.626s][info][gc          ] GC(468) Pause Young (Allocation Failure) 11M->1M(38M) 0.024ms
[2025-12-16T20:44:44.805+0800][1.626s][info][gc,cpu      ] GC(468) User=0.00s Sys=0.00s Real=0.00s
[2025-12-16T20:44:44.808+0800][1.630s][info][gc,start    ] GC(469) Pause Young (Allocation Failure)
[2025-12-16T20:44:44.808+0800][1.630s][info][gc,heap     ] GC(469) DefNew: 11010K(12352K)->2K(12352K) Eden: 11008K(11008K)->0K(11008K) From: 2K(1344K)->2K(1344K)
[2025-12-16T20:44:44.808+0800][1.630s][info][gc,heap     ] GC(469) Tenured: 1245K(27328K)->1245K(27328K)
[2025-12-16T20:44:44.808+0800][1.630s][info][gc,metaspace] GC(469) Metaspace: 91K(320K)->91K(320K) NonClass: 83K(192K)->83K(192K) Class: 8K(128K)->8K(128K)
[2025-12-16T20:44:44.808+0800][1.630s][info][gc          ] GC(469) Pause Young (Allocation Failure) 11M->1M(38M) 0.024ms
[2025-12-16T20:44:44.808+0800][1.630s][info][gc,cpu      ] GC(469) User=0.00s Sys=0.00s Real=0.00s
[2025-12-16T20:44:44.812+0800][1.633s][info][gc,start    ] GC(470) Pause Young (Allocation Failure)
[2025-12-16T20:44:44.812+0800][1.633s][info][gc,heap     ] GC(470) DefNew: 11010K(12352K)->2K(12352K) Eden: 11008K(11008K)->0K(11008K) From: 2K(1344K)->2K(1344K)
[2025-12-16T20:44:44.812+0800][1.633s][info][gc,heap     ] GC(470) Tenured: 1245K(27328K)->1245K(27328K)
[2025-12-16T20:44:44.812+0800][1.633s][info][gc,metaspace] GC(470) Metaspace: 91K(320K)->91K(320K) NonClass: 83K(192K)->83K(192K) Class: 8K(128K)->8K(128K)
[2025-12-16T20:44:44.812+0800][1.633s][info][gc          ] GC(470) Pause Young (Allocation Failure) 11M->1M(38M) 0.024ms
[2025-12-16T20:44:44.812+0800][1.633s][info][gc,cpu      ] GC(470) User=0.00s Sys=0.00s Real=0.00s
[2025-12-16T20:44:44.815+0800][1.636s][info][gc,start    ] GC(471) Pause Young (Allocation Failure)
[2025-12-16T20:44:44.815+0800][1.636s][info][gc,heap     ] GC(471) DefNew: 11010K(12352K)->2K(12352K) Eden: 11008K(11008K)->0K(11008K) From: 2K(1344K)->2K(1344K)
[2025-12-16T20:44:44.815+0800][1.636s][info][gc,heap     ] GC(471) Tenured: 1245K(27328K)->1245K(27328K)
[2025-12-16T20:44:44.815+0800][1.636s][info][gc,metaspace] GC(471) Metaspace: 91K(320K)->91K(320K) NonClass: 83K(192K)->83K(192K) Class: 8K(128K)->8K(128K)
[2025-12-16T20:44:44.815+0800][1.636s][info][gc          ] GC(471) Pause Young (Allocation Failure) 11M->1M(38M) 0.024ms
[2025-12-16T20:44:44.815+0800][1.636s][info][gc,cpu      ] GC(471) User=0.00s Sys=0.00s Real=0.00s
[2025-12-16T20:44:44.818+0800][1.640s][info][gc,start    ] GC(472) Pause Young (Allocation Failure)
[2025-12-16T20:44:44.818+0800][1.640s][info][gc,heap     ] GC(472) DefNew: 11010K(12352K)->2K(12352K) Eden: 11008K(11008K)->0K(11008K) From: 2K(1344K)->2K(1344K)
[2025-12-16T20:44:44.818+0800][1.640s][info][gc,heap     ] GC(472) Tenured: 1245K(27328K)->1245K(27328K)
[2025-12-16T20:44:44.818+0800][1.640s][info][gc,metaspace] GC(472) Metaspace: 91K(320K)->91K(320K) NonClass: 83K(192K)->83K(192K) Class: 8K(128K)->8K(128K)
[2025-12-16T20:44:44.818+0800][1.640s][info][gc          ] GC(472) Pause Young (Allocation Failure) 11M->1M(38M) 0.024ms
[2025-12-16T20:44:44.818+0800][1.640s][info][gc,cpu      ] GC(472) User=0.00s Sys=0.00s Real=0.00s
[2025-12-16T20:44:44.822+0800][1.643s][info][gc,start    ] GC(473) Pause Young (Allocation Failure)
[2025-12-16T20:44:44.822+0800][1.643s][info][gc,heap     ] GC(473) DefNew: 11010K(12352K)->3K(12352K) Eden: 11008K(11008K)->0K(11008K) From: 2K(1344K)->3K(1344K)
[2025-12-16T20:44:44.822+0800][1.643s][info][gc,heap     ] GC(473) Tenured: 1245K(27328K)->1245K(27328K)
[2025-12-16T20:44:44.822+0800][1.643s][info][gc,metaspace] GC(473) Metaspace: 91K(320K)->91K(320K) NonClass: 83K(192K)->83K(192K) Class: 8K(128K)->8K(128K)
[2025-12-16T20:44:44.822+0800][1.643s][info][gc          ] GC(473) Pause Young (Allocation Failure) 11M->1M(38M) 0.024ms
[2025-12-16T20:44:44.822+0800][1.643s][info][gc,cpu      ] GC(473) User=0.00s Sys=0.00s Real=0.00s
[2025-12-16T20:44:44.825+0800][1.646s][info][gc,start    ] GC(474) Pause Young (Allocation Failure)
[2025-12-16T20:44:44.825+0800][1.646s][info][gc,heap     ] GC(474) DefNew: 11011K(12352K)->1K(12352K) Eden: 11008K(11008K)->0K(11008K) From: 3K(1344K)->1K(1344K)
[2025-12-16T20:44:44.825+0800][1.646s][info][gc,heap     ] GC(474) Tenured: 1245K(27328K)->1245K(27328K)
[2025-12-16T20:44:44.825+0800][1.646s][info][gc,metaspace] GC(474) Metaspace: 91K(320K)->91K(320K) NonClass: 83K(192K)->83K(192K) Class: 8K(128K)->8K(128K)
[2025-12-16T20:44:44.825+0800][1.646s][info][gc          ] GC(474) Pause Young (Allocation Failure) 11M->1M(38M) 0.024ms
[2025-12-16T20:44:44.825+0800][1.646s][info][gc,cpu      ] GC(474) User=0.00s Sys=0.00s Real=0.00s
[2025-12-16T20:44:44.828+0800][1.650s][info][gc,start    ] GC(475) Pause Young (Allocation Failure)
[2025-12-16T20:44:44.828+0800][1.650s][info][gc,heap     ] GC(475) DefNew: 11009K(12352K)->2K(12352K) Eden: 11008K(11008K)->0K(11008K) From: 1K(1344K)->2K(1344K)
[2025-12-16T20:44:44.828+0800][1.650s][info][gc,heap     ] GC(475) Tenured: 1245K(27328K)->1245K(27328K)
[2025-12-16T20:44:44.828+0800][1.650s][info][gc,metaspace] GC(475) Metaspace: 91K(320K)->91K(320K) NonClass: 83K(192K)->83K(192K) Class: 8K(128K)->8K(128K)
[2025-12-16T20:44:44.828+0800][1.650s][info][gc          ] GC(475) Pause Young (Allocation Failure) 11M->1M(38M) 0.024ms
[2025-12-16T20:44:44.828+0800][1.650s][info][gc,cpu      ] GC(475) User=0.00s Sys=0.00s Real=0.00s
[2025-12-16T20:44:44.832+0800][1.653s][info][gc,start    ] GC(476) Pause Young (Allocation Failure)
[2025-12-16T20:44:44.832+0800][1.653s][info][gc,heap     ] GC(476) DefNew: 11010K(12352K)->2K(12352K) Eden: 11008K(11008K)->0K(11008K) From: 2K(1344K)->2K(1344K)
[2025-12-16T20:44:44.832+0800][1.653s][info][gc,heap     ] GC(476) Tenured: 1245K(27328K)->1245K(27328K)
[2025-12-16T20:44:44.832+0800][1.653s][info][gc,metaspace] GC(476) Metaspace: 91K(320K)->91K(320K) NonClass: 83K(192K)->83K(192K) Class: 8K(128K)->8K(128K)
[2025-12-16T20:44:44.832+0800][1.653s][info][gc          ] GC(476) Pause Young (Allocation Failure) 11M->1M(38M) 0.024ms
[2025-12-16T20:44:44.832+0800][1.653s][info][gc,cpu      ] GC(476) User=0.00s Sys=0.00s Real=0.00s
[2025-12-16T20:44:44.835+0800][1.657s][info][gc,start    ] GC(477) Pause Young (Allocation Failure)
[2025-12-16T20:44:44.835+0800][1.657s][info][gc,heap     ] GC(477) DefNew: 11010K(12352K)->1K(12352K) Eden: 11008K(11008K)->0K(11008K) From: 2K(1344K)->1K(1344K)
[2025-12-16T20:44:44.835+0800][1.657s][info][gc,heap     ] GC(477) Tenured: 1245K(27328K)->1245K(27328K)
[2025-12-16T20:44:44.835+0800][1.657s][info][gc,metaspace] GC(477) Metaspace: 91K(320K)->91K(320K) NonClass: 83K(192K)->83K(192K) Class: 8K(128K)->8K(128K)
[2025-12-16T20:44:44.835+0800][1.657s][info][gc          ] GC(477) Pause Young (Allocation Failure) 11M->1M(38M) 0.023ms
[2025-12-16T20:44:44.835+0800][1.657s][info][gc,cpu      ] GC(477) User=0.00s Sys=0.00s Real=0.00s
[2025-12-16T20:44:44.838+0800][1.660s][info][gc,start    ] GC(478) Pause Young (Allocation Failure)
[2025-12-16T20:44:44.839+0800][1.660s][info][gc,heap     ] GC(478) DefNew: 11009K(12352K)->2K(12352K) Eden: 11008K(11008K)->0K(11008K) From: 1K(1344K)->2K(1344K)
[2025-12-16T20:44:44.839+0800][1.660s][info][gc,heap     ] GC(478) Tenured: 1245K(27328K)->1245K(27328K)
[2025-12-16T20:44:44.839+0800][1.660s][info][gc,metaspace] GC(478) Metaspace: 91K(320K)->91K(320K) NonClass: 83K(192K)->83K(192K) Class: 8K(128K)->8K(128K)
[2025-12-16T20:44:44.839+0800][1.660s][info][gc          ] GC(478) Pause Young (Allocation Failure) 11M->1M(38M) 0.023ms
[2025-12-16T20:44:44.839+0800][1.660s][info][gc,cpu      ] GC(478) User=0.00s Sys=0.00s Real=0.00s
[2025-12-16T20:44:44.842+0800][1.663s][info][gc,start    ] GC(479) Pause Young (Allocation Failure)
[2025-12-16T20:44:44.842+0800][1.663s][info][gc,heap     ] GC(479) DefNew: 11010K(12352K)->2K(12352K) Eden: 11008K(11008K)->0K(11008K) From: 2K(1344K)->2K(1344K)
[2025-12-16T20:44:44.842+0800][1.663s][info][gc,heap     ] GC(479) Tenured: 1245K(27328K)->1245K(27328K)
[2025-12-16T20:44:44.842+0800][1.663s][info][gc,metaspace] GC(479) Metaspace: 91K(320K)->91K(320K) NonClass: 83K(192K)->83K(192K) Class: 8K(128K)->8K(128K)
[2025-12-16T20:44:44.842+0800][1.663s][info][gc          ] GC(479) Pause Young (Allocation Failure) 11M->1M(38M) 0.024ms
[2025-12-16T20:44:44.842+0800][1.663s][info][gc,cpu      ] GC(479) User=0.00s Sys=0.00s Real=0.00s
[2025-12-16T20:44:44.845+0800][1.667s][info][gc,start    ] GC(480) Pause Young (Allocation Failure)
[2025-12-16T20:44:44.845+0800][1.667s][info][gc,heap     ] GC(480) DefNew: 11010K(12352K)->2K(12352K) Eden: 11008K(11008K)->0K(11008K) From: 2K(1344K)->2K(1344K)
[2025-12-16T20:44:44.845+0800][1.667s][info][gc,heap     ] GC(480) Tenured: 1245K(27328K)->1245K(27328K)
[2025-12-16T20:44:44.845+0800][1.667s][info][gc,metaspace] GC(480) Metaspace: 91K(320K)->91K(320K) NonClass: 83K(192K)->83K(192K) Class: 8K(128K)->8K(128K)
[2025-12-16T20:44:44.845+0800][1.667s][info][gc          ] GC(480) Pause Young (Allocation Failure) 11M->1M(38M) 0.024ms
[2025-12-16T20:44:44.845+0800][1.667s][info][gc,cpu      ] GC(480) User=0.00s Sys=0.00s Real=0.00s
[2025-12-16T20:44:44.849+0800][1.670s][info][gc,start    ] GC(481) Pause Young (Allocation Failure)
[2025-12-16T20:44:44.849+0800][1.670s][info][gc,heap     ] GC(481) DefNew: 11010K(12352K)->2K(12352K) Eden: 11008K(11008K)->0K(11008K) From: 2K(1344K)->2K(1344K)
[2025-12-16T20:44:44.849+0800][1.670s][info][gc,heap     ] GC(481) Tenured: 1245K(27328K)->1245K(27328K)
[2025-12-16T20:44:44.849+0800][1.670s][info][gc,metaspace] GC(481) Metaspace: 91K(320K)->91K(320K) NonClass: 83K(192K)->83K(192K) Class: 8K(128K)->8K(128K)
[2025-12-16T20:44:44.849+0800][1.670s][info][gc          ] GC(481) Pause Young (Allocation Failure) 11M->1M(38M) 0.024ms
[2025-12-16T20:44:44.849+0800][1.670s][info][gc,cpu      ] GC(481) User=0.00s Sys=0.00s Real=0.00s
[2025-12-16T20:44:44.852+0800][1.673s][info][gc,start    ] GC(482) Pause Young (Allocation Failure)
[2025-12-16T20:44:44.852+0800][1.673s][info][gc,heap     ] GC(482) DefNew: 11010K(12352K)->2K(12352K) Eden: 11008K(11008K)->0K(11008K) From: 2K(1344K)->2K(1344K)
[2025-12-16T20:44:44.852+0800][1.673s][info][gc,heap     ] GC(482) Tenured: 1245K(27328K)->1245K(27328K)
[2025-12-16T20:44:44.852+0800][1.673s][info][gc,metaspace] GC(482) Metaspace: 91K(320K)->91K(320K) NonClass: 83K(192K)->83K(192K) Class: 8K(128K)->8K(128K)
[2025-12-16T20:44:44.852+0800][1.673s][info][gc          ] GC(482) Pause Young (Allocation Failure) 11M->1M(38M) 0.024ms
[2025-12-16T20:44:44.852+0800][1.673s][info][gc,cpu      ] GC(482) User=0.00s Sys=0.00s Real=0.00s
[2025-12-16T20:44:44.855+0800][1.677s][info][gc,start    ] GC(483) Pause Young (Allocation Failure)
[2025-12-16T20:44:44.855+0800][1.677s][info][gc,heap     ] GC(483) DefNew: 11010K(12352K)->3K(12352K) Eden: 11008K(11008K)->0K(11008K) From: 2K(1344K)->3K(1344K)
[2025-12-16T20:44:44.855+0800][1.677s][info][gc,heap     ] GC(483) Tenured: 1245K(27328K)->1245K(27328K)
[2025-12-16T20:44:44.855+0800][1.677s][info][gc,metaspace] GC(483) Metaspace: 91K(320K)->91K(320K) NonClass: 83K(192K)->83K(192K) Class: 8K(128K)->8K(128K)
[2025-12-16T20:44:44.855+0800][1.677s][info][gc          ] GC(483) Pause Young (Allocation Failure) 11M->1M(38M) 0.025ms
[2025-12-16T20:44:44.855+0800][1.677s][info][gc,cpu      ] GC(483) User=0.00s Sys=0.00s Real=0.00s
[2025-12-16T20:44:44.859+0800][1.680s][info][gc,start    ] GC(484) Pause Young (Allocation Failure)
[2025-12-16T20:44:44.859+0800][1.680s][info][gc,heap     ] GC(484) DefNew: 11011K(12352K)->1K(12352K) Eden: 11008K(11008K)->0K(11008K) From: 3K(1344K)->1K(1344K)
[2025-12-16T20:44:44.859+0800][1.680s][info][gc,heap     ] GC(484) Tenured: 1245K(27328K)->1245K(27328K)
[2025-12-16T20:44:44.859+0800][1.680s][info][gc,metaspace] GC(484) Metaspace: 91K(320K)->91K(320K) NonClass: 83K(192K)->83K(192K) Class: 8K(128K)->8K(128K)
[2025-12-16T20:44:44.859+0800][1.680s][info][gc          ] GC(484) Pause Young (Allocation Failure) 11M->1M(38M) 0.023ms
[2025-12-16T20:44:44.859+0800][1.680s][info][gc,cpu      ] GC(484) User=0.00s Sys=0.00s Real=0.00s
[2025-12-16T20:44:44.862+0800][1.683s][info][gc,start    ] GC(485) Pause Young (Allocation Failure)
[2025-12-16T20:44:44.862+0800][1.683s][info][gc,heap     ] GC(485) DefNew: 11009K(12352K)->2K(12352K) Eden: 11008K(11008K)->0K(11008K) From: 1K(1344K)->2K(1344K)
[2025-12-16T20:44:44.862+0800][1.683s][info][gc,heap     ] GC(485) Tenured: 1245K(27328K)->1245K(27328K)
[2025-12-16T20:44:44.862+0800][1.683s][info][gc,metaspace] GC(485) Metaspace: 91K(320K)->91K(320K) NonClass: 83K(192K)->83K(192K) Class: 8K(128K)->8K(128K)
[2025-12-16T20:44:44.862+0800][1.683s][info][gc          ] GC(485) Pause Young (Allocation Failure) 11M->1M(38M) 0.023ms
[2025-12-16T20:44:44.862+0800][1.683s][info][gc,cpu      ] GC(485) User=0.00s Sys=0.00s Real=0.00s
[2025-12-16T20:44:44.865+0800][1.687s][info][gc,start    ] GC(486) Pause Young (Allocation Failure)
[2025-12-16T20:44:44.865+0800][1.687s][info][gc,heap     ] GC(486) DefNew: 11010K(12352K)->2K(12352K) Eden: 11008K(11008K)->0K(11008K) From: 2K(1344K)->2K(1344K)
[2025-12-16T20:44:44.865+0800][1.687s][info][gc,heap     ] GC(486) Tenured: 1245K(27328K)->1245K(27328K)
[2025-12-16T20:44:44.865+0800][1.687s][info][gc,metaspace] GC(486) Metaspace: 91K(320K)->91K(320K) NonClass: 83K(192K)->83K(192K) Class: 8K(128K)->8K(128K)
[2025-12-16T20:44:44.865+0800][1.687s][info][gc          ] GC(486) Pause Young (Allocation Failure) 11M->1M(38M) 0.024ms
[2025-12-16T20:44:44.865+0800][1.687s][info][gc,cpu      ] GC(486) User=0.00s Sys=0.00s Real=0.00s
[2025-12-16T20:44:44.869+0800][1.690s][info][gc,start    ] GC(487) Pause Young (Allocation Failure)
[2025-12-16T20:44:44.869+0800][1.690s][info][gc,heap     ] GC(487) DefNew: 11010K(12352K)->1K(12352K) Eden: 11008K(11008K)->0K(11008K) From: 2K(1344K)->1K(1344K)
[2025-12-16T20:44:44.869+0800][1.690s][info][gc,heap     ] GC(487) Tenured: 1245K(27328K)->1245K(27328K)
[2025-12-16T20:44:44.869+0800][1.690s][info][gc,metaspace] GC(487) Metaspace: 91K(320K)->91K(320K) NonClass: 83K(192K)->83K(192K) Class: 8K(128K)->8K(128K)
[2025-12-16T20:44:44.869+0800][1.690s][info][gc          ] GC(487) Pause Young (Allocation Failure) 11M->1M(38M) 0.024ms
[2025-12-16T20:44:44.869+0800][1.690s][info][gc,cpu      ] GC(487) User=0.00s Sys=0.00s Real=0.00s
[2025-12-16T20:44:44.872+0800][1.694s][info][gc,start    ] GC(488) Pause Young (Allocation Failure)
[2025-12-16T20:44:44.872+0800][1.694s][info][gc,heap     ] GC(488) DefNew: 11009K(12352K)->2K(12352K) Eden: 11008K(11008K)->0K(11008K) From: 1K(1344K)->2K(1344K)
[2025-12-16T20:44:44.872+0800][1.694s][info][gc,heap     ] GC(488) Tenured: 1245K(27328K)->1245K(27328K)
[2025-12-16T20:44:44.872+0800][1.694s][info][gc,metaspace] GC(488) Metaspace: 91K(320K)->91K(320K) NonClass: 83K(192K)->83K(192K) Class: 8K(128K)->8K(128K)
[2025-12-16T20:44:44.872+0800][1.694s][info][gc          ] GC(488) Pause Young (Allocation Failure) 11M->1M(38M) 0.024ms
[2025-12-16T20:44:44.872+0800][1.694s][info][gc,cpu      ] GC(488) User=0.00s Sys=0.00s Real=0.00s
[2025-12-16T20:44:44.876+0800][1.697s][info][gc,start    ] GC(489) Pause Young (Allocation Failure)
[2025-12-16T20:44:44.876+0800][1.697s][info][gc,heap     ] GC(489) DefNew: 11010K(12352K)->2K(12352K) Eden: 11008K(11008K)->0K(11008K) From: 2K(1344K)->2K(1344K)
[2025-12-16T20:44:44.876+0800][1.697s][info][gc,heap     ] GC(489) Tenured: 1245K(27328K)->1245K(27328K)
[2025-12-16T20:44:44.876+0800][1.697s][info][gc,metaspace] GC(489) Metaspace: 91K(320K)->91K(320K) NonClass: 83K(192K)->83K(192K) Class: 8K(128K)->8K(128K)
[2025-12-16T20:44:44.876+0800][1.697s][info][gc          ] GC(489) Pause Young (Allocation Failure) 11M->1M(38M) 0.024ms
[2025-12-16T20:44:44.876+0800][1.697s][info][gc,cpu      ] GC(489) User=0.00s Sys=0.00s Real=0.00s
[2025-12-16T20:44:44.879+0800][1.700s][info][gc,start    ] GC(490) Pause Young (Allocation Failure)
[2025-12-16T20:44:44.879+0800][1.700s][info][gc,heap     ] GC(490) DefNew: 11010K(12352K)->2K(12352K) Eden: 11008K(11008K)->0K(11008K) From: 2K(1344K)->2K(1344K)
[2025-12-16T20:44:44.879+0800][1.700s][info][gc,heap     ] GC(490) Tenured: 1245K(27328K)->1245K(27328K)
[2025-12-16T20:44:44.879+0800][1.700s][info][gc,metaspace] GC(490) Metaspace: 91K(320K)->91K(320K) NonClass: 83K(192K)->83K(192K) Class: 8K(128K)->8K(128K)
[2025-12-16T20:44:44.879+0800][1.700s][info][gc          ] GC(490) Pause Young (Allocation Failure) 11M->1M(38M) 0.024ms
[2025-12-16T20:44:44.879+0800][1.700s][info][gc,cpu      ] GC(490) User=0.00s Sys=0.00s Real=0.00s
[2025-12-16T20:44:44.882+0800][1.704s][info][gc,start    ] GC(491) Pause Young (Allocation Failure)
[2025-12-16T20:44:44.882+0800][1.704s][info][gc,heap     ] GC(491) DefNew: 11010K(12352K)->2K(12352K) Eden: 11008K(11008K)->0K(11008K) From: 2K(1344K)->2K(1344K)
[2025-12-16T20:44:44.882+0800][1.704s][info][gc,heap     ] GC(491) Tenured: 1245K(27328K)->1245K(27328K)
[2025-12-16T20:44:44.882+0800][1.704s][info][gc,metaspace] GC(491) Metaspace: 91K(320K)->91K(320K) NonClass: 83K(192K)->83K(192K) Class: 8K(128K)->8K(128K)
[2025-12-16T20:44:44.882+0800][1.704s][info][gc          ] GC(491) Pause Young (Allocation Failure) 11M->1M(38M) 0.023ms
[2025-12-16T20:44:44.882+0800][1.704s][info][gc,cpu      ] GC(491) User=0.00s Sys=0.00s Real=0.00s
[2025-12-16T20:44:44.886+0800][1.707s][info][gc,start    ] GC(492) Pause Young (Allocation Failure)
[2025-12-16T20:44:44.886+0800][1.707s][info][gc,heap     ] GC(492) DefNew: 11010K(12352K)->2K(12352K) Eden: 11008K(11008K)->0K(11008K) From: 2K(1344K)->2K(1344K)
[2025-12-16T20:44:44.886+0800][1.707s][info][gc,heap     ] GC(492) Tenured: 1245K(27328K)->1245K(27328K)
[2025-12-16T20:44:44.886+0800][1.707s][info][gc,metaspace] GC(492) Metaspace: 91K(320K)->91K(320K) NonClass: 83K(192K)->83K(192K) Class: 8K(128K)->8K(128K)
[2025-12-16T20:44:44.886+0800][1.707s][info][gc          ] GC(492) Pause Young (Allocation Failure) 11M->1M(38M) 0.024ms
[2025-12-16T20:44:44.886+0800][1.707s][info][gc,cpu      ] GC(492) User=0.00s Sys=0.00s Real=0.00s
[2025-12-16T20:44:44.889+0800][1.710s][info][gc,start    ] GC(493) Pause Young (Allocation Failure)
[2025-12-16T20:44:44.889+0800][1.710s][info][gc,heap     ] GC(493) DefNew: 11010K(12352K)->3K(12352K) Eden: 11008K(11008K)->0K(11008K) From: 2K(1344K)->3K(1344K)
[2025-12-16T20:44:44.889+0800][1.710s][info][gc,heap     ] GC(493) Tenured: 1245K(27328K)->1245K(27328K)
[2025-12-16T20:44:44.889+0800][1.710s][info][gc,metaspace] GC(493) Metaspace: 91K(320K)->91K(320K) NonClass: 83K(192K)->83K(192K) Class: 8K(128K)->8K(128K)
[2025-12-16T20:44:44.889+0800][1.710s][info][gc          ] GC(493) Pause Young (Allocation Failure) 11M->1M(38M) 0.024ms
[2025-12-16T20:44:44.889+0800][1.710s][info][gc,cpu      ] GC(493) User=0.00s Sys=0.00s Real=0.00s
[2025-12-16T20:44:44.892+0800][1.714s][info][gc,start    ] GC(494) Pause Young (Allocation Failure)
[2025-12-16T20:44:44.892+0800][1.714s][info][gc,heap     ] GC(494) DefNew: 11011K(12352K)->1K(12352K) Eden: 11008K(11008K)->0K(11008K) From: 3K(1344K)->1K(1344K)
[2025-12-16T20:44:44.892+0800][1.714s][info][gc,heap     ] GC(494) Tenured: 1245K(27328K)->1245K(27328K)
[2025-12-16T20:44:44.892+0800][1.714s][info][gc,metaspace] GC(494) Metaspace: 91K(320K)->91K(320K) NonClass: 83K(192K)->83K(192K) Class: 8K(128K)->8K(128K)
[2025-12-16T20:44:44.892+0800][1.714s][info][gc          ] GC(494) Pause Young (Allocation Failure) 11M->1M(38M) 0.023ms
[2025-12-16T20:44:44.892+0800][1.714s][info][gc,cpu      ] GC(494) User=0.00s Sys=0.00s Real=0.00s
[2025-12-16T20:44:44.896+0800][1.717s][info][gc,start    ] GC(495) Pause Young (Allocation Failure)
[2025-12-16T20:44:44.896+0800][1.717s][info][gc,heap     ] GC(495) DefNew: 11009K(12352K)->2K(12352K) Eden: 11008K(11008K)->0K(11008K) From: 1K(1344K)->2K(1344K)
[2025-12-16T20:44:44.896+0800][1.717s][info][gc,heap     ] GC(495) Tenured: 1245K(27328K)->1245K(27328K)
[2025-12-16T20:44:44.896+0800][1.717s][info][gc,metaspace] GC(495) Metaspace: 91K(320K)->91K(320K) NonClass: 83K(192K)->83K(192K) Class: 8K(128K)->8K(128K)
[2025-12-16T20:44:44.896+0800][1.717s][info][gc          ] GC(495) Pause Young (Allocation Failure) 11M->1M(38M) 0.023ms
[2025-12-16T20:44:44.896+0800][1.717s][info][gc,cpu      ] GC(495) User=0.00s Sys=0.00s Real=0.00s
[2025-12-16T20:44:44.899+0800][1.721s][info][gc,start    ] GC(496) Pause Young (Allocation Failure)
[2025-12-16T20:44:44.899+0800][1.721s][info][gc,heap     ] GC(496) DefNew: 11010K(12352K)->2K(12352K) Eden: 11008K(11008K)->0K(11008K) From: 2K(1344K)->2K(1344K)
[2025-12-16T20:44:44.899+0800][1.721s][info][gc,heap     ] GC(496) Tenured: 1245K(27328K)->1245K(27328K)
[2025-12-16T20:44:44.899+0800][1.721s][info][gc,metaspace] GC(496) Metaspace: 91K(320K)->91K(320K) NonClass: 83K(192K)->83K(192K) Class: 8K(128K)->8K(128K)
[2025-12-16T20:44:44.899+0800][1.721s][info][gc          ] GC(496) Pause Young (Allocation Failure) 11M->1M(38M) 0.023ms
[2025-12-16T20:44:44.899+0800][1.721s][info][gc,cpu      ] GC(496) User=0.00s Sys=0.00s Real=0.00s
[2025-12-16T20:44:44.903+0800][1.724s][info][gc,start    ] GC(497) Pause Young (Allocation Failure)
[2025-12-16T20:44:44.903+0800][1.724s][info][gc,heap     ] GC(497) DefNew: 11010K(12352K)->1K(12352K) Eden: 11008K(11008K)->0K(11008K) From: 2K(1344K)->1K(1344K)
[2025-12-16T20:44:44.903+0800][1.724s][info][gc,heap     ] GC(497) Tenured: 1245K(27328K)->1245K(27328K)
[2025-12-16T20:44:44.903+0800][1.724s][info][gc,metaspace] GC(497) Metaspace: 91K(320K)->91K(320K) NonClass: 83K(192K)->83K(192K) Class: 8K(128K)->8K(128K)
[2025-12-16T20:44:44.903+0800][1.724s][info][gc          ] GC(497) Pause Young (Allocation Failure) 11M->1M(38M) 0.023ms
[2025-12-16T20:44:44.903+0800][1.724s][info][gc,cpu      ] GC(497) User=0.00s Sys=0.00s Real=0.00s
[2025-12-16T20:44:44.906+0800][1.727s][info][gc,start    ] GC(498) Pause Young (Allocation Failure)
[2025-12-16T20:44:44.906+0800][1.727s][info][gc,heap     ] GC(498) DefNew: 11009K(12352K)->2K(12352K) Eden: 11008K(11008K)->0K(11008K) From: 1K(1344K)->2K(1344K)
[2025-12-16T20:44:44.906+0800][1.727s][info][gc,heap     ] GC(498) Tenured: 1245K(27328K)->1245K(27328K)
[2025-12-16T20:44:44.906+0800][1.727s][info][gc,metaspace] GC(498) Metaspace: 91K(320K)->91K(320K) NonClass: 83K(192K)->83K(192K) Class: 8K(128K)->8K(128K)
[2025-12-16T20:44:44.906+0800][1.727s][info][gc          ] GC(498) Pause Young (Allocation Failure) 11M->1M(38M) 0.024ms
[2025-12-16T20:44:44.906+0800][1.727s][info][gc,cpu      ] GC(498) User=0.00s Sys=0.00s Real=0.00s
[2025-12-16T20:44:44.909+0800][1.731s][info][gc,start    ] GC(499) Pause Young (Allocation Failure)
[2025-12-16T20:44:44.909+0800][1.731s][info][gc,heap     ] GC(499) DefNew: 11010K(12352K)->2K(12352K) Eden: 11008K(11008K)->0K(11008K) From: 2K(1344K)->2K(1344K)
[2025-12-16T20:44:44.909+0800][1.731s][info][gc,heap     ] GC(499) Tenured: 1245K(27328K)->1245K(27328K)
[2025-12-16T20:44:44.909+0800][1.731s][info][gc,metaspace] GC(499) Metaspace: 91K(320K)->91K(320K) NonClass: 83K(192K)->83K(192K) Class: 8K(128K)->8K(128K)
[2025-12-16T20:44:44.909+0800][1.731s][info][gc          ] GC(499) Pause Young (Allocation Failure) 11M->1M(38M) 0.024ms
[2025-12-16T20:44:44.909+0800][1.731s][info][gc,cpu      ] GC(499) User=0.00s Sys=0.00s Real=0.00s
[2025-12-16T20:44:44.913+0800][1.734s][info][gc,start    ] GC(500) Pause Young (Allocation Failure)
[2025-12-16T20:44:44.913+0800][1.734s][info][gc,heap     ] GC(500) DefNew: 11010K(12352K)->2K(12352K) Eden: 11008K(11008K)->0K(11008K) From: 2K(1344K)->2K(1344K)
[2025-12-16T20:44:44.913+0800][1.734s][info][gc,heap     ] GC(500) Tenured: 1245K(27328K)->1245K(27328K)
[2025-12-16T20:44:44.913+0800][1.734s][info][gc,metaspace] GC(500) Metaspace: 91K(320K)->91K(320K) NonClass: 83K(192K)->83K(192K) Class: 8K(128K)->8K(128K)
[2025-12-16T20:44:44.913+0800][1.734s][info][gc          ] GC(500) Pause Young (Allocation Failure) 11M->1M(38M) 0.024ms
[2025-12-16T20:44:44.913+0800][1.734s][info][gc,cpu      ] GC(500) User=0.00s Sys=0.00s Real=0.00s
[2025-12-16T20:44:44.916+0800][1.737s][info][gc,start    ] GC(501) Pause Young (Allocation Failure)
[2025-12-16T20:44:44.916+0800][1.737s][info][gc,heap     ] GC(501) DefNew: 11010K(12352K)->2K(12352K) Eden: 11008K(11008K)->0K(11008K) From: 2K(1344K)->2K(1344K)
[2025-12-16T20:44:44.916+0800][1.737s][info][gc,heap     ] GC(501) Tenured: 1245K(27328K)->1245K(27328K)
[2025-12-16T20:44:44.916+0800][1.737s][info][gc,metaspace] GC(501) Metaspace: 91K(320K)->91K(320K) NonClass: 83K(192K)->83K(192K) Class: 8K(128K)->8K(128K)
[2025-12-16T20:44:44.916+0800][1.737s][info][gc          ] GC(501) Pause Young (Allocation Failure) 11M->1M(38M) 0.023ms
[2025-12-16T20:44:44.916+0800][1.737s][info][gc,cpu      ] GC(501) User=0.00s Sys=0.00s Real=0.00s
[2025-12-16T20:44:44.919+0800][1.741s][info][gc,start    ] GC(502) Pause Young (Allocation Failure)
[2025-12-16T20:44:44.919+0800][1.741s][info][gc,heap     ] GC(502) DefNew: 11010K(12352K)->2K(12352K) Eden: 11008K(11008K)->0K(11008K) From: 2K(1344K)->2K(1344K)
[2025-12-16T20:44:44.919+0800][1.741s][info][gc,heap     ] GC(502) Tenured: 1245K(27328K)->1245K(27328K)
[2025-12-16T20:44:44.919+0800][1.741s][info][gc,metaspace] GC(502) Metaspace: 91K(320K)->91K(320K) NonClass: 83K(192K)->83K(192K) Class: 8K(128K)->8K(128K)
[2025-12-16T20:44:44.919+0800][1.741s][info][gc          ] GC(502) Pause Young (Allocation Failure) 11M->1M(38M) 0.024ms
[2025-12-16T20:44:44.919+0800][1.741s][info][gc,cpu      ] GC(502) User=0.00s Sys=0.00s Real=0.00s
[2025-12-16T20:44:44.923+0800][1.744s][info][gc,start    ] GC(503) Pause Young (Allocation Failure)
[2025-12-16T20:44:44.923+0800][1.744s][info][gc,heap     ] GC(503) DefNew: 11010K(12352K)->3K(12352K) Eden: 11008K(11008K)->0K(11008K) From: 2K(1344K)->3K(1344K)
[2025-12-16T20:44:44.923+0800][1.744s][info][gc,heap     ] GC(503) Tenured: 1245K(27328K)->1245K(27328K)
[2025-12-16T20:44:44.923+0800][1.744s][info][gc,metaspace] GC(503) Metaspace: 91K(320K)->91K(320K) NonClass: 83K(192K)->83K(192K) Class: 8K(128K)->8K(128K)
[2025-12-16T20:44:44.923+0800][1.744s][info][gc          ] GC(503) Pause Young (Allocation Failure) 11M->1M(38M) 0.024ms
[2025-12-16T20:44:44.923+0800][1.744s][info][gc,cpu      ] GC(503) User=0.00s Sys=0.00s Real=0.00s
[2025-12-16T20:44:44.926+0800][1.747s][info][gc,start    ] GC(504) Pause Young (Allocation Failure)
[2025-12-16T20:44:44.926+0800][1.747s][info][gc,heap     ] GC(504) DefNew: 11011K(12352K)->1K(12352K) Eden: 11008K(11008K)->0K(11008K) From: 3K(1344K)->1K(1344K)
[2025-12-16T20:44:44.926+0800][1.747s][info][gc,heap     ] GC(504) Tenured: 1245K(27328K)->1245K(27328K)
[2025-12-16T20:44:44.926+0800][1.747s][info][gc,metaspace] GC(504) Metaspace: 91K(320K)->91K(320K) NonClass: 83K(192K)->83K(192K) Class: 8K(128K)->8K(128K)
[2025-12-16T20:44:44.926+0800][1.747s][info][gc          ] GC(504) Pause Young (Allocation Failure) 11M->1M(38M) 0.024ms
[2025-12-16T20:44:44.926+0800][1.747s][info][gc,cpu      ] GC(504) User=0.00s Sys=0.00s Real=0.00s
[2025-12-16T20:44:44.929+0800][1.751s][info][gc,start    ] GC(505) Pause Young (Allocation Failure)
[2025-12-16T20:44:44.929+0800][1.751s][info][gc,heap     ] GC(505) DefNew: 11009K(12352K)->2K(12352K) Eden: 11008K(11008K)->0K(11008K) From: 1K(1344K)->2K(1344K)
[2025-12-16T20:44:44.929+0800][1.751s][info][gc,heap     ] GC(505) Tenured: 1245K(27328K)->1245K(27328K)
[2025-12-16T20:44:44.929+0800][1.751s][info][gc,metaspace] GC(505) Metaspace: 91K(320K)->91K(320K) NonClass: 83K(192K)->83K(192K) Class: 8K(128K)->8K(128K)
[2025-12-16T20:44:44.929+0800][1.751s][info][gc          ] GC(505) Pause Young (Allocation Failure) 11M->1M(38M) 0.025ms
[2025-12-16T20:44:44.929+0800][1.751s][info][gc,cpu      ] GC(505) User=0.00s Sys=0.00s Real=0.00s
[2025-12-16T20:44:44.933+0800][1.754s][info][gc,start    ] GC(506) Pause Young (Allocation Failure)
[2025-12-16T20:44:44.933+0800][1.754s][info][gc,heap     ] GC(506) DefNew: 11010K(12352K)->2K(12352K) Eden: 11008K(11008K)->0K(11008K) From: 2K(1344K)->2K(1344K)
[2025-12-16T20:44:44.933+0800][1.754s][info][gc,heap     ] GC(506) Tenured: 1245K(27328K)->1245K(27328K)
[2025-12-16T20:44:44.933+0800][1.754s][info][gc,metaspace] GC(506) Metaspace: 91K(320K)->91K(320K) NonClass: 83K(192K)->83K(192K) Class: 8K(128K)->8K(128K)
[2025-12-16T20:44:44.933+0800][1.754s][info][gc          ] GC(506) Pause Young (Allocation Failure) 11M->1M(38M) 0.024ms
[2025-12-16T20:44:44.933+0800][1.754s][info][gc,cpu      ] GC(506) User=0.00s Sys=0.00s Real=0.00s
[2025-12-16T20:44:44.936+0800][1.758s][info][gc,start    ] GC(507) Pause Young (Allocation Failure)
[2025-12-16T20:44:44.936+0800][1.758s][info][gc,heap     ] GC(507) DefNew: 11010K(12352K)->1K(12352K) Eden: 11008K(11008K)->0K(11008K) From: 2K(1344K)->1K(1344K)
[2025-12-16T20:44:44.936+0800][1.758s][info][gc,heap     ] GC(507) Tenured: 1245K(27328K)->1245K(27328K)
[2025-12-16T20:44:44.936+0800][1.758s][info][gc,metaspace] GC(507) Metaspace: 91K(320K)->91K(320K) NonClass: 83K(192K)->83K(192K) Class: 8K(128K)->8K(128K)
[2025-12-16T20:44:44.936+0800][1.758s][info][gc          ] GC(507) Pause Young (Allocation Failure) 11M->1M(38M) 0.024ms
[2025-12-16T20:44:44.936+0800][1.758s][info][gc,cpu      ] GC(507) User=0.00s Sys=0.00s Real=0.00s
[2025-12-16T20:44:44.940+0800][1.761s][info][gc,start    ] GC(508) Pause Young (Allocation Failure)
[2025-12-16T20:44:44.940+0800][1.761s][info][gc,heap     ] GC(508) DefNew: 11009K(12352K)->2K(12352K) Eden: 11008K(11008K)->0K(11008K) From: 1K(1344K)->2K(1344K)
[2025-12-16T20:44:44.940+0800][1.761s][info][gc,heap     ] GC(508) Tenured: 1245K(27328K)->1245K(27328K)
[2025-12-16T20:44:44.940+0800][1.761s][info][gc,metaspace] GC(508) Metaspace: 91K(320K)->91K(320K) NonClass: 83K(192K)->83K(192K) Class: 8K(128K)->8K(128K)
[2025-12-16T20:44:44.940+0800][1.761s][info][gc          ] GC(508) Pause Young (Allocation Failure) 11M->1M(38M) 0.023ms
[2025-12-16T20:44:44.940+0800][1.761s][info][gc,cpu      ] GC(508) User=0.00s Sys=0.00s Real=0.00s
[2025-12-16T20:44:44.943+0800][1.764s][info][gc,start    ] GC(509) Pause Young (Allocation Failure)
[2025-12-16T20:44:44.943+0800][1.764s][info][gc,heap     ] GC(509) DefNew: 11010K(12352K)->2K(12352K) Eden: 11008K(11008K)->0K(11008K) From: 2K(1344K)->2K(1344K)
[2025-12-16T20:44:44.943+0800][1.764s][info][gc,heap     ] GC(509) Tenured: 1245K(27328K)->1245K(27328K)
[2025-12-16T20:44:44.943+0800][1.764s][info][gc,metaspace] GC(509) Metaspace: 91K(320K)->91K(320K) NonClass: 83K(192K)->83K(192K) Class: 8K(128K)->8K(128K)
[2025-12-16T20:44:44.943+0800][1.764s][info][gc          ] GC(509) Pause Young (Allocation Failure) 11M->1M(38M) 0.023ms
[2025-12-16T20:44:44.943+0800][1.764s][info][gc,cpu      ] GC(509) User=0.00s Sys=0.00s Real=0.00s
[2025-12-16T20:44:44.946+0800][1.768s][info][gc,start    ] GC(510) Pause Young (Allocation Failure)
[2025-12-16T20:44:44.946+0800][1.768s][info][gc,heap     ] GC(510) DefNew: 11010K(12352K)->2K(12352K) Eden: 11008K(11008K)->0K(11008K) From: 2K(1344K)->2K(1344K)
[2025-12-16T20:44:44.946+0800][1.768s][info][gc,heap     ] GC(510) Tenured: 1245K(27328K)->1245K(27328K)
[2025-12-16T20:44:44.946+0800][1.768s][info][gc,metaspace] GC(510) Metaspace: 91K(320K)->91K(320K) NonClass: 83K(192K)->83K(192K) Class: 8K(128K)->8K(128K)
[2025-12-16T20:44:44.946+0800][1.768s][info][gc          ] GC(510) Pause Young (Allocation Failure) 11M->1M(38M) 0.023ms
[2025-12-16T20:44:44.946+0800][1.768s][info][gc,cpu      ] GC(510) User=0.00s Sys=0.00s Real=0.00s
[2025-12-16T20:44:44.950+0800][1.771s][info][gc,start    ] GC(511) Pause Young (Allocation Failure)
[2025-12-16T20:44:44.950+0800][1.771s][info][gc,heap     ] GC(511) DefNew: 11010K(12352K)->2K(12352K) Eden: 11008K(11008K)->0K(11008K) From: 2K(1344K)->2K(1344K)
[2025-12-16T20:44:44.950+0800][1.771s][info][gc,heap     ] GC(511) Tenured: 1245K(27328K)->1245K(27328K)
[2025-12-16T20:44:44.950+0800][1.771s][info][gc,metaspace] GC(511) Metaspace: 91K(320K)->91K(320K) NonClass: 83K(192K)->83K(192K) Class: 8K(128K)->8K(128K)
[2025-12-16T20:44:44.950+0800][1.771s][info][gc          ] GC(511) Pause Young (Allocation Failure) 11M->1M(38M) 0.025ms
[2025-12-16T20:44:44.950+0800][1.771s][info][gc,cpu      ] GC(511) User=0.00s Sys=0.00s Real=0.00s
[2025-12-16T20:44:44.953+0800][1.774s][info][gc,start    ] GC(512) Pause Young (Allocation Failure)
[2025-12-16T20:44:44.953+0800][1.774s][info][gc,heap     ] GC(512) DefNew: 11010K(12352K)->2K(12352K) Eden: 11008K(11008K)->0K(11008K) From: 2K(1344K)->2K(1344K)
[2025-12-16T20:44:44.953+0800][1.774s][info][gc,heap     ] GC(512) Tenured: 1245K(27328K)->1245K(27328K)
[2025-12-16T20:44:44.953+0800][1.774s][info][gc,metaspace] GC(512) Metaspace: 91K(320K)->91K(320K) NonClass: 83K(192K)->83K(192K) Class: 8K(128K)->8K(128K)
[2025-12-16T20:44:44.953+0800][1.774s][info][gc          ] GC(512) Pause Young (Allocation Failure) 11M->1M(38M) 0.025ms
[2025-12-16T20:44:44.953+0800][1.774s][info][gc,cpu      ] GC(512) User=0.00s Sys=0.00s Real=0.00s
[2025-12-16T20:44:44.956+0800][1.778s][info][gc,start    ] GC(513) Pause Young (Allocation Failure)
[2025-12-16T20:44:44.956+0800][1.778s][info][gc,heap     ] GC(513) DefNew: 11010K(12352K)->3K(12352K) Eden: 11008K(11008K)->0K(11008K) From: 2K(1344K)->3K(1344K)
[2025-12-16T20:44:44.956+0800][1.778s][info][gc,heap     ] GC(513) Tenured: 1245K(27328K)->1245K(27328K)
[2025-12-16T20:44:44.956+0800][1.778s][info][gc,metaspace] GC(513) Metaspace: 91K(320K)->91K(320K) NonClass: 83K(192K)->83K(192K) Class: 8K(128K)->8K(128K)
[2025-12-16T20:44:44.956+0800][1.778s][info][gc          ] GC(513) Pause Young (Allocation Failure) 11M->1M(38M) 0.024ms
[2025-12-16T20:44:44.956+0800][1.778s][info][gc,cpu      ] GC(513) User=0.00s Sys=0.00s Real=0.00s
[2025-12-16T20:44:44.960+0800][1.781s][info][gc,start    ] GC(514) Pause Young (Allocation Failure)
[2025-12-16T20:44:44.960+0800][1.781s][info][gc,heap     ] GC(514) DefNew: 11011K(12352K)->1K(12352K) Eden: 11008K(11008K)->0K(11008K) From: 3K(1344K)->1K(1344K)
[2025-12-16T20:44:44.960+0800][1.781s][info][gc,heap     ] GC(514) Tenured: 1245K(27328K)->1245K(27328K)
[2025-12-16T20:44:44.960+0800][1.781s][info][gc,metaspace] GC(514) Metaspace: 91K(320K)->91K(320K) NonClass: 83K(192K)->83K(192K) Class: 8K(128K)->8K(128K)
[2025-12-16T20:44:44.960+0800][1.781s][info][gc          ] GC(514) Pause Young (Allocation Failure) 11M->1M(38M) 0.024ms
[2025-12-16T20:44:44.960+0800][1.781s][info][gc,cpu      ] GC(514) User=0.00s Sys=0.00s Real=0.00s
[2025-12-16T20:44:44.963+0800][1.785s][info][gc,start    ] GC(515) Pause Young (Allocation Failure)
[2025-12-16T20:44:44.963+0800][1.785s][info][gc,heap     ] GC(515) DefNew: 11009K(12352K)->2K(12352K) Eden: 11008K(11008K)->0K(11008K) From: 1K(1344K)->2K(1344K)
[2025-12-16T20:44:44.963+0800][1.785s][info][gc,heap     ] GC(515) Tenured: 1245K(27328K)->1245K(27328K)
[2025-12-16T20:44:44.963+0800][1.785s][info][gc,metaspace] GC(515) Metaspace: 91K(320K)->91K(320K) NonClass: 83K(192K)->83K(192K) Class: 8K(128K)->8K(128K)
[2025-12-16T20:44:44.963+0800][1.785s][info][gc          ] GC(515) Pause Young (Allocation Failure) 11M->1M(38M) 0.024ms
[2025-12-16T20:44:44.963+0800][1.785s][info][gc,cpu      ] GC(515) User=0.00s Sys=0.00s Real=0.00s
[2025-12-16T20:44:44.967+0800][1.788s][info][gc,start    ] GC(516) Pause Young (Allocation Failure)
[2025-12-16T20:44:44.967+0800][1.788s][info][gc,heap     ] GC(516) DefNew: 11010K(12352K)->2K(12352K) Eden: 11008K(11008K)->0K(11008K) From: 2K(1344K)->2K(1344K)
[2025-12-16T20:44:44.967+0800][1.788s][info][gc,heap     ] GC(516) Tenured: 1245K(27328K)->1245K(27328K)
[2025-12-16T20:44:44.967+0800][1.788s][info][gc,metaspace] GC(516) Metaspace: 91K(320K)->91K(320K) NonClass: 83K(192K)->83K(192K) Class: 8K(128K)->8K(128K)
[2025-12-16T20:44:44.967+0800][1.788s][info][gc          ] GC(516) Pause Young (Allocation Failure) 11M->1M(38M) 0.024ms
[2025-12-16T20:44:44.967+0800][1.788s][info][gc,cpu      ] GC(516) User=0.00s Sys=0.00s Real=0.00s
[2025-12-16T20:44:44.970+0800][1.791s][info][gc,start    ] GC(517) Pause Young (Allocation Failure)
[2025-12-16T20:44:44.970+0800][1.791s][info][gc,heap     ] GC(517) DefNew: 11010K(12352K)->1K(12352K) Eden: 11008K(11008K)->0K(11008K) From: 2K(1344K)->1K(1344K)
[2025-12-16T20:44:44.970+0800][1.791s][info][gc,heap     ] GC(517) Tenured: 1245K(27328K)->1245K(27328K)
[2025-12-16T20:44:44.970+0800][1.791s][info][gc,metaspace] GC(517) Metaspace: 91K(320K)->91K(320K) NonClass: 83K(192K)->83K(192K) Class: 8K(128K)->8K(128K)
[2025-12-16T20:44:44.970+0800][1.791s][info][gc          ] GC(517) Pause Young (Allocation Failure) 11M->1M(38M) 0.023ms
[2025-12-16T20:44:44.970+0800][1.791s][info][gc,cpu      ] GC(517) User=0.00s Sys=0.00s Real=0.00s
[2025-12-16T20:44:44.973+0800][1.795s][info][gc,start    ] GC(518) Pause Young (Allocation Failure)
[2025-12-16T20:44:44.973+0800][1.795s][info][gc,heap     ] GC(518) DefNew: 11009K(12352K)->2K(12352K) Eden: 11008K(11008K)->0K(11008K) From: 1K(1344K)->2K(1344K)
[2025-12-16T20:44:44.973+0800][1.795s][info][gc,heap     ] GC(518) Tenured: 1245K(27328K)->1245K(27328K)
[2025-12-16T20:44:44.973+0800][1.795s][info][gc,metaspace] GC(518) Metaspace: 91K(320K)->91K(320K) NonClass: 83K(192K)->83K(192K) Class: 8K(128K)->8K(128K)
[2025-12-16T20:44:44.973+0800][1.795s][info][gc          ] GC(518) Pause Young (Allocation Failure) 11M->1M(38M) 0.024ms
[2025-12-16T20:44:44.973+0800][1.795s][info][gc,cpu      ] GC(518) User=0.00s Sys=0.00s Real=0.00s
[2025-12-16T20:44:44.977+0800][1.798s][info][gc,start    ] GC(519) Pause Young (Allocation Failure)
[2025-12-16T20:44:44.977+0800][1.798s][info][gc,heap     ] GC(519) DefNew: 11010K(12352K)->2K(12352K) Eden: 11008K(11008K)->0K(11008K) From: 2K(1344K)->2K(1344K)
[2025-12-16T20:44:44.977+0800][1.798s][info][gc,heap     ] GC(519) Tenured: 1245K(27328K)->1245K(27328K)
[2025-12-16T20:44:44.977+0800][1.798s][info][gc,metaspace] GC(519) Metaspace: 91K(320K)->91K(320K) NonClass: 83K(192K)->83K(192K) Class: 8K(128K)->8K(128K)
[2025-12-16T20:44:44.977+0800][1.798s][info][gc          ] GC(519) Pause Young (Allocation Failure) 11M->1M(38M) 0.024ms
[2025-12-16T20:44:44.977+0800][1.798s][info][gc,cpu      ] GC(519) User=0.00s Sys=0.00s Real=0.00s
[2025-12-16T20:44:44.980+0800][1.801s][info][gc,start    ] GC(520) Pause Young (Allocation Failure)
[2025-12-16T20:44:44.980+0800][1.801s][info][gc,heap     ] GC(520) DefNew: 11010K(12352K)->2K(12352K) Eden: 11008K(11008K)->0K(11008K) From: 2K(1344K)->2K(1344K)
[2025-12-16T20:44:44.980+0800][1.801s][info][gc,heap     ] GC(520) Tenured: 1245K(27328K)->1245K(27328K)
[2025-12-16T20:44:44.980+0800][1.801s][info][gc,metaspace] GC(520) Metaspace: 91K(320K)->91K(320K) NonClass: 83K(192K)->83K(192K) Class: 8K(128K)->8K(128K)
[2025-12-16T20:44:44.980+0800][1.801s][info][gc          ] GC(520) Pause Young (Allocation Failure) 11M->1M(38M) 0.024ms
[2025-12-16T20:44:44.980+0800][1.801s][info][gc,cpu      ] GC(520) User=0.00s Sys=0.00s Real=0.00s
[2025-12-16T20:44:44.983+0800][1.805s][info][gc,start    ] GC(521) Pause Young (Allocation Failure)
[2025-12-16T20:44:44.983+0800][1.805s][info][gc,heap     ] GC(521) DefNew: 11010K(12352K)->2K(12352K) Eden: 11008K(11008K)->0K(11008K) From: 2K(1344K)->2K(1344K)
[2025-12-16T20:44:44.983+0800][1.805s][info][gc,heap     ] GC(521) Tenured: 1245K(27328K)->1245K(27328K)
[2025-12-16T20:44:44.983+0800][1.805s][info][gc,metaspace] GC(521) Metaspace: 91K(320K)->91K(320K) NonClass: 83K(192K)->83K(192K) Class: 8K(128K)->8K(128K)
[2025-12-16T20:44:44.983+0800][1.805s][info][gc          ] GC(521) Pause Young (Allocation Failure) 11M->1M(38M) 0.024ms
[2025-12-16T20:44:44.983+0800][1.805s][info][gc,cpu      ] GC(521) User=0.00s Sys=0.00s Real=0.00s
[2025-12-16T20:44:44.987+0800][1.808s][info][gc,start    ] GC(522) Pause Young (Allocation Failure)
[2025-12-16T20:44:44.987+0800][1.808s][info][gc,heap     ] GC(522) DefNew: 11010K(12352K)->2K(12352K) Eden: 11008K(11008K)->0K(11008K) From: 2K(1344K)->2K(1344K)
[2025-12-16T20:44:44.987+0800][1.808s][info][gc,heap     ] GC(522) Tenured: 1245K(27328K)->1245K(27328K)
[2025-12-16T20:44:44.987+0800][1.808s][info][gc,metaspace] GC(522) Metaspace: 91K(320K)->91K(320K) NonClass: 83K(192K)->83K(192K) Class: 8K(128K)->8K(128K)
[2025-12-16T20:44:44.987+0800][1.808s][info][gc          ] GC(522) Pause Young (Allocation Failure) 11M->1M(38M) 0.024ms
[2025-12-16T20:44:44.987+0800][1.808s][info][gc,cpu      ] GC(522) User=0.00s Sys=0.00s Real=0.00s
[2025-12-16T20:44:44.990+0800][1.812s][info][gc,start    ] GC(523) Pause Young (Allocation Failure)
[2025-12-16T20:44:44.990+0800][1.812s][info][gc,heap     ] GC(523) DefNew: 11010K(12352K)->3K(12352K) Eden: 11008K(11008K)->0K(11008K) From: 2K(1344K)->3K(1344K)
[2025-12-16T20:44:44.990+0800][1.812s][info][gc,heap     ] GC(523) Tenured: 1245K(27328K)->1245K(27328K)
[2025-12-16T20:44:44.990+0800][1.812s][info][gc,metaspace] GC(523) Metaspace: 91K(320K)->91K(320K) NonClass: 83K(192K)->83K(192K) Class: 8K(128K)->8K(128K)
[2025-12-16T20:44:44.990+0800][1.812s][info][gc          ] GC(523) Pause Young (Allocation Failure) 11M->1M(38M) 0.027ms
[2025-12-16T20:44:44.990+0800][1.812s][info][gc,cpu      ] GC(523) User=0.00s Sys=0.00s Real=0.00s
[2025-12-16T20:44:44.994+0800][1.815s][info][gc,start    ] GC(524) Pause Young (Allocation Failure)
[2025-12-16T20:44:44.994+0800][1.815s][info][gc,heap     ] GC(524) DefNew: 11011K(12352K)->1K(12352K) Eden: 11008K(11008K)->0K(11008K) From: 3K(1344K)->1K(1344K)
[2025-12-16T20:44:44.994+0800][1.815s][info][gc,heap     ] GC(524) Tenured: 1245K(27328K)->1245K(27328K)
[2025-12-16T20:44:44.994+0800][1.815s][info][gc,metaspace] GC(524) Metaspace: 91K(320K)->91K(320K) NonClass: 83K(192K)->83K(192K) Class: 8K(128K)->8K(128K)
[2025-12-16T20:44:44.994+0800][1.815s][info][gc          ] GC(524) Pause Young (Allocation Failure) 11M->1M(38M) 0.023ms
[2025-12-16T20:44:44.994+0800][1.815s][info][gc,cpu      ] GC(524) User=0.00s Sys=0.00s Real=0.00s
[2025-12-16T20:44:44.997+0800][1.818s][info][gc,start    ] GC(525) Pause Young (Allocation Failure)
[2025-12-16T20:44:44.997+0800][1.818s][info][gc,heap     ] GC(525) DefNew: 11009K(12352K)->2K(12352K) Eden: 11008K(11008K)->0K(11008K) From: 1K(1344K)->2K(1344K)
[2025-12-16T20:44:44.997+0800][1.818s][info][gc,heap     ] GC(525) Tenured: 1245K(27328K)->1245K(27328K)
[2025-12-16T20:44:44.997+0800][1.818s][info][gc,metaspace] GC(525) Metaspace: 91K(320K)->91K(320K) NonClass: 83K(192K)->83K(192K) Class: 8K(128K)->8K(128K)
[2025-12-16T20:44:44.997+0800][1.818s][info][gc          ] GC(525) Pause Young (Allocation Failure) 11M->1M(38M) 0.023ms
[2025-12-16T20:44:44.997+0800][1.818s][info][gc,cpu      ] GC(525) User=0.00s Sys=0.00s Real=0.00s
[2025-12-16T20:44:45.000+0800][1.822s][info][gc,start    ] GC(526) Pause Young (Allocation Failure)
[2025-12-16T20:44:45.000+0800][1.822s][info][gc,heap     ] GC(526) DefNew: 11010K(12352K)->2K(12352K) Eden: 11008K(11008K)->0K(11008K) From: 2K(1344K)->2K(1344K)
[2025-12-16T20:44:45.000+0800][1.822s][info][gc,heap     ] GC(526) Tenured: 1245K(27328K)->1245K(27328K)
[2025-12-16T20:44:45.000+0800][1.822s][info][gc,metaspace] GC(526) Metaspace: 91K(320K)->91K(320K) NonClass: 83K(192K)->83K(192K) Class: 8K(128K)->8K(128K)
[2025-12-16T20:44:45.000+0800][1.822s][info][gc          ] GC(526) Pause Young (Allocation Failure) 11M->1M(38M) 0.024ms
[2025-12-16T20:44:45.000+0800][1.822s][info][gc,cpu      ] GC(526) User=0.00s Sys=0.00s Real=0.00s
[2025-12-16T20:44:45.004+0800][1.825s][info][gc,start    ] GC(527) Pause Young (Allocation Failure)
[2025-12-16T20:44:45.004+0800][1.825s][info][gc,heap     ] GC(527) DefNew: 11010K(12352K)->1K(12352K) Eden: 11008K(11008K)->0K(11008K) From: 2K(1344K)->1K(1344K)
[2025-12-16T20:44:45.004+0800][1.825s][info][gc,heap     ] GC(527) Tenured: 1245K(27328K)->1245K(27328K)
[2025-12-16T20:44:45.004+0800][1.825s][info][gc,metaspace] GC(527) Metaspace: 91K(320K)->91K(320K) NonClass: 83K(192K)->83K(192K) Class: 8K(128K)->8K(128K)
[2025-12-16T20:44:45.004+0800][1.825s][info][gc          ] GC(527) Pause Young (Allocation Failure) 11M->1M(38M) 0.026ms
[2025-12-16T20:44:45.004+0800][1.825s][info][gc,cpu      ] GC(527) User=0.00s Sys=0.00s Real=0.00s
[2025-12-16T20:44:45.007+0800][1.828s][info][gc,start    ] GC(528) Pause Young (Allocation Failure)
[2025-12-16T20:44:45.007+0800][1.828s][info][gc,heap     ] GC(528) DefNew: 11009K(12352K)->2K(12352K) Eden: 11008K(11008K)->0K(11008K) From: 1K(1344K)->2K(1344K)
[2025-12-16T20:44:45.007+0800][1.828s][info][gc,heap     ] GC(528) Tenured: 1245K(27328K)->1245K(27328K)
[2025-12-16T20:44:45.007+0800][1.828s][info][gc,metaspace] GC(528) Metaspace: 91K(320K)->91K(320K) NonClass: 83K(192K)->83K(192K) Class: 8K(128K)->8K(128K)
[2025-12-16T20:44:45.007+0800][1.828s][info][gc          ] GC(528) Pause Young (Allocation Failure) 11M->1M(38M) 0.023ms
[2025-12-16T20:44:45.007+0800][1.828s][info][gc,cpu      ] GC(528) User=0.00s Sys=0.00s Real=0.00s
[2025-12-16T20:44:45.010+0800][1.832s][info][gc,start    ] GC(529) Pause Young (Allocation Failure)
[2025-12-16T20:44:45.010+0800][1.832s][info][gc,heap     ] GC(529) DefNew: 11010K(12352K)->2K(12352K) Eden: 11008K(11008K)->0K(11008K) From: 2K(1344K)->2K(1344K)
[2025-12-16T20:44:45.010+0800][1.832s][info][gc,heap     ] GC(529) Tenured: 1245K(27328K)->1245K(27328K)
[2025-12-16T20:44:45.010+0800][1.832s][info][gc,metaspace] GC(529) Metaspace: 91K(320K)->91K(320K) NonClass: 83K(192K)->83K(192K) Class: 8K(128K)->8K(128K)
[2025-12-16T20:44:45.010+0800][1.832s][info][gc          ] GC(529) Pause Young (Allocation Failure) 11M->1M(38M) 0.024ms
[2025-12-16T20:44:45.010+0800][1.832s][info][gc,cpu      ] GC(529) User=0.00s Sys=0.00s Real=0.00s
[2025-12-16T20:44:45.014+0800][1.835s][info][gc,start    ] GC(530) Pause Young (Allocation Failure)
[2025-12-16T20:44:45.014+0800][1.835s][info][gc,heap     ] GC(530) DefNew: 11010K(12352K)->2K(12352K) Eden: 11008K(11008K)->0K(11008K) From: 2K(1344K)->2K(1344K)
[2025-12-16T20:44:45.014+0800][1.835s][info][gc,heap     ] GC(530) Tenured: 1245K(27328K)->1245K(27328K)
[2025-12-16T20:44:45.014+0800][1.835s][info][gc,metaspace] GC(530) Metaspace: 91K(320K)->91K(320K) NonClass: 83K(192K)->83K(192K) Class: 8K(128K)->8K(128K)
[2025-12-16T20:44:45.014+0800][1.835s][info][gc          ] GC(530) Pause Young (Allocation Failure) 11M->1M(38M) 0.024ms
[2025-12-16T20:44:45.014+0800][1.835s][info][gc,cpu      ] GC(530) User=0.00s Sys=0.00s Real=0.00s
[2025-12-16T20:44:45.017+0800][1.839s][info][gc,start    ] GC(531) Pause Young (Allocation Failure)
[2025-12-16T20:44:45.017+0800][1.839s][info][gc,heap     ] GC(531) DefNew: 11010K(12352K)->2K(12352K) Eden: 11008K(11008K)->0K(11008K) From: 2K(1344K)->2K(1344K)
[2025-12-16T20:44:45.017+0800][1.839s][info][gc,heap     ] GC(531) Tenured: 1245K(27328K)->1245K(27328K)
[2025-12-16T20:44:45.017+0800][1.839s][info][gc,metaspace] GC(531) Metaspace: 91K(320K)->91K(320K) NonClass: 83K(192K)->83K(192K) Class: 8K(128K)->8K(128K)
[2025-12-16T20:44:45.017+0800][1.839s][info][gc          ] GC(531) Pause Young (Allocation Failure) 11M->1M(38M) 0.023ms
[2025-12-16T20:44:45.017+0800][1.839s][info][gc,cpu      ] GC(531) User=0.00s Sys=0.00s Real=0.00s
[2025-12-16T20:44:45.021+0800][1.842s][info][gc,start    ] GC(532) Pause Young (Allocation Failure)
[2025-12-16T20:44:45.021+0800][1.842s][info][gc,heap     ] GC(532) DefNew: 11010K(12352K)->2K(12352K) Eden: 11008K(11008K)->0K(11008K) From: 2K(1344K)->2K(1344K)
[2025-12-16T20:44:45.021+0800][1.842s][info][gc,heap     ] GC(532) Tenured: 1245K(27328K)->1245K(27328K)
[2025-12-16T20:44:45.021+0800][1.842s][info][gc,metaspace] GC(532) Metaspace: 91K(320K)->91K(320K) NonClass: 83K(192K)->83K(192K) Class: 8K(128K)->8K(128K)
[2025-12-16T20:44:45.021+0800][1.842s][info][gc          ] GC(532) Pause Young (Allocation Failure) 11M->1M(38M) 0.024ms
[2025-12-16T20:44:45.021+0800][1.842s][info][gc,cpu      ] GC(532) User=0.00s Sys=0.00s Real=0.00s
[2025-12-16T20:44:45.024+0800][1.845s][info][gc,start    ] GC(533) Pause Young (Allocation Failure)
[2025-12-16T20:44:45.024+0800][1.845s][info][gc,heap     ] GC(533) DefNew: 11010K(12352K)->3K(12352K) Eden: 11008K(11008K)->0K(11008K) From: 2K(1344K)->3K(1344K)
[2025-12-16T20:44:45.024+0800][1.845s][info][gc,heap     ] GC(533) Tenured: 1245K(27328K)->1245K(27328K)
[2025-12-16T20:44:45.024+0800][1.845s][info][gc,metaspace] GC(533) Metaspace: 91K(320K)->91K(320K) NonClass: 83K(192K)->83K(192K) Class: 8K(128K)->8K(128K)
[2025-12-16T20:44:45.024+0800][1.845s][info][gc          ] GC(533) Pause Young (Allocation Failure) 11M->1M(38M) 0.024ms
[2025-12-16T20:44:45.024+0800][1.845s][info][gc,cpu      ] GC(533) User=0.00s Sys=0.00s Real=0.00s
[2025-12-16T20:44:45.027+0800][1.849s][info][gc,start    ] GC(534) Pause Young (Allocation Failure)
[2025-12-16T20:44:45.027+0800][1.849s][info][gc,heap     ] GC(534) DefNew: 11011K(12352K)->1K(12352K) Eden: 11008K(11008K)->0K(11008K) From: 3K(1344K)->1K(1344K)
[2025-12-16T20:44:45.027+0800][1.849s][info][gc,heap     ] GC(534) Tenured: 1245K(27328K)->1245K(27328K)
[2025-12-16T20:44:45.027+0800][1.849s][info][gc,metaspace] GC(534) Metaspace: 91K(320K)->91K(320K) NonClass: 83K(192K)->83K(192K) Class: 8K(128K)->8K(128K)
[2025-12-16T20:44:45.027+0800][1.849s][info][gc          ] GC(534) Pause Young (Allocation Failure) 11M->1M(38M) 0.023ms
[2025-12-16T20:44:45.027+0800][1.849s][info][gc,cpu      ] GC(534) User=0.00s Sys=0.00s Real=0.00s
[2025-12-16T20:44:45.031+0800][1.852s][info][gc,start    ] GC(535) Pause Young (Allocation Failure)
[2025-12-16T20:44:45.031+0800][1.852s][info][gc,heap     ] GC(535) DefNew: 11009K(12352K)->2K(12352K) Eden: 11008K(11008K)->0K(11008K) From: 1K(1344K)->2K(1344K)
[2025-12-16T20:44:45.031+0800][1.852s][info][gc,heap     ] GC(535) Tenured: 1245K(27328K)->1245K(27328K)
[2025-12-16T20:44:45.031+0800][1.852s][info][gc,metaspace] GC(535) Metaspace: 91K(320K)->91K(320K) NonClass: 83K(192K)->83K(192K) Class: 8K(128K)->8K(128K)
[2025-12-16T20:44:45.031+0800][1.852s][info][gc          ] GC(535) Pause Young (Allocation Failure) 11M->1M(38M) 0.023ms
[2025-12-16T20:44:45.031+0800][1.852s][info][gc,cpu      ] GC(535) User=0.00s Sys=0.00s Real=0.00s
[2025-12-16T20:44:45.034+0800][1.855s][info][gc,start    ] GC(536) Pause Young (Allocation Failure)
[2025-12-16T20:44:45.034+0800][1.855s][info][gc,heap     ] GC(536) DefNew: 11010K(12352K)->2K(12352K) Eden: 11008K(11008K)->0K(11008K) From: 2K(1344K)->2K(1344K)
[2025-12-16T20:44:45.034+0800][1.855s][info][gc,heap     ] GC(536) Tenured: 1245K(27328K)->1245K(27328K)
[2025-12-16T20:44:45.034+0800][1.855s][info][gc,metaspace] GC(536) Metaspace: 91K(320K)->91K(320K) NonClass: 83K(192K)->83K(192K) Class: 8K(128K)->8K(128K)
[2025-12-16T20:44:45.034+0800][1.855s][info][gc          ] GC(536) Pause Young (Allocation Failure) 11M->1M(38M) 0.024ms
[2025-12-16T20:44:45.034+0800][1.855s][info][gc,cpu      ] GC(536) User=0.00s Sys=0.00s Real=0.00s
[2025-12-16T20:44:45.037+0800][1.859s][info][gc,start    ] GC(537) Pause Young (Allocation Failure)
[2025-12-16T20:44:45.037+0800][1.859s][info][gc,heap     ] GC(537) DefNew: 11010K(12352K)->1K(12352K) Eden: 11008K(11008K)->0K(11008K) From: 2K(1344K)->1K(1344K)
[2025-12-16T20:44:45.037+0800][1.859s][info][gc,heap     ] GC(537) Tenured: 1245K(27328K)->1245K(27328K)
[2025-12-16T20:44:45.037+0800][1.859s][info][gc,metaspace] GC(537) Metaspace: 91K(320K)->91K(320K) NonClass: 83K(192K)->83K(192K) Class: 8K(128K)->8K(128K)
[2025-12-16T20:44:45.037+0800][1.859s][info][gc          ] GC(537) Pause Young (Allocation Failure) 11M->1M(38M) 0.024ms
[2025-12-16T20:44:45.037+0800][1.859s][info][gc,cpu      ] GC(537) User=0.00s Sys=0.00s Real=0.00s
[2025-12-16T20:44:45.041+0800][1.862s][info][gc,start    ] GC(538) Pause Young (Allocation Failure)
[2025-12-16T20:44:45.041+0800][1.862s][info][gc,heap     ] GC(538) DefNew: 11009K(12352K)->2K(12352K) Eden: 11008K(11008K)->0K(11008K) From: 1K(1344K)->2K(1344K)
[2025-12-16T20:44:45.041+0800][1.862s][info][gc,heap     ] GC(538) Tenured: 1245K(27328K)->1245K(27328K)
[2025-12-16T20:44:45.041+0800][1.862s][info][gc,metaspace] GC(538) Metaspace: 91K(320K)->91K(320K) NonClass: 83K(192K)->83K(192K) Class: 8K(128K)->8K(128K)
[2025-12-16T20:44:45.041+0800][1.862s][info][gc          ] GC(538) Pause Young (Allocation Failure) 11M->1M(38M) 0.024ms
[2025-12-16T20:44:45.041+0800][1.862s][info][gc,cpu      ] GC(538) User=0.00s Sys=0.00s Real=0.00s
[2025-12-16T20:44:45.044+0800][1.865s][info][gc,start    ] GC(539) Pause Young (Allocation Failure)
[2025-12-16T20:44:45.044+0800][1.865s][info][gc,heap     ] GC(539) DefNew: 11010K(12352K)->2K(12352K) Eden: 11008K(11008K)->0K(11008K) From: 2K(1344K)->2K(1344K)
[2025-12-16T20:44:45.044+0800][1.866s][info][gc,heap     ] GC(539) Tenured: 1245K(27328K)->1245K(27328K)
[2025-12-16T20:44:45.044+0800][1.866s][info][gc,metaspace] GC(539) Metaspace: 91K(320K)->91K(320K) NonClass: 83K(192K)->83K(192K) Class: 8K(128K)->8K(128K)
[2025-12-16T20:44:45.044+0800][1.866s][info][gc          ] GC(539) Pause Young (Allocation Failure) 11M->1M(38M) 0.024ms
[2025-12-16T20:44:45.044+0800][1.866s][info][gc,cpu      ] GC(539) User=0.00s Sys=0.00s Real=0.00s
[2025-12-16T20:44:45.048+0800][1.869s][info][gc,start    ] GC(540) Pause Young (Allocation Failure)
[2025-12-16T20:44:45.048+0800][1.869s][info][gc,heap     ] GC(540) DefNew: 11010K(12352K)->2K(12352K) Eden: 11008K(11008K)->0K(11008K) From: 2K(1344K)->2K(1344K)
[2025-12-16T20:44:45.048+0800][1.869s][info][gc,heap     ] GC(540) Tenured: 1245K(27328K)->1245K(27328K)
[2025-12-16T20:44:45.048+0800][1.869s][info][gc,metaspace] GC(540) Metaspace: 91K(320K)->91K(320K) NonClass: 83K(192K)->83K(192K) Class: 8K(128K)->8K(128K)
[2025-12-16T20:44:45.048+0800][1.869s][info][gc          ] GC(540) Pause Young (Allocation Failure) 11M->1M(38M) 0.024ms
[2025-12-16T20:44:45.048+0800][1.869s][info][gc,cpu      ] GC(540) User=0.00s Sys=0.00s Real=0.00s
[2025-12-16T20:44:45.051+0800][1.872s][info][gc,start    ] GC(541) Pause Young (Allocation Failure)
[2025-12-16T20:44:45.051+0800][1.872s][info][gc,heap     ] GC(541) DefNew: 11010K(12352K)->2K(12352K) Eden: 11008K(11008K)->0K(11008K) From: 2K(1344K)->2K(1344K)
[2025-12-16T20:44:45.051+0800][1.872s][info][gc,heap     ] GC(541) Tenured: 1245K(27328K)->1245K(27328K)
[2025-12-16T20:44:45.051+0800][1.872s][info][gc,metaspace] GC(541) Metaspace: 91K(320K)->91K(320K) NonClass: 83K(192K)->83K(192K) Class: 8K(128K)->8K(128K)
[2025-12-16T20:44:45.051+0800][1.872s][info][gc          ] GC(541) Pause Young (Allocation Failure) 11M->1M(38M) 0.024ms
[2025-12-16T20:44:45.051+0800][1.872s][info][gc,cpu      ] GC(541) User=0.00s Sys=0.00s Real=0.00s
[2025-12-16T20:44:45.054+0800][1.876s][info][gc,start    ] GC(542) Pause Young (Allocation Failure)
[2025-12-16T20:44:45.054+0800][1.876s][info][gc,heap     ] GC(542) DefNew: 11010K(12352K)->2K(12352K) Eden: 11008K(11008K)->0K(11008K) From: 2K(1344K)->2K(1344K)
[2025-12-16T20:44:45.054+0800][1.876s][info][gc,heap     ] GC(542) Tenured: 1245K(27328K)->1245K(27328K)
[2025-12-16T20:44:45.054+0800][1.876s][info][gc,metaspace] GC(542) Metaspace: 91K(320K)->91K(320K) NonClass: 83K(192K)->83K(192K) Class: 8K(128K)->8K(128K)
[2025-12-16T20:44:45.054+0800][1.876s][info][gc          ] GC(542) Pause Young (Allocation Failure) 11M->1M(38M) 0.024ms
[2025-12-16T20:44:45.054+0800][1.876s][info][gc,cpu      ] GC(542) User=0.00s Sys=0.00s Real=0.00s
[2025-12-16T20:44:45.058+0800][1.879s][info][gc,start    ] GC(543) Pause Young (Allocation Failure)
[2025-12-16T20:44:45.058+0800][1.879s][info][gc,heap     ] GC(543) DefNew: 11010K(12352K)->3K(12352K) Eden: 11008K(11008K)->0K(11008K) From: 2K(1344K)->3K(1344K)
[2025-12-16T20:44:45.058+0800][1.879s][info][gc,heap     ] GC(543) Tenured: 1245K(27328K)->1245K(27328K)
[2025-12-16T20:44:45.058+0800][1.879s][info][gc,metaspace] GC(543) Metaspace: 91K(320K)->91K(320K) NonClass: 83K(192K)->83K(192K) Class: 8K(128K)->8K(128K)
[2025-12-16T20:44:45.058+0800][1.879s][info][gc          ] GC(543) Pause Young (Allocation Failure) 11M->1M(38M) 0.024ms
[2025-12-16T20:44:45.058+0800][1.879s][info][gc,cpu      ] GC(543) User=0.00s Sys=0.00s Real=0.00s
[2025-12-16T20:44:45.061+0800][1.882s][info][gc,start    ] GC(544) Pause Young (Allocation Failure)
[2025-12-16T20:44:45.061+0800][1.882s][info][gc,heap     ] GC(544) DefNew: 11011K(12352K)->1K(12352K) Eden: 11008K(11008K)->0K(11008K) From: 3K(1344K)->1K(1344K)
[2025-12-16T20:44:45.061+0800][1.882s][info][gc,heap     ] GC(544) Tenured: 1245K(27328K)->1245K(27328K)
[2025-12-16T20:44:45.061+0800][1.882s][info][gc,metaspace] GC(544) Metaspace: 91K(320K)->91K(320K) NonClass: 83K(192K)->83K(192K) Class: 8K(128K)->8K(128K)
[2025-12-16T20:44:45.061+0800][1.882s][info][gc          ] GC(544) Pause Young (Allocation Failure) 11M->1M(38M) 0.024ms
[2025-12-16T20:44:45.061+0800][1.882s][info][gc,cpu      ] GC(544) User=0.00s Sys=0.00s Real=0.00s
[2025-12-16T20:44:45.064+0800][1.886s][info][gc,start    ] GC(545) Pause Young (Allocation Failure)
[2025-12-16T20:44:45.064+0800][1.886s][info][gc,heap     ] GC(545) DefNew: 11009K(12352K)->2K(12352K) Eden: 11008K(11008K)->0K(11008K) From: 1K(1344K)->2K(1344K)
[2025-12-16T20:44:45.064+0800][1.886s][info][gc,heap     ] GC(545) Tenured: 1245K(27328K)->1245K(27328K)
[2025-12-16T20:44:45.064+0800][1.886s][info][gc,metaspace] GC(545) Metaspace: 91K(320K)->91K(320K) NonClass: 83K(192K)->83K(192K) Class: 8K(128K)->8K(128K)
[2025-12-16T20:44:45.064+0800][1.886s][info][gc          ] GC(545) Pause Young (Allocation Failure) 11M->1M(38M) 0.025ms
[2025-12-16T20:44:45.064+0800][1.886s][info][gc,cpu      ] GC(545) User=0.00s Sys=0.00s Real=0.00s
[2025-12-16T20:44:45.068+0800][1.889s][info][gc,start    ] GC(546) Pause Young (Allocation Failure)
[2025-12-16T20:44:45.068+0800][1.889s][info][gc,heap     ] GC(546) DefNew: 11010K(12352K)->2K(12352K) Eden: 11008K(11008K)->0K(11008K) From: 2K(1344K)->2K(1344K)
[2025-12-16T20:44:45.068+0800][1.889s][info][gc,heap     ] GC(546) Tenured: 1245K(27328K)->1245K(27328K)
[2025-12-16T20:44:45.068+0800][1.889s][info][gc,metaspace] GC(546) Metaspace: 91K(320K)->91K(320K) NonClass: 83K(192K)->83K(192K) Class: 8K(128K)->8K(128K)
[2025-12-16T20:44:45.068+0800][1.889s][info][gc          ] GC(546) Pause Young (Allocation Failure) 11M->1M(38M) 0.024ms
[2025-12-16T20:44:45.068+0800][1.889s][info][gc,cpu      ] GC(546) User=0.00s Sys=0.00s Real=0.00s
[2025-12-16T20:44:45.071+0800][1.893s][info][gc,start    ] GC(547) Pause Young (Allocation Failure)
[2025-12-16T20:44:45.071+0800][1.893s][info][gc,heap     ] GC(547) DefNew: 11010K(12352K)->1K(12352K) Eden: 11008K(11008K)->0K(11008K) From: 2K(1344K)->1K(1344K)
[2025-12-16T20:44:45.071+0800][1.893s][info][gc,heap     ] GC(547) Tenured: 1245K(27328K)->1245K(27328K)
[2025-12-16T20:44:45.071+0800][1.893s][info][gc,metaspace] GC(547) Metaspace: 91K(320K)->91K(320K) NonClass: 83K(192K)->83K(192K) Class: 8K(128K)->8K(128K)
[2025-12-16T20:44:45.071+0800][1.893s][info][gc          ] GC(547) Pause Young (Allocation Failure) 11M->1M(38M) 0.023ms
[2025-12-16T20:44:45.071+0800][1.893s][info][gc,cpu      ] GC(547) User=0.00s Sys=0.00s Real=0.00s
[2025-12-16T20:44:45.075+0800][1.896s][info][gc,start    ] GC(548) Pause Young (Allocation Failure)
[2025-12-16T20:44:45.075+0800][1.896s][info][gc,heap     ] GC(548) DefNew: 11009K(12352K)->2K(12352K) Eden: 11008K(11008K)->0K(11008K) From: 1K(1344K)->2K(1344K)
[2025-12-16T20:44:45.075+0800][1.896s][info][gc,heap     ] GC(548) Tenured: 1245K(27328K)->1245K(27328K)
[2025-12-16T20:44:45.075+0800][1.896s][info][gc,metaspace] GC(548) Metaspace: 91K(320K)->91K(320K) NonClass: 83K(192K)->83K(192K) Class: 8K(128K)->8K(128K)
[2025-12-16T20:44:45.075+0800][1.896s][info][gc          ] GC(548) Pause Young (Allocation Failure) 11M->1M(38M) 0.023ms
[2025-12-16T20:44:45.075+0800][1.896s][info][gc,cpu      ] GC(548) User=0.00s Sys=0.00s Real=0.00s
[2025-12-16T20:44:45.078+0800][1.899s][info][gc,start    ] GC(549) Pause Young (Allocation Failure)
[2025-12-16T20:44:45.078+0800][1.899s][info][gc,heap     ] GC(549) DefNew: 11010K(12352K)->2K(12352K) Eden: 11008K(11008K)->0K(11008K) From: 2K(1344K)->2K(1344K)
[2025-12-16T20:44:45.078+0800][1.899s][info][gc,heap     ] GC(549) Tenured: 1245K(27328K)->1245K(27328K)
[2025-12-16T20:44:45.078+0800][1.899s][info][gc,metaspace] GC(549) Metaspace: 91K(320K)->91K(320K) NonClass: 83K(192K)->83K(192K) Class: 8K(128K)->8K(128K)
[2025-12-16T20:44:45.078+0800][1.899s][info][gc          ] GC(549) Pause Young (Allocation Failure) 11M->1M(38M) 0.026ms
[2025-12-16T20:44:45.078+0800][1.899s][info][gc,cpu      ] GC(549) User=0.00s Sys=0.00s Real=0.00s
[2025-12-16T20:44:45.081+0800][1.903s][info][gc,start    ] GC(550) Pause Young (Allocation Failure)
[2025-12-16T20:44:45.081+0800][1.903s][info][gc,heap     ] GC(550) DefNew: 11010K(12352K)->2K(12352K) Eden: 11008K(11008K)->0K(11008K) From: 2K(1344K)->2K(1344K)
[2025-12-16T20:44:45.081+0800][1.903s][info][gc,heap     ] GC(550) Tenured: 1245K(27328K)->1245K(27328K)
[2025-12-16T20:44:45.081+0800][1.903s][info][gc,metaspace] GC(550) Metaspace: 91K(320K)->91K(320K) NonClass: 83K(192K)->83K(192K) Class: 8K(128K)->8K(128K)
[2025-12-16T20:44:45.081+0800][1.903s][info][gc          ] GC(550) Pause Young (Allocation Failure) 11M->1M(38M) 0.024ms
[2025-12-16T20:44:45.081+0800][1.903s][info][gc,cpu      ] GC(550) User=0.00s Sys=0.00s Real=0.00s
[2025-12-16T20:44:45.085+0800][1.906s][info][gc,start    ] GC(551) Pause Young (Allocation Failure)
[2025-12-16T20:44:45.085+0800][1.906s][info][gc,heap     ] GC(551) DefNew: 11010K(12352K)->2K(12352K) Eden: 11008K(11008K)->0K(11008K) From: 2K(1344K)->2K(1344K)
[2025-12-16T20:44:45.085+0800][1.906s][info][gc,heap     ] GC(551) Tenured: 1245K(27328K)->1245K(27328K)
[2025-12-16T20:44:45.085+0800][1.906s][info][gc,metaspace] GC(551) Metaspace: 91K(320K)->91K(320K) NonClass: 83K(192K)->83K(192K) Class: 8K(128K)->8K(128K)
[2025-12-16T20:44:45.085+0800][1.906s][info][gc          ] GC(551) Pause Young (Allocation Failure) 11M->1M(38M) 0.024ms
[2025-12-16T20:44:45.085+0800][1.906s][info][gc,cpu      ] GC(551) User=0.00s Sys=0.00s Real=0.00s
[2025-12-16T20:44:45.088+0800][1.909s][info][gc,start    ] GC(552) Pause Young (Allocation Failure)
[2025-12-16T20:44:45.088+0800][1.909s][info][gc,heap     ] GC(552) DefNew: 11010K(12352K)->2K(12352K) Eden: 11008K(11008K)->0K(11008K) From: 2K(1344K)->2K(1344K)
[2025-12-16T20:44:45.088+0800][1.909s][info][gc,heap     ] GC(552) Tenured: 1245K(27328K)->1245K(27328K)
[2025-12-16T20:44:45.088+0800][1.909s][info][gc,metaspace] GC(552) Metaspace: 91K(320K)->91K(320K) NonClass: 83K(192K)->83K(192K) Class: 8K(128K)->8K(128K)
[2025-12-16T20:44:45.088+0800][1.909s][info][gc          ] GC(552) Pause Young (Allocation Failure) 11M->1M(38M) 0.024ms
[2025-12-16T20:44:45.088+0800][1.909s][info][gc,cpu      ] GC(552) User=0.00s Sys=0.00s Real=0.00s
[2025-12-16T20:44:45.091+0800][1.913s][info][gc,start    ] GC(553) Pause Young (Allocation Failure)
[2025-12-16T20:44:45.091+0800][1.913s][info][gc,heap     ] GC(553) DefNew: 11010K(12352K)->3K(12352K) Eden: 11008K(11008K)->0K(11008K) From: 2K(1344K)->3K(1344K)
[2025-12-16T20:44:45.091+0800][1.913s][info][gc,heap     ] GC(553) Tenured: 1245K(27328K)->1245K(27328K)
[2025-12-16T20:44:45.091+0800][1.913s][info][gc,metaspace] GC(553) Metaspace: 91K(320K)->91K(320K) NonClass: 83K(192K)->83K(192K) Class: 8K(128K)->8K(128K)
[2025-12-16T20:44:45.091+0800][1.913s][info][gc          ] GC(553) Pause Young (Allocation Failure) 11M->1M(38M) 0.024ms
[2025-12-16T20:44:45.091+0800][1.913s][info][gc,cpu      ] GC(553) User=0.00s Sys=0.00s Real=0.00s
[2025-12-16T20:44:45.095+0800][1.916s][info][gc,start    ] GC(554) Pause Young (Allocation Failure)
[2025-12-16T20:44:45.095+0800][1.916s][info][gc,heap     ] GC(554) DefNew: 11011K(12352K)->1K(12352K) Eden: 11008K(11008K)->0K(11008K) From: 3K(1344K)->1K(1344K)
[2025-12-16T20:44:45.095+0800][1.916s][info][gc,heap     ] GC(554) Tenured: 1245K(27328K)->1245K(27328K)
[2025-12-16T20:44:45.095+0800][1.916s][info][gc,metaspace] GC(554) Metaspace: 91K(320K)->91K(320K) NonClass: 83K(192K)->83K(192K) Class: 8K(128K)->8K(128K)
[2025-12-16T20:44:45.095+0800][1.916s][info][gc          ] GC(554) Pause Young (Allocation Failure) 11M->1M(38M) 0.035ms
[2025-12-16T20:44:45.095+0800][1.916s][info][gc,cpu      ] GC(554) User=0.00s Sys=0.00s Real=0.00s
[2025-12-16T20:44:45.098+0800][1.920s][info][gc,start    ] GC(555) Pause Young (Allocation Failure)
[2025-12-16T20:44:45.098+0800][1.920s][info][gc,heap     ] GC(555) DefNew: 11009K(12352K)->2K(12352K) Eden: 11008K(11008K)->0K(11008K) From: 1K(1344K)->2K(1344K)
[2025-12-16T20:44:45.098+0800][1.920s][info][gc,heap     ] GC(555) Tenured: 1245K(27328K)->1245K(27328K)
[2025-12-16T20:44:45.098+0800][1.920s][info][gc,metaspace] GC(555) Metaspace: 91K(320K)->91K(320K) NonClass: 83K(192K)->83K(192K) Class: 8K(128K)->8K(128K)
[2025-12-16T20:44:45.098+0800][1.920s][info][gc          ] GC(555) Pause Young (Allocation Failure) 11M->1M(38M) 0.024ms
[2025-12-16T20:44:45.098+0800][1.920s][info][gc,cpu      ] GC(555) User=0.00s Sys=0.00s Real=0.00s
[2025-12-16T20:44:45.102+0800][1.923s][info][gc,start    ] GC(556) Pause Young (Allocation Failure)
[2025-12-16T20:44:45.102+0800][1.923s][info][gc,heap     ] GC(556) DefNew: 11010K(12352K)->2K(12352K) Eden: 11008K(11008K)->0K(11008K) From: 2K(1344K)->2K(1344K)
[2025-12-16T20:44:45.102+0800][1.923s][info][gc,heap     ] GC(556) Tenured: 1245K(27328K)->1245K(27328K)
[2025-12-16T20:44:45.102+0800][1.923s][info][gc,metaspace] GC(556) Metaspace: 91K(320K)->91K(320K) NonClass: 83K(192K)->83K(192K) Class: 8K(128K)->8K(128K)
[2025-12-16T20:44:45.102+0800][1.923s][info][gc          ] GC(556) Pause Young (Allocation Failure) 11M->1M(38M) 0.025ms
[2025-12-16T20:44:45.102+0800][1.923s][info][gc,cpu      ] GC(556) User=0.00s Sys=0.00s Real=0.00s
[2025-12-16T20:44:45.105+0800][1.926s][info][gc,start    ] GC(557) Pause Young (Allocation Failure)
[2025-12-16T20:44:45.105+0800][1.926s][info][gc,heap     ] GC(557) DefNew: 11010K(12352K)->1K(12352K) Eden: 11008K(11008K)->0K(11008K) From: 2K(1344K)->1K(1344K)
[2025-12-16T20:44:45.105+0800][1.926s][info][gc,heap     ] GC(557) Tenured: 1245K(27328K)->1245K(27328K)
[2025-12-16T20:44:45.105+0800][1.926s][info][gc,metaspace] GC(557) Metaspace: 91K(320K)->91K(320K) NonClass: 83K(192K)->83K(192K) Class: 8K(128K)->8K(128K)
[2025-12-16T20:44:45.105+0800][1.926s][info][gc          ] GC(557) Pause Young (Allocation Failure) 11M->1M(38M) 0.024ms
[2025-12-16T20:44:45.105+0800][1.926s][info][gc,cpu      ] GC(557) User=0.00s Sys=0.00s Real=0.00s
[2025-12-16T20:44:45.108+0800][1.930s][info][gc,start    ] GC(558) Pause Young (Allocation Failure)
[2025-12-16T20:44:45.108+0800][1.930s][info][gc,heap     ] GC(558) DefNew: 11009K(12352K)->2K(12352K) Eden: 11008K(11008K)->0K(11008K) From: 1K(1344K)->2K(1344K)
[2025-12-16T20:44:45.108+0800][1.930s][info][gc,heap     ] GC(558) Tenured: 1245K(27328K)->1245K(27328K)
[2025-12-16T20:44:45.108+0800][1.930s][info][gc,metaspace] GC(558) Metaspace: 91K(320K)->91K(320K) NonClass: 83K(192K)->83K(192K) Class: 8K(128K)->8K(128K)
[2025-12-16T20:44:45.108+0800][1.930s][info][gc          ] GC(558) Pause Young (Allocation Failure) 11M->1M(38M) 0.024ms
[2025-12-16T20:44:45.108+0800][1.930s][info][gc,cpu      ] GC(558) User=0.00s Sys=0.00s Real=0.00s
[2025-12-16T20:44:45.112+0800][1.933s][info][gc,start    ] GC(559) Pause Young (Allocation Failure)
[2025-12-16T20:44:45.112+0800][1.933s][info][gc,heap     ] GC(559) DefNew: 11010K(12352K)->2K(12352K) Eden: 11008K(11008K)->0K(11008K) From: 2K(1344K)->2K(1344K)
[2025-12-16T20:44:45.112+0800][1.933s][info][gc,heap     ] GC(559) Tenured: 1245K(27328K)->1245K(27328K)
[2025-12-16T20:44:45.112+0800][1.933s][info][gc,metaspace] GC(559) Metaspace: 91K(320K)->91K(320K) NonClass: 83K(192K)->83K(192K) Class: 8K(128K)->8K(128K)
[2025-12-16T20:44:45.112+0800][1.933s][info][gc          ] GC(559) Pause Young (Allocation Failure) 11M->1M(38M) 0.024ms
[2025-12-16T20:44:45.112+0800][1.933s][info][gc,cpu      ] GC(559) User=0.00s Sys=0.00s Real=0.00s
[2025-12-16T20:44:45.115+0800][1.936s][info][gc,start    ] GC(560) Pause Young (Allocation Failure)
[2025-12-16T20:44:45.115+0800][1.936s][info][gc,heap     ] GC(560) DefNew: 11010K(12352K)->2K(12352K) Eden: 11008K(11008K)->0K(11008K) From: 2K(1344K)->2K(1344K)
[2025-12-16T20:44:45.115+0800][1.936s][info][gc,heap     ] GC(560) Tenured: 1245K(27328K)->1245K(27328K)
[2025-12-16T20:44:45.115+0800][1.936s][info][gc,metaspace] GC(560) Metaspace: 91K(320K)->91K(320K) NonClass: 83K(192K)->83K(192K) Class: 8K(128K)->8K(128K)
[2025-12-16T20:44:45.115+0800][1.936s][info][gc          ] GC(560) Pause Young (Allocation Failure) 11M->1M(38M) 0.024ms
[2025-12-16T20:44:45.115+0800][1.936s][info][gc,cpu      ] GC(560) User=0.00s Sys=0.00s Real=0.00s
[2025-12-16T20:44:45.118+0800][1.940s][info][gc,start    ] GC(561) Pause Young (Allocation Failure)
[2025-12-16T20:44:45.118+0800][1.940s][info][gc,heap     ] GC(561) DefNew: 11010K(12352K)->2K(12352K) Eden: 11008K(11008K)->0K(11008K) From: 2K(1344K)->2K(1344K)
[2025-12-16T20:44:45.118+0800][1.940s][info][gc,heap     ] GC(561) Tenured: 1245K(27328K)->1245K(27328K)
[2025-12-16T20:44:45.118+0800][1.940s][info][gc,metaspace] GC(561) Metaspace: 91K(320K)->91K(320K) NonClass: 83K(192K)->83K(192K) Class: 8K(128K)->8K(128K)
[2025-12-16T20:44:45.118+0800][1.940s][info][gc          ] GC(561) Pause Young (Allocation Failure) 11M->1M(38M) 0.025ms
[2025-12-16T20:44:45.118+0800][1.940s][info][gc,cpu      ] GC(561) User=0.00s Sys=0.00s Real=0.00s
[2025-12-16T20:44:45.122+0800][1.943s][info][gc,start    ] GC(562) Pause Young (Allocation Failure)
[2025-12-16T20:44:45.122+0800][1.943s][info][gc,heap     ] GC(562) DefNew: 11010K(12352K)->2K(12352K) Eden: 11008K(11008K)->0K(11008K) From: 2K(1344K)->2K(1344K)
[2025-12-16T20:44:45.122+0800][1.943s][info][gc,heap     ] GC(562) Tenured: 1245K(27328K)->1245K(27328K)
[2025-12-16T20:44:45.122+0800][1.943s][info][gc,metaspace] GC(562) Metaspace: 91K(320K)->91K(320K) NonClass: 83K(192K)->83K(192K) Class: 8K(128K)->8K(128K)
[2025-12-16T20:44:45.122+0800][1.943s][info][gc          ] GC(562) Pause Young (Allocation Failure) 11M->1M(38M) 0.024ms
[2025-12-16T20:44:45.122+0800][1.943s][info][gc,cpu      ] GC(562) User=0.00s Sys=0.00s Real=0.00s
[2025-12-16T20:44:45.125+0800][1.947s][info][gc,start    ] GC(563) Pause Young (Allocation Failure)
[2025-12-16T20:44:45.125+0800][1.947s][info][gc,heap     ] GC(563) DefNew: 11010K(12352K)->3K(12352K) Eden: 11008K(11008K)->0K(11008K) From: 2K(1344K)->3K(1344K)
[2025-12-16T20:44:45.125+0800][1.947s][info][gc,heap     ] GC(563) Tenured: 1245K(27328K)->1245K(27328K)
[2025-12-16T20:44:45.125+0800][1.947s][info][gc,metaspace] GC(563) Metaspace: 91K(320K)->91K(320K) NonClass: 83K(192K)->83K(192K) Class: 8K(128K)->8K(128K)
[2025-12-16T20:44:45.125+0800][1.947s][info][gc          ] GC(563) Pause Young (Allocation Failure) 11M->1M(38M) 0.025ms
[2025-12-16T20:44:45.125+0800][1.947s][info][gc,cpu      ] GC(563) User=0.00s Sys=0.00s Real=0.00s
[2025-12-16T20:44:45.129+0800][1.950s][info][gc,start    ] GC(564) Pause Young (Allocation Failure)
[2025-12-16T20:44:45.129+0800][1.950s][info][gc,heap     ] GC(564) DefNew: 11011K(12352K)->1K(12352K) Eden: 11008K(11008K)->0K(11008K) From: 3K(1344K)->1K(1344K)
[2025-12-16T20:44:45.129+0800][1.950s][info][gc,heap     ] GC(564) Tenured: 1245K(27328K)->1245K(27328K)
[2025-12-16T20:44:45.129+0800][1.950s][info][gc,metaspace] GC(564) Metaspace: 91K(320K)->91K(320K) NonClass: 83K(192K)->83K(192K) Class: 8K(128K)->8K(128K)
[2025-12-16T20:44:45.129+0800][1.950s][info][gc          ] GC(564) Pause Young (Allocation Failure) 11M->1M(38M) 0.025ms
[2025-12-16T20:44:45.129+0800][1.950s][info][gc,cpu      ] GC(564) User=0.00s Sys=0.00s Real=0.00s
[2025-12-16T20:44:45.132+0800][1.953s][info][gc,start    ] GC(565) Pause Young (Allocation Failure)
[2025-12-16T20:44:45.132+0800][1.953s][info][gc,heap     ] GC(565) DefNew: 11009K(12352K)->2K(12352K) Eden: 11008K(11008K)->0K(11008K) From: 1K(1344K)->2K(1344K)
[2025-12-16T20:44:45.132+0800][1.953s][info][gc,heap     ] GC(565) Tenured: 1245K(27328K)->1245K(27328K)
[2025-12-16T20:44:45.132+0800][1.953s][info][gc,metaspace] GC(565) Metaspace: 91K(320K)->91K(320K) NonClass: 83K(192K)->83K(192K) Class: 8K(128K)->8K(128K)
[2025-12-16T20:44:45.132+0800][1.954s][info][gc          ] GC(565) Pause Young (Allocation Failure) 11M->1M(38M) 0.025ms
[2025-12-16T20:44:45.132+0800][1.954s][info][gc,cpu      ] GC(565) User=0.00s Sys=0.00s Real=0.00s
[2025-12-16T20:44:45.135+0800][1.957s][info][gc,start    ] GC(566) Pause Young (Allocation Failure)
[2025-12-16T20:44:45.136+0800][1.957s][info][gc,heap     ] GC(566) DefNew: 11010K(12352K)->2K(12352K) Eden: 11008K(11008K)->0K(11008K) From: 2K(1344K)->2K(1344K)
[2025-12-16T20:44:45.136+0800][1.957s][info][gc,heap     ] GC(566) Tenured: 1245K(27328K)->1245K(27328K)
[2025-12-16T20:44:45.136+0800][1.957s][info][gc,metaspace] GC(566) Metaspace: 91K(320K)->91K(320K) NonClass: 83K(192K)->83K(192K) Class: 8K(128K)->8K(128K)
[2025-12-16T20:44:45.136+0800][1.957s][info][gc          ] GC(566) Pause Young (Allocation Failure) 11M->1M(38M) 0.024ms
[2025-12-16T20:44:45.136+0800][1.957s][info][gc,cpu      ] GC(566) User=0.00s Sys=0.00s Real=0.00s
[2025-12-16T20:44:45.139+0800][1.960s][info][gc,start    ] GC(567) Pause Young (Allocation Failure)
[2025-12-16T20:44:45.139+0800][1.960s][info][gc,heap     ] GC(567) DefNew: 11010K(12352K)->1K(12352K) Eden: 11008K(11008K)->0K(11008K) From: 2K(1344K)->1K(1344K)
[2025-12-16T20:44:45.139+0800][1.960s][info][gc,heap     ] GC(567) Tenured: 1245K(27328K)->1245K(27328K)
[2025-12-16T20:44:45.139+0800][1.960s][info][gc,metaspace] GC(567) Metaspace: 91K(320K)->91K(320K) NonClass: 83K(192K)->83K(192K) Class: 8K(128K)->8K(128K)
[2025-12-16T20:44:45.139+0800][1.960s][info][gc          ] GC(567) Pause Young (Allocation Failure) 11M->1M(38M) 0.023ms
[2025-12-16T20:44:45.139+0800][1.960s][info][gc,cpu      ] GC(567) User=0.00s Sys=0.00s Real=0.00s
[2025-12-16T20:44:45.142+0800][1.964s][info][gc,start    ] GC(568) Pause Young (Allocation Failure)
[2025-12-16T20:44:45.142+0800][1.964s][info][gc,heap     ] GC(568) DefNew: 11009K(12352K)->2K(12352K) Eden: 11008K(11008K)->0K(11008K) From: 1K(1344K)->2K(1344K)
[2025-12-16T20:44:45.142+0800][1.964s][info][gc,heap     ] GC(568) Tenured: 1245K(27328K)->1245K(27328K)
[2025-12-16T20:44:45.142+0800][1.964s][info][gc,metaspace] GC(568) Metaspace: 91K(320K)->91K(320K) NonClass: 83K(192K)->83K(192K) Class: 8K(128K)->8K(128K)
[2025-12-16T20:44:45.142+0800][1.964s][info][gc          ] GC(568) Pause Young (Allocation Failure) 11M->1M(38M) 0.024ms
[2025-12-16T20:44:45.142+0800][1.964s][info][gc,cpu      ] GC(568) User=0.00s Sys=0.00s Real=0.00s
[2025-12-16T20:44:45.146+0800][1.967s][info][gc,start    ] GC(569) Pause Young (Allocation Failure)
[2025-12-16T20:44:45.146+0800][1.967s][info][gc,heap     ] GC(569) DefNew: 11010K(12352K)->2K(12352K) Eden: 11008K(11008K)->0K(11008K) From: 2K(1344K)->2K(1344K)
[2025-12-16T20:44:45.146+0800][1.967s][info][gc,heap     ] GC(569) Tenured: 1245K(27328K)->1245K(27328K)
[2025-12-16T20:44:45.146+0800][1.967s][info][gc,metaspace] GC(569) Metaspace: 91K(320K)->91K(320K) NonClass: 83K(192K)->83K(192K) Class: 8K(128K)->8K(128K)
[2025-12-16T20:44:45.146+0800][1.967s][info][gc          ] GC(569) Pause Young (Allocation Failure) 11M->1M(38M) 0.026ms
[2025-12-16T20:44:45.146+0800][1.967s][info][gc,cpu      ] GC(569) User=0.00s Sys=0.00s Real=0.00s
[2025-12-16T20:44:45.149+0800][1.970s][info][gc,start    ] GC(570) Pause Young (Allocation Failure)
[2025-12-16T20:44:45.149+0800][1.970s][info][gc,heap     ] GC(570) DefNew: 11010K(12352K)->2K(12352K) Eden: 11008K(11008K)->0K(11008K) From: 2K(1344K)->2K(1344K)
[2025-12-16T20:44:45.149+0800][1.970s][info][gc,heap     ] GC(570) Tenured: 1245K(27328K)->1245K(27328K)
[2025-12-16T20:44:45.149+0800][1.970s][info][gc,metaspace] GC(570) Metaspace: 91K(320K)->91K(320K) NonClass: 83K(192K)->83K(192K) Class: 8K(128K)->8K(128K)
[2025-12-16T20:44:45.149+0800][1.970s][info][gc          ] GC(570) Pause Young (Allocation Failure) 11M->1M(38M) 0.024ms
[2025-12-16T20:44:45.149+0800][1.970s][info][gc,cpu      ] GC(570) User=0.00s Sys=0.00s Real=0.00s
[2025-12-16T20:44:45.152+0800][1.974s][info][gc,start    ] GC(571) Pause Young (Allocation Failure)
[2025-12-16T20:44:45.152+0800][1.974s][info][gc,heap     ] GC(571) DefNew: 11010K(12352K)->2K(12352K) Eden: 11008K(11008K)->0K(11008K) From: 2K(1344K)->2K(1344K)
[2025-12-16T20:44:45.152+0800][1.974s][info][gc,heap     ] GC(571) Tenured: 1245K(27328K)->1245K(27328K)
[2025-12-16T20:44:45.152+0800][1.974s][info][gc,metaspace] GC(571) Metaspace: 91K(320K)->91K(320K) NonClass: 83K(192K)->83K(192K) Class: 8K(128K)->8K(128K)
[2025-12-16T20:44:45.152+0800][1.974s][info][gc          ] GC(571) Pause Young (Allocation Failure) 11M->1M(38M) 0.025ms
[2025-12-16T20:44:45.152+0800][1.974s][info][gc,cpu      ] GC(571) User=0.00s Sys=0.00s Real=0.00s
[2025-12-16T20:44:45.156+0800][1.977s][info][gc,start    ] GC(572) Pause Young (Allocation Failure)
[2025-12-16T20:44:45.156+0800][1.977s][info][gc,heap     ] GC(572) DefNew: 11010K(12352K)->2K(12352K) Eden: 11008K(11008K)->0K(11008K) From: 2K(1344K)->2K(1344K)
[2025-12-16T20:44:45.156+0800][1.977s][info][gc,heap     ] GC(572) Tenured: 1245K(27328K)->1245K(27328K)
[2025-12-16T20:44:45.156+0800][1.977s][info][gc,metaspace] GC(572) Metaspace: 91K(320K)->91K(320K) NonClass: 83K(192K)->83K(192K) Class: 8K(128K)->8K(128K)
[2025-12-16T20:44:45.156+0800][1.977s][info][gc          ] GC(572) Pause Young (Allocation Failure) 11M->1M(38M) 0.024ms
[2025-12-16T20:44:45.156+0800][1.977s][info][gc,cpu      ] GC(572) User=0.00s Sys=0.00s Real=0.00s
[2025-12-16T20:44:45.159+0800][1.980s][info][gc,start    ] GC(573) Pause Young (Allocation Failure)
[2025-12-16T20:44:45.159+0800][1.980s][info][gc,heap     ] GC(573) DefNew: 11010K(12352K)->3K(12352K) Eden: 11008K(11008K)->0K(11008K) From: 2K(1344K)->3K(1344K)
[2025-12-16T20:44:45.159+0800][1.980s][info][gc,heap     ] GC(573) Tenured: 1245K(27328K)->1245K(27328K)
[2025-12-16T20:44:45.159+0800][1.980s][info][gc,metaspace] GC(573) Metaspace: 91K(320K)->91K(320K) NonClass: 83K(192K)->83K(192K) Class: 8K(128K)->8K(128K)
[2025-12-16T20:44:45.159+0800][1.980s][info][gc          ] GC(573) Pause Young (Allocation Failure) 11M->1M(38M) 0.024ms
[2025-12-16T20:44:45.159+0800][1.980s][info][gc,cpu      ] GC(573) User=0.00s Sys=0.00s Real=0.00s
[2025-12-16T20:44:45.162+0800][1.984s][info][gc,start    ] GC(574) Pause Young (Allocation Failure)
[2025-12-16T20:44:45.162+0800][1.984s][info][gc,heap     ] GC(574) DefNew: 11011K(12352K)->1K(12352K) Eden: 11008K(11008K)->0K(11008K) From: 3K(1344K)->1K(1344K)
[2025-12-16T20:44:45.162+0800][1.984s][info][gc,heap     ] GC(574) Tenured: 1245K(27328K)->1245K(27328K)
[2025-12-16T20:44:45.162+0800][1.984s][info][gc,metaspace] GC(574) Metaspace: 91K(320K)->91K(320K) NonClass: 83K(192K)->83K(192K) Class: 8K(128K)->8K(128K)
[2025-12-16T20:44:45.162+0800][1.984s][info][gc          ] GC(574) Pause Young (Allocation Failure) 11M->1M(38M) 0.023ms
[2025-12-16T20:44:45.162+0800][1.984s][info][gc,cpu      ] GC(574) User=0.00s Sys=0.00s Real=0.00s
[2025-12-16T20:44:45.166+0800][1.987s][info][gc,start    ] GC(575) Pause Young (Allocation Failure)
[2025-12-16T20:44:45.166+0800][1.987s][info][gc,heap     ] GC(575) DefNew: 11009K(12352K)->2K(12352K) Eden: 11008K(11008K)->0K(11008K) From: 1K(1344K)->2K(1344K)
[2025-12-16T20:44:45.166+0800][1.987s][info][gc,heap     ] GC(575) Tenured: 1245K(27328K)->1245K(27328K)
[2025-12-16T20:44:45.166+0800][1.987s][info][gc,metaspace] GC(575) Metaspace: 91K(320K)->91K(320K) NonClass: 83K(192K)->83K(192K) Class: 8K(128K)->8K(128K)
[2025-12-16T20:44:45.166+0800][1.987s][info][gc          ] GC(575) Pause Young (Allocation Failure) 11M->1M(38M) 0.023ms
[2025-12-16T20:44:45.166+0800][1.987s][info][gc,cpu      ] GC(575) User=0.00s Sys=0.00s Real=0.00s
[2025-12-16T20:44:45.169+0800][1.991s][info][gc,start    ] GC(576) Pause Young (Allocation Failure)
[2025-12-16T20:44:45.169+0800][1.991s][info][gc,heap     ] GC(576) DefNew: 11010K(12352K)->2K(12352K) Eden: 11008K(11008K)->0K(11008K) From: 2K(1344K)->2K(1344K)
[2025-12-16T20:44:45.169+0800][1.991s][info][gc,heap     ] GC(576) Tenured: 1245K(27328K)->1245K(27328K)
[2025-12-16T20:44:45.169+0800][1.991s][info][gc,metaspace] GC(576) Metaspace: 91K(320K)->91K(320K) NonClass: 83K(192K)->83K(192K) Class: 8K(128K)->8K(128K)
[2025-12-16T20:44:45.169+0800][1.991s][info][gc          ] GC(576) Pause Young (Allocation Failure) 11M->1M(38M) 0.024ms
[2025-12-16T20:44:45.169+0800][1.991s][info][gc,cpu      ] GC(576) User=0.00s Sys=0.00s Real=0.00s
[2025-12-16T20:44:45.173+0800][1.994s][info][gc,start    ] GC(577) Pause Young (Allocation Failure)
[2025-12-16T20:44:45.173+0800][1.994s][info][gc,heap     ] GC(577) DefNew: 11010K(12352K)->1K(12352K) Eden: 11008K(11008K)->0K(11008K) From: 2K(1344K)->1K(1344K)
[2025-12-16T20:44:45.173+0800][1.994s][info][gc,heap     ] GC(577) Tenured: 1245K(27328K)->1245K(27328K)
[2025-12-16T20:44:45.173+0800][1.994s][info][gc,metaspace] GC(577) Metaspace: 91K(320K)->91K(320K) NonClass: 83K(192K)->83K(192K) Class: 8K(128K)->8K(128K)
[2025-12-16T20:44:45.173+0800][1.994s][info][gc          ] GC(577) Pause Young (Allocation Failure) 11M->1M(38M) 0.023ms
[2025-12-16T20:44:45.173+0800][1.994s][info][gc,cpu      ] GC(577) User=0.00s Sys=0.00s Real=0.00s
[2025-12-16T20:44:45.176+0800][1.997s][info][gc,start    ] GC(578) Pause Young (Allocation Failure)
[2025-12-16T20:44:45.176+0800][1.997s][info][gc,heap     ] GC(578) DefNew: 11009K(12352K)->2K(12352K) Eden: 11008K(11008K)->0K(11008K) From: 1K(1344K)->2K(1344K)
[2025-12-16T20:44:45.176+0800][1.997s][info][gc,heap     ] GC(578) Tenured: 1245K(27328K)->1245K(27328K)
[2025-12-16T20:44:45.176+0800][1.997s][info][gc,metaspace] GC(578) Metaspace: 91K(320K)->91K(320K) NonClass: 83K(192K)->83K(192K) Class: 8K(128K)->8K(128K)
[2025-12-16T20:44:45.176+0800][1.997s][info][gc          ] GC(578) Pause Young (Allocation Failure) 11M->1M(38M) 0.024ms
[2025-12-16T20:44:45.176+0800][1.997s][info][gc,cpu      ] GC(578) User=0.00s Sys=0.00s Real=0.00s
[2025-12-16T20:44:45.179+0800][2.001s][info][gc,start    ] GC(579) Pause Young (Allocation Failure)
[2025-12-16T20:44:45.179+0800][2.001s][info][gc,heap     ] GC(579) DefNew: 11010K(12352K)->2K(12352K) Eden: 11008K(11008K)->0K(11008K) From: 2K(1344K)->2K(1344K)
[2025-12-16T20:44:45.179+0800][2.001s][info][gc,heap     ] GC(579) Tenured: 1245K(27328K)->1245K(27328K)
[2025-12-16T20:44:45.179+0800][2.001s][info][gc,metaspace] GC(579) Metaspace: 91K(320K)->91K(320K) NonClass: 83K(192K)->83K(192K) Class: 8K(128K)->8K(128K)
[2025-12-16T20:44:45.179+0800][2.001s][info][gc          ] GC(579) Pause Young (Allocation Failure) 11M->1M(38M) 0.024ms
[2025-12-16T20:44:45.179+0800][2.001s][info][gc,cpu      ] GC(579) User=0.00s Sys=0.00s Real=0.00s
[2025-12-16T20:44:45.183+0800][2.004s][info][gc,start    ] GC(580) Pause Young (Allocation Failure)
[2025-12-16T20:44:45.183+0800][2.004s][info][gc,heap     ] GC(580) DefNew: 11010K(12352K)->2K(12352K) Eden: 11008K(11008K)->0K(11008K) From: 2K(1344K)->2K(1344K)
[2025-12-16T20:44:45.183+0800][2.004s][info][gc,heap     ] GC(580) Tenured: 1245K(27328K)->1245K(27328K)
[2025-12-16T20:44:45.183+0800][2.004s][info][gc,metaspace] GC(580) Metaspace: 91K(320K)->91K(320K) NonClass: 83K(192K)->83K(192K) Class: 8K(128K)->8K(128K)
[2025-12-16T20:44:45.183+0800][2.004s][info][gc          ] GC(580) Pause Young (Allocation Failure) 11M->1M(38M) 0.023ms
[2025-12-16T20:44:45.183+0800][2.004s][info][gc,cpu      ] GC(580) User=0.00s Sys=0.00s Real=0.00s
[2025-12-16T20:44:45.186+0800][2.007s][info][gc,start    ] GC(581) Pause Young (Allocation Failure)
[2025-12-16T20:44:45.186+0800][2.007s][info][gc,heap     ] GC(581) DefNew: 11010K(12352K)->2K(12352K) Eden: 11008K(11008K)->0K(11008K) From: 2K(1344K)->2K(1344K)
[2025-12-16T20:44:45.186+0800][2.007s][info][gc,heap     ] GC(581) Tenured: 1245K(27328K)->1245K(27328K)
[2025-12-16T20:44:45.186+0800][2.007s][info][gc,metaspace] GC(581) Metaspace: 91K(320K)->91K(320K) NonClass: 83K(192K)->83K(192K) Class: 8K(128K)->8K(128K)
[2025-12-16T20:44:45.186+0800][2.007s][info][gc          ] GC(581) Pause Young (Allocation Failure) 11M->1M(38M) 0.024ms
[2025-12-16T20:44:45.186+0800][2.007s][info][gc,cpu      ] GC(581) User=0.00s Sys=0.00s Real=0.00s
[2025-12-16T20:44:45.190+0800][2.011s][info][gc,start    ] GC(582) Pause Young (Allocation Failure)
[2025-12-16T20:44:45.190+0800][2.011s][info][gc,heap     ] GC(582) DefNew: 11010K(12352K)->2K(12352K) Eden: 11008K(11008K)->0K(11008K) From: 2K(1344K)->2K(1344K)
[2025-12-16T20:44:45.190+0800][2.011s][info][gc,heap     ] GC(582) Tenured: 1245K(27328K)->1245K(27328K)
[2025-12-16T20:44:45.190+0800][2.011s][info][gc,metaspace] GC(582) Metaspace: 91K(320K)->91K(320K) NonClass: 83K(192K)->83K(192K) Class: 8K(128K)->8K(128K)
[2025-12-16T20:44:45.190+0800][2.011s][info][gc          ] GC(582) Pause Young (Allocation Failure) 11M->1M(38M) 0.048ms
[2025-12-16T20:44:45.190+0800][2.011s][info][gc,cpu      ] GC(582) User=0.00s Sys=0.00s Real=0.00s
[2025-12-16T20:44:45.193+0800][2.014s][info][gc,start    ] GC(583) Pause Young (Allocation Failure)
[2025-12-16T20:44:45.193+0800][2.014s][info][gc,heap     ] GC(583) DefNew: 11010K(12352K)->3K(12352K) Eden: 11008K(11008K)->0K(11008K) From: 2K(1344K)->3K(1344K)
[2025-12-16T20:44:45.193+0800][2.014s][info][gc,heap     ] GC(583) Tenured: 1245K(27328K)->1245K(27328K)
[2025-12-16T20:44:45.193+0800][2.014s][info][gc,metaspace] GC(583) Metaspace: 91K(320K)->91K(320K) NonClass: 83K(192K)->83K(192K) Class: 8K(128K)->8K(128K)
[2025-12-16T20:44:45.193+0800][2.014s][info][gc          ] GC(583) Pause Young (Allocation Failure) 11M->1M(38M) 0.029ms
[2025-12-16T20:44:45.193+0800][2.014s][info][gc,cpu      ] GC(583) User=0.00s Sys=0.00s Real=0.00s
[2025-12-16T20:44:45.196+0800][2.018s][info][gc,start    ] GC(584) Pause Young (Allocation Failure)
[2025-12-16T20:44:45.196+0800][2.018s][info][gc,heap     ] GC(584) DefNew: 11011K(12352K)->1K(12352K) Eden: 11008K(11008K)->0K(11008K) From: 3K(1344K)->1K(1344K)
[2025-12-16T20:44:45.196+0800][2.018s][info][gc,heap     ] GC(584) Tenured: 1245K(27328K)->1245K(27328K)
[2025-12-16T20:44:45.196+0800][2.018s][info][gc,metaspace] GC(584) Metaspace: 91K(320K)->91K(320K) NonClass: 83K(192K)->83K(192K) Class: 8K(128K)->8K(128K)
[2025-12-16T20:44:45.196+0800][2.018s][info][gc          ] GC(584) Pause Young (Allocation Failure) 11M->1M(38M) 0.025ms
[2025-12-16T20:44:45.196+0800][2.018s][info][gc,cpu      ] GC(584) User=0.00s Sys=0.00s Real=0.00s
[2025-12-16T20:44:45.200+0800][2.021s][info][gc,start    ] GC(585) Pause Young (Allocation Failure)
[2025-12-16T20:44:45.200+0800][2.021s][info][gc,heap     ] GC(585) DefNew: 11009K(12352K)->2K(12352K) Eden: 11008K(11008K)->0K(11008K) From: 1K(1344K)->2K(1344K)
[2025-12-16T20:44:45.200+0800][2.021s][info][gc,heap     ] GC(585) Tenured: 1245K(27328K)->1245K(27328K)
[2025-12-16T20:44:45.200+0800][2.021s][info][gc,metaspace] GC(585) Metaspace: 91K(320K)->91K(320K) NonClass: 83K(192K)->83K(192K) Class: 8K(128K)->8K(128K)
[2025-12-16T20:44:45.200+0800][2.021s][info][gc          ] GC(585) Pause Young (Allocation Failure) 11M->1M(38M) 0.024ms
[2025-12-16T20:44:45.200+0800][2.021s][info][gc,cpu      ] GC(585) User=0.00s Sys=0.00s Real=0.00s
[2025-12-16T20:44:45.203+0800][2.025s][info][gc,start    ] GC(586) Pause Young (Allocation Failure)
[2025-12-16T20:44:45.203+0800][2.025s][info][gc,heap     ] GC(586) DefNew: 11010K(12352K)->2K(12352K) Eden: 11008K(11008K)->0K(11008K) From: 2K(1344K)->2K(1344K)
[2025-12-16T20:44:45.203+0800][2.025s][info][gc,heap     ] GC(586) Tenured: 1245K(27328K)->1245K(27328K)
[2025-12-16T20:44:45.203+0800][2.025s][info][gc,metaspace] GC(586) Metaspace: 91K(320K)->91K(320K) NonClass: 83K(192K)->83K(192K) Class: 8K(128K)->8K(128K)
[2025-12-16T20:44:45.203+0800][2.025s][info][gc          ] GC(586) Pause Young (Allocation Failure) 11M->1M(38M) 0.024ms
[2025-12-16T20:44:45.203+0800][2.025s][info][gc,cpu      ] GC(586) User=0.00s Sys=0.00s Real=0.00s
[2025-12-16T20:44:45.207+0800][2.028s][info][gc,start    ] GC(587) Pause Young (Allocation Failure)
[2025-12-16T20:44:45.207+0800][2.028s][info][gc,heap     ] GC(587) DefNew: 11010K(12352K)->1K(12352K) Eden: 11008K(11008K)->0K(11008K) From: 2K(1344K)->1K(1344K)
[2025-12-16T20:44:45.207+0800][2.028s][info][gc,heap     ] GC(587) Tenured: 1245K(27328K)->1245K(27328K)
[2025-12-16T20:44:45.207+0800][2.028s][info][gc,metaspace] GC(587) Metaspace: 91K(320K)->91K(320K) NonClass: 83K(192K)->83K(192K) Class: 8K(128K)->8K(128K)
[2025-12-16T20:44:45.207+0800][2.028s][info][gc          ] GC(587) Pause Young (Allocation Failure) 11M->1M(38M) 0.025ms
[2025-12-16T20:44:45.207+0800][2.028s][info][gc,cpu      ] GC(587) User=0.00s Sys=0.00s Real=0.00s
[2025-12-16T20:44:45.210+0800][2.031s][info][gc,start    ] GC(588) Pause Young (Allocation Failure)
[2025-12-16T20:44:45.210+0800][2.031s][info][gc,heap     ] GC(588) DefNew: 11009K(12352K)->2K(12352K) Eden: 11008K(11008K)->0K(11008K) From: 1K(1344K)->2K(1344K)
[2025-12-16T20:44:45.210+0800][2.031s][info][gc,heap     ] GC(588) Tenured: 1245K(27328K)->1245K(27328K)
[2025-12-16T20:44:45.210+0800][2.031s][info][gc,metaspace] GC(588) Metaspace: 91K(320K)->91K(320K) NonClass: 83K(192K)->83K(192K) Class: 8K(128K)->8K(128K)
[2025-12-16T20:44:45.210+0800][2.031s][info][gc          ] GC(588) Pause Young (Allocation Failure) 11M->1M(38M) 0.024ms
[2025-12-16T20:44:45.210+0800][2.031s][info][gc,cpu      ] GC(588) User=0.00s Sys=0.00s Real=0.00s
[2025-12-16T20:44:45.213+0800][2.035s][info][gc,start    ] GC(589) Pause Young (Allocation Failure)
[2025-12-16T20:44:45.213+0800][2.035s][info][gc,heap     ] GC(589) DefNew: 11010K(12352K)->2K(12352K) Eden: 11008K(11008K)->0K(11008K) From: 2K(1344K)->2K(1344K)
[2025-12-16T20:44:45.213+0800][2.035s][info][gc,heap     ] GC(589) Tenured: 1245K(27328K)->1245K(27328K)
[2025-12-16T20:44:45.213+0800][2.035s][info][gc,metaspace] GC(589) Metaspace: 91K(320K)->91K(320K) NonClass: 83K(192K)->83K(192K) Class: 8K(128K)->8K(128K)
[2025-12-16T20:44:45.213+0800][2.035s][info][gc          ] GC(589) Pause Young (Allocation Failure) 11M->1M(38M) 0.023ms
[2025-12-16T20:44:45.213+0800][2.035s][info][gc,cpu      ] GC(589) User=0.00s Sys=0.00s Real=0.00s
[2025-12-16T20:44:45.217+0800][2.038s][info][gc,start    ] GC(590) Pause Young (Allocation Failure)
[2025-12-16T20:44:45.217+0800][2.038s][info][gc,heap     ] GC(590) DefNew: 11010K(12352K)->2K(12352K) Eden: 11008K(11008K)->0K(11008K) From: 2K(1344K)->2K(1344K)
[2025-12-16T20:44:45.217+0800][2.038s][info][gc,heap     ] GC(590) Tenured: 1245K(27328K)->1245K(27328K)
[2025-12-16T20:44:45.217+0800][2.038s][info][gc,metaspace] GC(590) Metaspace: 91K(320K)->91K(320K) NonClass: 83K(192K)->83K(192K) Class: 8K(128K)->8K(128K)
[2025-12-16T20:44:45.217+0800][2.038s][info][gc          ] GC(590) Pause Young (Allocation Failure) 11M->1M(38M) 0.023ms
[2025-12-16T20:44:45.217+0800][2.038s][info][gc,cpu      ] GC(590) User=0.00s Sys=0.00s Real=0.00s
[2025-12-16T20:44:45.220+0800][2.042s][info][gc,start    ] GC(591) Pause Young (Allocation Failure)
[2025-12-16T20:44:45.220+0800][2.042s][info][gc,heap     ] GC(591) DefNew: 11010K(12352K)->2K(12352K) Eden: 11008K(11008K)->0K(11008K) From: 2K(1344K)->2K(1344K)
[2025-12-16T20:44:45.220+0800][2.042s][info][gc,heap     ] GC(591) Tenured: 1245K(27328K)->1245K(27328K)
[2025-12-16T20:44:45.220+0800][2.042s][info][gc,metaspace] GC(591) Metaspace: 91K(320K)->91K(320K) NonClass: 83K(192K)->83K(192K) Class: 8K(128K)->8K(128K)
[2025-12-16T20:44:45.220+0800][2.042s][info][gc          ] GC(591) Pause Young (Allocation Failure) 11M->1M(38M) 0.023ms
[2025-12-16T20:44:45.220+0800][2.042s][info][gc,cpu      ] GC(591) User=0.00s Sys=0.00s Real=0.00s
[2025-12-16T20:44:45.224+0800][2.045s][info][gc,start    ] GC(592) Pause Young (Allocation Failure)
[2025-12-16T20:44:45.224+0800][2.045s][info][gc,heap     ] GC(592) DefNew: 11010K(12352K)->2K(12352K) Eden: 11008K(11008K)->0K(11008K) From: 2K(1344K)->2K(1344K)
[2025-12-16T20:44:45.224+0800][2.045s][info][gc,heap     ] GC(592) Tenured: 1245K(27328K)->1245K(27328K)
[2025-12-16T20:44:45.224+0800][2.045s][info][gc,metaspace] GC(592) Metaspace: 91K(320K)->91K(320K) NonClass: 83K(192K)->83K(192K) Class: 8K(128K)->8K(128K)
[2025-12-16T20:44:45.224+0800][2.045s][info][gc          ] GC(592) Pause Young (Allocation Failure) 11M->1M(38M) 0.023ms
[2025-12-16T20:44:45.224+0800][2.045s][info][gc,cpu      ] GC(592) User=0.00s Sys=0.00s Real=0.00s
[2025-12-16T20:44:45.227+0800][2.048s][info][gc,start    ] GC(593) Pause Young (Allocation Failure)
[2025-12-16T20:44:45.227+0800][2.048s][info][gc,heap     ] GC(593) DefNew: 11010K(12352K)->3K(12352K) Eden: 11008K(11008K)->0K(11008K) From: 2K(1344K)->3K(1344K)
[2025-12-16T20:44:45.227+0800][2.048s][info][gc,heap     ] GC(593) Tenured: 1245K(27328K)->1245K(27328K)
[2025-12-16T20:44:45.227+0800][2.048s][info][gc,metaspace] GC(593) Metaspace: 91K(320K)->91K(320K) NonClass: 83K(192K)->83K(192K) Class: 8K(128K)->8K(128K)
[2025-12-16T20:44:45.227+0800][2.048s][info][gc          ] GC(593) Pause Young (Allocation Failure) 11M->1M(38M) 0.028ms
[2025-12-16T20:44:45.227+0800][2.048s][info][gc,cpu      ] GC(593) User=0.00s Sys=0.00s Real=0.00s
[2025-12-16T20:44:45.230+0800][2.052s][info][gc,start    ] GC(594) Pause Young (Allocation Failure)
[2025-12-16T20:44:45.230+0800][2.052s][info][gc,heap     ] GC(594) DefNew: 11011K(12352K)->1K(12352K) Eden: 11008K(11008K)->0K(11008K) From: 3K(1344K)->1K(1344K)
[2025-12-16T20:44:45.230+0800][2.052s][info][gc,heap     ] GC(594) Tenured: 1245K(27328K)->1245K(27328K)
[2025-12-16T20:44:45.230+0800][2.052s][info][gc,metaspace] GC(594) Metaspace: 91K(320K)->91K(320K) NonClass: 83K(192K)->83K(192K) Class: 8K(128K)->8K(128K)
[2025-12-16T20:44:45.230+0800][2.052s][info][gc          ] GC(594) Pause Young (Allocation Failure) 11M->1M(38M) 0.023ms
[2025-12-16T20:44:45.230+0800][2.052s][info][gc,cpu      ] GC(594) User=0.00s Sys=0.00s Real=0.00s
[2025-12-16T20:44:45.234+0800][2.055s][info][gc,start    ] GC(595) Pause Young (Allocation Failure)
[2025-12-16T20:44:45.234+0800][2.055s][info][gc,heap     ] GC(595) DefNew: 11009K(12352K)->2K(12352K) Eden: 11008K(11008K)->0K(11008K) From: 1K(1344K)->2K(1344K)
[2025-12-16T20:44:45.234+0800][2.055s][info][gc,heap     ] GC(595) Tenured: 1245K(27328K)->1245K(27328K)
[2025-12-16T20:44:45.234+0800][2.055s][info][gc,metaspace] GC(595) Metaspace: 91K(320K)->91K(320K) NonClass: 83K(192K)->83K(192K) Class: 8K(128K)->8K(128K)
[2025-12-16T20:44:45.234+0800][2.055s][info][gc          ] GC(595) Pause Young (Allocation Failure) 11M->1M(38M) 0.023ms
[2025-12-16T20:44:45.234+0800][2.055s][info][gc,cpu      ] GC(595) User=0.00s Sys=0.00s Real=0.00s
[2025-12-16T20:44:45.237+0800][2.059s][info][gc,start    ] GC(596) Pause Young (Allocation Failure)
[2025-12-16T20:44:45.237+0800][2.059s][info][gc,heap     ] GC(596) DefNew: 11010K(12352K)->2K(12352K) Eden: 11008K(11008K)->0K(11008K) From: 2K(1344K)->2K(1344K)
[2025-12-16T20:44:45.237+0800][2.059s][info][gc,heap     ] GC(596) Tenured: 1245K(27328K)->1245K(27328K)
[2025-12-16T20:44:45.237+0800][2.059s][info][gc,metaspace] GC(596) Metaspace: 91K(320K)->91K(320K) NonClass: 83K(192K)->83K(192K) Class: 8K(128K)->8K(128K)
[2025-12-16T20:44:45.237+0800][2.059s][info][gc          ] GC(596) Pause Young (Allocation Failure) 11M->1M(38M) 0.020ms
[2025-12-16T20:44:45.237+0800][2.059s][info][gc,cpu      ] GC(596) User=0.00s Sys=0.00s Real=0.00s
[2025-12-16T20:44:45.241+0800][2.062s][info][gc,start    ] GC(597) Pause Young (Allocation Failure)
[2025-12-16T20:44:45.241+0800][2.062s][info][gc,heap     ] GC(597) DefNew: 11010K(12352K)->1K(12352K) Eden: 11008K(11008K)->0K(11008K) From: 2K(1344K)->1K(1344K)
[2025-12-16T20:44:45.241+0800][2.062s][info][gc,heap     ] GC(597) Tenured: 1245K(27328K)->1245K(27328K)
[2025-12-16T20:44:45.241+0800][2.062s][info][gc,metaspace] GC(597) Metaspace: 91K(320K)->91K(320K) NonClass: 83K(192K)->83K(192K) Class: 8K(128K)->8K(128K)
[2025-12-16T20:44:45.241+0800][2.062s][info][gc          ] GC(597) Pause Young (Allocation Failure) 11M->1M(38M) 0.041ms
[2025-12-16T20:44:45.241+0800][2.062s][info][gc,cpu      ] GC(597) User=0.00s Sys=0.00s Real=0.00s
[2025-12-16T20:44:45.244+0800][2.066s][info][gc,start    ] GC(598) Pause Young (Allocation Failure)
[2025-12-16T20:44:45.244+0800][2.066s][info][gc,heap     ] GC(598) DefNew: 11009K(12352K)->2K(12352K) Eden: 11008K(11008K)->0K(11008K) From: 1K(1344K)->2K(1344K)
[2025-12-16T20:44:45.244+0800][2.066s][info][gc,heap     ] GC(598) Tenured: 1245K(27328K)->1245K(27328K)
[2025-12-16T20:44:45.244+0800][2.066s][info][gc,metaspace] GC(598) Metaspace: 91K(320K)->91K(320K) NonClass: 83K(192K)->83K(192K) Class: 8K(128K)->8K(128K)
[2025-12-16T20:44:45.244+0800][2.066s][info][gc          ] GC(598) Pause Young (Allocation Failure) 11M->1M(38M) 0.025ms
[2025-12-16T20:44:45.244+0800][2.066s][info][gc,cpu      ] GC(598) User=0.00s Sys=0.00s Real=0.00s
[2025-12-16T20:44:45.248+0800][2.069s][info][gc,start    ] GC(599) Pause Young (Allocation Failure)
[2025-12-16T20:44:45.248+0800][2.069s][info][gc,heap     ] GC(599) DefNew: 11010K(12352K)->2K(12352K) Eden: 11008K(11008K)->0K(11008K) From: 2K(1344K)->2K(1344K)
[2025-12-16T20:44:45.248+0800][2.069s][info][gc,heap     ] GC(599) Tenured: 1245K(27328K)->1245K(27328K)
[2025-12-16T20:44:45.248+0800][2.069s][info][gc,metaspace] GC(599) Metaspace: 91K(320K)->91K(320K) NonClass: 83K(192K)->83K(192K) Class: 8K(128K)->8K(128K)
[2025-12-16T20:44:45.248+0800][2.069s][info][gc          ] GC(599) Pause Young (Allocation Failure) 11M->1M(38M) 0.024ms
[2025-12-16T20:44:45.248+0800][2.069s][info][gc,cpu      ] GC(599) User=0.00s Sys=0.00s Real=0.00s
[2025-12-16T20:44:45.251+0800][2.072s][info][gc,start    ] GC(600) Pause Young (Allocation Failure)
[2025-12-16T20:44:45.251+0800][2.072s][info][gc,heap     ] GC(600) DefNew: 11010K(12352K)->2K(12352K) Eden: 11008K(11008K)->0K(11008K) From: 2K(1344K)->2K(1344K)
[2025-12-16T20:44:45.251+0800][2.072s][info][gc,heap     ] GC(600) Tenured: 1245K(27328K)->1245K(27328K)
[2025-12-16T20:44:45.251+0800][2.072s][info][gc,metaspace] GC(600) Metaspace: 91K(320K)->91K(320K) NonClass: 83K(192K)->83K(192K) Class: 8K(128K)->8K(128K)
[2025-12-16T20:44:45.251+0800][2.073s][info][gc          ] GC(600) Pause Young (Allocation Failure) 11M->1M(38M) 0.023ms
[2025-12-16T20:44:45.251+0800][2.073s][info][gc,cpu      ] GC(600) User=0.00s Sys=0.00s Real=0.00s
[2025-12-16T20:44:45.255+0800][2.076s][info][gc,start    ] GC(601) Pause Young (Allocation Failure)
[2025-12-16T20:44:45.255+0800][2.076s][info][gc,heap     ] GC(601) DefNew: 11010K(12352K)->2K(12352K) Eden: 11008K(11008K)->0K(11008K) From: 2K(1344K)->2K(1344K)
[2025-12-16T20:44:45.255+0800][2.076s][info][gc,heap     ] GC(601) Tenured: 1245K(27328K)->1245K(27328K)
[2025-12-16T20:44:45.255+0800][2.076s][info][gc,metaspace] GC(601) Metaspace: 91K(320K)->91K(320K) NonClass: 83K(192K)->83K(192K) Class: 8K(128K)->8K(128K)
[2025-12-16T20:44:45.255+0800][2.076s][info][gc          ] GC(601) Pause Young (Allocation Failure) 11M->1M(38M) 0.035ms
[2025-12-16T20:44:45.255+0800][2.076s][info][gc,cpu      ] GC(601) User=0.00s Sys=0.00s Real=0.00s
[2025-12-16T20:44:45.258+0800][2.079s][info][gc,start    ] GC(602) Pause Young (Allocation Failure)
[2025-12-16T20:44:45.258+0800][2.079s][info][gc,heap     ] GC(602) DefNew: 11010K(12352K)->2K(12352K) Eden: 11008K(11008K)->0K(11008K) From: 2K(1344K)->2K(1344K)
[2025-12-16T20:44:45.258+0800][2.079s][info][gc,heap     ] GC(602) Tenured: 1245K(27328K)->1245K(27328K)
[2025-12-16T20:44:45.258+0800][2.079s][info][gc,metaspace] GC(602) Metaspace: 91K(320K)->91K(320K) NonClass: 83K(192K)->83K(192K) Class: 8K(128K)->8K(128K)
[2025-12-16T20:44:45.258+0800][2.079s][info][gc          ] GC(602) Pause Young (Allocation Failure) 11M->1M(38M) 0.026ms
[2025-12-16T20:44:45.258+0800][2.079s][info][gc,cpu      ] GC(602) User=0.00s Sys=0.00s Real=0.00s
[2025-12-16T20:44:45.261+0800][2.083s][info][gc,start    ] GC(603) Pause Young (Allocation Failure)
[2025-12-16T20:44:45.261+0800][2.083s][info][gc,heap     ] GC(603) DefNew: 11010K(12352K)->3K(12352K) Eden: 11008K(11008K)->0K(11008K) From: 2K(1344K)->3K(1344K)
[2025-12-16T20:44:45.261+0800][2.083s][info][gc,heap     ] GC(603) Tenured: 1245K(27328K)->1245K(27328K)
[2025-12-16T20:44:45.261+0800][2.083s][info][gc,metaspace] GC(603) Metaspace: 91K(320K)->91K(320K) NonClass: 83K(192K)->83K(192K) Class: 8K(128K)->8K(128K)
[2025-12-16T20:44:45.261+0800][2.083s][info][gc          ] GC(603) Pause Young (Allocation Failure) 11M->1M(38M) 0.025ms
[2025-12-16T20:44:45.261+0800][2.083s][info][gc,cpu      ] GC(603) User=0.00s Sys=0.00s Real=0.00s
[2025-12-16T20:44:45.265+0800][2.086s][info][gc,start    ] GC(604) Pause Young (Allocation Failure)
[2025-12-16T20:44:45.265+0800][2.086s][info][gc,heap     ] GC(604) DefNew: 11011K(12352K)->1K(12352K) Eden: 11008K(11008K)->0K(11008K) From: 3K(1344K)->1K(1344K)
[2025-12-16T20:44:45.265+0800][2.086s][info][gc,heap     ] GC(604) Tenured: 1245K(27328K)->1245K(27328K)
[2025-12-16T20:44:45.265+0800][2.086s][info][gc,metaspace] GC(604) Metaspace: 91K(320K)->91K(320K) NonClass: 83K(192K)->83K(192K) Class: 8K(128K)->8K(128K)
[2025-12-16T20:44:45.265+0800][2.086s][info][gc          ] GC(604) Pause Young (Allocation Failure) 11M->1M(38M) 0.025ms
[2025-12-16T20:44:45.265+0800][2.086s][info][gc,cpu      ] GC(604) User=0.00s Sys=0.00s Real=0.00s
[2025-12-16T20:44:45.268+0800][2.089s][info][gc,start    ] GC(605) Pause Young (Allocation Failure)
[2025-12-16T20:44:45.268+0800][2.090s][info][gc,heap     ] GC(605) DefNew: 11009K(12352K)->2K(12352K) Eden: 11008K(11008K)->0K(11008K) From: 1K(1344K)->2K(1344K)
[2025-12-16T20:44:45.268+0800][2.090s][info][gc,heap     ] GC(605) Tenured: 1245K(27328K)->1245K(27328K)
[2025-12-16T20:44:45.268+0800][2.090s][info][gc,metaspace] GC(605) Metaspace: 91K(320K)->91K(320K) NonClass: 83K(192K)->83K(192K) Class: 8K(128K)->8K(128K)
[2025-12-16T20:44:45.268+0800][2.090s][info][gc          ] GC(605) Pause Young (Allocation Failure) 11M->1M(38M) 0.024ms
[2025-12-16T20:44:45.268+0800][2.090s][info][gc,cpu      ] GC(605) User=0.00s Sys=0.00s Real=0.00s
[2025-12-16T20:44:45.272+0800][2.093s][info][gc,start    ] GC(606) Pause Young (Allocation Failure)
[2025-12-16T20:44:45.272+0800][2.093s][info][gc,heap     ] GC(606) DefNew: 11010K(12352K)->2K(12352K) Eden: 11008K(11008K)->0K(11008K) From: 2K(1344K)->2K(1344K)
[2025-12-16T20:44:45.272+0800][2.093s][info][gc,heap     ] GC(606) Tenured: 1245K(27328K)->1245K(27328K)
[2025-12-16T20:44:45.272+0800][2.093s][info][gc,metaspace] GC(606) Metaspace: 91K(320K)->91K(320K) NonClass: 83K(192K)->83K(192K) Class: 8K(128K)->8K(128K)
[2025-12-16T20:44:45.272+0800][2.093s][info][gc          ] GC(606) Pause Young (Allocation Failure) 11M->1M(38M) 0.024ms
[2025-12-16T20:44:45.272+0800][2.093s][info][gc,cpu      ] GC(606) User=0.00s Sys=0.00s Real=0.00s
[2025-12-16T20:44:45.275+0800][2.096s][info][gc,start    ] GC(607) Pause Young (Allocation Failure)
[2025-12-16T20:44:45.275+0800][2.096s][info][gc,heap     ] GC(607) DefNew: 11010K(12352K)->1K(12352K) Eden: 11008K(11008K)->0K(11008K) From: 2K(1344K)->1K(1344K)
[2025-12-16T20:44:45.275+0800][2.096s][info][gc,heap     ] GC(607) Tenured: 1245K(27328K)->1245K(27328K)
[2025-12-16T20:44:45.275+0800][2.096s][info][gc,metaspace] GC(607) Metaspace: 91K(320K)->91K(320K) NonClass: 83K(192K)->83K(192K) Class: 8K(128K)->8K(128K)
[2025-12-16T20:44:45.275+0800][2.096s][info][gc          ] GC(607) Pause Young (Allocation Failure) 11M->1M(38M) 0.024ms
[2025-12-16T20:44:45.275+0800][2.096s][info][gc,cpu      ] GC(607) User=0.00s Sys=0.00s Real=0.00s
[2025-12-16T20:44:45.278+0800][2.100s][info][gc,start    ] GC(608) Pause Young (Allocation Failure)
[2025-12-16T20:44:45.278+0800][2.100s][info][gc,heap     ] GC(608) DefNew: 11009K(12352K)->2K(12352K) Eden: 11008K(11008K)->0K(11008K) From: 1K(1344K)->2K(1344K)
[2025-12-16T20:44:45.278+0800][2.100s][info][gc,heap     ] GC(608) Tenured: 1245K(27328K)->1245K(27328K)
[2025-12-16T20:44:45.278+0800][2.100s][info][gc,metaspace] GC(608) Metaspace: 91K(320K)->91K(320K) NonClass: 83K(192K)->83K(192K) Class: 8K(128K)->8K(128K)
[2025-12-16T20:44:45.278+0800][2.100s][info][gc          ] GC(608) Pause Young (Allocation Failure) 11M->1M(38M) 0.024ms
[2025-12-16T20:44:45.278+0800][2.100s][info][gc,cpu      ] GC(608) User=0.00s Sys=0.00s Real=0.00s
[2025-12-16T20:44:45.282+0800][2.103s][info][gc,start    ] GC(609) Pause Young (Allocation Failure)
[2025-12-16T20:44:45.282+0800][2.103s][info][gc,heap     ] GC(609) DefNew: 11010K(12352K)->2K(12352K) Eden: 11008K(11008K)->0K(11008K) From: 2K(1344K)->2K(1344K)
[2025-12-16T20:44:45.282+0800][2.103s][info][gc,heap     ] GC(609) Tenured: 1245K(27328K)->1245K(27328K)
[2025-12-16T20:44:45.282+0800][2.103s][info][gc,metaspace] GC(609) Metaspace: 91K(320K)->91K(320K) NonClass: 83K(192K)->83K(192K) Class: 8K(128K)->8K(128K)
[2025-12-16T20:44:45.282+0800][2.103s][info][gc          ] GC(609) Pause Young (Allocation Failure) 11M->1M(38M) 0.024ms
[2025-12-16T20:44:45.282+0800][2.103s][info][gc,cpu      ] GC(609) User=0.00s Sys=0.00s Real=0.00s
[2025-12-16T20:44:45.285+0800][2.106s][info][gc,start    ] GC(610) Pause Young (Allocation Failure)
[2025-12-16T20:44:45.285+0800][2.106s][info][gc,heap     ] GC(610) DefNew: 11010K(12352K)->2K(12352K) Eden: 11008K(11008K)->0K(11008K) From: 2K(1344K)->2K(1344K)
[2025-12-16T20:44:45.285+0800][2.106s][info][gc,heap     ] GC(610) Tenured: 1245K(27328K)->1245K(27328K)
[2025-12-16T20:44:45.285+0800][2.106s][info][gc,metaspace] GC(610) Metaspace: 91K(320K)->91K(320K) NonClass: 83K(192K)->83K(192K) Class: 8K(128K)->8K(128K)
[2025-12-16T20:44:45.285+0800][2.106s][info][gc          ] GC(610) Pause Young (Allocation Failure) 11M->1M(38M) 0.024ms
[2025-12-16T20:44:45.285+0800][2.106s][info][gc,cpu      ] GC(610) User=0.00s Sys=0.00s Real=0.00s
[2025-12-16T20:44:45.288+0800][2.110s][info][gc,start    ] GC(611) Pause Young (Allocation Failure)
[2025-12-16T20:44:45.288+0800][2.110s][info][gc,heap     ] GC(611) DefNew: 11010K(12352K)->2K(12352K) Eden: 11008K(11008K)->0K(11008K) From: 2K(1344K)->2K(1344K)
[2025-12-16T20:44:45.288+0800][2.110s][info][gc,heap     ] GC(611) Tenured: 1245K(27328K)->1245K(27328K)
[2025-12-16T20:44:45.288+0800][2.110s][info][gc,metaspace] GC(611) Metaspace: 91K(320K)->91K(320K) NonClass: 83K(192K)->83K(192K) Class: 8K(128K)->8K(128K)
[2025-12-16T20:44:45.288+0800][2.110s][info][gc          ] GC(611) Pause Young (Allocation Failure) 11M->1M(38M) 0.024ms
[2025-12-16T20:44:45.288+0800][2.110s][info][gc,cpu      ] GC(611) User=0.00s Sys=0.00s Real=0.00s
[2025-12-16T20:44:45.292+0800][2.113s][info][gc,start    ] GC(612) Pause Young (Allocation Failure)
[2025-12-16T20:44:45.292+0800][2.113s][info][gc,heap     ] GC(612) DefNew: 11010K(12352K)->2K(12352K) Eden: 11008K(11008K)->0K(11008K) From: 2K(1344K)->2K(1344K)
[2025-12-16T20:44:45.292+0800][2.113s][info][gc,heap     ] GC(612) Tenured: 1245K(27328K)->1245K(27328K)
[2025-12-16T20:44:45.292+0800][2.113s][info][gc,metaspace] GC(612) Metaspace: 91K(320K)->91K(320K) NonClass: 83K(192K)->83K(192K) Class: 8K(128K)->8K(128K)
[2025-12-16T20:44:45.292+0800][2.113s][info][gc          ] GC(612) Pause Young (Allocation Failure) 11M->1M(38M) 0.024ms
[2025-12-16T20:44:45.292+0800][2.113s][info][gc,cpu      ] GC(612) User=0.00s Sys=0.00s Real=0.00s
[2025-12-16T20:44:45.295+0800][2.117s][info][gc,start    ] GC(613) Pause Young (Allocation Failure)
[2025-12-16T20:44:45.295+0800][2.117s][info][gc,heap     ] GC(613) DefNew: 11010K(12352K)->3K(12352K) Eden: 11008K(11008K)->0K(11008K) From: 2K(1344K)->3K(1344K)
[2025-12-16T20:44:45.295+0800][2.117s][info][gc,heap     ] GC(613) Tenured: 1245K(27328K)->1245K(27328K)
[2025-12-16T20:44:45.295+0800][2.117s][info][gc,metaspace] GC(613) Metaspace: 91K(320K)->91K(320K) NonClass: 83K(192K)->83K(192K) Class: 8K(128K)->8K(128K)
[2025-12-16T20:44:45.295+0800][2.117s][info][gc          ] GC(613) Pause Young (Allocation Failure) 11M->1M(38M) 0.024ms
[2025-12-16T20:44:45.295+0800][2.117s][info][gc,cpu      ] GC(613) User=0.00s Sys=0.00s Real=0.00s
[2025-12-16T20:44:45.299+0800][2.120s][info][gc,start    ] GC(614) Pause Young (Allocation Failure)
[2025-12-16T20:44:45.299+0800][2.120s][info][gc,heap     ] GC(614) DefNew: 11011K(12352K)->1K(12352K) Eden: 11008K(11008K)->0K(11008K) From: 3K(1344K)->1K(1344K)
[2025-12-16T20:44:45.299+0800][2.120s][info][gc,heap     ] GC(614) Tenured: 1245K(27328K)->1245K(27328K)
[2025-12-16T20:44:45.299+0800][2.120s][info][gc,metaspace] GC(614) Metaspace: 91K(320K)->91K(320K) NonClass: 83K(192K)->83K(192K) Class: 8K(128K)->8K(128K)
[2025-12-16T20:44:45.299+0800][2.120s][info][gc          ] GC(614) Pause Young (Allocation Failure) 11M->1M(38M) 0.024ms
[2025-12-16T20:44:45.299+0800][2.120s][info][gc,cpu      ] GC(614) User=0.00s Sys=0.00s Real=0.00s
[2025-12-16T20:44:45.302+0800][2.123s][info][gc,start    ] GC(615) Pause Young (Allocation Failure)
[2025-12-16T20:44:45.302+0800][2.123s][info][gc,heap     ] GC(615) DefNew: 11009K(12352K)->2K(12352K) Eden: 11008K(11008K)->0K(11008K) From: 1K(1344K)->2K(1344K)
[2025-12-16T20:44:45.302+0800][2.123s][info][gc,heap     ] GC(615) Tenured: 1245K(27328K)->1245K(27328K)
[2025-12-16T20:44:45.302+0800][2.123s][info][gc,metaspace] GC(615) Metaspace: 91K(320K)->91K(320K) NonClass: 83K(192K)->83K(192K) Class: 8K(128K)->8K(128K)
[2025-12-16T20:44:45.302+0800][2.123s][info][gc          ] GC(615) Pause Young (Allocation Failure) 11M->1M(38M) 0.027ms
[2025-12-16T20:44:45.302+0800][2.123s][info][gc,cpu      ] GC(615) User=0.00s Sys=0.00s Real=0.00s
[2025-12-16T20:44:45.305+0800][2.127s][info][gc,start    ] GC(616) Pause Young (Allocation Failure)
[2025-12-16T20:44:45.305+0800][2.127s][info][gc,heap     ] GC(616) DefNew: 11010K(12352K)->2K(12352K) Eden: 11008K(11008K)->0K(11008K) From: 2K(1344K)->2K(1344K)
[2025-12-16T20:44:45.305+0800][2.127s][info][gc,heap     ] GC(616) Tenured: 1245K(27328K)->1245K(27328K)
[2025-12-16T20:44:45.305+0800][2.127s][info][gc,metaspace] GC(616) Metaspace: 91K(320K)->91K(320K) NonClass: 83K(192K)->83K(192K) Class: 8K(128K)->8K(128K)
[2025-12-16T20:44:45.305+0800][2.127s][info][gc          ] GC(616) Pause Young (Allocation Failure) 11M->1M(38M) 0.024ms
[2025-12-16T20:44:45.305+0800][2.127s][info][gc,cpu      ] GC(616) User=0.00s Sys=0.00s Real=0.00s
[2025-12-16T20:44:45.309+0800][2.130s][info][gc,start    ] GC(617) Pause Young (Allocation Failure)
[2025-12-16T20:44:45.309+0800][2.130s][info][gc,heap     ] GC(617) DefNew: 11010K(12352K)->1K(12352K) Eden: 11008K(11008K)->0K(11008K) From: 2K(1344K)->1K(1344K)
[2025-12-16T20:44:45.309+0800][2.130s][info][gc,heap     ] GC(617) Tenured: 1245K(27328K)->1245K(27328K)
[2025-12-16T20:44:45.309+0800][2.130s][info][gc,metaspace] GC(617) Metaspace: 91K(320K)->91K(320K) NonClass: 83K(192K)->83K(192K) Class: 8K(128K)->8K(128K)
[2025-12-16T20:44:45.309+0800][2.130s][info][gc          ] GC(617) Pause Young (Allocation Failure) 11M->1M(38M) 0.023ms
[2025-12-16T20:44:45.309+0800][2.130s][info][gc,cpu      ] GC(617) User=0.00s Sys=0.00s Real=0.00s
[2025-12-16T20:44:45.312+0800][2.134s][info][gc,start    ] GC(618) Pause Young (Allocation Failure)
[2025-12-16T20:44:45.312+0800][2.134s][info][gc,heap     ] GC(618) DefNew: 11009K(12352K)->2K(12352K) Eden: 11008K(11008K)->0K(11008K) From: 1K(1344K)->2K(1344K)
[2025-12-16T20:44:45.312+0800][2.134s][info][gc,heap     ] GC(618) Tenured: 1245K(27328K)->1245K(27328K)
[2025-12-16T20:44:45.312+0800][2.134s][info][gc,metaspace] GC(618) Metaspace: 91K(320K)->91K(320K) NonClass: 83K(192K)->83K(192K) Class: 8K(128K)->8K(128K)
[2025-12-16T20:44:45.312+0800][2.134s][info][gc          ] GC(618) Pause Young (Allocation Failure) 11M->1M(38M) 0.024ms
[2025-12-16T20:44:45.312+0800][2.134s][info][gc,cpu      ] GC(618) User=0.00s Sys=0.00s Real=0.00s
[2025-12-16T20:44:45.316+0800][2.137s][info][gc,start    ] GC(619) Pause Young (Allocation Failure)
[2025-12-16T20:44:45.316+0800][2.137s][info][gc,heap     ] GC(619) DefNew: 11010K(12352K)->2K(12352K) Eden: 11008K(11008K)->0K(11008K) From: 2K(1344K)->2K(1344K)
[2025-12-16T20:44:45.316+0800][2.137s][info][gc,heap     ] GC(619) Tenured: 1245K(27328K)->1245K(27328K)
[2025-12-16T20:44:45.316+0800][2.137s][info][gc,metaspace] GC(619) Metaspace: 91K(320K)->91K(320K) NonClass: 83K(192K)->83K(192K) Class: 8K(128K)->8K(128K)
[2025-12-16T20:44:45.316+0800][2.137s][info][gc          ] GC(619) Pause Young (Allocation Failure) 11M->1M(38M) 0.024ms
[2025-12-16T20:44:45.316+0800][2.137s][info][gc,cpu      ] GC(619) User=0.00s Sys=0.00s Real=0.00s
[2025-12-16T20:44:45.319+0800][2.140s][info][gc,start    ] GC(620) Pause Young (Allocation Failure)
[2025-12-16T20:44:45.319+0800][2.140s][info][gc,heap     ] GC(620) DefNew: 11010K(12352K)->2K(12352K) Eden: 11008K(11008K)->0K(11008K) From: 2K(1344K)->2K(1344K)
[2025-12-16T20:44:45.319+0800][2.140s][info][gc,heap     ] GC(620) Tenured: 1245K(27328K)->1245K(27328K)
[2025-12-16T20:44:45.319+0800][2.140s][info][gc,metaspace] GC(620) Metaspace: 91K(320K)->91K(320K) NonClass: 83K(192K)->83K(192K) Class: 8K(128K)->8K(128K)
[2025-12-16T20:44:45.319+0800][2.140s][info][gc          ] GC(620) Pause Young (Allocation Failure) 11M->1M(38M) 0.024ms
[2025-12-16T20:44:45.319+0800][2.140s][info][gc,cpu      ] GC(620) User=0.00s Sys=0.00s Real=0.00s
[2025-12-16T20:44:45.322+0800][2.144s][info][gc,start    ] GC(621) Pause Young (Allocation Failure)
[2025-12-16T20:44:45.322+0800][2.144s][info][gc,heap     ] GC(621) DefNew: 11010K(12352K)->2K(12352K) Eden: 11008K(11008K)->0K(11008K) From: 2K(1344K)->2K(1344K)
[2025-12-16T20:44:45.322+0800][2.144s][info][gc,heap     ] GC(621) Tenured: 1245K(27328K)->1245K(27328K)
[2025-12-16T20:44:45.322+0800][2.144s][info][gc,metaspace] GC(621) Metaspace: 91K(320K)->91K(320K) NonClass: 83K(192K)->83K(192K) Class: 8K(128K)->8K(128K)
[2025-12-16T20:44:45.322+0800][2.144s][info][gc          ] GC(621) Pause Young (Allocation Failure) 11M->1M(38M) 0.024ms
[2025-12-16T20:44:45.322+0800][2.144s][info][gc,cpu      ] GC(621) User=0.00s Sys=0.00s Real=0.00s
[2025-12-16T20:44:45.326+0800][2.147s][info][gc,start    ] GC(622) Pause Young (Allocation Failure)
[2025-12-16T20:44:45.326+0800][2.147s][info][gc,heap     ] GC(622) DefNew: 11010K(12352K)->2K(12352K) Eden: 11008K(11008K)->0K(11008K) From: 2K(1344K)->2K(1344K)
[2025-12-16T20:44:45.326+0800][2.147s][info][gc,heap     ] GC(622) Tenured: 1245K(27328K)->1245K(27328K)
[2025-12-16T20:44:45.326+0800][2.147s][info][gc,metaspace] GC(622) Metaspace: 91K(320K)->91K(320K) NonClass: 83K(192K)->83K(192K) Class: 8K(128K)->8K(128K)
[2025-12-16T20:44:45.326+0800][2.147s][info][gc          ] GC(622) Pause Young (Allocation Failure) 11M->1M(38M) 0.024ms
[2025-12-16T20:44:45.326+0800][2.147s][info][gc,cpu      ] GC(622) User=0.00s Sys=0.00s Real=0.00s
[2025-12-16T20:44:45.329+0800][2.151s][info][gc,start    ] GC(623) Pause Young (Allocation Failure)
[2025-12-16T20:44:45.329+0800][2.151s][info][gc,heap     ] GC(623) DefNew: 11010K(12352K)->3K(12352K) Eden: 11008K(11008K)->0K(11008K) From: 2K(1344K)->3K(1344K)
[2025-12-16T20:44:45.329+0800][2.151s][info][gc,heap     ] GC(623) Tenured: 1245K(27328K)->1245K(27328K)
[2025-12-16T20:44:45.329+0800][2.151s][info][gc,metaspace] GC(623) Metaspace: 91K(320K)->91K(320K) NonClass: 83K(192K)->83K(192K) Class: 8K(128K)->8K(128K)
[2025-12-16T20:44:45.329+0800][2.151s][info][gc          ] GC(623) Pause Young (Allocation Failure) 11M->1M(38M) 0.024ms
[2025-12-16T20:44:45.329+0800][2.151s][info][gc,cpu      ] GC(623) User=0.00s Sys=0.00s Real=0.00s
[2025-12-16T20:44:45.333+0800][2.154s][info][gc,start    ] GC(624) Pause Young (Allocation Failure)
[2025-12-16T20:44:45.333+0800][2.154s][info][gc,heap     ] GC(624) DefNew: 11011K(12352K)->1K(12352K) Eden: 11008K(11008K)->0K(11008K) From: 3K(1344K)->1K(1344K)
[2025-12-16T20:44:45.333+0800][2.154s][info][gc,heap     ] GC(624) Tenured: 1245K(27328K)->1245K(27328K)
[2025-12-16T20:44:45.333+0800][2.154s][info][gc,metaspace] GC(624) Metaspace: 91K(320K)->91K(320K) NonClass: 83K(192K)->83K(192K) Class: 8K(128K)->8K(128K)
[2025-12-16T20:44:45.333+0800][2.154s][info][gc          ] GC(624) Pause Young (Allocation Failure) 11M->1M(38M) 0.024ms
[2025-12-16T20:44:45.333+0800][2.154s][info][gc,cpu      ] GC(624) User=0.00s Sys=0.00s Real=0.00s
[2025-12-16T20:44:45.336+0800][2.157s][info][gc,start    ] GC(625) Pause Young (Allocation Failure)
[2025-12-16T20:44:45.336+0800][2.157s][info][gc,heap     ] GC(625) DefNew: 11009K(12352K)->2K(12352K) Eden: 11008K(11008K)->0K(11008K) From: 1K(1344K)->2K(1344K)
[2025-12-16T20:44:45.336+0800][2.157s][info][gc,heap     ] GC(625) Tenured: 1245K(27328K)->1245K(27328K)
[2025-12-16T20:44:45.336+0800][2.157s][info][gc,metaspace] GC(625) Metaspace: 91K(320K)->91K(320K) NonClass: 83K(192K)->83K(192K) Class: 8K(128K)->8K(128K)
[2025-12-16T20:44:45.336+0800][2.157s][info][gc          ] GC(625) Pause Young (Allocation Failure) 11M->1M(38M) 0.024ms
[2025-12-16T20:44:45.336+0800][2.157s][info][gc,cpu      ] GC(625) User=0.00s Sys=0.00s Real=0.00s
[2025-12-16T20:44:45.339+0800][2.161s][info][gc,start    ] GC(626) Pause Young (Allocation Failure)
[2025-12-16T20:44:45.339+0800][2.161s][info][gc,heap     ] GC(626) DefNew: 11010K(12352K)->2K(12352K) Eden: 11008K(11008K)->0K(11008K) From: 2K(1344K)->2K(1344K)
[2025-12-16T20:44:45.339+0800][2.161s][info][gc,heap     ] GC(626) Tenured: 1245K(27328K)->1245K(27328K)
[2025-12-16T20:44:45.339+0800][2.161s][info][gc,metaspace] GC(626) Metaspace: 91K(320K)->91K(320K) NonClass: 83K(192K)->83K(192K) Class: 8K(128K)->8K(128K)
[2025-12-16T20:44:45.339+0800][2.161s][info][gc          ] GC(626) Pause Young (Allocation Failure) 11M->1M(38M) 0.024ms
[2025-12-16T20:44:45.339+0800][2.161s][info][gc,cpu      ] GC(626) User=0.00s Sys=0.00s Real=0.00s
[2025-12-16T20:44:45.343+0800][2.164s][info][gc,start    ] GC(627) Pause Young (Allocation Failure)
[2025-12-16T20:44:45.343+0800][2.164s][info][gc,heap     ] GC(627) DefNew: 11010K(12352K)->1K(12352K) Eden: 11008K(11008K)->0K(11008K) From: 2K(1344K)->1K(1344K)
[2025-12-16T20:44:45.343+0800][2.164s][info][gc,heap     ] GC(627) Tenured: 1245K(27328K)->1245K(27328K)
[2025-12-16T20:44:45.343+0800][2.164s][info][gc,metaspace] GC(627) Metaspace: 91K(320K)->91K(320K) NonClass: 83K(192K)->83K(192K) Class: 8K(128K)->8K(128K)
[2025-12-16T20:44:45.343+0800][2.164s][info][gc          ] GC(627) Pause Young (Allocation Failure) 11M->1M(38M) 0.024ms
[2025-12-16T20:44:45.343+0800][2.164s][info][gc,cpu      ] GC(627) User=0.00s Sys=0.00s Real=0.00s
[2025-12-16T20:44:45.346+0800][2.167s][info][gc,start    ] GC(628) Pause Young (Allocation Failure)
[2025-12-16T20:44:45.346+0800][2.168s][info][gc,heap     ] GC(628) DefNew: 11009K(12352K)->2K(12352K) Eden: 11008K(11008K)->0K(11008K) From: 1K(1344K)->2K(1344K)
[2025-12-16T20:44:45.346+0800][2.168s][info][gc,heap     ] GC(628) Tenured: 1245K(27328K)->1245K(27328K)
[2025-12-16T20:44:45.346+0800][2.168s][info][gc,metaspace] GC(628) Metaspace: 91K(320K)->91K(320K) NonClass: 83K(192K)->83K(192K) Class: 8K(128K)->8K(128K)
[2025-12-16T20:44:45.346+0800][2.168s][info][gc          ] GC(628) Pause Young (Allocation Failure) 11M->1M(38M) 0.024ms
[2025-12-16T20:44:45.346+0800][2.168s][info][gc,cpu      ] GC(628) User=0.00s Sys=0.00s Real=0.00s
[2025-12-16T20:44:45.350+0800][2.171s][info][gc,start    ] GC(629) Pause Young (Allocation Failure)
[2025-12-16T20:44:45.350+0800][2.171s][info][gc,heap     ] GC(629) DefNew: 11010K(12352K)->2K(12352K) Eden: 11008K(11008K)->0K(11008K) From: 2K(1344K)->2K(1344K)
[2025-12-16T20:44:45.350+0800][2.171s][info][gc,heap     ] GC(629) Tenured: 1245K(27328K)->1245K(27328K)
[2025-12-16T20:44:45.350+0800][2.171s][info][gc,metaspace] GC(629) Metaspace: 91K(320K)->91K(320K) NonClass: 83K(192K)->83K(192K) Class: 8K(128K)->8K(128K)
[2025-12-16T20:44:45.350+0800][2.171s][info][gc          ] GC(629) Pause Young (Allocation Failure) 11M->1M(38M) 0.024ms
[2025-12-16T20:44:45.350+0800][2.171s][info][gc,cpu      ] GC(629) User=0.00s Sys=0.00s Real=0.00s
[2025-12-16T20:44:45.353+0800][2.174s][info][gc,start    ] GC(630) Pause Young (Allocation Failure)
[2025-12-16T20:44:45.353+0800][2.174s][info][gc,heap     ] GC(630) DefNew: 11010K(12352K)->2K(12352K) Eden: 11008K(11008K)->0K(11008K) From: 2K(1344K)->2K(1344K)
[2025-12-16T20:44:45.353+0800][2.174s][info][gc,heap     ] GC(630) Tenured: 1245K(27328K)->1245K(27328K)
[2025-12-16T20:44:45.353+0800][2.174s][info][gc,metaspace] GC(630) Metaspace: 91K(320K)->91K(320K) NonClass: 83K(192K)->83K(192K) Class: 8K(128K)->8K(128K)
[2025-12-16T20:44:45.353+0800][2.174s][info][gc          ] GC(630) Pause Young (Allocation Failure) 11M->1M(38M) 0.024ms
[2025-12-16T20:44:45.353+0800][2.174s][info][gc,cpu      ] GC(630) User=0.00s Sys=0.00s Real=0.00s
[2025-12-16T20:44:45.356+0800][2.178s][info][gc,start    ] GC(631) Pause Young (Allocation Failure)
[2025-12-16T20:44:45.356+0800][2.178s][info][gc,heap     ] GC(631) DefNew: 11010K(12352K)->2K(12352K) Eden: 11008K(11008K)->0K(11008K) From: 2K(1344K)->2K(1344K)
[2025-12-16T20:44:45.356+0800][2.178s][info][gc,heap     ] GC(631) Tenured: 1245K(27328K)->1245K(27328K)
[2025-12-16T20:44:45.356+0800][2.178s][info][gc,metaspace] GC(631) Metaspace: 91K(320K)->91K(320K) NonClass: 83K(192K)->83K(192K) Class: 8K(128K)->8K(128K)
[2025-12-16T20:44:45.356+0800][2.178s][info][gc          ] GC(631) Pause Young (Allocation Failure) 11M->1M(38M) 0.024ms
[2025-12-16T20:44:45.356+0800][2.178s][info][gc,cpu      ] GC(631) User=0.00s Sys=0.00s Real=0.00s
[2025-12-16T20:44:45.358+0800][2.180s][info][gc,exit     ] Heap
[2025-12-16T20:44:45.358+0800][2.180s][info][gc,exit     ]  DefNew     total 12352K, used 6608K [0x0000000300800000, 0x0000000301560000, 0x0000000355d50000)
[2025-12-16T20:44:45.358+0800][2.180s][info][gc,exit     ]   eden space 11008K,  60% used [0x0000000300aa0000, 0x00000003011136b0, 0x0000000301560000)
[2025-12-16T20:44:45.358+0800][2.180s][info][gc,exit     ]   from space 1344K,   0% used [0x0000000300800000, 0x0000000300800a80, 0x0000000300950000)
[2025-12-16T20:44:45.358+0800][2.180s][info][gc,exit     ]   to   space 1344K,   0% used [0x0000000300950000, 0x0000000300950000, 0x0000000300aa0000)
[2025-12-16T20:44:45.358+0800][2.180s][info][gc,exit     ]  Tenured    total 27328K, used 1245K [0x0000000355d50000, 0x0000000357800000, 0x0000000400800000)
[2025-12-16T20:44:45.358+0800][2.180s][info][gc,exit     ]   the  space 27328K,   4% used [0x0000000355d50000, 0x0000000355e877f0, 0x0000000357800000)
[2025-12-16T20:44:45.358+0800][2.180s][info][gc,exit     ]  Metaspace       used 92K, committed 320K, reserved 1114112K
[2025-12-16T20:44:45.358+0800][2.180s][info][gc,exit     ]   class space    used 8K, committed 128K, reserved 1048576K
