[2025-12-16T20:44:16.909+0800][0.003s][info][gc,init] CardTable entry size: 512
[2025-12-16T20:44:16.909+0800][0.003s][info][gc     ] Using G1
[2025-12-16T20:44:16.910+0800][0.004s][info][gc,init] Version: 21.0.9 (release)
[2025-12-16T20:44:16.910+0800][0.004s][info][gc,init] CPUs: 10 total, 10 available
[2025-12-16T20:44:16.910+0800][0.004s][info][gc,init] Memory: 16384M
[2025-12-16T20:44:16.910+0800][0.004s][info][gc,init] Large Page Support: Disabled
[2025-12-16T20:44:16.910+0800][0.004s][info][gc,init] NUMA Support: Disabled
[2025-12-16T20:44:16.910+0800][0.004s][info][gc,init] Compressed Oops: Enabled (Zero based)
[2025-12-16T20:44:16.910+0800][0.004s][info][gc,init] Heap Region Size: 2M
[2025-12-16T20:44:16.910+0800][0.004s][info][gc,init] Heap Min Capacity: 8M
[2025-12-16T20:44:16.910+0800][0.004s][info][gc,init] Heap Initial Capacity: 256M
[2025-12-16T20:44:16.910+0800][0.004s][info][gc,init] Heap Max Capacity: 4G
[2025-12-16T20:44:16.910+0800][0.004s][info][gc,init] Pre-touch: Disabled
[2025-12-16T20:44:16.910+0800][0.004s][info][gc,init] Parallel Workers: 9
[2025-12-16T20:44:16.910+0800][0.004s][info][gc,init] Concurrent Workers: 2
[2025-12-16T20:44:16.910+0800][0.004s][info][gc,init] Concurrent Refinement Workers: 9
[2025-12-16T20:44:16.910+0800][0.004s][info][gc,init] Periodic GC: Disabled
[2025-12-16T20:44:16.912+0800][0.006s][info][gc,metaspace] CDS archive(s) mapped at: [0x0000007000000000-0x0000007000c9c000-0x0000007000c9c000), size 13221888, SharedBaseAddress: 0x0000007000000000, ArchiveRelocationMode: 1.
[2025-12-16T20:44:16.912+0800][0.006s][info][gc,metaspace] Compressed class space mapped at: 0x0000007001000000-0x0000007041000000, reserved size: 1073741824
[2025-12-16T20:44:16.912+0800][0.006s][info][gc,metaspace] Narrow klass base: 0x0000007000000000, Narrow klass shift: 0, Narrow klass range: 0x100000000
[2025-12-16T20:44:16.928+0800][0.022s][info][gc,start    ] GC(0) Pause Young (Normal) (G1 Evacuation Pause)
[2025-12-16T20:44:16.929+0800][0.023s][info][gc,task     ] GC(0) Using 6 workers of 9 for evacuation
[2025-12-16T20:44:16.929+0800][0.023s][info][gc,phases   ] GC(0)   Pre Evacuate Collection Set: 0.06ms
[2025-12-16T20:44:16.929+0800][0.023s][info][gc,phases   ] GC(0)   Merge Heap Roots: 0.02ms
[2025-12-16T20:44:16.929+0800][0.023s][info][gc,phases   ] GC(0)   Evacuate Collection Set: 0.10ms
[2025-12-16T20:44:16.929+0800][0.023s][info][gc,phases   ] GC(0)   Post Evacuate Collection Set: 0.06ms
[2025-12-16T20:44:16.929+0800][0.023s][info][gc,phases   ] GC(0)   Other: 0.11ms
[2025-12-16T20:44:16.929+0800][0.023s][info][gc,heap     ] GC(0) Eden regions: 11->0(75)
[2025-12-16T20:44:16.929+0800][0.023s][info][gc,heap     ] GC(0) Survivor regions: 0->1(2)
[2025-12-16T20:44:16.929+0800][0.023s][info][gc,heap     ] GC(0) Old regions: 1->1
[2025-12-16T20:44:16.929+0800][0.023s][info][gc,heap     ] GC(0) Humongous regions: 0->0
[2025-12-16T20:44:16.929+0800][0.023s][info][gc,metaspace] GC(0) Metaspace: 85K(320K)->85K(320K) NonClass: 75K(192K)->75K(192K) Class: 9K(128K)->9K(128K)
[2025-12-16T20:44:16.929+0800][0.023s][info][gc          ] GC(0) Pause Young (Normal) (G1 Evacuation Pause) 23M->1M(258M) 0.446ms
[2025-12-16T20:44:16.929+0800][0.023s][info][gc,cpu      ] GC(0) User=0.00s Sys=0.00s Real=0.00s
[2025-12-16T20:44:16.992+0800][0.086s][info][gc,start    ] GC(1) Pause Young (Normal) (G1 Evacuation Pause)
[2025-12-16T20:44:16.992+0800][0.086s][info][gc,task     ] GC(1) Using 6 workers of 9 for evacuation
[2025-12-16T20:44:16.993+0800][0.087s][info][gc,phases   ] GC(1)   Pre Evacuate Collection Set: 0.05ms
[2025-12-16T20:44:16.993+0800][0.087s][info][gc,phases   ] GC(1)   Merge Heap Roots: 0.02ms
[2025-12-16T20:44:16.993+0800][0.087s][info][gc,phases   ] GC(1)   Evacuate Collection Set: 0.08ms
[2025-12-16T20:44:16.993+0800][0.087s][info][gc,phases   ] GC(1)   Post Evacuate Collection Set: 0.06ms
[2025-12-16T20:44:16.993+0800][0.087s][info][gc,phases   ] GC(1)   Other: 0.02ms
[2025-12-16T20:44:16.993+0800][0.087s][info][gc,heap     ] GC(1) Eden regions: 75->0(75)
[2025-12-16T20:44:16.993+0800][0.087s][info][gc,heap     ] GC(1) Survivor regions: 1->1(10)
[2025-12-16T20:44:16.993+0800][0.087s][info][gc,heap     ] GC(1) Old regions: 1->1
[2025-12-16T20:44:16.993+0800][0.087s][info][gc,heap     ] GC(1) Humongous regions: 0->0
[2025-12-16T20:44:16.993+0800][0.087s][info][gc,metaspace] GC(1) Metaspace: 86K(320K)->86K(320K) NonClass: 76K(192K)->76K(192K) Class: 9K(128K)->9K(128K)
[2025-12-16T20:44:16.993+0800][0.087s][info][gc          ] GC(1) Pause Young (Normal) (G1 Evacuation Pause) 151M->1M(258M) 0.323ms
[2025-12-16T20:44:16.993+0800][0.087s][info][gc,cpu      ] GC(1) User=0.00s Sys=0.00s Real=0.00s
[2025-12-16T20:44:17.050+0800][0.144s][info][gc,start    ] GC(2) Pause Young (Normal) (G1 Evacuation Pause)
[2025-12-16T20:44:17.050+0800][0.144s][info][gc,task     ] GC(2) Using 6 workers of 9 for evacuation
[2025-12-16T20:44:17.050+0800][0.144s][info][gc,phases   ] GC(2)   Pre Evacuate Collection Set: 0.05ms
[2025-12-16T20:44:17.050+0800][0.144s][info][gc,phases   ] GC(2)   Merge Heap Roots: 0.01ms
[2025-12-16T20:44:17.050+0800][0.144s][info][gc,phases   ] GC(2)   Evacuate Collection Set: 0.07ms
[2025-12-16T20:44:17.050+0800][0.144s][info][gc,phases   ] GC(2)   Post Evacuate Collection Set: 0.06ms
[2025-12-16T20:44:17.050+0800][0.144s][info][gc,phases   ] GC(2)   Other: 0.02ms
[2025-12-16T20:44:17.050+0800][0.144s][info][gc,heap     ] GC(2) Eden regions: 75->0(75)
[2025-12-16T20:44:17.050+0800][0.144s][info][gc,heap     ] GC(2) Survivor regions: 1->1(10)
[2025-12-16T20:44:17.050+0800][0.144s][info][gc,heap     ] GC(2) Old regions: 1->1
[2025-12-16T20:44:17.050+0800][0.144s][info][gc,heap     ] GC(2) Humongous regions: 0->0
[2025-12-16T20:44:17.050+0800][0.144s][info][gc,metaspace] GC(2) Metaspace: 86K(320K)->86K(320K) NonClass: 76K(192K)->76K(192K) Class: 9K(128K)->9K(128K)
[2025-12-16T20:44:17.050+0800][0.144s][info][gc          ] GC(2) Pause Young (Normal) (G1 Evacuation Pause) 151M->1M(258M) 0.271ms
[2025-12-16T20:44:17.050+0800][0.144s][info][gc,cpu      ] GC(2) User=0.00s Sys=0.00s Real=0.00s
[2025-12-16T20:44:17.108+0800][0.202s][info][gc,start    ] GC(3) Pause Young (Normal) (G1 Evacuation Pause)
[2025-12-16T20:44:17.108+0800][0.202s][info][gc,task     ] GC(3) Using 6 workers of 9 for evacuation
[2025-12-16T20:44:17.108+0800][0.202s][info][gc,phases   ] GC(3)   Pre Evacuate Collection Set: 0.05ms
[2025-12-16T20:44:17.108+0800][0.202s][info][gc,phases   ] GC(3)   Merge Heap Roots: 0.01ms
[2025-12-16T20:44:17.108+0800][0.202s][info][gc,phases   ] GC(3)   Evacuate Collection Set: 0.07ms
[2025-12-16T20:44:17.108+0800][0.202s][info][gc,phases   ] GC(3)   Post Evacuate Collection Set: 0.06ms
[2025-12-16T20:44:17.108+0800][0.202s][info][gc,phases   ] GC(3)   Other: 0.02ms
[2025-12-16T20:44:17.108+0800][0.202s][info][gc,heap     ] GC(3) Eden regions: 75->0(75)
[2025-12-16T20:44:17.108+0800][0.202s][info][gc,heap     ] GC(3) Survivor regions: 1->1(10)
[2025-12-16T20:44:17.108+0800][0.202s][info][gc,heap     ] GC(3) Old regions: 1->1
[2025-12-16T20:44:17.108+0800][0.202s][info][gc,heap     ] GC(3) Humongous regions: 0->0
[2025-12-16T20:44:17.108+0800][0.202s][info][gc,metaspace] GC(3) Metaspace: 86K(320K)->86K(320K) NonClass: 76K(192K)->76K(192K) Class: 9K(128K)->9K(128K)
[2025-12-16T20:44:17.108+0800][0.202s][info][gc          ] GC(3) Pause Young (Normal) (G1 Evacuation Pause) 151M->1M(258M) 0.288ms
[2025-12-16T20:44:17.108+0800][0.202s][info][gc,cpu      ] GC(3) User=0.00s Sys=0.00s Real=0.00s
[2025-12-16T20:44:17.165+0800][0.259s][info][gc,start    ] GC(4) Pause Young (Normal) (G1 Evacuation Pause)
[2025-12-16T20:44:17.165+0800][0.259s][info][gc,task     ] GC(4) Using 6 workers of 9 for evacuation
[2025-12-16T20:44:17.166+0800][0.260s][info][gc,phases   ] GC(4)   Pre Evacuate Collection Set: 0.05ms
[2025-12-16T20:44:17.166+0800][0.260s][info][gc,phases   ] GC(4)   Merge Heap Roots: 0.01ms
[2025-12-16T20:44:17.166+0800][0.260s][info][gc,phases   ] GC(4)   Evacuate Collection Set: 0.07ms
[2025-12-16T20:44:17.166+0800][0.260s][info][gc,phases   ] GC(4)   Post Evacuate Collection Set: 0.06ms
[2025-12-16T20:44:17.166+0800][0.260s][info][gc,phases   ] GC(4)   Other: 0.02ms
[2025-12-16T20:44:17.166+0800][0.260s][info][gc,heap     ] GC(4) Eden regions: 75->0(75)
[2025-12-16T20:44:17.166+0800][0.260s][info][gc,heap     ] GC(4) Survivor regions: 1->1(10)
[2025-12-16T20:44:17.166+0800][0.260s][info][gc,heap     ] GC(4) Old regions: 1->1
[2025-12-16T20:44:17.166+0800][0.260s][info][gc,heap     ] GC(4) Humongous regions: 0->0
[2025-12-16T20:44:17.166+0800][0.260s][info][gc,metaspace] GC(4) Metaspace: 86K(320K)->86K(320K) NonClass: 76K(192K)->76K(192K) Class: 9K(128K)->9K(128K)
[2025-12-16T20:44:17.166+0800][0.260s][info][gc          ] GC(4) Pause Young (Normal) (G1 Evacuation Pause) 151M->1M(258M) 0.273ms
[2025-12-16T20:44:17.166+0800][0.260s][info][gc,cpu      ] GC(4) User=0.00s Sys=0.00s Real=0.00s
[2025-12-16T20:44:17.224+0800][0.318s][info][gc,start    ] GC(5) Pause Young (Normal) (G1 Evacuation Pause)
[2025-12-16T20:44:17.224+0800][0.318s][info][gc,task     ] GC(5) Using 6 workers of 9 for evacuation
[2025-12-16T20:44:17.224+0800][0.318s][info][gc,phases   ] GC(5)   Pre Evacuate Collection Set: 0.05ms
[2025-12-16T20:44:17.224+0800][0.318s][info][gc,phases   ] GC(5)   Merge Heap Roots: 0.03ms
[2025-12-16T20:44:17.224+0800][0.318s][info][gc,phases   ] GC(5)   Evacuate Collection Set: 0.11ms
[2025-12-16T20:44:17.224+0800][0.318s][info][gc,phases   ] GC(5)   Post Evacuate Collection Set: 0.08ms
[2025-12-16T20:44:17.224+0800][0.318s][info][gc,phases   ] GC(5)   Other: 0.02ms
[2025-12-16T20:44:17.224+0800][0.318s][info][gc,heap     ] GC(5) Eden regions: 75->0(75)
[2025-12-16T20:44:17.224+0800][0.318s][info][gc,heap     ] GC(5) Survivor regions: 1->1(10)
[2025-12-16T20:44:17.224+0800][0.318s][info][gc,heap     ] GC(5) Old regions: 1->1
[2025-12-16T20:44:17.224+0800][0.318s][info][gc,heap     ] GC(5) Humongous regions: 0->0
[2025-12-16T20:44:17.224+0800][0.318s][info][gc,metaspace] GC(5) Metaspace: 86K(320K)->86K(320K) NonClass: 76K(192K)->76K(192K) Class: 9K(128K)->9K(128K)
[2025-12-16T20:44:17.224+0800][0.318s][info][gc          ] GC(5) Pause Young (Normal) (G1 Evacuation Pause) 151M->1M(258M) 0.378ms
[2025-12-16T20:44:17.224+0800][0.318s][info][gc,cpu      ] GC(5) User=0.00s Sys=0.00s Real=0.00s
[2025-12-16T20:44:17.281+0800][0.376s][info][gc,start    ] GC(6) Pause Young (Normal) (G1 Evacuation Pause)
[2025-12-16T20:44:17.282+0800][0.376s][info][gc,task     ] GC(6) Using 6 workers of 9 for evacuation
[2025-12-16T20:44:17.282+0800][0.376s][info][gc,phases   ] GC(6)   Pre Evacuate Collection Set: 0.05ms
[2025-12-16T20:44:17.282+0800][0.376s][info][gc,phases   ] GC(6)   Merge Heap Roots: 0.01ms
[2025-12-16T20:44:17.282+0800][0.376s][info][gc,phases   ] GC(6)   Evacuate Collection Set: 0.06ms
[2025-12-16T20:44:17.282+0800][0.376s][info][gc,phases   ] GC(6)   Post Evacuate Collection Set: 0.06ms
[2025-12-16T20:44:17.282+0800][0.376s][info][gc,phases   ] GC(6)   Other: 0.02ms
[2025-12-16T20:44:17.282+0800][0.376s][info][gc,heap     ] GC(6) Eden regions: 75->0(75)
[2025-12-16T20:44:17.282+0800][0.376s][info][gc,heap     ] GC(6) Survivor regions: 1->1(10)
[2025-12-16T20:44:17.282+0800][0.376s][info][gc,heap     ] GC(6) Old regions: 1->1
[2025-12-16T20:44:17.282+0800][0.376s][info][gc,heap     ] GC(6) Humongous regions: 0->0
[2025-12-16T20:44:17.282+0800][0.376s][info][gc,metaspace] GC(6) Metaspace: 86K(320K)->86K(320K) NonClass: 76K(192K)->76K(192K) Class: 9K(128K)->9K(128K)
[2025-12-16T20:44:17.282+0800][0.376s][info][gc          ] GC(6) Pause Young (Normal) (G1 Evacuation Pause) 151M->1M(258M) 0.270ms
[2025-12-16T20:44:17.282+0800][0.376s][info][gc,cpu      ] GC(6) User=0.00s Sys=0.00s Real=0.00s
[2025-12-16T20:44:17.338+0800][0.432s][info][gc,start    ] GC(7) Pause Young (Normal) (G1 Evacuation Pause)
[2025-12-16T20:44:17.338+0800][0.432s][info][gc,task     ] GC(7) Using 6 workers of 9 for evacuation
[2025-12-16T20:44:17.338+0800][0.433s][info][gc,phases   ] GC(7)   Pre Evacuate Collection Set: 0.05ms
[2025-12-16T20:44:17.339+0800][0.433s][info][gc,phases   ] GC(7)   Merge Heap Roots: 0.01ms
[2025-12-16T20:44:17.339+0800][0.433s][info][gc,phases   ] GC(7)   Evacuate Collection Set: 0.08ms
[2025-12-16T20:44:17.339+0800][0.433s][info][gc,phases   ] GC(7)   Post Evacuate Collection Set: 0.06ms
[2025-12-16T20:44:17.339+0800][0.433s][info][gc,phases   ] GC(7)   Other: 0.02ms
[2025-12-16T20:44:17.339+0800][0.433s][info][gc,heap     ] GC(7) Eden regions: 75->0(75)
[2025-12-16T20:44:17.339+0800][0.433s][info][gc,heap     ] GC(7) Survivor regions: 1->1(10)
[2025-12-16T20:44:17.339+0800][0.433s][info][gc,heap     ] GC(7) Old regions: 1->1
[2025-12-16T20:44:17.339+0800][0.433s][info][gc,heap     ] GC(7) Humongous regions: 0->0
[2025-12-16T20:44:17.339+0800][0.433s][info][gc,metaspace] GC(7) Metaspace: 86K(320K)->86K(320K) NonClass: 76K(192K)->76K(192K) Class: 9K(128K)->9K(128K)
[2025-12-16T20:44:17.339+0800][0.433s][info][gc          ] GC(7) Pause Young (Normal) (G1 Evacuation Pause) 151M->1M(258M) 0.275ms
[2025-12-16T20:44:17.339+0800][0.433s][info][gc,cpu      ] GC(7) User=0.00s Sys=0.00s Real=0.00s
[2025-12-16T20:44:17.395+0800][0.489s][info][gc,start    ] GC(8) Pause Young (Normal) (G1 Evacuation Pause)
[2025-12-16T20:44:17.395+0800][0.489s][info][gc,task     ] GC(8) Using 6 workers of 9 for evacuation
[2025-12-16T20:44:17.396+0800][0.490s][info][gc,phases   ] GC(8)   Pre Evacuate Collection Set: 0.05ms
[2025-12-16T20:44:17.396+0800][0.490s][info][gc,phases   ] GC(8)   Merge Heap Roots: 0.04ms
[2025-12-16T20:44:17.396+0800][0.490s][info][gc,phases   ] GC(8)   Evacuate Collection Set: 0.08ms
[2025-12-16T20:44:17.396+0800][0.490s][info][gc,phases   ] GC(8)   Post Evacuate Collection Set: 0.06ms
[2025-12-16T20:44:17.396+0800][0.490s][info][gc,phases   ] GC(8)   Other: 0.01ms
[2025-12-16T20:44:17.396+0800][0.490s][info][gc,heap     ] GC(8) Eden regions: 75->0(75)
[2025-12-16T20:44:17.396+0800][0.490s][info][gc,heap     ] GC(8) Survivor regions: 1->1(10)
[2025-12-16T20:44:17.396+0800][0.490s][info][gc,heap     ] GC(8) Old regions: 1->1
[2025-12-16T20:44:17.396+0800][0.490s][info][gc,heap     ] GC(8) Humongous regions: 0->0
[2025-12-16T20:44:17.396+0800][0.490s][info][gc,metaspace] GC(8) Metaspace: 86K(320K)->86K(320K) NonClass: 76K(192K)->76K(192K) Class: 9K(128K)->9K(128K)
[2025-12-16T20:44:17.396+0800][0.490s][info][gc          ] GC(8) Pause Young (Normal) (G1 Evacuation Pause) 151M->1M(258M) 0.290ms
[2025-12-16T20:44:17.396+0800][0.490s][info][gc,cpu      ] GC(8) User=0.00s Sys=0.01s Real=0.00s
[2025-12-16T20:44:17.453+0800][0.547s][info][gc,start    ] GC(9) Pause Young (Normal) (G1 Evacuation Pause)
[2025-12-16T20:44:17.453+0800][0.547s][info][gc,task     ] GC(9) Using 6 workers of 9 for evacuation
[2025-12-16T20:44:17.453+0800][0.547s][info][gc,phases   ] GC(9)   Pre Evacuate Collection Set: 0.05ms
[2025-12-16T20:44:17.453+0800][0.547s][info][gc,phases   ] GC(9)   Merge Heap Roots: 0.01ms
[2025-12-16T20:44:17.453+0800][0.547s][info][gc,phases   ] GC(9)   Evacuate Collection Set: 0.07ms
[2025-12-16T20:44:17.453+0800][0.547s][info][gc,phases   ] GC(9)   Post Evacuate Collection Set: 0.05ms
[2025-12-16T20:44:17.453+0800][0.547s][info][gc,phases   ] GC(9)   Other: 0.01ms
[2025-12-16T20:44:17.453+0800][0.547s][info][gc,heap     ] GC(9) Eden regions: 75->0(75)
[2025-12-16T20:44:17.453+0800][0.547s][info][gc,heap     ] GC(9) Survivor regions: 1->1(10)
[2025-12-16T20:44:17.453+0800][0.547s][info][gc,heap     ] GC(9) Old regions: 1->1
[2025-12-16T20:44:17.453+0800][0.547s][info][gc,heap     ] GC(9) Humongous regions: 0->0
[2025-12-16T20:44:17.453+0800][0.547s][info][gc,metaspace] GC(9) Metaspace: 86K(320K)->86K(320K) NonClass: 76K(192K)->76K(192K) Class: 9K(128K)->9K(128K)
[2025-12-16T20:44:17.453+0800][0.547s][info][gc          ] GC(9) Pause Young (Normal) (G1 Evacuation Pause) 151M->1M(258M) 0.257ms
[2025-12-16T20:44:17.453+0800][0.547s][info][gc,cpu      ] GC(9) User=0.00s Sys=0.00s Real=0.00s
[2025-12-16T20:44:17.510+0800][0.604s][info][gc,start    ] GC(10) Pause Young (Normal) (G1 Evacuation Pause)
[2025-12-16T20:44:17.510+0800][0.604s][info][gc,task     ] GC(10) Using 6 workers of 9 for evacuation
[2025-12-16T20:44:17.510+0800][0.604s][info][gc,phases   ] GC(10)   Pre Evacuate Collection Set: 0.05ms
[2025-12-16T20:44:17.510+0800][0.604s][info][gc,phases   ] GC(10)   Merge Heap Roots: 0.01ms
[2025-12-16T20:44:17.510+0800][0.604s][info][gc,phases   ] GC(10)   Evacuate Collection Set: 0.06ms
[2025-12-16T20:44:17.510+0800][0.604s][info][gc,phases   ] GC(10)   Post Evacuate Collection Set: 0.07ms
[2025-12-16T20:44:17.510+0800][0.604s][info][gc,phases   ] GC(10)   Other: 0.01ms
[2025-12-16T20:44:17.510+0800][0.604s][info][gc,heap     ] GC(10) Eden regions: 75->0(75)
[2025-12-16T20:44:17.510+0800][0.604s][info][gc,heap     ] GC(10) Survivor regions: 1->1(10)
[2025-12-16T20:44:17.510+0800][0.604s][info][gc,heap     ] GC(10) Old regions: 1->1
[2025-12-16T20:44:17.510+0800][0.604s][info][gc,heap     ] GC(10) Humongous regions: 0->0
[2025-12-16T20:44:17.510+0800][0.604s][info][gc,metaspace] GC(10) Metaspace: 86K(320K)->86K(320K) NonClass: 76K(192K)->76K(192K) Class: 9K(128K)->9K(128K)
[2025-12-16T20:44:17.510+0800][0.604s][info][gc          ] GC(10) Pause Young (Normal) (G1 Evacuation Pause) 151M->1M(258M) 0.265ms
[2025-12-16T20:44:17.510+0800][0.604s][info][gc,cpu      ] GC(10) User=0.00s Sys=0.00s Real=0.00s
[2025-12-16T20:44:17.568+0800][0.662s][info][gc,start    ] GC(11) Pause Young (Normal) (G1 Evacuation Pause)
[2025-12-16T20:44:17.568+0800][0.662s][info][gc,task     ] GC(11) Using 6 workers of 9 for evacuation
[2025-12-16T20:44:17.568+0800][0.662s][info][gc,phases   ] GC(11)   Pre Evacuate Collection Set: 0.05ms
[2025-12-16T20:44:17.568+0800][0.662s][info][gc,phases   ] GC(11)   Merge Heap Roots: 0.01ms
[2025-12-16T20:44:17.568+0800][0.662s][info][gc,phases   ] GC(11)   Evacuate Collection Set: 0.05ms
[2025-12-16T20:44:17.568+0800][0.662s][info][gc,phases   ] GC(11)   Post Evacuate Collection Set: 0.05ms
[2025-12-16T20:44:17.568+0800][0.662s][info][gc,phases   ] GC(11)   Other: 0.01ms
[2025-12-16T20:44:17.568+0800][0.662s][info][gc,heap     ] GC(11) Eden regions: 75->0(75)
[2025-12-16T20:44:17.568+0800][0.662s][info][gc,heap     ] GC(11) Survivor regions: 1->1(10)
[2025-12-16T20:44:17.568+0800][0.662s][info][gc,heap     ] GC(11) Old regions: 1->1
[2025-12-16T20:44:17.568+0800][0.662s][info][gc,heap     ] GC(11) Humongous regions: 0->0
[2025-12-16T20:44:17.568+0800][0.662s][info][gc,metaspace] GC(11) Metaspace: 86K(320K)->86K(320K) NonClass: 76K(192K)->76K(192K) Class: 9K(128K)->9K(128K)
[2025-12-16T20:44:17.568+0800][0.662s][info][gc          ] GC(11) Pause Young (Normal) (G1 Evacuation Pause) 151M->1M(258M) 0.225ms
[2025-12-16T20:44:17.568+0800][0.662s][info][gc,cpu      ] GC(11) User=0.00s Sys=0.00s Real=0.00s
[2025-12-16T20:44:17.624+0800][0.718s][info][gc,start    ] GC(12) Pause Young (Normal) (G1 Evacuation Pause)
[2025-12-16T20:44:17.624+0800][0.718s][info][gc,task     ] GC(12) Using 6 workers of 9 for evacuation
[2025-12-16T20:44:17.624+0800][0.718s][info][gc,phases   ] GC(12)   Pre Evacuate Collection Set: 0.05ms
[2025-12-16T20:44:17.624+0800][0.718s][info][gc,phases   ] GC(12)   Merge Heap Roots: 0.01ms
[2025-12-16T20:44:17.624+0800][0.718s][info][gc,phases   ] GC(12)   Evacuate Collection Set: 0.06ms
[2025-12-16T20:44:17.624+0800][0.718s][info][gc,phases   ] GC(12)   Post Evacuate Collection Set: 0.07ms
[2025-12-16T20:44:17.624+0800][0.718s][info][gc,phases   ] GC(12)   Other: 0.01ms
[2025-12-16T20:44:17.624+0800][0.718s][info][gc,heap     ] GC(12) Eden regions: 75->0(75)
[2025-12-16T20:44:17.624+0800][0.718s][info][gc,heap     ] GC(12) Survivor regions: 1->1(10)
[2025-12-16T20:44:17.624+0800][0.718s][info][gc,heap     ] GC(12) Old regions: 1->1
[2025-12-16T20:44:17.624+0800][0.718s][info][gc,heap     ] GC(12) Humongous regions: 0->0
[2025-12-16T20:44:17.624+0800][0.718s][info][gc,metaspace] GC(12) Metaspace: 86K(320K)->86K(320K) NonClass: 76K(192K)->76K(192K) Class: 9K(128K)->9K(128K)
[2025-12-16T20:44:17.624+0800][0.718s][info][gc          ] GC(12) Pause Young (Normal) (G1 Evacuation Pause) 151M->1M(258M) 0.265ms
[2025-12-16T20:44:17.624+0800][0.718s][info][gc,cpu      ] GC(12) User=0.00s Sys=0.00s Real=0.00s
[2025-12-16T20:44:17.681+0800][0.775s][info][gc,start    ] GC(13) Pause Young (Normal) (G1 Evacuation Pause)
[2025-12-16T20:44:17.681+0800][0.775s][info][gc,task     ] GC(13) Using 6 workers of 9 for evacuation
[2025-12-16T20:44:17.682+0800][0.776s][info][gc,phases   ] GC(13)   Pre Evacuate Collection Set: 0.04ms
[2025-12-16T20:44:17.682+0800][0.776s][info][gc,phases   ] GC(13)   Merge Heap Roots: 0.01ms
[2025-12-16T20:44:17.682+0800][0.776s][info][gc,phases   ] GC(13)   Evacuate Collection Set: 0.06ms
[2025-12-16T20:44:17.682+0800][0.776s][info][gc,phases   ] GC(13)   Post Evacuate Collection Set: 0.06ms
[2025-12-16T20:44:17.682+0800][0.776s][info][gc,phases   ] GC(13)   Other: 0.01ms
[2025-12-16T20:44:17.682+0800][0.776s][info][gc,heap     ] GC(13) Eden regions: 75->0(75)
[2025-12-16T20:44:17.682+0800][0.776s][info][gc,heap     ] GC(13) Survivor regions: 1->1(10)
[2025-12-16T20:44:17.682+0800][0.776s][info][gc,heap     ] GC(13) Old regions: 1->1
[2025-12-16T20:44:17.682+0800][0.776s][info][gc,heap     ] GC(13) Humongous regions: 0->0
[2025-12-16T20:44:17.682+0800][0.776s][info][gc,metaspace] GC(13) Metaspace: 86K(320K)->86K(320K) NonClass: 76K(192K)->76K(192K) Class: 9K(128K)->9K(128K)
[2025-12-16T20:44:17.682+0800][0.776s][info][gc          ] GC(13) Pause Young (Normal) (G1 Evacuation Pause) 151M->1M(258M) 0.245ms
[2025-12-16T20:44:17.682+0800][0.776s][info][gc,cpu      ] GC(13) User=0.00s Sys=0.00s Real=0.00s
[2025-12-16T20:44:17.739+0800][0.833s][info][gc,start    ] GC(14) Pause Young (Normal) (G1 Evacuation Pause)
[2025-12-16T20:44:17.739+0800][0.833s][info][gc,task     ] GC(14) Using 6 workers of 9 for evacuation
[2025-12-16T20:44:17.739+0800][0.833s][info][gc,phases   ] GC(14)   Pre Evacuate Collection Set: 0.04ms
[2025-12-16T20:44:17.739+0800][0.833s][info][gc,phases   ] GC(14)   Merge Heap Roots: 0.01ms
[2025-12-16T20:44:17.739+0800][0.833s][info][gc,phases   ] GC(14)   Evacuate Collection Set: 0.06ms
[2025-12-16T20:44:17.739+0800][0.833s][info][gc,phases   ] GC(14)   Post Evacuate Collection Set: 0.05ms
[2025-12-16T20:44:17.739+0800][0.833s][info][gc,phases   ] GC(14)   Other: 0.01ms
[2025-12-16T20:44:17.739+0800][0.833s][info][gc,heap     ] GC(14) Eden regions: 75->0(75)
[2025-12-16T20:44:17.739+0800][0.833s][info][gc,heap     ] GC(14) Survivor regions: 1->1(10)
[2025-12-16T20:44:17.739+0800][0.833s][info][gc,heap     ] GC(14) Old regions: 1->1
[2025-12-16T20:44:17.739+0800][0.833s][info][gc,heap     ] GC(14) Humongous regions: 0->0
[2025-12-16T20:44:17.739+0800][0.833s][info][gc,metaspace] GC(14) Metaspace: 86K(320K)->86K(320K) NonClass: 76K(192K)->76K(192K) Class: 9K(128K)->9K(128K)
[2025-12-16T20:44:17.739+0800][0.833s][info][gc          ] GC(14) Pause Young (Normal) (G1 Evacuation Pause) 151M->1M(258M) 0.223ms
[2025-12-16T20:44:17.739+0800][0.833s][info][gc,cpu      ] GC(14) User=0.00s Sys=0.00s Real=0.00s
[2025-12-16T20:44:17.796+0800][0.890s][info][gc,start    ] GC(15) Pause Young (Normal) (G1 Evacuation Pause)
[2025-12-16T20:44:17.796+0800][0.890s][info][gc,task     ] GC(15) Using 6 workers of 9 for evacuation
[2025-12-16T20:44:17.796+0800][0.890s][info][gc,phases   ] GC(15)   Pre Evacuate Collection Set: 0.05ms
[2025-12-16T20:44:17.796+0800][0.890s][info][gc,phases   ] GC(15)   Merge Heap Roots: 0.01ms
[2025-12-16T20:44:17.796+0800][0.890s][info][gc,phases   ] GC(15)   Evacuate Collection Set: 0.09ms
[2025-12-16T20:44:17.796+0800][0.890s][info][gc,phases   ] GC(15)   Post Evacuate Collection Set: 0.06ms
[2025-12-16T20:44:17.796+0800][0.890s][info][gc,phases   ] GC(15)   Other: 0.01ms
[2025-12-16T20:44:17.796+0800][0.890s][info][gc,heap     ] GC(15) Eden regions: 75->0(75)
[2025-12-16T20:44:17.796+0800][0.890s][info][gc,heap     ] GC(15) Survivor regions: 1->1(10)
[2025-12-16T20:44:17.796+0800][0.890s][info][gc,heap     ] GC(15) Old regions: 1->2
[2025-12-16T20:44:17.796+0800][0.890s][info][gc,heap     ] GC(15) Humongous regions: 0->0
[2025-12-16T20:44:17.796+0800][0.890s][info][gc,metaspace] GC(15) Metaspace: 86K(320K)->86K(320K) NonClass: 76K(192K)->76K(192K) Class: 9K(128K)->9K(128K)
[2025-12-16T20:44:17.796+0800][0.890s][info][gc          ] GC(15) Pause Young (Normal) (G1 Evacuation Pause) 151M->1M(258M) 0.272ms
[2025-12-16T20:44:17.796+0800][0.890s][info][gc,cpu      ] GC(15) User=0.00s Sys=0.00s Real=0.00s
[2025-12-16T20:44:17.853+0800][0.947s][info][gc,start    ] GC(16) Pause Young (Normal) (G1 Evacuation Pause)
[2025-12-16T20:44:17.853+0800][0.947s][info][gc,task     ] GC(16) Using 6 workers of 9 for evacuation
[2025-12-16T20:44:17.853+0800][0.947s][info][gc,phases   ] GC(16)   Pre Evacuate Collection Set: 0.05ms
[2025-12-16T20:44:17.853+0800][0.947s][info][gc,phases   ] GC(16)   Merge Heap Roots: 0.01ms
[2025-12-16T20:44:17.853+0800][0.947s][info][gc,phases   ] GC(16)   Evacuate Collection Set: 0.05ms
[2025-12-16T20:44:17.853+0800][0.947s][info][gc,phases   ] GC(16)   Post Evacuate Collection Set: 0.05ms
[2025-12-16T20:44:17.853+0800][0.947s][info][gc,phases   ] GC(16)   Other: 0.01ms
[2025-12-16T20:44:17.853+0800][0.947s][info][gc,heap     ] GC(16) Eden regions: 75->0(75)
[2025-12-16T20:44:17.853+0800][0.947s][info][gc,heap     ] GC(16) Survivor regions: 1->1(10)
[2025-12-16T20:44:17.853+0800][0.947s][info][gc,heap     ] GC(16) Old regions: 2->2
[2025-12-16T20:44:17.853+0800][0.947s][info][gc,heap     ] GC(16) Humongous regions: 0->0
[2025-12-16T20:44:17.853+0800][0.947s][info][gc,metaspace] GC(16) Metaspace: 86K(320K)->86K(320K) NonClass: 76K(192K)->76K(192K) Class: 9K(128K)->9K(128K)
[2025-12-16T20:44:17.853+0800][0.947s][info][gc          ] GC(16) Pause Young (Normal) (G1 Evacuation Pause) 151M->1M(258M) 0.229ms
[2025-12-16T20:44:17.853+0800][0.947s][info][gc,cpu      ] GC(16) User=0.00s Sys=0.00s Real=0.00s
[2025-12-16T20:44:17.910+0800][1.004s][info][gc,start    ] GC(17) Pause Young (Normal) (G1 Evacuation Pause)
[2025-12-16T20:44:17.910+0800][1.004s][info][gc,task     ] GC(17) Using 6 workers of 9 for evacuation
[2025-12-16T20:44:17.910+0800][1.004s][info][gc,phases   ] GC(17)   Pre Evacuate Collection Set: 0.05ms
[2025-12-16T20:44:17.910+0800][1.004s][info][gc,phases   ] GC(17)   Merge Heap Roots: 0.01ms
[2025-12-16T20:44:17.910+0800][1.004s][info][gc,phases   ] GC(17)   Evacuate Collection Set: 0.05ms
[2025-12-16T20:44:17.910+0800][1.004s][info][gc,phases   ] GC(17)   Post Evacuate Collection Set: 0.05ms
[2025-12-16T20:44:17.910+0800][1.004s][info][gc,phases   ] GC(17)   Other: 0.01ms
[2025-12-16T20:44:17.910+0800][1.004s][info][gc,heap     ] GC(17) Eden regions: 75->0(75)
[2025-12-16T20:44:17.910+0800][1.004s][info][gc,heap     ] GC(17) Survivor regions: 1->1(10)
[2025-12-16T20:44:17.910+0800][1.004s][info][gc,heap     ] GC(17) Old regions: 2->2
[2025-12-16T20:44:17.910+0800][1.004s][info][gc,heap     ] GC(17) Humongous regions: 0->0
[2025-12-16T20:44:17.910+0800][1.004s][info][gc,metaspace] GC(17) Metaspace: 86K(320K)->86K(320K) NonClass: 76K(192K)->76K(192K) Class: 9K(128K)->9K(128K)
[2025-12-16T20:44:17.910+0800][1.004s][info][gc          ] GC(17) Pause Young (Normal) (G1 Evacuation Pause) 151M->1M(258M) 0.220ms
[2025-12-16T20:44:17.910+0800][1.004s][info][gc,cpu      ] GC(17) User=0.00s Sys=0.00s Real=0.00s
[2025-12-16T20:44:17.967+0800][1.061s][info][gc,start    ] GC(18) Pause Young (Normal) (G1 Evacuation Pause)
[2025-12-16T20:44:17.967+0800][1.061s][info][gc,task     ] GC(18) Using 6 workers of 9 for evacuation
[2025-12-16T20:44:17.968+0800][1.062s][info][gc,phases   ] GC(18)   Pre Evacuate Collection Set: 0.05ms
[2025-12-16T20:44:17.968+0800][1.062s][info][gc,phases   ] GC(18)   Merge Heap Roots: 0.01ms
[2025-12-16T20:44:17.968+0800][1.062s][info][gc,phases   ] GC(18)   Evacuate Collection Set: 0.04ms
[2025-12-16T20:44:17.968+0800][1.062s][info][gc,phases   ] GC(18)   Post Evacuate Collection Set: 0.06ms
[2025-12-16T20:44:17.968+0800][1.062s][info][gc,phases   ] GC(18)   Other: 0.01ms
[2025-12-16T20:44:17.968+0800][1.062s][info][gc,heap     ] GC(18) Eden regions: 75->0(75)
[2025-12-16T20:44:17.968+0800][1.062s][info][gc,heap     ] GC(18) Survivor regions: 1->1(10)
[2025-12-16T20:44:17.968+0800][1.062s][info][gc,heap     ] GC(18) Old regions: 2->2
[2025-12-16T20:44:17.968+0800][1.062s][info][gc,heap     ] GC(18) Humongous regions: 0->0
[2025-12-16T20:44:17.968+0800][1.062s][info][gc,metaspace] GC(18) Metaspace: 86K(320K)->86K(320K) NonClass: 76K(192K)->76K(192K) Class: 9K(128K)->9K(128K)
[2025-12-16T20:44:17.968+0800][1.062s][info][gc          ] GC(18) Pause Young (Normal) (G1 Evacuation Pause) 151M->1M(258M) 0.214ms
[2025-12-16T20:44:17.968+0800][1.062s][info][gc,cpu      ] GC(18) User=0.00s Sys=0.00s Real=0.00s
[2025-12-16T20:44:18.026+0800][1.120s][info][gc,start    ] GC(19) Pause Young (Normal) (G1 Evacuation Pause)
[2025-12-16T20:44:18.026+0800][1.120s][info][gc,task     ] GC(19) Using 6 workers of 9 for evacuation
[2025-12-16T20:44:18.026+0800][1.120s][info][gc,phases   ] GC(19)   Pre Evacuate Collection Set: 0.05ms
[2025-12-16T20:44:18.026+0800][1.120s][info][gc,phases   ] GC(19)   Merge Heap Roots: 0.01ms
[2025-12-16T20:44:18.026+0800][1.120s][info][gc,phases   ] GC(19)   Evacuate Collection Set: 0.06ms
[2025-12-16T20:44:18.026+0800][1.120s][info][gc,phases   ] GC(19)   Post Evacuate Collection Set: 0.07ms
[2025-12-16T20:44:18.026+0800][1.120s][info][gc,phases   ] GC(19)   Other: 0.01ms
[2025-12-16T20:44:18.026+0800][1.120s][info][gc,heap     ] GC(19) Eden regions: 75->0(75)
[2025-12-16T20:44:18.026+0800][1.120s][info][gc,heap     ] GC(19) Survivor regions: 1->1(10)
[2025-12-16T20:44:18.026+0800][1.120s][info][gc,heap     ] GC(19) Old regions: 2->2
[2025-12-16T20:44:18.026+0800][1.120s][info][gc,heap     ] GC(19) Humongous regions: 0->0
[2025-12-16T20:44:18.026+0800][1.120s][info][gc,metaspace] GC(19) Metaspace: 86K(320K)->86K(320K) NonClass: 76K(192K)->76K(192K) Class: 9K(128K)->9K(128K)
[2025-12-16T20:44:18.026+0800][1.120s][info][gc          ] GC(19) Pause Young (Normal) (G1 Evacuation Pause) 151M->1M(258M) 0.249ms
[2025-12-16T20:44:18.026+0800][1.120s][info][gc,cpu      ] GC(19) User=0.00s Sys=0.00s Real=0.00s
[2025-12-16T20:44:18.083+0800][1.177s][info][gc,start    ] GC(20) Pause Young (Normal) (G1 Evacuation Pause)
[2025-12-16T20:44:18.083+0800][1.177s][info][gc,task     ] GC(20) Using 6 workers of 9 for evacuation
[2025-12-16T20:44:18.083+0800][1.177s][info][gc,phases   ] GC(20)   Pre Evacuate Collection Set: 0.04ms
[2025-12-16T20:44:18.083+0800][1.177s][info][gc,phases   ] GC(20)   Merge Heap Roots: 0.01ms
[2025-12-16T20:44:18.083+0800][1.177s][info][gc,phases   ] GC(20)   Evacuate Collection Set: 0.04ms
[2025-12-16T20:44:18.083+0800][1.177s][info][gc,phases   ] GC(20)   Post Evacuate Collection Set: 0.06ms
[2025-12-16T20:44:18.083+0800][1.177s][info][gc,phases   ] GC(20)   Other: 0.01ms
[2025-12-16T20:44:18.083+0800][1.177s][info][gc,heap     ] GC(20) Eden regions: 75->0(75)
[2025-12-16T20:44:18.083+0800][1.177s][info][gc,heap     ] GC(20) Survivor regions: 1->1(10)
[2025-12-16T20:44:18.083+0800][1.177s][info][gc,heap     ] GC(20) Old regions: 2->2
[2025-12-16T20:44:18.083+0800][1.177s][info][gc,heap     ] GC(20) Humongous regions: 0->0
[2025-12-16T20:44:18.083+0800][1.177s][info][gc,metaspace] GC(20) Metaspace: 86K(320K)->86K(320K) NonClass: 76K(192K)->76K(192K) Class: 9K(128K)->9K(128K)
[2025-12-16T20:44:18.083+0800][1.177s][info][gc          ] GC(20) Pause Young (Normal) (G1 Evacuation Pause) 151M->1M(258M) 0.212ms
[2025-12-16T20:44:18.083+0800][1.177s][info][gc,cpu      ] GC(20) User=0.00s Sys=0.00s Real=0.00s
[2025-12-16T20:44:18.142+0800][1.236s][info][gc,start    ] GC(21) Pause Young (Normal) (G1 Evacuation Pause)
[2025-12-16T20:44:18.142+0800][1.236s][info][gc,task     ] GC(21) Using 6 workers of 9 for evacuation
[2025-12-16T20:44:18.142+0800][1.236s][info][gc,phases   ] GC(21)   Pre Evacuate Collection Set: 0.04ms
[2025-12-16T20:44:18.142+0800][1.236s][info][gc,phases   ] GC(21)   Merge Heap Roots: 0.01ms
[2025-12-16T20:44:18.142+0800][1.236s][info][gc,phases   ] GC(21)   Evacuate Collection Set: 0.04ms
[2025-12-16T20:44:18.142+0800][1.236s][info][gc,phases   ] GC(21)   Post Evacuate Collection Set: 0.06ms
[2025-12-16T20:44:18.142+0800][1.236s][info][gc,phases   ] GC(21)   Other: 0.01ms
[2025-12-16T20:44:18.142+0800][1.236s][info][gc,heap     ] GC(21) Eden regions: 75->0(75)
[2025-12-16T20:44:18.142+0800][1.236s][info][gc,heap     ] GC(21) Survivor regions: 1->1(10)
[2025-12-16T20:44:18.142+0800][1.236s][info][gc,heap     ] GC(21) Old regions: 2->2
[2025-12-16T20:44:18.142+0800][1.236s][info][gc,heap     ] GC(21) Humongous regions: 0->0
[2025-12-16T20:44:18.142+0800][1.236s][info][gc,metaspace] GC(21) Metaspace: 86K(320K)->86K(320K) NonClass: 76K(192K)->76K(192K) Class: 9K(128K)->9K(128K)
[2025-12-16T20:44:18.142+0800][1.236s][info][gc          ] GC(21) Pause Young (Normal) (G1 Evacuation Pause) 151M->1M(258M) 0.217ms
[2025-12-16T20:44:18.142+0800][1.236s][info][gc,cpu      ] GC(21) User=0.00s Sys=0.00s Real=0.00s
[2025-12-16T20:44:18.198+0800][1.292s][info][gc,start    ] GC(22) Pause Young (Normal) (G1 Evacuation Pause)
[2025-12-16T20:44:18.198+0800][1.292s][info][gc,task     ] GC(22) Using 6 workers of 9 for evacuation
[2025-12-16T20:44:18.199+0800][1.293s][info][gc,phases   ] GC(22)   Pre Evacuate Collection Set: 0.04ms
[2025-12-16T20:44:18.199+0800][1.293s][info][gc,phases   ] GC(22)   Merge Heap Roots: 0.02ms
[2025-12-16T20:44:18.199+0800][1.293s][info][gc,phases   ] GC(22)   Evacuate Collection Set: 0.04ms
[2025-12-16T20:44:18.199+0800][1.293s][info][gc,phases   ] GC(22)   Post Evacuate Collection Set: 0.05ms
[2025-12-16T20:44:18.199+0800][1.293s][info][gc,phases   ] GC(22)   Other: 0.01ms
[2025-12-16T20:44:18.199+0800][1.293s][info][gc,heap     ] GC(22) Eden regions: 75->0(75)
[2025-12-16T20:44:18.199+0800][1.293s][info][gc,heap     ] GC(22) Survivor regions: 1->1(10)
[2025-12-16T20:44:18.199+0800][1.293s][info][gc,heap     ] GC(22) Old regions: 2->2
[2025-12-16T20:44:18.199+0800][1.293s][info][gc,heap     ] GC(22) Humongous regions: 0->0
[2025-12-16T20:44:18.199+0800][1.293s][info][gc,metaspace] GC(22) Metaspace: 86K(320K)->86K(320K) NonClass: 76K(192K)->76K(192K) Class: 9K(128K)->9K(128K)
[2025-12-16T20:44:18.199+0800][1.293s][info][gc          ] GC(22) Pause Young (Normal) (G1 Evacuation Pause) 151M->1M(258M) 0.214ms
[2025-12-16T20:44:18.199+0800][1.293s][info][gc,cpu      ] GC(22) User=0.00s Sys=0.00s Real=0.00s
[2025-12-16T20:44:18.257+0800][1.351s][info][gc,start    ] GC(23) Pause Young (Normal) (G1 Evacuation Pause)
[2025-12-16T20:44:18.257+0800][1.351s][info][gc,task     ] GC(23) Using 6 workers of 9 for evacuation
[2025-12-16T20:44:18.257+0800][1.351s][info][gc,phases   ] GC(23)   Pre Evacuate Collection Set: 0.07ms
[2025-12-16T20:44:18.257+0800][1.351s][info][gc,phases   ] GC(23)   Merge Heap Roots: 0.02ms
[2025-12-16T20:44:18.257+0800][1.351s][info][gc,phases   ] GC(23)   Evacuate Collection Set: 0.07ms
[2025-12-16T20:44:18.257+0800][1.351s][info][gc,phases   ] GC(23)   Post Evacuate Collection Set: 0.07ms
[2025-12-16T20:44:18.257+0800][1.351s][info][gc,phases   ] GC(23)   Other: 0.02ms
[2025-12-16T20:44:18.257+0800][1.351s][info][gc,heap     ] GC(23) Eden regions: 75->0(75)
[2025-12-16T20:44:18.257+0800][1.351s][info][gc,heap     ] GC(23) Survivor regions: 1->1(10)
[2025-12-16T20:44:18.257+0800][1.351s][info][gc,heap     ] GC(23) Old regions: 2->2
[2025-12-16T20:44:18.257+0800][1.351s][info][gc,heap     ] GC(23) Humongous regions: 0->0
[2025-12-16T20:44:18.257+0800][1.351s][info][gc,metaspace] GC(23) Metaspace: 86K(320K)->86K(320K) NonClass: 76K(192K)->76K(192K) Class: 9K(128K)->9K(128K)
[2025-12-16T20:44:18.257+0800][1.351s][info][gc          ] GC(23) Pause Young (Normal) (G1 Evacuation Pause) 151M->1M(258M) 0.322ms
[2025-12-16T20:44:18.257+0800][1.351s][info][gc,cpu      ] GC(23) User=0.01s Sys=0.00s Real=0.00s
[2025-12-16T20:44:18.315+0800][1.409s][info][gc,start    ] GC(24) Pause Young (Normal) (G1 Evacuation Pause)
[2025-12-16T20:44:18.315+0800][1.409s][info][gc,task     ] GC(24) Using 6 workers of 9 for evacuation
[2025-12-16T20:44:18.316+0800][1.410s][info][gc,phases   ] GC(24)   Pre Evacuate Collection Set: 0.05ms
[2025-12-16T20:44:18.316+0800][1.410s][info][gc,phases   ] GC(24)   Merge Heap Roots: 0.01ms
[2025-12-16T20:44:18.316+0800][1.410s][info][gc,phases   ] GC(24)   Evacuate Collection Set: 0.05ms
[2025-12-16T20:44:18.316+0800][1.410s][info][gc,phases   ] GC(24)   Post Evacuate Collection Set: 0.06ms
[2025-12-16T20:44:18.316+0800][1.410s][info][gc,phases   ] GC(24)   Other: 0.02ms
[2025-12-16T20:44:18.316+0800][1.410s][info][gc,heap     ] GC(24) Eden regions: 75->0(75)
[2025-12-16T20:44:18.316+0800][1.410s][info][gc,heap     ] GC(24) Survivor regions: 1->1(10)
[2025-12-16T20:44:18.316+0800][1.410s][info][gc,heap     ] GC(24) Old regions: 2->2
[2025-12-16T20:44:18.316+0800][1.410s][info][gc,heap     ] GC(24) Humongous regions: 0->0
[2025-12-16T20:44:18.316+0800][1.410s][info][gc,metaspace] GC(24) Metaspace: 86K(320K)->86K(320K) NonClass: 76K(192K)->76K(192K) Class: 9K(128K)->9K(128K)
[2025-12-16T20:44:18.316+0800][1.410s][info][gc          ] GC(24) Pause Young (Normal) (G1 Evacuation Pause) 151M->1M(258M) 0.277ms
[2025-12-16T20:44:18.316+0800][1.410s][info][gc,cpu      ] GC(24) User=0.00s Sys=0.00s Real=0.00s
[2025-12-16T20:44:18.373+0800][1.467s][info][gc,start    ] GC(25) Pause Young (Normal) (G1 Evacuation Pause)
[2025-12-16T20:44:18.373+0800][1.467s][info][gc,task     ] GC(25) Using 6 workers of 9 for evacuation
[2025-12-16T20:44:18.373+0800][1.467s][info][gc,phases   ] GC(25)   Pre Evacuate Collection Set: 0.04ms
[2025-12-16T20:44:18.373+0800][1.467s][info][gc,phases   ] GC(25)   Merge Heap Roots: 0.01ms
[2025-12-16T20:44:18.373+0800][1.467s][info][gc,phases   ] GC(25)   Evacuate Collection Set: 0.03ms
[2025-12-16T20:44:18.373+0800][1.467s][info][gc,phases   ] GC(25)   Post Evacuate Collection Set: 0.05ms
[2025-12-16T20:44:18.373+0800][1.467s][info][gc,phases   ] GC(25)   Other: 0.01ms
[2025-12-16T20:44:18.373+0800][1.467s][info][gc,heap     ] GC(25) Eden regions: 75->0(75)
[2025-12-16T20:44:18.373+0800][1.467s][info][gc,heap     ] GC(25) Survivor regions: 1->1(10)
[2025-12-16T20:44:18.373+0800][1.467s][info][gc,heap     ] GC(25) Old regions: 2->2
[2025-12-16T20:44:18.373+0800][1.467s][info][gc,heap     ] GC(25) Humongous regions: 0->0
[2025-12-16T20:44:18.373+0800][1.467s][info][gc,metaspace] GC(25) Metaspace: 86K(320K)->86K(320K) NonClass: 76K(192K)->76K(192K) Class: 9K(128K)->9K(128K)
[2025-12-16T20:44:18.373+0800][1.467s][info][gc          ] GC(25) Pause Young (Normal) (G1 Evacuation Pause) 151M->1M(258M) 0.199ms
[2025-12-16T20:44:18.373+0800][1.467s][info][gc,cpu      ] GC(25) User=0.00s Sys=0.00s Real=0.00s
[2025-12-16T20:44:18.429+0800][1.523s][info][gc,start    ] GC(26) Pause Young (Normal) (G1 Evacuation Pause)
[2025-12-16T20:44:18.429+0800][1.523s][info][gc,task     ] GC(26) Using 6 workers of 9 for evacuation
[2025-12-16T20:44:18.429+0800][1.523s][info][gc,phases   ] GC(26)   Pre Evacuate Collection Set: 0.04ms
[2025-12-16T20:44:18.429+0800][1.523s][info][gc,phases   ] GC(26)   Merge Heap Roots: 0.01ms
[2025-12-16T20:44:18.429+0800][1.523s][info][gc,phases   ] GC(26)   Evacuate Collection Set: 0.04ms
[2025-12-16T20:44:18.429+0800][1.523s][info][gc,phases   ] GC(26)   Post Evacuate Collection Set: 0.06ms
[2025-12-16T20:44:18.429+0800][1.523s][info][gc,phases   ] GC(26)   Other: 0.01ms
[2025-12-16T20:44:18.429+0800][1.523s][info][gc,heap     ] GC(26) Eden regions: 75->0(75)
[2025-12-16T20:44:18.429+0800][1.523s][info][gc,heap     ] GC(26) Survivor regions: 1->1(10)
[2025-12-16T20:44:18.429+0800][1.523s][info][gc,heap     ] GC(26) Old regions: 2->2
[2025-12-16T20:44:18.429+0800][1.523s][info][gc,heap     ] GC(26) Humongous regions: 0->0
[2025-12-16T20:44:18.429+0800][1.523s][info][gc,metaspace] GC(26) Metaspace: 86K(320K)->86K(320K) NonClass: 76K(192K)->76K(192K) Class: 9K(128K)->9K(128K)
[2025-12-16T20:44:18.429+0800][1.523s][info][gc          ] GC(26) Pause Young (Normal) (G1 Evacuation Pause) 151M->1M(258M) 0.228ms
[2025-12-16T20:44:18.429+0800][1.523s][info][gc,cpu      ] GC(26) User=0.00s Sys=0.00s Real=0.00s
[2025-12-16T20:44:18.487+0800][1.581s][info][gc,start    ] GC(27) Pause Young (Normal) (G1 Evacuation Pause)
[2025-12-16T20:44:18.487+0800][1.581s][info][gc,task     ] GC(27) Using 6 workers of 9 for evacuation
[2025-12-16T20:44:18.488+0800][1.581s][info][gc,phases   ] GC(27)   Pre Evacuate Collection Set: 0.04ms
[2025-12-16T20:44:18.488+0800][1.581s][info][gc,phases   ] GC(27)   Merge Heap Roots: 0.04ms
[2025-12-16T20:44:18.488+0800][1.581s][info][gc,phases   ] GC(27)   Evacuate Collection Set: 0.04ms
[2025-12-16T20:44:18.488+0800][1.582s][info][gc,phases   ] GC(27)   Post Evacuate Collection Set: 0.05ms
[2025-12-16T20:44:18.488+0800][1.582s][info][gc,phases   ] GC(27)   Other: 0.01ms
[2025-12-16T20:44:18.488+0800][1.582s][info][gc,heap     ] GC(27) Eden regions: 75->0(75)
[2025-12-16T20:44:18.488+0800][1.582s][info][gc,heap     ] GC(27) Survivor regions: 1->1(10)
[2025-12-16T20:44:18.488+0800][1.582s][info][gc,heap     ] GC(27) Old regions: 2->2
[2025-12-16T20:44:18.488+0800][1.582s][info][gc,heap     ] GC(27) Humongous regions: 0->0
[2025-12-16T20:44:18.488+0800][1.582s][info][gc,metaspace] GC(27) Metaspace: 86K(320K)->86K(320K) NonClass: 76K(192K)->76K(192K) Class: 9K(128K)->9K(128K)
[2025-12-16T20:44:18.488+0800][1.582s][info][gc          ] GC(27) Pause Young (Normal) (G1 Evacuation Pause) 151M->1M(258M) 0.236ms
[2025-12-16T20:44:18.488+0800][1.582s][info][gc,cpu      ] GC(27) User=0.00s Sys=0.00s Real=0.00s
[2025-12-16T20:44:18.545+0800][1.639s][info][gc,start    ] GC(28) Pause Young (Normal) (G1 Evacuation Pause)
[2025-12-16T20:44:18.545+0800][1.639s][info][gc,task     ] GC(28) Using 6 workers of 9 for evacuation
[2025-12-16T20:44:18.545+0800][1.639s][info][gc,phases   ] GC(28)   Pre Evacuate Collection Set: 0.04ms
[2025-12-16T20:44:18.545+0800][1.639s][info][gc,phases   ] GC(28)   Merge Heap Roots: 0.01ms
[2025-12-16T20:44:18.545+0800][1.639s][info][gc,phases   ] GC(28)   Evacuate Collection Set: 0.03ms
[2025-12-16T20:44:18.545+0800][1.639s][info][gc,phases   ] GC(28)   Post Evacuate Collection Set: 0.06ms
[2025-12-16T20:44:18.545+0800][1.639s][info][gc,phases   ] GC(28)   Other: 0.01ms
[2025-12-16T20:44:18.545+0800][1.639s][info][gc,heap     ] GC(28) Eden regions: 75->0(75)
[2025-12-16T20:44:18.545+0800][1.639s][info][gc,heap     ] GC(28) Survivor regions: 1->1(10)
[2025-12-16T20:44:18.545+0800][1.639s][info][gc,heap     ] GC(28) Old regions: 2->2
[2025-12-16T20:44:18.545+0800][1.639s][info][gc,heap     ] GC(28) Humongous regions: 0->0
[2025-12-16T20:44:18.545+0800][1.639s][info][gc,metaspace] GC(28) Metaspace: 86K(320K)->86K(320K) NonClass: 76K(192K)->76K(192K) Class: 9K(128K)->9K(128K)
[2025-12-16T20:44:18.545+0800][1.639s][info][gc          ] GC(28) Pause Young (Normal) (G1 Evacuation Pause) 151M->1M(258M) 0.210ms
[2025-12-16T20:44:18.545+0800][1.639s][info][gc,cpu      ] GC(28) User=0.00s Sys=0.00s Real=0.00s
[2025-12-16T20:44:18.601+0800][1.695s][info][gc,start    ] GC(29) Pause Young (Normal) (G1 Evacuation Pause)
[2025-12-16T20:44:18.601+0800][1.695s][info][gc,task     ] GC(29) Using 6 workers of 9 for evacuation
[2025-12-16T20:44:18.602+0800][1.696s][info][gc,phases   ] GC(29)   Pre Evacuate Collection Set: 0.05ms
[2025-12-16T20:44:18.602+0800][1.696s][info][gc,phases   ] GC(29)   Merge Heap Roots: 0.04ms
[2025-12-16T20:44:18.602+0800][1.696s][info][gc,phases   ] GC(29)   Evacuate Collection Set: 0.04ms
[2025-12-16T20:44:18.602+0800][1.696s][info][gc,phases   ] GC(29)   Post Evacuate Collection Set: 0.06ms
[2025-12-16T20:44:18.602+0800][1.696s][info][gc,phases   ] GC(29)   Other: 0.01ms
[2025-12-16T20:44:18.602+0800][1.696s][info][gc,heap     ] GC(29) Eden regions: 75->0(75)
[2025-12-16T20:44:18.602+0800][1.696s][info][gc,heap     ] GC(29) Survivor regions: 1->1(10)
[2025-12-16T20:44:18.602+0800][1.696s][info][gc,heap     ] GC(29) Old regions: 2->2
[2025-12-16T20:44:18.602+0800][1.696s][info][gc,heap     ] GC(29) Humongous regions: 0->0
[2025-12-16T20:44:18.602+0800][1.696s][info][gc,metaspace] GC(29) Metaspace: 86K(320K)->86K(320K) NonClass: 76K(192K)->76K(192K) Class: 9K(128K)->9K(128K)
[2025-12-16T20:44:18.602+0800][1.696s][info][gc          ] GC(29) Pause Young (Normal) (G1 Evacuation Pause) 151M->1M(258M) 0.249ms
[2025-12-16T20:44:18.602+0800][1.696s][info][gc,cpu      ] GC(29) User=0.00s Sys=0.00s Real=0.00s
[2025-12-16T20:44:18.660+0800][1.754s][info][gc,start    ] GC(30) Pause Young (Normal) (G1 Evacuation Pause)
[2025-12-16T20:44:18.660+0800][1.754s][info][gc,task     ] GC(30) Using 6 workers of 9 for evacuation
[2025-12-16T20:44:18.660+0800][1.754s][info][gc,phases   ] GC(30)   Pre Evacuate Collection Set: 0.05ms
[2025-12-16T20:44:18.660+0800][1.754s][info][gc,phases   ] GC(30)   Merge Heap Roots: 0.01ms
[2025-12-16T20:44:18.660+0800][1.754s][info][gc,phases   ] GC(30)   Evacuate Collection Set: 0.04ms
[2025-12-16T20:44:18.660+0800][1.754s][info][gc,phases   ] GC(30)   Post Evacuate Collection Set: 0.05ms
[2025-12-16T20:44:18.660+0800][1.754s][info][gc,phases   ] GC(30)   Other: 0.01ms
[2025-12-16T20:44:18.660+0800][1.754s][info][gc,heap     ] GC(30) Eden regions: 75->0(75)
[2025-12-16T20:44:18.660+0800][1.754s][info][gc,heap     ] GC(30) Survivor regions: 1->1(10)
[2025-12-16T20:44:18.660+0800][1.754s][info][gc,heap     ] GC(30) Old regions: 2->2
[2025-12-16T20:44:18.660+0800][1.754s][info][gc,heap     ] GC(30) Humongous regions: 0->0
[2025-12-16T20:44:18.660+0800][1.754s][info][gc,metaspace] GC(30) Metaspace: 86K(320K)->86K(320K) NonClass: 76K(192K)->76K(192K) Class: 9K(128K)->9K(128K)
[2025-12-16T20:44:18.660+0800][1.754s][info][gc          ] GC(30) Pause Young (Normal) (G1 Evacuation Pause) 151M->1M(258M) 0.214ms
[2025-12-16T20:44:18.660+0800][1.754s][info][gc,cpu      ] GC(30) User=0.00s Sys=0.00s Real=0.00s
[2025-12-16T20:44:18.719+0800][1.813s][info][gc,start    ] GC(31) Pause Young (Normal) (G1 Evacuation Pause)
[2025-12-16T20:44:18.719+0800][1.813s][info][gc,task     ] GC(31) Using 6 workers of 9 for evacuation
[2025-12-16T20:44:18.719+0800][1.813s][info][gc,phases   ] GC(31)   Pre Evacuate Collection Set: 0.04ms
[2025-12-16T20:44:18.719+0800][1.813s][info][gc,phases   ] GC(31)   Merge Heap Roots: 0.01ms
[2025-12-16T20:44:18.719+0800][1.813s][info][gc,phases   ] GC(31)   Evacuate Collection Set: 0.05ms
[2025-12-16T20:44:18.719+0800][1.813s][info][gc,phases   ] GC(31)   Post Evacuate Collection Set: 0.07ms
[2025-12-16T20:44:18.719+0800][1.813s][info][gc,phases   ] GC(31)   Other: 0.01ms
[2025-12-16T20:44:18.719+0800][1.813s][info][gc,heap     ] GC(31) Eden regions: 75->0(75)
[2025-12-16T20:44:18.719+0800][1.813s][info][gc,heap     ] GC(31) Survivor regions: 1->1(10)
[2025-12-16T20:44:18.719+0800][1.813s][info][gc,heap     ] GC(31) Old regions: 2->2
[2025-12-16T20:44:18.719+0800][1.813s][info][gc,heap     ] GC(31) Humongous regions: 0->0
[2025-12-16T20:44:18.719+0800][1.813s][info][gc,metaspace] GC(31) Metaspace: 86K(320K)->86K(320K) NonClass: 76K(192K)->76K(192K) Class: 9K(128K)->9K(128K)
[2025-12-16T20:44:18.719+0800][1.813s][info][gc          ] GC(31) Pause Young (Normal) (G1 Evacuation Pause) 151M->1M(258M) 0.227ms
[2025-12-16T20:44:18.719+0800][1.813s][info][gc,cpu      ] GC(31) User=0.00s Sys=0.00s Real=0.00s
[2025-12-16T20:44:18.777+0800][1.871s][info][gc,start    ] GC(32) Pause Young (Normal) (G1 Evacuation Pause)
[2025-12-16T20:44:18.777+0800][1.871s][info][gc,task     ] GC(32) Using 6 workers of 9 for evacuation
[2025-12-16T20:44:18.777+0800][1.871s][info][gc,phases   ] GC(32)   Pre Evacuate Collection Set: 0.05ms
[2025-12-16T20:44:18.777+0800][1.871s][info][gc,phases   ] GC(32)   Merge Heap Roots: 0.01ms
[2025-12-16T20:44:18.777+0800][1.871s][info][gc,phases   ] GC(32)   Evacuate Collection Set: 0.04ms
[2025-12-16T20:44:18.777+0800][1.871s][info][gc,phases   ] GC(32)   Post Evacuate Collection Set: 0.05ms
[2025-12-16T20:44:18.777+0800][1.871s][info][gc,phases   ] GC(32)   Other: 0.01ms
[2025-12-16T20:44:18.777+0800][1.871s][info][gc,heap     ] GC(32) Eden regions: 75->0(75)
[2025-12-16T20:44:18.777+0800][1.871s][info][gc,heap     ] GC(32) Survivor regions: 1->1(10)
[2025-12-16T20:44:18.777+0800][1.871s][info][gc,heap     ] GC(32) Old regions: 2->2
[2025-12-16T20:44:18.777+0800][1.871s][info][gc,heap     ] GC(32) Humongous regions: 0->0
[2025-12-16T20:44:18.777+0800][1.871s][info][gc,metaspace] GC(32) Metaspace: 86K(320K)->86K(320K) NonClass: 76K(192K)->76K(192K) Class: 9K(128K)->9K(128K)
[2025-12-16T20:44:18.777+0800][1.871s][info][gc          ] GC(32) Pause Young (Normal) (G1 Evacuation Pause) 151M->1M(258M) 0.212ms
[2025-12-16T20:44:18.777+0800][1.871s][info][gc,cpu      ] GC(32) User=0.00s Sys=0.00s Real=0.00s
[2025-12-16T20:44:18.834+0800][1.928s][info][gc,start    ] GC(33) Pause Young (Normal) (G1 Evacuation Pause)
[2025-12-16T20:44:18.834+0800][1.928s][info][gc,task     ] GC(33) Using 6 workers of 9 for evacuation
[2025-12-16T20:44:18.834+0800][1.928s][info][gc,phases   ] GC(33)   Pre Evacuate Collection Set: 0.05ms
[2025-12-16T20:44:18.834+0800][1.928s][info][gc,phases   ] GC(33)   Merge Heap Roots: 0.01ms
[2025-12-16T20:44:18.834+0800][1.928s][info][gc,phases   ] GC(33)   Evacuate Collection Set: 0.05ms
[2025-12-16T20:44:18.834+0800][1.928s][info][gc,phases   ] GC(33)   Post Evacuate Collection Set: 0.07ms
[2025-12-16T20:44:18.834+0800][1.928s][info][gc,phases   ] GC(33)   Other: 0.01ms
[2025-12-16T20:44:18.834+0800][1.928s][info][gc,heap     ] GC(33) Eden regions: 75->0(75)
[2025-12-16T20:44:18.834+0800][1.928s][info][gc,heap     ] GC(33) Survivor regions: 1->1(10)
[2025-12-16T20:44:18.834+0800][1.928s][info][gc,heap     ] GC(33) Old regions: 2->2
[2025-12-16T20:44:18.834+0800][1.928s][info][gc,heap     ] GC(33) Humongous regions: 0->0
[2025-12-16T20:44:18.834+0800][1.928s][info][gc,metaspace] GC(33) Metaspace: 86K(320K)->86K(320K) NonClass: 76K(192K)->76K(192K) Class: 9K(128K)->9K(128K)
[2025-12-16T20:44:18.834+0800][1.928s][info][gc          ] GC(33) Pause Young (Normal) (G1 Evacuation Pause) 151M->1M(258M) 0.239ms
[2025-12-16T20:44:18.834+0800][1.928s][info][gc,cpu      ] GC(33) User=0.00s Sys=0.00s Real=0.00s
[2025-12-16T20:44:18.891+0800][1.985s][info][gc,start    ] GC(34) Pause Young (Normal) (G1 Evacuation Pause)
[2025-12-16T20:44:18.891+0800][1.985s][info][gc,task     ] GC(34) Using 6 workers of 9 for evacuation
[2025-12-16T20:44:18.891+0800][1.985s][info][gc,phases   ] GC(34)   Pre Evacuate Collection Set: 0.05ms
[2025-12-16T20:44:18.891+0800][1.985s][info][gc,phases   ] GC(34)   Merge Heap Roots: 0.01ms
[2025-12-16T20:44:18.892+0800][1.985s][info][gc,phases   ] GC(34)   Evacuate Collection Set: 0.04ms
[2025-12-16T20:44:18.892+0800][1.985s][info][gc,phases   ] GC(34)   Post Evacuate Collection Set: 0.05ms
[2025-12-16T20:44:18.892+0800][1.985s][info][gc,phases   ] GC(34)   Other: 0.01ms
[2025-12-16T20:44:18.892+0800][1.985s][info][gc,heap     ] GC(34) Eden regions: 75->0(75)
[2025-12-16T20:44:18.892+0800][1.985s][info][gc,heap     ] GC(34) Survivor regions: 1->1(10)
[2025-12-16T20:44:18.892+0800][1.985s][info][gc,heap     ] GC(34) Old regions: 2->2
[2025-12-16T20:44:18.892+0800][1.985s][info][gc,heap     ] GC(34) Humongous regions: 0->0
[2025-12-16T20:44:18.892+0800][1.985s][info][gc,metaspace] GC(34) Metaspace: 86K(320K)->86K(320K) NonClass: 76K(192K)->76K(192K) Class: 9K(128K)->9K(128K)
[2025-12-16T20:44:18.892+0800][1.986s][info][gc          ] GC(34) Pause Young (Normal) (G1 Evacuation Pause) 151M->1M(258M) 0.220ms
[2025-12-16T20:44:18.892+0800][1.986s][info][gc,cpu      ] GC(34) User=0.00s Sys=0.00s Real=0.00s
[2025-12-16T20:44:18.949+0800][2.043s][info][gc,start    ] GC(35) Pause Young (Normal) (G1 Evacuation Pause)
[2025-12-16T20:44:18.949+0800][2.043s][info][gc,task     ] GC(35) Using 6 workers of 9 for evacuation
[2025-12-16T20:44:18.949+0800][2.043s][info][gc,phases   ] GC(35)   Pre Evacuate Collection Set: 0.05ms
[2025-12-16T20:44:18.949+0800][2.043s][info][gc,phases   ] GC(35)   Merge Heap Roots: 0.02ms
[2025-12-16T20:44:18.949+0800][2.043s][info][gc,phases   ] GC(35)   Evacuate Collection Set: 0.05ms
[2025-12-16T20:44:18.949+0800][2.043s][info][gc,phases   ] GC(35)   Post Evacuate Collection Set: 0.06ms
[2025-12-16T20:44:18.949+0800][2.043s][info][gc,phases   ] GC(35)   Other: 0.01ms
[2025-12-16T20:44:18.949+0800][2.043s][info][gc,heap     ] GC(35) Eden regions: 75->0(75)
[2025-12-16T20:44:18.949+0800][2.043s][info][gc,heap     ] GC(35) Survivor regions: 1->1(10)
[2025-12-16T20:44:18.949+0800][2.043s][info][gc,heap     ] GC(35) Old regions: 2->2
[2025-12-16T20:44:18.949+0800][2.043s][info][gc,heap     ] GC(35) Humongous regions: 0->0
[2025-12-16T20:44:18.949+0800][2.043s][info][gc,metaspace] GC(35) Metaspace: 86K(320K)->86K(320K) NonClass: 76K(192K)->76K(192K) Class: 9K(128K)->9K(128K)
[2025-12-16T20:44:18.949+0800][2.043s][info][gc          ] GC(35) Pause Young (Normal) (G1 Evacuation Pause) 151M->1M(258M) 0.219ms
[2025-12-16T20:44:18.949+0800][2.043s][info][gc,cpu      ] GC(35) User=0.00s Sys=0.00s Real=0.00s
[2025-12-16T20:44:19.006+0800][2.100s][info][gc,start    ] GC(36) Pause Young (Normal) (G1 Evacuation Pause)
[2025-12-16T20:44:19.006+0800][2.100s][info][gc,task     ] GC(36) Using 6 workers of 9 for evacuation
[2025-12-16T20:44:19.007+0800][2.101s][info][gc,phases   ] GC(36)   Pre Evacuate Collection Set: 0.04ms
[2025-12-16T20:44:19.007+0800][2.101s][info][gc,phases   ] GC(36)   Merge Heap Roots: 0.03ms
[2025-12-16T20:44:19.007+0800][2.101s][info][gc,phases   ] GC(36)   Evacuate Collection Set: 0.03ms
[2025-12-16T20:44:19.007+0800][2.101s][info][gc,phases   ] GC(36)   Post Evacuate Collection Set: 0.06ms
[2025-12-16T20:44:19.007+0800][2.101s][info][gc,phases   ] GC(36)   Other: 0.01ms
[2025-12-16T20:44:19.007+0800][2.101s][info][gc,heap     ] GC(36) Eden regions: 75->0(75)
[2025-12-16T20:44:19.007+0800][2.101s][info][gc,heap     ] GC(36) Survivor regions: 1->1(10)
[2025-12-16T20:44:19.007+0800][2.101s][info][gc,heap     ] GC(36) Old regions: 2->2
[2025-12-16T20:44:19.007+0800][2.101s][info][gc,heap     ] GC(36) Humongous regions: 0->0
[2025-12-16T20:44:19.007+0800][2.101s][info][gc,metaspace] GC(36) Metaspace: 86K(320K)->86K(320K) NonClass: 76K(192K)->76K(192K) Class: 9K(128K)->9K(128K)
[2025-12-16T20:44:19.007+0800][2.101s][info][gc          ] GC(36) Pause Young (Normal) (G1 Evacuation Pause) 151M->1M(258M) 0.232ms
[2025-12-16T20:44:19.007+0800][2.101s][info][gc,cpu      ] GC(36) User=0.00s Sys=0.00s Real=0.00s
[2025-12-16T20:44:19.064+0800][2.158s][info][gc,start    ] GC(37) Pause Young (Normal) (G1 Evacuation Pause)
[2025-12-16T20:44:19.064+0800][2.158s][info][gc,task     ] GC(37) Using 6 workers of 9 for evacuation
[2025-12-16T20:44:19.065+0800][2.158s][info][gc,phases   ] GC(37)   Pre Evacuate Collection Set: 0.04ms
[2025-12-16T20:44:19.065+0800][2.158s][info][gc,phases   ] GC(37)   Merge Heap Roots: 0.01ms
[2025-12-16T20:44:19.065+0800][2.158s][info][gc,phases   ] GC(37)   Evacuate Collection Set: 0.04ms
[2025-12-16T20:44:19.065+0800][2.158s][info][gc,phases   ] GC(37)   Post Evacuate Collection Set: 0.05ms
[2025-12-16T20:44:19.065+0800][2.158s][info][gc,phases   ] GC(37)   Other: 0.01ms
[2025-12-16T20:44:19.065+0800][2.158s][info][gc,heap     ] GC(37) Eden regions: 75->0(75)
[2025-12-16T20:44:19.065+0800][2.158s][info][gc,heap     ] GC(37) Survivor regions: 1->1(10)
[2025-12-16T20:44:19.065+0800][2.158s][info][gc,heap     ] GC(37) Old regions: 2->2
[2025-12-16T20:44:19.065+0800][2.158s][info][gc,heap     ] GC(37) Humongous regions: 0->0
[2025-12-16T20:44:19.065+0800][2.159s][info][gc,metaspace] GC(37) Metaspace: 86K(320K)->86K(320K) NonClass: 76K(192K)->76K(192K) Class: 9K(128K)->9K(128K)
[2025-12-16T20:44:19.065+0800][2.159s][info][gc          ] GC(37) Pause Young (Normal) (G1 Evacuation Pause) 151M->1M(258M) 0.198ms
[2025-12-16T20:44:19.065+0800][2.159s][info][gc,cpu      ] GC(37) User=0.00s Sys=0.00s Real=0.00s
[2025-12-16T20:44:19.122+0800][2.216s][info][gc,start    ] GC(38) Pause Young (Normal) (G1 Evacuation Pause)
[2025-12-16T20:44:19.122+0800][2.216s][info][gc,task     ] GC(38) Using 6 workers of 9 for evacuation
[2025-12-16T20:44:19.123+0800][2.216s][info][gc,phases   ] GC(38)   Pre Evacuate Collection Set: 0.05ms
[2025-12-16T20:44:19.123+0800][2.216s][info][gc,phases   ] GC(38)   Merge Heap Roots: 0.01ms
[2025-12-16T20:44:19.123+0800][2.216s][info][gc,phases   ] GC(38)   Evacuate Collection Set: 0.06ms
[2025-12-16T20:44:19.123+0800][2.217s][info][gc,phases   ] GC(38)   Post Evacuate Collection Set: 0.06ms
[2025-12-16T20:44:19.123+0800][2.217s][info][gc,phases   ] GC(38)   Other: 0.01ms
[2025-12-16T20:44:19.123+0800][2.217s][info][gc,heap     ] GC(38) Eden regions: 75->0(75)
[2025-12-16T20:44:19.123+0800][2.217s][info][gc,heap     ] GC(38) Survivor regions: 1->1(10)
[2025-12-16T20:44:19.123+0800][2.217s][info][gc,heap     ] GC(38) Old regions: 2->2
[2025-12-16T20:44:19.123+0800][2.217s][info][gc,heap     ] GC(38) Humongous regions: 0->0
[2025-12-16T20:44:19.123+0800][2.217s][info][gc,metaspace] GC(38) Metaspace: 86K(320K)->86K(320K) NonClass: 76K(192K)->76K(192K) Class: 9K(128K)->9K(128K)
[2025-12-16T20:44:19.123+0800][2.217s][info][gc          ] GC(38) Pause Young (Normal) (G1 Evacuation Pause) 151M->1M(258M) 0.240ms
[2025-12-16T20:44:19.123+0800][2.217s][info][gc,cpu      ] GC(38) User=0.00s Sys=0.00s Real=0.00s
[2025-12-16T20:44:19.181+0800][2.275s][info][gc,start    ] GC(39) Pause Young (Normal) (G1 Evacuation Pause)
[2025-12-16T20:44:19.181+0800][2.275s][info][gc,task     ] GC(39) Using 6 workers of 9 for evacuation
[2025-12-16T20:44:19.181+0800][2.275s][info][gc,phases   ] GC(39)   Pre Evacuate Collection Set: 0.05ms
[2025-12-16T20:44:19.181+0800][2.275s][info][gc,phases   ] GC(39)   Merge Heap Roots: 0.01ms
[2025-12-16T20:44:19.181+0800][2.275s][info][gc,phases   ] GC(39)   Evacuate Collection Set: 0.03ms
[2025-12-16T20:44:19.181+0800][2.275s][info][gc,phases   ] GC(39)   Post Evacuate Collection Set: 0.05ms
[2025-12-16T20:44:19.181+0800][2.275s][info][gc,phases   ] GC(39)   Other: 0.01ms
[2025-12-16T20:44:19.181+0800][2.275s][info][gc,heap     ] GC(39) Eden regions: 75->0(75)
[2025-12-16T20:44:19.181+0800][2.275s][info][gc,heap     ] GC(39) Survivor regions: 1->1(10)
[2025-12-16T20:44:19.181+0800][2.275s][info][gc,heap     ] GC(39) Old regions: 2->2
[2025-12-16T20:44:19.181+0800][2.275s][info][gc,heap     ] GC(39) Humongous regions: 0->0
[2025-12-16T20:44:19.181+0800][2.275s][info][gc,metaspace] GC(39) Metaspace: 86K(320K)->86K(320K) NonClass: 76K(192K)->76K(192K) Class: 9K(128K)->9K(128K)
[2025-12-16T20:44:19.181+0800][2.275s][info][gc          ] GC(39) Pause Young (Normal) (G1 Evacuation Pause) 151M->1M(258M) 0.207ms
[2025-12-16T20:44:19.181+0800][2.275s][info][gc,cpu      ] GC(39) User=0.00s Sys=0.00s Real=0.00s
[2025-12-16T20:44:19.238+0800][2.332s][info][gc,start    ] GC(40) Pause Young (Normal) (G1 Evacuation Pause)
[2025-12-16T20:44:19.238+0800][2.332s][info][gc,task     ] GC(40) Using 6 workers of 9 for evacuation
[2025-12-16T20:44:19.239+0800][2.333s][info][gc,phases   ] GC(40)   Pre Evacuate Collection Set: 0.05ms
[2025-12-16T20:44:19.239+0800][2.333s][info][gc,phases   ] GC(40)   Merge Heap Roots: 0.01ms
[2025-12-16T20:44:19.239+0800][2.333s][info][gc,phases   ] GC(40)   Evacuate Collection Set: 0.04ms
[2025-12-16T20:44:19.239+0800][2.333s][info][gc,phases   ] GC(40)   Post Evacuate Collection Set: 0.06ms
[2025-12-16T20:44:19.239+0800][2.333s][info][gc,phases   ] GC(40)   Other: 0.02ms
[2025-12-16T20:44:19.239+0800][2.333s][info][gc,heap     ] GC(40) Eden regions: 75->0(75)
[2025-12-16T20:44:19.239+0800][2.333s][info][gc,heap     ] GC(40) Survivor regions: 1->1(10)
[2025-12-16T20:44:19.239+0800][2.333s][info][gc,heap     ] GC(40) Old regions: 2->2
[2025-12-16T20:44:19.239+0800][2.333s][info][gc,heap     ] GC(40) Humongous regions: 0->0
[2025-12-16T20:44:19.239+0800][2.333s][info][gc,metaspace] GC(40) Metaspace: 86K(320K)->86K(320K) NonClass: 76K(192K)->76K(192K) Class: 9K(128K)->9K(128K)
[2025-12-16T20:44:19.239+0800][2.333s][info][gc          ] GC(40) Pause Young (Normal) (G1 Evacuation Pause) 151M->1M(258M) 0.243ms
[2025-12-16T20:44:19.239+0800][2.333s][info][gc,cpu      ] GC(40) User=0.00s Sys=0.00s Real=0.00s
[2025-12-16T20:44:19.298+0800][2.392s][info][gc,start    ] GC(41) Pause Young (Normal) (G1 Evacuation Pause)
[2025-12-16T20:44:19.298+0800][2.392s][info][gc,task     ] GC(41) Using 6 workers of 9 for evacuation
[2025-12-16T20:44:19.298+0800][2.392s][info][gc,phases   ] GC(41)   Pre Evacuate Collection Set: 0.09ms
[2025-12-16T20:44:19.298+0800][2.392s][info][gc,phases   ] GC(41)   Merge Heap Roots: 0.03ms
[2025-12-16T20:44:19.298+0800][2.392s][info][gc,phases   ] GC(41)   Evacuate Collection Set: 0.05ms
[2025-12-16T20:44:19.298+0800][2.392s][info][gc,phases   ] GC(41)   Post Evacuate Collection Set: 0.09ms
[2025-12-16T20:44:19.298+0800][2.392s][info][gc,phases   ] GC(41)   Other: 0.03ms
[2025-12-16T20:44:19.298+0800][2.392s][info][gc,heap     ] GC(41) Eden regions: 75->0(75)
[2025-12-16T20:44:19.298+0800][2.392s][info][gc,heap     ] GC(41) Survivor regions: 1->1(10)
[2025-12-16T20:44:19.298+0800][2.392s][info][gc,heap     ] GC(41) Old regions: 2->2
[2025-12-16T20:44:19.298+0800][2.392s][info][gc,heap     ] GC(41) Humongous regions: 0->0
[2025-12-16T20:44:19.298+0800][2.392s][info][gc,metaspace] GC(41) Metaspace: 86K(320K)->86K(320K) NonClass: 76K(192K)->76K(192K) Class: 9K(128K)->9K(128K)
[2025-12-16T20:44:19.298+0800][2.392s][info][gc          ] GC(41) Pause Young (Normal) (G1 Evacuation Pause) 151M->1M(258M) 0.427ms
[2025-12-16T20:44:19.298+0800][2.392s][info][gc,cpu      ] GC(41) User=0.00s Sys=0.00s Real=0.00s
[2025-12-16T20:44:19.357+0800][2.451s][info][gc,start    ] GC(42) Pause Young (Normal) (G1 Evacuation Pause)
[2025-12-16T20:44:19.357+0800][2.451s][info][gc,task     ] GC(42) Using 6 workers of 9 for evacuation
[2025-12-16T20:44:19.357+0800][2.451s][info][gc,phases   ] GC(42)   Pre Evacuate Collection Set: 0.05ms
[2025-12-16T20:44:19.357+0800][2.451s][info][gc,phases   ] GC(42)   Merge Heap Roots: 0.02ms
[2025-12-16T20:44:19.357+0800][2.451s][info][gc,phases   ] GC(42)   Evacuate Collection Set: 0.05ms
[2025-12-16T20:44:19.357+0800][2.451s][info][gc,phases   ] GC(42)   Post Evacuate Collection Set: 0.06ms
[2025-12-16T20:44:19.357+0800][2.451s][info][gc,phases   ] GC(42)   Other: 0.02ms
[2025-12-16T20:44:19.357+0800][2.451s][info][gc,heap     ] GC(42) Eden regions: 75->0(75)
[2025-12-16T20:44:19.357+0800][2.451s][info][gc,heap     ] GC(42) Survivor regions: 1->1(10)
[2025-12-16T20:44:19.357+0800][2.451s][info][gc,heap     ] GC(42) Old regions: 2->2
[2025-12-16T20:44:19.357+0800][2.451s][info][gc,heap     ] GC(42) Humongous regions: 0->0
[2025-12-16T20:44:19.357+0800][2.451s][info][gc,metaspace] GC(42) Metaspace: 86K(320K)->86K(320K) NonClass: 76K(192K)->76K(192K) Class: 9K(128K)->9K(128K)
[2025-12-16T20:44:19.357+0800][2.451s][info][gc          ] GC(42) Pause Young (Normal) (G1 Evacuation Pause) 151M->1M(258M) 0.270ms
[2025-12-16T20:44:19.357+0800][2.451s][info][gc,cpu      ] GC(42) User=0.00s Sys=0.00s Real=0.00s
[2025-12-16T20:44:19.416+0800][2.510s][info][gc,start    ] GC(43) Pause Young (Normal) (G1 Evacuation Pause)
[2025-12-16T20:44:19.416+0800][2.510s][info][gc,task     ] GC(43) Using 6 workers of 9 for evacuation
[2025-12-16T20:44:19.416+0800][2.510s][info][gc,phases   ] GC(43)   Pre Evacuate Collection Set: 0.05ms
[2025-12-16T20:44:19.416+0800][2.510s][info][gc,phases   ] GC(43)   Merge Heap Roots: 0.01ms
[2025-12-16T20:44:19.416+0800][2.510s][info][gc,phases   ] GC(43)   Evacuate Collection Set: 0.05ms
[2025-12-16T20:44:19.416+0800][2.510s][info][gc,phases   ] GC(43)   Post Evacuate Collection Set: 0.05ms
[2025-12-16T20:44:19.416+0800][2.510s][info][gc,phases   ] GC(43)   Other: 0.01ms
[2025-12-16T20:44:19.416+0800][2.510s][info][gc,heap     ] GC(43) Eden regions: 75->0(75)
[2025-12-16T20:44:19.416+0800][2.510s][info][gc,heap     ] GC(43) Survivor regions: 1->1(10)
[2025-12-16T20:44:19.416+0800][2.510s][info][gc,heap     ] GC(43) Old regions: 2->2
[2025-12-16T20:44:19.416+0800][2.510s][info][gc,heap     ] GC(43) Humongous regions: 0->0
[2025-12-16T20:44:19.416+0800][2.510s][info][gc,metaspace] GC(43) Metaspace: 86K(320K)->86K(320K) NonClass: 76K(192K)->76K(192K) Class: 9K(128K)->9K(128K)
[2025-12-16T20:44:19.416+0800][2.510s][info][gc          ] GC(43) Pause Young (Normal) (G1 Evacuation Pause) 151M->1M(258M) 0.234ms
[2025-12-16T20:44:19.416+0800][2.510s][info][gc,cpu      ] GC(43) User=0.00s Sys=0.00s Real=0.00s
[2025-12-16T20:44:19.474+0800][2.568s][info][gc,start    ] GC(44) Pause Young (Normal) (G1 Evacuation Pause)
[2025-12-16T20:44:19.474+0800][2.568s][info][gc,task     ] GC(44) Using 6 workers of 9 for evacuation
[2025-12-16T20:44:19.474+0800][2.568s][info][gc,phases   ] GC(44)   Pre Evacuate Collection Set: 0.05ms
[2025-12-16T20:44:19.474+0800][2.568s][info][gc,phases   ] GC(44)   Merge Heap Roots: 0.01ms
[2025-12-16T20:44:19.474+0800][2.568s][info][gc,phases   ] GC(44)   Evacuate Collection Set: 0.03ms
[2025-12-16T20:44:19.474+0800][2.568s][info][gc,phases   ] GC(44)   Post Evacuate Collection Set: 0.05ms
[2025-12-16T20:44:19.474+0800][2.568s][info][gc,phases   ] GC(44)   Other: 0.01ms
[2025-12-16T20:44:19.474+0800][2.568s][info][gc,heap     ] GC(44) Eden regions: 75->0(75)
[2025-12-16T20:44:19.474+0800][2.568s][info][gc,heap     ] GC(44) Survivor regions: 1->1(10)
[2025-12-16T20:44:19.474+0800][2.568s][info][gc,heap     ] GC(44) Old regions: 2->2
[2025-12-16T20:44:19.474+0800][2.568s][info][gc,heap     ] GC(44) Humongous regions: 0->0
[2025-12-16T20:44:19.474+0800][2.568s][info][gc,metaspace] GC(44) Metaspace: 86K(320K)->86K(320K) NonClass: 76K(192K)->76K(192K) Class: 9K(128K)->9K(128K)
[2025-12-16T20:44:19.474+0800][2.568s][info][gc          ] GC(44) Pause Young (Normal) (G1 Evacuation Pause) 151M->1M(258M) 0.215ms
[2025-12-16T20:44:19.474+0800][2.568s][info][gc,cpu      ] GC(44) User=0.00s Sys=0.00s Real=0.00s
[2025-12-16T20:44:19.532+0800][2.626s][info][gc,start    ] GC(45) Pause Young (Normal) (G1 Evacuation Pause)
[2025-12-16T20:44:19.533+0800][2.626s][info][gc,task     ] GC(45) Using 6 workers of 9 for evacuation
[2025-12-16T20:44:19.533+0800][2.627s][info][gc,phases   ] GC(45)   Pre Evacuate Collection Set: 0.05ms
[2025-12-16T20:44:19.533+0800][2.627s][info][gc,phases   ] GC(45)   Merge Heap Roots: 0.01ms
[2025-12-16T20:44:19.533+0800][2.627s][info][gc,phases   ] GC(45)   Evacuate Collection Set: 0.04ms
[2025-12-16T20:44:19.533+0800][2.627s][info][gc,phases   ] GC(45)   Post Evacuate Collection Set: 0.06ms
[2025-12-16T20:44:19.533+0800][2.627s][info][gc,phases   ] GC(45)   Other: 0.01ms
[2025-12-16T20:44:19.533+0800][2.627s][info][gc,heap     ] GC(45) Eden regions: 75->0(75)
[2025-12-16T20:44:19.533+0800][2.627s][info][gc,heap     ] GC(45) Survivor regions: 1->1(10)
[2025-12-16T20:44:19.533+0800][2.627s][info][gc,heap     ] GC(45) Old regions: 2->2
[2025-12-16T20:44:19.533+0800][2.627s][info][gc,heap     ] GC(45) Humongous regions: 0->0
[2025-12-16T20:44:19.533+0800][2.627s][info][gc,metaspace] GC(45) Metaspace: 86K(320K)->86K(320K) NonClass: 76K(192K)->76K(192K) Class: 9K(128K)->9K(128K)
[2025-12-16T20:44:19.533+0800][2.627s][info][gc          ] GC(45) Pause Young (Normal) (G1 Evacuation Pause) 151M->1M(258M) 0.220ms
[2025-12-16T20:44:19.533+0800][2.627s][info][gc,cpu      ] GC(45) User=0.00s Sys=0.00s Real=0.00s
[2025-12-16T20:44:19.547+0800][2.641s][info][gc,heap,exit] Heap
[2025-12-16T20:44:19.547+0800][2.641s][info][gc,heap,exit]  garbage-first heap   total 264192K, used 39030K [0x0000000300800000, 0x0000000400800000)
[2025-12-16T20:44:19.547+0800][2.641s][info][gc,heap,exit]   region size 2048K, 20 young (40960K), 1 survivors (2048K)
[2025-12-16T20:44:19.547+0800][2.641s][info][gc,heap,exit]  Metaspace       used 87K, committed 320K, reserved 1114112K
[2025-12-16T20:44:19.547+0800][2.641s][info][gc,heap,exit]   class space    used 10K, committed 128K, reserved 1048576K
