[2025-12-16T20:44:11.669+0800][0.009s][info][gc,init] CardTable entry size: 512
[2025-12-16T20:44:11.669+0800][0.009s][info][gc     ] Using Serial
[2025-12-16T20:44:11.669+0800][0.010s][info][gc,init] Version: 21.0.9 (release)
[2025-12-16T20:44:11.669+0800][0.010s][info][gc,init] CPUs: 10 total, 10 available
[2025-12-16T20:44:11.669+0800][0.010s][info][gc,init] Memory: 16384M
[2025-12-16T20:44:11.669+0800][0.010s][info][gc,init] Large Page Support: Disabled
[2025-12-16T20:44:11.669+0800][0.010s][info][gc,init] NUMA Support: Disabled
[2025-12-16T20:44:11.669+0800][0.010s][info][gc,init] Compressed Oops: Enabled (Zero based)
[2025-12-16T20:44:11.669+0800][0.010s][info][gc,init] Heap Min Capacity: 8M
[2025-12-16T20:44:11.669+0800][0.010s][info][gc,init] Heap Initial Capacity: 256M
[2025-12-16T20:44:11.669+0800][0.010s][info][gc,init] Heap Max Capacity: 4G
[2025-12-16T20:44:11.669+0800][0.010s][info][gc,init] Pre-touch: Disabled
[2025-12-16T20:44:11.687+0800][0.027s][info][gc,metaspace] CDS archive(s) mapped at: [0x000000a000000000-0x000000a000c9c000-0x000000a000c9c000), size 13221888, SharedBaseAddress: 0x000000a000000000, ArchiveRelocationMode: 1.
[2025-12-16T20:44:11.687+0800][0.027s][info][gc,metaspace] Compressed class space mapped at: 0x000000a001000000-0x000000a041000000, reserved size: 1073741824
[2025-12-16T20:44:11.687+0800][0.027s][info][gc,metaspace] Narrow klass base: 0x000000a000000000, Narrow klass shift: 0, Narrow klass range: 0x100000000
[2025-12-16T20:44:11.725+0800][0.066s][info][gc,start    ] GC(0) Pause Young (Allocation Failure)
[2025-12-16T20:44:11.726+0800][0.067s][info][gc,heap     ] GC(0) DefNew: 69952K(78656K)->74K(78656K) Eden: 69952K(69952K)->0K(69952K) From: 0K(8704K)->74K(8704K)
[2025-12-16T20:44:11.726+0800][0.067s][info][gc,heap     ] GC(0) Tenured: 1056K(174784K)->1056K(174784K)
[2025-12-16T20:44:11.726+0800][0.067s][info][gc,metaspace] GC(0) Metaspace: 85K(320K)->85K(320K) NonClass: 76K(192K)->76K(192K) Class: 9K(128K)->9K(128K)
[2025-12-16T20:44:11.726+0800][0.067s][info][gc          ] GC(0) Pause Young (Allocation Failure) 69M->1M(247M) 0.582ms
[2025-12-16T20:44:11.726+0800][0.067s][info][gc,cpu      ] GC(0) User=0.00s Sys=0.00s Real=0.00s
[2025-12-16T20:44:11.752+0800][0.093s][info][gc,start    ] GC(1) Pause Young (Allocation Failure)
[2025-12-16T20:44:11.752+0800][0.093s][info][gc,heap     ] GC(1) DefNew: 70026K(78656K)->74K(78656K) Eden: 69952K(69952K)->0K(69952K) From: 74K(8704K)->74K(8704K)
[2025-12-16T20:44:11.752+0800][0.093s][info][gc,heap     ] GC(1) Tenured: 1056K(174784K)->1056K(174784K)
[2025-12-16T20:44:11.752+0800][0.093s][info][gc,metaspace] GC(1) Metaspace: 86K(320K)->86K(320K) NonClass: 76K(192K)->76K(192K) Class: 9K(128K)->9K(128K)
[2025-12-16T20:44:11.752+0800][0.093s][info][gc          ] GC(1) Pause Young (Allocation Failure) 69M->1M(247M) 0.153ms
[2025-12-16T20:44:11.752+0800][0.093s][info][gc,cpu      ] GC(1) User=0.00s Sys=0.00s Real=0.00s
[2025-12-16T20:44:11.778+0800][0.118s][info][gc,start    ] GC(2) Pause Young (Allocation Failure)
[2025-12-16T20:44:11.778+0800][0.119s][info][gc,heap     ] GC(2) DefNew: 70026K(78656K)->75K(78656K) Eden: 69952K(69952K)->0K(69952K) From: 74K(8704K)->75K(8704K)
[2025-12-16T20:44:11.778+0800][0.119s][info][gc,heap     ] GC(2) Tenured: 1056K(174784K)->1056K(174784K)
[2025-12-16T20:44:11.778+0800][0.119s][info][gc,metaspace] GC(2) Metaspace: 86K(320K)->86K(320K) NonClass: 76K(192K)->76K(192K) Class: 9K(128K)->9K(128K)
[2025-12-16T20:44:11.778+0800][0.119s][info][gc          ] GC(2) Pause Young (Allocation Failure) 69M->1M(247M) 0.140ms
[2025-12-16T20:44:11.778+0800][0.119s][info][gc,cpu      ] GC(2) User=0.00s Sys=0.00s Real=0.00s
[2025-12-16T20:44:11.803+0800][0.144s][info][gc,start    ] GC(3) Pause Young (Allocation Failure)
[2025-12-16T20:44:11.803+0800][0.144s][info][gc,heap     ] GC(3) DefNew: 70027K(78656K)->74K(78656K) Eden: 69952K(69952K)->0K(69952K) From: 75K(8704K)->74K(8704K)
[2025-12-16T20:44:11.803+0800][0.144s][info][gc,heap     ] GC(3) Tenured: 1056K(174784K)->1056K(174784K)
[2025-12-16T20:44:11.803+0800][0.144s][info][gc,metaspace] GC(3) Metaspace: 86K(320K)->86K(320K) NonClass: 76K(192K)->76K(192K) Class: 9K(128K)->9K(128K)
[2025-12-16T20:44:11.803+0800][0.144s][info][gc          ] GC(3) Pause Young (Allocation Failure) 69M->1M(247M) 0.133ms
[2025-12-16T20:44:11.803+0800][0.144s][info][gc,cpu      ] GC(3) User=0.00s Sys=0.00s Real=0.00s
[2025-12-16T20:44:11.828+0800][0.169s][info][gc,start    ] GC(4) Pause Young (Allocation Failure)
[2025-12-16T20:44:11.828+0800][0.169s][info][gc,heap     ] GC(4) DefNew: 70026K(78656K)->75K(78656K) Eden: 69952K(69952K)->0K(69952K) From: 74K(8704K)->75K(8704K)
[2025-12-16T20:44:11.828+0800][0.169s][info][gc,heap     ] GC(4) Tenured: 1056K(174784K)->1056K(174784K)
[2025-12-16T20:44:11.828+0800][0.169s][info][gc,metaspace] GC(4) Metaspace: 86K(320K)->86K(320K) NonClass: 76K(192K)->76K(192K) Class: 9K(128K)->9K(128K)
[2025-12-16T20:44:11.828+0800][0.169s][info][gc          ] GC(4) Pause Young (Allocation Failure) 69M->1M(247M) 0.110ms
[2025-12-16T20:44:11.828+0800][0.169s][info][gc,cpu      ] GC(4) User=0.00s Sys=0.00s Real=0.00s
[2025-12-16T20:44:11.854+0800][0.194s][info][gc,start    ] GC(5) Pause Young (Allocation Failure)
[2025-12-16T20:44:11.854+0800][0.194s][info][gc,heap     ] GC(5) DefNew: 70027K(78656K)->74K(78656K) Eden: 69952K(69952K)->0K(69952K) From: 75K(8704K)->74K(8704K)
[2025-12-16T20:44:11.854+0800][0.194s][info][gc,heap     ] GC(5) Tenured: 1056K(174784K)->1056K(174784K)
[2025-12-16T20:44:11.854+0800][0.194s][info][gc,metaspace] GC(5) Metaspace: 86K(320K)->86K(320K) NonClass: 76K(192K)->76K(192K) Class: 9K(128K)->9K(128K)
[2025-12-16T20:44:11.854+0800][0.194s][info][gc          ] GC(5) Pause Young (Allocation Failure) 69M->1M(247M) 0.103ms
[2025-12-16T20:44:11.854+0800][0.194s][info][gc,cpu      ] GC(5) User=0.00s Sys=0.00s Real=0.00s
[2025-12-16T20:44:11.879+0800][0.219s][info][gc,start    ] GC(6) Pause Young (Allocation Failure)
[2025-12-16T20:44:11.879+0800][0.219s][info][gc,heap     ] GC(6) DefNew: 70026K(78656K)->74K(78656K) Eden: 69952K(69952K)->0K(69952K) From: 74K(8704K)->74K(8704K)
[2025-12-16T20:44:11.879+0800][0.219s][info][gc,heap     ] GC(6) Tenured: 1056K(174784K)->1056K(174784K)
[2025-12-16T20:44:11.879+0800][0.219s][info][gc,metaspace] GC(6) Metaspace: 86K(320K)->86K(320K) NonClass: 76K(192K)->76K(192K) Class: 9K(128K)->9K(128K)
[2025-12-16T20:44:11.879+0800][0.219s][info][gc          ] GC(6) Pause Young (Allocation Failure) 69M->1M(247M) 0.098ms
[2025-12-16T20:44:11.879+0800][0.219s][info][gc,cpu      ] GC(6) User=0.00s Sys=0.00s Real=0.00s
[2025-12-16T20:44:11.904+0800][0.245s][info][gc,start    ] GC(7) Pause Young (Allocation Failure)
[2025-12-16T20:44:11.904+0800][0.245s][info][gc,heap     ] GC(7) DefNew: 70026K(78656K)->75K(78656K) Eden: 69952K(69952K)->0K(69952K) From: 74K(8704K)->75K(8704K)
[2025-12-16T20:44:11.904+0800][0.245s][info][gc,heap     ] GC(7) Tenured: 1056K(174784K)->1056K(174784K)
[2025-12-16T20:44:11.904+0800][0.245s][info][gc,metaspace] GC(7) Metaspace: 86K(320K)->86K(320K) NonClass: 76K(192K)->76K(192K) Class: 9K(128K)->9K(128K)
[2025-12-16T20:44:11.904+0800][0.245s][info][gc          ] GC(7) Pause Young (Allocation Failure) 69M->1M(247M) 0.095ms
[2025-12-16T20:44:11.904+0800][0.245s][info][gc,cpu      ] GC(7) User=0.00s Sys=0.00s Real=0.00s
[2025-12-16T20:44:11.931+0800][0.272s][info][gc,start    ] GC(8) Pause Young (Allocation Failure)
[2025-12-16T20:44:11.931+0800][0.272s][info][gc,heap     ] GC(8) DefNew: 70027K(78656K)->75K(78656K) Eden: 69952K(69952K)->0K(69952K) From: 75K(8704K)->75K(8704K)
[2025-12-16T20:44:11.931+0800][0.272s][info][gc,heap     ] GC(8) Tenured: 1056K(174784K)->1056K(174784K)
[2025-12-16T20:44:11.931+0800][0.272s][info][gc,metaspace] GC(8) Metaspace: 86K(320K)->86K(320K) NonClass: 76K(192K)->76K(192K) Class: 9K(128K)->9K(128K)
[2025-12-16T20:44:11.931+0800][0.272s][info][gc          ] GC(8) Pause Young (Allocation Failure) 69M->1M(247M) 0.180ms
[2025-12-16T20:44:11.931+0800][0.272s][info][gc,cpu      ] GC(8) User=0.00s Sys=0.00s Real=0.00s
[2025-12-16T20:44:11.957+0800][0.298s][info][gc,start    ] GC(9) Pause Young (Allocation Failure)
[2025-12-16T20:44:11.957+0800][0.298s][info][gc,heap     ] GC(9) DefNew: 70027K(78656K)->75K(78656K) Eden: 69952K(69952K)->0K(69952K) From: 75K(8704K)->75K(8704K)
[2025-12-16T20:44:11.957+0800][0.298s][info][gc,heap     ] GC(9) Tenured: 1056K(174784K)->1056K(174784K)
[2025-12-16T20:44:11.957+0800][0.298s][info][gc,metaspace] GC(9) Metaspace: 86K(320K)->86K(320K) NonClass: 76K(192K)->76K(192K) Class: 9K(128K)->9K(128K)
[2025-12-16T20:44:11.957+0800][0.298s][info][gc          ] GC(9) Pause Young (Allocation Failure) 69M->1M(247M) 0.177ms
[2025-12-16T20:44:11.957+0800][0.298s][info][gc,cpu      ] GC(9) User=0.00s Sys=0.00s Real=0.00s
[2025-12-16T20:44:11.982+0800][0.323s][info][gc,start    ] GC(10) Pause Young (Allocation Failure)
[2025-12-16T20:44:11.982+0800][0.323s][info][gc,heap     ] GC(10) DefNew: 70027K(78656K)->74K(78656K) Eden: 69952K(69952K)->0K(69952K) From: 75K(8704K)->74K(8704K)
[2025-12-16T20:44:11.982+0800][0.323s][info][gc,heap     ] GC(10) Tenured: 1056K(174784K)->1056K(174784K)
[2025-12-16T20:44:11.982+0800][0.323s][info][gc,metaspace] GC(10) Metaspace: 86K(320K)->86K(320K) NonClass: 76K(192K)->76K(192K) Class: 9K(128K)->9K(128K)
[2025-12-16T20:44:11.982+0800][0.323s][info][gc          ] GC(10) Pause Young (Allocation Failure) 69M->1M(247M) 0.111ms
[2025-12-16T20:44:11.982+0800][0.323s][info][gc,cpu      ] GC(10) User=0.00s Sys=0.00s Real=0.00s
[2025-12-16T20:44:12.008+0800][0.349s][info][gc,start    ] GC(11) Pause Young (Allocation Failure)
[2025-12-16T20:44:12.008+0800][0.349s][info][gc,heap     ] GC(11) DefNew: 70026K(78656K)->74K(78656K) Eden: 69952K(69952K)->0K(69952K) From: 74K(8704K)->74K(8704K)
[2025-12-16T20:44:12.008+0800][0.349s][info][gc,heap     ] GC(11) Tenured: 1056K(174784K)->1056K(174784K)
[2025-12-16T20:44:12.008+0800][0.349s][info][gc,metaspace] GC(11) Metaspace: 86K(320K)->86K(320K) NonClass: 76K(192K)->76K(192K) Class: 9K(128K)->9K(128K)
[2025-12-16T20:44:12.008+0800][0.349s][info][gc          ] GC(11) Pause Young (Allocation Failure) 69M->1M(247M) 0.143ms
[2025-12-16T20:44:12.008+0800][0.349s][info][gc,cpu      ] GC(11) User=0.00s Sys=0.00s Real=0.00s
[2025-12-16T20:44:12.035+0800][0.375s][info][gc,start    ] GC(12) Pause Young (Allocation Failure)
[2025-12-16T20:44:12.035+0800][0.375s][info][gc,heap     ] GC(12) DefNew: 70026K(78656K)->75K(78656K) Eden: 69952K(69952K)->0K(69952K) From: 74K(8704K)->75K(8704K)
[2025-12-16T20:44:12.035+0800][0.375s][info][gc,heap     ] GC(12) Tenured: 1056K(174784K)->1056K(174784K)
[2025-12-16T20:44:12.035+0800][0.375s][info][gc,metaspace] GC(12) Metaspace: 86K(320K)->86K(320K) NonClass: 76K(192K)->76K(192K) Class: 9K(128K)->9K(128K)
[2025-12-16T20:44:12.035+0800][0.375s][info][gc          ] GC(12) Pause Young (Allocation Failure) 69M->1M(247M) 0.140ms
[2025-12-16T20:44:12.035+0800][0.375s][info][gc,cpu      ] GC(12) User=0.00s Sys=0.00s Real=0.00s
[2025-12-16T20:44:12.060+0800][0.401s][info][gc,start    ] GC(13) Pause Young (Allocation Failure)
[2025-12-16T20:44:12.060+0800][0.401s][info][gc,heap     ] GC(13) DefNew: 70027K(78656K)->74K(78656K) Eden: 69952K(69952K)->0K(69952K) From: 75K(8704K)->74K(8704K)
[2025-12-16T20:44:12.060+0800][0.401s][info][gc,heap     ] GC(13) Tenured: 1056K(174784K)->1056K(174784K)
[2025-12-16T20:44:12.060+0800][0.401s][info][gc,metaspace] GC(13) Metaspace: 86K(320K)->86K(320K) NonClass: 76K(192K)->76K(192K) Class: 9K(128K)->9K(128K)
[2025-12-16T20:44:12.060+0800][0.401s][info][gc          ] GC(13) Pause Young (Allocation Failure) 69M->1M(247M) 0.113ms
[2025-12-16T20:44:12.060+0800][0.401s][info][gc,cpu      ] GC(13) User=0.00s Sys=0.00s Real=0.00s
[2025-12-16T20:44:12.086+0800][0.426s][info][gc,start    ] GC(14) Pause Young (Allocation Failure)
[2025-12-16T20:44:12.086+0800][0.427s][info][gc,heap     ] GC(14) DefNew: 70026K(78656K)->73K(78656K) Eden: 69952K(69952K)->0K(69952K) From: 74K(8704K)->73K(8704K)
[2025-12-16T20:44:12.086+0800][0.427s][info][gc,heap     ] GC(14) Tenured: 1056K(174784K)->1056K(174784K)
[2025-12-16T20:44:12.086+0800][0.427s][info][gc,metaspace] GC(14) Metaspace: 86K(320K)->86K(320K) NonClass: 76K(192K)->76K(192K) Class: 9K(128K)->9K(128K)
[2025-12-16T20:44:12.086+0800][0.427s][info][gc          ] GC(14) Pause Young (Allocation Failure) 69M->1M(247M) 0.110ms
[2025-12-16T20:44:12.086+0800][0.427s][info][gc,cpu      ] GC(14) User=0.00s Sys=0.00s Real=0.00s
[2025-12-16T20:44:12.112+0800][0.452s][info][gc,start    ] GC(15) Pause Young (Allocation Failure)
[2025-12-16T20:44:12.112+0800][0.453s][info][gc,heap     ] GC(15) DefNew: 70025K(78656K)->3K(78656K) Eden: 69952K(69952K)->0K(69952K) From: 73K(8704K)->3K(8704K)
[2025-12-16T20:44:12.112+0800][0.453s][info][gc,heap     ] GC(15) Tenured: 1056K(174784K)->1128K(174784K)
[2025-12-16T20:44:12.112+0800][0.453s][info][gc,metaspace] GC(15) Metaspace: 86K(320K)->86K(320K) NonClass: 76K(192K)->76K(192K) Class: 9K(128K)->9K(128K)
[2025-12-16T20:44:12.112+0800][0.453s][info][gc          ] GC(15) Pause Young (Allocation Failure) 69M->1M(247M) 0.144ms
[2025-12-16T20:44:12.112+0800][0.453s][info][gc,cpu      ] GC(15) User=0.00s Sys=0.00s Real=0.00s
[2025-12-16T20:44:12.138+0800][0.478s][info][gc,start    ] GC(16) Pause Young (Allocation Failure)
[2025-12-16T20:44:12.138+0800][0.478s][info][gc,heap     ] GC(16) DefNew: 69955K(78656K)->2K(78656K) Eden: 69952K(69952K)->0K(69952K) From: 3K(8704K)->2K(8704K)
[2025-12-16T20:44:12.138+0800][0.478s][info][gc,heap     ] GC(16) Tenured: 1128K(174784K)->1128K(174784K)
[2025-12-16T20:44:12.138+0800][0.478s][info][gc,metaspace] GC(16) Metaspace: 86K(320K)->86K(320K) NonClass: 76K(192K)->76K(192K) Class: 9K(128K)->9K(128K)
[2025-12-16T20:44:12.138+0800][0.478s][info][gc          ] GC(16) Pause Young (Allocation Failure) 69M->1M(247M) 0.035ms
[2025-12-16T20:44:12.138+0800][0.478s][info][gc,cpu      ] GC(16) User=0.00s Sys=0.00s Real=0.00s
[2025-12-16T20:44:12.163+0800][0.504s][info][gc,start    ] GC(17) Pause Young (Allocation Failure)
[2025-12-16T20:44:12.163+0800][0.504s][info][gc,heap     ] GC(17) DefNew: 69954K(78656K)->2K(78656K) Eden: 69952K(69952K)->0K(69952K) From: 2K(8704K)->2K(8704K)
[2025-12-16T20:44:12.163+0800][0.504s][info][gc,heap     ] GC(17) Tenured: 1128K(174784K)->1128K(174784K)
[2025-12-16T20:44:12.163+0800][0.504s][info][gc,metaspace] GC(17) Metaspace: 86K(320K)->86K(320K) NonClass: 76K(192K)->76K(192K) Class: 9K(128K)->9K(128K)
[2025-12-16T20:44:12.163+0800][0.504s][info][gc          ] GC(17) Pause Young (Allocation Failure) 69M->1M(247M) 0.032ms
[2025-12-16T20:44:12.163+0800][0.504s][info][gc,cpu      ] GC(17) User=0.00s Sys=0.00s Real=0.00s
[2025-12-16T20:44:12.188+0800][0.529s][info][gc,start    ] GC(18) Pause Young (Allocation Failure)
[2025-12-16T20:44:12.188+0800][0.529s][info][gc,heap     ] GC(18) DefNew: 69954K(78656K)->2K(78656K) Eden: 69952K(69952K)->0K(69952K) From: 2K(8704K)->2K(8704K)
[2025-12-16T20:44:12.188+0800][0.529s][info][gc,heap     ] GC(18) Tenured: 1128K(174784K)->1128K(174784K)
[2025-12-16T20:44:12.188+0800][0.529s][info][gc,metaspace] GC(18) Metaspace: 86K(320K)->86K(320K) NonClass: 76K(192K)->76K(192K) Class: 9K(128K)->9K(128K)
[2025-12-16T20:44:12.188+0800][0.529s][info][gc          ] GC(18) Pause Young (Allocation Failure) 69M->1M(247M) 0.043ms
[2025-12-16T20:44:12.188+0800][0.529s][info][gc,cpu      ] GC(18) User=0.00s Sys=0.00s Real=0.00s
[2025-12-16T20:44:12.213+0800][0.554s][info][gc,start    ] GC(19) Pause Young (Allocation Failure)
[2025-12-16T20:44:12.213+0800][0.554s][info][gc,heap     ] GC(19) DefNew: 69954K(78656K)->2K(78656K) Eden: 69952K(69952K)->0K(69952K) From: 2K(8704K)->2K(8704K)
[2025-12-16T20:44:12.213+0800][0.554s][info][gc,heap     ] GC(19) Tenured: 1128K(174784K)->1128K(174784K)
[2025-12-16T20:44:12.213+0800][0.554s][info][gc,metaspace] GC(19) Metaspace: 86K(320K)->86K(320K) NonClass: 76K(192K)->76K(192K) Class: 9K(128K)->9K(128K)
[2025-12-16T20:44:12.213+0800][0.554s][info][gc          ] GC(19) Pause Young (Allocation Failure) 69M->1M(247M) 0.032ms
[2025-12-16T20:44:12.213+0800][0.554s][info][gc,cpu      ] GC(19) User=0.00s Sys=0.00s Real=0.00s
[2025-12-16T20:44:12.239+0800][0.580s][info][gc,start    ] GC(20) Pause Young (Allocation Failure)
[2025-12-16T20:44:12.239+0800][0.580s][info][gc,heap     ] GC(20) DefNew: 69954K(78656K)->3K(78656K) Eden: 69952K(69952K)->0K(69952K) From: 2K(8704K)->3K(8704K)
[2025-12-16T20:44:12.239+0800][0.580s][info][gc,heap     ] GC(20) Tenured: 1128K(174784K)->1128K(174784K)
[2025-12-16T20:44:12.239+0800][0.580s][info][gc,metaspace] GC(20) Metaspace: 86K(320K)->86K(320K) NonClass: 76K(192K)->76K(192K) Class: 9K(128K)->9K(128K)
[2025-12-16T20:44:12.239+0800][0.580s][info][gc          ] GC(20) Pause Young (Allocation Failure) 69M->1M(247M) 0.059ms
[2025-12-16T20:44:12.239+0800][0.580s][info][gc,cpu      ] GC(20) User=0.00s Sys=0.00s Real=0.00s
[2025-12-16T20:44:12.265+0800][0.605s][info][gc,start    ] GC(21) Pause Young (Allocation Failure)
[2025-12-16T20:44:12.265+0800][0.605s][info][gc,heap     ] GC(21) DefNew: 69955K(78656K)->2K(78656K) Eden: 69952K(69952K)->0K(69952K) From: 3K(8704K)->2K(8704K)
[2025-12-16T20:44:12.265+0800][0.605s][info][gc,heap     ] GC(21) Tenured: 1128K(174784K)->1128K(174784K)
[2025-12-16T20:44:12.265+0800][0.605s][info][gc,metaspace] GC(21) Metaspace: 86K(320K)->86K(320K) NonClass: 76K(192K)->76K(192K) Class: 9K(128K)->9K(128K)
[2025-12-16T20:44:12.265+0800][0.605s][info][gc          ] GC(21) Pause Young (Allocation Failure) 69M->1M(247M) 0.037ms
[2025-12-16T20:44:12.265+0800][0.605s][info][gc,cpu      ] GC(21) User=0.00s Sys=0.00s Real=0.00s
[2025-12-16T20:44:12.290+0800][0.631s][info][gc,start    ] GC(22) Pause Young (Allocation Failure)
[2025-12-16T20:44:12.290+0800][0.631s][info][gc,heap     ] GC(22) DefNew: 69954K(78656K)->2K(78656K) Eden: 69952K(69952K)->0K(69952K) From: 2K(8704K)->2K(8704K)
[2025-12-16T20:44:12.290+0800][0.631s][info][gc,heap     ] GC(22) Tenured: 1128K(174784K)->1128K(174784K)
[2025-12-16T20:44:12.290+0800][0.631s][info][gc,metaspace] GC(22) Metaspace: 86K(320K)->86K(320K) NonClass: 76K(192K)->76K(192K) Class: 9K(128K)->9K(128K)
[2025-12-16T20:44:12.290+0800][0.631s][info][gc          ] GC(22) Pause Young (Allocation Failure) 69M->1M(247M) 0.033ms
[2025-12-16T20:44:12.290+0800][0.631s][info][gc,cpu      ] GC(22) User=0.00s Sys=0.00s Real=0.00s
[2025-12-16T20:44:12.315+0800][0.656s][info][gc,start    ] GC(23) Pause Young (Allocation Failure)
[2025-12-16T20:44:12.316+0800][0.656s][info][gc,heap     ] GC(23) DefNew: 69954K(78656K)->1K(78656K) Eden: 69952K(69952K)->0K(69952K) From: 2K(8704K)->1K(8704K)
[2025-12-16T20:44:12.316+0800][0.656s][info][gc,heap     ] GC(23) Tenured: 1128K(174784K)->1128K(174784K)
[2025-12-16T20:44:12.316+0800][0.656s][info][gc,metaspace] GC(23) Metaspace: 86K(320K)->86K(320K) NonClass: 76K(192K)->76K(192K) Class: 9K(128K)->9K(128K)
[2025-12-16T20:44:12.316+0800][0.656s][info][gc          ] GC(23) Pause Young (Allocation Failure) 69M->1M(247M) 0.035ms
[2025-12-16T20:44:12.316+0800][0.656s][info][gc,cpu      ] GC(23) User=0.00s Sys=0.00s Real=0.00s
[2025-12-16T20:44:12.341+0800][0.681s][info][gc,start    ] GC(24) Pause Young (Allocation Failure)
[2025-12-16T20:44:12.341+0800][0.682s][info][gc,heap     ] GC(24) DefNew: 69953K(78656K)->1K(78656K) Eden: 69952K(69952K)->0K(69952K) From: 1K(8704K)->1K(8704K)
[2025-12-16T20:44:12.341+0800][0.682s][info][gc,heap     ] GC(24) Tenured: 1128K(174784K)->1128K(174784K)
[2025-12-16T20:44:12.341+0800][0.682s][info][gc,metaspace] GC(24) Metaspace: 86K(320K)->86K(320K) NonClass: 76K(192K)->76K(192K) Class: 9K(128K)->9K(128K)
[2025-12-16T20:44:12.341+0800][0.682s][info][gc          ] GC(24) Pause Young (Allocation Failure) 69M->1M(247M) 0.032ms
[2025-12-16T20:44:12.341+0800][0.682s][info][gc,cpu      ] GC(24) User=0.00s Sys=0.00s Real=0.00s
[2025-12-16T20:44:12.366+0800][0.707s][info][gc,start    ] GC(25) Pause Young (Allocation Failure)
[2025-12-16T20:44:12.366+0800][0.707s][info][gc,heap     ] GC(25) DefNew: 69953K(78656K)->1K(78656K) Eden: 69952K(69952K)->0K(69952K) From: 1K(8704K)->1K(8704K)
[2025-12-16T20:44:12.366+0800][0.707s][info][gc,heap     ] GC(25) Tenured: 1128K(174784K)->1128K(174784K)
[2025-12-16T20:44:12.366+0800][0.707s][info][gc,metaspace] GC(25) Metaspace: 86K(320K)->86K(320K) NonClass: 76K(192K)->76K(192K) Class: 9K(128K)->9K(128K)
[2025-12-16T20:44:12.366+0800][0.707s][info][gc          ] GC(25) Pause Young (Allocation Failure) 69M->1M(247M) 0.035ms
[2025-12-16T20:44:12.366+0800][0.707s][info][gc,cpu      ] GC(25) User=0.00s Sys=0.00s Real=0.00s
[2025-12-16T20:44:12.392+0800][0.733s][info][gc,start    ] GC(26) Pause Young (Allocation Failure)
[2025-12-16T20:44:12.392+0800][0.733s][info][gc,heap     ] GC(26) DefNew: 69953K(78656K)->1K(78656K) Eden: 69952K(69952K)->0K(69952K) From: 1K(8704K)->1K(8704K)
[2025-12-16T20:44:12.392+0800][0.733s][info][gc,heap     ] GC(26) Tenured: 1128K(174784K)->1128K(174784K)
[2025-12-16T20:44:12.392+0800][0.733s][info][gc,metaspace] GC(26) Metaspace: 86K(320K)->86K(320K) NonClass: 76K(192K)->76K(192K) Class: 9K(128K)->9K(128K)
[2025-12-16T20:44:12.392+0800][0.733s][info][gc          ] GC(26) Pause Young (Allocation Failure) 69M->1M(247M) 0.035ms
[2025-12-16T20:44:12.392+0800][0.733s][info][gc,cpu      ] GC(26) User=0.00s Sys=0.00s Real=0.00s
[2025-12-16T20:44:12.417+0800][0.758s][info][gc,start    ] GC(27) Pause Young (Allocation Failure)
[2025-12-16T20:44:12.417+0800][0.758s][info][gc,heap     ] GC(27) DefNew: 69953K(78656K)->1K(78656K) Eden: 69952K(69952K)->0K(69952K) From: 1K(8704K)->1K(8704K)
[2025-12-16T20:44:12.417+0800][0.758s][info][gc,heap     ] GC(27) Tenured: 1128K(174784K)->1128K(174784K)
[2025-12-16T20:44:12.417+0800][0.758s][info][gc,metaspace] GC(27) Metaspace: 86K(320K)->86K(320K) NonClass: 76K(192K)->76K(192K) Class: 9K(128K)->9K(128K)
[2025-12-16T20:44:12.417+0800][0.758s][info][gc          ] GC(27) Pause Young (Allocation Failure) 69M->1M(247M) 0.033ms
[2025-12-16T20:44:12.417+0800][0.758s][info][gc,cpu      ] GC(27) User=0.00s Sys=0.00s Real=0.00s
[2025-12-16T20:44:12.442+0800][0.783s][info][gc,start    ] GC(28) Pause Young (Allocation Failure)
[2025-12-16T20:44:12.442+0800][0.783s][info][gc,heap     ] GC(28) DefNew: 69953K(78656K)->3K(78656K) Eden: 69952K(69952K)->0K(69952K) From: 1K(8704K)->3K(8704K)
[2025-12-16T20:44:12.442+0800][0.783s][info][gc,heap     ] GC(28) Tenured: 1128K(174784K)->1128K(174784K)
[2025-12-16T20:44:12.442+0800][0.783s][info][gc,metaspace] GC(28) Metaspace: 86K(320K)->86K(320K) NonClass: 76K(192K)->76K(192K) Class: 9K(128K)->9K(128K)
[2025-12-16T20:44:12.442+0800][0.783s][info][gc          ] GC(28) Pause Young (Allocation Failure) 69M->1M(247M) 0.034ms
[2025-12-16T20:44:12.442+0800][0.783s][info][gc,cpu      ] GC(28) User=0.00s Sys=0.00s Real=0.00s
[2025-12-16T20:44:12.467+0800][0.807s][info][gc,start    ] GC(29) Pause Young (Allocation Failure)
[2025-12-16T20:44:12.467+0800][0.807s][info][gc,heap     ] GC(29) DefNew: 69955K(78656K)->3K(78656K) Eden: 69952K(69952K)->0K(69952K) From: 3K(8704K)->3K(8704K)
[2025-12-16T20:44:12.467+0800][0.807s][info][gc,heap     ] GC(29) Tenured: 1128K(174784K)->1128K(174784K)
[2025-12-16T20:44:12.467+0800][0.807s][info][gc,metaspace] GC(29) Metaspace: 86K(320K)->86K(320K) NonClass: 76K(192K)->76K(192K) Class: 9K(128K)->9K(128K)
[2025-12-16T20:44:12.467+0800][0.807s][info][gc          ] GC(29) Pause Young (Allocation Failure) 69M->1M(247M) 0.036ms
[2025-12-16T20:44:12.467+0800][0.807s][info][gc,cpu      ] GC(29) User=0.00s Sys=0.00s Real=0.00s
[2025-12-16T20:44:12.492+0800][0.832s][info][gc,start    ] GC(30) Pause Young (Allocation Failure)
[2025-12-16T20:44:12.492+0800][0.832s][info][gc,heap     ] GC(30) DefNew: 69955K(78656K)->3K(78656K) Eden: 69952K(69952K)->0K(69952K) From: 3K(8704K)->3K(8704K)
[2025-12-16T20:44:12.492+0800][0.832s][info][gc,heap     ] GC(30) Tenured: 1128K(174784K)->1128K(174784K)
[2025-12-16T20:44:12.492+0800][0.832s][info][gc,metaspace] GC(30) Metaspace: 86K(320K)->86K(320K) NonClass: 76K(192K)->76K(192K) Class: 9K(128K)->9K(128K)
[2025-12-16T20:44:12.492+0800][0.832s][info][gc          ] GC(30) Pause Young (Allocation Failure) 69M->1M(247M) 0.033ms
[2025-12-16T20:44:12.492+0800][0.832s][info][gc,cpu      ] GC(30) User=0.00s Sys=0.00s Real=0.00s
[2025-12-16T20:44:12.517+0800][0.858s][info][gc,start    ] GC(31) Pause Young (Allocation Failure)
[2025-12-16T20:44:12.517+0800][0.858s][info][gc,heap     ] GC(31) DefNew: 69955K(78656K)->2K(78656K) Eden: 69952K(69952K)->0K(69952K) From: 3K(8704K)->2K(8704K)
[2025-12-16T20:44:12.517+0800][0.858s][info][gc,heap     ] GC(31) Tenured: 1128K(174784K)->1128K(174784K)
[2025-12-16T20:44:12.517+0800][0.858s][info][gc,metaspace] GC(31) Metaspace: 86K(320K)->86K(320K) NonClass: 76K(192K)->76K(192K) Class: 9K(128K)->9K(128K)
[2025-12-16T20:44:12.517+0800][0.858s][info][gc          ] GC(31) Pause Young (Allocation Failure) 69M->1M(247M) 0.071ms
[2025-12-16T20:44:12.517+0800][0.858s][info][gc,cpu      ] GC(31) User=0.00s Sys=0.00s Real=0.00s
[2025-12-16T20:44:12.543+0800][0.883s][info][gc,start    ] GC(32) Pause Young (Allocation Failure)
[2025-12-16T20:44:12.543+0800][0.883s][info][gc,heap     ] GC(32) DefNew: 69954K(78656K)->3K(78656K) Eden: 69952K(69952K)->0K(69952K) From: 2K(8704K)->3K(8704K)
[2025-12-16T20:44:12.543+0800][0.883s][info][gc,heap     ] GC(32) Tenured: 1128K(174784K)->1128K(174784K)
[2025-12-16T20:44:12.543+0800][0.883s][info][gc,metaspace] GC(32) Metaspace: 86K(320K)->86K(320K) NonClass: 76K(192K)->76K(192K) Class: 9K(128K)->9K(128K)
[2025-12-16T20:44:12.543+0800][0.883s][info][gc          ] GC(32) Pause Young (Allocation Failure) 69M->1M(247M) 0.036ms
[2025-12-16T20:44:12.543+0800][0.883s][info][gc,cpu      ] GC(32) User=0.00s Sys=0.00s Real=0.00s
[2025-12-16T20:44:12.568+0800][0.909s][info][gc,start    ] GC(33) Pause Young (Allocation Failure)
[2025-12-16T20:44:12.568+0800][0.909s][info][gc,heap     ] GC(33) DefNew: 69955K(78656K)->2K(78656K) Eden: 69952K(69952K)->0K(69952K) From: 3K(8704K)->2K(8704K)
[2025-12-16T20:44:12.568+0800][0.909s][info][gc,heap     ] GC(33) Tenured: 1128K(174784K)->1128K(174784K)
[2025-12-16T20:44:12.568+0800][0.909s][info][gc,metaspace] GC(33) Metaspace: 86K(320K)->86K(320K) NonClass: 76K(192K)->76K(192K) Class: 9K(128K)->9K(128K)
[2025-12-16T20:44:12.568+0800][0.909s][info][gc          ] GC(33) Pause Young (Allocation Failure) 69M->1M(247M) 0.035ms
[2025-12-16T20:44:12.568+0800][0.909s][info][gc,cpu      ] GC(33) User=0.00s Sys=0.00s Real=0.00s
[2025-12-16T20:44:12.594+0800][0.934s][info][gc,start    ] GC(34) Pause Young (Allocation Failure)
[2025-12-16T20:44:12.594+0800][0.934s][info][gc,heap     ] GC(34) DefNew: 69954K(78656K)->2K(78656K) Eden: 69952K(69952K)->0K(69952K) From: 2K(8704K)->2K(8704K)
[2025-12-16T20:44:12.594+0800][0.934s][info][gc,heap     ] GC(34) Tenured: 1128K(174784K)->1128K(174784K)
[2025-12-16T20:44:12.594+0800][0.934s][info][gc,metaspace] GC(34) Metaspace: 86K(320K)->86K(320K) NonClass: 76K(192K)->76K(192K) Class: 9K(128K)->9K(128K)
[2025-12-16T20:44:12.594+0800][0.934s][info][gc          ] GC(34) Pause Young (Allocation Failure) 69M->1M(247M) 0.030ms
[2025-12-16T20:44:12.594+0800][0.934s][info][gc,cpu      ] GC(34) User=0.00s Sys=0.00s Real=0.00s
[2025-12-16T20:44:12.619+0800][0.960s][info][gc,start    ] GC(35) Pause Young (Allocation Failure)
[2025-12-16T20:44:12.619+0800][0.960s][info][gc,heap     ] GC(35) DefNew: 69954K(78656K)->2K(78656K) Eden: 69952K(69952K)->0K(69952K) From: 2K(8704K)->2K(8704K)
[2025-12-16T20:44:12.619+0800][0.960s][info][gc,heap     ] GC(35) Tenured: 1128K(174784K)->1128K(174784K)
[2025-12-16T20:44:12.619+0800][0.960s][info][gc,metaspace] GC(35) Metaspace: 86K(320K)->86K(320K) NonClass: 76K(192K)->76K(192K) Class: 9K(128K)->9K(128K)
[2025-12-16T20:44:12.619+0800][0.960s][info][gc          ] GC(35) Pause Young (Allocation Failure) 69M->1M(247M) 0.030ms
[2025-12-16T20:44:12.619+0800][0.960s][info][gc,cpu      ] GC(35) User=0.00s Sys=0.00s Real=0.00s
[2025-12-16T20:44:12.644+0800][0.985s][info][gc,start    ] GC(36) Pause Young (Allocation Failure)
[2025-12-16T20:44:12.644+0800][0.985s][info][gc,heap     ] GC(36) DefNew: 69954K(78656K)->2K(78656K) Eden: 69952K(69952K)->0K(69952K) From: 2K(8704K)->2K(8704K)
[2025-12-16T20:44:12.644+0800][0.985s][info][gc,heap     ] GC(36) Tenured: 1128K(174784K)->1128K(174784K)
[2025-12-16T20:44:12.644+0800][0.985s][info][gc,metaspace] GC(36) Metaspace: 86K(320K)->86K(320K) NonClass: 76K(192K)->76K(192K) Class: 9K(128K)->9K(128K)
[2025-12-16T20:44:12.644+0800][0.985s][info][gc          ] GC(36) Pause Young (Allocation Failure) 69M->1M(247M) 0.029ms
[2025-12-16T20:44:12.645+0800][0.985s][info][gc,cpu      ] GC(36) User=0.00s Sys=0.00s Real=0.00s
[2025-12-16T20:44:12.670+0800][1.010s][info][gc,start    ] GC(37) Pause Young (Allocation Failure)
[2025-12-16T20:44:12.670+0800][1.010s][info][gc,heap     ] GC(37) DefNew: 69954K(78656K)->2K(78656K) Eden: 69952K(69952K)->0K(69952K) From: 2K(8704K)->2K(8704K)
[2025-12-16T20:44:12.670+0800][1.010s][info][gc,heap     ] GC(37) Tenured: 1128K(174784K)->1128K(174784K)
[2025-12-16T20:44:12.670+0800][1.010s][info][gc,metaspace] GC(37) Metaspace: 86K(320K)->86K(320K) NonClass: 76K(192K)->76K(192K) Class: 9K(128K)->9K(128K)
[2025-12-16T20:44:12.670+0800][1.010s][info][gc          ] GC(37) Pause Young (Allocation Failure) 69M->1M(247M) 0.045ms
[2025-12-16T20:44:12.670+0800][1.010s][info][gc,cpu      ] GC(37) User=0.00s Sys=0.00s Real=0.00s
[2025-12-16T20:44:12.696+0800][1.036s][info][gc,start    ] GC(38) Pause Young (Allocation Failure)
[2025-12-16T20:44:12.696+0800][1.036s][info][gc,heap     ] GC(38) DefNew: 69954K(78656K)->2K(78656K) Eden: 69952K(69952K)->0K(69952K) From: 2K(8704K)->2K(8704K)
[2025-12-16T20:44:12.696+0800][1.036s][info][gc,heap     ] GC(38) Tenured: 1128K(174784K)->1128K(174784K)
[2025-12-16T20:44:12.696+0800][1.036s][info][gc,metaspace] GC(38) Metaspace: 86K(320K)->86K(320K) NonClass: 76K(192K)->76K(192K) Class: 9K(128K)->9K(128K)
[2025-12-16T20:44:12.696+0800][1.036s][info][gc          ] GC(38) Pause Young (Allocation Failure) 69M->1M(247M) 0.037ms
[2025-12-16T20:44:12.696+0800][1.036s][info][gc,cpu      ] GC(38) User=0.00s Sys=0.00s Real=0.00s
[2025-12-16T20:44:12.722+0800][1.062s][info][gc,start    ] GC(39) Pause Young (Allocation Failure)
[2025-12-16T20:44:12.722+0800][1.062s][info][gc,heap     ] GC(39) DefNew: 69954K(78656K)->2K(78656K) Eden: 69952K(69952K)->0K(69952K) From: 2K(8704K)->2K(8704K)
[2025-12-16T20:44:12.722+0800][1.062s][info][gc,heap     ] GC(39) Tenured: 1128K(174784K)->1128K(174784K)
[2025-12-16T20:44:12.722+0800][1.062s][info][gc,metaspace] GC(39) Metaspace: 86K(320K)->86K(320K) NonClass: 76K(192K)->76K(192K) Class: 9K(128K)->9K(128K)
[2025-12-16T20:44:12.722+0800][1.062s][info][gc          ] GC(39) Pause Young (Allocation Failure) 69M->1M(247M) 0.033ms
[2025-12-16T20:44:12.722+0800][1.062s][info][gc,cpu      ] GC(39) User=0.00s Sys=0.00s Real=0.00s
[2025-12-16T20:44:12.748+0800][1.088s][info][gc,start    ] GC(40) Pause Young (Allocation Failure)
[2025-12-16T20:44:12.748+0800][1.088s][info][gc,heap     ] GC(40) DefNew: 69954K(78656K)->3K(78656K) Eden: 69952K(69952K)->0K(69952K) From: 2K(8704K)->3K(8704K)
[2025-12-16T20:44:12.748+0800][1.088s][info][gc,heap     ] GC(40) Tenured: 1128K(174784K)->1128K(174784K)
[2025-12-16T20:44:12.748+0800][1.088s][info][gc,metaspace] GC(40) Metaspace: 86K(320K)->86K(320K) NonClass: 76K(192K)->76K(192K) Class: 9K(128K)->9K(128K)
[2025-12-16T20:44:12.748+0800][1.089s][info][gc          ] GC(40) Pause Young (Allocation Failure) 69M->1M(247M) 0.033ms
[2025-12-16T20:44:12.748+0800][1.089s][info][gc,cpu      ] GC(40) User=0.00s Sys=0.00s Real=0.00s
[2025-12-16T20:44:12.774+0800][1.115s][info][gc,start    ] GC(41) Pause Young (Allocation Failure)
[2025-12-16T20:44:12.774+0800][1.115s][info][gc,heap     ] GC(41) DefNew: 69955K(78656K)->2K(78656K) Eden: 69952K(69952K)->0K(69952K) From: 3K(8704K)->2K(8704K)
[2025-12-16T20:44:12.774+0800][1.115s][info][gc,heap     ] GC(41) Tenured: 1128K(174784K)->1128K(174784K)
[2025-12-16T20:44:12.774+0800][1.115s][info][gc,metaspace] GC(41) Metaspace: 86K(320K)->86K(320K) NonClass: 76K(192K)->76K(192K) Class: 9K(128K)->9K(128K)
[2025-12-16T20:44:12.774+0800][1.115s][info][gc          ] GC(41) Pause Young (Allocation Failure) 69M->1M(247M) 0.032ms
[2025-12-16T20:44:12.774+0800][1.115s][info][gc,cpu      ] GC(41) User=0.00s Sys=0.00s Real=0.00s
[2025-12-16T20:44:12.800+0800][1.141s][info][gc,start    ] GC(42) Pause Young (Allocation Failure)
[2025-12-16T20:44:12.800+0800][1.141s][info][gc,heap     ] GC(42) DefNew: 69954K(78656K)->2K(78656K) Eden: 69952K(69952K)->0K(69952K) From: 2K(8704K)->2K(8704K)
[2025-12-16T20:44:12.800+0800][1.141s][info][gc,heap     ] GC(42) Tenured: 1128K(174784K)->1128K(174784K)
[2025-12-16T20:44:12.800+0800][1.141s][info][gc,metaspace] GC(42) Metaspace: 86K(320K)->86K(320K) NonClass: 76K(192K)->76K(192K) Class: 9K(128K)->9K(128K)
[2025-12-16T20:44:12.800+0800][1.141s][info][gc          ] GC(42) Pause Young (Allocation Failure) 69M->1M(247M) 0.042ms
[2025-12-16T20:44:12.800+0800][1.141s][info][gc,cpu      ] GC(42) User=0.00s Sys=0.00s Real=0.00s
[2025-12-16T20:44:12.825+0800][1.166s][info][gc,start    ] GC(43) Pause Young (Allocation Failure)
[2025-12-16T20:44:12.825+0800][1.166s][info][gc,heap     ] GC(43) DefNew: 69954K(78656K)->2K(78656K) Eden: 69952K(69952K)->0K(69952K) From: 2K(8704K)->2K(8704K)
[2025-12-16T20:44:12.825+0800][1.166s][info][gc,heap     ] GC(43) Tenured: 1128K(174784K)->1128K(174784K)
[2025-12-16T20:44:12.825+0800][1.166s][info][gc,metaspace] GC(43) Metaspace: 86K(320K)->86K(320K) NonClass: 76K(192K)->76K(192K) Class: 9K(128K)->9K(128K)
[2025-12-16T20:44:12.825+0800][1.166s][info][gc          ] GC(43) Pause Young (Allocation Failure) 69M->1M(247M) 0.045ms
[2025-12-16T20:44:12.825+0800][1.166s][info][gc,cpu      ] GC(43) User=0.00s Sys=0.00s Real=0.00s
[2025-12-16T20:44:12.850+0800][1.191s][info][gc,start    ] GC(44) Pause Young (Allocation Failure)
[2025-12-16T20:44:12.850+0800][1.191s][info][gc,heap     ] GC(44) DefNew: 69954K(78656K)->2K(78656K) Eden: 69952K(69952K)->0K(69952K) From: 2K(8704K)->2K(8704K)
[2025-12-16T20:44:12.850+0800][1.191s][info][gc,heap     ] GC(44) Tenured: 1128K(174784K)->1128K(174784K)
[2025-12-16T20:44:12.850+0800][1.191s][info][gc,metaspace] GC(44) Metaspace: 86K(320K)->86K(320K) NonClass: 76K(192K)->76K(192K) Class: 9K(128K)->9K(128K)
[2025-12-16T20:44:12.850+0800][1.191s][info][gc          ] GC(44) Pause Young (Allocation Failure) 69M->1M(247M) 0.037ms
[2025-12-16T20:44:12.850+0800][1.191s][info][gc,cpu      ] GC(44) User=0.00s Sys=0.00s Real=0.00s
[2025-12-16T20:44:12.876+0800][1.217s][info][gc,start    ] GC(45) Pause Young (Allocation Failure)
[2025-12-16T20:44:12.876+0800][1.217s][info][gc,heap     ] GC(45) DefNew: 69954K(78656K)->3K(78656K) Eden: 69952K(69952K)->0K(69952K) From: 2K(8704K)->3K(8704K)
[2025-12-16T20:44:12.876+0800][1.217s][info][gc,heap     ] GC(45) Tenured: 1128K(174784K)->1128K(174784K)
[2025-12-16T20:44:12.876+0800][1.217s][info][gc,metaspace] GC(45) Metaspace: 86K(320K)->86K(320K) NonClass: 76K(192K)->76K(192K) Class: 9K(128K)->9K(128K)
[2025-12-16T20:44:12.876+0800][1.217s][info][gc          ] GC(45) Pause Young (Allocation Failure) 69M->1M(247M) 0.041ms
[2025-12-16T20:44:12.876+0800][1.217s][info][gc,cpu      ] GC(45) User=0.00s Sys=0.00s Real=0.00s
[2025-12-16T20:44:12.902+0800][1.242s][info][gc,start    ] GC(46) Pause Young (Allocation Failure)
[2025-12-16T20:44:12.902+0800][1.242s][info][gc,heap     ] GC(46) DefNew: 69955K(78656K)->3K(78656K) Eden: 69952K(69952K)->0K(69952K) From: 3K(8704K)->3K(8704K)
[2025-12-16T20:44:12.902+0800][1.242s][info][gc,heap     ] GC(46) Tenured: 1128K(174784K)->1128K(174784K)
[2025-12-16T20:44:12.902+0800][1.242s][info][gc,metaspace] GC(46) Metaspace: 86K(320K)->86K(320K) NonClass: 76K(192K)->76K(192K) Class: 9K(128K)->9K(128K)
[2025-12-16T20:44:12.902+0800][1.242s][info][gc          ] GC(46) Pause Young (Allocation Failure) 69M->1M(247M) 0.041ms
[2025-12-16T20:44:12.902+0800][1.242s][info][gc,cpu      ] GC(46) User=0.00s Sys=0.00s Real=0.00s
[2025-12-16T20:44:12.927+0800][1.268s][info][gc,start    ] GC(47) Pause Young (Allocation Failure)
[2025-12-16T20:44:12.927+0800][1.268s][info][gc,heap     ] GC(47) DefNew: 69955K(78656K)->2K(78656K) Eden: 69952K(69952K)->0K(69952K) From: 3K(8704K)->2K(8704K)
[2025-12-16T20:44:12.927+0800][1.268s][info][gc,heap     ] GC(47) Tenured: 1128K(174784K)->1128K(174784K)
[2025-12-16T20:44:12.927+0800][1.268s][info][gc,metaspace] GC(47) Metaspace: 86K(320K)->86K(320K) NonClass: 76K(192K)->76K(192K) Class: 9K(128K)->9K(128K)
[2025-12-16T20:44:12.927+0800][1.268s][info][gc          ] GC(47) Pause Young (Allocation Failure) 69M->1M(247M) 0.040ms
[2025-12-16T20:44:12.927+0800][1.268s][info][gc,cpu      ] GC(47) User=0.00s Sys=0.00s Real=0.00s
[2025-12-16T20:44:12.953+0800][1.293s][info][gc,start    ] GC(48) Pause Young (Allocation Failure)
[2025-12-16T20:44:12.953+0800][1.293s][info][gc,heap     ] GC(48) DefNew: 69954K(78656K)->3K(78656K) Eden: 69952K(69952K)->0K(69952K) From: 2K(8704K)->3K(8704K)
[2025-12-16T20:44:12.953+0800][1.293s][info][gc,heap     ] GC(48) Tenured: 1128K(174784K)->1128K(174784K)
[2025-12-16T20:44:12.953+0800][1.293s][info][gc,metaspace] GC(48) Metaspace: 86K(320K)->86K(320K) NonClass: 76K(192K)->76K(192K) Class: 9K(128K)->9K(128K)
[2025-12-16T20:44:12.953+0800][1.293s][info][gc          ] GC(48) Pause Young (Allocation Failure) 69M->1M(247M) 0.038ms
[2025-12-16T20:44:12.953+0800][1.293s][info][gc,cpu      ] GC(48) User=0.00s Sys=0.00s Real=0.00s
[2025-12-16T20:44:12.979+0800][1.320s][info][gc,start    ] GC(49) Pause Young (Allocation Failure)
[2025-12-16T20:44:12.979+0800][1.320s][info][gc,heap     ] GC(49) DefNew: 69955K(78656K)->2K(78656K) Eden: 69952K(69952K)->0K(69952K) From: 3K(8704K)->2K(8704K)
[2025-12-16T20:44:12.979+0800][1.320s][info][gc,heap     ] GC(49) Tenured: 1128K(174784K)->1128K(174784K)
[2025-12-16T20:44:12.979+0800][1.320s][info][gc,metaspace] GC(49) Metaspace: 86K(320K)->86K(320K) NonClass: 76K(192K)->76K(192K) Class: 9K(128K)->9K(128K)
[2025-12-16T20:44:12.979+0800][1.320s][info][gc          ] GC(49) Pause Young (Allocation Failure) 69M->1M(247M) 0.062ms
[2025-12-16T20:44:12.979+0800][1.320s][info][gc,cpu      ] GC(49) User=0.00s Sys=0.00s Real=0.00s
[2025-12-16T20:44:13.005+0800][1.346s][info][gc,start    ] GC(50) Pause Young (Allocation Failure)
[2025-12-16T20:44:13.005+0800][1.346s][info][gc,heap     ] GC(50) DefNew: 69954K(78656K)->2K(78656K) Eden: 69952K(69952K)->0K(69952K) From: 2K(8704K)->2K(8704K)
[2025-12-16T20:44:13.005+0800][1.346s][info][gc,heap     ] GC(50) Tenured: 1128K(174784K)->1128K(174784K)
[2025-12-16T20:44:13.005+0800][1.346s][info][gc,metaspace] GC(50) Metaspace: 86K(320K)->86K(320K) NonClass: 76K(192K)->76K(192K) Class: 9K(128K)->9K(128K)
[2025-12-16T20:44:13.005+0800][1.346s][info][gc          ] GC(50) Pause Young (Allocation Failure) 69M->1M(247M) 0.073ms
[2025-12-16T20:44:13.005+0800][1.346s][info][gc,cpu      ] GC(50) User=0.00s Sys=0.00s Real=0.00s
[2025-12-16T20:44:13.030+0800][1.371s][info][gc,start    ] GC(51) Pause Young (Allocation Failure)
[2025-12-16T20:44:13.030+0800][1.371s][info][gc,heap     ] GC(51) DefNew: 69954K(78656K)->3K(78656K) Eden: 69952K(69952K)->0K(69952K) From: 2K(8704K)->3K(8704K)
[2025-12-16T20:44:13.030+0800][1.371s][info][gc,heap     ] GC(51) Tenured: 1128K(174784K)->1128K(174784K)
[2025-12-16T20:44:13.030+0800][1.371s][info][gc,metaspace] GC(51) Metaspace: 86K(320K)->86K(320K) NonClass: 76K(192K)->76K(192K) Class: 9K(128K)->9K(128K)
[2025-12-16T20:44:13.030+0800][1.371s][info][gc          ] GC(51) Pause Young (Allocation Failure) 69M->1M(247M) 0.042ms
[2025-12-16T20:44:13.030+0800][1.371s][info][gc,cpu      ] GC(51) User=0.00s Sys=0.00s Real=0.00s
[2025-12-16T20:44:13.055+0800][1.396s][info][gc,start    ] GC(52) Pause Young (Allocation Failure)
[2025-12-16T20:44:13.055+0800][1.396s][info][gc,heap     ] GC(52) DefNew: 69955K(78656K)->2K(78656K) Eden: 69952K(69952K)->0K(69952K) From: 3K(8704K)->2K(8704K)
[2025-12-16T20:44:13.055+0800][1.396s][info][gc,heap     ] GC(52) Tenured: 1128K(174784K)->1128K(174784K)
[2025-12-16T20:44:13.055+0800][1.396s][info][gc,metaspace] GC(52) Metaspace: 86K(320K)->86K(320K) NonClass: 76K(192K)->76K(192K) Class: 9K(128K)->9K(128K)
[2025-12-16T20:44:13.055+0800][1.396s][info][gc          ] GC(52) Pause Young (Allocation Failure) 69M->1M(247M) 0.036ms
[2025-12-16T20:44:13.055+0800][1.396s][info][gc,cpu      ] GC(52) User=0.00s Sys=0.00s Real=0.00s
[2025-12-16T20:44:13.082+0800][1.422s][info][gc,start    ] GC(53) Pause Young (Allocation Failure)
[2025-12-16T20:44:13.082+0800][1.422s][info][gc,heap     ] GC(53) DefNew: 69954K(78656K)->3K(78656K) Eden: 69952K(69952K)->0K(69952K) From: 2K(8704K)->3K(8704K)
[2025-12-16T20:44:13.082+0800][1.422s][info][gc,heap     ] GC(53) Tenured: 1128K(174784K)->1128K(174784K)
[2025-12-16T20:44:13.082+0800][1.422s][info][gc,metaspace] GC(53) Metaspace: 86K(320K)->86K(320K) NonClass: 76K(192K)->76K(192K) Class: 9K(128K)->9K(128K)
[2025-12-16T20:44:13.082+0800][1.422s][info][gc          ] GC(53) Pause Young (Allocation Failure) 69M->1M(247M) 0.055ms
[2025-12-16T20:44:13.082+0800][1.422s][info][gc,cpu      ] GC(53) User=0.00s Sys=0.00s Real=0.00s
[2025-12-16T20:44:13.107+0800][1.448s][info][gc,start    ] GC(54) Pause Young (Allocation Failure)
[2025-12-16T20:44:13.107+0800][1.448s][info][gc,heap     ] GC(54) DefNew: 69955K(78656K)->2K(78656K) Eden: 69952K(69952K)->0K(69952K) From: 3K(8704K)->2K(8704K)
[2025-12-16T20:44:13.107+0800][1.448s][info][gc,heap     ] GC(54) Tenured: 1128K(174784K)->1128K(174784K)
[2025-12-16T20:44:13.107+0800][1.448s][info][gc,metaspace] GC(54) Metaspace: 86K(320K)->86K(320K) NonClass: 76K(192K)->76K(192K) Class: 9K(128K)->9K(128K)
[2025-12-16T20:44:13.107+0800][1.448s][info][gc          ] GC(54) Pause Young (Allocation Failure) 69M->1M(247M) 0.034ms
[2025-12-16T20:44:13.107+0800][1.448s][info][gc,cpu      ] GC(54) User=0.00s Sys=0.00s Real=0.00s
[2025-12-16T20:44:13.132+0800][1.473s][info][gc,start    ] GC(55) Pause Young (Allocation Failure)
[2025-12-16T20:44:13.132+0800][1.473s][info][gc,heap     ] GC(55) DefNew: 69954K(78656K)->2K(78656K) Eden: 69952K(69952K)->0K(69952K) From: 2K(8704K)->2K(8704K)
[2025-12-16T20:44:13.132+0800][1.473s][info][gc,heap     ] GC(55) Tenured: 1128K(174784K)->1128K(174784K)
[2025-12-16T20:44:13.132+0800][1.473s][info][gc,metaspace] GC(55) Metaspace: 86K(320K)->86K(320K) NonClass: 76K(192K)->76K(192K) Class: 9K(128K)->9K(128K)
[2025-12-16T20:44:13.132+0800][1.473s][info][gc          ] GC(55) Pause Young (Allocation Failure) 69M->1M(247M) 0.035ms
[2025-12-16T20:44:13.132+0800][1.473s][info][gc,cpu      ] GC(55) User=0.00s Sys=0.00s Real=0.00s
[2025-12-16T20:44:13.157+0800][1.498s][info][gc,start    ] GC(56) Pause Young (Allocation Failure)
[2025-12-16T20:44:13.157+0800][1.498s][info][gc,heap     ] GC(56) DefNew: 69954K(78656K)->2K(78656K) Eden: 69952K(69952K)->0K(69952K) From: 2K(8704K)->2K(8704K)
[2025-12-16T20:44:13.157+0800][1.498s][info][gc,heap     ] GC(56) Tenured: 1128K(174784K)->1128K(174784K)
[2025-12-16T20:44:13.157+0800][1.498s][info][gc,metaspace] GC(56) Metaspace: 86K(320K)->86K(320K) NonClass: 76K(192K)->76K(192K) Class: 9K(128K)->9K(128K)
[2025-12-16T20:44:13.157+0800][1.498s][info][gc          ] GC(56) Pause Young (Allocation Failure) 69M->1M(247M) 0.032ms
[2025-12-16T20:44:13.157+0800][1.498s][info][gc,cpu      ] GC(56) User=0.00s Sys=0.00s Real=0.00s
[2025-12-16T20:44:13.183+0800][1.523s][info][gc,start    ] GC(57) Pause Young (Allocation Failure)
[2025-12-16T20:44:13.183+0800][1.523s][info][gc,heap     ] GC(57) DefNew: 69954K(78656K)->2K(78656K) Eden: 69952K(69952K)->0K(69952K) From: 2K(8704K)->2K(8704K)
[2025-12-16T20:44:13.183+0800][1.523s][info][gc,heap     ] GC(57) Tenured: 1128K(174784K)->1128K(174784K)
[2025-12-16T20:44:13.183+0800][1.523s][info][gc,metaspace] GC(57) Metaspace: 86K(320K)->86K(320K) NonClass: 76K(192K)->76K(192K) Class: 9K(128K)->9K(128K)
[2025-12-16T20:44:13.183+0800][1.523s][info][gc          ] GC(57) Pause Young (Allocation Failure) 69M->1M(247M) 0.046ms
[2025-12-16T20:44:13.183+0800][1.523s][info][gc,cpu      ] GC(57) User=0.00s Sys=0.00s Real=0.00s
[2025-12-16T20:44:13.208+0800][1.549s][info][gc,start    ] GC(58) Pause Young (Allocation Failure)
[2025-12-16T20:44:13.208+0800][1.549s][info][gc,heap     ] GC(58) DefNew: 69954K(78656K)->1K(78656K) Eden: 69952K(69952K)->0K(69952K) From: 2K(8704K)->1K(8704K)
[2025-12-16T20:44:13.208+0800][1.549s][info][gc,heap     ] GC(58) Tenured: 1128K(174784K)->1128K(174784K)
[2025-12-16T20:44:13.208+0800][1.549s][info][gc,metaspace] GC(58) Metaspace: 86K(320K)->86K(320K) NonClass: 76K(192K)->76K(192K) Class: 9K(128K)->9K(128K)
[2025-12-16T20:44:13.208+0800][1.549s][info][gc          ] GC(58) Pause Young (Allocation Failure) 69M->1M(247M) 0.032ms
[2025-12-16T20:44:13.208+0800][1.549s][info][gc,cpu      ] GC(58) User=0.00s Sys=0.00s Real=0.00s
[2025-12-16T20:44:13.233+0800][1.574s][info][gc,start    ] GC(59) Pause Young (Allocation Failure)
[2025-12-16T20:44:13.233+0800][1.574s][info][gc,heap     ] GC(59) DefNew: 69953K(78656K)->2K(78656K) Eden: 69952K(69952K)->0K(69952K) From: 1K(8704K)->2K(8704K)
[2025-12-16T20:44:13.233+0800][1.574s][info][gc,heap     ] GC(59) Tenured: 1128K(174784K)->1128K(174784K)
[2025-12-16T20:44:13.233+0800][1.574s][info][gc,metaspace] GC(59) Metaspace: 86K(320K)->86K(320K) NonClass: 76K(192K)->76K(192K) Class: 9K(128K)->9K(128K)
[2025-12-16T20:44:13.233+0800][1.574s][info][gc          ] GC(59) Pause Young (Allocation Failure) 69M->1M(247M) 0.032ms
[2025-12-16T20:44:13.233+0800][1.574s][info][gc,cpu      ] GC(59) User=0.00s Sys=0.00s Real=0.00s
[2025-12-16T20:44:13.259+0800][1.599s][info][gc,start    ] GC(60) Pause Young (Allocation Failure)
[2025-12-16T20:44:13.259+0800][1.599s][info][gc,heap     ] GC(60) DefNew: 69954K(78656K)->2K(78656K) Eden: 69952K(69952K)->0K(69952K) From: 2K(8704K)->2K(8704K)
[2025-12-16T20:44:13.259+0800][1.599s][info][gc,heap     ] GC(60) Tenured: 1128K(174784K)->1128K(174784K)
[2025-12-16T20:44:13.259+0800][1.599s][info][gc,metaspace] GC(60) Metaspace: 86K(320K)->86K(320K) NonClass: 76K(192K)->76K(192K) Class: 9K(128K)->9K(128K)
[2025-12-16T20:44:13.259+0800][1.599s][info][gc          ] GC(60) Pause Young (Allocation Failure) 69M->1M(247M) 0.031ms
[2025-12-16T20:44:13.259+0800][1.599s][info][gc,cpu      ] GC(60) User=0.00s Sys=0.00s Real=0.00s
[2025-12-16T20:44:13.284+0800][1.625s][info][gc,start    ] GC(61) Pause Young (Allocation Failure)
[2025-12-16T20:44:13.284+0800][1.625s][info][gc,heap     ] GC(61) DefNew: 69954K(78656K)->2K(78656K) Eden: 69952K(69952K)->0K(69952K) From: 2K(8704K)->2K(8704K)
[2025-12-16T20:44:13.284+0800][1.625s][info][gc,heap     ] GC(61) Tenured: 1128K(174784K)->1128K(174784K)
[2025-12-16T20:44:13.284+0800][1.625s][info][gc,metaspace] GC(61) Metaspace: 86K(320K)->86K(320K) NonClass: 76K(192K)->76K(192K) Class: 9K(128K)->9K(128K)
[2025-12-16T20:44:13.284+0800][1.625s][info][gc          ] GC(61) Pause Young (Allocation Failure) 69M->1M(247M) 0.032ms
[2025-12-16T20:44:13.284+0800][1.625s][info][gc,cpu      ] GC(61) User=0.00s Sys=0.00s Real=0.00s
[2025-12-16T20:44:13.310+0800][1.650s][info][gc,start    ] GC(62) Pause Young (Allocation Failure)
[2025-12-16T20:44:13.310+0800][1.650s][info][gc,heap     ] GC(62) DefNew: 69954K(78656K)->2K(78656K) Eden: 69952K(69952K)->0K(69952K) From: 2K(8704K)->2K(8704K)
[2025-12-16T20:44:13.310+0800][1.650s][info][gc,heap     ] GC(62) Tenured: 1128K(174784K)->1128K(174784K)
[2025-12-16T20:44:13.310+0800][1.650s][info][gc,metaspace] GC(62) Metaspace: 86K(320K)->86K(320K) NonClass: 76K(192K)->76K(192K) Class: 9K(128K)->9K(128K)
[2025-12-16T20:44:13.310+0800][1.650s][info][gc          ] GC(62) Pause Young (Allocation Failure) 69M->1M(247M) 0.031ms
[2025-12-16T20:44:13.310+0800][1.650s][info][gc,cpu      ] GC(62) User=0.00s Sys=0.00s Real=0.00s
[2025-12-16T20:44:13.335+0800][1.676s][info][gc,start    ] GC(63) Pause Young (Allocation Failure)
[2025-12-16T20:44:13.335+0800][1.676s][info][gc,heap     ] GC(63) DefNew: 69954K(78656K)->2K(78656K) Eden: 69952K(69952K)->0K(69952K) From: 2K(8704K)->2K(8704K)
[2025-12-16T20:44:13.335+0800][1.676s][info][gc,heap     ] GC(63) Tenured: 1128K(174784K)->1128K(174784K)
[2025-12-16T20:44:13.335+0800][1.676s][info][gc,metaspace] GC(63) Metaspace: 86K(320K)->86K(320K) NonClass: 76K(192K)->76K(192K) Class: 9K(128K)->9K(128K)
[2025-12-16T20:44:13.335+0800][1.676s][info][gc          ] GC(63) Pause Young (Allocation Failure) 69M->1M(247M) 0.032ms
[2025-12-16T20:44:13.335+0800][1.676s][info][gc,cpu      ] GC(63) User=0.00s Sys=0.00s Real=0.00s
[2025-12-16T20:44:13.360+0800][1.701s][info][gc,start    ] GC(64) Pause Young (Allocation Failure)
[2025-12-16T20:44:13.360+0800][1.701s][info][gc,heap     ] GC(64) DefNew: 69954K(78656K)->1K(78656K) Eden: 69952K(69952K)->0K(69952K) From: 2K(8704K)->1K(8704K)
[2025-12-16T20:44:13.360+0800][1.701s][info][gc,heap     ] GC(64) Tenured: 1128K(174784K)->1128K(174784K)
[2025-12-16T20:44:13.360+0800][1.701s][info][gc,metaspace] GC(64) Metaspace: 86K(320K)->86K(320K) NonClass: 76K(192K)->76K(192K) Class: 9K(128K)->9K(128K)
[2025-12-16T20:44:13.360+0800][1.701s][info][gc          ] GC(64) Pause Young (Allocation Failure) 69M->1M(247M) 0.038ms
[2025-12-16T20:44:13.360+0800][1.701s][info][gc,cpu      ] GC(64) User=0.00s Sys=0.00s Real=0.00s
[2025-12-16T20:44:13.386+0800][1.726s][info][gc,start    ] GC(65) Pause Young (Allocation Failure)
[2025-12-16T20:44:13.386+0800][1.726s][info][gc,heap     ] GC(65) DefNew: 69953K(78656K)->2K(78656K) Eden: 69952K(69952K)->0K(69952K) From: 1K(8704K)->2K(8704K)
[2025-12-16T20:44:13.386+0800][1.726s][info][gc,heap     ] GC(65) Tenured: 1128K(174784K)->1128K(174784K)
[2025-12-16T20:44:13.386+0800][1.726s][info][gc,metaspace] GC(65) Metaspace: 86K(320K)->86K(320K) NonClass: 76K(192K)->76K(192K) Class: 9K(128K)->9K(128K)
[2025-12-16T20:44:13.386+0800][1.726s][info][gc          ] GC(65) Pause Young (Allocation Failure) 69M->1M(247M) 0.038ms
[2025-12-16T20:44:13.386+0800][1.726s][info][gc,cpu      ] GC(65) User=0.00s Sys=0.00s Real=0.00s
[2025-12-16T20:44:13.412+0800][1.753s][info][gc,start    ] GC(66) Pause Young (Allocation Failure)
[2025-12-16T20:44:13.412+0800][1.753s][info][gc,heap     ] GC(66) DefNew: 69954K(78656K)->3K(78656K) Eden: 69952K(69952K)->0K(69952K) From: 2K(8704K)->3K(8704K)
[2025-12-16T20:44:13.412+0800][1.753s][info][gc,heap     ] GC(66) Tenured: 1128K(174784K)->1128K(174784K)
[2025-12-16T20:44:13.412+0800][1.753s][info][gc,metaspace] GC(66) Metaspace: 86K(320K)->86K(320K) NonClass: 76K(192K)->76K(192K) Class: 9K(128K)->9K(128K)
[2025-12-16T20:44:13.412+0800][1.753s][info][gc          ] GC(66) Pause Young (Allocation Failure) 69M->1M(247M) 0.034ms
[2025-12-16T20:44:13.412+0800][1.753s][info][gc,cpu      ] GC(66) User=0.00s Sys=0.00s Real=0.00s
[2025-12-16T20:44:13.438+0800][1.778s][info][gc,start    ] GC(67) Pause Young (Allocation Failure)
[2025-12-16T20:44:13.438+0800][1.778s][info][gc,heap     ] GC(67) DefNew: 69955K(78656K)->2K(78656K) Eden: 69952K(69952K)->0K(69952K) From: 3K(8704K)->2K(8704K)
[2025-12-16T20:44:13.438+0800][1.778s][info][gc,heap     ] GC(67) Tenured: 1128K(174784K)->1128K(174784K)
[2025-12-16T20:44:13.438+0800][1.778s][info][gc,metaspace] GC(67) Metaspace: 86K(320K)->86K(320K) NonClass: 76K(192K)->76K(192K) Class: 9K(128K)->9K(128K)
[2025-12-16T20:44:13.438+0800][1.778s][info][gc          ] GC(67) Pause Young (Allocation Failure) 69M->1M(247M) 0.033ms
[2025-12-16T20:44:13.438+0800][1.778s][info][gc,cpu      ] GC(67) User=0.00s Sys=0.00s Real=0.00s
[2025-12-16T20:44:13.462+0800][1.803s][info][gc,start    ] GC(68) Pause Young (Allocation Failure)
[2025-12-16T20:44:13.462+0800][1.803s][info][gc,heap     ] GC(68) DefNew: 69954K(78656K)->2K(78656K) Eden: 69952K(69952K)->0K(69952K) From: 2K(8704K)->2K(8704K)
[2025-12-16T20:44:13.462+0800][1.803s][info][gc,heap     ] GC(68) Tenured: 1128K(174784K)->1128K(174784K)
[2025-12-16T20:44:13.462+0800][1.803s][info][gc,metaspace] GC(68) Metaspace: 86K(320K)->86K(320K) NonClass: 76K(192K)->76K(192K) Class: 9K(128K)->9K(128K)
[2025-12-16T20:44:13.462+0800][1.803s][info][gc          ] GC(68) Pause Young (Allocation Failure) 69M->1M(247M) 0.041ms
[2025-12-16T20:44:13.462+0800][1.803s][info][gc,cpu      ] GC(68) User=0.00s Sys=0.00s Real=0.00s
[2025-12-16T20:44:13.487+0800][1.828s][info][gc,start    ] GC(69) Pause Young (Allocation Failure)
[2025-12-16T20:44:13.487+0800][1.828s][info][gc,heap     ] GC(69) DefNew: 69954K(78656K)->2K(78656K) Eden: 69952K(69952K)->0K(69952K) From: 2K(8704K)->2K(8704K)
[2025-12-16T20:44:13.487+0800][1.828s][info][gc,heap     ] GC(69) Tenured: 1128K(174784K)->1128K(174784K)
[2025-12-16T20:44:13.487+0800][1.828s][info][gc,metaspace] GC(69) Metaspace: 86K(320K)->86K(320K) NonClass: 76K(192K)->76K(192K) Class: 9K(128K)->9K(128K)
[2025-12-16T20:44:13.487+0800][1.828s][info][gc          ] GC(69) Pause Young (Allocation Failure) 69M->1M(247M) 0.038ms
[2025-12-16T20:44:13.487+0800][1.828s][info][gc,cpu      ] GC(69) User=0.00s Sys=0.00s Real=0.00s
[2025-12-16T20:44:13.512+0800][1.853s][info][gc,start    ] GC(70) Pause Young (Allocation Failure)
[2025-12-16T20:44:13.512+0800][1.853s][info][gc,heap     ] GC(70) DefNew: 69954K(78656K)->2K(78656K) Eden: 69952K(69952K)->0K(69952K) From: 2K(8704K)->2K(8704K)
[2025-12-16T20:44:13.512+0800][1.853s][info][gc,heap     ] GC(70) Tenured: 1128K(174784K)->1128K(174784K)
[2025-12-16T20:44:13.512+0800][1.853s][info][gc,metaspace] GC(70) Metaspace: 86K(320K)->86K(320K) NonClass: 76K(192K)->76K(192K) Class: 9K(128K)->9K(128K)
[2025-12-16T20:44:13.512+0800][1.853s][info][gc          ] GC(70) Pause Young (Allocation Failure) 69M->1M(247M) 0.038ms
[2025-12-16T20:44:13.512+0800][1.853s][info][gc,cpu      ] GC(70) User=0.00s Sys=0.00s Real=0.00s
[2025-12-16T20:44:13.537+0800][1.878s][info][gc,start    ] GC(71) Pause Young (Allocation Failure)
[2025-12-16T20:44:13.537+0800][1.878s][info][gc,heap     ] GC(71) DefNew: 69954K(78656K)->1K(78656K) Eden: 69952K(69952K)->0K(69952K) From: 2K(8704K)->1K(8704K)
[2025-12-16T20:44:13.537+0800][1.878s][info][gc,heap     ] GC(71) Tenured: 1128K(174784K)->1128K(174784K)
[2025-12-16T20:44:13.537+0800][1.878s][info][gc,metaspace] GC(71) Metaspace: 86K(320K)->86K(320K) NonClass: 76K(192K)->76K(192K) Class: 9K(128K)->9K(128K)
[2025-12-16T20:44:13.537+0800][1.878s][info][gc          ] GC(71) Pause Young (Allocation Failure) 69M->1M(247M) 0.040ms
[2025-12-16T20:44:13.537+0800][1.878s][info][gc,cpu      ] GC(71) User=0.00s Sys=0.00s Real=0.00s
[2025-12-16T20:44:13.562+0800][1.902s][info][gc,start    ] GC(72) Pause Young (Allocation Failure)
[2025-12-16T20:44:13.562+0800][1.902s][info][gc,heap     ] GC(72) DefNew: 69953K(78656K)->1K(78656K) Eden: 69952K(69952K)->0K(69952K) From: 1K(8704K)->1K(8704K)
[2025-12-16T20:44:13.562+0800][1.902s][info][gc,heap     ] GC(72) Tenured: 1128K(174784K)->1128K(174784K)
[2025-12-16T20:44:13.562+0800][1.902s][info][gc,metaspace] GC(72) Metaspace: 86K(320K)->86K(320K) NonClass: 76K(192K)->76K(192K) Class: 9K(128K)->9K(128K)
[2025-12-16T20:44:13.562+0800][1.902s][info][gc          ] GC(72) Pause Young (Allocation Failure) 69M->1M(247M) 0.033ms
[2025-12-16T20:44:13.562+0800][1.902s][info][gc,cpu      ] GC(72) User=0.00s Sys=0.00s Real=0.00s
[2025-12-16T20:44:13.587+0800][1.927s][info][gc,start    ] GC(73) Pause Young (Allocation Failure)
[2025-12-16T20:44:13.587+0800][1.927s][info][gc,heap     ] GC(73) DefNew: 69953K(78656K)->1K(78656K) Eden: 69952K(69952K)->0K(69952K) From: 1K(8704K)->1K(8704K)
[2025-12-16T20:44:13.587+0800][1.927s][info][gc,heap     ] GC(73) Tenured: 1128K(174784K)->1128K(174784K)
[2025-12-16T20:44:13.587+0800][1.927s][info][gc,metaspace] GC(73) Metaspace: 86K(320K)->86K(320K) NonClass: 76K(192K)->76K(192K) Class: 9K(128K)->9K(128K)
[2025-12-16T20:44:13.587+0800][1.927s][info][gc          ] GC(73) Pause Young (Allocation Failure) 69M->1M(247M) 0.032ms
[2025-12-16T20:44:13.587+0800][1.927s][info][gc,cpu      ] GC(73) User=0.00s Sys=0.00s Real=0.00s
[2025-12-16T20:44:13.612+0800][1.952s][info][gc,start    ] GC(74) Pause Young (Allocation Failure)
[2025-12-16T20:44:13.612+0800][1.953s][info][gc,heap     ] GC(74) DefNew: 69953K(78656K)->3K(78656K) Eden: 69952K(69952K)->0K(69952K) From: 1K(8704K)->3K(8704K)
[2025-12-16T20:44:13.612+0800][1.953s][info][gc,heap     ] GC(74) Tenured: 1128K(174784K)->1128K(174784K)
[2025-12-16T20:44:13.612+0800][1.953s][info][gc,metaspace] GC(74) Metaspace: 86K(320K)->86K(320K) NonClass: 76K(192K)->76K(192K) Class: 9K(128K)->9K(128K)
[2025-12-16T20:44:13.612+0800][1.953s][info][gc          ] GC(74) Pause Young (Allocation Failure) 69M->1M(247M) 0.035ms
[2025-12-16T20:44:13.612+0800][1.953s][info][gc,cpu      ] GC(74) User=0.00s Sys=0.00s Real=0.00s
[2025-12-16T20:44:13.637+0800][1.978s][info][gc,start    ] GC(75) Pause Young (Allocation Failure)
[2025-12-16T20:44:13.637+0800][1.978s][info][gc,heap     ] GC(75) DefNew: 69955K(78656K)->3K(78656K) Eden: 69952K(69952K)->0K(69952K) From: 3K(8704K)->3K(8704K)
[2025-12-16T20:44:13.637+0800][1.978s][info][gc,heap     ] GC(75) Tenured: 1128K(174784K)->1128K(174784K)
[2025-12-16T20:44:13.637+0800][1.978s][info][gc,metaspace] GC(75) Metaspace: 86K(320K)->86K(320K) NonClass: 76K(192K)->76K(192K) Class: 9K(128K)->9K(128K)
[2025-12-16T20:44:13.637+0800][1.978s][info][gc          ] GC(75) Pause Young (Allocation Failure) 69M->1M(247M) 0.036ms
[2025-12-16T20:44:13.637+0800][1.978s][info][gc,cpu      ] GC(75) User=0.00s Sys=0.00s Real=0.00s
[2025-12-16T20:44:13.663+0800][2.003s][info][gc,start    ] GC(76) Pause Young (Allocation Failure)
[2025-12-16T20:44:13.663+0800][2.003s][info][gc,heap     ] GC(76) DefNew: 69955K(78656K)->3K(78656K) Eden: 69952K(69952K)->0K(69952K) From: 3K(8704K)->3K(8704K)
[2025-12-16T20:44:13.663+0800][2.003s][info][gc,heap     ] GC(76) Tenured: 1128K(174784K)->1128K(174784K)
[2025-12-16T20:44:13.663+0800][2.003s][info][gc,metaspace] GC(76) Metaspace: 86K(320K)->86K(320K) NonClass: 76K(192K)->76K(192K) Class: 9K(128K)->9K(128K)
[2025-12-16T20:44:13.663+0800][2.003s][info][gc          ] GC(76) Pause Young (Allocation Failure) 69M->1M(247M) 0.033ms
[2025-12-16T20:44:13.663+0800][2.003s][info][gc,cpu      ] GC(76) User=0.00s Sys=0.00s Real=0.00s
[2025-12-16T20:44:13.688+0800][2.029s][info][gc,start    ] GC(77) Pause Young (Allocation Failure)
[2025-12-16T20:44:13.688+0800][2.029s][info][gc,heap     ] GC(77) DefNew: 69955K(78656K)->2K(78656K) Eden: 69952K(69952K)->0K(69952K) From: 3K(8704K)->2K(8704K)
[2025-12-16T20:44:13.688+0800][2.029s][info][gc,heap     ] GC(77) Tenured: 1128K(174784K)->1128K(174784K)
[2025-12-16T20:44:13.688+0800][2.029s][info][gc,metaspace] GC(77) Metaspace: 86K(320K)->86K(320K) NonClass: 76K(192K)->76K(192K) Class: 9K(128K)->9K(128K)
[2025-12-16T20:44:13.688+0800][2.029s][info][gc          ] GC(77) Pause Young (Allocation Failure) 69M->1M(247M) 0.029ms
[2025-12-16T20:44:13.688+0800][2.029s][info][gc,cpu      ] GC(77) User=0.00s Sys=0.00s Real=0.00s
[2025-12-16T20:44:13.713+0800][2.054s][info][gc,start    ] GC(78) Pause Young (Allocation Failure)
[2025-12-16T20:44:13.713+0800][2.054s][info][gc,heap     ] GC(78) DefNew: 69954K(78656K)->2K(78656K) Eden: 69952K(69952K)->0K(69952K) From: 2K(8704K)->2K(8704K)
[2025-12-16T20:44:13.713+0800][2.054s][info][gc,heap     ] GC(78) Tenured: 1128K(174784K)->1128K(174784K)
[2025-12-16T20:44:13.713+0800][2.054s][info][gc,metaspace] GC(78) Metaspace: 86K(320K)->86K(320K) NonClass: 76K(192K)->76K(192K) Class: 9K(128K)->9K(128K)
[2025-12-16T20:44:13.713+0800][2.054s][info][gc          ] GC(78) Pause Young (Allocation Failure) 69M->1M(247M) 0.030ms
[2025-12-16T20:44:13.713+0800][2.054s][info][gc,cpu      ] GC(78) User=0.00s Sys=0.00s Real=0.00s
[2025-12-16T20:44:13.738+0800][2.079s][info][gc,start    ] GC(79) Pause Young (Allocation Failure)
[2025-12-16T20:44:13.738+0800][2.079s][info][gc,heap     ] GC(79) DefNew: 69954K(78656K)->2K(78656K) Eden: 69952K(69952K)->0K(69952K) From: 2K(8704K)->2K(8704K)
[2025-12-16T20:44:13.738+0800][2.079s][info][gc,heap     ] GC(79) Tenured: 1128K(174784K)->1128K(174784K)
[2025-12-16T20:44:13.738+0800][2.079s][info][gc,metaspace] GC(79) Metaspace: 86K(320K)->86K(320K) NonClass: 76K(192K)->76K(192K) Class: 9K(128K)->9K(128K)
[2025-12-16T20:44:13.738+0800][2.079s][info][gc          ] GC(79) Pause Young (Allocation Failure) 69M->1M(247M) 0.042ms
[2025-12-16T20:44:13.738+0800][2.079s][info][gc,cpu      ] GC(79) User=0.00s Sys=0.00s Real=0.00s
[2025-12-16T20:44:13.763+0800][2.104s][info][gc,start    ] GC(80) Pause Young (Allocation Failure)
[2025-12-16T20:44:13.763+0800][2.104s][info][gc,heap     ] GC(80) DefNew: 69954K(78656K)->2K(78656K) Eden: 69952K(69952K)->0K(69952K) From: 2K(8704K)->2K(8704K)
[2025-12-16T20:44:13.763+0800][2.104s][info][gc,heap     ] GC(80) Tenured: 1128K(174784K)->1128K(174784K)
[2025-12-16T20:44:13.763+0800][2.104s][info][gc,metaspace] GC(80) Metaspace: 86K(320K)->86K(320K) NonClass: 76K(192K)->76K(192K) Class: 9K(128K)->9K(128K)
[2025-12-16T20:44:13.763+0800][2.104s][info][gc          ] GC(80) Pause Young (Allocation Failure) 69M->1M(247M) 0.032ms
[2025-12-16T20:44:13.763+0800][2.104s][info][gc,cpu      ] GC(80) User=0.00s Sys=0.00s Real=0.00s
[2025-12-16T20:44:13.788+0800][2.129s][info][gc,start    ] GC(81) Pause Young (Allocation Failure)
[2025-12-16T20:44:13.788+0800][2.129s][info][gc,heap     ] GC(81) DefNew: 69954K(78656K)->2K(78656K) Eden: 69952K(69952K)->0K(69952K) From: 2K(8704K)->2K(8704K)
[2025-12-16T20:44:13.788+0800][2.129s][info][gc,heap     ] GC(81) Tenured: 1128K(174784K)->1128K(174784K)
[2025-12-16T20:44:13.788+0800][2.129s][info][gc,metaspace] GC(81) Metaspace: 86K(320K)->86K(320K) NonClass: 76K(192K)->76K(192K) Class: 9K(128K)->9K(128K)
[2025-12-16T20:44:13.788+0800][2.129s][info][gc          ] GC(81) Pause Young (Allocation Failure) 69M->1M(247M) 0.044ms
[2025-12-16T20:44:13.788+0800][2.129s][info][gc,cpu      ] GC(81) User=0.00s Sys=0.00s Real=0.00s
[2025-12-16T20:44:13.813+0800][2.153s][info][gc,start    ] GC(82) Pause Young (Allocation Failure)
[2025-12-16T20:44:13.813+0800][2.153s][info][gc,heap     ] GC(82) DefNew: 69954K(78656K)->2K(78656K) Eden: 69952K(69952K)->0K(69952K) From: 2K(8704K)->2K(8704K)
[2025-12-16T20:44:13.813+0800][2.153s][info][gc,heap     ] GC(82) Tenured: 1128K(174784K)->1128K(174784K)
[2025-12-16T20:44:13.813+0800][2.153s][info][gc,metaspace] GC(82) Metaspace: 86K(320K)->86K(320K) NonClass: 76K(192K)->76K(192K) Class: 9K(128K)->9K(128K)
[2025-12-16T20:44:13.813+0800][2.153s][info][gc          ] GC(82) Pause Young (Allocation Failure) 69M->1M(247M) 0.034ms
[2025-12-16T20:44:13.813+0800][2.153s][info][gc,cpu      ] GC(82) User=0.00s Sys=0.00s Real=0.00s
[2025-12-16T20:44:13.838+0800][2.178s][info][gc,start    ] GC(83) Pause Young (Allocation Failure)
[2025-12-16T20:44:13.838+0800][2.178s][info][gc,heap     ] GC(83) DefNew: 69954K(78656K)->2K(78656K) Eden: 69952K(69952K)->0K(69952K) From: 2K(8704K)->2K(8704K)
[2025-12-16T20:44:13.838+0800][2.178s][info][gc,heap     ] GC(83) Tenured: 1128K(174784K)->1128K(174784K)
[2025-12-16T20:44:13.838+0800][2.178s][info][gc,metaspace] GC(83) Metaspace: 86K(320K)->86K(320K) NonClass: 76K(192K)->76K(192K) Class: 9K(128K)->9K(128K)
[2025-12-16T20:44:13.838+0800][2.178s][info][gc          ] GC(83) Pause Young (Allocation Failure) 69M->1M(247M) 0.032ms
[2025-12-16T20:44:13.838+0800][2.178s][info][gc,cpu      ] GC(83) User=0.00s Sys=0.00s Real=0.00s
[2025-12-16T20:44:13.862+0800][2.203s][info][gc,start    ] GC(84) Pause Young (Allocation Failure)
[2025-12-16T20:44:13.862+0800][2.203s][info][gc,heap     ] GC(84) DefNew: 69954K(78656K)->2K(78656K) Eden: 69952K(69952K)->0K(69952K) From: 2K(8704K)->2K(8704K)
[2025-12-16T20:44:13.862+0800][2.203s][info][gc,heap     ] GC(84) Tenured: 1128K(174784K)->1128K(174784K)
[2025-12-16T20:44:13.862+0800][2.203s][info][gc,metaspace] GC(84) Metaspace: 86K(320K)->86K(320K) NonClass: 76K(192K)->76K(192K) Class: 9K(128K)->9K(128K)
[2025-12-16T20:44:13.862+0800][2.203s][info][gc          ] GC(84) Pause Young (Allocation Failure) 69M->1M(247M) 0.035ms
[2025-12-16T20:44:13.862+0800][2.203s][info][gc,cpu      ] GC(84) User=0.00s Sys=0.00s Real=0.00s
[2025-12-16T20:44:13.887+0800][2.228s][info][gc,start    ] GC(85) Pause Young (Allocation Failure)
[2025-12-16T20:44:13.887+0800][2.228s][info][gc,heap     ] GC(85) DefNew: 69954K(78656K)->2K(78656K) Eden: 69952K(69952K)->0K(69952K) From: 2K(8704K)->2K(8704K)
[2025-12-16T20:44:13.887+0800][2.228s][info][gc,heap     ] GC(85) Tenured: 1128K(174784K)->1128K(174784K)
[2025-12-16T20:44:13.887+0800][2.228s][info][gc,metaspace] GC(85) Metaspace: 86K(320K)->86K(320K) NonClass: 76K(192K)->76K(192K) Class: 9K(128K)->9K(128K)
[2025-12-16T20:44:13.887+0800][2.228s][info][gc          ] GC(85) Pause Young (Allocation Failure) 69M->1M(247M) 0.031ms
[2025-12-16T20:44:13.887+0800][2.228s][info][gc,cpu      ] GC(85) User=0.00s Sys=0.00s Real=0.00s
[2025-12-16T20:44:13.912+0800][2.253s][info][gc,start    ] GC(86) Pause Young (Allocation Failure)
[2025-12-16T20:44:13.912+0800][2.253s][info][gc,heap     ] GC(86) DefNew: 69954K(78656K)->2K(78656K) Eden: 69952K(69952K)->0K(69952K) From: 2K(8704K)->2K(8704K)
[2025-12-16T20:44:13.912+0800][2.253s][info][gc,heap     ] GC(86) Tenured: 1128K(174784K)->1128K(174784K)
[2025-12-16T20:44:13.912+0800][2.253s][info][gc,metaspace] GC(86) Metaspace: 86K(320K)->86K(320K) NonClass: 76K(192K)->76K(192K) Class: 9K(128K)->9K(128K)
[2025-12-16T20:44:13.912+0800][2.253s][info][gc          ] GC(86) Pause Young (Allocation Failure) 69M->1M(247M) 0.039ms
[2025-12-16T20:44:13.912+0800][2.253s][info][gc,cpu      ] GC(86) User=0.00s Sys=0.00s Real=0.00s
[2025-12-16T20:44:13.937+0800][2.277s][info][gc,start    ] GC(87) Pause Young (Allocation Failure)
[2025-12-16T20:44:13.937+0800][2.277s][info][gc,heap     ] GC(87) DefNew: 69954K(78656K)->1K(78656K) Eden: 69952K(69952K)->0K(69952K) From: 2K(8704K)->1K(8704K)
[2025-12-16T20:44:13.937+0800][2.277s][info][gc,heap     ] GC(87) Tenured: 1128K(174784K)->1128K(174784K)
[2025-12-16T20:44:13.937+0800][2.277s][info][gc,metaspace] GC(87) Metaspace: 86K(320K)->86K(320K) NonClass: 76K(192K)->76K(192K) Class: 9K(128K)->9K(128K)
[2025-12-16T20:44:13.937+0800][2.277s][info][gc          ] GC(87) Pause Young (Allocation Failure) 69M->1M(247M) 0.032ms
[2025-12-16T20:44:13.937+0800][2.277s][info][gc,cpu      ] GC(87) User=0.00s Sys=0.00s Real=0.00s
[2025-12-16T20:44:13.962+0800][2.302s][info][gc,start    ] GC(88) Pause Young (Allocation Failure)
[2025-12-16T20:44:13.962+0800][2.302s][info][gc,heap     ] GC(88) DefNew: 69953K(78656K)->3K(78656K) Eden: 69952K(69952K)->0K(69952K) From: 1K(8704K)->3K(8704K)
[2025-12-16T20:44:13.962+0800][2.302s][info][gc,heap     ] GC(88) Tenured: 1128K(174784K)->1128K(174784K)
[2025-12-16T20:44:13.962+0800][2.302s][info][gc,metaspace] GC(88) Metaspace: 86K(320K)->86K(320K) NonClass: 76K(192K)->76K(192K) Class: 9K(128K)->9K(128K)
[2025-12-16T20:44:13.962+0800][2.302s][info][gc          ] GC(88) Pause Young (Allocation Failure) 69M->1M(247M) 0.032ms
[2025-12-16T20:44:13.962+0800][2.302s][info][gc,cpu      ] GC(88) User=0.00s Sys=0.00s Real=0.00s
[2025-12-16T20:44:13.987+0800][2.328s][info][gc,start    ] GC(89) Pause Young (Allocation Failure)
[2025-12-16T20:44:13.987+0800][2.328s][info][gc,heap     ] GC(89) DefNew: 69955K(78656K)->2K(78656K) Eden: 69952K(69952K)->0K(69952K) From: 3K(8704K)->2K(8704K)
[2025-12-16T20:44:13.987+0800][2.328s][info][gc,heap     ] GC(89) Tenured: 1128K(174784K)->1128K(174784K)
[2025-12-16T20:44:13.987+0800][2.328s][info][gc,metaspace] GC(89) Metaspace: 86K(320K)->86K(320K) NonClass: 76K(192K)->76K(192K) Class: 9K(128K)->9K(128K)
[2025-12-16T20:44:13.987+0800][2.328s][info][gc          ] GC(89) Pause Young (Allocation Failure) 69M->1M(247M) 0.041ms
[2025-12-16T20:44:13.987+0800][2.328s][info][gc,cpu      ] GC(89) User=0.00s Sys=0.00s Real=0.00s
[2025-12-16T20:44:14.013+0800][2.353s][info][gc,start    ] GC(90) Pause Young (Allocation Failure)
[2025-12-16T20:44:14.013+0800][2.353s][info][gc,heap     ] GC(90) DefNew: 69954K(78656K)->2K(78656K) Eden: 69952K(69952K)->0K(69952K) From: 2K(8704K)->2K(8704K)
[2025-12-16T20:44:14.013+0800][2.353s][info][gc,heap     ] GC(90) Tenured: 1128K(174784K)->1128K(174784K)
[2025-12-16T20:44:14.013+0800][2.353s][info][gc,metaspace] GC(90) Metaspace: 86K(320K)->86K(320K) NonClass: 76K(192K)->76K(192K) Class: 9K(128K)->9K(128K)
[2025-12-16T20:44:14.013+0800][2.353s][info][gc          ] GC(90) Pause Young (Allocation Failure) 69M->1M(247M) 0.029ms
[2025-12-16T20:44:14.013+0800][2.353s][info][gc,cpu      ] GC(90) User=0.00s Sys=0.00s Real=0.00s
[2025-12-16T20:44:14.039+0800][2.379s][info][gc,start    ] GC(91) Pause Young (Allocation Failure)
[2025-12-16T20:44:14.039+0800][2.379s][info][gc,heap     ] GC(91) DefNew: 69954K(78656K)->2K(78656K) Eden: 69952K(69952K)->0K(69952K) From: 2K(8704K)->2K(8704K)
[2025-12-16T20:44:14.039+0800][2.379s][info][gc,heap     ] GC(91) Tenured: 1128K(174784K)->1128K(174784K)
[2025-12-16T20:44:14.039+0800][2.379s][info][gc,metaspace] GC(91) Metaspace: 86K(320K)->86K(320K) NonClass: 76K(192K)->76K(192K) Class: 9K(128K)->9K(128K)
[2025-12-16T20:44:14.039+0800][2.379s][info][gc          ] GC(91) Pause Young (Allocation Failure) 69M->1M(247M) 0.059ms
[2025-12-16T20:44:14.039+0800][2.379s][info][gc,cpu      ] GC(91) User=0.00s Sys=0.00s Real=0.00s
[2025-12-16T20:44:14.065+0800][2.405s][info][gc,start    ] GC(92) Pause Young (Allocation Failure)
[2025-12-16T20:44:14.065+0800][2.405s][info][gc,heap     ] GC(92) DefNew: 69954K(78656K)->2K(78656K) Eden: 69952K(69952K)->0K(69952K) From: 2K(8704K)->2K(8704K)
[2025-12-16T20:44:14.065+0800][2.405s][info][gc,heap     ] GC(92) Tenured: 1128K(174784K)->1128K(174784K)
[2025-12-16T20:44:14.065+0800][2.405s][info][gc,metaspace] GC(92) Metaspace: 86K(320K)->86K(320K) NonClass: 76K(192K)->76K(192K) Class: 9K(128K)->9K(128K)
[2025-12-16T20:44:14.065+0800][2.405s][info][gc          ] GC(92) Pause Young (Allocation Failure) 69M->1M(247M) 0.083ms
[2025-12-16T20:44:14.065+0800][2.405s][info][gc,cpu      ] GC(92) User=0.00s Sys=0.00s Real=0.00s
[2025-12-16T20:44:14.090+0800][2.431s][info][gc,start    ] GC(93) Pause Young (Allocation Failure)
[2025-12-16T20:44:14.090+0800][2.431s][info][gc,heap     ] GC(93) DefNew: 69954K(78656K)->2K(78656K) Eden: 69952K(69952K)->0K(69952K) From: 2K(8704K)->2K(8704K)
[2025-12-16T20:44:14.090+0800][2.431s][info][gc,heap     ] GC(93) Tenured: 1128K(174784K)->1128K(174784K)
[2025-12-16T20:44:14.090+0800][2.431s][info][gc,metaspace] GC(93) Metaspace: 86K(320K)->86K(320K) NonClass: 76K(192K)->76K(192K) Class: 9K(128K)->9K(128K)
[2025-12-16T20:44:14.090+0800][2.431s][info][gc          ] GC(93) Pause Young (Allocation Failure) 69M->1M(247M) 0.040ms
[2025-12-16T20:44:14.090+0800][2.431s][info][gc,cpu      ] GC(93) User=0.00s Sys=0.00s Real=0.00s
[2025-12-16T20:44:14.116+0800][2.457s][info][gc,start    ] GC(94) Pause Young (Allocation Failure)
[2025-12-16T20:44:14.116+0800][2.457s][info][gc,heap     ] GC(94) DefNew: 69954K(78656K)->2K(78656K) Eden: 69952K(69952K)->0K(69952K) From: 2K(8704K)->2K(8704K)
[2025-12-16T20:44:14.116+0800][2.457s][info][gc,heap     ] GC(94) Tenured: 1128K(174784K)->1128K(174784K)
[2025-12-16T20:44:14.116+0800][2.457s][info][gc,metaspace] GC(94) Metaspace: 86K(320K)->86K(320K) NonClass: 76K(192K)->76K(192K) Class: 9K(128K)->9K(128K)
[2025-12-16T20:44:14.116+0800][2.457s][info][gc          ] GC(94) Pause Young (Allocation Failure) 69M->1M(247M) 0.033ms
[2025-12-16T20:44:14.116+0800][2.457s][info][gc,cpu      ] GC(94) User=0.00s Sys=0.00s Real=0.00s
[2025-12-16T20:44:14.142+0800][2.483s][info][gc,start    ] GC(95) Pause Young (Allocation Failure)
[2025-12-16T20:44:14.142+0800][2.483s][info][gc,heap     ] GC(95) DefNew: 69954K(78656K)->2K(78656K) Eden: 69952K(69952K)->0K(69952K) From: 2K(8704K)->2K(8704K)
[2025-12-16T20:44:14.142+0800][2.483s][info][gc,heap     ] GC(95) Tenured: 1128K(174784K)->1128K(174784K)
[2025-12-16T20:44:14.142+0800][2.483s][info][gc,metaspace] GC(95) Metaspace: 86K(320K)->86K(320K) NonClass: 76K(192K)->76K(192K) Class: 9K(128K)->9K(128K)
[2025-12-16T20:44:14.142+0800][2.483s][info][gc          ] GC(95) Pause Young (Allocation Failure) 69M->1M(247M) 0.034ms
[2025-12-16T20:44:14.142+0800][2.483s][info][gc,cpu      ] GC(95) User=0.00s Sys=0.00s Real=0.00s
[2025-12-16T20:44:14.168+0800][2.508s][info][gc,start    ] GC(96) Pause Young (Allocation Failure)
[2025-12-16T20:44:14.168+0800][2.508s][info][gc,heap     ] GC(96) DefNew: 69954K(78656K)->2K(78656K) Eden: 69952K(69952K)->0K(69952K) From: 2K(8704K)->2K(8704K)
[2025-12-16T20:44:14.168+0800][2.508s][info][gc,heap     ] GC(96) Tenured: 1128K(174784K)->1128K(174784K)
[2025-12-16T20:44:14.168+0800][2.508s][info][gc,metaspace] GC(96) Metaspace: 86K(320K)->86K(320K) NonClass: 76K(192K)->76K(192K) Class: 9K(128K)->9K(128K)
[2025-12-16T20:44:14.168+0800][2.508s][info][gc          ] GC(96) Pause Young (Allocation Failure) 69M->1M(247M) 0.030ms
[2025-12-16T20:44:14.168+0800][2.508s][info][gc,cpu      ] GC(96) User=0.00s Sys=0.00s Real=0.00s
[2025-12-16T20:44:14.193+0800][2.533s][info][gc,start    ] GC(97) Pause Young (Allocation Failure)
[2025-12-16T20:44:14.193+0800][2.533s][info][gc,heap     ] GC(97) DefNew: 69954K(78656K)->2K(78656K) Eden: 69952K(69952K)->0K(69952K) From: 2K(8704K)->2K(8704K)
[2025-12-16T20:44:14.193+0800][2.533s][info][gc,heap     ] GC(97) Tenured: 1128K(174784K)->1128K(174784K)
[2025-12-16T20:44:14.193+0800][2.533s][info][gc,metaspace] GC(97) Metaspace: 86K(320K)->86K(320K) NonClass: 76K(192K)->76K(192K) Class: 9K(128K)->9K(128K)
[2025-12-16T20:44:14.193+0800][2.533s][info][gc          ] GC(97) Pause Young (Allocation Failure) 69M->1M(247M) 0.043ms
[2025-12-16T20:44:14.193+0800][2.533s][info][gc,cpu      ] GC(97) User=0.00s Sys=0.00s Real=0.00s
[2025-12-16T20:44:14.218+0800][2.558s][info][gc,start    ] GC(98) Pause Young (Allocation Failure)
[2025-12-16T20:44:14.218+0800][2.558s][info][gc,heap     ] GC(98) DefNew: 69954K(78656K)->2K(78656K) Eden: 69952K(69952K)->0K(69952K) From: 2K(8704K)->2K(8704K)
[2025-12-16T20:44:14.218+0800][2.558s][info][gc,heap     ] GC(98) Tenured: 1128K(174784K)->1128K(174784K)
[2025-12-16T20:44:14.218+0800][2.558s][info][gc,metaspace] GC(98) Metaspace: 86K(320K)->86K(320K) NonClass: 76K(192K)->76K(192K) Class: 9K(128K)->9K(128K)
[2025-12-16T20:44:14.218+0800][2.558s][info][gc          ] GC(98) Pause Young (Allocation Failure) 69M->1M(247M) 0.063ms
[2025-12-16T20:44:14.218+0800][2.559s][info][gc,cpu      ] GC(98) User=0.00s Sys=0.00s Real=0.00s
[2025-12-16T20:44:14.235+0800][2.576s][info][gc,heap,exit] Heap
[2025-12-16T20:44:14.235+0800][2.576s][info][gc,heap,exit]  def new generation   total 78656K, used 48934K [0x00000004d5000000, 0x00000004da550000, 0x000000052a550000)
[2025-12-16T20:44:14.235+0800][2.576s][info][gc,heap,exit]   eden space 69952K,  69% used [0x00000004d5000000, 0x00000004d7fc9120, 0x00000004d9450000)
[2025-12-16T20:44:14.235+0800][2.576s][info][gc,heap,exit]   from space 8704K,   0% used [0x00000004d9cd0000, 0x00000004d9cd0900, 0x00000004da550000)
[2025-12-16T20:44:14.235+0800][2.576s][info][gc,heap,exit]   to   space 8704K,   0% used [0x00000004d9450000, 0x00000004d9450000, 0x00000004d9cd0000)
[2025-12-16T20:44:14.235+0800][2.576s][info][gc,heap,exit]  tenured generation   total 174784K, used 1128K [0x000000052a550000, 0x0000000535000000, 0x00000005d5000000)
[2025-12-16T20:44:14.235+0800][2.576s][info][gc,heap,exit]    the space 174784K,   0% used [0x000000052a550000, 0x000000052a66a268, 0x000000052a66a400, 0x0000000535000000)
[2025-12-16T20:44:14.235+0800][2.576s][info][gc,heap,exit]  Metaspace       used 87K, committed 320K, reserved 1114112K
[2025-12-16T20:44:14.235+0800][2.576s][info][gc,heap,exit]   class space    used 10K, committed 128K, reserved 1048576K
